
nikita-k(nikita-k) used a rusty_scalpel 8-15-2020, 11:30:23 AM
nikita-k(nikita-k) used a scissor_blade 8-15-2020, 11:31:27 AM
nikita-k(nikita-k) used a modern_sub_machine_gun_carbine 8-15-2020, 11:32:52 AM
nikita-k(nikita-k) used a ags30 8-15-2020, 11:33:04 AM
nikita-k(nikita-k) used a stp21_handgun 8-15-2020, 11:34:06 AM
nikita-k(nikita-k) used a gp30 8-15-2020, 11:35:05 AM
nikita-k(nikita-k) used a broken_rifle 8-15-2020, 11:35:46 AM
nikita-k(nikita-k) used a sticky_bomb 8-15-2020, 11:37:08 AM
nikita-k(nikita-k) used a spiked_bat 8-15-2020, 3:21:25 PM
nikita-k(nikita-k) used a stp106_long_barreled_pistol 8-15-2020, 3:21:29 PM
nikita-k(nikita-k) used a nunchaku 8-15-2020, 3:21:45 PM
nikita-k(nikita-k) used a garden_spade 8-15-2020, 3:21:50 PM
nikita-k(nikita-k) used a hand_grenade 8-15-2020, 3:23:36 PM
nikita-k(nikita-k) used a throwing_star 8-15-2020, 3:23:36 PM
nikita-k(nikita-k) used a hand_grenade 8-15-2020, 3:23:36 PM
nikita-k(nikita-k) used a throwing_star 8-15-2020, 3:23:36 PM
nikita-k(nikita-k) used a throwing_star 8-15-2020, 3:23:37 PM
nikita-k(nikita-k) used a throwing_star 8-15-2020, 3:23:37 PM
nikita-k(nikita-k) used a hand_grenade 8-15-2020, 3:23:37 PM
nikita-k(nikita-k) used a throwing_star 8-15-2020, 3:23:37 PM
nikita-k(nikita-k) used a hand_grenade 8-15-2020, 3:23:37 PM
nikita-k(nikita-k) used a throwing_star 8-15-2020, 3:23:37 PM
nikita-k(nikita-k) used a hand_grenade 8-15-2020, 3:23:37 PM
nikita-k(nikita-k) used a throwing_star 8-15-2020, 3:23:37 PM
nikita-k(nikita-k) used a throwing_star 8-15-2020, 3:23:37 PM
nikita-k(nikita-k) used a hand_grenade 8-15-2020, 3:23:37 PM
nikita-k(nikita-k) used a hand_grenade 8-15-2020, 3:23:38 PM
nikita-k(nikita-k) used a throwing_star 8-15-2020, 3:23:41 PM
nikita-k(nikita-k) used a hand_grenade 8-15-2020, 3:23:41 PM
nikita-k(nikita-k) used a throwing_star 8-15-2020, 3:23:42 PM
nikita-k(nikita-k) used a hand_grenade 8-15-2020, 3:23:42 PM
nikita-k(nikita-k) used a throwing_star 8-15-2020, 3:23:42 PM
nikita-k(nikita-k) used a hand_grenade 8-15-2020, 3:23:42 PM
nikita-k(nikita-k) used a throwing_star 8-15-2020, 3:23:42 PM
nikita-k(nikita-k) used a hand_grenade 8-15-2020, 3:23:42 PM
nikita-k(nikita-k) used a throwing_star 8-15-2020, 3:23:42 PM
nikita-k(nikita-k) used a hand_grenade 8-15-2020, 3:23:42 PM
nikita-k(nikita-k) used a throwing_star 8-15-2020, 3:23:42 PM
nikita-k(nikita-k) used a hand_grenade 8-15-2020, 3:23:42 PM
nikita-k(nikita-k) used a throwing_star 8-15-2020, 3:23:42 PM
nikita-k(nikita-k) used a hand_grenade 8-15-2020, 3:23:42 PM
nikita-k(nikita-k) used a throwing_star 8-15-2020, 3:23:42 PM
nikita-k(nikita-k) used a hand_grenade 8-15-2020, 3:23:42 PM
nikita-k(nikita-k) used a throwing_star 8-15-2020, 3:23:42 PM
nikita-k(nikita-k) used a throwing_star 8-15-2020, 3:23:46 PM
nikita-k(nikita-k) used a hand_grenade 8-15-2020, 3:23:46 PM
nikita-k(nikita-k) used a throwing_star 8-15-2020, 3:23:46 PM
nikita-k(nikita-k) used a throwing_star 8-15-2020, 3:23:46 PM
nikita-k(nikita-k) used a hand_grenade 8-15-2020, 3:23:46 PM
nikita-k(nikita-k) used a throwing_star 8-15-2020, 3:23:46 PM
nikita-k(nikita-k) used a hand_grenade 8-15-2020, 3:23:46 PM
nikita-k(nikita-k) used a throwing_star 8-15-2020, 3:23:46 PM
nikita-k(nikita-k) used a hand_grenade 8-15-2020, 3:23:46 PM
nikita-k(nikita-k) used a throwing_star 8-15-2020, 3:23:46 PM
nikita-k(nikita-k) used a hand_grenade 8-15-2020, 3:23:46 PM
nikita-k(nikita-k) used a throwing_star 8-15-2020, 3:23:46 PM
nikita-k(nikita-k) used a tk_ultra_health_potion 8-15-2020, 3:23:53 PM
nikita-k(nikita-k) used a tk_ultra_health_potion 8-15-2020, 3:23:54 PM
nikita-k(nikita-k) used a throwing_star 8-15-2020, 3:23:54 PM
nikita-k(nikita-k) used a hand_grenade 8-15-2020, 3:23:54 PM
nikita-k(nikita-k) used a throwing_star 8-15-2020, 3:23:54 PM
nikita-k(nikita-k) used a hand_grenade 8-15-2020, 3:23:55 PM
nikita-k(nikita-k) used a throwing_star 8-15-2020, 3:23:55 PM
nikita-k(nikita-k) used a throwing_star 8-15-2020, 3:23:55 PM
nikita-k(nikita-k) used a hand_grenade 8-15-2020, 3:23:55 PM
nikita-k(nikita-k) used a throwing_star 8-15-2020, 3:23:55 PM
nikita-k(nikita-k) used a hand_grenade 8-15-2020, 3:23:56 PM
nikita-k(nikita-k) used a throwing_star 8-15-2020, 3:23:56 PM
nikita-k(nikita-k) used a hand_grenade 8-15-2020, 3:23:56 PM
nikita-k(nikita-k) used a throwing_star 8-15-2020, 3:23:56 PM
nikita-k(nikita-k) used a hand_grenade 8-15-2020, 3:23:56 PM
nikita-k(nikita-k) used a throwing_star 8-15-2020, 3:23:56 PM
nikita-k(nikita-k) used a hand_grenade 8-15-2020, 3:23:56 PM
nikita-k(nikita-k) used a throwing_star 8-15-2020, 3:23:56 PM
nikita-k(nikita-k) used a hand_grenade 8-15-2020, 3:23:58 PM
nikita-k(nikita-k) used a throwing_star 8-15-2020, 3:23:58 PM
nikita-k(nikita-k) used a throwing_star 8-15-2020, 3:23:58 PM
nikita-k(nikita-k) used a hand_grenade 8-15-2020, 3:23:58 PM
nikita-k(nikita-k) used a hand_grenade 8-15-2020, 3:24:01 PM
nikita-k(nikita-k) used a throwing_star 8-15-2020, 3:24:01 PM
nikita-k(nikita-k) used a hand_grenade 8-15-2020, 3:24:02 PM
nikita-k(nikita-k) used a throwing_star 8-15-2020, 3:24:02 PM
nikita-k(nikita-k) used a hand_grenade 8-15-2020, 3:24:02 PM
nikita-k(nikita-k) used a throwing_star 8-15-2020, 3:24:02 PM
nikita-k(nikita-k) used a hand_grenade 8-15-2020, 3:24:02 PM
nikita-k(nikita-k) used a throwing_star 8-15-2020, 3:24:02 PM
nikita-k(nikita-k) used a shield 8-15-2020, 3:24:03 PM
nikita-k(nikita-k) used a health_drink 8-15-2020, 3:24:04 PM
nikita-k(nikita-k) used a health_drink 8-15-2020, 3:24:08 PM
nikita-k(nikita-k) used a health_drink 8-15-2020, 3:24:08 PM
nikita-k(nikita-k) used a hand_grenade 8-15-2020, 3:24:16 PM
nikita-k(nikita-k) used a throwing_star 8-15-2020, 3:24:16 PM
nikita-k(nikita-k) used a throwing_star 8-15-2020, 3:24:16 PM
nikita-k(nikita-k) used a hand_grenade 8-15-2020, 3:24:16 PM
nikita-k(nikita-k) used a throwing_star 8-15-2020, 3:24:16 PM
nikita-k(nikita-k) used a hand_grenade 8-15-2020, 3:24:16 PM
nikita-k(nikita-k) used a hand_grenade 8-15-2020, 3:24:16 PM
nikita-k(nikita-k) used a throwing_star 8-15-2020, 3:24:16 PM
nikita-k(nikita-k) used a hand_grenade 8-15-2020, 3:24:17 PM
nikita-k(nikita-k) used a throwing_star 8-15-2020, 3:24:17 PM
nikita-k(nikita-k) used a hand_grenade 8-15-2020, 3:24:17 PM
nikita-k(nikita-k) used a throwing_star 8-15-2020, 3:24:17 PM
nikita-k(nikita-k) used a hand_grenade 8-15-2020, 3:24:17 PM
nikita-k(nikita-k) used a throwing_star 8-15-2020, 3:24:17 PM
nikita-k(nikita-k) used a hand_grenade 8-15-2020, 3:24:17 PM
nikita-k(nikita-k) used a throwing_star 8-15-2020, 3:24:17 PM
nikita-k(nikita-k) used a throwing_star 8-15-2020, 3:24:17 PM
nikita-k(nikita-k) used a hand_grenade 8-15-2020, 3:24:17 PM
nikita-k(nikita-k) used a hand_grenade 8-15-2020, 3:24:17 PM
nikita-k(nikita-k) used a throwing_star 8-15-2020, 3:24:17 PM
nikita-k(nikita-k) used a hand_grenade 8-15-2020, 3:24:17 PM
nikita-k(nikita-k) used a throwing_star 8-15-2020, 3:24:17 PM
nikita-k(nikita-k) used a hand_grenade 8-15-2020, 3:24:23 PM
nikita-k(nikita-k) used a throwing_star 8-15-2020, 3:24:23 PM
nikita-k(nikita-k) used a hand_grenade 8-15-2020, 3:24:23 PM
nikita-k(nikita-k) used a throwing_star 8-15-2020, 3:24:23 PM
nikita-k(nikita-k) used a hand_grenade 8-15-2020, 3:24:23 PM
nikita-k(nikita-k) used a throwing_star 8-15-2020, 3:24:23 PM
nikita-k(nikita-k) used a hand_grenade 8-15-2020, 3:24:23 PM
nikita-k(nikita-k) used a throwing_star 8-15-2020, 3:24:23 PM
nikita-k(nikita-k) used a throwing_star 8-15-2020, 3:24:23 PM
nikita-k(nikita-k) used a hand_grenade 8-15-2020, 3:24:23 PM
nikita-k(nikita-k) used a hand_grenade 8-15-2020, 3:24:24 PM
nikita-k(nikita-k) used a throwing_star 8-15-2020, 3:24:24 PM
nikita-k(nikita-k) used a throwing_star 8-15-2020, 3:24:28 PM
nikita-k(nikita-k) used a hand_grenade 8-15-2020, 3:24:28 PM
nikita-k(nikita-k) used a hand_grenade 8-15-2020, 3:24:29 PM
nikita-k(nikita-k) used a throwing_star 8-15-2020, 3:24:29 PM
nikita-k(nikita-k) used a hand_grenade 8-15-2020, 3:24:29 PM
nikita-k(nikita-k) used a throwing_star 8-15-2020, 3:24:29 PM
nikita-k(nikita-k) used a throwing_star 8-15-2020, 3:24:30 PM
nikita-k(nikita-k) used a hand_grenade 8-15-2020, 3:24:30 PM
nikita-k(nikita-k) used a throwing_star 8-15-2020, 3:24:30 PM
nikita-k(nikita-k) used a hand_grenade 8-15-2020, 3:24:30 PM
nikita-k(nikita-k) used a throwing_star 8-15-2020, 3:24:30 PM
nikita-k(nikita-k) used a hand_grenade 8-15-2020, 3:24:30 PM
nikita-k(nikita-k) used a throwing_star 8-15-2020, 3:24:30 PM
nikita-k(nikita-k) used a throwing_star 8-15-2020, 3:24:30 PM
nikita-k(nikita-k) used a hand_grenade 8-15-2020, 3:24:34 PM
nikita-k(nikita-k) used a throwing_star 8-15-2020, 3:24:34 PM
nikita-k(nikita-k) used a hand_grenade 8-15-2020, 3:24:34 PM
nikita-k(nikita-k) used a throwing_star 8-15-2020, 3:24:34 PM
nikita-k(nikita-k) used a hand_grenade 8-15-2020, 3:24:35 PM
nikita-k(nikita-k) used a throwing_star 8-15-2020, 3:24:35 PM
nikita-k(nikita-k) used a hand_grenade 8-15-2020, 3:24:35 PM
nikita-k(nikita-k) used a throwing_star 8-15-2020, 3:24:35 PM
nikita-k(nikita-k) used a hand_grenade 8-15-2020, 3:24:37 PM
nikita-k(nikita-k) used a throwing_star 8-15-2020, 3:24:37 PM
nikita-k(nikita-k) used a throwing_star 8-15-2020, 3:24:38 PM
nikita-k(nikita-k) used a hand_grenade 8-15-2020, 3:24:38 PM
nikita-k(nikita-k) used a throwing_star 8-15-2020, 3:24:38 PM
nikita-k(nikita-k) used a hand_grenade 8-15-2020, 3:24:38 PM
nikita-k(nikita-k) used a throwing_star 8-15-2020, 3:24:38 PM
nikita-k(nikita-k) used a hand_grenade 8-15-2020, 3:24:43 PM
nikita-k(nikita-k) used a throwing_star 8-15-2020, 3:24:43 PM
nikita-k(nikita-k) used a hand_grenade 8-15-2020, 3:24:45 PM
nikita-k(nikita-k) used a throwing_star 8-15-2020, 3:24:45 PM
nikita-k(nikita-k) used a throwing_star 8-15-2020, 3:24:45 PM
nikita-k(nikita-k) used a hand_grenade 8-15-2020, 3:24:45 PM
nikita-k(nikita-k) used a throwing_star 8-15-2020, 3:24:46 PM
nikita-k(nikita-k) used a hand_grenade 8-15-2020, 3:24:46 PM
nikita-k(nikita-k) used a hand_grenade 8-15-2020, 3:24:46 PM
nikita-k(nikita-k) used a throwing_star 8-15-2020, 3:24:46 PM
nikita-k(nikita-k) used a throwing_star 8-15-2020, 3:24:48 PM
nikita-k(nikita-k) used a hand_grenade 8-15-2020, 3:24:48 PM
nikita-k(nikita-k) used a hand_grenade 8-15-2020, 3:24:49 PM
nikita-k(nikita-k) used a throwing_star 8-15-2020, 3:24:49 PM
nikita-k(nikita-k) used a hand_grenade 8-15-2020, 3:24:50 PM
nikita-k(nikita-k) used a throwing_star 8-15-2020, 3:24:50 PM
nikita-k(nikita-k) used a hand_grenade 8-15-2020, 3:24:50 PM
nikita-k(nikita-k) used a throwing_star 8-15-2020, 3:24:50 PM
nikita-k(nikita-k) used a throwing_star 8-15-2020, 3:24:53 PM
nikita-k(nikita-k) used a hand_grenade 8-15-2020, 3:24:53 PM
nikita-k(nikita-k) used a hand_grenade 8-15-2020, 3:24:53 PM
nikita-k(nikita-k) used a throwing_star 8-15-2020, 3:24:53 PM
nikita-k(nikita-k) used a hand_grenade 8-15-2020, 3:24:53 PM
nikita-k(nikita-k) used a throwing_star 8-15-2020, 3:24:53 PM
nikita-k(nikita-k) used a throwing_star 8-15-2020, 3:24:53 PM
nikita-k(nikita-k) used a hand_grenade 8-15-2020, 3:24:53 PM
nikita-k(nikita-k) used a throwing_star 8-15-2020, 3:24:53 PM
nikita-k(nikita-k) used a hand_grenade 8-15-2020, 3:24:54 PM
nikita-k(nikita-k) used a throwing_star 8-15-2020, 3:24:54 PM
nikita-k(nikita-k) used a hand_grenade 8-15-2020, 3:24:54 PM
nikita-k(nikita-k) used a hand_grenade 8-15-2020, 3:24:55 PM
nikita-k(nikita-k) used a throwing_star 8-15-2020, 3:24:55 PM
nikita-k(nikita-k) used a hand_grenade 8-15-2020, 3:24:55 PM
nikita-k(nikita-k) used a throwing_star 8-15-2020, 3:24:55 PM
nikita-k(nikita-k) used a throwing_star 8-15-2020, 3:24:58 PM
nikita-k(nikita-k) used a hand_grenade 8-15-2020, 3:24:58 PM
nikita-k(nikita-k) used a hand_grenade 8-15-2020, 3:24:58 PM
nikita-k(nikita-k) used a throwing_star 8-15-2020, 3:24:58 PM
nikita-k(nikita-k) used a hand_grenade 8-15-2020, 3:24:58 PM
nikita-k(nikita-k) used a throwing_star 8-15-2020, 3:24:58 PM
nikita-k(nikita-k) used a hand_grenade 8-15-2020, 3:24:58 PM
nikita-k(nikita-k) used a throwing_star 8-15-2020, 3:24:58 PM
nikita-k(nikita-k) used a throwing_star 8-15-2020, 3:24:58 PM
nikita-k(nikita-k) used a hand_grenade 8-15-2020, 3:25:03 PM
nikita-k(nikita-k) used a throwing_star 8-15-2020, 3:25:03 PM
nikita-k(nikita-k) used a hand_grenade 8-15-2020, 3:25:03 PM
nikita-k(nikita-k) used a throwing_star 8-15-2020, 3:25:03 PM
nikita-k(nikita-k) used a hand_grenade 8-15-2020, 3:25:03 PM
nikita-k(nikita-k) used a throwing_star 8-15-2020, 3:25:03 PM
nikita-k(nikita-k) used a hand_grenade 8-15-2020, 3:25:04 PM
nikita-k(nikita-k) used a throwing_star 8-15-2020, 3:25:04 PM
nikita-k(nikita-k) used a hand_grenade 8-15-2020, 3:25:04 PM
nikita-k(nikita-k) used a throwing_star 8-15-2020, 3:25:04 PM
nikita-k(nikita-k) used a hand_grenade 8-15-2020, 3:25:04 PM
nikita-k(nikita-k) used a throwing_star 8-15-2020, 3:25:04 PM
nikita-k(nikita-k) used a hand_grenade 8-15-2020, 3:25:04 PM
nikita-k(nikita-k) used a throwing_star 8-15-2020, 3:25:04 PM
nikita-k(nikita-k) used a hand_grenade 8-15-2020, 3:25:04 PM
nikita-k(nikita-k) used a throwing_star 8-15-2020, 3:25:05 PM
nikita-k(nikita-k) used a hand_grenade 8-15-2020, 3:25:05 PM
nikita-k(nikita-k) used a throwing_star 8-15-2020, 3:25:05 PM
nikita-k(nikita-k) used a hand_grenade 8-15-2020, 3:25:05 PM
nikita-k(nikita-k) used a throwing_star 8-15-2020, 3:25:05 PM
nikita-k(nikita-k) used a hand_grenade 8-15-2020, 3:25:05 PM
nikita-k(nikita-k) used a throwing_star 8-15-2020, 3:25:05 PM
nikita-k(nikita-k) used a hand_grenade 8-15-2020, 3:25:05 PM
nikita-k(nikita-k) used a throwing_star 8-15-2020, 3:25:05 PM
nikita-k(nikita-k) used a hand_grenade 8-15-2020, 3:25:05 PM
nikita-k(nikita-k) used a throwing_star 8-15-2020, 3:25:05 PM
nikita-k(nikita-k) used a hand_grenade 8-15-2020, 3:25:05 PM
nikita-k(nikita-k) used a throwing_star 8-15-2020, 3:25:05 PM
nikita-k(nikita-k) used a hand_grenade 8-15-2020, 3:25:05 PM
nikita-k(nikita-k) used a throwing_star 8-15-2020, 3:25:05 PM
nikita-k(nikita-k) used a hand_grenade 8-15-2020, 3:25:06 PM
nikita-k(nikita-k) used a throwing_star 8-15-2020, 3:25:06 PM
nikita-k(nikita-k) used a hand_grenade 8-15-2020, 3:25:06 PM
nikita-k(nikita-k) used a throwing_star 8-15-2020, 3:25:06 PM
nikita-k(nikita-k) used a hand_grenade 8-15-2020, 3:25:06 PM
nikita-k(nikita-k) used a throwing_star 8-15-2020, 3:25:06 PM
nikita-k(nikita-k) used a hand_grenade 8-15-2020, 3:25:06 PM
nikita-k(nikita-k) used a throwing_star 8-15-2020, 3:25:06 PM
nikita-k(nikita-k) used a hand_grenade 8-15-2020, 3:25:07 PM
nikita-k(nikita-k) used a throwing_star 8-15-2020, 3:25:07 PM
nikita-k(nikita-k) used a hand_grenade 8-15-2020, 3:25:07 PM
nikita-k(nikita-k) used a throwing_star 8-15-2020, 3:25:07 PM
nikita-k(nikita-k) used a hand_grenade 8-15-2020, 3:25:14 PM
nikita-k(nikita-k) used a throwing_star 8-15-2020, 3:25:14 PM
nikita-k(nikita-k) used a hand_grenade 8-15-2020, 3:25:14 PM
nikita-k(nikita-k) used a throwing_star 8-15-2020, 3:25:14 PM
nikita-k(nikita-k) used a hand_grenade 8-15-2020, 3:25:14 PM
nikita-k(nikita-k) used a throwing_star 8-15-2020, 3:25:14 PM
nikita-k(nikita-k) used a hand_grenade 8-15-2020, 3:25:14 PM
nikita-k(nikita-k) used a throwing_star 8-15-2020, 3:25:14 PM
nikita-k(nikita-k) used a hand_grenade 8-15-2020, 3:25:19 PM
nikita-k(nikita-k) used a throwing_star 8-15-2020, 3:25:19 PM
nikita-k(nikita-k) used a hand_grenade 8-15-2020, 3:25:19 PM
nikita-k(nikita-k) used a throwing_star 8-15-2020, 3:25:19 PM
nikita-k(nikita-k) used a hand_grenade 8-15-2020, 3:25:19 PM
nikita-k(nikita-k) used a hand_grenade 8-15-2020, 3:25:19 PM
nikita-k(nikita-k) used a throwing_star 8-15-2020, 3:25:19 PM
nikita-k(nikita-k) used a hand_grenade 8-15-2020, 3:25:20 PM
nikita-k(nikita-k) used a throwing_star 8-15-2020, 3:25:20 PM
nikita-k(nikita-k) used a hand_grenade 8-15-2020, 3:25:20 PM
nikita-k(nikita-k) used a throwing_star 8-15-2020, 3:25:20 PM
nikita-k(nikita-k) used a hand_grenade 8-15-2020, 3:25:20 PM
nikita-k(nikita-k) used a throwing_star 8-15-2020, 3:25:20 PM
nikita-k(nikita-k) used a hand_grenade 8-15-2020, 3:25:20 PM
nikita-k(nikita-k) used a throwing_star 8-15-2020, 3:25:20 PM
nikita-k(nikita-k) used a throwing_star 8-15-2020, 3:25:20 PM
nikita-k(nikita-k) used a hand_grenade 8-15-2020, 3:25:23 PM
nikita-k(nikita-k) used a throwing_star 8-15-2020, 3:25:23 PM
nikita-k(nikita-k) used a hand_grenade 8-15-2020, 3:25:23 PM
nikita-k(nikita-k) used a throwing_star 8-15-2020, 3:25:23 PM
nikita-k(nikita-k) used a hand_grenade 8-15-2020, 3:25:23 PM
nikita-k(nikita-k) used a throwing_star 8-15-2020, 3:25:23 PM
nikita-k(nikita-k) used a throwing_star 8-15-2020, 3:25:24 PM
nikita-k(nikita-k) used a hand_grenade 8-15-2020, 3:25:24 PM
nikita-k(nikita-k) used a hand_grenade 8-15-2020, 3:25:24 PM
nikita-k(nikita-k) used a throwing_star 8-15-2020, 3:25:24 PM
nikita-k(nikita-k) used a throwing_star 8-15-2020, 3:25:24 PM
nikita-k(nikita-k) used a hand_grenade 8-15-2020, 3:25:24 PM
nikita-k(nikita-k) used a hand_grenade 8-15-2020, 3:25:24 PM
nikita-k(nikita-k) used a throwing_star 8-15-2020, 3:25:24 PM
nikita-k(nikita-k) used a throwing_star 8-15-2020, 3:25:25 PM
nikita-k(nikita-k) used a throwing_star 8-15-2020, 3:25:25 PM
nikita-k(nikita-k) used a hand_grenade 8-15-2020, 3:25:25 PM
nikita-k(nikita-k) used a hand_grenade 8-15-2020, 3:25:25 PM
nikita-k(nikita-k) used a throwing_star 8-15-2020, 3:25:25 PM
nikita-k(nikita-k) used a hand_grenade 8-15-2020, 3:25:25 PM
nikita-k(nikita-k) used a throwing_star 8-15-2020, 3:25:25 PM
nikita-k(nikita-k) used a hand_grenade 8-15-2020, 3:25:25 PM
nikita-k(nikita-k) used a throwing_star 8-15-2020, 3:25:25 PM
nikita-k(nikita-k) used a hand_grenade 8-15-2020, 3:25:26 PM
nikita-k(nikita-k) used a throwing_star 8-15-2020, 3:25:26 PM
nikita-k(nikita-k) used a hand_grenade 8-15-2020, 3:25:26 PM
nikita-k(nikita-k) used a throwing_star 8-15-2020, 3:25:26 PM
nikita-k(nikita-k) used a hand_grenade 8-15-2020, 3:25:26 PM
nikita-k(nikita-k) used a throwing_star 8-15-2020, 3:25:26 PM
nikita-k(nikita-k) used a hand_grenade 8-15-2020, 3:25:26 PM
nikita-k(nikita-k) used a throwing_star 8-15-2020, 3:25:30 PM
nikita-k(nikita-k) used a hand_grenade 8-15-2020, 3:25:30 PM
nikita-k(nikita-k) used a throwing_star 8-15-2020, 3:25:32 PM
nikita-k(nikita-k) used a hand_grenade 8-15-2020, 3:25:32 PM
nikita-k(nikita-k) used a hand_grenade 8-15-2020, 3:25:32 PM
nikita-k(nikita-k) used a throwing_star 8-15-2020, 3:25:32 PM
nikita-k(nikita-k) used a hand_grenade 8-15-2020, 3:25:32 PM
nikita-k(nikita-k) used a throwing_star 8-15-2020, 3:25:32 PM
nikita-k(nikita-k) used a hand_grenade 8-15-2020, 3:25:32 PM
nikita-k(nikita-k) used a throwing_star 8-15-2020, 3:25:32 PM
nikita-k(nikita-k) used a hand_grenade 8-15-2020, 3:25:33 PM
nikita-k(nikita-k) used a throwing_star 8-15-2020, 3:25:33 PM
nikita-k(nikita-k) used a hand_grenade 8-15-2020, 3:25:33 PM
nikita-k(nikita-k) used a throwing_star 8-15-2020, 3:25:33 PM
nikita-k(nikita-k) used a hand_grenade 8-15-2020, 3:25:34 PM
nikita-k(nikita-k) used a throwing_star 8-15-2020, 3:25:34 PM
nikita-k(nikita-k) used a hand_grenade 8-15-2020, 3:25:34 PM
nikita-k(nikita-k) used a throwing_star 8-15-2020, 3:25:34 PM
nikita-k(nikita-k) used a hand_grenade 8-15-2020, 3:25:34 PM
nikita-k(nikita-k) used a throwing_star 8-15-2020, 3:25:34 PM
nikita-k(nikita-k) used a hand_grenade 8-15-2020, 3:25:34 PM
nikita-k(nikita-k) used a throwing_star 8-15-2020, 3:25:34 PM
nikita-k(nikita-k) used a hand_grenade 8-15-2020, 3:25:34 PM
nikita-k(nikita-k) used a throwing_star 8-15-2020, 3:25:34 PM
nikita-k(nikita-k) used a hand_grenade 8-15-2020, 3:25:34 PM
nikita-k(nikita-k) used a throwing_star 8-15-2020, 3:25:34 PM
nikita-k(nikita-k) used a hand_grenade 8-15-2020, 3:25:35 PM
nikita-k(nikita-k) used a throwing_star 8-15-2020, 3:25:35 PM
nikita-k(nikita-k) used a hand_grenade 8-15-2020, 3:25:35 PM
nikita-k(nikita-k) used a throwing_star 8-15-2020, 3:25:35 PM
nikita-k(nikita-k) used a hand_grenade 8-15-2020, 3:25:35 PM
nikita-k(nikita-k) used a throwing_star 8-15-2020, 3:25:35 PM
nikita-k(nikita-k) used a hand_grenade 8-15-2020, 3:25:35 PM
nikita-k(nikita-k) used a throwing_star 8-15-2020, 3:25:35 PM
nikita-k(nikita-k) used a hand_grenade 8-15-2020, 3:25:35 PM
nikita-k(nikita-k) used a throwing_star 8-15-2020, 3:25:35 PM
nikita-k(nikita-k) used a hand_grenade 8-15-2020, 3:25:35 PM
nikita-k(nikita-k) used a throwing_star 8-15-2020, 3:25:35 PM
nikita-k(nikita-k) used a hand_grenade 8-15-2020, 3:25:35 PM
nikita-k(nikita-k) used a throwing_star 8-15-2020, 3:25:36 PM
nikita-k(nikita-k) used a throwing_star 8-15-2020, 3:25:36 PM
nikita-k(nikita-k) used a hand_grenade 8-15-2020, 3:25:36 PM
nikita-k(nikita-k) used a hand_grenade 8-15-2020, 3:25:36 PM
nikita-k(nikita-k) used a throwing_star 8-15-2020, 3:25:36 PM
nikita-k(nikita-k) used a hand_grenade 8-15-2020, 3:25:36 PM
nikita-k(nikita-k) used a throwing_star 8-15-2020, 3:25:36 PM
nikita-k(nikita-k) used a hand_grenade 8-15-2020, 3:25:36 PM
nikita-k(nikita-k) used a throwing_star 8-15-2020, 3:25:36 PM
nikita-k(nikita-k) used a hand_grenade 8-15-2020, 3:25:36 PM
nikita-k(nikita-k) used a throwing_star 8-15-2020, 3:25:36 PM
nikita-k(nikita-k) used a throwing_star 8-15-2020, 3:25:36 PM
nikita-k(nikita-k) used a hand_grenade 8-15-2020, 3:25:36 PM
nikita-k(nikita-k) used a hand_grenade 8-15-2020, 3:25:36 PM
nikita-k(nikita-k) used a throwing_star 8-15-2020, 3:25:36 PM
nikita-k(nikita-k) used a hand_grenade 8-15-2020, 3:25:37 PM
nikita-k(nikita-k) used a throwing_star 8-15-2020, 3:25:37 PM
nikita-k(nikita-k) used a hand_grenade 8-15-2020, 3:25:37 PM
nikita-k(nikita-k) used a throwing_star 8-15-2020, 3:25:37 PM
nikita-k(nikita-k) used a hand_grenade 8-15-2020, 3:25:37 PM
nikita-k(nikita-k) used a throwing_star 8-15-2020, 3:25:37 PM
nikita-k(nikita-k) used a hand_grenade 8-15-2020, 3:25:37 PM
nikita-k(nikita-k) used a throwing_star 8-15-2020, 3:25:37 PM
nikita-k(nikita-k) used a hand_grenade 8-15-2020, 3:25:37 PM
nikita-k(nikita-k) used a throwing_star 8-15-2020, 3:25:37 PM
nikita-k(nikita-k) used a hand_grenade 8-15-2020, 3:25:37 PM
nikita-k(nikita-k) used a throwing_star 8-15-2020, 3:25:37 PM
nikita-k(nikita-k) used a hand_grenade 8-15-2020, 3:25:38 PM
nikita-k(nikita-k) used a throwing_star 8-15-2020, 3:25:38 PM
nikita-k(nikita-k) used a hand_grenade 8-15-2020, 3:25:38 PM
nikita-k(nikita-k) used a throwing_star 8-15-2020, 3:25:38 PM
nikita-k(nikita-k) used a throwing_star 8-15-2020, 3:25:38 PM
nikita-k(nikita-k) used a hand_grenade 8-15-2020, 3:25:38 PM
nikita-k(nikita-k) used a throwing_star 8-15-2020, 3:25:38 PM
nikita-k(nikita-k) used a hand_grenade 8-15-2020, 3:25:38 PM
nikita-k(nikita-k) used a throwing_star 8-15-2020, 3:25:38 PM
nikita-k(nikita-k) used a hand_grenade 8-15-2020, 3:25:39 PM
nikita-k(nikita-k) used a throwing_star 8-15-2020, 3:25:39 PM
nikita-k(nikita-k) used a throwing_star 8-15-2020, 3:25:39 PM
nikita-k(nikita-k) used a hand_grenade 8-15-2020, 3:25:39 PM
nikita-k(nikita-k) used a throwing_star 8-15-2020, 3:25:39 PM
nikita-k(nikita-k) used a hand_grenade 8-15-2020, 3:25:39 PM
nikita-k(nikita-k) used a throwing_star 8-15-2020, 3:25:39 PM
nikita-k(nikita-k) used a throwing_star 8-15-2020, 3:25:41 PM
nikita-k(nikita-k) used a hand_grenade 8-15-2020, 3:25:41 PM
nikita-k(nikita-k) used a throwing_star 8-15-2020, 3:25:41 PM
nikita-k(nikita-k) used a throwing_star 8-15-2020, 3:25:41 PM
nikita-k(nikita-k) used a hand_grenade 8-15-2020, 3:25:44 PM
nikita-k(nikita-k) used a throwing_star 8-15-2020, 3:25:44 PM
nikita-k(nikita-k) used a hand_grenade 8-15-2020, 3:25:45 PM
nikita-k(nikita-k) used a throwing_star 8-15-2020, 3:25:45 PM
nikita-k(nikita-k) used a throwing_star 8-15-2020, 3:25:48 PM
nikita-k(nikita-k) used a hand_grenade 8-15-2020, 3:25:48 PM
nikita-k(nikita-k) used a throwing_star 8-15-2020, 3:25:48 PM
nikita-k(nikita-k) used a hand_grenade 8-15-2020, 3:25:48 PM
nikita-k(nikita-k) used a throwing_star 8-15-2020, 3:25:48 PM
nikita-k(nikita-k) used a hand_grenade 8-15-2020, 3:25:48 PM
nikita-k(nikita-k) used a throwing_star 8-15-2020, 3:25:48 PM
nikita-k(nikita-k) used a hand_grenade 8-15-2020, 3:25:48 PM
nikita-k(nikita-k) used a throwing_star 8-15-2020, 3:25:48 PM
nikita-k(nikita-k) used a hand_grenade 8-15-2020, 3:25:49 PM
nikita-k(nikita-k) used a throwing_star 8-15-2020, 3:25:49 PM
nikita-k(nikita-k) used a hand_grenade 8-15-2020, 3:25:49 PM
nikita-k(nikita-k) used a throwing_star 8-15-2020, 3:25:49 PM
nikita-k(nikita-k) used a hand_grenade 8-15-2020, 3:25:49 PM
nikita-k(nikita-k) used a throwing_star 8-15-2020, 3:25:49 PM
nikita-k(nikita-k) used a hand_grenade 8-15-2020, 3:25:49 PM
nikita-k(nikita-k) used a throwing_star 8-15-2020, 3:25:49 PM
nikita-k(nikita-k) used a hand_grenade 8-15-2020, 3:25:49 PM
nikita-k(nikita-k) used a throwing_star 8-15-2020, 3:25:49 PM
nikita-k(nikita-k) used a hand_grenade 8-15-2020, 3:25:53 PM
nikita-k(nikita-k) used a throwing_star 8-15-2020, 3:25:53 PM
nikita-k(nikita-k) used a hand_grenade 8-15-2020, 3:25:53 PM
nikita-k(nikita-k) used a throwing_star 8-15-2020, 3:25:53 PM
nikita-k(nikita-k) used a hand_grenade 8-15-2020, 3:25:56 PM
nikita-k(nikita-k) used a throwing_star 8-15-2020, 3:25:56 PM
nikita-k(nikita-k) used a throwing_star 8-15-2020, 3:25:56 PM
nikita-k(nikita-k) used a hand_grenade 8-15-2020, 3:25:56 PM
nikita-k(nikita-k) used a hand_grenade 8-15-2020, 3:26:02 PM
nikita-k(nikita-k) used a throwing_star 8-15-2020, 3:26:02 PM
nikita-k(nikita-k) used a throwing_star 8-15-2020, 3:26:03 PM
nikita-k(nikita-k) used a hand_grenade 8-15-2020, 3:26:03 PM
nikita-k(nikita-k) used a hand_grenade 8-15-2020, 3:26:04 PM
nikita-k(nikita-k) used a throwing_star 8-15-2020, 3:26:04 PM
nikita-k(nikita-k) used a throwing_star 8-15-2020, 3:26:07 PM
nikita-k(nikita-k) used a hand_grenade 8-15-2020, 3:26:07 PM
nikita-k(nikita-k) used a hand_grenade 8-15-2020, 3:26:08 PM
nikita-k(nikita-k) used a throwing_star 8-15-2020, 3:26:08 PM
nikita-k(nikita-k) used a hand_grenade 8-15-2020, 3:26:08 PM
nikita-k(nikita-k) used a throwing_star 8-15-2020, 3:26:08 PM
nikita-k(nikita-k) used a hand_grenade 8-15-2020, 3:26:08 PM
nikita-k(nikita-k) used a throwing_star 8-15-2020, 3:26:08 PM
nikita-k(nikita-k) used a hand_grenade 8-15-2020, 3:26:08 PM
nikita-k(nikita-k) used a throwing_star 8-15-2020, 3:26:08 PM
nikita-k(nikita-k) used a hand_grenade 8-15-2020, 3:26:08 PM
nikita-k(nikita-k) used a throwing_star 8-15-2020, 3:26:08 PM
nikita-k(nikita-k) used a hand_grenade 8-15-2020, 3:26:08 PM
nikita-k(nikita-k) used a throwing_star 8-15-2020, 3:26:08 PM
nikita-k(nikita-k) used a hand_grenade 8-15-2020, 3:26:09 PM
nikita-k(nikita-k) used a throwing_star 8-15-2020, 3:26:09 PM
nikita-k(nikita-k) used a hand_grenade 8-15-2020, 3:26:09 PM
nikita-k(nikita-k) used a throwing_star 8-15-2020, 3:26:09 PM
nikita-k(nikita-k) used a hand_grenade 8-15-2020, 3:26:09 PM
nikita-k(nikita-k) used a throwing_star 8-15-2020, 3:26:09 PM
nikita-k(nikita-k) used a hand_grenade 8-15-2020, 3:26:09 PM
nikita-k(nikita-k) used a throwing_star 8-15-2020, 3:26:09 PM
nikita-k(nikita-k) used a hand_grenade 8-15-2020, 3:26:09 PM
nikita-k(nikita-k) used a throwing_star 8-15-2020, 3:26:09 PM
nikita-k(nikita-k) used a hand_grenade 8-15-2020, 3:26:10 PM
nikita-k(nikita-k) used a throwing_star 8-15-2020, 3:26:10 PM
nikita-k(nikita-k) used a hand_grenade 8-15-2020, 3:26:10 PM
nikita-k(nikita-k) used a throwing_star 8-15-2020, 3:26:10 PM
nikita-k(nikita-k) used a hand_grenade 8-15-2020, 3:26:10 PM
nikita-k(nikita-k) used a hand_grenade 8-15-2020, 3:26:11 PM
nikita-k(nikita-k) used a throwing_star 8-15-2020, 3:26:11 PM
nikita-k(nikita-k) used a hand_grenade 8-15-2020, 3:26:11 PM
nikita-k(nikita-k) used a throwing_star 8-15-2020, 3:26:11 PM
nikita-k(nikita-k) used a throwing_star 8-15-2020, 3:26:11 PM
nikita-k(nikita-k) used a hand_grenade 8-15-2020, 3:26:11 PM
nikita-k(nikita-k) used a throwing_star 8-15-2020, 3:26:11 PM
nikita-k(nikita-k) used a throwing_star 8-15-2020, 3:26:12 PM
nikita-k(nikita-k) used a throwing_star 8-15-2020, 3:26:14 PM
nikita-k(nikita-k) used a hand_grenade 8-15-2020, 3:26:14 PM
nikita-k(nikita-k) used a hand_grenade 8-15-2020, 3:26:15 PM
nikita-k(nikita-k) used a throwing_star 8-15-2020, 3:26:15 PM
nikita-k(nikita-k) used a hand_grenade 8-15-2020, 3:26:18 PM
nikita-k(nikita-k) used a throwing_star 8-15-2020, 3:26:18 PM
nikita-k(nikita-k) used a hand_grenade 8-15-2020, 3:26:19 PM
nikita-k(nikita-k) used a throwing_star 8-15-2020, 3:26:19 PM
nikita-k(nikita-k) used a hand_grenade 8-15-2020, 3:26:20 PM
nikita-k(nikita-k) used a throwing_star 8-15-2020, 3:26:20 PM
nikita-k(nikita-k) used a hand_grenade 8-15-2020, 3:26:22 PM
nikita-k(nikita-k) used a throwing_star 8-15-2020, 3:26:22 PM
nikita-k(nikita-k) used a hand_grenade 8-15-2020, 3:26:23 PM
nikita-k(nikita-k) used a throwing_star 8-15-2020, 3:26:23 PM
nikita-k(nikita-k) used a throwing_star 8-15-2020, 3:26:23 PM
nikita-k(nikita-k) used a hand_grenade 8-15-2020, 3:26:23 PM
nikita-k(nikita-k) used a throwing_star 8-15-2020, 3:26:23 PM
nikita-k(nikita-k) used a hand_grenade 8-15-2020, 3:26:23 PM
nikita-k(nikita-k) used a hand_grenade 8-15-2020, 3:26:23 PM
nikita-k(nikita-k) used a throwing_star 8-15-2020, 3:26:23 PM
nikita-k(nikita-k) used a hand_grenade 8-15-2020, 3:26:23 PM
nikita-k(nikita-k) used a throwing_star 8-15-2020, 3:26:23 PM
nikita-k(nikita-k) used a hand_grenade 8-15-2020, 3:26:24 PM
nikita-k(nikita-k) used a throwing_star 8-15-2020, 3:26:24 PM
nikita-k(nikita-k) used a hand_grenade 8-15-2020, 3:26:30 PM
nikita-k(nikita-k) used a throwing_star 8-15-2020, 3:26:30 PM
nikita-k(nikita-k) used a hand_grenade 8-15-2020, 3:26:31 PM
nikita-k(nikita-k) used a throwing_star 8-15-2020, 3:26:31 PM
nikita-k(nikita-k) used a hand_grenade 8-15-2020, 3:26:38 PM
nikita-k(nikita-k) used a throwing_star 8-15-2020, 3:26:38 PM
nikita-k(nikita-k) used a throwing_star 8-15-2020, 3:26:44 PM
nikita-k(nikita-k) used a hand_grenade 8-15-2020, 3:26:44 PM
nikita-k(nikita-k) used a throwing_star 8-15-2020, 3:26:49 PM
nikita-k(nikita-k) used a hand_grenade 8-15-2020, 3:26:50 PM
nikita-k(nikita-k) used a throwing_star 8-15-2020, 3:26:50 PM
nikita-k(nikita-k) used a hand_grenade 8-15-2020, 3:26:50 PM
nikita-k(nikita-k) used a throwing_star 8-15-2020, 3:26:50 PM
nikita-k(nikita-k) used a hand_grenade 8-15-2020, 3:26:50 PM
nikita-k(nikita-k) used a throwing_star 8-15-2020, 3:26:50 PM
nikita-k(nikita-k) used a hand_grenade 8-15-2020, 3:26:50 PM
nikita-k(nikita-k) used a throwing_star 8-15-2020, 3:26:50 PM
nikita-k(nikita-k) used a hand_grenade 8-15-2020, 3:26:50 PM
nikita-k(nikita-k) used a throwing_star 8-15-2020, 3:26:50 PM
nikita-k(nikita-k) used a hand_grenade 8-15-2020, 3:26:50 PM
nikita-k(nikita-k) used a throwing_star 8-15-2020, 3:26:50 PM
nikita-k(nikita-k) used a hand_grenade 8-15-2020, 3:26:51 PM
nikita-k(nikita-k) used a throwing_star 8-15-2020, 3:26:51 PM
nikita-k(nikita-k) used a hand_grenade 8-15-2020, 3:26:51 PM
nikita-k(nikita-k) used a throwing_star 8-15-2020, 3:26:51 PM
nikita-k(nikita-k) used a hand_grenade 8-15-2020, 3:26:51 PM
nikita-k(nikita-k) used a throwing_star 8-15-2020, 3:26:51 PM
nikita-k(nikita-k) used a hand_grenade 8-15-2020, 3:26:51 PM
nikita-k(nikita-k) used a throwing_star 8-15-2020, 3:26:51 PM
nikita-k(nikita-k) used a hand_grenade 8-15-2020, 3:26:52 PM
nikita-k(nikita-k) used a throwing_star 8-15-2020, 3:26:52 PM
nikita-k(nikita-k) used a hand_grenade 8-15-2020, 3:26:52 PM
nikita-k(nikita-k) used a hand_grenade 8-15-2020, 3:26:52 PM
nikita-k(nikita-k) used a throwing_star 8-15-2020, 3:26:52 PM
nikita-k(nikita-k) used a hand_grenade 8-15-2020, 3:26:52 PM
nikita-k(nikita-k) used a throwing_star 8-15-2020, 3:26:52 PM
nikita-k(nikita-k) used a hand_grenade 8-15-2020, 3:26:52 PM
nikita-k(nikita-k) used a throwing_star 8-15-2020, 3:26:52 PM
nikita-k(nikita-k) used a hand_grenade 8-15-2020, 3:26:52 PM
nikita-k(nikita-k) used a throwing_star 8-15-2020, 3:26:52 PM
nikita-k(nikita-k) used a hand_grenade 8-15-2020, 3:26:52 PM
nikita-k(nikita-k) used a throwing_star 8-15-2020, 3:26:52 PM
nikita-k(nikita-k) used a hand_grenade 8-15-2020, 3:26:52 PM
nikita-k(nikita-k) used a throwing_star 8-15-2020, 3:26:52 PM
nikita-k(nikita-k) used a throwing_star 8-15-2020, 3:26:53 PM
nikita-k(nikita-k) used a hand_grenade 8-15-2020, 3:26:53 PM
nikita-k(nikita-k) used a open_beer_bottle 8-15-2020, 3:29:59 PM
nikita-k(nikita-k) used a open_beer_bottle 8-15-2020, 3:29:59 PM
nikita-k(nikita-k) used a open_beer_bottle 8-15-2020, 3:29:59 PM
nikita-k(nikita-k) used a open_beer_bottle 8-15-2020, 3:30:00 PM
nikita-k(nikita-k) used a open_beer_bottle 8-15-2020, 3:30:00 PM
nikita-k(nikita-k) used a open_beer_bottle 8-15-2020, 3:30:01 PM
nikita-k(nikita-k) used a open_beer_bottle 8-15-2020, 3:30:01 PM
nikita-k(nikita-k) used a open_beer_bottle 8-15-2020, 3:30:02 PM
nikita-k(nikita-k) used a open_beer_bottle 8-15-2020, 3:30:02 PM
nikita-k(nikita-k) used a open_beer_bottle 8-15-2020, 3:30:02 PM
nikita-k(nikita-k) used a open_beer_bottle 8-15-2020, 3:30:08 PM
nikita-k(nikita-k) used a open_beer_bottle 8-15-2020, 3:30:08 PM
nikita-k(nikita-k) used a open_beer_bottle 8-15-2020, 3:30:08 PM
nikita-k(nikita-k) used a open_beer_bottle 8-15-2020, 3:30:09 PM
nikita-k(nikita-k) used a open_beer_bottle 8-15-2020, 3:30:09 PM
nikita-k(nikita-k) used a open_beer_bottle 8-15-2020, 3:30:09 PM
nikita-k(nikita-k) used a open_beer_bottle 8-15-2020, 3:30:10 PM
nikita-k(nikita-k) used a open_beer_bottle 8-15-2020, 3:30:10 PM
nikita-k(nikita-k) used a open_beer_bottle 8-15-2020, 3:30:10 PM
nikita-k(nikita-k) used a open_beer_bottle 8-15-2020, 3:30:11 PM
nikita-k(nikita-k) used a open_beer_bottle 8-15-2020, 3:30:11 PM
nikita-k(nikita-k) used a open_beer_bottle 8-15-2020, 3:30:11 PM
nikita-k(nikita-k) used a open_beer_bottle 8-15-2020, 3:30:11 PM
nikita-k(nikita-k) used a open_beer_bottle 8-15-2020, 3:30:12 PM
nikita-k(nikita-k) used a open_beer_bottle 8-15-2020, 3:30:12 PM
nikita-k(nikita-k) used a open_beer_bottle 8-15-2020, 3:30:13 PM
nikita-k(nikita-k) used a open_beer_bottle 8-15-2020, 3:30:13 PM
nikita-k(nikita-k) used a open_beer_bottle 8-15-2020, 3:30:13 PM
nikita-k(nikita-k) used a open_beer_bottle 8-15-2020, 3:30:14 PM
nikita-k(nikita-k) used a open_beer_bottle 8-15-2020, 3:30:14 PM
nikita-k(nikita-k) used a open_beer_bottle 8-15-2020, 3:30:14 PM
nikita-k(nikita-k) used a open_beer_bottle 8-15-2020, 3:30:15 PM
nikita-k(nikita-k) used a open_beer_bottle 8-15-2020, 3:30:15 PM
nikita-k(nikita-k) used a open_beer_bottle 8-15-2020, 3:30:16 PM
nikita-k(nikita-k) used a open_beer_bottle 8-15-2020, 3:30:16 PM
nikita-k(nikita-k) used a open_beer_bottle 8-15-2020, 3:30:16 PM
nikita-k(nikita-k) used a open_beer_bottle 8-15-2020, 3:30:17 PM
nikita-k(nikita-k) used a open_beer_bottle 8-15-2020, 3:30:17 PM
nikita-k(nikita-k) used a open_beer_bottle 8-15-2020, 3:30:18 PM
nikita-k(nikita-k) used a open_beer_bottle 8-15-2020, 3:32:22 PM
nikita-k(nikita-k) used a open_beer_bottle 8-15-2020, 3:32:22 PM
nikita-k(nikita-k) used a open_beer_bottle 8-15-2020, 3:32:23 PM
nikita-k(nikita-k) used a open_beer_bottle 8-15-2020, 3:32:23 PM
nikita-k(nikita-k) used a open_beer_bottle 8-15-2020, 3:32:23 PM
nikita-k(nikita-k) used a open_beer_bottle 8-15-2020, 3:32:23 PM
nikita-k(nikita-k) used a open_beer_bottle 8-15-2020, 3:32:24 PM
nikita-k(nikita-k) used a open_beer_bottle 8-15-2020, 3:32:24 PM
nikita-k(nikita-k) used a open_beer_bottle 8-15-2020, 3:32:24 PM
nikita-k(nikita-k) used a open_beer_bottle 8-15-2020, 3:32:24 PM
nikita-k(nikita-k) used a open_beer_bottle 8-15-2020, 3:32:25 PM
nikita-k(nikita-k) used a open_beer_bottle 8-15-2020, 3:32:25 PM
nikita-k(nikita-k) used a open_beer_bottle 8-15-2020, 3:32:25 PM
nikita-k(nikita-k) used a open_beer_bottle 8-15-2020, 3:32:26 PM
nikita-k(nikita-k) used a open_beer_bottle 8-15-2020, 3:32:26 PM
nikita-k(nikita-k) used a open_beer_bottle 8-15-2020, 3:32:26 PM
nikita-k(nikita-k) used a open_beer_bottle 8-15-2020, 3:32:26 PM
nikita-k(nikita-k) used a open_beer_bottle 8-15-2020, 3:32:27 PM
nikita-k(nikita-k) used a open_beer_bottle 8-15-2020, 3:32:28 PM
nikita-k(nikita-k) used a open_beer_bottle 8-15-2020, 3:32:29 PM
nikita-k(nikita-k) used a open_beer_bottle 8-15-2020, 3:32:29 PM
nikita-k(nikita-k) used a open_beer_bottle 8-15-2020, 3:32:29 PM
nikita-k(nikita-k) used a open_beer_bottle 8-15-2020, 3:32:30 PM
nikita-k(nikita-k) used a open_beer_bottle 8-15-2020, 3:32:30 PM
nikita-k(nikita-k) used a open_beer_bottle 8-15-2020, 3:32:30 PM
nikita-k(nikita-k) used a open_beer_bottle 8-15-2020, 3:32:30 PM
nikita-k(nikita-k) used a open_beer_bottle 8-15-2020, 3:32:31 PM
nikita-k(nikita-k) used a open_beer_bottle 8-15-2020, 3:32:31 PM
nikita-k(nikita-k) used a open_beer_bottle 8-15-2020, 3:32:31 PM
nikita-k(nikita-k) used a open_beer_bottle 8-15-2020, 3:32:32 PM
nikita-k(nikita-k) used a open_beer_bottle 8-15-2020, 3:32:32 PM
nikita-k(nikita-k) used a open_beer_bottle 8-15-2020, 3:32:32 PM
nikita-k(nikita-k) used a open_beer_bottle 8-15-2020, 3:32:33 PM
nikita-k(nikita-k) used a open_beer_bottle 8-15-2020, 3:32:33 PM
nikita-k(nikita-k) used a open_beer_bottle 8-15-2020, 3:32:34 PM
nikita-k(nikita-k) used a open_beer_bottle 8-15-2020, 3:32:34 PM
nikita-k(nikita-k) used a open_beer_bottle 8-15-2020, 3:32:35 PM
nikita-k(nikita-k) used a open_beer_bottle 8-15-2020, 3:32:36 PM
nikita-k(nikita-k) used a open_beer_bottle 8-15-2020, 3:32:36 PM
nikita-k(nikita-k) used a open_beer_bottle 8-15-2020, 3:32:36 PM
nikita-k(nikita-k) used a open_beer_bottle 8-15-2020, 3:32:37 PM
nikita-k(nikita-k) used a open_beer_bottle 8-15-2020, 3:32:41 PM
nikita-k(nikita-k) used a open_beer_bottle 8-15-2020, 3:32:41 PM
nikita-k(nikita-k) used a open_beer_bottle 8-15-2020, 3:32:41 PM
nikita-k(nikita-k) used a open_beer_bottle 8-15-2020, 3:32:42 PM
nikita-k(nikita-k) used a open_beer_bottle 8-15-2020, 3:32:42 PM
nikita-k(nikita-k) used a open_beer_bottle 8-15-2020, 3:32:42 PM
nikita-k(nikita-k) used a open_beer_bottle 8-15-2020, 3:32:43 PM
nikita-k(nikita-k) used a open_beer_bottle 8-15-2020, 3:32:43 PM
nikita-k(nikita-k) used a open_beer_bottle 8-15-2020, 3:32:43 PM
nikita-k(nikita-k) used a open_beer_bottle 8-15-2020, 3:32:44 PM
nikita-k(nikita-k) used a open_beer_bottle 8-15-2020, 3:32:44 PM
nikita-k(nikita-k) used a hand_grenade 8-15-2020, 3:47:26 PM
nikita-k(nikita-k) used a throwing_star 8-15-2020, 3:47:26 PM
nikita-k(nikita-k) used a throwing_star 8-15-2020, 3:47:26 PM
nikita-k(nikita-k) used a hand_grenade 8-15-2020, 3:47:26 PM
nikita-k(nikita-k) used a throwing_star 8-15-2020, 3:47:27 PM
nikita-k(nikita-k) used a hand_grenade 8-15-2020, 3:47:27 PM
nikita-k(nikita-k) used a throwing_star 8-15-2020, 3:47:27 PM
nikita-k(nikita-k) used a throwing_star 8-15-2020, 3:47:41 PM
nikita-k(nikita-k) used a hand_grenade 8-15-2020, 3:47:42 PM
nikita-k(nikita-k) used a hand_grenade 8-15-2020, 3:47:43 PM
nikita-k(nikita-k) used a golden_war_axe 8-15-2020, 3:50:09 PM
nikita-k(nikita-k) used a tk_ultra_health_potion 8-15-2020, 3:50:52 PM
nikita-k(nikita-k) used a tk_ultra_health_potion 8-15-2020, 3:50:52 PM
nikita-k(nikita-k) used a tk_ultra_health_potion 8-15-2020, 3:50:52 PM
nikita-k(nikita-k) used a health_drink 8-15-2020, 3:51:01 PM
nikita-k(nikita-k) used a health_drink 8-15-2020, 3:51:01 PM
nikita-k(nikita-k) used a health_drink 8-15-2020, 3:51:02 PM
nikita-k(nikita-k) used a health_drink 8-15-2020, 3:51:02 PM
nikita-k(nikita-k) used a health_drink 8-15-2020, 3:51:02 PM
nikita-k(nikita-k) used a spiked_chain_mace 8-15-2020, 3:51:37 PM
nikita-k(nikita-k) used a tk_ultra_health_potion 8-15-2020, 3:51:56 PM
nikita-k(nikita-k) used a tk_ultra_health_potion 8-15-2020, 3:51:57 PM
nikita-k(nikita-k) used a tk_ultra_health_potion 8-15-2020, 3:51:57 PM
nikita-k(nikita-k) used a tk_ultra_health_potion 8-15-2020, 3:52:07 PM
nikita-k(nikita-k) used a tk_ultra_health_potion 8-15-2020, 3:52:07 PM
nikita-k(nikita-k) used a tk_ultra_health_potion 8-15-2020, 3:52:07 PM
nikita-k(nikita-k) used a tk_ultra_health_potion 8-15-2020, 3:52:18 PM
nikita-k(nikita-k) used a tk_ultra_health_potion 8-15-2020, 3:52:18 PM
nikita-k(nikita-k) used a golden_war_axe 8-15-2020, 3:52:22 PM
nikita-k(nikita-k) used a tk_ultra_health_potion 8-15-2020, 3:52:46 PM
nikita-k(nikita-k) used a tk_ultra_health_potion 8-15-2020, 3:52:46 PM
nikita-k(nikita-k) used a tk_ultra_health_potion 8-15-2020, 3:53:06 PM
nikita-k(nikita-k) used a tk_ultra_health_potion 8-15-2020, 3:53:06 PM
nikita-k(nikita-k) used a tk_ultra_health_potion 8-15-2020, 3:53:06 PM
nikita-k(nikita-k) used a tk_ultra_health_potion 8-15-2020, 3:53:06 PM
nikita-k(nikita-k) used a tk_ultra_health_potion 8-15-2020, 3:53:49 PM
nikita-k(nikita-k) used a tk_ultra_health_potion 8-15-2020, 3:53:49 PM
nikita-k(nikita-k) used a hand_grenade 8-15-2020, 3:54:37 PM
nikita-k(nikita-k) used a throwing_star 8-15-2020, 3:54:37 PM
nikita-k(nikita-k) used a throwing_star 8-15-2020, 3:54:37 PM
nikita-k(nikita-k) used a throwing_star 8-15-2020, 3:54:37 PM
nikita-k(nikita-k) used a hand_grenade 8-15-2020, 3:54:37 PM
nikita-k(nikita-k) used a hand_grenade 8-15-2020, 3:54:46 PM
nikita-k(nikita-k) used a hand_grenade 8-15-2020, 3:54:46 PM
nikita-k(nikita-k) used a hand_grenade 8-15-2020, 3:54:46 PM
nikita-k(nikita-k) used a hand_grenade 8-15-2020, 3:54:47 PM
nikita-k(nikita-k) used a hand_grenade 8-15-2020, 3:54:47 PM
nikita-k(nikita-k) used a hand_grenade 8-15-2020, 3:54:48 PM
nikita-k(nikita-k) used a hand_grenade 8-15-2020, 3:54:48 PM
nikita-k(nikita-k) used a hand_grenade 8-15-2020, 3:54:48 PM
nikita-k(nikita-k) used a hand_grenade 8-15-2020, 3:54:48 PM
nikita-k(nikita-k) used a hand_grenade 8-15-2020, 3:54:48 PM
nikita-k(nikita-k) used a hand_grenade 8-15-2020, 3:54:48 PM
nikita-k(nikita-k) used a hand_grenade 8-15-2020, 3:54:50 PM
nikita-k(nikita-k) used a hand_grenade 8-15-2020, 3:54:50 PM
nikita-k(nikita-k) used a hand_grenade 8-15-2020, 3:54:51 PM
nikita-k(nikita-k) used a hand_grenade 8-15-2020, 3:54:51 PM
nikita-k(nikita-k) used a hand_grenade 8-15-2020, 3:54:51 PM
nikita-k(nikita-k) used a hand_grenade 8-15-2020, 3:54:51 PM
nikita-k(nikita-k) used a hand_grenade 8-15-2020, 3:54:53 PM
nikita-k(nikita-k) used a hand_grenade 8-15-2020, 3:54:53 PM
nikita-k(nikita-k) used a hand_grenade 8-15-2020, 3:54:54 PM
nikita-k(nikita-k) used a hand_grenade 8-15-2020, 3:54:55 PM
nikita-k(nikita-k) used a hand_grenade 8-15-2020, 3:54:55 PM
nikita-k(nikita-k) used a machete 8-15-2020, 3:55:27 PM
nikita-k(nikita-k) used a tk_ultra_health_potion 8-15-2020, 3:57:08 PM
nikita-k(nikita-k) used a tk_ultra_health_potion 8-15-2020, 3:57:08 PM
nikita-k(nikita-k) used a hand_grenade 8-15-2020, 4:00:09 PM
nikita-k(nikita-k) used a hand_grenade 8-15-2020, 4:00:09 PM
nikita-k(nikita-k) used a hand_grenade 8-15-2020, 4:00:09 PM
nikita-k(nikita-k) used a throwing_star 8-15-2020, 4:00:19 PM
nikita-k(nikita-k) used a tk_ultra_health_potion 8-15-2020, 4:00:34 PM
nikita-k(nikita-k) used a tk_ultra_health_potion 8-15-2020, 4:00:35 PM
nikita-k(nikita-k) used a tk_ultra_health_potion 8-15-2020, 4:00:35 PM
nikita-k(nikita-k) used a health_drink 8-15-2020, 4:00:50 PM
nikita-k(nikita-k) used a health_drink 8-15-2020, 4:00:50 PM
nikita-k(nikita-k) used a health_drink 8-15-2020, 4:00:50 PM
nikita-k(nikita-k) used a tk_ultra_health_potion 8-15-2020, 4:01:00 PM
nikita-k(nikita-k) used a tk_ultra_health_potion 8-15-2020, 4:01:00 PM
nikita-k(nikita-k) used a tk_ultra_health_potion 8-15-2020, 4:01:00 PM
nikita-k(nikita-k) used a shield 8-15-2020, 4:01:02 PM
nikita-k(nikita-k) used a health_drink 8-15-2020, 4:01:02 PM
nikita-k(nikita-k) used a health_drink 8-15-2020, 4:01:03 PM
nikita-k(nikita-k) used a health_drink 8-15-2020, 4:01:03 PM
nikita-k(nikita-k) used a health_drink 8-15-2020, 4:01:03 PM
nikita-k(nikita-k) used a health_drink 8-15-2020, 4:01:03 PM
nikita-k(nikita-k) used a health_drink 8-15-2020, 4:01:03 PM
nikita-k(nikita-k) used a health_drink 8-15-2020, 4:01:05 PM
nikita-k(nikita-k) used a health_drink 8-15-2020, 4:01:05 PM
nikita-k(nikita-k) used a health_drink 8-15-2020, 4:01:06 PM
nikita-k(nikita-k) used a health_drink 8-15-2020, 4:01:06 PM
nikita-k(nikita-k) used a health_drink 8-15-2020, 4:01:06 PM
nikita-k(nikita-k) used a health_drink 8-15-2020, 4:01:06 PM
nikita-k(nikita-k) used a health_drink 8-15-2020, 4:01:07 PM
nikita-k(nikita-k) used a health_drink 8-15-2020, 4:01:08 PM
nikita-k(nikita-k) used a shield 8-15-2020, 4:01:28 PM
nikita-k(nikita-k) used a shield 8-15-2020, 4:01:28 PM
nikita-k(nikita-k) used a shield 8-15-2020, 4:01:28 PM
nikita-k(nikita-k) used a shield 8-15-2020, 4:01:29 PM
nikita-k(nikita-k) used a shield 8-15-2020, 4:01:29 PM
nikita-k(nikita-k) used a shield 8-15-2020, 4:01:29 PM
nikita-k(nikita-k) used a shield 8-15-2020, 4:01:29 PM
nikita-k(nikita-k) used a shield 8-15-2020, 4:01:29 PM
nikita-k(nikita-k) used a shield 8-15-2020, 4:01:29 PM
nikita-k(nikita-k) used a shield 8-15-2020, 4:01:29 PM
nikita-k(nikita-k) used a shield 8-15-2020, 4:01:29 PM
nikita-k(nikita-k) used a shield 8-15-2020, 4:01:29 PM
nikita-k(nikita-k) used a shield 8-15-2020, 4:01:29 PM
nikita-k(nikita-k) used a shield 8-15-2020, 4:01:30 PM
nikita-k(nikita-k) used a shield 8-15-2020, 4:01:30 PM
nikita-k(nikita-k) used a shield 8-15-2020, 4:01:30 PM
nikita-k(nikita-k) used a shield 8-15-2020, 4:01:30 PM
nikita-k(nikita-k) used a shield 8-15-2020, 4:01:30 PM
nikita-k(nikita-k) used a shield 8-15-2020, 4:01:30 PM
nikita-k(nikita-k) used a shield 8-15-2020, 4:01:30 PM
nikita-k(nikita-k) used a shield 8-15-2020, 4:01:30 PM
nikita-k(nikita-k) used a shield 8-15-2020, 4:01:30 PM
nikita-k(nikita-k) used a shield 8-15-2020, 4:01:31 PM
nikita-k(nikita-k) used a shield 8-15-2020, 4:01:31 PM
nikita-k(nikita-k) used a shield 8-15-2020, 4:01:31 PM
nikita-k(nikita-k) used a shield 8-15-2020, 4:01:31 PM
nikita-k(nikita-k) used a shield 8-15-2020, 4:01:31 PM
nikita-k(nikita-k) used a shield 8-15-2020, 4:01:31 PM
nikita-k(nikita-k) used a shield 8-15-2020, 4:01:32 PM
nikita-k(nikita-k) used a shield 8-15-2020, 4:01:32 PM
nikita-k(nikita-k) used a throwing_star 8-15-2020, 4:01:38 PM
nikita-k(nikita-k) used a hand_grenade 8-15-2020, 4:01:38 PM
nikita-k(nikita-k) used a hand_grenade 8-15-2020, 4:01:39 PM
nikita-k(nikita-k) used a throwing_star 8-15-2020, 4:01:39 PM
nikita-k(nikita-k) used a throwing_star 8-15-2020, 4:01:39 PM
nikita-k(nikita-k) used a hand_grenade 8-15-2020, 4:01:39 PM
nikita-k(nikita-k) used a hand_grenade 8-15-2020, 4:01:41 PM
nikita-k(nikita-k) used a hand_grenade 8-15-2020, 4:01:41 PM
nikita-k(nikita-k) used a hand_grenade 8-15-2020, 4:01:41 PM
nikita-k(nikita-k) used a hand_grenade 8-15-2020, 4:01:41 PM
nikita-k(nikita-k) used a hand_grenade 8-15-2020, 4:01:42 PM
nikita-k(nikita-k) used a hand_grenade 8-15-2020, 4:01:42 PM
nikita-k(nikita-k) used a machete 8-15-2020, 4:01:54 PM
nikita-k(nikita-k) used a throwing_star 8-15-2020, 4:02:08 PM
nikita-k(nikita-k) used a hand_grenade 8-15-2020, 4:02:22 PM
nikita-k(nikita-k) used a hand_grenade 8-15-2020, 4:02:22 PM
nikita-k(nikita-k) used a hand_grenade 8-15-2020, 4:02:22 PM
nikita-k(nikita-k) used a hand_grenade 8-15-2020, 4:02:22 PM
nikita-k(nikita-k) used a hand_grenade 8-15-2020, 4:02:22 PM
nikita-k(nikita-k) used a hand_grenade 8-15-2020, 4:02:24 PM
nikita-k(nikita-k) used a hand_grenade 8-15-2020, 4:02:24 PM
nikita-k(nikita-k) used a hand_grenade 8-15-2020, 4:02:24 PM
nikita-k(nikita-k) used a hand_grenade 8-15-2020, 4:02:24 PM
nikita-k(nikita-k) used a hand_grenade 8-15-2020, 4:02:24 PM
nikita-k(nikita-k) used a hand_grenade 8-15-2020, 4:02:24 PM
nikita-k(nikita-k) used a hand_grenade 8-15-2020, 4:02:24 PM
nikita-k(nikita-k) used a hand_grenade 8-15-2020, 4:02:25 PM
nikita-k(nikita-k) used a hand_grenade 8-15-2020, 4:02:25 PM
nikita-k(nikita-k) used a hand_grenade 8-15-2020, 4:02:25 PM
nikita-k(nikita-k) used a hand_grenade 8-15-2020, 4:02:25 PM
nikita-k(nikita-k) used a hand_grenade 8-15-2020, 4:02:25 PM
nikita-k(nikita-k) used a hand_grenade 8-15-2020, 4:02:25 PM
nikita-k(nikita-k) used a hand_grenade 8-15-2020, 4:02:25 PM
nikita-k(nikita-k) used a hand_grenade 8-15-2020, 4:02:26 PM
nikita-k(nikita-k) used a hand_grenade 8-15-2020, 4:02:26 PM
nikita-k(nikita-k) used a hand_grenade 8-15-2020, 4:02:26 PM
nikita-k(nikita-k) used a throwing_star 8-15-2020, 4:02:26 PM
nikita-k(nikita-k) used a hand_grenade 8-15-2020, 4:02:26 PM
nikita-k(nikita-k) used a hand_grenade 8-15-2020, 4:02:26 PM
nikita-k(nikita-k) used a throwing_star 8-15-2020, 4:02:26 PM
nikita-k(nikita-k) used a hand_grenade 8-15-2020, 4:02:27 PM
nikita-k(nikita-k) used a hand_grenade 8-15-2020, 4:02:27 PM
nikita-k(nikita-k) used a hand_grenade 8-15-2020, 4:02:27 PM
nikita-k(nikita-k) used a hand_grenade 8-15-2020, 4:02:27 PM
nikita-k(nikita-k) used a hand_grenade 8-15-2020, 4:02:27 PM
nikita-k(nikita-k) used a hand_grenade 8-15-2020, 4:02:28 PM
nikita-k(nikita-k) used a hand_grenade 8-15-2020, 4:02:30 PM
nikita-k(nikita-k) used a hand_grenade 8-15-2020, 4:02:30 PM
nikita-k(nikita-k) used a hand_grenade 8-15-2020, 4:02:30 PM
nikita-k(nikita-k) used a hand_grenade 8-15-2020, 4:02:30 PM
nikita-k(nikita-k) used a hand_grenade 8-15-2020, 4:02:30 PM
nikita-k(nikita-k) used a hand_grenade 8-15-2020, 4:02:31 PM
nikita-k(nikita-k) used a hand_grenade 8-15-2020, 4:02:31 PM
nikita-k(nikita-k) used a hand_grenade 8-15-2020, 4:02:31 PM
nikita-k(nikita-k) used a hand_grenade 8-15-2020, 4:02:32 PM
nikita-k(nikita-k) used a hand_grenade 8-15-2020, 4:02:32 PM
nikita-k(nikita-k) used a hand_grenade 8-15-2020, 4:02:33 PM
nikita-k(nikita-k) used a hand_grenade 8-15-2020, 4:02:33 PM
nikita-k(nikita-k) used a hand_grenade 8-15-2020, 4:02:33 PM
nikita-k(nikita-k) used a hand_grenade 8-15-2020, 4:02:33 PM
nikita-k(nikita-k) used a hand_grenade 8-15-2020, 4:02:33 PM
nikita-k(nikita-k) used a hand_grenade 8-15-2020, 4:02:34 PM
nikita-k(nikita-k) used a hand_grenade 8-15-2020, 4:02:34 PM
nikita-k(nikita-k) used a hand_grenade 8-15-2020, 4:02:34 PM
nikita-k(nikita-k) used a hand_grenade 8-15-2020, 4:02:34 PM
nikita-k(nikita-k) used a hand_grenade 8-15-2020, 4:02:34 PM
nikita-k(nikita-k) used a hand_grenade 8-15-2020, 4:02:34 PM
nikita-k(nikita-k) used a hand_grenade 8-15-2020, 4:02:34 PM
nikita-k(nikita-k) used a hand_grenade 8-15-2020, 4:02:35 PM
nikita-k(nikita-k) used a hand_grenade 8-15-2020, 4:02:35 PM
nikita-k(nikita-k) used a hand_grenade 8-15-2020, 4:02:35 PM
nikita-k(nikita-k) used a nuclear_bomb 8-15-2020, 8:17:44 PM