
franklin(franklin) used a tk_ultra_health_potion 1-12-2021, 10:58:14 AM
franklin(franklin) used a tk_ultra_health_potion 1-12-2021, 10:58:15 AM
franklin(franklin) used a tk_ultra_health_potion 1-12-2021, 10:58:15 AM
franklin(franklin) used a shield 1-12-2021, 10:58:29 AM
franklin(franklin) used a shield 1-12-2021, 10:58:29 AM
franklin(franklin) used a shield 1-12-2021, 10:58:30 AM
franklin(franklin) used a shield 1-12-2021, 10:58:30 AM
franklin(franklin) used a shield 1-12-2021, 10:58:30 AM
franklin(franklin) used a shield 1-12-2021, 10:58:34 AM
franklin(franklin) used a shield 1-12-2021, 10:58:34 AM
franklin(franklin) used a shield 1-12-2021, 10:58:34 AM
franklin(franklin) used a shield 1-12-2021, 10:58:34 AM
franklin(franklin) used a shield 1-12-2021, 10:58:34 AM
franklin(franklin) used a shield 1-12-2021, 10:58:34 AM
franklin(franklin) used a shield 1-12-2021, 10:58:35 AM
franklin(franklin) used a shield 1-12-2021, 10:58:35 AM
franklin(franklin) used a shield 1-12-2021, 10:58:35 AM
franklin(franklin) used a shield 1-12-2021, 10:58:35 AM
franklin(franklin) used a shield 1-12-2021, 10:58:35 AM
franklin(franklin) used a shield 1-12-2021, 10:58:35 AM
franklin(franklin) used a shield 1-12-2021, 10:58:35 AM
franklin(franklin) used a shield 1-12-2021, 10:58:36 AM
franklin(franklin) used a shield 1-12-2021, 10:58:36 AM
franklin(franklin) used a shield 1-12-2021, 10:58:36 AM
franklin(franklin) used a shield 1-12-2021, 10:58:39 AM
franklin(franklin) used a shield 1-12-2021, 10:58:39 AM
franklin(franklin) used a shield 1-12-2021, 10:58:43 AM
franklin(franklin) used a tk_ultra_health_potion 1-12-2021, 10:58:44 AM
franklin(franklin) used a tk_ultra_health_potion 1-12-2021, 10:58:45 AM
franklin(franklin) used a tk_ultra_health_potion 1-12-2021, 10:58:46 AM
franklin(franklin) used a tk_ultra_health_potion 1-12-2021, 10:58:46 AM
franklin(franklin) used a the_legendary_sword 1-12-2021, 10:59:05 AM
franklin(franklin) used a modern_sub_machine_gun_carbine 1-12-2021, 10:59:13 AM
franklin(franklin) used a rpg7 1-12-2021, 10:59:19 AM
franklin(franklin) used a rocket_launcher 1-12-2021, 10:59:24 AM
franklin(franklin) used a hand_cannon 1-12-2021, 10:59:30 AM
franklin(franklin) used a m79_grenade_launcher 1-12-2021, 10:59:51 AM
franklin(franklin) used a sky_436_mine 1-12-2021, 11:02:42 AM
franklin(franklin) used a sky_436_mine 1-12-2021, 11:02:42 AM
franklin(franklin) used a sky_436_mine 1-12-2021, 11:02:43 AM
franklin(franklin) used a sky_436_mine 1-12-2021, 11:02:43 AM
franklin(franklin) used a sky_436_mine 1-12-2021, 11:02:43 AM
franklin(franklin) used a sky_436_mine 1-12-2021, 11:02:43 AM
franklin(franklin) used a sky_436_mine 1-12-2021, 11:02:44 AM
franklin(franklin) used a sky_436_mine 1-12-2021, 11:02:44 AM
franklin(franklin) used a sky_436_mine 1-12-2021, 11:02:44 AM
franklin(franklin) used a sky_436_mine 1-12-2021, 11:02:44 AM
franklin(franklin) used a sky_436_mine 1-12-2021, 11:02:45 AM
franklin(franklin) used a sky_436_mine 1-12-2021, 11:02:45 AM
franklin(franklin) used a sky_436_mine 1-12-2021, 11:02:45 AM
franklin(franklin) used a sky_436_mine 1-12-2021, 11:02:45 AM
franklin(franklin) used a sky_436_mine 1-12-2021, 11:02:46 AM
franklin(franklin) used a sky_436_mine 1-12-2021, 11:02:46 AM
franklin(franklin) used a sky_436_mine 1-12-2021, 11:02:46 AM
franklin(franklin) used a sky_436_mine 1-12-2021, 11:02:47 AM
franklin(franklin) used a sky_436_mine 1-12-2021, 11:02:47 AM
franklin(franklin) used a sky_436_mine 1-12-2021, 11:02:47 AM
franklin(franklin) used a sky_436_mine 1-12-2021, 11:02:47 AM
franklin(franklin) used a sky_436_mine 1-12-2021, 11:02:48 AM
franklin(franklin) used a sky_436_mine 1-12-2021, 11:02:48 AM
franklin(franklin) used a sky_436_mine 1-12-2021, 11:02:49 AM
franklin(franklin) used a sky_436_mine 1-12-2021, 11:02:49 AM
franklin(franklin) used a sky_436_mine 1-12-2021, 11:02:49 AM
franklin(franklin) used a sky_436_mine 1-12-2021, 11:02:49 AM
franklin(franklin) used a sky_436_mine 1-12-2021, 11:02:49 AM
franklin(franklin) used a sky_436_mine 1-12-2021, 11:02:50 AM
franklin(franklin) used a sky_436_mine 1-12-2021, 11:02:50 AM
franklin(franklin) used a sky_436_mine 1-12-2021, 11:02:51 AM
franklin(franklin) used a sky_436_mine 1-12-2021, 11:02:51 AM
franklin(franklin) used a sky_436_mine 1-12-2021, 11:02:51 AM
franklin(franklin) used a sky_436_mine 1-12-2021, 11:02:51 AM
franklin(franklin) used a sky_436_mine 1-12-2021, 11:02:52 AM
franklin(franklin) used a sky_436_mine 1-12-2021, 11:02:52 AM
franklin(franklin) used a sky_436_mine 1-12-2021, 11:02:52 AM
franklin(franklin) used a sky_436_mine 1-12-2021, 11:02:52 AM
franklin(franklin) used a sky_436_mine 1-12-2021, 11:02:53 AM
franklin(franklin) used a sky_436_mine 1-12-2021, 11:02:53 AM
franklin(franklin) used a sky_436_mine 1-12-2021, 11:02:53 AM
franklin(franklin) used a sky_436_mine 1-12-2021, 11:02:54 AM
franklin(franklin) used a sky_436_mine 1-12-2021, 11:02:54 AM
franklin(franklin) used a sky_436_mine 1-12-2021, 11:02:54 AM
franklin(franklin) used a sky_436_mine 1-12-2021, 11:02:55 AM
franklin(franklin) used a sky_436_mine 1-12-2021, 11:02:55 AM
franklin(franklin) used a sky_436_mine 1-12-2021, 11:02:56 AM
franklin(franklin) used a sky_436_mine 1-12-2021, 11:02:56 AM
franklin(franklin) used a sky_436_mine 1-12-2021, 11:02:56 AM
franklin(franklin) used a sky_436_mine 1-12-2021, 11:02:56 AM
franklin(franklin) used a sky_436_mine 1-12-2021, 11:02:57 AM
franklin(franklin) used a sky_436_mine 1-12-2021, 11:02:57 AM
franklin(franklin) used a sky_436_mine 1-12-2021, 11:02:57 AM
franklin(franklin) used a sky_436_mine 1-12-2021, 11:02:58 AM
franklin(franklin) used a sky_436_mine 1-12-2021, 11:02:58 AM
franklin(franklin) used a sky_436_mine 1-12-2021, 11:02:58 AM
franklin(franklin) used a sky_436_mine 1-12-2021, 11:02:58 AM
franklin(franklin) used a sky_436_mine 1-12-2021, 11:02:59 AM
franklin(franklin) used a sky_436_mine 1-12-2021, 11:02:59 AM
franklin(franklin) used a sky_436_mine 1-12-2021, 11:02:59 AM
franklin(franklin) used a sky_436_mine 1-12-2021, 11:03:00 AM
franklin(franklin) used a sky_436_mine 1-12-2021, 11:03:00 AM
franklin(franklin) used a sky_436_mine 1-12-2021, 11:03:00 AM
franklin(franklin) used a sky_436_mine 1-12-2021, 11:03:00 AM
franklin(franklin) used a sky_436_mine 1-12-2021, 11:03:01 AM
franklin(franklin) used a sky_436_mine 1-12-2021, 11:03:01 AM
franklin(franklin) used a sky_436_mine 1-12-2021, 11:03:01 AM
franklin(franklin) used a sky_436_mine 1-12-2021, 11:03:02 AM
franklin(franklin) used a sky_436_mine 1-12-2021, 11:03:02 AM
franklin(franklin) used a sky_436_mine 1-12-2021, 11:03:02 AM
franklin(franklin) used a sky_436_mine 1-12-2021, 11:03:03 AM
franklin(franklin) used a sky_436_mine 1-12-2021, 11:03:03 AM
franklin(franklin) used a sky_436_mine 1-12-2021, 11:03:04 AM
franklin(franklin) used a sky_436_mine 1-12-2021, 11:03:04 AM
franklin(franklin) used a sky_436_mine 1-12-2021, 11:03:04 AM
franklin(franklin) used a sky_436_mine 1-12-2021, 11:03:05 AM
franklin(franklin) used a sky_436_mine 1-12-2021, 11:03:05 AM
franklin(franklin) used a sky_436_mine 1-12-2021, 11:03:05 AM
franklin(franklin) used a sky_436_mine 1-12-2021, 11:03:05 AM
franklin(franklin) used a sky_436_mine 1-12-2021, 11:03:06 AM
franklin(franklin) used a sky_436_mine 1-12-2021, 11:03:07 AM
franklin(franklin) used a sky_436_mine 1-12-2021, 11:03:07 AM
franklin(franklin) used a sky_436_mine 1-12-2021, 11:03:08 AM
franklin(franklin) used a sky_436_mine 1-12-2021, 11:03:08 AM
franklin(franklin) used a sky_436_mine 1-12-2021, 11:03:09 AM
franklin(franklin) used a sky_436_mine 1-12-2021, 11:03:09 AM
franklin(franklin) used a sky_436_mine 1-12-2021, 11:03:09 AM
franklin(franklin) used a sky_436_mine 1-12-2021, 11:03:10 AM
franklin(franklin) used a sky_436_mine 1-12-2021, 11:03:10 AM
franklin(franklin) used a sky_436_mine 1-12-2021, 11:03:10 AM
franklin(franklin) used a sky_436_mine 1-12-2021, 11:03:11 AM
franklin(franklin) used a sky_436_mine 1-12-2021, 11:03:11 AM
franklin(franklin) used a sky_436_mine 1-12-2021, 11:03:12 AM
franklin(franklin) used a sky_436_mine 1-12-2021, 11:03:12 AM
franklin(franklin) used a sky_436_mine 1-12-2021, 11:03:13 AM
franklin(franklin) used a sky_436_mine 1-12-2021, 11:03:13 AM
franklin(franklin) used a sky_436_mine 1-12-2021, 11:03:14 AM
franklin(franklin) used a sky_436_mine 1-12-2021, 11:03:14 AM
franklin(franklin) used a sky_436_mine 1-12-2021, 11:03:14 AM
franklin(franklin) used a sky_436_mine 1-12-2021, 11:03:15 AM
franklin(franklin) used a sky_436_mine 1-12-2021, 11:03:15 AM
franklin(franklin) used a sky_436_mine 1-12-2021, 11:03:16 AM
franklin(franklin) used a sky_436_mine 1-12-2021, 11:03:16 AM
franklin(franklin) used a sky_436_mine 1-12-2021, 11:03:16 AM
franklin(franklin) used a sky_436_mine 1-12-2021, 11:03:17 AM
franklin(franklin) used a sky_436_mine 1-12-2021, 11:03:17 AM
franklin(franklin) used a sky_436_mine 1-12-2021, 11:03:17 AM
franklin(franklin) used a sky_436_mine 1-12-2021, 11:03:18 AM
franklin(franklin) used a sky_436_mine 1-12-2021, 11:03:23 AM
franklin(franklin) used a turret 1-12-2021, 11:03:44 AM
franklin(franklin) used a turret 1-12-2021, 11:03:59 AM
franklin(franklin) used a hand_grenade 1-12-2021, 11:04:05 AM
franklin(franklin) used a hand_grenade 1-12-2021, 11:04:05 AM
franklin(franklin) used a hand_grenade 1-12-2021, 11:04:06 AM
franklin(franklin) used a hand_grenade 1-12-2021, 11:04:06 AM
franklin(franklin) used a hand_grenade 1-12-2021, 11:04:06 AM
franklin(franklin) used a hand_grenade 1-12-2021, 11:04:06 AM
franklin(franklin) used a hand_grenade 1-12-2021, 11:04:06 AM
franklin(franklin) used a hand_grenade 1-12-2021, 11:04:06 AM
franklin(franklin) used a hand_grenade 1-12-2021, 11:04:07 AM
franklin(franklin) used a hand_grenade 1-12-2021, 11:04:07 AM
franklin(franklin) used a hand_grenade 1-12-2021, 11:04:07 AM
franklin(franklin) used a hand_grenade 1-12-2021, 11:04:07 AM
franklin(franklin) used a hand_grenade 1-12-2021, 11:04:07 AM
franklin(franklin) used a hand_grenade 1-12-2021, 11:04:08 AM
franklin(franklin) used a hand_grenade 1-12-2021, 11:04:08 AM
franklin(franklin) used a hand_grenade 1-12-2021, 11:04:12 AM
franklin(franklin) used a hand_grenade 1-12-2021, 11:04:15 AM
franklin(franklin) used a hand_grenade 1-12-2021, 11:04:16 AM
franklin(franklin) used a hand_grenade 1-12-2021, 11:04:17 AM
franklin(franklin) used a hand_grenade 1-12-2021, 11:04:18 AM
franklin(franklin) used a hand_grenade 1-12-2021, 11:04:18 AM
franklin(franklin) used a hand_grenade 1-12-2021, 11:04:18 AM
franklin(franklin) used a hand_grenade 1-12-2021, 11:04:18 AM
franklin(franklin) used a hand_grenade 1-12-2021, 11:04:18 AM
franklin(franklin) used a hand_grenade 1-12-2021, 11:04:18 AM
franklin(franklin) used a hand_grenade 1-12-2021, 11:04:19 AM
franklin(franklin) used a hand_grenade 1-12-2021, 11:04:19 AM
franklin(franklin) used a hand_grenade 1-12-2021, 11:04:19 AM
franklin(franklin) used a hand_grenade 1-12-2021, 11:04:19 AM
franklin(franklin) used a hand_grenade 1-12-2021, 11:04:19 AM
franklin(franklin) used a hand_grenade 1-12-2021, 11:04:20 AM
franklin(franklin) used a hand_grenade 1-12-2021, 11:04:20 AM
franklin(franklin) used a hand_grenade 1-12-2021, 11:04:20 AM
franklin(franklin) used a hand_grenade 1-12-2021, 11:04:20 AM
franklin(franklin) used a hand_grenade 1-12-2021, 11:04:20 AM
franklin(franklin) used a hand_grenade 1-12-2021, 11:04:20 AM
franklin(franklin) used a hand_grenade 1-12-2021, 11:04:21 AM
franklin(franklin) used a hand_grenade 1-12-2021, 11:04:21 AM
franklin(franklin) used a hand_grenade 1-12-2021, 11:04:21 AM
franklin(franklin) used a hand_grenade 1-12-2021, 11:04:21 AM
franklin(franklin) used a hand_grenade 1-12-2021, 11:04:23 AM
franklin(franklin) used a hand_grenade 1-12-2021, 11:04:23 AM
franklin(franklin) used a hand_grenade 1-12-2021, 11:04:23 AM
franklin(franklin) used a hand_grenade 1-12-2021, 11:04:23 AM
franklin(franklin) used a hand_grenade 1-12-2021, 11:04:23 AM
franklin(franklin) used a hand_grenade 1-12-2021, 11:04:24 AM
franklin(franklin) used a hand_grenade 1-12-2021, 11:04:24 AM
franklin(franklin) used a hand_grenade 1-12-2021, 11:04:24 AM
franklin(franklin) used a hand_grenade 1-12-2021, 11:04:24 AM
franklin(franklin) used a hand_grenade 1-12-2021, 11:04:24 AM
franklin(franklin) used a hand_grenade 1-12-2021, 11:04:24 AM
franklin(franklin) used a hand_grenade 1-12-2021, 11:04:25 AM
franklin(franklin) used a hand_grenade 1-12-2021, 11:04:25 AM
franklin(franklin) used a hand_grenade 1-12-2021, 11:04:25 AM
franklin(franklin) used a hand_grenade 1-12-2021, 11:04:25 AM
franklin(franklin) used a hand_grenade 1-12-2021, 11:04:25 AM
franklin(franklin) used a hand_grenade 1-12-2021, 11:04:26 AM
franklin(franklin) used a hand_grenade 1-12-2021, 11:04:26 AM
franklin(franklin) used a hand_grenade 1-12-2021, 11:04:26 AM
franklin(franklin) used a hand_grenade 1-12-2021, 11:04:26 AM
franklin(franklin) used a hand_grenade 1-12-2021, 11:04:28 AM
franklin(franklin) used a hand_grenade 1-12-2021, 11:04:29 AM
franklin(franklin) used a hand_grenade 1-12-2021, 11:04:29 AM
franklin(franklin) used a hand_grenade 1-12-2021, 11:04:29 AM
franklin(franklin) used a hand_grenade 1-12-2021, 11:04:29 AM
franklin(franklin) used a hand_grenade 1-12-2021, 11:04:30 AM
franklin(franklin) used a hand_grenade 1-12-2021, 11:04:30 AM
franklin(franklin) used a hand_grenade 1-12-2021, 11:04:31 AM
franklin(franklin) used a hand_grenade 1-12-2021, 11:04:31 AM
franklin(franklin) used a hand_grenade 1-12-2021, 11:04:32 AM
franklin(franklin) used a hand_grenade 1-12-2021, 11:04:32 AM
franklin(franklin) used a hand_grenade 1-12-2021, 11:04:33 AM
franklin(franklin) used a hand_grenade 1-12-2021, 11:04:33 AM
franklin(franklin) used a hand_grenade 1-12-2021, 11:04:33 AM
franklin(franklin) used a hand_grenade 1-12-2021, 11:04:33 AM
franklin(franklin) used a hand_grenade 1-12-2021, 11:04:34 AM
franklin(franklin) used a hand_grenade 1-12-2021, 11:04:34 AM
franklin(franklin) used a hand_grenade 1-12-2021, 11:04:34 AM
franklin(franklin) used a hand_grenade 1-12-2021, 11:04:34 AM
franklin(franklin) used a hand_grenade 1-12-2021, 11:04:34 AM
franklin(franklin) used a hand_grenade 1-12-2021, 11:04:36 AM
franklin(franklin) used a hand_grenade 1-12-2021, 11:04:36 AM
franklin(franklin) used a hand_grenade 1-12-2021, 11:04:36 AM
franklin(franklin) used a hand_grenade 1-12-2021, 11:04:36 AM
franklin(franklin) used a hand_grenade 1-12-2021, 11:04:36 AM
franklin(franklin) used a hand_grenade 1-12-2021, 11:04:37 AM
franklin(franklin) used a hand_grenade 1-12-2021, 11:04:37 AM
franklin(franklin) used a hand_grenade 1-12-2021, 11:04:37 AM
franklin(franklin) used a hand_grenade 1-12-2021, 11:04:37 AM
franklin(franklin) used a hand_grenade 1-12-2021, 11:04:38 AM
franklin(franklin) used a hand_grenade 1-12-2021, 11:04:38 AM
franklin(franklin) used a hand_grenade 1-12-2021, 11:04:38 AM
franklin(franklin) used a hand_grenade 1-12-2021, 11:04:38 AM
franklin(franklin) used a hand_grenade 1-12-2021, 11:04:39 AM
franklin(franklin) used a hand_grenade 1-12-2021, 11:04:39 AM
franklin(franklin) used a hand_grenade 1-12-2021, 11:04:39 AM
franklin(franklin) used a hand_grenade 1-12-2021, 11:04:39 AM
franklin(franklin) used a hand_grenade 1-12-2021, 11:04:39 AM
franklin(franklin) used a hand_grenade 1-12-2021, 11:04:40 AM
franklin(franklin) used a hand_grenade 1-12-2021, 11:04:40 AM
franklin(franklin) used a hand_grenade 1-12-2021, 11:04:40 AM
franklin(franklin) used a hand_grenade 1-12-2021, 11:04:40 AM
franklin(franklin) used a hand_grenade 1-12-2021, 11:04:42 AM
franklin(franklin) used a hand_grenade 1-12-2021, 11:04:43 AM
franklin(franklin) used a hand_grenade 1-12-2021, 11:04:44 AM
franklin(franklin) used a hand_grenade 1-12-2021, 11:04:44 AM
franklin(franklin) used a hand_grenade 1-12-2021, 11:04:44 AM
franklin(franklin) used a hand_grenade 1-12-2021, 11:04:44 AM
franklin(franklin) used a hand_grenade 1-12-2021, 11:04:45 AM
franklin(franklin) used a hand_grenade 1-12-2021, 11:04:45 AM
franklin(franklin) used a hand_grenade 1-12-2021, 11:04:45 AM
franklin(franklin) used a hand_grenade 1-12-2021, 11:04:45 AM
franklin(franklin) used a hand_grenade 1-12-2021, 11:04:45 AM
franklin(franklin) used a hand_grenade 1-12-2021, 11:04:46 AM
franklin(franklin) used a hand_grenade 1-12-2021, 11:04:46 AM
franklin(franklin) used a hand_grenade 1-12-2021, 11:04:46 AM
franklin(franklin) used a hand_grenade 1-12-2021, 11:04:46 AM
franklin(franklin) used a hand_grenade 1-12-2021, 11:04:46 AM
franklin(franklin) used a hand_grenade 1-12-2021, 11:04:49 AM
franklin(franklin) used a hand_grenade 1-12-2021, 11:04:49 AM
franklin(franklin) used a hand_grenade 1-12-2021, 11:04:49 AM
franklin(franklin) used a hand_grenade 1-12-2021, 11:04:50 AM
franklin(franklin) used a hand_grenade 1-12-2021, 11:04:50 AM
franklin(franklin) used a hand_grenade 1-12-2021, 11:04:50 AM
franklin(franklin) used a hand_grenade 1-12-2021, 11:04:50 AM
franklin(franklin) used a hand_grenade 1-12-2021, 11:04:51 AM
franklin(franklin) used a hand_grenade 1-12-2021, 11:04:51 AM
franklin(franklin) used a hand_grenade 1-12-2021, 11:04:51 AM
franklin(franklin) used a hand_grenade 1-12-2021, 11:04:52 AM
franklin(franklin) used a hand_grenade 1-12-2021, 11:04:52 AM
franklin(franklin) used a hand_grenade 1-12-2021, 11:04:52 AM
franklin(franklin) used a hand_grenade 1-12-2021, 11:04:52 AM
franklin(franklin) used a hand_grenade 1-12-2021, 11:04:52 AM
franklin(franklin) used a hand_grenade 1-12-2021, 11:04:53 AM
franklin(franklin) used a hand_grenade 1-12-2021, 11:04:53 AM
franklin(franklin) used a hand_grenade 1-12-2021, 11:04:53 AM
franklin(franklin) used a hand_grenade 1-12-2021, 11:04:53 AM
franklin(franklin) used a hand_grenade 1-12-2021, 11:04:53 AM
franklin(franklin) used a hand_grenade 1-12-2021, 11:04:53 AM
franklin(franklin) used a hand_grenade 1-12-2021, 11:04:54 AM
franklin(franklin) used a hand_grenade 1-12-2021, 11:04:54 AM
franklin(franklin) used a hand_grenade 1-12-2021, 11:04:54 AM
franklin(franklin) used a hand_grenade 1-12-2021, 11:04:54 AM
franklin(franklin) used a hand_grenade 1-12-2021, 11:04:54 AM
franklin(franklin) used a hand_grenade 1-12-2021, 11:04:55 AM
franklin(franklin) used a hand_grenade 1-12-2021, 11:04:55 AM
franklin(franklin) used a hand_grenade 1-12-2021, 11:04:55 AM
franklin(franklin) used a hand_grenade 1-12-2021, 11:04:56 AM
franklin(franklin) used a hand_grenade 1-12-2021, 11:04:56 AM
franklin(franklin) used a hand_grenade 1-12-2021, 11:04:57 AM
franklin(franklin) used a hand_grenade 1-12-2021, 11:04:57 AM
franklin(franklin) used a hand_grenade 1-12-2021, 11:04:57 AM
franklin(franklin) used a hand_grenade 1-12-2021, 11:04:58 AM
franklin(franklin) used a hand_grenade 1-12-2021, 11:04:58 AM
franklin(franklin) used a hand_grenade 1-12-2021, 11:04:58 AM
franklin(franklin) used a hand_grenade 1-12-2021, 11:05:06 AM
franklin(franklin) used a hand_grenade 1-12-2021, 11:05:07 AM
franklin(franklin) used a hand_grenade 1-12-2021, 11:05:07 AM
franklin(franklin) used a hand_grenade 1-12-2021, 11:05:07 AM
franklin(franklin) used a hand_grenade 1-12-2021, 11:05:07 AM
franklin(franklin) used a hand_grenade 1-12-2021, 11:05:07 AM
franklin(franklin) used a hand_grenade 1-12-2021, 11:05:08 AM
franklin(franklin) used a hand_grenade 1-12-2021, 11:05:08 AM
franklin(franklin) used a hand_grenade 1-12-2021, 11:05:08 AM
franklin(franklin) used a hand_grenade 1-12-2021, 11:05:08 AM
franklin(franklin) used a hand_grenade 1-12-2021, 11:05:08 AM
franklin(franklin) used a hand_grenade 1-12-2021, 11:05:09 AM
franklin(franklin) used a hand_grenade 1-12-2021, 11:05:09 AM
franklin(franklin) used a hand_grenade 1-12-2021, 11:05:09 AM
franklin(franklin) used a hand_grenade 1-12-2021, 11:05:09 AM
franklin(franklin) used a hand_grenade 1-12-2021, 11:05:11 AM
franklin(franklin) used a hand_grenade 1-12-2021, 11:05:19 AM
franklin(franklin) used a hand_grenade 1-12-2021, 11:05:20 AM
franklin(franklin) used a hand_grenade 1-12-2021, 11:05:20 AM
franklin(franklin) used a hand_grenade 1-12-2021, 11:05:20 AM
franklin(franklin) used a hand_grenade 1-12-2021, 11:05:20 AM
franklin(franklin) used a hand_grenade 1-12-2021, 11:05:20 AM
franklin(franklin) used a hand_grenade 1-12-2021, 11:05:20 AM
franklin(franklin) used a hand_grenade 1-12-2021, 11:05:21 AM
franklin(franklin) used a hand_grenade 1-12-2021, 11:05:21 AM
franklin(franklin) used a hand_grenade 1-12-2021, 11:07:48 AM
franklin(franklin) used a hand_grenade 1-12-2021, 11:07:49 AM
franklin(franklin) used a hand_grenade 1-12-2021, 11:07:49 AM
franklin(franklin) used a hand_grenade 1-12-2021, 11:07:49 AM
franklin(franklin) used a hand_grenade 1-12-2021, 11:07:49 AM
franklin(franklin) used a hand_grenade 1-12-2021, 11:07:49 AM
franklin(franklin) used a hand_grenade 1-12-2021, 11:07:52 AM
franklin(franklin) used a hand_grenade 1-12-2021, 11:07:52 AM
franklin(franklin) used a hand_grenade 1-12-2021, 11:07:52 AM
franklin(franklin) used a hand_grenade 1-12-2021, 11:07:53 AM
franklin(franklin) used a hand_grenade 1-12-2021, 11:07:53 AM
franklin(franklin) used a hand_grenade 1-12-2021, 11:07:53 AM
franklin(franklin) used a hand_grenade 1-12-2021, 11:07:54 AM
franklin(franklin) used a hand_grenade 1-12-2021, 11:07:54 AM
franklin(franklin) used a hand_grenade 1-12-2021, 11:07:54 AM
franklin(franklin) used a hand_grenade 1-12-2021, 11:07:54 AM
franklin(franklin) used a hand_grenade 1-12-2021, 11:07:54 AM
franklin(franklin) used a hand_grenade 1-12-2021, 11:07:54 AM
franklin(franklin) used a hand_grenade 1-12-2021, 11:07:54 AM
franklin(franklin) used a hand_grenade 1-12-2021, 11:07:55 AM
franklin(franklin) used a hand_grenade 1-12-2021, 11:07:55 AM
franklin(franklin) used a hand_grenade 1-12-2021, 11:07:55 AM
franklin(franklin) used a hand_grenade 1-12-2021, 11:07:55 AM
franklin(franklin) used a hand_grenade 1-12-2021, 11:07:55 AM
franklin(franklin) used a hand_grenade 1-12-2021, 11:07:55 AM
franklin(franklin) used a hand_grenade 1-12-2021, 11:07:56 AM
franklin(franklin) used a hand_grenade 1-12-2021, 11:07:56 AM
franklin(franklin) used a hand_grenade 1-12-2021, 11:07:56 AM
franklin(franklin) used a hand_grenade 1-12-2021, 11:07:56 AM
franklin(franklin) used a hand_grenade 1-12-2021, 11:07:57 AM
franklin(franklin) used a hand_grenade 1-12-2021, 11:07:57 AM
franklin(franklin) used a hand_grenade 1-12-2021, 11:07:57 AM
franklin(franklin) used a hand_grenade 1-12-2021, 11:07:57 AM
franklin(franklin) used a hand_grenade 1-12-2021, 11:07:57 AM
franklin(franklin) used a hand_grenade 1-12-2021, 11:07:58 AM
franklin(franklin) used a hand_grenade 1-12-2021, 11:08:04 AM
franklin(franklin) used a hand_grenade 1-12-2021, 11:08:04 AM
franklin(franklin) used a hand_grenade 1-12-2021, 11:08:05 AM
franklin(franklin) used a tk_ultra_health_potion 1-12-2021, 11:08:12 AM
franklin(franklin) used a tk_ultra_health_potion 1-12-2021, 11:08:13 AM
franklin(franklin) used a tk_ultra_health_potion 1-12-2021, 11:08:13 AM
franklin(franklin) used a sky_436_mine 1-12-2021, 11:09:08 AM
franklin(franklin) used a sky_436_mine 1-12-2021, 11:09:08 AM
franklin(franklin) used a sky_436_mine 1-12-2021, 11:09:08 AM
franklin(franklin) used a sky_436_mine 1-12-2021, 11:09:08 AM
franklin(franklin) used a sky_436_mine 1-12-2021, 11:09:08 AM
franklin(franklin) used a sky_436_mine 1-12-2021, 11:09:09 AM
franklin(franklin) used a sky_436_mine 1-12-2021, 11:09:09 AM
franklin(franklin) used a sky_436_mine 1-12-2021, 11:09:09 AM
franklin(franklin) used a sky_436_mine 1-12-2021, 11:09:10 AM
franklin(franklin) used a sky_436_mine 1-12-2021, 11:09:10 AM
franklin(franklin) used a sky_436_mine 1-12-2021, 11:09:10 AM
franklin(franklin) used a sky_436_mine 1-12-2021, 11:09:10 AM
franklin(franklin) used a sky_436_mine 1-12-2021, 11:09:11 AM
franklin(franklin) used a sky_436_mine 1-12-2021, 11:09:11 AM
franklin(franklin) used a sky_436_mine 1-12-2021, 11:09:11 AM
franklin(franklin) used a sky_436_mine 1-12-2021, 11:09:12 AM
franklin(franklin) used a sky_436_mine 1-12-2021, 11:09:12 AM
franklin(franklin) used a sky_436_mine 1-12-2021, 11:09:12 AM
franklin(franklin) used a sky_436_mine 1-12-2021, 11:09:12 AM
franklin(franklin) used a sky_436_mine 1-12-2021, 11:09:13 AM
franklin(franklin) used a sky_436_mine 1-12-2021, 11:09:13 AM
franklin(franklin) used a sky_436_mine 1-12-2021, 11:09:13 AM
franklin(franklin) used a sky_436_mine 1-12-2021, 11:09:13 AM
franklin(franklin) used a sky_436_mine 1-12-2021, 11:09:14 AM
franklin(franklin) used a sky_436_mine 1-12-2021, 11:09:14 AM
franklin(franklin) used a sky_436_mine 1-12-2021, 11:09:14 AM
franklin(franklin) used a sky_436_mine 1-12-2021, 11:09:15 AM
franklin(franklin) used a sky_436_mine 1-12-2021, 11:09:15 AM
franklin(franklin) used a sky_436_mine 1-12-2021, 11:09:15 AM
franklin(franklin) used a sky_436_mine 1-12-2021, 11:09:16 AM
franklin(franklin) used a sky_436_mine 1-12-2021, 11:09:16 AM
franklin(franklin) used a sky_436_mine 1-12-2021, 11:09:16 AM
franklin(franklin) used a sky_436_mine 1-12-2021, 11:09:17 AM
franklin(franklin) used a sky_436_mine 1-12-2021, 11:09:17 AM
franklin(franklin) used a sky_436_mine 1-12-2021, 11:09:17 AM
franklin(franklin) used a sky_436_mine 1-12-2021, 11:09:18 AM
franklin(franklin) used a sky_436_mine 1-12-2021, 11:09:18 AM
franklin(franklin) used a sky_436_mine 1-12-2021, 11:09:18 AM
franklin(franklin) used a sky_436_mine 1-12-2021, 11:09:18 AM
franklin(franklin) used a sky_436_mine 1-12-2021, 11:09:19 AM
franklin(franklin) used a sky_436_mine 1-12-2021, 11:09:19 AM
franklin(franklin) used a sky_436_mine 1-12-2021, 11:09:19 AM
franklin(franklin) used a sky_436_mine 1-12-2021, 11:09:19 AM
franklin(franklin) used a sky_436_mine 1-12-2021, 11:09:20 AM
franklin(franklin) used a sky_436_mine 1-12-2021, 11:09:20 AM
franklin(franklin) used a sky_436_mine 1-12-2021, 11:09:20 AM
franklin(franklin) used a sky_436_mine 1-12-2021, 11:09:20 AM
franklin(franklin) used a sky_436_mine 1-12-2021, 11:09:21 AM
franklin(franklin) used a sky_436_mine 1-12-2021, 11:09:21 AM
franklin(franklin) used a sky_436_mine 1-12-2021, 11:09:21 AM
franklin(franklin) used a sky_436_mine 1-12-2021, 11:09:21 AM
franklin(franklin) used a sky_436_mine 1-12-2021, 11:09:22 AM
franklin(franklin) used a sky_436_mine 1-12-2021, 11:09:22 AM
franklin(franklin) used a sky_436_mine 1-12-2021, 11:09:22 AM
franklin(franklin) used a sky_436_mine 1-12-2021, 11:09:22 AM
franklin(franklin) used a sky_436_mine 1-12-2021, 11:09:23 AM
franklin(franklin) used a sky_436_mine 1-12-2021, 11:09:23 AM
franklin(franklin) used a sky_436_mine 1-12-2021, 11:09:23 AM
franklin(franklin) used a sky_436_mine 1-12-2021, 11:09:24 AM
franklin(franklin) used a sky_436_mine 1-12-2021, 11:09:24 AM
franklin(franklin) used a sky_436_mine 1-12-2021, 11:09:24 AM
franklin(franklin) used a sky_436_mine 1-12-2021, 11:09:24 AM
franklin(franklin) used a sky_436_mine 1-12-2021, 11:09:25 AM
franklin(franklin) used a sky_436_mine 1-12-2021, 11:09:25 AM
franklin(franklin) used a sky_436_mine 1-12-2021, 11:09:26 AM
franklin(franklin) used a sky_436_mine 1-12-2021, 11:09:26 AM
franklin(franklin) used a sky_436_mine 1-12-2021, 11:09:26 AM
franklin(franklin) used a sky_436_mine 1-12-2021, 11:09:27 AM
franklin(franklin) used a sky_436_mine 1-12-2021, 11:09:27 AM
franklin(franklin) used a sky_436_mine 1-12-2021, 11:09:27 AM
franklin(franklin) used a sky_436_mine 1-12-2021, 11:09:28 AM
franklin(franklin) used a sky_436_mine 1-12-2021, 11:09:28 AM
franklin(franklin) used a sky_436_mine 1-12-2021, 11:09:30 AM
franklin(franklin) used a sky_436_mine 1-12-2021, 11:09:30 AM
franklin(franklin) used a sky_436_mine 1-12-2021, 11:09:30 AM
franklin(franklin) used a sky_436_mine 1-12-2021, 11:09:30 AM
franklin(franklin) used a sky_436_mine 1-12-2021, 11:09:31 AM
franklin(franklin) used a sky_436_mine 1-12-2021, 11:09:31 AM
franklin(franklin) used a sky_436_mine 1-12-2021, 11:09:31 AM
franklin(franklin) used a sky_436_mine 1-12-2021, 11:09:32 AM
franklin(franklin) used a sky_436_mine 1-12-2021, 11:09:32 AM
franklin(franklin) used a sky_436_mine 1-12-2021, 11:09:32 AM
franklin(franklin) used a sky_436_mine 1-12-2021, 11:09:33 AM
franklin(franklin) used a sky_436_mine 1-12-2021, 11:09:33 AM
franklin(franklin) used a sky_436_mine 1-12-2021, 11:09:33 AM
franklin(franklin) used a sky_436_mine 1-12-2021, 11:09:33 AM
franklin(franklin) used a sky_436_mine 1-12-2021, 11:09:34 AM
franklin(franklin) used a sky_436_mine 1-12-2021, 11:09:35 AM
franklin(franklin) used a sky_436_mine 1-12-2021, 11:09:35 AM
franklin(franklin) used a sky_436_mine 1-12-2021, 11:09:35 AM
franklin(franklin) used a sky_436_mine 1-12-2021, 11:09:36 AM
franklin(franklin) used a sky_436_mine 1-12-2021, 11:09:36 AM
franklin(franklin) used a sky_436_mine 1-12-2021, 11:09:36 AM
franklin(franklin) used a sky_436_mine 1-12-2021, 11:09:37 AM
franklin(franklin) used a sky_436_mine 1-12-2021, 11:09:37 AM
franklin(franklin) used a sky_436_mine 1-12-2021, 11:09:37 AM
franklin(franklin) used a sky_436_mine 1-12-2021, 11:09:38 AM
franklin(franklin) used a sky_436_mine 1-12-2021, 11:09:38 AM
franklin(franklin) used a sky_436_mine 1-12-2021, 11:09:38 AM
franklin(franklin) used a sky_436_mine 1-12-2021, 11:09:39 AM
franklin(franklin) used a sky_436_mine 1-12-2021, 11:09:39 AM
franklin(franklin) used a sky_436_mine 1-12-2021, 11:09:39 AM
franklin(franklin) used a sky_436_mine 1-12-2021, 11:09:39 AM
franklin(franklin) used a sky_436_mine 1-12-2021, 11:09:40 AM
franklin(franklin) used a sky_436_mine 1-12-2021, 11:09:40 AM
franklin(franklin) used a sky_436_mine 1-12-2021, 11:09:40 AM
franklin(franklin) used a sky_436_mine 1-12-2021, 11:09:41 AM
franklin(franklin) used a sky_436_mine 1-12-2021, 11:09:41 AM
franklin(franklin) used a sky_436_mine 1-12-2021, 11:09:41 AM
franklin(franklin) used a sky_436_mine 1-12-2021, 11:09:41 AM
franklin(franklin) used a sky_436_mine 1-12-2021, 11:09:42 AM
franklin(franklin) used a sky_436_mine 1-12-2021, 11:09:42 AM
franklin(franklin) used a sky_436_mine 1-12-2021, 11:09:42 AM
franklin(franklin) used a sky_436_mine 1-12-2021, 11:09:43 AM
franklin(franklin) used a sky_436_mine 1-12-2021, 11:09:43 AM
franklin(franklin) used a sky_436_mine 1-12-2021, 11:09:43 AM
franklin(franklin) used a sky_436_mine 1-12-2021, 11:09:43 AM
franklin(franklin) used a sky_436_mine 1-12-2021, 11:09:44 AM
franklin(franklin) used a sky_436_mine 1-12-2021, 11:09:44 AM
franklin(franklin) used a sky_436_mine 1-12-2021, 11:09:44 AM
franklin(franklin) used a sky_436_mine 1-12-2021, 11:09:45 AM
franklin(franklin) used a sky_436_mine 1-12-2021, 11:09:45 AM
franklin(franklin) used a sky_436_mine 1-12-2021, 11:09:45 AM
franklin(franklin) used a sky_436_mine 1-12-2021, 11:09:45 AM
franklin(franklin) used a sky_436_mine 1-12-2021, 11:09:46 AM
franklin(franklin) used a sky_436_mine 1-12-2021, 11:09:46 AM
franklin(franklin) used a sky_436_mine 1-12-2021, 11:09:46 AM
franklin(franklin) used a sky_436_mine 1-12-2021, 11:09:46 AM
franklin(franklin) used a sky_436_mine 1-12-2021, 11:09:47 AM
franklin(franklin) used a sky_436_mine 1-12-2021, 11:09:47 AM
franklin(franklin) used a sky_436_mine 1-12-2021, 11:09:47 AM
franklin(franklin) used a sky_436_mine 1-12-2021, 11:09:48 AM
franklin(franklin) used a sky_436_mine 1-12-2021, 11:09:48 AM
franklin(franklin) used a sky_436_mine 1-12-2021, 11:09:48 AM
franklin(franklin) used a sky_436_mine 1-12-2021, 11:09:49 AM
franklin(franklin) used a sky_436_mine 1-12-2021, 11:09:49 AM
franklin(franklin) used a sky_436_mine 1-12-2021, 11:09:49 AM
franklin(franklin) used a sky_436_mine 1-12-2021, 11:09:49 AM
franklin(franklin) used a sky_436_mine 1-12-2021, 11:09:50 AM
franklin(franklin) used a sky_436_mine 1-12-2021, 11:09:50 AM
franklin(franklin) used a sky_436_mine 1-12-2021, 11:09:50 AM
franklin(franklin) used a sky_436_mine 1-12-2021, 11:09:51 AM
franklin(franklin) used a sky_436_mine 1-12-2021, 11:09:51 AM
franklin(franklin) used a sky_436_mine 1-12-2021, 11:09:51 AM
franklin(franklin) used a sky_436_mine 1-12-2021, 11:09:52 AM
franklin(franklin) used a sky_436_mine 1-12-2021, 11:09:52 AM
franklin(franklin) used a sky_436_mine 1-12-2021, 11:09:52 AM
franklin(franklin) used a sky_436_mine 1-12-2021, 11:09:52 AM
franklin(franklin) used a sky_436_mine 1-12-2021, 11:09:53 AM
franklin(franklin) used a sky_436_mine 1-12-2021, 11:09:53 AM
franklin(franklin) used a sky_436_mine 1-12-2021, 11:09:53 AM
franklin(franklin) used a sky_436_mine 1-12-2021, 11:09:54 AM
franklin(franklin) used a sky_436_mine 1-12-2021, 11:09:54 AM
franklin(franklin) used a sky_436_mine 1-12-2021, 11:09:54 AM
franklin(franklin) used a sky_436_mine 1-12-2021, 11:09:55 AM
franklin(franklin) used a sky_436_mine 1-12-2021, 11:09:55 AM
franklin(franklin) used a sky_436_mine 1-12-2021, 11:09:55 AM
franklin(franklin) used a sky_436_mine 1-12-2021, 11:09:56 AM
franklin(franklin) used a sky_436_mine 1-12-2021, 11:09:56 AM
franklin(franklin) used a sky_436_mine 1-12-2021, 11:09:56 AM
franklin(franklin) used a sky_436_mine 1-12-2021, 11:09:56 AM
franklin(franklin) used a sky_436_mine 1-12-2021, 11:09:57 AM
franklin(franklin) used a sky_436_mine 1-12-2021, 11:09:57 AM
franklin(franklin) used a sky_436_mine 1-12-2021, 11:09:57 AM
franklin(franklin) used a sky_436_mine 1-12-2021, 11:09:58 AM
franklin(franklin) used a sky_436_mine 1-12-2021, 11:09:58 AM
franklin(franklin) used a sky_436_mine 1-12-2021, 11:09:58 AM
franklin(franklin) used a sky_436_mine 1-12-2021, 11:09:59 AM
franklin(franklin) used a sky_436_mine 1-12-2021, 11:09:59 AM
franklin(franklin) used a sky_436_mine 1-12-2021, 11:09:59 AM
franklin(franklin) used a sky_436_mine 1-12-2021, 11:10:00 AM
franklin(franklin) used a sky_436_mine 1-12-2021, 11:10:00 AM
franklin(franklin) used a sky_436_mine 1-12-2021, 11:10:01 AM
franklin(franklin) used a sky_436_mine 1-12-2021, 11:10:01 AM
franklin(franklin) used a sky_436_mine 1-12-2021, 11:10:01 AM
franklin(franklin) used a sky_436_mine 1-12-2021, 11:10:01 AM
franklin(franklin) used a sky_436_mine 1-12-2021, 11:10:02 AM
franklin(franklin) used a sky_436_mine 1-12-2021, 11:10:02 AM
franklin(franklin) used a sky_436_mine 1-12-2021, 11:10:02 AM
franklin(franklin) used a sky_436_mine 1-12-2021, 11:10:03 AM
franklin(franklin) used a sky_436_mine 1-12-2021, 11:10:03 AM
franklin(franklin) used a sky_436_mine 1-12-2021, 11:10:03 AM
franklin(franklin) used a sky_436_mine 1-12-2021, 11:10:04 AM
franklin(franklin) used a sky_436_mine 1-12-2021, 11:10:04 AM
franklin(franklin) used a sky_436_mine 1-12-2021, 11:10:04 AM
franklin(franklin) used a sky_436_mine 1-12-2021, 11:10:04 AM
franklin(franklin) used a sky_436_mine 1-12-2021, 11:10:05 AM
franklin(franklin) used a sky_436_mine 1-12-2021, 11:10:05 AM
franklin(franklin) used a sky_436_mine 1-12-2021, 11:10:05 AM
franklin(franklin) used a sky_436_mine 1-12-2021, 11:10:05 AM
franklin(franklin) used a sky_436_mine 1-12-2021, 11:10:06 AM
franklin(franklin) used a sky_436_mine 1-12-2021, 11:10:06 AM
franklin(franklin) used a sky_436_mine 1-12-2021, 11:10:06 AM
franklin(franklin) used a sky_436_mine 1-12-2021, 11:10:07 AM
franklin(franklin) used a sky_436_mine 1-12-2021, 11:10:07 AM
franklin(franklin) used a sky_436_mine 1-12-2021, 11:10:07 AM
franklin(franklin) used a sky_436_mine 1-12-2021, 11:10:07 AM
franklin(franklin) used a sky_436_mine 1-12-2021, 11:10:08 AM
franklin(franklin) used a sky_436_mine 1-12-2021, 11:10:08 AM
franklin(franklin) used a sky_436_mine 1-12-2021, 11:10:08 AM
franklin(franklin) used a sky_436_mine 1-12-2021, 11:10:09 AM
franklin(franklin) used a sky_436_mine 1-12-2021, 11:10:09 AM
franklin(franklin) used a sky_436_mine 1-12-2021, 11:10:09 AM
franklin(franklin) used a sky_436_mine 1-12-2021, 11:10:09 AM
franklin(franklin) used a sky_436_mine 1-12-2021, 11:10:10 AM
franklin(franklin) used a sky_436_mine 1-12-2021, 11:10:10 AM
franklin(franklin) used a sky_436_mine 1-12-2021, 11:10:10 AM
franklin(franklin) used a sky_436_mine 1-12-2021, 11:10:10 AM
franklin(franklin) used a sky_436_mine 1-12-2021, 11:10:11 AM
franklin(franklin) used a sky_436_mine 1-12-2021, 11:10:11 AM
franklin(franklin) used a sky_436_mine 1-12-2021, 11:10:11 AM
franklin(franklin) used a sky_436_mine 1-12-2021, 11:10:12 AM
franklin(franklin) used a sky_436_mine 1-12-2021, 11:10:12 AM
franklin(franklin) used a sky_436_mine 1-12-2021, 11:10:12 AM
franklin(franklin) used a sky_436_mine 1-12-2021, 11:10:29 AM
franklin(franklin) used a sky_436_mine 1-12-2021, 11:10:29 AM
franklin(franklin) used a tk_ultra_health_potion 1-12-2021, 11:10:38 AM
franklin(franklin) used a tk_ultra_health_potion 1-12-2021, 11:10:38 AM
franklin(franklin) used a tk_ultra_health_potion 1-12-2021, 11:10:39 AM
franklin(franklin) used a sky_436_mine 1-12-2021, 11:10:45 AM
franklin(franklin) used a hand_grenade 1-12-2021, 11:10:49 AM
franklin(franklin) used a hand_grenade 1-12-2021, 11:10:49 AM
franklin(franklin) used a hand_grenade 1-12-2021, 11:10:49 AM
franklin(franklin) used a hand_grenade 1-12-2021, 11:10:49 AM
franklin(franklin) used a hand_grenade 1-12-2021, 11:10:50 AM
franklin(franklin) used a hand_grenade 1-12-2021, 11:10:50 AM
franklin(franklin) used a hand_grenade 1-12-2021, 11:10:50 AM
franklin(franklin) used a hand_grenade 1-12-2021, 11:10:50 AM
franklin(franklin) used a hand_grenade 1-12-2021, 11:10:50 AM
franklin(franklin) used a hand_grenade 1-12-2021, 11:10:50 AM
franklin(franklin) used a hand_grenade 1-12-2021, 11:10:50 AM
franklin(franklin) used a hand_grenade 1-12-2021, 11:10:51 AM
franklin(franklin) used a hand_grenade 1-12-2021, 11:10:51 AM
franklin(franklin) used a hand_grenade 1-12-2021, 11:10:51 AM
franklin(franklin) used a hand_grenade 1-12-2021, 11:10:51 AM
franklin(franklin) used a hand_grenade 1-12-2021, 11:10:52 AM
franklin(franklin) used a hand_grenade 1-12-2021, 11:10:52 AM
franklin(franklin) used a hand_grenade 1-12-2021, 11:10:52 AM
franklin(franklin) used a hand_grenade 1-12-2021, 11:10:53 AM
franklin(franklin) used a hand_grenade 1-12-2021, 11:10:53 AM
franklin(franklin) used a hand_grenade 1-12-2021, 11:10:53 AM
franklin(franklin) used a hand_grenade 1-12-2021, 11:10:53 AM
franklin(franklin) used a hand_grenade 1-12-2021, 11:10:54 AM
franklin(franklin) used a hand_grenade 1-12-2021, 11:10:54 AM
franklin(franklin) used a tk_ultra_health_potion 1-12-2021, 11:11:04 AM
franklin(franklin) used a tk_ultra_health_potion 1-12-2021, 11:11:04 AM
franklin(franklin) used a tk_ultra_health_potion 1-12-2021, 11:11:04 AM
franklin(franklin) used a tk_ultra_health_potion 1-12-2021, 11:11:18 AM
franklin(franklin) used a tk_ultra_health_potion 1-12-2021, 11:11:18 AM
franklin(franklin) used a shield 1-12-2021, 11:11:18 AM
franklin(franklin) used a shield 1-12-2021, 11:11:19 AM
franklin(franklin) used a shield 1-12-2021, 11:11:19 AM
franklin(franklin) used a shield 1-12-2021, 11:11:19 AM
franklin(franklin) used a shield 1-12-2021, 11:11:20 AM
franklin(franklin) used a shield 1-12-2021, 11:11:20 AM
franklin(franklin) used a shield 1-12-2021, 11:11:20 AM
franklin(franklin) used a shield 1-12-2021, 11:11:20 AM
franklin(franklin) used a shield 1-12-2021, 11:11:20 AM
franklin(franklin) used a shield 1-12-2021, 11:11:20 AM
franklin(franklin) used a shield 1-12-2021, 11:11:21 AM
franklin(franklin) used a shield 1-12-2021, 11:11:21 AM
franklin(franklin) used a shield 1-12-2021, 11:11:21 AM
franklin(franklin) used a shield 1-12-2021, 11:11:21 AM
franklin(franklin) used a shield 1-12-2021, 11:11:21 AM
franklin(franklin) used a shield 1-12-2021, 11:11:21 AM
franklin(franklin) used a shield 1-12-2021, 11:11:21 AM
franklin(franklin) used a shield 1-12-2021, 11:11:22 AM
franklin(franklin) used a shield 1-12-2021, 11:11:22 AM
franklin(franklin) used a shield 1-12-2021, 11:11:22 AM
franklin(franklin) used a shield 1-12-2021, 11:11:22 AM
franklin(franklin) used a shield 1-12-2021, 11:11:22 AM
franklin(franklin) used a shield 1-12-2021, 11:11:22 AM
franklin(franklin) used a shield 1-12-2021, 11:11:22 AM
franklin(franklin) used a shield 1-12-2021, 11:11:23 AM
franklin(franklin) used a shield 1-12-2021, 11:11:23 AM
franklin(franklin) used a shield 1-12-2021, 11:11:23 AM
franklin(franklin) used a shield 1-12-2021, 11:11:23 AM
franklin(franklin) used a shield 1-12-2021, 11:11:23 AM
franklin(franklin) used a shield 1-12-2021, 11:11:23 AM
franklin(franklin) used a tk_ultra_health_potion 1-12-2021, 11:11:24 AM
franklin(franklin) used a tk_ultra_health_potion 1-12-2021, 11:11:24 AM
franklin(franklin) used a tk_ultra_health_potion 1-12-2021, 11:11:25 AM
franklin(franklin) used a tk_ultra_health_potion 1-12-2021, 11:11:25 AM
franklin(franklin) used a tk_ultra_health_potion 1-12-2021, 11:11:28 AM
franklin(franklin) used a tk_ultra_health_potion 1-12-2021, 11:11:28 AM
franklin(franklin) used a tk_ultra_health_potion 1-12-2021, 11:11:41 AM
franklin(franklin) used a tk_ultra_health_potion 1-12-2021, 11:11:41 AM
franklin(franklin) used a tk_ultra_health_potion 1-12-2021, 11:11:42 AM
franklin(franklin) used a cyanide_pistol 1-12-2021, 11:13:08 AM
franklin(franklin) used a open_beer_bottle 1-12-2021, 11:15:12 AM
franklin(franklin) used a open_beer_bottle 1-12-2021, 11:15:13 AM
franklin(franklin) used a open_beer_bottle 1-12-2021, 11:15:13 AM
franklin(franklin) used a open_beer_bottle 1-12-2021, 11:15:13 AM
franklin(franklin) used a open_beer_bottle 1-12-2021, 11:15:14 AM
franklin(franklin) used a open_beer_bottle 1-12-2021, 11:15:14 AM
franklin(franklin) used a open_beer_bottle 1-12-2021, 11:15:14 AM
franklin(franklin) used a open_beer_bottle 1-12-2021, 11:15:17 AM
franklin(franklin) used a open_beer_bottle 1-12-2021, 11:15:17 AM
franklin(franklin) used a open_beer_bottle 1-12-2021, 11:15:17 AM
franklin(franklin) used a open_beer_bottle 1-12-2021, 11:15:17 AM
franklin(franklin) used a open_beer_bottle 1-12-2021, 11:15:18 AM
franklin(franklin) used a open_beer_bottle 1-12-2021, 11:15:18 AM
franklin(franklin) used a open_beer_bottle 1-12-2021, 11:15:18 AM
franklin(franklin) used a open_beer_bottle 1-12-2021, 11:15:19 AM
franklin(franklin) used a open_beer_bottle 1-12-2021, 11:15:19 AM
franklin(franklin) used a open_beer_bottle 1-12-2021, 11:15:19 AM
franklin(franklin) used a open_beer_bottle 1-12-2021, 11:15:20 AM
franklin(franklin) used a open_beer_bottle 1-12-2021, 11:15:20 AM
franklin(franklin) used a open_beer_bottle 1-12-2021, 11:15:20 AM
franklin(franklin) used a open_beer_bottle 1-12-2021, 11:15:20 AM
franklin(franklin) used a open_beer_bottle 1-12-2021, 11:15:21 AM
franklin(franklin) used a open_beer_bottle 1-12-2021, 11:15:21 AM
franklin(franklin) used a open_beer_bottle 1-12-2021, 11:15:21 AM
franklin(franklin) used a open_beer_bottle 1-12-2021, 11:15:22 AM
franklin(franklin) used a open_beer_bottle 1-12-2021, 11:15:22 AM
franklin(franklin) used a open_beer_bottle 1-12-2021, 11:15:22 AM
franklin(franklin) used a open_beer_bottle 1-12-2021, 11:15:22 AM
franklin(franklin) used a open_beer_bottle 1-12-2021, 11:15:23 AM
franklin(franklin) used a open_beer_bottle 1-12-2021, 11:15:23 AM
franklin(franklin) used a open_beer_bottle 1-12-2021, 11:15:23 AM
franklin(franklin) used a open_beer_bottle 1-12-2021, 11:15:24 AM
franklin(franklin) used a open_beer_bottle 1-12-2021, 11:15:24 AM
franklin(franklin) used a open_beer_bottle 1-12-2021, 11:15:24 AM
franklin(franklin) used a open_beer_bottle 1-12-2021, 11:15:25 AM
franklin(franklin) used a open_beer_bottle 1-12-2021, 11:15:25 AM
franklin(franklin) used a open_beer_bottle 1-12-2021, 11:15:25 AM
franklin(franklin) used a open_beer_bottle 1-12-2021, 11:15:25 AM
franklin(franklin) used a open_beer_bottle 1-12-2021, 11:18:15 AM
franklin(franklin) used a open_beer_bottle 1-12-2021, 11:18:16 AM
franklin(franklin) used a open_beer_bottle 1-12-2021, 11:18:16 AM
franklin(franklin) used a open_beer_bottle 1-12-2021, 11:18:17 AM
franklin(franklin) used a open_beer_bottle 1-12-2021, 11:18:17 AM
franklin(franklin) used a open_beer_bottle 1-12-2021, 11:18:17 AM
franklin(franklin) used a open_beer_bottle 1-12-2021, 11:18:17 AM
franklin(franklin) used a open_beer_bottle 1-12-2021, 11:18:18 AM
franklin(franklin) used a open_beer_bottle 1-12-2021, 11:18:18 AM
franklin(franklin) used a open_beer_bottle 1-12-2021, 11:18:18 AM
franklin(franklin) used a open_beer_bottle 1-12-2021, 11:18:19 AM
franklin(franklin) used a open_beer_bottle 1-12-2021, 11:18:19 AM
franklin(franklin) used a open_beer_bottle 1-12-2021, 11:18:19 AM
franklin(franklin) used a open_beer_bottle 1-12-2021, 11:18:20 AM
franklin(franklin) used a open_beer_bottle 1-12-2021, 11:18:20 AM
franklin(franklin) used a open_beer_bottle 1-12-2021, 11:18:20 AM
franklin(franklin) used a open_beer_bottle 1-12-2021, 11:18:21 AM
franklin(franklin) used a open_beer_bottle 1-12-2021, 11:18:21 AM
franklin(franklin) used a open_beer_bottle 1-12-2021, 11:18:21 AM
franklin(franklin) used a open_beer_bottle 1-12-2021, 11:18:22 AM
franklin(franklin) used a open_beer_bottle 1-12-2021, 11:18:22 AM
franklin(franklin) used a open_beer_bottle 1-12-2021, 11:18:22 AM
franklin(franklin) used a open_beer_bottle 1-12-2021, 11:18:23 AM
franklin(franklin) used a open_beer_bottle 1-12-2021, 11:18:23 AM
franklin(franklin) used a open_beer_bottle 1-12-2021, 11:18:23 AM
franklin(franklin) used a open_beer_bottle 1-12-2021, 11:18:23 AM
franklin(franklin) used a open_beer_bottle 1-12-2021, 11:18:24 AM
franklin(franklin) used a open_beer_bottle 1-12-2021, 11:18:24 AM
franklin(franklin) used a open_beer_bottle 1-12-2021, 11:18:25 AM
franklin(franklin) used a open_beer_bottle 1-12-2021, 11:18:25 AM
franklin(franklin) used a open_beer_bottle 1-12-2021, 11:18:25 AM
franklin(franklin) used a open_beer_bottle 1-12-2021, 11:18:27 AM
franklin(franklin) used a taser_ammo_pack 1-12-2021, 11:27:56 AM
franklin(franklin) used a taser_ammo_pack 1-12-2021, 11:27:57 AM
franklin(franklin) used a taser_ammo_pack 1-12-2021, 11:27:57 AM
franklin(franklin) used a taser_ammo_pack 1-12-2021, 11:27:57 AM
franklin(franklin) used a taser_ammo_pack 1-12-2021, 11:27:57 AM
franklin(franklin) used a taser_ammo_pack 1-12-2021, 11:27:57 AM
franklin(franklin) used a taser_ammo_pack 1-12-2021, 11:27:57 AM
franklin(franklin) used a taser_ammo_pack 1-12-2021, 11:27:58 AM
franklin(franklin) used a taser_ammo_pack 1-12-2021, 11:27:58 AM
franklin(franklin) used a taser_ammo_pack 1-12-2021, 11:28:00 AM
franklin(franklin) used a taser_ammo_pack 1-12-2021, 11:28:00 AM
franklin(franklin) used a taser_ammo_pack 1-12-2021, 11:28:00 AM
franklin(franklin) used a taser_ammo_pack 1-12-2021, 11:28:00 AM
franklin(franklin) used a taser_ammo_pack 1-12-2021, 11:28:00 AM
franklin(franklin) used a taser_ammo_pack 1-12-2021, 11:28:00 AM
franklin(franklin) used a taser_ammo_pack 1-12-2021, 11:28:00 AM
franklin(franklin) used a taser_ammo_pack 1-12-2021, 11:28:00 AM
franklin(franklin) used a taser_ammo_pack 1-12-2021, 11:28:01 AM
franklin(franklin) used a taser_ammo_pack 1-12-2021, 11:28:01 AM
franklin(franklin) used a taser_ammo_pack 1-12-2021, 11:28:01 AM
franklin(franklin) used a taser_ammo_pack 1-12-2021, 11:28:01 AM
franklin(franklin) used a taser_ammo_pack 1-12-2021, 11:28:01 AM
franklin(franklin) used a taser_ammo_pack 1-12-2021, 11:28:01 AM
franklin(franklin) used a taser_ammo_pack 1-12-2021, 11:28:01 AM
franklin(franklin) used a taser_ammo_pack 1-12-2021, 11:28:01 AM
franklin(franklin) used a taser_ammo_pack 1-12-2021, 11:28:01 AM
franklin(franklin) used a taser_ammo_pack 1-12-2021, 11:28:01 AM
franklin(franklin) used a taser_ammo_pack 1-12-2021, 11:28:01 AM
franklin(franklin) used a taser_ammo_pack 1-12-2021, 11:28:01 AM
franklin(franklin) used a taser_ammo_pack 1-12-2021, 11:28:01 AM
franklin(franklin) used a taser_ammo_pack 1-12-2021, 11:28:02 AM
franklin(franklin) used a taser_ammo_pack 1-12-2021, 11:28:02 AM
franklin(franklin) used a taser_ammo_pack 1-12-2021, 11:28:02 AM
franklin(franklin) used a taser_ammo_pack 1-12-2021, 11:28:02 AM
franklin(franklin) used a taser_ammo_pack 1-12-2021, 11:28:02 AM
franklin(franklin) used a taser_ammo_pack 1-12-2021, 11:28:02 AM
franklin(franklin) used a taser_ammo_pack 1-12-2021, 11:28:02 AM
franklin(franklin) used a taser_ammo_pack 1-12-2021, 11:28:02 AM
franklin(franklin) used a taser_ammo_pack 1-12-2021, 11:28:02 AM
franklin(franklin) used a taser_ammo_pack 1-12-2021, 11:28:03 AM
franklin(franklin) used a taser_ammo_pack 1-12-2021, 11:28:03 AM
franklin(franklin) used a taser_ammo_pack 1-12-2021, 11:28:03 AM
franklin(franklin) used a taser_ammo_pack 1-12-2021, 11:28:03 AM
franklin(franklin) used a taser_ammo_pack 1-12-2021, 11:28:03 AM
franklin(franklin) used a taser_ammo_pack 1-12-2021, 11:28:03 AM
franklin(franklin) used a taser_ammo_pack 1-12-2021, 11:28:03 AM
franklin(franklin) used a taser_ammo_pack 1-12-2021, 11:28:03 AM
franklin(franklin) used a taser_ammo_pack 1-12-2021, 11:28:03 AM
franklin(franklin) used a taser_ammo_pack 1-12-2021, 11:28:03 AM
franklin(franklin) used a taser_ammo_pack 1-12-2021, 11:28:03 AM
franklin(franklin) used a taser_ammo_pack 1-12-2021, 11:28:03 AM
franklin(franklin) used a taser_ammo_pack 1-12-2021, 11:28:03 AM
franklin(franklin) used a taser_ammo_pack 1-12-2021, 11:28:04 AM
franklin(franklin) used a taser_ammo_pack 1-12-2021, 11:28:04 AM
franklin(franklin) used a taser_ammo_pack 1-12-2021, 11:28:04 AM
franklin(franklin) used a taser_ammo_pack 1-12-2021, 11:28:04 AM
franklin(franklin) used a taser_ammo_pack 1-12-2021, 11:28:04 AM
franklin(franklin) used a taser_ammo_pack 1-12-2021, 11:28:04 AM
franklin(franklin) used a taser_ammo_pack 1-12-2021, 11:28:04 AM
franklin(franklin) used a taser_ammo_pack 1-12-2021, 11:28:04 AM
franklin(franklin) used a taser_ammo_pack 1-12-2021, 11:28:04 AM
franklin(franklin) used a taser_ammo_pack 1-12-2021, 11:28:04 AM
franklin(franklin) used a taser_ammo_pack 1-12-2021, 11:28:04 AM
franklin(franklin) used a taser_ammo_pack 1-12-2021, 11:28:05 AM
franklin(franklin) used a taser_ammo_pack 1-12-2021, 11:28:05 AM
franklin(franklin) used a taser_ammo_pack 1-12-2021, 11:28:05 AM
franklin(franklin) used a taser_ammo_pack 1-12-2021, 11:28:05 AM
franklin(franklin) used a taser_ammo_pack 1-12-2021, 11:28:05 AM
franklin(franklin) used a taser_ammo_pack 1-12-2021, 11:28:05 AM
franklin(franklin) used a taser_ammo_pack 1-12-2021, 11:28:05 AM
franklin(franklin) used a taser_ammo_pack 1-12-2021, 11:28:05 AM
franklin(franklin) used a taser_ammo_pack 1-12-2021, 11:28:05 AM
franklin(franklin) used a taser_ammo_pack 1-12-2021, 11:28:06 AM
franklin(franklin) used a taser_ammo_pack 1-12-2021, 11:28:06 AM
franklin(franklin) used a taser_ammo_pack 1-12-2021, 11:28:06 AM
franklin(franklin) used a taser_ammo_pack 1-12-2021, 11:28:06 AM
franklin(franklin) used a taser_ammo_pack 1-12-2021, 11:28:06 AM
franklin(franklin) used a taser_ammo_pack 1-12-2021, 11:28:06 AM
franklin(franklin) used a taser_ammo_pack 1-12-2021, 11:28:06 AM
franklin(franklin) used a taser_ammo_pack 1-12-2021, 11:28:06 AM
franklin(franklin) used a taser_ammo_pack 1-12-2021, 11:28:06 AM
franklin(franklin) used a taser_ammo_pack 1-12-2021, 11:28:06 AM
franklin(franklin) used a taser_ammo_pack 1-12-2021, 11:28:07 AM
franklin(franklin) used a taser_ammo_pack 1-12-2021, 11:28:07 AM
franklin(franklin) used a taser_ammo_pack 1-12-2021, 11:28:07 AM
franklin(franklin) used a taser_ammo_pack 1-12-2021, 11:28:07 AM
franklin(franklin) used a taser_ammo_pack 1-12-2021, 11:28:08 AM
franklin(franklin) used a taser_ammo_pack 1-12-2021, 11:28:08 AM
franklin(franklin) used a taser_ammo_pack 1-12-2021, 11:28:08 AM
franklin(franklin) used a taser_ammo_pack 1-12-2021, 11:28:08 AM
franklin(franklin) used a taser_ammo_pack 1-12-2021, 11:28:08 AM
franklin(franklin) used a taser_ammo_pack 1-12-2021, 11:28:09 AM
franklin(franklin) used a taser_ammo_pack 1-12-2021, 11:28:09 AM
franklin(franklin) used a taser_ammo_pack 1-12-2021, 11:28:09 AM
franklin(franklin) used a taser_ammo_pack 1-12-2021, 11:28:10 AM
franklin(franklin) used a taser_ammo_pack 1-12-2021, 11:28:10 AM
franklin(franklin) used a taser_ammo_pack 1-12-2021, 11:28:10 AM
franklin(franklin) used a taser_ammo_pack 1-12-2021, 11:28:10 AM
franklin(franklin) used a taser_ammo_pack 1-12-2021, 11:28:10 AM
franklin(franklin) used a taser_ammo_pack 1-12-2021, 11:28:10 AM
franklin(franklin) used a taser 1-12-2021, 11:28:19 AM
franklin(franklin) used a storm_sniper 1-12-2021, 11:28:49 AM
franklin(franklin) used a aircraft 1-12-2021, 11:40:30 AM
franklin(franklin) used a aircraft 1-12-2021, 11:40:39 AM
franklin(franklin) used a nuclear_bomb 1-12-2021, 12:09:03 PM
franklin(franklin) used a nuclear_bomb 1-12-2021, 12:20:41 PM
franklin(franklin) used a carrier_missile 1-12-2021, 12:39:32 PM
franklin(franklin) used a cannon 1-12-2021, 12:40:59 PM
franklin(franklin) used a hand_grenade 1-12-2021, 12:41:24 PM
franklin(franklin) used a hand_grenade 1-12-2021, 12:41:24 PM
franklin(franklin) used a hand_grenade 1-12-2021, 12:41:24 PM
franklin(franklin) used a hand_grenade 1-12-2021, 12:41:24 PM
franklin(franklin) used a hand_grenade 1-12-2021, 12:41:24 PM
franklin(franklin) used a hand_grenade 1-12-2021, 12:41:25 PM
franklin(franklin) used a hand_grenade 1-12-2021, 12:41:25 PM
franklin(franklin) used a hand_grenade 1-12-2021, 12:41:25 PM
franklin(franklin) used a hand_grenade 1-12-2021, 12:41:25 PM
franklin(franklin) used a hand_grenade 1-12-2021, 12:41:25 PM
franklin(franklin) used a hand_grenade 1-12-2021, 12:41:25 PM
franklin(franklin) used a hand_grenade 1-12-2021, 12:41:26 PM
franklin(franklin) used a hand_grenade 1-12-2021, 12:41:26 PM
franklin(franklin) used a hand_grenade 1-12-2021, 12:41:34 PM
franklin(franklin) used a hand_grenade 1-12-2021, 12:41:35 PM
franklin(franklin) used a hand_grenade 1-12-2021, 12:41:36 PM
franklin(franklin) used a hand_grenade 1-12-2021, 12:41:37 PM
franklin(franklin) used a hand_grenade 1-12-2021, 12:41:38 PM
franklin(franklin) used a hand_grenade 1-12-2021, 12:41:38 PM
franklin(franklin) used a hand_grenade 1-12-2021, 12:41:38 PM
franklin(franklin) used a hand_grenade 1-12-2021, 12:41:38 PM
franklin(franklin) used a hand_grenade 1-12-2021, 12:41:39 PM
franklin(franklin) used a hand_grenade 1-12-2021, 12:41:39 PM
franklin(franklin) used a hand_grenade 1-12-2021, 12:41:39 PM
franklin(franklin) used a hand_grenade 1-12-2021, 12:41:39 PM
franklin(franklin) used a hand_grenade 1-12-2021, 12:41:39 PM
franklin(franklin) used a hand_grenade 1-12-2021, 12:41:45 PM
franklin(franklin) used a hand_grenade 1-12-2021, 12:41:46 PM
franklin(franklin) used a hand_grenade 1-12-2021, 12:41:46 PM
franklin(franklin) used a hand_grenade 1-12-2021, 12:41:52 PM
franklin(franklin) used a hand_grenade 1-12-2021, 12:41:53 PM
franklin(franklin) used a hand_grenade 1-12-2021, 12:41:55 PM
franklin(franklin) used a hand_grenade 1-12-2021, 12:41:56 PM
franklin(franklin) used a hand_grenade 1-12-2021, 12:41:56 PM
franklin(franklin) used a hand_grenade 1-12-2021, 12:41:56 PM
franklin(franklin) used a hand_grenade 1-12-2021, 12:41:56 PM
franklin(franklin) used a hand_grenade 1-12-2021, 12:41:56 PM
franklin(franklin) used a hand_grenade 1-12-2021, 12:41:56 PM
franklin(franklin) used a hand_grenade 1-12-2021, 12:41:56 PM
franklin(franklin) used a hand_grenade 1-12-2021, 12:41:56 PM
franklin(franklin) used a hand_grenade 1-12-2021, 12:41:56 PM
franklin(franklin) used a hand_grenade 1-12-2021, 12:41:57 PM
franklin(franklin) used a hand_grenade 1-12-2021, 12:41:57 PM
franklin(franklin) used a hand_grenade 1-12-2021, 12:41:57 PM
franklin(franklin) used a hand_grenade 1-12-2021, 12:41:57 PM
franklin(franklin) used a hand_grenade 1-12-2021, 12:41:57 PM
franklin(franklin) used a hand_grenade 1-12-2021, 12:41:57 PM
franklin(franklin) used a hand_grenade 1-12-2021, 12:41:57 PM
franklin(franklin) used a hand_grenade 1-12-2021, 12:41:58 PM
franklin(franklin) used a hand_grenade 1-12-2021, 12:42:04 PM
franklin(franklin) used a hand_grenade 1-12-2021, 12:42:04 PM
franklin(franklin) used a hand_grenade 1-12-2021, 12:42:04 PM
franklin(franklin) used a hand_grenade 1-12-2021, 12:42:04 PM
franklin(franklin) used a hand_grenade 1-12-2021, 12:42:04 PM
franklin(franklin) used a hand_grenade 1-12-2021, 12:42:04 PM
franklin(franklin) used a hand_grenade 1-12-2021, 12:42:05 PM
franklin(franklin) used a hand_grenade 1-12-2021, 12:42:05 PM
franklin(franklin) used a hand_grenade 1-12-2021, 12:42:05 PM
franklin(franklin) used a hand_grenade 1-12-2021, 12:42:05 PM
franklin(franklin) used a hand_grenade 1-12-2021, 12:42:05 PM
franklin(franklin) used a hand_grenade 1-12-2021, 12:42:05 PM
franklin(franklin) used a hand_grenade 1-12-2021, 12:42:05 PM
franklin(franklin) used a hand_grenade 1-12-2021, 12:42:05 PM
franklin(franklin) used a hand_grenade 1-12-2021, 12:42:06 PM
franklin(franklin) used a hand_grenade 1-12-2021, 12:42:06 PM
franklin(franklin) used a hand_grenade 1-12-2021, 12:42:07 PM
franklin(franklin) used a hand_grenade 1-12-2021, 12:42:07 PM
franklin(franklin) used a hand_grenade 1-12-2021, 12:42:08 PM
franklin(franklin) used a hand_grenade 1-12-2021, 12:42:09 PM
franklin(franklin) used a hand_grenade 1-12-2021, 12:42:09 PM
franklin(franklin) used a hand_grenade 1-12-2021, 12:42:10 PM
franklin(franklin) used a hand_grenade 1-12-2021, 12:42:10 PM
franklin(franklin) used a hand_grenade 1-12-2021, 12:42:10 PM
franklin(franklin) used a hand_grenade 1-12-2021, 12:42:11 PM
franklin(franklin) used a hand_grenade 1-12-2021, 12:42:11 PM
franklin(franklin) used a hand_grenade 1-12-2021, 12:42:11 PM
franklin(franklin) used a hand_grenade 1-12-2021, 12:42:11 PM
franklin(franklin) used a hand_grenade 1-12-2021, 12:42:11 PM
franklin(franklin) used a hand_grenade 1-12-2021, 12:42:11 PM
franklin(franklin) used a hand_grenade 1-12-2021, 12:42:12 PM
franklin(franklin) used a hand_grenade 1-12-2021, 12:42:12 PM
franklin(franklin) used a hand_grenade 1-12-2021, 12:42:12 PM
franklin(franklin) used a hand_grenade 1-12-2021, 12:42:12 PM
franklin(franklin) used a hand_grenade 1-12-2021, 12:42:12 PM
franklin(franklin) used a hand_grenade 1-12-2021, 12:42:12 PM
franklin(franklin) used a hand_grenade 1-12-2021, 12:42:13 PM
franklin(franklin) used a hand_grenade 1-12-2021, 12:42:13 PM
franklin(franklin) used a hand_grenade 1-12-2021, 12:43:12 PM
franklin(franklin) used a tk_ultra_health_potion 1-12-2021, 12:44:39 PM
franklin(franklin) used a tk_ultra_health_potion 1-12-2021, 12:44:39 PM
franklin(franklin) used a tk_ultra_health_potion 1-12-2021, 12:45:07 PM
franklin(franklin) used a tk_ultra_health_potion 1-12-2021, 12:45:07 PM
franklin(franklin) used a shield 1-12-2021, 12:45:19 PM
franklin(franklin) used a shield 1-12-2021, 12:45:19 PM
franklin(franklin) used a shield 1-12-2021, 12:45:19 PM
franklin(franklin) used a shield 1-12-2021, 12:45:20 PM
franklin(franklin) used a shield 1-12-2021, 12:45:20 PM
franklin(franklin) used a shield 1-12-2021, 12:45:20 PM
franklin(franklin) used a shield 1-12-2021, 12:45:21 PM
franklin(franklin) used a shield 1-12-2021, 12:45:21 PM
franklin(franklin) used a shield 1-12-2021, 12:45:23 PM
franklin(franklin) used a shield 1-12-2021, 12:45:23 PM
franklin(franklin) used a shield 1-12-2021, 12:45:23 PM
franklin(franklin) used a shield 1-12-2021, 12:45:23 PM
franklin(franklin) used a shield 1-12-2021, 12:45:24 PM
franklin(franklin) used a shield 1-12-2021, 12:45:25 PM
franklin(franklin) used a shield 1-12-2021, 12:45:25 PM
franklin(franklin) used a shield 1-12-2021, 12:45:26 PM
franklin(franklin) used a health_orb 1-12-2021, 1:41:17 PM
franklin(franklin) used a crossbow 1-12-2021, 1:59:29 PM
franklin(franklin) used a the_legendary_sword 1-12-2021, 2:00:09 PM
franklin(franklin) used a modern_sub_machine_gun_carbine 1-12-2021, 2:00:14 PM
franklin(franklin) used a rpg7 1-12-2021, 2:00:19 PM
franklin(franklin) used a tk_ultra_health_potion 1-12-2021, 2:44:23 PM
franklin(franklin) used a shield 1-12-2021, 3:52:22 PM
franklin(franklin) used a modern_sub_machine_gun_carbine 1-12-2021, 4:06:42 PM
franklin(franklin) used a the_legendary_sword 1-12-2021, 4:07:04 PM
franklin(franklin) used a rpg7 1-12-2021, 4:07:11 PM
franklin(franklin) used a rocket_launcher 1-12-2021, 4:07:15 PM
franklin(franklin) used a pack_of_15_stone 1-12-2021, 4:07:22 PM
franklin(franklin) used a cannon 1-12-2021, 4:07:25 PM
franklin(franklin) used a hand_cannon 1-12-2021, 4:07:37 PM
franklin(franklin) used a storm_sniper 1-12-2021, 4:07:48 PM
franklin(franklin) used a shield 1-12-2021, 4:59:08 PM
franklin(franklin) used a tk_ultra_health_potion 1-12-2021, 4:59:10 PM
franklin(franklin) used a tk_ultra_health_potion 1-12-2021, 4:59:10 PM
franklin(franklin) used a tk_ultra_health_potion 1-12-2021, 4:59:10 PM
franklin(franklin) used a tk_ultra_health_potion 1-12-2021, 4:59:11 PM
franklin(franklin) used a the_legendary_sword 1-12-2021, 5:21:33 PM
franklin(franklin) used a modern_sub_machine_gun_carbine 1-12-2021, 5:21:39 PM
franklin(franklin) used a rpg7 1-12-2021, 5:21:49 PM
franklin(franklin) used a rocket_launcher 1-12-2021, 5:21:52 PM
franklin(franklin) used a hand_cannon 1-12-2021, 5:22:12 PM
franklin(franklin) used a cannon 1-12-2021, 5:22:41 PM
franklin(franklin) used a storm_sniper 1-12-2021, 5:23:12 PM
franklin(franklin) used a shield 1-12-2021, 6:29:51 PM
franklin(franklin) used a shield 1-12-2021, 6:29:52 PM
franklin(franklin) used a tk_ultra_health_potion 1-12-2021, 6:29:52 PM
franklin(franklin) used a small_projectile 1-12-2021, 6:30:17 PM
franklin(franklin) used a small_projectile 1-12-2021, 6:30:17 PM
franklin(franklin) used a small_projectile 1-12-2021, 6:30:17 PM
franklin(franklin) used a small_projectile 1-12-2021, 6:30:17 PM
franklin(franklin) used a small_projectile 1-12-2021, 6:30:24 PM
franklin(franklin) used a turret 1-12-2021, 6:30:36 PM
franklin(franklin) used a turret 1-12-2021, 6:31:05 PM
franklin(franklin) used a sky_436_mine 1-12-2021, 6:32:42 PM
franklin(franklin) used a sky_436_mine 1-12-2021, 6:32:42 PM
franklin(franklin) used a sky_436_mine 1-12-2021, 6:32:42 PM
franklin(franklin) used a sky_436_mine 1-12-2021, 6:32:43 PM
franklin(franklin) used a sky_436_mine 1-12-2021, 6:32:43 PM
franklin(franklin) used a sky_436_mine 1-12-2021, 6:32:43 PM
franklin(franklin) used a sky_436_mine 1-12-2021, 6:32:44 PM
franklin(franklin) used a sky_436_mine 1-12-2021, 6:32:44 PM
franklin(franklin) used a sky_436_mine 1-12-2021, 6:32:44 PM
franklin(franklin) used a sky_436_mine 1-12-2021, 6:32:45 PM
franklin(franklin) used a sky_436_mine 1-12-2021, 6:32:45 PM
franklin(franklin) used a sky_436_mine 1-12-2021, 6:32:45 PM
franklin(franklin) used a sky_436_mine 1-12-2021, 6:32:46 PM
franklin(franklin) used a sky_436_mine 1-12-2021, 6:32:46 PM
franklin(franklin) used a sky_436_mine 1-12-2021, 6:32:46 PM
franklin(franklin) used a sky_436_mine 1-12-2021, 6:32:47 PM
franklin(franklin) used a sky_436_mine 1-12-2021, 6:32:47 PM
franklin(franklin) used a sky_436_mine 1-12-2021, 6:32:47 PM
franklin(franklin) used a sky_436_mine 1-12-2021, 6:32:47 PM
franklin(franklin) used a tk_ultra_health_potion 1-12-2021, 6:33:18 PM
franklin(franklin) used a tk_ultra_health_potion 1-12-2021, 6:33:18 PM
franklin(franklin) used a tk_ultra_health_potion 1-12-2021, 6:35:01 PM
franklin(franklin) used a tk_ultra_health_potion 1-12-2021, 6:35:01 PM
franklin(franklin) used a sky_436_mine 1-12-2021, 6:35:17 PM
franklin(franklin) used a sky_436_mine 1-12-2021, 6:35:17 PM
franklin(franklin) used a sky_436_mine 1-12-2021, 6:35:17 PM
franklin(franklin) used a sky_436_mine 1-12-2021, 6:35:17 PM
franklin(franklin) used a sky_436_mine 1-12-2021, 6:35:18 PM
franklin(franklin) used a sky_436_mine 1-12-2021, 6:35:18 PM
franklin(franklin) used a sky_436_mine 1-12-2021, 6:35:19 PM
franklin(franklin) used a sky_436_mine 1-12-2021, 6:35:19 PM
franklin(franklin) used a sky_436_mine 1-12-2021, 6:35:19 PM
franklin(franklin) used a sky_436_mine 1-12-2021, 6:35:20 PM
franklin(franklin) used a sky_436_mine 1-12-2021, 6:35:20 PM
franklin(franklin) used a sky_436_mine 1-12-2021, 6:35:20 PM
franklin(franklin) used a tk_ultra_health_potion 1-12-2021, 6:35:55 PM
franklin(franklin) used a tk_ultra_health_potion 1-12-2021, 6:35:55 PM
franklin(franklin) used a tk_ultra_health_potion 1-12-2021, 6:36:08 PM
franklin(franklin) used a tk_ultra_health_potion 1-12-2021, 6:36:08 PM
franklin(franklin) used a open_beer_bottle 1-12-2021, 6:42:59 PM
franklin(franklin) used a open_beer_bottle 1-12-2021, 6:42:59 PM
franklin(franklin) used a open_beer_bottle 1-12-2021, 6:42:59 PM
franklin(franklin) used a open_beer_bottle 1-12-2021, 6:43:00 PM
franklin(franklin) used a open_beer_bottle 1-12-2021, 6:43:00 PM
franklin(franklin) used a open_beer_bottle 1-12-2021, 6:43:00 PM
franklin(franklin) used a open_beer_bottle 1-12-2021, 6:43:01 PM
franklin(franklin) used a open_beer_bottle 1-12-2021, 6:43:01 PM
franklin(franklin) used a open_beer_bottle 1-12-2021, 6:43:01 PM
franklin(franklin) used a open_beer_bottle 1-12-2021, 6:43:03 PM
franklin(franklin) used a open_beer_bottle 1-12-2021, 6:43:03 PM
franklin(franklin) used a open_beer_bottle 1-12-2021, 6:43:03 PM
franklin(franklin) used a open_beer_bottle 1-12-2021, 6:43:04 PM
franklin(franklin) used a open_beer_bottle 1-12-2021, 6:43:04 PM
franklin(franklin) used a open_beer_bottle 1-12-2021, 6:43:04 PM
franklin(franklin) used a open_beer_bottle 1-12-2021, 6:43:05 PM
franklin(franklin) used a open_beer_bottle 1-12-2021, 6:43:05 PM
franklin(franklin) used a open_beer_bottle 1-12-2021, 6:43:05 PM
franklin(franklin) used a open_beer_bottle 1-12-2021, 6:43:05 PM
franklin(franklin) used a open_beer_bottle 1-12-2021, 6:43:06 PM
franklin(franklin) used a open_beer_bottle 1-12-2021, 6:43:06 PM
franklin(franklin) used a open_beer_bottle 1-12-2021, 6:43:06 PM
franklin(franklin) used a open_beer_bottle 1-12-2021, 6:43:07 PM
franklin(franklin) used a open_beer_bottle 1-12-2021, 6:43:07 PM
franklin(franklin) used a open_beer_bottle 1-12-2021, 6:43:07 PM
franklin(franklin) used a open_beer_bottle 1-12-2021, 6:43:08 PM
franklin(franklin) used a open_beer_bottle 1-12-2021, 6:43:08 PM
franklin(franklin) used a open_beer_bottle 1-12-2021, 6:43:08 PM
franklin(franklin) used a open_beer_bottle 1-12-2021, 6:43:09 PM
franklin(franklin) used a open_beer_bottle 1-12-2021, 6:43:09 PM
franklin(franklin) used a open_beer_bottle 1-12-2021, 6:43:09 PM
franklin(franklin) used a open_beer_bottle 1-12-2021, 6:43:10 PM
franklin(franklin) used a open_beer_bottle 1-12-2021, 6:43:10 PM
franklin(franklin) used a open_beer_bottle 1-12-2021, 6:43:10 PM
franklin(franklin) used a open_beer_bottle 1-12-2021, 6:43:11 PM
franklin(franklin) used a open_beer_bottle 1-12-2021, 6:43:11 PM
franklin(franklin) used a open_beer_bottle 1-12-2021, 6:43:11 PM
franklin(franklin) used a open_beer_bottle 1-12-2021, 6:43:12 PM
franklin(franklin) used a open_beer_bottle 1-12-2021, 6:43:12 PM
franklin(franklin) used a open_beer_bottle 1-12-2021, 6:43:12 PM
franklin(franklin) used a open_beer_bottle 1-12-2021, 6:43:13 PM
franklin(franklin) used a open_beer_bottle 1-12-2021, 6:43:13 PM
franklin(franklin) used a open_beer_bottle 1-12-2021, 6:43:13 PM
franklin(franklin) used a open_beer_bottle 1-12-2021, 6:43:14 PM
franklin(franklin) used a open_beer_bottle 1-12-2021, 6:53:44 PM
franklin(franklin) used a open_beer_bottle 1-12-2021, 6:53:45 PM
franklin(franklin) used a open_beer_bottle 1-12-2021, 6:53:56 PM
franklin(franklin) used a open_beer_bottle 1-12-2021, 6:53:59 PM
franklin(franklin) used a open_beer_bottle 1-12-2021, 6:54:02 PM
franklin(franklin) used a open_beer_bottle 1-12-2021, 6:54:02 PM
franklin(franklin) used a open_beer_bottle 1-12-2021, 6:54:03 PM
franklin(franklin) used a open_beer_bottle 1-12-2021, 6:54:03 PM
franklin(franklin) used a open_beer_bottle 1-12-2021, 6:54:03 PM
franklin(franklin) used a open_beer_bottle 1-12-2021, 6:54:04 PM
franklin(franklin) used a open_beer_bottle 1-12-2021, 6:54:04 PM
franklin(franklin) used a open_beer_bottle 1-12-2021, 6:54:04 PM
franklin(franklin) used a open_beer_bottle 1-12-2021, 6:54:05 PM
franklin(franklin) used a open_beer_bottle 1-12-2021, 6:54:05 PM
franklin(franklin) used a open_beer_bottle 1-12-2021, 6:54:05 PM
franklin(franklin) used a open_beer_bottle 1-12-2021, 6:54:06 PM
franklin(franklin) used a open_beer_bottle 1-12-2021, 6:54:14 PM
franklin(franklin) used a open_beer_bottle 1-12-2021, 6:54:15 PM
franklin(franklin) used a open_beer_bottle 1-12-2021, 6:54:24 PM
franklin(franklin) used a open_beer_bottle 1-12-2021, 6:54:25 PM
franklin(franklin) used a open_beer_bottle 1-12-2021, 6:54:26 PM
franklin(franklin) used a open_beer_bottle 1-12-2021, 6:54:26 PM
franklin(franklin) used a admingun 1-12-2021, 7:13:29 PM
franklin(franklin) used a the_legendary_sword 1-12-2021, 7:20:13 PM
franklin(franklin) used a modern_sub_machine_gun_carbine 1-12-2021, 7:20:18 PM
franklin(franklin) used a modern_sub_machine_gun_carbine 1-12-2021, 7:20:21 PM
franklin(franklin) used a rpg7 1-12-2021, 7:20:35 PM
franklin(franklin) used a rocket_launcher 1-12-2021, 7:20:38 PM
franklin(franklin) used a cannon 1-12-2021, 7:20:46 PM
franklin(franklin) used a hand_cannon 1-12-2021, 7:20:54 PM
franklin(franklin) used a hand_cannon 1-12-2021, 7:20:54 PM
franklin(franklin) used a storm_sniper 1-12-2021, 7:20:56 PM
franklin(franklin) used a tk_ultra_health_potion 1-12-2021, 7:23:56 PM
franklin(franklin) used a tk_ultra_health_potion 1-12-2021, 7:23:56 PM
franklin(franklin) used a tk_ultra_health_potion 1-12-2021, 7:24:14 PM
franklin(franklin) used a health_orb 1-12-2021, 8:05:51 PM
franklin(franklin) used a tk_ultra_health_potion 1-12-2021, 8:12:19 PM
franklin(franklin) used a tk_ultra_health_potion 1-12-2021, 8:12:20 PM
franklin(franklin) used a tk_ultra_health_potion 1-12-2021, 8:16:10 PM
franklin(franklin) used a shield 1-12-2021, 8:16:11 PM
franklin(franklin) used a shield 1-12-2021, 8:16:11 PM
franklin(franklin) used a shield 1-12-2021, 8:16:11 PM
franklin(franklin) used a shield 1-12-2021, 8:16:11 PM
franklin(franklin) used a shield 1-12-2021, 8:16:25 PM
franklin(franklin) used a shield 1-12-2021, 8:16:25 PM
franklin(franklin) used a shield 1-12-2021, 8:16:25 PM
franklin(franklin) used a shield 1-12-2021, 8:16:29 PM
franklin(franklin) used a shield 1-12-2021, 8:16:29 PM
franklin(franklin) used a shield 1-12-2021, 8:16:29 PM
franklin(franklin) used a shield 1-12-2021, 8:16:30 PM
franklin(franklin) used a shield 1-12-2021, 8:16:30 PM
franklin(franklin) used a shield 1-12-2021, 8:16:30 PM
franklin(franklin) used a shield 1-12-2021, 8:16:30 PM
franklin(franklin) used a shield 1-12-2021, 8:16:30 PM
franklin(franklin) used a shield 1-12-2021, 8:16:31 PM
franklin(franklin) used a shield 1-12-2021, 8:16:31 PM
franklin(franklin) used a shield 1-12-2021, 8:16:31 PM
franklin(franklin) used a shield 1-12-2021, 8:16:31 PM
franklin(franklin) used a shield 1-12-2021, 8:16:31 PM
franklin(franklin) used a shield 1-12-2021, 8:16:31 PM
franklin(franklin) used a shield 1-12-2021, 8:16:31 PM
franklin(franklin) used a shield 1-12-2021, 8:16:32 PM
franklin(franklin) used a shield 1-12-2021, 8:16:32 PM
franklin(franklin) used a shield 1-12-2021, 8:16:32 PM
franklin(franklin) used a shield 1-12-2021, 8:16:32 PM
franklin(franklin) used a shield 1-12-2021, 8:16:32 PM
franklin(franklin) used a shield 1-12-2021, 8:16:33 PM
franklin(franklin) used a tk_ultra_health_potion 1-12-2021, 8:16:34 PM
franklin(franklin) used a tk_ultra_health_potion 1-12-2021, 8:16:34 PM
franklin(franklin) used a the_legendary_sword 1-12-2021, 11:38:18 PM
franklin(franklin) used a metal_pack 1-12-2021, 11:38:27 PM
franklin(franklin) used a modern_sub_machine_gun_carbine 1-12-2021, 11:38:30 PM
franklin(franklin) used a rpg7 1-12-2021, 11:38:35 PM
franklin(franklin) used a rocket_launcher 1-12-2021, 11:38:41 PM
franklin(franklin) used a hand_cannon 1-12-2021, 11:38:48 PM
franklin(franklin) used a cannon 1-12-2021, 11:38:54 PM
franklin(franklin) used a cyanide_pistol 1-12-2021, 11:39:00 PM
franklin(franklin) used a cyanide_pistol 1-12-2021, 11:39:05 PM
franklin(franklin) used a taser 1-12-2021, 11:39:09 PM
franklin(franklin) used a storm_sniper 1-12-2021, 11:39:35 PM
franklin(franklin) used a tasing_small_projectile 1-12-2021, 11:42:57 PM
franklin(franklin) used a shield 1-12-2021, 11:43:20 PM
franklin(franklin) used a shield 1-12-2021, 11:43:21 PM
franklin(franklin) used a shield 1-12-2021, 11:43:24 PM
franklin(franklin) used a shield 1-12-2021, 11:43:24 PM
franklin(franklin) used a shield 1-12-2021, 11:43:24 PM
franklin(franklin) used a shield 1-12-2021, 11:43:26 PM
franklin(franklin) used a tk_ultra_health_potion 1-12-2021, 11:43:26 PM
franklin(franklin) used a tk_ultra_health_potion 1-12-2021, 11:43:26 PM
franklin(franklin) used a tk_ultra_health_potion 1-12-2021, 11:43:27 PM
franklin(franklin) used a aircraft 1-12-2021, 11:44:56 PM
franklin(franklin) used a armored_tank 1-12-2021, 11:45:00 PM
franklin(franklin) used a armored_tank 1-12-2021, 11:45:01 PM
franklin(franklin) used a armored_tank 1-12-2021, 11:47:14 PM
franklin(franklin) used a hand_grenade 1-12-2021, 11:49:05 PM
franklin(franklin) used a hand_grenade 1-12-2021, 11:49:06 PM
franklin(franklin) used a hand_grenade 1-12-2021, 11:49:06 PM
franklin(franklin) used a hand_grenade 1-12-2021, 11:49:12 PM
franklin(franklin) used a hand_grenade 1-12-2021, 11:49:12 PM
franklin(franklin) used a hand_grenade 1-12-2021, 11:49:12 PM
franklin(franklin) used a hand_grenade 1-12-2021, 11:49:12 PM
franklin(franklin) used a hand_grenade 1-12-2021, 11:49:12 PM
franklin(franklin) used a hand_grenade 1-12-2021, 11:49:12 PM
franklin(franklin) used a hand_grenade 1-12-2021, 11:49:13 PM
franklin(franklin) used a hand_grenade 1-12-2021, 11:49:13 PM
franklin(franklin) used a hand_grenade 1-12-2021, 11:49:13 PM
franklin(franklin) used a hand_grenade 1-12-2021, 11:49:13 PM
franklin(franklin) used a hand_grenade 1-12-2021, 11:49:16 PM
franklin(franklin) used a hand_grenade 1-12-2021, 11:49:17 PM
franklin(franklin) used a hand_grenade 1-12-2021, 11:49:18 PM
franklin(franklin) used a hand_grenade 1-12-2021, 11:49:18 PM
franklin(franklin) used a hand_grenade 1-12-2021, 11:49:18 PM
franklin(franklin) used a hand_grenade 1-12-2021, 11:49:18 PM
franklin(franklin) used a hand_grenade 1-12-2021, 11:49:19 PM
franklin(franklin) used a hand_grenade 1-12-2021, 11:49:19 PM
franklin(franklin) used a hand_grenade 1-12-2021, 11:49:26 PM
franklin(franklin) used a hand_grenade 1-12-2021, 11:49:26 PM
franklin(franklin) used a hand_grenade 1-12-2021, 11:49:27 PM
franklin(franklin) used a hand_grenade 1-12-2021, 11:49:27 PM
franklin(franklin) used a hand_grenade 1-12-2021, 11:49:27 PM
franklin(franklin) used a hand_grenade 1-12-2021, 11:49:27 PM
franklin(franklin) used a hand_grenade 1-12-2021, 11:49:28 PM
franklin(franklin) used a hand_grenade 1-12-2021, 11:49:40 PM
franklin(franklin) used a hand_grenade 1-12-2021, 11:49:42 PM
franklin(franklin) used a hand_grenade 1-12-2021, 11:49:42 PM
franklin(franklin) used a hand_grenade 1-12-2021, 11:49:42 PM
franklin(franklin) used a hand_grenade 1-12-2021, 11:49:42 PM
franklin(franklin) used a hand_grenade 1-12-2021, 11:49:45 PM
franklin(franklin) used a hand_grenade 1-12-2021, 11:49:45 PM
franklin(franklin) used a hand_grenade 1-12-2021, 11:49:45 PM
franklin(franklin) used a hand_grenade 1-12-2021, 11:49:45 PM
franklin(franklin) used a hand_grenade 1-12-2021, 11:49:45 PM
franklin(franklin) used a hand_grenade 1-12-2021, 11:49:46 PM
franklin(franklin) used a hand_grenade 1-12-2021, 11:49:46 PM
franklin(franklin) used a hand_grenade 1-12-2021, 11:49:46 PM
franklin(franklin) used a hand_grenade 1-12-2021, 11:49:46 PM
franklin(franklin) used a hand_grenade 1-12-2021, 11:49:46 PM
franklin(franklin) used a hand_grenade 1-12-2021, 11:49:46 PM
franklin(franklin) used a hand_grenade 1-12-2021, 11:49:49 PM
franklin(franklin) used a hand_grenade 1-12-2021, 11:49:50 PM
franklin(franklin) used a hand_grenade 1-12-2021, 11:49:51 PM
franklin(franklin) used a hand_grenade 1-12-2021, 11:49:52 PM
franklin(franklin) used a hand_grenade 1-12-2021, 11:49:52 PM
franklin(franklin) used a hand_grenade 1-12-2021, 11:49:53 PM
franklin(franklin) used a hand_grenade 1-12-2021, 11:49:53 PM
franklin(franklin) used a hand_grenade 1-12-2021, 11:49:57 PM
franklin(franklin) used a hand_grenade 1-12-2021, 11:49:57 PM
franklin(franklin) used a hand_grenade 1-12-2021, 11:49:58 PM
franklin(franklin) used a hand_grenade 1-12-2021, 11:49:58 PM
franklin(franklin) used a hand_grenade 1-12-2021, 11:49:59 PM
franklin(franklin) used a stp429_mini_missile 1-12-2021, 11:50:09 PM
franklin(franklin) used a hand_grenade 1-12-2021, 11:50:31 PM
franklin(franklin) used a hand_grenade 1-12-2021, 11:50:31 PM
franklin(franklin) used a hand_grenade 1-12-2021, 11:50:35 PM
franklin(franklin) used a hand_grenade 1-12-2021, 11:50:35 PM
franklin(franklin) used a hand_grenade 1-12-2021, 11:50:35 PM
franklin(franklin) used a hand_grenade 1-12-2021, 11:50:37 PM
franklin(franklin) used a hand_grenade 1-12-2021, 11:50:38 PM
franklin(franklin) used a hand_grenade 1-12-2021, 11:50:38 PM
franklin(franklin) used a hand_grenade 1-12-2021, 11:50:38 PM
franklin(franklin) used a hand_grenade 1-12-2021, 11:50:38 PM
franklin(franklin) used a hand_grenade 1-12-2021, 11:50:38 PM
franklin(franklin) used a hand_grenade 1-12-2021, 11:50:39 PM
franklin(franklin) used a hand_grenade 1-12-2021, 11:50:39 PM
franklin(franklin) used a hand_grenade 1-12-2021, 11:50:39 PM
franklin(franklin) used a hand_grenade 1-12-2021, 11:50:39 PM
franklin(franklin) used a hand_grenade 1-12-2021, 11:50:39 PM
franklin(franklin) used a hand_grenade 1-12-2021, 11:50:40 PM
franklin(franklin) used a hand_grenade 1-12-2021, 11:50:40 PM
franklin(franklin) used a hand_grenade 1-12-2021, 11:50:40 PM
franklin(franklin) used a hand_grenade 1-12-2021, 11:50:40 PM
franklin(franklin) used a hand_grenade 1-12-2021, 11:50:40 PM
franklin(franklin) used a hand_grenade 1-12-2021, 11:50:40 PM
franklin(franklin) used a hand_grenade 1-12-2021, 11:50:41 PM
franklin(franklin) used a hand_grenade 1-12-2021, 11:50:41 PM
franklin(franklin) used a hand_grenade 1-12-2021, 11:50:41 PM
franklin(franklin) used a hand_grenade 1-12-2021, 11:50:41 PM
franklin(franklin) used a hand_grenade 1-12-2021, 11:50:41 PM
franklin(franklin) used a hand_grenade 1-12-2021, 11:50:42 PM
franklin(franklin) used a hand_grenade 1-12-2021, 11:50:42 PM
franklin(franklin) used a hand_grenade 1-12-2021, 11:50:42 PM
franklin(franklin) used a hand_grenade 1-12-2021, 11:50:42 PM
franklin(franklin) used a hand_grenade 1-12-2021, 11:50:42 PM
franklin(franklin) used a hand_grenade 1-12-2021, 11:50:42 PM
franklin(franklin) used a hand_grenade 1-12-2021, 11:50:43 PM
franklin(franklin) used a hand_grenade 1-12-2021, 11:50:43 PM
franklin(franklin) used a hand_grenade 1-12-2021, 11:50:43 PM
franklin(franklin) used a hand_grenade 1-12-2021, 11:50:43 PM
franklin(franklin) used a hand_grenade 1-12-2021, 11:50:43 PM
franklin(franklin) used a hand_grenade 1-12-2021, 11:50:43 PM
franklin(franklin) used a hand_grenade 1-12-2021, 11:50:44 PM
franklin(franklin) used a hand_grenade 1-12-2021, 11:50:44 PM
franklin(franklin) used a hand_grenade 1-12-2021, 11:50:46 PM
franklin(franklin) used a hand_grenade 1-12-2021, 11:50:46 PM
franklin(franklin) used a hand_grenade 1-12-2021, 11:50:46 PM
franklin(franklin) used a hand_grenade 1-12-2021, 11:50:47 PM
franklin(franklin) used a hand_grenade 1-12-2021, 11:50:47 PM
franklin(franklin) used a hand_grenade 1-12-2021, 11:50:47 PM
franklin(franklin) used a hand_grenade 1-12-2021, 11:50:47 PM
franklin(franklin) used a hand_grenade 1-12-2021, 11:50:47 PM
franklin(franklin) used a hand_grenade 1-12-2021, 11:50:47 PM
franklin(franklin) used a hand_grenade 1-12-2021, 11:50:48 PM
franklin(franklin) used a hand_grenade 1-12-2021, 11:50:48 PM
franklin(franklin) used a hand_grenade 1-12-2021, 11:50:48 PM
franklin(franklin) used a hand_grenade 1-12-2021, 11:50:48 PM
franklin(franklin) used a hand_grenade 1-12-2021, 11:50:48 PM
franklin(franklin) used a hand_grenade 1-12-2021, 11:50:49 PM
franklin(franklin) used a hand_grenade 1-12-2021, 11:50:49 PM
franklin(franklin) used a hand_grenade 1-12-2021, 11:50:49 PM
franklin(franklin) used a hand_grenade 1-12-2021, 11:50:49 PM
franklin(franklin) used a hand_grenade 1-12-2021, 11:50:49 PM
franklin(franklin) used a hand_grenade 1-12-2021, 11:50:50 PM
franklin(franklin) used a hand_grenade 1-12-2021, 11:50:50 PM
franklin(franklin) used a hand_grenade 1-12-2021, 11:51:04 PM
franklin(franklin) used a hand_grenade 1-12-2021, 11:51:05 PM
franklin(franklin) used a hand_grenade 1-12-2021, 11:51:05 PM
franklin(franklin) used a hand_grenade 1-12-2021, 11:51:05 PM
franklin(franklin) used a hand_grenade 1-12-2021, 11:51:05 PM
franklin(franklin) used a hand_grenade 1-12-2021, 11:51:05 PM
franklin(franklin) used a hand_grenade 1-12-2021, 11:51:06 PM
franklin(franklin) used a hand_grenade 1-12-2021, 11:51:06 PM
franklin(franklin) used a hand_grenade 1-12-2021, 11:51:06 PM