
bloodstorm(bloodstorm) bought 1000 hand_grenades 8-23-2020, 10:42:03 AM
bloodstorm(bloodstorm) bought 1000 wirebombs 8-23-2020, 10:42:07 AM
bloodstorm(bloodstorm) bought 1000 timebombs 8-23-2020, 10:42:12 AM
bloodstorm(bloodstorm) bought 1000 guided_missiles 8-23-2020, 10:42:16 AM
bloodstorm(bloodstorm) bought 1000 mass_bombs 8-23-2020, 10:42:20 AM
bloodstorm(bloodstorm) bought 1000 mines 8-23-2020, 10:42:24 AM
bloodstorm(bloodstorm) bought 1000 remote_timebombs 8-23-2020, 10:42:27 AM
bloodstorm(bloodstorm) bought 1000 remote_bombs 8-23-2020, 10:42:30 AM
bloodstorm(bloodstorm) bought 1000 bullet_bombs 8-23-2020, 10:42:34 AM
bloodstorm(bloodstorm) bought 1000 security_bombs 8-23-2020, 10:42:37 AM
bloodstorm(bloodstorm) bought 1000 barricade_bombs 8-23-2020, 10:42:42 AM
bloodstorm(bloodstorm) bought 1000 sky_436_mines 8-23-2020, 10:42:46 AM
bloodstorm(bloodstorm) bought 1000 motion_bombs 8-23-2020, 10:42:49 AM
bloodstorm(bloodstorm) bought 1000 pipe_bombs 8-23-2020, 10:42:53 AM
bloodstorm(bloodstorm) bought 1000 concussive_grenades 8-23-2020, 10:42:57 AM
bloodstorm(bloodstorm) bought 1000 stun_grenades 8-23-2020, 10:43:03 AM
bloodstorm(bloodstorm) bought 1000 grenade_packs 8-23-2020, 10:43:06 AM
bloodstorm(bloodstorm) bought 1000 impact_bombs 8-23-2020, 10:43:09 AM
bloodstorm(bloodstorm) bought 1000 suicide_bombs 8-23-2020, 10:43:12 AM
bloodstorm(bloodstorm) bought 1000 ultrabombs 8-23-2020, 10:43:34 AM
bloodstorm(bloodstorm) bought 1000 bottle_bombs 8-23-2020, 10:43:37 AM
bloodstorm(bloodstorm) bought 1000 sniper_ammo_packs 8-23-2020, 10:45:20 AM
bloodstorm(bloodstorm) bought 1000 rpg7_ammo_packs 8-23-2020, 10:45:35 AM
bloodstorm(bloodstorm) bought 1000 cannon_ammo_packs 8-23-2020, 10:45:39 AM
bloodstorm(bloodstorm) bought 1000 fnminimilight_ammo_packs 8-23-2020, 10:45:43 AM
bloodstorm(bloodstorm) bought 1000 crossbow_ammo_packs 8-23-2020, 10:45:47 AM
bloodstorm(bloodstorm) bought 1000 pack_of_30_ammo_crt43_automatic_shotguns 8-23-2020, 10:45:52 AM
bloodstorm(bloodstorm) bought 1000 pack_of_100_ammo_colt_ar_15_assault_rifles 8-23-2020, 10:45:56 AM
bloodstorm(bloodstorm) bought 1000 pack_of_60_ammo_mlk_207_combat_rifles 8-23-2020, 10:46:00 AM
bloodstorm(bloodstorm) bought 1000 pack_of_100_ammo_m16_assault_rifles 8-23-2020, 10:46:05 AM
bloodstorm(bloodstorm) bought 1000 pack_of_20_ammo_beretta_m1951_machine_pistols 8-23-2020, 10:46:10 AM
bloodstorm(bloodstorm) bought 1000 pack_of_30_ammo_glock_17_pistols 8-23-2020, 10:46:14 AM
bloodstorm(bloodstorm) bought 1000 pack_of_20_ammo_sig_p226_combat_pistols 8-23-2020, 10:46:19 AM
bloodstorm(bloodstorm) bought 1000 pack_of_100_ammo_modern_sub_machine_gun_carbines 8-23-2020, 10:46:25 AM
bloodstorm(bloodstorm) bought 1000 pack_of_20_ammo_cop_357_derringer_pistols 8-23-2020, 10:46:30 AM
bloodstorm(bloodstorm) bought 1000 pack_of_80_ammo_str_301_long_barreled_machine_pistols 8-23-2020, 10:46:36 AM
bloodstorm(bloodstorm) bought 1000 pack_of_20_ammo_ags30s 8-23-2020, 10:46:45 AM
bloodstorm(bloodstorm) bought 1000 pack_of_20_ammo_m79_grenade_launchers 8-23-2020, 10:46:59 AM
bloodstorm(bloodstorm) bought 1000 pack_of_36_ammo_stp106_long_barreled_pistols 8-23-2020, 10:47:11 AM
bloodstorm(bloodstorm) bought 1000 pack_of_50_ammo_beretta_nano_pocket_pistols 8-23-2020, 10:47:17 AM
bloodstorm(bloodstorm) bought 1000 pack_of_80_ammo_stp21_handguns 8-23-2020, 10:47:30 AM
bloodstorm(bloodstorm) bought 1000 pack_of_300_ammo_nak_nk1000_decimaters 8-23-2020, 10:47:41 AM
bloodstorm(bloodstorm) bought 1000 pack_of_100_ammo_throwing_knivess 8-23-2020, 10:47:47 AM
bloodstorm(bloodstorm) bought 1000 pack_of_10_ammo_barrett_m82_sniper_rifles 8-23-2020, 10:47:53 AM
bloodstorm(bloodstorm) bought 1000 pack_of_10_ammo_rocket_launchers 8-23-2020, 10:48:04 AM
bloodstorm(bloodstorm) bought 1000 taser_ammo_packs 8-23-2020, 10:48:07 AM
bloodstorm(bloodstorm) bought 1000 awp_ammo_packs 8-23-2020, 10:48:11 AM
bloodstorm(bloodstorm) bought 1000 gauss_ammo_packs 8-23-2020, 10:48:14 AM
bloodstorm(bloodstorm) bought 1000 shotgun_ammo_packs 8-23-2020, 10:48:18 AM
bloodstorm(bloodstorm) bought 1000 pistol_ammo_packs 8-23-2020, 10:48:21 AM
bloodstorm(bloodstorm) bought 1000 pack_of_6_ammo_gp30s 8-23-2020, 10:48:27 AM
bloodstorm(bloodstorm) bought 1000 pack_of_4_ammo_hand_cannons 8-23-2020, 10:48:32 AM
bloodstorm(bloodstorm) bought 1000 pack_of_30_ammo_cyanide_pistols 8-23-2020, 10:48:39 AM
bloodstorm(bloodstorm) bought 1000 pack_of_10_ammo_str_32_pump_action_shotguns 8-23-2020, 10:48:45 AM
bloodstorm(bloodstorm) bought 1000 carrier_missiles 8-23-2020, 10:50:37 AM
bloodstorm(bloodstorm) bought 1000 warp_boxs 8-23-2020, 10:50:40 AM
bloodstorm(bloodstorm) bought 1000 bomb_defusers 8-23-2020, 10:50:44 AM
bloodstorm(bloodstorm) bought 1000 missile_interceptors 8-23-2020, 10:50:48 AM
bloodstorm(bloodstorm) bought 1000 fire_extinguishers 8-23-2020, 10:50:52 AM
bloodstorm(bloodstorm) bought 1000 invisibility_shields 8-23-2020, 10:50:56 AM
bloodstorm(bloodstorm) bought 1000 shields 8-23-2020, 10:51:01 AM
bloodstorm(bloodstorm) bought 1000 wood_packs 8-23-2020, 10:51:04 AM
bloodstorm(bloodstorm) bought 1000 ultrabomb_silencers 8-23-2020, 10:51:09 AM
bloodstorm(bloodstorm) bought 1000 health_orbs 8-23-2020, 10:52:26 AM
bloodstorm(bloodstorm) bought 1000 poison_drinks 8-23-2020, 10:52:31 AM
bloodstorm(bloodstorm) bought 1000 antibiotic_packs 8-23-2020, 10:53:18 AM
bloodstorm(bloodstorm) bought 1000 throwing_stars 8-23-2020, 10:53:44 AM
bloodstorm(bloodstorm) bought 1000 remote_guns 8-23-2020, 10:53:51 AM
bloodstorm(bloodstorm) bought 1000 robots 8-23-2020, 10:53:54 AM
bloodstorm(bloodstorm) bought 1000 health_darts 8-23-2020, 10:54:00 AM
bloodstorm(bloodstorm) bought 1000 stun_darts 8-23-2020, 10:54:03 AM
bloodstorm(bloodstorm) bought 1000 poison_darts 8-23-2020, 10:54:07 AM
bloodstorm(bloodstorm) bought 1000 stones 8-23-2020, 10:54:10 AM
bloodstorm(bloodstorm) bought 1000 snowballs 8-23-2020, 10:54:17 AM
bloodstorm(bloodstorm) bought 1000 helicopters 8-23-2020, 10:54:25 AM
bloodstorm(bloodstorm) bought 1000 turrets 8-23-2020, 10:58:06 AM
bloodstorm(bloodstorm) bought 1000 aircrafts 8-23-2020, 11:08:25 AM
bloodstorm(bloodstorm) bought 1000 tanks 8-23-2020, 11:08:27 AM
bloodstorm(bloodstorm) bought 1000 police_cars 8-23-2020, 11:08:31 AM
bloodstorm(bloodstorm) bought 1000 fuel_tanks 8-23-2020, 11:08:36 AM
bloodstorm(bloodstorm) bought 1000 metal_packs 8-23-2020, 11:08:39 AM
bloodstorm(bloodstorm) bought 1000 armored_tanks 8-23-2020, 11:19:03 AM