
stronger (stronger) said всем залп 8-23-2020, 2:20:26 PM
stronger (stronger) said о какие люди давид здорово 8-23-2020, 2:21:51 PM
stronger (stronger) said титана кто помнит из hvr 8-23-2020, 2:22:50 PM
stronger (stronger) said ни хера себе 8-23-2020, 3:10:39 PM
stronger (stronger) said прошу прощения может тут материться нельзя 8-23-2020, 3:11:13 PM
stronger (stronger) said молодец давид 8-23-2020, 4:24:59 PM
stronger (stronger) said а ты кому 8-23-2020, 5:17:54 PM
stronger (stronger) said о круто 8-23-2020, 5:20:51 PM
stronger (stronger) said ребят  8-23-2020, 5:21:18 PM
stronger (stronger) said а какая игра раньше появилась эта или hvr 8-23-2020, 5:21:42 PM
stronger (stronger) said ответ принет 8-23-2020, 5:22:37 PM
stronger (stronger) said ответ правельный 8-23-2020, 5:22:52 PM
stronger (stronger) said эта конечно 8-23-2020, 5:23:08 PM
stronger (stronger) said я вам даже больше скажу 8-23-2020, 5:23:29 PM
stronger (stronger) said кто аномалию знает  8-23-2020, 5:23:45 PM
stronger (stronger) said а чо было то 8-23-2020, 9:01:36 PM
stronger (stronger) said просто у меня на английском все 8-23-2020, 9:02:01 PM
stronger (stronger) said растера оставь 8-23-2020, 9:02:59 PM
stronger (stronger) said назад листай 8-23-2020, 9:03:11 PM
stronger (stronger) said вот 8-23-2020, 9:03:21 PM
stronger (stronger) said там песня растера была 8-23-2020, 9:03:55 PM
stronger (stronger) said а кто музоном руководит 8-23-2020, 9:04:45 PM
stronger (stronger) said ну кто листает ща песни 8-23-2020, 9:05:08 PM
stronger (stronger) said ребят а к вам можно где вы обитаете там 8-23-2020, 9:05:55 PM
stronger (stronger) said а смешная там бывает или нет 8-23-2020, 9:07:02 PM
stronger (stronger) said если вы про меня ни нужна мне учетка  8-23-2020, 9:30:56 PM
stronger (stronger) said она не работает еще 8-23-2020, 9:31:44 PM
stronger (stronger) said ща я вас порадую 8-23-2020, 9:32:04 PM
stronger (stronger) said короче слухайте 8-23-2020, 9:32:18 PM
stronger (stronger) said ее elvond откроет скоро 8-23-2020, 9:32:55 PM
stronger (stronger) said elwond  8-23-2020, 9:35:30 PM
stronger (stronger) said короче 8-23-2020, 9:36:08 PM
stronger (stronger) said подождите пару дней и все тут 8-23-2020, 9:36:24 PM
stronger (stronger) said если не веришь и если админы разрешат опишу подробнее ситуацию 8-23-2020, 9:37:41 PM
stronger (stronger) said ладно тогда мое дело сторона хорошо тут хоть смешная не шастает 8-23-2020, 9:38:21 PM
stronger (stronger) said ястреб 8-23-2020, 9:39:06 PM
stronger (stronger) said ты узнал меня кстати 8-23-2020, 9:39:17 PM
stronger (stronger) said в смысле 8-23-2020, 9:39:47 PM
stronger (stronger) said о здоров вадик 8-23-2020, 9:40:23 PM
stronger (stronger) said титана помнишь 8-23-2020, 9:45:35 PM
stronger (stronger) said а чо мне6 еще кроме ринга доступно 8-23-2020, 9:46:40 PM
stronger (stronger) said ну на 51 уровне 8-23-2020, 9:47:03 PM
stronger (stronger) said тут 8-23-2020, 9:47:26 PM
stronger (stronger) said ща там покачаюсь пока 8-23-2020, 9:47:57 PM
stronger (stronger) said darkserver адрес или портал  8-23-2020, 10:00:30 PM
stronger (stronger) said просто не могу найти вас 8-23-2020, 10:00:43 PM
stronger (stronger) said тут в сборке от гранда нет вас 8-23-2020, 10:01:03 PM
stronger (stronger) said а название самого портала 8-23-2020, 10:01:36 PM
stronger (stronger) said ястреб 8-23-2020, 11:03:04 PM
stronger (stronger) said а как тут русификатор включить 8-23-2020, 11:03:19 PM
stronger (stronger) said или его тут нет 8-23-2020, 11:03:33 PM
stronger (stronger) said ястреб ты тут кто 8-23-2020, 11:08:29 PM
stronger (stronger) said админ или не 8-23-2020, 11:08:37 PM
stronger (stronger) said чо молчим 8-23-2020, 11:08:55 PM