
vadimka(vadimka) used a spiked_chain_mace 8-23-2020, 9:42:51 PM
vadimka(vadimka) used a steal_warhammer 8-23-2020, 10:02:31 PM
vadimka(vadimka) used a shield 8-23-2020, 10:12:49 PM
vadimka(vadimka) used a shield 8-23-2020, 10:12:49 PM
vadimka(vadimka) used a shield 8-23-2020, 10:12:49 PM
vadimka(vadimka) used a shield 8-23-2020, 10:12:49 PM
vadimka(vadimka) used a shield 8-23-2020, 10:12:49 PM
vadimka(vadimka) used a shield 8-23-2020, 10:12:49 PM
vadimka(vadimka) used a shield 8-23-2020, 10:12:50 PM
vadimka(vadimka) used a shield 8-23-2020, 10:12:50 PM
vadimka(vadimka) used a shield 8-23-2020, 10:12:50 PM
vadimka(vadimka) used a shield 8-23-2020, 10:12:50 PM
vadimka(vadimka) used a shield 8-23-2020, 10:12:50 PM
vadimka(vadimka) used a shield 8-23-2020, 10:12:50 PM
vadimka(vadimka) used a shield 8-23-2020, 10:12:50 PM
vadimka(vadimka) used a shield 8-23-2020, 10:12:51 PM
vadimka(vadimka) used a shield 8-23-2020, 10:12:51 PM
vadimka(vadimka) used a shield 8-23-2020, 10:12:51 PM
vadimka(vadimka) used a shield 8-23-2020, 10:12:51 PM
vadimka(vadimka) used a shield 8-23-2020, 10:12:51 PM
vadimka(vadimka) used a shield 8-23-2020, 10:12:51 PM
vadimka(vadimka) used a shield 8-23-2020, 10:12:52 PM
vadimka(vadimka) used a shield 8-23-2020, 10:12:52 PM
vadimka(vadimka) used a shield 8-23-2020, 10:12:52 PM
vadimka(vadimka) used a shield 8-23-2020, 10:12:52 PM
vadimka(vadimka) used a shield 8-23-2020, 10:12:52 PM
vadimka(vadimka) used a shield 8-23-2020, 10:12:52 PM
vadimka(vadimka) used a shield 8-23-2020, 10:12:53 PM
vadimka(vadimka) used a shield 8-23-2020, 10:12:53 PM
vadimka(vadimka) used a shield 8-23-2020, 10:12:53 PM
vadimka(vadimka) used a shield 8-23-2020, 10:12:53 PM
vadimka(vadimka) used a shield 8-23-2020, 10:12:53 PM
vadimka(vadimka) used a shield 8-23-2020, 10:12:53 PM
vadimka(vadimka) used a shield 8-23-2020, 10:12:54 PM
vadimka(vadimka) used a shield 8-23-2020, 10:12:54 PM
vadimka(vadimka) used a health_drink 8-23-2020, 10:13:20 PM
vadimka(vadimka) used a health_drink 8-23-2020, 10:13:24 PM
vadimka(vadimka) used a health_drink 8-23-2020, 10:13:27 PM
vadimka(vadimka) used a health_drink 8-23-2020, 10:13:30 PM
vadimka(vadimka) used a helicopter 8-23-2020, 10:13:56 PM
vadimka(vadimka) used a helicopter 8-23-2020, 10:14:00 PM
vadimka(vadimka) used a health_drink 8-23-2020, 10:14:12 PM
vadimka(vadimka) used a health_drink 8-23-2020, 10:14:30 PM
vadimka(vadimka) used a shield 8-23-2020, 10:17:43 PM
vadimka(vadimka) used a shield 8-23-2020, 10:17:43 PM
vadimka(vadimka) used a shield 8-23-2020, 10:17:44 PM
vadimka(vadimka) used a shield 8-23-2020, 10:17:44 PM
vadimka(vadimka) used a health_drink 8-23-2020, 10:18:05 PM
vadimka(vadimka) used a shield 8-23-2020, 10:21:11 PM
vadimka(vadimka) used a shield 8-23-2020, 10:21:11 PM
vadimka(vadimka) used a shield 8-23-2020, 10:21:11 PM
vadimka(vadimka) used a shield 8-23-2020, 10:21:11 PM
vadimka(vadimka) used a shield 8-23-2020, 10:21:12 PM
vadimka(vadimka) used a shield 8-23-2020, 10:21:12 PM
vadimka(vadimka) used a shield 8-23-2020, 10:21:12 PM
vadimka(vadimka) used a shield 8-23-2020, 10:21:12 PM
vadimka(vadimka) used a shield 8-23-2020, 10:21:12 PM
vadimka(vadimka) used a shield 8-23-2020, 10:21:12 PM
vadimka(vadimka) used a shield 8-23-2020, 10:21:13 PM
vadimka(vadimka) used a shield 8-23-2020, 10:21:13 PM
vadimka(vadimka) used a shield 8-23-2020, 10:21:13 PM
vadimka(vadimka) used a shield 8-23-2020, 10:21:14 PM
vadimka(vadimka) used a steal_warhammer 8-23-2020, 10:35:21 PM
vadimka(vadimka) used a health_drink 8-23-2020, 10:35:40 PM
vadimka(vadimka) used a health_drink 8-23-2020, 10:35:43 PM
vadimka(vadimka) used a health_drink 8-23-2020, 10:35:48 PM
vadimka(vadimka) used a health_drink 8-23-2020, 10:35:53 PM
vadimka(vadimka) used a health_drink 8-23-2020, 10:43:11 PM
vadimka(vadimka) used a health_drink 8-23-2020, 10:43:12 PM
vadimka(vadimka) used a health_drink 8-23-2020, 10:43:26 PM
vadimka(vadimka) used a health_drink 8-23-2020, 10:43:35 PM
vadimka(vadimka) used a shield 8-23-2020, 10:44:00 PM
vadimka(vadimka) used a shield 8-23-2020, 10:44:00 PM
vadimka(vadimka) used a shield 8-23-2020, 10:44:00 PM
vadimka(vadimka) used a shield 8-23-2020, 10:44:01 PM
vadimka(vadimka) used a shield 8-23-2020, 10:44:01 PM
vadimka(vadimka) used a health_drink 8-23-2020, 10:44:03 PM
vadimka(vadimka) used a health_drink 8-23-2020, 10:44:39 PM
vadimka(vadimka) used a shield 8-23-2020, 10:47:52 PM
vadimka(vadimka) used a shield 8-23-2020, 10:47:53 PM