
krokodailtop(krokodailtop) used a rpg7 1-19-2021, 1:04:50 PM
krokodailtop(krokodailtop) used a rocket_launcher 1-19-2021, 1:04:59 PM
krokodailtop(krokodailtop) used a shotgun 1-19-2021, 1:05:08 PM
krokodailtop(krokodailtop) used a sniper 1-19-2021, 1:05:22 PM
krokodailtop(krokodailtop) used a pistol 1-19-2021, 1:05:33 PM
krokodailtop(krokodailtop) used a steal_warhammer 1-19-2021, 1:07:35 PM
krokodailtop(krokodailtop) used a shield 1-19-2021, 1:13:12 PM
krokodailtop(krokodailtop) used a shield 1-19-2021, 1:13:13 PM
krokodailtop(krokodailtop) used a shield 1-19-2021, 1:13:13 PM
krokodailtop(krokodailtop) used a shield 1-19-2021, 1:13:14 PM
krokodailtop(krokodailtop) used a shield 1-19-2021, 1:13:14 PM
krokodailtop(krokodailtop) used a shield 1-19-2021, 1:13:14 PM
krokodailtop(krokodailtop) used a shield 1-19-2021, 1:13:14 PM
krokodailtop(krokodailtop) used a shield 1-19-2021, 1:13:15 PM
krokodailtop(krokodailtop) used a shield 1-19-2021, 1:13:15 PM
krokodailtop(krokodailtop) used a shield 1-19-2021, 1:13:15 PM
krokodailtop(krokodailtop) used a shield 1-19-2021, 1:13:16 PM
krokodailtop(krokodailtop) used a shield 1-19-2021, 1:13:16 PM
krokodailtop(krokodailtop) used a shield 1-19-2021, 1:13:16 PM
krokodailtop(krokodailtop) used a shield 1-19-2021, 1:13:17 PM
krokodailtop(krokodailtop) used a shield 1-19-2021, 1:13:17 PM
krokodailtop(krokodailtop) used a shield 1-19-2021, 1:13:17 PM
krokodailtop(krokodailtop) used a shield 1-19-2021, 1:13:18 PM
krokodailtop(krokodailtop) used a shield 1-19-2021, 1:13:18 PM
krokodailtop(krokodailtop) used a shield 1-19-2021, 1:13:18 PM
krokodailtop(krokodailtop) used a shield 1-19-2021, 1:13:18 PM
krokodailtop(krokodailtop) used a shield 1-19-2021, 1:13:19 PM
krokodailtop(krokodailtop) used a shield 1-19-2021, 1:13:19 PM
krokodailtop(krokodailtop) used a shield 1-19-2021, 1:13:19 PM
krokodailtop(krokodailtop) used a shield 1-19-2021, 1:13:19 PM
krokodailtop(krokodailtop) used a shield 1-19-2021, 1:13:20 PM
krokodailtop(krokodailtop) used a shield 1-19-2021, 1:13:20 PM
krokodailtop(krokodailtop) used a shield 1-19-2021, 1:13:20 PM
krokodailtop(krokodailtop) used a shield 1-19-2021, 1:13:21 PM
krokodailtop(krokodailtop) used a nuclear_bomb 1-19-2021, 1:13:30 PM
krokodailtop(krokodailtop) used a nuclear_bomb 1-19-2021, 1:13:31 PM
krokodailtop(krokodailtop) used a health_drink 1-19-2021, 1:13:32 PM
krokodailtop(krokodailtop) used a nuclear_bomb 1-19-2021, 1:13:34 PM
krokodailtop(krokodailtop) used a nuclear_bomb 1-19-2021, 1:13:34 PM
krokodailtop(krokodailtop) used a nuclear_bomb 1-19-2021, 1:13:38 PM
krokodailtop(krokodailtop) used a nuclear_bomb 1-19-2021, 1:13:38 PM
krokodailtop(krokodailtop) used a shield 1-19-2021, 1:14:09 PM
krokodailtop(krokodailtop) used a shield 1-19-2021, 1:14:09 PM
krokodailtop(krokodailtop) used a shield 1-19-2021, 1:14:10 PM
krokodailtop(krokodailtop) used a tk_ultra_health_potion 1-19-2021, 1:14:11 PM
krokodailtop(krokodailtop) used a tk_ultra_health_potion 1-19-2021, 1:14:16 PM
krokodailtop(krokodailtop) used a health_drink 1-19-2021, 1:14:18 PM
krokodailtop(krokodailtop) used a health_drink 1-19-2021, 1:14:18 PM
krokodailtop(krokodailtop) used a health_drink 1-19-2021, 1:14:52 PM
krokodailtop(krokodailtop) used a health_drink 1-19-2021, 1:14:53 PM
krokodailtop(krokodailtop) used a tk_ultra_health_potion 1-19-2021, 1:14:59 PM
krokodailtop(krokodailtop) used a the_legendary_sword 1-19-2021, 3:41:34 PM
krokodailtop(krokodailtop) used a helicopter 1-19-2021, 3:41:43 PM
krokodailtop(krokodailtop) used a turret 1-19-2021, 3:41:59 PM
krokodailtop(krokodailtop) used a turret 1-19-2021, 3:42:03 PM
krokodailtop(krokodailtop) used a turret 1-19-2021, 3:42:05 PM
krokodailtop(krokodailtop) used a police_car 1-19-2021, 3:42:09 PM
krokodailtop(krokodailtop) used a hipersound_bomb 1-19-2021, 3:42:21 PM
krokodailtop(krokodailtop) used a fire_starter 1-19-2021, 3:42:59 PM
krokodailtop(krokodailtop) used a armored_tank 1-19-2021, 3:43:30 PM
krokodailtop(krokodailtop) used a music_box 1-19-2021, 3:43:46 PM
krokodailtop(krokodailtop) used a music_box 1-19-2021, 3:43:53 PM
krokodailtop(krokodailtop) used a music_box 1-19-2021, 3:43:54 PM
krokodailtop(krokodailtop) used a turret 1-19-2021, 3:45:10 PM
krokodailtop(krokodailtop) used a ags30 1-19-2021, 3:47:16 PM
krokodailtop(krokodailtop) used a ags30 1-19-2021, 3:47:34 PM
krokodailtop(krokodailtop) used a cyanide_pistol 1-19-2021, 3:51:38 PM
krokodailtop(krokodailtop) used a pack_of_10_antibiotic 1-19-2021, 6:51:18 PM
krokodailtop(krokodailtop) used a grenade_pack 1-19-2021, 6:51:29 PM
krokodailtop(krokodailtop) used a grenade_pack 1-19-2021, 6:51:29 PM
krokodailtop(krokodailtop) used a dead_bear 1-19-2021, 6:57:31 PM
krokodailtop(krokodailtop) used a tasing_small_projectile 1-19-2021, 6:59:27 PM
krokodailtop(krokodailtop) used a raisin 1-19-2021, 7:00:07 PM
krokodailtop(krokodailtop) used a raisin 1-19-2021, 7:00:08 PM