
youtube (blindgamers14) sent /teams 2-17-2021, 4:59:24 AM
youtube (blindgamers14) sent /where AnhSon 2-17-2021, 5:22:04 AM
youtube (blindgamers14) sent /teams 2-17-2021, 5:25:19 AM
youtube (blindgamers14) sent /r lol 2-17-2021, 5:27:39 AM
youtube (blindgamers14) sent /teams 2-17-2021, 5:30:29 AM
youtube (blindgamers14) sent /teams 2-17-2021, 5:30:49 AM
youtube (blindgamers14) sent /t yay finish 2-17-2021, 5:40:55 AM
youtube (blindgamers14) sent /t recording 2-17-2021, 5:41:07 AM
youtube (blindgamers14) sent /t something hahhahh 2-17-2021, 5:41:28 AM
youtube (blindgamers14) sent /t yeah 2-17-2021, 5:42:38 AM
youtube (blindgamers14) sent /t watchout this rpg 2-17-2021, 5:43:25 AM
youtube (blindgamers14) sent /t why 2-17-2021, 5:43:42 AM
youtube (blindgamers14) sent /t its nto hedding to you so not hit 2-17-2021, 5:44:03 AM
youtube (blindgamers14) sent /t ok zalp 2-17-2021, 5:44:21 AM
youtube (blindgamers14) sent /t fuck 2-17-2021, 5:46:18 AM
youtube (blindgamers14) sent /t ok 2-17-2021, 5:46:38 AM
youtube (blindgamers14) sent /t hahah 2-17-2021, 5:46:58 AM
youtube (blindgamers14) sent /t ok 2-17-2021, 5:47:26 AM
youtube (blindgamers14) sent /lchat lol This team just got 524 extra points! 2-17-2021, 5:48:13 AM
youtube (blindgamers14) sent /t lol lets make taht team canceled 2-17-2021, 5:49:06 AM
youtube (blindgamers14) sent /t oging to second acc 2-17-2021, 5:49:23 AM
youtube (blindgamers14) sent /lchat ok done 2-17-2021, 6:57:32 AM
youtube (blindgamers14) sent /r roflgamer001 2-17-2021, 8:50:29 AM
youtube (blindgamers14) sent /lchat this buggy 2-17-2021, 8:55:24 AM
youtube (blindgamers14) sent /t hahahh 2-17-2021, 8:59:08 AM
youtube (blindgamers14) sent /t hahah 2-17-2021, 9:01:56 AM
youtube (blindgamers14) sent /t what ok button 2-17-2021, 9:02:31 AM
youtube (blindgamers14) sent /t Message  edit  blank 2-17-2021, 9:02:37 AM
youtube (blindgamers14) sent /t lol my nvda 2-17-2021, 9:02:56 AM
youtube (blindgamers14) sent /t what 2-17-2021, 9:03:42 AM
youtube (blindgamers14) sent /t nope? 2-17-2021, 9:03:49 AM
youtube (blindgamers14) sent /t first start talking 2-17-2021, 9:04:00 AM
youtube (blindgamers14) sent /t control shift a 2-17-2021, 9:04:07 AM
youtube (blindgamers14) sent /t tell what 2-17-2021, 9:04:16 AM
youtube (blindgamers14) sent /bid ok 2-17-2021, 9:04:29 AM
youtube (blindgamers14) sent /t roflgamer 2-17-2021, 9:04:36 AM
youtube (blindgamers14) sent /t lol User Channel Operator Online 2-17-2021, 9:04:51 AM
youtube (blindgamers14) sent /t what you are doing 2-17-2021, 9:04:59 AM
youtube (blindgamers14) sent /t timepasS? 2-17-2021, 9:05:19 AM
youtube (blindgamers14) sent /t lets try this hh 2-17-2021, 9:05:41 AM
youtube (blindgamers14) sent /t Classroom (operator controls transmissions)  check box  checked 2-17-2021, 9:05:43 AM
youtube (blindgamers14) sent /t lol 2-17-2021, 9:06:08 AM
youtube (blindgamers14) sent /t what you doing 2-17-2021, 9:07:25 AM
youtube (blindgamers14) sent /t ll 2-17-2021, 9:07:27 AM
youtube (blindgamers14) sent /t ahah where is this lawson 2-17-2021, 9:11:04 AM
youtube (blindgamers14) sent /t maybe he's computer have no sounds? ll 2-17-2021, 9:11:31 AM
youtube (blindgamers14) sent /t ovicemeeter is more easyer to setup 2-17-2021, 9:12:03 AM
youtube (blindgamers14) sent /t hey see, New notification from Skype, lawson awesome in "tk people awesome ", help the thing you told me to download made my computer go completely silent. . Text Input Reply  window 2-17-2021, 9:12:10 AM
youtube (blindgamers14) sent /t lol  2-17-2021, 9:14:20 AM
youtube (blindgamers14) sent /t he's computer now cilence 2-17-2021, 9:14:29 AM
youtube (blindgamers14) sent /t lol i tell dont start it yet 2-17-2021, 9:15:46 AM
youtube (blindgamers14) sent /t meh, voicemeeter is easyer from this virtual audio cable 2-17-2021, 9:16:40 AM
youtube (blindgamers14) sent /t Conversation read up to this point by 2 people.  grouping 2-17-2021, 9:16:59 AM
youtube (blindgamers14) sent /t waht 2-17-2021, 9:17:32 AM
youtube (blindgamers14) sent /t what 2-17-2021, 9:17:35 AM
youtube (blindgamers14) sent /t ok why 2-17-2021, 9:18:23 AM
youtube (blindgamers14) sent /t kk 2-17-2021, 9:18:26 AM
youtube (blindgamers14) sent /t dont kno hahah 2-17-2021, 9:18:40 AM
youtube (blindgamers14) sent /t maybe just stay there hh 2-17-2021, 9:19:10 AM
youtube (blindgamers14) sent /t ll 2-17-2021, 9:19:11 AM
youtube (blindgamers14) sent /t yes 2-17-2021, 9:19:18 AM
youtube (blindgamers14) sent /t o k 2-17-2021, 9:19:33 AM
youtube (blindgamers14) sent /t lll 2-17-2021, 9:19:36 AM
youtube (blindgamers14) sent /t WhatsApp desktop, App, Press right to switch preview  1 of 4 2-17-2021, 9:19:49 AM
youtube (blindgamers14) sent /t ok wait 2-17-2021, 9:20:17 AM
youtube (blindgamers14) sent /t Enter the number you want to send a message to:  edit  EX.: 5531999999999  blank 2-17-2021, 9:21:00 AM
youtube (blindgamers14) sent /t lol its blank 2-17-2021, 9:21:20 AM
youtube (blindgamers14) sent /t Enter the number you want to send a message to:  edit  focused  +91 8263970154  2-17-2021, 9:21:32 AM
youtube (blindgamers14) sent /t lol 2-17-2021, 9:21:37 AM
youtube (blindgamers14) sent /t This number is in an invalid format. It must contain only numbers, the country code and the city code before the phone number.  2-17-2021, 9:22:05 AM
youtube (blindgamers14) sent /t but i using plus sign 2-17-2021, 9:22:23 AM
youtube (blindgamers14) sent /t lol invalid 2-17-2021, 9:23:38 AM
youtube (blindgamers14) sent /t +62 85695036978 2-17-2021, 9:24:35 AM
youtube (blindgamers14) sent /t hi 2-17-2021, 9:27:08 AM
youtube (blindgamers14) sent /t what 2-17-2021, 9:27:19 AM
youtube (blindgamers14) sent /t o k 2-17-2021, 9:27:32 AM
youtube (blindgamers14) sent /t what 2-17-2021, 9:30:56 AM
youtube (blindgamers14) sent /t wait 2-17-2021, 9:32:38 AM
youtube (blindgamers14) sent /t done 2-17-2021, 9:33:57 AM
youtube (blindgamers14) sent /r yeah 2-17-2021, 9:34:53 AM
youtube (blindgamers14) sent /r the driver audio change automaticly after you install that things 2-17-2021, 9:35:05 AM
youtube (blindgamers14) sent /t ok want open remote? 2-17-2021, 9:35:17 AM
youtube (blindgamers14) sent /r ok open remote/ 2-17-2021, 9:35:26 AM
youtube (blindgamers14) sent /t no rong 2-17-2021, 9:35:30 AM
youtube (blindgamers14) sent /t hey you receave that 2-17-2021, 9:36:19 AM
youtube (blindgamers14) sent /t now 2-17-2021, 9:36:32 AM
youtube (blindgamers14) sent /r connect 2-17-2021, 9:37:00 AM
youtube (blindgamers14) sent /r hahah wait 2-17-2021, 9:37:51 AM
youtube (blindgamers14) sent /t Speakers; 2- Realtek(R) Audio; Default Device  2 of 5 2-17-2021, 9:39:27 AM
youtube (blindgamers14) sent /t lol this is lawson pc 2-17-2021, 9:39:43 AM
youtube (blindgamers14) sent /t i have remote bomb ther 2-17-2021, 9:40:53 AM
youtube (blindgamers14) sent /r hmm you need addon for this 2-17-2021, 9:41:39 AM
youtube (blindgamers14) sent /r please clic yes on this window below 2-17-2021, 9:42:58 AM
youtube (blindgamers14) sent /r hmm wait i frget to setup 2-17-2021, 9:44:56 AM
youtube (blindgamers14) sent /r forget 2-17-2021, 9:45:01 AM
youtube (blindgamers14) sent /suicide 2-17-2021, 9:45:06 AM
youtube (blindgamers14) sent /t Headset; JBL LIVE650BTNC Hands-Free AG Audio; Disconnected  3 of 6 2-17-2021, 9:45:27 AM
youtube (blindgamers14) sent /t lol 2-17-2021, 9:45:34 AM
youtube (blindgamers14) sent /t lawson audio device 2-17-2021, 9:45:45 AM
youtube (blindgamers14) sent /t lol this lawson not xpeaking 2-17-2021, 9:47:35 AM
youtube (blindgamers14) sent /t how about i chat as him 2-17-2021, 9:47:43 AM
youtube (blindgamers14) sent /t lol  2-17-2021, 9:47:46 AM
youtube (blindgamers14) sent /r hey       2-17-2021, 9:47:52 AM
youtube (blindgamers14) sent /r i forget 2-17-2021, 9:48:06 AM
youtube (blindgamers14) sent /r how to setup 2-17-2021, 9:48:13 AM
youtube (blindgamers14) sent /lchat no you 2-17-2021, 9:48:19 AM
youtube (blindgamers14) sent /lchat that is my transfer place 2-17-2021, 9:48:28 AM
youtube (blindgamers14) sent /r just let it  2-17-2021, 9:48:36 AM
youtube (blindgamers14) sent /r nwo can you here sound right? 2-17-2021, 9:48:43 AM
youtube (blindgamers14) sent /lchat watch out dont shoot you 2-17-2021, 9:49:35 AM
youtube (blindgamers14) sent /r what 2-17-2021, 9:54:56 AM
youtube (blindgamers14) sent /t lol btw i still connectet to he's pc 2-17-2021, 10:10:07 AM
youtube (blindgamers14) sent /t lets send something weard 2-17-2021, 10:10:22 AM
youtube (blindgamers14) sent /t lol 2-17-2021, 10:10:24 AM
youtube (blindgamers14) sent /t llol Clipboard pushed 2-17-2021, 10:10:42 AM
youtube (blindgamers14) sent /r ooi 2-17-2021, 10:11:16 AM
youtube (blindgamers14) sent /r lol 2-17-2021, 10:11:27 AM
youtube (blindgamers14) sent /r where  2-17-2021, 10:11:45 AM
youtube (blindgamers14) sent /r where tell 2-17-2021, 10:11:52 AM
youtube (blindgamers14) sent /r lol 2-17-2021, 10:12:12 AM
youtube (blindgamers14) sent /pm tsunami hey do you have still have other shelter 2-17-2021, 10:15:03 AM
youtube (blindgamers14) sent /r you still have shleter or not 2-17-2021, 10:15:26 AM
youtube (blindgamers14) sent /lchat other shelter 2-17-2021, 10:15:42 AM
youtube (blindgamers14) sent /r OH OK  2-17-2021, 10:16:36 AM
youtube (blindgamers14) sent /t YEAH WHY NOT 2-17-2021, 10:16:45 AM
youtube (blindgamers14) sent /r going 2-17-2021, 10:17:08 AM
youtube (blindgamers14) sent /t lol  2-17-2021, 10:17:56 AM
youtube (blindgamers14) sent /t lol 2-17-2021, 10:20:06 AM
youtube (blindgamers14) sent /r hey i kno the safe place to place shelter 2-17-2021, 10:20:25 AM
youtube (blindgamers14) sent /t yeah near it 2-17-2021, 10:22:05 AM
youtube (blindgamers14) sent /lchat rlolf 2-17-2021, 10:22:53 AM
youtube (blindgamers14) sent /pm salman oi give me access 2-17-2021, 10:59:10 AM
youtube (blindgamers14) sent /lchat ok done 2-17-2021, 11:00:32 AM
youtube (blindgamers14) sent /t lol good way to gain teampoints 2-17-2021, 11:11:47 AM
youtube (blindgamers14) sent /teams 2-17-2021, 11:12:11 AM
youtube (blindgamers14) sent /t what 2-17-2021, 11:13:45 AM
youtube (blindgamers14) sent /t oi? 2-17-2021, 11:14:32 AM
youtube (blindgamers14) sent /t what 2-17-2021, 11:14:50 AM
youtube (blindgamers14) sent /lchat   k  2-17-2021, 11:17:07 AM
youtube (blindgamers14) sent /t allow 2-17-2021, 11:19:14 AM
youtube (blindgamers14) sent /lchat ok 2-17-2021, 11:19:36 AM
youtube (blindgamers14) sent /lchat lol 2-17-2021, 11:20:14 AM
youtube (blindgamers14) sent /lchat lol how man healhty 2-17-2021, 11:20:40 AM
youtube (blindgamers14) sent /lchat ok ok is top 2-17-2021, 11:21:06 AM
youtube (blindgamers14) sent /lchat it not hit you 2-17-2021, 11:21:36 AM
youtube (blindgamers14) sent /lchat wath out 2-17-2021, 11:21:47 AM
youtube (blindgamers14) sent /lchat ok i sotp 2-17-2021, 11:22:06 AM
youtube (blindgamers14) sent /t ok 2-17-2021, 11:22:20 AM
youtube (blindgamers14) sent /lchat ohoh lets 2-17-2021, 11:23:17 AM
youtube (blindgamers14) sent /teamshelters 2-17-2021, 11:23:23 AM
youtube (blindgamers14) sent /suicide 2-17-2021, 11:23:44 AM
youtube (blindgamers14) sent /lchat oh s 2-17-2021, 11:28:20 AM
youtube (blindgamers14) sent /s1 2-17-2021, 11:30:12 AM
youtube (blindgamers14) sent /lchat lol 2-17-2021, 11:30:28 AM
youtube (blindgamers14) sent /lchat lol hahah 2-17-2021, 11:31:32 AM
youtube (blindgamers14) sent /t lol 2-17-2021, 11:32:04 AM
youtube (blindgamers14) sent /t l 2-17-2021, 11:35:09 AM
youtube (blindgamers14) sent /suicide 2-17-2021, 11:42:00 AM
youtube (blindgamers14) sent /lchat enter 2-17-2021, 11:42:15 AM
youtube (blindgamers14) sent /lchat enter 2-17-2021, 11:42:19 AM
youtube (blindgamers14) sent /t hey let me kil it 2-17-2021, 11:42:41 AM
youtube (blindgamers14) sent /t now i 2-17-2021, 11:43:22 AM
youtube (blindgamers14) sent /t ha 2-17-2021, 11:43:42 AM
youtube (blindgamers14) sent /t hm  kk 2-17-2021, 11:44:00 AM
youtube (blindgamers14) sent /t hahahh 2-17-2021, 11:44:10 AM
youtube (blindgamers14) sent /t right timing 2-17-2021, 11:44:19 AM
youtube (blindgamers14) sent /where doraemon423 2-17-2021, 11:44:28 AM
youtube (blindgamers14) sent /lchat going also 2-17-2021, 11:44:51 AM
youtube (blindgamers14) sent /suicide 2-17-2021, 11:44:53 AM
youtube (blindgamers14) sent /t hey what is this team password 2-17-2021, 11:45:25 AM
youtube (blindgamers14) sent /t use /teampass 2-17-2021, 11:45:41 AM
youtube (blindgamers14) sent /t ll 2-17-2021, 11:45:44 AM
youtube (blindgamers14) sent /t ll 2-17-2021, 11:46:07 AM
youtube (blindgamers14) sent /t k going to watch something' 2-17-2021, 11:46:21 AM
youtube (blindgamers14) sent /t want join? hh 2-17-2021, 11:46:44 AM
youtube (blindgamers14) sent /t ha  2-17-2021, 2:03:38 PM
youtube (blindgamers14) sent /lchat lol you dieing 2-17-2021, 2:06:23 PM
youtube (blindgamers14) sent /t dont 2-17-2021, 2:06:49 PM
youtube (blindgamers14) sent /chars 2-17-2021, 2:08:24 PM
youtube (blindgamers14) sent /suicide 2-17-2021, 2:09:11 PM
youtube (blindgamers14) sent /suicide 2-17-2021, 2:10:10 PM
youtube (blindgamers14) sent /t ll 2-17-2021, 2:11:14 PM
youtube (blindgamers14) sent /r b 2-17-2021, 2:13:25 PM
youtube (blindgamers14) sent /lchat not yet 2-17-2021, 2:14:36 PM
youtube (blindgamers14) sent /s57 2-17-2021, 2:15:10 PM
youtube (blindgamers14) sent /auction 2-17-2021, 2:16:53 PM
youtube (blindgamers14) sent /bid 333333 2-17-2021, 2:16:59 PM
youtube (blindgamers14) sent /bid 2222 2-17-2021, 2:27:52 PM
youtube (blindgamers14) sent /bid 888888888 2-17-2021, 2:33:20 PM
youtube (blindgamers14) sent /bid 777777777 2-17-2021, 2:33:32 PM
youtube (blindgamers14) sent /where doraemon423 2-17-2021, 2:39:03 PM
youtube (blindgamers14) sent /t lol he get poizen 2-17-2021, 2:40:41 PM
youtube (blindgamers14) sent /lchat ll die 2-17-2021, 2:44:31 PM
youtube (blindgamers14) sent /t done what 2-17-2021, 2:54:21 PM
youtube (blindgamers14) sent /stats lbindgamers14 2-17-2021, 2:56:34 PM
youtube (blindgamers14) sent /stats blindgamers14 2-17-2021, 2:56:38 PM
youtube (blindgamers14) sent /t hmm i lasy to download it hahahh 2-17-2021, 2:57:06 PM
youtube (blindgamers14) sent /t hey give me link on skype 2-17-2021, 2:57:22 PM
youtube (blindgamers14) sent /t giveme 2-17-2021, 2:57:36 PM
youtube (blindgamers14) sent /where Simba 2-17-2021, 2:57:52 PM
youtube (blindgamers14) sent /t what 2-17-2021, 2:57:55 PM
youtube (blindgamers14) sent /t ok 2-17-2021, 2:58:09 PM
youtube (blindgamers14) sent /t let it get poizen 2-17-2021, 2:58:46 PM
youtube (blindgamers14) sent /lchat fase where 2-17-2021, 3:01:04 PM
youtube (blindgamers14) sent /t why 2-17-2021, 3:04:42 PM
youtube (blindgamers14) sent /t ok 2-17-2021, 3:04:49 PM
youtube (blindgamers14) sent /t come fast 2-17-2021, 3:05:02 PM
youtube (blindgamers14) sent /t ok 2-17-2021, 3:05:09 PM
youtube (blindgamers14) sent /t lol 2-17-2021, 3:06:22 PM
youtube (blindgamers14) sent /t lol 2-17-2021, 3:07:05 PM
youtube (blindgamers14) sent /t go connect 2-17-2021, 3:07:16 PM
youtube (blindgamers14) sent /t remotegun 2-17-2021, 3:07:25 PM