
darkness(darkness) used a mini_antibiotic_pack 2-17-2021, 12:58:31 PM
darkness(darkness) used a mini_antibiotic_pack 2-17-2021, 12:58:32 PM
darkness(darkness) used a mini_antibiotic_pack 2-17-2021, 12:58:32 PM
darkness(darkness) used a mini_antibiotic_pack 2-17-2021, 12:58:32 PM
darkness(darkness) used a mini_antibiotic_pack 2-17-2021, 12:58:32 PM
darkness(darkness) used a mini_antibiotic_pack 2-17-2021, 12:58:32 PM
darkness(darkness) used a mini_antibiotic_pack 2-17-2021, 12:58:33 PM
darkness(darkness) used a mini_antibiotic_pack 2-17-2021, 12:58:33 PM
darkness(darkness) used a mini_antibiotic_pack 2-17-2021, 12:58:33 PM
darkness(darkness) used a mini_antibiotic_pack 2-17-2021, 12:58:33 PM
darkness(darkness) used a mini_antibiotic_pack 2-17-2021, 12:58:34 PM
darkness(darkness) used a mini_antibiotic_pack 2-17-2021, 12:58:34 PM
darkness(darkness) used a mini_antibiotic_pack 2-17-2021, 12:58:34 PM
darkness(darkness) used a mini_antibiotic_pack 2-17-2021, 12:58:34 PM
darkness(darkness) used a mini_antibiotic_pack 2-17-2021, 12:58:35 PM
darkness(darkness) used a mini_antibiotic_pack 2-17-2021, 12:58:35 PM
darkness(darkness) used a mini_antibiotic_pack 2-17-2021, 12:58:35 PM
darkness(darkness) used a mini_antibiotic_pack 2-17-2021, 12:58:35 PM
darkness(darkness) used a mini_antibiotic_pack 2-17-2021, 12:58:36 PM
darkness(darkness) used a mini_antibiotic_pack 2-17-2021, 12:58:36 PM
darkness(darkness) used a mini_antibiotic_pack 2-17-2021, 12:58:36 PM
darkness(darkness) used a mini_antibiotic_pack 2-17-2021, 12:58:36 PM
darkness(darkness) used a antibiotic 2-17-2021, 12:58:39 PM
darkness(darkness) used a antibiotic 2-17-2021, 12:58:43 PM
darkness(darkness) used a shield 2-17-2021, 12:58:56 PM
darkness(darkness) used a shield 2-17-2021, 12:58:57 PM
darkness(darkness) used a shield 2-17-2021, 12:58:57 PM
darkness(darkness) used a shield 2-17-2021, 12:58:58 PM
darkness(darkness) used a shield 2-17-2021, 12:58:58 PM
darkness(darkness) used a shield 2-17-2021, 12:58:58 PM
darkness(darkness) used a shield 2-17-2021, 12:58:59 PM
darkness(darkness) used a shield 2-17-2021, 12:58:59 PM
darkness(darkness) used a shield 2-17-2021, 12:59:00 PM
darkness(darkness) used a shield 2-17-2021, 12:59:00 PM
darkness(darkness) used a shield 2-17-2021, 12:59:00 PM
darkness(darkness) used a shield 2-17-2021, 12:59:01 PM
darkness(darkness) used a shield 2-17-2021, 12:59:01 PM
darkness(darkness) used a shield 2-17-2021, 12:59:01 PM
darkness(darkness) used a shield 2-17-2021, 12:59:02 PM
darkness(darkness) used a shield 2-17-2021, 12:59:02 PM
darkness(darkness) used a shield 2-17-2021, 12:59:03 PM
darkness(darkness) used a shield 2-17-2021, 12:59:03 PM
darkness(darkness) used a shield 2-17-2021, 12:59:03 PM
darkness(darkness) used a shield 2-17-2021, 12:59:04 PM
darkness(darkness) used a shield 2-17-2021, 12:59:04 PM
darkness(darkness) used a shield 2-17-2021, 12:59:05 PM
darkness(darkness) used a shield 2-17-2021, 12:59:05 PM
darkness(darkness) used a shield 2-17-2021, 12:59:08 PM
darkness(darkness) used a antibiotic 2-17-2021, 12:59:17 PM
darkness(darkness) used a antibiotic 2-17-2021, 12:59:48 PM
darkness(darkness) used a antibiotic 2-17-2021, 1:00:16 PM
darkness(darkness) used a antibiotic 2-17-2021, 1:01:16 PM
darkness(darkness) used a antibiotic 2-17-2021, 1:01:19 PM
darkness(darkness) used a antibiotic 2-17-2021, 1:01:43 PM
darkness(darkness) used a sniper_ammo_pack 2-17-2021, 1:02:23 PM
darkness(darkness) used a sniper_ammo_pack 2-17-2021, 1:02:23 PM
darkness(darkness) used a sniper_ammo_pack 2-17-2021, 1:02:23 PM
darkness(darkness) used a sniper_ammo_pack 2-17-2021, 1:02:23 PM
darkness(darkness) used a sniper_ammo_pack 2-17-2021, 1:02:23 PM
darkness(darkness) used a sniper_ammo_pack 2-17-2021, 1:02:24 PM
darkness(darkness) used a sniper_ammo_pack 2-17-2021, 1:02:24 PM
darkness(darkness) used a sniper_ammo_pack 2-17-2021, 1:02:24 PM
darkness(darkness) used a sniper_ammo_pack 2-17-2021, 1:02:24 PM
darkness(darkness) used a sniper_ammo_pack 2-17-2021, 1:02:24 PM
darkness(darkness) used a sniper_ammo_pack 2-17-2021, 1:02:24 PM
darkness(darkness) used a sniper_ammo_pack 2-17-2021, 1:02:25 PM
darkness(darkness) used a sniper 2-17-2021, 1:02:27 PM
darkness(darkness) used a sniper 2-17-2021, 1:03:18 PM
darkness(darkness) used a sniper 2-17-2021, 1:03:19 PM
darkness(darkness) used a sniper 2-17-2021, 1:07:51 PM
darkness(darkness) used a sniper 2-17-2021, 1:07:51 PM
darkness(darkness) used a sniper 2-17-2021, 1:09:04 PM
darkness(darkness) used a sniper 2-17-2021, 1:09:06 PM
darkness(darkness) used a sniper 2-17-2021, 2:05:16 PM
darkness(darkness) used a sniper 2-17-2021, 2:05:17 PM
darkness(darkness) used a antibiotic 2-17-2021, 2:06:08 PM
darkness(darkness) used a antibiotic 2-17-2021, 2:06:09 PM
darkness(darkness) used a antibiotic 2-17-2021, 2:09:11 PM
darkness(darkness) used a antibiotic 2-17-2021, 2:09:11 PM
darkness(darkness) used a antibiotic 2-17-2021, 2:09:51 PM
darkness(darkness) used a shield 2-17-2021, 2:41:36 PM
darkness(darkness) used a shield 2-17-2021, 2:41:37 PM
darkness(darkness) used a shield 2-17-2021, 2:41:37 PM
darkness(darkness) used a shield 2-17-2021, 2:41:39 PM
darkness(darkness) used a sniper 2-17-2021, 2:41:46 PM
darkness(darkness) used a tasing_small_projectile 2-17-2021, 2:41:56 PM
darkness(darkness) used a flair 2-17-2021, 9:35:22 PM
darkness(darkness) used a flair 2-17-2021, 9:35:26 PM