
rockstar99 (elijah) sent /t hi bro 2-17-2021, 2:51:21 PM
rockstar99 (elijah) sent /t ek is back 2-17-2021, 2:51:26 PM
rockstar99 (elijah) sent /t i am fine bro 2-17-2021, 2:51:34 PM
rockstar99 (elijah) sent /t salman 2-17-2021, 2:51:42 PM
rockstar99 (elijah) sent /t are you finish download 2-17-2021, 2:51:54 PM
rockstar99 (elijah) sent /t ow? 2-17-2021, 2:52:08 PM
rockstar99 (elijah) sent /t wait wait 2-17-2021, 2:52:12 PM
rockstar99 (elijah) sent /t ok 2-17-2021, 2:52:43 PM
rockstar99 (elijah) sent /t http://www.engelsiz-productions.tk/ek.zip 2-17-2021, 2:53:27 PM
rockstar99 (elijah) sent /pm Simba http://www.engelsiz-productions.tk/ek.zip 2-17-2021, 2:54:53 PM
rockstar99 (elijah) sent /t ok bye 2-17-2021, 2:55:16 PM
rockstar99 (elijah) sent /lchat me too 2-17-2021, 8:06:07 PM
rockstar99 (elijah) sent /lchat tq bro 2-17-2021, 8:06:29 PM
rockstar99 (elijah) sent /t will you give me? 2-17-2021, 8:15:09 PM
rockstar99 (elijah) sent /t ok thanks so much 2-17-2021, 8:15:22 PM
rockstar99 (elijah) sent /t are you finish download? 2-17-2021, 8:15:58 PM
rockstar99 (elijah) sent /t e k 2-17-2021, 8:16:03 PM
rockstar99 (elijah) sent /pm istek hi 2-17-2021, 8:23:18 PM
rockstar99 (elijah) sent /gnsubmit 33 2-17-2021, 8:23:26 PM
rockstar99 (elijah) sent /pm istek hi 2-17-2021, 8:23:41 PM
rockstar99 (elijah) sent /r i have good news for you 2-17-2021, 8:24:00 PM
rockstar99 (elijah) sent /r salman will give me tw 7/0 src 2-17-2021, 8:24:33 PM
rockstar99 (elijah) sent /r of corse 2-17-2021, 8:25:03 PM
rockstar99 (elijah) sent /r i will give you 2-17-2021, 8:26:24 PM
rockstar99 (elijah) sent /r if i got 2-17-2021, 8:26:30 PM
rockstar99 (elijah) sent /t ok salman send me tomorrow ok? 2-17-2021, 8:27:44 PM
rockstar99 (elijah) sent /lchat roflflflf 2-17-2021, 8:30:06 PM
rockstar99 (elijah) sent /pm istek i will send you tomorrow 2-17-2021, 8:31:07 PM
rockstar99 (elijah) sent /r what is this 2-17-2021, 8:31:54 PM
rockstar99 (elijah) sent /r oh 2-17-2021, 8:32:07 PM
rockstar99 (elijah) sent /r i have 7.1 sounds.dat 2-17-2021, 8:32:35 PM
rockstar99 (elijah) sent /s52 2-17-2021, 8:34:57 PM