
komil(komil) used a steal_warhammer 2-17-2021, 1:54:23 AM
komil(komil) used a gp30 2-17-2021, 1:54:30 AM
komil(komil) used a rpg7 2-17-2021, 1:57:06 AM
komil(komil) used a helicopter 2-17-2021, 1:57:33 AM
komil(komil) used a shield 2-17-2021, 1:57:48 AM
komil(komil) used a shield 2-17-2021, 1:57:48 AM
komil(komil) used a shield 2-17-2021, 1:57:49 AM
komil(komil) used a shield 2-17-2021, 1:57:49 AM
komil(komil) used a shield 2-17-2021, 1:57:49 AM
komil(komil) used a shield 2-17-2021, 1:57:49 AM
komil(komil) used a shield 2-17-2021, 1:57:50 AM
komil(komil) used a shield 2-17-2021, 1:57:50 AM
komil(komil) used a shield 2-17-2021, 1:57:50 AM
komil(komil) used a shield 2-17-2021, 1:57:51 AM
komil(komil) used a shield 2-17-2021, 1:57:51 AM
komil(komil) used a shield 2-17-2021, 1:57:51 AM
komil(komil) used a shield 2-17-2021, 1:57:52 AM
komil(komil) used a shield 2-17-2021, 1:57:52 AM
komil(komil) used a helicopter 2-17-2021, 1:59:15 AM
komil(komil) used a rocket_launcher 2-17-2021, 2:00:36 AM
komil(komil) used a rocket_launcher 2-17-2021, 2:00:40 AM
komil(komil) used a nak_nk1000_decimater 2-17-2021, 2:01:38 AM
komil(komil) used a m79_grenade_launcher 2-17-2021, 2:06:07 AM
komil(komil) used a sniper 2-17-2021, 2:08:50 AM
komil(komil) used a helicopter 2-17-2021, 2:09:17 AM
komil(komil) used a helicopter 2-17-2021, 2:09:48 AM
komil(komil) used a helicopter 2-17-2021, 2:09:53 AM
komil(komil) used a helicopter 2-17-2021, 2:12:09 AM
komil(komil) used a helicopter 2-17-2021, 2:12:49 AM
komil(komil) used a helicopter 2-17-2021, 2:15:15 AM
komil(komil) used a helicopter 2-17-2021, 2:18:03 AM
komil(komil) used a helicopter 2-17-2021, 2:19:25 AM
komil(komil) used a helicopter 2-17-2021, 2:20:29 AM
komil(komil) used a hipersound_bomb 2-17-2021, 2:20:48 AM
komil(komil) used a tank 2-17-2021, 2:21:22 AM
komil(komil) used a tank 2-17-2021, 2:21:25 AM
komil(komil) used a cop_357_derringer_pistol 2-17-2021, 2:24:20 AM
komil(komil) used a sig_p226_combat_pistol 2-17-2021, 2:25:25 AM
komil(komil) used a toolbox 2-17-2021, 2:29:13 AM
komil(komil) used a toolbox 2-17-2021, 2:29:14 AM
komil(komil) used a toolbox 2-17-2021, 2:29:32 AM
komil(komil) used a toolbox 2-17-2021, 2:29:33 AM
komil(komil) used a toolbox 2-17-2021, 2:29:38 AM
komil(komil) used a toolbox 2-17-2021, 2:29:39 AM
komil(komil) used a toolbox 2-17-2021, 2:29:40 AM
komil(komil) used a toolbox 2-17-2021, 2:30:00 AM
komil(komil) used a toolbox 2-17-2021, 2:30:01 AM
komil(komil) used a toolbox 2-17-2021, 2:30:03 AM
komil(komil) used a helicopter 2-17-2021, 2:30:44 AM
komil(komil) used a hand_grenade 2-17-2021, 2:31:54 AM
komil(komil) used a hand_cannon 2-17-2021, 2:33:50 AM
komil(komil) used a helicopter 2-17-2021, 2:35:30 AM
komil(komil) used a helicopter 2-17-2021, 2:36:20 AM
komil(komil) used a helicopter 2-17-2021, 2:37:36 AM
komil(komil) used a helicopter 2-17-2021, 2:38:33 AM
komil(komil) used a helicopter 2-17-2021, 2:41:38 AM
komil(komil) used a helicopter 2-17-2021, 2:44:11 AM
komil(komil) used a helicopter 2-17-2021, 2:45:52 AM
komil(komil) used a helicopter 2-17-2021, 2:47:18 AM
komil(komil) used a helicopter 2-17-2021, 2:47:18 AM
komil(komil) used a helicopter 2-17-2021, 2:47:18 AM
komil(komil) used a helicopter 2-17-2021, 2:47:43 AM
komil(komil) used a helicopter 2-17-2021, 2:47:52 AM
komil(komil) used a helicopter 2-17-2021, 2:48:40 AM
komil(komil) used a helicopter 2-17-2021, 2:49:24 AM
komil(komil) used a helicopter 2-17-2021, 2:50:37 AM
komil(komil) used a helicopter 2-17-2021, 2:51:59 AM
komil(komil) used a helicopter 2-17-2021, 2:52:14 AM
komil(komil) used a hand_cannon 2-17-2021, 2:52:23 AM
komil(komil) used a mine 2-17-2021, 2:53:54 AM
komil(komil) used a antibiotic 2-17-2021, 2:54:03 AM
komil(komil) used a armored_tank 2-17-2021, 2:54:14 AM
komil(komil) used a toolbox 2-17-2021, 2:54:20 AM
komil(komil) used a tank 2-17-2021, 2:54:26 AM
komil(komil) used a antibiotic 2-17-2021, 2:55:51 AM
komil(komil) used a tk_ultra_health_potion 2-17-2021, 2:56:03 AM
komil(komil) used a sticky_bomb 2-17-2021, 3:04:27 AM
komil(komil) used a helicopter 2-17-2021, 3:05:30 AM
komil(komil) used a steal_warhammer 2-17-2021, 3:06:58 AM
komil(komil) used a shield 2-17-2021, 3:08:20 AM
komil(komil) used a shield 2-17-2021, 3:08:20 AM
komil(komil) used a shield 2-17-2021, 3:08:20 AM
komil(komil) used a antibiotic 2-17-2021, 3:08:51 AM
komil(komil) used a tk_ultra_health_potion 2-17-2021, 3:09:00 AM
komil(komil) used a shield 2-17-2021, 3:10:31 AM
komil(komil) used a shield 2-17-2021, 3:10:31 AM
komil(komil) used a shield 2-17-2021, 3:10:31 AM
komil(komil) used a shield 2-17-2021, 3:10:32 AM
komil(komil) used a shield 2-17-2021, 3:10:32 AM
komil(komil) used a shield 2-17-2021, 3:10:32 AM
komil(komil) used a shield 2-17-2021, 3:10:33 AM
komil(komil) used a shield 2-17-2021, 3:10:33 AM
komil(komil) used a shield 2-17-2021, 3:10:33 AM
komil(komil) used a shield 2-17-2021, 3:10:34 AM
komil(komil) used a shield 2-17-2021, 3:10:34 AM
komil(komil) used a shield 2-17-2021, 3:10:34 AM
komil(komil) used a shield 2-17-2021, 3:10:34 AM
komil(komil) used a shield 2-17-2021, 3:10:35 AM
komil(komil) used a shield 2-17-2021, 3:10:35 AM
komil(komil) used a shield 2-17-2021, 3:10:35 AM
komil(komil) used a shield 2-17-2021, 3:10:35 AM
komil(komil) used a shield 2-17-2021, 3:10:35 AM
komil(komil) used a shield 2-17-2021, 3:10:36 AM
komil(komil) used a shield 2-17-2021, 3:10:36 AM
komil(komil) used a shield 2-17-2021, 3:10:36 AM
komil(komil) used a shield 2-17-2021, 3:10:37 AM
komil(komil) used a shield 2-17-2021, 3:10:37 AM
komil(komil) used a shield 2-17-2021, 3:10:38 AM
komil(komil) used a shield 2-17-2021, 3:10:38 AM
komil(komil) used a shield 2-17-2021, 3:10:38 AM
komil(komil) used a shield 2-17-2021, 3:10:38 AM
komil(komil) used a shield 2-17-2021, 3:10:39 AM
komil(komil) used a shield 2-17-2021, 3:10:39 AM
komil(komil) used a antibiotic 2-17-2021, 3:10:53 AM
komil(komil) used a shield 2-17-2021, 3:14:02 AM
komil(komil) used a shield 2-17-2021, 3:14:03 AM
komil(komil) used a shield 2-17-2021, 3:14:03 AM
komil(komil) used a shield 2-17-2021, 3:14:03 AM
komil(komil) used a shield 2-17-2021, 3:14:03 AM
komil(komil) used a shield 2-17-2021, 3:14:04 AM
komil(komil) used a shield 2-17-2021, 3:14:04 AM
komil(komil) used a shield 2-17-2021, 3:14:04 AM
komil(komil) used a antibiotic 2-17-2021, 3:14:11 AM
komil(komil) used a antibiotic 2-17-2021, 3:14:48 AM
komil(komil) used a antibiotic 2-17-2021, 3:17:16 AM
komil(komil) used a helicopter 2-17-2021, 3:24:43 AM
komil(komil) used a bottle_bomb 2-17-2021, 3:24:57 AM
komil(komil) used a antibiotic 2-17-2021, 3:25:11 AM
komil(komil) used a rocket_launcher 2-17-2021, 3:26:12 AM
komil(komil) used a helicopter 2-17-2021, 3:26:21 AM
komil(komil) used a steal_warhammer 2-17-2021, 3:26:46 AM
komil(komil) used a ultrabomb_silencer 2-17-2021, 3:27:23 AM
komil(komil) used a ultrabomb_silencer 2-17-2021, 3:27:25 AM
komil(komil) used a tank 2-17-2021, 3:28:00 AM
komil(komil) used a tank 2-17-2021, 3:28:04 AM
komil(komil) used a tank 2-17-2021, 3:28:08 AM
komil(komil) used a helicopter 2-17-2021, 3:28:29 AM
komil(yamach) used a long_sword 2-17-2021, 9:41:12 AM
komil(chuqur) used a toolbox 2-17-2021, 10:13:28 AM
komil(chuqur) used a toolbox 2-17-2021, 10:13:29 AM
komil(chuqur) used a taser 2-17-2021, 10:13:36 AM
komil(chuqur) used a taser_ammo_pack 2-17-2021, 10:19:21 AM
komil(chuqur) used a taser_ammo_pack 2-17-2021, 10:19:22 AM
komil(chuqur) used a taser_ammo_pack 2-17-2021, 10:19:22 AM
komil(chuqur) used a taser_ammo_pack 2-17-2021, 10:19:22 AM
komil(chuqur) used a taser_ammo_pack 2-17-2021, 10:19:23 AM
komil(chuqur) used a taser_ammo_pack 2-17-2021, 10:19:23 AM
komil(chuqur) used a taser_ammo_pack 2-17-2021, 10:19:23 AM
komil(chuqur) used a taser_ammo_pack 2-17-2021, 10:19:23 AM
komil(chuqur) used a taser_ammo_pack 2-17-2021, 10:19:23 AM
komil(chuqur) used a taser_ammo_pack 2-17-2021, 10:19:23 AM
komil(chuqur) used a taser_ammo_pack 2-17-2021, 10:19:24 AM
komil(chuqur) used a taser_ammo_pack 2-17-2021, 10:19:24 AM
komil(chuqur) used a taser_ammo_pack 2-17-2021, 10:19:24 AM
komil(chuqur) used a taser_ammo_pack 2-17-2021, 10:19:24 AM
komil(chuqur) used a taser_ammo_pack 2-17-2021, 10:19:24 AM
komil(chuqur) used a taser_ammo_pack 2-17-2021, 10:19:25 AM
komil(chuqur) used a taser_ammo_pack 2-17-2021, 10:19:35 AM
komil(chuqur) used a taser_ammo_pack 2-17-2021, 10:19:35 AM
komil(chuqur) used a taser_ammo_pack 2-17-2021, 10:19:35 AM
komil(chuqur) used a taser_ammo_pack 2-17-2021, 10:19:36 AM
komil(chuqur) used a taser_ammo_pack 2-17-2021, 10:19:36 AM
komil(chuqur) used a taser_ammo_pack 2-17-2021, 10:19:36 AM
komil(chuqur) used a taser_ammo_pack 2-17-2021, 10:19:36 AM
komil(chuqur) used a taser_ammo_pack 2-17-2021, 10:19:37 AM
komil(chuqur) used a taser_ammo_pack 2-17-2021, 10:19:37 AM
komil(chuqur) used a taser_ammo_pack 2-17-2021, 10:19:37 AM
komil(chuqur) used a taser_ammo_pack 2-17-2021, 10:19:37 AM
komil(chuqur) used a taser_ammo_pack 2-17-2021, 10:19:37 AM
komil(chuqur) used a taser_ammo_pack 2-17-2021, 10:19:37 AM
komil(chuqur) used a taser_ammo_pack 2-17-2021, 10:19:37 AM
komil(chuqur) used a taser_ammo_pack 2-17-2021, 10:19:38 AM
komil(chuqur) used a taser_ammo_pack 2-17-2021, 10:19:38 AM
komil(chuqur) used a taser_ammo_pack 2-17-2021, 10:19:38 AM
komil(chuqur) used a taser_ammo_pack 2-17-2021, 10:19:38 AM
komil(chuqur) used a taser_ammo_pack 2-17-2021, 10:19:38 AM
komil(chuqur) used a shield 2-17-2021, 10:19:58 AM
komil(chuqur) used a shield 2-17-2021, 10:19:58 AM
komil(chuqur) used a shield 2-17-2021, 10:19:58 AM
komil(chuqur) used a shield 2-17-2021, 10:19:58 AM
komil(chuqur) used a shield 2-17-2021, 10:19:58 AM
komil(chuqur) used a shield 2-17-2021, 10:19:58 AM
komil(chuqur) used a shield 2-17-2021, 10:19:59 AM
komil(chuqur) used a shield 2-17-2021, 10:19:59 AM
komil(chuqur) used a shield 2-17-2021, 10:19:59 AM
komil(chuqur) used a shield 2-17-2021, 10:19:59 AM
komil(chuqur) used a shield 2-17-2021, 10:20:00 AM
komil(chuqur) used a shield 2-17-2021, 10:20:00 AM
komil(chuqur) used a shield 2-17-2021, 10:20:00 AM
komil(chuqur) used a shield 2-17-2021, 10:20:00 AM
komil(chuqur) used a shield 2-17-2021, 10:20:01 AM
komil(chuqur) used a shield 2-17-2021, 10:20:01 AM
komil(chuqur) used a shield 2-17-2021, 10:20:01 AM
komil(chuqur) used a shield 2-17-2021, 10:20:01 AM
komil(chuqur) used a shield 2-17-2021, 10:20:02 AM
komil(chuqur) used a shield 2-17-2021, 10:20:02 AM
komil(chuqur) used a shield 2-17-2021, 10:20:02 AM
komil(chuqur) used a shield 2-17-2021, 10:20:02 AM
komil(chuqur) used a shield 2-17-2021, 10:20:03 AM
komil(chuqur) used a shield 2-17-2021, 10:20:03 AM
komil(chuqur) used a shield 2-17-2021, 10:20:03 AM
komil(chuqur) used a shield 2-17-2021, 10:20:03 AM
komil(chuqur) used a shield 2-17-2021, 10:20:03 AM
komil(chuqur) used a shield 2-17-2021, 10:20:04 AM
komil(chuqur) used a shield 2-17-2021, 10:20:04 AM
komil(chuqur) used a shield 2-17-2021, 10:20:04 AM
komil(chuqur) used a antibiotic 2-17-2021, 10:24:08 AM
komil(chuqur) used a taser_ammo_pack 2-17-2021, 10:25:55 AM
komil(chuqur) used a taser_ammo_pack 2-17-2021, 10:25:58 AM
komil(chuqur) used a taser_ammo_pack 2-17-2021, 10:25:58 AM
komil(chuqur) used a taser_ammo_pack 2-17-2021, 10:25:58 AM
komil(chuqur) used a taser_ammo_pack 2-17-2021, 10:25:58 AM
komil(chuqur) used a taser_ammo_pack 2-17-2021, 10:25:59 AM
komil(chuqur) used a taser_ammo_pack 2-17-2021, 10:25:59 AM
komil(chuqur) used a taser_ammo_pack 2-17-2021, 10:25:59 AM
komil(chuqur) used a taser_ammo_pack 2-17-2021, 10:25:59 AM
komil(chuqur) used a taser_ammo_pack 2-17-2021, 10:26:00 AM
komil(chuqur) used a taser_ammo_pack 2-17-2021, 10:26:00 AM
komil(chuqur) used a taser_ammo_pack 2-17-2021, 10:26:00 AM
komil(chuqur) used a taser_ammo_pack 2-17-2021, 10:26:00 AM
komil(chuqur) used a taser 2-17-2021, 10:26:07 AM
komil(chuqur) used a cop_357_derringer_pistol 2-17-2021, 10:27:01 AM
komil(chuqur) used a rocket_launcher 2-17-2021, 10:34:59 AM
komil(chuqur) used a hand_cannon 2-17-2021, 10:37:09 AM
komil(chuqur) used a hand_cannon 2-17-2021, 10:38:16 AM
komil(chuqur) used a hand_cannon 2-17-2021, 10:40:08 AM
komil(chuqur) used a hand_cannon 2-17-2021, 10:40:09 AM
komil(chuqur) used a hand_cannon 2-17-2021, 10:40:11 AM
komil(chuqur) used a invisibility_shield 2-17-2021, 10:40:24 AM
komil(chuqur) used a invisibility_shield 2-17-2021, 10:41:03 AM
komil(chuqur) used a shield 2-17-2021, 10:42:14 AM
komil(chuqur) used a shield 2-17-2021, 10:42:14 AM
komil(chuqur) used a shield 2-17-2021, 10:42:15 AM
komil(chuqur) used a shield 2-17-2021, 10:42:16 AM
komil(chuqur) used a shield 2-17-2021, 10:42:17 AM
komil(chuqur) used a shield 2-17-2021, 10:42:17 AM
komil(chuqur) used a shield 2-17-2021, 10:42:17 AM
komil(chuqur) used a shield 2-17-2021, 10:42:17 AM
komil(chuqur) used a shield 2-17-2021, 10:42:18 AM
komil(chuqur) used a shield 2-17-2021, 10:42:18 AM
komil(chuqur) used a shield 2-17-2021, 10:42:18 AM
komil(chuqur) used a shield 2-17-2021, 10:42:19 AM
komil(chuqur) used a shield 2-17-2021, 10:42:20 AM
komil(chuqur) used a shield 2-17-2021, 10:42:21 AM
komil(chuqur) used a shield 2-17-2021, 10:42:21 AM
komil(chuqur) used a shield 2-17-2021, 10:42:21 AM
komil(chuqur) used a shield 2-17-2021, 10:42:22 AM
komil(chuqur) used a shield 2-17-2021, 10:42:23 AM
komil(chuqur) used a shield 2-17-2021, 10:42:23 AM
komil(chuqur) used a shield 2-17-2021, 10:42:24 AM
komil(chuqur) used a shield 2-17-2021, 10:42:25 AM
komil(chuqur) used a shield 2-17-2021, 10:42:25 AM
komil(chuqur) used a shield 2-17-2021, 10:42:26 AM
komil(chuqur) used a shield 2-17-2021, 10:42:26 AM
komil(chuqur) used a shield 2-17-2021, 10:42:26 AM
komil(chuqur) used a shield 2-17-2021, 10:42:27 AM
komil(chuqur) used a steal_warhammer 2-17-2021, 10:42:50 AM
komil(chuqur) used a steal_warhammer 2-17-2021, 10:43:01 AM
komil(chuqur) used a antibiotic_pack 2-17-2021, 10:43:52 AM
komil(chuqur) used a antibiotic_pack 2-17-2021, 10:43:53 AM
komil(chuqur) used a antibiotic_pack 2-17-2021, 10:43:54 AM
komil(chuqur) used a antibiotic_pack 2-17-2021, 10:43:54 AM
komil(chuqur) used a antibiotic_pack 2-17-2021, 10:43:55 AM
komil(chuqur) used a antibiotic_pack 2-17-2021, 10:43:55 AM
komil(chuqur) used a antibiotic_pack 2-17-2021, 10:43:55 AM
komil(chuqur) used a antibiotic_pack 2-17-2021, 10:43:55 AM
komil(chuqur) used a antibiotic_pack 2-17-2021, 10:43:55 AM
komil(chuqur) used a antibiotic_pack 2-17-2021, 10:43:56 AM
komil(chuqur) used a antibiotic_pack 2-17-2021, 10:43:56 AM
komil(chuqur) used a antibiotic_pack 2-17-2021, 10:43:56 AM
komil(chuqur) used a antibiotic_pack 2-17-2021, 10:43:56 AM
komil(chuqur) used a antibiotic_pack 2-17-2021, 10:43:57 AM
komil(chuqur) used a antibiotic_pack 2-17-2021, 10:43:57 AM
komil(chuqur) used a antibiotic_pack 2-17-2021, 10:43:57 AM
komil(chuqur) used a antibiotic_pack 2-17-2021, 10:43:58 AM
komil(chuqur) used a antibiotic_pack 2-17-2021, 10:43:58 AM
komil(chuqur) used a antibiotic_pack 2-17-2021, 10:43:58 AM
komil(chuqur) used a antibiotic_pack 2-17-2021, 10:43:58 AM
komil(chuqur) used a antibiotic_pack 2-17-2021, 10:43:58 AM
komil(chuqur) used a antibiotic_pack 2-17-2021, 10:43:59 AM
komil(chuqur) used a antibiotic_pack 2-17-2021, 10:43:59 AM
komil(chuqur) used a antibiotic_pack 2-17-2021, 10:43:59 AM
komil(chuqur) used a antibiotic_pack 2-17-2021, 10:44:01 AM
komil(chuqur) used a antibiotic_pack 2-17-2021, 10:44:01 AM
komil(chuqur) used a antibiotic_pack 2-17-2021, 10:44:01 AM
komil(chuqur) used a antibiotic_pack 2-17-2021, 10:44:01 AM
komil(chuqur) used a antibiotic_pack 2-17-2021, 10:44:01 AM
komil(chuqur) used a antibiotic 2-17-2021, 10:44:11 AM
komil(chuqur) used a invisibility_shield 2-17-2021, 10:44:23 AM
komil(chuqur) used a invisibility_shield 2-17-2021, 10:45:02 AM
komil(chuqur) used a invisibility_shield 2-17-2021, 10:45:03 AM
komil(chuqur) used a invisibility_shield 2-17-2021, 10:45:13 AM
komil(chuqur) used a invisibility_shield 2-17-2021, 10:45:14 AM
komil(chuqur) used a invisibility_shield 2-17-2021, 10:45:18 AM
komil(chuqur) used a invisibility_shield 2-17-2021, 10:45:19 AM
komil(chuqur) used a invisibility_shield 2-17-2021, 10:45:23 AM
komil(chuqur) used a invisibility_shield 2-17-2021, 10:46:03 AM
komil(chuqur) used a invisibility_shield 2-17-2021, 10:46:04 AM
komil(chuqur) used a invisibility_shield 2-17-2021, 10:46:05 AM
komil(chuqur) used a invisibility_shield 2-17-2021, 10:46:05 AM
komil(chuqur) used a invisibility_shield 2-17-2021, 10:46:06 AM
komil(chuqur) used a invisibility_shield 2-17-2021, 10:46:20 AM
komil(chuqur) used a invisibility_shield 2-17-2021, 10:46:21 AM
komil(chuqur) used a invisibility_shield 2-17-2021, 10:46:35 AM
komil(chuqur) used a invisibility_shield 2-17-2021, 10:46:38 AM
komil(chuqur) used a invisibility_shield 2-17-2021, 10:46:39 AM
komil(chuqur) used a shield 2-17-2021, 10:49:41 AM
komil(chuqur) used a shield 2-17-2021, 10:49:41 AM
komil(chuqur) used a shield 2-17-2021, 10:49:42 AM
komil(chuqur) used a shield 2-17-2021, 10:49:42 AM
komil(chuqur) used a shield 2-17-2021, 10:49:42 AM
komil(chuqur) used a shield 2-17-2021, 10:49:43 AM
komil(chuqur) used a shield 2-17-2021, 10:49:43 AM
komil(chuqur) used a shield 2-17-2021, 10:49:43 AM
komil(chuqur) used a shield 2-17-2021, 10:49:44 AM
komil(chuqur) used a shield 2-17-2021, 10:49:44 AM
komil(chuqur) used a shield 2-17-2021, 10:49:44 AM
komil(chuqur) used a invisibility_shield 2-17-2021, 10:49:52 AM
komil(chuqur) used a invisibility_shield 2-17-2021, 10:50:24 AM
komil(chuqur) used a invisibility_shield 2-17-2021, 10:50:24 AM
komil(chuqur) used a invisibility_shield 2-17-2021, 10:50:25 AM
komil(chuqur) used a invisibility_shield 2-17-2021, 10:51:30 AM
komil(chuqur) used a invisibility_shield 2-17-2021, 10:52:04 AM
komil(chuqur) used a invisibility_shield 2-17-2021, 10:52:07 AM
komil(chuqur) used a invisibility_shield 2-17-2021, 10:52:08 AM
komil(chuqur) used a invisibility_shield 2-17-2021, 10:53:09 AM
komil(chuqur) used a invisibility_shield 2-17-2021, 10:54:16 AM
komil(chuqur) used a invisibility_shield 2-17-2021, 10:54:47 AM
komil(chuqur) used a guided_missile 2-17-2021, 10:56:53 AM
komil(chuqur) used a grenade 2-17-2021, 10:57:26 AM
komil(chuqur) used a carrier_missile 2-17-2021, 10:57:41 AM
komil(chuqur) used a helicopter 2-17-2021, 10:58:32 AM
komil(chuqur) used a carrier_missile 2-17-2021, 12:31:54 PM
komil(chuqur) used a carrier_missile 2-17-2021, 12:32:46 PM
komil(chuqur) used a helicopter 2-17-2021, 12:34:29 PM
komil(chuqur) used a helicopter 2-17-2021, 12:38:07 PM
komil(chuqur) used a helicopter 2-17-2021, 12:38:08 PM
komil(chuqur) used a helicopter 2-17-2021, 12:38:24 PM
komil(chuqur) used a helicopter 2-17-2021, 12:38:28 PM
komil(chuqur) used a carrier_missile 2-17-2021, 12:38:42 PM
komil(chuqur) used a helicopter 2-17-2021, 12:39:42 PM
komil(chuqur) used a helicopter 2-17-2021, 12:40:59 PM
komil(chuqur) used a helicopter 2-17-2021, 12:41:36 PM
komil(chuqur) used a helicopter 2-17-2021, 12:41:56 PM
komil(chuqur) used a helicopter 2-17-2021, 12:42:38 PM
komil(chuqur) used a helicopter 2-17-2021, 12:42:54 PM
komil(chuqur) used a helicopter 2-17-2021, 12:42:57 PM
komil(chuqur) used a helicopter 2-17-2021, 12:43:06 PM
komil(chuqur) used a helicopter 2-17-2021, 12:43:09 PM
komil(chuqur) used a helicopter 2-17-2021, 12:43:24 PM
komil(chuqur) used a helicopter 2-17-2021, 12:43:33 PM
komil(chuqur) used a helicopter 2-17-2021, 12:43:47 PM
komil(chuqur) used a helicopter 2-17-2021, 12:44:19 PM
komil(chuqur) used a helicopter 2-17-2021, 12:44:25 PM
komil(chuqur) used a helicopter 2-17-2021, 12:44:28 PM
komil(chuqur) used a helicopter 2-17-2021, 12:44:39 PM
komil(chuqur) used a rocket_launcher 2-17-2021, 12:45:16 PM
komil(chuqur) used a helicopter 2-17-2021, 12:45:48 PM
komil(chuqur) used a guided_missile 2-17-2021, 12:47:00 PM
komil(chuqur) used a turret 2-17-2021, 12:51:09 PM
komil(chuqur) used a turret 2-17-2021, 12:51:34 PM
komil(chuqur) used a turret 2-17-2021, 12:51:44 PM
komil(chuqur) used a turret 2-17-2021, 12:52:03 PM
komil(chuqur) used a turret 2-17-2021, 12:52:54 PM
komil(chuqur) used a turret 2-17-2021, 12:56:25 PM
komil(chuqur) used a steal_warhammer 2-17-2021, 12:57:35 PM
komil(chuqur) used a tk_ultra_health_potion 2-17-2021, 12:59:18 PM
komil(chuqur) used a hand_cannon 2-17-2021, 12:59:38 PM
komil(chuqur) used a guided_missile 2-17-2021, 1:04:14 PM
komil(chuqur) used a guided_missile 2-17-2021, 1:04:17 PM
komil(chuqur) used a steal_warhammer 2-17-2021, 1:05:33 PM
komil(chuqur) used a turret 2-17-2021, 1:07:38 PM
komil(chuqur) used a turret 2-17-2021, 1:09:00 PM
komil(chuqur) used a turret 2-17-2021, 1:09:02 PM
komil(chuqur) used a turret 2-17-2021, 1:09:05 PM
komil(chuqur) used a turret 2-17-2021, 1:09:07 PM
komil(chuqur) used a turret 2-17-2021, 1:09:10 PM
komil(chuqur) used a turret 2-17-2021, 1:09:11 PM
komil(chuqur) used a turret 2-17-2021, 1:09:23 PM
komil(chuqur) used a turret 2-17-2021, 1:09:29 PM
komil(chuqur) used a turret 2-17-2021, 1:10:21 PM
komil(chuqur) used a turret 2-17-2021, 1:10:23 PM
komil(chuqur) used a turret 2-17-2021, 1:10:38 PM
komil(chuqur) used a turret 2-17-2021, 1:10:54 PM
komil(chuqur) used a turret 2-17-2021, 1:10:57 PM
komil(chuqur) used a helicopter 2-17-2021, 1:11:09 PM
komil(chuqur) used a helicopter 2-17-2021, 1:11:16 PM
komil(chuqur) used a helicopter 2-17-2021, 1:12:04 PM
komil(chuqur) used a helicopter 2-17-2021, 1:12:05 PM
komil(chuqur) used a carrier_missile 2-17-2021, 1:12:32 PM
komil(chuqur) used a turret 2-17-2021, 1:13:50 PM
komil(chuqur) used a helicopter 2-17-2021, 1:19:12 PM
komil(chuqur) used a helicopter 2-17-2021, 1:20:59 PM
komil(chuqur) used a turret 2-17-2021, 1:23:55 PM
komil(chuqur) used a helicopter 2-17-2021, 1:24:15 PM
komil(chuqur) used a turret 2-17-2021, 1:25:26 PM
komil(chuqur) used a turret 2-17-2021, 1:26:33 PM