
laid(laid) used a hand_grenade 2-17-2021, 12:38:11 PM
laid(laid) used a hand_grenade 2-17-2021, 12:38:11 PM
laid(laid) used a hand_grenade 2-17-2021, 12:38:11 PM
laid(laid) used a hand_grenade 2-17-2021, 12:38:11 PM
laid(laid) used a hand_grenade 2-17-2021, 12:38:12 PM
laid(laid) used a hand_grenade 2-17-2021, 12:38:12 PM
laid(laid) used a hand_grenade 2-17-2021, 12:38:12 PM
laid(laid) used a hand_grenade 2-17-2021, 12:38:12 PM
laid(laid) used a hand_grenade 2-17-2021, 12:38:12 PM
laid(laid) used a hand_grenade 2-17-2021, 12:38:13 PM
laid(laid) used a dead_leopard 2-17-2021, 12:38:46 PM
laid(laid) used a dead_leopard 2-17-2021, 12:38:47 PM
laid(laid) used a dead_leopard 2-17-2021, 12:38:47 PM
laid(laid) used a dead_leopard 2-17-2021, 12:38:47 PM
laid(laid) used a dead_leopard 2-17-2021, 12:38:48 PM
laid(laid) used a tk_ultra_health_potion 2-17-2021, 12:39:43 PM
laid(laid) used a tk_ultra_health_potion 2-17-2021, 12:40:04 PM
laid(laid) used a tk_ultra_health_potion 2-17-2021, 12:40:05 PM
laid(laid) used a hand_grenade 2-17-2021, 12:40:23 PM
laid(laid) used a helicopter 2-17-2021, 12:40:33 PM
laid(laid) used a helicopter 2-17-2021, 12:40:35 PM
laid(laid) used a helicopter 2-17-2021, 12:40:44 PM
laid(laid) used a helicopter 2-17-2021, 12:40:44 PM
laid(laid) used a helicopter 2-17-2021, 12:40:44 PM
laid(laid) used a tk_ultra_health_potion 2-17-2021, 12:41:39 PM
laid(laid) used a hand_grenade 2-17-2021, 12:42:37 PM
laid(laid) used a hand_grenade 2-17-2021, 12:42:38 PM
laid(laid) used a hand_grenade 2-17-2021, 12:42:49 PM
laid(laid) used a hand_grenade 2-17-2021, 12:42:50 PM
laid(laid) used a hand_grenade 2-17-2021, 12:43:09 PM
laid(laid) used a hand_grenade 2-17-2021, 12:43:11 PM
laid(laid) used a hand_grenade 2-17-2021, 12:43:11 PM
laid(laid) used a hand_grenade 2-17-2021, 12:43:11 PM
laid(laid) used a toolbox 2-17-2021, 12:43:22 PM
laid(laid) used a toolbox 2-17-2021, 12:43:23 PM
laid(laid) used a toolbox 2-17-2021, 12:43:23 PM
laid(laid) used a toolbox 2-17-2021, 12:43:24 PM
laid(laid) used a tk_ultra_health_potion 2-17-2021, 12:43:28 PM
laid(laid) used a the_legendary_sword 2-17-2021, 12:43:32 PM
laid(laid) used a tk_ultra_health_potion 2-17-2021, 2:25:20 PM
laid(laid) used a health_orb 2-17-2021, 2:25:35 PM
laid(laid) used a health_drink 2-17-2021, 2:25:44 PM
laid(laid) used a health_drink 2-17-2021, 2:25:45 PM
laid(laid) used a health_drink 2-17-2021, 2:25:47 PM
laid(laid) used a health_drink 2-17-2021, 2:25:51 PM
laid(laid) used a the_legendary_sword 2-17-2021, 2:26:00 PM
laid(laid) used a tk_ultra_health_potion 2-17-2021, 2:29:25 PM
laid(laid) used a tk_ultra_health_potion 2-17-2021, 2:29:26 PM
laid(laid) used a tk_ultra_health_potion 2-17-2021, 2:29:27 PM
laid(laid) used a tk_ultra_health_potion 2-17-2021, 2:29:27 PM
laid(laid) used a tk_ultra_health_potion 2-17-2021, 2:29:27 PM
laid(laid) used a tk_ultra_health_potion 2-17-2021, 2:29:28 PM
laid(laid) used a tk_ultra_health_potion 2-17-2021, 2:29:28 PM
laid(laid) used a tk_ultra_health_potion 2-17-2021, 2:29:29 PM
laid(laid) used a health_drink 2-17-2021, 2:29:36 PM
laid(laid) used a health_drink 2-17-2021, 2:29:36 PM
laid(laid) used a health_drink 2-17-2021, 2:29:37 PM
laid(laid) used a health_drink 2-17-2021, 2:29:39 PM
laid(laid) used a health_drink 2-17-2021, 2:29:40 PM
laid(laid) used a health_drink 2-17-2021, 2:29:40 PM