
HarryPotter (Simba) said w salaam 2-17-2021, 9:29:22 AM
HarryPotter (Simba) said salma? 2-17-2021, 9:29:28 AM
HarryPotter (Simba) said ya sorry 2-17-2021, 9:29:40 AM
HarryPotter (Simba) said yes 2-17-2021, 9:32:40 AM
HarryPotter (Simba) said who? 2-17-2021, 9:34:18 AM
android (Simba) said rofl 2-17-2021, 9:35:15 AM
HarryPotter (Simba) said wow 2-17-2021, 9:39:46 AM
HarryPotter (Simba) said roflrofl 2-17-2021, 9:47:16 AM
HarryPotter (Simba) said rofl 2-17-2021, 10:00:54 AM
HarryPotter (Simba) said hi 2-17-2021, 2:46:57 PM
HarryPotter (Simba) said laggaggaggaggaggaggaggaggaggagg 2-17-2021, 2:50:46 PM
HarryPotter (Simba) said hi alaija bo 2-17-2021, 2:51:00 PM
HarryPotter (Simba) said lagg yaar 2-17-2021, 3:04:19 PM
HarryPotter (Simba) said no auction in progress? 2-17-2021, 3:08:49 PM
HarryPotter (Simba) said ahahah 2-17-2021, 3:10:01 PM
HarryPotter (Simba) said ok go 2-17-2021, 3:12:07 PM
HarryPotter (Simba) said if u say so i can kill you 50 times for 100000000 dollors 2-17-2021, 3:16:29 PM
HarryPotter (Simba) said woll rofl 2-17-2021, 3:18:25 PM
HarryPotter (Simba) said ahahahha 2-17-2021, 3:19:08 PM
HarryPotter (Simba) said hae divine? 2-17-2021, 3:19:27 PM
HarryPotter (Simba) said dont tell him 2-17-2021, 3:19:44 PM
HarryPotter (Simba) said hae filifc. stop now 2-17-2021, 3:21:57 PM
HarryPotter (Simba) said o 2-17-2021, 3:22:14 PM
HarryPotter (Simba) said he is giving me sum offers 2-17-2021, 3:24:06 PM
HarryPotter (Simba) said hae admins? 2-17-2021, 3:27:17 PM