
blind_streams (yummyballs) said new achievement! bring down the popo. reward: 1 police_car 2-17-2021, 6:03:05 AM
blind_streams (yummyballs) said lol 2-17-2021, 6:06:17 AM
blind_streams (yummyballs) said come out come out where ever you are 2-17-2021, 6:12:31 AM
blind_streams (yummyballs) said i want to kill you from a far 2-17-2021, 6:12:40 AM
blind_streams (yummyballs) said hold on let me do that hole rime 2-17-2021, 6:12:48 AM
blind_streams (yummyballs) said come out come out where ever you are. so i can kill you from a far.  2-17-2021, 6:13:06 AM
blind_streams (yummyballs) said yay 2-17-2021, 6:13:10 AM
blind_streams (yummyballs) said never mind 2-17-2021, 6:14:48 AM
blind_streams (yummyballs) said are you people drinking all your sorroes away? 2-17-2021, 6:15:35 AM
blind_streams (yummyballs) said you pop the cap, and you see the shiny cold liquid! 2-17-2021, 6:16:24 AM
blind_streams (yummyballs) said and thats when he new. he fucked up 2-17-2021, 6:16:54 AM
blind_streams (yummyballs) said lol 2-17-2021, 6:18:16 AM
blind_streams (yummyballs) said lol 2-17-2021, 6:29:46 AM
blind_streams (yummyballs) said lol 2-17-2021, 6:30:18 AM
blind_streams (yummyballs) said love you to 2-17-2021, 6:30:31 AM
blind_streams (yummyballs) said lets hang out some time 2-17-2021, 6:30:42 AM
blind_streams (yummyballs) said we could chill and watch netfliks 2-17-2021, 6:30:52 AM
blind_streams (yummyballs) said nope i dont need to drink my sorroes away like you  2-17-2021, 6:31:15 AM
blind_streams (yummyballs) said what do you watch on netfliks 2-17-2021, 6:31:32 AM
blind_streams (yummyballs) said i love rick and mortey 2-17-2021, 6:31:39 AM
blind_streams (yummyballs) said black mirrer is ok to 2-17-2021, 6:31:50 AM
blind_streams (yummyballs) said have you watched it? 2-17-2021, 6:32:01 AM
blind_streams (yummyballs) said rick and mortey i mean 2-17-2021, 6:32:12 AM
blind_streams (yummyballs) said did you like it? 2-17-2021, 6:32:19 AM
pikkil rick (yummyballs) said i am pikkil rick beeeeech 2-17-2021, 6:32:36 AM
pikkil rick (yummyballs) said rick likes to drink but i think i will drink down here 2-17-2021, 6:32:59 AM
pikkil rick (yummyballs) said i am pikkil rick beeeeeeeeeeeeeeeeeeeeach 2-17-2021, 6:33:15 AM
pikkil rick (yummyballs) said oh know 2-17-2021, 6:35:26 AM
pikkil rick (yummyballs) said i am pikkil rick beeeeeeeeeech 2-17-2021, 6:35:41 AM
pikkil rick (yummyballs) said beeeeeeeeeeeeeeeech 2-17-2021, 6:36:01 AM
pikkil rick (yummyballs) said beeeeeeeeeeeaaach 2-17-2021, 6:36:07 AM
pikkil rick (yummyballs) said i am pikkil rick 2-17-2021, 6:37:21 AM
pikkil rick (yummyballs) said lol 2-17-2021, 6:45:51 AM
pikkil rick (yummyballs) said kill that mother fucker mrido 2-17-2021, 6:49:29 AM
pikkil rick (yummyballs) said mrido 2-17-2021, 6:56:52 AM
pikkil rick (yummyballs) said come on as your other ak 2-17-2021, 6:56:59 AM
pikkil rick (yummyballs) said lol PhamHungVuong just ran away from me 2-17-2021, 7:16:09 AM
pikkil rick (yummyballs) said wow 2-17-2021, 7:18:46 AM
pikkil rick (yummyballs) said i dont have controler 2-17-2021, 7:19:01 AM
pikkil rick (yummyballs) said lol 2-17-2021, 7:49:45 AM
pikkil rick (yummyballs) said -10000000000 2-17-2021, 7:51:37 AM
pikkil rick (yummyballs) said nooo 2-17-2021, 8:01:21 AM
pikkil rick (yummyballs) said put it back 2-17-2021, 8:01:29 AM
pikkil rick (yummyballs) said ok do 10 2-17-2021, 8:01:48 AM
pikkil rick (yummyballs) said 1? 2-17-2021, 8:02:01 AM
pikkil rick (yummyballs) said what? 2-17-2021, 8:03:38 AM
pikkil rick (yummyballs) said thats fine i will just get more 2-17-2021, 8:04:03 AM
pikkil rick (yummyballs) said coin, 77719155 2-17-2021, 8:04:09 AM
pikkil rick (yummyballs) said coin, 1077719155 2-17-2021, 8:07:13 AM
pikkil rick (yummyballs) said lol 2-17-2021, 8:07:31 AM
pikkil rick (yummyballs) said yes 2-17-2021, 8:08:53 AM
pikkil rick (yummyballs) said i wantey wantey wantey 2-17-2021, 8:09:11 AM
pikkil rick (yummyballs) said thats is said fuck off 2-17-2021, 8:09:26 AM
pikkil rick (yummyballs) said i am pikkil rick beeeeeeeeeeeeech 2-17-2021, 8:09:35 AM
pikkil rick (yummyballs) said beeeeeeeeeeech 2-17-2021, 8:09:51 AM
pikkil rick (yummyballs) said lol 2-17-2021, 8:09:57 AM
pikkil rick (yummyballs) said erlrlrllrlrlrlrlrl? 2-17-2021, 8:10:23 AM
pikkil rick (yummyballs) said you are so fine. so very divine. i want you all the time. 2-17-2021, 8:12:31 AM
pikkil rick (yummyballs) said looooooooool 2-17-2021, 8:13:02 AM
pikkil rick (yummyballs) said you would just cansel it 2-17-2021, 8:14:25 AM
pikkil rick (yummyballs) said divine did you like my rime 2-17-2021, 8:15:05 AM
pikkil rick (yummyballs) said thanks 2-17-2021, 8:15:16 AM
pikkil rick (yummyballs) said lol 2-17-2021, 8:15:22 AM
pikkil rick (yummyballs) said lol 2-17-2021, 8:16:10 AM
discord (yummyballs) said lol 2-17-2021, 8:21:20 AM
discord (yummyballs) said lets all go on team talk 2-17-2021, 8:24:48 AM
discord (yummyballs) said which server? 2-17-2021, 8:24:59 AM
discord (yummyballs) said which chanil 2-17-2021, 8:25:14 AM
discord (yummyballs) said wait chanil called 2-17-2021, 8:26:07 AM
discord (yummyballs) said what chanil called 2-17-2021, 8:26:25 AM
discord (yummyballs) said lol 2-17-2021, 9:36:32 AM
i_o_s (yummyballs) said lol 2-17-2021, 9:51:00 AM
i_o_s (yummyballs) said biging? 2-17-2021, 9:55:34 AM
i_o_s (yummyballs) said what is biging 2-17-2021, 9:55:43 AM
i_o_s (yummyballs) said oh building 2-17-2021, 9:55:53 AM
i_o_s (yummyballs) said haha 2-17-2021, 10:00:54 AM
i_o_s (yummyballs) said who even is that shelter 2-17-2021, 10:09:52 AM
i_o_s (yummyballs) said how 2-17-2021, 10:13:05 AM
i_o_s (yummyballs) said how did you do that 2-17-2021, 10:13:15 AM
i_o_s (yummyballs) said how did you move me 2-17-2021, 10:13:23 AM
i_o_s (yummyballs) said wow 2-17-2021, 10:14:28 AM
i_o_s (yummyballs) said what are you bidding for 2-17-2021, 10:29:02 AM
i_o_s (yummyballs) said what are you bidding for 2-17-2021, 10:29:27 AM
i_o_s (yummyballs) said what was even being sold 2-17-2021, 10:31:08 AM
i_o_s (yummyballs) said give you what 2-17-2021, 10:35:07 AM
i_o_s (yummyballs) said lol 2-17-2021, 10:38:16 AM
i_o_s (yummyballs) said how the fuck is a dragon fly so strong 2-17-2021, 10:38:28 AM
i_o_s (yummyballs) said what langwige is that 2-17-2021, 10:43:22 AM