
darkfrent logged in. 1-5-2021, 12:14:12 AM
death: ownage! darkfrent managed to escape by killing hazard on the under you is a huge cauldron of boiling water, it is better not to fall into it 1-5-2021, 12:15:43 AM
death: Breaking news! Today, the laws of gravity killed darkfrent so easy on dangerous place! isn't it a good news? 1-5-2021, 12:16:31 AM
death: oy, where'd darkfrent go? Do you happen to know, hazard? 1-5-2021, 12:17:16 AM
death: Another one bites the dust, darkfrent, you will be greatly missed on weapon_challenge, hazard? what have you done? 1-5-2021, 12:17:47 AM
death: darkfrent really made a mess of the laws of gravity on the weapon_challenge.  1-5-2021, 12:17:47 AM
darkfrent disconnected 1-5-2021, 12:18:10 AM
fighter logged in. 1-5-2021, 10:12:46 AM
fighter lost connection 1-5-2021, 10:14:06 AM
fighter logged in. 1-5-2021, 10:15:25 AM
death: boxer just completely and totally pulvarized fighter over boxing! 1-5-2021, 10:25:06 AM
death: The boxing is full now with boxer's guts as fighter owned them! 1-5-2021, 10:25:12 AM
death: securityguard, I believe fighter had something to say, go meet him on zalp. 1-5-2021, 10:26:56 AM
death: fighter was totaled by patient on zalp 1-5-2021, 10:27:09 AM
death: There's a light at the end of the tunnel welder, actually, fuck that. fighter ran you down on zalp. Sor'r'r'r'r'r'r'r'r'r'ry 1-5-2021, 10:33:26 AM
death: fighter was given what was coming to them, thank you dentist! 1-5-2021, 10:34:02 AM
fighter disconnected 1-5-2021, 10:35:02 AM
sergytv logged in. 1-5-2021, 10:45:08 AM
sergytv disconnected 1-5-2021, 10:45:16 AM
sergytv logged in. 1-5-2021, 10:45:18 AM
sergytv (sergytv) said .еуфьдуфму 1-5-2021, 10:45:30 AM
sergytv (sergytv) said ук 1-5-2021, 10:45:33 AM
sergytv (sergytv) said еуфьдуфму 1-5-2021, 10:45:39 AM
sergytv disconnected 1-5-2021, 10:45:51 AM
sergytv logged in. 1-5-2021, 10:46:22 AM
sergytv disconnected 1-5-2021, 10:50:01 AM
sergytv logged in. 1-5-2021, 10:50:18 AM
death: Man? what's this! sergytv died? No! He's my friend! Or what... I mean, he's heavy hammer's friend! But I still can't believe looking at how he killed them on . 1-5-2021, 10:51:09 AM
death: heavy hammer just put sergytv 6 feet under on to get to a map full of stun grenades, press enter! Attention! At coordinates 100, 100, 0 there will be a reward, 30000 coins! Good luck! 1-5-2021, 10:52:57 AM
sergytv disconnected 1-5-2021, 10:55:46 AM
sergytv logged in. 1-5-2021, 10:55:55 AM
death: heavy hammer just gave sergytv what for! he started ruining dangerous place! 1-5-2021, 10:59:52 AM
sergytv disconnected 1-5-2021, 11:00:55 AM
sergytv logged in. 1-5-2021, 11:00:57 AM
death: sergytv was totaled by stun_grenade_tile on to get to a map full of stun grenades, press enter! Attention! At coordinates 100, 100, 0 there will be a reward, 30000 coins! Good luck! 1-5-2021, 11:03:45 AM
sergytv disconnected 1-5-2021, 11:10:01 AM
death: sergytv just got bashed by stun_grenade_tile on the weapon store 1-5-2021, 11:10:02 AM
sergytv logged in. 1-5-2021, 11:10:08 AM
sergytv disconnected 1-5-2021, 11:10:15 AM
sergytv logged in. 1-5-2021, 11:10:17 AM
sergytv disconnected 1-5-2021, 11:10:25 AM
sergytv logged in. 1-5-2021, 11:12:20 AM
sergytv disconnected 1-5-2021, 11:14:41 AM
sergytv logged in. 1-5-2021, 11:14:44 AM
sergytv disconnected 1-5-2021, 11:14:55 AM
sergytv logged in. 1-5-2021, 11:23:32 AM
sergytv disconnected 1-5-2021, 11:24:15 AM
sergytv logged in. 1-5-2021, 11:57:34 AM
sergytv disconnected 1-5-2021, 11:57:40 AM
sergytv logged in. 1-5-2021, 12:01:54 PM
sergytv lost connection 1-5-2021, 12:02:47 PM
sergytv logged in. 1-5-2021, 12:02:54 PM
sergytv disconnected 1-5-2021, 12:03:10 PM
sergytv logged in. 1-5-2021, 12:03:12 PM
sergytv disconnected 1-5-2021, 12:03:27 PM
sergytv logged in. 1-5-2021, 12:07:53 PM
sergytv disconnected 1-5-2021, 12:08:25 PM
sergytv logged in. 1-5-2021, 12:08:47 PM
sergytv lost connection 1-5-2021, 12:09:42 PM
sergytv logged in. 1-5-2021, 12:20:46 PM
sergytv disconnected 1-5-2021, 12:20:57 PM
sergytv logged in. 1-5-2021, 12:21:02 PM
sergytv disconnected 1-5-2021, 12:21:07 PM
sergytv logged in. 1-5-2021, 12:40:22 PM
sergytv disconnected 1-5-2021, 12:40:30 PM
krokodailtop logged in. 1-5-2021, 12:54:22 PM
krokodailtop disconnected 1-5-2021, 12:57:51 PM
krokodailtop logged in. 1-5-2021, 12:57:55 PM
tank logged in. 1-5-2021, 12:58:01 PM
death: heavy hammer laughs mockingly at the dying form of krokodailtop on  1-5-2021, 12:58:15 PM
death: He shoots, he scores! krokodailtop's testicles went flying through the hoops on door to the street. krokodailtop's mass bomb stands tall with quite the sinical smile. 1-5-2021, 1:00:13 PM
death: OK, let's see what else tank's nuclear bomb can do for krokodailtop on Soto street. I saw he killed them! 1-5-2021, 1:03:49 PM
death: heavy hammer killed krokodailtop on Uncharted Nothingness. 1-5-2021, 1:04:41 PM
artem logged in. 1-5-2021, 1:05:16 PM
death: gravaty just finished pulling the corpse of artem to the ground of the main,  and we can thank the laws of gravity for the help!  1-5-2021, 1:07:21 PM
death: and splat goes psycho, with krokodailtop standing over them on zalp with quite the smile 1-5-2021, 1:07:47 PM
death: You know that particular element in physics where velocity increases as you fall? yeah, krokodailtop learned that really fuckin quick, and we can thank nurse. 1-5-2021, 1:08:08 PM
death: A new freshly killed blood of krokodailtop lies now on viewing platform, thanks krokodailtop's rocket! 1-5-2021, 1:09:19 PM
death: car was turned to pulp by tank on main 1-5-2021, 1:09:33 PM
death: hazard just royally kicked krokodailtop's ass on the snow mountain 1-5-2021, 1:10:30 PM
death: krokodailtop was owned by hazard on weapon_challenge 1-5-2021, 1:11:24 PM
death: artem was totaled by tank's hand_grenade on beginn of the forest 1-5-2021, 1:11:31 PM
krokodailtop disconnected 1-5-2021, 1:12:34 PM
tank disconnected 1-5-2021, 1:12:52 PM
death: because of the villany of artem's missile, tank will no longer have a beating heart again, because it is broken on the main. 1-5-2021, 1:12:52 PM
tank logged in. 1-5-2021, 1:13:37 PM
sergytv logged in. 1-5-2021, 1:18:38 PM
sergytv disconnected 1-5-2021, 1:19:14 PM
death: artem just got bashed by hazard on the dangerous place 1-5-2021, 1:21:52 PM
death: He shoots, he scores! artem's testicles went flying through the hoops on main. the laws of gravity stands tall with quite the sinical smile. 1-5-2021, 1:29:48 PM
death: snake got fucked up by tank on main. 1-5-2021, 1:31:26 PM
death: Stay clear of main, artem has begun decaying. Thanks tank's missile 1-5-2021, 1:34:10 PM
death: artem just got creamed by the laws of gravity on main 1-5-2021, 1:34:30 PM
death: tank's missile just beat the shit out of artem on main 1-5-2021, 1:35:48 PM
death: A new corpse of artem is flying on main, because the laws of gravity made this to happen! 1-5-2021, 1:36:36 PM
death: Another one bites the dust! artem, have fun, I'm sure tank's missile is on main 1-5-2021, 1:37:17 PM
artem disconnected 1-5-2021, 1:37:22 PM
artem logged in. 1-5-2021, 1:37:27 PM
artem disconnected 1-5-2021, 1:38:37 PM
death: artem was just obliterated by the force of no one on main 1-5-2021, 1:38:37 PM
artem logged in. 1-5-2021, 1:38:44 PM
death: tank's missile just put artem 6 feet under on main 1-5-2021, 1:39:36 PM
death: ownage! tank managed to escape by killing the laws of gravity on the main 1-5-2021, 1:41:28 PM
death: artem really made a mess of tank's cannon on the main.  1-5-2021, 1:43:04 PM
artem disconnected 1-5-2021, 1:43:26 PM
death: tank just gave  sniper a royal beating on main! 1-5-2021, 1:43:38 PM
artem logged in. 1-5-2021, 1:46:10 PM
death: main smells pretty dank. tank needs a proper barrial by tank 1-5-2021, 1:46:12 PM
artem disconnected 1-5-2021, 1:47:00 PM
artem logged in. 1-5-2021, 1:48:35 PM
death: A new corpse of artem is flying on main, because tank's awp made this to happen! 1-5-2021, 1:49:49 PM
death: A new corpse of psycho is flying on main, because tank made this to happen! 1-5-2021, 1:50:36 PM
death: main smells pretty dank. cockroach needs a proper barrial by tank 1-5-2021, 1:52:45 PM
death: rocketlauncher was turned to pulp by tank on main 1-5-2021, 1:55:36 PM
death: tank's storm_sniper just mauled artem on main 1-5-2021, 1:57:08 PM
death: artem's storm_sniper just gave  tank a royal beating on main! 1-5-2021, 1:58:40 PM
death: Anybody knows why harvester died? I know! harvester got owned by tank! Where? On main! 1-5-2021, 2:00:13 PM
death: tank, You have a murderer on main, go ahead artem's storm_sniper  1-5-2021, 2:00:22 PM
death: horse was nuked off the main by tank 1-5-2021, 2:01:12 PM
death: tank has been terminated by artem's storm_sniper on main 1-5-2021, 2:02:28 PM
death: tank has been terminated by the laws of gravity on main 1-5-2021, 2:04:34 PM
death: tank just royally kicked coyote's ass on main 1-5-2021, 2:05:50 PM
krokodailtop logged in. 1-5-2021, 2:06:12 PM
death: A new corpse of artem is flying on main, because tank's awp made this to happen! 1-5-2021, 2:06:26 PM
death: Anybody knows why krokodailtop died? I know! krokodailtop got owned by artem's storm_sniper! Where? On main! 1-5-2021, 2:08:19 PM
death: the main now contains loads of guts from artem, thanks to tank's hand_grenade.  1-5-2021, 2:08:39 PM
death: and the deathly scream of tank pierces the air as artem's storm_sniper finishes them off on main! 1-5-2021, 2:10:35 PM
death: tank just completely and totally pulvarized dog over main! 1-5-2021, 2:12:22 PM
death: oy, where'd krokodailtop go? Do you happen to know, the laws of gravity? 1-5-2021, 2:12:42 PM
krokodailtop disconnected 1-5-2021, 2:13:23 PM
artem (artem) said не чеснооооо 1-5-2021, 2:13:49 PM
death: The main is full now with tank's guts as the laws of gravity owned them! 1-5-2021, 2:14:09 PM
death: the laws of gravity just used the grounds of the main to teach artem a very important lesson!  1-5-2021, 2:14:49 PM
death: tank just got their ass handed to them on a platter, happily served by heavy hammer, and he done it on main! 1-5-2021, 2:15:08 PM
artem (artem) said ххххххх 1-5-2021, 2:15:22 PM
tank disconnected 1-5-2021, 2:15:48 PM
artem (artem) said а зачем ты ракеты пускал 1-5-2021, 2:15:51 PM
artem disconnected 1-5-2021, 2:15:56 PM
tank logged in. 1-5-2021, 2:19:14 PM
death: tank was owned by hazard on dangerous place 1-5-2021, 2:21:48 PM
vadimka logged in. 1-5-2021, 2:25:14 PM
death: heavy hammer killed vadimka on the snow mountain. 1-5-2021, 2:25:24 PM
sergytv logged in. 1-5-2021, 2:28:14 PM
sergytv disconnected 1-5-2021, 2:28:25 PM
vadimka disconnected 1-5-2021, 2:29:00 PM
tank disconnected 1-5-2021, 2:30:17 PM
sergytv logged in. 1-5-2021, 2:34:15 PM
krokodailtop logged in. 1-5-2021, 2:37:29 PM
sergytv (sergytv) said привет 1-5-2021, 2:37:37 PM
sergytv (sergytv) said .срфкы 1-5-2021, 2:38:13 PM
sergytv (sergytv) said ой 1-5-2021, 2:38:15 PM
death: krokodailtop laughs mockingly at the dying form of welder on main 1-5-2021, 2:38:30 PM
sergytv (sergytv) said хахахаха 1-5-2021, 2:39:18 PM
death: OK, let's see what else sergytv's poisoned small projectile  can do for krokodailtop on main. I saw he killed them! 1-5-2021, 2:39:24 PM
sergytv (sergytv) said ну  1-5-2021, 2:40:16 PM
sergytv (sergytv) said иди 1-5-2021, 2:40:18 PM
sergytv (sergytv) said хехе 1-5-2021, 2:40:20 PM
death: kirill1 takes their last breath as krokodailtop blasts them in the face one last time on kirill's_world. Brutallity! 1-5-2021, 2:40:34 PM
sergytv (sergytv) said .ыгшсшву 1-5-2021, 2:40:44 PM
sergytv (sergytv) said хехе 1-5-2021, 2:40:48 PM
death: sergytv really made a mess of heavy hammer on the main.  1-5-2021, 2:40:54 PM
death: kirill3 just mauled krokodailtop on kirill's_world 1-5-2021, 2:41:04 PM
death: kirill3 just got creamed by krokodailtop on kirill's_world 1-5-2021, 2:41:07 PM
sergytv (sergytv) said дай мне айтем грабер пж 1-5-2021, 2:42:39 PM
krokodailtop disconnected 1-5-2021, 2:43:04 PM
death: sergytv takes their last breath as kirillboss blasts them in the face one last time on kirill'smain_room. Brutallity! 1-5-2021, 2:45:01 PM
death: and the deathly scream of kirillboss pierces the air as sergytv finishes them off on kirill'smain_room! 1-5-2021, 2:45:02 PM
sergytv disconnected 1-5-2021, 2:45:14 PM
bolgelo logged in. 1-5-2021, 3:03:53 PM
bolgelo lost connection 1-5-2021, 3:04:14 PM
mihail logged in. 1-5-2021, 3:08:46 PM
mihail disconnected 1-5-2021, 3:09:26 PM
Lordral logged in. 1-5-2021, 3:11:14 PM
Lordral (Lordral) said .лшддщипі 1-5-2021, 3:13:15 PM
Lordral disconnected 1-5-2021, 3:14:28 PM
mihail logged in. 1-5-2021, 3:23:54 PM
mihail disconnected 1-5-2021, 3:28:44 PM
sergytv logged in. 1-5-2021, 3:53:05 PM
sergytv disconnected 1-5-2021, 3:53:58 PM
fighter logged in. 1-5-2021, 3:59:14 PM
death: wolf was nuked out of cage by fighter 1-5-2021, 4:00:54 PM
death: Well, fighter doesn't exist anymore. Looks to be that heavy hammer has ultimate victory. Clean up on cage  1-5-2021, 4:02:33 PM
death: bear was totaled by fighter on cage 1-5-2021, 4:02:34 PM
franklin logged in. 1-5-2021, 4:16:16 PM
death: Breaking news! Today, stun_grenade_tile killed fighter so easy on to get to a map full of stun grenades, press enter! Attention! At coordinates 100, 100, 0 there will be a reward, 30000 coins! Good luck!! isn't it a good news? 1-5-2021, 4:16:33 PM
franklin disconnected 1-5-2021, 4:16:47 PM
death: fighter was nuked out of weapon_challenge by hazard 1-5-2021, 4:18:48 PM
death: Anybody knows why kirill2 died? I know! kirill2 got owned by fighter! Where? On kirill's_world! 1-5-2021, 4:20:19 PM
death: I think I just saw fighter's corpse flying as kirill3 owned them on kirill's_world. 1-5-2021, 4:20:31 PM
pyspil logged in. 1-5-2021, 4:28:23 PM
pyspil disconnected 1-5-2021, 4:28:52 PM
death: Well, fighter doesn't exist anymore. Looks to be that heavy hammer has ultimate victory. Clean up on Uncharted Nothingness  1-5-2021, 4:29:14 PM
sergytv logged in. 1-5-2021, 4:34:26 PM
sergytv disconnected 1-5-2021, 4:34:33 PM
death: fighter's turret 103, You have a murderer on oldmain, go ahead dead battery  1-5-2021, 4:35:05 PM
death: fighter has been terminated by heavy hammer on to get to a map full of stun grenades, press enter! Attention! At coordinates 100, 100, 0 there will be a reward, 30000 coins! Good luck! 1-5-2021, 4:44:48 PM
fighter disconnected 1-5-2021, 4:46:08 PM
pyspil logged in. 1-5-2021, 4:59:57 PM
pyspil disconnected 1-5-2021, 5:00:16 PM
pyspil logged in. 1-5-2021, 5:00:19 PM
pyspil disconnected 1-5-2021, 5:00:24 PM
pyspil logged in. 1-5-2021, 5:00:28 PM
death: A new corpse of pyspil is flying on boxing, because boxer made this to happen! 1-5-2021, 5:02:58 PM
death: Breaking news! Today, kirill4 killed pyspil so easy on kirill's_world! isn't it a good news? 1-5-2021, 5:03:57 PM
death: Is there a doctor on the kirill's_world? pyspil has no paulse. Oh, there isn't? Okay. kirill3 laughs. 1-5-2021, 5:04:30 PM
stepman logged in. 1-5-2021, 5:04:57 PM
death: Stay clear of kirill's_world, kirill2 has begun decaying. Thanks pyspil 1-5-2021, 5:05:00 PM
pyspil (pyspil) said hi 1-5-2021, 5:05:07 PM
pyspil (pyspil) said go to tt 1-5-2021, 5:05:10 PM
stepman (stepman) said .на мой портал иди пожалуйсто 1-5-2021, 5:05:26 PM
stepman (stepman) said а то там слава сидит 1-5-2021, 5:05:34 PM
death: the kirill's_world now contains loads of guts from pyspil, thanks to kirill3.  1-5-2021, 5:05:44 PM
pyspil (pyspil) said go 1-5-2021, 5:06:01 PM
stepman (stepman) said на мой дарксервер зайди , а то не удобно переходить 1-5-2021, 5:06:23 PM
pyspil disconnected 1-5-2021, 5:06:30 PM
pyspil logged in. 1-5-2021, 5:12:23 PM
death: Somebody call 9 1 1, oh wait, rain check. hazard gives no shits. Peace out, stepman 1-5-2021, 5:14:10 PM
death: stepman died. Why? Because the laws of gravity owned them on under you is a huge cauldron of boiling water, it is better not to fall into it. 1-5-2021, 5:14:10 PM
stepman disconnected 1-5-2021, 5:14:20 PM
stepman logged in. 1-5-2021, 5:14:38 PM
death: Another one bites the dust! kirill4, have fun, I'm sure stepman is on kirill's_world 1-5-2021, 5:17:07 PM
death: stepman just completely and totally pulvarized kirill4 over kirill's_world! 1-5-2021, 5:17:19 PM
death: Stop crying, kirill4! Go kill stepman! where he is, on kirill's_world! 1-5-2021, 5:17:48 PM
death: kirill1 was nuked out of kirill's_world by stepman 1-5-2021, 5:18:17 PM
death: I think I just saw kirill1's corpse flying as stepman owned them on kirill's_world. 1-5-2021, 5:18:24 PM
death: ownage! kirill2 managed to escape by killing stepman on the kirill's_world 1-5-2021, 5:18:27 PM
death: stepman just beat the shit out of kirill1 on kirill's_world 1-5-2021, 5:18:43 PM
death: You know that particular element in physics where velocity increases as you fall? yeah, kirill3 learned that really fuckin quick, and we can thank stepman. 1-5-2021, 5:18:50 PM
death: kirill3 died. Why? Because stepman owned them on kirill's_world. 1-5-2021, 5:19:00 PM
death: kirill1 has been terminated by stepman on kirill's_world 1-5-2021, 5:19:10 PM
death: He shoots, he scores! kirill1's testicles went flying through the hoops on kirill's_world. stepman stands tall with quite the sinical smile. 1-5-2021, 5:19:17 PM
death: kirill3 really made a mess of stepman on the kirill's_world.  1-5-2021, 5:19:24 PM
death: kirill3, I believe stepman had something to say, go meet him on kirill's_world. 1-5-2021, 5:19:27 PM
death: The kirill's_world is full now with kirill2's guts as stepman owned them! 1-5-2021, 5:19:28 PM
death: kirill3's head was blown apart and now stepman plays basketball today on kirill's_world, up for a game? 1-5-2021, 5:19:39 PM
death: oy, where'd stepman go? Do you happen to know, kirill3? 1-5-2021, 5:19:41 PM
stepman disconnected 1-5-2021, 5:19:48 PM
nikita-k logged in. 1-5-2021, 5:20:04 PM
death: heavy hammer laughs mockingly at the dying form of pyspil on dangerous place 1-5-2021, 5:20:26 PM
pyspil disconnected 1-5-2021, 5:20:31 PM
magistral logged in. 1-5-2021, 5:20:34 PM
nikita-k (nikita-k) said unco 1-5-2021, 5:21:09 PM
nikita-k (nikita-k) said sp 1-5-2021, 5:21:11 PM
nikita-k logged in. 1-5-2021, 5:21:22 PM
nikita-k disconnected 1-5-2021, 5:22:44 PM
magistral disconnected 1-5-2021, 5:22:53 PM
death: ramil, I believe stun_grenade_tile had something to say, go meet him on the snow mountain. 1-5-2021, 5:22:53 PM
Fold logged in. 1-5-2021, 5:24:34 PM
Fold lost connection 1-5-2021, 5:25:31 PM
Fold logged in. 1-5-2021, 5:26:23 PM
death: Fold just got annihilated by Fold's rocket on kirill's world 1-5-2021, 5:27:20 PM
death: kirill2 killed Fold on kirill's_world. 1-5-2021, 5:27:49 PM
death: kirill2 was turned to pulp by Fold's rocket on kirill's_world 1-5-2021, 5:29:04 PM
death: Fold's rocket just used the grounds of the kirill's world to teach Fold a very important lesson!  1-5-2021, 5:29:12 PM
death: Oops? Man down! That man is kirill4. Fold's rocket isn't so kind on kirill's_world. 1-5-2021, 5:29:13 PM
death: Well, Fold doesn't exist anymore. Looks to be that kirill2 has ultimate victory. Clean up on kirill's_world  1-5-2021, 5:29:37 PM
death: Fold, I believe Fold's rocket had something to say, go meet him on kirill's world. 1-5-2021, 5:30:00 PM
death: He shoots, he scores! kirill4's testicles went flying through the hoops on kirill's_world. Fold's rocket stands tall with quite the sinical smile. 1-5-2021, 5:30:01 PM
death: Breaking news! Today, Fold's rocket killed kirill1 so easy on kirill's_world! isn't it a good news? 1-5-2021, 5:30:39 PM
death: Somebody call 9 1 1, oh wait, rain check. kirill4 gives no shits. Peace out, Fold 1-5-2021, 5:31:10 PM
death: kirill4 takes their last breath as Fold's rocket blasts them in the face one last time on kirill's_world. Brutallity! 1-5-2021, 5:31:12 PM
death: Man? what's this! kirill2 died? No! He's my friend! Or what... I mean, he's Fold's rocket's friend! But I still can't believe looking at how he killed them on kirill's_world. 1-5-2021, 5:32:19 PM
death: kirill4 was nuked off the kirill's_world by Fold's rocket 1-5-2021, 5:32:19 PM
death: Fold's rocket just condemned kirill3 to kirill's_world s hell! 1-5-2021, 5:32:19 PM
death: Fold's head was blown apart and now Fold's rocket plays basketball today on kirill's world, up for a game? 1-5-2021, 5:32:30 PM
death: I think I just saw kirill4's corpse flying as Fold's rocket owned them on kirill's_world. 1-5-2021, 5:32:31 PM
Fold disconnected 1-5-2021, 5:32:37 PM
stepman logged in. 1-5-2021, 5:50:03 PM
darkfrent logged in. 1-5-2021, 5:54:25 PM
death: Oops? Man down! That man is darkfrent. hazard isn't so kind on dangerous place. 1-5-2021, 5:57:13 PM
death: darkfrent died. Why? Because the laws of gravity owned them on dangerous place. 1-5-2021, 5:58:19 PM
death: hazard killed darkfrent on dangerous place. 1-5-2021, 6:01:10 PM
darkfrent disconnected 1-5-2021, 6:01:41 PM
fighter logged in. 1-5-2021, 6:04:50 PM
fighter (fighter) said hi! 1-5-2021, 6:05:02 PM
death: fighter just got bashed by heavy hammer on the Uncharted Nothingness 1-5-2021, 6:12:43 PM
Yarina logged in. 1-5-2021, 6:16:35 PM
death: heavy hammer just put fighter 6 feet under on main 1-5-2021, 6:18:32 PM
death: Yarina was nuked out of under you is a huge cauldron of boiling water, it is better not to fall into it by hazard 1-5-2021, 6:19:24 PM
death: Yarina was nuked out of under you is a huge cauldron of boiling water, it is better not to fall into it by the laws of gravity 1-5-2021, 6:19:24 PM
Yarina disconnected 1-5-2021, 6:20:13 PM
death: Another one bites the dust, stepman, you will be greatly missed on dangerous place, hazard? what have you done? 1-5-2021, 6:20:17 PM
death: hazard just gave fighter what for! he started ruining dangerous place! 1-5-2021, 6:22:03 PM
fighter sent a Pm to stepman: hi 1-5-2021, 6:22:20 PM
stepman (stepman) said залп 1-5-2021, 6:22:39 PM
stepman sent a Pm to fighter:  залп 1-5-2021, 6:23:17 PM
fighter (fighter) said test 1-5-2021, 6:23:47 PM
fighter sent a Pm to stepman: я в чат написал тест. видил? 1-5-2021, 6:24:13 PM
death: Stop crying, fighter! Go kill hazard! where he is, on dangerous place! 1-5-2021, 6:24:42 PM
stepman sent a Pm to fighter:  language ch  должен быть английскийannal 1-5-2021, 6:25:18 PM
Yarina logged in. 1-5-2021, 6:25:25 PM
death: There's a light at the end of the tunnel Yarina, actually, fuck that. hazard ran you down on dangerous place. Sor'r'r'r'r'r'r'r'r'r'ry 1-5-2021, 6:25:55 PM
death: hazard just totaled Yarina's ass on dangerous place 1-5-2021, 6:27:34 PM
Yarina disconnected 1-5-2021, 6:28:45 PM
fighter (fighter) said а ща слышно? 1-5-2021, 6:30:25 PM
fighter lost connection 1-5-2021, 6:33:02 PM
fighter logged in. 1-5-2021, 6:33:16 PM
fighter (fighter) said eeee 1-5-2021, 6:35:44 PM
stepman (stepman) said .иди в тт 1-5-2021, 6:35:56 PM
stepman (stepman) said darkserver 1-5-2021, 6:36:04 PM
fighter (fighter) said ok, ok 1-5-2021, 6:36:12 PM
stepman (stepman) said иди на мой дарк 1-5-2021, 6:37:29 PM
sergytv logged in. 1-5-2021, 6:43:48 PM
sergytv disconnected 1-5-2021, 6:43:56 PM
fighter lost connection 1-5-2021, 6:46:23 PM
fighter logged in. 1-5-2021, 6:46:56 PM
stepman disconnected 1-5-2021, 7:01:34 PM
death: oy, where'd fighter go? Do you happen to know, heavy hammer? 1-5-2021, 7:04:07 PM
pyspil logged in. 1-5-2021, 7:05:33 PM
stepman logged in. 1-5-2021, 7:05:53 PM
fighter lost connection 1-5-2021, 7:07:39 PM
fighter logged in. 1-5-2021, 7:08:25 PM
fighter lost connection 1-5-2021, 7:08:56 PM
fighter logged in. 1-5-2021, 7:09:04 PM
nikita-k logged in. 1-5-2021, 7:09:24 PM
death: stepman was totaled by hazard on dangerous place 1-5-2021, 7:09:25 PM
magistral logged in. 1-5-2021, 7:09:51 PM
ramil (magistral) said lmao 1-5-2021, 7:09:58 PM
nikita-k (nikita-k) said what 1-5-2021, 7:10:01 PM
ramil (magistral) said 5 [lauers 1-5-2021, 7:10:11 PM
pyspil (pyspil) said chalinge 1-5-2021, 7:10:22 PM
death: ramil just got annihilated by hazard on dangerous place 1-5-2021, 7:11:31 PM
death: OK, let's see what else hazard can do for ramil on dangerous place. I saw he killed them! 1-5-2021, 7:12:00 PM
pyspil (pyspil) said zaz 1-5-2021, 7:12:20 PM
death: hazard just used the grounds of the weapon_challenge to teach ramil a very important lesson!  1-5-2021, 7:13:00 PM
death: OK, let's see what else the laws of gravity can do for ramil on weapon_challenge. I saw he killed them! 1-5-2021, 7:13:00 PM
ramil (magistral) said yesyesyesyesyesssssssssssss 1-5-2021, 7:16:07 PM
fighter lost connection 1-5-2021, 7:16:32 PM
fighter logged in. 1-5-2021, 7:17:50 PM
death: Well, ramil doesn't exist anymore. Looks to be that hazard has ultimate victory. Clean up on dangerous place  1-5-2021, 7:17:52 PM
pyspil (pyspil) said no move 1-5-2021, 7:18:09 PM
pyspil (pyspil) said cheater 1-5-2021, 7:18:12 PM
ramil (magistral) said i m test, where stepman 1-5-2021, 7:18:21 PM
pyspil (pyspil) said a 1-5-2021, 7:18:29 PM
death: Stay clear of the snow mountain, ramil has begun decaying. Thanks hazard 1-5-2021, 7:18:37 PM
death: the laws of gravity just used the grounds of the the snow mountain to teach ramil a very important lesson!  1-5-2021, 7:18:37 PM
magistral disconnected 1-5-2021, 7:18:42 PM
pyspil (pyspil) said как проходить этот челиндж? 1-5-2021, 7:18:48 PM
stepman (stepman) said magistral читерит 1-5-2021, 7:18:58 PM
death: stepman just got annihilated by hazard on dangerous place 1-5-2021, 7:19:22 PM
pyspil (pyspil) said как пройти этот челиндж? 1-5-2021, 7:19:40 PM
death: hazard laughs mockingly at the dying form of stepman on dangerous place 1-5-2021, 7:20:39 PM
death: The  is full now with fighter's guts as heavy hammer owned them! 1-5-2021, 7:20:52 PM
death: hazard just mauled nikita-k on dangerous place 1-5-2021, 7:21:05 PM
death: gravaty just finished pulling the corpse of stepman to the ground of the dangerous place,  and we can thank heavy hammer for the help!  1-5-2021, 7:21:58 PM
death: OK, let's see what else stepman's nuclear bomb can do for pyspil on dangerous place. I saw he killed them! 1-5-2021, 7:22:53 PM
death: stepman's nuclear bomb just neutralized stepman on main 1-5-2021, 7:22:53 PM
death: stepman's nuclear bomb just blasted nikita-k away from dangerous place! 1-5-2021, 7:22:53 PM
death: A new corpse of fighter is flying on laberinth of def, because stepman's nuclear bomb made this to happen! 1-5-2021, 7:22:53 PM
nikita-k (nikita-k) said fuck 1-5-2021, 7:23:00 PM
nikita-k (nikita-k) said вы заебали 1-5-2021, 7:23:08 PM
pyspil (pyspil) said эээээээээээ 1-5-2021, 7:23:08 PM
fighter (fighter) said fuck! 1-5-2021, 7:23:12 PM
pyspil (pyspil) said cheater 1-5-2021, 7:23:24 PM
fighter (fighter) said stepman, no nuclear bomb! 1-5-2021, 7:23:30 PM
death: nikita-k really made a mess of hazard on the dangerous place.  1-5-2021, 7:24:11 PM
death: oy, where'd pyspil go? Do you happen to know, hazard? 1-5-2021, 7:26:01 PM
pyspil (pyspil) said да как пройти этот челиндж? 1-5-2021, 7:26:33 PM
fighter (fighter) said ручками 1-5-2021, 7:26:50 PM
stepman (stepman) said как прыгнуть на 10 клеток ? на координатах 20, 100, 20 надо прыгнуть через 10 клеток как это сделать блин 1-5-2021, 7:28:57 PM
nikita-k (nikita-k) said возьми и прыгни 1-5-2021, 7:29:08 PM
magistral logged in. 1-5-2021, 7:29:21 PM
stepman (stepman) said я постаянно не далетаю и падаю в горячую воду 1-5-2021, 7:29:38 PM
ramil (magistral) said d 1-5-2021, 7:29:45 PM
death: Somebody call 9 1 1, oh wait, rain check. hazard gives no shits. Peace out, ramil 1-5-2021, 7:29:55 PM
pyspil (pyspil) said да кто меня мувает? 1-5-2021, 7:30:06 PM
nikita-k (nikita-k) said никто 1-5-2021, 7:30:13 PM
ramil (magistral) said irs a teleporter 1-5-2021, 7:30:17 PM
death: Breaking news! Today, hazard killed ramil so easy on dangerous place! isn't it a good news? 1-5-2021, 7:30:55 PM
magistral disconnected 1-5-2021, 7:30:59 PM
death: fighter died. Why? Because heavy hammer owned them on laberinth of def. 1-5-2021, 7:31:18 PM
pyspil (pyspil) said а почему я камерой его не вижу? 1-5-2021, 7:31:58 PM
stepman disconnected 1-5-2021, 7:32:11 PM
fighter (fighter) said видишь! такой звук как при переходе 1-5-2021, 7:32:26 PM
pyspil (pyspil) said почему я телепорт камерой не вижу? 1-5-2021, 7:33:42 PM
fighter (fighter) said я ж тебе сказал! 1-5-2021, 7:33:56 PM
pyspil (pyspil) said не понял 1-5-2021, 7:34:05 PM
pyspil (pyspil) said а вот, увидел 1-5-2021, 7:34:26 PM
fighter (fighter) said короче, когда камера нащупывает его такой звук, как при переходе на карту. понял? 1-5-2021, 7:34:39 PM
nikita-k logged in. 1-5-2021, 7:36:00 PM
death: Somebody call 9 1 1, oh wait, rain check. hazard gives no shits. Peace out, pyspil 1-5-2021, 7:36:24 PM
death: Stay clear of the snow mountain, pyspil has begun decaying. Thanks the laws of gravity 1-5-2021, 7:36:24 PM
fighter (fighter) said вот у меня тоже вопрос 1-5-2021, 7:36:28 PM
fighter (fighter) said вот когда я дохожу до края вот этой карты с гранатами дальше что? 1-5-2021, 7:36:45 PM
pyspil (pyspil) said как суицидку на лесенке перепрыгнуть? 1-5-2021, 7:36:49 PM
nikita-k lost connection 1-5-2021, 7:36:55 PM
nikita-k logged in. 1-5-2021, 7:36:57 PM
nikita-k lost connection 1-5-2021, 7:37:36 PM
nikita-k logged in. 1-5-2021, 7:37:46 PM
nikita-k lost connection 1-5-2021, 7:39:47 PM
nikita-k logged in. 1-5-2021, 7:39:48 PM
nikita-k lost connection 1-5-2021, 7:43:04 PM
death: hazard just gave  fighter a royal beating on dangerous place! 1-5-2021, 7:46:53 PM
death: pyspil, I believe heavy hammer had something to say, go meet him on laberinth of def. 1-5-2021, 7:47:28 PM
death: A new corpse of fighter is flying on the snow mountain, because hazard made this to happen! 1-5-2021, 7:47:29 PM
death: a bloody corpse of fighter now lies on the snow mountain, thanks to the laws of gravity 1-5-2021, 7:47:29 PM
pyspil disconnected 1-5-2021, 7:47:38 PM
magistral logged in. 1-5-2021, 7:48:24 PM
magistral disconnected 1-5-2021, 7:49:15 PM
vadimka logged in. 1-5-2021, 7:59:18 PM
vadimka (vadimka) said яфдз 1-5-2021, 7:59:23 PM
vadimka (vadimka) said залп лёха 1-5-2021, 7:59:27 PM
fighter (fighter) said прив 1-5-2021, 7:59:28 PM
vadimka (vadimka) said го на тифлогруп 1-5-2021, 7:59:43 PM
fighter (fighter) said не, лагать будет 1-5-2021, 7:59:52 PM
vadimka (vadimka) said почему 1-5-2021, 7:59:58 PM
fighter (fighter) said роутер хррреновый 1-5-2021, 8:00:06 PM
vadimka (vadimka) said боец файтер спорим я тебя завалю 1-5-2021, 8:00:39 PM
fighter (fighter) said да ёбский телепорт! 1-5-2021, 8:00:41 PM
vadimka (vadimka) said what 1-5-2021, 8:00:47 PM
fighter (fighter) said та я на лаберинте 1-5-2021, 8:00:54 PM
vadimka (vadimka) said aaaaaaaaa 1-5-2021, 8:01:05 PM
death: Oh flapjacks, laberinth of def looks like a big bloody mess. heavy hammer definitely pushed hard to use fighter's remains as a deceration 1-5-2021, 8:01:07 PM
vadimka (vadimka) said ok 1-5-2021, 8:01:07 PM
fighter (fighter) said да, и я бомжара, у меня ни оружек ни чера 1-5-2021, 8:01:44 PM
vadimka (vadimka) said go main 1-5-2021, 8:01:50 PM
vadimka (vadimka) said go 1-5-2021, 8:02:23 PM
fighter (fighter) said нету оружий у меня, сказал же русским языком! 1-5-2021, 8:02:27 PM
vadimka (vadimka) said а ты попробуй 1-5-2021, 8:02:42 PM
vadimka (vadimka) said могу на холодной 1-5-2021, 8:02:51 PM
fighter (fighter) said хахаха на кулаках? 1-5-2021, 8:02:53 PM
vadimka (vadimka) said может холод 1-5-2021, 8:03:03 PM
fighter (fighter) said нету! 1-5-2021, 8:03:07 PM
vadimka (vadimka) said лучше 1-5-2021, 8:03:11 PM
fighter (fighter) said я сказал нетцу 1-5-2021, 8:03:12 PM
vadimka (vadimka) said а деньги 1-5-2021, 8:03:15 PM
vadimka (vadimka) said ну ок погнали 1-5-2021, 8:03:28 PM
fighter (fighter) said нет ну я могу кувалду купить 1-5-2021, 8:03:35 PM
vadimka (vadimka) said ok 1-5-2021, 8:03:49 PM
vadimka (vadimka) said the_legendary_sword 1-5-2021, 8:03:58 PM
vadimka (vadimka) said go 1-5-2021, 8:04:01 PM
fighter (fighter) said нету меча такого 1-5-2021, 8:04:06 PM
vadimka (vadimka) said посмотроим 1-5-2021, 8:04:13 PM
vadimka (vadimka) said посмотрим 1-5-2021, 8:04:17 PM
vadimka (vadimka) said го 1-5-2021, 8:04:24 PM
fighter (fighter) said давай по честному 1-5-2021, 8:04:25 PM
vadimka (vadimka) said что 1-5-2021, 8:04:30 PM
fighter (fighter) said хва пить 1-5-2021, 8:04:30 PM
vadimka (vadimka) said всм хвапить 1-5-2021, 8:04:37 PM
fighter (fighter) said в клетку пошли 1-5-2021, 8:04:42 PM
vadimka (vadimka) said ок 1-5-2021, 8:04:49 PM
vadimka (vadimka) said ой я на боксе 1-5-2021, 8:05:14 PM
vadimka (vadimka) said ща 1-5-2021, 8:05:16 PM
death: heavy hammer just totaled vadimka's ass on viewing platform 1-5-2021, 8:05:22 PM
fighter (fighter) said 0 30 0 1-5-2021, 8:05:30 PM
vadimka (vadimka) said рилка 1-5-2021, 8:05:42 PM
vadimka (vadimka) said хилка 1-5-2021, 8:05:45 PM
death: oy, where'd vadimka go? Do you happen to know, fighter's steal_warhammer? 1-5-2021, 8:06:09 PM
fighter (fighter) said оооо да 1-5-2021, 8:06:15 PM
fighter (fighter) said мало денер 1-5-2021, 8:06:19 PM
fighter (fighter) said дали но дали 1-5-2021, 8:06:23 PM
vadimka (vadimka) said gggggg 1-5-2021, 8:06:23 PM
fighter (fighter) said давайка без ракетлоунчеров 1-5-2021, 8:06:41 PM
vadimka (vadimka) said ok 1-5-2021, 8:06:44 PM
death: You know that particular element in physics where velocity increases as you fall? yeah, fighter learned that really fuckin quick, and we can thank vadimka's the_legendary_sword. 1-5-2021, 8:06:54 PM
fighter (fighter) said так, окей, пойду денег немного соберу 1-5-2021, 8:07:11 PM
fighter disconnected 1-5-2021, 8:07:21 PM
vadimka (vadimka) said gggg 1-5-2021, 8:07:23 PM
vadimka disconnected 1-5-2021, 8:09:25 PM
magistral logged in. 1-5-2021, 8:13:20 PM
magistral disconnected 1-5-2021, 8:14:59 PM
nikita-k logged in. 1-5-2021, 8:31:49 PM
nikita-k disconnected 1-5-2021, 8:31:56 PM
stepman logged in. 1-5-2021, 8:36:25 PM
death: stepman was given what was coming to them, thank you hazard! 1-5-2021, 8:39:05 PM
death: Another one bites the dust, stepman, you will be greatly missed on under you is a huge cauldron of boiling water, it is better not to fall into it, the laws of gravity? what have you done? 1-5-2021, 8:39:06 PM
death: oy, where'd psycho go? Do you happen to know, stepman? 1-5-2021, 8:46:30 PM
death: stepman died. Why? Because the laws of gravity owned them on main. 1-5-2021, 8:48:28 PM
tank logged in. 1-5-2021, 8:51:04 PM
stepman (stepman) said tank держись там мой робот 1-5-2021, 8:51:38 PM
magistral logged in. 1-5-2021, 8:51:39 PM
death: stepman's robot 18 was turned to pulp by tank's awp on main 1-5-2021, 8:51:43 PM
death: and splat goes stepman, with heavy hammer standing over them on main with quite the smile 1-5-2021, 8:52:23 PM
tank (tank) said а степман крыса 1-5-2021, 8:52:37 PM
tank (tank) said ебаная 1-5-2021, 8:52:40 PM
tank (tank) said иди сюда 1-5-2021, 8:52:45 PM
tank (tank) said сука 1-5-2021, 8:52:46 PM
tank (tank) said ебать буду 1-5-2021, 8:52:50 PM
stepman (stepman) said ты чё 1-5-2021, 8:52:54 PM
tank (tank) said нахуй 1-5-2021, 8:52:55 PM
tank (tank) said иди сюда 1-5-2021, 8:52:59 PM
tank (tank) said я не закончил 1-5-2021, 8:53:06 PM
stepman (stepman) said злишься как позорник 1-5-2021, 8:53:08 PM
tank (tank) said иди сюда 1-5-2021, 8:53:13 PM
tank (tank) said ебало набью 1-5-2021, 8:53:21 PM
ramil (magistral) said я ща тебя ебать прейду, пизда тупая. 1-5-2021, 8:53:24 PM
stepman (stepman) said у меня игра багнулась ща приду 1-5-2021, 8:53:25 PM
ramil (magistral) said приду 1-5-2021, 8:53:28 PM
tank (tank) said всё испугался 1-5-2021, 8:53:32 PM
tank (tank) said ууу 1-5-2021, 8:53:40 PM
tank (tank) said вперёд 1-5-2021, 8:53:42 PM
tank (tank) said рамиль 1-5-2021, 8:53:45 PM
stepman (stepman) said за что ты меня обосрал 1-5-2021, 8:53:46 PM
tank (tank) said только я ни чо тебе неделал 1-5-2021, 8:53:54 PM
ramil (magistral) said ты бя не понял прикола чтоли? 1-5-2021, 8:54:02 PM
ramil (magistral) said siska 1-5-2021, 8:54:07 PM
tank (tank) said а понял 1-5-2021, 8:54:08 PM
tank (tank) said смотри 1-5-2021, 8:54:12 PM
tank (tank) said рамиль 1-5-2021, 8:54:16 PM
ramil (magistral) said aaa 1-5-2021, 8:54:18 PM
tank (tank) said он значит берёт и стоит на 0 0 0 0 1-5-2021, 8:54:32 PM
tank (tank) said я иду и ебу с авп 1-5-2021, 8:54:37 PM
ramil (magistral) said и 1-5-2021, 8:54:38 PM
tank (tank) said а он суицидается 1-5-2021, 8:54:47 PM
tank (tank) said крыса ебаная 1-5-2021, 8:54:50 PM
ramil (magistral) said uuuuuuuu 1-5-2021, 8:54:51 PM
ramil (magistral) said fucking rat 1-5-2021, 8:54:55 PM
tank (tank) said шлюха тупая 1-5-2021, 8:54:58 PM
tank (tank) said рамиль может с тобой подраться 1-5-2021, 8:55:10 PM
ramil (magistral) said where?????? 1-5-2021, 8:55:17 PM
death: Stop crying, tank! Go kill stepman's rpg7! where he is, on main! 1-5-2021, 8:55:18 PM
ramil (magistral) said lmao 1-5-2021, 8:55:28 PM
tank (tank) said stop 1-5-2021, 8:55:28 PM
ramil (magistral) said ok 1-5-2021, 8:55:31 PM
ramil (magistral) said i vill kill  1-5-2021, 8:55:35 PM
tank (tank) said ramil 1-5-2021, 8:55:48 PM
ramil (magistral) said wait 1-5-2021, 8:55:51 PM
tank (tank) said go 1-5-2021, 8:55:51 PM
tank (tank) said awp 1-5-2021, 8:55:54 PM
death: ownage! stepman managed to escape by killing stepman's rpg7 on the main 1-5-2021, 8:56:27 PM
death: stepman's rpg7 just used the grounds of the main to teach rabbit a very important lesson!  1-5-2021, 8:56:28 PM
tank (tank) said uuuuuuuuuuuuuuuuuu 1-5-2021, 8:56:43 PM
tank (tank) said ramil 1-5-2021, 8:56:58 PM
tank (tank) said go 1-5-2021, 8:57:00 PM
tank (tank) said mane 1-5-2021, 8:57:04 PM
tank (tank) said bitch 1-5-2021, 8:57:09 PM
ramil (magistral) said suka, i m fikst a mistake 1-5-2021, 8:57:28 PM
bolgelo logged in. 1-5-2021, 8:59:10 PM
death: stepman just used the grounds of the main to teach fitter a very important lesson!  1-5-2021, 8:59:46 PM
ramil (magistral) said jplayer has bin removed 1-5-2021, 8:59:46 PM
grand father (bolgelo) said why 1-5-2021, 8:59:49 PM
death: tank's cannon just blasted stepman away from main! 1-5-2021, 8:59:51 PM
ramil (magistral) said никита уберает. 1-5-2021, 8:59:52 PM
tank (tank) said ahahahah 1-5-2021, 8:59:54 PM
grand father (bolgelo) said why 1-5-2021, 9:00:00 PM
ramil (magistral) said он сказал, что ного места занемает 1-5-2021, 9:00:18 PM
grand father (bolgelo) said uuu 1-5-2021, 9:00:26 PM
tank (tank) said жалко 1-5-2021, 9:00:30 PM
death: grand father's rpg7 just mauled tank on main 1-5-2021, 9:01:02 PM
death: the main now contains loads of guts from tank, thanks to grand father's rpg7.  1-5-2021, 9:01:58 PM
death: stepman's helicopter 35's head was blown apart and now grand father's rpg7 plays basketball today on main, up for a game? 1-5-2021, 9:02:04 PM
death: grand father's mini missile just used the grounds of the main to teach stepman a very important lesson!  1-5-2021, 9:02:06 PM
ramil (magistral) said bolgelo 1-5-2021, 9:02:32 PM
grand father (bolgelo) said a 1-5-2021, 9:02:34 PM
ramil (magistral) said come in team 1-5-2021, 9:02:36 PM
grand father (bolgelo) said na 1-5-2021, 9:02:42 PM
nikita-k logged in. 1-5-2021, 9:03:01 PM
ramil (magistral) said hi 1-5-2021, 9:03:05 PM
nikita-k (nikita-k) said и так 1-5-2021, 9:03:10 PM
nikita-k (nikita-k) said oops 1-5-2021, 9:03:18 PM
nikita-k (nikita-k) said oopspspspspspspspspspsps 1-5-2021, 9:03:22 PM
nikita-k logged in. 1-5-2021, 9:03:32 PM
nikita-k logged in. 1-5-2021, 9:06:23 PM
bolgelo logged in. 1-5-2021, 9:08:33 PM
grand father (bolgelo) said and whats that 1-5-2021, 9:08:42 PM
grand father (bolgelo) said balls  1-5-2021, 9:08:46 PM
nikita-k (nikita-k) said читай 1-5-2021, 9:08:57 PM
nikita-k (nikita-k) said rofl 1-5-2021, 9:10:32 PM
magistral logged in. 1-5-2021, 9:10:43 PM
stepman logged in. 1-5-2021, 9:10:51 PM
nikita-k (nikita-k) said cool! 1-5-2021, 9:10:52 PM
ramil (magistral) said o, new welcome 1-5-2021, 9:10:52 PM
nikita-k (nikita-k) said cool jump system! 1-5-2021, 9:11:00 PM
ramil (magistral) said test 1-5-2021, 9:11:10 PM
ramil (magistral) said ahahaah 1-5-2021, 9:11:23 PM
tank logged in. 1-5-2021, 9:11:37 PM
death: gravaty just finished pulling the corpse of tank to the ground of the main,  and we can thank the laws of gravity for the help!  1-5-2021, 9:11:39 PM
ramil (magistral) said lmao 1-5-2021, 9:11:43 PM
death: A new freshly killed blood of grand father lies now on dangerous place, thanks hazard! 1-5-2021, 9:11:44 PM
nikita-k (nikita-k) said rofl 1-5-2021, 9:11:47 PM
tank (tank) said ahahaha 1-5-2021, 9:11:52 PM
stepman (stepman) said танк привет  1-5-2021, 9:12:02 PM
ramil (magistral) said aaaaa 1-5-2021, 9:12:06 PM
death: You know that particular element in physics where velocity increases as you fall? yeah, ramil learned that really fuckin quick, and we can thank hazard. 1-5-2021, 9:12:07 PM
death: Stay clear of weapon_challenge, ramil has begun decaying. Thanks the laws of gravity 1-5-2021, 9:12:07 PM
tank (tank) said aga 1-5-2021, 9:12:09 PM
grand father (bolgelo) said fuck nikita 1-5-2021, 9:12:32 PM
death: Breaking news! Today, heavy hammer killed stepman so easy on main! isn't it a good news? 1-5-2021, 9:12:32 PM
nikita-k (nikita-k) said aa 1-5-2021, 9:12:40 PM
death: ramil just got their ass handed to them on a platter, happily served by hazard, and he done it on dangerous place! 1-5-2021, 9:12:58 PM
grand father (bolgelo) said смотри 1-5-2021, 9:13:01 PM
grand father (bolgelo) said мувнись ко мне 1-5-2021, 9:13:09 PM
grand father (bolgelo) said повернись на south west 1-5-2021, 9:13:27 PM
grand father (bolgelo) said haha 1-5-2021, 9:13:32 PM
death: hazard just blasted nikita-k away from dangerous place! 1-5-2021, 9:13:33 PM
nikita-k (nikita-k) said oy 1-5-2021, 9:13:40 PM
death: Man? what's this! nikita-k died? No! He's my friend! Or what... I mean, he's hazard's friend! But I still can't believe looking at how he killed them on dangerous place. 1-5-2021, 9:13:51 PM
nikita-k (nikita-k) said dddddddd 1-5-2021, 9:13:58 PM
grand father (bolgelo) said ты сломал 1-5-2021, 9:13:59 PM
nikita-k (nikita-k) said yeah 1-5-2021, 9:14:03 PM
death: Another one bites the dust, tank, you will be greatly missed on dangerous place, hazard? what have you done? 1-5-2021, 9:14:11 PM
nikita-k (nikita-k) said go fix 1-5-2021, 9:14:18 PM
nikita-k (nikita-k) said i wil 1-5-2021, 9:14:22 PM
nikita-k (nikita-k) said а вообще, норм прыгает? 1-5-2021, 9:14:41 PM
ramil (magistral) said aha 1-5-2021, 9:14:47 PM
death: grand father was nuked off the dangerous place by hazard 1-5-2021, 9:15:08 PM
grand father (bolgelo) said та ну 1-5-2021, 9:15:14 PM
ramil (magistral) said 0, 77, 6.  1-5-2021, 9:15:16 PM
ramil (magistral) said how 1-5-2021, 9:15:18 PM
grand father (bolgelo) said то же самое... лол 1-5-2021, 9:15:20 PM
bolgelo lost connection 1-5-2021, 9:15:37 PM
death: hazard just mauled ramil on dangerous place 1-5-2021, 9:16:23 PM
death: Breaking news! Today, hazard killed tank so easy on dangerous place! isn't it a good news? 1-5-2021, 9:16:27 PM
ramil (magistral) said oy 1-5-2021, 9:16:38 PM
magistral disconnected 1-5-2021, 9:16:58 PM
death: stepman just got their ass handed to them on a platter, happily served by hazard, and he done it on dangerous place! 1-5-2021, 9:17:31 PM
death: tank takes their last breath as hazard blasts them in the face one last time on dangerous place. Brutallity! 1-5-2021, 9:17:38 PM
magistral logged in. 1-5-2021, 9:18:32 PM
ramil (magistral) said hi 1-5-2021, 9:18:35 PM
death: Another one bites the dust, tank, you will be greatly missed on dangerous place, hazard? what have you done? 1-5-2021, 9:19:05 PM
tank disconnected 1-5-2021, 9:19:25 PM
death: stepman just got bashed by hazard on the dangerous place 1-5-2021, 9:19:26 PM
death: heavy hammer just neutralized ramil on the snow mountain 1-5-2021, 9:19:51 PM
magistral logged in. 1-5-2021, 9:20:06 PM
stepman logged in. 1-5-2021, 9:20:08 PM
nikita-k logged in. 1-5-2021, 9:20:08 PM
ramil (magistral) said why? 1-5-2021, 9:20:09 PM
ramil (magistral) said why 1-5-2021, 9:20:15 PM
ramil (magistral) said aaaaa 1-5-2021, 9:20:24 PM
nikita-k (nikita-k) said ll 1-5-2021, 9:20:29 PM
ramil (magistral) said good soinds 1-5-2021, 9:20:29 PM
death: Man? what's this! ramil died? No! He's my friend! Or what... I mean, he's hazard's friend! But I still can't believe looking at how he killed them on dangerous place. 1-5-2021, 9:21:49 PM
ramil (magistral) said фффф 1-5-2021, 9:21:54 PM
ramil (magistral) said aaaaaaaa 1-5-2021, 9:21:57 PM
nikita-k logged in. 1-5-2021, 9:22:08 PM
ramil (magistral) said fufkffuffjkfkfkfdkfdskfdskaksdfkdsfkdsfkksdfalakjlgnklnlkndfslnkdfskldfdf 1-5-2021, 9:22:10 PM
death: Damn, hazard, that was quite a vicious display of violence towards stepman?, but worst of all, you done it on dangerous place! 1-5-2021, 9:22:39 PM
nikita-k lost connection 1-5-2021, 9:22:40 PM
death: A new corpse of stepman is flying on main, because heavy hammer made this to happen! 1-5-2021, 9:23:12 PM
magistral disconnected 1-5-2021, 9:23:41 PM
nikita-k logged in. 1-5-2021, 9:24:03 PM
stepman logged in. 1-5-2021, 9:24:43 PM
death: Somebody call 9 1 1, oh wait, rain check. hazard gives no shits. Peace out, stepman 1-5-2021, 9:27:50 PM
magistral logged in. 1-5-2021, 9:40:03 PM
vadimka logged in. 1-5-2021, 9:40:17 PM
death: heavy hammer just put vadimka 6 feet under on safe zone 1-5-2021, 9:40:41 PM
ramil (magistral) said stepman 1-5-2021, 9:40:58 PM
death: ramil just got bashed by hazard on the dangerous place 1-5-2021, 9:41:04 PM
death: Somebody call 9 1 1, oh wait, rain check. heavy hammer gives no shits. Peace out, vadimka 1-5-2021, 9:41:10 PM
death: hazard just completely and totally pulvarized ramil over dangerous place! 1-5-2021, 9:42:04 PM
ramil (magistral) said lmamamamamakl;ajoiojfdogjdfghrf 1-5-2021, 9:42:10 PM
death: Another one bites the dust! vadimka, have fun, I'm sure hazard is on dangerous place 1-5-2021, 9:42:50 PM
ramil (magistral) said oy 1-5-2021, 9:42:52 PM
death: oy, where'd vadimka go? Do you happen to know, hazard? 1-5-2021, 9:43:22 PM
sergytv logged in. 1-5-2021, 9:43:26 PM
ramil (magistral) said hey 1-5-2021, 9:43:29 PM
sergytv disconnected 1-5-2021, 9:43:32 PM
vadimka disconnected 1-5-2021, 9:43:34 PM
sergytv logged in. 1-5-2021, 9:43:36 PM
death: ramil's head was blown apart and now hazard plays basketball today on dangerous place, up for a game? 1-5-2021, 9:43:50 PM
sergytv disconnected 1-5-2021, 9:43:53 PM
death: Damn, hazard, that was quite a vicious display of violence towards ramil?, but worst of all, you done it on the snow mountain! 1-5-2021, 9:44:41 PM
vadimka logged in. 1-5-2021, 9:45:11 PM
vadimka disconnected 1-5-2021, 9:45:54 PM
death: There's a light at the end of the tunnel ramil, actually, fuck that. the laws of gravity ran you down on weapon_challenge. Sor'r'r'r'r'r'r'r'r'r'ry 1-5-2021, 9:48:57 PM
death: A pool of red reminder liquid now forms under ramil's corpse. hazard has the credibility for their demise.  1-5-2021, 9:49:29 PM
magistral disconnected 1-5-2021, 9:49:31 PM
death: Rest  in piece, stepman. We'll sure miss you, guess we can thank hazard for what they did on under you is a huge cauldron of boiling water, it is better not to fall into it. 1-5-2021, 10:12:28 PM
death: A new corpse of stepman is flying on under you is a huge cauldron of boiling water, it is better not to fall into it, because the laws of gravity made this to happen! 1-5-2021, 10:12:28 PM
death: stepman just got annihilated by hazard on dangerous place 1-5-2021, 10:15:49 PM
death: I think I just saw stepman's corpse flying as hazard owned them on weapon_challenge. 1-5-2021, 10:16:40 PM
death: stepman's the_legendary_sword laughs mockingly at the dying form of stepman's robot 68 on main 1-5-2021, 10:46:24 PM
death: a bloody corpse of stepman's robot 84 now lies on main, thanks to stepman's the_legendary_sword 1-5-2021, 10:47:38 PM
death: stepman was turned to pulp by heavy hammer on main 1-5-2021, 10:47:53 PM
death: stepman's robot 52 was given what was coming to them, thank you stepman's storm_sniper! 1-5-2021, 10:49:51 PM
death: stepman just got bashed by heavy hammer on the main 1-5-2021, 10:50:39 PM
death: There's a light at the end of the tunnel kirill1, actually, fuck that. stepman ran you down on kirill's_world. Sor'r'r'r'r'r'r'r'r'r'ry 1-5-2021, 10:55:17 PM
death: You know that particular element in physics where velocity increases as you fall? yeah, kirill4 learned that really fuckin quick, and we can thank stepman. 1-5-2021, 10:55:30 PM
death: stepman just gave kirill3 what for! he started ruining kirill's_world! 1-5-2021, 10:55:36 PM
death: stepman just gave kirill2 what for! he started ruining kirill's_world! 1-5-2021, 10:55:42 PM
death: Is there a doctor on the kirill's_world? kirill2 has no paulse. Oh, there isn't? Okay. stepman laughs. 1-5-2021, 10:56:07 PM
death: The kirill's_world is full now with kirill3's guts as stepman owned them! 1-5-2021, 10:56:49 PM
death: a bloody corpse of kirill2 now lies on kirill's_world, thanks to stepman 1-5-2021, 10:57:05 PM
death: stepman just condemned kirill1 to kirill's_world s hell! 1-5-2021, 10:57:13 PM
death: stepman just condemned kirill2 to kirill's_world s hell! 1-5-2021, 10:57:14 PM
death: A new freshly killed blood of kirill1 lies now on kirill's_world, thanks stepman! 1-5-2021, 10:57:24 PM
death: Stop crying, kirill3! Go kill stepman! where he is, on kirill's_world! 1-5-2021, 10:57:33 PM
death: A pool of red reminder liquid now forms under kirill4's corpse. stepman has the credibility for their demise.  1-5-2021, 10:57:37 PM
death: stepman just put the smack down on kirill2, thats good, but whi on kirill's_world? 1-5-2021, 10:57:53 PM
death: A pool of red reminder liquid now forms under kirill3's corpse. stepman has the credibility for their demise.  1-5-2021, 10:59:01 PM
death: Stay clear of kirill's_world, kirill2 has begun decaying. Thanks stepman 1-5-2021, 10:59:03 PM
death: stepman is so happy because he killed kirill3 on kirill's_world! 1-5-2021, 10:59:05 PM
death: Damn, kirill3, that was quite a vicious display of violence towards stepman?, but worst of all, you done it on kirill's_world! 1-5-2021, 10:59:07 PM
death: stepman is so happy because he killed kirill3 on kirill's_world! 1-5-2021, 10:59:10 PM
stepman disconnected 1-5-2021, 10:59:12 PM