
anil (anil) said oy i  staid for you 2-1-2021, 8:21:52 AM
anil (anil) said see 2-1-2021, 8:22:02 AM
anil (anil) said lmao 2-1-2021, 8:22:31 AM
anil (anil) said oy how 2-1-2021, 8:26:37 AM
anil (anil) said windows 2-1-2021, 8:26:54 AM
anil (anil) said telll oy you 2-1-2021, 8:27:24 AM
anil (anil) said aha 2-1-2021, 8:33:50 AM
anil (anil) said llooooool 2-1-2021, 9:03:01 AM
anil (anil) said heading    level 2  Welcome to programming world for VI 2-1-2021, 9:15:49 AM
anil (anil) said Myself Harsha, located at Bangalore, India.
 2-1-2021, 9:32:14 AM
anil (anil) said I am a visually challenged person where that challenge is not at all a challenge for me!
I am a visually challenged person where that challenge is not at all a challenge for me!
 2-1-2021, 9:32:49 AM
anil (anil) said My academics started from a blind school.
 2-1-2021, 9:33:20 AM
anil (anil) said Now, I finished my bachelor of Computer Applications and worked as an accessibility tester for a year. 2-1-2021, 9:34:00 AM
anil (anil) said lag 2-1-2021, 9:43:30 AM
anil (anil) said lag 2-1-2021, 9:44:04 AM
anil (anil) said no  ffight  view platform 2-1-2021, 9:46:05 AM
anil (anil) said lag 2-1-2021, 9:46:17 AM
anil (anil) said lag 2-1-2021, 9:46:22 AM
anil (anil) said shit  2-1-2021, 9:51:07 AM
anil (anil) said revenge 2-1-2021, 9:55:54 AM
anil (anil) said then? 2-1-2021, 9:57:26 AM
anil (anil) said come you dj 2-1-2021, 9:58:02 AM
anil (anil) said aahhahahaahhaahahahaha 2-1-2021, 10:03:09 AM
anil (anil) said ahhahahaahhahhahaha 2-1-2021, 10:05:32 AM
anil (anil) said revenge 2-1-2021, 10:05:49 AM
anil (anil) said ded aahaahahaaha 2-1-2021, 10:06:10 AM
anil (anil) said rofl 2-1-2021, 10:42:36 AM
anil (anil) said come fight 2-1-2021, 11:13:19 AM
anil (anil) said oy any  one come fight 2-1-2021, 11:14:36 AM
anil (anil) said rofl 2-1-2021, 11:15:00 AM
anil (anil) said jems come fight 2-1-2021, 11:15:33 AM
anil (anil) said oy any buddy come for fight 2-1-2021, 11:35:08 AM
anil (anil) said hai ali bro 2-1-2021, 12:16:07 PM
anil (anil) said hai 2-1-2021, 5:24:25 PM
anil (anil) said loooooool 2-1-2021, 5:38:15 PM
anil (anil) said shit 2-1-2021, 5:45:49 PM
anil (anil) said aha 2-1-2021, 6:01:53 PM
anil (anil) said i dk rofl 2-1-2021, 6:06:20 PM
anil (anil) said aahhaahahahaahahah 2-1-2021, 6:21:08 PM
anil (anil) said come you 2-1-2021, 6:35:18 PM