
mrido(roflgamer) used a suicide_bomb 2-1-2021, 6:46:07 AM
mrido(roflgamer) used a suicide_bomb 2-1-2021, 6:46:23 AM
mrido(roflgamer) used a suicide_bomb 2-1-2021, 6:46:23 AM
mrido(roflgamer) used a suicide_bomb 2-1-2021, 6:46:23 AM
mrido(roflgamer) used a suicide_bomb 2-1-2021, 6:48:05 AM
mrido(roflgamer) used a suicide_bomb 2-1-2021, 6:48:05 AM
mrido(roflgamer) used a suicide_bomb 2-1-2021, 6:48:06 AM
mrido(roflgamer) used a suicide_bomb 2-1-2021, 6:48:38 AM
mrido(roflgamer) used a suicide_bomb 2-1-2021, 6:48:38 AM
mrido(roflgamer) used a suicide_bomb 2-1-2021, 6:48:38 AM
mrido(roflgamer) used a suicide_bomb 2-1-2021, 6:49:15 AM
mrido(roflgamer) used a suicide_bomb 2-1-2021, 6:49:15 AM
mrido(roflgamer) used a suicide_bomb 2-1-2021, 6:49:15 AM
mrido(roflgamer) used a suicide_bomb 2-1-2021, 6:49:16 AM
mrido(roflgamer) used a suicide_bomb 2-1-2021, 6:49:50 AM
mrido(roflgamer) used a suicide_bomb 2-1-2021, 6:49:50 AM
mrido(roflgamer) used a suicide_bomb 2-1-2021, 6:50:18 AM
mrido(roflgamer) used a suicide_bomb 2-1-2021, 6:50:18 AM
mrido(roflgamer) used a suicide_bomb 2-1-2021, 6:50:18 AM
mrido(roflgamer) used a suicide_bomb 2-1-2021, 6:50:19 AM
mrido(roflgamer) used a antibiotic_pack 2-1-2021, 6:51:35 AM
mrido(roflgamer) used a antibiotic_pack 2-1-2021, 6:51:35 AM
mrido(roflgamer) used a antibiotic 2-1-2021, 6:51:37 AM
mrido(roflgamer) used a antibiotic 2-1-2021, 6:51:37 AM
mrido(roflgamer) used a antibiotic 2-1-2021, 6:51:37 AM
mrido(roflgamer) used a suicide_bomb 2-1-2021, 6:51:47 AM
mrido(roflgamer) used a suicide_bomb 2-1-2021, 6:51:47 AM
mrido(roflgamer) used a suicide_bomb 2-1-2021, 6:51:47 AM
mrido(roflgamer) used a suicide_bomb 2-1-2021, 6:52:13 AM
mrido(roflgamer) used a suicide_bomb 2-1-2021, 6:52:13 AM
mrido(roflgamer) used a suicide_bomb 2-1-2021, 6:52:13 AM
mrido(roflgamer) used a antibiotic 2-1-2021, 6:52:41 AM
mrido(roflgamer) used a antibiotic 2-1-2021, 6:53:23 AM
mrido(roflgamer) used a antibiotic 2-1-2021, 6:53:23 AM
mrido(roflgamer) used a suicide_bomb 2-1-2021, 6:53:51 AM
mrido(roflgamer) used a suicide_bomb 2-1-2021, 6:53:51 AM
mrido(roflgamer) used a suicide_bomb 2-1-2021, 6:53:51 AM
mrido(roflgamer) used a suicide_bomb 2-1-2021, 6:53:52 AM
mrido(roflgamer) used a suicide_bomb 2-1-2021, 6:54:19 AM
mrido(roflgamer) used a suicide_bomb 2-1-2021, 6:54:19 AM
mrido(roflgamer) used a suicide_bomb 2-1-2021, 6:54:19 AM
mrido(roflgamer) used a suicide_bomb 2-1-2021, 6:55:03 AM
mrido(roflgamer) used a suicide_bomb 2-1-2021, 6:55:03 AM
mrido(roflgamer) used a suicide_bomb 2-1-2021, 6:55:04 AM
mrido(roflgamer) used a suicide_bomb 2-1-2021, 6:55:04 AM
mrido(roflgamer) used a suicide_bomb 2-1-2021, 6:55:53 AM
mrido(roflgamer) used a suicide_bomb 2-1-2021, 6:55:53 AM
mrido(roflgamer) used a suicide_bomb 2-1-2021, 6:55:54 AM
mrido(roflgamer) used a suicide_bomb 2-1-2021, 6:55:54 AM
mrido(roflgamer) used a suicide_bomb 2-1-2021, 6:56:12 AM
mrido(roflgamer) used a suicide_bomb 2-1-2021, 6:56:13 AM
mrido(roflgamer) used a antibiotic 2-1-2021, 6:56:40 AM
mrido(roflgamer) used a antibiotic 2-1-2021, 6:56:40 AM
mrido(roflgamer) used a suicide_bomb 2-1-2021, 6:56:52 AM
mrido(roflgamer) used a suicide_bomb 2-1-2021, 6:56:52 AM
mrido(roflgamer) used a suicide_bomb 2-1-2021, 6:56:52 AM
mrido(roflgamer) used a suicide_bomb 2-1-2021, 6:56:53 AM
mrido(roflgamer) used a antibiotic 2-1-2021, 6:57:10 AM
mrido(roflgamer) used a antibiotic 2-1-2021, 6:57:10 AM
mrido(roflgamer) used a armored_tank 2-1-2021, 6:57:44 AM
mrido(roflgamer) used a armored_tank 2-1-2021, 6:57:45 AM
mrido(roflgamer) used a armored_tank 2-1-2021, 6:57:45 AM
mrido(roflgamer) used a suicide_bomb 2-1-2021, 6:59:10 AM
mrido(roflgamer) used a suicide_bomb 2-1-2021, 6:59:10 AM
mrido(roflgamer) used a tk_ultra_health_potion 2-1-2021, 6:59:55 AM
mrido(roflgamer) used a tk_ultra_health_potion 2-1-2021, 6:59:55 AM
mrido(roflgamer) used a armored_tank 2-1-2021, 7:00:07 AM
mrido(roflgamer) used a armored_tank 2-1-2021, 7:00:07 AM
mrido(roflgamer) used a armored_tank 2-1-2021, 7:00:07 AM
mrido(roflgamer) used a armored_tank 2-1-2021, 7:00:08 AM
mrido(roflgamer) used a armored_tank 2-1-2021, 7:00:09 AM
mrido(roflgamer) used a armored_tank 2-1-2021, 7:00:44 AM
mrido(roflgamer) used a armored_tank 2-1-2021, 7:00:44 AM
mrido(roflgamer) used a armored_tank 2-1-2021, 7:00:45 AM
mrido(roflgamer) used a suicide_bomb 2-1-2021, 7:02:36 AM
mrido(roflgamer) used a suicide_bomb 2-1-2021, 7:02:36 AM
mrido(roflgamer) used a suicide_bomb 2-1-2021, 7:02:36 AM
mrido(roflgamer) used a suicide_bomb 2-1-2021, 7:02:36 AM
mrido(roflgamer) used a suicide_bomb 2-1-2021, 7:02:37 AM
mrido(roflgamer) used a suicide_bomb 2-1-2021, 7:02:37 AM
mrido(roflgamer) used a armored_tank 2-1-2021, 7:03:38 AM
mrido(roflgamer) used a armored_tank 2-1-2021, 7:03:39 AM
mrido(roflgamer) used a armored_tank 2-1-2021, 7:03:39 AM
mrido(roflgamer) used a suicide_bomb 2-1-2021, 7:04:33 AM
mrido(roflgamer) used a suicide_bomb 2-1-2021, 7:04:33 AM
mrido(roflgamer) used a suicide_bomb 2-1-2021, 7:04:33 AM
mrido(roflgamer) used a suicide_bomb 2-1-2021, 7:04:33 AM
mrido(roflgamer) used a suicide_bomb 2-1-2021, 7:04:34 AM
mrido(roflgamer) used a armored_tank 2-1-2021, 7:05:02 AM
mrido(roflgamer) used a armored_tank 2-1-2021, 7:05:02 AM
mrido(roflgamer) used a armored_tank 2-1-2021, 7:05:03 AM
mrido(roflgamer) used a suicide_bomb 2-1-2021, 7:05:08 AM
mrido(roflgamer) used a suicide_bomb 2-1-2021, 7:05:08 AM
mrido(roflgamer) used a suicide_bomb 2-1-2021, 7:05:08 AM
mrido(roflgamer) used a suicide_bomb 2-1-2021, 7:05:08 AM
mrido(roflgamer) used a suicide_bomb 2-1-2021, 7:05:08 AM
mrido(roflgamer) used a suicide_bomb 2-1-2021, 7:05:09 AM
mrido(roflgamer) used a suicide_bomb 2-1-2021, 7:05:09 AM
mrido(roflgamer) used a suicide_bomb 2-1-2021, 7:05:09 AM
mrido(roflgamer) used a suicide_bomb 2-1-2021, 7:05:34 AM
mrido(roflgamer) used a suicide_bomb 2-1-2021, 7:05:34 AM
mrido(roflgamer) used a suicide_bomb 2-1-2021, 7:05:34 AM
mrido(roflgamer) used a armored_tank 2-1-2021, 7:06:04 AM
mrido(roflgamer) used a armored_tank 2-1-2021, 7:06:04 AM
mrido(roflgamer) used a armored_tank 2-1-2021, 7:06:04 AM
mrido(roflgamer) used a armored_tank 2-1-2021, 7:06:05 AM
mrido(roflgamer) used a suicide_bomb 2-1-2021, 7:06:09 AM
mrido(roflgamer) used a suicide_bomb 2-1-2021, 7:06:09 AM
mrido(roflgamer) used a suicide_bomb 2-1-2021, 7:06:09 AM
mrido(roflgamer) used a suicide_bomb 2-1-2021, 7:06:09 AM
mrido(roflgamer) used a suicide_bomb 2-1-2021, 7:06:10 AM
mrido(roflgamer) used a armored_tank 2-1-2021, 7:06:43 AM
mrido(roflgamer) used a armored_tank 2-1-2021, 7:06:43 AM
mrido(roflgamer) used a armored_tank 2-1-2021, 7:06:44 AM
mrido(roflgamer) used a suicide_bomb 2-1-2021, 7:06:48 AM
mrido(roflgamer) used a suicide_bomb 2-1-2021, 7:06:48 AM
mrido(roflgamer) used a suicide_bomb 2-1-2021, 7:06:48 AM
mrido(roflgamer) used a suicide_bomb 2-1-2021, 7:06:48 AM
mrido(roflgamer) used a suicide_bomb 2-1-2021, 7:06:49 AM
mrido(roflgamer) used a armored_tank 2-1-2021, 7:07:11 AM
mrido(roflgamer) used a armored_tank 2-1-2021, 7:07:11 AM
mrido(roflgamer) used a armored_tank 2-1-2021, 7:07:11 AM
mrido(roflgamer) used a suicide_bomb 2-1-2021, 7:07:16 AM
mrido(roflgamer) used a suicide_bomb 2-1-2021, 7:07:16 AM
mrido(roflgamer) used a suicide_bomb 2-1-2021, 7:07:16 AM
mrido(roflgamer) used a suicide_bomb 2-1-2021, 7:07:17 AM
mrido(roflgamer) used a suicide_bomb 2-1-2021, 7:07:17 AM
mrido(roflgamer) used a tk_ultra_health_potion 2-1-2021, 7:07:40 AM
mrido(roflgamer) used a tk_ultra_health_potion 2-1-2021, 7:07:40 AM
mrido(roflgamer) used a tk_ultra_health_potion 2-1-2021, 7:07:41 AM
mrido(roflgamer) used a suicide_bomb 2-1-2021, 7:07:58 AM
mrido(roflgamer) used a suicide_bomb 2-1-2021, 7:07:59 AM
mrido(roflgamer) used a suicide_bomb 2-1-2021, 7:08:24 AM
mrido(roflgamer) used a suicide_bomb 2-1-2021, 7:08:24 AM
mrido(roflgamer) used a mass_bomb 2-1-2021, 7:09:35 AM
mrido(roflgamer) used a mass_bomb 2-1-2021, 7:09:36 AM
mrido(roflgamer) used a mass_bomb 2-1-2021, 7:09:36 AM
mrido(roflgamer) used a mass_bomb 2-1-2021, 7:09:36 AM
mrido(roflgamer) used a mass_bomb 2-1-2021, 7:09:37 AM
mrido(roflgamer) used a mass_bomb 2-1-2021, 7:09:37 AM
mrido(roflgamer) used a mass_bomb 2-1-2021, 7:09:37 AM
mrido(roflgamer) used a mass_bomb 2-1-2021, 7:09:37 AM
mrido(roflgamer) used a mass_bomb 2-1-2021, 7:09:38 AM
mrido(roflgamer) used a mass_bomb 2-1-2021, 7:09:38 AM
mrido(roflgamer) used a mass_bomb 2-1-2021, 7:09:38 AM
mrido(roflgamer) used a mass_bomb 2-1-2021, 7:09:38 AM
mrido(roflgamer) used a mass_bomb 2-1-2021, 7:09:39 AM
mrido(roflgamer) used a mass_bomb 2-1-2021, 7:09:39 AM
mrido(roflgamer) used a mass_bomb 2-1-2021, 7:09:39 AM
mrido(roflgamer) used a mass_bomb 2-1-2021, 7:09:39 AM
mrido(roflgamer) used a mass_bomb 2-1-2021, 7:09:40 AM
mrido(roflgamer) used a mass_bomb 2-1-2021, 7:09:40 AM
mrido(roflgamer) used a mass_bomb 2-1-2021, 7:09:40 AM
mrido(roflgamer) used a mass_bomb 2-1-2021, 7:09:41 AM
mrido(roflgamer) used a mass_bomb 2-1-2021, 7:09:41 AM
mrido(roflgamer) used a mass_bomb 2-1-2021, 7:10:05 AM
mrido(roflgamer) used a mass_bomb 2-1-2021, 7:10:06 AM
mrido(roflgamer) used a mass_bomb 2-1-2021, 7:10:06 AM
mrido(roflgamer) used a mass_bomb 2-1-2021, 7:10:06 AM
mrido(roflgamer) used a mass_bomb 2-1-2021, 7:10:06 AM
mrido(roflgamer) used a mass_bomb 2-1-2021, 7:10:07 AM
mrido(roflgamer) used a mass_bomb 2-1-2021, 7:10:07 AM
mrido(roflgamer) used a mass_bomb 2-1-2021, 7:10:07 AM
mrido(roflgamer) used a mass_bomb 2-1-2021, 7:10:07 AM
mrido(roflgamer) used a mass_bomb 2-1-2021, 7:10:08 AM
mrido(roflgamer) used a mass_bomb 2-1-2021, 7:10:08 AM
mrido(roflgamer) used a mass_bomb 2-1-2021, 7:10:08 AM
mrido(roflgamer) used a mass_bomb 2-1-2021, 7:10:08 AM
mrido(roflgamer) used a mass_bomb 2-1-2021, 7:10:09 AM
mrido(roflgamer) used a mass_bomb 2-1-2021, 7:10:09 AM
mrido(roflgamer) used a mass_bomb 2-1-2021, 7:10:09 AM
mrido(roflgamer) used a mass_bomb 2-1-2021, 7:10:09 AM
mrido(roflgamer) used a mass_bomb 2-1-2021, 7:10:10 AM
mrido(roflgamer) used a mass_bomb 2-1-2021, 7:10:10 AM
mrido(roflgamer) used a mass_bomb 2-1-2021, 7:10:10 AM
mrido(roflgamer) used a mass_bomb 2-1-2021, 7:10:10 AM
mrido(roflgamer) used a mass_bomb 2-1-2021, 7:10:11 AM
mrido(roflgamer) used a mass_bomb 2-1-2021, 7:10:11 AM
mrido(roflgamer) used a mass_bomb 2-1-2021, 7:11:18 AM
mrido(roflgamer) used a mass_bomb 2-1-2021, 7:11:19 AM
mrido(roflgamer) used a mass_bomb 2-1-2021, 7:11:19 AM
mrido(roflgamer) used a mass_bomb 2-1-2021, 7:11:19 AM
mrido(roflgamer) used a mass_bomb 2-1-2021, 7:11:20 AM
mrido(roflgamer) used a mass_bomb 2-1-2021, 7:11:20 AM
mrido(roflgamer) used a mass_bomb 2-1-2021, 7:11:20 AM
mrido(roflgamer) used a mass_bomb 2-1-2021, 7:11:20 AM
mrido(roflgamer) used a mass_bomb 2-1-2021, 7:11:21 AM
mrido(roflgamer) used a mass_bomb 2-1-2021, 7:11:21 AM
mrido(roflgamer) used a mass_bomb 2-1-2021, 7:11:21 AM
mrido(roflgamer) used a mass_bomb 2-1-2021, 7:11:21 AM
mrido(roflgamer) used a mass_bomb 2-1-2021, 7:11:22 AM
mrido(roflgamer) used a mass_bomb 2-1-2021, 7:11:22 AM
mrido(roflgamer) used a mass_bomb 2-1-2021, 7:11:22 AM
mrido(roflgamer) used a mass_bomb 2-1-2021, 7:11:22 AM
mrido(roflgamer) used a mass_bomb 2-1-2021, 7:11:23 AM
mrido(roflgamer) used a mass_bomb 2-1-2021, 7:11:23 AM
mrido(roflgamer) used a mass_bomb 2-1-2021, 7:11:27 AM
mrido(roflgamer) used a mass_bomb 2-1-2021, 7:11:27 AM
mrido(roflgamer) used a mass_bomb 2-1-2021, 7:11:28 AM
mrido(roflgamer) used a mass_bomb 2-1-2021, 7:11:28 AM
mrido(roflgamer) used a mass_bomb 2-1-2021, 7:11:54 AM
mrido(roflgamer) used a mass_bomb 2-1-2021, 7:11:54 AM
mrido(roflgamer) used a mass_bomb 2-1-2021, 7:11:54 AM
mrido(roflgamer) used a mass_bomb 2-1-2021, 7:11:54 AM
mrido(roflgamer) used a mass_bomb 2-1-2021, 7:11:55 AM
mrido(roflgamer) used a mass_bomb 2-1-2021, 7:11:55 AM
mrido(roflgamer) used a mass_bomb 2-1-2021, 7:11:55 AM
mrido(roflgamer) used a mass_bomb 2-1-2021, 7:11:56 AM
mrido(roflgamer) used a mass_bomb 2-1-2021, 7:11:56 AM
mrido(roflgamer) used a mass_bomb 2-1-2021, 7:11:56 AM
mrido(roflgamer) used a mass_bomb 2-1-2021, 7:11:56 AM
mrido(roflgamer) used a mass_bomb 2-1-2021, 7:11:57 AM
mrido(roflgamer) used a mass_bomb 2-1-2021, 7:11:57 AM
mrido(roflgamer) used a mass_bomb 2-1-2021, 7:11:57 AM
mrido(roflgamer) used a mass_bomb 2-1-2021, 7:11:57 AM
mrido(roflgamer) used a mass_bomb 2-1-2021, 7:11:59 AM
mrido(roflgamer) used a mass_bomb 2-1-2021, 7:11:59 AM
mrido(roflgamer) used a mass_bomb 2-1-2021, 7:13:37 AM
mrido(roflgamer) used a mass_bomb 2-1-2021, 7:13:37 AM
mrido(roflgamer) used a mass_bomb 2-1-2021, 7:13:37 AM
mrido(roflgamer) used a mass_bomb 2-1-2021, 7:13:38 AM
mrido(roflgamer) used a mass_bomb 2-1-2021, 7:13:38 AM
mrido(roflgamer) used a mass_bomb 2-1-2021, 7:13:38 AM
mrido(roflgamer) used a mass_bomb 2-1-2021, 7:13:39 AM
mrido(roflgamer) used a mass_bomb 2-1-2021, 7:13:39 AM
mrido(roflgamer) used a mass_bomb 2-1-2021, 7:13:39 AM
mrido(roflgamer) used a mass_bomb 2-1-2021, 7:13:40 AM
mrido(roflgamer) used a mass_bomb 2-1-2021, 7:13:40 AM
mrido(roflgamer) used a mass_bomb 2-1-2021, 7:13:43 AM
mrido(roflgamer) used a mass_bomb 2-1-2021, 7:13:43 AM
mrido(roflgamer) used a mass_bomb 2-1-2021, 7:14:11 AM
mrido(roflgamer) used a mass_bomb 2-1-2021, 7:14:12 AM
mrido(roflgamer) used a mass_bomb 2-1-2021, 7:14:12 AM
mrido(roflgamer) used a mass_bomb 2-1-2021, 7:14:12 AM
mrido(roflgamer) used a mass_bomb 2-1-2021, 7:14:13 AM
mrido(roflgamer) used a mass_bomb 2-1-2021, 7:14:13 AM
mrido(roflgamer) used a mass_bomb 2-1-2021, 7:14:13 AM
mrido(roflgamer) used a mass_bomb 2-1-2021, 7:14:13 AM
mrido(roflgamer) used a mass_bomb 2-1-2021, 7:14:14 AM
mrido(roflgamer) used a mass_bomb 2-1-2021, 7:14:14 AM
mrido(roflgamer) used a mass_bomb 2-1-2021, 7:14:14 AM
mrido(roflgamer) used a mass_bomb 2-1-2021, 7:14:14 AM
mrido(roflgamer) used a mass_bomb 2-1-2021, 7:15:13 AM
mrido(roflgamer) used a mass_bomb 2-1-2021, 7:15:14 AM
mrido(roflgamer) used a mass_bomb 2-1-2021, 7:15:14 AM
mrido(roflgamer) used a mass_bomb 2-1-2021, 7:15:14 AM
mrido(roflgamer) used a mass_bomb 2-1-2021, 7:15:15 AM
mrido(roflgamer) used a mass_bomb 2-1-2021, 7:15:20 AM
mrido(roflgamer) used a mass_bomb 2-1-2021, 7:15:21 AM
mrido(roflgamer) used a mass_bomb 2-1-2021, 7:15:22 AM
mrido(roflgamer) used a mass_bomb 2-1-2021, 7:15:22 AM
mrido(roflgamer) used a mass_bomb 2-1-2021, 7:15:22 AM
mrido(roflgamer) used a mass_bomb 2-1-2021, 7:15:22 AM
mrido(roflgamer) used a mass_bomb 2-1-2021, 7:15:24 AM
mrido(roflgamer) used a mass_bomb 2-1-2021, 7:15:24 AM
mrido(roflgamer) used a suicide_bomb 2-1-2021, 7:15:29 AM
mrido(roflgamer) used a mass_bomb 2-1-2021, 7:16:02 AM
mrido(roflgamer) used a mass_bomb 2-1-2021, 7:16:02 AM
mrido(roflgamer) used a mass_bomb 2-1-2021, 7:16:03 AM
mrido(roflgamer) used a mass_bomb 2-1-2021, 7:16:03 AM
mrido(roflgamer) used a mass_bomb 2-1-2021, 7:16:03 AM
mrido(roflgamer) used a mass_bomb 2-1-2021, 7:16:03 AM
mrido(roflgamer) used a mass_bomb 2-1-2021, 7:16:04 AM
mrido(roflgamer) used a mass_bomb 2-1-2021, 7:16:04 AM
mrido(roflgamer) used a mass_bomb 2-1-2021, 7:16:04 AM
mrido(roflgamer) used a mass_bomb 2-1-2021, 7:16:07 AM
mrido(roflgamer) used a mass_bomb 2-1-2021, 7:16:07 AM
mrido(roflgamer) used a mass_bomb 2-1-2021, 7:16:08 AM
mrido(roflgamer) used a mass_bomb 2-1-2021, 7:16:09 AM
mrido(roflgamer) used a mass_bomb 2-1-2021, 7:16:09 AM
mrido(roflgamer) used a mass_bomb 2-1-2021, 7:16:11 AM
mrido(roflgamer) used a mass_bomb 2-1-2021, 7:16:52 AM
mrido(roflgamer) used a mass_bomb 2-1-2021, 7:16:52 AM
mrido(roflgamer) used a mass_bomb 2-1-2021, 7:16:53 AM
mrido(roflgamer) used a mass_bomb 2-1-2021, 7:16:53 AM
mrido(roflgamer) used a mass_bomb 2-1-2021, 7:16:53 AM
mrido(roflgamer) used a mass_bomb 2-1-2021, 7:16:54 AM
mrido(roflgamer) used a mass_bomb 2-1-2021, 7:16:54 AM
mrido(roflgamer) used a mass_bomb 2-1-2021, 7:16:54 AM
mrido(roflgamer) used a mass_bomb 2-1-2021, 7:17:15 AM
mrido(roflgamer) used a mass_bomb 2-1-2021, 7:17:15 AM
mrido(roflgamer) used a mass_bomb 2-1-2021, 7:17:16 AM
mrido(roflgamer) used a mass_bomb 2-1-2021, 7:17:16 AM
mrido(roflgamer) used a mass_bomb 2-1-2021, 7:18:31 AM
mrido(roflgamer) used a mass_bomb 2-1-2021, 7:18:31 AM
mrido(roflgamer) used a mass_bomb 2-1-2021, 7:18:32 AM
mrido(roflgamer) used a mass_bomb 2-1-2021, 7:18:32 AM
mrido(roflgamer) used a mass_bomb 2-1-2021, 7:18:32 AM
mrido(roflgamer) used a mass_bomb 2-1-2021, 7:18:32 AM
mrido(roflgamer) used a mass_bomb 2-1-2021, 7:18:33 AM
mrido(roflgamer) used a mass_bomb 2-1-2021, 7:18:33 AM
mrido(roflgamer) used a mass_bomb 2-1-2021, 7:18:33 AM
mrido(roflgamer) used a mass_bomb 2-1-2021, 7:18:34 AM
mrido(roflgamer) used a mass_bomb 2-1-2021, 7:18:34 AM
mrido(roflgamer) used a mass_bomb 2-1-2021, 7:18:34 AM
mrido(roflgamer) used a mass_bomb 2-1-2021, 7:18:35 AM
mrido(roflgamer) used a mass_bomb 2-1-2021, 7:18:35 AM
mrido(roflgamer) used a mass_bomb 2-1-2021, 7:18:35 AM
mrido(roflgamer) used a mass_bomb 2-1-2021, 7:18:36 AM
mrido(roflgamer) used a mass_bomb 2-1-2021, 7:18:36 AM
mrido(roflgamer) used a mass_bomb 2-1-2021, 7:18:36 AM
mrido(roflgamer) used a mass_bomb 2-1-2021, 7:18:37 AM
mrido(roflgamer) used a mass_bomb 2-1-2021, 7:18:37 AM
mrido(roflgamer) used a mass_bomb 2-1-2021, 7:19:59 AM
mrido(roflgamer) used a mass_bomb 2-1-2021, 7:19:59 AM
mrido(roflgamer) used a mass_bomb 2-1-2021, 7:19:59 AM
mrido(roflgamer) used a mass_bomb 2-1-2021, 7:20:00 AM
mrido(roflgamer) used a mass_bomb 2-1-2021, 7:20:00 AM
mrido(roflgamer) used a mass_bomb 2-1-2021, 7:20:01 AM
mrido(roflgamer) used a mass_bomb 2-1-2021, 7:20:01 AM
mrido(roflgamer) used a mass_bomb 2-1-2021, 7:21:10 AM
mrido(roflgamer) used a mass_bomb 2-1-2021, 7:21:10 AM
mrido(roflgamer) used a mass_bomb 2-1-2021, 7:21:10 AM
mrido(roflgamer) used a mass_bomb 2-1-2021, 7:21:11 AM
mrido(roflgamer) used a mass_bomb 2-1-2021, 7:21:11 AM
mrido(roflgamer) used a mass_bomb 2-1-2021, 7:21:11 AM
mrido(roflgamer) used a mass_bomb 2-1-2021, 7:21:11 AM
mrido(roflgamer) used a mass_bomb 2-1-2021, 7:21:12 AM
mrido(roflgamer) used a mass_bomb 2-1-2021, 7:21:12 AM
mrido(roflgamer) used a mass_bomb 2-1-2021, 7:21:12 AM
mrido(roflgamer) used a mass_bomb 2-1-2021, 7:21:12 AM
mrido(roflgamer) used a mass_bomb 2-1-2021, 7:21:13 AM
mrido(roflgamer) used a mass_bomb 2-1-2021, 7:21:13 AM
mrido(roflgamer) used a mass_bomb 2-1-2021, 7:21:14 AM
mrido(roflgamer) used a mass_bomb 2-1-2021, 7:21:14 AM
mrido(roflgamer) used a mass_bomb 2-1-2021, 7:21:15 AM
mrido(roflgamer) used a mass_bomb 2-1-2021, 7:21:15 AM
mrido(roflgamer) used a mass_bomb 2-1-2021, 7:21:15 AM
mrido(roflgamer) used a mass_bomb 2-1-2021, 7:21:20 AM
mrido(roflgamer) used a mass_bomb 2-1-2021, 7:22:30 AM
mrido(roflgamer) used a tk_ultra_health_potion 2-1-2021, 7:22:34 AM
mrido(roflgamer) used a mass_bomb 2-1-2021, 7:22:35 AM
mrido(roflgamer) used a mass_bomb 2-1-2021, 7:22:36 AM
mrido(roflgamer) used a mass_bomb 2-1-2021, 7:22:51 AM
mrido(roflgamer) used a mass_bomb 2-1-2021, 7:22:52 AM
mrido(roflgamer) used a mass_bomb 2-1-2021, 7:23:30 AM
mrido(roflgamer) used a mass_bomb 2-1-2021, 7:23:30 AM
mrido(roflgamer) used a mass_bomb 2-1-2021, 7:23:31 AM
mrido(roflgamer) used a mass_bomb 2-1-2021, 7:23:31 AM
mrido(roflgamer) used a mass_bomb 2-1-2021, 7:23:31 AM
mrido(roflgamer) used a mass_bomb 2-1-2021, 7:23:31 AM
mrido(roflgamer) used a mass_bomb 2-1-2021, 7:23:32 AM
mrido(roflgamer) used a mass_bomb 2-1-2021, 7:23:32 AM
mrido(roflgamer) used a mass_bomb 2-1-2021, 7:23:32 AM
mrido(roflgamer) used a mass_bomb 2-1-2021, 7:23:32 AM
mrido(roflgamer) used a mass_bomb 2-1-2021, 7:23:32 AM
mrido(roflgamer) used a mass_bomb 2-1-2021, 7:23:33 AM
mrido(roflgamer) used a mass_bomb 2-1-2021, 7:23:33 AM
mrido(roflgamer) used a mass_bomb 2-1-2021, 7:23:33 AM
mrido(roflgamer) used a mass_bomb 2-1-2021, 7:23:33 AM
mrido(roflgamer) used a mass_bomb 2-1-2021, 7:23:34 AM
mrido(roflgamer) used a mass_bomb 2-1-2021, 7:23:34 AM
mrido(roflgamer) used a mass_bomb 2-1-2021, 7:23:37 AM
mrido(roflgamer) used a steal_warhammer 2-1-2021, 7:25:06 AM
mrido(roflgamer) used a steal_warhammer 2-1-2021, 7:25:12 AM
mrido(roflgamer) used a mass_bomb 2-1-2021, 7:26:36 AM
mrido(roflgamer) used a mass_bomb 2-1-2021, 7:26:36 AM
mrido(roflgamer) used a mass_bomb 2-1-2021, 7:26:37 AM
mrido(roflgamer) used a mass_bomb 2-1-2021, 7:26:37 AM
mrido(roflgamer) used a mass_bomb 2-1-2021, 7:26:37 AM
mrido(roflgamer) used a mass_bomb 2-1-2021, 7:26:38 AM
mrido(roflgamer) used a mass_bomb 2-1-2021, 7:26:38 AM
mrido(roflgamer) used a mass_bomb 2-1-2021, 7:26:38 AM
mrido(roflgamer) used a mass_bomb 2-1-2021, 7:26:38 AM
mrido(roflgamer) used a mass_bomb 2-1-2021, 7:26:39 AM
mrido(roflgamer) used a mass_bomb 2-1-2021, 7:26:39 AM
mrido(roflgamer) used a armored_tank 2-1-2021, 7:26:41 AM
mrido(roflgamer) used a armored_tank 2-1-2021, 7:27:02 AM
mrido(roflgamer) used a armored_tank 2-1-2021, 7:27:02 AM
mrido(roflgamer) used a armored_tank 2-1-2021, 7:27:02 AM
mrido(roflgamer) used a armored_tank 2-1-2021, 7:27:03 AM
mrido(roflgamer) used a armored_tank 2-1-2021, 7:27:03 AM
mrido(roflgamer) used a armored_tank 2-1-2021, 7:27:04 AM
mrido(roflgamer) used a armored_tank 2-1-2021, 7:27:04 AM
mrido(roflgamer) used a armored_tank 2-1-2021, 7:27:04 AM
mrido(roflgamer) used a armored_tank 2-1-2021, 7:27:05 AM
mrido(roflgamer) used a armored_tank 2-1-2021, 7:27:05 AM
mrido(roflgamer) used a armored_tank 2-1-2021, 7:27:06 AM
mrido(roflgamer) used a armored_tank 2-1-2021, 7:27:06 AM
mrido(roflgamer) used a armored_tank 2-1-2021, 7:27:07 AM
mrido(roflgamer) used a armored_tank 2-1-2021, 7:27:07 AM
mrido(roflgamer) used a mass_bomb 2-1-2021, 7:27:37 AM
mrido(roflgamer) used a antibiotic 2-1-2021, 7:28:39 AM
mrido(roflgamer) used a health_drink 2-1-2021, 7:29:00 AM
mrido(roflgamer) used a missile_interceptor 2-1-2021, 11:13:17 AM
mrido(roflgamer) used a missile_interceptor 2-1-2021, 11:13:19 AM
mrido(roflgamer) used a steal_warhammer 2-1-2021, 11:18:29 AM
mrido(roflgamer) used a tk_ultra_health_potion 2-1-2021, 11:21:45 AM
mrido(roflgamer) used a tk_ultra_health_potion 2-1-2021, 11:21:45 AM
mrido(roflgamer) used a tk_ultra_health_potion 2-1-2021, 11:21:46 AM
mrido(roflgamer) used a health_drink 2-1-2021, 11:22:03 AM
mrido(roflgamer) used a health_drink 2-1-2021, 11:22:03 AM
mrido(roflgamer) used a health_drink 2-1-2021, 11:22:06 AM
mrido(roflgamer) used a health_drink 2-1-2021, 11:22:06 AM
mrido(roflgamer) used a health_drink 2-1-2021, 11:22:09 AM
mrido(roflgamer) used a health_drink 2-1-2021, 11:22:09 AM
mrido(roflgamer) used a health_drink 2-1-2021, 11:22:09 AM
mrido(roflgamer) used a shield 2-1-2021, 11:22:14 AM
mrido(roflgamer) used a shield 2-1-2021, 11:22:15 AM
mrido(roflgamer) used a shield 2-1-2021, 11:22:15 AM
mrido(roflgamer) used a shield 2-1-2021, 11:22:15 AM
mrido(roflgamer) used a shield 2-1-2021, 11:22:16 AM
mrido(roflgamer) used a shield 2-1-2021, 11:22:16 AM
mrido(roflgamer) used a shield 2-1-2021, 11:22:16 AM
mrido(roflgamer) used a shield 2-1-2021, 11:22:17 AM
mrido(roflgamer) used a shield 2-1-2021, 11:22:17 AM
mrido(roflgamer) used a shield 2-1-2021, 11:22:17 AM
mrido(roflgamer) used a shield 2-1-2021, 11:22:19 AM
mrido(roflgamer) used a shield 2-1-2021, 11:22:19 AM
mrido(roflgamer) used a shield 2-1-2021, 11:22:25 AM
mrido(roflgamer) used a shield 2-1-2021, 11:22:25 AM
mrido(roflgamer) used a shield 2-1-2021, 11:22:25 AM
mrido(roflgamer) used a shield 2-1-2021, 11:22:25 AM
mrido(roflgamer) used a shield 2-1-2021, 11:22:25 AM
mrido(roflgamer) used a shield 2-1-2021, 11:22:25 AM
mrido(roflgamer) used a shield 2-1-2021, 11:22:25 AM
mrido(roflgamer) used a shield 2-1-2021, 11:22:26 AM
mrido(roflgamer) used a shield 2-1-2021, 11:22:26 AM
mrido(roflgamer) used a shield 2-1-2021, 11:22:26 AM
mrido(roflgamer) used a shield 2-1-2021, 11:22:26 AM
mrido(roflgamer) used a shield 2-1-2021, 11:22:26 AM
mrido(roflgamer) used a shield 2-1-2021, 11:22:27 AM
mrido(roflgamer) used a shield 2-1-2021, 11:22:27 AM
mrido(roflgamer) used a shield 2-1-2021, 11:22:27 AM
mrido(roflgamer) used a shield 2-1-2021, 11:22:27 AM
mrido(roflgamer) used a shield 2-1-2021, 11:22:27 AM
mrido(roflgamer) used a shield 2-1-2021, 11:22:27 AM
mrido(roflgamer) used a shield 2-1-2021, 11:22:27 AM
mrido(roflgamer) used a shield 2-1-2021, 11:22:28 AM
mrido(roflgamer) used a shield 2-1-2021, 11:22:28 AM
mrido(roflgamer) used a shield 2-1-2021, 11:22:28 AM
mrido(roflgamer) used a shield 2-1-2021, 11:22:28 AM
mrido(roflgamer) used a shield 2-1-2021, 11:22:28 AM
mrido(roflgamer) used a shield 2-1-2021, 11:22:29 AM
mrido(roflgamer) used a tk_ultra_health_potion 2-1-2021, 11:25:11 AM
mrido(roflgamer) used a tk_ultra_health_potion 2-1-2021, 11:25:11 AM
mrido(roflgamer) used a health_drink 2-1-2021, 11:25:51 AM
mrido(roflgamer) used a health_drink 2-1-2021, 11:25:51 AM
mrido(roflgamer) used a mass_bomb 2-1-2021, 11:25:54 AM
mrido(roflgamer) used a mass_bomb 2-1-2021, 11:25:54 AM
mrido(roflgamer) used a mass_bomb 2-1-2021, 11:25:54 AM
mrido(roflgamer) used a mass_bomb 2-1-2021, 11:25:55 AM
mrido(roflgamer) used a mass_bomb 2-1-2021, 11:25:55 AM
mrido(roflgamer) used a mass_bomb 2-1-2021, 11:25:55 AM
mrido(roflgamer) used a mass_bomb 2-1-2021, 11:25:56 AM
mrido(roflgamer) used a mass_bomb 2-1-2021, 11:25:56 AM
mrido(roflgamer) used a mass_bomb 2-1-2021, 11:25:56 AM
mrido(roflgamer) used a mass_bomb 2-1-2021, 11:25:57 AM
mrido(roflgamer) used a mass_bomb 2-1-2021, 11:25:57 AM
mrido(roflgamer) used a mass_bomb 2-1-2021, 11:25:58 AM
mrido(roflgamer) used a mass_bomb 2-1-2021, 11:25:58 AM
mrido(roflgamer) used a mass_bomb 2-1-2021, 11:26:01 AM
mrido(roflgamer) used a mass_bomb 2-1-2021, 11:26:01 AM
mrido(roflgamer) used a mass_bomb 2-1-2021, 11:26:01 AM
mrido(roflgamer) used a rpg7_ammo_pack 2-1-2021, 12:13:02 PM
mrido(roflgamer) used a rpg7_ammo_pack 2-1-2021, 12:13:03 PM
mrido(roflgamer) used a rpg7_ammo_pack 2-1-2021, 12:13:03 PM
mrido(roflgamer) used a rpg7_ammo_pack 2-1-2021, 12:13:03 PM
mrido(roflgamer) used a rpg7_ammo_pack 2-1-2021, 12:13:03 PM
mrido(roflgamer) used a rpg7_ammo_pack 2-1-2021, 12:13:03 PM
mrido(roflgamer) used a rpg7_ammo_pack 2-1-2021, 12:13:03 PM
mrido(roflgamer) used a rpg7_ammo_pack 2-1-2021, 12:13:03 PM
mrido(roflgamer) used a rpg7_ammo_pack 2-1-2021, 12:13:03 PM
mrido(roflgamer) used a rpg7_ammo_pack 2-1-2021, 12:13:04 PM
mrido(roflgamer) used a rpg7_ammo_pack 2-1-2021, 12:13:04 PM
mrido(roflgamer) used a rpg7_ammo_pack 2-1-2021, 12:13:04 PM
mrido(roflgamer) used a rpg7_ammo_pack 2-1-2021, 12:13:04 PM
mrido(roflgamer) used a rpg7_ammo_pack 2-1-2021, 12:13:04 PM
mrido(roflgamer) used a rpg7_ammo_pack 2-1-2021, 12:13:04 PM
mrido(roflgamer) used a rpg7_ammo_pack 2-1-2021, 12:13:04 PM
mrido(roflgamer) used a rpg7_ammo_pack 2-1-2021, 12:13:04 PM
mrido(roflgamer) used a rpg7_ammo_pack 2-1-2021, 12:13:04 PM
mrido(roflgamer) used a rpg7_ammo_pack 2-1-2021, 12:13:04 PM
mrido(roflgamer) used a rpg7_ammo_pack 2-1-2021, 12:13:05 PM
mrido(roflgamer) used a rpg7_ammo_pack 2-1-2021, 12:13:05 PM
mrido(roflgamer) used a rpg7_ammo_pack 2-1-2021, 12:13:05 PM
mrido(roflgamer) used a rpg7_ammo_pack 2-1-2021, 12:13:05 PM
mrido(roflgamer) used a rpg7_ammo_pack 2-1-2021, 12:13:05 PM
mrido(roflgamer) used a rpg7_ammo_pack 2-1-2021, 12:13:05 PM
mrido(roflgamer) used a rpg7_ammo_pack 2-1-2021, 12:13:05 PM
mrido(roflgamer) used a rpg7_ammo_pack 2-1-2021, 12:13:06 PM
mrido(roflgamer) used a rpg7_ammo_pack 2-1-2021, 12:13:06 PM
mrido(roflgamer) used a rpg7_ammo_pack 2-1-2021, 12:13:06 PM
mrido(roflgamer) used a rpg7_ammo_pack 2-1-2021, 12:13:06 PM
mrido(roflgamer) used a rpg7_ammo_pack 2-1-2021, 12:13:06 PM
mrido(roflgamer) used a rpg7_ammo_pack 2-1-2021, 12:13:06 PM
mrido(roflgamer) used a rpg7_ammo_pack 2-1-2021, 12:13:07 PM
mrido(roflgamer) used a rpg7_ammo_pack 2-1-2021, 12:13:07 PM
mrido(roflgamer) used a rpg7_ammo_pack 2-1-2021, 12:13:07 PM
mrido(roflgamer) used a rpg7_ammo_pack 2-1-2021, 12:13:07 PM
mrido(roflgamer) used a rpg7_ammo_pack 2-1-2021, 12:13:07 PM
mrido(roflgamer) used a rpg7_ammo_pack 2-1-2021, 12:13:07 PM
mrido(roflgamer) used a rpg7_ammo_pack 2-1-2021, 12:13:08 PM
mrido(roflgamer) used a rpg7_ammo_pack 2-1-2021, 12:13:08 PM
mrido(roflgamer) used a rpg7 2-1-2021, 12:13:19 PM
mrido(roflgamer) used a police_car 2-1-2021, 12:13:26 PM
mrido(roflgamer) used a police_car 2-1-2021, 12:13:26 PM
mrido(roflgamer) used a tk_ultra_health_potion 2-1-2021, 12:13:27 PM
mrido(roflgamer) used a tk_ultra_health_potion 2-1-2021, 12:13:28 PM
mrido(roflgamer) used a tk_ultra_health_potion 2-1-2021, 12:13:28 PM
mrido(roflgamer) used a health_drink 2-1-2021, 12:13:30 PM
mrido(roflgamer) used a health_drink 2-1-2021, 12:13:30 PM
mrido(roflgamer) used a tk_ultra_health_potion 2-1-2021, 12:14:23 PM
mrido(roflgamer) used a tk_ultra_health_potion 2-1-2021, 12:14:23 PM
mrido(roflgamer) used a tk_ultra_health_potion 2-1-2021, 12:15:04 PM
mrido(roflgamer) used a tk_ultra_health_potion 2-1-2021, 12:15:04 PM
mrido(roflgamer) used a police_car 2-1-2021, 12:15:08 PM
mrido(roflgamer) used a police_car 2-1-2021, 12:15:08 PM
mrido(roflgamer) used a police_car 2-1-2021, 12:15:08 PM
mrido(roflgamer) used a police_car 2-1-2021, 12:16:03 PM
mrido(roflgamer) used a police_car 2-1-2021, 12:16:03 PM
mrido(roflgamer) used a police_car 2-1-2021, 12:16:03 PM
mrido(roflgamer) used a police_car 2-1-2021, 12:16:04 PM
mrido(roflgamer) used a health_drink 2-1-2021, 12:16:09 PM
mrido(roflgamer) used a health_drink 2-1-2021, 12:16:09 PM
mrido(roflgamer) used a health_drink 2-1-2021, 12:16:10 PM
mrido(roflgamer) used a health_drink 2-1-2021, 12:16:58 PM
mrido(roflgamer) used a health_drink 2-1-2021, 12:16:59 PM
mrido(roflgamer) used a health_drink 2-1-2021, 12:16:59 PM
mrido(roflgamer) used a health_drink 2-1-2021, 12:16:59 PM
mrido(roflgamer) used a health_drink 2-1-2021, 12:17:00 PM
mrido(roflgamer) used a police_car 2-1-2021, 12:17:08 PM
mrido(roflgamer) used a police_car 2-1-2021, 12:19:11 PM
mrido(roflgamer) used a tk_ultra_health_potion 2-1-2021, 12:19:25 PM
mrido(roflgamer) used a tk_ultra_health_potion 2-1-2021, 12:19:25 PM
mrido(roflgamer) used a health_drink 2-1-2021, 12:19:43 PM
mrido(roflgamer) used a health_drink 2-1-2021, 12:19:43 PM
mrido(roflgamer) used a health_drink 2-1-2021, 12:19:44 PM
mrido(roflgamer) used a police_car 2-1-2021, 12:19:46 PM
mrido(roflgamer) used a police_car 2-1-2021, 12:19:46 PM
mrido(roflgamer) used a tk_ultra_health_potion 2-1-2021, 12:20:05 PM
mrido(roflgamer) used a tk_ultra_health_potion 2-1-2021, 12:20:05 PM
mrido(roflgamer) used a tk_ultra_health_potion 2-1-2021, 12:20:05 PM
mrido(roflgamer) used a health_drink 2-1-2021, 12:20:09 PM
mrido(roflgamer) used a health_drink 2-1-2021, 12:20:09 PM
mrido(roflgamer) used a health_drink 2-1-2021, 12:20:11 PM
mrido(roflgamer) used a health_drink 2-1-2021, 12:20:11 PM
mrido(roflgamer) used a health_drink 2-1-2021, 12:20:12 PM
mrido(roflgamer) used a health_drink 2-1-2021, 12:20:12 PM
mrido(roflgamer) used a health_drink 2-1-2021, 12:20:12 PM
mrido(roflgamer) used a police_car 2-1-2021, 12:20:16 PM
mrido(roflgamer) used a police_car 2-1-2021, 12:20:16 PM
mrido(roflgamer) used a police_car 2-1-2021, 12:20:16 PM
mrido(roflgamer) used a tk_ultra_health_potion 2-1-2021, 12:20:42 PM
mrido(roflgamer) used a tk_ultra_health_potion 2-1-2021, 12:20:42 PM
mrido(roflgamer) used a tk_ultra_health_potion 2-1-2021, 12:20:43 PM
mrido(roflgamer) used a police_car 2-1-2021, 12:20:58 PM
mrido(roflgamer) used a police_car 2-1-2021, 12:20:58 PM
mrido(roflgamer) used a police_car 2-1-2021, 12:20:59 PM
mrido(roflgamer) used a tk_ultra_health_potion 2-1-2021, 12:21:18 PM
mrido(roflgamer) used a tk_ultra_health_potion 2-1-2021, 12:21:18 PM
mrido(roflgamer) used a health_drink 2-1-2021, 12:21:42 PM
mrido(roflgamer) used a health_drink 2-1-2021, 12:21:42 PM
mrido(roflgamer) used a health_drink 2-1-2021, 12:21:43 PM
mrido(roflgamer) used a health_drink 2-1-2021, 12:21:44 PM
mrido(roflgamer) used a health_drink 2-1-2021, 12:21:44 PM
mrido(roflgamer) used a health_drink 2-1-2021, 12:21:44 PM
mrido(roflgamer) used a health_drink 2-1-2021, 12:21:45 PM
mrido(roflgamer) used a health_drink 2-1-2021, 12:21:45 PM
mrido(roflgamer) used a health_drink 2-1-2021, 12:21:45 PM
mrido(roflgamer) used a health_drink 2-1-2021, 12:21:47 PM
mrido(roflgamer) used a health_drink 2-1-2021, 12:21:48 PM
mrido(roflgamer) used a health_drink 2-1-2021, 12:21:48 PM
mrido(roflgamer) used a health_drink 2-1-2021, 12:21:48 PM
mrido(roflgamer) used a health_drink 2-1-2021, 12:21:48 PM
mrido(roflgamer) used a health_drink 2-1-2021, 12:21:53 PM
mrido(roflgamer) used a health_drink 2-1-2021, 12:21:53 PM
mrido(roflgamer) used a health_drink 2-1-2021, 12:21:53 PM
mrido(roflgamer) used a health_drink 2-1-2021, 12:21:56 PM
mrido(roflgamer) used a health_drink 2-1-2021, 12:21:56 PM
mrido(roflgamer) used a health_drink 2-1-2021, 12:22:10 PM
mrido(roflgamer) used a mass_bomb 2-1-2021, 12:23:15 PM
mrido(roflgamer) used a mass_bomb 2-1-2021, 12:23:15 PM
mrido(roflgamer) used a mass_bomb 2-1-2021, 12:23:15 PM
mrido(roflgamer) used a mass_bomb 2-1-2021, 12:23:15 PM
mrido(roflgamer) used a mass_bomb 2-1-2021, 12:23:16 PM
mrido(roflgamer) used a mass_bomb 2-1-2021, 12:23:16 PM
mrido(roflgamer) used a mass_bomb 2-1-2021, 12:23:16 PM
mrido(roflgamer) used a mass_bomb 2-1-2021, 12:23:16 PM
mrido(roflgamer) used a mass_bomb 2-1-2021, 12:23:16 PM
mrido(roflgamer) used a mass_bomb 2-1-2021, 12:23:17 PM
mrido(roflgamer) used a mass_bomb 2-1-2021, 12:23:19 PM
mrido(roflgamer) used a mass_bomb 2-1-2021, 12:23:19 PM
mrido(roflgamer) used a mass_bomb 2-1-2021, 12:23:19 PM
mrido(roflgamer) used a mass_bomb 2-1-2021, 12:23:40 PM
mrido(roflgamer) used a mass_bomb 2-1-2021, 12:23:40 PM
mrido(roflgamer) used a mass_bomb 2-1-2021, 12:23:40 PM
mrido(roflgamer) used a mass_bomb 2-1-2021, 12:23:40 PM
mrido(roflgamer) used a mass_bomb 2-1-2021, 12:23:41 PM
mrido(roflgamer) used a mass_bomb 2-1-2021, 12:23:41 PM
mrido(roflgamer) used a mass_bomb 2-1-2021, 12:23:41 PM
mrido(roflgamer) used a mass_bomb 2-1-2021, 12:23:44 PM
mrido(roflgamer) used a mass_bomb 2-1-2021, 12:23:44 PM
mrido(roflgamer) used a tk_ultra_health_potion 2-1-2021, 12:25:47 PM
mrido(roflgamer) used a tk_ultra_health_potion 2-1-2021, 12:25:47 PM
mrido(roflgamer) used a mass_bomb 2-1-2021, 12:25:49 PM
mrido(roflgamer) used a mass_bomb 2-1-2021, 12:25:50 PM
mrido(roflgamer) used a mass_bomb 2-1-2021, 12:25:50 PM
mrido(roflgamer) used a mass_bomb 2-1-2021, 12:25:50 PM
mrido(roflgamer) used a mass_bomb 2-1-2021, 12:25:52 PM
mrido(roflgamer) used a mass_bomb 2-1-2021, 12:25:53 PM
mrido(roflgamer) used a mass_bomb 2-1-2021, 12:25:54 PM
mrido(roflgamer) used a mass_bomb 2-1-2021, 12:25:54 PM
mrido(roflgamer) used a mass_bomb 2-1-2021, 12:25:58 PM
mrido(roflgamer) used a mass_bomb 2-1-2021, 12:25:58 PM
mrido(roflgamer) used a armored_tank 2-1-2021, 12:27:35 PM
mrido(roflgamer) used a armored_tank 2-1-2021, 12:27:35 PM
mrido(roflgamer) used a armored_tank 2-1-2021, 12:27:36 PM
mrido(roflgamer) used a armored_tank 2-1-2021, 12:27:36 PM
mrido(roflgamer) used a mass_bomb 2-1-2021, 12:27:45 PM
mrido(roflgamer) used a mass_bomb 2-1-2021, 12:27:45 PM
mrido(roflgamer) used a mass_bomb 2-1-2021, 12:27:46 PM
mrido(roflgamer) used a mass_bomb 2-1-2021, 12:27:46 PM
mrido(roflgamer) used a mass_bomb 2-1-2021, 12:27:46 PM
mrido(roflgamer) used a mass_bomb 2-1-2021, 12:27:46 PM
mrido(roflgamer) used a mass_bomb 2-1-2021, 12:27:46 PM
mrido(roflgamer) used a mass_bomb 2-1-2021, 12:27:47 PM
mrido(roflgamer) used a mass_bomb 2-1-2021, 12:27:47 PM
mrido(roflgamer) used a mass_bomb 2-1-2021, 12:27:47 PM
mrido(roflgamer) used a mass_bomb 2-1-2021, 12:27:47 PM
mrido(roflgamer) used a mass_bomb 2-1-2021, 12:27:47 PM
mrido(roflgamer) used a mass_bomb 2-1-2021, 12:27:48 PM
mrido(roflgamer) used a mass_bomb 2-1-2021, 12:27:48 PM
mrido(roflgamer) used a mass_bomb 2-1-2021, 12:27:48 PM
mrido(roflgamer) used a mass_bomb 2-1-2021, 12:27:48 PM
mrido(roflgamer) used a mass_bomb 2-1-2021, 12:27:51 PM
mrido(roflgamer) used a mass_bomb 2-1-2021, 12:27:51 PM
mrido(roflgamer) used a mass_bomb 2-1-2021, 12:27:51 PM
mrido(roflgamer) used a mass_bomb 2-1-2021, 12:27:52 PM
mrido(roflgamer) used a mass_bomb 2-1-2021, 12:27:52 PM
mrido(roflgamer) used a mass_bomb 2-1-2021, 12:27:52 PM
mrido(roflgamer) used a mass_bomb 2-1-2021, 12:27:53 PM
mrido(roflgamer) used a mass_bomb 2-1-2021, 12:27:53 PM
mrido(roflgamer) used a mass_bomb 2-1-2021, 12:27:53 PM
mrido(roflgamer) used a mass_bomb 2-1-2021, 12:28:13 PM
mrido(roflgamer) used a mass_bomb 2-1-2021, 12:28:13 PM
mrido(roflgamer) used a mass_bomb 2-1-2021, 12:28:16 PM
mrido(roflgamer) used a mass_bomb 2-1-2021, 12:28:41 PM
mrido(roflgamer) used a mass_bomb 2-1-2021, 12:28:41 PM
mrido(roflgamer) used a mass_bomb 2-1-2021, 12:28:41 PM
mrido(roflgamer) used a mass_bomb 2-1-2021, 12:28:41 PM
mrido(roflgamer) used a mass_bomb 2-1-2021, 12:28:42 PM
mrido(roflgamer) used a mass_bomb 2-1-2021, 12:28:42 PM
mrido(roflgamer) used a mass_bomb 2-1-2021, 12:28:42 PM
mrido(roflgamer) used a mass_bomb 2-1-2021, 12:28:42 PM
mrido(roflgamer) used a mass_bomb 2-1-2021, 12:28:43 PM
mrido(roflgamer) used a mass_bomb 2-1-2021, 12:28:43 PM
mrido(roflgamer) used a mass_bomb 2-1-2021, 12:28:43 PM
mrido(roflgamer) used a mass_bomb 2-1-2021, 12:28:43 PM
mrido(roflgamer) used a mass_bomb 2-1-2021, 12:28:43 PM
mrido(roflgamer) used a mass_bomb 2-1-2021, 12:29:09 PM
mrido(roflgamer) used a mass_bomb 2-1-2021, 12:29:09 PM
mrido(roflgamer) used a mass_bomb 2-1-2021, 12:29:09 PM
mrido(roflgamer) used a mass_bomb 2-1-2021, 12:29:09 PM
mrido(roflgamer) used a mass_bomb 2-1-2021, 12:29:09 PM
mrido(roflgamer) used a mass_bomb 2-1-2021, 12:29:10 PM
mrido(roflgamer) used a mass_bomb 2-1-2021, 12:29:10 PM
mrido(roflgamer) used a mass_bomb 2-1-2021, 12:29:10 PM
mrido(roflgamer) used a mass_bomb 2-1-2021, 12:29:10 PM
mrido(roflgamer) used a mass_bomb 2-1-2021, 12:29:10 PM
mrido(roflgamer) used a mass_bomb 2-1-2021, 12:29:11 PM
mrido(roflgamer) used a mass_bomb 2-1-2021, 12:29:11 PM
mrido(roflgamer) used a mass_bomb 2-1-2021, 12:29:11 PM
mrido(roflgamer) used a mass_bomb 2-1-2021, 12:29:11 PM
mrido(roflgamer) used a mass_bomb 2-1-2021, 12:29:11 PM
mrido(roflgamer) used a mass_bomb 2-1-2021, 12:29:15 PM
mrido(roflgamer) used a mass_bomb 2-1-2021, 12:29:15 PM
mrido(roflgamer) used a mass_bomb 2-1-2021, 12:29:15 PM
mrido(roflgamer) used a tk_ultra_health_potion 2-1-2021, 12:30:49 PM
mrido(roflgamer) used a tk_ultra_health_potion 2-1-2021, 12:30:50 PM
mrido(roflgamer) used a rpg7 2-1-2021, 12:30:52 PM
mrido(roflgamer) used a tk_ultra_health_potion 2-1-2021, 12:31:18 PM
mrido(roflgamer) used a tk_ultra_health_potion 2-1-2021, 12:31:18 PM
mrido(roflgamer) used a tk_ultra_health_potion 2-1-2021, 12:31:29 PM
mrido(roflgamer) used a tk_ultra_health_potion 2-1-2021, 12:31:29 PM
mrido(roflgamer) used a tk_ultra_health_potion 2-1-2021, 12:32:05 PM
mrido(roflgamer) used a tk_ultra_health_potion 2-1-2021, 12:32:05 PM
mrido(roflgamer) used a tk_ultra_health_potion 2-1-2021, 12:32:05 PM
mrido(roflgamer) used a police_car 2-1-2021, 12:32:08 PM
mrido(roflgamer) used a police_car 2-1-2021, 12:32:09 PM
mrido(roflgamer) used a police_car 2-1-2021, 12:32:09 PM
mrido(roflgamer) used a tk_ultra_health_potion 2-1-2021, 12:33:03 PM
mrido(roflgamer) used a tk_ultra_health_potion 2-1-2021, 12:33:03 PM
mrido(roflgamer) used a health_drink 2-1-2021, 12:33:05 PM
mrido(roflgamer) used a health_drink 2-1-2021, 12:33:06 PM
mrido(roflgamer) used a health_drink 2-1-2021, 12:33:06 PM
mrido(roflgamer) used a health_drink 2-1-2021, 12:33:06 PM
mrido(roflgamer) used a health_drink 2-1-2021, 12:33:12 PM
mrido(roflgamer) used a health_drink 2-1-2021, 12:33:13 PM
mrido(roflgamer) used a tank 2-1-2021, 12:33:16 PM
mrido(roflgamer) used a tank 2-1-2021, 12:33:16 PM
mrido(roflgamer) used a tk_ultra_health_potion 2-1-2021, 12:33:33 PM
mrido(roflgamer) used a tk_ultra_health_potion 2-1-2021, 12:33:34 PM
mrido(roflgamer) used a health_drink 2-1-2021, 12:33:47 PM
mrido(roflgamer) used a health_drink 2-1-2021, 12:33:47 PM
mrido(roflgamer) used a health_drink 2-1-2021, 12:33:47 PM
mrido(roflgamer) used a health_drink 2-1-2021, 12:33:48 PM
mrido(roflgamer) used a rpg7 2-1-2021, 12:33:52 PM
mrido(roflgamer) used a tk_ultra_health_potion 2-1-2021, 12:34:00 PM
mrido(roflgamer) used a tk_ultra_health_potion 2-1-2021, 12:34:00 PM
mrido(roflgamer) used a tk_ultra_health_potion 2-1-2021, 12:34:15 PM
mrido(roflgamer) used a health_drink 2-1-2021, 12:34:16 PM
mrido(roflgamer) used a health_drink 2-1-2021, 12:34:16 PM
mrido(roflgamer) used a health_drink 2-1-2021, 12:34:17 PM
mrido(roflgamer) used a health_drink 2-1-2021, 12:34:18 PM
mrido(roflgamer) used a health_drink 2-1-2021, 12:34:21 PM
mrido(roflgamer) used a health_drink 2-1-2021, 12:34:21 PM
mrido(roflgamer) used a tk_ultra_health_potion 2-1-2021, 12:34:45 PM
mrido(roflgamer) used a tk_ultra_health_potion 2-1-2021, 12:34:45 PM
mrido(roflgamer) used a health_drink 2-1-2021, 12:34:50 PM
mrido(roflgamer) used a health_drink 2-1-2021, 12:34:50 PM
mrido(roflgamer) used a health_drink 2-1-2021, 12:34:54 PM
mrido(roflgamer) used a health_drink 2-1-2021, 12:34:54 PM
mrido(roflgamer) used a health_drink 2-1-2021, 12:34:55 PM
mrido(roflgamer) used a health_drink 2-1-2021, 12:35:02 PM
mrido(roflgamer) used a health_drink 2-1-2021, 12:35:02 PM
mrido(roflgamer) used a health_drink 2-1-2021, 12:35:03 PM
mrido(roflgamer) used a police_car 2-1-2021, 12:35:13 PM
mrido(roflgamer) used a police_car 2-1-2021, 12:35:13 PM
mrido(roflgamer) used a tk_ultra_health_potion 2-1-2021, 12:35:54 PM
mrido(roflgamer) used a tk_ultra_health_potion 2-1-2021, 12:35:54 PM
mrido(roflgamer) used a police_car 2-1-2021, 12:36:13 PM
mrido(roflgamer) used a police_car 2-1-2021, 12:36:13 PM
mrido(roflgamer) used a tk_ultra_health_potion 2-1-2021, 12:36:23 PM
mrido(roflgamer) used a tk_ultra_health_potion 2-1-2021, 12:36:23 PM
mrido(roflgamer) used a tk_ultra_health_potion 2-1-2021, 12:36:34 PM
mrido(roflgamer) used a tk_ultra_health_potion 2-1-2021, 12:36:35 PM
mrido(roflgamer) used a tk_ultra_health_potion 2-1-2021, 12:36:43 PM
mrido(roflgamer) used a health_drink 2-1-2021, 12:36:45 PM
mrido(roflgamer) used a health_drink 2-1-2021, 12:36:45 PM
mrido(roflgamer) used a health_drink 2-1-2021, 12:36:49 PM
mrido(roflgamer) used a health_drink 2-1-2021, 12:36:50 PM
mrido(roflgamer) used a health_drink 2-1-2021, 12:36:53 PM
mrido(roflgamer) used a health_drink 2-1-2021, 12:36:53 PM
mrido(roflgamer) used a health_drink 2-1-2021, 12:36:56 PM
mrido(roflgamer) used a health_drink 2-1-2021, 12:36:57 PM
mrido(roflgamer) used a health_drink 2-1-2021, 12:36:57 PM
mrido(roflgamer) used a police_car 2-1-2021, 12:36:59 PM
mrido(roflgamer) used a police_car 2-1-2021, 12:36:59 PM
mrido(roflgamer) used a police_car 2-1-2021, 12:37:01 PM
mrido(roflgamer) used a police_car 2-1-2021, 12:37:01 PM
mrido(roflgamer) used a tk_ultra_health_potion 2-1-2021, 12:37:09 PM
mrido(roflgamer) used a tk_ultra_health_potion 2-1-2021, 12:37:09 PM
mrido(roflgamer) used a tk_ultra_health_potion 2-1-2021, 12:37:09 PM
mrido(roflgamer) used a tk_ultra_health_potion 2-1-2021, 12:37:34 PM
mrido(roflgamer) used a tk_ultra_health_potion 2-1-2021, 12:37:34 PM
mrido(roflgamer) used a health_drink 2-1-2021, 12:37:35 PM
mrido(roflgamer) used a health_drink 2-1-2021, 12:37:35 PM
mrido(roflgamer) used a health_drink 2-1-2021, 12:37:36 PM
mrido(roflgamer) used a health_drink 2-1-2021, 12:37:44 PM
mrido(roflgamer) used a health_drink 2-1-2021, 12:37:45 PM
mrido(roflgamer) used a tank 2-1-2021, 12:37:49 PM
mrido(roflgamer) used a tank 2-1-2021, 12:37:49 PM
mrido(roflgamer) used a tank 2-1-2021, 12:37:49 PM
mrido(roflgamer) used a tank 2-1-2021, 12:37:49 PM
mrido(roflgamer) used a tk_ultra_health_potion 2-1-2021, 12:38:37 PM
mrido(roflgamer) used a tk_ultra_health_potion 2-1-2021, 12:38:37 PM
mrido(roflgamer) used a tk_ultra_health_potion 2-1-2021, 12:38:38 PM
mrido(roflgamer) used a tk_ultra_health_potion 2-1-2021, 12:39:00 PM
mrido(roflgamer) used a police_car 2-1-2021, 12:39:08 PM
mrido(roflgamer) used a police_car 2-1-2021, 12:39:10 PM
mrido(roflgamer) used a police_car 2-1-2021, 12:39:10 PM
mrido(roflgamer) used a police_car 2-1-2021, 12:39:10 PM
mrido(roflgamer) used a tk_ultra_health_potion 2-1-2021, 12:39:28 PM
mrido(roflgamer) used a tk_ultra_health_potion 2-1-2021, 12:39:28 PM
mrido(roflgamer) used a tk_ultra_health_potion 2-1-2021, 12:39:28 PM
mrido(roflgamer) used a police_car 2-1-2021, 12:39:36 PM
mrido(roflgamer) used a police_car 2-1-2021, 12:39:37 PM
mrido(roflgamer) used a police_car 2-1-2021, 12:39:37 PM
mrido(roflgamer) used a police_car 2-1-2021, 12:39:37 PM
mrido(roflgamer) used a police_car 2-1-2021, 12:39:37 PM
mrido(roflgamer) used a tk_ultra_health_potion 2-1-2021, 12:40:03 PM
mrido(roflgamer) used a tk_ultra_health_potion 2-1-2021, 12:40:04 PM
mrido(roflgamer) used a tk_ultra_health_potion 2-1-2021, 12:40:49 PM
mrido(roflgamer) used a tk_ultra_health_potion 2-1-2021, 12:40:49 PM
mrido(roflgamer) used a tk_ultra_health_potion 2-1-2021, 12:43:02 PM
mrido(roflgamer) used a tk_ultra_health_potion 2-1-2021, 12:43:02 PM
mrido(roflgamer) used a mass_bomb 2-1-2021, 12:43:11 PM
mrido(roflgamer) used a mass_bomb 2-1-2021, 12:43:11 PM
mrido(roflgamer) used a mass_bomb 2-1-2021, 12:43:11 PM
mrido(roflgamer) used a mass_bomb 2-1-2021, 12:43:11 PM
mrido(roflgamer) used a mass_bomb 2-1-2021, 12:43:11 PM
mrido(roflgamer) used a mass_bomb 2-1-2021, 12:43:12 PM
mrido(roflgamer) used a mass_bomb 2-1-2021, 12:43:12 PM
mrido(roflgamer) used a mass_bomb 2-1-2021, 12:43:13 PM
mrido(roflgamer) used a mass_bomb 2-1-2021, 12:43:13 PM
mrido(roflgamer) used a mass_bomb 2-1-2021, 12:43:20 PM
mrido(roflgamer) used a mass_bomb 2-1-2021, 12:43:21 PM
mrido(roflgamer) used a mass_bomb 2-1-2021, 12:43:21 PM
mrido(roflgamer) used a tk_ultra_health_potion 2-1-2021, 12:44:07 PM
mrido(roflgamer) used a tk_ultra_health_potion 2-1-2021, 12:44:07 PM
mrido(roflgamer) used a health_drink 2-1-2021, 12:44:49 PM