
kofeman logged in. 9-14-2020, 1:06:58 AM
bolgelo logged in. 9-14-2020, 1:38:26 AM
nikita-k logged in. 9-14-2020, 10:16:45 AM
franklin logged in. 9-14-2020, 10:34:15 AM
Volon-de-mort logged in. 9-14-2020, 11:45:50 AM
shoma logged in. 9-14-2020, 12:11:22 PM
shoma logged in. 9-14-2020, 12:13:26 PM
shoma logged in. 9-14-2020, 12:18:45 PM
shoma logged in. 9-14-2020, 1:01:40 PM
nikita-k logged in. 9-14-2020, 1:22:46 PM
karatel logged in. 9-14-2020, 4:48:26 PM
karatel logged in. 9-14-2020, 4:52:40 PM
karatel logged in. 9-14-2020, 4:54:36 PM
Lyutsifer logged in. 9-14-2020, 5:14:47 PM
shoma logged in. 9-14-2020, 5:15:28 PM
shoma logged in. 9-14-2020, 5:25:00 PM
shoma logged in. 9-14-2020, 5:29:10 PM
gleb logged in. 9-14-2020, 5:32:46 PM
shoma logged in. 9-14-2020, 5:36:43 PM
Yarina logged in. 9-14-2020, 5:46:26 PM
shoma logged in. 9-14-2020, 5:48:22 PM
shoma logged in. 9-14-2020, 5:50:13 PM
shoma logged in. 9-14-2020, 5:52:59 PM
gleb logged in. 9-14-2020, 5:54:55 PM
Yarina logged in. 9-14-2020, 5:56:03 PM
karatel logged in. 9-14-2020, 5:56:52 PM
shoma logged in. 9-14-2020, 5:57:28 PM
karatel logged in. 9-14-2020, 5:57:30 PM
karatel logged in. 9-14-2020, 5:58:24 PM
shoma logged in. 9-14-2020, 5:59:23 PM
Yarina logged in. 9-14-2020, 6:18:30 PM
nikita-k logged in. 9-14-2020, 6:41:28 PM
gleb logged in. 9-14-2020, 7:53:25 PM
gleb logged in. 9-14-2020, 7:53:46 PM
Yarina logged in. 9-14-2020, 7:55:33 PM
Yarina logged in. 9-14-2020, 8:39:59 PM
shoma logged in. 9-14-2020, 9:16:46 PM
gleb logged in. 9-14-2020, 9:24:40 PM
gleb logged in. 9-14-2020, 9:25:14 PM
gleb logged in. 9-14-2020, 9:25:25 PM
Yarina logged in. 9-14-2020, 9:39:55 PM
nikita-k logged in. 9-14-2020, 11:52:58 PM
bolgelo logged in. 9-14-2020, 11:59:01 PM