
Igrok(Igrok) used a shield 1-21-2021, 5:39:26 AM
Igrok(Igrok) used a carrier_missile 1-21-2021, 5:46:02 AM
Igrok(Igrok) used a timebomb 1-21-2021, 5:46:13 AM
Igrok(Igrok) used a timebomb 1-21-2021, 5:47:34 AM
Igrok(Igrok) used a timebomb 1-21-2021, 5:47:34 AM
Igrok(Igrok) used a coin 1-21-2021, 5:50:06 AM
Igrok(Igrok) used a remote_gun 1-21-2021, 7:22:08 AM
Igrok(Igrok) used a ultrabomb_silencer 1-21-2021, 7:37:36 AM
Igrok(Igrok) used a missile_interceptor 1-21-2021, 7:43:18 AM
Igrok(Igrok) used a wood_pack 1-21-2021, 7:48:27 AM
Igrok(Igrok) used a wood 1-21-2021, 7:50:27 AM
Igrok(Igrok) used a aircraft 1-21-2021, 7:54:18 AM
Igrok(Igrok) used a aircraft 1-21-2021, 7:54:18 AM
Igrok(Igrok) used a coin 1-21-2021, 3:16:51 PM
Igrok(Igrok) used a aircraft 1-21-2021, 3:36:04 PM
Igrok(Igrok) used a pistol 1-21-2021, 3:49:55 PM
Igrok(Igrok) used a shield 1-21-2021, 3:50:40 PM
Igrok(Igrok) used a snowball 1-21-2021, 7:33:38 PM
Igrok(Igrok) used a snowball 1-21-2021, 7:34:48 PM
Igrok(Igrok) used a snowball 1-21-2021, 7:40:50 PM
Igrok(Igrok) used a snowball 1-21-2021, 7:43:12 PM
Igrok(Igrok) used a snowball 1-21-2021, 7:43:29 PM
Igrok(Igrok) used a stp429_mini_missile 1-21-2021, 7:43:35 PM
Igrok(Igrok) used a aircraft 1-21-2021, 7:43:47 PM
Igrok(Igrok) used a aircraft 1-21-2021, 7:43:49 PM
Igrok(Igrok) used a pistol 1-21-2021, 7:46:39 PM