
rathee (rathee) sent /lchat bro 1-21-2021, 9:15:15 AM
rathee (rathee) sent /pm teja hi  1-21-2021, 9:26:14 AM
rathee (rathee) sent /r ware are you 1-21-2021, 9:26:37 AM
rathee (rathee) sent /sl 1-21-2021, 9:29:51 AM
rathee (rathee) sent /lchat s 1-21-2021, 9:30:48 AM
rathee (rathee) sent /pm  teja bro 1-21-2021, 9:34:24 AM
rathee (rathee) sent /r /suicide 1-21-2021, 9:34:41 AM
rathee (rathee) sent /r what 1-21-2021, 9:35:02 AM
rathee (rathee) sent /bestplayer 1-21-2021, 9:50:58 AM
rathee (rathee) sent /pm  teja bro 1-21-2021, 9:51:22 AM
rathee (rathee) sent /r bRO 1-21-2021, 9:51:34 AM
rathee (rathee) sent /r ware anil and prashanth 1-21-2021, 9:51:45 AM
rathee (rathee) sent /r ware is that map      i will kill them  1-21-2021, 9:52:16 AM
rathee (rathee) sent /pm teja are you angary  1-21-2021, 9:56:27 AM
rathee (rathee) sent /r killed no  1-21-2021, 9:56:42 AM
rathee (rathee) sent /r hehehehhe that is my brother  1-21-2021, 9:56:53 AM
rathee (rathee) sent /r slightly in front and a fair distance off to the right (5 tiles away)  in store at 1, 0, 0 1-21-2021, 9:57:00 AM
rathee (rathee) sent /pm  anil ware is prashanth  1-21-2021, 9:57:22 AM
rathee (rathee) sent /r ssss 1-21-2021, 9:57:29 AM
rathee (rathee) sent /r come 1-21-2021, 9:57:31 AM
rathee (rathee) sent /pm  anil sorry again  1-21-2021, 9:57:43 AM
rathee (rathee) sent /pm  anil how to trak  1-21-2021, 9:58:37 AM
rathee (rathee) sent /r othere maps 1-21-2021, 9:58:55 AM
rathee (rathee) sent /r from here 1-21-2021, 9:59:13 AM
rathee (rathee) sent /r come i will taker  1-21-2021, 10:02:42 AM
rathee (rathee) sent /r ss 1-21-2021, 10:10:32 AM
rathee (rathee) sent /r ok 1-21-2021, 10:10:51 AM
rathee (rathee) sent /pm  teja trak killer 3000 1-21-2021, 10:12:54 AM
rathee (rathee) sent /r s 1-21-2021, 10:13:06 AM
rathee (rathee) sent /r Vo 1-21-2021, 10:13:20 AM
rathee (rathee) sent /r i will take care  goooooooood 1-21-2021, 10:13:31 AM
rathee (rathee) sent /r sss 1-21-2021, 10:14:49 AM
rathee (rathee) sent /pm  killer3000 come bro i will get Storm_Sniper 1-21-2021, 10:33:57 AM
rathee (rathee) sent /r ss 1-21-2021, 10:34:36 AM
rathee (rathee) sent /pm  teja you all so cme  1-21-2021, 10:36:40 AM
rathee (rathee) sent /lchat ss bro 1-21-2021, 10:37:50 AM
rathee (rathee) sent /pm teja bro 1-21-2021, 10:38:08 AM
rathee (rathee) sent /lchat 1, 29, 5.  1-21-2021, 10:38:20 AM
rathee (rathee) sent /r bro 1-21-2021, 10:38:32 AM
rathee (rathee) sent /r stand 9 1-21-2021, 10:38:51 AM
rathee (rathee) sent /r 9 1-21-2021, 10:39:07 AM
rathee (rathee) sent /lchat jump 2 slow  1-21-2021, 10:39:32 AM
rathee (rathee) sent /lchat look me 1-21-2021, 10:40:11 AM
rathee (rathee) sent /lchat like that slow  1-21-2021, 10:40:43 AM
rathee (rathee) sent /lchat give 1 second  1-21-2021, 10:40:53 AM
rathee (rathee) sent /lchat afte space  1-21-2021, 10:41:01 AM
rathee (rathee) sent /lchat  prashant 1-21-2021, 10:41:22 AM
rathee (rathee) sent /lchat 0, 29, 0.  1-21-2021, 10:41:29 AM
rathee (rathee) sent /lchat 1, 29, 5.  1-21-2021, 10:41:54 AM
rathee (rathee) sent /lchat super teja bro like that 1-21-2021, 10:42:10 AM
rathee (rathee) sent /lchat 0 13 1-21-2021, 10:42:26 AM
rathee (rathee) sent /lchat 1, 32, 6.  1-21-2021, 10:42:31 AM
rathee (rathee) sent /lchat 1, 32, 6.  1-21-2021, 10:42:54 AM
rathee (rathee) sent /lchat what will do 1-21-2021, 10:42:59 AM
rathee (rathee) sent /lchat s 1-21-2021, 10:43:26 AM
rathee (rathee) sent /lchat s 1-21-2021, 10:50:13 AM
rathee (rathee) sent /lchat 0, 52, 0.  1-21-2021, 10:50:26 AM
rathee (rathee) sent /bid 11111 1-21-2021, 10:50:53 AM
rathee (rathee) sent /lchat how meni Storm_Sniper can ttake  1-21-2021, 11:08:37 AM
rathee (rathee) sent /lchat if it is all ready i have  1-21-2021, 11:09:02 AM
rathee (rathee) sent /lchat again i cras can i take 1-21-2021, 11:09:20 AM
rathee (rathee) sent /lchat how here 1-21-2021, 11:43:32 AM
rathee (rathee) sent /lchat 14, 100, 5.  1-21-2021, 11:46:00 AM
rathee (rathee) sent /lchat 15, 100, 10.  1-21-2021, 11:47:41 AM
rathee (rathee) sent /lchat 15, 100, 10.  1-21-2021, 11:49:23 AM
rathee (rathee) sent /lchat killer 3000  1-21-2021, 11:49:36 AM
rathee (rathee) sent /lchat 15, 100, 10.  1-21-2021, 11:49:43 AM
rathee (rathee) sent /r i am not famelier  1-21-2021, 11:51:08 AM
rathee (rathee) sent /pm  killer3000 15, 100, 10.  1-21-2021, 11:51:38 AM
rathee (rathee) sent /lchat one left  1-21-2021, 11:52:32 AM
rathee (rathee) sent /pm krish 15, 100, 10.  1-21-2021, 11:52:48 AM
rathee (rathee) sent /r bro 1-21-2021, 11:53:09 AM
rathee (rathee) sent /lchat left and space  1-21-2021, 11:53:36 AM
rathee (rathee) sent /lchat right  1-21-2021, 11:53:51 AM
rathee (rathee) sent /pm krish bro 1-21-2021, 11:54:02 AM
rathee (rathee) sent /lchat now 1-21-2021, 11:54:48 AM
rathee (rathee) sent /pm killer3000 what will do 1-21-2021, 11:57:42 AM
rathee (rathee) sent /lchat krish 1-21-2021, 11:59:08 AM
rathee (rathee) sent /pm krish 15, 100, 10.  1-21-2021, 11:59:48 AM
rathee (rathee) sent /pm krish 17, 100, 15.  1-21-2021, 11:59:54 AM
rathee (rathee) sent /r no way 1-21-2021, 12:00:29 PM
rathee (rathee) sent /gnsubmit 44 1-21-2021, 12:01:27 PM
rathee (rathee) sent /lchat 17, 100, 15.  1-21-2021, 12:01:49 PM
rathee (rathee) sent /lchat no way front bro 1-21-2021, 12:01:58 PM
rathee (rathee) sent /lchat streight in front (0 tiles away)  in under you is a huge cauldron of boiling water, it is better not to fall into it at 17, 100, 15 1-21-2021, 12:02:50 PM
rathee (rathee) sent /lchat bro how meni tile 1-21-2021, 12:03:20 PM
rathee (rathee) sent /lchat 17, 100, 15.  ware should i come 1-21-2021, 12:03:46 PM
rathee (rathee) sent /pm athee enna 1-21-2021, 12:21:27 PM
rathee (rathee) sent /r varanda 1-21-2021, 12:21:42 PM
rathee (rathee) sent /pm athee enna 1-21-2021, 12:24:30 PM
rathee (rathee) sent /r vada  1-21-2021, 12:24:52 PM
rathee (rathee) sent /pm KillerCross hello 1-21-2021, 12:39:09 PM
rathee (rathee) sent /r ranjith 1-21-2021, 12:39:24 PM
rathee (rathee) sent /r penta 1-21-2021, 12:39:28 PM
rathee (rathee) sent /r stop 1-21-2021, 12:39:58 PM
rathee (rathee) sent /r np 1-21-2021, 12:40:55 PM
rathee (rathee) sent /pm tsunami bro 1-21-2021, 12:47:42 PM
rathee (rathee) sent /r shal we kill them  1-21-2021, 12:47:58 PM
rathee (rathee) sent /r o 1-21-2021, 12:48:28 PM
rathee (rathee) sent /pm  Simba hey are got Storm_Sniper 1-21-2021, 12:51:10 PM
rathee (rathee) sent /lchat bro 1-21-2021, 12:58:57 PM
rathee (rathee) sent /lchat ware bro 1-21-2021, 12:59:19 PM
rathee (rathee) sent /lchat 0, 4, 0.  1-21-2021, 12:59:37 PM
rathee (rathee) sent /lchat hahahahah 1-21-2021, 12:59:40 PM
rathee (rathee) sent /lchat hello 1-21-2021, 1:02:06 PM
rathee (rathee) sent /lchat all of them here 1-21-2021, 1:02:32 PM
rathee (rathee) sent /lchat s 1-21-2021, 1:19:55 PM
rathee (rathee) sent /lchat i will come bro  1-21-2021, 1:20:12 PM
rathee (rathee) sent /r i do not no to gide  1-21-2021, 1:22:31 PM
rathee (rathee) sent /r hey follow me 1-21-2021, 1:22:59 PM
rathee (rathee) sent /lchat press enter to finish 1-21-2021, 1:28:25 PM
rathee (rathee) sent /lchat 0, 140, 100.  1-21-2021, 1:28:39 PM
rathee (rathee) sent /lchat there 6 jump  1-21-2021, 1:28:55 PM
rathee (rathee) sent /lchat suicide bomb there  1-21-2021, 1:29:02 PM
rathee (rathee) sent /gnsubmit 13 1-21-2021, 1:30:11 PM
rathee (rathee) sent /lchat current location: the snow mountain 1-21-2021, 1:46:12 PM
rathee (rathee) sent /lchat s 1-21-2021, 1:47:35 PM
rathee (rathee) sent /lchat 4:17 PM 1-21-2021, 1:47:39 PM
rathee (rathee) sent /bestsplayer 1-21-2021, 7:52:56 PM
rathee (rathee) sent /bestplayer 1-21-2021, 7:53:22 PM
rathee (rathee) sent /lchat bro 1-21-2021, 7:59:33 PM