
divine (sgamer) said yarhrhrhrhrhrhrhrhrhrhrhrhrhrhrhrhrhrhrhrhrhrhrhrhrhrhrhrh 1-21-2021, 10:48:54 AM
divine (sgamer) said roflhlhlhlhlhlhlhlhlhlhlhlhlhlhlhlhlhlhl 1-21-2021, 10:52:36 AM
divine (sgamer) said ha 1-21-2021, 10:54:33 AM
divine (sgamer) said you're already pretty drunk! 1-21-2021, 11:48:41 AM
divine (sgamer) said ha 1-21-2021, 11:48:46 AM
divine (sgamer) said you can't stand up! 1-21-2021, 11:48:51 AM
divine (sgamer) said  masters divine: i want you all, my head hurts! 1-21-2021, 11:49:58 AM
divine (sgamer) said ha 1-21-2021, 11:50:04 AM
divine (sgamer) said you are so drunk that you suddenly want to vomit, you strain, and accidentally vomit blood! 1-21-2021, 11:50:30 AM
divine (sgamer) said ha 1-21-2021, 12:26:55 PM
divine (sgamer) said  newbie salman:  newbie salman: c:\users\salman\ha. >  [openmsf] pkg install [akng] ping.swr.com. pingkali.ogr  (if server is down) pkg install [upconcol] msf=kali.org 1-21-2021, 12:27:15 PM
divine (sgamer) said ha 1-21-2021, 12:33:44 PM
divine (sgamer) said hi killer 1-21-2021, 12:33:48 PM
divine (sgamer) said ha 1-21-2021, 12:34:18 PM
divine (sgamer) said rofl 1-21-2021, 12:35:12 PM
divine (sgamer) said hah 1-21-2021, 12:40:22 PM
divine (sgamer) said ha 1-21-2021, 12:48:35 PM
divine (sgamer) said ha 1-21-2021, 12:50:23 PM
divine (sgamer) said ha 1-21-2021, 12:51:14 PM
divine (sgamer) said you get 126extra coins! nice job! 1-21-2021, 12:51:39 PM
divine (sgamer) said you have 1946 air. this should last you about 1 hour, 53 minutes and 31 seconds 1-21-2021, 2:36:50 PM
divine (sgamer) said hi 1-21-2021, 3:10:59 PM
divine (sgamer) said o 1-21-2021, 3:12:48 PM
divine (sgamer) said o 1-21-2021, 3:12:52 PM
divine (sgamer) said sorry bro 1-21-2021, 3:12:58 PM
divine (sgamer) said anil come 1-21-2021, 3:14:30 PM
divine (sgamer) said current location: west of the super dome 1-21-2021, 3:14:49 PM
divine (sgamer) said time pass 1-21-2021, 3:15:10 PM
divine (sgamer) said ha no 1-21-2021, 3:15:34 PM
divine (sgamer) said where 1-21-2021, 3:15:55 PM
divine (sgamer) said teja 1-21-2021, 3:16:03 PM
divine (sgamer) said where 1-21-2021, 3:16:07 PM
divine (sgamer) said hi  1-21-2021, 4:31:01 PM
divine (sgamer) said a war invite, the player sgamer invites you to fight him, will you be able to defeat him, well go to boxing map! 1-21-2021, 6:12:36 PM
divine (sgamer) said stepman, (stepman), is on map main 1-21-2021, 7:11:03 PM
divine (sgamer) said hi 1-21-2021, 8:10:44 PM
divine (sgamer) said TeamTalk 5 Classic  16 of 37 1-21-2021, 8:30:11 PM
divine (sgamer) said Public room for V I Gamers  9 of 13 1-21-2021, 8:30:39 PM
divine (sgamer) said Public Area for V I Gamers (1)  expanded  1 of 1  level 1 1-21-2021, 8:31:18 PM
divine (sgamer) said History  edit  read only  multi line  selected 712 characters 1-21-2021, 8:34:06 PM
divine (sgamer) said my friend is coming 1-21-2021, 8:36:01 PM
divine (sgamer) said hi bro 1-21-2021, 8:36:52 PM
divine (sgamer) said 11:42 PM 1-21-2021, 9:12:18 PM