
udit(udit) used a throwing_knives 1-21-2021, 7:26:43 AM
udit(udit) used a police_car 1-21-2021, 7:28:04 AM
udit(udit) used a hammer 1-21-2021, 7:28:51 AM
udit(udit) used a hammer 1-21-2021, 7:29:02 AM
udit(udit) used a iron_shovel 1-21-2021, 7:29:12 AM
udit(udit) used a rpg7 1-21-2021, 7:29:19 AM
udit(udit) used a awp 1-21-2021, 7:29:33 AM
udit(udit) used a stp_m4_combat_knife 1-21-2021, 7:29:42 AM
udit(udit) used a stp_m4_combat_knife 1-21-2021, 7:29:50 AM
udit(udit) used a stp21_handgun 1-21-2021, 7:29:55 AM
udit(udit) used a long_sword 1-21-2021, 7:30:12 AM
udit(udit) used a spear 1-21-2021, 7:31:07 AM
udit(udit) used a mass_bomb 1-21-2021, 7:31:23 AM
udit(udit) used a tank 1-21-2021, 7:32:12 AM
udit(udit) used a barricade_bomb 1-21-2021, 7:33:36 AM
udit(udit) used a motion_bomb 1-21-2021, 7:34:41 AM
udit(udit) used a security_bomb 1-21-2021, 7:35:13 AM
udit(udit) used a mass_bomb 1-21-2021, 7:35:55 AM
udit(udit) used a mass_bomb 1-21-2021, 7:36:01 AM
udit(udit) used a item_grabber 1-21-2021, 7:36:21 AM
udit(udit) used a item_grabber 1-21-2021, 7:36:44 AM
udit(udit) used a pack_of_20_missile_interceptor 1-21-2021, 7:37:21 AM
udit(udit) used a carrier_missile 1-21-2021, 7:37:39 AM
udit(udit) used a pack_of_20_fire_extinguisher 1-21-2021, 7:38:40 AM
udit(udit) used a air_canister 1-21-2021, 7:38:56 AM
udit(udit) used a air_canister 1-21-2021, 7:39:24 AM
udit(udit) used a pack_of_15_wirebomb 1-21-2021, 7:39:37 AM
udit(udit) used a antibiotic_canister 1-21-2021, 7:40:01 AM
udit(udit) used a antibiotic 1-21-2021, 7:40:13 AM
udit(udit) used a robot 1-21-2021, 7:40:21 AM
udit(udit) used a frequency_scrambler 1-21-2021, 7:40:35 AM
udit(udit) used a pack_of_15_shield 1-21-2021, 7:42:09 AM
udit(udit) used a pack_of_15_wirebomb 1-21-2021, 7:42:12 AM
udit(udit) used a pack_of_15_wirebomb 1-21-2021, 7:42:14 AM
udit(udit) used a pack_of_15_wirebomb 1-21-2021, 7:42:15 AM
udit(udit) used a pack_of_20_bomb_defuser 1-21-2021, 7:42:20 AM
udit(udit) used a pack_of_5_mass_bomb 1-21-2021, 7:42:26 AM
udit(udit) used a pack_of_5_barricade_bomb 1-21-2021, 7:42:30 AM
udit(udit) used a armored_tank 1-21-2021, 7:43:11 AM
udit(udit) used a item_grabber 1-21-2021, 7:43:50 AM
udit(udit) used a m16_assault_rifle 1-21-2021, 7:45:11 AM
udit(udit) used a antibiotic 1-21-2021, 7:47:00 AM
udit(udit) used a antibiotic_pack 1-21-2021, 7:48:25 AM
udit(udit) used a antibiotic 1-21-2021, 7:48:30 AM
udit(udit) used a antibiotic 1-21-2021, 7:49:22 AM
udit(udit) used a invisibility_shield 1-21-2021, 7:51:57 AM
udit(udit) used a invisibility_shield 1-21-2021, 7:52:01 AM
udit(udit) used a shield 1-21-2021, 7:52:11 AM
udit(udit) used a antibiotic 1-21-2021, 7:52:30 AM
udit(udit) used a shield 1-21-2021, 7:52:48 AM
udit(udit) used a shield 1-21-2021, 7:53:16 AM
udit(udit) used a wood 1-21-2021, 7:53:42 AM
udit(udit) used a metal_pack 1-21-2021, 7:53:47 AM
udit(udit) used a metal_pack 1-21-2021, 7:53:47 AM
udit(udit) used a metal_pack 1-21-2021, 7:53:47 AM
udit(udit) used a metal 1-21-2021, 7:53:54 AM
udit(udit) used a metal 1-21-2021, 7:53:57 AM
udit(udit) used a aircraft 1-21-2021, 7:54:50 AM
udit(udit) used a aircraft 1-21-2021, 7:55:44 AM
udit(udit) used a concussive_grenade 1-21-2021, 7:59:09 AM
udit(udit) used a dead_wolf 1-21-2021, 8:00:06 AM
udit(udit) used a dead_wolf 1-21-2021, 8:00:09 AM
udit(udit) used a armored_tank 1-21-2021, 8:00:37 AM
udit(udit) used a item_grabber 1-21-2021, 8:02:39 AM
udit(udit) used a air_canister 1-21-2021, 8:03:20 AM
udit(udit) used a air_canister 1-21-2021, 8:03:21 AM
udit(udit) used a air_canister 1-21-2021, 8:03:21 AM
udit(udit) used a air_canister 1-21-2021, 8:03:21 AM
udit(udit) used a armored_tank 1-21-2021, 8:03:29 AM
udit(udit) used a pack_of_10_remote_timebomb 1-21-2021, 8:03:50 AM
udit(udit) used a pack_of_10_motion_bomb 1-21-2021, 8:03:57 AM
udit(udit) used a carrier_missile 1-21-2021, 8:05:04 AM
udit(udit) used a carrier_missile 1-21-2021, 8:06:50 AM
udit(udit) used a carrier_missile 1-21-2021, 8:07:10 AM
udit(udit) used a concussive_grenade 1-21-2021, 8:07:27 AM
udit(udit) used a concussive_grenade 1-21-2021, 8:07:28 AM
udit(udit) used a pack_of_20_missile_interceptor 1-21-2021, 8:13:27 AM
udit(udit) used a pack_of_20_bomb_defuser 1-21-2021, 8:13:31 AM
udit(udit) used a pack_of_5_mass_bomb 1-21-2021, 8:13:35 AM
udit(udit) used a pack_of_15_wirebomb 1-21-2021, 8:13:38 AM
udit(udit) used a pack_of_20_fire_extinguisher 1-21-2021, 8:13:41 AM
udit(udit) used a pack_of_20_fire_extinguisher 1-21-2021, 8:13:45 AM
udit(udit) used a pack_of_5_barricade_bomb 1-21-2021, 8:13:48 AM
udit(udit) used a pack_of_15_shield 1-21-2021, 8:13:52 AM
udit(udit) used a fire_extinguisher 1-21-2021, 8:13:57 AM
udit(udit) used a fire_extinguisher 1-21-2021, 8:14:01 AM
udit(udit) used a fire_extinguisher 1-21-2021, 8:14:01 AM
udit(udit) used a shotgun 1-21-2021, 8:34:05 AM
udit(udit) used a shotgun_ammo_pack 1-21-2021, 8:34:30 AM
udit(udit) used a shotgun_ammo_pack 1-21-2021, 8:34:33 AM
udit(udit) used a shotgun_ammo_pack 1-21-2021, 8:34:33 AM
udit(udit) used a shotgun_ammo_pack 1-21-2021, 8:34:33 AM
udit(udit) used a shotgun_ammo_pack 1-21-2021, 8:34:33 AM
udit(udit) used a shotgun_ammo_pack 1-21-2021, 8:34:34 AM
udit(udit) used a shotgun_ammo_pack 1-21-2021, 8:34:34 AM
udit(udit) used a shotgun_ammo_pack 1-21-2021, 8:34:34 AM
udit(udit) used a shotgun_ammo_pack 1-21-2021, 8:34:34 AM
udit(udit) used a shotgun_ammo_pack 1-21-2021, 8:34:34 AM
udit(udit) used a shotgun_ammo_pack 1-21-2021, 8:34:35 AM
udit(udit) used a shotgun_ammo_pack 1-21-2021, 8:34:35 AM
udit(udit) used a shotgun_ammo_pack 1-21-2021, 8:34:35 AM
udit(udit) used a shotgun_ammo_pack 1-21-2021, 8:34:35 AM
udit(udit) used a shotgun_ammo_pack 1-21-2021, 8:34:36 AM
udit(udit) used a shotgun_ammo_pack 1-21-2021, 8:34:36 AM
udit(udit) used a shotgun_ammo_pack 1-21-2021, 8:34:36 AM
udit(udit) used a shotgun_ammo_pack 1-21-2021, 8:34:36 AM
udit(udit) used a shotgun_ammo_pack 1-21-2021, 8:34:37 AM
udit(udit) used a shotgun_ammo_pack 1-21-2021, 8:34:37 AM
udit(udit) used a shotgun_ammo_pack 1-21-2021, 8:34:37 AM
udit(udit) used a shotgun_ammo_pack 1-21-2021, 8:34:37 AM
udit(udit) used a shotgun_ammo_pack 1-21-2021, 8:34:38 AM
udit(udit) used a shotgun_ammo_pack 1-21-2021, 8:34:38 AM
udit(udit) used a shotgun_ammo_pack 1-21-2021, 8:34:38 AM
udit(udit) used a shotgun_ammo_pack 1-21-2021, 8:34:38 AM
udit(udit) used a shotgun_ammo_pack 1-21-2021, 8:34:38 AM
udit(udit) used a shotgun_ammo_pack 1-21-2021, 8:34:39 AM
udit(udit) used a shotgun_ammo_pack 1-21-2021, 8:34:40 AM
udit(udit) used a shotgun_ammo_pack 1-21-2021, 8:34:40 AM
udit(udit) used a shotgun_ammo_pack 1-21-2021, 8:34:40 AM
udit(udit) used a shotgun_ammo_pack 1-21-2021, 8:34:40 AM
udit(udit) used a shotgun_ammo_pack 1-21-2021, 8:34:40 AM
udit(udit) used a shotgun_ammo_pack 1-21-2021, 8:34:41 AM
udit(udit) used a shotgun_ammo_pack 1-21-2021, 8:34:41 AM
udit(udit) used a shotgun_ammo_pack 1-21-2021, 8:34:41 AM
udit(udit) used a shotgun_ammo_pack 1-21-2021, 8:34:41 AM
udit(udit) used a shotgun_ammo_pack 1-21-2021, 8:34:42 AM
udit(udit) used a shotgun_ammo_pack 1-21-2021, 8:34:42 AM
udit(udit) used a shotgun_ammo_pack 1-21-2021, 8:34:42 AM
udit(udit) used a throwing_knives 1-21-2021, 8:37:11 AM
udit(udit) used a m16_assault_rifle 1-21-2021, 8:37:18 AM
udit(udit) used a stp_m4_combat_knife 1-21-2021, 8:37:28 AM
udit(udit) used a stp21_handgun 1-21-2021, 8:37:32 AM
udit(udit) used a shotgun 1-21-2021, 8:37:37 AM
udit(udit) used a rpg7 1-21-2021, 8:37:43 AM
udit(udit) used a awp 1-21-2021, 8:37:49 AM
udit(udit) used a shield 1-21-2021, 8:38:01 AM
udit(udit) used a shield 1-21-2021, 8:38:05 AM
udit(udit) used a shield 1-21-2021, 8:38:09 AM
udit(udit) used a shield 1-21-2021, 8:38:10 AM
udit(udit) used a shield 1-21-2021, 8:38:10 AM
udit(udit) used a shield 1-21-2021, 8:38:10 AM
udit(udit) used a shield 1-21-2021, 8:38:10 AM
udit(udit) used a shield 1-21-2021, 8:38:10 AM
udit(udit) used a shield 1-21-2021, 8:38:11 AM
udit(udit) used a shield 1-21-2021, 8:38:11 AM
udit(udit) used a shield 1-21-2021, 8:38:11 AM
udit(udit) used a shield 1-21-2021, 8:38:11 AM
udit(udit) used a shield 1-21-2021, 8:38:11 AM
udit(udit) used a shield 1-21-2021, 8:38:12 AM
udit(udit) used a shield 1-21-2021, 8:38:12 AM
udit(udit) used a shield 1-21-2021, 8:38:12 AM
udit(udit) used a shield 1-21-2021, 8:38:12 AM
udit(udit) used a shield 1-21-2021, 8:38:13 AM
udit(udit) used a antibiotic 1-21-2021, 8:38:23 AM
udit(udit) used a empty_beer_bottle 1-21-2021, 8:38:40 AM
udit(udit) used a antibiotic 1-21-2021, 8:40:10 AM
udit(udit) used a awp 1-21-2021, 8:40:14 AM
udit(udit) used a coin 1-21-2021, 8:41:16 AM
udit(udit) used a coin 1-21-2021, 8:41:17 AM
udit(udit) used a coin 1-21-2021, 8:41:19 AM
udit(udit) used a aircraft 1-21-2021, 8:42:19 AM
udit(udit) used a toolbox 1-21-2021, 8:42:43 AM
udit(udit) used a toolbox 1-21-2021, 8:42:45 AM
udit(udit) used a toolbox 1-21-2021, 8:42:46 AM
udit(udit) used a helicopter 1-21-2021, 8:43:07 AM
udit(udit) used a shotgun 1-21-2021, 8:43:49 AM
udit(udit) used a awp 1-21-2021, 8:44:02 AM
udit(udit) used a rpg7 1-21-2021, 8:44:09 AM
udit(udit) used a grenade_pack 1-21-2021, 8:45:20 AM
udit(udit) used a guided_missile 1-21-2021, 8:46:00 AM
udit(udit) used a guided_missile 1-21-2021, 8:46:48 AM
udit(udit) used a shield 1-21-2021, 8:47:44 AM
udit(udit) used a shield 1-21-2021, 8:47:45 AM
udit(udit) used a shield 1-21-2021, 8:47:45 AM
udit(udit) used a shield 1-21-2021, 8:47:45 AM
udit(udit) used a shield 1-21-2021, 8:47:45 AM
udit(udit) used a shield 1-21-2021, 8:47:45 AM
udit(udit) used a shield 1-21-2021, 8:47:46 AM
udit(udit) used a shield 1-21-2021, 8:47:46 AM
udit(udit) used a shield 1-21-2021, 8:47:46 AM
udit(udit) used a shield 1-21-2021, 8:47:46 AM
udit(udit) used a shield 1-21-2021, 8:47:47 AM
udit(udit) used a shield 1-21-2021, 8:47:47 AM
udit(udit) used a shield 1-21-2021, 8:47:47 AM
udit(udit) used a shield 1-21-2021, 8:47:47 AM
udit(udit) used a shield 1-21-2021, 8:47:59 AM
udit(udit) used a antibiotic 1-21-2021, 8:48:06 AM
udit(udit) used a pack_of_15_wirebomb 1-21-2021, 8:49:27 AM
udit(udit) used a antibiotic 1-21-2021, 8:51:16 AM
udit(udit) used a health_drink 1-21-2021, 8:51:30 AM
udit(udit) used a health_orb 1-21-2021, 8:52:16 AM
udit(udit) used a pack_of_5_mass_bomb 1-21-2021, 8:53:46 AM
udit(udit) used a gas_mask 1-21-2021, 8:54:29 AM
udit(udit) used a air_canister 1-21-2021, 8:54:37 AM
udit(udit) used a gas_mask 1-21-2021, 8:54:43 AM
udit(udit) used a frequency_scrambler 1-21-2021, 8:55:40 AM
udit(udit) used a robot 1-21-2021, 8:55:47 AM
udit(udit) used a frequency_scrambler 1-21-2021, 8:55:53 AM
udit(udit) used a stone 1-21-2021, 8:57:13 AM
udit(udit) used a shield 1-21-2021, 8:58:10 AM
udit(udit) used a shield 1-21-2021, 8:58:11 AM
udit(udit) used a shield 1-21-2021, 8:58:11 AM
udit(udit) used a shield 1-21-2021, 8:58:12 AM
udit(udit) used a shield 1-21-2021, 8:58:12 AM
udit(udit) used a shield 1-21-2021, 8:58:12 AM
udit(udit) used a shield 1-21-2021, 8:58:12 AM
udit(udit) used a shield 1-21-2021, 8:58:12 AM
udit(udit) used a shield 1-21-2021, 8:58:13 AM
udit(udit) used a shield 1-21-2021, 8:58:13 AM
udit(udit) used a shield 1-21-2021, 8:58:13 AM
udit(udit) used a shield 1-21-2021, 8:58:14 AM
udit(udit) used a shield 1-21-2021, 8:58:14 AM
udit(udit) used a shield 1-21-2021, 8:58:14 AM
udit(udit) used a shield 1-21-2021, 8:58:15 AM
udit(udit) used a shield 1-21-2021, 8:58:15 AM
udit(udit) used a shield 1-21-2021, 8:58:15 AM
udit(udit) used a shield 1-21-2021, 8:58:15 AM
udit(udit) used a shield 1-21-2021, 8:58:15 AM
udit(udit) used a shield 1-21-2021, 8:58:16 AM
udit(udit) used a shield 1-21-2021, 8:58:16 AM
udit(udit) used a antibiotic 1-21-2021, 8:59:00 AM
udit(udit) used a shield 1-21-2021, 8:59:27 AM
udit(udit) used a shield 1-21-2021, 8:59:27 AM
udit(udit) used a shield 1-21-2021, 8:59:29 AM
udit(udit) used a shield 1-21-2021, 8:59:30 AM
udit(udit) used a shield 1-21-2021, 8:59:36 AM
udit(udit) used a shield 1-21-2021, 8:59:37 AM
udit(udit) used a shield 1-21-2021, 8:59:42 AM
udit(udit) used a shield 1-21-2021, 8:59:42 AM
udit(udit) used a shield 1-21-2021, 8:59:42 AM
udit(udit) used a shield 1-21-2021, 8:59:42 AM
udit(udit) used a shield 1-21-2021, 8:59:43 AM
udit(udit) used a shield 1-21-2021, 8:59:43 AM
udit(udit) used a shield 1-21-2021, 8:59:43 AM
udit(udit) used a shield 1-21-2021, 8:59:43 AM
udit(udit) used a shield 1-21-2021, 8:59:44 AM
udit(udit) used a shield 1-21-2021, 8:59:44 AM
udit(udit) used a shield 1-21-2021, 8:59:45 AM
udit(udit) used a shield 1-21-2021, 8:59:45 AM
udit(udit) used a antibiotic 1-21-2021, 9:00:05 AM
udit(udit) used a small_sabre 1-21-2021, 9:02:16 AM
udit(udit) used a bomb_defuser 1-21-2021, 9:04:16 AM
udit(udit) used a bomb_defuser 1-21-2021, 9:04:22 AM
udit(udit) used a bomb_defuser 1-21-2021, 9:04:24 AM
udit(udit) used a bomb_defuser 1-21-2021, 9:04:32 AM
udit(udit) used a pack_of_10_antibiotic 1-21-2021, 9:04:58 AM
udit(udit) used a missile_interceptor 1-21-2021, 9:05:04 AM
udit(udit) used a antibiotic 1-21-2021, 9:06:10 AM
udit(udit) used a antibiotic 1-21-2021, 9:06:11 AM
udit(udit) used a antibiotic 1-21-2021, 9:06:11 AM
udit(udit) used a antibiotic 1-21-2021, 9:06:12 AM
udit(udit) used a antibiotic 1-21-2021, 9:06:16 AM
udit(udit) used a health_drink 1-21-2021, 9:06:29 AM
udit(udit) used a ultrabomb 1-21-2021, 9:07:02 AM
udit(udit) used a health_dart 1-21-2021, 9:07:47 AM
udit(udit) used a shield 1-21-2021, 9:08:06 AM
udit(udit) used a fire_starter 1-21-2021, 9:09:23 AM
udit(udit) used a dead_bear 1-21-2021, 9:09:30 AM
udit(udit) used a dead_bear 1-21-2021, 9:09:32 AM
udit(udit) used a dead_bear 1-21-2021, 9:09:33 AM
udit(udit) used a dead_bear 1-21-2021, 9:09:33 AM
udit(udit) used a dead_bear 1-21-2021, 9:09:34 AM
udit(udit) used a dead_bear 1-21-2021, 9:09:34 AM
udit(udit) used a dead_bear 1-21-2021, 9:09:34 AM
udit(udit) used a dead_bear 1-21-2021, 9:09:34 AM
udit(udit) used a dead_bear 1-21-2021, 9:09:35 AM
udit(udit) used a dead_bear 1-21-2021, 9:09:35 AM
udit(udit) used a dead_bear 1-21-2021, 9:09:35 AM
udit(udit) used a dead_bear 1-21-2021, 9:09:35 AM
udit(udit) used a dead_wolf 1-21-2021, 9:09:44 AM
udit(udit) used a dead_lion 1-21-2021, 9:09:48 AM
udit(udit) used a dead_lion 1-21-2021, 9:09:49 AM
udit(udit) used a dead_lion 1-21-2021, 9:09:50 AM
udit(udit) used a fire_extinguisher 1-21-2021, 9:10:00 AM
udit(udit) used a fire_extinguisher 1-21-2021, 9:10:25 AM
udit(udit) used a fire_extinguisher 1-21-2021, 9:10:25 AM
udit(udit) used a fire_extinguisher 1-21-2021, 9:10:26 AM
udit(udit) used a fire_extinguisher 1-21-2021, 9:10:27 AM
udit(udit) used a fire_extinguisher 1-21-2021, 9:10:27 AM
udit(udit) used a invisibility_shield 1-21-2021, 9:10:51 AM
udit(udit) used a invisibility_shield 1-21-2021, 9:10:54 AM
udit(udit) used a invisibility_shield 1-21-2021, 9:11:16 AM
udit(udit) used a invisibility_shield 1-21-2021, 9:11:25 AM
udit(udit) used a invisibility_shield 1-21-2021, 9:11:27 AM
udit(udit) used a invisibility_shield 1-21-2021, 9:13:20 AM
udit(udit) used a invisibility_shield 1-21-2021, 9:13:59 AM
udit(udit) used a invisibility_shield 1-21-2021, 9:14:14 AM
udit(udit) used a invisibility_shield 1-21-2021, 9:14:19 AM
udit(udit) used a antibiotic 1-21-2021, 9:14:28 AM
udit(udit) used a empty_beer_bottle 1-21-2021, 9:14:51 AM
udit(udit) used a empty_beer_bottle 1-21-2021, 9:14:53 AM
udit(udit) used a remote_gun 1-21-2021, 9:15:54 AM
udit(udit) used a pack_of_5_mass_bomb 1-21-2021, 9:16:26 AM
udit(udit) used a remote_gun_controller 1-21-2021, 9:16:29 AM
udit(udit) used a pack_of_20_missile_interceptor 1-21-2021, 9:17:07 AM
udit(udit) used a warp_box 1-21-2021, 9:17:52 AM
udit(udit) used a invisibility_shield 1-21-2021, 9:19:10 AM
udit(udit) used a item_grabber 1-21-2021, 9:19:15 AM
udit(udit) used a empty_beer_bottle 1-21-2021, 9:19:54 AM
udit(udit) used a empty_beer_bottle 1-21-2021, 9:19:57 AM
udit(udit) used a grenade 1-21-2021, 9:20:44 AM
udit(udit) used a grenade 1-21-2021, 9:20:44 AM
udit(udit) used a grenade 1-21-2021, 9:20:45 AM
udit(udit) used a grenade 1-21-2021, 9:20:45 AM
udit(udit) used a grenade 1-21-2021, 9:20:45 AM
udit(udit) used a grenade 1-21-2021, 9:20:46 AM
udit(udit) used a grenade 1-21-2021, 9:20:46 AM
udit(udit) used a grenade 1-21-2021, 9:20:46 AM
udit(udit) used a grenade 1-21-2021, 9:20:46 AM
udit(udit) used a grenade 1-21-2021, 9:20:47 AM
udit(udit) used a grenade 1-21-2021, 9:20:47 AM
udit(udit) used a grenade 1-21-2021, 9:20:47 AM
udit(udit) used a grenade 1-21-2021, 9:20:48 AM
udit(udit) used a grenade 1-21-2021, 9:20:48 AM
udit(udit) used a grenade 1-21-2021, 9:20:48 AM
udit(udit) used a shield 1-21-2021, 9:21:06 AM
udit(udit) used a antibiotic 1-21-2021, 9:21:12 AM
udit(udit) used a antibiotic 1-21-2021, 9:21:12 AM
udit(udit) used a glock_17_pistol 1-21-2021, 9:23:40 AM
udit(udit) used a pack_of_30_ammo_glock_17_pistol 1-21-2021, 9:24:11 AM
udit(udit) used a pack_of_30_ammo_glock_17_pistol 1-21-2021, 9:24:13 AM
udit(udit) used a pack_of_30_ammo_glock_17_pistol 1-21-2021, 9:24:13 AM
udit(udit) used a pack_of_30_ammo_glock_17_pistol 1-21-2021, 9:24:13 AM
udit(udit) used a pack_of_30_ammo_glock_17_pistol 1-21-2021, 9:24:13 AM
udit(udit) used a pack_of_30_ammo_glock_17_pistol 1-21-2021, 9:24:13 AM
udit(udit) used a pack_of_30_ammo_glock_17_pistol 1-21-2021, 9:24:14 AM
udit(udit) used a pack_of_30_ammo_glock_17_pistol 1-21-2021, 9:24:14 AM
udit(udit) used a pack_of_30_ammo_glock_17_pistol 1-21-2021, 9:24:14 AM
udit(udit) used a pack_of_30_ammo_glock_17_pistol 1-21-2021, 9:24:14 AM
udit(udit) used a pack_of_30_ammo_glock_17_pistol 1-21-2021, 9:24:15 AM
udit(udit) used a pack_of_30_ammo_glock_17_pistol 1-21-2021, 9:24:15 AM
udit(udit) used a pack_of_30_ammo_glock_17_pistol 1-21-2021, 9:24:15 AM
udit(udit) used a pack_of_30_ammo_glock_17_pistol 1-21-2021, 9:24:15 AM
udit(udit) used a pack_of_30_ammo_glock_17_pistol 1-21-2021, 9:24:15 AM
udit(udit) used a pack_of_30_ammo_glock_17_pistol 1-21-2021, 9:24:16 AM
udit(udit) used a pack_of_30_ammo_glock_17_pistol 1-21-2021, 9:24:16 AM
udit(udit) used a pack_of_30_ammo_glock_17_pistol 1-21-2021, 9:24:16 AM
udit(udit) used a beer_bottle 1-21-2021, 9:26:27 AM
udit(udit) used a open_beer_bottle 1-21-2021, 9:26:39 AM
udit(udit) used a open_beer_bottle 1-21-2021, 9:26:44 AM
udit(udit) used a open_beer_bottle 1-21-2021, 9:26:53 AM
udit(udit) used a open_beer_bottle 1-21-2021, 9:26:59 AM
udit(udit) used a open_beer_bottle 1-21-2021, 9:26:59 AM
udit(udit) used a open_beer_bottle 1-21-2021, 9:27:06 AM
udit(udit) used a open_beer_bottle 1-21-2021, 9:27:13 AM
udit(udit) used a coin 1-21-2021, 9:28:09 AM
udit(udit) used a pack_of_30_ammo_glock_17_pistol 1-21-2021, 9:28:45 AM
udit(udit) used a pack_of_30_ammo_glock_17_pistol 1-21-2021, 9:28:46 AM
udit(udit) used a pack_of_30_ammo_glock_17_pistol 1-21-2021, 9:28:46 AM
udit(udit) used a pack_of_30_ammo_glock_17_pistol 1-21-2021, 9:28:47 AM
udit(udit) used a pack_of_30_ammo_glock_17_pistol 1-21-2021, 9:28:47 AM
udit(udit) used a pack_of_30_ammo_glock_17_pistol 1-21-2021, 9:28:47 AM
udit(udit) used a pack_of_30_ammo_glock_17_pistol 1-21-2021, 9:28:47 AM
udit(udit) used a pack_of_30_ammo_glock_17_pistol 1-21-2021, 9:28:48 AM
udit(udit) used a pack_of_30_ammo_glock_17_pistol 1-21-2021, 9:28:48 AM
udit(udit) used a pack_of_30_ammo_glock_17_pistol 1-21-2021, 9:28:48 AM
udit(udit) used a pack_of_30_ammo_glock_17_pistol 1-21-2021, 9:28:48 AM
udit(udit) used a pack_of_30_ammo_glock_17_pistol 1-21-2021, 9:28:48 AM
udit(udit) used a pack_of_30_ammo_glock_17_pistol 1-21-2021, 9:28:49 AM
udit(udit) used a pack_of_30_ammo_glock_17_pistol 1-21-2021, 9:28:49 AM
udit(udit) used a pack_of_30_ammo_glock_17_pistol 1-21-2021, 9:28:49 AM
udit(udit) used a pack_of_30_ammo_glock_17_pistol 1-21-2021, 9:28:49 AM
udit(udit) used a pack_of_30_ammo_glock_17_pistol 1-21-2021, 9:28:49 AM
udit(udit) used a pack_of_30_ammo_glock_17_pistol 1-21-2021, 9:28:50 AM
udit(udit) used a pack_of_30_ammo_glock_17_pistol 1-21-2021, 9:28:50 AM
udit(udit) used a pack_of_30_ammo_glock_17_pistol 1-21-2021, 9:28:50 AM
udit(udit) used a pack_of_30_ammo_glock_17_pistol 1-21-2021, 9:28:50 AM
udit(udit) used a pack_of_30_ammo_glock_17_pistol 1-21-2021, 9:28:51 AM
udit(udit) used a chocolate 1-21-2021, 9:30:08 AM
udit(udit) used a antibiotic 1-21-2021, 9:30:34 AM
udit(udit) used a raisin_pack 1-21-2021, 9:33:21 AM
udit(udit) used a raisin 1-21-2021, 9:33:29 AM
udit(udit) used a raisin 1-21-2021, 9:33:31 AM
udit(udit) used a raisin 1-21-2021, 9:33:32 AM
udit(udit) used a raisin 1-21-2021, 9:33:32 AM
udit(udit) used a raisin 1-21-2021, 9:33:34 AM
udit(udit) used a raisin 1-21-2021, 9:33:41 AM
udit(udit) used a apple_juice 1-21-2021, 9:33:45 AM
udit(udit) used a apple_juice 1-21-2021, 9:33:50 AM
udit(udit) used a opened_apple_juice 1-21-2021, 9:33:56 AM
udit(udit) used a opened_apple_juice 1-21-2021, 9:33:57 AM
udit(udit) used a opened_apple_juice 1-21-2021, 9:33:59 AM
udit(udit) used a opened_apple_juice 1-21-2021, 9:34:03 AM
udit(udit) used a milk 1-21-2021, 9:34:17 AM
udit(udit) used a opened_apple_juice 1-21-2021, 9:34:28 AM
udit(udit) used a cola 1-21-2021, 9:34:38 AM
udit(udit) used a cola 1-21-2021, 9:34:40 AM
udit(udit) used a apple 1-21-2021, 9:34:53 AM
udit(udit) used a chocolate 1-21-2021, 9:35:01 AM
udit(udit) used a chocolate 1-21-2021, 9:35:04 AM
udit(udit) used a health_drink 1-21-2021, 9:35:23 AM
udit(udit) used a raisin 1-21-2021, 9:36:01 AM
udit(udit) used a raisin 1-21-2021, 9:36:02 AM
udit(udit) used a raisin 1-21-2021, 9:36:02 AM
udit(udit) used a raisin 1-21-2021, 9:36:03 AM
udit(udit) used a raisin 1-21-2021, 9:36:03 AM
udit(udit) used a raisin 1-21-2021, 9:36:04 AM
udit(udit) used a raisin 1-21-2021, 9:36:05 AM
udit(udit) used a raisin 1-21-2021, 9:36:05 AM
udit(udit) used a raisin 1-21-2021, 9:36:06 AM
udit(udit) used a raisin 1-21-2021, 9:36:07 AM
udit(udit) used a raisin 1-21-2021, 9:36:08 AM
udit(udit) used a raisin 1-21-2021, 9:36:10 AM
udit(udit) used a beer_bottle 1-21-2021, 9:36:17 AM
udit(udit) used a raisin 1-21-2021, 9:36:25 AM
udit(udit) used a open_beer_bottle 1-21-2021, 9:36:30 AM
udit(udit) used a raisin 1-21-2021, 9:36:34 AM
udit(udit) used a raisin 1-21-2021, 9:36:36 AM
udit(udit) used a open_beer_bottle 1-21-2021, 9:36:41 AM
udit(udit) used a open_beer_bottle 1-21-2021, 9:36:42 AM
udit(udit) used a raisin 1-21-2021, 9:36:47 AM
udit(udit) used a open_beer_bottle 1-21-2021, 9:36:52 AM
udit(udit) used a open_beer_bottle 1-21-2021, 9:37:04 AM
udit(udit) used a raisin 1-21-2021, 9:37:11 AM
udit(udit) used a raisin 1-21-2021, 9:37:30 AM
udit(udit) used a antibiotic 1-21-2021, 9:39:05 AM
udit(udit) used a invisibility_shield 1-21-2021, 9:39:18 AM
udit(udit) used a shield 1-21-2021, 9:39:38 AM
udit(udit) used a shield 1-21-2021, 9:39:38 AM
udit(udit) used a shield 1-21-2021, 9:39:39 AM
udit(udit) used a shield 1-21-2021, 9:39:39 AM
udit(udit) used a shield 1-21-2021, 9:39:39 AM
udit(udit) used a shield 1-21-2021, 9:39:39 AM
udit(udit) used a shield 1-21-2021, 9:39:39 AM
udit(udit) used a shield 1-21-2021, 9:39:40 AM
udit(udit) used a shield 1-21-2021, 9:39:40 AM
udit(udit) used a shield 1-21-2021, 9:39:40 AM
udit(udit) used a shield 1-21-2021, 9:39:40 AM
udit(udit) used a shield 1-21-2021, 9:39:40 AM
udit(udit) used a shield 1-21-2021, 9:39:41 AM
udit(udit) used a shield 1-21-2021, 9:39:41 AM
udit(udit) used a shield 1-21-2021, 9:39:41 AM
udit(udit) used a shield 1-21-2021, 9:39:41 AM
udit(udit) used a shield 1-21-2021, 9:39:41 AM
udit(udit) used a shield 1-21-2021, 9:39:42 AM
udit(udit) used a shield 1-21-2021, 9:39:42 AM
udit(udit) used a shield 1-21-2021, 9:39:42 AM
udit(udit) used a shield 1-21-2021, 9:39:42 AM
udit(udit) used a shield 1-21-2021, 9:39:43 AM
udit(udit) used a shield 1-21-2021, 9:39:43 AM
udit(udit) used a shield 1-21-2021, 9:39:43 AM
udit(udit) used a shield 1-21-2021, 9:39:43 AM
udit(udit) used a shield 1-21-2021, 9:39:43 AM
udit(udit) used a shield 1-21-2021, 9:39:44 AM
udit(udit) used a shield 1-21-2021, 9:39:44 AM
udit(udit) used a shield 1-21-2021, 9:39:44 AM
udit(udit) used a shield 1-21-2021, 9:39:45 AM
udit(udit) used a invisibility_shield 1-21-2021, 9:39:55 AM
udit(udit) used a antibiotic 1-21-2021, 9:40:53 AM
udit(udit) used a invisibility_shield 1-21-2021, 9:42:01 AM
udit(udit) used a invisibility_shield 1-21-2021, 9:42:19 AM
udit(udit) used a sky_436_mine 1-21-2021, 9:49:08 AM