
WhiteDevil (WhiteDevil) said read message of the day 1-21-2021, 11:19:20 AM
WhiteDevil (WhiteDevil) said ha 1-21-2021, 11:23:06 AM
WhiteDevil (WhiteDevil) said the ping took 590 ms 1-21-2021, 11:25:51 AM
WhiteDevil (WhiteDevil) said for me? 1-21-2021, 11:26:05 AM
WhiteDevil (WhiteDevil) said a bloody corpse of rathee now lies on dangerous place, thanks to the laws of gravity 1-21-2021, 11:28:11 AM
WhiteDevil (WhiteDevil) said the ping took 809 ms 1-21-2021, 11:30:35 AM
WhiteDevil (WhiteDevil) said you are level 1 with 0 experience. your next level requireds 125 experience 1-21-2021, 11:34:43 AM
WhiteDevil (WhiteDevil) said wao 1-21-2021, 11:35:00 AM
WhiteDevil (WhiteDevil) said not good now 1-21-2021, 11:47:44 AM
WhiteDevil (WhiteDevil) said very lag 1-21-2021, 11:47:49 AM
WhiteDevil (WhiteDevil) said i pressed 8 times arrow but it crassed only4 1-21-2021, 11:48:15 AM
WhiteDevil (WhiteDevil) said fuck laggy bgt 1-21-2021, 11:48:49 AM
WhiteDevil (WhiteDevil) said s 1-21-2021, 11:49:04 AM
WhiteDevil (WhiteDevil) said no its laggy 1-21-2021, 11:49:22 AM
WhiteDevil (WhiteDevil) said your very nearest to this server so u can;t face lag 1-21-2021, 11:49:54 AM
WhiteDevil (WhiteDevil) said then 1-21-2021, 11:50:13 AM
WhiteDevil (WhiteDevil) said whats your ping 1-21-2021, 11:50:22 AM
WhiteDevil (WhiteDevil) said the ping took 264 ms 1-21-2021, 11:50:38 AM
WhiteDevil (WhiteDevil) said ok leave it 1-21-2021, 11:50:53 AM
WhiteDevil (WhiteDevil) said guys leave it 1-21-2021, 11:51:10 AM
WhiteDevil (WhiteDevil) said take game as a game 1-21-2021, 11:51:31 AM
WhiteDevil (WhiteDevil) said face north east 1-21-2021, 11:51:49 AM
WhiteDevil (WhiteDevil) said then check camera 1-21-2021, 11:52:06 AM
WhiteDevil (WhiteDevil) said ha 1-21-2021, 11:54:48 AM
WhiteDevil (WhiteDevil) said gogogogogogogogogogo 1-21-2021, 11:55:01 AM
WhiteDevil (WhiteDevil) said admin bro 1-21-2021, 11:55:26 AM
WhiteDevil (WhiteDevil) said what we will get in the weapon challenge map 1-21-2021, 11:55:46 AM
WhiteDevil (WhiteDevil) said ok come bro 1-21-2021, 11:56:07 AM
WhiteDevil (WhiteDevil) said guide me 1-21-2021, 11:56:11 AM
WhiteDevil (WhiteDevil) said i am going to die 1-21-2021, 11:57:59 AM
WhiteDevil (WhiteDevil) said rathee 1-21-2021, 12:03:45 PM
WhiteDevil (WhiteDevil) said rathee 1-21-2021, 12:04:36 PM
WhiteDevil (WhiteDevil) said call me 1-21-2021, 12:04:41 PM
WhiteDevil (WhiteDevil) said rathee call me 1-21-2021, 12:05:15 PM