
valentin logged in. 10-7-2020, 2:24:02 PM
homutayzer logged in. 10-7-2020, 2:34:31 PM
vinni logged in. 10-7-2020, 2:39:40 PM
homutayzer logged in. 10-7-2020, 2:40:41 PM
gleb logged in. 10-7-2020, 5:47:54 PM
gleb logged in. 10-7-2020, 6:11:52 PM
gleb logged in. 10-7-2020, 6:20:46 PM
ali logged in. 10-7-2020, 6:23:26 PM
Lyutsifer logged in. 10-7-2020, 7:10:36 PM
Lyutsifer logged in. 10-7-2020, 7:13:11 PM
Lyutsifer logged in. 10-7-2020, 7:14:22 PM
karatel logged in. 10-7-2020, 7:16:04 PM
karatel logged in. 10-7-2020, 7:19:36 PM
Lyutsifer logged in. 10-7-2020, 7:19:52 PM
Lyutsifer logged in. 10-7-2020, 7:31:40 PM
Lyutsifer logged in. 10-7-2020, 7:34:41 PM
Lyutsifer logged in. 10-7-2020, 7:36:11 PM
ramil logged in. 10-7-2020, 7:58:29 PM
gleb logged in. 10-7-2020, 8:13:31 PM
ramil logged in. 10-7-2020, 8:27:47 PM
sergytv logged in. 10-7-2020, 9:00:23 PM