
minzaw(minzaw) used a mlk_207_combat_rifle 1-20-2021, 6:53:26 AM
minzaw(minzaw) used a tk_ultra_health_potion 1-20-2021, 6:53:35 AM
minzaw(minzaw) used a tk_ultra_health_potion 1-20-2021, 6:55:24 AM
minzaw(minzaw) used a shield 1-20-2021, 6:55:40 AM
minzaw(minzaw) used a shield 1-20-2021, 6:55:41 AM
minzaw(minzaw) used a shield 1-20-2021, 6:55:41 AM
minzaw(minzaw) used a shield 1-20-2021, 6:55:43 AM
minzaw(minzaw) used a shield 1-20-2021, 6:55:43 AM
minzaw(minzaw) used a shield 1-20-2021, 6:55:43 AM
minzaw(minzaw) used a shield 1-20-2021, 6:55:43 AM
minzaw(minzaw) used a shield 1-20-2021, 6:55:44 AM
minzaw(minzaw) used a shield 1-20-2021, 6:55:45 AM
minzaw(minzaw) used a shield 1-20-2021, 6:55:46 AM
minzaw(minzaw) used a shield 1-20-2021, 6:55:47 AM
minzaw(minzaw) used a shield 1-20-2021, 6:55:48 AM
minzaw(minzaw) used a shield 1-20-2021, 6:55:48 AM
minzaw(minzaw) used a shield 1-20-2021, 6:55:49 AM
minzaw(minzaw) used a shield 1-20-2021, 6:55:50 AM
minzaw(minzaw) used a shield 1-20-2021, 6:55:50 AM
minzaw(minzaw) used a shield 1-20-2021, 6:55:50 AM
minzaw(minzaw) used a shield 1-20-2021, 6:55:50 AM
minzaw(minzaw) used a shield 1-20-2021, 6:55:52 AM
minzaw(minzaw) used a shield 1-20-2021, 6:55:52 AM
minzaw(minzaw) used a shield 1-20-2021, 6:55:52 AM
minzaw(minzaw) used a shield 1-20-2021, 6:55:53 AM
minzaw(minzaw) used a shield 1-20-2021, 6:55:54 AM
minzaw(minzaw) used a shield 1-20-2021, 6:57:55 AM
minzaw(minzaw) used a shield 1-20-2021, 6:57:56 AM
minzaw(minzaw) used a shield 1-20-2021, 6:57:56 AM
minzaw(minzaw) used a shield 1-20-2021, 6:57:56 AM
minzaw(minzaw) used a shield 1-20-2021, 6:57:56 AM
minzaw(minzaw) used a shield 1-20-2021, 6:57:56 AM
minzaw(minzaw) used a shield 1-20-2021, 6:57:57 AM
minzaw(minzaw) used a shield 1-20-2021, 6:57:57 AM
minzaw(minzaw) used a shield 1-20-2021, 6:57:57 AM
minzaw(minzaw) used a shield 1-20-2021, 6:57:57 AM
minzaw(minzaw) used a shield 1-20-2021, 6:57:58 AM
minzaw(minzaw) used a shield 1-20-2021, 6:57:58 AM
minzaw(minzaw) used a shield 1-20-2021, 6:57:58 AM
minzaw(minzaw) used a shield 1-20-2021, 6:57:58 AM
minzaw(minzaw) used a shield 1-20-2021, 6:57:58 AM
minzaw(minzaw) used a shield 1-20-2021, 6:58:00 AM
minzaw(minzaw) used a shield 1-20-2021, 6:58:00 AM
minzaw(minzaw) used a shield 1-20-2021, 6:58:00 AM
minzaw(minzaw) used a shield 1-20-2021, 6:58:01 AM
minzaw(minzaw) used a shield 1-20-2021, 6:58:02 AM
minzaw(minzaw) used a shield 1-20-2021, 6:58:02 AM
minzaw(minzaw) used a shield 1-20-2021, 6:58:02 AM
minzaw(minzaw) used a shield 1-20-2021, 6:58:03 AM
minzaw(minzaw) used a shield 1-20-2021, 6:58:04 AM
minzaw(minzaw) used a shield 1-20-2021, 6:58:04 AM
minzaw(minzaw) used a shield 1-20-2021, 6:58:05 AM
minzaw(minzaw) used a shield 1-20-2021, 6:58:05 AM
minzaw(minzaw) used a tk_ultra_health_potion 1-20-2021, 6:58:15 AM
minzaw(minzaw) used a tk_ultra_health_potion 1-20-2021, 6:58:15 AM
minzaw(minzaw) used a turret 1-20-2021, 4:39:26 PM
minzaw(minzaw) used a tk_ultra_health_potion 1-20-2021, 4:41:04 PM
minzaw(minzaw) used a beer_bottle 1-20-2021, 4:41:14 PM
minzaw(minzaw) used a open_beer_bottle 1-20-2021, 4:41:19 PM
minzaw(minzaw) used a open_beer_bottle 1-20-2021, 4:41:19 PM
minzaw(minzaw) used a open_beer_bottle 1-20-2021, 4:41:20 PM
minzaw(minzaw) used a open_beer_bottle 1-20-2021, 4:41:20 PM
minzaw(minzaw) used a open_beer_bottle 1-20-2021, 4:41:21 PM
minzaw(minzaw) used a open_beer_bottle 1-20-2021, 4:41:21 PM
minzaw(minzaw) used a open_beer_bottle 1-20-2021, 4:41:21 PM
minzaw(minzaw) used a open_beer_bottle 1-20-2021, 4:41:22 PM
minzaw(minzaw) used a open_beer_bottle 1-20-2021, 4:41:22 PM
minzaw(minzaw) used a open_beer_bottle 1-20-2021, 4:41:22 PM
minzaw(minzaw) used a open_beer_bottle 1-20-2021, 4:41:23 PM
minzaw(minzaw) used a open_beer_bottle 1-20-2021, 4:41:23 PM
minzaw(minzaw) used a open_beer_bottle 1-20-2021, 4:41:23 PM
minzaw(minzaw) used a open_beer_bottle 1-20-2021, 4:41:24 PM
minzaw(minzaw) used a open_beer_bottle 1-20-2021, 4:41:24 PM
minzaw(minzaw) used a open_beer_bottle 1-20-2021, 4:41:24 PM
minzaw(minzaw) used a open_beer_bottle 1-20-2021, 4:41:25 PM
minzaw(minzaw) used a open_beer_bottle 1-20-2021, 4:41:25 PM
minzaw(minzaw) used a open_beer_bottle 1-20-2021, 4:41:26 PM
minzaw(minzaw) used a open_beer_bottle 1-20-2021, 4:41:26 PM
minzaw(minzaw) used a open_beer_bottle 1-20-2021, 4:41:26 PM
minzaw(minzaw) used a open_beer_bottle 1-20-2021, 4:41:27 PM
minzaw(minzaw) used a open_beer_bottle 1-20-2021, 4:41:27 PM
minzaw(minzaw) used a open_beer_bottle 1-20-2021, 4:41:28 PM
minzaw(minzaw) used a open_beer_bottle 1-20-2021, 4:41:28 PM
minzaw(minzaw) used a open_beer_bottle 1-20-2021, 4:41:28 PM
minzaw(minzaw) used a open_beer_bottle 1-20-2021, 4:41:29 PM
minzaw(minzaw) used a open_beer_bottle 1-20-2021, 4:41:29 PM
minzaw(minzaw) used a open_beer_bottle 1-20-2021, 4:41:30 PM
minzaw(minzaw) used a open_beer_bottle 1-20-2021, 4:41:30 PM
minzaw(minzaw) used a open_beer_bottle 1-20-2021, 4:41:30 PM
minzaw(minzaw) used a open_beer_bottle 1-20-2021, 4:41:31 PM
minzaw(minzaw) used a open_beer_bottle 1-20-2021, 4:41:31 PM
minzaw(minzaw) used a open_beer_bottle 1-20-2021, 4:41:31 PM
minzaw(minzaw) used a open_beer_bottle 1-20-2021, 4:41:32 PM
minzaw(minzaw) used a open_beer_bottle 1-20-2021, 4:41:32 PM
minzaw(minzaw) used a open_beer_bottle 1-20-2021, 4:41:32 PM
minzaw(minzaw) used a open_beer_bottle 1-20-2021, 4:41:33 PM
minzaw(minzaw) used a open_beer_bottle 1-20-2021, 4:41:33 PM
minzaw(minzaw) used a open_beer_bottle 1-20-2021, 4:41:33 PM
minzaw(minzaw) used a open_beer_bottle 1-20-2021, 4:41:34 PM
minzaw(minzaw) used a open_beer_bottle 1-20-2021, 4:41:34 PM
minzaw(minzaw) used a open_beer_bottle 1-20-2021, 4:41:35 PM
minzaw(minzaw) used a open_beer_bottle 1-20-2021, 4:41:35 PM
minzaw(minzaw) used a open_beer_bottle 1-20-2021, 4:41:35 PM
minzaw(minzaw) used a open_beer_bottle 1-20-2021, 4:41:36 PM
minzaw(minzaw) used a open_beer_bottle 1-20-2021, 4:41:36 PM
minzaw(minzaw) used a open_beer_bottle 1-20-2021, 4:41:37 PM
minzaw(minzaw) used a open_beer_bottle 1-20-2021, 4:41:37 PM
minzaw(minzaw) used a open_beer_bottle 1-20-2021, 4:41:37 PM
minzaw(minzaw) used a open_beer_bottle 1-20-2021, 4:41:38 PM
minzaw(minzaw) used a mlk_207_combat_rifle 1-20-2021, 7:20:36 PM
minzaw(minzaw) used a tk_ultra_health_potion 1-20-2021, 7:21:21 PM
minzaw(minzaw) used a tk_ultra_health_potion 1-20-2021, 7:21:29 PM
minzaw(minzaw) used a shield 1-20-2021, 7:21:39 PM
minzaw(minzaw) used a shield 1-20-2021, 7:21:40 PM
minzaw(minzaw) used a shield 1-20-2021, 7:21:40 PM
minzaw(minzaw) used a shield 1-20-2021, 7:21:41 PM
minzaw(minzaw) used a shield 1-20-2021, 7:21:42 PM
minzaw(minzaw) used a shield 1-20-2021, 7:21:42 PM
minzaw(minzaw) used a shield 1-20-2021, 7:21:43 PM
minzaw(minzaw) used a shield 1-20-2021, 7:21:43 PM
minzaw(minzaw) used a shield 1-20-2021, 7:21:44 PM
minzaw(minzaw) used a shield 1-20-2021, 7:21:44 PM
minzaw(minzaw) used a shield 1-20-2021, 7:21:44 PM
minzaw(minzaw) used a shield 1-20-2021, 7:21:45 PM
minzaw(minzaw) used a shield 1-20-2021, 7:21:45 PM
minzaw(minzaw) used a shield 1-20-2021, 7:21:45 PM
minzaw(minzaw) used a shield 1-20-2021, 7:21:45 PM
minzaw(minzaw) used a shield 1-20-2021, 7:21:45 PM
minzaw(minzaw) used a shield 1-20-2021, 7:21:46 PM
minzaw(minzaw) used a shield 1-20-2021, 7:21:46 PM
minzaw(minzaw) used a shield 1-20-2021, 7:21:46 PM
minzaw(minzaw) used a shield 1-20-2021, 7:21:46 PM
minzaw(minzaw) used a shield 1-20-2021, 7:21:46 PM
minzaw(minzaw) used a shield 1-20-2021, 7:21:47 PM
minzaw(minzaw) used a shield 1-20-2021, 7:21:47 PM
minzaw(minzaw) used a shield 1-20-2021, 7:21:47 PM
minzaw(minzaw) used a shield 1-20-2021, 7:21:48 PM
minzaw(minzaw) used a shield 1-20-2021, 7:21:48 PM
minzaw(minzaw) used a shield 1-20-2021, 7:21:48 PM
minzaw(minzaw) used a tk_ultra_health_potion 1-20-2021, 7:23:18 PM
minzaw(minzaw) used a tk_ultra_health_potion 1-20-2021, 7:24:48 PM
minzaw(minzaw) used a mlk_207_combat_rifle 1-20-2021, 7:25:31 PM
minzaw(minzaw) used a mlk_207_combat_rifle 1-20-2021, 7:25:42 PM
minzaw(minzaw) used a mlk_207_combat_rifle 1-20-2021, 7:41:46 PM
minzaw(minzaw) used a tk_ultra_health_potion 1-20-2021, 7:44:04 PM
minzaw(minzaw) used a bullet_bomb 1-20-2021, 7:45:32 PM
minzaw(minzaw) used a bullet_bomb 1-20-2021, 7:45:33 PM
minzaw(minzaw) used a bullet_bomb 1-20-2021, 7:45:33 PM
minzaw(minzaw) used a bullet_bomb 1-20-2021, 7:45:33 PM