
bolgelo (bolgelo) sent /garbage 1-23-2021, 11:35:52 AM
bolgelo (bolgelo) sent /chatrash 1-23-2021, 11:35:54 AM
bolgelo (bolgelo) sent /gnstart 1-23-2021, 11:35:56 AM
bolgelo (bolgelo) sent /chartrash 1-23-2021, 11:36:01 AM
bolgelo (bolgelo) sent /killall 1-23-2021, 11:36:03 AM
bolgelo (bolgelo) sent /disablerobots 1-23-2021, 11:36:07 AM
bolgelo (bolgelo) sent /enablerobots 1-23-2021, 11:36:10 AM
bolgelo (bolgelo) sent /r ah 1-23-2021, 11:36:20 AM
bolgelo (bolgelo) sent /r so 1-23-2021, 11:36:28 AM
bolgelo (bolgelo) sent /r and 1-23-2021, 11:36:47 AM
bolgelo (bolgelo) sent /r lol and 1-23-2021, 11:37:08 AM
bolgelo (bolgelo) sent /move ??????? 0 0 5 1-23-2021, 11:38:20 AM
bolgelo (bolgelo) sent /move ??????? 0 0 5 1-23-2021, 11:38:23 AM
bolgelo (bolgelo) sent /move athee 0 0 5  1-23-2021, 11:38:28 AM
bolgelo (bolgelo) sent /chars 1-23-2021, 11:39:26 AM
bolgelo (bolgelo) sent /where blindgamers14 1-23-2021, 11:40:13 AM
bolgelo (bolgelo) sent /where blindgamers14 1-23-2021, 11:41:05 AM
bolgelo (bolgelo) sent /lchat athee, rathee, aaaaa 1-23-2021, 11:41:25 AM
bolgelo (bolgelo) sent /lchat lol 1-23-2021, 11:42:03 AM
bolgelo (bolgelo) sent /ip blindgamers14 1-23-2021, 11:42:13 AM
bolgelo (bolgelo) sent /lchat wau 1-23-2021, 11:42:53 AM
bolgelo (bolgelo) sent /lchat what weather in your cantry now, blind gamer? 1-23-2021, 11:43:08 AM
bolgelo (bolgelo) sent /lchat i will not tell your cantry, but 1-23-2021, 11:43:33 AM
bolgelo (bolgelo) sent /lchat just interesting, lol 1-23-2021, 11:43:40 AM
bolgelo (bolgelo) sent /lchat aha 1-23-2021, 11:43:52 AM
bolgelo (bolgelo) sent /lchat lol i am always checkiing 1-23-2021, 11:44:10 AM
bolgelo (bolgelo) sent /lchat /ip blindgamers14 1-23-2021, 11:44:15 AM
bolgelo (bolgelo) sent /lchat lol dont worry 1-23-2021, 11:44:26 AM
bolgelo (bolgelo) sent /lchat i will not tell to other 1-23-2021, 11:44:32 AM
bolgelo (bolgelo) sent /pm blindgamers14 just interesting du you know guy with a nickname danysany 1-23-2021, 11:44:56 AM
bolgelo (bolgelo) sent /r s? 1-23-2021, 11:45:55 AM
bolgelo (bolgelo) sent /r what s? 1-23-2021, 11:45:57 AM
bolgelo (bolgelo) sent /r and you can press shift v for reply 1-23-2021, 11:46:08 AM
bolgelo (bolgelo) sent /r maybe you are danysanny? roooofl 1-23-2021, 11:46:21 AM
bolgelo (bolgelo) sent /r kk, rofl, 1-23-2021, 11:46:34 AM
bolgelo (bolgelo) sent /countbombs 1-23-2021, 11:47:23 AM
bolgelo (bolgelo) sent /inv 1-23-2021, 11:48:01 AM
bolgelo (bolgelo) sent /shockwave 1-23-2021, 11:48:21 AM
bolgelo (bolgelo) sent /inv 1-23-2021, 11:48:59 AM
bolgelo (bolgelo) sent /inv 1-23-2021, 11:49:05 AM
bolgelo (bolgelo) sent /countbombs 1-23-2021, 11:49:15 AM
bolgelo (bolgelo) sent /go 0 30 0 store 1-23-2021, 11:49:22 AM
bolgelo (bolgelo) sent /inv 1-23-2021, 11:49:23 AM
bolgelo (bolgelo) sent /s45 1-23-2021, 11:50:37 AM
bolgelo (bolgelo) sent /lchat super vitamin.ru 1-23-2021, 11:51:13 AM
bolgelo (bolgelo) sent /lchat roooofl stupid radio 1-23-2021, 11:51:21 AM
bolgelo (bolgelo) sent /lchat what duyou mean 1-23-2021, 11:51:36 AM
bolgelo (bolgelo) sent /lchat what du you mean* 1-23-2021, 11:51:39 AM
bolgelo (bolgelo) sent /lchat what du you meaaaaaaaaaaan 1-23-2021, 11:51:57 AM
bolgelo (bolgelo) sent /lchat sergeant roflgamer:   what is that 1-23-2021, 11:52:06 AM
bolgelo (bolgelo) sent /lchat aaa 1-23-2021, 11:52:14 AM
bolgelo (bolgelo) sent /lchat that was just ad in radio 1-23-2021, 11:52:18 AM
bolgelo (bolgelo) sent /lchat gosh, i want add other radio here 1-23-2021, 11:52:46 AM
bolgelo (bolgelo) sent /lchat but i cant find link of that cool radio 1-23-2021, 11:52:54 AM
bolgelo (bolgelo) sent /lchat UK Top 40 (128) (181.fm, США, Общие) 1-23-2021, 11:53:17 AM
bolgelo (bolgelo) sent /lchat you mean сша общее 1-23-2021, 11:53:39 AM
bolgelo (bolgelo) sent /lchat russian 1-23-2021, 11:53:47 AM
bolgelo (bolgelo) sent /lchat thats radio box 1-23-2021, 11:53:52 AM
bolgelo (bolgelo) sent /lchat UK Top 40 (128) (181.fm, United States, General) 1-23-2021, 11:53:58 AM
bolgelo (bolgelo) sent /lchat i can listen radios therer 1-23-2021, 11:55:47 AM
bolgelo (bolgelo) sent /lchat radios there* 1-23-2021, 11:55:52 AM
bolgelo (bolgelo) sent /notify the sun has reached the middle of the sky, indicating that it is ball! 1-23-2021, 11:56:09 AM
bolgelo (bolgelo) sent /lchat there i can listen all radios from all cantrys 1-23-2021, 11:56:30 AM
bolgelo (bolgelo) sent /lchat Radio Dangdut (128) 1-23-2021, 11:56:54 AM
bolgelo (bolgelo) sent /lchat PARAMUDA FM (48) 1-23-2021, 11:57:01 AM
bolgelo (bolgelo) sent /lchat mast-fm-103 (48) 1-23-2021, 11:57:19 AM
bolgelo (bolgelo) sent /lchat roflrofl 1-23-2021, 11:57:37 AM
bolgelo (bolgelo) sent /lchat there is so bad raaadiiiiioooooooo 1-23-2021, 11:57:52 AM
bolgelo (bolgelo) sent /lchat in pakistan i mean 1-23-2021, 11:57:57 AM
bolgelo (bolgelo) sent /lchat wait wait 1-23-2021, 11:58:15 AM
bolgelo (bolgelo) sent /items 1-23-2021, 12:00:43 PM
bolgelo (bolgelo) sent /notify 3 items are currently spawned. 1-23-2021, 12:00:48 PM
bolgelo (bolgelo) sent /adminhelp 1-23-2021, 12:00:57 PM
bolgelo (bolgelo) sent /spawn_obj 0 25 0 store ball 10 1-23-2021, 12:02:03 PM
bolgelo (bolgelo) sent /inv 1-23-2021, 12:02:08 PM
bolgelo (bolgelo) sent /gnstart 1-23-2021, 12:22:38 PM
bolgelo (bolgelo) sent /gnsubmit 16 1-23-2021, 12:22:40 PM
bolgelo (bolgelo) sent /lchat gogogogogog 1-23-2021, 12:23:07 PM
bolgelo (bolgelo) sent /lchat balls to all 1-23-2021, 12:23:19 PM
bolgelo (bolgelo) sent /teamcancel 1-23-2021, 12:23:42 PM
bolgelo (bolgelo) sent /lchat lol 1-23-2021, 12:24:08 PM
bolgelo (bolgelo) sent /go 29 29 40 1-23-2021, 12:24:15 PM
bolgelo (bolgelo) sent /inv 1-23-2021, 12:24:18 PM
bolgelo (bolgelo) sent /pm sgamer i want in someone's team, maybe you want invite me? 1-23-2021, 12:27:24 PM
bolgelo (bolgelo) sent /r no 1-23-2021, 12:28:30 PM
bolgelo (bolgelo) sent /r and be cultured! you didn't even say please! 1-23-2021, 12:28:54 PM
bolgelo (bolgelo) sent /jointeam masters masters123 1-23-2021, 12:32:08 PM
bolgelo (bolgelo) sent /garbage 1-23-2021, 12:38:00 PM
bolgelo (bolgelo) sent /chartrash 1-23-2021, 12:38:03 PM
bolgelo (bolgelo) sent /where teja 1-23-2021, 12:38:20 PM
bolgelo (bolgelo) sent /where sgamer 1-23-2021, 12:38:58 PM
bolgelo (bolgelo) sent /where sgamer 1-23-2021, 12:39:32 PM
bolgelo (bolgelo) sent /where rathee 1-23-2021, 12:41:41 PM
bolgelo (bolgelo) sent /go 0 100 0  1-23-2021, 12:43:48 PM
bolgelo (bolgelo) sent /suicide 1-23-2021, 12:43:51 PM
bolgelo (bolgelo) sent /nickname grand father 1-23-2021, 12:51:19 PM
grand father (bolgelo) sent /garbage 1-23-2021, 12:54:23 PM
grand father (bolgelo) sent /pm killer3000 can you invite me in your team 1-23-2021, 1:00:39 PM
grand father (bolgelo) sent /pm killer3000 i want in your team, lol 1-23-2021, 1:00:48 PM
grand father (bolgelo) sent /give bolgelo bottle_bomb 100000 1-23-2021, 1:01:11 PM
grand father (bolgelo) sent /jointeam masters killer21 1-23-2021, 1:01:27 PM
grand father (bolgelo) sent /t yo 1-23-2021, 1:01:33 PM
grand father (bolgelo) sent /t well 1-23-2021, 1:02:04 PM
grand father (bolgelo) sent /t roflgamer, we can go to the warehouse if you want 1-23-2021, 1:02:11 PM
grand father (bolgelo) sent /t nac nk, cannon, is in warehous 1-23-2021, 1:02:44 PM
grand father (bolgelo) sent /t and zulficar also 1-23-2021, 1:02:52 PM
grand father (bolgelo) sent /t well, go in the small house, bro 1-23-2021, 1:03:11 PM
grand father (bolgelo) sent /lchat aha 1-23-2021, 1:03:28 PM
grand father (bolgelo) sent /members 1-23-2021, 1:03:35 PM
grand father (bolgelo) sent /members 1-23-2021, 1:03:54 PM
grand father (bolgelo) sent /t lol, so much members in the team, lol 1-23-2021, 1:04:23 PM
grand father (bolgelo) sent /t aha 1-23-2021, 1:05:16 PM
grand father (bolgelo) sent /t who 1-23-2021, 1:05:28 PM
grand father (bolgelo) sent /t haha 1-23-2021, 1:05:39 PM
grand father (bolgelo) sent /t lol 1-23-2021, 1:06:33 PM
grand father (bolgelo) sent /votes 1-23-2021, 1:06:59 PM
grand father (bolgelo) sent /lchat come here 1-23-2021, 1:07:16 PM
grand father (bolgelo) sent /lchat but 1-23-2021, 1:07:17 PM
grand father (bolgelo) sent /lchat how many health 1-23-2021, 1:07:21 PM
grand father (bolgelo) sent /vote 1-23-2021, 1:07:29 PM
grand father (bolgelo) sent /votes 1-23-2021, 1:07:31 PM
grand father (bolgelo) sent /lchat enterhrhrhrhrrhr 1-23-2021, 1:07:37 PM
grand father (bolgelo) sent /lchat du you have gass mask 1-23-2021, 1:07:56 PM
grand father (bolgelo) sent /lchat how many now? 1-23-2021, 1:08:18 PM
grand father (bolgelo) sent /lchat whaaaaaaaat! air_canister, 104 1-23-2021, 1:08:30 PM
grand father (bolgelo) sent /lchat lets make some lag 1-23-2021, 1:08:39 PM
grand father (bolgelo) sent /lchat how many now 1-23-2021, 1:08:55 PM
grand father (bolgelo) sent /lchat you have 11437 air. this should last you about 11 hours, 7 minutes and 9 seconds 1-23-2021, 1:08:56 PM
grand father (bolgelo) sent /lchat good 1-23-2021, 1:09:07 PM
grand father (bolgelo) sent /lchat down 1-23-2021, 1:09:18 PM
grand father (bolgelo) sent /lchat nononono 1-23-2021, 1:09:37 PM
grand father (bolgelo) sent /lchat dont use this 1-23-2021, 1:09:40 PM
grand father (bolgelo) sent /lchat use hand grenades 1-23-2021, 1:09:52 PM
grand father (bolgelo) sent /lchat 29, 5, 0.  1-23-2021, 1:10:13 PM
grand father (bolgelo) sent /lchat come 1-23-2021, 1:10:20 PM
grand father (bolgelo) sent /lchat very good that i am not forgot my maps, lol 1-23-2021, 1:10:31 PM
grand father (bolgelo) sent /lchat down 1-23-2021, 1:10:51 PM
grand father (bolgelo) sent /lchat 27, 100, -100.  1-23-2021, 1:11:14 PM
grand father (bolgelo) sent /lchat enter 1-23-2021, 1:11:22 PM
grand father (bolgelo) sent /lchat down 1-23-2021, 1:11:27 PM
grand father (bolgelo) sent /lchat i am dont sure, but maybe here 1-23-2021, 1:12:21 PM
grand father (bolgelo) sent /lchat come come 1-23-2021, 1:12:46 PM
grand father (bolgelo) sent /lchat up 1-23-2021, 1:13:06 PM
grand father (bolgelo) sent /lchat k 1-23-2021, 1:13:44 PM
grand father (bolgelo) sent /lchat 7, 99, 201.  1-23-2021, 1:14:47 PM
grand father (bolgelo) sent /lchat 2 south 1-23-2021, 1:15:12 PM
grand father (bolgelo) sent /lchat 3 south 1-23-2021, 1:15:20 PM
grand father (bolgelo) sent /lchat north 1-23-2021, 1:16:01 PM
grand father (bolgelo) sent /lchat enter 1-23-2021, 1:16:10 PM
grand father (bolgelo) sent /lchat nowwwwwww 1-23-2021, 1:16:15 PM
grand father (bolgelo) sent /lchat track zones 1-23-2021, 1:16:22 PM
grand father (bolgelo) sent /lchat 2 at 1, 1, 170 1-23-2021, 1:16:25 PM
grand father (bolgelo) sent /lchat you nead jump from here to 2 1-23-2021, 1:16:42 PM
grand father (bolgelo) sent /t noooooowwwwwww 1-23-2021, 1:17:35 PM
grand father (bolgelo) sent /lchat jump 9 frooooont 1-23-2021, 1:17:43 PM
grand father (bolgelo) sent /lchat 20, 9, 93.  1-23-2021, 1:17:51 PM
grand father (bolgelo) sent /lchat come here 1-23-2021, 1:18:12 PM
grand father (bolgelo) sent /lchat heall to 100000 1-23-2021, 1:18:22 PM
grand father (bolgelo) sent /lchat kkk 1-23-2021, 1:18:33 PM
grand father (bolgelo) sent /lchat now just jump front 1-23-2021, 1:18:50 PM
grand father (bolgelo) sent /lchat hold arow up, lol 1-23-2021, 1:18:55 PM
grand father (bolgelo) sent /t lol 1-23-2021, 1:19:25 PM
grand father (bolgelo) sent /t wth 1-23-2021, 1:19:29 PM
grand father (bolgelo) sent /lchat come 1-23-2021, 1:19:38 PM
grand father (bolgelo) sent /where killer3000 1-23-2021, 1:19:58 PM
grand father (bolgelo) sent /t aaaa 1-23-2021, 1:20:10 PM
grand father (bolgelo) sent /t use warp box 1-23-2021, 1:20:15 PM
grand father (bolgelo) sent /t use warp box 1-23-2021, 1:20:30 PM
grand father (bolgelo) sent /t use in other derection 1-23-2021, 1:20:46 PM
grand father (bolgelo) sent /t use in south, for example 1-23-2021, 1:20:52 PM
grand father (bolgelo) sent /lchat aha 1-23-2021, 1:21:06 PM
grand father (bolgelo) sent /lchat nowwwww 1-23-2021, 1:21:21 PM
grand father (bolgelo) sent /lchat use armored tank 1-23-2021, 1:21:29 PM
grand father (bolgelo) sent /lchat because we wil faaaaaalllllll downnwnwwn 1-23-2021, 1:21:49 PM
grand father (bolgelo) sent /lchat go north 1-23-2021, 1:21:52 PM
grand father (bolgelo) sent /lchat weeeeeeeeeeeeeeeeeeeeeeee 1-23-2021, 1:21:57 PM
grand father (bolgelo) sent /lchat go out 1-23-2021, 1:22:10 PM
grand father (bolgelo) sent /lchat get ready, now will be balls 1-23-2021, 1:22:43 PM
grand father (bolgelo) sent /lchat enter 1-23-2021, 1:22:45 PM
grand father (bolgelo) sent /lchat 7, 0, 0.  1-23-2021, 1:22:54 PM
grand father (bolgelo) sent /lchat mask off 1-23-2021, 1:23:45 PM
grand father (bolgelo) sent /lchat wait me here 1-23-2021, 1:24:30 PM
grand father (bolgelo) sent /lchat lets do test 1-23-2021, 1:24:34 PM
grand father (bolgelo) sent /lchat wait me here 1-23-2021, 1:24:36 PM
grand father (bolgelo) sent /inv 1-23-2021, 1:24:54 PM
grand father (bolgelo) sent /moveplayer bolgelo blindgamers14 1-23-2021, 1:24:57 PM
grand father (bolgelo) sent /inv 1-23-2021, 1:25:01 PM
grand father (bolgelo) sent /lchat use armored tank 1-23-2021, 1:25:14 PM
grand father (bolgelo) sent /lchat fall north 1-23-2021, 1:25:35 PM
grand father (bolgelo) sent /lchat weeeeeeeeee 1-23-2021, 1:25:39 PM
grand father (bolgelo) sent /lchat go north 1-23-2021, 1:26:04 PM
grand father (bolgelo) sent /lchat stop here 1-23-2021, 1:27:01 PM
grand father (bolgelo) sent /lchat du you have frequency_scrambler, 26 1-23-2021, 1:27:07 PM
grand father (bolgelo) sent /lchat use one, enter, and north fast 1-23-2021, 1:27:35 PM
grand father (bolgelo) sent /lchat north 1-23-2021, 1:27:56 PM
grand father (bolgelo) sent /lchat now enter and fast follow me 1-23-2021, 1:28:37 PM
grand father (bolgelo) sent /lchat here 1-23-2021, 1:28:43 PM
grand father (bolgelo) sent /lchat fast 1-23-2021, 1:28:45 PM
grand father (bolgelo) sent /lchat come 1-23-2021, 1:28:50 PM
grand father (bolgelo) sent /lchat 49, 24, 0.  1-23-2021, 1:29:01 PM
grand father (bolgelo) sent /lchat fasst 1-23-2021, 1:29:02 PM
grand father (bolgelo) sent /lchat enter 1-23-2021, 1:29:09 PM
grand father (bolgelo) sent /gnstart 1-23-2021, 1:29:52 PM
grand father (bolgelo) sent /garbage 1-23-2021, 1:29:54 PM
grand father (bolgelo) sent /chartrash 1-23-2021, 1:29:58 PM
grand father (bolgelo) sent /killall 1-23-2021, 1:30:01 PM
grand father (bolgelo) sent /inv 1-23-2021, 1:40:05 PM
grand father (bolgelo) sent /vote no 1-23-2021, 1:40:13 PM
grand father (bolgelo) sent /t yes 1-23-2021, 1:40:25 PM
grand father (bolgelo) sent /t whatdu you want 1-23-2021, 1:40:29 PM
grand father (bolgelo) sent /admins 1-23-2021, 1:40:31 PM
grand father (bolgelo) sent /builders 1-23-2021, 1:40:33 PM
grand father (bolgelo) sent /t ballllls 1-23-2021, 1:40:39 PM
grand father (bolgelo) sent /go 5 5 5 0 store 1-23-2021, 1:40:47 PM
grand father (bolgelo) sent /go 5 5 0 store 1-23-2021, 1:40:50 PM
grand father (bolgelo) sent /inv 1-23-2021, 1:40:52 PM
grand father (bolgelo) sent /rawmap 1-23-2021, 1:41:02 PM
grand father (bolgelo) sent /rawmap 1-23-2021, 1:41:19 PM
grand father (bolgelo) sent /rawdata mapname:ch4
maxx:10
maxy:1000
maxz:1000
tile:0:1000:0:1000:0:0:snow
tile:10:100:0:100:0:100:wallrocks1
tile:0:9:9:9:0:10:snow
tile:0:9:10:10:0:10:wallrocks1
zone:0:1000:0:1000:0:1000:the snow mountain
src:0:1000:0:1000:0:1000:wind5.ogg
tile:0:9:10:19:11:11:snow
tile:0:9:20:20:11:21:snow
tile:0:9:11:1000:0:0:hazard
tile:0:9:21:30:21:21:snow
tile:0:9:25:25:21:24:teleport
tile:0:9:30:30:21:30:snow
tile:0:6:30:30:25:25:hazard
zone:0:6:30:30:24:24:try to get around it
zone:7:7:30:30:24:24:good, go upp
tile:0:9:31:39:30:30:snow
tile:0:9:31:39:30:30:stun
tile:0:9:40:40:30:40:snow
tile:0:9:41:41:30:39:wallrocks1
tile:0:9:41:49:40:40:snow
tile:0:9:50:50:40:50:snow
tile:0:9:42:43:40:42:teleport
tile:0:9:51:59:50:50:snow
tile:0:9:52:55:50:50:teleport
tile:0:9:60:60:50:60:snow
tile:0:9:60:69:60:60:snow
tile:0:9:61:61:60:60:hazard
tile:0:9:63:63:60:62:hazard
tile:0:9:67:68:60:63:teleport
tile:0:9:70:70:60:70:snow
tile:0:9:71:79:70:70:snow
tile:0:9:71:74:70:70:teleport
tile:0:9:80:80:70:80:snow
tile:0:9:81:89:80:80:snow
tile:0:9:81:81:80:80:hazard
tile:0:9:82:82:80:80:stun
tile:0:9:83:83:80:80:suicide
tile:0:9:84:85:80:80:teleport
tile:0:9:90:90:80:90:snow
tile:0:9:91:120:90:90:snow
tile:0:9:94:97:90:90:hazard
tile:0:9:103:105:90:92:teleport
tile:0:9:110:115:90:90:stun
tile:0:9:120:120:90:100:snow
tile:0:9:120:139:100:100:snow
tile:0:9:121:124:100:100:hazard
tile:0:9:128:131:100:100:teleport
tile:0:9:141:141:100:115:wallrocks1
tile:0:0:140:140:100:100:snow1
tile:1:9:140:140:100:115:wallrocks1
zone:0:9:140:140:100:115:press enter to finish
noitems:0:3000:0:3000:0:30000:wirebomb:motion_bomb:mine:stun_dart:remote_timebomb:remote_bomb:security_bomb:remote_gun:timebomb:barricade_bomb:health_dart:suicide_bomb:mass_bomb:bottle_bomb:impact_bomb:guided_missile:ultrabomb:bottle_bomb:carrier_missile:bullet_bomb:stun_grenade:sticky_bomb:grenade:robot:helicopter:pipe_bomb:snowball:small_projectile:tasing_small_projectile:stp429_mini_missile:throwing_star:poison_dart:sky_436_mine:warp_box:health_orb:poisoned_small_projectile:robocop:missile_interceptor:nuclear_bomb:stone:concussive_grenade:turret:hand_grenade:hipersound_bomb:frequency_scrambler
fightingstate:0
travelpoint:0:0:140:140:100:100:store:5:5:0:condrats
noitems:0:3000:0:3000:0:3000:wirebomb:motion_bomb:item_grabber:stun_dart:remote_timebomb:remote_bomb:security_bomb:remote_gun:timebomb:barricade_bomb:health_dart:suicide_bomb:mass_bomb:bottle_bomb:impact_bomb:guided_missile:ultrabomb:bottle_bomb:carrier_missile:bullet_bomb:stun_grenade:sticky_bomb:grenade:robot:helicopter:pipe_bomb:snowball:small_projectile:tasing_small_projectile:stp429_mini_missile:throwing_star:poison_dart:sky_436_mine:warp_box:poisoned_small_projectile:robocop:missile_interceptor:nuclear_bomb:stone:concussive_grenade:turret:hand_grenade:hipersound_bomb:frequency_scrambler:empty_apple_juice:fire_starter:empty_beer_bottle:armored_tank:police_car:aircraft:tank:wood
 1-23-2021, 1:41:28 PM
grand father (bolgelo) sent /lchat go away please 1-23-2021, 1:41:48 PM
grand father (bolgelo) sent /lchat lets fix and destroy that boolshit 1-23-2021, 1:42:03 PM
grand father (bolgelo) sent /inv 1-23-2021, 1:42:04 PM
grand father (bolgelo) sent /inv 1-23-2021, 1:42:06 PM
grand father (bolgelo) sent /rawdata mapname:ch4
maxx:10
maxy:1000
maxz:1000
tile:0:1000:0:1000:0:0:snow
tile:10:100:0:100:0:100:wallrocks1
tile:0:9:9:9:0:10:snow
tile:0:9:10:10:0:10:wallrocks1
zone:0:1000:0:1000:0:1000:the snow mountain
src:0:1000:0:1000:0:1000:wind5.ogg
tile:0:9:10:19:11:11:snow
tile:0:9:20:20:11:21:snow
tile:0:9:11:1000:0:0:hazard
tile:0:9:21:30:21:21:snow
tile:0:9:25:25:21:24:teleport
tile:0:9:30:30:21:30:snow
tile:0:6:30:30:25:25:hazard
zone:0:6:30:30:24:24:try to get around it
zone:7:7:30:30:24:24:good, go upp
tile:0:9:31:39:30:30:snow
tile:0:9:31:39:30:30:stun
tile:0:9:40:40:30:40:snow
tile:0:9:41:41:30:39:wallrocks1
tile:0:9:41:49:40:40:snow
tile:0:9:50:50:40:50:snow
tile:0:9:42:43:40:42:teleport
tile:0:9:51:59:50:50:snow
tile:0:9:52:55:50:50:teleport
tile:0:9:60:60:50:60:snow
tile:0:9:60:69:60:60:snow
tile:0:9:61:61:60:60:hazard
tile:0:9:63:63:60:62:hazard
tile:0:9:67:68:60:63:teleport
tile:0:9:70:70:60:70:snow
tile:0:9:71:79:70:70:snow
tile:0:9:71:74:70:70:teleport
tile:0:9:80:80:70:80:snow
tile:0:9:81:89:80:80:snow
tile:0:9:81:81:80:80:hazard
tile:0:9:82:82:80:80:stun
tile:0:9:83:83:80:80:suicide
tile:0:9:84:85:80:80:teleport
tile:0:9:90:90:80:90:snow
tile:0:9:91:120:90:90:snow
tile:0:9:94:97:90:90:hazard
tile:0:9:103:105:90:92:teleport
tile:0:9:110:115:90:90:stun
tile:0:9:120:120:90:100:snow
tile:0:9:120:139:100:100:snow
tile:0:9:121:124:100:100:hazard
tile:0:9:128:131:100:100:teleport
tile:0:9:141:141:100:115:wallrocks1
tile:0:0:140:140:100:100:snow1
tile:1:9:140:140:100:115:wallrocks1
zone:0:9:140:140:100:115:press enter to finish
noitems:0:3000:0:3000:0:30000:wirebomb:motion_bomb:mine:stun_dart:remote_timebomb:remote_bomb:security_bomb:remote_gun:timebomb:barricade_bomb:health_dart:suicide_bomb:mass_bomb:bottle_bomb:impact_bomb:guided_missile:ultrabomb:bottle_bomb:carrier_missile:bullet_bomb:stun_grenade:sticky_bomb:grenade:robot:helicopter:pipe_bomb:snowball:small_projectile:tasing_small_projectile:stp429_mini_missile:throwing_star:poison_dart:sky_436_mine:warp_box:health_orb:poisoned_small_projectile:robocop:missile_interceptor:nuclear_bomb:stone:concussive_grenade:turret:hand_grenade:hipersound_bomb:frequency_scrambler
fightingstate:1
travelpoint:0:0:140:140:100:100:store:5:5:0:condrats
noitems:0:3000:0:3000:0:3000:wirebomb:motion_bomb:item_grabber:stun_dart:remote_timebomb:remote_bomb:security_bomb:remote_gun:timebomb:barricade_bomb:health_dart:suicide_bomb:mass_bomb:bottle_bomb:impact_bomb:guided_missile:ultrabomb:bottle_bomb:carrier_missile:bullet_bomb:stun_grenade:sticky_bomb:grenade:robot:helicopter:pipe_bomb:snowball:small_projectile:tasing_small_projectile:stp429_mini_missile:throwing_star:poison_dart:sky_436_mine:warp_box:poisoned_small_projectile:robocop:missile_interceptor:nuclear_bomb:stone:concussive_grenade:turret:hand_grenade:hipersound_bomb:frequency_scrambler:empty_apple_juice:fire_starter:empty_beer_bottle:armored_tank:police_car:aircraft:tank:wood
 1-23-2021, 1:42:11 PM
grand father (bolgelo) sent /inv 1-23-2021, 1:42:29 PM
grand father (bolgelo) sent /rawmap 1-23-2021, 1:42:31 PM
grand father (bolgelo) sent /rawdata mapname:ch4
maxx:10
maxy:1000
maxz:1000
tile:0:1000:0:1000:0:0:snow
tile:10:100:0:100:0:100:wallrocks1
tile:0:9:9:9:0:10:snow
tile:0:9:10:10:0:10:wallrocks1
zone:0:1000:0:1000:0:1000:the snow mountain
src:0:1000:0:1000:0:1000:wind5.ogg
tile:0:9:10:19:11:11:snow
tile:0:9:20:20:11:21:snow
tile:0:9:11:1000:0:0:hazard
tile:0:9:21:30:21:21:snow
tile:0:9:25:25:21:24:teleport
tile:0:9:30:30:21:30:snow
tile:0:6:30:30:25:25:hazard
zone:0:6:30:30:24:24:try to get around it
zone:7:7:30:30:24:24:good, go upp
tile:0:9:31:39:30:30:snow
tile:0:9:31:39:30:30:stun
tile:0:9:40:40:30:40:snow
tile:0:9:41:41:30:39:wallrocks1
tile:0:9:41:49:40:40:snow
tile:0:9:50:50:40:50:snow
tile:0:9:42:43:40:42:teleport
tile:0:9:51:59:50:50:snow
tile:0:9:52:55:50:50:teleport
tile:0:9:60:60:50:60:snow
tile:0:9:60:69:60:60:snow
tile:0:9:61:61:60:60:hazard
tile:0:9:63:63:60:62:hazard
tile:0:9:67:68:60:63:teleport
tile:0:9:70:70:60:70:snow
tile:0:9:71:79:70:70:snow
tile:0:9:71:74:70:70:teleport
tile:0:9:80:80:70:80:snow
tile:0:9:81:89:80:80:snow
tile:0:9:81:81:80:80:hazard
tile:0:9:82:82:80:80:stun
tile:0:9:83:83:80:80:suicide
tile:0:9:84:85:80:80:teleport
tile:0:9:90:90:80:90:snow
tile:0:9:91:120:90:90:snow
tile:0:9:94:97:90:90:hazard
tile:0:9:103:105:90:92:teleport
tile:0:9:110:115:90:90:stun
tile:0:9:120:120:90:100:snow
tile:0:9:120:139:100:100:snow
tile:0:9:121:124:100:100:hazard
tile:0:9:128:131:100:100:teleport
tile:0:9:141:141:100:115:wallrocks1
tile:0:0:140:140:100:100:snow1
tile:1:9:140:140:100:115:wallrocks1
zone:0:9:140:140:100:115:press enter to finish
noitems:0:3000:0:3000:0:30000:wirebomb:motion_bomb:mine:stun_dart:remote_timebomb:remote_bomb:security_bomb:remote_gun:timebomb:barricade_bomb:health_dart:suicide_bomb:mass_bomb:bottle_bomb:impact_bomb:guided_missile:ultrabomb:bottle_bomb:carrier_missile:bullet_bomb:stun_grenade:sticky_bomb:grenade:robot:helicopter:pipe_bomb:snowball:small_projectile:tasing_small_projectile:stp429_mini_missile:throwing_star:poison_dart:sky_436_mine:warp_box:health_orb:poisoned_small_projectile:robocop:missile_interceptor:nuclear_bomb:stone:concussive_grenade:turret:hand_grenade:hipersound_bomb:frequency_scrambler
fightingstate:0
travelpoint:0:0:140:140:100:100:store:5:5:0:condrats
noitems:0:3000:0:3000:0:3000:wirebomb:motion_bomb:item_grabber:stun_dart:remote_timebomb:remote_bomb:security_bomb:remote_gun:timebomb:barricade_bomb:health_dart:suicide_bomb:mass_bomb:bottle_bomb:impact_bomb:guided_missile:ultrabomb:bottle_bomb:carrier_missile:bullet_bomb:stun_grenade:sticky_bomb:grenade:robot:helicopter:pipe_bomb:snowball:small_projectile:tasing_small_projectile:stp429_mini_missile:throwing_star:poison_dart:sky_436_mine:warp_box:poisoned_small_projectile:robocop:missile_interceptor:nuclear_bomb:stone:concussive_grenade:turret:hand_grenade:hipersound_bomb:frequency_scrambler:empty_apple_juice:fire_starter:empty_beer_bottle:armored_tank:police_car:aircraft:tank:wood
 1-23-2021, 1:42:38 PM
grand father (bolgelo) sent /shelterlist 1-23-2021, 1:43:02 PM
grand father (bolgelo) sent /go 9 45 40 1-23-2021, 1:43:40 PM
grand father (bolgelo) sent /rawmap 1-23-2021, 1:43:45 PM
grand father (bolgelo) sent /rawdata mapname:ch4
maxx:10
maxy:1000
maxz:1000
tile:0:1000:0:1000:0:0:snow
tile:10:100:0:100:0:100:wallrocks1
tile:0:9:9:9:0:10:snow
tile:0:9:10:10:0:10:wallrocks1
zone:0:1000:0:1000:0:1000:the snow mountain
src:0:1000:0:1000:0:1000:wind5.ogg
tile:0:9:10:19:11:11:snow
tile:0:9:20:20:11:21:snow
tile:0:9:11:1000:0:0:hazard
tile:0:9:21:30:21:21:snow
tile:0:9:25:25:21:24:teleport
tile:0:9:30:30:21:30:snow
tile:0:6:30:30:25:25:hazard
zone:0:6:30:30:24:24:try to get around it
zone:7:7:30:30:24:24:good, go upp
tile:0:9:31:39:30:30:snow
tile:0:9:31:39:30:30:stun
tile:0:9:40:40:30:40:snow
tile:0:9:41:41:30:39:wallrocks1
tile:0:9:41:49:40:40:snow
tile:0:9:50:50:40:50:snow
tile:0:9:42:43:40:42:teleport
tile:0:9:51:59:50:50:snow
tile:0:9:52:55:50:50:teleport
tile:0:9:60:60:50:60:snow
tile:0:9:60:69:60:60:snow
tile:0:9:61:61:60:60:hazard
tile:0:9:63:63:60:62:hazard
tile:0:9:67:68:60:63:teleport
tile:0:9:70:70:60:70:snow
tile:0:9:71:79:70:70:snow
tile:0:9:71:74:70:70:teleport
tile:0:9:80:80:70:80:snow
tile:0:9:81:89:80:80:snow
tile:0:9:81:81:80:80:hazard
tile:0:9:82:82:80:80:stun
tile:0:9:83:83:80:80:suicide
tile:0:9:84:85:80:80:teleport
tile:0:9:90:90:80:90:snow
tile:0:9:91:120:90:90:snow
tile:0:9:94:97:90:90:hazard
tile:0:9:103:105:90:92:teleport
tile:0:9:110:115:90:90:stun
tile:0:9:120:120:90:100:snow
tile:0:9:120:139:100:100:snow
tile:0:9:121:124:100:100:hazard
tile:0:9:128:131:100:100:teleport
tile:0:9:141:141:100:115:wallrocks1
tile:0:0:140:140:100:100:snow1
tile:1:9:140:140:100:115:wallrocks1
zone:0:9:140:140:100:115:press enter to finish
noitems:0:3000:0:3000:0:30000:wirebomb:motion_bomb:mine:stun_dart:remote_timebomb:remote_bomb:security_bomb:remote_gun:timebomb:barricade_bomb:health_dart:suicide_bomb:mass_bomb:bottle_bomb:impact_bomb:guided_missile:ultrabomb:bottle_bomb:carrier_missile:bullet_bomb:stun_grenade:sticky_bomb:grenade:robot:helicopter:pipe_bomb:snowball:small_projectile:tasing_small_projectile:stp429_mini_missile:throwing_star:poison_dart:sky_436_mine:warp_box:health_orb:poisoned_small_projectile:robocop:missile_interceptor:nuclear_bomb:stone:concussive_grenade:turret:hand_grenade:hipersound_bomb:frequency_scrambler
fightingstate:1
travelpoint:0:0:140:140:100:100:store:5:5:0:condrats
noitems:0:3000:0:3000:0:3000:wirebomb:motion_bomb:item_grabber:stun_dart:remote_timebomb:remote_bomb:security_bomb:remote_gun:timebomb:barricade_bomb:health_dart:suicide_bomb:mass_bomb:bottle_bomb:impact_bomb:guided_missile:ultrabomb:bottle_bomb:carrier_missile:bullet_bomb:stun_grenade:sticky_bomb:grenade:robot:helicopter:pipe_bomb:snowball:small_projectile:tasing_small_projectile:stp429_mini_missile:throwing_star:poison_dart:sky_436_mine:warp_box:poisoned_small_projectile:robocop:missile_interceptor:nuclear_bomb:stone:concussive_grenade:turret:hand_grenade:hipersound_bomb:frequency_scrambler:empty_apple_juice:fire_starter:empty_beer_bottle:armored_tank:police_car:aircraft:tank:wood
 1-23-2021, 1:43:54 PM
grand father (bolgelo) sent /inv 1-23-2021, 1:44:00 PM
grand father (bolgelo) sent /inv 1-23-2021, 1:44:06 PM
grand father (bolgelo) sent /inv 1-23-2021, 1:44:27 PM
grand father (bolgelo) sent /inv 1-23-2021, 1:44:29 PM
grand father (bolgelo) sent /rawmap 1-23-2021, 1:44:31 PM
grand father (bolgelo) sent /rawdata mapname:ch4
maxx:10
maxy:1000
maxz:1000
tile:0:1000:0:1000:0:0:snow
tile:10:100:0:100:0:100:wallrocks1
tile:0:9:9:9:0:10:snow
tile:0:9:10:10:0:10:wallrocks1
zone:0:1000:0:1000:0:1000:the snow mountain
src:0:1000:0:1000:0:1000:wind5.ogg
tile:0:9:10:19:11:11:snow
tile:0:9:20:20:11:21:snow
tile:0:9:11:1000:0:0:hazard
tile:0:9:21:30:21:21:snow
tile:0:9:25:25:21:24:teleport
tile:0:9:30:30:21:30:snow
tile:0:6:30:30:25:25:hazard
zone:0:6:30:30:24:24:try to get around it
zone:7:7:30:30:24:24:good, go upp
tile:0:9:31:39:30:30:snow
tile:0:9:31:39:30:30:stun
tile:0:9:40:40:30:40:snow
tile:0:9:41:41:30:39:wallrocks1
tile:0:9:41:49:40:40:snow
tile:0:9:50:50:40:50:snow
tile:0:9:42:43:40:42:teleport
tile:0:9:51:59:50:50:snow
tile:0:9:52:55:50:50:teleport
tile:0:9:60:60:50:60:snow
tile:0:9:60:69:60:60:snow
tile:0:9:61:61:60:60:hazard
tile:0:9:63:63:60:62:hazard
tile:0:9:67:68:60:63:teleport
tile:0:9:70:70:60:70:snow
tile:0:9:71:79:70:70:snow
tile:0:9:71:74:70:70:teleport
tile:0:9:80:80:70:80:snow
tile:0:9:81:89:80:80:snow
tile:0:9:81:81:80:80:hazard
tile:0:9:82:82:80:80:stun
tile:0:9:83:83:80:80:suicide
tile:0:9:84:85:80:80:teleport
tile:0:9:90:90:80:90:snow
tile:0:9:91:120:90:90:snow
tile:0:9:94:97:90:90:hazard
tile:0:9:103:105:90:92:teleport
tile:0:9:110:115:90:90:stun
tile:0:9:120:120:90:100:snow
tile:0:9:120:139:100:100:snow
tile:0:9:121:124:100:100:hazard
tile:0:9:128:131:100:100:teleport
tile:0:9:141:141:100:115:wallrocks1
tile:0:0:140:140:100:100:snow1
tile:1:9:140:140:100:115:wallrocks1
zone:0:9:140:140:100:115:press enter to finish
noitems:0:3000:0:3000:0:30000:wirebomb:motion_bomb:mine:stun_dart:remote_timebomb:remote_bomb:security_bomb:remote_gun:timebomb:barricade_bomb:health_dart:suicide_bomb:mass_bomb:bottle_bomb:impact_bomb:guided_missile:ultrabomb:bottle_bomb:carrier_missile:bullet_bomb:stun_grenade:sticky_bomb:grenade:robot:helicopter:pipe_bomb:snowball:small_projectile:tasing_small_projectile:stp429_mini_missile:throwing_star:poison_dart:sky_436_mine:warp_box:health_orb:poisoned_small_projectile:robocop:missile_interceptor:nuclear_bomb:stone:concussive_grenade:turret:hand_grenade:hipersound_bomb:frequency_scrambler
fightingstate:0
travelpoint:0:0:140:140:100:100:store:5:5:0:condrats
noitems:0:3000:0:3000:0:3000:wirebomb:motion_bomb:item_grabber:stun_dart:remote_timebomb:remote_bomb:security_bomb:remote_gun:timebomb:barricade_bomb:health_dart:suicide_bomb:mass_bomb:bottle_bomb:impact_bomb:guided_missile:ultrabomb:bottle_bomb:carrier_missile:bullet_bomb:stun_grenade:sticky_bomb:grenade:robot:helicopter:pipe_bomb:snowball:small_projectile:tasing_small_projectile:stp429_mini_missile:throwing_star:poison_dart:sky_436_mine:warp_box:poisoned_small_projectile:robocop:missile_interceptor:nuclear_bomb:stone:concussive_grenade:turret:hand_grenade:hipersound_bomb:frequency_scrambler:empty_apple_juice:fire_starter:empty_beer_bottle:armored_tank:police_car:aircraft:tank:wood
 1-23-2021, 1:44:38 PM
grand father (bolgelo) sent /shelterlist 1-23-2021, 1:44:45 PM
grand father (bolgelo) sent /go 0 0 0 store 1-23-2021, 1:45:08 PM
grand father (bolgelo) sent /giveall wood 1000 1-23-2021, 1:45:14 PM
grand father (bolgelo) sent /inv 1-23-2021, 1:45:24 PM
grand father (bolgelo) sent /inv 1-23-2021, 1:45:26 PM
grand father (bolgelo) sent /giveall coin 69 1-23-2021, 1:45:32 PM
grand father (bolgelo) sent /where blindgamers14 1-23-2021, 1:46:21 PM
grand father (bolgelo) sent /vote 1-23-2021, 2:08:53 PM
grand father (bolgelo) sent /votes 1-23-2021, 2:08:54 PM
grand father (bolgelo) sent /bid 696969 1-23-2021, 3:08:03 PM
grand father (bolgelo) sent /chars 1-23-2021, 3:12:56 PM
grand father (bolgelo) sent /gamestop 1-23-2021, 3:16:09 PM
grand father (bolgelo) sent /stopgame 1-23-2021, 3:16:12 PM
grand father (bolgelo) sent /gamestart 1-23-2021, 3:16:16 PM
grand father (bolgelo) sent /move killer3000 0 0 0  1-23-2021, 3:16:57 PM
grand father (bolgelo) sent /admr killer3000 go die 1-23-2021, 3:17:15 PM
grand father (bolgelo) sent /admins 1-23-2021, 3:17:56 PM
grand father (bolgelo) sent /nickname Sam_tupy 1-23-2021, 3:18:18 PM
Sam_tupy (bolgelo) sent /resednick bolgelo 1-23-2021, 3:19:49 PM
Sam_tupy (bolgelo) sent /clearnick 1-23-2021, 3:19:54 PM
Sam_tupy (bolgelo) sent /clearnick bolgelo 1-23-2021, 3:19:57 PM
Sam_tupy (bolgelo) sent /cdata bolgelo nickname 1-23-2021, 3:20:02 PM
Sam_tupy (bolgelo) sent /nickname grand father 1-23-2021, 3:20:16 PM
Sam_tupy (bolgelo) sent /nickname grand father 1-23-2021, 3:21:17 PM
grand father (bolgelo) sent /newmotd now, if you are stuck in the store in an unknown area, press enter, and the problem will be fix!

new in 1.99.8
added radio!
each builder on the map can put a link that will be played
also added new hot keys: alt page up, increase the radio volume, alt page down, decrease!

we added a bar where you can only fight with empty bottles of beer and juice! you can find it in the store! enjoy!
you can get a storm sniper, and the legendary sword by finish the dangerous place challenge this is at 5 5 0 in challenge maps, and dont ask game staff to give items, we will not do this!
afk area has been added! you can find in at 15 15 0 in the store!
welcome to the killer! we hope you like the game, and we advise you to invite your friends! good luck and enjoy!
 link for the game below!
http://darkserver.ru/tk2/tk.zip 1-23-2021, 3:25:46 PM
grand father (bolgelo) sent /go 500 500 0  1-23-2021, 3:26:09 PM
grand father (bolgelo) sent /garbage 1-23-2021, 3:27:28 PM
grand father (bolgelo) sent /t guys 1-23-2021, 3:27:52 PM
grand father (bolgelo) sent /members 1-23-2021, 3:28:01 PM
grand father (bolgelo) sent /rawmap 1-23-2021, 3:29:47 PM
grand father (bolgelo) sent /rawdata mapname:store
maxx:30
maxy:30
maxz:30
tile:0:30:0:30:0:0:wood11
zone:0:30:0:30:0:300:store
tile:0:0:0:0:0:0:beam
zone:0:0:0:0:0:15:weapon store:trackme
tile:0:0:10:10:0:0:beam
zone:0:0:10:10:0:15:ammo store:trackme
tile:10:10:10:10:0:0:beam
zone:10:10:10:10:0:15:explosive store:trackme
tile:0:0:20:20:0:0:beam
zone:0:0:20:20:0:15:misc store:trackme
tile:10:10:20:20:0:0:beam
zone:10:10:20:20:0:15:medical store:trackme
tile:20:20:10:10:0:0:beam
zone:20:20:10:10:0:15:vehicle store:trackme
tile:20:20:0:0:0:0:beam
zone:20:20:0:0:0:15:melee weapons store:trackme
zone:10:10:0:0:0:15:exit to the main:trackme
zone:30:30:30:30:0:15:to go to the boxing ring, press enter:trackme
travelpoint:30:30:30:30:0:10:boxing:1:1:40:moved
zone:0:0:30:30:0:15:door to the cage of the angry and hungry animals, it looks like a really dangerous place, be very carefull entering this:trackme
travelpoint:0:0:30:30:0:10:cage:0:0:40:good luck, try to survive here!
tile:20:20:20:20:0:0:beam
zone:20:20:20:20:0:15:vending machine:trackme
zone:15:15:30:30:0:15:to go on the zalp map, press enter:trackme
travelpoint:15:15:30:30:0:10:zalp:25:25:0:good luck to surviv!
noitems:0:300:0:300:0:300:wirebomb:motion_bomb:item_grabber:stun_dart:remote_timebomb:remote_bomb:security_bomb:remote_gun:timebomb:barricade_bomb:health_dart:suicide_bomb:mass_bomb:bottle_bomb:impact_bomb:guided_missile:ultrabomb:bottle_bomb:carrier_missile:bullet_bomb:stun_grenade:sticky_bomb:grenade:robot:helicopter:pipe_bomb:snowball:small_projectile:tasing_small_projectile:stp429_mini_missile:throwing_star:poison_dart:sky_436_mine:warp_box:poisoned_small_projectile:robocop:missile_interceptor:nuclear_bomb:stone:concussive_grenade:turret:hand_grenade:hipersound_bomb:frequency_scrambler:empty_apple_juice:fire_starter:empty_beer_bottle
travelpoint:30:30:0:0:0:10:oldmain:250:250:0:moved
zone:30:30:0:0:0:10:pass to old main map:trackme
travelpoint:5:5:30:30:0:0:battles:0:0:0:ok
zone:5:5:30:30:0:5:pass to the battlefield:trackme
tile:10:10:0:0:0:0:marble1
travelpoint:25:25:25:25:0:10:kirill's_world:0:0:0:moved
zone:25:25:25:25:0:10:to enter in the Kirill's world, press enter:trackme
tile:0:0:19:19:-2:-1:wallglass
src:0:30:0:30:0:30:corridor.ogg
travelpoint:5:5:5:5:0:0:challengemaps:0:0:0:moved
zone:5:5:5:5:0:10:challenge maps:trackme
fightingstate:0
travelpoint:10:10:5:5:0:0:stun:0:0:0:go!
zone:10:10:5:5:0:10:to get to a map full of stun grenades, press enter! Attention! At coordinates 100, 100, 0 there will be a reward, 30000 coins! Good luck!:trackme
zone:15:15:15:15:0:100:press enter to enter in the afk area:trackme
travelpoint:15:15:15:15:0:0:afk_area:0:0:0:welcome to the silent
tile:30:30:14:16:0:29:wallwoodcrate
tile:30:30:15:15:0:29:stairs2
zone:30:30:15:15:0:29:stairs to the bar:trackme
zone:30:30:15:15:29:50:press enter to enter to the bar
travelpoint:30:30:15:15:29:29:bar:49:15:0:moved
url:http://ep128.streamr.ru
travelpoint:0:1000:30:1000:0:500:store:15:15:0:done, problem fixed
travelpoint:31:1000:0:1000:0:500:store:15:15:0:done, problem fixed. 1-23-2021, 3:29:58 PM
grand father (bolgelo) sent /garbage 1-23-2021, 3:30:45 PM
grand father (bolgelo) sent /inv 1-23-2021, 3:30:49 PM
grand father (bolgelo) sent /rawmap 1-23-2021, 3:30:52 PM
grand father (bolgelo) sent /rawdata mapname:boxing
maxx:30
maxy:30
maxz:50
tile:0:0:0:30:0:100:wallbump
tile:0:30:0:0:0:50:wallbump
tile:0:30:30:30:0:50:wallbump
tile:30:30:0:30:0:50:wallbump
tile:1:29:1:29:0:0:cement
tile:1:29:1:29:40:40:unstableplank
robots:1:29:1:29:0:0:3:7000:boxer,boxer,trainer
noitems:0:30:0:30:0:50:wirebomb:motion_bomb:mine:stun_dart:remote_timebomb:security_bomb:remote_gun:timebomb:barricade_bomb:health_dart:suicide_bomb:mass_bomb:concussive_grenade:bottle_bomb:impact_bomb:aircraft:wood:guided_missile:ultrabomb:bottle_bomb:carrier_missile:bullet_bomb:stun_grenade:sticky_bomb:grenade:robot:helicopter:pipe_bomb:snowball:stone:small_projectile:tasing_small_projectile:stp429_mini_missile:throwing_star:poison_dart:sky_436_mine:hand_grenade:shield:tk_ultra_health_potion:warp_box:nuclear_bomb:turret:armored_tank
zone:0:30:0:30:40:50:viewing platform

travelpoint:29:29:29:29:0:10:boxing:20:20:40:moved
zone:0:30:0:30:0:20:boxing ring
zone:29:29:29:29:0:10:to go up, press enter:trackme

zone:29:29:29:29:40:50:to exit to the store, press enter
travelpoint:29:29:29:29:40:40:store:30:30:0:you exit to the store
travelpoint:1:29:1:28:40:40:boxing:20:20:0:moved 1-23-2021, 3:32:10 PM
grand father (bolgelo) sent /lchat lol dont worry 1-23-2021, 3:32:23 PM
grand father (bolgelo) sent /lchat i am just going to exit lol 1-23-2021, 3:32:36 PM
grand father (bolgelo) sent /lchat lool 1-23-2021, 3:32:46 PM
grand father (bolgelo) sent /go 29 29 40 1-23-2021, 3:33:38 PM
grand father (bolgelo) sent /go 0 0 0  1-23-2021, 3:34:54 PM
grand father (bolgelo) sent /lchat what you gived me 1-23-2021, 3:36:29 PM
grand father (bolgelo) sent /lchat or not me 1-23-2021, 3:36:31 PM
grand father (bolgelo) sent /teamleave 1-23-2021, 3:36:48 PM
grand father (bolgelo) sent /teamcreate 1-23-2021, 3:36:51 PM
grand father (bolgelo) sent /teamcancel 1-23-2021, 3:37:31 PM
grand father (bolgelo) sent /teamcreate 1-23-2021, 3:37:34 PM
grand father (bolgelo) sent /inv 1-23-2021, 3:38:05 PM
grand father (bolgelo) sent /lchat только вот наме не знааю какой придумать 1-23-2021, 3:41:02 PM
grand father (bolgelo) sent /teamcreate 1-23-2021, 3:41:41 PM
grand father (bolgelo) sent /teampass balls 1-23-2021, 3:42:40 PM
grand father (bolgelo) sent /where teja 1-23-2021, 3:47:32 PM
grand father (bolgelo) sent /where rathee 1-23-2021, 3:47:40 PM
grand father (bolgelo) sent /where prashant 1-23-2021, 3:47:46 PM
grand father (bolgelo) sent /where stepman 1-23-2021, 3:47:54 PM
grand father (bolgelo) sent /where Simba 1-23-2021, 3:48:00 PM
grand father (bolgelo) sent /kick franklin 1-23-2021, 3:49:08 PM
grand father (bolgelo) sent /kick blindgamers14 1-23-2021, 3:49:11 PM
grand father (bolgelo) sent /rawmap 1-23-2021, 3:49:38 PM
grand father (bolgelo) sent /adminflag 1-23-2021, 3:51:51 PM
grand father (bolgelo) sent /best 1-23-2021, 3:52:31 PM
grand father (bolgelo) sent /bestplayer 1-23-2021, 3:52:34 PM
grand father (bolgelo) sent /notify the best player is franklin with 1190 kils 1-23-2021, 3:52:40 PM
grand father (bolgelo) sent /time 1-23-2021, 3:53:01 PM
grand father (bolgelo) sent /notify 1:27 am, april 14, 2029 1-23-2021, 3:53:04 PM
grand father (bolgelo) sent /admingun 1-23-2021, 3:53:21 PM
grand father (bolgelo) sent /bid 5000000 1-23-2021, 3:54:53 PM
grand father (bolgelo) sent /bid 7000000 1-23-2021, 3:54:58 PM
grand father (bolgelo) sent /bid 15000000 1-23-2021, 3:55:08 PM
grand father (bolgelo) sent /bid 25000000 1-23-2021, 3:55:22 PM
grand father (bolgelo) sent /cancelbid y 1-23-2021, 3:55:35 PM
grand father (bolgelo) sent /where blindgamers14 1-23-2021, 3:56:15 PM
grand father (bolgelo) sent /kick franklin 1-23-2021, 3:56:30 PM
grand father (bolgelo) sent /bid 10000000 1-23-2021, 3:59:11 PM
grand father (bolgelo) sent /lchat  stepman, dont be coward 1-23-2021, 4:02:07 PM
grand father (bolgelo) sent /t go away 1-23-2021, 4:03:47 PM
grand father (bolgelo) sent /where blindgamers14 1-23-2021, 4:05:20 PM
grand father (bolgelo) sent /warn blindgamers14 if you will spam bid more, i will ban you at 10 min 1-23-2021, 4:08:21 PM
grand father (bolgelo) sent /warn blindgamers14 1 if you will spam bids more, i will ban you at 10 min 1-23-2021, 4:08:53 PM
grand father (bolgelo) sent /garbage 1-23-2021, 4:09:31 PM
grand father (bolgelo) sent /killall 1-23-2021, 4:09:39 PM
grand father (bolgelo) sent /tempban franklin 10 1-23-2021, 4:10:49 PM
grand father (bolgelo) sent /tempbanes 1-23-2021, 4:18:18 PM
grand father (bolgelo) sent /tempbans 1-23-2021, 4:18:20 PM
grand father (bolgelo) sent /garbage 1-23-2021, 4:18:40 PM
grand father (bolgelo) sent /s50 1-23-2021, 4:31:14 PM
grand father (bolgelo) sent /s51 1-23-2021, 4:31:16 PM
grand father (bolgelo) sent /s52 1-23-2021, 4:31:18 PM
grand father (bolgelo) sent /s52 1-23-2021, 4:31:21 PM
grand father (bolgelo) sent /go 0 0 50 1-23-2021, 4:31:24 PM
grand father (bolgelo) sent /s52 1-23-2021, 4:31:25 PM
grand father (bolgelo) sent /s52 1-23-2021, 4:31:25 PM
grand father (bolgelo) sent /s52 1-23-2021, 4:31:25 PM
grand father (bolgelo) sent /s52 1-23-2021, 4:31:26 PM
grand father (bolgelo) sent /s52 1-23-2021, 4:31:26 PM
grand father (bolgelo) sent /s52 1-23-2021, 4:31:26 PM
grand father (bolgelo) sent /s52 1-23-2021, 4:31:27 PM
grand father (bolgelo) sent /s52 1-23-2021, 4:31:27 PM
grand father (bolgelo) sent /s52 1-23-2021, 4:31:27 PM
grand father (bolgelo) sent /go 0 0 50 1-23-2021, 4:31:35 PM
grand father (bolgelo) sent /s52 1-23-2021, 4:31:36 PM
grand father (bolgelo) sent /s52 1-23-2021, 4:31:36 PM
grand father (bolgelo) sent /s52 1-23-2021, 4:31:37 PM
grand father (bolgelo) sent /s52 1-23-2021, 4:31:37 PM
grand father (bolgelo) sent /s52 1-23-2021, 4:31:37 PM
grand father (bolgelo) sent /s52 1-23-2021, 4:31:38 PM
grand father (bolgelo) sent /s52 1-23-2021, 4:31:38 PM
grand father (bolgelo) sent /s52 1-23-2021, 4:31:38 PM
grand father (bolgelo) sent /go 0 0 50 1-23-2021, 4:31:55 PM
grand father (bolgelo) sent /s52 1-23-2021, 4:31:58 PM
grand father (bolgelo) sent /megagift 1-23-2021, 4:33:46 PM
grand father (bolgelo) sent /megagift 1-23-2021, 4:33:46 PM
grand father (bolgelo) sent /megagift 1-23-2021, 4:33:46 PM
grand father (bolgelo) sent /megagift 1-23-2021, 4:33:47 PM
grand father (bolgelo) sent /megagift 1-23-2021, 4:33:47 PM
grand father (bolgelo) sent /garbage 1-23-2021, 4:33:56 PM
grand father (bolgelo) sent /sell 1-23-2021, 4:34:27 PM
grand father (bolgelo) sent /plays ban 1-23-2021, 4:35:11 PM
grand father (bolgelo) sent /plays death2 1-23-2021, 4:35:13 PM
grand father (bolgelo) sent /uploadsound 1-23-2021, 4:36:40 PM
grand father (bolgelo) sent /uploadsound 1-23-2021, 4:36:59 PM
grand father (bolgelo) sent /uploadsounds 1-23-2021, 4:38:53 PM
grand father (bolgelo) sent /uploadsound 1-23-2021, 4:38:57 PM
grand father (bolgelo) sent /uploadsound 1-23-2021, 4:39:17 PM
grand father (bolgelo) sent /garbage 1-23-2021, 4:40:22 PM
grand father (bolgelo) sent /gnstart 1-23-2021, 4:40:40 PM
grand father (bolgelo) sent /notify lets do boom again, or not 1-23-2021, 4:40:52 PM
grand father (bolgelo) sent /go 30 30 0  1-23-2021, 4:44:07 PM
grand father (bolgelo) sent /go 30 30 0  1-23-2021, 4:44:25 PM
grand father (bolgelo) sent /go 30 30 0  1-23-2021, 4:46:22 PM
grand father (bolgelo) sent /go 29 29 0  1-23-2021, 4:46:49 PM
grand father (bolgelo) sent /go 30 30 0  1-23-2021, 4:48:09 PM
grand father (bolgelo) sent /go 30 30 0  1-23-2021, 4:49:08 PM
grand father (bolgelo) sent /garbage 1-23-2021, 4:49:58 PM
grand father (bolgelo) sent /go 30 30 0  1-23-2021, 4:50:55 PM
grand father (bolgelo) sent /go 30 30 0  1-23-2021, 4:51:33 PM
grand father (bolgelo) sent /go 30 30 0  1-23-2021, 4:52:00 PM
grand father (bolgelo) sent /go 30 30 0  1-23-2021, 4:52:40 PM
grand father (bolgelo) sent /go 30 30 0  1-23-2021, 4:52:52 PM
grand father (bolgelo) sent /go 30 30 0  1-23-2021, 4:54:10 PM
grand father (bolgelo) sent /go 30 30 0  1-23-2021, 4:56:05 PM
grand father (bolgelo) sent /notify guys, lets go in zalp map better 1-23-2021, 4:56:15 PM
grand father (bolgelo) sent /go 15 30 0 store 1-23-2021, 4:56:37 PM
grand father (bolgelo) sent /go 15 30 0  1-23-2021, 4:58:31 PM
grand father (bolgelo) sent /go 15 30 0  1-23-2021, 4:59:02 PM
grand father (bolgelo) sent /go 15 30 0  1-23-2021, 4:59:20 PM
grand father (bolgelo) sent /go 15 30 0  1-23-2021, 5:00:29 PM
grand father (bolgelo) sent /go 15 30 0  1-23-2021, 5:03:08 PM
grand father (bolgelo) sent /go 15 30 0  1-23-2021, 5:04:07 PM
grand father (bolgelo) sent /stats bolgelo 1-23-2021, 5:04:12 PM
grand father (bolgelo) sent /garbage 1-23-2021, 5:05:22 PM
grand father (bolgelo) sent /go 15 30 0  1-23-2021, 5:05:27 PM
grand father (bolgelo) sent /garbage 1-23-2021, 5:05:53 PM
grand father (bolgelo) sent /killall 1-23-2021, 5:06:11 PM
grand father (bolgelo) sent /reboot 1-23-2021, 5:06:45 PM
grand father (bolgelo) sent /inv 1-23-2021, 5:07:47 PM
grand father (bolgelo) sent /garbage 1-23-2021, 5:07:57 PM
grand father (bolgelo) sent /chartrash 1-23-2021, 5:08:00 PM
grand father (bolgelo) sent /inv 1-23-2021, 6:42:49 PM