
stepman(stepman) used a tk_ultra_health_potion 1-23-2021, 3:02:59 PM
stepman(stepman) used a tk_ultra_health_potion 1-23-2021, 3:05:17 PM
stepman(stepman) used a tk_ultra_health_potion 1-23-2021, 3:05:17 PM
stepman(stepman) used a tk_ultra_health_potion 1-23-2021, 3:05:26 PM
stepman(stepman) used a tk_ultra_health_potion 1-23-2021, 3:05:27 PM
stepman(stepman) used a the_legendary_sword 1-23-2021, 3:05:33 PM
stepman(stepman) used a tk_ultra_health_potion 1-23-2021, 3:05:55 PM
stepman(stepman) used a tk_ultra_health_potion 1-23-2021, 3:05:56 PM
stepman(stepman) used a empty_beer_bottle 1-23-2021, 3:06:11 PM
stepman(stepman) used a empty_beer_bottle 1-23-2021, 3:08:55 PM
stepman(stepman) used a empty_beer_bottle 1-23-2021, 3:08:56 PM
stepman(stepman) used a empty_beer_bottle 1-23-2021, 3:08:57 PM
stepman(stepman) used a empty_beer_bottle 1-23-2021, 3:09:54 PM
stepman(stepman) used a tk_ultra_health_potion 1-23-2021, 3:12:39 PM
stepman(stepman) used a tk_ultra_health_potion 1-23-2021, 3:16:05 PM
stepman(stepman) used a tk_ultra_health_potion 1-23-2021, 3:19:46 PM
stepman(stepman) used a tk_ultra_health_potion 1-23-2021, 3:21:54 PM
stepman(stepman) used a empty_beer_bottle 1-23-2021, 3:22:25 PM
stepman(stepman) used a storm_sniper 1-23-2021, 3:23:29 PM
stepman(stepman) used a tk_ultra_health_potion 1-23-2021, 3:30:31 PM
stepman(stepman) used a rocket_launcher 1-23-2021, 3:30:38 PM
stepman(stepman) used a tk_ultra_health_potion 1-23-2021, 3:31:02 PM
stepman(stepman) used a tk_ultra_health_potion 1-23-2021, 3:31:26 PM
stepman(stepman) used a hand_cannon 1-23-2021, 3:31:33 PM
stepman(stepman) used a tk_ultra_health_potion 1-23-2021, 3:32:02 PM
stepman(stepman) used a tk_ultra_health_potion 1-23-2021, 3:32:38 PM
stepman(stepman) used a tk_ultra_health_potion 1-23-2021, 3:34:30 PM
stepman(stepman) used a tk_ultra_health_potion 1-23-2021, 3:34:37 PM
stepman(stepman) used a concussive_grenade 1-23-2021, 3:35:07 PM
stepman(stepman) used a tk_ultra_health_potion 1-23-2021, 3:35:08 PM
stepman(stepman) used a tk_ultra_health_potion 1-23-2021, 3:38:59 PM
stepman(stepman) used a tk_ultra_health_potion 1-23-2021, 3:38:59 PM
stepman(stepman) used a tk_ultra_health_potion 1-23-2021, 3:39:15 PM
stepman(stepman) used a concussive_grenade 1-23-2021, 3:39:16 PM
stepman(stepman) used a tk_ultra_health_potion 1-23-2021, 3:39:17 PM
stepman(stepman) used a tk_ultra_health_potion 1-23-2021, 3:41:08 PM
stepman(stepman) used a tk_ultra_health_potion 1-23-2021, 3:45:01 PM
stepman(stepman) used a tk_ultra_health_potion 1-23-2021, 3:45:01 PM
stepman(stepman) used a tk_ultra_health_potion 1-23-2021, 3:48:09 PM
stepman(stepman) used a tk_ultra_health_potion 1-23-2021, 3:53:23 PM
stepman(stepman) used a tk_ultra_health_potion 1-23-2021, 3:53:23 PM
stepman(stepman) used a empty_beer_bottle 1-23-2021, 3:53:25 PM
stepman(stepman) used a empty_beer_bottle 1-23-2021, 3:53:26 PM
stepman(stepman) used a empty_beer_bottle 1-23-2021, 3:53:26 PM
stepman(stepman) used a empty_beer_bottle 1-23-2021, 3:53:26 PM
stepman(stepman) used a empty_beer_bottle 1-23-2021, 3:53:26 PM
stepman(stepman) used a empty_beer_bottle 1-23-2021, 3:53:26 PM
stepman(stepman) used a empty_beer_bottle 1-23-2021, 3:53:26 PM
stepman(stepman) used a empty_beer_bottle 1-23-2021, 3:53:27 PM
stepman(stepman) used a empty_beer_bottle 1-23-2021, 3:53:27 PM
stepman(stepman) used a empty_beer_bottle 1-23-2021, 3:53:36 PM
stepman(stepman) used a empty_beer_bottle 1-23-2021, 3:53:37 PM
stepman(stepman) used a empty_beer_bottle 1-23-2021, 3:54:09 PM
stepman(stepman) used a empty_beer_bottle 1-23-2021, 3:54:10 PM
stepman(stepman) used a empty_beer_bottle 1-23-2021, 3:54:10 PM
stepman(stepman) used a empty_beer_bottle 1-23-2021, 3:54:10 PM
stepman(stepman) used a empty_beer_bottle 1-23-2021, 3:54:10 PM
stepman(stepman) used a tk_ultra_health_potion 1-23-2021, 3:54:32 PM
stepman(stepman) used a tk_ultra_health_potion 1-23-2021, 3:54:32 PM
stepman(stepman) used a empty_beer_bottle 1-23-2021, 3:54:33 PM
stepman(stepman) used a empty_beer_bottle 1-23-2021, 3:54:33 PM
stepman(stepman) used a empty_beer_bottle 1-23-2021, 3:54:34 PM
stepman(stepman) used a empty_beer_bottle 1-23-2021, 3:54:46 PM
stepman(stepman) used a empty_beer_bottle 1-23-2021, 3:54:46 PM
stepman(stepman) used a empty_beer_bottle 1-23-2021, 3:54:46 PM
stepman(stepman) used a empty_beer_bottle 1-23-2021, 3:54:46 PM
stepman(stepman) used a empty_beer_bottle 1-23-2021, 3:54:46 PM
stepman(stepman) used a empty_beer_bottle 1-23-2021, 3:54:46 PM
stepman(stepman) used a fire_starter 1-23-2021, 3:57:20 PM
stepman(stepman) used a tk_ultra_health_potion 1-23-2021, 3:57:32 PM
stepman(stepman) used a tk_ultra_health_potion 1-23-2021, 3:58:00 PM
stepman(stepman) used a concussive_grenade 1-23-2021, 3:58:03 PM
stepman(stepman) used a concussive_grenade 1-23-2021, 3:58:12 PM
stepman(stepman) used a tk_ultra_health_potion 1-23-2021, 3:58:18 PM
stepman(stepman) used a concussive_grenade 1-23-2021, 3:58:22 PM
stepman(stepman) used a helicopter 1-23-2021, 3:58:39 PM
stepman(stepman) used a helicopter 1-23-2021, 3:58:50 PM
stepman(stepman) used a helicopter 1-23-2021, 3:59:09 PM
stepman(stepman) used a guided_missile 1-23-2021, 3:59:10 PM
stepman(stepman) used a guided_missile 1-23-2021, 3:59:13 PM
stepman(stepman) used a guided_missile 1-23-2021, 3:59:13 PM
stepman(stepman) used a guided_missile 1-23-2021, 3:59:14 PM
stepman(stepman) used a helicopter 1-23-2021, 3:59:17 PM
stepman(stepman) used a guided_missile 1-23-2021, 3:59:18 PM
stepman(stepman) used a helicopter 1-23-2021, 3:59:23 PM
stepman(stepman) used a tk_ultra_health_potion 1-23-2021, 3:59:39 PM
stepman(stepman) used a concussive_grenade 1-23-2021, 3:59:40 PM
stepman(stepman) used a concussive_grenade 1-23-2021, 3:59:44 PM
stepman(stepman) used a concussive_grenade 1-23-2021, 3:59:48 PM
stepman(stepman) used a helicopter 1-23-2021, 3:59:51 PM
stepman(stepman) used a guided_missile 1-23-2021, 3:59:52 PM
stepman(stepman) used a helicopter 1-23-2021, 4:00:05 PM
stepman(stepman) used a guided_missile 1-23-2021, 4:00:06 PM
stepman(stepman) used a helicopter 1-23-2021, 4:00:14 PM
stepman(stepman) used a tk_ultra_health_potion 1-23-2021, 4:00:17 PM
stepman(stepman) used a concussive_grenade 1-23-2021, 4:00:18 PM
stepman(stepman) used a concussive_grenade 1-23-2021, 4:00:22 PM
stepman(stepman) used a tk_ultra_health_potion 1-23-2021, 4:00:28 PM
stepman(stepman) used a concussive_grenade 1-23-2021, 4:00:31 PM
stepman(stepman) used a guided_missile 1-23-2021, 4:00:36 PM
stepman(stepman) used a concussive_grenade 1-23-2021, 4:00:55 PM
stepman(stepman) used a tk_ultra_health_potion 1-23-2021, 4:00:56 PM
stepman(stepman) used a concussive_grenade 1-23-2021, 4:00:58 PM
stepman(stepman) used a tk_ultra_health_potion 1-23-2021, 4:01:05 PM
stepman(stepman) used a concussive_grenade 1-23-2021, 4:01:06 PM
stepman(stepman) used a concussive_grenade 1-23-2021, 4:01:12 PM
stepman(stepman) used a tk_ultra_health_potion 1-23-2021, 4:01:29 PM
stepman(stepman) used a concussive_grenade 1-23-2021, 4:01:30 PM
stepman(stepman) used a tk_ultra_health_potion 1-23-2021, 4:01:42 PM
stepman(stepman) used a concussive_grenade 1-23-2021, 4:01:43 PM
stepman(stepman) used a concussive_grenade 1-23-2021, 4:01:52 PM
stepman(stepman) used a helicopter 1-23-2021, 4:02:27 PM
stepman(stepman) used a tk_ultra_health_potion 1-23-2021, 4:02:58 PM
stepman(stepman) used a tk_ultra_health_potion 1-23-2021, 4:03:11 PM
stepman(stepman) used a the_legendary_sword 1-23-2021, 4:03:16 PM
stepman(stepman) used a concussive_grenade 1-23-2021, 4:03:19 PM
stepman(stepman) used a concussive_grenade 1-23-2021, 4:03:29 PM
stepman(stepman) used a concussive_grenade 1-23-2021, 4:03:29 PM
stepman(stepman) used a concussive_grenade 1-23-2021, 4:03:44 PM
stepman(stepman) used a helicopter 1-23-2021, 4:03:50 PM
stepman(stepman) used a tk_ultra_health_potion 1-23-2021, 4:03:55 PM
stepman(stepman) used a concussive_grenade 1-23-2021, 4:04:06 PM
stepman(stepman) used a tk_ultra_health_potion 1-23-2021, 4:04:18 PM
stepman(stepman) used a concussive_grenade 1-23-2021, 4:04:20 PM
stepman(stepman) used a concussive_grenade 1-23-2021, 4:04:49 PM
stepman(stepman) used a tk_ultra_health_potion 1-23-2021, 4:04:52 PM
stepman(stepman) used a team_member_booster 1-23-2021, 5:05:24 PM
stepman(stepman) used a team_member_booster 1-23-2021, 5:05:25 PM
stepman(stepman) used a team_member_booster 1-23-2021, 5:05:26 PM
stepman(stepman) used a team_member_booster 1-23-2021, 5:05:27 PM
stepman(stepman) used a tk_ultra_health_potion 1-23-2021, 5:09:32 PM
stepman(stepman) used a tk_ultra_health_potion 1-23-2021, 5:11:25 PM
stepman(stepman) used a tk_ultra_health_potion 1-23-2021, 5:11:25 PM
stepman(stepman) used a tk_ultra_health_potion 1-23-2021, 5:15:29 PM
stepman(stepman) used a tk_ultra_health_potion 1-23-2021, 5:21:11 PM
stepman(stepman) used a tk_ultra_health_potion 1-23-2021, 5:21:12 PM
stepman(stepman) used a tk_ultra_health_potion 1-23-2021, 5:21:28 PM
stepman(stepman) used a empty_beer_bottle 1-23-2021, 5:21:41 PM
stepman(stepman) used a tk_ultra_health_potion 1-23-2021, 5:22:54 PM
stepman(stepman) used a concussive_grenade 1-23-2021, 5:22:55 PM
stepman(stepman) used a concussive_grenade 1-23-2021, 5:22:55 PM
stepman(stepman) used a concussive_grenade 1-23-2021, 5:22:56 PM
stepman(stepman) used a concussive_grenade 1-23-2021, 5:23:01 PM
stepman(stepman) used a concussive_grenade 1-23-2021, 5:23:07 PM
stepman(stepman) used a empty_beer_bottle 1-23-2021, 5:23:26 PM
stepman(stepman) used a empty_beer_bottle 1-23-2021, 5:23:58 PM
stepman(stepman) used a empty_beer_bottle 1-23-2021, 5:24:03 PM
stepman(stepman) used a empty_beer_bottle 1-23-2021, 5:24:17 PM
stepman(stepman) used a empty_beer_bottle 1-23-2021, 5:24:20 PM
stepman(stepman) used a empty_beer_bottle 1-23-2021, 5:24:29 PM
stepman(stepman) used a empty_beer_bottle 1-23-2021, 5:24:38 PM
stepman(stepman) used a empty_beer_bottle 1-23-2021, 5:24:58 PM
stepman(stepman) used a empty_beer_bottle 1-23-2021, 5:25:14 PM
stepman(stepman) used a empty_beer_bottle 1-23-2021, 5:25:33 PM
stepman(stepman) used a empty_beer_bottle 1-23-2021, 5:25:35 PM
stepman(stepman) used a empty_beer_bottle 1-23-2021, 5:26:20 PM
stepman(stepman) used a empty_beer_bottle 1-23-2021, 5:26:36 PM
stepman(stepman) used a empty_beer_bottle 1-23-2021, 5:26:37 PM
stepman(stepman) used a empty_beer_bottle 1-23-2021, 5:26:37 PM
stepman(stepman) used a empty_beer_bottle 1-23-2021, 5:26:43 PM
stepman(stepman) used a empty_beer_bottle 1-23-2021, 5:26:49 PM
stepman(stepman) used a empty_beer_bottle 1-23-2021, 5:27:04 PM
stepman(stepman) used a empty_beer_bottle 1-23-2021, 5:27:04 PM
stepman(stepman) used a empty_beer_bottle 1-23-2021, 5:27:04 PM
stepman(stepman) used a empty_beer_bottle 1-23-2021, 5:27:07 PM
stepman(stepman) used a empty_beer_bottle 1-23-2021, 5:27:14 PM
stepman(stepman) used a empty_beer_bottle 1-23-2021, 5:27:14 PM
stepman(stepman) used a empty_beer_bottle 1-23-2021, 5:27:14 PM
stepman(stepman) used a empty_beer_bottle 1-23-2021, 5:27:17 PM
stepman(stepman) used a empty_beer_bottle 1-23-2021, 5:27:21 PM
stepman(stepman) used a empty_beer_bottle 1-23-2021, 5:27:24 PM
stepman(stepman) used a empty_beer_bottle 1-23-2021, 5:27:56 PM
stepman(stepman) used a empty_beer_bottle 1-23-2021, 5:27:58 PM
stepman(stepman) used a empty_beer_bottle 1-23-2021, 5:28:10 PM
stepman(stepman) used a empty_beer_bottle 1-23-2021, 5:28:24 PM
stepman(stepman) used a empty_beer_bottle 1-23-2021, 5:28:25 PM
stepman(stepman) used a empty_beer_bottle 1-23-2021, 5:28:27 PM
stepman(stepman) used a empty_beer_bottle 1-23-2021, 5:28:29 PM
stepman(stepman) used a empty_beer_bottle 1-23-2021, 5:29:30 PM
stepman(stepman) used a empty_beer_bottle 1-23-2021, 5:29:38 PM
stepman(stepman) used a empty_beer_bottle 1-23-2021, 5:29:45 PM
stepman(stepman) used a empty_beer_bottle 1-23-2021, 5:29:52 PM
stepman(stepman) used a coin 1-23-2021, 5:34:07 PM
stepman(stepman) used a tank 1-23-2021, 5:37:12 PM
stepman(stepman) used a empty_beer_bottle 1-23-2021, 5:38:09 PM
stepman(stepman) used a empty_beer_bottle 1-23-2021, 5:38:09 PM
stepman(stepman) used a empty_beer_bottle 1-23-2021, 5:38:09 PM
stepman(stepman) used a empty_beer_bottle 1-23-2021, 5:38:09 PM
stepman(stepman) used a empty_beer_bottle 1-23-2021, 5:38:09 PM
stepman(stepman) used a empty_beer_bottle 1-23-2021, 5:38:10 PM
stepman(stepman) used a empty_beer_bottle 1-23-2021, 5:38:10 PM
stepman(stepman) used a empty_beer_bottle 1-23-2021, 5:38:10 PM
stepman(stepman) used a empty_beer_bottle 1-23-2021, 5:38:10 PM
stepman(stepman) used a empty_beer_bottle 1-23-2021, 5:38:11 PM
stepman(stepman) used a empty_beer_bottle 1-23-2021, 5:38:11 PM
stepman(stepman) used a police_car 1-23-2021, 5:38:23 PM