
darkfrent (darkfrent) said пиздец 12-30-2020, 12:42:13 AM
darkfrent (darkfrent) said так  € отходил 12-30-2020, 1:30:57 AM
darkfrent (darkfrent) said хь 12-30-2020, 1:38:27 AM
darkfrent (darkfrent) said прикольно 12-30-2020, 1:38:39 AM
darkfrent (darkfrent) said где 12-30-2020, 1:38:49 AM
darkfrent (darkfrent) said  оо прикольно 12-30-2020, 1:39:58 AM
darkfrent (darkfrent) said € забыл как попасть 12-30-2020, 1:40:06 AM
darkfrent (darkfrent) said туда 12-30-2020, 1:40:11 AM
darkfrent (darkfrent) said да ладно с первого раза 12-30-2020, 1:41:51 AM
darkfrent (darkfrent) said попробуй 12-30-2020, 1:42:05 AM
darkfrent (darkfrent) said хахаха 12-30-2020, 1:42:21 AM
darkfrent (darkfrent) said хах  12-30-2020, 1:46:26 AM
darkfrent (darkfrent) said hi 12-30-2020, 11:16:42 AM
darkfrent (darkfrent) said you mi bich 12-30-2020, 11:17:06 AM
darkfrent (darkfrent) said hahahah lohhhh 12-30-2020, 11:17:14 AM
darkfrent (darkfrent) said yarina stoy 12-30-2020, 11:17:31 AM
darkfrent (darkfrent) said  ты знаешь куда итти? 12-30-2020, 11:17:56 AM
darkfrent (darkfrent) said молодец 12-30-2020, 11:18:22 AM
darkfrent (darkfrent) said сукккккккка 12-30-2020, 11:18:54 AM
darkfrent (darkfrent) said хай лошок 12-30-2020, 11:19:05 AM
darkfrent (darkfrent) said да 12-30-2020, 11:19:11 AM
darkfrent (darkfrent) said хаахахаахахахахахахахаха лохх 12-30-2020, 11:21:17 AM
darkfrent (darkfrent) said дальше помоему на 10 клеток в права надо прыгать 12-30-2020, 11:22:28 AM
darkfrent (darkfrent) said копец 12-30-2020, 11:23:58 AM
darkfrent (darkfrent) said куда 12-30-2020, 11:24:24 AM
darkfrent (darkfrent) said хм 12-30-2020, 11:24:36 AM
darkfrent (darkfrent) said шо 12-30-2020, 11:25:33 AM
darkfrent (darkfrent) said м? 12-30-2020, 11:27:50 AM
darkfrent (darkfrent) said хз 12-30-2020, 11:27:56 AM
darkfrent (darkfrent) said энтр 12-30-2020, 11:28:03 AM
darkfrent (darkfrent) said попробуй 12-30-2020, 11:28:08 AM
darkfrent (darkfrent) said хм 12-30-2020, 11:28:14 AM
darkfrent (darkfrent) said а назад итти можешь? 12-30-2020, 11:28:22 AM
darkfrent (darkfrent) said есть 12-30-2020, 11:28:38 AM
darkfrent (darkfrent) said шо там 12-30-2020, 11:29:16 AM
darkfrent (darkfrent) said е е е  12-30-2020, 11:29:30 AM
darkfrent (darkfrent) said беэээээ € дальше теб€ 12-30-2020, 11:29:42 AM
darkfrent (darkfrent) said сука 12-30-2020, 11:29:54 AM
darkfrent (darkfrent) said сука 12-30-2020, 11:30:07 AM
darkfrent (darkfrent) said есть 12-30-2020, 11:30:48 AM
darkfrent (darkfrent) said га 12-30-2020, 11:33:51 AM
darkfrent (darkfrent) said привет 12-30-2020, 11:35:31 AM
darkfrent (darkfrent) said да прыгай уже 12-30-2020, 11:36:29 AM
darkfrent (darkfrent) said прыгнула 12-30-2020, 11:36:38 AM
darkfrent (darkfrent) said чего ты в тт не зайдЄш 12-30-2020, 11:37:46 AM
darkfrent (darkfrent) said да 12-30-2020, 11:40:04 AM
darkfrent (darkfrent) said прыгнула 12-30-2020, 11:40:19 AM
darkfrent (darkfrent) said а € с балки прыгаю 12-30-2020, 11:40:25 AM
darkfrent (darkfrent) said на 0 51 12-30-2020, 11:40:31 AM
darkfrent (darkfrent) said и через бомбу сразу 12-30-2020, 11:40:36 AM
darkfrent (darkfrent) said бл€ть ебать дрочить 12-30-2020, 11:41:03 AM
darkfrent (darkfrent) said ой бл€ 12-30-2020, 11:41:52 AM
darkfrent (darkfrent) said фух 12-30-2020, 11:42:36 AM
darkfrent (darkfrent) said дерьмо о о оо  12-30-2020, 11:43:03 AM
darkfrent (darkfrent) said дерьмо о  о о о о о  о  12-30-2020, 11:43:54 AM
darkfrent (darkfrent) said f[f[ff[ 12-30-2020, 11:46:21 AM
darkfrent (darkfrent) said так € жрать 12-30-2020, 11:49:02 AM
darkfrent (darkfrent) said hi 12-30-2020, 1:38:25 PM
darkfrent (darkfrent) said hi 12-30-2020, 1:38:43 PM
darkfrent (darkfrent) said чего 12-30-2020, 1:39:08 PM
darkfrent (darkfrent) said извен€юсь 12-30-2020, 3:58:17 PM
darkfrent (darkfrent) said хахаа 12-30-2020, 3:59:30 PM
darkfrent (darkfrent) said изи 12-30-2020, 3:59:37 PM
darkfrent (darkfrent) said некита 12-30-2020, 4:07:14 PM
darkfrent (darkfrent) said а чего по стенкам можно лазить? 12-30-2020, 4:07:25 PM
darkfrent (darkfrent) said по стене? 12-30-2020, 4:07:29 PM
darkfrent (darkfrent) said ну ладно 12-30-2020, 4:07:39 PM
darkfrent (darkfrent) said .ишв 1 12-30-2020, 4:08:56 PM
darkfrent (darkfrent) said ой 12-30-2020, 4:08:59 PM
darkfrent (darkfrent) said с новым 12-30-2020, 4:10:15 PM
darkfrent (darkfrent) said в з а и мно 12-30-2020, 4:10:44 PM
darkfrent (darkfrent) said становись на 0 8 12-30-2020, 5:19:15 PM
darkfrent (darkfrent) said и прыг три раза стрелка в верх 12-30-2020, 5:19:25 PM
darkfrent (darkfrent) said гы ы ы ы 12-30-2020, 5:19:54 PM
darkfrent (darkfrent) said hi 12-30-2020, 7:29:24 PM
darkfrent (darkfrent) said hahahaha 12-30-2020, 7:29:47 PM
darkfrent (darkfrent) said да как то так 12-30-2020, 7:33:36 PM
darkfrent (darkfrent) said вот л€нь где € 12-30-2020, 7:33:59 PM
darkfrent (darkfrent) said коры мои 12-30-2020, 7:34:04 PM
darkfrent (darkfrent) said угу 12-30-2020, 7:34:26 PM
darkfrent (darkfrent) said привет 12-30-2020, 7:35:57 PM
darkfrent (darkfrent) said bolgilo 12-30-2020, 7:41:16 PM
darkfrent (darkfrent) said h 12-30-2020, 9:35:34 PM
darkfrent (darkfrent) said no 12-30-2020, 9:36:00 PM
darkfrent (darkfrent) said ha ha a aaaa 12-30-2020, 9:38:35 PM
darkfrent (darkfrent) said там в право пр≥гай 12-30-2020, 9:40:35 PM
darkfrent (darkfrent) said на стенку 12-30-2020, 9:40:37 PM
darkfrent (darkfrent) said хаххахахаахах 12-30-2020, 9:41:02 PM
darkfrent (darkfrent) said ж ду 12-30-2020, 9:41:22 PM
darkfrent (darkfrent) said н у б л € ть 12-30-2020, 9:41:59 PM
darkfrent (darkfrent) said нармально там вс' 12-30-2020, 9:42:31 PM
darkfrent (darkfrent) said вс' 12-30-2020, 9:42:35 PM
darkfrent (darkfrent) said пр≥гаешь и 1 раз в верх 12-30-2020, 9:42:52 PM
darkfrent (darkfrent) said стрелку 12-30-2020, 9:42:55 PM
darkfrent (darkfrent) said теперь 2 12-30-2020, 9:43:14 PM
darkfrent (darkfrent) said пр≥г и 2 в верх 12-30-2020, 9:43:19 PM
darkfrent (darkfrent) said теперь 5 раз в верх 12-30-2020, 9:43:39 PM
darkfrent (darkfrent) said пр≥гай в паво 12-30-2020, 9:43:55 PM
darkfrent (darkfrent) said теперь в верх в лево и в перЄд по разу 12-30-2020, 9:44:32 PM
darkfrent (darkfrent) said и теперь в перйд 10 раз 12-30-2020, 9:44:54 PM
darkfrent (darkfrent) said с прыжком 12-30-2020, 9:44:58 PM
darkfrent (darkfrent) said за хильс€ 12-30-2020, 9:45:03 PM
darkfrent (darkfrent) said лети 12-30-2020, 9:45:24 PM
darkfrent (darkfrent) said билиин 12-30-2020, 9:46:08 PM
darkfrent (darkfrent) said надо было 1 раз в верх 12-30-2020, 9:47:16 PM
darkfrent (darkfrent) said бл€ 12-30-2020, 9:48:14 PM
darkfrent (darkfrent) said 1 раз 12-30-2020, 9:48:48 PM
darkfrent (darkfrent) said ща 12-30-2020, 9:48:59 PM
darkfrent (darkfrent) said  € на всЄ про всЄ 12-30-2020, 9:49:18 PM
darkfrent (darkfrent) said лень тут дан€ ещЄ 12-30-2020, 9:49:41 PM
darkfrent (darkfrent) said 5 раз надо было 12-30-2020, 9:50:52 PM
darkfrent (darkfrent) said запрыгнуть надо камерой смотри 12-30-2020, 9:53:17 PM
darkfrent (darkfrent) said видел 12-30-2020, 9:53:34 PM
darkfrent (darkfrent) said шо надо 12-30-2020, 9:56:53 PM
darkfrent (darkfrent) said шо надо 12-30-2020, 10:00:42 PM
darkfrent (darkfrent) said нахер 12-30-2020, 10:00:59 PM
darkfrent (darkfrent) said на самом деле € не помню 12-30-2020, 10:01:30 PM
darkfrent (darkfrent) said а там надо на 10 клеток в перЄд прыгать 12-30-2020, 10:01:44 PM
darkfrent (darkfrent) said на 0 59 0 12-30-2020, 10:13:07 PM