
vadimka (vadimka) sent /events 12-30-2020, 10:48:27 AM
vadimka (vadimka) sent /where Yarina 12-30-2020, 10:51:07 AM
vadimka (vadimka) sent /where Yarina 12-30-2020, 10:51:46 AM
vadimka (vadimka) sent / где ярина 12-30-2020, 10:51:59 AM
vadimka (vadimka) sent /s2 12-30-2020, 10:57:36 AM
vadimka (vadimka) sent /s12 12-30-2020, 10:57:56 AM
vadimka (vadimka) sent /events 12-30-2020, 6:30:14 PM
vadimka (vadimka) sent /joinevent 0467 12-30-2020, 6:30:25 PM
vadimka (vadimka) sent /joinevent 0467 12-30-2020, 6:30:34 PM
vadimka (vadimka) sent /joinevent 0467 12-30-2020, 6:30:46 PM
vadimka (vadimka) sent /joinevent 0476 12-30-2020, 6:31:01 PM
vadimka (vadimka) sent /robotinfo 12-30-2020, 6:34:59 PM
vadimka (vadimka) sent /joinevent 0476 12-30-2020, 6:42:05 PM
vadimka (vadimka) sent /jointeam killers killer 12-30-2020, 6:55:38 PM
vadimka (vadimka) sent /joinevent 0476 12-30-2020, 7:06:06 PM
vadimka (vadimka) sent /leaveevent 12-30-2020, 7:06:11 PM
vadimka (vadimka) sent /joinevent 0476' 12-30-2020, 7:06:19 PM
vadimka (vadimka) sent /joinevent 0476 12-30-2020, 7:06:24 PM
vadimka (vadimka) sent /joinevent 0476 12-30-2020, 7:09:13 PM
vadimka (vadimka) sent /events 12-30-2020, 7:09:36 PM
vadimka (vadimka) sent /suicide 12-30-2020, 7:09:55 PM
vadimka (vadimka) sent /leqaveevent 12-30-2020, 7:12:08 PM
vadimka (vadimka) sent /leaveevent 12-30-2020, 7:12:14 PM
vadimka (vadimka) sent /teamcreate 12-30-2020, 7:15:40 PM
vadimka (vadimka) sent /teamleave 12-30-2020, 7:15:49 PM
vadimka (vadimka) sent /joinevent 0863 12-30-2020, 8:10:31 PM
vadimka (vadimka) sent /where nikita-k 12-30-2020, 8:12:13 PM
vadimka (vadimka) sent /teamcancel 12-30-2020, 8:18:55 PM
vadimka (vadimka) sent /where tramp 12-30-2020, 8:19:12 PM
vadimka (vadimka) sent /jointeam gungsters gungster123 12-30-2020, 8:20:03 PM
vadimka (vadimka) sent /s2 12-30-2020, 8:28:50 PM
vadimka (vadimka) sent /s3 12-30-2020, 8:28:53 PM
vadimka (vadimka) sent /s3 12-30-2020, 8:28:56 PM
vadimka (vadimka) sent /s30 12-30-2020, 8:29:27 PM
vadimka (vadimka) sent /s57 12-30-2020, 8:29:33 PM
vadimka (vadimka) sent /events 12-30-2020, 8:44:03 PM
vadimka (vadimka) sent /leaveevent 12-30-2020, 8:44:10 PM
vadimka (vadimka) sent /teamleave 12-30-2020, 8:44:26 PM
vadimka (vadimka) sent /suicide 12-30-2020, 8:44:29 PM
vadimka (vadimka) sent /suicide 12-30-2020, 8:46:39 PM
vadimka (vadimka) sent /where krokodailtop 12-30-2020, 9:07:18 PM
vadimka (vadimka) sent /suicide 12-30-2020, 9:10:11 PM
vadimka (vadimka) sent /suicide 12-30-2020, 10:03:20 PM
vadimka (vadimka) sent /joinevent 0863 12-30-2020, 10:22:56 PM
vadimka (vadimka) sent /s57 12-30-2020, 11:02:20 PM