
Yarina(Yarina) used a coin 9-5-2020, 10:26:26 AM
Yarina(Yarina) used a coin 9-5-2020, 10:26:27 AM
Yarina(Yarina) used a coin 9-5-2020, 10:26:29 AM
Yarina(Yarina) used a coin 9-5-2020, 10:26:30 AM
Yarina(Yarina) used a coin 9-5-2020, 10:26:36 AM
Yarina(Yarina) used a coin 9-5-2020, 10:26:37 AM
Yarina(Yarina) used a coin 9-5-2020, 10:26:38 AM
Yarina(Yarina) used a coin 9-5-2020, 10:26:39 AM
Yarina(Yarina) used a coin 9-5-2020, 10:26:40 AM
Yarina(Yarina) used a coin 9-5-2020, 10:26:44 AM
Yarina(Yarina) used a coin 9-5-2020, 10:27:17 AM
Yarina(Yarina) used a coin 9-5-2020, 10:28:14 AM
Yarina(Yarina) used a coin 9-5-2020, 10:29:03 AM
Yarina(Yarina) used a coin 9-5-2020, 10:29:05 AM
Yarina(Yarina) used a coin 9-5-2020, 10:29:11 AM
Yarina(Yarina) used a coin 9-5-2020, 10:29:12 AM
Yarina(Yarina) used a coin 9-5-2020, 10:29:13 AM
Yarina(Yarina) used a coin 9-5-2020, 10:29:17 AM
Yarina(Yarina) used a coin 9-5-2020, 10:29:37 AM
Yarina(Yarina) used a coin 9-5-2020, 10:29:44 AM
Yarina(Yarina) used a coin 9-5-2020, 10:30:04 AM
Yarina(Yarina) used a coin 9-5-2020, 10:30:10 AM
Yarina(Yarina) used a coin 9-5-2020, 10:30:15 AM
Yarina(Yarina) used a coin 9-5-2020, 10:30:16 AM
Yarina(Yarina) used a coin 9-5-2020, 10:30:19 AM
Yarina(Yarina) used a coin 9-5-2020, 10:30:21 AM
Yarina(Yarina) used a coin 9-5-2020, 10:30:25 AM
Yarina(Yarina) used a coin 9-5-2020, 10:30:27 AM
Yarina(Yarina) used a coin 9-5-2020, 10:30:29 AM
Yarina(Yarina) used a coin 9-5-2020, 10:30:30 AM
Yarina(Yarina) used a coin 9-5-2020, 10:30:33 AM
Yarina(Yarina) used a coin 9-5-2020, 10:30:34 AM
Yarina(Yarina) used a coin 9-5-2020, 10:30:37 AM
Yarina(Yarina) used a coin 9-5-2020, 10:30:44 AM
Yarina(Yarina) used a coin 9-5-2020, 10:30:46 AM
Yarina(Yarina) used a coin 9-5-2020, 10:30:49 AM
Yarina(Yarina) used a modern_sub_machine_gun_carbine 9-5-2020, 10:33:21 AM
Yarina(Yarina) used a tk_ultra_health_potion 9-5-2020, 10:33:29 AM
Yarina(Yarina) used a tk_ultra_health_potion 9-5-2020, 10:33:29 AM
Yarina(Yarina) used a health_drink 9-5-2020, 10:35:01 AM
Yarina(Yarina) used a health_drink 9-5-2020, 10:35:01 AM
Yarina(Yarina) used a health_drink 9-5-2020, 10:35:01 AM
Yarina(Yarina) used a tk_ultra_health_potion 9-5-2020, 10:35:29 AM
Yarina(Yarina) used a tk_ultra_health_potion 9-5-2020, 10:35:30 AM
Yarina(Yarina) used a health_drink 9-5-2020, 10:35:35 AM
Yarina(Yarina) used a health_drink 9-5-2020, 10:35:37 AM
Yarina(Yarina) used a health_drink 9-5-2020, 10:35:39 AM
Yarina(Yarina) used a health_drink 9-5-2020, 10:35:41 AM
Yarina(Yarina) used a health_drink 9-5-2020, 10:35:41 AM
Yarina(Yarina) used a health_drink 9-5-2020, 10:35:42 AM
Yarina(Yarina) used a health_drink 9-5-2020, 10:35:42 AM
Yarina(Yarina) used a health_drink 9-5-2020, 10:35:42 AM
Yarina(Yarina) used a hand_cannon 9-5-2020, 10:38:31 AM
Yarina(Yarina) used a hand_cannon 9-5-2020, 10:40:35 AM
Yarina(Yarina) used a hand_cannon 9-5-2020, 10:49:20 AM
Yarina(Yarina) used a tk_ultra_health_potion 9-5-2020, 10:54:14 AM
Yarina(Yarina) used a tk_ultra_health_potion 9-5-2020, 10:54:14 AM
Yarina(Yarina) used a health_drink 9-5-2020, 10:54:20 AM
Yarina(Yarina) used a health_drink 9-5-2020, 10:54:20 AM
Yarina(Yarina) used a health_drink 9-5-2020, 10:54:21 AM
Yarina(Yarina) used a health_drink 9-5-2020, 10:54:22 AM
Yarina(Yarina) used a health_drink 9-5-2020, 10:54:23 AM
Yarina(Yarina) used a health_drink 9-5-2020, 10:54:23 AM
Yarina(Yarina) used a health_drink 9-5-2020, 10:54:24 AM
Yarina(Yarina) used a health_drink 9-5-2020, 10:54:24 AM
Yarina(Yarina) used a hand_grenade 9-5-2020, 10:54:40 AM
Yarina(Yarina) used a hand_grenade 9-5-2020, 10:54:41 AM
Yarina(Yarina) used a hand_grenade 9-5-2020, 10:54:45 AM
Yarina(Yarina) used a hand_grenade 9-5-2020, 10:54:46 AM
Yarina(Yarina) used a hand_cannon 9-5-2020, 10:55:10 AM
Yarina(Yarina) used a pack_of_5_mass_bomb 9-5-2020, 11:02:29 AM
Yarina(Yarina) used a pack_of_5_mass_bomb 9-5-2020, 11:02:29 AM
Yarina(Yarina) used a pack_of_5_mass_bomb 9-5-2020, 11:02:29 AM
Yarina(Yarina) used a pack_of_5_mass_bomb 9-5-2020, 11:02:29 AM
Yarina(Yarina) used a pack_of_5_barricade_bomb 9-5-2020, 11:02:33 AM
Yarina(Yarina) used a pack_of_5_barricade_bomb 9-5-2020, 11:02:33 AM
Yarina(Yarina) used a pack_of_5_barricade_bomb 9-5-2020, 11:02:34 AM
Yarina(Yarina) used a pack_of_20_bomb_defuser 9-5-2020, 11:02:38 AM
Yarina(Yarina) used a pack_of_20_bomb_defuser 9-5-2020, 11:02:38 AM
Yarina(Yarina) used a pack_of_20_bomb_defuser 9-5-2020, 11:02:38 AM
Yarina(Yarina) used a pack_of_20_bomb_defuser 9-5-2020, 11:02:39 AM
Yarina(Yarina) used a pack_of_20_bomb_defuser 9-5-2020, 11:02:39 AM
Yarina(Yarina) used a pack_of_15_stone 9-5-2020, 11:02:45 AM
Yarina(Yarina) used a pack_of_15_stone 9-5-2020, 11:02:45 AM
Yarina(Yarina) used a pack_of_15_stone 9-5-2020, 11:02:45 AM
Yarina(Yarina) used a pack_of_20_fire_extinguisher 9-5-2020, 11:02:49 AM
Yarina(Yarina) used a pack_of_15_wirebomb 9-5-2020, 11:02:54 AM
Yarina(Yarina) used a pack_of_15_wirebomb 9-5-2020, 11:02:54 AM
Yarina(Yarina) used a pack_of_15_wirebomb 9-5-2020, 11:02:54 AM
Yarina(Yarina) used a grenade_pack 9-5-2020, 11:03:03 AM
Yarina(Yarina) used a hand_cannon 9-5-2020, 11:08:57 AM
Yarina(Yarina) used a coin 9-5-2020, 12:38:15 PM
Yarina(Yarina) used a coin 9-5-2020, 12:38:16 PM
Yarina(Yarina) used a coin 9-5-2020, 12:38:17 PM
Yarina(Yarina) used a coin 9-5-2020, 12:38:19 PM
Yarina(Yarina) used a coin 9-5-2020, 12:38:20 PM
Yarina(Yarina) used a coin 9-5-2020, 12:38:21 PM
Yarina(Yarina) used a coin 9-5-2020, 12:38:22 PM
Yarina(Yarina) used a coin 9-5-2020, 12:38:26 PM
Yarina(Yarina) used a coin 9-5-2020, 12:38:27 PM
Yarina(Yarina) used a coin 9-5-2020, 12:38:28 PM
Yarina(Yarina) used a coin 9-5-2020, 12:38:30 PM
Yarina(Yarina) used a coin 9-5-2020, 12:38:44 PM
Yarina(Yarina) used a coin 9-5-2020, 12:38:46 PM
Yarina(Yarina) used a coin 9-5-2020, 12:38:48 PM
Yarina(Yarina) used a coin 9-5-2020, 12:38:49 PM
Yarina(Yarina) used a coin 9-5-2020, 12:38:51 PM
Yarina(Yarina) used a coin 9-5-2020, 12:38:52 PM
Yarina(Yarina) used a coin 9-5-2020, 12:38:53 PM
Yarina(Yarina) used a coin 9-5-2020, 12:38:54 PM
Yarina(Yarina) used a coin 9-5-2020, 12:39:10 PM
Yarina(Yarina) used a coin 9-5-2020, 12:39:11 PM
Yarina(Yarina) used a coin 9-5-2020, 12:39:12 PM
Yarina(Yarina) used a coin 9-5-2020, 12:39:13 PM
Yarina(Yarina) used a coin 9-5-2020, 12:39:14 PM
Yarina(Yarina) used a coin 9-5-2020, 12:39:15 PM
Yarina(Yarina) used a coin 9-5-2020, 12:39:43 PM
Yarina(Yarina) used a coin 9-5-2020, 12:39:44 PM
Yarina(Yarina) used a coin 9-5-2020, 12:39:45 PM
Yarina(Yarina) used a coin 9-5-2020, 12:39:48 PM
Yarina(Yarina) used a coin 9-5-2020, 12:40:24 PM
Yarina(Yarina) used a coin 9-5-2020, 12:40:49 PM
Yarina(Yarina) used a coin 9-5-2020, 12:40:50 PM
Yarina(Yarina) used a coin 9-5-2020, 12:40:53 PM
Yarina(Yarina) used a coin 9-5-2020, 12:40:54 PM
Yarina(Yarina) used a coin 9-5-2020, 12:41:19 PM
Yarina(Yarina) used a coin 9-5-2020, 12:42:08 PM
Yarina(Yarina) used a coin 9-5-2020, 12:42:09 PM
Yarina(Yarina) used a coin 9-5-2020, 12:42:11 PM
Yarina(Yarina) used a coin 9-5-2020, 12:42:17 PM
Yarina(Yarina) used a coin 9-5-2020, 12:42:19 PM
Yarina(Yarina) used a coin 9-5-2020, 12:42:21 PM
Yarina(Yarina) used a coin 9-5-2020, 12:42:22 PM
Yarina(Yarina) used a coin 9-5-2020, 12:42:23 PM
Yarina(Yarina) used a coin 9-5-2020, 12:42:24 PM
Yarina(Yarina) used a coin 9-5-2020, 12:42:25 PM
Yarina(Yarina) used a coin 9-5-2020, 12:42:27 PM
Yarina(Yarina) used a coin 9-5-2020, 12:42:28 PM
Yarina(Yarina) used a coin 9-5-2020, 12:42:30 PM
Yarina(Yarina) used a coin 9-5-2020, 12:42:31 PM
Yarina(Yarina) used a coin 9-5-2020, 12:42:32 PM
Yarina(Yarina) used a coin 9-5-2020, 12:42:33 PM
Yarina(Yarina) used a coin 9-5-2020, 12:42:35 PM
Yarina(Yarina) used a coin 9-5-2020, 12:42:36 PM
Yarina(Yarina) used a coin 9-5-2020, 12:42:37 PM
Yarina(Yarina) used a coin 9-5-2020, 12:42:38 PM
Yarina(Yarina) used a coin 9-5-2020, 12:42:40 PM
Yarina(Yarina) used a coin 9-5-2020, 12:42:41 PM
Yarina(Yarina) used a coin 9-5-2020, 12:42:41 PM
Yarina(Yarina) used a coin 9-5-2020, 12:42:42 PM
Yarina(Yarina) used a coin 9-5-2020, 12:42:44 PM
Yarina(Yarina) used a coin 9-5-2020, 12:42:45 PM
Yarina(Yarina) used a coin 9-5-2020, 12:42:47 PM
Yarina(Yarina) used a coin 9-5-2020, 12:42:48 PM
Yarina(Yarina) used a coin 9-5-2020, 12:42:49 PM
Yarina(Yarina) used a coin 9-5-2020, 12:42:50 PM
Yarina(Yarina) used a coin 9-5-2020, 12:42:51 PM
Yarina(Yarina) used a coin 9-5-2020, 12:42:52 PM
Yarina(Yarina) used a coin 9-5-2020, 12:43:03 PM
Yarina(Yarina) used a coin 9-5-2020, 12:43:04 PM
Yarina(Yarina) used a coin 9-5-2020, 12:43:24 PM
Yarina(Yarina) used a coin 9-5-2020, 12:43:26 PM
Yarina(Yarina) used a coin 9-5-2020, 12:43:27 PM
Yarina(Yarina) used a coin 9-5-2020, 12:43:37 PM
Yarina(Yarina) used a coin 9-5-2020, 12:43:38 PM
Yarina(Yarina) used a coin 9-5-2020, 12:43:57 PM
Yarina(Yarina) used a coin 9-5-2020, 12:43:58 PM
Yarina(Yarina) used a coin 9-5-2020, 1:44:28 PM
Yarina(Yarina) used a coin 9-5-2020, 1:44:28 PM
Yarina(Yarina) used a coin 9-5-2020, 1:44:30 PM
Yarina(Yarina) used a coin 9-5-2020, 1:44:52 PM
Yarina(Yarina) used a coin 9-5-2020, 1:44:54 PM
Yarina(Yarina) used a coin 9-5-2020, 1:44:57 PM
Yarina(Yarina) used a coin 9-5-2020, 1:44:59 PM
Yarina(Yarina) used a coin 9-5-2020, 1:45:01 PM
Yarina(Yarina) used a coin 9-5-2020, 1:45:02 PM
Yarina(Yarina) used a coin 9-5-2020, 1:45:06 PM
Yarina(Yarina) used a coin 9-5-2020, 1:45:07 PM
Yarina(Yarina) used a coin 9-5-2020, 1:45:08 PM
Yarina(Yarina) used a coin 9-5-2020, 1:45:10 PM
Yarina(Yarina) used a coin 9-5-2020, 1:45:51 PM
Yarina(Yarina) used a coin 9-5-2020, 1:46:00 PM
Yarina(Yarina) used a coin 9-5-2020, 1:46:01 PM
Yarina(Yarina) used a coin 9-5-2020, 1:46:03 PM
Yarina(Yarina) used a coin 9-5-2020, 1:46:05 PM
Yarina(Yarina) used a coin 9-5-2020, 1:46:06 PM
Yarina(Yarina) used a coin 9-5-2020, 1:46:08 PM
Yarina(Yarina) used a coin 9-5-2020, 1:46:11 PM
Yarina(Yarina) used a coin 9-5-2020, 1:46:12 PM
Yarina(Yarina) used a coin 9-5-2020, 1:46:13 PM
Yarina(Yarina) used a coin 9-5-2020, 1:46:16 PM
Yarina(Yarina) used a coin 9-5-2020, 1:46:17 PM
Yarina(Yarina) used a coin 9-5-2020, 1:46:20 PM
Yarina(Yarina) used a coin 9-5-2020, 1:46:23 PM
Yarina(Yarina) used a modern_sub_machine_gun_carbine 9-5-2020, 2:41:52 PM
Yarina(Yarina) used a coin 9-5-2020, 2:43:06 PM
Yarina(Yarina) used a coin 9-5-2020, 2:43:06 PM
Yarina(Yarina) used a coin 9-5-2020, 2:43:06 PM
Yarina(Yarina) used a coin 9-5-2020, 2:43:07 PM
Yarina(Yarina) used a coin 9-5-2020, 2:43:07 PM
Yarina(Yarina) used a coin 9-5-2020, 2:43:07 PM
Yarina(Yarina) used a coin 9-5-2020, 2:43:08 PM
Yarina(Yarina) used a coin 9-5-2020, 2:43:08 PM
Yarina(Yarina) used a coin 9-5-2020, 2:43:08 PM
Yarina(Yarina) used a coin 9-5-2020, 2:43:09 PM
Yarina(Yarina) used a coin 9-5-2020, 2:43:09 PM
Yarina(Yarina) used a coin 9-5-2020, 2:43:10 PM
Yarina(Yarina) used a coin 9-5-2020, 2:43:10 PM
Yarina(Yarina) used a coin 9-5-2020, 2:43:10 PM
Yarina(Yarina) used a coin 9-5-2020, 2:43:10 PM
Yarina(Yarina) used a coin 9-5-2020, 2:43:10 PM
Yarina(Yarina) used a coin 9-5-2020, 2:43:11 PM
Yarina(Yarina) used a coin 9-5-2020, 2:43:11 PM
Yarina(Yarina) used a coin 9-5-2020, 2:43:11 PM
Yarina(Yarina) used a coin 9-5-2020, 2:43:12 PM
Yarina(Yarina) used a coin 9-5-2020, 2:43:12 PM
Yarina(Yarina) used a coin 9-5-2020, 2:43:12 PM
Yarina(Yarina) used a coin 9-5-2020, 2:43:13 PM
Yarina(Yarina) used a coin 9-5-2020, 2:43:13 PM
Yarina(Yarina) used a coin 9-5-2020, 2:43:13 PM
Yarina(Yarina) used a coin 9-5-2020, 2:43:14 PM
Yarina(Yarina) used a coin 9-5-2020, 2:43:14 PM
Yarina(Yarina) used a coin 9-5-2020, 2:43:14 PM
Yarina(Yarina) used a coin 9-5-2020, 2:43:15 PM
Yarina(Yarina) used a coin 9-5-2020, 2:43:15 PM
Yarina(Yarina) used a coin 9-5-2020, 2:43:15 PM
Yarina(Yarina) used a coin 9-5-2020, 2:43:15 PM
Yarina(Yarina) used a coin 9-5-2020, 2:43:15 PM
Yarina(Yarina) used a coin 9-5-2020, 2:43:16 PM
Yarina(Yarina) used a coin 9-5-2020, 2:43:16 PM
Yarina(Yarina) used a coin 9-5-2020, 2:43:16 PM
Yarina(Yarina) used a coin 9-5-2020, 2:43:16 PM
Yarina(Yarina) used a coin 9-5-2020, 2:43:17 PM
Yarina(Yarina) used a coin 9-5-2020, 2:43:17 PM
Yarina(Yarina) used a coin 9-5-2020, 2:43:17 PM
Yarina(Yarina) used a coin 9-5-2020, 2:43:17 PM
Yarina(Yarina) used a coin 9-5-2020, 2:43:18 PM
Yarina(Yarina) used a coin 9-5-2020, 2:43:18 PM
Yarina(Yarina) used a coin 9-5-2020, 2:43:18 PM
Yarina(Yarina) used a coin 9-5-2020, 2:43:18 PM
Yarina(Yarina) used a coin 9-5-2020, 2:43:19 PM
Yarina(Yarina) used a coin 9-5-2020, 2:43:19 PM
Yarina(Yarina) used a coin 9-5-2020, 2:43:19 PM
Yarina(Yarina) used a coin 9-5-2020, 2:43:19 PM
Yarina(Yarina) used a coin 9-5-2020, 2:43:19 PM
Yarina(Yarina) used a coin 9-5-2020, 2:43:20 PM
Yarina(Yarina) used a coin 9-5-2020, 2:43:20 PM
Yarina(Yarina) used a coin 9-5-2020, 2:43:21 PM
Yarina(Yarina) used a coin 9-5-2020, 2:43:21 PM
Yarina(Yarina) used a coin 9-5-2020, 2:43:22 PM
Yarina(Yarina) used a coin 9-5-2020, 2:43:22 PM
Yarina(Yarina) used a coin 9-5-2020, 2:43:23 PM
Yarina(Yarina) used a coin 9-5-2020, 2:43:23 PM
Yarina(Yarina) used a coin 9-5-2020, 2:43:24 PM
Yarina(Yarina) used a coin 9-5-2020, 2:43:24 PM
Yarina(Yarina) used a coin 9-5-2020, 2:43:24 PM
Yarina(Yarina) used a coin 9-5-2020, 2:43:25 PM
Yarina(Yarina) used a coin 9-5-2020, 2:43:25 PM
Yarina(Yarina) used a coin 9-5-2020, 2:43:25 PM
Yarina(Yarina) used a coin 9-5-2020, 2:43:25 PM
Yarina(Yarina) used a coin 9-5-2020, 2:43:26 PM
Yarina(Yarina) used a coin 9-5-2020, 2:43:26 PM
Yarina(Yarina) used a coin 9-5-2020, 2:43:26 PM
Yarina(Yarina) used a coin 9-5-2020, 2:43:26 PM
Yarina(Yarina) used a coin 9-5-2020, 2:43:27 PM
Yarina(Yarina) used a coin 9-5-2020, 2:43:27 PM
Yarina(Yarina) used a coin 9-5-2020, 2:43:27 PM
Yarina(Yarina) used a coin 9-5-2020, 2:43:28 PM
Yarina(Yarina) used a coin 9-5-2020, 2:43:28 PM
Yarina(Yarina) used a coin 9-5-2020, 2:43:29 PM
Yarina(Yarina) used a coin 9-5-2020, 2:43:29 PM
Yarina(Yarina) used a coin 9-5-2020, 2:43:29 PM
Yarina(Yarina) used a coin 9-5-2020, 2:43:29 PM
Yarina(Yarina) used a coin 9-5-2020, 2:43:30 PM
Yarina(Yarina) used a coin 9-5-2020, 2:43:30 PM
Yarina(Yarina) used a coin 9-5-2020, 2:43:30 PM
Yarina(Yarina) used a coin 9-5-2020, 2:43:30 PM
Yarina(Yarina) used a coin 9-5-2020, 2:43:31 PM
Yarina(Yarina) used a coin 9-5-2020, 2:43:31 PM
Yarina(Yarina) used a coin 9-5-2020, 2:43:31 PM
Yarina(Yarina) used a coin 9-5-2020, 2:43:31 PM
Yarina(Yarina) used a coin 9-5-2020, 2:43:32 PM
Yarina(Yarina) used a coin 9-5-2020, 2:43:32 PM
Yarina(Yarina) used a coin 9-5-2020, 2:43:32 PM
Yarina(Yarina) used a coin 9-5-2020, 2:43:33 PM
Yarina(Yarina) used a coin 9-5-2020, 2:43:33 PM
Yarina(Yarina) used a coin 9-5-2020, 2:43:34 PM
Yarina(Yarina) used a coin 9-5-2020, 2:43:34 PM
Yarina(Yarina) used a coin 9-5-2020, 2:43:34 PM
Yarina(Yarina) used a coin 9-5-2020, 2:43:35 PM
Yarina(Yarina) used a coin 9-5-2020, 2:43:35 PM
Yarina(Yarina) used a coin 9-5-2020, 2:43:35 PM
Yarina(Yarina) used a coin 9-5-2020, 2:43:36 PM
Yarina(Yarina) used a coin 9-5-2020, 2:43:40 PM
Yarina(Yarina) used a coin 9-5-2020, 2:43:40 PM
Yarina(Yarina) used a coin 9-5-2020, 2:43:40 PM
Yarina(Yarina) used a coin 9-5-2020, 2:43:41 PM
Yarina(Yarina) used a coin 9-5-2020, 2:43:41 PM
Yarina(Yarina) used a coin 9-5-2020, 2:43:41 PM
Yarina(Yarina) used a coin 9-5-2020, 2:43:42 PM
Yarina(Yarina) used a coin 9-5-2020, 2:43:43 PM
Yarina(Yarina) used a coin 9-5-2020, 2:43:43 PM
Yarina(Yarina) used a coin 9-5-2020, 2:43:43 PM
Yarina(Yarina) used a coin 9-5-2020, 2:43:44 PM
Yarina(Yarina) used a coin 9-5-2020, 2:43:44 PM
Yarina(Yarina) used a coin 9-5-2020, 2:43:44 PM
Yarina(Yarina) used a health_drink 9-5-2020, 2:46:40 PM
Yarina(Yarina) used a health_drink 9-5-2020, 2:46:40 PM
Yarina(Yarina) used a health_drink 9-5-2020, 2:46:40 PM
Yarina(Yarina) used a health_drink 9-5-2020, 2:46:41 PM
Yarina(Yarina) used a health_drink 9-5-2020, 2:46:42 PM
Yarina(Yarina) used a health_drink 9-5-2020, 2:46:42 PM
Yarina(Yarina) used a health_drink 9-5-2020, 2:46:42 PM
Yarina(Yarina) used a health_drink 9-5-2020, 2:46:43 PM
Yarina(Yarina) used a health_drink 9-5-2020, 2:46:43 PM
Yarina(Yarina) used a health_drink 9-5-2020, 2:46:43 PM
Yarina(Yarina) used a health_drink 9-5-2020, 2:46:44 PM
Yarina(Yarina) used a health_drink 9-5-2020, 2:46:45 PM
Yarina(Yarina) used a health_drink 9-5-2020, 2:46:45 PM
Yarina(Yarina) used a health_drink 9-5-2020, 2:46:45 PM
Yarina(Yarina) used a health_drink 9-5-2020, 2:46:46 PM
Yarina(Yarina) used a health_drink 9-5-2020, 2:46:46 PM
Yarina(Yarina) used a health_drink 9-5-2020, 2:46:47 PM
Yarina(Yarina) used a health_drink 9-5-2020, 2:46:47 PM
Yarina(Yarina) used a health_drink 9-5-2020, 2:46:48 PM
Yarina(Yarina) used a health_drink 9-5-2020, 2:46:48 PM
Yarina(Yarina) used a health_drink 9-5-2020, 2:46:48 PM
Yarina(Yarina) used a health_drink 9-5-2020, 2:46:49 PM
Yarina(Yarina) used a health_drink 9-5-2020, 2:46:49 PM
Yarina(Yarina) used a health_drink 9-5-2020, 2:46:50 PM
Yarina(Yarina) used a tk_ultra_health_potion 9-5-2020, 2:47:00 PM
Yarina(Yarina) used a tk_ultra_health_potion 9-5-2020, 2:47:00 PM
Yarina(Yarina) used a health_drink 9-5-2020, 2:47:17 PM
Yarina(Yarina) used a health_drink 9-5-2020, 2:47:17 PM
Yarina(Yarina) used a health_drink 9-5-2020, 2:47:22 PM
Yarina(Yarina) used a health_drink 9-5-2020, 2:47:22 PM
Yarina(Yarina) used a modern_sub_machine_gun_carbine 9-5-2020, 3:03:18 PM
Yarina(Yarina) used a tk_ultra_health_potion 9-5-2020, 3:06:47 PM
Yarina(Yarina) used a tk_ultra_health_potion 9-5-2020, 3:06:48 PM
Yarina(Yarina) used a tk_ultra_health_potion 9-5-2020, 3:11:15 PM
Yarina(Yarina) used a health_drink 9-5-2020, 3:11:22 PM
Yarina(Yarina) used a health_drink 9-5-2020, 3:11:22 PM
Yarina(Yarina) used a health_drink 9-5-2020, 3:11:24 PM
Yarina(Yarina) used a health_drink 9-5-2020, 3:11:24 PM
Yarina(Yarina) used a health_drink 9-5-2020, 3:11:24 PM
Yarina(Yarina) used a health_drink 9-5-2020, 3:11:25 PM
Yarina(Yarina) used a health_drink 9-5-2020, 3:11:25 PM
Yarina(Yarina) used a health_drink 9-5-2020, 3:11:25 PM
Yarina(Yarina) used a health_drink 9-5-2020, 3:11:26 PM
Yarina(Yarina) used a health_drink 9-5-2020, 3:11:26 PM
Yarina(Yarina) used a health_drink 9-5-2020, 3:11:27 PM
Yarina(Yarina) used a health_drink 9-5-2020, 3:11:27 PM
Yarina(Yarina) used a health_drink 9-5-2020, 3:11:28 PM
Yarina(Yarina) used a health_drink 9-5-2020, 3:11:28 PM
Yarina(Yarina) used a health_drink 9-5-2020, 3:11:28 PM
Yarina(Yarina) used a health_drink 9-5-2020, 3:11:29 PM
Yarina(Yarina) used a health_drink 9-5-2020, 3:11:29 PM
Yarina(Yarina) used a aircraft 9-5-2020, 3:17:44 PM
Yarina(Yarina) used a aircraft 9-5-2020, 3:17:46 PM
Yarina(Yarina) used a tk_ultra_health_potion 9-5-2020, 3:20:12 PM
Yarina(Yarina) used a tk_ultra_health_potion 9-5-2020, 3:20:12 PM
Yarina(Yarina) used a health_drink 9-5-2020, 3:20:24 PM
Yarina(Yarina) used a health_drink 9-5-2020, 3:20:24 PM
Yarina(Yarina) used a health_drink 9-5-2020, 3:20:25 PM
Yarina(Yarina) used a health_drink 9-5-2020, 3:20:26 PM
Yarina(Yarina) used a health_drink 9-5-2020, 3:20:26 PM
Yarina(Yarina) used a health_drink 9-5-2020, 3:20:26 PM
Yarina(Yarina) used a health_drink 9-5-2020, 3:20:27 PM
Yarina(Yarina) used a health_drink 9-5-2020, 3:20:27 PM
Yarina(Yarina) used a health_drink 9-5-2020, 3:20:28 PM
Yarina(Yarina) used a health_drink 9-5-2020, 3:20:29 PM
Yarina(Yarina) used a health_drink 9-5-2020, 3:20:29 PM
Yarina(Yarina) used a health_drink 9-5-2020, 3:20:30 PM
Yarina(Yarina) used a health_drink 9-5-2020, 3:20:30 PM
Yarina(Yarina) used a health_drink 9-5-2020, 3:20:30 PM
Yarina(Yarina) used a health_drink 9-5-2020, 3:20:32 PM
Yarina(Yarina) used a health_drink 9-5-2020, 3:20:33 PM
Yarina(Yarina) used a health_drink 9-5-2020, 3:20:33 PM
Yarina(Yarina) used a health_drink 9-5-2020, 3:20:34 PM
Yarina(Yarina) used a aircraft 9-5-2020, 3:22:40 PM
Yarina(Yarina) used a tk_ultra_health_potion 9-5-2020, 3:31:31 PM
Yarina(Yarina) used a tk_ultra_health_potion 9-5-2020, 3:31:31 PM
Yarina(Yarina) used a tk_ultra_health_potion 9-5-2020, 3:46:10 PM
Yarina(Yarina) used a tk_ultra_health_potion 9-5-2020, 3:46:10 PM
Yarina(Yarina) used a hand_grenade 9-5-2020, 3:46:16 PM
Yarina(Yarina) used a hand_grenade 9-5-2020, 3:46:17 PM
Yarina(Yarina) used a health_drink 9-5-2020, 3:46:18 PM
Yarina(Yarina) used a health_drink 9-5-2020, 3:46:18 PM
Yarina(Yarina) used a health_drink 9-5-2020, 3:46:19 PM
Yarina(Yarina) used a health_drink 9-5-2020, 3:46:21 PM
Yarina(Yarina) used a health_drink 9-5-2020, 3:46:21 PM
Yarina(Yarina) used a tk_ultra_health_potion 9-5-2020, 3:46:23 PM
Yarina(Yarina) used a health_drink 9-5-2020, 3:46:24 PM
Yarina(Yarina) used a health_drink 9-5-2020, 3:46:24 PM
Yarina(Yarina) used a health_drink 9-5-2020, 3:46:26 PM
Yarina(Yarina) used a health_drink 9-5-2020, 3:46:26 PM
Yarina(Yarina) used a health_drink 9-5-2020, 3:46:28 PM
Yarina(Yarina) used a health_drink 9-5-2020, 3:46:28 PM
Yarina(Yarina) used a health_drink 9-5-2020, 3:46:30 PM
Yarina(Yarina) used a health_drink 9-5-2020, 3:46:30 PM
Yarina(Yarina) used a health_drink 9-5-2020, 3:46:31 PM
Yarina(Yarina) used a health_drink 9-5-2020, 3:46:31 PM
Yarina(Yarina) used a health_drink 9-5-2020, 3:46:31 PM
Yarina(Yarina) used a carrier_missile 9-5-2020, 3:52:16 PM
Yarina(Yarina) used a carrier_missile 9-5-2020, 3:53:21 PM
Yarina(Yarina) used a tk_ultra_health_potion 9-5-2020, 3:57:08 PM
Yarina(Yarina) used a tk_ultra_health_potion 9-5-2020, 3:57:09 PM
Yarina(Yarina) used a tk_ultra_health_potion 9-5-2020, 3:57:09 PM
Yarina(Yarina) used a tk_ultra_health_potion 9-5-2020, 3:57:09 PM
Yarina(Yarina) used a tk_ultra_health_potion 9-5-2020, 3:57:10 PM
Yarina(Yarina) used a health_drink 9-5-2020, 4:12:05 PM
Yarina(Yarina) used a tk_ultra_health_potion 9-5-2020, 4:12:11 PM
Yarina(Yarina) used a tk_ultra_health_potion 9-5-2020, 4:12:11 PM
Yarina(Yarina) used a tk_ultra_health_potion 9-5-2020, 4:12:11 PM
Yarina(Yarina) used a tk_ultra_health_potion 9-5-2020, 4:12:12 PM
Yarina(Yarina) used a tk_ultra_health_potion 9-5-2020, 4:12:12 PM
Yarina(Yarina) used a tk_ultra_health_potion 9-5-2020, 4:12:12 PM
Yarina(Yarina) used a health_drink 9-5-2020, 4:12:13 PM
Yarina(Yarina) used a health_drink 9-5-2020, 4:12:13 PM
Yarina(Yarina) used a health_drink 9-5-2020, 4:12:15 PM
Yarina(Yarina) used a health_drink 9-5-2020, 4:12:15 PM
Yarina(Yarina) used a health_drink 9-5-2020, 4:12:15 PM
Yarina(Yarina) used a health_drink 9-5-2020, 4:12:16 PM
Yarina(Yarina) used a health_drink 9-5-2020, 4:12:16 PM
Yarina(Yarina) used a health_drink 9-5-2020, 4:12:16 PM
Yarina(Yarina) used a health_drink 9-5-2020, 4:12:18 PM
Yarina(Yarina) used a health_drink 9-5-2020, 4:12:18 PM
Yarina(Yarina) used a health_drink 9-5-2020, 4:12:18 PM
Yarina(Yarina) used a health_drink 9-5-2020, 4:12:19 PM
Yarina(Yarina) used a health_drink 9-5-2020, 4:12:19 PM
Yarina(Yarina) used a health_drink 9-5-2020, 4:12:20 PM
Yarina(Yarina) used a health_drink 9-5-2020, 4:13:58 PM
Yarina(Yarina) used a health_drink 9-5-2020, 4:13:58 PM
Yarina(Yarina) used a health_drink 9-5-2020, 4:14:00 PM
Yarina(Yarina) used a health_drink 9-5-2020, 4:14:05 PM
Yarina(Yarina) used a modern_sub_machine_gun_carbine 9-5-2020, 4:16:02 PM
Yarina(Yarina) used a hand_cannon 9-5-2020, 4:16:24 PM
Yarina(Yarina) used a hand_cannon 9-5-2020, 4:16:24 PM
Yarina(Yarina) used a tk_ultra_health_potion 9-5-2020, 4:28:19 PM
Yarina(Yarina) used a tk_ultra_health_potion 9-5-2020, 4:28:19 PM
Yarina(Yarina) used a tk_ultra_health_potion 9-5-2020, 4:51:23 PM
Yarina(Yarina) used a tk_ultra_health_potion 9-5-2020, 4:51:23 PM
Yarina(Yarina) used a health_drink 9-5-2020, 4:51:31 PM
Yarina(Yarina) used a health_drink 9-5-2020, 4:51:31 PM
Yarina(Yarina) used a health_drink 9-5-2020, 4:51:31 PM
Yarina(Yarina) used a health_drink 9-5-2020, 4:51:32 PM
Yarina(Yarina) used a health_drink 9-5-2020, 4:51:32 PM
Yarina(Yarina) used a health_drink 9-5-2020, 4:51:33 PM
Yarina(Yarina) used a health_drink 9-5-2020, 4:51:33 PM
Yarina(Yarina) used a health_drink 9-5-2020, 4:51:34 PM
Yarina(Yarina) used a health_drink 9-5-2020, 4:51:34 PM
Yarina(Yarina) used a health_drink 9-5-2020, 4:51:35 PM
Yarina(Yarina) used a health_drink 9-5-2020, 4:51:35 PM
Yarina(Yarina) used a health_drink 9-5-2020, 4:51:36 PM
Yarina(Yarina) used a health_drink 9-5-2020, 4:51:36 PM
Yarina(Yarina) used a health_drink 9-5-2020, 4:51:36 PM
Yarina(Yarina) used a health_drink 9-5-2020, 4:51:37 PM
Yarina(Yarina) used a health_drink 9-5-2020, 4:51:37 PM
Yarina(Yarina) used a health_drink 9-5-2020, 4:51:38 PM
Yarina(Yarina) used a health_drink 9-5-2020, 4:51:38 PM
Yarina(Yarina) used a health_drink 9-5-2020, 4:51:39 PM
Yarina(Yarina) used a health_drink 9-5-2020, 4:51:39 PM
Yarina(Yarina) used a health_drink 9-5-2020, 4:51:39 PM
Yarina(Yarina) used a health_drink 9-5-2020, 4:51:40 PM
Yarina(Yarina) used a health_drink 9-5-2020, 4:51:40 PM
Yarina(Yarina) used a health_drink 9-5-2020, 4:51:40 PM
Yarina(Yarina) used a modern_sub_machine_gun_carbine 9-5-2020, 4:52:38 PM
Yarina(Yarina) used a wood_pack 9-5-2020, 5:00:33 PM
Yarina(Yarina) used a wood_pack 9-5-2020, 5:00:34 PM
Yarina(Yarina) used a wood_pack 9-5-2020, 5:00:34 PM
Yarina(Yarina) used a wood_pack 9-5-2020, 5:00:35 PM
Yarina(Yarina) used a wood_pack 9-5-2020, 5:00:35 PM
Yarina(Yarina) used a wood_pack 9-5-2020, 5:00:35 PM
Yarina(Yarina) used a wood_pack 9-5-2020, 5:00:35 PM
Yarina(Yarina) used a wood_pack 9-5-2020, 5:00:35 PM
Yarina(Yarina) used a wood_pack 9-5-2020, 5:00:35 PM
Yarina(Yarina) used a wood_pack 9-5-2020, 5:00:35 PM
Yarina(Yarina) used a wood_pack 9-5-2020, 5:00:46 PM
Yarina(Yarina) used a wood_pack 9-5-2020, 5:00:46 PM
Yarina(Yarina) used a wood_pack 9-5-2020, 5:00:46 PM
Yarina(Yarina) used a wood_pack 9-5-2020, 5:00:47 PM
Yarina(Yarina) used a wood_pack 9-5-2020, 5:00:47 PM
Yarina(Yarina) used a wood_pack 9-5-2020, 5:00:47 PM
Yarina(Yarina) used a wood_pack 9-5-2020, 5:00:47 PM
Yarina(Yarina) used a wood_pack 9-5-2020, 5:00:47 PM
Yarina(Yarina) used a wood_pack 9-5-2020, 5:00:47 PM
Yarina(Yarina) used a wood_pack 9-5-2020, 5:00:48 PM
Yarina(Yarina) used a wood_pack 9-5-2020, 5:00:48 PM
Yarina(Yarina) used a wood_pack 9-5-2020, 5:00:48 PM
Yarina(Yarina) used a wood_pack 9-5-2020, 5:00:48 PM
Yarina(Yarina) used a wood_pack 9-5-2020, 5:00:48 PM
Yarina(Yarina) used a wood_pack 9-5-2020, 5:00:48 PM
Yarina(Yarina) used a wood_pack 9-5-2020, 5:00:49 PM
Yarina(Yarina) used a wood_pack 9-5-2020, 5:00:49 PM
Yarina(Yarina) used a wood_pack 9-5-2020, 5:00:49 PM
Yarina(Yarina) used a wood_pack 9-5-2020, 5:00:49 PM
Yarina(Yarina) used a wood_pack 9-5-2020, 5:00:56 PM
Yarina(Yarina) used a wood_pack 9-5-2020, 5:00:56 PM
Yarina(Yarina) used a wood_pack 9-5-2020, 5:00:56 PM
Yarina(Yarina) used a wood_pack 9-5-2020, 5:00:57 PM
Yarina(Yarina) used a wood_pack 9-5-2020, 5:00:57 PM
Yarina(Yarina) used a wood_pack 9-5-2020, 5:00:57 PM
Yarina(Yarina) used a wood_pack 9-5-2020, 5:00:57 PM
Yarina(Yarina) used a wood_pack 9-5-2020, 5:00:57 PM
Yarina(Yarina) used a wood_pack 9-5-2020, 5:00:57 PM
Yarina(Yarina) used a wood_pack 9-5-2020, 5:01:04 PM
Yarina(Yarina) used a wood_pack 9-5-2020, 5:01:15 PM
Yarina(Yarina) used a wood_pack 9-5-2020, 5:01:15 PM
Yarina(Yarina) used a wood_pack 9-5-2020, 5:01:15 PM
Yarina(Yarina) used a wood_pack 9-5-2020, 5:01:16 PM
Yarina(Yarina) used a wood_pack 9-5-2020, 5:01:16 PM
Yarina(Yarina) used a wood_pack 9-5-2020, 5:01:16 PM
Yarina(Yarina) used a wood 9-5-2020, 5:01:21 PM
Yarina(Yarina) used a wood 9-5-2020, 5:01:33 PM
Yarina(Yarina) used a wood 9-5-2020, 5:01:39 PM
Yarina(Yarina) used a wood 9-5-2020, 5:02:42 PM
Yarina(Yarina) used a wood 9-5-2020, 5:04:56 PM
Yarina(Yarina) used a aircraft 9-5-2020, 5:07:12 PM
Yarina(Yarina) used a aircraft 9-5-2020, 5:07:13 PM
Yarina(Yarina) used a aircraft 9-5-2020, 5:08:10 PM
Yarina(Yarina) used a aircraft 9-5-2020, 5:08:10 PM