
nikita-k (nikita-k) said rofl 12-27-2020, 10:17:31 AM
nikita-k (nikita-k) said hi 12-27-2020, 10:17:33 AM
nikita-k (nikita-k) said no 12-27-2020, 10:17:42 AM
nikita-k (nikita-k) said tt 12-27-2020, 10:18:19 AM
nikita-k (nikita-k) said wooooww 12-27-2020, 10:28:12 AM
nikita-k (nikita-k) said do you give 20000? 12-27-2020, 10:28:23 AM
nikita-k (nikita-k) said me 12-27-2020, 10:28:26 AM
nikita-k (nikita-k) said y 12-27-2020, 10:28:41 AM
nikita-k (nikita-k) said xd 12-27-2020, 10:28:44 AM
nikita-k (nikita-k) said nooooooooooooo 12-27-2020, 10:29:06 AM
nikita-k (nikita-k) said lol 12-27-2020, 10:30:39 AM
nikita-k (nikita-k) said ты попросил чтобы мен€ туда добавили? 12-27-2020, 10:31:04 AM
nikita-k (nikita-k) said и 12-27-2020, 10:31:19 AM
nikita-k (nikita-k) said i have 12-27-2020, 10:32:23 AM
nikita-k (nikita-k) said lol 12-27-2020, 10:36:52 AM
nikita-k (nikita-k) said go in tt 12-27-2020, 10:36:57 AM
nikita-k (nikita-k) said rofl 12-27-2020, 10:37:09 AM
nikita-k (nikita-k) said woooo 12-27-2020, 11:30:42 AM
nikita-k (nikita-k) said i wil kick you 12-27-2020, 11:30:50 AM
nikita-k (nikita-k) said and... 12-27-2020, 12:07:15 PM
nikita-k (nikita-k) said € только что вкладывал всЄ норм 12-27-2020, 12:07:44 PM
nikita-k (nikita-k) said аааааа 12-27-2020, 12:07:50 PM
nikita-k (nikita-k) said € пон€л 12-27-2020, 12:07:54 PM
nikita-k (nikita-k) said не баг 12-27-2020, 12:07:56 PM
nikita-k (nikita-k) said если у дома 10000000 здоровь€, оставшеес€ дерево возврощ€етс€ 12-27-2020, 12:08:21 PM
nikita-k (nikita-k) said admintell message from best-killer: uff 12-27-2020, 12:08:53 PM
nikita-k (nikita-k) said а теперь проверим 12-27-2020, 4:26:42 PM
nikita-k (nikita-k) said так 12-27-2020, 4:26:48 PM
nikita-k (nikita-k) said what 12-27-2020, 4:34:45 PM
nikita-k (nikita-k) said s9 12-27-2020, 5:38:13 PM
nikita-k (nikita-k) said s57 12-27-2020, 5:38:19 PM
nikita-k (nikita-k) said oopspspsps 12-27-2020, 5:38:25 PM
nikita-k (nikita-k) said bug 12-27-2020, 5:38:28 PM
nikita-k (nikita-k) said hi 12-27-2020, 5:38:32 PM
nikita-k (nikita-k) said test 12-27-2020, 5:38:35 PM
nikita-k (nikita-k) said s1 12-27-2020, 5:38:37 PM
nikita-k (nikita-k) said woooooo 12-27-2020, 5:38:41 PM
nikita-k (nikita-k) said s1 12-27-2020, 6:09:22 PM
nikita-k (nikita-k) said fuck 12-27-2020, 6:09:30 PM
nikita-k (nikita-k) said срочно 12-27-2020, 6:54:41 PM
nikita-k (nikita-k) said кака€ верси€ 12-27-2020, 6:54:47 PM
nikita-k (nikita-k) said срочно 12-27-2020, 6:56:18 PM
nikita-k (nikita-k) said кака€ верси€ 12-27-2020, 6:56:20 PM
nikita-k (nikita-k) said теперь 1.99.0? 12-27-2020, 6:59:08 PM
nikita-k (nikita-k) said ау 12-27-2020, 6:59:50 PM
nikita-k (nikita-k) said теперь 1.99.0? 12-27-2020, 7:00:09 PM
nikita-k (nikita-k) said ок 12-27-2020, 7:00:26 PM
nikita-k (nikita-k) said всЄ 12-27-2020, 7:00:27 PM
nikita-k (nikita-k) said changelog читай 12-27-2020, 7:00:57 PM
nikita-k (nikita-k) said угу 12-27-2020, 7:01:09 PM
nikita-k (nikita-k) said пока нет 12-27-2020, 7:01:36 PM
nikita-k (nikita-k) said потом карты будем дл€ них строить 12-27-2020, 7:01:45 PM
nikita-k (nikita-k) said был слышен жест? 12-27-2020, 7:02:04 PM
nikita-k (nikita-k) said слфшно? 12-27-2020, 7:02:26 PM
nikita-k (nikita-k) said ок 12-27-2020, 7:02:33 PM
nikita-k (nikita-k) said yes 12-27-2020, 7:03:14 PM
nikita-k (nikita-k) said v 12-27-2020, 7:03:32 PM
nikita-k (nikita-k) said хех 12-27-2020, 7:04:18 PM
nikita-k (nikita-k) said lol 12-27-2020, 7:05:26 PM
nikita-k (nikita-k) said you have sent 1 pack of 10000 storm sniper ammos to nikita-k 12-27-2020, 7:06:14 PM
nikita-k (nikita-k) said lol 12-27-2020, 7:06:48 PM
nikita-k (nikita-k) said you have 0 of 3 ammo in your storm_sniper, and you have 10000 bullets remaining 12-27-2020, 7:07:27 PM
nikita-k (nikita-k) said rofl 12-27-2020, 7:07:40 PM
nikita-k (nikita-k) said рамиль го оружки новые протестим 12-27-2020, 7:07:58 PM
nikita-k (nikita-k) said ok in the store 12-27-2020, 7:08:23 PM
nikita-k (nikita-k) said roflflflfl 12-27-2020, 7:08:27 PM
nikita-k (nikita-k) said jhehehehe 12-27-2020, 7:09:39 PM
nikita-k (nikita-k) said ok go? 12-27-2020, 7:10:09 PM
nikita-k (nikita-k) said aaaaaaaaaaa 12-27-2020, 7:10:45 PM
nikita-k (nikita-k) said roflflfl 12-27-2020, 7:10:50 PM
nikita-k (nikita-k) said roflflflflf 12-27-2020, 7:11:50 PM
nikita-k (nikita-k) said stop 12-27-2020, 7:12:02 PM
nikita-k (nikita-k) said yes 12-27-2020, 7:12:05 PM
nikita-k (nikita-k) said xddd 12-27-2020, 7:12:14 PM
nikita-k (nikita-k) said 2802 health, 495 shielded shots. 12-27-2020, 7:12:25 PM
nikita-k (nikita-k) said щ€ прправлю 12-27-2020, 7:12:41 PM
nikita-k (nikita-k) said поправлю 12-27-2020, 7:12:43 PM
nikita-k (nikita-k) said dura 12-27-2020, 7:37:29 PM
nikita-k (nikita-k) said rofl 12-27-2020, 7:38:20 PM
nikita-k (nikita-k) said rofflflflflflfl 12-27-2020, 7:43:51 PM
nikita-k (nikita-k) said a baibydragon, health 1400000, damage 1000 15000, distance 8, speed time 700, is slightly in front and a fair distance off to the right, 40 feet away.  12-27-2020, 7:50:05 PM
nikita-k (nikita-k) said пока нигде 12-27-2020, 7:53:30 PM
nikita-k (nikita-k) said to you 12-27-2020, 7:54:08 PM
nikita-k (nikita-k) said gogogo 12-27-2020, 7:54:13 PM
nikita-k (nikita-k) said the_legendary_sword, 1 12-27-2020, 7:57:40 PM
nikita-k (nikita-k) said admintell message from bolgelo: give me admin asdfasdfasdfasdfasdfasdfasdfasdfasdfasdfasdfasdfasdfasdfasdfasdfasdfasdfasdfasdfasdfasdfasdfasdfasdfasdfasdfasdfasdfasdfasdfasdfasdfasdfasdfasdfasdfasd 12-27-2020, 8:12:49 PM
nikita-k (nikita-k) said admintell message from bolgelo: give me admin asdfasdfasdfasdfasdfasdfasdfasdfasdfasdfasdfasdfasdfasdfasdfasdfasdfasdfasdfasdfasdfasdfasdfasdfasdfasdfasdfasdfasdfasdfasdfasdfasdfasdfasdfasdfasdfasd 12-27-2020, 8:12:50 PM
nikita-k (nikita-k) said admintell message from bolgelo: give me admin asdfasdfasdfasdfasdfasdfasdfasdfasdfasdfasdfasdfasdfasdfasdfasdfasdfasdfasdfasdfasdfasdfasdfasdfasdfasdfasdfasdfasdfasdfasdfasdfasdfasdfasdfasdfasdfasd 12-27-2020, 8:12:50 PM
nikita-k (nikita-k) said admintell message from bolgelo: give me admin asdfasdfasdfasdfasdfasdfasdfasdfasdfasdfasdfasdfasdfasdfasdfasdfasdfasdfasdfasdfasdfasdfasdfasdfasdfasdfasdfasdfasdfasdfasdfasdfasdfasdfasdfasdfasdfasd 12-27-2020, 8:12:50 PM
nikita-k (nikita-k) said admintell message from bolgelo: give me admin asdfasdfasdfasdfasdfasdfasdfasdfasdfasdfasdfasdfasdfasdfasdfasdfasdfasdfasdfasdfasdfasdfasdfasdfasdfasdfasdfasdfasdfasdfasdfasdfasdfasdfasdfasdfasdfasd 12-27-2020, 8:12:51 PM
nikita-k (nikita-k) said вы дали болджило жопу! 12-27-2020, 8:21:41 PM
nikita-k (nikita-k) said nahuy 12-27-2020, 8:40:21 PM
nikita-k (nikita-k) said roflflflfl 12-27-2020, 10:09:09 PM
nikita-k (nikita-k) said admintell message from bolgelo: thats just your work, i mean sucking 12-27-2020, 10:44:15 PM
nikita-k (nikita-k) said invalid id 12-27-2020, 10:45:58 PM
nikita-k (nikita-k) said shut, fucking, up! 12-27-2020, 10:46:41 PM
nikita-k (nikita-k) said fuck ya 12-27-2020, 10:46:49 PM
nikita-k (nikita-k) said a herm 12-27-2020, 10:47:06 PM
nikita-k (nikita-k) said waaaaaa 12-27-2020, 10:50:05 PM