
grand father (bolgelo) said hi there 12-29-2020, 11:18:37 PM
grand father (bolgelo) said конешно, с чем 12-29-2020, 11:19:11 PM
grand father (bolgelo) said пф, не 12-29-2020, 11:19:25 PM
grand father (bolgelo) said не кому не помагал и тебе не буду 12-29-2020, 11:19:39 PM
grand father (bolgelo) said согласен, я уже забыл что строил 12-29-2020, 11:19:58 PM
grand father (bolgelo) said ну это да 12-29-2020, 11:20:11 PM
grand father (bolgelo) said но я забыл куда прыгать и чё делать 12-29-2020, 11:20:18 PM
grand father (bolgelo) said время новогодних подарков 12-29-2020, 11:20:31 PM
grand father (bolgelo) said и теперььььььььь! 12-29-2020, 11:23:16 PM
grand father (bolgelo) said самый большой подарок! 12-29-2020, 11:23:23 PM
grand father (bolgelo) said где 12-29-2020, 11:30:40 PM
grand father (bolgelo) said ну и 12-29-2020, 11:30:59 PM
grand father (bolgelo) said где 12-29-2020, 11:31:02 PM
grand father (bolgelo) said ау, где 12-29-2020, 11:31:27 PM
grand father (bolgelo) said это за баг 12-29-2020, 11:32:35 PM
grand father (bolgelo) said не 12-29-2020, 11:32:51 PM
grand father (bolgelo) said пф 12-29-2020, 11:35:36 PM
grand father (bolgelo) said потому что это баг 12-29-2020, 11:35:40 PM
grand father (bolgelo) said угу 12-29-2020, 11:35:55 PM
grand father (bolgelo) said и шо это было 12-29-2020, 11:36:21 PM
grand father (bolgelo) said всё 12-29-2020, 11:37:11 PM
grand father (bolgelo) said теперь прыгай и сдохниш 12-29-2020, 11:37:18 PM
grand father (bolgelo) said на корах 51 хазерд 12-29-2020, 11:37:29 PM
grand father (bolgelo) said по высоте 12-29-2020, 11:37:32 PM
grand father (bolgelo) said потому что конец на корах 49 по высоте 12-29-2020, 11:38:09 PM
grand father (bolgelo) said ну как хош пфпф 12-29-2020, 11:39:01 PM
grand father (bolgelo) said каааааак 12-29-2020, 11:40:08 PM
grand father (bolgelo) said бля 12-29-2020, 11:40:15 PM
grand father (bolgelo) said почему сразу твоё 12-29-2020, 11:43:21 PM
grand father (bolgelo) said бля 12-29-2020, 11:43:45 PM
grand father (bolgelo) said ладно я ушёл 12-29-2020, 11:45:01 PM