
darkfrent (darkfrent) sent /where bjjjjjfff 9-11-2020, 4:20:27 PM
darkfrent (darkfrent) sent /where shelters 9-11-2020, 6:09:30 PM
darkfrent (darkfrent) sent /shelters 9-11-2020, 6:09:39 PM
darkfrent (darkfrent) sent /suicdie 9-11-2020, 6:10:07 PM
darkfrent (darkfrent) sent /suicide 9-11-2020, 6:10:09 PM
darkfrent (darkfrent) sent /where franklin 9-11-2020, 6:12:36 PM
darkfrent (darkfrent) sent /where gleb 9-11-2020, 6:14:07 PM
darkfrent (darkfrent) sent /where gleb 9-11-2020, 6:26:42 PM
darkfrent (darkfrent) sent /where  9-11-2020, 6:44:48 PM
darkfrent (darkfrent) sent /where Yarina 9-11-2020, 6:44:54 PM
darkfrent (darkfrent) sent /where gleb 9-11-2020, 6:45:04 PM
darkfrent (darkfrent) sent /suicdie 9-11-2020, 6:56:20 PM
darkfrent (darkfrent) sent /suicide 9-11-2020, 6:56:22 PM
darkfrent (darkfrent) sent /where maxgamer 9-11-2020, 6:59:11 PM
darkfrent (darkfrent) sent /pm  maxgamer что за гивт 9-11-2020, 7:06:41 PM
darkfrent (darkfrent) sent /pm  maxgamer ааа нафиг койнов у меня 75000000 9-11-2020, 7:07:09 PM
darkfrent (darkfrent) sent /pm  maxgamer ньюклирку я редко использую 9-11-2020, 7:07:24 PM
darkfrent (darkfrent) sent /pm  maxgamer эх то что я  хочу занято 9-11-2020, 7:07:56 PM
darkfrent (darkfrent) sent /pm maxgamer когдато довно я писал неките что хочу строить карты но я не умле да и щас плохо он он ответил что должнасть занята и  я смерился такая грустная исторя 9-11-2020, 7:09:38 PM
darkfrent (darkfrent) sent /pm maxgamer не умел 9-11-2020, 7:09:56 PM
darkfrent (darkfrent) sent /where maxgamer 9-11-2020, 7:20:29 PM
darkfrent (darkfrent) sent /suicide 9-11-2020, 7:20:34 PM
darkfrent (darkfrent) sent /pm maxgamer обнова пока не планируеться? 9-11-2020, 7:21:06 PM
darkfrent (darkfrent) sent /pm maxgamer в тк 9-11-2020, 7:21:10 PM
darkfrent (darkfrent) sent /pm  maxgamer понял просто он давно про машинки говорил 9-11-2020, 7:22:10 PM
darkfrent (darkfrent) sent /where gleb 9-11-2020, 8:59:05 PM
darkfrent (darkfrent) sent /where Yarina 9-11-2020, 8:59:29 PM
darkfrent (darkfrent) sent /wehre Yarina 9-11-2020, 8:59:55 PM
darkfrent (darkfrent) sent /where V 9-11-2020, 9:00:05 PM
darkfrent (darkfrent) sent /w/ehre Yarina 9-11-2020, 9:00:08 PM
darkfrent (darkfrent) sent /where Yarina 9-11-2020, 9:00:10 PM
darkfrent (darkfrent) sent /wheregleb 9-11-2020, 9:00:24 PM
darkfrent (darkfrent) sent /where gleb 9-11-2020, 9:00:27 PM
darkfrent (darkfrent) sent /where gleb 9-11-2020, 9:07:32 PM