
blindgamer123(blindgamer123) used a crt43_automatic_shotgun 9-7-2020, 6:42:10 PM
blindgamer123(blindgamer123) used a awp 9-7-2020, 6:42:16 PM
blindgamer123(blindgamer123) used a awp 9-7-2020, 6:42:18 PM
blindgamer123(blindgamer123) used a tk_ultra_health_potion 9-7-2020, 6:42:24 PM
blindgamer123(blindgamer123) used a tk_ultra_health_potion 9-7-2020, 6:42:24 PM
blindgamer123(blindgamer123) used a shield 9-7-2020, 6:42:32 PM
blindgamer123(blindgamer123) used a shield 9-7-2020, 6:42:32 PM
blindgamer123(blindgamer123) used a shield 9-7-2020, 6:42:33 PM
blindgamer123(blindgamer123) used a shield 9-7-2020, 6:42:34 PM
blindgamer123(blindgamer123) used a shield 9-7-2020, 6:42:34 PM
blindgamer123(blindgamer123) used a shield 9-7-2020, 6:42:39 PM
blindgamer123(blindgamer123) used a shield 9-7-2020, 6:42:39 PM
blindgamer123(blindgamer123) used a shield 9-7-2020, 6:42:40 PM
blindgamer123(blindgamer123) used a shield 9-7-2020, 6:42:40 PM
blindgamer123(blindgamer123) used a shield 9-7-2020, 6:42:40 PM
blindgamer123(blindgamer123) used a shield 9-7-2020, 6:42:41 PM
blindgamer123(blindgamer123) used a shield 9-7-2020, 6:42:41 PM
blindgamer123(blindgamer123) used a shield 9-7-2020, 6:42:41 PM
blindgamer123(blindgamer123) used a shield 9-7-2020, 6:42:41 PM
blindgamer123(blindgamer123) used a shield 9-7-2020, 6:42:42 PM
blindgamer123(blindgamer123) used a mlk_207_combat_rifle 9-7-2020, 6:42:50 PM
blindgamer123(blindgamer123) used a modern_sub_machine_gun_carbine 9-7-2020, 6:42:54 PM
blindgamer123(blindgamer123) used a colt_ar_15_assault_rifle 9-7-2020, 6:43:03 PM
blindgamer123(blindgamer123) used a ags30 9-7-2020, 6:43:14 PM
blindgamer123(blindgamer123) used a tk_ultra_health_potion 9-7-2020, 6:44:37 PM
blindgamer123(blindgamer123) used a tk_ultra_health_potion 9-7-2020, 6:44:37 PM
blindgamer123(blindgamer123) used a shield 9-7-2020, 6:44:46 PM
blindgamer123(blindgamer123) used a shield 9-7-2020, 6:44:47 PM
blindgamer123(blindgamer123) used a shield 9-7-2020, 6:44:50 PM
blindgamer123(blindgamer123) used a shield 9-7-2020, 6:44:50 PM
blindgamer123(blindgamer123) used a tk_ultra_health_potion 9-7-2020, 6:46:12 PM