
DarkHero (DarkHero) sent /newbie 2-2-2021, 1:01:24 PM
DarkHero (DarkHero) sent /newbie 2-2-2021, 1:01:32 PM
DarkHero (DarkHero) sent /newbie 2-2-2021, 1:01:38 PM
DarkHero (DarkHero) sent /bid 2 2-2-2021, 1:02:56 PM
DarkHero (DarkHero) sent /bid 10 2-2-2021, 1:03:05 PM
DarkHero (DarkHero) sent /bid 11 2-2-2021, 1:03:09 PM
DarkHero (DarkHero) sent /bid 532 2-2-2021, 1:03:24 PM
DarkHero (DarkHero) sent /sell 2-2-2021, 1:09:07 PM
DarkHero (DarkHero) sent /lchat heu 2-2-2021, 1:17:31 PM
DarkHero (DarkHero) sent /lchat i nee help 2-2-2021, 1:17:45 PM
DarkHero (DarkHero) sent /lchat Where did you get the legendary sword 2-2-2021, 1:17:57 PM
DarkHero (DarkHero) sent /storehint 2-2-2021, 1:18:43 PM
DarkHero (DarkHero) sent /lchat I want to take the legendary sword but can't get past the map 2-2-2021, 1:25:10 PM
DarkHero (DarkHero) sent /lchat You can't get over so how do you have it 2-2-2021, 1:26:01 PM
DarkHero (DarkHero) sent /lchat Can I have a gun and a legendary sword? 2-2-2021, 1:26:52 PM
DarkHero (DarkHero) sent /lchat Can I have a gun and a legendary sword? 2-2-2021, 1:27:03 PM
DarkHero (DarkHero) sent /pm killer3000 hey 2-2-2021, 1:27:24 PM
DarkHero (DarkHero) sent /r Can I have a gun and a legendary sword? 2-2-2021, 1:28:17 PM
DarkHero (DarkHero) sent /r The challenge cannot be done 2-2-2021, 1:29:24 PM
DarkHero (DarkHero) sent /pm rathee hey 2-2-2021, 1:45:59 PM
DarkHero (DarkHero) sent /staff 2-2-2021, 1:46:06 PM
DarkHero (DarkHero) sent /admins 2-2-2021, 1:46:08 PM
DarkHero (DarkHero) sent /r i nee help 2-2-2021, 1:46:18 PM
DarkHero (DarkHero) sent /r 0, 32, 6.  2-2-2021, 1:46:27 PM