
roflgamer (blindgamers14) sent /where phamhoangminh 2-5-2021, 3:34:24 AM
roflgamer (blindgamers14) sent /chars 2-5-2021, 3:37:19 AM
roflgamer (blindgamers14) sent /where phamhoangminh 2-5-2021, 3:39:06 AM
roflgamer (blindgamers14) sent /suicide 2-5-2021, 4:14:10 AM
roflgamer (blindgamers14) sent /lchat press enter to finish 2-5-2021, 4:16:58 AM
roflgamer (blindgamers14) sent /shallowed 2-5-2021, 4:24:27 AM
roflgamer (blindgamers14) sent /bestplayer 2-5-2021, 4:24:50 AM
roflgamer (blindgamers14) sent /stats blindgamers14 2-5-2021, 4:24:54 AM
roflgamer (blindgamers14) sent /shadd mrido 2-5-2021, 4:25:55 AM
roflgamer (blindgamers14) sent /where tantor 2-5-2021, 5:49:20 AM
roflgamer (blindgamers14) sent /lchat \ 2-5-2021, 6:54:04 AM
roflgamer (blindgamers14) sent /suicide 2-5-2021, 7:08:44 AM
roflgamer (blindgamers14) sent /bestplayer 2-5-2021, 7:18:18 AM
roflgamer (blindgamers14) sent /where Igrok 2-5-2021, 7:20:24 AM
roflgamer (blindgamers14) sent /where Igrok 2-5-2021, 7:20:31 AM
roflgamer (blindgamers14) sent /teams 2-5-2021, 7:23:36 AM
roflgamer (blindgamers14) sent /lchat all stunned 2-5-2021, 7:37:43 AM
roflgamer (blindgamers14) sent /lchat roofl 2-5-2021, 7:39:45 AM
roflgamer (blindgamers14) sent /cancelauction 2-5-2021, 7:46:00 AM
roflgamer (blindgamers14) sent /where DJ_mux 2-5-2021, 7:49:28 AM
roflgamer (blindgamers14) sent /where khangnguyenduy123 2-5-2021, 8:39:09 AM
roflgamer (blindgamers14) sent /lchat where is my remote time bomb 2-5-2021, 8:39:21 AM
roflgamer (blindgamers14) sent /lchat remote time bomb control 2-5-2021, 8:39:30 AM
roflgamer (blindgamers14) sent /lchat why its gone 2-5-2021, 8:39:50 AM
roflgamer (blindgamers14) sent /lchat thx 2-5-2021, 8:40:10 AM
roflgamer (blindgamers14) sent /t oi 2-5-2021, 9:32:10 AM
roflgamer (blindgamers14) sent /t hi 2-5-2021, 9:32:19 AM
roflgamer (blindgamers14) sent /t hahahah 2-5-2021, 9:33:38 AM
roflgamer (blindgamers14) sent /t borig 2-5-2021, 9:34:27 AM
roflgamer (blindgamers14) sent /t aa juarasjuajuasjuasjuasjuasjuasjuasjuasjua a 2-5-2021, 9:34:56 AM
roflgamer (blindgamers14) sent /t hahahh 2-5-2021, 9:35:12 AM
roflgamer (blindgamers14) sent /lchat what? 2-5-2021, 9:36:01 AM
roflgamer (blindgamers14) sent /t oi 2-5-2021, 9:36:25 AM
roflgamer (blindgamers14) sent /t roofl 2-5-2021, 9:37:10 AM
roflgamer (blindgamers14) sent /t that rpg so power 2-5-2021, 9:37:43 AM
roflgamer (blindgamers14) sent /t nothing 2-5-2021, 9:37:48 AM
roflgamer (blindgamers14) sent /lchat my armer tank 2-5-2021, 9:38:25 AM
roflgamer (blindgamers14) sent /lchat suicide_bomb deployed at 0, 0, 111 2-5-2021, 9:39:07 AM
roflgamer (blindgamers14) sent /t roofl 2-5-2021, 9:39:49 AM
roflgamer (blindgamers14) sent /t let me kill this 2-5-2021, 9:40:05 AM
roflgamer (blindgamers14) sent /t die robots 2-5-2021, 9:41:50 AM
roflgamer (blindgamers14) sent /suicide 2-5-2021, 9:42:18 AM
roflgamer (blindgamers14) sent /t my carier misils not come back 2-5-2021, 9:42:59 AM
roflgamer (blindgamers14) sent /t i set coordinats to 1111111111111111111 2-5-2021, 9:43:21 AM
roflgamer (blindgamers14) sent /t borhrhrhrhhrrhrrhhring ah 2-5-2021, 9:43:45 AM
roflgamer (blindgamers14) sent /t where you get that fight infiter 2-5-2021, 9:44:39 AM
roflgamer (blindgamers14) sent /t fight inviter 2-5-2021, 9:44:55 AM
roflgamer (blindgamers14) sent /t give me some inviter 2-5-2021, 9:45:23 AM
roflgamer (blindgamers14) sent /t kk 2-5-2021, 9:45:29 AM
roflgamer (blindgamers14) sent /t auction it 2-5-2021, 9:45:43 AM
roflgamer (blindgamers14) sent /bid 101021 2-5-2021, 9:46:00 AM
roflgamer (blindgamers14) sent /t ll 2-5-2021, 9:46:40 AM
roflgamer (blindgamers14) sent /t hey 2-5-2021, 9:52:11 AM
roflgamer (blindgamers14) sent /t can you give me zulfikar 2-5-2021, 9:52:21 AM
roflgamer (blindgamers14) sent /lchat hahah 2-5-2021, 9:53:57 AM
roflgamer (blindgamers14) sent /lchat what 2-5-2021, 9:54:08 AM
roflgamer (blindgamers14) sent /lchat it will attac 2-5-2021, 9:54:24 AM
roflgamer (blindgamers14) sent /lchat see? 2-5-2021, 9:54:29 AM
roflgamer (blindgamers14) sent /lchat lets divuce this bombs 2-5-2021, 9:54:50 AM
roflgamer (blindgamers14) sent /lchat berecade bomb 2-5-2021, 9:55:02 AM
roflgamer (blindgamers14) sent /lchat bomb_defuser, 165 2-5-2021, 9:55:11 AM
roflgamer (blindgamers14) sent /lchat what 2-5-2021, 9:55:54 AM
roflgamer (blindgamers14) sent /lchat o k 2-5-2021, 9:56:04 AM
roflgamer (blindgamers14) sent /lchat roofl 2-5-2021, 9:56:16 AM
roflgamer (blindgamers14) sent /lchat track a player 2-5-2021, 9:57:12 AM
roflgamer (blindgamers14) sent /t hey someone coming 2-5-2021, 9:57:38 AM
roflgamer (blindgamers14) sent /lchat die die 2-5-2021, 9:57:53 AM
roflgamer (blindgamers14) sent /t i will send misils from below 2-5-2021, 9:58:01 AM
roflgamer (blindgamers14) sent /t i say 2-5-2021, 9:58:42 AM
roflgamer (blindgamers14) sent /t your missile was just intercepted by stepman! 2-5-2021, 9:58:55 AM
roflgamer (blindgamers14) sent /lchat cool copters 2-5-2021, 9:59:41 AM
roflgamer (blindgamers14) sent /lchat wach out 2-5-2021, 10:00:47 AM
roflgamer (blindgamers14) sent /lchat suicide_bomb deployed at 250, 250, 200 2-5-2021, 10:01:04 AM
roflgamer (blindgamers14) sent /lchat what 2-5-2021, 10:01:20 AM
roflgamer (blindgamers14) sent /lchat kk 2-5-2021, 10:01:38 AM
roflgamer (blindgamers14) sent /lchat wat 2-5-2021, 10:02:17 AM
roflgamer (blindgamers14) sent /lchat current location: uncharted area 2-5-2021, 10:02:55 AM
roflgamer (blindgamers14) sent /lchat lets find some shelter 2-5-2021, 10:03:21 AM
roflgamer (blindgamers14) sent /lchat finding shelter 2-5-2021, 10:04:18 AM
roflgamer (blindgamers14) sent /lchat find using bombs 2-5-2021, 10:04:34 AM
roflgamer (blindgamers14) sent /t see? 2-5-2021, 10:04:52 AM
roflgamer (blindgamers14) sent /t igrok's igrok shelter was just destroyed by roflgamer's mass bomb! 2-5-2021, 10:05:05 AM
roflgamer (blindgamers14) sent /t like this 2-5-2021, 10:05:21 AM
roflgamer (blindgamers14) sent /lchat ok ok  2-5-2021, 10:06:10 AM
roflgamer (blindgamers14) sent /lchat no what 2-5-2021, 10:06:13 AM
roflgamer (blindgamers14) sent /t you get hit? 2-5-2021, 10:06:21 AM
roflgamer (blindgamers14) sent /lchat go up 2-5-2021, 10:06:36 AM
roflgamer (blindgamers14) sent /t roofl sorry 2-5-2021, 10:06:44 AM
roflgamer (blindgamers14) sent /lchat lets find shelter on this map 2-5-2021, 10:09:29 AM
roflgamer (blindgamers14) sent /t what 2-5-2021, 10:10:21 AM
roflgamer (blindgamers14) sent /t what 2-5-2021, 10:11:19 AM
roflgamer (blindgamers14) sent /t dont what 2-5-2021, 10:11:30 AM
roflgamer (blindgamers14) sent /where sgamer 2-5-2021, 10:11:43 AM
roflgamer (blindgamers14) sent /t hit your shelter? 2-5-2021, 10:11:56 AM
roflgamer (blindgamers14) sent /t allow access 2-5-2021, 10:12:13 AM
roflgamer (blindgamers14) sent /t shadd shadd shaddshasddshadd 2-5-2021, 10:12:35 AM
roflgamer (blindgamers14) sent /t where 2-5-2021, 10:13:20 AM
roflgamer (blindgamers14) sent /t what 2-5-2021, 10:14:36 AM
roflgamer (blindgamers14) sent /t why 2-5-2021, 10:14:42 AM
roflgamer (blindgamers14) sent /t what is that 2-5-2021, 10:14:53 AM
roflgamer (blindgamers14) sent /t oh, its fual 2-5-2021, 10:15:04 AM
roflgamer (blindgamers14) sent /lchat ok 2-5-2021, 10:15:50 AM
roflgamer (blindgamers14) sent /lchat shipment 0c4pufc 2-5-2021, 10:17:30 AM
roflgamer (blindgamers14) sent /t shipment 0c4pufc 2-5-2021, 10:17:32 AM
roflgamer (blindgamers14) sent /lchat heheh 2-5-2021, 10:17:56 AM
roflgamer (blindgamers14) sent /lchat bid 2-5-2021, 10:18:02 AM
roflgamer (blindgamers14) sent /lchat enter amount of coins you want to take out. amount of coins in the computer: 55 2-5-2021, 10:18:51 AM
roflgamer (blindgamers14) sent /lchat i tack all 2-5-2021, 10:19:07 AM
roflgamer (blindgamers14) sent /teams 2-5-2021, 10:20:29 AM
roflgamer (blindgamers14) sent /t ok 2-5-2021, 10:20:33 AM
roflgamer (blindgamers14) sent /t khangnguyenduy123 also 2-5-2021, 10:20:37 AM
roflgamer (blindgamers14) sent /lchat no, just 2-5-2021, 10:21:01 AM
roflgamer (blindgamers14) sent /lchat lo 2-5-2021, 10:21:31 AM
roflgamer (blindgamers14) sent /lchat lol 2-5-2021, 10:21:33 AM
roflgamer (blindgamers14) sent /t 42 detenated!? 2-5-2021, 10:22:43 AM
roflgamer (blindgamers14) sent /t ee 2-5-2021, 10:22:55 AM
roflgamer (blindgamers14) sent /lchat what 2-5-2021, 10:23:31 AM
roflgamer (blindgamers14) sent /t ehh 2-5-2021, 10:24:48 AM
roflgamer (blindgamers14) sent /t how 2-5-2021, 10:24:53 AM
roflgamer (blindgamers14) sent /t roof 2-5-2021, 10:25:34 AM
roflgamer (blindgamers14) sent /lchat use rocket 2-5-2021, 10:25:47 AM
roflgamer (blindgamers14) sent /t Staff_Sergeant roflgamer:   use rocket 2-5-2021, 10:25:54 AM
roflgamer (blindgamers14) sent /t that have warn so i can avoid 2-5-2021, 10:26:12 AM
roflgamer (blindgamers14) sent /where AnhSon 2-5-2021, 10:26:37 AM
roflgamer (blindgamers14) sent /t roofl 2-5-2021, 10:26:52 AM
roflgamer (blindgamers14) sent /lchat no what 2-5-2021, 10:30:14 AM
roflgamer (blindgamers14) sent /lchat pls give cannon 2-5-2021, 10:30:49 AM
roflgamer (blindgamers14) sent /lchat i will give back 2-5-2021, 10:30:53 AM
roflgamer (blindgamers14) sent /lchat it works 2-5-2021, 10:31:52 AM
roflgamer (blindgamers14) sent /lchat cool 2-5-2021, 10:32:20 AM
roflgamer (blindgamers14) sent /lchat how about zulfikar 2-5-2021, 10:33:00 AM
roflgamer (blindgamers14) sent /lchat oi 2-5-2021, 10:33:41 AM
roflgamer (blindgamers14) sent /lchat dont move 2-5-2021, 10:33:48 AM
roflgamer (blindgamers14) sent /t fuck 2-5-2021, 10:35:33 AM
roflgamer (blindgamers14) sent /suicide 2-5-2021, 10:35:37 AM
roflgamer (blindgamers14) sent /t lets attack 2-5-2021, 10:36:11 AM
roflgamer (blindgamers14) sent /lchat cool cannon 2-5-2021, 10:36:48 AM
roflgamer (blindgamers14) sent /lchat can you give me zulfikar also 2-5-2021, 10:37:39 AM
roflgamer (blindgamers14) sent /lchat hehehh 2-5-2021, 10:37:43 AM
roflgamer (blindgamers14) sent /lchat can now 2-5-2021, 10:38:21 AM
roflgamer (blindgamers14) sent /lchat i want try to kill people using zulfikar 2-5-2021, 10:38:46 AM
roflgamer (blindgamers14) sent /lchat cool sound 2-5-2021, 10:39:53 AM
roflgamer (blindgamers14) sent /lchat roofl 2-5-2021, 10:40:15 AM
roflgamer (blindgamers14) sent /bid 2 2-5-2021, 10:44:13 AM
roflgamer (blindgamers14) sent /t this cannon so slow 2-5-2021, 10:46:52 AM
roflgamer (blindgamers14) sent /suicide 2-5-2021, 10:48:21 AM
roflgamer (blindgamers14) sent /t my second team now have much point hh 2-5-2021, 10:48:37 AM
roflgamer (blindgamers14) sent /t kill or not 2-5-2021, 10:50:59 AM
roflgamer (blindgamers14) sent /t uhuh 2-5-2021, 10:51:38 AM
roflgamer (blindgamers14) sent /lchat if i oflyne my cannon will be lost 2-5-2021, 10:51:53 AM
roflgamer (blindgamers14) sent /lchat lkajdsflkjas 2-5-2021, 10:51:57 AM
roflgamer (blindgamers14) sent /lchat now lets die 2-5-2021, 10:52:19 AM
roflgamer (blindgamers14) sent /lchat mass bomb. it costs 500 coins. description. good device, dealing damage to 80, 100 cells to kill people, robots and more !. You can buy 87447 2-5-2021, 10:56:49 AM
roflgamer (blindgamers14) sent /lchat what you 2-5-2021, 10:57:12 AM
roflgamer (blindgamers14) sent /lchat sky 436 mine. it costs 300 coins. description. Manage this mine and enjoy seeing how your enemy jump near this mine and die because of this !. You can buy 145745 2-5-2021, 10:57:35 AM
roflgamer (blindgamers14) sent /lchat dont kno 2-5-2021, 10:57:46 AM
roflgamer (blindgamers14) sent /lchat i think moved to bar 2-5-2021, 10:57:51 AM
roflgamer (blindgamers14) sent /lchat yes 2-5-2021, 11:00:00 AM
roflgamer (blindgamers14) sent /lchat you have 11672 air. this should last you about 11 hours, 20 minutes and 52 seconds 2-5-2021, 11:00:15 AM
roflgamer (blindgamers14) sent /lchat throwing_star, 3 2-5-2021, 11:00:27 AM
roflgamer (blindgamers14) sent /lchat kk 2-5-2021, 11:01:13 AM
roflgamer (blindgamers14) sent /lchat wait 2-5-2021, 11:01:20 AM
roflgamer (blindgamers14) sent /lchat warpspace 2-5-2021, 11:01:44 AM
roflgamer (blindgamers14) sent /lchat lool 2-5-2021, 11:02:07 AM
roflgamer (blindgamers14) sent /lchat hehehh 2-5-2021, 11:02:16 AM
roflgamer (blindgamers14) sent /lchat i using warpspace 2-5-2021, 11:02:31 AM
roflgamer (blindgamers14) sent /lchat wapr! 2-5-2021, 11:03:12 AM
roflgamer (blindgamers14) sent /lchat come 2-5-2021, 11:03:44 AM
roflgamer (blindgamers14) sent /lchat k 2-5-2021, 11:05:25 AM
roflgamer (blindgamers14) sent /t k 2-5-2021, 11:05:51 AM
roflgamer (blindgamers14) sent /lchat k 2-5-2021, 11:06:35 AM
roflgamer (blindgamers14) sent /t yo 2-5-2021, 11:07:01 AM
roflgamer (blindgamers14) sent /lchat dont throw it much 2-5-2021, 11:08:41 AM
roflgamer (blindgamers14) sent /lchat heyw ait 2-5-2021, 11:09:25 AM
roflgamer (blindgamers14) sent /t what ek 2-5-2021, 11:09:57 AM
roflgamer (blindgamers14) sent /t ss 2-5-2021, 11:10:12 AM
roflgamer (blindgamers14) sent /lchat 27, 100, -100. 2-5-2021, 11:10:36 AM
roflgamer (blindgamers14) sent /lchat come 27 2-5-2021, 11:10:43 AM
roflgamer (blindgamers14) sent /lchat wapr! 2-5-2021, 11:12:34 AM
roflgamer (blindgamers14) sent /t what ek 2-5-2021, 11:12:48 AM
roflgamer (blindgamers14) sent /t eh 2-5-2021, 11:12:54 AM
roflgamer (blindgamers14) sent /t ehh 2-5-2021, 11:12:56 AM
roflgamer (blindgamers14) sent /t ohoh i knoo that 2-5-2021, 11:13:10 AM
roflgamer (blindgamers14) sent /lchat hi 2-5-2021, 11:13:23 AM
roflgamer (blindgamers14) sent /lchat no 2-5-2021, 11:13:47 AM
roflgamer (blindgamers14) sent /lchat come track 2-5-2021, 11:13:54 AM
roflgamer (blindgamers14) sent /lchat hey go where 2-5-2021, 11:16:59 AM
roflgamer (blindgamers14) sent /lchat 20, 0, 183. 2-5-2021, 11:17:05 AM
roflgamer (blindgamers14) sent /where sgamer 2-5-2021, 11:17:55 AM
roflgamer (blindgamers14) sent /where blindgamers14 2-5-2021, 11:18:01 AM
roflgamer (blindgamers14) sent /lchat armer tank? 2-5-2021, 11:21:56 AM
roflgamer (blindgamers14) sent /lchat nah where 2-5-2021, 11:22:44 AM
roflgamer (blindgamers14) sent /lchat will fall 2-5-2021, 11:23:00 AM
roflgamer (blindgamers14) sent /lchat front 2 tile is air 2-5-2021, 11:23:26 AM
roflgamer (blindgamers14) sent /lchat seE? 2-5-2021, 11:23:54 AM
roflgamer (blindgamers14) sent /lchat kk 2-5-2021, 11:32:17 AM
roflgamer (blindgamers14) sent /lchat now wher 2-5-2021, 11:32:40 AM
roflgamer (blindgamers14) sent /lchat double f hey 2-5-2021, 11:32:53 AM
roflgamer (blindgamers14) sent /lchat 6 tile jump? 2-5-2021, 11:33:04 AM
roflgamer (blindgamers14) sent /t nwo what 2-5-2021, 11:33:38 AM
roflgamer (blindgamers14) sent /lchat hahahah 2-5-2021, 11:33:59 AM
roflgamer (blindgamers14) sent /lchat shoot it 2-5-2021, 11:34:13 AM
roflgamer (blindgamers14) sent /lchat what 2-5-2021, 11:34:43 AM
roflgamer (blindgamers14) sent /lchat i think fall with tank? 2-5-2021, 11:35:20 AM
roflgamer (blindgamers14) sent /lchat ok 2-5-2021, 11:35:59 AM
roflgamer (blindgamers14) sent /lchat now what 2-5-2021, 11:36:19 AM
roflgamer (blindgamers14) sent /lchat come 2-5-2021, 11:36:42 AM
roflgamer (blindgamers14) sent /lchat go front i think 2-5-2021, 11:37:11 AM
roflgamer (blindgamers14) sent /lchat why 2-5-2021, 11:37:53 AM
roflgamer (blindgamers14) sent /lchat haha that stake sounds 2-5-2021, 11:38:24 AM
roflgamer (blindgamers14) sent /lchat go up? 2-5-2021, 11:39:54 AM
roflgamer (blindgamers14) sent /t ehh? 2-5-2021, 11:40:43 AM
roflgamer (blindgamers14) sent /t uh, can you get  2-5-2021, 11:41:37 AM
roflgamer (blindgamers14) sent /t no ah, need to go 2-5-2021, 11:42:48 AM
roflgamer (blindgamers14) sent /where sgamer 2-5-2021, 12:32:03 PM
roflgamer (blindgamers14) sent /lchat wapr! 2-5-2021, 12:34:35 PM
roflgamer (blindgamers14) sent /lchat not hit 2-5-2021, 12:35:25 PM
roflgamer (blindgamers14) sent /lchat who put that 2-5-2021, 12:35:49 PM
roflgamer (blindgamers14) sent /lchat what 2-5-2021, 12:36:13 PM
roflgamer (blindgamers14) sent /lchat ohoh  2-5-2021, 12:36:26 PM
roflgamer (blindgamers14) sent /lchat not die 2-5-2021, 12:37:20 PM
roflgamer (blindgamers14) sent /lchat will keep tracking 2-5-2021, 12:39:22 PM
roflgamer (blindgamers14) sent /lchat hahahah 2-5-2021, 12:39:27 PM
roflgamer (blindgamers14) sent /lchat hh 2-5-2021, 12:43:48 PM
roflgamer (blindgamers14) sent /lchat k 2-5-2021, 12:46:45 PM
roflgamer (blindgamers14) sent /t rooflflflflflfl 2-5-2021, 12:49:31 PM
roflgamer (blindgamers14) sent /lchat warpspace 2-5-2021, 12:50:33 PM
roflgamer (blindgamers14) sent /lchat hehehehehehh 2-5-2021, 12:52:09 PM
roflgamer (blindgamers14) sent /t lucky we have much team points 2-5-2021, 12:52:37 PM
roflgamer (blindgamers14) sent /lchat rol 2-5-2021, 12:53:30 PM
roflgamer (blindgamers14) sent /where sgamer 2-5-2021, 12:56:03 PM
roflgamer (blindgamers14) sent /suicide 2-5-2021, 12:56:21 PM
roflgamer (blindgamers14) sent /lchat hahahahahahahh 2-5-2021, 12:58:49 PM
roflgamer (blindgamers14) sent /t hey give me zalfilar 2-5-2021, 12:59:31 PM
roflgamer (blindgamers14) sent /t zulfikar 2-5-2021, 12:59:37 PM
roflgamer (blindgamers14) sent /t for adding it to my weapon slots 2-5-2021, 12:59:48 PM
roflgamer (blindgamers14) sent /t give ps 2-5-2021, 1:00:18 PM
roflgamer (blindgamers14) sent /t i will giveback 2-5-2021, 1:00:24 PM
roflgamer (blindgamers14) sent /t heheheh 2-5-2021, 1:00:26 PM
roflgamer (blindgamers14) sent /lchat done 2-5-2021, 1:00:48 PM
roflgamer (blindgamers14) sent /lchat you have 5 of 5 ammo in your zulfikar, and you have 166 bullets remaining 2-5-2021, 1:01:05 PM
roflgamer (blindgamers14) sent /t you have 1 of 1 ammo in your cannon, and you have 8178 bullets remaining 2-5-2021, 1:03:36 PM
roflgamer (blindgamers14) sent /t roofl 2-5-2021, 1:05:51 PM
roflgamer (blindgamers14) sent /t ok ok  2-5-2021, 1:05:54 PM
roflgamer (blindgamers14) sent /lchat press s 2-5-2021, 1:06:43 PM
roflgamer (blindgamers14) sent /lchat ll 2-5-2021, 1:07:22 PM
roflgamer (blindgamers14) sent /t whasldf 2-5-2021, 1:12:29 PM
roflgamer (blindgamers14) sent /t let me kil also 2-5-2021, 1:12:50 PM
roflgamer (blindgamers14) sent /t now my turn 2-5-2021, 1:13:48 PM
roflgamer (blindgamers14) sent /lchat come copters 2-5-2021, 1:14:27 PM
roflgamer (blindgamers14) sent /suicide 2-5-2021, 1:15:09 PM
roflgamer (blindgamers14) sent /t get what 2-5-2021, 1:15:26 PM
roflgamer (blindgamers14) sent /t no 2-5-2021, 1:15:34 PM
roflgamer (blindgamers14) sent /t let me 2-5-2021, 1:16:17 PM
roflgamer (blindgamers14) sent /lchat oi 2-5-2021, 1:17:00 PM
roflgamer (blindgamers14) sent /lchat you make lag 2-5-2021, 1:17:04 PM
roflgamer (blindgamers14) sent /lchat vyou have 1 of 1 ammo in your cannon, and you have 11980 bullets remaining 2-5-2021, 1:18:55 PM
roflgamer (blindgamers14) sent /lchat oi dont 2-5-2021, 1:19:05 PM
roflgamer (blindgamers14) sent /lchat add to weapon slot 2-5-2021, 1:19:22 PM
roflgamer (blindgamers14) sent /lchat i ask sgamer to give cannon and zulfikar and i add it to weapon slot 2-5-2021, 1:19:41 PM
roflgamer (blindgamers14) sent /lchat bals 2-5-2021, 1:20:51 PM
roflgamer (blindgamers14) sent /t asdffdas 2-5-2021, 1:23:52 PM
roflgamer (blindgamers14) sent /t fireback 2-5-2021, 1:24:08 PM
roflgamer (blindgamers14) sent /where AnhSon 2-5-2021, 1:46:34 PM
roflgamer (blindgamers14) sent /where Kt_Game 2-5-2021, 2:08:23 PM
roflgamer (blindgamers14) sent /suicide 2-5-2021, 2:09:28 PM
roflgamer (blindgamers14) sent /lchat enter 2-5-2021, 2:09:59 PM
roflgamer (blindgamers14) sent /r hey 2-5-2021, 2:12:37 PM
roflgamer (blindgamers14) sent /r fine 2-5-2021, 2:12:48 PM
roflgamer (blindgamers14) sent /r not yet,  2-5-2021, 2:13:10 PM
roflgamer (blindgamers14) sent /r my net is sooo slow 2-5-2021, 2:13:16 PM
roflgamer (blindgamers14) sent /r btw, can you give me link again/ 2-5-2021, 2:13:29 PM
roflgamer (blindgamers14) sent /r i lost it 2-5-2021, 2:13:34 PM
roflgamer (blindgamers14) sent /lchat come up 2-5-2021, 2:16:02 PM
roflgamer (blindgamers14) sent /lchat you have 2 of 5 ammo in your zulfikar, and you have 161 bullets remaining 2-5-2021, 2:17:24 PM
roflgamer (blindgamers14) sent /lchat no i dont have 2-5-2021, 2:17:40 PM
roflgamer (blindgamers14) sent /lchat this is just weapon slots 2-5-2021, 2:17:46 PM
roflgamer (blindgamers14) sent /where AnhSon 2-5-2021, 2:18:04 PM
roflgamer (blindgamers14) sent /lchat go! 2-5-2021, 2:18:22 PM
roflgamer (blindgamers14) sent /t come cage 2-5-2021, 2:20:08 PM
roflgamer (blindgamers14) sent /where Kt_Game 2-5-2021, 2:20:38 PM
roflgamer (blindgamers14) sent /t go you kill Kt_Game 2-5-2021, 2:20:43 PM
roflgamer (blindgamers14) sent /t i will wait here 2-5-2021, 2:20:47 PM
roflgamer (blindgamers14) sent /t ss 2-5-2021, 2:21:42 PM
roflgamer (blindgamers14) sent /where Kt_Game 2-5-2021, 2:21:49 PM
roflgamer (blindgamers14) sent /t go 2-5-2021, 2:22:31 PM
roflgamer (blindgamers14) sent /suicide 2-5-2021, 2:22:33 PM
roflgamer (blindgamers14) sent /t fuck i spawn on wall 2-5-2021, 2:23:06 PM
roflgamer (blindgamers14) sent /lchat a kirill1, health 50000, damage 2000 15000, distance 3, speed time 500, is below, slightly behind and far off to the right, 3 feet away. a kirill2, health 100000, damage 5000 20000, distance 5, speed time 400, is below, in front and a little ways off to the left, 3 feet away. 2-5-2021, 2:24:47 PM
roflgamer (blindgamers14) sent /lchat bad songs 2-5-2021, 2:25:15 PM
roflgamer (blindgamers14) sent /lchat lkasdjflk 2-5-2021, 2:25:17 PM
roflgamer (blindgamers14) sent /lchat k wait 2-5-2021, 2:25:58 PM
roflgamer (blindgamers14) sent /t you should probably get out of that fire... 2-5-2021, 2:27:36 PM
roflgamer (blindgamers14) sent /t hahahahh 2-5-2021, 2:29:09 PM
roflgamer (blindgamers14) sent /lchat wat 2-5-2021, 2:30:30 PM
roflgamer (blindgamers14) sent /lchat wgy 2-5-2021, 2:30:43 PM
roflgamer (blindgamers14) sent /lchat why 2-5-2021, 2:30:46 PM
roflgamer (blindgamers14) sent /t kill that b 2-5-2021, 2:32:12 PM
roflgamer (blindgamers14) sent /t   k 2-5-2021, 2:33:13 PM
roflgamer (blindgamers14) sent /t now i come 2-5-2021, 2:33:20 PM
roflgamer (blindgamers14) sent /t kk 2-5-2021, 2:33:24 PM
roflgamer (blindgamers14) sent /t kill 2-5-2021, 2:33:38 PM
roflgamer (blindgamers14) sent /lchat hahah 2-5-2021, 2:35:07 PM
roflgamer (blindgamers14) sent /lchat you get 99extra coins! nice job!? 2-5-2021, 2:35:36 PM
roflgamer (blindgamers14) sent /t come fast 2-5-2021, 2:43:59 PM
roflgamer (blindgamers14) sent /t come 2-5-2021, 2:46:05 PM
roflgamer (blindgamers14) sent /where sgamer 2-5-2021, 2:48:25 PM
roflgamer (blindgamers14) sent /where super_artem 2-5-2021, 2:48:31 PM
roflgamer (blindgamers14) sent /bestplayer 2-5-2021, 2:48:35 PM
roflgamer (blindgamers14) sent /t uii? 2-5-2021, 2:48:58 PM
roflgamer (blindgamers14) sent /t watchout someone come 2-5-2021, 2:49:33 PM
roflgamer (blindgamers14) sent /t igrok is streight in front, 0 feet away. shielded bestkiller super_artem is streight in front, 0 feet away. 2-5-2021, 2:49:43 PM
roflgamer (blindgamers14) sent /lchat what 2-5-2021, 2:51:38 PM
roflgamer (blindgamers14) sent /t bye bye, want watch youtube 2-5-2021, 2:51:58 PM
roflgamer (blindgamers14) sent /t how about if i change my nickname to youtube ehhehh 2-5-2021, 2:52:16 PM
roflgamer (blindgamers14) sent /nickname youtube 2-5-2021, 2:52:32 PM
youtube (blindgamers14) sent /lchat oi 2-5-2021, 2:53:29 PM
youtube (blindgamers14) sent /lchat ll 2-5-2021, 2:54:34 PM
youtube (blindgamers14) sent /nickname whatsapp 2-5-2021, 2:57:34 PM
whatsapp (blindgamers14) sent /lchat roofl 2-5-2021, 3:02:40 PM
whatsapp (blindgamers14) sent /lchat hahahh 2-5-2021, 3:03:37 PM
whatsapp (blindgamers14) sent /lchat who 2-5-2021, 3:03:43 PM
whatsapp (blindgamers14) sent /lchat lets trap hi 2-5-2021, 3:03:50 PM
whatsapp (blindgamers14) sent /lchat lets sabotash 2-5-2021, 3:04:03 PM
whatsapp (blindgamers14) sent /suicide 2-5-2021, 3:04:05 PM
whatsapp (blindgamers14) sent /nickname skype 2-5-2021, 3:04:29 PM
skype (blindgamers14) sent /where AnhSon 2-5-2021, 3:09:37 PM
skype (blindgamers14) sent /t AnhSon 2-5-2021, 3:09:56 PM
skype (blindgamers14) sent /bestplayer 2-5-2021, 3:13:22 PM
skype (blindgamers14) sent /t same name? 2-5-2021, 3:13:42 PM
skype (blindgamers14) sent /t kk 2-5-2021, 3:13:48 PM
skype (blindgamers14) sent /nickname kings_of_tk 2-5-2021, 3:14:12 PM
kings_of_tk (blindgamers14) sent /nickfind kings_of tk 2-5-2021, 3:14:33 PM
kings_of_tk (blindgamers14) sent /t  k 2-5-2021, 3:16:41 PM
kings_of_tk (blindgamers14) sent /lchat hope someone not send a bomb hahahh 2-5-2021, 3:16:49 PM
kings_of_tk (blindgamers14) sent /lchat come suck robot 2-5-2021, 3:17:31 PM
kings_of_tk (blindgamers14) sent /lchat what sorry 2-5-2021, 3:18:31 PM
kings_of_tk (blindgamers14) sent /lchat haha cheater 2-5-2021, 3:18:52 PM
kings_of_tk (blindgamers14) sent /lchat coming 2-5-2021, 3:19:23 PM
kings_of_tk (blindgamers14) sent /bid 1020101 2-5-2021, 3:19:35 PM
kings_of_tk (blindgamers14) sent /lchat no auction in progress. 2-5-2021, 3:19:36 PM
kings_of_tk (blindgamers14) sent /lchat again 2-5-2021, 3:19:38 PM
kings_of_tk (blindgamers14) sent /lchat woops 2-5-2021, 3:20:30 PM
kings_of_tk (blindgamers14) sent /t haha it attacking other players 2-5-2021, 3:21:24 PM
kings_of_tk (blindgamers14) sent /t where 2-5-2021, 3:21:51 PM
kings_of_tk (blindgamers14) sent /t k coming 2-5-2021, 3:21:57 PM
kings_of_tk (blindgamers14) sent /suicide 2-5-2021, 3:23:27 PM
kings_of_tk (blindgamers14) sent /t do what 2-5-2021, 3:24:10 PM
kings_of_tk (blindgamers14) sent /t lets analize firs 2-5-2021, 3:24:32 PM
kings_of_tk (blindgamers14) sent /suicide 2-5-2021, 3:25:23 PM
kings_of_tk (blindgamers14) sent /t bye ah, want change acc 2-5-2021, 3:25:54 PM
kings_of_tk (blindgamers14) sent /t fase east and chot 2-5-2021, 3:27:18 PM
kings_of_tk (blindgamers14) sent /t go 2-5-2021, 3:27:25 PM
kings_of_tk (blindgamers14) sent /t you go first 2-5-2021, 3:27:35 PM
kings_of_tk (blindgamers14) sent /lchat you have 1 of 1 ammo in your cannon, and you have 11922 bullets remaining 2-5-2021, 3:27:59 PM
kings_of_tk (blindgamers14) sent /lchat hahahaaajjajajajj 2-5-2021, 3:28:40 PM
kings_of_tk (blindgamers14) sent /bestplayer 2-5-2021, 3:28:53 PM
kings_of_tk (blindgamers14) sent /request please make random spawn point in boxing and cage map so the player not get killed after pressing enter on travel point 2-5-2021, 3:29:55 PM
kings_of_tk (blindgamers14) sent /r you can't do it again, that bug is fixed 2-5-2021, 3:31:44 PM
kings_of_tk (blindgamers14) sent /r i tryed yesterday not work 2-5-2021, 3:32:02 PM
kings_of_tk (blindgamers14) sent /t place nuclera 2-5-2021, 3:32:26 PM
kings_of_tk (blindgamers14) sent /t ehh  2-5-2021, 3:32:30 PM
kings_of_tk (blindgamers14) sent /t lets go together 2-5-2021, 3:33:18 PM
kings_of_tk (blindgamers14) sent /lchat k 2-5-2021, 3:34:18 PM
kings_of_tk (blindgamers14) sent /t must go 2-5-2021, 3:34:41 PM
kings_of_tk (blindgamers14) sent /t bye 2-5-2021, 3:34:47 PM
kings_of_tk (blindgamers14) sent /nickname roflgamer 2-5-2021, 4:37:23 PM
roflgamer (blindgamers14) sent /suicide 2-5-2021, 4:39:00 PM
roflgamer (blindgamers14) sent /  a remote timebomb is behind and slightly to the right, 4 feet away. a remote timebomb is behind and slightly to the right, 4 feet away. a remote timebomb is behind and slightly to the right, 4 feet away. a remote timebomb is behind and slightly to the right, 4 feet away. a remote timebomb is behind and slightly to the right, 4 feet away. a remote timebomb is behind and slightly to the right, 4 feet away. a remote timebomb is behind and slightly to the right, 4 feet away. a remote timebomb is behind and slightly to the right, 4 feet away. a remote timebomb is behind and slightly to the right, 4 feet away. a remote timebomb is behind and slightly to the right, 4 feet away. a remote timebomb is behind and slightly to the right, 4 feet away. a remote timebomb is behind and slightly to the right, 4 feet away. a remote timebomb is behind and slightly to the right, 4 feet away. a remote timebomb is behind and slightly to the right, 4 feet away. a remote timebomb is behind and slightly to the right, 4 feet away. a remote timebomb is behind and slightly to the right, 4 feet away. a remote timebomb is behind and slightly to the right, 4 feet away. a remote timebomb is behind and slightly to the right, 4 feet away. a remote timebomb is behind and slightly to the right, 4 feet away. a remote timebomb is behind and slightly to the right, 4 feet away. a remote timebomb is behind and slightly to the right, 4 feet away. a remote timebomb is behind and slightly to the right, 4 feet away. a remote timebomb is behind and slightly to the right, 4 feet away. a remote timebomb is behind and slightly to the right, 4 feet away. a remote timebomb is behind and slightly to the right, 4 feet away. a remote timebomb is behind and slightly to the right, 4 feet away. a remote timebomb is behind and slightly to the right, 4 feet away. a remote timebomb is behind and slightly to the right, 4 feet away. a remote timebomb is behind and slightly to the right, 4 feet away. a remote timebomb is behind and slightly to the right, 4 feet away. a remote timebomb is behind and slightly to the right, 4 feet away. a remote timebomb is behind and slightly to the right, 4 feet away. a remote timebomb is behind and slightly to the right, 4 feet away. a remote timebomb is behind and slightly to the right, 4 feet away. a remote timebomb is behind and slightly to the right, 4 feet away. a remote timebomb is behind and slightly to the right, 4 feet away. a remote timebomb is behind and slightly to the right, 4 feet away. a remote timebomb is behind and slightly to the right, 4 feet away. a remote timebomb is behind and slightly to the right, 4 feet away. a remote timebomb is behind and slightly to the right, 4 feet away. a remote timebomb is behind and slightly to the right, 4 feet away. a remote timebomb is behind and slightly to the right, 4 feet away. a remote timebomb is behind and slightly to the right, 4 feet away. a remote timebomb is behind and slightly to the right, 4 feet away. a remote timebomb is behind and slightly to the right, 4 feet away. a remote timebomb is behind and slightly to the right, 4 feet away. a remote timebomb is behind and slightly to the right, 4 feet away. a remote timebomb is behind and slightly to the right, 4 feet away. a remote timebomb is behind and slightly to the right, 4 feet away. a remote timebomb is behind and slightly to the right, 4 feet away. a remote timebomb is behind and slightly to the right, 4 feet away. a remote timebomb is behind and slightly to the right, 4 feet away. a remote timebomb is behind and slightly to the right, 4 feet away. a remote timebomb is behind and slightly to the right, 4 feet away. a remote timebomb is behind and slightly to the right, 4 feet away. a remote timebomb is behind and slightly to the right, 4 feet away. a remote timebomb is behind and slightly to the right, 4 feet away. a remote timebomb is behind and slightly to the right, 4 feet away. a remote timebomb is behind and slightly to the right, 4 feet away. a remote timebomb is behind and slightly to the right, 4 feet away. a remote timebomb is behind and slightly to the right, 4 feet away. a remote timebomb is behind and slightly to the right, 4 feet away. a remote timebomb is behind and slightly to the right, 4 feet away. a remote timebomb is behind and slightly to the right, 4 feet away. a remote timebomb is behind and slightly to the right, 4 feet away. a remote timebomb is behind and slightly to the right, 4 feet away. a remote timebomb is behind and slightly to the right, 4 feet away. a remote timebomb is behind and slightly to the right, 4 feet away. a remote timebomb is behind and slightly to the right, 4 feet away. a remote timebomb is behind and slightly to the right, 4 feet away. a remote timebomb is behind and slightly to the right, 4 feet away. a remote timebomb is behind and slightly to the right, 4 feet away. a remote timebomb is behind and slightly to the right, 4 feet away. a remote timebomb is behind and slightly to the right, 4 feet away. a remote timebomb is behind and slightly to the right, 4 feet away. a remote timebomb is behind and slightly to the right, 4 feet away. a remote timebomb is behind and slightly to the right, 4 feet away. a remote timebomb is behind and slightly to the right, 4 feet away. a remote timebomb is behind and slightly to the right, 4 feet away. a remote timebomb is behind and slightly to the right, 4 feet away. a remote timebomb is behind and slightly to the right, 4 feet away. a remote timebomb is behind and slightly to the right, 4 feet away. a remote timebomb is behind and slightly to the right, 4 feet away. a remote timebomb is behind and slightly to the right, 4 feet away. a remote timebomb is behind and slightly to the right, 4 feet away. a remote timebomb is behind and slightly to the right, 4 feet away. a remote timebomb is behind and slightly to the right, 4 feet away. a remote timebomb is behind and slightly to the right, 4 feet away. a remote timebomb is behind and slightly to the right, 4 feet away. a remote timebomb is behind and slightly to the right, 4 feet away. a remote timebomb is behind and slightly to the right, 4 feet away. a remote timebomb is behind and slightly to the right, 4 feet away. a remote timebomb is behind and slightly to the right, 4 feet away. a remote timebomb is behind and slightly to the right, 4 feet away. a remote timebomb is behind and slightly to the right, 4 feet away. a remote timebomb is behind and slightly to the right, 4 feet away. a remote timebomb is behind and slightly to the right, 4 feet away. a remote timebomb is behind and slightly to the right, 4 feet away. a remote timebomb is behind and slightly to the right, 4 feet away. a remote timebomb is behind and slightly to the right, 4 feet away. a remote timebomb is behind and slightly to the right, 4 feet away. a remote timebomb is behind and slightly to the right, 4 feet away. a remote timebomb is behind and slightly to the right, 4 feet away. a remote timebomb is behind and slightly to the right, 4 feet away. a remote timebomb is streight behind, 2 feet away. a remote timebomb is streight behind, 2 feet away. a remote timebomb is streight behind, 2 feet away. a remote timebomb is streight behind, 2 feet away. a remote timebomb is streight behind, 2 feet away. a remote timebomb is streight behind, 2 feet away. a remote timebomb is streight behind, 2 feet away. a remote timebomb is streight behind, 2 feet away. a remote timebomb is streight behind, 2 feet away. a remote timebomb is streight behind, 2 feet away. a remote timebomb is streight behind, 2 feet away. a remote timebomb is streight behind, 2 feet away. a remote timebomb is streight behind, 2 feet away. a remote timebomb is streight behind, 2 feet away. a remote timebomb is streight behind, 2 feet away. a remote timebomb is streight behind, 2 feet away. a remote timebomb is streight behind, 2 feet away. a remote timebomb is streight behind, 2 feet away. a remote timebomb is streight behind, 2 feet away. a remote timebomb is streight behind, 2 feet away. a remote timebomb is streight behind, 2 feet away. a remote timebomb is streight behind, 2 feet away. a remote timebomb is streight behind, 2 feet away. a remote timebomb is streight behind, 2 feet away. a remote timebomb is streight behind, 2 feet away. a remote timebomb is streight behind, 2 feet away. a remote timebomb is streight behind, 2 feet away. a remote timebomb is streight behind, 2 feet away. a remote timebomb is streight behind, 2 feet away. a remote timebomb is streight behind, 2 feet away. a remote timebomb is streight behind, 2 feet away. a remote timebomb is streight behind, 2 feet away. a remote timebomb is streight behind, 2 feet away. a remote timebomb is streight behind, 2 feet away. a remote timebomb is streight behind, 2 feet away. a remote timebomb is streight behind, 2 feet away. a remote timebomb is streight behind, 2 feet away. a remote timebomb is streight behind, 2 feet away. a remote timebomb is streight behind, 2 feet away. a remote timebomb is streight behind, 2 feet away. a remote timebomb is streight behind, 2 feet away. a remote timebomb is streight behind, 2 feet away. a remote timebomb is streight behind, 2 feet away. a remote timebomb is streight behind, 2 feet away. a remote timebomb is streight behind, 2 feet away. a remote timebomb is streight behind, 2 feet away. a remote timebomb is streight behind, 2 feet away. a remote timebomb is streight behind, 2 feet away. a remote timebomb is streight behind, 2 feet away. a remote timebomb is streight behind, 2 feet away. a remote timebomb is streight behind, 2 feet away. a remote timebomb is streight behind, 2 feet away. a remote timebomb is streight behind, 2 feet away. a remote timebomb is streight behind, 2 feet away. a remote timebomb is streight behind, 2 feet away. a remote timebomb is streight behind, 2 feet away. a remote timebomb is streight behind, 2 feet away. a remote timebomb is streight behind, 2 feet away. a remote timebomb is streight behind, 2 feet away. a remote timebomb is streight behind, 2 feet away. a remote timebomb is streight behind, 2 feet away. a remote timebomb is streight behind, 2 feet away. a remote timebomb is streight behind, 2 feet away. a remote timebomb is streight behind, 2 feet away. a remote timebomb is streight behind, 2 feet away. a remote timebomb is streight behind, 2 feet away. a remote timebomb is streight behind, 2 feet away. a remote timebomb is streight behind, 2 feet away. a remote timebomb is streight behind, 2 feet away. a remote timebomb is streight behind, 2 feet away. a remote timebomb is streight behind, 2 feet away. a remote timebomb is streight behind, 2 feet away. a remote timebomb is streight behind, 2 feet away. a remote timebomb is streight behind, 2 feet away. a remote timebomb is streight behind, 2 feet away. a remote timebomb is streight behind, 2 feet away. a remote timebomb is streight behind, 2 feet away. a remote timebomb is streight behind, 2 feet away. a remote timebomb is streight behind, 2 feet away. a remote timebomb is streight behind, 2 feet away. a remote timebomb is streight behind, 1 feet away. a remote timebomb is streight behind, 1 feet away. a remote timebomb is streight behind, 1 feet away. a remote timebomb is streight behind, 1 feet away. a remote timebomb is streight behind, 1 feet away. a remote timebomb is streight behind, 1 feet away. a remote timebomb is streight behind, 1 feet away. a remote timebomb is streight behind, 1 feet away. a remote timebomb is streight behind, 1 feet away. a remote timebomb is streight behind, 1 feet away. a remote timebomb is streight behind, 1 feet away. a remote timebomb is streight behind, 1 feet away. a remote timebomb is streight behind, 1 feet away. a remote timebomb is streight behind, 1 feet away. a remote timebomb is streight behind, 1 feet away. a remote timebomb is streight behind, 1 feet away. a remote timebomb is streight behind, 1 feet away. a remote timebomb is streight behind, 1 feet away. a remote timebomb is streight behind, 1 feet away. a remote timebomb is streight behind, 1 feet away. a remote timebomb is streight behind, 1 feet away. a remote timebomb is streight behind, 1 feet away. a remote timebomb is streight behind, 1 feet away. a remote timebomb is streight behind, 1 feet away. a remote timebomb is streight behind, 1 feet away. a remote timebomb is streight behind, 1 feet away. a remote timebomb is streight behind, 1 feet away. a remote timebomb is streight behind, 1 feet away. a remote timebomb is streight behind, 1 feet away. a remote timebomb is streight behind, 1 feet away. a remote timebomb is streight behind, 1 feet away. a remote timebomb is streight behind, 1 feet away. a remote timebomb is streight behind, 1 feet away. a remote timebomb is streight behind, 1 feet away. a remote timebomb is streight behind, 1 feet away. a remote timebomb is streight behind, 1 feet away. a remote timebomb is streight behind, 1 feet away. a remote timebomb is streight behind, 1 feet away. a remote timebomb is streight behind, 1 feet away. a remote timebomb is streight behind, 1 feet away. a remote timebomb is streight behind, 1 feet away. a remote timebomb is streight behind, 1 feet away. a remote timebomb is streight behind, 1 feet away. a remote timebomb is streight behind, 1 feet away. a remote timebomb is streight behind, 1 feet away. a remote timebomb is streight behind, 1 feet away. a remote timebomb is streight behind, 1 feet away. a remote timebomb is streight behind, 1 feet away. a remote timebomb is streight behind, 1 feet away. a remote timebomb is streight behind, 1 feet away. a remote timebomb is streight behind, 1 feet away. a remote timebomb is streight behind, 1 feet away. a remote timebomb is streight behind, 1 feet away. a remote timebomb is streight behind, 1 feet away. a remote timebomb is streight behind, 1 feet away. 2-5-2021, 4:46:11 PM
roflgamer (blindgamers14) sent /lchat rofl 2-5-2021, 4:49:40 PM
roflgamer (blindgamers14) sent /lchat roofl 2-5-2021, 4:51:46 PM
roflgamer (blindgamers14) sent /lchat not  hit 2-5-2021, 4:55:09 PM
roflgamer (blindgamers14) sent /where DJ_mux 2-5-2021, 5:00:37 PM
roflgamer (blindgamers14) sent /bestplayer 2-5-2021, 5:01:04 PM
roflgamer (blindgamers14) sent /where Igrok 2-5-2021, 5:03:01 PM
roflgamer (blindgamers14) sent /where Igrok 2-5-2021, 5:04:37 PM
roflgamer (blindgamers14) sent /suicide 2-5-2021, 5:10:40 PM