
ramil(ramil) used a hand_grenade 8-16-2020, 1:58:53 PM
ramil(ramil) used a hand_grenade 8-16-2020, 1:58:53 PM
ramil(ramil) used a hand_grenade 8-16-2020, 1:59:26 PM
ramil(ramil) used a hand_grenade 8-16-2020, 1:59:26 PM
ramil(ramil) used a hand_grenade 8-16-2020, 1:59:27 PM
ramil(ramil) used a hand_grenade 8-16-2020, 1:59:27 PM
ramil(ramil) used a hand_grenade 8-16-2020, 1:59:27 PM
ramil(ramil) used a hand_grenade 8-16-2020, 1:59:27 PM
ramil(ramil) used a hand_grenade 8-16-2020, 1:59:28 PM
ramil(ramil) used a hand_grenade 8-16-2020, 1:59:28 PM
ramil(ramil) used a hand_grenade 8-16-2020, 1:59:28 PM
ramil(ramil) used a hand_grenade 8-16-2020, 1:59:28 PM
ramil(ramil) used a hand_grenade 8-16-2020, 1:59:28 PM
ramil(ramil) used a hand_grenade 8-16-2020, 1:59:29 PM
ramil(ramil) used a hand_grenade 8-16-2020, 1:59:29 PM
ramil(ramil) used a hand_grenade 8-16-2020, 1:59:29 PM
ramil(ramil) used a hand_grenade 8-16-2020, 1:59:29 PM
ramil(ramil) used a hand_grenade 8-16-2020, 1:59:29 PM
ramil(ramil) used a hand_grenade 8-16-2020, 1:59:33 PM
ramil(ramil) used a hand_grenade 8-16-2020, 1:59:33 PM
ramil(ramil) used a hand_grenade 8-16-2020, 1:59:33 PM
ramil(ramil) used a hand_grenade 8-16-2020, 1:59:34 PM
ramil(ramil) used a hand_grenade 8-16-2020, 1:59:34 PM
ramil(ramil) used a hand_grenade 8-16-2020, 1:59:34 PM
ramil(ramil) used a hand_grenade 8-16-2020, 1:59:34 PM
ramil(ramil) used a hand_grenade 8-16-2020, 2:00:15 PM
ramil(ramil) used a hand_grenade 8-16-2020, 2:00:16 PM
ramil(ramil) used a hand_grenade 8-16-2020, 2:00:16 PM
ramil(ramil) used a hand_grenade 8-16-2020, 2:00:16 PM
ramil(ramil) used a hand_grenade 8-16-2020, 2:00:16 PM
ramil(ramil) used a hand_grenade 8-16-2020, 2:00:16 PM
ramil(ramil) used a hand_grenade 8-16-2020, 2:00:39 PM
ramil(ramil) used a hand_grenade 8-16-2020, 2:00:42 PM
ramil(ramil) used a hand_grenade 8-16-2020, 2:00:42 PM
ramil(ramil) used a hand_grenade 8-16-2020, 2:00:43 PM
ramil(ramil) used a hand_grenade 8-16-2020, 2:00:44 PM
ramil(ramil) used a hand_grenade 8-16-2020, 2:00:44 PM
ramil(ramil) used a hand_grenade 8-16-2020, 2:00:44 PM
ramil(ramil) used a hand_grenade 8-16-2020, 2:00:44 PM
ramil(ramil) used a hand_grenade 8-16-2020, 2:00:45 PM
ramil(ramil) used a hand_grenade 8-16-2020, 2:00:45 PM
ramil(ramil) used a hand_grenade 8-16-2020, 2:00:45 PM
ramil(ramil) used a hand_grenade 8-16-2020, 2:00:45 PM
ramil(ramil) used a hand_grenade 8-16-2020, 2:00:45 PM
ramil(ramil) used a hand_grenade 8-16-2020, 2:00:46 PM
ramil(ramil) used a hand_grenade 8-16-2020, 2:00:46 PM
ramil(ramil) used a hand_grenade 8-16-2020, 2:00:46 PM
ramil(ramil) used a hand_grenade 8-16-2020, 2:00:46 PM
ramil(ramil) used a hand_grenade 8-16-2020, 2:00:46 PM
ramil(ramil) used a hand_grenade 8-16-2020, 2:00:47 PM
ramil(ramil) used a hand_grenade 8-16-2020, 2:00:47 PM
ramil(ramil) used a hand_grenade 8-16-2020, 2:00:47 PM
ramil(ramil) used a hand_grenade 8-16-2020, 2:00:47 PM
ramil(ramil) used a hand_grenade 8-16-2020, 2:00:47 PM
ramil(ramil) used a hand_grenade 8-16-2020, 2:00:48 PM
ramil(ramil) used a hand_grenade 8-16-2020, 2:00:48 PM
ramil(ramil) used a hand_grenade 8-16-2020, 2:00:48 PM
ramil(ramil) used a hand_grenade 8-16-2020, 2:00:48 PM
ramil(ramil) used a hand_grenade 8-16-2020, 2:00:48 PM
ramil(ramil) used a hand_grenade 8-16-2020, 2:00:48 PM
ramil(ramil) used a hand_grenade 8-16-2020, 2:00:49 PM
ramil(ramil) used a hand_grenade 8-16-2020, 2:00:49 PM
ramil(ramil) used a hand_grenade 8-16-2020, 2:00:49 PM
ramil(ramil) used a hand_grenade 8-16-2020, 2:00:49 PM
ramil(ramil) used a hand_grenade 8-16-2020, 2:00:49 PM
ramil(ramil) used a hand_grenade 8-16-2020, 2:00:50 PM
ramil(ramil) used a hand_grenade 8-16-2020, 2:00:50 PM
ramil(ramil) used a hand_grenade 8-16-2020, 2:00:50 PM
ramil(ramil) used a hand_grenade 8-16-2020, 2:00:50 PM
ramil(ramil) used a hand_grenade 8-16-2020, 2:00:51 PM
ramil(ramil) used a hand_grenade 8-16-2020, 2:00:51 PM
ramil(ramil) used a hand_grenade 8-16-2020, 2:00:51 PM
ramil(ramil) used a hand_grenade 8-16-2020, 2:00:51 PM
ramil(ramil) used a hand_grenade 8-16-2020, 2:00:51 PM
ramil(ramil) used a hand_grenade 8-16-2020, 2:00:52 PM
ramil(ramil) used a hand_grenade 8-16-2020, 2:00:52 PM
ramil(ramil) used a hand_grenade 8-16-2020, 2:00:52 PM
ramil(ramil) used a hand_grenade 8-16-2020, 2:00:52 PM
ramil(ramil) used a hand_grenade 8-16-2020, 2:00:53 PM
ramil(ramil) used a hand_grenade 8-16-2020, 2:00:53 PM
ramil(ramil) used a hand_grenade 8-16-2020, 2:00:53 PM
ramil(ramil) used a hand_grenade 8-16-2020, 2:00:53 PM
ramil(ramil) used a hand_grenade 8-16-2020, 2:00:54 PM
ramil(ramil) used a hand_grenade 8-16-2020, 2:00:54 PM
ramil(ramil) used a hand_grenade 8-16-2020, 2:00:54 PM
ramil(ramil) used a hand_grenade 8-16-2020, 2:00:54 PM
ramil(ramil) used a hand_grenade 8-16-2020, 2:00:54 PM
ramil(ramil) used a hand_grenade 8-16-2020, 2:00:55 PM
ramil(ramil) used a hand_grenade 8-16-2020, 2:00:55 PM
ramil(ramil) used a hand_grenade 8-16-2020, 2:00:55 PM
ramil(ramil) used a hand_grenade 8-16-2020, 2:00:55 PM
ramil(ramil) used a hand_grenade 8-16-2020, 2:00:55 PM
ramil(ramil) used a hand_grenade 8-16-2020, 2:00:56 PM
ramil(ramil) used a hand_grenade 8-16-2020, 2:00:56 PM
ramil(ramil) used a hand_grenade 8-16-2020, 2:00:56 PM
ramil(ramil) used a hand_grenade 8-16-2020, 2:00:56 PM
ramil(ramil) used a hand_grenade 8-16-2020, 2:00:57 PM
ramil(ramil) used a hand_grenade 8-16-2020, 2:00:57 PM
ramil(ramil) used a hand_grenade 8-16-2020, 2:00:57 PM
ramil(ramil) used a hand_grenade 8-16-2020, 2:00:57 PM
ramil(ramil) used a hand_grenade 8-16-2020, 2:00:57 PM
ramil(ramil) used a hand_grenade 8-16-2020, 2:00:58 PM
ramil(ramil) used a hand_grenade 8-16-2020, 2:00:58 PM
ramil(ramil) used a hand_grenade 8-16-2020, 2:00:59 PM
ramil(ramil) used a hand_grenade 8-16-2020, 2:00:59 PM
ramil(ramil) used a hand_grenade 8-16-2020, 2:00:59 PM
ramil(ramil) used a hand_grenade 8-16-2020, 2:00:59 PM
ramil(ramil) used a hand_grenade 8-16-2020, 2:01:00 PM
ramil(ramil) used a hand_grenade 8-16-2020, 2:01:00 PM
ramil(ramil) used a hand_grenade 8-16-2020, 2:01:01 PM
ramil(ramil) used a hand_grenade 8-16-2020, 2:01:01 PM
ramil(ramil) used a hand_grenade 8-16-2020, 2:01:02 PM
ramil(ramil) used a hand_grenade 8-16-2020, 2:01:04 PM
ramil(ramil) used a hand_grenade 8-16-2020, 2:01:05 PM
ramil(ramil) used a hand_grenade 8-16-2020, 2:01:06 PM
ramil(ramil) used a hand_grenade 8-16-2020, 2:01:07 PM
ramil(ramil) used a hand_grenade 8-16-2020, 2:01:08 PM
ramil(ramil) used a hand_grenade 8-16-2020, 2:01:08 PM
ramil(ramil) used a hand_grenade 8-16-2020, 2:01:08 PM
ramil(ramil) used a hand_grenade 8-16-2020, 2:01:08 PM
ramil(ramil) used a hand_grenade 8-16-2020, 2:01:09 PM
ramil(ramil) used a hand_grenade 8-16-2020, 2:01:09 PM
ramil(ramil) used a hand_grenade 8-16-2020, 2:01:09 PM
ramil(ramil) used a hand_grenade 8-16-2020, 2:01:09 PM
ramil(ramil) used a hand_grenade 8-16-2020, 2:01:09 PM
ramil(ramil) used a hand_grenade 8-16-2020, 2:01:09 PM
ramil(ramil) used a hand_grenade 8-16-2020, 2:01:10 PM
ramil(ramil) used a hand_grenade 8-16-2020, 2:01:10 PM
ramil(ramil) used a stp429_mini_missile 8-16-2020, 2:01:14 PM
ramil(ramil) used a stp429_mini_missile 8-16-2020, 2:01:17 PM
ramil(ramil) used a hand_grenade 8-16-2020, 2:01:22 PM
ramil(ramil) used a hand_grenade 8-16-2020, 2:01:22 PM
ramil(ramil) used a hand_grenade 8-16-2020, 2:01:23 PM
ramil(ramil) used a hand_grenade 8-16-2020, 2:01:23 PM
ramil(ramil) used a hand_grenade 8-16-2020, 2:01:23 PM
ramil(ramil) used a hand_grenade 8-16-2020, 2:01:23 PM
ramil(ramil) used a hand_grenade 8-16-2020, 2:01:24 PM
ramil(ramil) used a hand_grenade 8-16-2020, 2:01:28 PM
ramil(ramil) used a hand_grenade 8-16-2020, 2:01:29 PM
ramil(ramil) used a hand_grenade 8-16-2020, 2:01:29 PM
ramil(ramil) used a hand_grenade 8-16-2020, 2:01:29 PM
ramil(ramil) used a hand_grenade 8-16-2020, 2:01:29 PM
ramil(ramil) used a hand_grenade 8-16-2020, 2:01:30 PM
ramil(ramil) used a hand_grenade 8-16-2020, 2:01:30 PM
ramil(ramil) used a hand_grenade 8-16-2020, 2:01:30 PM
ramil(ramil) used a hand_grenade 8-16-2020, 2:01:30 PM
ramil(ramil) used a hand_grenade 8-16-2020, 2:01:30 PM
ramil(ramil) used a hand_grenade 8-16-2020, 2:01:31 PM
ramil(ramil) used a hand_grenade 8-16-2020, 2:01:31 PM
ramil(ramil) used a hand_grenade 8-16-2020, 2:01:31 PM
ramil(ramil) used a hand_grenade 8-16-2020, 2:01:31 PM
ramil(ramil) used a hand_grenade 8-16-2020, 2:01:31 PM
ramil(ramil) used a hand_grenade 8-16-2020, 2:01:32 PM
ramil(ramil) used a hand_grenade 8-16-2020, 2:01:32 PM
ramil(ramil) used a hand_grenade 8-16-2020, 2:01:32 PM
ramil(ramil) used a hand_grenade 8-16-2020, 2:01:32 PM
ramil(ramil) used a hand_grenade 8-16-2020, 2:01:32 PM
ramil(ramil) used a hand_grenade 8-16-2020, 2:01:33 PM
ramil(ramil) used a hand_grenade 8-16-2020, 2:01:33 PM
ramil(ramil) used a hand_grenade 8-16-2020, 2:01:34 PM
ramil(ramil) used a hand_grenade 8-16-2020, 2:01:34 PM
ramil(ramil) used a hand_grenade 8-16-2020, 2:01:34 PM
ramil(ramil) used a hand_grenade 8-16-2020, 2:01:34 PM
ramil(ramil) used a hand_grenade 8-16-2020, 2:01:34 PM
ramil(ramil) used a hand_grenade 8-16-2020, 2:01:35 PM
ramil(ramil) used a hand_grenade 8-16-2020, 2:01:35 PM
ramil(ramil) used a hand_grenade 8-16-2020, 2:01:35 PM
ramil(ramil) used a hand_grenade 8-16-2020, 2:01:35 PM
ramil(ramil) used a hand_grenade 8-16-2020, 2:01:35 PM
ramil(ramil) used a hand_grenade 8-16-2020, 2:01:35 PM
ramil(ramil) used a hand_grenade 8-16-2020, 2:01:35 PM
ramil(ramil) used a hand_grenade 8-16-2020, 2:01:36 PM
ramil(ramil) used a hand_grenade 8-16-2020, 2:01:36 PM
ramil(ramil) used a hand_grenade 8-16-2020, 2:01:36 PM
ramil(ramil) used a hand_grenade 8-16-2020, 2:01:36 PM
ramil(ramil) used a hand_grenade 8-16-2020, 2:01:36 PM
ramil(ramil) used a hand_grenade 8-16-2020, 2:01:36 PM
ramil(ramil) used a hand_grenade 8-16-2020, 2:01:37 PM
ramil(ramil) used a hand_grenade 8-16-2020, 2:01:37 PM
ramil(ramil) used a hand_grenade 8-16-2020, 2:01:37 PM
ramil(ramil) used a hand_grenade 8-16-2020, 2:01:37 PM
ramil(ramil) used a hand_grenade 8-16-2020, 2:01:37 PM
ramil(ramil) used a hand_grenade 8-16-2020, 2:01:37 PM
ramil(ramil) used a hand_grenade 8-16-2020, 2:01:38 PM
ramil(ramil) used a hand_grenade 8-16-2020, 2:01:38 PM
ramil(ramil) used a hand_grenade 8-16-2020, 2:01:38 PM
ramil(ramil) used a hand_grenade 8-16-2020, 2:01:38 PM
ramil(ramil) used a hand_grenade 8-16-2020, 2:01:38 PM
ramil(ramil) used a hand_grenade 8-16-2020, 2:01:39 PM
ramil(ramil) used a hand_grenade 8-16-2020, 2:01:39 PM
ramil(ramil) used a hand_grenade 8-16-2020, 2:01:39 PM
ramil(ramil) used a hand_grenade 8-16-2020, 2:01:39 PM
ramil(ramil) used a hand_grenade 8-16-2020, 2:01:39 PM
ramil(ramil) used a hand_grenade 8-16-2020, 2:01:40 PM
ramil(ramil) used a hand_grenade 8-16-2020, 2:01:40 PM
ramil(ramil) used a hand_grenade 8-16-2020, 2:01:40 PM
ramil(ramil) used a hand_grenade 8-16-2020, 2:01:40 PM
ramil(ramil) used a hand_grenade 8-16-2020, 2:01:41 PM
ramil(ramil) used a hand_grenade 8-16-2020, 2:01:41 PM
ramil(ramil) used a hand_grenade 8-16-2020, 2:01:41 PM
ramil(ramil) used a hand_grenade 8-16-2020, 2:01:41 PM
ramil(ramil) used a hand_grenade 8-16-2020, 2:01:42 PM
ramil(ramil) used a hand_grenade 8-16-2020, 2:01:42 PM
ramil(ramil) used a hand_grenade 8-16-2020, 2:01:42 PM
ramil(ramil) used a hand_grenade 8-16-2020, 2:01:42 PM
ramil(ramil) used a hand_grenade 8-16-2020, 2:01:43 PM
ramil(ramil) used a hand_grenade 8-16-2020, 2:01:43 PM
ramil(ramil) used a hand_grenade 8-16-2020, 2:01:43 PM
ramil(ramil) used a hand_grenade 8-16-2020, 2:01:43 PM
ramil(ramil) used a hand_grenade 8-16-2020, 2:01:44 PM
ramil(ramil) used a hand_grenade 8-16-2020, 2:01:45 PM
ramil(ramil) used a hand_grenade 8-16-2020, 2:01:45 PM
ramil(ramil) used a hand_grenade 8-16-2020, 2:01:45 PM
ramil(ramil) used a hand_grenade 8-16-2020, 2:01:46 PM
ramil(ramil) used a hand_grenade 8-16-2020, 2:01:47 PM
ramil(ramil) used a hand_grenade 8-16-2020, 2:01:49 PM
ramil(ramil) used a hand_grenade 8-16-2020, 2:01:49 PM
ramil(ramil) used a hand_grenade 8-16-2020, 2:01:49 PM
ramil(ramil) used a hand_grenade 8-16-2020, 2:01:49 PM
ramil(ramil) used a hand_grenade 8-16-2020, 2:01:50 PM
ramil(ramil) used a hand_grenade 8-16-2020, 2:01:50 PM
ramil(ramil) used a hand_grenade 8-16-2020, 2:01:50 PM
ramil(ramil) used a hand_grenade 8-16-2020, 2:01:50 PM
ramil(ramil) used a hand_grenade 8-16-2020, 2:01:50 PM
ramil(ramil) used a hand_grenade 8-16-2020, 2:01:51 PM
ramil(ramil) used a hand_grenade 8-16-2020, 2:01:51 PM
ramil(ramil) used a hand_grenade 8-16-2020, 2:01:51 PM
ramil(ramil) used a hand_grenade 8-16-2020, 2:01:52 PM
ramil(ramil) used a hand_grenade 8-16-2020, 2:01:52 PM
ramil(ramil) used a hand_grenade 8-16-2020, 2:01:52 PM
ramil(ramil) used a hand_grenade 8-16-2020, 2:01:53 PM
ramil(ramil) used a hand_grenade 8-16-2020, 2:01:54 PM
ramil(ramil) used a hand_grenade 8-16-2020, 2:01:54 PM
ramil(ramil) used a hand_grenade 8-16-2020, 2:01:54 PM
ramil(ramil) used a hand_grenade 8-16-2020, 2:01:55 PM
ramil(ramil) used a hand_grenade 8-16-2020, 2:02:32 PM
ramil(ramil) used a hand_grenade 8-16-2020, 2:02:34 PM
ramil(ramil) used a hand_grenade 8-16-2020, 2:02:35 PM
ramil(ramil) used a hand_grenade 8-16-2020, 2:02:36 PM
ramil(ramil) used a hand_grenade 8-16-2020, 2:02:36 PM
ramil(ramil) used a hand_grenade 8-16-2020, 2:02:37 PM
ramil(ramil) used a hand_grenade 8-16-2020, 2:02:38 PM
ramil(ramil) used a hand_grenade 8-16-2020, 2:02:38 PM
ramil(ramil) used a hand_grenade 8-16-2020, 2:02:38 PM
ramil(ramil) used a hand_grenade 8-16-2020, 2:02:39 PM
ramil(ramil) used a hand_grenade 8-16-2020, 2:02:39 PM
ramil(ramil) used a hand_grenade 8-16-2020, 2:02:39 PM
ramil(ramil) used a hand_grenade 8-16-2020, 2:02:39 PM
ramil(ramil) used a hand_grenade 8-16-2020, 2:02:40 PM
ramil(ramil) used a hand_grenade 8-16-2020, 2:02:40 PM
ramil(ramil) used a hand_grenade 8-16-2020, 2:02:40 PM
ramil(ramil) used a hand_grenade 8-16-2020, 2:02:40 PM
ramil(ramil) used a hand_grenade 8-16-2020, 2:02:40 PM
ramil(ramil) used a hand_grenade 8-16-2020, 2:02:41 PM
ramil(ramil) used a hand_grenade 8-16-2020, 2:02:41 PM
ramil(ramil) used a hand_grenade 8-16-2020, 2:02:41 PM
ramil(ramil) used a hand_grenade 8-16-2020, 2:02:41 PM
ramil(ramil) used a hand_grenade 8-16-2020, 2:02:41 PM
ramil(ramil) used a hand_grenade 8-16-2020, 2:02:42 PM
ramil(ramil) used a hand_grenade 8-16-2020, 2:02:42 PM
ramil(ramil) used a hand_grenade 8-16-2020, 2:02:42 PM
ramil(ramil) used a hand_grenade 8-16-2020, 2:02:42 PM
ramil(ramil) used a hand_grenade 8-16-2020, 2:02:43 PM
ramil(ramil) used a hand_grenade 8-16-2020, 2:02:43 PM
ramil(ramil) used a hand_grenade 8-16-2020, 2:02:43 PM
ramil(ramil) used a hand_grenade 8-16-2020, 2:02:43 PM
ramil(ramil) used a hand_grenade 8-16-2020, 2:02:44 PM
ramil(ramil) used a hand_grenade 8-16-2020, 2:02:44 PM
ramil(ramil) used a hand_grenade 8-16-2020, 2:02:44 PM
ramil(ramil) used a hand_grenade 8-16-2020, 2:02:46 PM
ramil(ramil) used a hand_grenade 8-16-2020, 2:02:47 PM
ramil(ramil) used a hand_grenade 8-16-2020, 2:02:47 PM
ramil(ramil) used a hand_grenade 8-16-2020, 2:02:47 PM
ramil(ramil) used a hand_grenade 8-16-2020, 2:02:48 PM
ramil(ramil) used a hand_grenade 8-16-2020, 2:02:48 PM
ramil(ramil) used a hand_grenade 8-16-2020, 2:02:48 PM
ramil(ramil) used a hand_grenade 8-16-2020, 2:02:49 PM
ramil(ramil) used a hand_grenade 8-16-2020, 2:02:49 PM
ramil(ramil) used a hand_grenade 8-16-2020, 2:02:52 PM
ramil(ramil) used a hand_grenade 8-16-2020, 2:02:58 PM
ramil(ramil) used a hand_grenade 8-16-2020, 2:02:58 PM
ramil(ramil) used a hand_grenade 8-16-2020, 2:02:59 PM
ramil(ramil) used a hand_grenade 8-16-2020, 2:03:18 PM
ramil(ramil) used a hand_grenade 8-16-2020, 2:03:24 PM
ramil(ramil) used a modern_sub_machine_gun_carbine 8-16-2020, 2:03:31 PM
ramil(ramil) used a hand_grenade 8-16-2020, 2:03:40 PM
ramil(ramil) used a hand_grenade 8-16-2020, 2:03:43 PM
ramil(ramil) used a hand_grenade 8-16-2020, 2:03:44 PM
ramil(ramil) used a hand_grenade 8-16-2020, 2:03:49 PM
ramil(ramil) used a hand_grenade 8-16-2020, 2:03:49 PM
ramil(ramil) used a hand_grenade 8-16-2020, 2:03:59 PM
ramil(ramil) used a hand_grenade 8-16-2020, 2:03:59 PM
ramil(ramil) used a hand_grenade 8-16-2020, 2:03:59 PM
ramil(ramil) used a hand_grenade 8-16-2020, 2:04:00 PM
ramil(ramil) used a hand_grenade 8-16-2020, 2:04:00 PM
ramil(ramil) used a hand_grenade 8-16-2020, 2:04:00 PM
ramil(ramil) used a hand_grenade 8-16-2020, 2:04:00 PM
ramil(ramil) used a hand_grenade 8-16-2020, 2:04:00 PM
ramil(ramil) used a hand_grenade 8-16-2020, 2:04:01 PM
ramil(ramil) used a hand_grenade 8-16-2020, 2:04:02 PM
ramil(ramil) used a hand_cannon 8-16-2020, 2:04:06 PM
ramil(ramil) used a hand_cannon 8-16-2020, 2:04:14 PM
ramil(ramil) used a hand_cannon 8-16-2020, 2:04:15 PM
ramil(ramil) used a hand_grenade 8-16-2020, 2:04:17 PM
ramil(ramil) used a hand_grenade 8-16-2020, 2:04:17 PM
ramil(ramil) used a hand_grenade 8-16-2020, 2:04:17 PM
ramil(ramil) used a hand_grenade 8-16-2020, 2:04:17 PM
ramil(ramil) used a hand_grenade 8-16-2020, 2:04:20 PM
ramil(ramil) used a hand_grenade 8-16-2020, 2:04:21 PM
ramil(ramil) used a hand_grenade 8-16-2020, 2:04:24 PM
ramil(ramil) used a hand_grenade 8-16-2020, 2:04:28 PM
ramil(ramil) used a hand_grenade 8-16-2020, 2:04:54 PM
ramil(ramil) used a hand_grenade 8-16-2020, 2:04:57 PM
ramil(ramil) used a hand_grenade 8-16-2020, 2:04:58 PM
ramil(ramil) used a hand_grenade 8-16-2020, 2:05:00 PM
ramil(ramil) used a hand_grenade 8-16-2020, 2:05:01 PM
ramil(ramil) used a hand_grenade 8-16-2020, 2:05:01 PM
ramil(ramil) used a hand_grenade 8-16-2020, 2:05:01 PM
ramil(ramil) used a hand_grenade 8-16-2020, 2:05:01 PM
ramil(ramil) used a hand_grenade 8-16-2020, 2:05:03 PM
ramil(ramil) used a hand_grenade 8-16-2020, 2:05:03 PM
ramil(ramil) used a hand_grenade 8-16-2020, 2:05:03 PM
ramil(ramil) used a hand_grenade 8-16-2020, 2:05:05 PM
ramil(ramil) used a hand_grenade 8-16-2020, 2:05:10 PM
ramil(ramil) used a hand_grenade 8-16-2020, 2:05:10 PM
ramil(ramil) used a hand_grenade 8-16-2020, 2:05:10 PM
ramil(ramil) used a hand_grenade 8-16-2020, 2:05:10 PM
ramil(ramil) used a hand_grenade 8-16-2020, 2:05:11 PM
ramil(ramil) used a hand_grenade 8-16-2020, 2:05:11 PM
ramil(ramil) used a hand_grenade 8-16-2020, 2:05:11 PM
ramil(ramil) used a hand_grenade 8-16-2020, 2:05:11 PM
ramil(ramil) used a hand_grenade 8-16-2020, 2:05:11 PM
ramil(ramil) used a hand_grenade 8-16-2020, 2:05:12 PM
ramil(ramil) used a hand_grenade 8-16-2020, 2:05:12 PM
ramil(ramil) used a hand_grenade 8-16-2020, 2:06:00 PM
ramil(ramil) used a hand_grenade 8-16-2020, 2:06:01 PM
ramil(ramil) used a hand_grenade 8-16-2020, 2:06:01 PM
ramil(ramil) used a hand_grenade 8-16-2020, 2:06:01 PM
ramil(ramil) used a hand_grenade 8-16-2020, 2:06:02 PM
ramil(ramil) used a hand_grenade 8-16-2020, 2:06:03 PM
ramil(ramil) used a hand_grenade 8-16-2020, 2:06:03 PM
ramil(ramil) used a hand_grenade 8-16-2020, 2:06:03 PM
ramil(ramil) used a hand_grenade 8-16-2020, 2:06:03 PM
ramil(ramil) used a hand_grenade 8-16-2020, 2:06:04 PM
ramil(ramil) used a hand_grenade 8-16-2020, 2:06:05 PM
ramil(ramil) used a hand_grenade 8-16-2020, 2:06:05 PM
ramil(ramil) used a hand_grenade 8-16-2020, 2:06:05 PM
ramil(ramil) used a hand_grenade 8-16-2020, 2:06:05 PM
ramil(ramil) used a hand_grenade 8-16-2020, 2:06:05 PM
ramil(ramil) used a hand_grenade 8-16-2020, 2:06:06 PM
ramil(ramil) used a hand_grenade 8-16-2020, 2:06:06 PM
ramil(ramil) used a hand_grenade 8-16-2020, 2:06:06 PM
ramil(ramil) used a hand_grenade 8-16-2020, 2:06:06 PM
ramil(ramil) used a hand_grenade 8-16-2020, 2:06:09 PM
ramil(ramil) used a hand_grenade 8-16-2020, 2:06:09 PM
ramil(ramil) used a hand_grenade 8-16-2020, 2:06:09 PM
ramil(ramil) used a hand_grenade 8-16-2020, 2:06:10 PM
ramil(ramil) used a hand_grenade 8-16-2020, 2:06:10 PM
ramil(ramil) used a hand_grenade 8-16-2020, 2:06:10 PM
ramil(ramil) used a hand_grenade 8-16-2020, 2:06:10 PM
ramil(ramil) used a hand_grenade 8-16-2020, 2:06:11 PM
ramil(ramil) used a hand_grenade 8-16-2020, 2:06:11 PM
ramil(ramil) used a hand_grenade 8-16-2020, 2:06:11 PM
ramil(ramil) used a hand_grenade 8-16-2020, 2:06:59 PM
ramil(ramil) used a hand_grenade 8-16-2020, 2:06:59 PM
ramil(ramil) used a hand_grenade 8-16-2020, 2:06:59 PM
ramil(ramil) used a hand_grenade 8-16-2020, 2:07:00 PM
ramil(ramil) used a hand_grenade 8-16-2020, 2:07:00 PM
ramil(ramil) used a hand_grenade 8-16-2020, 2:07:00 PM
ramil(ramil) used a hand_grenade 8-16-2020, 2:07:01 PM
ramil(ramil) used a hand_grenade 8-16-2020, 2:07:01 PM
ramil(ramil) used a hand_grenade 8-16-2020, 2:07:02 PM
ramil(ramil) used a hand_grenade 8-16-2020, 2:07:14 PM
ramil(ramil) used a hand_grenade 8-16-2020, 2:07:16 PM
ramil(ramil) used a hand_grenade 8-16-2020, 2:07:17 PM
ramil(ramil) used a hand_grenade 8-16-2020, 2:07:21 PM
ramil(ramil) used a hand_grenade 8-16-2020, 2:07:23 PM
ramil(ramil) used a hand_grenade 8-16-2020, 2:07:23 PM
ramil(ramil) used a hand_grenade 8-16-2020, 2:07:27 PM
ramil(ramil) used a hand_grenade 8-16-2020, 2:07:27 PM
ramil(ramil) used a hand_grenade 8-16-2020, 2:07:37 PM
ramil(ramil) used a hand_grenade 8-16-2020, 2:07:37 PM
ramil(ramil) used a hand_grenade 8-16-2020, 2:07:38 PM
ramil(ramil) used a hand_grenade 8-16-2020, 2:07:45 PM
ramil(ramil) used a hand_grenade 8-16-2020, 2:07:46 PM
ramil(ramil) used a hand_grenade 8-16-2020, 2:07:47 PM
ramil(ramil) used a hand_grenade 8-16-2020, 2:07:54 PM
ramil(ramil) used a hand_grenade 8-16-2020, 2:07:54 PM
ramil(ramil) used a hand_grenade 8-16-2020, 2:07:54 PM
ramil(ramil) used a hand_grenade 8-16-2020, 2:07:55 PM
ramil(ramil) used a hand_grenade 8-16-2020, 2:07:55 PM
ramil(ramil) used a hand_grenade 8-16-2020, 2:07:55 PM
ramil(ramil) used a hand_grenade 8-16-2020, 2:07:55 PM
ramil(ramil) used a hand_grenade 8-16-2020, 2:07:55 PM
ramil(ramil) used a hand_grenade 8-16-2020, 2:07:55 PM
ramil(ramil) used a hand_grenade 8-16-2020, 2:07:56 PM
ramil(ramil) used a hand_grenade 8-16-2020, 2:07:56 PM
ramil(ramil) used a hand_grenade 8-16-2020, 2:07:56 PM
ramil(ramil) used a hand_grenade 8-16-2020, 2:07:56 PM
ramil(ramil) used a hand_grenade 8-16-2020, 2:07:56 PM
ramil(ramil) used a hand_grenade 8-16-2020, 2:08:00 PM
ramil(ramil) used a hand_grenade 8-16-2020, 2:08:00 PM
ramil(ramil) used a hand_grenade 8-16-2020, 2:08:32 PM
ramil(ramil) used a cop_357_derringer_pistol 8-16-2020, 2:27:38 PM
ramil(ramil) used a colt_ar_15_assault_rifle 8-16-2020, 2:27:49 PM
ramil(ramil) used a barrett_m82_sniper_rifle 8-16-2020, 2:28:54 PM
ramil(ramil) used a modern_sub_machine_gun_carbine 8-16-2020, 2:29:05 PM
ramil(ramil) used a hand_cannon 8-16-2020, 2:29:10 PM
ramil(ramil) used a rpg7 8-16-2020, 2:29:16 PM
ramil(ramil) used a rocket_launcher 8-16-2020, 2:30:00 PM
ramil(ramil) used a ags30 8-16-2020, 2:30:08 PM
ramil(ramil) used a pack_of_20_ammo_ags30 8-16-2020, 2:30:24 PM
ramil(ramil) used a pack_of_20_ammo_ags30 8-16-2020, 2:30:24 PM
ramil(ramil) used a pack_of_20_ammo_ags30 8-16-2020, 2:30:24 PM
ramil(ramil) used a pack_of_20_ammo_ags30 8-16-2020, 2:30:24 PM
ramil(ramil) used a pack_of_20_ammo_ags30 8-16-2020, 2:30:24 PM
ramil(ramil) used a pack_of_20_ammo_ags30 8-16-2020, 2:30:24 PM
ramil(ramil) used a pack_of_20_ammo_ags30 8-16-2020, 2:30:25 PM
ramil(ramil) used a pack_of_20_ammo_ags30 8-16-2020, 2:30:25 PM
ramil(ramil) used a pack_of_20_ammo_ags30 8-16-2020, 2:30:25 PM
ramil(ramil) used a pack_of_20_ammo_ags30 8-16-2020, 2:30:25 PM
ramil(ramil) used a pack_of_20_ammo_ags30 8-16-2020, 2:30:25 PM
ramil(ramil) used a pack_of_20_ammo_ags30 8-16-2020, 2:30:25 PM
ramil(ramil) used a pack_of_20_ammo_ags30 8-16-2020, 2:30:25 PM
ramil(ramil) used a pack_of_20_ammo_ags30 8-16-2020, 2:30:26 PM
ramil(ramil) used a pack_of_20_ammo_ags30 8-16-2020, 2:30:26 PM
ramil(ramil) used a pack_of_20_ammo_ags30 8-16-2020, 2:30:26 PM
ramil(ramil) used a pack_of_20_ammo_ags30 8-16-2020, 2:30:26 PM
ramil(ramil) used a pack_of_20_ammo_ags30 8-16-2020, 2:30:26 PM
ramil(ramil) used a pack_of_20_ammo_ags30 8-16-2020, 2:30:26 PM
ramil(ramil) used a pack_of_20_ammo_ags30 8-16-2020, 2:30:27 PM
ramil(ramil) used a pack_of_20_ammo_ags30 8-16-2020, 2:30:27 PM
ramil(ramil) used a pack_of_20_ammo_ags30 8-16-2020, 2:30:27 PM
ramil(ramil) used a pack_of_20_ammo_ags30 8-16-2020, 2:30:27 PM
ramil(ramil) used a pack_of_20_ammo_ags30 8-16-2020, 2:30:27 PM
ramil(ramil) used a pack_of_20_ammo_ags30 8-16-2020, 2:30:27 PM
ramil(ramil) used a pack_of_20_ammo_ags30 8-16-2020, 2:30:28 PM
ramil(ramil) used a pack_of_20_ammo_ags30 8-16-2020, 2:30:28 PM
ramil(ramil) used a pack_of_20_ammo_ags30 8-16-2020, 2:30:28 PM
ramil(ramil) used a pack_of_20_ammo_ags30 8-16-2020, 2:30:28 PM
ramil(ramil) used a pack_of_20_ammo_ags30 8-16-2020, 2:30:28 PM
ramil(ramil) used a pack_of_20_ammo_ags30 8-16-2020, 2:30:28 PM
ramil(ramil) used a pack_of_20_ammo_ags30 8-16-2020, 2:30:29 PM
ramil(ramil) used a pack_of_20_ammo_ags30 8-16-2020, 2:30:29 PM
ramil(ramil) used a pack_of_20_ammo_ags30 8-16-2020, 2:30:29 PM
ramil(ramil) used a pack_of_20_ammo_ags30 8-16-2020, 2:30:29 PM
ramil(ramil) used a pack_of_20_ammo_ags30 8-16-2020, 2:30:29 PM
ramil(ramil) used a pack_of_20_ammo_ags30 8-16-2020, 2:30:29 PM
ramil(ramil) used a pack_of_20_ammo_ags30 8-16-2020, 2:30:29 PM
ramil(ramil) used a pack_of_20_ammo_ags30 8-16-2020, 2:30:30 PM
ramil(ramil) used a pack_of_20_ammo_ags30 8-16-2020, 2:30:30 PM
ramil(ramil) used a pack_of_20_ammo_ags30 8-16-2020, 2:30:30 PM
ramil(ramil) used a pack_of_20_ammo_ags30 8-16-2020, 2:30:30 PM
ramil(ramil) used a pack_of_20_ammo_ags30 8-16-2020, 2:30:30 PM
ramil(ramil) used a pack_of_20_ammo_ags30 8-16-2020, 2:30:30 PM
ramil(ramil) used a pack_of_20_ammo_ags30 8-16-2020, 2:30:30 PM
ramil(ramil) used a pack_of_20_ammo_ags30 8-16-2020, 2:30:30 PM
ramil(ramil) used a pack_of_20_ammo_ags30 8-16-2020, 2:30:31 PM
ramil(ramil) used a pack_of_20_ammo_ags30 8-16-2020, 2:30:31 PM
ramil(ramil) used a pack_of_20_ammo_ags30 8-16-2020, 2:30:31 PM
ramil(ramil) used a pack_of_20_ammo_ags30 8-16-2020, 2:30:31 PM
ramil(ramil) used a hand_grenade 8-16-2020, 2:30:46 PM
ramil(ramil) used a hand_grenade 8-16-2020, 2:30:51 PM
ramil(ramil) used a hand_grenade 8-16-2020, 2:30:53 PM
ramil(ramil) used a hand_grenade 8-16-2020, 2:31:03 PM
ramil(ramil) used a hand_grenade 8-16-2020, 2:31:03 PM
ramil(ramil) used a hand_grenade 8-16-2020, 2:31:04 PM
ramil(ramil) used a health_drink 8-16-2020, 2:31:09 PM
ramil(ramil) used a health_drink 8-16-2020, 2:31:09 PM
ramil(ramil) used a health_drink 8-16-2020, 2:31:09 PM
ramil(ramil) used a hand_grenade 8-16-2020, 2:32:24 PM
ramil(ramil) used a throwing_star 8-16-2020, 2:33:39 PM
ramil(ramil) used a throwing_star 8-16-2020, 2:33:42 PM
ramil(ramil) used a throwing_star 8-16-2020, 2:33:42 PM
ramil(ramil) used a throwing_star 8-16-2020, 2:33:42 PM
ramil(ramil) used a throwing_star 8-16-2020, 2:33:43 PM
ramil(ramil) used a throwing_star 8-16-2020, 2:33:46 PM
ramil(ramil) used a throwing_star 8-16-2020, 2:33:46 PM
ramil(ramil) used a throwing_star 8-16-2020, 2:33:47 PM
ramil(ramil) used a throwing_star 8-16-2020, 2:33:47 PM
ramil(ramil) used a throwing_star 8-16-2020, 2:33:47 PM
ramil(ramil) used a throwing_star 8-16-2020, 2:33:47 PM
ramil(ramil) used a throwing_star 8-16-2020, 2:34:00 PM
ramil(ramil) used a throwing_star 8-16-2020, 2:34:00 PM
ramil(ramil) used a throwing_star 8-16-2020, 2:34:00 PM
ramil(ramil) used a throwing_star 8-16-2020, 2:34:01 PM
ramil(ramil) used a throwing_star 8-16-2020, 2:34:01 PM
ramil(ramil) used a throwing_star 8-16-2020, 2:34:01 PM
ramil(ramil) used a throwing_star 8-16-2020, 2:34:08 PM
ramil(ramil) used a throwing_star 8-16-2020, 2:34:09 PM
ramil(ramil) used a throwing_star 8-16-2020, 2:34:09 PM
ramil(ramil) used a throwing_star 8-16-2020, 2:34:10 PM
ramil(ramil) used a throwing_star 8-16-2020, 2:34:10 PM
ramil(ramil) used a throwing_star 8-16-2020, 2:34:10 PM
ramil(ramil) used a throwing_star 8-16-2020, 2:34:10 PM
ramil(ramil) used a throwing_star 8-16-2020, 2:34:11 PM
ramil(ramil) used a throwing_star 8-16-2020, 2:34:12 PM
ramil(ramil) used a throwing_star 8-16-2020, 2:34:12 PM
ramil(ramil) used a throwing_star 8-16-2020, 2:34:12 PM
ramil(ramil) used a throwing_star 8-16-2020, 2:34:12 PM
ramil(ramil) used a modern_sub_machine_gun_carbine 8-16-2020, 3:36:54 PM
ramil(ramil) used a zulfikar 8-16-2020, 3:38:52 PM
ramil(ramil) used a hand_grenade 8-16-2020, 3:44:16 PM
ramil(ramil) used a hand_grenade 8-16-2020, 3:44:16 PM
ramil(ramil) used a hand_grenade 8-16-2020, 3:44:17 PM
ramil(ramil) used a hand_grenade 8-16-2020, 3:44:17 PM
ramil(ramil) used a hand_grenade 8-16-2020, 3:44:17 PM
ramil(ramil) used a hand_grenade 8-16-2020, 3:44:17 PM
ramil(ramil) used a hand_grenade 8-16-2020, 3:44:17 PM
ramil(ramil) used a hand_grenade 8-16-2020, 3:44:18 PM
ramil(ramil) used a hand_grenade 8-16-2020, 3:44:18 PM
ramil(ramil) used a hand_grenade 8-16-2020, 3:44:18 PM
ramil(ramil) used a hand_grenade 8-16-2020, 3:44:18 PM
ramil(ramil) used a hand_grenade 8-16-2020, 3:44:18 PM
ramil(ramil) used a hand_grenade 8-16-2020, 3:44:19 PM
ramil(ramil) used a hand_grenade 8-16-2020, 3:44:34 PM
ramil(ramil) used a hand_grenade 8-16-2020, 3:44:34 PM