
artem(artem) used a beer_bottle 1-4-2021, 9:28:30 AM
artem(artem) used a open_beer_bottle 1-4-2021, 9:29:46 AM
artem(artem) used a open_beer_bottle 1-4-2021, 9:29:47 AM
artem(artem) used a open_beer_bottle 1-4-2021, 9:29:48 AM
artem(artem) used a open_beer_bottle 1-4-2021, 9:29:48 AM
artem(artem) used a open_beer_bottle 1-4-2021, 9:29:48 AM
artem(artem) used a open_beer_bottle 1-4-2021, 9:29:49 AM
artem(artem) used a open_beer_bottle 1-4-2021, 9:29:49 AM
artem(artem) used a open_beer_bottle 1-4-2021, 9:29:50 AM
artem(artem) used a open_beer_bottle 1-4-2021, 9:29:50 AM
artem(artem) used a open_beer_bottle 1-4-2021, 9:29:50 AM
artem(artem) used a open_beer_bottle 1-4-2021, 9:29:51 AM
artem(artem) used a open_beer_bottle 1-4-2021, 9:29:51 AM
artem(artem) used a open_beer_bottle 1-4-2021, 9:29:51 AM
artem(artem) used a open_beer_bottle 1-4-2021, 9:29:52 AM
artem(artem) used a open_beer_bottle 1-4-2021, 9:29:52 AM
artem(artem) used a open_beer_bottle 1-4-2021, 9:29:52 AM
artem(artem) used a open_beer_bottle 1-4-2021, 9:29:53 AM
artem(artem) used a open_beer_bottle 1-4-2021, 9:29:53 AM
artem(artem) used a open_beer_bottle 1-4-2021, 9:29:53 AM
artem(artem) used a open_beer_bottle 1-4-2021, 9:29:54 AM
artem(artem) used a open_beer_bottle 1-4-2021, 9:29:54 AM
artem(artem) used a open_beer_bottle 1-4-2021, 9:29:55 AM
artem(artem) used a empty_beer_bottle 1-4-2021, 9:31:15 AM
artem(artem) used a empty_beer_bottle 1-4-2021, 9:31:15 AM
artem(artem) used a empty_beer_bottle 1-4-2021, 9:31:16 AM
artem(artem) used a pack_of_10_open_beer_bottle 1-4-2021, 9:31:34 AM
artem(artem) used a open_beer_bottle 1-4-2021, 9:31:47 AM
artem(artem) used a open_beer_bottle 1-4-2021, 9:31:48 AM
artem(artem) used a open_beer_bottle 1-4-2021, 9:31:48 AM
artem(artem) used a open_beer_bottle 1-4-2021, 9:31:48 AM
artem(artem) used a open_beer_bottle 1-4-2021, 9:31:49 AM
artem(artem) used a open_beer_bottle 1-4-2021, 9:31:49 AM
artem(artem) used a open_beer_bottle 1-4-2021, 9:31:49 AM
artem(artem) used a open_beer_bottle 1-4-2021, 9:31:50 AM
artem(artem) used a open_beer_bottle 1-4-2021, 9:31:50 AM
artem(artem) used a open_beer_bottle 1-4-2021, 9:31:51 AM
artem(artem) used a open_beer_bottle 1-4-2021, 9:31:51 AM
artem(artem) used a open_beer_bottle 1-4-2021, 9:31:51 AM
artem(artem) used a open_beer_bottle 1-4-2021, 9:32:06 AM
artem(artem) used a open_beer_bottle 1-4-2021, 9:32:06 AM
artem(artem) used a open_beer_bottle 1-4-2021, 9:32:06 AM
artem(artem) used a open_beer_bottle 1-4-2021, 9:32:26 AM
artem(artem) used a open_beer_bottle 1-4-2021, 9:32:26 AM
artem(artem) used a open_beer_bottle 1-4-2021, 9:33:22 AM
artem(artem) used a open_beer_bottle 1-4-2021, 9:33:23 AM
artem(artem) used a open_beer_bottle 1-4-2021, 9:33:23 AM
artem(artem) used a open_beer_bottle 1-4-2021, 9:33:24 AM
artem(artem) used a open_beer_bottle 1-4-2021, 9:33:24 AM
artem(artem) used a open_beer_bottle 1-4-2021, 9:33:25 AM
artem(artem) used a open_beer_bottle 1-4-2021, 9:33:25 AM
artem(artem) used a open_beer_bottle 1-4-2021, 9:33:25 AM
artem(artem) used a open_beer_bottle 1-4-2021, 9:33:26 AM
artem(artem) used a open_beer_bottle 1-4-2021, 9:33:26 AM
artem(artem) used a open_beer_bottle 1-4-2021, 9:33:26 AM
artem(artem) used a open_beer_bottle 1-4-2021, 9:33:27 AM
artem(artem) used a open_beer_bottle 1-4-2021, 9:33:27 AM
artem(artem) used a open_beer_bottle 1-4-2021, 9:33:28 AM
artem(artem) used a open_beer_bottle 1-4-2021, 9:33:28 AM
artem(artem) used a open_beer_bottle 1-4-2021, 9:33:28 AM
artem(artem) used a open_beer_bottle 1-4-2021, 9:33:56 AM
artem(artem) used a open_beer_bottle 1-4-2021, 9:33:56 AM
artem(artem) used a open_beer_bottle 1-4-2021, 9:33:57 AM
artem(artem) used a open_beer_bottle 1-4-2021, 9:33:57 AM
artem(artem) used a open_beer_bottle 1-4-2021, 9:33:58 AM
artem(artem) used a open_beer_bottle 1-4-2021, 9:33:58 AM
artem(artem) used a open_beer_bottle 1-4-2021, 9:33:58 AM
artem(artem) used a open_beer_bottle 1-4-2021, 9:33:59 AM
artem(artem) used a open_beer_bottle 1-4-2021, 9:33:59 AM
artem(artem) used a open_beer_bottle 1-4-2021, 9:33:59 AM
artem(artem) used a open_beer_bottle 1-4-2021, 9:34:00 AM
artem(artem) used a open_beer_bottle 1-4-2021, 9:34:00 AM
artem(artem) used a open_beer_bottle 1-4-2021, 9:34:01 AM
artem(artem) used a open_beer_bottle 1-4-2021, 9:34:01 AM
artem(artem) used a open_beer_bottle 1-4-2021, 9:34:01 AM
artem(artem) used a open_beer_bottle 1-4-2021, 9:34:02 AM
artem(artem) used a open_beer_bottle 1-4-2021, 9:34:02 AM
artem(artem) used a open_beer_bottle 1-4-2021, 9:34:02 AM
artem(artem) used a open_beer_bottle 1-4-2021, 9:34:03 AM
artem(artem) used a open_beer_bottle 1-4-2021, 9:34:03 AM
artem(artem) used a open_beer_bottle 1-4-2021, 9:34:03 AM
artem(artem) used a open_beer_bottle 1-4-2021, 9:34:04 AM
artem(artem) used a open_beer_bottle 1-4-2021, 9:34:04 AM
artem(artem) used a open_beer_bottle 1-4-2021, 9:34:05 AM
artem(artem) used a open_beer_bottle 1-4-2021, 9:34:05 AM
artem(artem) used a open_beer_bottle 1-4-2021, 9:34:05 AM
artem(artem) used a open_beer_bottle 1-4-2021, 9:34:06 AM
artem(artem) used a open_beer_bottle 1-4-2021, 9:34:06 AM
artem(artem) used a open_beer_bottle 1-4-2021, 9:34:07 AM
artem(artem) used a open_beer_bottle 1-4-2021, 9:34:07 AM
artem(artem) used a open_beer_bottle 1-4-2021, 9:34:07 AM
artem(artem) used a open_beer_bottle 1-4-2021, 9:34:08 AM
artem(artem) used a open_beer_bottle 1-4-2021, 9:34:08 AM
artem(artem) used a open_beer_bottle 1-4-2021, 9:34:08 AM
artem(artem) used a open_beer_bottle 1-4-2021, 9:34:09 AM
artem(artem) used a open_beer_bottle 1-4-2021, 9:34:09 AM
artem(artem) used a open_beer_bottle 1-4-2021, 9:34:10 AM
artem(artem) used a open_beer_bottle 1-4-2021, 9:34:10 AM
artem(artem) used a open_beer_bottle 1-4-2021, 9:34:11 AM
artem(artem) used a open_beer_bottle 1-4-2021, 9:36:14 AM
artem(artem) used a open_beer_bottle 1-4-2021, 9:36:14 AM
artem(artem) used a open_beer_bottle 1-4-2021, 9:36:15 AM
artem(artem) used a open_beer_bottle 1-4-2021, 9:36:15 AM
artem(artem) used a open_beer_bottle 1-4-2021, 9:36:15 AM
artem(artem) used a open_beer_bottle 1-4-2021, 9:36:16 AM
artem(artem) used a open_beer_bottle 1-4-2021, 9:36:16 AM
artem(artem) used a open_beer_bottle 1-4-2021, 9:36:16 AM
artem(artem) used a ammo_cannon 1-4-2021, 9:37:25 AM
artem(artem) used a zulfikar 1-4-2021, 9:39:31 AM
artem(artem) used a armored_tank 1-4-2021, 9:41:52 AM
artem(artem) used a armored_tank 1-4-2021, 9:44:33 AM
artem(artem) used a armored_tank 1-4-2021, 9:44:33 AM