
best_nagibator lost connection 9-24-2020, 12:06:31 AM
best_nagibator logged in. 9-24-2020, 10:47:26 AM
death: Another one bites the dust! kirill4, have fun, I'm sure best_nagibator is 9-24-2020, 10:50:45 AM
death: Is there a doctor on the mapkirill'smain_room? kirillboss has no paulse. Oh, there isn't? Okay. best_nagibator laughs. 9-24-2020, 10:51:24 AM
death: There's a light at the end of the tunnel kirillboss, actually, fuck that. best_nagibator ran you down. Sor'r'r'r'r'r'r'r'r'r'ry 9-24-2020, 10:51:45 AM
death: kirillboss just beat the shit out of best_nagibator 9-24-2020, 10:52:22 AM
death: Oh flapjacks, kirill'smain_room looks like a big bloody mess. best_nagibator definitely pushed hard to use kirillboss's remains as a deceration 9-24-2020, 10:52:25 AM
death: best_nagibator is so happy because he killed kirill3 on kirill's_world! 9-24-2020, 10:54:01 AM
death: kirill1 takes their last breath as best_nagibator blasts them in the face one last time. Brutallity! 9-24-2020, 10:54:14 AM
death: Well, best_nagibator doesn't exist anymore. Looks to be that kirillboss has ultimate victory. Clean up on kirill'smain_room  9-24-2020, 10:54:43 AM
death: Well, kirillboss doesn't exist anymore. Looks to be that best_nagibator has ultimate victory. Clean up on kirill'smain_room  9-24-2020, 10:54:45 AM
death: and splat goes kirillboss, with best_nagibator standing over them with quite the smile 9-24-2020, 10:57:11 AM
death: the kirill'smain_room map now contains loads of guts from kirillboss, thanks to best_nagibator's rocket.  9-24-2020, 10:58:29 AM
death: The kirill'smain_room map is full now with kirillboss's guts as best_nagibator owned them! 9-24-2020, 10:58:57 AM
death: kirillboss was nuked out of existance by best_nagibator's rocket 9-24-2020, 11:00:16 AM
death: OK, let's see what else best_nagibator's rocket can do for kirillboss on kirill'smain_room. I saw he killed them! 9-24-2020, 11:01:32 AM
death: kirillboss was totaled by best_nagibator's rocket on map kirill'smain_room 9-24-2020, 11:02:27 AM
death: kirillboss was given what was coming to them, thank you best_nagibator's rocket! 9-24-2020, 11:03:39 AM
death: best_nagibator just got bashed by best_nagibator's rocket on the kirill'smain_room map 9-24-2020, 11:04:17 AM
death: Damn, best_nagibator's rocket, that was quite a vicious display of violence towards kirillboss 9-24-2020, 11:04:20 AM
death: best_nagibator just gave  welder a royal beating 9-24-2020, 11:24:38 AM
death: best_nagibator's mini missile just blew best_nagibator's brains out. Somebody get a mo 9-24-2020, 11:28:08 AM
death: cockroach's head was blown apart and now mini_missile plays basketball today on map main, up for a game? 9-24-2020, 11:28:09 AM
best_nagibator disconnected 9-24-2020, 11:28:39 AM
death: and splat goes best_nagibator, with best_nagibator's mini missile standing over them with quite the smile 9-24-2020, 11:28:39 AM
valentin logged in. 9-24-2020, 1:27:00 PM
sergytv logged in. 9-24-2020, 1:27:34 PM
sergytv disconnected 9-24-2020, 1:27:49 PM
sergytv logged in. 9-24-2020, 1:27:54 PM
sergytv disconnected 9-24-2020, 1:28:10 PM
sergytv logged in. 9-24-2020, 1:28:25 PM
valentin (valentin) said привет 9-24-2020, 1:29:01 PM
sergytv disconnected 9-24-2020, 1:29:05 PM
sergytv logged in. 9-24-2020, 1:29:10 PM
sergytv lost connection 9-24-2020, 1:30:06 PM
sergytv logged in. 9-24-2020, 1:30:18 PM
sergytv (sergytv) said привет 9-24-2020, 1:31:00 PM
sergytv (sergytv) said спс 9-24-2020, 1:31:19 PM
sergytv lost connection 9-24-2020, 1:32:19 PM
sergytv logged in. 9-24-2020, 1:32:45 PM
death: kirill4 was owned by valentin on kirill's_world 9-24-2020, 1:33:00 PM
death: valentin just blew kirill3's brains out. Somebody get a mo 9-24-2020, 1:33:13 PM
death: valentin just blew kirill4's brains out. Somebody get a mo 9-24-2020, 1:33:21 PM
death: Is there a doctor on the mapkirill's_world? kirill1 has no paulse. Oh, there isn't? Okay. valentin laughs. 9-24-2020, 1:33:25 PM
sergytv (sergytv) said я щас к тебе приду 9-24-2020, 1:33:27 PM
death: kirill3 just got annihilated by valentin 9-24-2020, 1:33:59 PM
death: valentin laughs mockingly at the dying form of kirill2 on kirill's_world 9-24-2020, 1:34:02 PM
death: kirill3 died. Why? Because valentin owned them on kirill's_world. 9-24-2020, 1:34:19 PM
death: kirill2 just got bashed by valentin on the kirill's_world map 9-24-2020, 1:34:24 PM
sergytv (sergytv) said бири 9-24-2020, 1:34:27 PM
death: Oops? Man down! That man is kirill1. valentin isn't so kind on kirill's_world. 9-24-2020, 1:34:33 PM
death: the kirill's_world map now contains loads of guts from kirill2, thanks to valentin.  9-24-2020, 1:34:48 PM
death: oy, where'd kirill4 go. Do you happen to know, valentin? 9-24-2020, 1:34:52 PM
death: valentin just put the smack down on kirill3 9-24-2020, 1:35:06 PM
death: He shoots, he scores! kirill3's testicles went flying through the hoops on map kirill's_world. valentin stands tall with quite the sinical smile. 9-24-2020, 1:35:20 PM
death: kirill1 was given what was coming to them, thank you valentin! 9-24-2020, 1:35:33 PM
death: kirill's world smells pretty dank. valentin needs a proper barrial by sergytv's hand_cannon 9-24-2020, 1:35:38 PM
death: I think I just saw kirill4's corpse flying as sergytv owned them on kirill's_world. 9-24-2020, 1:36:00 PM
death: sergytv just mauled kirill3 9-24-2020, 1:36:03 PM
death: He shoots, he scores! kirill1's testicles went flying through the hoops on map kirill's_world. sergytv stands tall with quite the sinical smile. 9-24-2020, 1:36:05 PM
death: Damn, kirill3, that was quite a vicious display of violence towards sergytv 9-24-2020, 1:36:35 PM
sergytv disconnected 9-24-2020, 1:36:52 PM
sergytv logged in. 9-24-2020, 1:36:55 PM
death: sergytv's rocket just put sergytv 6 feet under on kirill'smain_room 9-24-2020, 1:39:23 PM
death: OK, let's see what else sergytv's rocket can do for kirillboss on kirill'smain_room. I saw he killed them! 9-24-2020, 1:39:26 PM
death: A pool of red reminder liquid now forms under sergytv's corpse. the laws of gravity has the credibility for their demise.  9-24-2020, 1:41:13 PM
death: A new corpse of sergytv is flying on kirill'smain_room, because kirillboss made this to happen! 9-24-2020, 1:43:25 PM
death: barricade bomb laughs mockingly at the dying form of kirillboss on kirill'smain_room 9-24-2020, 1:43:31 PM
sergytv disconnected 9-24-2020, 1:45:10 PM
valentin disconnected 9-24-2020, 1:55:06 PM
valentin logged in. 9-24-2020, 1:55:10 PM
dmitriy logged in. 9-24-2020, 2:06:22 PM
dmitriy disconnected 9-24-2020, 2:06:32 PM
valentin disconnected 9-24-2020, 2:09:39 PM
sergytv logged in. 9-24-2020, 2:10:32 PM
death: because of the villany of kirillboss, sergytv will no longer have a beating heart again, because it is broken on the kirill'smain_room map.  9-24-2020, 2:12:50 PM
death: kirillboss was nuked out of existance by barricade bomb 9-24-2020, 2:12:54 PM
death: sergytv just got bashed by kirill3 on the kirill's_world map 9-24-2020, 2:13:19 PM
sergytv disconnected 9-24-2020, 2:13:31 PM
sergytv logged in. 9-24-2020, 3:07:12 PM
death: sergytv was just obliterated by the force of kirillboss on kirill'smain_room 9-24-2020, 3:10:14 PM
sergytv disconnected 9-24-2020, 3:10:47 PM
sergytv logged in. 9-24-2020, 3:17:29 PM
sergytv disconnected 9-24-2020, 3:20:58 PM
sergytv logged in. 9-24-2020, 5:24:21 PM
sergytv disconnected 9-24-2020, 5:25:04 PM
death: sergytv really made a mess of no one on the pass to old main map map.  9-24-2020, 5:25:04 PM
sergytv logged in. 9-24-2020, 5:25:48 PM
death: kirillboss takes their last breath as sergytv blasts them in the face one last time. Brutallity! 9-24-2020, 5:29:09 PM
death: kirillboss just put the smack down on sergytv 9-24-2020, 5:30:00 PM
death: Anybody knows why kirillboss died? I know! kirillboss got owned by barricade bomb! Where? On kirill'smain_room! 9-24-2020, 5:30:01 PM
death: kirillboss just beat the shit out of sergytv 9-24-2020, 5:32:48 PM
death: barricade bomb killed kirillboss on kirill'smain_room. 9-24-2020, 5:32:51 PM
sergytv sent a Pm to sergytv: dddd 9-24-2020, 5:33:42 PM
death: Is there a doctor on the mapkirill's_world? sergytv has no paulse. Oh, there isn't? Okay. kirill4 laughs. 9-24-2020, 5:35:44 PM
death: kirillboss just condemned sergytv to hell! 9-24-2020, 5:39:00 PM
death: sergytv, I believe kirillboss had something to say. 9-24-2020, 5:41:27 PM
death: kirillboss was owned by sergytv on kirill'smain_room 9-24-2020, 5:41:31 PM
sergytv logged in. 9-24-2020, 5:48:38 PM
franklin logged in. 9-24-2020, 5:51:38 PM
franklin disconnected 9-24-2020, 5:52:59 PM
death: sergytv was totaled by the laws of gravity on map intricate cave system 9-24-2020, 5:54:04 PM
death: sergytv has drowned! 9-24-2020, 6:00:16 PM
sergytv disconnected 9-24-2020, 6:01:31 PM
Igrik logged in. 9-24-2020, 9:59:46 PM
Igrik disconnected 9-24-2020, 10:00:05 PM