
supergamer(supergamer) used a fnminimilight_ammo_pack 1-8-2021, 7:16:16 PM
supergamer(supergamer) used a fnminimilight_ammo_pack 1-8-2021, 7:16:16 PM
supergamer(supergamer) used a fnminimilight_ammo_pack 1-8-2021, 7:16:17 PM
supergamer(supergamer) used a fnminimilight_ammo_pack 1-8-2021, 7:16:17 PM
supergamer(supergamer) used a fnminimilight_ammo_pack 1-8-2021, 7:16:17 PM
supergamer(supergamer) used a fnminimilight_ammo_pack 1-8-2021, 7:16:17 PM
supergamer(supergamer) used a fnminimilight_ammo_pack 1-8-2021, 7:16:17 PM
supergamer(supergamer) used a fnminimilight_ammo_pack 1-8-2021, 7:16:17 PM
supergamer(supergamer) used a fnminimilight_ammo_pack 1-8-2021, 7:16:18 PM
supergamer(supergamer) used a fnminimilight_ammo_pack 1-8-2021, 7:16:18 PM
supergamer(supergamer) used a fnminimilight_ammo_pack 1-8-2021, 7:16:18 PM
supergamer(supergamer) used a fnminimilight_ammo_pack 1-8-2021, 7:16:18 PM
supergamer(supergamer) used a fnminimilight_ammo_pack 1-8-2021, 7:16:18 PM
supergamer(supergamer) used a fnminimilight_ammo_pack 1-8-2021, 7:16:18 PM
supergamer(supergamer) used a fnminimilight_ammo_pack 1-8-2021, 7:16:18 PM
supergamer(supergamer) used a fnminimilight_ammo_pack 1-8-2021, 7:16:18 PM
supergamer(supergamer) used a fnminimilight_ammo_pack 1-8-2021, 7:16:19 PM
supergamer(supergamer) used a fnminimilight_ammo_pack 1-8-2021, 7:16:19 PM
supergamer(supergamer) used a fnminimilight_ammo_pack 1-8-2021, 7:16:19 PM
supergamer(supergamer) used a fnminimilight_ammo_pack 1-8-2021, 7:16:19 PM
supergamer(supergamer) used a fnminimilight_ammo_pack 1-8-2021, 7:16:19 PM
supergamer(supergamer) used a fnminimilight_ammo_pack 1-8-2021, 7:16:19 PM
supergamer(supergamer) used a fnminimilight_ammo_pack 1-8-2021, 7:16:19 PM
supergamer(supergamer) used a fnminimilight_ammo_pack 1-8-2021, 7:16:19 PM
supergamer(supergamer) used a fnminimilight_ammo_pack 1-8-2021, 7:16:19 PM
supergamer(supergamer) used a fnminimilight_ammo_pack 1-8-2021, 7:16:19 PM
supergamer(supergamer) used a fnminimilight_ammo_pack 1-8-2021, 7:16:19 PM
supergamer(supergamer) used a fnminimilight_ammo_pack 1-8-2021, 7:16:20 PM
supergamer(supergamer) used a fnminimilight_ammo_pack 1-8-2021, 7:16:20 PM
supergamer(supergamer) used a fnminimilight_ammo_pack 1-8-2021, 7:16:20 PM
supergamer(supergamer) used a fnminimilight_ammo_pack 1-8-2021, 7:16:20 PM
supergamer(supergamer) used a fnminimilight_ammo_pack 1-8-2021, 7:16:20 PM
supergamer(supergamer) used a fnminimilight_ammo_pack 1-8-2021, 7:16:20 PM
supergamer(supergamer) used a fnminimilight_ammo_pack 1-8-2021, 7:16:20 PM
supergamer(supergamer) used a fnminimilight_ammo_pack 1-8-2021, 7:16:20 PM
supergamer(supergamer) used a fnminimilight_ammo_pack 1-8-2021, 7:16:20 PM
supergamer(supergamer) used a fnminimilight_ammo_pack 1-8-2021, 7:16:20 PM
supergamer(supergamer) used a fnminimilight_ammo_pack 1-8-2021, 7:16:20 PM
supergamer(supergamer) used a fnminimilight_ammo_pack 1-8-2021, 7:16:20 PM
supergamer(supergamer) used a fnminimilight_ammo_pack 1-8-2021, 7:16:21 PM
supergamer(supergamer) used a fnminimilight_ammo_pack 1-8-2021, 7:16:21 PM
supergamer(supergamer) used a fnminimilight_ammo_pack 1-8-2021, 7:16:21 PM
supergamer(supergamer) used a fnminimilight_ammo_pack 1-8-2021, 7:16:21 PM
supergamer(supergamer) used a cannon_ammo_pack 1-8-2021, 7:16:26 PM
supergamer(supergamer) used a cannon_ammo_pack 1-8-2021, 7:16:26 PM
supergamer(supergamer) used a cannon_ammo_pack 1-8-2021, 7:16:26 PM
supergamer(supergamer) used a cannon_ammo_pack 1-8-2021, 7:16:26 PM
supergamer(supergamer) used a cannon_ammo_pack 1-8-2021, 7:16:26 PM
supergamer(supergamer) used a cannon_ammo_pack 1-8-2021, 7:16:26 PM
supergamer(supergamer) used a cannon_ammo_pack 1-8-2021, 7:16:27 PM
supergamer(supergamer) used a cannon_ammo_pack 1-8-2021, 7:16:27 PM
supergamer(supergamer) used a cannon_ammo_pack 1-8-2021, 7:16:27 PM
supergamer(supergamer) used a cannon_ammo_pack 1-8-2021, 7:16:27 PM
supergamer(supergamer) used a cannon_ammo_pack 1-8-2021, 7:16:27 PM
supergamer(supergamer) used a cannon_ammo_pack 1-8-2021, 7:16:27 PM
supergamer(supergamer) used a cannon_ammo_pack 1-8-2021, 7:16:27 PM
supergamer(supergamer) used a cannon_ammo_pack 1-8-2021, 7:16:27 PM
supergamer(supergamer) used a cannon_ammo_pack 1-8-2021, 7:16:27 PM
supergamer(supergamer) used a cannon_ammo_pack 1-8-2021, 7:16:27 PM
supergamer(supergamer) used a cannon_ammo_pack 1-8-2021, 7:16:28 PM
supergamer(supergamer) used a cannon_ammo_pack 1-8-2021, 7:16:28 PM
supergamer(supergamer) used a cannon_ammo_pack 1-8-2021, 7:16:28 PM
supergamer(supergamer) used a cannon_ammo_pack 1-8-2021, 7:16:28 PM
supergamer(supergamer) used a cannon_ammo_pack 1-8-2021, 7:16:28 PM
supergamer(supergamer) used a cannon_ammo_pack 1-8-2021, 7:16:28 PM
supergamer(supergamer) used a cannon_ammo_pack 1-8-2021, 7:16:28 PM
supergamer(supergamer) used a cannon_ammo_pack 1-8-2021, 7:16:28 PM
supergamer(supergamer) used a cannon_ammo_pack 1-8-2021, 7:16:28 PM
supergamer(supergamer) used a cannon_ammo_pack 1-8-2021, 7:16:31 PM
supergamer(supergamer) used a cannon_ammo_pack 1-8-2021, 7:16:31 PM
supergamer(supergamer) used a cannon_ammo_pack 1-8-2021, 7:16:32 PM
supergamer(supergamer) used a cannon_ammo_pack 1-8-2021, 7:16:32 PM
supergamer(supergamer) used a cannon_ammo_pack 1-8-2021, 7:16:32 PM
supergamer(supergamer) used a cannon_ammo_pack 1-8-2021, 7:16:32 PM
supergamer(supergamer) used a cannon_ammo_pack 1-8-2021, 7:16:32 PM
supergamer(supergamer) used a cannon_ammo_pack 1-8-2021, 7:16:32 PM
supergamer(supergamer) used a cannon_ammo_pack 1-8-2021, 7:16:32 PM
supergamer(supergamer) used a cannon_ammo_pack 1-8-2021, 7:16:32 PM
supergamer(supergamer) used a cannon_ammo_pack 1-8-2021, 7:16:32 PM
supergamer(supergamer) used a cannon_ammo_pack 1-8-2021, 7:16:32 PM
supergamer(supergamer) used a cannon_ammo_pack 1-8-2021, 7:16:34 PM
supergamer(supergamer) used a cannon_ammo_pack 1-8-2021, 7:16:35 PM
supergamer(supergamer) used a cannon_ammo_pack 1-8-2021, 7:16:35 PM
supergamer(supergamer) used a fnminimilight_ammo_pack 1-8-2021, 7:16:43 PM
supergamer(supergamer) used a fnminimilight_ammo_pack 1-8-2021, 7:16:43 PM
supergamer(supergamer) used a fnminimilight_ammo_pack 1-8-2021, 7:16:43 PM
supergamer(supergamer) used a fnminimilight_ammo_pack 1-8-2021, 7:16:44 PM
supergamer(supergamer) used a fnminimilight_ammo_pack 1-8-2021, 7:16:44 PM
supergamer(supergamer) used a fnminimilight_ammo_pack 1-8-2021, 7:16:44 PM
supergamer(supergamer) used a fnminimilight_ammo_pack 1-8-2021, 7:16:44 PM
supergamer(supergamer) used a fnminimilight_ammo_pack 1-8-2021, 7:16:44 PM
supergamer(supergamer) used a fnminimilight_ammo_pack 1-8-2021, 7:16:44 PM
supergamer(supergamer) used a fnminimilight_ammo_pack 1-8-2021, 7:16:44 PM
supergamer(supergamer) used a fnminimilight_ammo_pack 1-8-2021, 7:16:44 PM
supergamer(supergamer) used a fnminimilight_ammo_pack 1-8-2021, 7:16:44 PM
supergamer(supergamer) used a fnminimilight_ammo_pack 1-8-2021, 7:16:44 PM
supergamer(supergamer) used a fnminimilight_ammo_pack 1-8-2021, 7:16:44 PM
supergamer(supergamer) used a fnminimilight_ammo_pack 1-8-2021, 7:16:44 PM
supergamer(supergamer) used a fnminimilight_ammo_pack 1-8-2021, 7:16:44 PM
supergamer(supergamer) used a fnminimilight_ammo_pack 1-8-2021, 7:16:47 PM
supergamer(supergamer) used a awp_ammo_pack 1-8-2021, 7:17:21 PM
supergamer(supergamer) used a awp_ammo_pack 1-8-2021, 7:17:22 PM
supergamer(supergamer) used a awp_ammo_pack 1-8-2021, 7:17:22 PM
supergamer(supergamer) used a awp_ammo_pack 1-8-2021, 7:17:22 PM
supergamer(supergamer) used a awp_ammo_pack 1-8-2021, 7:17:22 PM
supergamer(supergamer) used a awp_ammo_pack 1-8-2021, 7:17:22 PM
supergamer(supergamer) used a awp_ammo_pack 1-8-2021, 7:17:22 PM
supergamer(supergamer) used a awp_ammo_pack 1-8-2021, 7:17:22 PM
supergamer(supergamer) used a awp_ammo_pack 1-8-2021, 7:17:22 PM
supergamer(supergamer) used a awp_ammo_pack 1-8-2021, 7:17:22 PM
supergamer(supergamer) used a awp_ammo_pack 1-8-2021, 7:17:22 PM
supergamer(supergamer) used a awp_ammo_pack 1-8-2021, 7:17:22 PM
supergamer(supergamer) used a awp_ammo_pack 1-8-2021, 7:17:22 PM
supergamer(supergamer) used a awp_ammo_pack 1-8-2021, 7:17:23 PM
supergamer(supergamer) used a awp_ammo_pack 1-8-2021, 7:17:23 PM
supergamer(supergamer) used a awp_ammo_pack 1-8-2021, 7:17:23 PM
supergamer(supergamer) used a awp_ammo_pack 1-8-2021, 7:17:23 PM
supergamer(supergamer) used a awp_ammo_pack 1-8-2021, 7:17:23 PM
supergamer(supergamer) used a awp_ammo_pack 1-8-2021, 7:17:23 PM
supergamer(supergamer) used a awp_ammo_pack 1-8-2021, 7:17:23 PM
supergamer(supergamer) used a awp_ammo_pack 1-8-2021, 7:17:23 PM
supergamer(supergamer) used a awp_ammo_pack 1-8-2021, 7:17:23 PM
supergamer(supergamer) used a awp_ammo_pack 1-8-2021, 7:17:23 PM
supergamer(supergamer) used a awp_ammo_pack 1-8-2021, 7:17:24 PM
supergamer(supergamer) used a awp_ammo_pack 1-8-2021, 7:17:24 PM
supergamer(supergamer) used a awp_ammo_pack 1-8-2021, 7:17:24 PM
supergamer(supergamer) used a awp_ammo_pack 1-8-2021, 7:17:24 PM
supergamer(supergamer) used a awp_ammo_pack 1-8-2021, 7:17:24 PM
supergamer(supergamer) used a awp_ammo_pack 1-8-2021, 7:17:24 PM
supergamer(supergamer) used a fnminimilight 1-8-2021, 7:18:31 PM
supergamer(supergamer) used a awp 1-8-2021, 7:19:38 PM
supergamer(supergamer) used a awp 1-8-2021, 7:25:15 PM
supergamer(supergamer) used a spiked_chain_mace 1-8-2021, 7:43:27 PM
supergamer(supergamer) used a spiked_chain_mace 1-8-2021, 7:43:28 PM
supergamer(supergamer) used a spiked_chain_mace 1-8-2021, 7:43:29 PM
supergamer(supergamer) used a spiked_chain_mace 1-8-2021, 7:43:31 PM
supergamer(supergamer) used a spiked_chain_mace 1-8-2021, 7:44:44 PM
supergamer(supergamer) used a spiked_chain_mace 1-8-2021, 7:45:25 PM
supergamer(supergamer) used a spiked_chain_mace 1-8-2021, 7:45:26 PM
supergamer(supergamer) used a tk_ultra_health_potion 1-8-2021, 8:18:29 PM
supergamer(supergamer) used a tk_ultra_health_potion 1-8-2021, 8:18:29 PM
supergamer(supergamer) used a tk_ultra_health_potion 1-8-2021, 8:20:11 PM
supergamer(supergamer) used a tk_ultra_health_potion 1-8-2021, 8:20:11 PM
supergamer(supergamer) used a tk_ultra_health_potion 1-8-2021, 8:20:11 PM
supergamer(supergamer) used a tk_ultra_health_potion 1-8-2021, 8:20:11 PM
supergamer(supergamer) used a tk_ultra_health_potion 1-8-2021, 8:20:11 PM
supergamer(supergamer) used a tk_ultra_health_potion 1-8-2021, 8:20:12 PM
supergamer(supergamer) used a tk_ultra_health_potion 1-8-2021, 8:20:14 PM
supergamer(supergamer) used a tk_ultra_health_potion 1-8-2021, 8:24:00 PM
supergamer(supergamer) used a tk_ultra_health_potion 1-8-2021, 8:24:00 PM
supergamer(supergamer) used a antibiotic_pack 1-8-2021, 8:30:12 PM
supergamer(supergamer) used a antibiotic 1-8-2021, 8:32:30 PM
supergamer(supergamer) used a antibiotic 1-8-2021, 8:32:30 PM
supergamer(supergamer) used a antibiotic 1-8-2021, 8:32:31 PM
supergamer(supergamer) used a storm_sniper 1-8-2021, 8:34:06 PM
supergamer(supergamer) used a storm_sniper 1-8-2021, 8:34:07 PM
supergamer(supergamer) used a the_legendary_sword 1-8-2021, 8:34:57 PM
supergamer(supergamer) used a the_legendary_sword 1-8-2021, 8:35:02 PM
supergamer(supergamer) used a the_legendary_sword 1-8-2021, 8:35:02 PM
supergamer(supergamer) used a storm_sniper 1-8-2021, 8:35:14 PM
supergamer(supergamer) used a sniper_ammo_pack 1-8-2021, 8:35:27 PM
supergamer(supergamer) used a pack_of_15_ammo_storm_sniper 1-8-2021, 8:36:35 PM
supergamer(supergamer) used a pack_of_15_ammo_storm_sniper 1-8-2021, 8:36:35 PM
supergamer(supergamer) used a pack_of_15_ammo_storm_sniper 1-8-2021, 8:36:35 PM
supergamer(supergamer) used a pack_of_15_ammo_storm_sniper 1-8-2021, 8:36:36 PM
supergamer(supergamer) used a pack_of_15_ammo_storm_sniper 1-8-2021, 8:36:36 PM
supergamer(supergamer) used a hand_cannon 1-8-2021, 8:36:39 PM
supergamer(supergamer) used a awp_ammo_pack 1-8-2021, 8:36:54 PM
supergamer(supergamer) used a awp_ammo_pack 1-8-2021, 8:36:54 PM
supergamer(supergamer) used a awp_ammo_pack 1-8-2021, 8:36:54 PM
supergamer(supergamer) used a awp_ammo_pack 1-8-2021, 8:36:55 PM
supergamer(supergamer) used a awp_ammo_pack 1-8-2021, 8:36:55 PM
supergamer(supergamer) used a awp_ammo_pack 1-8-2021, 8:36:55 PM
supergamer(supergamer) used a awp_ammo_pack 1-8-2021, 8:36:55 PM
supergamer(supergamer) used a awp_ammo_pack 1-8-2021, 8:36:55 PM
supergamer(supergamer) used a awp_ammo_pack 1-8-2021, 8:36:55 PM
supergamer(supergamer) used a awp_ammo_pack 1-8-2021, 8:36:55 PM
supergamer(supergamer) used a awp_ammo_pack 1-8-2021, 8:36:55 PM
supergamer(supergamer) used a awp_ammo_pack 1-8-2021, 8:36:55 PM
supergamer(supergamer) used a awp_ammo_pack 1-8-2021, 8:36:55 PM
supergamer(supergamer) used a awp_ammo_pack 1-8-2021, 8:37:01 PM
supergamer(supergamer) used a awp_ammo_pack 1-8-2021, 8:37:01 PM
supergamer(supergamer) used a awp_ammo_pack 1-8-2021, 8:37:02 PM
supergamer(supergamer) used a awp_ammo_pack 1-8-2021, 8:37:02 PM
supergamer(supergamer) used a awp_ammo_pack 1-8-2021, 8:37:06 PM
supergamer(supergamer) used a awp_ammo_pack 1-8-2021, 8:37:06 PM
supergamer(supergamer) used a awp_ammo_pack 1-8-2021, 8:37:06 PM
supergamer(supergamer) used a awp_ammo_pack 1-8-2021, 8:37:06 PM
supergamer(supergamer) used a the_legendary_sword 1-8-2021, 8:37:44 PM
supergamer(supergamer) used a tk_ultra_health_potion 1-8-2021, 8:40:30 PM
supergamer(supergamer) used a aircraft 1-8-2021, 8:42:29 PM
supergamer(supergamer) used a aircraft 1-8-2021, 8:45:05 PM
supergamer(supergamer) used a the_legendary_sword 1-8-2021, 8:47:05 PM
supergamer(supergamer) used a tk_ultra_health_potion 1-8-2021, 8:47:07 PM
supergamer(supergamer) used a the_legendary_sword 1-8-2021, 8:47:56 PM
supergamer(supergamer) used a the_legendary_sword 1-8-2021, 8:47:58 PM
supergamer(supergamer) used a storm_sniper 1-8-2021, 8:48:45 PM
supergamer(supergamer) used a the_legendary_sword 1-8-2021, 8:49:22 PM
supergamer(supergamer) used a fnminimilight 1-8-2021, 8:54:57 PM
supergamer(supergamer) used a storm_sniper 1-8-2021, 8:55:23 PM
supergamer(supergamer) used a the_legendary_sword 1-8-2021, 8:55:25 PM
supergamer(supergamer) used a the_legendary_sword 1-8-2021, 9:05:12 PM
supergamer(supergamer) used a pack_of_15_ammo_storm_sniper 1-8-2021, 9:11:06 PM
supergamer(supergamer) used a pack_of_15_ammo_storm_sniper 1-8-2021, 9:11:06 PM
supergamer(supergamer) used a pack_of_15_ammo_storm_sniper 1-8-2021, 9:11:06 PM
supergamer(supergamer) used a pack_of_15_ammo_storm_sniper 1-8-2021, 9:11:07 PM
supergamer(supergamer) used a pack_of_15_ammo_storm_sniper 1-8-2021, 9:11:07 PM
supergamer(supergamer) used a pack_of_15_ammo_storm_sniper 1-8-2021, 9:11:07 PM
supergamer(supergamer) used a pack_of_15_ammo_storm_sniper 1-8-2021, 9:11:07 PM
supergamer(supergamer) used a pack_of_15_ammo_storm_sniper 1-8-2021, 9:11:07 PM
supergamer(supergamer) used a pack_of_15_ammo_storm_sniper 1-8-2021, 9:11:07 PM
supergamer(supergamer) used a pack_of_15_ammo_storm_sniper 1-8-2021, 9:11:07 PM
supergamer(supergamer) used a pack_of_15_ammo_storm_sniper 1-8-2021, 9:11:10 PM
supergamer(supergamer) used a pack_of_15_ammo_storm_sniper 1-8-2021, 9:11:10 PM
supergamer(supergamer) used a pack_of_15_ammo_storm_sniper 1-8-2021, 9:11:10 PM
supergamer(supergamer) used a pack_of_15_ammo_storm_sniper 1-8-2021, 9:11:10 PM
supergamer(supergamer) used a pack_of_15_ammo_storm_sniper 1-8-2021, 9:11:11 PM
supergamer(supergamer) used a pack_of_15_ammo_storm_sniper 1-8-2021, 9:11:11 PM
supergamer(supergamer) used a pack_of_15_ammo_storm_sniper 1-8-2021, 9:11:11 PM
supergamer(supergamer) used a pack_of_15_ammo_storm_sniper 1-8-2021, 9:11:11 PM
supergamer(supergamer) used a pack_of_15_ammo_storm_sniper 1-8-2021, 9:11:12 PM
supergamer(supergamer) used a pack_of_15_ammo_storm_sniper 1-8-2021, 9:11:12 PM
supergamer(supergamer) used a fnminimilight 1-8-2021, 9:11:42 PM
supergamer(supergamer) used a shield 1-8-2021, 9:11:43 PM
supergamer(supergamer) used a shield 1-8-2021, 9:11:43 PM
supergamer(supergamer) used a shield 1-8-2021, 9:11:43 PM
supergamer(supergamer) used a shield 1-8-2021, 9:11:43 PM
supergamer(supergamer) used a shield 1-8-2021, 9:11:43 PM
supergamer(supergamer) used a shield 1-8-2021, 9:11:43 PM
supergamer(supergamer) used a shield 1-8-2021, 9:11:44 PM
supergamer(supergamer) used a shield 1-8-2021, 9:11:44 PM
supergamer(supergamer) used a shield 1-8-2021, 9:11:44 PM
supergamer(supergamer) used a shield 1-8-2021, 9:11:44 PM
supergamer(supergamer) used a shield 1-8-2021, 9:11:44 PM
supergamer(supergamer) used a shield 1-8-2021, 9:11:44 PM
supergamer(supergamer) used a shield 1-8-2021, 9:11:45 PM
supergamer(supergamer) used a shield 1-8-2021, 9:11:45 PM
supergamer(supergamer) used a shield 1-8-2021, 9:11:45 PM
supergamer(supergamer) used a shield 1-8-2021, 9:11:45 PM
supergamer(supergamer) used a shield 1-8-2021, 9:11:45 PM
supergamer(supergamer) used a shield 1-8-2021, 9:11:45 PM
supergamer(supergamer) used a shield 1-8-2021, 9:11:45 PM
supergamer(supergamer) used a shield 1-8-2021, 9:11:46 PM
supergamer(supergamer) used a shield 1-8-2021, 9:11:46 PM
supergamer(supergamer) used a shield 1-8-2021, 9:11:46 PM
supergamer(supergamer) used a shield 1-8-2021, 9:11:48 PM
supergamer(supergamer) used a shield 1-8-2021, 9:11:49 PM
supergamer(supergamer) used a shield 1-8-2021, 9:11:49 PM
supergamer(supergamer) used a shield 1-8-2021, 9:11:49 PM
supergamer(supergamer) used a shield 1-8-2021, 9:11:49 PM
supergamer(supergamer) used a shield 1-8-2021, 9:11:49 PM
supergamer(supergamer) used a shield 1-8-2021, 9:11:49 PM
supergamer(supergamer) used a shield 1-8-2021, 9:11:50 PM
supergamer(supergamer) used a shield 1-8-2021, 9:11:50 PM
supergamer(supergamer) used a fnminimilight 1-8-2021, 9:12:21 PM
supergamer(supergamer) used a fnminimilight 1-8-2021, 9:12:23 PM
supergamer(supergamer) used a fnminimilight 1-8-2021, 9:12:32 PM
supergamer(supergamer) used a shield 1-8-2021, 9:12:33 PM
supergamer(supergamer) used a fnminimilight 1-8-2021, 9:12:37 PM
supergamer(supergamer) used a fnminimilight 1-8-2021, 9:12:38 PM
supergamer(supergamer) used a the_legendary_sword 1-8-2021, 9:12:39 PM
supergamer(supergamer) used a shield 1-8-2021, 9:13:04 PM
supergamer(supergamer) used a shield 1-8-2021, 9:14:44 PM
supergamer(supergamer) used a storm_sniper 1-8-2021, 9:14:45 PM
supergamer(supergamer) used a fnminimilight 1-8-2021, 9:15:19 PM
supergamer(supergamer) used a the_legendary_sword 1-8-2021, 9:15:20 PM
supergamer(supergamer) used a tk_ultra_health_potion 1-8-2021, 9:15:47 PM
supergamer(supergamer) used a fnminimilight 1-8-2021, 9:15:50 PM
supergamer(supergamer) used a shield 1-8-2021, 9:15:50 PM
supergamer(supergamer) used a the_legendary_sword 1-8-2021, 9:15:53 PM
supergamer(supergamer) used a storm_sniper 1-8-2021, 9:16:27 PM
supergamer(supergamer) used a fnminimilight 1-8-2021, 9:17:42 PM
supergamer(supergamer) used a the_legendary_sword 1-8-2021, 9:17:42 PM
supergamer(supergamer) used a the_legendary_sword 1-8-2021, 9:18:43 PM
supergamer(supergamer) used a storm_sniper 1-8-2021, 9:18:52 PM
supergamer(supergamer) used a the_legendary_sword 1-8-2021, 9:19:07 PM
supergamer(supergamer) used a tk_ultra_health_potion 1-8-2021, 9:19:16 PM
supergamer(supergamer) used a tk_ultra_health_potion 1-8-2021, 9:19:44 PM
supergamer(supergamer) used a the_legendary_sword 1-8-2021, 9:19:48 PM
supergamer(supergamer) used a the_legendary_sword 1-8-2021, 9:19:49 PM
supergamer(supergamer) used a fnminimilight 1-8-2021, 9:19:56 PM
supergamer(supergamer) used a storm_sniper 1-8-2021, 9:19:58 PM
supergamer(supergamer) used a antibiotic 1-8-2021, 9:20:36 PM
supergamer(supergamer) used a antibiotic 1-8-2021, 9:20:37 PM
supergamer(supergamer) used a shield 1-8-2021, 9:21:52 PM
supergamer(supergamer) used a storm_sniper 1-8-2021, 9:21:53 PM
supergamer(supergamer) used a shield 1-8-2021, 9:21:55 PM
supergamer(supergamer) used a shield 1-8-2021, 9:21:55 PM
supergamer(supergamer) used a shield 1-8-2021, 9:21:55 PM
supergamer(supergamer) used a shield 1-8-2021, 9:21:55 PM
supergamer(supergamer) used a shield 1-8-2021, 9:21:55 PM
supergamer(supergamer) used a shield 1-8-2021, 9:21:55 PM
supergamer(supergamer) used a shield 1-8-2021, 9:21:55 PM
supergamer(supergamer) used a shield 1-8-2021, 9:21:56 PM
supergamer(supergamer) used a shield 1-8-2021, 9:21:56 PM
supergamer(supergamer) used a shield 1-8-2021, 9:21:56 PM
supergamer(supergamer) used a shield 1-8-2021, 9:21:56 PM
supergamer(supergamer) used a shield 1-8-2021, 9:21:56 PM
supergamer(supergamer) used a shield 1-8-2021, 9:21:56 PM
supergamer(supergamer) used a shield 1-8-2021, 9:21:57 PM
supergamer(supergamer) used a shield 1-8-2021, 9:21:57 PM
supergamer(supergamer) used a shield 1-8-2021, 9:21:57 PM
supergamer(supergamer) used a shield 1-8-2021, 9:21:57 PM
supergamer(supergamer) used a shield 1-8-2021, 9:21:57 PM
supergamer(supergamer) used a shield 1-8-2021, 9:21:57 PM
supergamer(supergamer) used a shield 1-8-2021, 9:21:58 PM
supergamer(supergamer) used a shield 1-8-2021, 9:21:58 PM
supergamer(supergamer) used a shield 1-8-2021, 9:21:58 PM
supergamer(supergamer) used a shield 1-8-2021, 9:21:58 PM
supergamer(supergamer) used a shield 1-8-2021, 9:21:58 PM
supergamer(supergamer) used a shield 1-8-2021, 9:21:58 PM
supergamer(supergamer) used a shield 1-8-2021, 9:21:59 PM
supergamer(supergamer) used a storm_sniper 1-8-2021, 9:21:59 PM
supergamer(supergamer) used a storm_sniper 1-8-2021, 9:22:00 PM
supergamer(supergamer) used a storm_sniper 1-8-2021, 9:22:01 PM
supergamer(supergamer) used a tk_ultra_health_potion 1-8-2021, 9:22:06 PM
supergamer(supergamer) used a shield 1-8-2021, 9:22:08 PM
supergamer(supergamer) used a the_legendary_sword 1-8-2021, 9:22:26 PM
supergamer(supergamer) used a tk_ultra_health_potion 1-8-2021, 9:22:41 PM
supergamer(supergamer) used a storm_sniper 1-8-2021, 9:22:42 PM
supergamer(supergamer) used a the_legendary_sword 1-8-2021, 9:23:04 PM
supergamer(supergamer) used a tk_ultra_health_potion 1-8-2021, 9:23:35 PM
supergamer(supergamer) used a storm_sniper 1-8-2021, 9:23:37 PM
supergamer(supergamer) used a shield 1-8-2021, 9:24:20 PM
supergamer(supergamer) used a the_legendary_sword 1-8-2021, 9:24:21 PM
supergamer(supergamer) used a tk_ultra_health_potion 1-8-2021, 9:24:29 PM
supergamer(supergamer) used a tk_ultra_health_potion 1-8-2021, 9:28:26 PM
supergamer(supergamer) used a storm_sniper 1-8-2021, 9:28:27 PM
supergamer(supergamer) used a the_legendary_sword 1-8-2021, 9:29:00 PM
supergamer(supergamer) used a the_legendary_sword 1-8-2021, 9:29:02 PM
supergamer(supergamer) used a storm_sniper 1-8-2021, 9:30:39 PM
supergamer(supergamer) used a the_legendary_sword 1-8-2021, 9:31:02 PM
supergamer(supergamer) used a tk_ultra_health_potion 1-8-2021, 9:31:48 PM
supergamer(supergamer) used a storm_sniper 1-8-2021, 9:31:48 PM
supergamer(supergamer) used a the_legendary_sword 1-8-2021, 9:32:06 PM
supergamer(supergamer) used a tk_ultra_health_potion 1-8-2021, 9:32:36 PM
supergamer(supergamer) used a the_legendary_sword 1-8-2021, 9:32:43 PM
supergamer(supergamer) used a tk_ultra_health_potion 1-8-2021, 9:34:59 PM
supergamer(supergamer) used a tk_ultra_health_potion 1-8-2021, 9:37:18 PM
supergamer(supergamer) used a storm_sniper 1-8-2021, 9:38:37 PM
supergamer(supergamer) used a shield 1-8-2021, 9:38:38 PM
supergamer(supergamer) used a tk_ultra_health_potion 1-8-2021, 9:38:40 PM
supergamer(supergamer) used a tk_ultra_health_potion 1-8-2021, 9:41:29 PM
supergamer(supergamer) used a tk_ultra_health_potion 1-8-2021, 9:42:56 PM
supergamer(supergamer) used a tk_ultra_health_potion 1-8-2021, 9:43:33 PM
supergamer(supergamer) used a tk_ultra_health_potion 1-8-2021, 9:44:13 PM
supergamer(supergamer) used a tk_ultra_health_potion 1-8-2021, 9:44:13 PM
supergamer(supergamer) used a tk_ultra_health_potion 1-8-2021, 9:44:17 PM
supergamer(supergamer) used a storm_sniper 1-8-2021, 9:44:17 PM
supergamer(supergamer) used a tk_ultra_health_potion 1-8-2021, 9:44:23 PM
supergamer(supergamer) used a tk_ultra_health_potion 1-8-2021, 9:44:35 PM
supergamer(supergamer) used a tk_ultra_health_potion 1-8-2021, 9:44:35 PM
supergamer(supergamer) used a storm_sniper 1-8-2021, 9:44:36 PM
supergamer(supergamer) used a storm_sniper 1-8-2021, 9:44:36 PM
supergamer(supergamer) used a storm_sniper 1-8-2021, 9:44:36 PM
supergamer(supergamer) used a storm_sniper 1-8-2021, 9:44:37 PM
supergamer(supergamer) used a storm_sniper 1-8-2021, 9:44:38 PM
supergamer(supergamer) used a storm_sniper 1-8-2021, 9:44:38 PM
supergamer(supergamer) used a storm_sniper 1-8-2021, 9:44:39 PM
supergamer(supergamer) used a storm_sniper 1-8-2021, 9:44:40 PM
supergamer(supergamer) used a fnminimilight 1-8-2021, 9:44:41 PM
supergamer(supergamer) used a fnminimilight 1-8-2021, 9:44:42 PM
supergamer(supergamer) used a storm_sniper 1-8-2021, 9:44:44 PM
supergamer(supergamer) used a storm_sniper 1-8-2021, 9:44:48 PM
supergamer(supergamer) used a storm_sniper 1-8-2021, 9:45:30 PM
supergamer(supergamer) used a the_legendary_sword 1-8-2021, 9:46:09 PM
supergamer(supergamer) used a the_legendary_sword 1-8-2021, 9:49:27 PM
supergamer(supergamer) used a the_legendary_sword 1-8-2021, 9:50:17 PM
supergamer(supergamer) used a the_legendary_sword 1-8-2021, 9:50:18 PM
supergamer(supergamer) used a the_legendary_sword 1-8-2021, 9:50:18 PM
supergamer(supergamer) used a the_legendary_sword 1-8-2021, 9:50:19 PM
supergamer(supergamer) used a the_legendary_sword 1-8-2021, 9:50:19 PM
supergamer(supergamer) used a shield 1-8-2021, 9:50:24 PM
supergamer(supergamer) used a shield 1-8-2021, 9:50:24 PM
supergamer(supergamer) used a shield 1-8-2021, 9:50:25 PM
supergamer(supergamer) used a shield 1-8-2021, 9:50:25 PM
supergamer(supergamer) used a shield 1-8-2021, 9:50:25 PM
supergamer(supergamer) used a shield 1-8-2021, 9:50:25 PM
supergamer(supergamer) used a shield 1-8-2021, 9:50:25 PM
supergamer(supergamer) used a shield 1-8-2021, 9:50:25 PM
supergamer(supergamer) used a shield 1-8-2021, 9:50:25 PM
supergamer(supergamer) used a shield 1-8-2021, 9:50:26 PM
supergamer(supergamer) used a shield 1-8-2021, 9:50:26 PM
supergamer(supergamer) used a shield 1-8-2021, 9:50:26 PM
supergamer(supergamer) used a shield 1-8-2021, 9:50:26 PM
supergamer(supergamer) used a shield 1-8-2021, 9:50:26 PM
supergamer(supergamer) used a shield 1-8-2021, 9:50:26 PM
supergamer(supergamer) used a shield 1-8-2021, 9:50:27 PM
supergamer(supergamer) used a shield 1-8-2021, 9:50:27 PM
supergamer(supergamer) used a shield 1-8-2021, 9:50:27 PM
supergamer(supergamer) used a shield 1-8-2021, 9:50:27 PM
supergamer(supergamer) used a shield 1-8-2021, 9:50:27 PM
supergamer(supergamer) used a shield 1-8-2021, 9:50:28 PM
supergamer(supergamer) used a shield 1-8-2021, 9:50:28 PM
supergamer(supergamer) used a shield 1-8-2021, 9:50:28 PM
supergamer(supergamer) used a shield 1-8-2021, 9:50:28 PM
supergamer(supergamer) used a shield 1-8-2021, 9:50:28 PM
supergamer(supergamer) used a shield 1-8-2021, 9:50:28 PM
supergamer(supergamer) used a shield 1-8-2021, 9:50:29 PM
supergamer(supergamer) used a shield 1-8-2021, 9:50:29 PM
supergamer(supergamer) used a shield 1-8-2021, 9:50:29 PM
supergamer(supergamer) used a shield 1-8-2021, 9:50:29 PM
supergamer(supergamer) used a tk_ultra_health_potion 1-8-2021, 9:50:30 PM
supergamer(supergamer) used a storm_sniper 1-8-2021, 9:50:39 PM
supergamer(supergamer) used a storm_sniper 1-8-2021, 9:50:50 PM
supergamer(supergamer) used a the_legendary_sword 1-8-2021, 9:51:15 PM
supergamer(supergamer) used a the_legendary_sword 1-8-2021, 10:03:50 PM
supergamer(supergamer) used a the_legendary_sword 1-8-2021, 10:18:06 PM
supergamer(supergamer) used a storm_sniper 1-8-2021, 10:18:07 PM
supergamer(supergamer) used a tk_ultra_health_potion 1-8-2021, 10:18:11 PM
supergamer(supergamer) used a storm_sniper 1-8-2021, 10:18:14 PM
supergamer(supergamer) used a shield 1-8-2021, 10:18:15 PM
supergamer(supergamer) used a tk_ultra_health_potion 1-8-2021, 10:18:16 PM
supergamer(supergamer) used a fnminimilight 1-8-2021, 10:18:22 PM
supergamer(supergamer) used a storm_sniper 1-8-2021, 10:18:26 PM
supergamer(supergamer) used a fnminimilight 1-8-2021, 10:21:33 PM
supergamer(supergamer) used a tk_ultra_health_potion 1-8-2021, 10:21:34 PM
supergamer(supergamer) used a the_legendary_sword 1-8-2021, 10:21:39 PM
supergamer(supergamer) used a storm_sniper 1-8-2021, 10:21:40 PM
supergamer(supergamer) used a storm_sniper 1-8-2021, 10:21:44 PM
supergamer(supergamer) used a aircraft 1-8-2021, 10:21:57 PM
supergamer(supergamer) used a tk_ultra_health_potion 1-8-2021, 10:22:47 PM
supergamer(supergamer) used a tk_ultra_health_potion 1-8-2021, 10:23:05 PM
supergamer(supergamer) used a aircraft 1-8-2021, 10:23:12 PM
supergamer(supergamer) used a metal_pack 1-8-2021, 10:23:30 PM
supergamer(supergamer) used a metal_pack 1-8-2021, 10:23:30 PM
supergamer(supergamer) used a metal 1-8-2021, 10:23:35 PM
supergamer(supergamer) used a aircraft 1-8-2021, 10:23:38 PM
supergamer(supergamer) used a metal 1-8-2021, 10:23:42 PM
supergamer(supergamer) used a metal 1-8-2021, 10:23:42 PM
supergamer(supergamer) used a metal 1-8-2021, 10:23:42 PM
supergamer(supergamer) used a metal 1-8-2021, 10:23:43 PM
supergamer(supergamer) used a metal 1-8-2021, 10:23:44 PM
supergamer(supergamer) used a aircraft 1-8-2021, 10:24:17 PM
supergamer(supergamer) used a aircraft 1-8-2021, 10:24:17 PM
supergamer(supergamer) used a fnminimilight 1-8-2021, 10:26:22 PM
supergamer(supergamer) used a tk_ultra_health_potion 1-8-2021, 10:26:23 PM
supergamer(supergamer) used a tk_ultra_health_potion 1-8-2021, 10:29:16 PM
supergamer(supergamer) used a tk_ultra_health_potion 1-8-2021, 10:31:52 PM
supergamer(supergamer) used a tk_ultra_health_potion 1-8-2021, 10:33:35 PM
supergamer(supergamer) used a aircraft 1-8-2021, 10:49:05 PM
supergamer(supergamer) used a aircraft 1-8-2021, 10:49:07 PM
supergamer(supergamer) used a tk_ultra_health_potion 1-8-2021, 10:56:18 PM
supergamer(supergamer) used a coin 1-8-2021, 10:59:09 PM
supergamer(supergamer) used a coin 1-8-2021, 10:59:16 PM
supergamer(supergamer) used a toolbox 1-8-2021, 10:59:51 PM
supergamer(supergamer) used a health_drink 1-8-2021, 11:00:02 PM
supergamer(supergamer) used a health_drink 1-8-2021, 11:00:03 PM
supergamer(supergamer) used a fnminimilight 1-8-2021, 11:01:39 PM
supergamer(supergamer) used a tk_ultra_health_potion 1-8-2021, 11:01:40 PM
supergamer(supergamer) used a storm_sniper 1-8-2021, 11:01:43 PM
supergamer(supergamer) used a the_legendary_sword 1-8-2021, 11:01:45 PM
supergamer(supergamer) used a storm_sniper 1-8-2021, 11:01:48 PM
supergamer(supergamer) used a the_legendary_sword 1-8-2021, 11:01:51 PM
supergamer(supergamer) used a fnminimilight 1-8-2021, 11:03:42 PM
supergamer(supergamer) used a tk_ultra_health_potion 1-8-2021, 11:03:43 PM
supergamer(supergamer) used a storm_sniper 1-8-2021, 11:03:49 PM
supergamer(supergamer) used a storm_sniper 1-8-2021, 11:04:52 PM
supergamer(supergamer) used a the_legendary_sword 1-8-2021, 11:04:54 PM
supergamer(supergamer) used a tk_ultra_health_potion 1-8-2021, 11:06:51 PM
supergamer(supergamer) used a fnminimilight 1-8-2021, 11:06:52 PM
supergamer(supergamer) used a storm_sniper 1-8-2021, 11:06:53 PM
supergamer(supergamer) used a storm_sniper 1-8-2021, 11:06:53 PM
supergamer(supergamer) used a the_legendary_sword 1-8-2021, 11:06:54 PM
supergamer(supergamer) used a shield 1-8-2021, 11:06:55 PM
supergamer(supergamer) used a shield 1-8-2021, 11:06:56 PM
supergamer(supergamer) used a the_legendary_sword 1-8-2021, 11:07:00 PM
supergamer(supergamer) used a tk_ultra_health_potion 1-8-2021, 11:07:07 PM
supergamer(supergamer) used a storm_sniper 1-8-2021, 11:07:08 PM
supergamer(supergamer) used a storm_sniper 1-8-2021, 11:07:56 PM
supergamer(supergamer) used a fnminimilight 1-8-2021, 11:08:22 PM
supergamer(supergamer) used a storm_sniper 1-8-2021, 11:08:28 PM
supergamer(supergamer) used a shield 1-8-2021, 11:08:46 PM
supergamer(supergamer) used a the_legendary_sword 1-8-2021, 11:08:47 PM
supergamer(supergamer) used a shield 1-8-2021, 11:08:48 PM
supergamer(supergamer) used a shield 1-8-2021, 11:08:48 PM
supergamer(supergamer) used a shield 1-8-2021, 11:08:48 PM
supergamer(supergamer) used a shield 1-8-2021, 11:08:48 PM
supergamer(supergamer) used a shield 1-8-2021, 11:08:48 PM
supergamer(supergamer) used a shield 1-8-2021, 11:08:49 PM
supergamer(supergamer) used a shield 1-8-2021, 11:08:49 PM
supergamer(supergamer) used a shield 1-8-2021, 11:08:49 PM
supergamer(supergamer) used a shield 1-8-2021, 11:08:49 PM
supergamer(supergamer) used a shield 1-8-2021, 11:08:50 PM
supergamer(supergamer) used a shield 1-8-2021, 11:08:50 PM
supergamer(supergamer) used a shield 1-8-2021, 11:08:50 PM
supergamer(supergamer) used a shield 1-8-2021, 11:08:50 PM
supergamer(supergamer) used a shield 1-8-2021, 11:08:50 PM
supergamer(supergamer) used a shield 1-8-2021, 11:08:50 PM
supergamer(supergamer) used a shield 1-8-2021, 11:08:51 PM
supergamer(supergamer) used a shield 1-8-2021, 11:08:51 PM
supergamer(supergamer) used a shield 1-8-2021, 11:08:51 PM
supergamer(supergamer) used a shield 1-8-2021, 11:08:52 PM
supergamer(supergamer) used a shield 1-8-2021, 11:08:52 PM
supergamer(supergamer) used a shield 1-8-2021, 11:08:52 PM
supergamer(supergamer) used a shield 1-8-2021, 11:08:52 PM
supergamer(supergamer) used a shield 1-8-2021, 11:08:52 PM
supergamer(supergamer) used a shield 1-8-2021, 11:08:52 PM
supergamer(supergamer) used a shield 1-8-2021, 11:08:53 PM
supergamer(supergamer) used a shield 1-8-2021, 11:08:53 PM
supergamer(supergamer) used a shield 1-8-2021, 11:08:53 PM
supergamer(supergamer) used a shield 1-8-2021, 11:08:53 PM
supergamer(supergamer) used a shield 1-8-2021, 11:08:53 PM
supergamer(supergamer) used a shield 1-8-2021, 11:08:53 PM
supergamer(supergamer) used a the_legendary_sword 1-8-2021, 11:08:57 PM
supergamer(supergamer) used a the_legendary_sword 1-8-2021, 11:08:59 PM
supergamer(supergamer) used a the_legendary_sword 1-8-2021, 11:09:00 PM
supergamer(supergamer) used a the_legendary_sword 1-8-2021, 11:09:00 PM
supergamer(supergamer) used a storm_sniper 1-8-2021, 11:09:01 PM
supergamer(supergamer) used a tk_ultra_health_potion 1-8-2021, 11:09:02 PM
supergamer(supergamer) used a the_legendary_sword 1-8-2021, 11:09:04 PM
supergamer(supergamer) used a tk_ultra_health_potion 1-8-2021, 11:10:24 PM
supergamer(supergamer) used a fnminimilight 1-8-2021, 11:10:29 PM
supergamer(supergamer) used a shield 1-8-2021, 11:10:29 PM
supergamer(supergamer) used a the_legendary_sword 1-8-2021, 11:10:30 PM
supergamer(supergamer) used a storm_sniper 1-8-2021, 11:10:32 PM
supergamer(supergamer) used a the_legendary_sword 1-8-2021, 11:10:33 PM
supergamer(supergamer) used a nuclear_bomb 1-8-2021, 11:12:23 PM
supergamer(supergamer) used a the_legendary_sword 1-8-2021, 11:13:14 PM
supergamer(supergamer) used a storm_sniper 1-8-2021, 11:13:18 PM
supergamer(supergamer) used a the_legendary_sword 1-8-2021, 11:13:18 PM
supergamer(supergamer) used a fnminimilight 1-8-2021, 11:13:56 PM
supergamer(supergamer) used a tk_ultra_health_potion 1-8-2021, 11:13:57 PM
supergamer(supergamer) used a the_legendary_sword 1-8-2021, 11:14:00 PM
supergamer(supergamer) used a nuclear_bomb 1-8-2021, 11:14:11 PM
supergamer(supergamer) used a tk_ultra_health_potion 1-8-2021, 11:14:34 PM
supergamer(supergamer) used a shield 1-8-2021, 11:14:35 PM
supergamer(supergamer) used a fnminimilight 1-8-2021, 11:34:48 PM
supergamer(supergamer) used a tk_ultra_health_potion 1-8-2021, 11:35:17 PM
supergamer(supergamer) used a the_legendary_sword 1-8-2021, 11:35:42 PM
supergamer(supergamer) used a fnminimilight 1-8-2021, 11:35:43 PM
supergamer(supergamer) used a fnminimilight 1-8-2021, 11:35:44 PM
supergamer(supergamer) used a fnminimilight 1-8-2021, 11:36:22 PM
supergamer(supergamer) used a the_legendary_sword 1-8-2021, 11:36:30 PM
supergamer(supergamer) used a tk_ultra_health_potion 1-8-2021, 11:38:23 PM
supergamer(supergamer) used a tk_ultra_health_potion 1-8-2021, 11:39:32 PM
supergamer(supergamer) used a fnminimilight 1-8-2021, 11:39:33 PM
supergamer(supergamer) used a shield 1-8-2021, 11:39:34 PM
supergamer(supergamer) used a tk_ultra_health_potion 1-8-2021, 11:39:34 PM
supergamer(supergamer) used a shield 1-8-2021, 11:39:35 PM
supergamer(supergamer) used a shield 1-8-2021, 11:39:35 PM
supergamer(supergamer) used a shield 1-8-2021, 11:39:35 PM
supergamer(supergamer) used a shield 1-8-2021, 11:39:35 PM
supergamer(supergamer) used a shield 1-8-2021, 11:39:35 PM
supergamer(supergamer) used a shield 1-8-2021, 11:39:35 PM
supergamer(supergamer) used a shield 1-8-2021, 11:39:35 PM
supergamer(supergamer) used a shield 1-8-2021, 11:39:36 PM
supergamer(supergamer) used a shield 1-8-2021, 11:39:36 PM
supergamer(supergamer) used a shield 1-8-2021, 11:39:36 PM
supergamer(supergamer) used a shield 1-8-2021, 11:39:36 PM
supergamer(supergamer) used a shield 1-8-2021, 11:39:36 PM
supergamer(supergamer) used a shield 1-8-2021, 11:39:36 PM
supergamer(supergamer) used a shield 1-8-2021, 11:39:36 PM
supergamer(supergamer) used a shield 1-8-2021, 11:39:36 PM
supergamer(supergamer) used a shield 1-8-2021, 11:39:37 PM
supergamer(supergamer) used a shield 1-8-2021, 11:39:37 PM
supergamer(supergamer) used a shield 1-8-2021, 11:39:37 PM
supergamer(supergamer) used a shield 1-8-2021, 11:39:37 PM
supergamer(supergamer) used a shield 1-8-2021, 11:39:37 PM
supergamer(supergamer) used a shield 1-8-2021, 11:39:37 PM
supergamer(supergamer) used a shield 1-8-2021, 11:39:37 PM
supergamer(supergamer) used a shield 1-8-2021, 11:39:38 PM
supergamer(supergamer) used a shield 1-8-2021, 11:39:38 PM
supergamer(supergamer) used a shield 1-8-2021, 11:39:38 PM
supergamer(supergamer) used a shield 1-8-2021, 11:39:38 PM
supergamer(supergamer) used a shield 1-8-2021, 11:39:38 PM
supergamer(supergamer) used a shield 1-8-2021, 11:39:39 PM
supergamer(supergamer) used a storm_sniper 1-8-2021, 11:39:40 PM
supergamer(supergamer) used a the_legendary_sword 1-8-2021, 11:39:41 PM
supergamer(supergamer) used a tk_ultra_health_potion 1-8-2021, 11:40:33 PM
supergamer(supergamer) used a tk_ultra_health_potion 1-8-2021, 11:44:29 PM
supergamer(supergamer) used a tk_ultra_health_potion 1-8-2021, 11:44:40 PM
supergamer(supergamer) used a tk_ultra_health_potion 1-8-2021, 11:45:07 PM
supergamer(supergamer) used a tk_ultra_health_potion 1-8-2021, 11:46:08 PM
supergamer(supergamer) used a tk_ultra_health_potion 1-8-2021, 11:46:09 PM
supergamer(supergamer) used a tk_ultra_health_potion 1-8-2021, 11:49:37 PM
supergamer(supergamer) used a fnminimilight 1-8-2021, 11:49:38 PM
supergamer(supergamer) used a tk_ultra_health_potion 1-8-2021, 11:49:39 PM
supergamer(supergamer) used a the_legendary_sword 1-8-2021, 11:49:40 PM
supergamer(supergamer) used a storm_sniper 1-8-2021, 11:49:41 PM
supergamer(supergamer) used a storm_sniper 1-8-2021, 11:49:43 PM
supergamer(supergamer) used a fnminimilight 1-8-2021, 11:49:44 PM
supergamer(supergamer) used a shield 1-8-2021, 11:49:45 PM
supergamer(supergamer) used a the_legendary_sword 1-8-2021, 11:49:45 PM
supergamer(supergamer) used a storm_sniper 1-8-2021, 11:49:46 PM
supergamer(supergamer) used a storm_sniper 1-8-2021, 11:49:48 PM
supergamer(supergamer) used a storm_sniper 1-8-2021, 11:49:48 PM
supergamer(supergamer) used a the_legendary_sword 1-8-2021, 11:49:48 PM
supergamer(supergamer) used a storm_sniper 1-8-2021, 11:49:51 PM
supergamer(supergamer) used a tk_ultra_health_potion 1-8-2021, 11:51:23 PM
supergamer(supergamer) used a tk_ultra_health_potion 1-8-2021, 11:53:08 PM
supergamer(supergamer) used a fnminimilight 1-8-2021, 11:54:40 PM
supergamer(supergamer) used a tk_ultra_health_potion 1-8-2021, 11:54:41 PM
supergamer(supergamer) used a the_legendary_sword 1-8-2021, 11:54:41 PM
supergamer(supergamer) used a hand_grenade 1-8-2021, 11:54:53 PM
supergamer(supergamer) used a hand_grenade 1-8-2021, 11:54:53 PM
supergamer(supergamer) used a hand_grenade 1-8-2021, 11:54:53 PM
supergamer(supergamer) used a hand_grenade 1-8-2021, 11:54:53 PM
supergamer(supergamer) used a hand_grenade 1-8-2021, 11:54:54 PM
supergamer(supergamer) used a hand_grenade 1-8-2021, 11:54:54 PM
supergamer(supergamer) used a hand_grenade 1-8-2021, 11:54:54 PM
supergamer(supergamer) used a hand_grenade 1-8-2021, 11:54:54 PM
supergamer(supergamer) used a tk_ultra_health_potion 1-8-2021, 11:55:07 PM
supergamer(supergamer) used a hand_grenade 1-8-2021, 11:55:20 PM
supergamer(supergamer) used a hand_grenade 1-8-2021, 11:55:30 PM
supergamer(supergamer) used a hand_grenade 1-8-2021, 11:55:31 PM
supergamer(supergamer) used a hand_grenade 1-8-2021, 11:55:32 PM
supergamer(supergamer) used a hand_grenade 1-8-2021, 11:55:32 PM
supergamer(supergamer) used a hand_grenade 1-8-2021, 11:55:32 PM
supergamer(supergamer) used a hand_grenade 1-8-2021, 11:55:33 PM
supergamer(supergamer) used a hand_grenade 1-8-2021, 11:55:33 PM
supergamer(supergamer) used a hand_grenade 1-8-2021, 11:55:33 PM
supergamer(supergamer) used a hand_grenade 1-8-2021, 11:55:33 PM
supergamer(supergamer) used a hand_grenade 1-8-2021, 11:55:33 PM
supergamer(supergamer) used a hand_grenade 1-8-2021, 11:55:34 PM
supergamer(supergamer) used a hand_grenade 1-8-2021, 11:55:34 PM
supergamer(supergamer) used a hand_grenade 1-8-2021, 11:55:36 PM
supergamer(supergamer) used a hand_grenade 1-8-2021, 11:55:36 PM
supergamer(supergamer) used a hand_grenade 1-8-2021, 11:55:37 PM
supergamer(supergamer) used a hand_grenade 1-8-2021, 11:55:37 PM
supergamer(supergamer) used a hand_grenade 1-8-2021, 11:55:37 PM
supergamer(supergamer) used a hand_grenade 1-8-2021, 11:55:39 PM
supergamer(supergamer) used a hand_grenade 1-8-2021, 11:55:40 PM
supergamer(supergamer) used a tk_ultra_health_potion 1-8-2021, 11:58:29 PM
supergamer(supergamer) used a antibiotic_pack 1-8-2021, 11:59:18 PM
supergamer(supergamer) used a antibiotic_pack 1-8-2021, 11:59:18 PM