
vector(vector) used a zulfikar 8-23-2020, 7:55:14 AM
vector(vector) used a tk_ultra_health_potion 8-23-2020, 8:06:06 AM
vector(vector) used a zulfikar 8-23-2020, 8:06:19 AM
vector(vector) used a item_grabber 8-23-2020, 8:07:08 AM
vector(vector) used a wood_pack 8-23-2020, 8:08:25 AM
vector(vector) used a tk_ultra_health_potion 8-23-2020, 8:08:46 AM
vector(vector) used a shield 8-23-2020, 8:08:50 AM
vector(vector) used a shield 8-23-2020, 8:08:54 AM
vector(vector) used a shield 8-23-2020, 8:08:54 AM
vector(vector) used a shield 8-23-2020, 8:08:55 AM
vector(vector) used a shield 8-23-2020, 8:08:56 AM
vector(vector) used a shield 8-23-2020, 8:08:58 AM
vector(vector) used a shield 8-23-2020, 8:08:59 AM
vector(vector) used a shield 8-23-2020, 8:09:01 AM
vector(vector) used a shield 8-23-2020, 8:09:02 AM
vector(vector) used a shield 8-23-2020, 8:09:02 AM
vector(vector) used a shield 8-23-2020, 8:09:03 AM
vector(vector) used a shield 8-23-2020, 8:09:04 AM
vector(vector) used a shield 8-23-2020, 8:09:05 AM
vector(vector) used a shield 8-23-2020, 8:09:06 AM
vector(vector) used a shield 8-23-2020, 8:09:06 AM
vector(vector) used a shield 8-23-2020, 8:09:06 AM
vector(vector) used a shield 8-23-2020, 8:09:07 AM
vector(vector) used a sky_386_laser_assault_rifle 8-23-2020, 8:09:13 AM
vector(vector) used a pack_of_5_barricade_bomb 8-23-2020, 8:09:46 AM
vector(vector) used a pack_of_15_shield 8-23-2020, 8:10:09 AM
vector(vector) used a pack_of_20_missile_interceptor 8-23-2020, 8:10:31 AM
vector(vector) used a taser_ammo_pack 8-23-2020, 8:14:25 AM
vector(vector) used a taser_ammo_pack 8-23-2020, 8:14:25 AM
vector(vector) used a taser_ammo_pack 8-23-2020, 8:14:25 AM
vector(vector) used a taser_ammo_pack 8-23-2020, 8:14:25 AM
vector(vector) used a taser_ammo_pack 8-23-2020, 8:14:25 AM
vector(vector) used a taser_ammo_pack 8-23-2020, 8:14:26 AM
vector(vector) used a taser_ammo_pack 8-23-2020, 8:14:26 AM
vector(vector) used a taser_ammo_pack 8-23-2020, 8:14:26 AM
vector(vector) used a taser_ammo_pack 8-23-2020, 8:14:26 AM
vector(vector) used a taser_ammo_pack 8-23-2020, 8:14:26 AM
vector(vector) used a taser_ammo_pack 8-23-2020, 8:14:26 AM
vector(vector) used a taser_ammo_pack 8-23-2020, 8:14:26 AM
vector(vector) used a taser_ammo_pack 8-23-2020, 8:14:27 AM
vector(vector) used a taser_ammo_pack 8-23-2020, 8:14:27 AM
vector(vector) used a taser_ammo_pack 8-23-2020, 8:14:27 AM
vector(vector) used a taser_ammo_pack 8-23-2020, 8:14:27 AM
vector(vector) used a taser_ammo_pack 8-23-2020, 8:14:27 AM
vector(vector) used a taser_ammo_pack 8-23-2020, 8:14:27 AM
vector(vector) used a taser_ammo_pack 8-23-2020, 8:14:28 AM
vector(vector) used a taser_ammo_pack 8-23-2020, 8:14:28 AM
vector(vector) used a taser_ammo_pack 8-23-2020, 8:14:28 AM
vector(vector) used a taser_ammo_pack 8-23-2020, 8:14:28 AM
vector(vector) used a taser_ammo_pack 8-23-2020, 8:14:28 AM
vector(vector) used a taser_ammo_pack 8-23-2020, 8:14:29 AM
vector(vector) used a taser_ammo_pack 8-23-2020, 8:14:29 AM
vector(vector) used a taser_ammo_pack 8-23-2020, 8:14:29 AM
vector(vector) used a taser_ammo_pack 8-23-2020, 8:14:29 AM
vector(vector) used a taser_ammo_pack 8-23-2020, 8:14:29 AM
vector(vector) used a taser_ammo_pack 8-23-2020, 8:14:29 AM
vector(vector) used a taser_ammo_pack 8-23-2020, 8:14:30 AM
vector(vector) used a taser_ammo_pack 8-23-2020, 8:14:30 AM
vector(vector) used a taser_ammo_pack 8-23-2020, 8:14:30 AM
vector(vector) used a taser_ammo_pack 8-23-2020, 8:14:30 AM
vector(vector) used a taser_ammo_pack 8-23-2020, 8:14:30 AM
vector(vector) used a taser_ammo_pack 8-23-2020, 8:14:31 AM
vector(vector) used a taser_ammo_pack 8-23-2020, 8:14:31 AM
vector(vector) used a taser_ammo_pack 8-23-2020, 8:14:31 AM
vector(vector) used a taser_ammo_pack 8-23-2020, 8:14:31 AM
vector(vector) used a taser_ammo_pack 8-23-2020, 8:14:31 AM
vector(vector) used a taser_ammo_pack 8-23-2020, 8:14:32 AM
vector(vector) used a taser_ammo_pack 8-23-2020, 8:14:32 AM
vector(vector) used a taser_ammo_pack 8-23-2020, 8:14:32 AM
vector(vector) used a taser_ammo_pack 8-23-2020, 8:14:32 AM
vector(vector) used a taser_ammo_pack 8-23-2020, 8:14:32 AM
vector(vector) used a taser_ammo_pack 8-23-2020, 8:14:32 AM
vector(vector) used a taser_ammo_pack 8-23-2020, 8:14:33 AM
vector(vector) used a taser_ammo_pack 8-23-2020, 8:14:33 AM
vector(vector) used a taser_ammo_pack 8-23-2020, 8:14:33 AM
vector(vector) used a taser_ammo_pack 8-23-2020, 8:14:33 AM
vector(vector) used a taser_ammo_pack 8-23-2020, 8:14:34 AM
vector(vector) used a taser_ammo_pack 8-23-2020, 8:14:34 AM
vector(vector) used a taser_ammo_pack 8-23-2020, 8:14:34 AM
vector(vector) used a taser_ammo_pack 8-23-2020, 8:14:34 AM
vector(vector) used a taser_ammo_pack 8-23-2020, 8:14:34 AM
vector(vector) used a taser_ammo_pack 8-23-2020, 8:14:34 AM
vector(vector) used a taser_ammo_pack 8-23-2020, 8:14:34 AM
vector(vector) used a taser_ammo_pack 8-23-2020, 8:14:35 AM
vector(vector) used a taser_ammo_pack 8-23-2020, 8:14:35 AM
vector(vector) used a taser_ammo_pack 8-23-2020, 8:14:35 AM
vector(vector) used a taser_ammo_pack 8-23-2020, 8:14:45 AM
vector(vector) used a taser_ammo_pack 8-23-2020, 8:14:46 AM
vector(vector) used a taser_ammo_pack 8-23-2020, 8:14:46 AM
vector(vector) used a taser_ammo_pack 8-23-2020, 8:14:46 AM
vector(vector) used a taser_ammo_pack 8-23-2020, 8:14:46 AM
vector(vector) used a taser_ammo_pack 8-23-2020, 8:14:46 AM
vector(vector) used a taser_ammo_pack 8-23-2020, 8:14:47 AM
vector(vector) used a taser_ammo_pack 8-23-2020, 8:14:47 AM
vector(vector) used a taser_ammo_pack 8-23-2020, 8:14:47 AM
vector(vector) used a taser_ammo_pack 8-23-2020, 8:14:47 AM
vector(vector) used a taser_ammo_pack 8-23-2020, 8:14:47 AM
vector(vector) used a taser_ammo_pack 8-23-2020, 8:14:47 AM
vector(vector) used a taser_ammo_pack 8-23-2020, 8:14:48 AM
vector(vector) used a taser_ammo_pack 8-23-2020, 8:14:48 AM
vector(vector) used a taser_ammo_pack 8-23-2020, 8:14:48 AM
vector(vector) used a taser_ammo_pack 8-23-2020, 8:14:49 AM
vector(vector) used a taser_ammo_pack 8-23-2020, 8:14:49 AM
vector(vector) used a taser_ammo_pack 8-23-2020, 8:14:49 AM
vector(vector) used a taser_ammo_pack 8-23-2020, 8:14:49 AM
vector(vector) used a taser_ammo_pack 8-23-2020, 8:14:49 AM
vector(vector) used a taser_ammo_pack 8-23-2020, 8:14:49 AM
vector(vector) used a taser_ammo_pack 8-23-2020, 8:14:50 AM
vector(vector) used a taser_ammo_pack 8-23-2020, 8:14:50 AM
vector(vector) used a taser_ammo_pack 8-23-2020, 8:14:50 AM
vector(vector) used a taser_ammo_pack 8-23-2020, 8:14:50 AM
vector(vector) used a taser_ammo_pack 8-23-2020, 8:14:51 AM
vector(vector) used a taser_ammo_pack 8-23-2020, 8:14:51 AM
vector(vector) used a taser_ammo_pack 8-23-2020, 8:14:51 AM
vector(vector) used a taser_ammo_pack 8-23-2020, 8:14:51 AM
vector(vector) used a taser_ammo_pack 8-23-2020, 8:14:51 AM
vector(vector) used a taser_ammo_pack 8-23-2020, 8:14:52 AM
vector(vector) used a taser_ammo_pack 8-23-2020, 8:14:52 AM
vector(vector) used a taser_ammo_pack 8-23-2020, 8:14:52 AM
vector(vector) used a taser_ammo_pack 8-23-2020, 8:14:52 AM
vector(vector) used a taser_ammo_pack 8-23-2020, 8:14:52 AM
vector(vector) used a taser_ammo_pack 8-23-2020, 8:14:53 AM
vector(vector) used a taser_ammo_pack 8-23-2020, 8:14:53 AM
vector(vector) used a taser_ammo_pack 8-23-2020, 8:14:53 AM
vector(vector) used a taser_ammo_pack 8-23-2020, 8:14:53 AM
vector(vector) used a taser_ammo_pack 8-23-2020, 8:14:53 AM
vector(vector) used a taser_ammo_pack 8-23-2020, 8:14:53 AM
vector(vector) used a zulfikar 8-23-2020, 8:15:12 AM
vector(vector) used a tk_ultra_health_potion 8-23-2020, 8:15:33 AM
vector(vector) used a taser 8-23-2020, 8:15:42 AM
vector(vector) used a frequency_scrambler 8-23-2020, 8:19:37 AM
vector(vector) used a tk_ultra_health_potion 8-23-2020, 8:20:09 AM
vector(vector) used a shield 8-23-2020, 8:20:13 AM
vector(vector) used a shield 8-23-2020, 8:20:19 AM
vector(vector) used a shield 8-23-2020, 8:20:23 AM
vector(vector) used a shield 8-23-2020, 8:20:23 AM
vector(vector) used a shield 8-23-2020, 8:20:24 AM
vector(vector) used a shield 8-23-2020, 8:20:24 AM
vector(vector) used a shield 8-23-2020, 8:20:25 AM
vector(vector) used a shield 8-23-2020, 8:20:25 AM
vector(vector) used a shield 8-23-2020, 8:20:25 AM
vector(vector) used a shield 8-23-2020, 8:20:26 AM
vector(vector) used a shield 8-23-2020, 8:20:26 AM
vector(vector) used a shield 8-23-2020, 8:20:26 AM
vector(vector) used a shield 8-23-2020, 8:20:28 AM
vector(vector) used a shield 8-23-2020, 8:20:28 AM
vector(vector) used a shield 8-23-2020, 8:20:29 AM
vector(vector) used a shield 8-23-2020, 8:20:29 AM
vector(vector) used a shield 8-23-2020, 8:20:29 AM
vector(vector) used a shield 8-23-2020, 8:20:30 AM
vector(vector) used a shield 8-23-2020, 8:20:30 AM
vector(vector) used a shield 8-23-2020, 8:20:30 AM
vector(vector) used a shield 8-23-2020, 8:20:30 AM
vector(vector) used a shield 8-23-2020, 8:20:32 AM
vector(vector) used a shield 8-23-2020, 8:20:33 AM
vector(vector) used a shield 8-23-2020, 8:20:33 AM
vector(vector) used a shield 8-23-2020, 8:20:33 AM
vector(vector) used a shield 8-23-2020, 8:20:34 AM
vector(vector) used a shield 8-23-2020, 8:20:34 AM
vector(vector) used a shield 8-23-2020, 8:20:35 AM
vector(vector) used a shield 8-23-2020, 8:20:35 AM
vector(vector) used a shield 8-23-2020, 8:20:36 AM
vector(vector) used a frequency_scrambler 8-23-2020, 8:20:59 AM
vector(vector) used a tk_ultra_health_potion 8-23-2020, 8:58:53 AM
vector(vector) used a shield 8-23-2020, 8:59:06 AM
vector(vector) used a shield 8-23-2020, 8:59:20 AM
vector(vector) used a shield 8-23-2020, 8:59:20 AM
vector(vector) used a shield 8-23-2020, 8:59:21 AM
vector(vector) used a shield 8-23-2020, 8:59:21 AM
vector(vector) used a shield 8-23-2020, 8:59:21 AM
vector(vector) used a shield 8-23-2020, 8:59:22 AM
vector(vector) used a shield 8-23-2020, 8:59:22 AM
vector(vector) used a shield 8-23-2020, 8:59:22 AM
vector(vector) used a taser 8-23-2020, 8:59:47 AM
vector(vector) used a zulfikar 8-23-2020, 8:59:54 AM
vector(vector) used a pack_of_10_ammo_rocket_launcher 8-23-2020, 9:01:40 AM
vector(vector) used a pack_of_10_ammo_rocket_launcher 8-23-2020, 9:01:40 AM
vector(vector) used a pack_of_10_ammo_rocket_launcher 8-23-2020, 9:01:41 AM
vector(vector) used a pack_of_10_ammo_rocket_launcher 8-23-2020, 9:01:41 AM
vector(vector) used a pack_of_10_ammo_rocket_launcher 8-23-2020, 9:01:41 AM
vector(vector) used a pack_of_10_ammo_rocket_launcher 8-23-2020, 9:01:41 AM
vector(vector) used a pack_of_10_ammo_rocket_launcher 8-23-2020, 9:01:41 AM
vector(vector) used a pack_of_10_ammo_rocket_launcher 8-23-2020, 9:01:41 AM
vector(vector) used a pack_of_10_ammo_rocket_launcher 8-23-2020, 9:01:42 AM
vector(vector) used a pack_of_10_ammo_rocket_launcher 8-23-2020, 9:01:42 AM
vector(vector) used a pack_of_10_ammo_rocket_launcher 8-23-2020, 9:01:42 AM
vector(vector) used a pack_of_10_ammo_rocket_launcher 8-23-2020, 9:01:42 AM
vector(vector) used a pack_of_10_ammo_rocket_launcher 8-23-2020, 9:01:42 AM
vector(vector) used a pack_of_10_ammo_rocket_launcher 8-23-2020, 9:01:42 AM
vector(vector) used a pack_of_10_ammo_rocket_launcher 8-23-2020, 9:01:43 AM
vector(vector) used a pack_of_10_ammo_rocket_launcher 8-23-2020, 9:01:43 AM
vector(vector) used a pack_of_10_ammo_rocket_launcher 8-23-2020, 9:01:43 AM
vector(vector) used a pack_of_10_ammo_rocket_launcher 8-23-2020, 9:01:43 AM
vector(vector) used a pack_of_10_ammo_rocket_launcher 8-23-2020, 9:01:43 AM
vector(vector) used a pack_of_10_ammo_rocket_launcher 8-23-2020, 9:01:43 AM
vector(vector) used a pack_of_10_ammo_rocket_launcher 8-23-2020, 9:01:44 AM
vector(vector) used a pack_of_10_ammo_rocket_launcher 8-23-2020, 9:01:44 AM
vector(vector) used a pack_of_10_ammo_rocket_launcher 8-23-2020, 9:01:44 AM
vector(vector) used a pack_of_10_ammo_rocket_launcher 8-23-2020, 9:01:44 AM
vector(vector) used a pack_of_10_ammo_rocket_launcher 8-23-2020, 9:01:44 AM
vector(vector) used a pack_of_10_ammo_rocket_launcher 8-23-2020, 9:01:44 AM
vector(vector) used a pack_of_10_ammo_rocket_launcher 8-23-2020, 9:01:45 AM
vector(vector) used a pack_of_10_ammo_rocket_launcher 8-23-2020, 9:01:45 AM
vector(vector) used a pack_of_10_ammo_rocket_launcher 8-23-2020, 9:01:45 AM
vector(vector) used a pack_of_10_ammo_rocket_launcher 8-23-2020, 9:01:45 AM
vector(vector) used a pack_of_10_ammo_rocket_launcher 8-23-2020, 9:01:45 AM
vector(vector) used a pack_of_10_ammo_rocket_launcher 8-23-2020, 9:01:46 AM
vector(vector) used a pack_of_10_ammo_rocket_launcher 8-23-2020, 9:01:46 AM
vector(vector) used a pack_of_10_ammo_rocket_launcher 8-23-2020, 9:01:46 AM
vector(vector) used a pack_of_10_ammo_rocket_launcher 8-23-2020, 9:01:46 AM
vector(vector) used a pack_of_10_ammo_rocket_launcher 8-23-2020, 9:01:46 AM
vector(vector) used a pack_of_10_ammo_rocket_launcher 8-23-2020, 9:01:46 AM
vector(vector) used a pack_of_10_ammo_rocket_launcher 8-23-2020, 9:01:46 AM
vector(vector) used a pack_of_10_ammo_rocket_launcher 8-23-2020, 9:01:47 AM
vector(vector) used a pack_of_10_ammo_rocket_launcher 8-23-2020, 9:01:47 AM
vector(vector) used a pack_of_10_ammo_rocket_launcher 8-23-2020, 9:01:47 AM
vector(vector) used a pack_of_10_ammo_rocket_launcher 8-23-2020, 9:01:47 AM
vector(vector) used a pack_of_10_ammo_rocket_launcher 8-23-2020, 9:01:47 AM
vector(vector) used a pack_of_10_ammo_rocket_launcher 8-23-2020, 9:01:47 AM
vector(vector) used a pack_of_10_ammo_rocket_launcher 8-23-2020, 9:01:48 AM
vector(vector) used a pack_of_10_ammo_rocket_launcher 8-23-2020, 9:01:48 AM
vector(vector) used a pack_of_10_ammo_rocket_launcher 8-23-2020, 9:01:48 AM
vector(vector) used a pack_of_10_ammo_rocket_launcher 8-23-2020, 9:01:48 AM
vector(vector) used a pack_of_10_ammo_rocket_launcher 8-23-2020, 9:01:48 AM
vector(vector) used a pack_of_10_ammo_rocket_launcher 8-23-2020, 9:01:48 AM
vector(vector) used a pack_of_10_ammo_rocket_launcher 8-23-2020, 9:01:49 AM
vector(vector) used a pack_of_10_ammo_rocket_launcher 8-23-2020, 9:01:49 AM
vector(vector) used a pack_of_10_ammo_rocket_launcher 8-23-2020, 9:01:49 AM
vector(vector) used a pack_of_10_ammo_rocket_launcher 8-23-2020, 9:01:49 AM
vector(vector) used a pack_of_10_ammo_rocket_launcher 8-23-2020, 9:01:49 AM
vector(vector) used a pack_of_10_ammo_rocket_launcher 8-23-2020, 9:01:50 AM
vector(vector) used a pack_of_10_ammo_rocket_launcher 8-23-2020, 9:01:50 AM
vector(vector) used a pack_of_10_ammo_rocket_launcher 8-23-2020, 9:01:50 AM
vector(vector) used a pack_of_10_ammo_rocket_launcher 8-23-2020, 9:01:50 AM
vector(vector) used a pack_of_10_ammo_rocket_launcher 8-23-2020, 9:01:50 AM
vector(vector) used a pack_of_10_ammo_rocket_launcher 8-23-2020, 9:01:50 AM
vector(vector) used a pack_of_10_ammo_rocket_launcher 8-23-2020, 9:01:51 AM
vector(vector) used a pack_of_10_ammo_rocket_launcher 8-23-2020, 9:01:51 AM
vector(vector) used a pack_of_10_ammo_rocket_launcher 8-23-2020, 9:01:51 AM
vector(vector) used a pack_of_10_ammo_rocket_launcher 8-23-2020, 9:01:51 AM
vector(vector) used a pack_of_10_ammo_rocket_launcher 8-23-2020, 9:01:51 AM
vector(vector) used a pack_of_10_ammo_rocket_launcher 8-23-2020, 9:01:52 AM
vector(vector) used a pack_of_10_ammo_rocket_launcher 8-23-2020, 9:01:52 AM
vector(vector) used a pack_of_10_ammo_rocket_launcher 8-23-2020, 9:01:52 AM
vector(vector) used a pack_of_10_ammo_rocket_launcher 8-23-2020, 9:01:52 AM
vector(vector) used a pack_of_10_ammo_rocket_launcher 8-23-2020, 9:01:52 AM
vector(vector) used a pack_of_10_ammo_rocket_launcher 8-23-2020, 9:01:53 AM
vector(vector) used a pack_of_10_ammo_rocket_launcher 8-23-2020, 9:01:53 AM
vector(vector) used a pack_of_10_ammo_rocket_launcher 8-23-2020, 9:01:53 AM
vector(vector) used a pack_of_10_ammo_rocket_launcher 8-23-2020, 9:01:53 AM
vector(vector) used a pack_of_10_ammo_rocket_launcher 8-23-2020, 9:01:53 AM
vector(vector) used a pack_of_10_ammo_rocket_launcher 8-23-2020, 9:01:53 AM
vector(vector) used a pack_of_10_ammo_rocket_launcher 8-23-2020, 9:01:54 AM
vector(vector) used a pack_of_10_ammo_rocket_launcher 8-23-2020, 9:01:54 AM
vector(vector) used a pack_of_10_ammo_rocket_launcher 8-23-2020, 9:01:54 AM
vector(vector) used a pack_of_10_ammo_rocket_launcher 8-23-2020, 9:01:54 AM
vector(vector) used a pack_of_10_ammo_rocket_launcher 8-23-2020, 9:01:54 AM
vector(vector) used a pack_of_10_ammo_rocket_launcher 8-23-2020, 9:01:54 AM
vector(vector) used a pack_of_10_ammo_rocket_launcher 8-23-2020, 9:01:55 AM
vector(vector) used a pack_of_10_ammo_rocket_launcher 8-23-2020, 9:01:55 AM
vector(vector) used a pack_of_10_ammo_rocket_launcher 8-23-2020, 9:01:55 AM
vector(vector) used a pack_of_10_ammo_rocket_launcher 8-23-2020, 9:01:55 AM
vector(vector) used a pack_of_10_ammo_rocket_launcher 8-23-2020, 9:01:55 AM
vector(vector) used a pack_of_10_ammo_rocket_launcher 8-23-2020, 9:01:56 AM
vector(vector) used a pack_of_10_ammo_rocket_launcher 8-23-2020, 9:01:56 AM
vector(vector) used a pack_of_10_ammo_rocket_launcher 8-23-2020, 9:01:56 AM
vector(vector) used a pack_of_10_ammo_rocket_launcher 8-23-2020, 9:01:56 AM
vector(vector) used a pack_of_10_ammo_rocket_launcher 8-23-2020, 9:01:56 AM
vector(vector) used a pack_of_10_ammo_rocket_launcher 8-23-2020, 9:01:57 AM
vector(vector) used a pack_of_10_ammo_rocket_launcher 8-23-2020, 9:01:59 AM
vector(vector) used a pack_of_10_ammo_rocket_launcher 8-23-2020, 9:01:59 AM
vector(vector) used a pack_of_10_ammo_rocket_launcher 8-23-2020, 9:01:59 AM
vector(vector) used a pack_of_10_ammo_rocket_launcher 8-23-2020, 9:01:59 AM
vector(vector) used a pack_of_10_ammo_rocket_launcher 8-23-2020, 9:02:00 AM
vector(vector) used a pack_of_10_ammo_rocket_launcher 8-23-2020, 9:02:00 AM
vector(vector) used a pack_of_10_ammo_rocket_launcher 8-23-2020, 9:02:00 AM
vector(vector) used a pack_of_10_ammo_rocket_launcher 8-23-2020, 9:02:00 AM
vector(vector) used a pack_of_10_ammo_rocket_launcher 8-23-2020, 9:02:00 AM
vector(vector) used a pack_of_10_ammo_rocket_launcher 8-23-2020, 9:02:01 AM
vector(vector) used a pack_of_10_ammo_rocket_launcher 8-23-2020, 9:02:01 AM
vector(vector) used a pack_of_10_ammo_rocket_launcher 8-23-2020, 9:02:01 AM
vector(vector) used a pack_of_10_ammo_rocket_launcher 8-23-2020, 9:02:01 AM
vector(vector) used a pack_of_10_ammo_rocket_launcher 8-23-2020, 9:02:01 AM
vector(vector) used a pack_of_10_ammo_rocket_launcher 8-23-2020, 9:02:02 AM
vector(vector) used a pack_of_10_ammo_rocket_launcher 8-23-2020, 9:02:02 AM
vector(vector) used a pack_of_10_ammo_rocket_launcher 8-23-2020, 9:02:02 AM
vector(vector) used a pack_of_10_ammo_rocket_launcher 8-23-2020, 9:02:05 AM
vector(vector) used a pack_of_10_ammo_rocket_launcher 8-23-2020, 9:02:07 AM
vector(vector) used a pack_of_10_ammo_rocket_launcher 8-23-2020, 9:02:07 AM
vector(vector) used a pack_of_10_ammo_rocket_launcher 8-23-2020, 9:02:07 AM
vector(vector) used a pack_of_10_ammo_rocket_launcher 8-23-2020, 9:02:08 AM
vector(vector) used a pack_of_10_ammo_rocket_launcher 8-23-2020, 9:02:08 AM
vector(vector) used a pack_of_10_ammo_rocket_launcher 8-23-2020, 9:02:08 AM
vector(vector) used a pack_of_10_ammo_rocket_launcher 8-23-2020, 9:02:08 AM
vector(vector) used a pack_of_10_ammo_rocket_launcher 8-23-2020, 9:02:08 AM
vector(vector) used a pack_of_10_ammo_rocket_launcher 8-23-2020, 9:02:08 AM
vector(vector) used a pack_of_10_ammo_rocket_launcher 8-23-2020, 9:02:09 AM
vector(vector) used a pack_of_10_ammo_rocket_launcher 8-23-2020, 9:02:09 AM
vector(vector) used a pack_of_10_ammo_rocket_launcher 8-23-2020, 9:02:09 AM
vector(vector) used a pack_of_10_ammo_rocket_launcher 8-23-2020, 9:02:09 AM
vector(vector) used a pack_of_10_ammo_rocket_launcher 8-23-2020, 9:02:09 AM
vector(vector) used a pack_of_10_ammo_rocket_launcher 8-23-2020, 9:02:10 AM
vector(vector) used a pack_of_10_ammo_rocket_launcher 8-23-2020, 9:02:10 AM
vector(vector) used a pack_of_10_ammo_rocket_launcher 8-23-2020, 9:02:10 AM
vector(vector) used a pack_of_10_ammo_rocket_launcher 8-23-2020, 9:02:10 AM
vector(vector) used a pack_of_10_ammo_rocket_launcher 8-23-2020, 9:02:10 AM
vector(vector) used a pack_of_10_ammo_rocket_launcher 8-23-2020, 9:02:10 AM
vector(vector) used a pack_of_10_ammo_rocket_launcher 8-23-2020, 9:02:11 AM
vector(vector) used a pack_of_10_ammo_rocket_launcher 8-23-2020, 9:02:11 AM
vector(vector) used a pack_of_10_ammo_rocket_launcher 8-23-2020, 9:02:11 AM
vector(vector) used a pack_of_10_ammo_rocket_launcher 8-23-2020, 9:02:11 AM
vector(vector) used a pack_of_10_ammo_rocket_launcher 8-23-2020, 9:02:11 AM
vector(vector) used a pack_of_10_ammo_rocket_launcher 8-23-2020, 9:02:11 AM
vector(vector) used a pack_of_10_ammo_rocket_launcher 8-23-2020, 9:02:12 AM
vector(vector) used a pack_of_10_ammo_rocket_launcher 8-23-2020, 9:02:12 AM
vector(vector) used a pack_of_10_ammo_rocket_launcher 8-23-2020, 9:02:12 AM
vector(vector) used a pack_of_10_ammo_rocket_launcher 8-23-2020, 9:02:12 AM
vector(vector) used a pack_of_10_ammo_rocket_launcher 8-23-2020, 9:02:12 AM
vector(vector) used a pack_of_10_ammo_rocket_launcher 8-23-2020, 9:02:13 AM
vector(vector) used a pack_of_10_ammo_rocket_launcher 8-23-2020, 9:02:13 AM
vector(vector) used a pack_of_10_ammo_rocket_launcher 8-23-2020, 9:02:13 AM
vector(vector) used a pack_of_10_ammo_rocket_launcher 8-23-2020, 9:02:13 AM
vector(vector) used a pack_of_10_ammo_rocket_launcher 8-23-2020, 9:02:13 AM
vector(vector) used a pack_of_10_ammo_rocket_launcher 8-23-2020, 9:02:13 AM
vector(vector) used a pack_of_10_ammo_rocket_launcher 8-23-2020, 9:02:14 AM
vector(vector) used a pack_of_10_ammo_rocket_launcher 8-23-2020, 9:02:14 AM
vector(vector) used a pack_of_10_ammo_rocket_launcher 8-23-2020, 9:02:14 AM
vector(vector) used a pack_of_10_ammo_rocket_launcher 8-23-2020, 9:02:14 AM
vector(vector) used a pack_of_10_ammo_rocket_launcher 8-23-2020, 9:02:14 AM
vector(vector) used a pack_of_10_ammo_rocket_launcher 8-23-2020, 9:02:15 AM
vector(vector) used a pack_of_10_ammo_rocket_launcher 8-23-2020, 9:02:15 AM
vector(vector) used a pack_of_10_ammo_rocket_launcher 8-23-2020, 9:02:15 AM
vector(vector) used a pack_of_10_ammo_rocket_launcher 8-23-2020, 9:02:15 AM
vector(vector) used a pack_of_10_ammo_rocket_launcher 8-23-2020, 9:02:15 AM
vector(vector) used a pack_of_10_ammo_rocket_launcher 8-23-2020, 9:02:16 AM
vector(vector) used a pack_of_10_ammo_rocket_launcher 8-23-2020, 9:02:20 AM
vector(vector) used a pack_of_10_ammo_rocket_launcher 8-23-2020, 9:02:20 AM
vector(vector) used a pack_of_10_ammo_rocket_launcher 8-23-2020, 9:02:20 AM
vector(vector) used a pack_of_10_ammo_rocket_launcher 8-23-2020, 9:02:20 AM
vector(vector) used a pack_of_10_ammo_rocket_launcher 8-23-2020, 9:02:21 AM
vector(vector) used a pack_of_10_ammo_rocket_launcher 8-23-2020, 9:02:21 AM
vector(vector) used a pack_of_10_ammo_rocket_launcher 8-23-2020, 9:02:21 AM
vector(vector) used a pack_of_10_ammo_rocket_launcher 8-23-2020, 9:02:21 AM
vector(vector) used a pack_of_10_ammo_rocket_launcher 8-23-2020, 9:02:21 AM
vector(vector) used a pack_of_10_ammo_rocket_launcher 8-23-2020, 9:02:21 AM
vector(vector) used a pack_of_10_ammo_rocket_launcher 8-23-2020, 9:02:22 AM
vector(vector) used a pack_of_10_ammo_rocket_launcher 8-23-2020, 9:02:29 AM
vector(vector) used a pack_of_10_ammo_rocket_launcher 8-23-2020, 9:02:29 AM
vector(vector) used a pack_of_10_ammo_rocket_launcher 8-23-2020, 9:02:29 AM
vector(vector) used a pack_of_10_ammo_rocket_launcher 8-23-2020, 9:02:29 AM
vector(vector) used a pack_of_10_ammo_rocket_launcher 8-23-2020, 9:02:29 AM
vector(vector) used a pack_of_10_ammo_rocket_launcher 8-23-2020, 9:02:29 AM
vector(vector) used a pack_of_10_ammo_rocket_launcher 8-23-2020, 9:02:30 AM
vector(vector) used a pack_of_10_ammo_rocket_launcher 8-23-2020, 9:02:30 AM
vector(vector) used a pack_of_10_ammo_rocket_launcher 8-23-2020, 9:02:30 AM
vector(vector) used a pack_of_10_ammo_rocket_launcher 8-23-2020, 9:02:30 AM
vector(vector) used a pack_of_10_ammo_rocket_launcher 8-23-2020, 9:02:30 AM
vector(vector) used a pack_of_10_ammo_rocket_launcher 8-23-2020, 9:02:30 AM
vector(vector) used a pack_of_10_ammo_rocket_launcher 8-23-2020, 9:02:31 AM
vector(vector) used a pack_of_10_ammo_rocket_launcher 8-23-2020, 9:02:31 AM
vector(vector) used a pack_of_10_ammo_rocket_launcher 8-23-2020, 9:02:31 AM
vector(vector) used a pack_of_10_ammo_rocket_launcher 8-23-2020, 9:02:31 AM
vector(vector) used a pack_of_10_ammo_rocket_launcher 8-23-2020, 9:02:31 AM
vector(vector) used a pack_of_10_ammo_rocket_launcher 8-23-2020, 9:02:31 AM
vector(vector) used a pack_of_10_ammo_rocket_launcher 8-23-2020, 9:02:32 AM
vector(vector) used a pack_of_10_ammo_rocket_launcher 8-23-2020, 9:02:32 AM
vector(vector) used a pack_of_10_ammo_rocket_launcher 8-23-2020, 9:02:32 AM
vector(vector) used a pack_of_10_ammo_rocket_launcher 8-23-2020, 9:02:32 AM
vector(vector) used a pack_of_10_ammo_rocket_launcher 8-23-2020, 9:02:32 AM
vector(vector) used a pack_of_10_ammo_rocket_launcher 8-23-2020, 9:02:33 AM
vector(vector) used a pack_of_10_ammo_rocket_launcher 8-23-2020, 9:02:33 AM
vector(vector) used a pack_of_10_ammo_rocket_launcher 8-23-2020, 9:02:33 AM
vector(vector) used a pack_of_10_ammo_rocket_launcher 8-23-2020, 9:02:33 AM
vector(vector) used a pack_of_10_ammo_rocket_launcher 8-23-2020, 9:02:33 AM
vector(vector) used a rocket_launcher 8-23-2020, 9:02:41 AM
vector(vector) used a tk_ultra_health_potion 8-23-2020, 9:03:39 AM
vector(vector) used a shield 8-23-2020, 9:03:46 AM
vector(vector) used a shield 8-23-2020, 9:03:50 AM
vector(vector) used a shield 8-23-2020, 9:03:51 AM
vector(vector) used a shield 8-23-2020, 9:03:51 AM
vector(vector) used a shield 8-23-2020, 9:03:52 AM
vector(vector) used a shield 8-23-2020, 9:03:52 AM
vector(vector) used a shield 8-23-2020, 9:03:53 AM
vector(vector) used a shield 8-23-2020, 9:03:53 AM
vector(vector) used a shield 8-23-2020, 9:03:54 AM
vector(vector) used a shield 8-23-2020, 9:03:54 AM
vector(vector) used a shield 8-23-2020, 9:03:55 AM
vector(vector) used a shield 8-23-2020, 9:03:55 AM
vector(vector) used a shield 8-23-2020, 9:03:55 AM
vector(vector) used a shield 8-23-2020, 9:03:55 AM
vector(vector) used a shield 8-23-2020, 9:03:56 AM
vector(vector) used a zulfikar 8-23-2020, 10:01:55 AM
vector(vector) used a rocket_launcher 8-23-2020, 10:02:22 AM
vector(vector) used a tk_ultra_health_potion 8-23-2020, 10:02:33 AM
vector(vector) used a zulfikar 8-23-2020, 11:11:39 AM
vector(vector) used a rocket_launcher 8-23-2020, 11:11:59 AM
vector(vector) used a tk_ultra_health_potion 8-23-2020, 11:12:13 AM
vector(vector) used a shield 8-23-2020, 11:12:23 AM
vector(vector) used a shield 8-23-2020, 11:12:26 AM
vector(vector) used a shield 8-23-2020, 11:12:27 AM
vector(vector) used a shield 8-23-2020, 11:12:28 AM
vector(vector) used a shield 8-23-2020, 11:12:28 AM
vector(vector) used a shield 8-23-2020, 11:12:28 AM
vector(vector) used a shield 8-23-2020, 11:12:29 AM
vector(vector) used a shield 8-23-2020, 11:12:29 AM
vector(vector) used a shield 8-23-2020, 11:12:29 AM
vector(vector) used a shield 8-23-2020, 11:12:30 AM
vector(vector) used a shield 8-23-2020, 11:12:30 AM
vector(vector) used a shield 8-23-2020, 11:12:30 AM
vector(vector) used a shield 8-23-2020, 11:12:32 AM
vector(vector) used a shield 8-23-2020, 11:12:32 AM
vector(vector) used a shield 8-23-2020, 11:12:33 AM
vector(vector) used a shield 8-23-2020, 11:12:33 AM
vector(vector) used a shield 8-23-2020, 11:12:33 AM
vector(vector) used a shield 8-23-2020, 11:12:34 AM
vector(vector) used a shield 8-23-2020, 11:12:34 AM
vector(vector) used a shield 8-23-2020, 11:12:35 AM
vector(vector) used a shield 8-23-2020, 11:12:35 AM
vector(vector) used a shield 8-23-2020, 11:12:36 AM
vector(vector) used a shield 8-23-2020, 11:12:36 AM
vector(vector) used a shield 8-23-2020, 11:12:36 AM
vector(vector) used a shield 8-23-2020, 11:12:37 AM
vector(vector) used a shield 8-23-2020, 11:12:38 AM
vector(vector) used a shield 8-23-2020, 11:12:39 AM
vector(vector) used a shield 8-23-2020, 11:12:39 AM
vector(vector) used a shield 8-23-2020, 11:12:39 AM
vector(vector) used a shield 8-23-2020, 11:12:40 AM
vector(vector) used a shield 8-23-2020, 11:12:40 AM
vector(vector) used a shield 8-23-2020, 11:12:40 AM
vector(vector) used a shield 8-23-2020, 11:12:40 AM
vector(vector) used a shield 8-23-2020, 11:12:41 AM