
DJ_mux(DJ_mux) used a mega_suicider 2-12-2021, 9:20:56 AM
DJ_mux(DJ_mux) used a tk_ultra_health_potion 2-12-2021, 9:25:55 AM
DJ_mux(DJ_mux) used a pack_of_10_ammo_storm_sniper 2-12-2021, 9:30:11 AM
DJ_mux(DJ_mux) used a pack_of_10_ammo_storm_sniper 2-12-2021, 9:30:11 AM
DJ_mux(DJ_mux) used a pack_of_10_ammo_storm_sniper 2-12-2021, 9:30:12 AM
DJ_mux(DJ_mux) used a pack_of_10_ammo_storm_sniper 2-12-2021, 9:30:12 AM
DJ_mux(DJ_mux) used a pack_of_10_ammo_storm_sniper 2-12-2021, 9:30:12 AM
DJ_mux(DJ_mux) used a pack_of_10_ammo_storm_sniper 2-12-2021, 9:30:12 AM
DJ_mux(DJ_mux) used a pack_of_10_ammo_storm_sniper 2-12-2021, 9:30:12 AM
DJ_mux(DJ_mux) used a pack_of_10_ammo_storm_sniper 2-12-2021, 9:30:12 AM
DJ_mux(DJ_mux) used a pack_of_10_ammo_storm_sniper 2-12-2021, 9:30:13 AM
DJ_mux(DJ_mux) used a pack_of_10_ammo_storm_sniper 2-12-2021, 9:30:13 AM
DJ_mux(DJ_mux) used a pack_of_10_ammo_storm_sniper 2-12-2021, 9:30:13 AM
DJ_mux(DJ_mux) used a pack_of_10_ammo_storm_sniper 2-12-2021, 9:30:13 AM
DJ_mux(DJ_mux) used a pack_of_10_ammo_storm_sniper 2-12-2021, 9:30:13 AM
DJ_mux(DJ_mux) used a pack_of_10_ammo_storm_sniper 2-12-2021, 9:30:13 AM
DJ_mux(DJ_mux) used a pack_of_10_ammo_storm_sniper 2-12-2021, 9:30:14 AM
DJ_mux(DJ_mux) used a pack_of_10_ammo_storm_sniper 2-12-2021, 9:30:14 AM
DJ_mux(DJ_mux) used a pack_of_10_ammo_storm_sniper 2-12-2021, 9:30:14 AM
DJ_mux(DJ_mux) used a pack_of_10_ammo_storm_sniper 2-12-2021, 9:30:14 AM
DJ_mux(DJ_mux) used a pack_of_10_ammo_storm_sniper 2-12-2021, 9:30:14 AM
DJ_mux(DJ_mux) used a pack_of_10_ammo_storm_sniper 2-12-2021, 9:30:15 AM
DJ_mux(DJ_mux) used a pack_of_10_ammo_storm_sniper 2-12-2021, 9:30:15 AM
DJ_mux(DJ_mux) used a pack_of_10_ammo_storm_sniper 2-12-2021, 9:30:15 AM
DJ_mux(DJ_mux) used a pack_of_10_ammo_storm_sniper 2-12-2021, 9:30:15 AM
DJ_mux(DJ_mux) used a pack_of_10_ammo_storm_sniper 2-12-2021, 9:30:15 AM
DJ_mux(DJ_mux) used a pack_of_10_ammo_storm_sniper 2-12-2021, 9:30:16 AM
DJ_mux(DJ_mux) used a pack_of_10_ammo_storm_sniper 2-12-2021, 9:30:16 AM
DJ_mux(DJ_mux) used a pack_of_10_ammo_storm_sniper 2-12-2021, 9:30:16 AM
DJ_mux(DJ_mux) used a pack_of_10_ammo_storm_sniper 2-12-2021, 9:30:16 AM
DJ_mux(DJ_mux) used a pack_of_10_ammo_storm_sniper 2-12-2021, 9:30:16 AM
DJ_mux(DJ_mux) used a pack_of_10_ammo_storm_sniper 2-12-2021, 9:30:17 AM
DJ_mux(DJ_mux) used a pack_of_10_ammo_storm_sniper 2-12-2021, 9:30:17 AM
DJ_mux(DJ_mux) used a pack_of_10_ammo_storm_sniper 2-12-2021, 9:30:17 AM
DJ_mux(DJ_mux) used a pack_of_10_ammo_storm_sniper 2-12-2021, 9:30:17 AM
DJ_mux(DJ_mux) used a pack_of_10_ammo_storm_sniper 2-12-2021, 9:30:17 AM
DJ_mux(DJ_mux) used a pack_of_10_ammo_storm_sniper 2-12-2021, 9:30:18 AM
DJ_mux(DJ_mux) used a pack_of_10_ammo_storm_sniper 2-12-2021, 9:30:18 AM
DJ_mux(DJ_mux) used a pack_of_10_ammo_storm_sniper 2-12-2021, 9:30:18 AM
DJ_mux(DJ_mux) used a pack_of_10_ammo_storm_sniper 2-12-2021, 9:30:18 AM
DJ_mux(DJ_mux) used a pack_of_10_ammo_storm_sniper 2-12-2021, 9:30:18 AM
DJ_mux(DJ_mux) used a pack_of_10_ammo_storm_sniper 2-12-2021, 9:30:19 AM
DJ_mux(DJ_mux) used a pack_of_10_ammo_storm_sniper 2-12-2021, 9:30:19 AM
DJ_mux(DJ_mux) used a pack_of_10_ammo_storm_sniper 2-12-2021, 9:30:19 AM
DJ_mux(DJ_mux) used a pack_of_10_ammo_storm_sniper 2-12-2021, 9:30:19 AM
DJ_mux(DJ_mux) used a pack_of_10_ammo_storm_sniper 2-12-2021, 9:30:19 AM
DJ_mux(DJ_mux) used a pack_of_10_ammo_storm_sniper 2-12-2021, 9:30:20 AM
DJ_mux(DJ_mux) used a pack_of_10_ammo_storm_sniper 2-12-2021, 9:30:20 AM
DJ_mux(DJ_mux) used a pack_of_10_ammo_storm_sniper 2-12-2021, 9:30:20 AM
DJ_mux(DJ_mux) used a pack_of_10_ammo_storm_sniper 2-12-2021, 9:30:20 AM
DJ_mux(DJ_mux) used a pack_of_10_ammo_storm_sniper 2-12-2021, 9:30:20 AM
DJ_mux(DJ_mux) used a pack_of_10_ammo_storm_sniper 2-12-2021, 9:30:21 AM
DJ_mux(DJ_mux) used a antibiotic 2-12-2021, 9:32:11 AM
DJ_mux(DJ_mux) used a antibiotic 2-12-2021, 9:32:35 AM
DJ_mux(DJ_mux) used a antibiotic 2-12-2021, 9:32:36 AM
DJ_mux(DJ_mux) used a tk_ultra_health_potion 2-12-2021, 9:42:27 AM
DJ_mux(DJ_mux) used a storm_sniper 2-12-2021, 9:42:38 AM
DJ_mux(DJ_mux) used a antibiotic 2-12-2021, 9:42:50 AM
DJ_mux(DJ_mux) used a warp_box 2-12-2021, 9:43:31 AM
DJ_mux(DJ_mux) used a rocket_launcher 2-12-2021, 9:43:51 AM
DJ_mux(DJ_mux) used a warp_box 2-12-2021, 9:44:05 AM
DJ_mux(DJ_mux) used a gas_mask 2-12-2021, 9:45:33 AM
DJ_mux(DJ_mux) used a health_drink 2-12-2021, 9:45:41 AM
DJ_mux(DJ_mux) used a health_drink 2-12-2021, 9:45:42 AM
DJ_mux(DJ_mux) used a health_drink 2-12-2021, 9:45:42 AM
DJ_mux(DJ_mux) used a health_drink 2-12-2021, 9:45:43 AM
DJ_mux(DJ_mux) used a health_drink 2-12-2021, 9:45:47 AM
DJ_mux(DJ_mux) used a health_drink 2-12-2021, 9:45:47 AM
DJ_mux(DJ_mux) used a health_drink 2-12-2021, 9:45:47 AM
DJ_mux(DJ_mux) used a health_drink 2-12-2021, 9:45:49 AM
DJ_mux(DJ_mux) used a health_drink 2-12-2021, 9:45:49 AM
DJ_mux(DJ_mux) used a health_drink 2-12-2021, 9:45:50 AM
DJ_mux(DJ_mux) used a health_drink 2-12-2021, 9:45:50 AM
DJ_mux(DJ_mux) used a health_drink 2-12-2021, 9:45:50 AM
DJ_mux(DJ_mux) used a health_drink 2-12-2021, 9:45:52 AM
DJ_mux(DJ_mux) used a health_drink 2-12-2021, 9:46:24 AM
DJ_mux(DJ_mux) used a the_legendary_sword 2-12-2021, 9:50:33 AM
DJ_mux(DJ_mux) used a gas_mask 2-12-2021, 9:51:37 AM
DJ_mux(DJ_mux) used a health_drink 2-12-2021, 9:52:02 AM
DJ_mux(DJ_mux) used a health_drink 2-12-2021, 9:52:03 AM
DJ_mux(DJ_mux) used a health_drink 2-12-2021, 9:52:03 AM
DJ_mux(DJ_mux) used a health_drink 2-12-2021, 9:52:04 AM
DJ_mux(DJ_mux) used a health_drink 2-12-2021, 9:52:05 AM
DJ_mux(DJ_mux) used a health_drink 2-12-2021, 9:52:06 AM
DJ_mux(DJ_mux) used a health_drink 2-12-2021, 9:52:06 AM
DJ_mux(DJ_mux) used a health_drink 2-12-2021, 9:52:07 AM
DJ_mux(DJ_mux) used a health_drink 2-12-2021, 9:52:08 AM
DJ_mux(DJ_mux) used a health_drink 2-12-2021, 9:52:08 AM
DJ_mux(DJ_mux) used a health_drink 2-12-2021, 9:52:09 AM
DJ_mux(DJ_mux) used a health_drink 2-12-2021, 9:52:09 AM
DJ_mux(DJ_mux) used a health_drink 2-12-2021, 9:52:13 AM
DJ_mux(DJ_mux) used a health_drink 2-12-2021, 9:52:14 AM
DJ_mux(DJ_mux) used a armored_tank 2-12-2021, 9:52:34 AM
DJ_mux(DJ_mux) used a armored_tank 2-12-2021, 9:54:05 AM
DJ_mux(DJ_mux) used a shield 2-12-2021, 9:55:28 AM
DJ_mux(DJ_mux) used a shield 2-12-2021, 9:55:28 AM
DJ_mux(DJ_mux) used a shield 2-12-2021, 9:55:28 AM
DJ_mux(DJ_mux) used a shield 2-12-2021, 9:55:28 AM
DJ_mux(DJ_mux) used a shield 2-12-2021, 9:55:29 AM
DJ_mux(DJ_mux) used a shield 2-12-2021, 9:55:29 AM
DJ_mux(DJ_mux) used a shield 2-12-2021, 9:55:30 AM
DJ_mux(DJ_mux) used a shield 2-12-2021, 9:55:30 AM
DJ_mux(DJ_mux) used a shield 2-12-2021, 9:55:30 AM
DJ_mux(DJ_mux) used a shield 2-12-2021, 9:55:31 AM
DJ_mux(DJ_mux) used a tk_ultra_health_potion 2-12-2021, 9:55:34 AM
DJ_mux(DJ_mux) used a tk_ultra_health_potion 2-12-2021, 10:01:38 AM
DJ_mux(DJ_mux) used a open_beer_bottle 2-12-2021, 10:06:53 AM
DJ_mux(DJ_mux) used a open_beer_bottle 2-12-2021, 10:06:54 AM
DJ_mux(DJ_mux) used a open_beer_bottle 2-12-2021, 10:06:54 AM
DJ_mux(DJ_mux) used a open_beer_bottle 2-12-2021, 10:06:54 AM
DJ_mux(DJ_mux) used a open_beer_bottle 2-12-2021, 10:06:55 AM
DJ_mux(DJ_mux) used a open_beer_bottle 2-12-2021, 10:06:55 AM
DJ_mux(DJ_mux) used a open_beer_bottle 2-12-2021, 10:06:55 AM
DJ_mux(DJ_mux) used a open_beer_bottle 2-12-2021, 10:06:56 AM
DJ_mux(DJ_mux) used a open_beer_bottle 2-12-2021, 10:06:56 AM
DJ_mux(DJ_mux) used a open_beer_bottle 2-12-2021, 10:06:57 AM
DJ_mux(DJ_mux) used a open_beer_bottle 2-12-2021, 10:06:57 AM
DJ_mux(DJ_mux) used a open_beer_bottle 2-12-2021, 10:06:57 AM
DJ_mux(DJ_mux) used a open_beer_bottle 2-12-2021, 10:06:58 AM
DJ_mux(DJ_mux) used a open_beer_bottle 2-12-2021, 10:06:59 AM
DJ_mux(DJ_mux) used a open_beer_bottle 2-12-2021, 10:06:59 AM
DJ_mux(DJ_mux) used a open_beer_bottle 2-12-2021, 10:06:59 AM
DJ_mux(DJ_mux) used a open_beer_bottle 2-12-2021, 10:07:00 AM
DJ_mux(DJ_mux) used a open_beer_bottle 2-12-2021, 10:07:00 AM
DJ_mux(DJ_mux) used a open_beer_bottle 2-12-2021, 10:07:00 AM
DJ_mux(DJ_mux) used a open_beer_bottle 2-12-2021, 10:07:01 AM
DJ_mux(DJ_mux) used a open_beer_bottle 2-12-2021, 10:07:01 AM
DJ_mux(DJ_mux) used a open_beer_bottle 2-12-2021, 10:07:02 AM
DJ_mux(DJ_mux) used a open_beer_bottle 2-12-2021, 10:07:03 AM
DJ_mux(DJ_mux) used a open_beer_bottle 2-12-2021, 10:07:03 AM
DJ_mux(DJ_mux) used a open_beer_bottle 2-12-2021, 10:07:04 AM
DJ_mux(DJ_mux) used a open_beer_bottle 2-12-2021, 10:07:04 AM
DJ_mux(DJ_mux) used a open_beer_bottle 2-12-2021, 10:07:05 AM
DJ_mux(DJ_mux) used a open_beer_bottle 2-12-2021, 10:07:05 AM
DJ_mux(DJ_mux) used a open_beer_bottle 2-12-2021, 10:07:05 AM
DJ_mux(DJ_mux) used a open_beer_bottle 2-12-2021, 10:07:06 AM
DJ_mux(DJ_mux) used a open_beer_bottle 2-12-2021, 10:07:06 AM
DJ_mux(DJ_mux) used a open_beer_bottle 2-12-2021, 10:07:07 AM
DJ_mux(DJ_mux) used a open_beer_bottle 2-12-2021, 10:07:07 AM
DJ_mux(DJ_mux) used a open_beer_bottle 2-12-2021, 10:07:08 AM
DJ_mux(DJ_mux) used a open_beer_bottle 2-12-2021, 10:07:08 AM
DJ_mux(DJ_mux) used a open_beer_bottle 2-12-2021, 10:07:08 AM
DJ_mux(DJ_mux) used a open_beer_bottle 2-12-2021, 10:07:09 AM
DJ_mux(DJ_mux) used a open_beer_bottle 2-12-2021, 10:07:09 AM
DJ_mux(DJ_mux) used a open_beer_bottle 2-12-2021, 10:07:10 AM
DJ_mux(DJ_mux) used a open_beer_bottle 2-12-2021, 10:09:27 AM
DJ_mux(DJ_mux) used a open_beer_bottle 2-12-2021, 10:09:27 AM
DJ_mux(DJ_mux) used a open_beer_bottle 2-12-2021, 10:09:28 AM
DJ_mux(DJ_mux) used a open_beer_bottle 2-12-2021, 10:09:28 AM
DJ_mux(DJ_mux) used a open_beer_bottle 2-12-2021, 10:09:28 AM
DJ_mux(DJ_mux) used a open_beer_bottle 2-12-2021, 10:09:29 AM
DJ_mux(DJ_mux) used a open_beer_bottle 2-12-2021, 10:09:29 AM
DJ_mux(DJ_mux) used a open_beer_bottle 2-12-2021, 10:09:29 AM
DJ_mux(DJ_mux) used a open_beer_bottle 2-12-2021, 10:09:30 AM
DJ_mux(DJ_mux) used a open_beer_bottle 2-12-2021, 10:09:30 AM
DJ_mux(DJ_mux) used a open_beer_bottle 2-12-2021, 10:09:31 AM
DJ_mux(DJ_mux) used a open_beer_bottle 2-12-2021, 10:09:31 AM
DJ_mux(DJ_mux) used a open_beer_bottle 2-12-2021, 10:09:35 AM
DJ_mux(DJ_mux) used a open_beer_bottle 2-12-2021, 10:09:35 AM
DJ_mux(DJ_mux) used a open_beer_bottle 2-12-2021, 10:09:35 AM
DJ_mux(DJ_mux) used a open_beer_bottle 2-12-2021, 10:09:36 AM
DJ_mux(DJ_mux) used a open_beer_bottle 2-12-2021, 10:09:36 AM
DJ_mux(DJ_mux) used a open_beer_bottle 2-12-2021, 10:09:36 AM
DJ_mux(DJ_mux) used a open_beer_bottle 2-12-2021, 10:09:37 AM
DJ_mux(DJ_mux) used a open_beer_bottle 2-12-2021, 10:09:37 AM
DJ_mux(DJ_mux) used a open_beer_bottle 2-12-2021, 10:09:38 AM
DJ_mux(DJ_mux) used a open_beer_bottle 2-12-2021, 10:09:38 AM
DJ_mux(DJ_mux) used a open_beer_bottle 2-12-2021, 10:09:38 AM
DJ_mux(DJ_mux) used a open_beer_bottle 2-12-2021, 10:09:39 AM
DJ_mux(DJ_mux) used a open_beer_bottle 2-12-2021, 10:09:39 AM
DJ_mux(DJ_mux) used a open_beer_bottle 2-12-2021, 10:09:40 AM
DJ_mux(DJ_mux) used a open_beer_bottle 2-12-2021, 10:09:40 AM
DJ_mux(DJ_mux) used a open_beer_bottle 2-12-2021, 10:09:40 AM
DJ_mux(DJ_mux) used a open_beer_bottle 2-12-2021, 10:09:41 AM
DJ_mux(DJ_mux) used a open_beer_bottle 2-12-2021, 10:09:41 AM
DJ_mux(DJ_mux) used a open_beer_bottle 2-12-2021, 10:09:41 AM
DJ_mux(DJ_mux) used a open_beer_bottle 2-12-2021, 10:09:42 AM
DJ_mux(DJ_mux) used a open_beer_bottle 2-12-2021, 10:09:42 AM
DJ_mux(DJ_mux) used a open_beer_bottle 2-12-2021, 10:09:47 AM
DJ_mux(DJ_mux) used a open_beer_bottle 2-12-2021, 10:09:48 AM
DJ_mux(DJ_mux) used a open_beer_bottle 2-12-2021, 10:10:43 AM
DJ_mux(DJ_mux) used a open_beer_bottle 2-12-2021, 10:11:45 AM
DJ_mux(DJ_mux) used a open_beer_bottle 2-12-2021, 10:11:45 AM
DJ_mux(DJ_mux) used a open_beer_bottle 2-12-2021, 10:11:46 AM
DJ_mux(DJ_mux) used a open_beer_bottle 2-12-2021, 10:11:46 AM
DJ_mux(DJ_mux) used a open_beer_bottle 2-12-2021, 10:11:47 AM
DJ_mux(DJ_mux) used a open_beer_bottle 2-12-2021, 10:11:47 AM
DJ_mux(DJ_mux) used a open_beer_bottle 2-12-2021, 10:11:48 AM
DJ_mux(DJ_mux) used a open_beer_bottle 2-12-2021, 10:11:48 AM
DJ_mux(DJ_mux) used a open_beer_bottle 2-12-2021, 10:11:48 AM
DJ_mux(DJ_mux) used a open_beer_bottle 2-12-2021, 10:11:49 AM
DJ_mux(DJ_mux) used a open_beer_bottle 2-12-2021, 10:11:49 AM
DJ_mux(DJ_mux) used a open_beer_bottle 2-12-2021, 10:11:50 AM
DJ_mux(DJ_mux) used a open_beer_bottle 2-12-2021, 10:11:50 AM
DJ_mux(DJ_mux) used a open_beer_bottle 2-12-2021, 10:11:51 AM
DJ_mux(DJ_mux) used a open_beer_bottle 2-12-2021, 10:11:51 AM
DJ_mux(DJ_mux) used a open_beer_bottle 2-12-2021, 10:11:51 AM
DJ_mux(DJ_mux) used a open_beer_bottle 2-12-2021, 10:11:52 AM
DJ_mux(DJ_mux) used a open_beer_bottle 2-12-2021, 10:11:52 AM
DJ_mux(DJ_mux) used a open_beer_bottle 2-12-2021, 10:11:53 AM
DJ_mux(DJ_mux) used a open_beer_bottle 2-12-2021, 10:11:53 AM
DJ_mux(DJ_mux) used a open_beer_bottle 2-12-2021, 10:11:53 AM
DJ_mux(DJ_mux) used a open_beer_bottle 2-12-2021, 10:11:54 AM
DJ_mux(DJ_mux) used a open_beer_bottle 2-12-2021, 10:11:54 AM
DJ_mux(DJ_mux) used a open_beer_bottle 2-12-2021, 10:11:55 AM
DJ_mux(DJ_mux) used a open_beer_bottle 2-12-2021, 10:11:55 AM
DJ_mux(DJ_mux) used a open_beer_bottle 2-12-2021, 10:11:55 AM
DJ_mux(DJ_mux) used a open_beer_bottle 2-12-2021, 10:11:56 AM
DJ_mux(DJ_mux) used a open_beer_bottle 2-12-2021, 10:11:56 AM
DJ_mux(DJ_mux) used a open_beer_bottle 2-12-2021, 10:11:57 AM
DJ_mux(DJ_mux) used a open_beer_bottle 2-12-2021, 10:11:57 AM
DJ_mux(DJ_mux) used a open_beer_bottle 2-12-2021, 10:11:58 AM
DJ_mux(DJ_mux) used a open_beer_bottle 2-12-2021, 10:11:59 AM
DJ_mux(DJ_mux) used a open_beer_bottle 2-12-2021, 10:12:12 AM
DJ_mux(DJ_mux) used a open_beer_bottle 2-12-2021, 10:12:57 AM
DJ_mux(DJ_mux) used a open_beer_bottle 2-12-2021, 10:13:59 AM
DJ_mux(DJ_mux) used a open_beer_bottle 2-12-2021, 10:13:59 AM
DJ_mux(DJ_mux) used a open_beer_bottle 2-12-2021, 10:14:00 AM
DJ_mux(DJ_mux) used a open_beer_bottle 2-12-2021, 10:14:02 AM
DJ_mux(DJ_mux) used a open_beer_bottle 2-12-2021, 10:14:03 AM
DJ_mux(DJ_mux) used a open_beer_bottle 2-12-2021, 10:14:03 AM
DJ_mux(DJ_mux) used a open_beer_bottle 2-12-2021, 10:14:04 AM
DJ_mux(DJ_mux) used a open_beer_bottle 2-12-2021, 10:14:04 AM
DJ_mux(DJ_mux) used a open_beer_bottle 2-12-2021, 10:14:04 AM
DJ_mux(DJ_mux) used a open_beer_bottle 2-12-2021, 10:14:05 AM
DJ_mux(DJ_mux) used a open_beer_bottle 2-12-2021, 10:14:05 AM
DJ_mux(DJ_mux) used a open_beer_bottle 2-12-2021, 10:14:06 AM
DJ_mux(DJ_mux) used a open_beer_bottle 2-12-2021, 10:14:06 AM
DJ_mux(DJ_mux) used a open_beer_bottle 2-12-2021, 10:14:07 AM
DJ_mux(DJ_mux) used a open_beer_bottle 2-12-2021, 10:14:08 AM
DJ_mux(DJ_mux) used a open_beer_bottle 2-12-2021, 10:14:08 AM
DJ_mux(DJ_mux) used a open_beer_bottle 2-12-2021, 10:14:09 AM
DJ_mux(DJ_mux) used a open_beer_bottle 2-12-2021, 10:14:09 AM
DJ_mux(DJ_mux) used a open_beer_bottle 2-12-2021, 10:14:10 AM
DJ_mux(DJ_mux) used a open_beer_bottle 2-12-2021, 10:14:10 AM
DJ_mux(DJ_mux) used a open_beer_bottle 2-12-2021, 10:14:11 AM
DJ_mux(DJ_mux) used a open_beer_bottle 2-12-2021, 10:14:11 AM
DJ_mux(DJ_mux) used a open_beer_bottle 2-12-2021, 10:14:12 AM
DJ_mux(DJ_mux) used a open_beer_bottle 2-12-2021, 10:14:12 AM
DJ_mux(DJ_mux) used a open_beer_bottle 2-12-2021, 10:14:12 AM
DJ_mux(DJ_mux) used a open_beer_bottle 2-12-2021, 10:14:13 AM
DJ_mux(DJ_mux) used a open_beer_bottle 2-12-2021, 10:14:14 AM
DJ_mux(DJ_mux) used a open_beer_bottle 2-12-2021, 10:14:14 AM
DJ_mux(DJ_mux) used a open_beer_bottle 2-12-2021, 10:14:14 AM
DJ_mux(DJ_mux) used a open_beer_bottle 2-12-2021, 10:14:15 AM
DJ_mux(DJ_mux) used a open_beer_bottle 2-12-2021, 10:14:15 AM
DJ_mux(DJ_mux) used a open_beer_bottle 2-12-2021, 10:14:16 AM
DJ_mux(DJ_mux) used a open_beer_bottle 2-12-2021, 10:14:17 AM
DJ_mux(DJ_mux) used a shield 2-12-2021, 10:16:35 AM
DJ_mux(DJ_mux) used a shield 2-12-2021, 10:16:35 AM
DJ_mux(DJ_mux) used a shield 2-12-2021, 10:16:35 AM
DJ_mux(DJ_mux) used a shield 2-12-2021, 10:16:35 AM
DJ_mux(DJ_mux) used a shield 2-12-2021, 10:16:35 AM
DJ_mux(DJ_mux) used a shield 2-12-2021, 10:16:36 AM
DJ_mux(DJ_mux) used a shield 2-12-2021, 10:16:36 AM
DJ_mux(DJ_mux) used a shield 2-12-2021, 10:16:36 AM
DJ_mux(DJ_mux) used a shield 2-12-2021, 10:16:36 AM
DJ_mux(DJ_mux) used a shield 2-12-2021, 10:16:36 AM
DJ_mux(DJ_mux) used a shield 2-12-2021, 10:16:37 AM
DJ_mux(DJ_mux) used a shield 2-12-2021, 10:16:37 AM
DJ_mux(DJ_mux) used a shield 2-12-2021, 10:16:37 AM
DJ_mux(DJ_mux) used a shield 2-12-2021, 10:16:37 AM
DJ_mux(DJ_mux) used a shield 2-12-2021, 10:16:37 AM
DJ_mux(DJ_mux) used a shield 2-12-2021, 10:16:38 AM
DJ_mux(DJ_mux) used a shield 2-12-2021, 10:16:38 AM
DJ_mux(DJ_mux) used a shield 2-12-2021, 10:16:38 AM
DJ_mux(DJ_mux) used a shield 2-12-2021, 10:16:38 AM
DJ_mux(DJ_mux) used a shield 2-12-2021, 10:16:38 AM
DJ_mux(DJ_mux) used a shield 2-12-2021, 10:16:39 AM
DJ_mux(DJ_mux) used a shield 2-12-2021, 10:16:41 AM
DJ_mux(DJ_mux) used a shield 2-12-2021, 10:16:41 AM
DJ_mux(DJ_mux) used a shield 2-12-2021, 10:16:42 AM
DJ_mux(DJ_mux) used a shield 2-12-2021, 10:16:42 AM
DJ_mux(DJ_mux) used a shield 2-12-2021, 10:16:42 AM
DJ_mux(DJ_mux) used a shield 2-12-2021, 10:16:43 AM
DJ_mux(DJ_mux) used a shield 2-12-2021, 10:16:43 AM
DJ_mux(DJ_mux) used a shield 2-12-2021, 10:16:43 AM
DJ_mux(DJ_mux) used a shield 2-12-2021, 10:16:44 AM
DJ_mux(DJ_mux) used a shield 2-12-2021, 10:16:44 AM
DJ_mux(DJ_mux) used a open_beer_bottle 2-12-2021, 10:16:47 AM
DJ_mux(DJ_mux) used a open_beer_bottle 2-12-2021, 10:16:48 AM
DJ_mux(DJ_mux) used a open_beer_bottle 2-12-2021, 10:16:48 AM
DJ_mux(DJ_mux) used a open_beer_bottle 2-12-2021, 10:16:48 AM
DJ_mux(DJ_mux) used a open_beer_bottle 2-12-2021, 10:16:49 AM
DJ_mux(DJ_mux) used a open_beer_bottle 2-12-2021, 10:16:49 AM
DJ_mux(DJ_mux) used a open_beer_bottle 2-12-2021, 10:16:49 AM
DJ_mux(DJ_mux) used a open_beer_bottle 2-12-2021, 10:16:50 AM
DJ_mux(DJ_mux) used a open_beer_bottle 2-12-2021, 10:16:50 AM
DJ_mux(DJ_mux) used a open_beer_bottle 2-12-2021, 10:16:51 AM
DJ_mux(DJ_mux) used a pack_of_100_empty_beer_bottle 2-12-2021, 10:16:58 AM
DJ_mux(DJ_mux) used a pack_of_100_empty_beer_bottle 2-12-2021, 10:16:58 AM
DJ_mux(DJ_mux) used a pack_of_100_empty_beer_bottle 2-12-2021, 10:16:59 AM
DJ_mux(DJ_mux) used a pack_of_100_empty_beer_bottle 2-12-2021, 10:16:59 AM
DJ_mux(DJ_mux) used a pack_of_100_empty_beer_bottle 2-12-2021, 10:16:59 AM
DJ_mux(DJ_mux) used a pack_of_100_empty_beer_bottle 2-12-2021, 10:16:59 AM
DJ_mux(DJ_mux) used a pack_of_100_empty_beer_bottle 2-12-2021, 10:16:59 AM
DJ_mux(DJ_mux) used a tk_ultra_health_potion 2-12-2021, 10:17:18 AM
DJ_mux(DJ_mux) used a pack_of_100_empty_beer_bottle 2-12-2021, 10:17:52 AM
DJ_mux(DJ_mux) used a pack_of_100_empty_beer_bottle 2-12-2021, 10:18:44 AM
DJ_mux(DJ_mux) used a pack_of_100_empty_beer_bottle 2-12-2021, 10:18:44 AM
DJ_mux(DJ_mux) used a empty_beer_bottle 2-12-2021, 10:19:27 AM
DJ_mux(DJ_mux) used a empty_beer_bottle 2-12-2021, 10:20:32 AM
DJ_mux(DJ_mux) used a empty_beer_bottle 2-12-2021, 10:20:32 AM
DJ_mux(DJ_mux) used a empty_beer_bottle 2-12-2021, 10:20:36 AM
DJ_mux(DJ_mux) used a empty_beer_bottle 2-12-2021, 10:20:36 AM
DJ_mux(DJ_mux) used a empty_beer_bottle 2-12-2021, 10:20:39 AM
DJ_mux(DJ_mux) used a empty_beer_bottle 2-12-2021, 10:20:42 AM
DJ_mux(DJ_mux) used a empty_beer_bottle 2-12-2021, 10:20:47 AM
DJ_mux(DJ_mux) used a empty_beer_bottle 2-12-2021, 10:20:59 AM
DJ_mux(DJ_mux) used a empty_beer_bottle 2-12-2021, 10:20:59 AM
DJ_mux(DJ_mux) used a empty_beer_bottle 2-12-2021, 10:20:59 AM
DJ_mux(DJ_mux) used a empty_beer_bottle 2-12-2021, 10:21:00 AM
DJ_mux(DJ_mux) used a empty_beer_bottle 2-12-2021, 10:21:00 AM
DJ_mux(DJ_mux) used a empty_beer_bottle 2-12-2021, 10:21:00 AM
DJ_mux(DJ_mux) used a empty_beer_bottle 2-12-2021, 10:21:00 AM
DJ_mux(DJ_mux) used a empty_beer_bottle 2-12-2021, 10:21:00 AM
DJ_mux(DJ_mux) used a empty_beer_bottle 2-12-2021, 10:21:10 AM
DJ_mux(DJ_mux) used a empty_beer_bottle 2-12-2021, 10:21:10 AM
DJ_mux(DJ_mux) used a empty_beer_bottle 2-12-2021, 10:21:11 AM
DJ_mux(DJ_mux) used a empty_beer_bottle 2-12-2021, 10:21:12 AM
DJ_mux(DJ_mux) used a empty_beer_bottle 2-12-2021, 10:21:31 AM
DJ_mux(DJ_mux) used a empty_beer_bottle 2-12-2021, 10:21:31 AM
DJ_mux(DJ_mux) used a empty_beer_bottle 2-12-2021, 10:21:35 AM
DJ_mux(DJ_mux) used a empty_beer_bottle 2-12-2021, 10:21:35 AM
DJ_mux(DJ_mux) used a empty_beer_bottle 2-12-2021, 10:21:36 AM
DJ_mux(DJ_mux) used a empty_beer_bottle 2-12-2021, 10:21:36 AM
DJ_mux(DJ_mux) used a empty_beer_bottle 2-12-2021, 10:21:37 AM
DJ_mux(DJ_mux) used a empty_beer_bottle 2-12-2021, 10:21:37 AM
DJ_mux(DJ_mux) used a empty_beer_bottle 2-12-2021, 10:21:38 AM
DJ_mux(DJ_mux) used a empty_beer_bottle 2-12-2021, 10:21:38 AM
DJ_mux(DJ_mux) used a empty_beer_bottle 2-12-2021, 10:21:38 AM
DJ_mux(DJ_mux) used a empty_beer_bottle 2-12-2021, 10:21:38 AM
DJ_mux(DJ_mux) used a empty_beer_bottle 2-12-2021, 10:21:39 AM
DJ_mux(DJ_mux) used a empty_beer_bottle 2-12-2021, 10:21:39 AM
DJ_mux(DJ_mux) used a empty_beer_bottle 2-12-2021, 10:21:39 AM
DJ_mux(DJ_mux) used a empty_beer_bottle 2-12-2021, 10:21:39 AM
DJ_mux(DJ_mux) used a empty_beer_bottle 2-12-2021, 10:21:39 AM
DJ_mux(DJ_mux) used a empty_beer_bottle 2-12-2021, 10:21:39 AM
DJ_mux(DJ_mux) used a empty_beer_bottle 2-12-2021, 10:21:40 AM
DJ_mux(DJ_mux) used a empty_beer_bottle 2-12-2021, 10:21:40 AM
DJ_mux(DJ_mux) used a empty_beer_bottle 2-12-2021, 10:21:40 AM
DJ_mux(DJ_mux) used a empty_beer_bottle 2-12-2021, 10:21:40 AM
DJ_mux(DJ_mux) used a health_drink 2-12-2021, 10:21:59 AM
DJ_mux(DJ_mux) used a health_drink 2-12-2021, 10:21:59 AM
DJ_mux(DJ_mux) used a health_drink 2-12-2021, 10:21:59 AM
DJ_mux(DJ_mux) used a health_drink 2-12-2021, 10:22:03 AM
DJ_mux(DJ_mux) used a health_drink 2-12-2021, 10:22:04 AM
DJ_mux(DJ_mux) used a empty_beer_bottle 2-12-2021, 10:22:51 AM
DJ_mux(DJ_mux) used a empty_beer_bottle 2-12-2021, 10:22:52 AM
DJ_mux(DJ_mux) used a empty_beer_bottle 2-12-2021, 10:22:52 AM
DJ_mux(DJ_mux) used a empty_beer_bottle 2-12-2021, 10:22:52 AM
DJ_mux(DJ_mux) used a empty_beer_bottle 2-12-2021, 10:22:52 AM
DJ_mux(DJ_mux) used a empty_beer_bottle 2-12-2021, 10:22:53 AM
DJ_mux(DJ_mux) used a empty_beer_bottle 2-12-2021, 10:22:53 AM
DJ_mux(DJ_mux) used a empty_beer_bottle 2-12-2021, 10:22:53 AM
DJ_mux(DJ_mux) used a empty_beer_bottle 2-12-2021, 10:22:53 AM
DJ_mux(DJ_mux) used a empty_beer_bottle 2-12-2021, 10:22:53 AM
DJ_mux(DJ_mux) used a empty_beer_bottle 2-12-2021, 10:22:53 AM
DJ_mux(DJ_mux) used a empty_beer_bottle 2-12-2021, 10:22:54 AM
DJ_mux(DJ_mux) used a empty_beer_bottle 2-12-2021, 10:22:54 AM
DJ_mux(DJ_mux) used a empty_beer_bottle 2-12-2021, 10:22:54 AM
DJ_mux(DJ_mux) used a empty_beer_bottle 2-12-2021, 10:22:54 AM
DJ_mux(DJ_mux) used a empty_beer_bottle 2-12-2021, 10:22:55 AM
DJ_mux(DJ_mux) used a empty_beer_bottle 2-12-2021, 10:22:55 AM
DJ_mux(DJ_mux) used a empty_beer_bottle 2-12-2021, 10:22:55 AM
DJ_mux(DJ_mux) used a empty_beer_bottle 2-12-2021, 10:22:55 AM
DJ_mux(DJ_mux) used a empty_beer_bottle 2-12-2021, 10:22:56 AM
DJ_mux(DJ_mux) used a empty_beer_bottle 2-12-2021, 10:22:56 AM
DJ_mux(DJ_mux) used a pack_of_100_empty_beer_bottle 2-12-2021, 10:23:48 AM
DJ_mux(DJ_mux) used a pack_of_100_empty_beer_bottle 2-12-2021, 10:23:48 AM
DJ_mux(DJ_mux) used a pack_of_100_empty_beer_bottle 2-12-2021, 10:23:48 AM
DJ_mux(DJ_mux) used a pack_of_100_empty_beer_bottle 2-12-2021, 10:23:48 AM
DJ_mux(DJ_mux) used a pack_of_100_empty_beer_bottle 2-12-2021, 10:23:49 AM
DJ_mux(DJ_mux) used a pack_of_100_empty_beer_bottle 2-12-2021, 10:23:49 AM
DJ_mux(DJ_mux) used a pack_of_100_empty_beer_bottle 2-12-2021, 10:23:49 AM
DJ_mux(DJ_mux) used a pack_of_100_empty_beer_bottle 2-12-2021, 10:23:49 AM
DJ_mux(DJ_mux) used a pack_of_100_empty_beer_bottle 2-12-2021, 10:23:49 AM
DJ_mux(DJ_mux) used a dead_leopard 2-12-2021, 10:24:18 AM
DJ_mux(DJ_mux) used a dead_leopard 2-12-2021, 10:24:18 AM
DJ_mux(DJ_mux) used a dead_leopard 2-12-2021, 10:24:18 AM
DJ_mux(DJ_mux) used a dead_leopard 2-12-2021, 10:24:18 AM
DJ_mux(DJ_mux) used a dead_leopard 2-12-2021, 10:24:19 AM
DJ_mux(DJ_mux) used a dead_leopard 2-12-2021, 10:24:19 AM
DJ_mux(DJ_mux) used a dead_leopard 2-12-2021, 10:24:19 AM
DJ_mux(DJ_mux) used a dead_leopard 2-12-2021, 10:24:19 AM
DJ_mux(DJ_mux) used a dead_leopard 2-12-2021, 10:24:19 AM
DJ_mux(DJ_mux) used a dead_leopard 2-12-2021, 10:24:20 AM
DJ_mux(DJ_mux) used a dead_leopard 2-12-2021, 10:24:20 AM
DJ_mux(DJ_mux) used a dead_leopard 2-12-2021, 10:24:20 AM
DJ_mux(DJ_mux) used a dead_leopard 2-12-2021, 10:24:21 AM
DJ_mux(DJ_mux) used a dead_leopard 2-12-2021, 10:24:21 AM
DJ_mux(DJ_mux) used a dead_leopard 2-12-2021, 10:24:21 AM
DJ_mux(DJ_mux) used a dead_leopard 2-12-2021, 10:24:21 AM
DJ_mux(DJ_mux) used a dead_leopard 2-12-2021, 10:24:22 AM
DJ_mux(DJ_mux) used a dead_leopard 2-12-2021, 10:24:22 AM
DJ_mux(DJ_mux) used a dead_leopard 2-12-2021, 10:24:22 AM
DJ_mux(DJ_mux) used a dead_leopard 2-12-2021, 10:24:22 AM
DJ_mux(DJ_mux) used a dead_leopard 2-12-2021, 10:24:29 AM
DJ_mux(DJ_mux) used a dead_leopard 2-12-2021, 10:24:30 AM
DJ_mux(DJ_mux) used a dead_leopard 2-12-2021, 10:24:30 AM
DJ_mux(DJ_mux) used a dead_leopard 2-12-2021, 10:24:30 AM
DJ_mux(DJ_mux) used a dead_leopard 2-12-2021, 10:24:30 AM
DJ_mux(DJ_mux) used a dead_leopard 2-12-2021, 10:24:30 AM
DJ_mux(DJ_mux) used a dead_leopard 2-12-2021, 10:24:31 AM
DJ_mux(DJ_mux) used a dead_leopard 2-12-2021, 10:24:31 AM
DJ_mux(DJ_mux) used a dead_leopard 2-12-2021, 10:24:33 AM
DJ_mux(DJ_mux) used a dead_leopard 2-12-2021, 10:24:34 AM
DJ_mux(DJ_mux) used a dead_leopard 2-12-2021, 10:24:34 AM
DJ_mux(DJ_mux) used a dead_leopard 2-12-2021, 10:24:34 AM
DJ_mux(DJ_mux) used a dead_leopard 2-12-2021, 10:24:34 AM
DJ_mux(DJ_mux) used a dead_leopard 2-12-2021, 10:24:35 AM
DJ_mux(DJ_mux) used a dead_leopard 2-12-2021, 10:24:35 AM
DJ_mux(DJ_mux) used a dead_leopard 2-12-2021, 10:24:35 AM
DJ_mux(DJ_mux) used a dead_leopard 2-12-2021, 10:24:35 AM
DJ_mux(DJ_mux) used a dead_leopard 2-12-2021, 10:24:36 AM
DJ_mux(DJ_mux) used a dead_leopard 2-12-2021, 10:24:36 AM
DJ_mux(DJ_mux) used a dead_leopard 2-12-2021, 10:24:36 AM
DJ_mux(DJ_mux) used a dead_leopard 2-12-2021, 10:24:36 AM
DJ_mux(DJ_mux) used a dead_leopard 2-12-2021, 10:24:37 AM
DJ_mux(DJ_mux) used a dead_leopard 2-12-2021, 10:24:37 AM
DJ_mux(DJ_mux) used a dead_leopard 2-12-2021, 10:24:37 AM
DJ_mux(DJ_mux) used a dead_leopard 2-12-2021, 10:24:38 AM
DJ_mux(DJ_mux) used a dead_leopard 2-12-2021, 10:24:38 AM
DJ_mux(DJ_mux) used a dead_leopard 2-12-2021, 10:24:38 AM
DJ_mux(DJ_mux) used a dead_leopard 2-12-2021, 10:24:38 AM
DJ_mux(DJ_mux) used a dead_leopard 2-12-2021, 10:24:39 AM
DJ_mux(DJ_mux) used a dead_leopard 2-12-2021, 10:24:39 AM
DJ_mux(DJ_mux) used a dead_leopard 2-12-2021, 10:24:39 AM
DJ_mux(DJ_mux) used a dead_leopard 2-12-2021, 10:24:39 AM
DJ_mux(DJ_mux) used a dead_leopard 2-12-2021, 10:24:39 AM
DJ_mux(DJ_mux) used a dead_leopard 2-12-2021, 10:24:40 AM
DJ_mux(DJ_mux) used a dead_leopard 2-12-2021, 10:24:40 AM
DJ_mux(DJ_mux) used a dead_leopard 2-12-2021, 10:24:40 AM
DJ_mux(DJ_mux) used a dead_leopard 2-12-2021, 10:24:40 AM
DJ_mux(DJ_mux) used a dead_leopard 2-12-2021, 10:24:41 AM
DJ_mux(DJ_mux) used a dead_leopard 2-12-2021, 10:24:41 AM
DJ_mux(DJ_mux) used a dead_leopard 2-12-2021, 10:24:41 AM
DJ_mux(DJ_mux) used a dead_leopard 2-12-2021, 10:24:42 AM
DJ_mux(DJ_mux) used a dead_leopard 2-12-2021, 10:24:42 AM
DJ_mux(DJ_mux) used a dead_leopard 2-12-2021, 10:24:42 AM
DJ_mux(DJ_mux) used a dead_leopard 2-12-2021, 10:24:43 AM
DJ_mux(DJ_mux) used a dead_leopard 2-12-2021, 10:24:43 AM
DJ_mux(DJ_mux) used a dead_leopard 2-12-2021, 10:24:43 AM
DJ_mux(DJ_mux) used a dead_leopard 2-12-2021, 10:24:43 AM
DJ_mux(DJ_mux) used a dead_leopard 2-12-2021, 10:24:44 AM
DJ_mux(DJ_mux) used a dead_leopard 2-12-2021, 10:24:44 AM
DJ_mux(DJ_mux) used a dead_leopard 2-12-2021, 10:24:44 AM
DJ_mux(DJ_mux) used a dead_leopard 2-12-2021, 10:24:44 AM
DJ_mux(DJ_mux) used a dead_leopard 2-12-2021, 10:24:45 AM
DJ_mux(DJ_mux) used a dead_leopard 2-12-2021, 10:24:45 AM
DJ_mux(DJ_mux) used a dead_leopard 2-12-2021, 10:24:45 AM
DJ_mux(DJ_mux) used a dead_leopard 2-12-2021, 10:24:46 AM
DJ_mux(DJ_mux) used a dead_leopard 2-12-2021, 10:24:46 AM
DJ_mux(DJ_mux) used a dead_leopard 2-12-2021, 10:24:46 AM
DJ_mux(DJ_mux) used a dead_leopard 2-12-2021, 10:24:46 AM
DJ_mux(DJ_mux) used a dead_leopard 2-12-2021, 10:24:47 AM
DJ_mux(DJ_mux) used a dead_leopard 2-12-2021, 10:24:47 AM
DJ_mux(DJ_mux) used a dead_leopard 2-12-2021, 10:24:47 AM
DJ_mux(DJ_mux) used a dead_leopard 2-12-2021, 10:24:47 AM
DJ_mux(DJ_mux) used a dead_leopard 2-12-2021, 10:24:48 AM
DJ_mux(DJ_mux) used a dead_leopard 2-12-2021, 10:24:48 AM
DJ_mux(DJ_mux) used a dead_leopard 2-12-2021, 10:24:48 AM
DJ_mux(DJ_mux) used a dead_leopard 2-12-2021, 10:24:49 AM
DJ_mux(DJ_mux) used a dead_leopard 2-12-2021, 10:24:49 AM
DJ_mux(DJ_mux) used a dead_leopard 2-12-2021, 10:24:49 AM
DJ_mux(DJ_mux) used a dead_leopard 2-12-2021, 10:24:49 AM
DJ_mux(DJ_mux) used a dead_leopard 2-12-2021, 10:24:50 AM
DJ_mux(DJ_mux) used a dead_leopard 2-12-2021, 10:24:50 AM
DJ_mux(DJ_mux) used a dead_leopard 2-12-2021, 10:24:50 AM
DJ_mux(DJ_mux) used a dead_leopard 2-12-2021, 10:24:50 AM
DJ_mux(DJ_mux) used a dead_leopard 2-12-2021, 10:24:51 AM
DJ_mux(DJ_mux) used a dead_leopard 2-12-2021, 10:24:51 AM
DJ_mux(DJ_mux) used a dead_leopard 2-12-2021, 10:24:51 AM
DJ_mux(DJ_mux) used a dead_leopard 2-12-2021, 10:24:52 AM
DJ_mux(DJ_mux) used a dead_leopard 2-12-2021, 10:24:52 AM
DJ_mux(DJ_mux) used a dead_leopard 2-12-2021, 10:24:52 AM
DJ_mux(DJ_mux) used a dead_leopard 2-12-2021, 10:24:52 AM
DJ_mux(DJ_mux) used a dead_leopard 2-12-2021, 10:24:53 AM
DJ_mux(DJ_mux) used a dead_leopard 2-12-2021, 10:24:53 AM
DJ_mux(DJ_mux) used a dead_leopard 2-12-2021, 10:24:53 AM
DJ_mux(DJ_mux) used a dead_leopard 2-12-2021, 10:24:54 AM
DJ_mux(DJ_mux) used a dead_gorilla 2-12-2021, 10:25:06 AM
DJ_mux(DJ_mux) used a dead_gorilla 2-12-2021, 10:25:06 AM
DJ_mux(DJ_mux) used a dead_gorilla 2-12-2021, 10:25:07 AM
DJ_mux(DJ_mux) used a dead_gorilla 2-12-2021, 10:25:07 AM
DJ_mux(DJ_mux) used a dead_gorilla 2-12-2021, 10:25:07 AM
DJ_mux(DJ_mux) used a dead_gorilla 2-12-2021, 10:25:07 AM
DJ_mux(DJ_mux) used a dead_gorilla 2-12-2021, 10:25:08 AM
DJ_mux(DJ_mux) used a dead_gorilla 2-12-2021, 10:25:08 AM
DJ_mux(DJ_mux) used a dead_gorilla 2-12-2021, 10:25:08 AM
DJ_mux(DJ_mux) used a dead_gorilla 2-12-2021, 10:25:08 AM
DJ_mux(DJ_mux) used a dead_gorilla 2-12-2021, 10:25:08 AM
DJ_mux(DJ_mux) used a dead_gorilla 2-12-2021, 10:25:08 AM
DJ_mux(DJ_mux) used a dead_gorilla 2-12-2021, 10:25:09 AM
DJ_mux(DJ_mux) used a dead_gorilla 2-12-2021, 10:25:09 AM
DJ_mux(DJ_mux) used a dead_gorilla 2-12-2021, 10:25:09 AM
DJ_mux(DJ_mux) used a dead_gorilla 2-12-2021, 10:25:09 AM
DJ_mux(DJ_mux) used a dead_gorilla 2-12-2021, 10:25:10 AM
DJ_mux(DJ_mux) used a dead_gorilla 2-12-2021, 10:25:10 AM
DJ_mux(DJ_mux) used a dead_gorilla 2-12-2021, 10:25:10 AM
DJ_mux(DJ_mux) used a dead_gorilla 2-12-2021, 10:25:10 AM
DJ_mux(DJ_mux) used a dead_gorilla 2-12-2021, 10:25:10 AM
DJ_mux(DJ_mux) used a dead_gorilla 2-12-2021, 10:25:11 AM
DJ_mux(DJ_mux) used a dead_gorilla 2-12-2021, 10:25:11 AM
DJ_mux(DJ_mux) used a dead_gorilla 2-12-2021, 10:25:11 AM
DJ_mux(DJ_mux) used a dead_gorilla 2-12-2021, 10:25:11 AM
DJ_mux(DJ_mux) used a dead_gorilla 2-12-2021, 10:25:12 AM
DJ_mux(DJ_mux) used a dead_gorilla 2-12-2021, 10:25:12 AM
DJ_mux(DJ_mux) used a dead_gorilla 2-12-2021, 10:25:12 AM
DJ_mux(DJ_mux) used a dead_gorilla 2-12-2021, 10:25:12 AM
DJ_mux(DJ_mux) used a dead_gorilla 2-12-2021, 10:25:13 AM
DJ_mux(DJ_mux) used a dead_gorilla 2-12-2021, 10:25:13 AM
DJ_mux(DJ_mux) used a dead_gorilla 2-12-2021, 10:25:13 AM
DJ_mux(DJ_mux) used a dead_gorilla 2-12-2021, 10:25:13 AM
DJ_mux(DJ_mux) used a dead_gorilla 2-12-2021, 10:25:14 AM
DJ_mux(DJ_mux) used a dead_gorilla 2-12-2021, 10:25:14 AM
DJ_mux(DJ_mux) used a dead_gorilla 2-12-2021, 10:25:14 AM
DJ_mux(DJ_mux) used a dead_gorilla 2-12-2021, 10:25:14 AM
DJ_mux(DJ_mux) used a dead_gorilla 2-12-2021, 10:25:15 AM
DJ_mux(DJ_mux) used a dead_gorilla 2-12-2021, 10:25:15 AM
DJ_mux(DJ_mux) used a dead_gorilla 2-12-2021, 10:25:15 AM
DJ_mux(DJ_mux) used a dead_gorilla 2-12-2021, 10:25:15 AM
DJ_mux(DJ_mux) used a dead_gorilla 2-12-2021, 10:25:16 AM
DJ_mux(DJ_mux) used a dead_gorilla 2-12-2021, 10:25:16 AM
DJ_mux(DJ_mux) used a dead_gorilla 2-12-2021, 10:25:16 AM
DJ_mux(DJ_mux) used a dead_gorilla 2-12-2021, 10:25:16 AM
DJ_mux(DJ_mux) used a dead_gorilla 2-12-2021, 10:25:16 AM
DJ_mux(DJ_mux) used a dead_gorilla 2-12-2021, 10:25:17 AM
DJ_mux(DJ_mux) used a dead_gorilla 2-12-2021, 10:25:17 AM
DJ_mux(DJ_mux) used a dead_gorilla 2-12-2021, 10:25:17 AM
DJ_mux(DJ_mux) used a dead_gorilla 2-12-2021, 10:25:17 AM
DJ_mux(DJ_mux) used a dead_gorilla 2-12-2021, 10:25:18 AM
DJ_mux(DJ_mux) used a dead_gorilla 2-12-2021, 10:25:18 AM
DJ_mux(DJ_mux) used a dead_gorilla 2-12-2021, 10:25:18 AM
DJ_mux(DJ_mux) used a dead_gorilla 2-12-2021, 10:25:18 AM
DJ_mux(DJ_mux) used a dead_gorilla 2-12-2021, 10:25:19 AM
DJ_mux(DJ_mux) used a dead_gorilla 2-12-2021, 10:25:19 AM
DJ_mux(DJ_mux) used a dead_gorilla 2-12-2021, 10:25:19 AM
DJ_mux(DJ_mux) used a dead_gorilla 2-12-2021, 10:25:20 AM
DJ_mux(DJ_mux) used a dead_gorilla 2-12-2021, 10:25:20 AM
DJ_mux(DJ_mux) used a dead_gorilla 2-12-2021, 10:25:20 AM
DJ_mux(DJ_mux) used a dead_gorilla 2-12-2021, 10:25:20 AM
DJ_mux(DJ_mux) used a dead_gorilla 2-12-2021, 10:25:24 AM
DJ_mux(DJ_mux) used a dead_gorilla 2-12-2021, 10:25:24 AM
DJ_mux(DJ_mux) used a dead_gorilla 2-12-2021, 10:25:24 AM
DJ_mux(DJ_mux) used a dead_gorilla 2-12-2021, 10:25:25 AM
DJ_mux(DJ_mux) used a dead_gorilla 2-12-2021, 10:25:25 AM
DJ_mux(DJ_mux) used a dead_gorilla 2-12-2021, 10:25:25 AM
DJ_mux(DJ_mux) used a dead_gorilla 2-12-2021, 10:25:25 AM
DJ_mux(DJ_mux) used a dead_gorilla 2-12-2021, 10:25:26 AM
DJ_mux(DJ_mux) used a dead_gorilla 2-12-2021, 10:25:26 AM
DJ_mux(DJ_mux) used a dead_gorilla 2-12-2021, 10:25:26 AM
DJ_mux(DJ_mux) used a dead_gorilla 2-12-2021, 10:25:26 AM
DJ_mux(DJ_mux) used a dead_gorilla 2-12-2021, 10:25:27 AM
DJ_mux(DJ_mux) used a dead_gorilla 2-12-2021, 10:25:27 AM
DJ_mux(DJ_mux) used a dead_gorilla 2-12-2021, 10:25:27 AM
DJ_mux(DJ_mux) used a dead_gorilla 2-12-2021, 10:25:27 AM
DJ_mux(DJ_mux) used a dead_gorilla 2-12-2021, 10:25:28 AM
DJ_mux(DJ_mux) used a dead_gorilla 2-12-2021, 10:25:28 AM
DJ_mux(DJ_mux) used a dead_gorilla 2-12-2021, 10:25:28 AM
DJ_mux(DJ_mux) used a dead_gorilla 2-12-2021, 10:25:28 AM
DJ_mux(DJ_mux) used a dead_gorilla 2-12-2021, 10:25:29 AM
DJ_mux(DJ_mux) used a dead_gorilla 2-12-2021, 10:25:29 AM
DJ_mux(DJ_mux) used a dead_gorilla 2-12-2021, 10:25:29 AM
DJ_mux(DJ_mux) used a dead_gorilla 2-12-2021, 10:25:29 AM
DJ_mux(DJ_mux) used a dead_gorilla 2-12-2021, 10:25:30 AM
DJ_mux(DJ_mux) used a dead_gorilla 2-12-2021, 10:25:30 AM
DJ_mux(DJ_mux) used a dead_gorilla 2-12-2021, 10:25:30 AM
DJ_mux(DJ_mux) used a dead_gorilla 2-12-2021, 10:25:30 AM
DJ_mux(DJ_mux) used a dead_gorilla 2-12-2021, 10:25:31 AM
DJ_mux(DJ_mux) used a dead_gorilla 2-12-2021, 10:25:31 AM
DJ_mux(DJ_mux) used a dead_gorilla 2-12-2021, 10:25:31 AM
DJ_mux(DJ_mux) used a dead_gorilla 2-12-2021, 10:25:32 AM
DJ_mux(DJ_mux) used a dead_gorilla 2-12-2021, 10:25:32 AM
DJ_mux(DJ_mux) used a skinned_leopard 2-12-2021, 10:25:55 AM
DJ_mux(DJ_mux) used a skinned_leopard 2-12-2021, 10:25:55 AM
DJ_mux(DJ_mux) used a skinned_leopard 2-12-2021, 10:25:56 AM
DJ_mux(DJ_mux) used a skinned_leopard 2-12-2021, 10:25:56 AM
DJ_mux(DJ_mux) used a skinned_leopard 2-12-2021, 10:25:56 AM
DJ_mux(DJ_mux) used a skinned_leopard 2-12-2021, 10:25:56 AM
DJ_mux(DJ_mux) used a skinned_leopard 2-12-2021, 10:25:56 AM
DJ_mux(DJ_mux) used a skinned_leopard 2-12-2021, 10:25:57 AM
DJ_mux(DJ_mux) used a skinned_leopard 2-12-2021, 10:25:57 AM
DJ_mux(DJ_mux) used a skinned_leopard 2-12-2021, 10:25:57 AM
DJ_mux(DJ_mux) used a skinned_leopard 2-12-2021, 10:25:57 AM
DJ_mux(DJ_mux) used a skinned_leopard 2-12-2021, 10:25:58 AM
DJ_mux(DJ_mux) used a skinned_leopard 2-12-2021, 10:25:58 AM
DJ_mux(DJ_mux) used a skinned_leopard 2-12-2021, 10:25:58 AM
DJ_mux(DJ_mux) used a skinned_leopard 2-12-2021, 10:25:58 AM
DJ_mux(DJ_mux) used a skinned_leopard 2-12-2021, 10:25:58 AM
DJ_mux(DJ_mux) used a skinned_leopard 2-12-2021, 10:25:59 AM
DJ_mux(DJ_mux) used a skinned_leopard 2-12-2021, 10:25:59 AM
DJ_mux(DJ_mux) used a skinned_leopard 2-12-2021, 10:25:59 AM
DJ_mux(DJ_mux) used a skinned_leopard 2-12-2021, 10:25:59 AM
DJ_mux(DJ_mux) used a skinned_leopard 2-12-2021, 10:26:00 AM
DJ_mux(DJ_mux) used a skinned_leopard 2-12-2021, 10:26:00 AM
DJ_mux(DJ_mux) used a skinned_leopard 2-12-2021, 10:26:00 AM
DJ_mux(DJ_mux) used a skinned_leopard 2-12-2021, 10:26:00 AM
DJ_mux(DJ_mux) used a skinned_leopard 2-12-2021, 10:26:00 AM
DJ_mux(DJ_mux) used a skinned_leopard 2-12-2021, 10:26:01 AM
DJ_mux(DJ_mux) used a skinned_leopard 2-12-2021, 10:26:01 AM
DJ_mux(DJ_mux) used a skinned_leopard 2-12-2021, 10:26:01 AM
DJ_mux(DJ_mux) used a skinned_leopard 2-12-2021, 10:26:01 AM
DJ_mux(DJ_mux) used a skinned_leopard 2-12-2021, 10:26:02 AM
DJ_mux(DJ_mux) used a skinned_leopard 2-12-2021, 10:26:02 AM
DJ_mux(DJ_mux) used a skinned_leopard 2-12-2021, 10:26:02 AM
DJ_mux(DJ_mux) used a skinned_leopard 2-12-2021, 10:26:02 AM
DJ_mux(DJ_mux) used a skinned_leopard 2-12-2021, 10:26:03 AM
DJ_mux(DJ_mux) used a skinned_leopard 2-12-2021, 10:26:03 AM
DJ_mux(DJ_mux) used a skinned_leopard 2-12-2021, 10:26:03 AM
DJ_mux(DJ_mux) used a skinned_leopard 2-12-2021, 10:26:03 AM
DJ_mux(DJ_mux) used a skinned_leopard 2-12-2021, 10:26:04 AM
DJ_mux(DJ_mux) used a skinned_leopard 2-12-2021, 10:26:04 AM
DJ_mux(DJ_mux) used a skinned_leopard 2-12-2021, 10:26:04 AM
DJ_mux(DJ_mux) used a skinned_leopard 2-12-2021, 10:26:04 AM
DJ_mux(DJ_mux) used a skinned_leopard 2-12-2021, 10:26:07 AM
DJ_mux(DJ_mux) used a skinned_leopard 2-12-2021, 10:26:07 AM
DJ_mux(DJ_mux) used a skinned_leopard 2-12-2021, 10:26:07 AM
DJ_mux(DJ_mux) used a skinned_leopard 2-12-2021, 10:26:07 AM
DJ_mux(DJ_mux) used a skinned_leopard 2-12-2021, 10:26:08 AM
DJ_mux(DJ_mux) used a skinned_leopard 2-12-2021, 10:26:08 AM
DJ_mux(DJ_mux) used a skinned_leopard 2-12-2021, 10:26:08 AM
DJ_mux(DJ_mux) used a skinned_leopard 2-12-2021, 10:26:08 AM
DJ_mux(DJ_mux) used a skinned_leopard 2-12-2021, 10:26:09 AM
DJ_mux(DJ_mux) used a skinned_leopard 2-12-2021, 10:26:09 AM
DJ_mux(DJ_mux) used a skinned_leopard 2-12-2021, 10:26:09 AM
DJ_mux(DJ_mux) used a skinned_leopard 2-12-2021, 10:26:09 AM
DJ_mux(DJ_mux) used a skinned_leopard 2-12-2021, 10:26:09 AM
DJ_mux(DJ_mux) used a skinned_leopard 2-12-2021, 10:26:10 AM
DJ_mux(DJ_mux) used a skinned_leopard 2-12-2021, 10:26:10 AM
DJ_mux(DJ_mux) used a skinned_leopard 2-12-2021, 10:26:10 AM
DJ_mux(DJ_mux) used a skinned_leopard 2-12-2021, 10:26:10 AM
DJ_mux(DJ_mux) used a skinned_leopard 2-12-2021, 10:26:11 AM
DJ_mux(DJ_mux) used a skinned_leopard 2-12-2021, 10:26:11 AM
DJ_mux(DJ_mux) used a skinned_leopard 2-12-2021, 10:26:11 AM
DJ_mux(DJ_mux) used a skinned_leopard 2-12-2021, 10:26:11 AM
DJ_mux(DJ_mux) used a skinned_leopard 2-12-2021, 10:26:12 AM
DJ_mux(DJ_mux) used a skinned_leopard 2-12-2021, 10:26:12 AM
DJ_mux(DJ_mux) used a skinned_leopard 2-12-2021, 10:26:12 AM
DJ_mux(DJ_mux) used a skinned_leopard 2-12-2021, 10:26:15 AM
DJ_mux(DJ_mux) used a skinned_leopard 2-12-2021, 10:26:15 AM
DJ_mux(DJ_mux) used a skinned_leopard 2-12-2021, 10:26:16 AM
DJ_mux(DJ_mux) used a skinned_leopard 2-12-2021, 10:26:16 AM
DJ_mux(DJ_mux) used a skinned_leopard 2-12-2021, 10:26:16 AM
DJ_mux(DJ_mux) used a skinned_leopard 2-12-2021, 10:26:16 AM
DJ_mux(DJ_mux) used a skinned_leopard 2-12-2021, 10:26:17 AM
DJ_mux(DJ_mux) used a skinned_leopard 2-12-2021, 10:26:17 AM
DJ_mux(DJ_mux) used a skinned_leopard 2-12-2021, 10:26:17 AM
DJ_mux(DJ_mux) used a skinned_leopard 2-12-2021, 10:26:17 AM
DJ_mux(DJ_mux) used a skinned_leopard 2-12-2021, 10:26:18 AM
DJ_mux(DJ_mux) used a skinned_leopard 2-12-2021, 10:26:18 AM
DJ_mux(DJ_mux) used a skinned_leopard 2-12-2021, 10:26:18 AM
DJ_mux(DJ_mux) used a skinned_leopard 2-12-2021, 10:26:18 AM
DJ_mux(DJ_mux) used a skinned_leopard 2-12-2021, 10:26:25 AM
DJ_mux(DJ_mux) used a skinned_leopard 2-12-2021, 10:26:26 AM
DJ_mux(DJ_mux) used a skinned_leopard 2-12-2021, 10:26:26 AM
DJ_mux(DJ_mux) used a skinned_leopard 2-12-2021, 10:26:26 AM
DJ_mux(DJ_mux) used a skinned_leopard 2-12-2021, 10:26:26 AM
DJ_mux(DJ_mux) used a skinned_leopard 2-12-2021, 10:26:27 AM
DJ_mux(DJ_mux) used a skinned_leopard 2-12-2021, 10:26:27 AM
DJ_mux(DJ_mux) used a skinned_leopard 2-12-2021, 10:26:52 AM
DJ_mux(DJ_mux) used a skinned_leopard 2-12-2021, 10:26:52 AM
DJ_mux(DJ_mux) used a skinned_leopard 2-12-2021, 10:26:53 AM
DJ_mux(DJ_mux) used a skinned_leopard 2-12-2021, 10:26:53 AM
DJ_mux(DJ_mux) used a skinned_leopard 2-12-2021, 10:26:53 AM
DJ_mux(DJ_mux) used a skinned_leopard 2-12-2021, 10:26:53 AM
DJ_mux(DJ_mux) used a skinned_leopard 2-12-2021, 10:26:53 AM
DJ_mux(DJ_mux) used a skinned_leopard 2-12-2021, 10:26:54 AM
DJ_mux(DJ_mux) used a skinned_leopard 2-12-2021, 10:26:55 AM
DJ_mux(DJ_mux) used a skinned_leopard 2-12-2021, 10:26:55 AM
DJ_mux(DJ_mux) used a skinned_leopard 2-12-2021, 10:26:55 AM
DJ_mux(DJ_mux) used a skinned_leopard 2-12-2021, 10:26:57 AM
DJ_mux(DJ_mux) used a skinned_leopard 2-12-2021, 10:27:03 AM
DJ_mux(DJ_mux) used a skinned_leopard 2-12-2021, 10:27:03 AM
DJ_mux(DJ_mux) used a skinned_leopard 2-12-2021, 10:27:03 AM
DJ_mux(DJ_mux) used a skinned_leopard 2-12-2021, 10:27:04 AM
DJ_mux(DJ_mux) used a skinned_leopard 2-12-2021, 10:27:04 AM
DJ_mux(DJ_mux) used a skinned_leopard 2-12-2021, 10:27:04 AM
DJ_mux(DJ_mux) used a skinned_leopard 2-12-2021, 10:27:04 AM
DJ_mux(DJ_mux) used a skinned_leopard 2-12-2021, 10:27:05 AM
DJ_mux(DJ_mux) used a skinned_leopard 2-12-2021, 10:27:05 AM
DJ_mux(DJ_mux) used a skinned_leopard 2-12-2021, 10:27:05 AM
DJ_mux(DJ_mux) used a skinned_leopard 2-12-2021, 10:27:05 AM
DJ_mux(DJ_mux) used a skinned_leopard 2-12-2021, 10:27:05 AM
DJ_mux(DJ_mux) used a skinned_leopard 2-12-2021, 10:27:08 AM
DJ_mux(DJ_mux) used a skinned_leopard 2-12-2021, 10:27:08 AM
DJ_mux(DJ_mux) used a skinned_leopard 2-12-2021, 10:27:08 AM
DJ_mux(DJ_mux) used a skinned_leopard 2-12-2021, 10:27:09 AM
DJ_mux(DJ_mux) used a skinned_leopard 2-12-2021, 10:27:09 AM
DJ_mux(DJ_mux) used a skinned_leopard 2-12-2021, 10:27:09 AM
DJ_mux(DJ_mux) used a skinned_leopard 2-12-2021, 10:27:09 AM
DJ_mux(DJ_mux) used a skinned_leopard 2-12-2021, 10:27:10 AM
DJ_mux(DJ_mux) used a skinned_leopard 2-12-2021, 10:27:10 AM
DJ_mux(DJ_mux) used a skinned_leopard 2-12-2021, 10:27:10 AM
DJ_mux(DJ_mux) used a skinned_leopard 2-12-2021, 10:27:10 AM
DJ_mux(DJ_mux) used a skinned_leopard 2-12-2021, 10:27:10 AM
DJ_mux(DJ_mux) used a skinned_leopard 2-12-2021, 10:27:11 AM
DJ_mux(DJ_mux) used a skinned_leopard 2-12-2021, 10:27:11 AM
DJ_mux(DJ_mux) used a skinned_leopard 2-12-2021, 10:27:11 AM
DJ_mux(DJ_mux) used a skinned_leopard 2-12-2021, 10:27:11 AM
DJ_mux(DJ_mux) used a skinned_leopard 2-12-2021, 10:27:12 AM
DJ_mux(DJ_mux) used a skinned_leopard 2-12-2021, 10:27:12 AM
DJ_mux(DJ_mux) used a skinned_leopard 2-12-2021, 10:27:12 AM
DJ_mux(DJ_mux) used a skinned_leopard 2-12-2021, 10:27:12 AM
DJ_mux(DJ_mux) used a skinned_leopard 2-12-2021, 10:27:13 AM
DJ_mux(DJ_mux) used a skinned_leopard 2-12-2021, 10:27:13 AM
DJ_mux(DJ_mux) used a skinned_leopard 2-12-2021, 10:27:13 AM
DJ_mux(DJ_mux) used a skinned_leopard 2-12-2021, 10:27:13 AM
DJ_mux(DJ_mux) used a skinned_leopard 2-12-2021, 10:27:13 AM
DJ_mux(DJ_mux) used a skinned_leopard 2-12-2021, 10:27:14 AM
DJ_mux(DJ_mux) used a skinned_leopard 2-12-2021, 10:27:14 AM
DJ_mux(DJ_mux) used a skinned_leopard 2-12-2021, 10:27:14 AM
DJ_mux(DJ_mux) used a skinned_leopard 2-12-2021, 10:27:14 AM
DJ_mux(DJ_mux) used a skinned_leopard 2-12-2021, 10:27:15 AM
DJ_mux(DJ_mux) used a skinned_leopard 2-12-2021, 10:27:15 AM
DJ_mux(DJ_mux) used a skinned_leopard 2-12-2021, 10:27:15 AM
DJ_mux(DJ_mux) used a skinned_leopard 2-12-2021, 10:27:15 AM
DJ_mux(DJ_mux) used a skinned_leopard 2-12-2021, 10:27:16 AM
DJ_mux(DJ_mux) used a skinned_leopard 2-12-2021, 10:27:16 AM
DJ_mux(DJ_mux) used a skinned_leopard 2-12-2021, 10:27:16 AM
DJ_mux(DJ_mux) used a skinned_leopard 2-12-2021, 10:27:16 AM
DJ_mux(DJ_mux) used a skinned_leopard 2-12-2021, 10:27:17 AM
DJ_mux(DJ_mux) used a skinned_leopard 2-12-2021, 10:27:17 AM
DJ_mux(DJ_mux) used a skinned_leopard 2-12-2021, 10:27:17 AM
DJ_mux(DJ_mux) used a skinned_leopard 2-12-2021, 10:27:17 AM
DJ_mux(DJ_mux) used a skinned_leopard 2-12-2021, 10:27:18 AM
DJ_mux(DJ_mux) used a skinned_leopard 2-12-2021, 10:27:18 AM
DJ_mux(DJ_mux) used a skinned_leopard 2-12-2021, 10:27:18 AM
DJ_mux(DJ_mux) used a skinned_leopard 2-12-2021, 10:27:18 AM
DJ_mux(DJ_mux) used a skinned_leopard 2-12-2021, 10:27:19 AM
DJ_mux(DJ_mux) used a skinned_leopard 2-12-2021, 10:27:19 AM
DJ_mux(DJ_mux) used a skinned_leopard 2-12-2021, 10:27:19 AM
DJ_mux(DJ_mux) used a skinned_leopard 2-12-2021, 10:27:20 AM
DJ_mux(DJ_mux) used a skinned_leopard 2-12-2021, 10:27:20 AM
DJ_mux(DJ_mux) used a skinned_leopard 2-12-2021, 10:27:20 AM
DJ_mux(DJ_mux) used a skinned_leopard 2-12-2021, 10:27:20 AM
DJ_mux(DJ_mux) used a skinned_leopard 2-12-2021, 10:27:21 AM
DJ_mux(DJ_mux) used a skinned_leopard 2-12-2021, 10:27:21 AM
DJ_mux(DJ_mux) used a skinned_leopard 2-12-2021, 10:27:21 AM
DJ_mux(DJ_mux) used a skinned_leopard 2-12-2021, 10:27:21 AM
DJ_mux(DJ_mux) used a skinned_leopard 2-12-2021, 10:27:22 AM
DJ_mux(DJ_mux) used a skinned_leopard 2-12-2021, 10:27:22 AM
DJ_mux(DJ_mux) used a skinned_leopard 2-12-2021, 10:27:22 AM
DJ_mux(DJ_mux) used a skinned_leopard 2-12-2021, 10:27:22 AM
DJ_mux(DJ_mux) used a skinned_leopard 2-12-2021, 10:27:23 AM
DJ_mux(DJ_mux) used a skinned_leopard 2-12-2021, 10:27:23 AM
DJ_mux(DJ_mux) used a skinned_leopard 2-12-2021, 10:27:23 AM
DJ_mux(DJ_mux) used a skinned_leopard 2-12-2021, 10:27:23 AM
DJ_mux(DJ_mux) used a skinned_leopard 2-12-2021, 10:27:24 AM
DJ_mux(DJ_mux) used a skinned_leopard 2-12-2021, 10:27:24 AM
DJ_mux(DJ_mux) used a skinned_leopard 2-12-2021, 10:27:24 AM
DJ_mux(DJ_mux) used a skinned_leopard 2-12-2021, 10:27:24 AM
DJ_mux(DJ_mux) used a skinned_leopard 2-12-2021, 10:27:25 AM
DJ_mux(DJ_mux) used a skinned_leopard 2-12-2021, 10:27:25 AM
DJ_mux(DJ_mux) used a skinned_leopard 2-12-2021, 10:27:25 AM
DJ_mux(DJ_mux) used a skinned_leopard 2-12-2021, 10:27:25 AM
DJ_mux(DJ_mux) used a skinned_leopard 2-12-2021, 10:27:26 AM
DJ_mux(DJ_mux) used a skinned_leopard 2-12-2021, 10:27:26 AM
DJ_mux(DJ_mux) used a skinned_leopard 2-12-2021, 10:27:26 AM
DJ_mux(DJ_mux) used a skinned_leopard 2-12-2021, 10:27:26 AM
DJ_mux(DJ_mux) used a skinned_leopard 2-12-2021, 10:27:27 AM
DJ_mux(DJ_mux) used a skinned_leopard 2-12-2021, 10:27:27 AM
DJ_mux(DJ_mux) used a skinned_leopard 2-12-2021, 10:27:27 AM
DJ_mux(DJ_mux) used a skinned_leopard 2-12-2021, 10:27:27 AM
DJ_mux(DJ_mux) used a skinned_leopard 2-12-2021, 10:27:28 AM
DJ_mux(DJ_mux) used a skinned_leopard 2-12-2021, 10:27:28 AM
DJ_mux(DJ_mux) used a skinned_leopard 2-12-2021, 10:27:28 AM
DJ_mux(DJ_mux) used a skinned_leopard 2-12-2021, 10:27:29 AM
DJ_mux(DJ_mux) used a skinned_leopard 2-12-2021, 10:27:29 AM
DJ_mux(DJ_mux) used a skinned_leopard 2-12-2021, 10:27:29 AM
DJ_mux(DJ_mux) used a skinned_leopard 2-12-2021, 10:27:30 AM
DJ_mux(DJ_mux) used a skinned_leopard 2-12-2021, 10:27:30 AM
DJ_mux(DJ_mux) used a skinned_leopard 2-12-2021, 10:27:30 AM
DJ_mux(DJ_mux) used a skinned_leopard 2-12-2021, 10:27:31 AM
DJ_mux(DJ_mux) used a skinned_leopard 2-12-2021, 10:27:31 AM
DJ_mux(DJ_mux) used a skinned_leopard 2-12-2021, 10:27:31 AM
DJ_mux(DJ_mux) used a skinned_leopard 2-12-2021, 10:27:39 AM
DJ_mux(DJ_mux) used a skinned_leopard 2-12-2021, 10:27:39 AM
DJ_mux(DJ_mux) used a skinned_leopard 2-12-2021, 10:27:39 AM
DJ_mux(DJ_mux) used a skinned_leopard 2-12-2021, 10:27:39 AM
DJ_mux(DJ_mux) used a skinned_leopard 2-12-2021, 10:27:40 AM
DJ_mux(DJ_mux) used a skinned_leopard 2-12-2021, 10:27:40 AM
DJ_mux(DJ_mux) used a skinned_leopard 2-12-2021, 10:27:40 AM
DJ_mux(DJ_mux) used a skinned_leopard 2-12-2021, 10:27:40 AM
DJ_mux(DJ_mux) used a skinned_leopard 2-12-2021, 10:27:41 AM
DJ_mux(DJ_mux) used a skinned_leopard 2-12-2021, 10:27:41 AM
DJ_mux(DJ_mux) used a skinned_leopard 2-12-2021, 10:27:41 AM
DJ_mux(DJ_mux) used a skinned_leopard 2-12-2021, 10:27:41 AM
DJ_mux(DJ_mux) used a skinned_leopard 2-12-2021, 10:27:42 AM
DJ_mux(DJ_mux) used a skinned_leopard 2-12-2021, 10:27:42 AM
DJ_mux(DJ_mux) used a skinned_leopard 2-12-2021, 10:27:42 AM
DJ_mux(DJ_mux) used a skinned_leopard 2-12-2021, 10:27:42 AM
DJ_mux(DJ_mux) used a skinned_leopard 2-12-2021, 10:27:43 AM
DJ_mux(DJ_mux) used a skinned_leopard 2-12-2021, 10:27:43 AM
DJ_mux(DJ_mux) used a skinned_leopard 2-12-2021, 10:27:43 AM
DJ_mux(DJ_mux) used a skinned_leopard 2-12-2021, 10:27:43 AM
DJ_mux(DJ_mux) used a skinned_leopard 2-12-2021, 10:27:43 AM
DJ_mux(DJ_mux) used a skinned_leopard 2-12-2021, 10:27:44 AM
DJ_mux(DJ_mux) used a skinned_leopard 2-12-2021, 10:27:44 AM
DJ_mux(DJ_mux) used a skinned_leopard 2-12-2021, 10:27:44 AM
DJ_mux(DJ_mux) used a skinned_leopard 2-12-2021, 10:27:44 AM
DJ_mux(DJ_mux) used a skinned_leopard 2-12-2021, 10:27:48 AM
DJ_mux(DJ_mux) used a skinned_leopard 2-12-2021, 10:27:48 AM
DJ_mux(DJ_mux) used a skinned_leopard 2-12-2021, 10:27:48 AM
DJ_mux(DJ_mux) used a skinned_leopard 2-12-2021, 10:27:48 AM
DJ_mux(DJ_mux) used a skinned_leopard 2-12-2021, 10:27:49 AM
DJ_mux(DJ_mux) used a skinned_leopard 2-12-2021, 10:27:49 AM
DJ_mux(DJ_mux) used a skinned_leopard 2-12-2021, 10:27:49 AM
DJ_mux(DJ_mux) used a skinned_leopard 2-12-2021, 10:27:49 AM
DJ_mux(DJ_mux) used a skinned_leopard 2-12-2021, 10:27:49 AM
DJ_mux(DJ_mux) used a skinned_leopard 2-12-2021, 10:27:50 AM
DJ_mux(DJ_mux) used a skinned_leopard 2-12-2021, 10:27:50 AM
DJ_mux(DJ_mux) used a skinned_leopard 2-12-2021, 10:27:50 AM
DJ_mux(DJ_mux) used a skinned_leopard 2-12-2021, 10:27:50 AM
DJ_mux(DJ_mux) used a skinned_leopard 2-12-2021, 10:27:51 AM
DJ_mux(DJ_mux) used a skinned_leopard 2-12-2021, 10:27:51 AM
DJ_mux(DJ_mux) used a skinned_leopard 2-12-2021, 10:27:51 AM
DJ_mux(DJ_mux) used a skinned_leopard 2-12-2021, 10:27:51 AM
DJ_mux(DJ_mux) used a skinned_leopard 2-12-2021, 10:27:52 AM
DJ_mux(DJ_mux) used a skinned_leopard 2-12-2021, 10:27:52 AM
DJ_mux(DJ_mux) used a skinned_leopard 2-12-2021, 10:27:52 AM
DJ_mux(DJ_mux) used a skinned_leopard 2-12-2021, 10:27:52 AM
DJ_mux(DJ_mux) used a skinned_leopard 2-12-2021, 10:27:53 AM
DJ_mux(DJ_mux) used a skinned_leopard 2-12-2021, 10:27:53 AM
DJ_mux(DJ_mux) used a skinned_leopard 2-12-2021, 10:27:53 AM
DJ_mux(DJ_mux) used a skinned_leopard 2-12-2021, 10:27:53 AM
DJ_mux(DJ_mux) used a skinned_leopard 2-12-2021, 10:27:54 AM
DJ_mux(DJ_mux) used a skinned_leopard 2-12-2021, 10:27:54 AM
DJ_mux(DJ_mux) used a skinned_leopard 2-12-2021, 10:27:54 AM
DJ_mux(DJ_mux) used a skinned_leopard 2-12-2021, 10:27:54 AM
DJ_mux(DJ_mux) used a skinned_leopard 2-12-2021, 10:27:55 AM
DJ_mux(DJ_mux) used a skinned_leopard 2-12-2021, 10:27:55 AM
DJ_mux(DJ_mux) used a skinned_leopard 2-12-2021, 10:28:00 AM
DJ_mux(DJ_mux) used a skinned_leopard 2-12-2021, 10:28:00 AM
DJ_mux(DJ_mux) used a skinned_leopard 2-12-2021, 10:28:03 AM
DJ_mux(DJ_mux) used a skinned_leopard 2-12-2021, 10:28:04 AM
DJ_mux(DJ_mux) used a skinned_leopard 2-12-2021, 10:28:04 AM
DJ_mux(DJ_mux) used a skinned_leopard 2-12-2021, 10:28:04 AM
DJ_mux(DJ_mux) used a skinned_leopard 2-12-2021, 10:28:04 AM
DJ_mux(DJ_mux) used a skinned_leopard 2-12-2021, 10:28:05 AM
DJ_mux(DJ_mux) used a skinned_leopard 2-12-2021, 10:28:05 AM
DJ_mux(DJ_mux) used a skinned_leopard 2-12-2021, 10:28:05 AM
DJ_mux(DJ_mux) used a skinned_leopard 2-12-2021, 10:28:05 AM
DJ_mux(DJ_mux) used a skinned_leopard 2-12-2021, 10:28:05 AM
DJ_mux(DJ_mux) used a skinned_leopard 2-12-2021, 10:28:06 AM
DJ_mux(DJ_mux) used a skinned_leopard 2-12-2021, 10:28:06 AM
DJ_mux(DJ_mux) used a skinned_leopard 2-12-2021, 10:28:06 AM
DJ_mux(DJ_mux) used a skinned_leopard 2-12-2021, 10:28:06 AM
DJ_mux(DJ_mux) used a skinned_leopard 2-12-2021, 10:28:07 AM
DJ_mux(DJ_mux) used a skinned_leopard 2-12-2021, 10:28:07 AM
DJ_mux(DJ_mux) used a skinned_leopard 2-12-2021, 10:28:07 AM
DJ_mux(DJ_mux) used a skinned_leopard 2-12-2021, 10:28:07 AM
DJ_mux(DJ_mux) used a skinned_leopard 2-12-2021, 10:28:08 AM
DJ_mux(DJ_mux) used a skinned_leopard 2-12-2021, 10:28:08 AM
DJ_mux(DJ_mux) used a skinned_leopard 2-12-2021, 10:28:08 AM
DJ_mux(DJ_mux) used a skinned_leopard 2-12-2021, 10:28:08 AM
DJ_mux(DJ_mux) used a skinned_leopard 2-12-2021, 10:28:09 AM
DJ_mux(DJ_mux) used a skinned_leopard 2-12-2021, 10:28:09 AM
DJ_mux(DJ_mux) used a skinned_leopard 2-12-2021, 10:28:09 AM
DJ_mux(DJ_mux) used a skinned_leopard 2-12-2021, 10:28:09 AM
DJ_mux(DJ_mux) used a skinned_leopard 2-12-2021, 10:28:10 AM
DJ_mux(DJ_mux) used a skinned_leopard 2-12-2021, 10:28:10 AM
DJ_mux(DJ_mux) used a skinned_leopard 2-12-2021, 10:28:10 AM
DJ_mux(DJ_mux) used a skinned_leopard 2-12-2021, 10:28:10 AM
DJ_mux(DJ_mux) used a skinned_leopard 2-12-2021, 10:28:11 AM
DJ_mux(DJ_mux) used a skinned_leopard 2-12-2021, 10:28:11 AM
DJ_mux(DJ_mux) used a skinned_leopard 2-12-2021, 10:28:11 AM
DJ_mux(DJ_mux) used a skinned_leopard 2-12-2021, 10:28:11 AM
DJ_mux(DJ_mux) used a skinned_leopard 2-12-2021, 10:28:12 AM
DJ_mux(DJ_mux) used a skinned_leopard 2-12-2021, 10:28:12 AM
DJ_mux(DJ_mux) used a skinned_leopard 2-12-2021, 10:28:12 AM
DJ_mux(DJ_mux) used a skinned_leopard 2-12-2021, 10:28:12 AM
DJ_mux(DJ_mux) used a skinned_leopard 2-12-2021, 10:28:12 AM
DJ_mux(DJ_mux) used a skinned_leopard 2-12-2021, 10:28:13 AM
DJ_mux(DJ_mux) used a skinned_leopard 2-12-2021, 10:28:13 AM
DJ_mux(DJ_mux) used a skinned_leopard 2-12-2021, 10:28:13 AM
DJ_mux(DJ_mux) used a skinned_leopard 2-12-2021, 10:28:13 AM
DJ_mux(DJ_mux) used a skinned_leopard 2-12-2021, 10:28:14 AM
DJ_mux(DJ_mux) used a skinned_leopard 2-12-2021, 10:28:14 AM
DJ_mux(DJ_mux) used a skinned_leopard 2-12-2021, 10:28:14 AM
DJ_mux(DJ_mux) used a skinned_leopard 2-12-2021, 10:28:14 AM
DJ_mux(DJ_mux) used a skinned_leopard 2-12-2021, 10:28:15 AM
DJ_mux(DJ_mux) used a skinned_leopard 2-12-2021, 10:28:15 AM
DJ_mux(DJ_mux) used a skinned_leopard 2-12-2021, 10:28:15 AM
DJ_mux(DJ_mux) used a skinned_leopard 2-12-2021, 10:28:22 AM
DJ_mux(DJ_mux) used a skinned_leopard 2-12-2021, 10:28:23 AM
DJ_mux(DJ_mux) used a skinned_leopard 2-12-2021, 10:28:23 AM
DJ_mux(DJ_mux) used a skinned_leopard 2-12-2021, 10:28:23 AM
DJ_mux(DJ_mux) used a skinned_leopard 2-12-2021, 10:28:42 AM
DJ_mux(DJ_mux) used a skinned_leopard 2-12-2021, 10:28:43 AM
DJ_mux(DJ_mux) used a skinned_leopard 2-12-2021, 10:28:43 AM
DJ_mux(DJ_mux) used a skinned_leopard 2-12-2021, 10:28:43 AM
DJ_mux(DJ_mux) used a skinned_leopard 2-12-2021, 10:28:43 AM
DJ_mux(DJ_mux) used a skinned_leopard 2-12-2021, 10:28:44 AM
DJ_mux(DJ_mux) used a skinned_leopard 2-12-2021, 10:28:44 AM
DJ_mux(DJ_mux) used a skinned_leopard 2-12-2021, 10:28:44 AM
DJ_mux(DJ_mux) used a skinned_leopard 2-12-2021, 10:28:44 AM
DJ_mux(DJ_mux) used a skinned_leopard 2-12-2021, 10:28:44 AM
DJ_mux(DJ_mux) used a skinned_leopard 2-12-2021, 10:28:45 AM
DJ_mux(DJ_mux) used a skinned_leopard 2-12-2021, 10:28:45 AM
DJ_mux(DJ_mux) used a skinned_leopard 2-12-2021, 10:28:45 AM
DJ_mux(DJ_mux) used a skinned_leopard 2-12-2021, 10:28:45 AM
DJ_mux(DJ_mux) used a skinned_leopard 2-12-2021, 10:28:45 AM
DJ_mux(DJ_mux) used a skinned_leopard 2-12-2021, 10:28:46 AM
DJ_mux(DJ_mux) used a skinned_leopard 2-12-2021, 10:28:46 AM
DJ_mux(DJ_mux) used a skinned_leopard 2-12-2021, 10:28:46 AM
DJ_mux(DJ_mux) used a skinned_leopard 2-12-2021, 10:28:46 AM
DJ_mux(DJ_mux) used a skinned_leopard 2-12-2021, 10:28:47 AM
DJ_mux(DJ_mux) used a skinned_leopard 2-12-2021, 10:28:47 AM
DJ_mux(DJ_mux) used a skinned_leopard 2-12-2021, 10:28:47 AM
DJ_mux(DJ_mux) used a skinned_leopard 2-12-2021, 10:28:49 AM
DJ_mux(DJ_mux) used a skinned_leopard 2-12-2021, 10:28:50 AM
DJ_mux(DJ_mux) used a skinned_leopard 2-12-2021, 10:28:50 AM
DJ_mux(DJ_mux) used a skinned_leopard 2-12-2021, 10:28:50 AM
DJ_mux(DJ_mux) used a skinned_leopard 2-12-2021, 10:28:50 AM
DJ_mux(DJ_mux) used a skinned_leopard 2-12-2021, 10:28:51 AM
DJ_mux(DJ_mux) used a skinned_leopard 2-12-2021, 10:28:51 AM
DJ_mux(DJ_mux) used a skinned_leopard 2-12-2021, 10:28:51 AM
DJ_mux(DJ_mux) used a skinned_leopard 2-12-2021, 10:28:51 AM
DJ_mux(DJ_mux) used a skinned_leopard 2-12-2021, 10:28:52 AM
DJ_mux(DJ_mux) used a skinned_leopard 2-12-2021, 10:28:52 AM
DJ_mux(DJ_mux) used a skinned_leopard 2-12-2021, 10:28:52 AM
DJ_mux(DJ_mux) used a skinned_leopard 2-12-2021, 10:28:53 AM
DJ_mux(DJ_mux) used a skinned_leopard 2-12-2021, 10:28:53 AM
DJ_mux(DJ_mux) used a cutted_leopard_meat 2-12-2021, 10:29:19 AM
DJ_mux(DJ_mux) used a cutted_leopard_meat 2-12-2021, 10:29:19 AM
DJ_mux(DJ_mux) used a cutted_leopard_meat 2-12-2021, 10:29:20 AM
DJ_mux(DJ_mux) used a cutted_leopard_meat 2-12-2021, 10:29:20 AM
DJ_mux(DJ_mux) used a cutted_leopard_meat 2-12-2021, 10:29:20 AM
DJ_mux(DJ_mux) used a cutted_leopard_meat 2-12-2021, 10:29:20 AM
DJ_mux(DJ_mux) used a leopard_skin 2-12-2021, 10:29:32 AM
DJ_mux(DJ_mux) used a leopard_skin 2-12-2021, 10:29:33 AM
DJ_mux(DJ_mux) used a leopard_skin 2-12-2021, 10:29:33 AM
DJ_mux(DJ_mux) used a leopard_skin 2-12-2021, 10:29:33 AM
DJ_mux(DJ_mux) used a gorilla_skin 2-12-2021, 10:29:40 AM
DJ_mux(DJ_mux) used a carrier_missile 2-12-2021, 10:32:16 AM
DJ_mux(DJ_mux) used a carrier_missile 2-12-2021, 10:32:45 AM
DJ_mux(DJ_mux) used a carrier_missile 2-12-2021, 10:35:03 AM
DJ_mux(DJ_mux) used a tk_ultra_health_potion 2-12-2021, 10:35:12 AM
DJ_mux(DJ_mux) used a stp429_mini_missile 2-12-2021, 10:35:56 AM
DJ_mux(DJ_mux) used a stp429_mini_missile 2-12-2021, 10:35:56 AM
DJ_mux(DJ_mux) used a stp429_mini_missile 2-12-2021, 10:36:59 AM
DJ_mux(DJ_mux) used a tk_ultra_health_potion 2-12-2021, 10:37:02 AM
DJ_mux(DJ_mux) used a stp429_mini_missile 2-12-2021, 10:37:25 AM
DJ_mux(DJ_mux) used a stp429_mini_missile 2-12-2021, 10:37:25 AM
DJ_mux(DJ_mux) used a stp429_mini_missile 2-12-2021, 10:37:25 AM
DJ_mux(DJ_mux) used a stp429_mini_missile 2-12-2021, 10:37:31 AM
DJ_mux(DJ_mux) used a stp429_mini_missile 2-12-2021, 10:37:31 AM
DJ_mux(DJ_mux) used a stp429_mini_missile 2-12-2021, 10:37:31 AM
DJ_mux(DJ_mux) used a stp429_mini_missile 2-12-2021, 10:37:32 AM
DJ_mux(DJ_mux) used a stp429_mini_missile 2-12-2021, 10:37:32 AM
DJ_mux(DJ_mux) used a stp429_mini_missile 2-12-2021, 10:37:33 AM
DJ_mux(DJ_mux) used a stp429_mini_missile 2-12-2021, 10:37:33 AM
DJ_mux(DJ_mux) used a stp429_mini_missile 2-12-2021, 10:37:33 AM
DJ_mux(DJ_mux) used a stp429_mini_missile 2-12-2021, 10:37:34 AM
DJ_mux(DJ_mux) used a shield 2-12-2021, 10:40:34 AM
DJ_mux(DJ_mux) used a shield 2-12-2021, 10:40:34 AM
DJ_mux(DJ_mux) used a shield 2-12-2021, 10:40:34 AM
DJ_mux(DJ_mux) used a shield 2-12-2021, 10:40:34 AM
DJ_mux(DJ_mux) used a shield 2-12-2021, 10:40:35 AM
DJ_mux(DJ_mux) used a shield 2-12-2021, 10:40:35 AM
DJ_mux(DJ_mux) used a tk_ultra_health_potion 2-12-2021, 10:40:37 AM
DJ_mux(DJ_mux) used a suicide_bomb 2-12-2021, 10:43:36 AM
DJ_mux(DJ_mux) used a suicide_bomb 2-12-2021, 10:43:36 AM
DJ_mux(DJ_mux) used a health_orb 2-12-2021, 10:44:26 AM
DJ_mux(DJ_mux) used a health_orb 2-12-2021, 10:44:50 AM
DJ_mux(DJ_mux) used a health_orb 2-12-2021, 10:44:50 AM
DJ_mux(DJ_mux) used a health_orb 2-12-2021, 10:44:51 AM
DJ_mux(DJ_mux) used a health_orb 2-12-2021, 10:44:51 AM
DJ_mux(DJ_mux) used a health_orb 2-12-2021, 10:44:52 AM
DJ_mux(DJ_mux) used a health_orb 2-12-2021, 10:44:52 AM
DJ_mux(DJ_mux) used a health_orb 2-12-2021, 10:44:54 AM
DJ_mux(DJ_mux) used a health_orb 2-12-2021, 10:44:56 AM
DJ_mux(DJ_mux) used a health_orb 2-12-2021, 10:44:57 AM
DJ_mux(DJ_mux) used a health_orb 2-12-2021, 10:45:12 AM
DJ_mux(DJ_mux) used a health_orb 2-12-2021, 10:45:20 AM
DJ_mux(DJ_mux) used a health_orb 2-12-2021, 10:45:35 AM
DJ_mux(DJ_mux) used a pack_of_10_antibiotic 2-12-2021, 10:46:52 AM
DJ_mux(DJ_mux) used a pack_of_15_shield 2-12-2021, 10:46:55 AM
DJ_mux(DJ_mux) used a pack_of_5_mass_bomb 2-12-2021, 10:46:58 AM
DJ_mux(DJ_mux) used a air_canister 2-12-2021, 10:47:15 AM
DJ_mux(DJ_mux) used a antibiotic 2-12-2021, 10:47:19 AM
DJ_mux(DJ_mux) used a antibiotic 2-12-2021, 10:47:19 AM
DJ_mux(DJ_mux) used a pack_of_100_empty_beer_bottle 2-12-2021, 10:48:58 AM
DJ_mux(DJ_mux) used a pack_of_100_empty_beer_bottle 2-12-2021, 10:48:58 AM
DJ_mux(DJ_mux) used a pack_of_100_empty_beer_bottle 2-12-2021, 10:48:58 AM
DJ_mux(DJ_mux) used a pack_of_100_empty_beer_bottle 2-12-2021, 10:49:34 AM
DJ_mux(DJ_mux) used a pack_of_100_empty_beer_bottle 2-12-2021, 10:49:34 AM
DJ_mux(DJ_mux) used a pack_of_100_empty_beer_bottle 2-12-2021, 10:51:39 AM
DJ_mux(DJ_mux) used a pack_of_100_empty_beer_bottle 2-12-2021, 10:51:40 AM
DJ_mux(DJ_mux) used a pack_of_100_empty_beer_bottle 2-12-2021, 10:51:40 AM
DJ_mux(DJ_mux) used a pack_of_100_empty_beer_bottle 2-12-2021, 10:51:40 AM
DJ_mux(DJ_mux) used a pack_of_100_empty_beer_bottle 2-12-2021, 10:52:23 AM
DJ_mux(DJ_mux) used a pack_of_100_empty_beer_bottle 2-12-2021, 10:52:23 AM
DJ_mux(DJ_mux) used a pack_of_100_empty_beer_bottle 2-12-2021, 10:52:55 AM
DJ_mux(DJ_mux) used a pack_of_100_empty_beer_bottle 2-12-2021, 3:04:05 PM
DJ_mux(DJ_mux) used a pack_of_100_empty_beer_bottle 2-12-2021, 3:04:05 PM
DJ_mux(DJ_mux) used a pack_of_100_empty_beer_bottle 2-12-2021, 3:04:05 PM
DJ_mux(DJ_mux) used a pack_of_100_empty_beer_bottle 2-12-2021, 3:04:05 PM
DJ_mux(DJ_mux) used a pack_of_100_empty_beer_bottle 2-12-2021, 3:04:06 PM
DJ_mux(DJ_mux) used a hand_cannon 2-12-2021, 4:13:54 PM
DJ_mux(DJ_mux) used a xp_box 2-12-2021, 4:15:18 PM
DJ_mux(DJ_mux) used a xp_box 2-12-2021, 4:15:18 PM
DJ_mux(DJ_mux) used a gift 2-12-2021, 4:17:23 PM
DJ_mux(DJ_mux) used a gift 2-12-2021, 4:17:24 PM
DJ_mux(DJ_mux) used a pack_of_69_ball 2-12-2021, 4:18:16 PM
DJ_mux(DJ_mux) used a pack_of_69_ball 2-12-2021, 4:18:17 PM
DJ_mux(DJ_mux) used a ball 2-12-2021, 4:21:16 PM
DJ_mux(DJ_mux) used a ball 2-12-2021, 4:21:17 PM
DJ_mux(DJ_mux) used a ball 2-12-2021, 4:21:18 PM
DJ_mux(DJ_mux) used a ball 2-12-2021, 4:21:18 PM
DJ_mux(DJ_mux) used a ball 2-12-2021, 4:21:19 PM
DJ_mux(DJ_mux) used a ball 2-12-2021, 4:21:25 PM
DJ_mux(DJ_mux) used a ball 2-12-2021, 4:22:33 PM
DJ_mux(DJ_mux) used a ball 2-12-2021, 4:22:34 PM
DJ_mux(DJ_mux) used a wood_pack 2-12-2021, 4:23:01 PM
DJ_mux(DJ_mux) used a the_legendary_sword 2-12-2021, 4:23:57 PM
DJ_mux(DJ_mux) used a pack_of_69_ball 2-12-2021, 4:29:32 PM
DJ_mux(DJ_mux) used a pack_of_69_ball 2-12-2021, 4:29:33 PM
DJ_mux(DJ_mux) used a pack_of_69_ball 2-12-2021, 4:29:33 PM
DJ_mux(DJ_mux) used a pack_of_69_ball 2-12-2021, 4:29:33 PM
DJ_mux(DJ_mux) used a pack_of_69_ball 2-12-2021, 4:29:33 PM
DJ_mux(DJ_mux) used a pack_of_69_ball 2-12-2021, 4:29:33 PM
DJ_mux(DJ_mux) used a pack_of_69_ball 2-12-2021, 4:29:34 PM
DJ_mux(DJ_mux) used a pack_of_69_ball 2-12-2021, 4:29:34 PM
DJ_mux(DJ_mux) used a pack_of_69_ball 2-12-2021, 4:29:34 PM
DJ_mux(DJ_mux) used a pack_of_69_ball 2-12-2021, 4:29:34 PM
DJ_mux(DJ_mux) used a pack_of_69_ball 2-12-2021, 4:29:34 PM
DJ_mux(DJ_mux) used a pack_of_69_ball 2-12-2021, 4:29:35 PM
DJ_mux(DJ_mux) used a pack_of_69_ball 2-12-2021, 4:29:39 PM
DJ_mux(DJ_mux) used a pack_of_69_ball 2-12-2021, 4:29:39 PM
DJ_mux(DJ_mux) used a pack_of_69_ball 2-12-2021, 4:29:39 PM
DJ_mux(DJ_mux) used a pack_of_69_ball 2-12-2021, 4:29:39 PM
DJ_mux(DJ_mux) used a pack_of_69_ball 2-12-2021, 4:29:39 PM
DJ_mux(DJ_mux) used a pack_of_69_ball 2-12-2021, 4:29:40 PM
DJ_mux(DJ_mux) used a pack_of_69_ball 2-12-2021, 4:29:40 PM
DJ_mux(DJ_mux) used a pack_of_69_ball 2-12-2021, 4:29:40 PM
DJ_mux(DJ_mux) used a pack_of_69_ball 2-12-2021, 4:29:40 PM
DJ_mux(DJ_mux) used a pack_of_69_ball 2-12-2021, 4:29:40 PM
DJ_mux(DJ_mux) used a pack_of_69_ball 2-12-2021, 4:29:40 PM
DJ_mux(DJ_mux) used a pack_of_69_ball 2-12-2021, 4:29:41 PM
DJ_mux(DJ_mux) used a pack_of_69_ball 2-12-2021, 4:29:41 PM
DJ_mux(DJ_mux) used a pack_of_69_ball 2-12-2021, 4:29:41 PM
DJ_mux(DJ_mux) used a pack_of_69_ball 2-12-2021, 4:29:41 PM
DJ_mux(DJ_mux) used a pack_of_69_ball 2-12-2021, 4:29:41 PM
DJ_mux(DJ_mux) used a pack_of_69_ball 2-12-2021, 4:29:42 PM
DJ_mux(DJ_mux) used a pack_of_69_ball 2-12-2021, 4:29:42 PM
DJ_mux(DJ_mux) used a pack_of_69_ball 2-12-2021, 4:29:42 PM
DJ_mux(DJ_mux) used a pack_of_69_ball 2-12-2021, 4:29:42 PM
DJ_mux(DJ_mux) used a pack_of_69_ball 2-12-2021, 4:29:42 PM
DJ_mux(DJ_mux) used a pack_of_69_ball 2-12-2021, 4:29:43 PM
DJ_mux(DJ_mux) used a pack_of_69_ball 2-12-2021, 4:29:43 PM
DJ_mux(DJ_mux) used a pack_of_69_ball 2-12-2021, 4:29:43 PM
DJ_mux(DJ_mux) used a pack_of_69_ball 2-12-2021, 4:29:43 PM
DJ_mux(DJ_mux) used a pack_of_69_ball 2-12-2021, 4:29:43 PM
DJ_mux(DJ_mux) used a pack_of_69_ball 2-12-2021, 4:29:44 PM
DJ_mux(DJ_mux) used a pack_of_69_ball 2-12-2021, 4:29:44 PM
DJ_mux(DJ_mux) used a pack_of_69_ball 2-12-2021, 4:29:44 PM
DJ_mux(DJ_mux) used a pack_of_69_ball 2-12-2021, 4:29:44 PM
DJ_mux(DJ_mux) used a pack_of_69_ball 2-12-2021, 4:29:44 PM
DJ_mux(DJ_mux) used a pack_of_69_ball 2-12-2021, 4:29:44 PM
DJ_mux(DJ_mux) used a pack_of_69_ball 2-12-2021, 4:29:45 PM
DJ_mux(DJ_mux) used a pack_of_69_ball 2-12-2021, 4:29:45 PM
DJ_mux(DJ_mux) used a pack_of_69_ball 2-12-2021, 4:29:45 PM
DJ_mux(DJ_mux) used a pack_of_69_ball 2-12-2021, 4:29:45 PM
DJ_mux(DJ_mux) used a pack_of_69_ball 2-12-2021, 4:29:45 PM
DJ_mux(DJ_mux) used a pack_of_69_ball 2-12-2021, 4:29:46 PM
DJ_mux(DJ_mux) used a pack_of_69_ball 2-12-2021, 4:29:46 PM
DJ_mux(DJ_mux) used a pack_of_69_ball 2-12-2021, 4:29:46 PM
DJ_mux(DJ_mux) used a pack_of_69_ball 2-12-2021, 4:29:46 PM
DJ_mux(DJ_mux) used a pack_of_69_ball 2-12-2021, 4:29:46 PM
DJ_mux(DJ_mux) used a pack_of_69_ball 2-12-2021, 4:29:47 PM
DJ_mux(DJ_mux) used a pack_of_69_ball 2-12-2021, 4:29:47 PM
DJ_mux(DJ_mux) used a pack_of_69_ball 2-12-2021, 4:29:47 PM
DJ_mux(DJ_mux) used a pack_of_69_ball 2-12-2021, 4:29:47 PM
DJ_mux(DJ_mux) used a pack_of_69_ball 2-12-2021, 4:29:47 PM
DJ_mux(DJ_mux) used a pack_of_69_ball 2-12-2021, 4:29:48 PM
DJ_mux(DJ_mux) used a pack_of_69_ball 2-12-2021, 4:29:48 PM
DJ_mux(DJ_mux) used a pack_of_69_ball 2-12-2021, 4:29:48 PM
DJ_mux(DJ_mux) used a pack_of_69_ball 2-12-2021, 4:29:48 PM
DJ_mux(DJ_mux) used a pack_of_69_ball 2-12-2021, 4:29:48 PM
DJ_mux(DJ_mux) used a pack_of_69_ball 2-12-2021, 4:29:48 PM
DJ_mux(DJ_mux) used a pack_of_69_ball 2-12-2021, 4:29:49 PM
DJ_mux(DJ_mux) used a pack_of_69_ball 2-12-2021, 4:29:49 PM
DJ_mux(DJ_mux) used a music_box 2-12-2021, 4:30:05 PM
DJ_mux(DJ_mux) used a the_legendary_sword 2-12-2021, 4:37:36 PM
DJ_mux(DJ_mux) used a shield 2-12-2021, 4:42:27 PM
DJ_mux(DJ_mux) used a shield 2-12-2021, 4:42:27 PM
DJ_mux(DJ_mux) used a shield 2-12-2021, 4:42:27 PM
DJ_mux(DJ_mux) used a shield 2-12-2021, 4:42:27 PM
DJ_mux(DJ_mux) used a shield 2-12-2021, 4:42:27 PM
DJ_mux(DJ_mux) used a shield 2-12-2021, 4:42:28 PM
DJ_mux(DJ_mux) used a shield 2-12-2021, 4:42:28 PM
DJ_mux(DJ_mux) used a shield 2-12-2021, 4:42:28 PM
DJ_mux(DJ_mux) used a shield 2-12-2021, 4:42:28 PM
DJ_mux(DJ_mux) used a shield 2-12-2021, 4:42:28 PM
DJ_mux(DJ_mux) used a shield 2-12-2021, 4:42:28 PM
DJ_mux(DJ_mux) used a shield 2-12-2021, 4:42:29 PM
DJ_mux(DJ_mux) used a shield 2-12-2021, 4:42:29 PM
DJ_mux(DJ_mux) used a shield 2-12-2021, 4:42:29 PM
DJ_mux(DJ_mux) used a tk_ultra_health_potion 2-12-2021, 4:42:33 PM
DJ_mux(DJ_mux) used a dead_wolf 2-12-2021, 4:42:57 PM
DJ_mux(DJ_mux) used a dead_wolf 2-12-2021, 4:42:57 PM
DJ_mux(DJ_mux) used a dead_wolf 2-12-2021, 4:43:07 PM
DJ_mux(DJ_mux) used a dead_wolf 2-12-2021, 4:43:07 PM
DJ_mux(DJ_mux) used a dead_wolf 2-12-2021, 4:43:07 PM
DJ_mux(DJ_mux) used a dead_wolf 2-12-2021, 4:43:07 PM
DJ_mux(DJ_mux) used a dead_wolf 2-12-2021, 4:43:07 PM
DJ_mux(DJ_mux) used a dead_wolf 2-12-2021, 4:43:08 PM
DJ_mux(DJ_mux) used a dead_wolf 2-12-2021, 4:43:11 PM
DJ_mux(DJ_mux) used a dead_wolf 2-12-2021, 4:43:12 PM
DJ_mux(DJ_mux) used a dead_wolf 2-12-2021, 4:43:12 PM
DJ_mux(DJ_mux) used a dead_wolf 2-12-2021, 4:43:12 PM
DJ_mux(DJ_mux) used a dead_wolf 2-12-2021, 4:43:12 PM
DJ_mux(DJ_mux) used a dead_wolf 2-12-2021, 4:43:12 PM
DJ_mux(DJ_mux) used a dead_wolf 2-12-2021, 4:43:13 PM
DJ_mux(DJ_mux) used a dead_wolf 2-12-2021, 4:43:13 PM
DJ_mux(DJ_mux) used a dead_wolf 2-12-2021, 4:43:13 PM
DJ_mux(DJ_mux) used a dead_wolf 2-12-2021, 4:43:13 PM
DJ_mux(DJ_mux) used a dead_wolf 2-12-2021, 4:43:13 PM
DJ_mux(DJ_mux) used a dead_wolf 2-12-2021, 4:43:14 PM
DJ_mux(DJ_mux) used a dead_wolf 2-12-2021, 4:43:14 PM
DJ_mux(DJ_mux) used a dead_wolf 2-12-2021, 4:43:14 PM
DJ_mux(DJ_mux) used a dead_wolf 2-12-2021, 4:43:14 PM
DJ_mux(DJ_mux) used a dead_wolf 2-12-2021, 4:43:14 PM
DJ_mux(DJ_mux) used a dead_wolf 2-12-2021, 4:43:15 PM
DJ_mux(DJ_mux) used a dead_wolf 2-12-2021, 4:43:15 PM
DJ_mux(DJ_mux) used a dead_wolf 2-12-2021, 4:43:15 PM
DJ_mux(DJ_mux) used a dead_wolf 2-12-2021, 4:43:15 PM
DJ_mux(DJ_mux) used a dead_wolf 2-12-2021, 4:43:16 PM
DJ_mux(DJ_mux) used a dead_wolf 2-12-2021, 4:43:16 PM
DJ_mux(DJ_mux) used a dead_wolf 2-12-2021, 4:43:16 PM
DJ_mux(DJ_mux) used a dead_wolf 2-12-2021, 4:43:16 PM
DJ_mux(DJ_mux) used a dead_wolf 2-12-2021, 4:43:16 PM
DJ_mux(DJ_mux) used a dead_wolf 2-12-2021, 4:43:17 PM
DJ_mux(DJ_mux) used a dead_wolf 2-12-2021, 4:43:17 PM
DJ_mux(DJ_mux) used a dead_wolf 2-12-2021, 4:43:17 PM
DJ_mux(DJ_mux) used a dead_wolf 2-12-2021, 4:43:17 PM
DJ_mux(DJ_mux) used a dead_wolf 2-12-2021, 4:43:17 PM
DJ_mux(DJ_mux) used a dead_wolf 2-12-2021, 4:43:18 PM
DJ_mux(DJ_mux) used a dead_wolf 2-12-2021, 4:43:18 PM
DJ_mux(DJ_mux) used a dead_wolf 2-12-2021, 4:43:18 PM
DJ_mux(DJ_mux) used a dead_wolf 2-12-2021, 4:43:18 PM
DJ_mux(DJ_mux) used a dead_wolf 2-12-2021, 4:43:18 PM
DJ_mux(DJ_mux) used a dead_wolf 2-12-2021, 4:43:19 PM
DJ_mux(DJ_mux) used a dead_wolf 2-12-2021, 4:43:19 PM
DJ_mux(DJ_mux) used a dead_wolf 2-12-2021, 4:43:19 PM
DJ_mux(DJ_mux) used a dead_wolf 2-12-2021, 4:43:19 PM
DJ_mux(DJ_mux) used a dead_wolf 2-12-2021, 4:43:20 PM
DJ_mux(DJ_mux) used a dead_wolf 2-12-2021, 4:43:20 PM
DJ_mux(DJ_mux) used a dead_wolf 2-12-2021, 4:43:20 PM
DJ_mux(DJ_mux) used a dead_wolf 2-12-2021, 4:43:20 PM
DJ_mux(DJ_mux) used a dead_wolf 2-12-2021, 4:43:20 PM
DJ_mux(DJ_mux) used a dead_wolf 2-12-2021, 4:43:20 PM
DJ_mux(DJ_mux) used a dead_wolf 2-12-2021, 4:43:21 PM
DJ_mux(DJ_mux) used a dead_wolf 2-12-2021, 4:43:21 PM
DJ_mux(DJ_mux) used a dead_wolf 2-12-2021, 4:43:21 PM
DJ_mux(DJ_mux) used a dead_wolf 2-12-2021, 4:43:21 PM
DJ_mux(DJ_mux) used a dead_wolf 2-12-2021, 4:43:21 PM
DJ_mux(DJ_mux) used a dead_wolf 2-12-2021, 4:43:22 PM
DJ_mux(DJ_mux) used a dead_wolf 2-12-2021, 4:43:22 PM
DJ_mux(DJ_mux) used a dead_wolf 2-12-2021, 4:43:22 PM
DJ_mux(DJ_mux) used a dead_wolf 2-12-2021, 4:43:22 PM
DJ_mux(DJ_mux) used a dead_wolf 2-12-2021, 4:43:22 PM
DJ_mux(DJ_mux) used a dead_wolf 2-12-2021, 4:43:23 PM
DJ_mux(DJ_mux) used a dead_wolf 2-12-2021, 4:43:23 PM
DJ_mux(DJ_mux) used a dead_wolf 2-12-2021, 4:43:23 PM
DJ_mux(DJ_mux) used a dead_wolf 2-12-2021, 4:43:23 PM
DJ_mux(DJ_mux) used a dead_wolf 2-12-2021, 4:43:24 PM
DJ_mux(DJ_mux) used a dead_wolf 2-12-2021, 4:43:24 PM
DJ_mux(DJ_mux) used a dead_wolf 2-12-2021, 4:43:24 PM
DJ_mux(DJ_mux) used a dead_wolf 2-12-2021, 4:43:24 PM
DJ_mux(DJ_mux) used a dead_wolf 2-12-2021, 4:43:25 PM
DJ_mux(DJ_mux) used a dead_wolf 2-12-2021, 4:43:25 PM
DJ_mux(DJ_mux) used a dead_wolf 2-12-2021, 4:43:25 PM
DJ_mux(DJ_mux) used a dead_wolf 2-12-2021, 4:43:25 PM
DJ_mux(DJ_mux) used a dead_wolf 2-12-2021, 4:43:25 PM
DJ_mux(DJ_mux) used a dead_wolf 2-12-2021, 4:43:26 PM
DJ_mux(DJ_mux) used a dead_wolf 2-12-2021, 4:43:26 PM
DJ_mux(DJ_mux) used a dead_wolf 2-12-2021, 4:43:26 PM
DJ_mux(DJ_mux) used a dead_wolf 2-12-2021, 4:43:26 PM
DJ_mux(DJ_mux) used a dead_wolf 2-12-2021, 4:43:26 PM
DJ_mux(DJ_mux) used a dead_wolf 2-12-2021, 4:43:27 PM
DJ_mux(DJ_mux) used a dead_wolf 2-12-2021, 4:43:27 PM
DJ_mux(DJ_mux) used a dead_wolf 2-12-2021, 4:43:27 PM
DJ_mux(DJ_mux) used a dead_wolf 2-12-2021, 4:43:27 PM
DJ_mux(DJ_mux) used a dead_wolf 2-12-2021, 4:43:27 PM
DJ_mux(DJ_mux) used a dead_wolf 2-12-2021, 4:43:28 PM
DJ_mux(DJ_mux) used a dead_wolf 2-12-2021, 4:43:28 PM
DJ_mux(DJ_mux) used a dead_wolf 2-12-2021, 4:43:28 PM
DJ_mux(DJ_mux) used a dead_wolf 2-12-2021, 4:43:28 PM
DJ_mux(DJ_mux) used a dead_wolf 2-12-2021, 4:43:29 PM
DJ_mux(DJ_mux) used a dead_wolf 2-12-2021, 4:43:29 PM
DJ_mux(DJ_mux) used a dead_wolf 2-12-2021, 4:43:29 PM
DJ_mux(DJ_mux) used a dead_wolf 2-12-2021, 4:43:29 PM
DJ_mux(DJ_mux) used a dead_wolf 2-12-2021, 4:43:29 PM
DJ_mux(DJ_mux) used a dead_wolf 2-12-2021, 4:43:30 PM
DJ_mux(DJ_mux) used a dead_wolf 2-12-2021, 4:43:30 PM
DJ_mux(DJ_mux) used a dead_wolf 2-12-2021, 4:43:30 PM
DJ_mux(DJ_mux) used a dead_wolf 2-12-2021, 4:43:30 PM
DJ_mux(DJ_mux) used a dead_wolf 2-12-2021, 4:43:31 PM
DJ_mux(DJ_mux) used a dead_wolf 2-12-2021, 4:43:31 PM
DJ_mux(DJ_mux) used a dead_wolf 2-12-2021, 4:43:31 PM
DJ_mux(DJ_mux) used a dead_wolf 2-12-2021, 4:43:31 PM
DJ_mux(DJ_mux) used a dead_wolf 2-12-2021, 4:43:32 PM
DJ_mux(DJ_mux) used a dead_wolf 2-12-2021, 4:43:32 PM
DJ_mux(DJ_mux) used a dead_wolf 2-12-2021, 4:43:32 PM
DJ_mux(DJ_mux) used a dead_wolf 2-12-2021, 4:43:32 PM
DJ_mux(DJ_mux) used a dead_wolf 2-12-2021, 4:43:32 PM
DJ_mux(DJ_mux) used a dead_wolf 2-12-2021, 4:43:33 PM
DJ_mux(DJ_mux) used a dead_wolf 2-12-2021, 4:43:33 PM
DJ_mux(DJ_mux) used a dead_wolf 2-12-2021, 4:43:33 PM
DJ_mux(DJ_mux) used a dead_wolf 2-12-2021, 4:43:33 PM
DJ_mux(DJ_mux) used a dead_wolf 2-12-2021, 4:43:34 PM
DJ_mux(DJ_mux) used a antibiotic 2-12-2021, 4:44:12 PM
DJ_mux(DJ_mux) used a wolf_skin 2-12-2021, 4:44:17 PM
DJ_mux(DJ_mux) used a antibiotic 2-12-2021, 4:48:16 PM
DJ_mux(DJ_mux) used a antibiotic 2-12-2021, 4:48:16 PM
DJ_mux(DJ_mux) used a antibiotic 2-12-2021, 4:48:34 PM
DJ_mux(DJ_mux) used a antibiotic 2-12-2021, 4:48:50 PM
DJ_mux(DJ_mux) used a fight_inviter 2-12-2021, 4:48:54 PM
DJ_mux(DJ_mux) used a empty_beer_bottle 2-12-2021, 4:51:30 PM
DJ_mux(DJ_mux) used a empty_beer_bottle 2-12-2021, 4:52:21 PM
DJ_mux(DJ_mux) used a dead_leopard 2-12-2021, 4:52:50 PM
DJ_mux(DJ_mux) used a dead_leopard 2-12-2021, 4:52:50 PM
DJ_mux(DJ_mux) used a dead_leopard 2-12-2021, 4:52:51 PM
DJ_mux(DJ_mux) used a dead_leopard 2-12-2021, 4:52:51 PM
DJ_mux(DJ_mux) used a dead_leopard 2-12-2021, 4:52:51 PM
DJ_mux(DJ_mux) used a dead_leopard 2-12-2021, 4:52:51 PM
DJ_mux(DJ_mux) used a dead_leopard 2-12-2021, 4:52:51 PM
DJ_mux(DJ_mux) used a dead_leopard 2-12-2021, 4:52:52 PM
DJ_mux(DJ_mux) used a dead_leopard 2-12-2021, 4:52:52 PM
DJ_mux(DJ_mux) used a dead_leopard 2-12-2021, 4:52:52 PM
DJ_mux(DJ_mux) used a dead_leopard 2-12-2021, 4:52:52 PM
DJ_mux(DJ_mux) used a dead_leopard 2-12-2021, 4:52:53 PM
DJ_mux(DJ_mux) used a dead_leopard 2-12-2021, 4:52:53 PM
DJ_mux(DJ_mux) used a dead_leopard 2-12-2021, 4:52:53 PM
DJ_mux(DJ_mux) used a dead_leopard 2-12-2021, 4:52:53 PM
DJ_mux(DJ_mux) used a dead_leopard 2-12-2021, 4:52:53 PM
DJ_mux(DJ_mux) used a dead_leopard 2-12-2021, 4:52:54 PM
DJ_mux(DJ_mux) used a dead_leopard 2-12-2021, 4:52:54 PM
DJ_mux(DJ_mux) used a dead_leopard 2-12-2021, 4:52:54 PM
DJ_mux(DJ_mux) used a dead_leopard 2-12-2021, 4:52:54 PM
DJ_mux(DJ_mux) used a dead_leopard 2-12-2021, 4:52:55 PM
DJ_mux(DJ_mux) used a dead_leopard 2-12-2021, 4:52:55 PM
DJ_mux(DJ_mux) used a dead_leopard 2-12-2021, 4:52:55 PM
DJ_mux(DJ_mux) used a dead_leopard 2-12-2021, 4:52:55 PM
DJ_mux(DJ_mux) used a dead_leopard 2-12-2021, 4:52:56 PM
DJ_mux(DJ_mux) used a dead_leopard 2-12-2021, 4:52:56 PM
DJ_mux(DJ_mux) used a dead_leopard 2-12-2021, 4:52:56 PM
DJ_mux(DJ_mux) used a dead_leopard 2-12-2021, 4:52:56 PM
DJ_mux(DJ_mux) used a dead_leopard 2-12-2021, 4:52:57 PM
DJ_mux(DJ_mux) used a dead_leopard 2-12-2021, 4:52:57 PM
DJ_mux(DJ_mux) used a dead_leopard 2-12-2021, 4:52:57 PM
DJ_mux(DJ_mux) used a dead_leopard 2-12-2021, 4:52:57 PM
DJ_mux(DJ_mux) used a dead_leopard 2-12-2021, 4:52:57 PM
DJ_mux(DJ_mux) used a dead_leopard 2-12-2021, 4:52:58 PM
DJ_mux(DJ_mux) used a dead_leopard 2-12-2021, 4:52:58 PM
DJ_mux(DJ_mux) used a dead_leopard 2-12-2021, 4:52:58 PM
DJ_mux(DJ_mux) used a dead_leopard 2-12-2021, 4:52:58 PM
DJ_mux(DJ_mux) used a dead_leopard 2-12-2021, 4:52:59 PM
DJ_mux(DJ_mux) used a dead_leopard 2-12-2021, 4:52:59 PM
DJ_mux(DJ_mux) used a dead_leopard 2-12-2021, 4:52:59 PM
DJ_mux(DJ_mux) used a dead_leopard 2-12-2021, 4:52:59 PM
DJ_mux(DJ_mux) used a dead_leopard 2-12-2021, 4:53:00 PM
DJ_mux(DJ_mux) used a dead_leopard 2-12-2021, 4:53:00 PM
DJ_mux(DJ_mux) used a dead_leopard 2-12-2021, 4:53:00 PM
DJ_mux(DJ_mux) used a dead_leopard 2-12-2021, 4:53:00 PM
DJ_mux(DJ_mux) used a dead_leopard 2-12-2021, 4:53:00 PM
DJ_mux(DJ_mux) used a dead_leopard 2-12-2021, 4:53:01 PM
DJ_mux(DJ_mux) used a dead_leopard 2-12-2021, 4:53:01 PM
DJ_mux(DJ_mux) used a dead_leopard 2-12-2021, 4:53:01 PM
DJ_mux(DJ_mux) used a dead_leopard 2-12-2021, 4:53:01 PM
DJ_mux(DJ_mux) used a dead_leopard 2-12-2021, 4:53:02 PM
DJ_mux(DJ_mux) used a dead_leopard 2-12-2021, 4:53:02 PM
DJ_mux(DJ_mux) used a dead_leopard 2-12-2021, 4:53:02 PM
DJ_mux(DJ_mux) used a dead_leopard 2-12-2021, 4:53:02 PM
DJ_mux(DJ_mux) used a dead_leopard 2-12-2021, 4:53:06 PM
DJ_mux(DJ_mux) used a dead_leopard 2-12-2021, 4:53:06 PM
DJ_mux(DJ_mux) used a dead_leopard 2-12-2021, 4:53:07 PM
DJ_mux(DJ_mux) used a dead_leopard 2-12-2021, 4:53:07 PM
DJ_mux(DJ_mux) used a dead_leopard 2-12-2021, 4:53:07 PM
DJ_mux(DJ_mux) used a dead_leopard 2-12-2021, 4:53:07 PM
DJ_mux(DJ_mux) used a dead_leopard 2-12-2021, 4:53:08 PM
DJ_mux(DJ_mux) used a dead_leopard 2-12-2021, 4:53:08 PM
DJ_mux(DJ_mux) used a dead_leopard 2-12-2021, 4:53:08 PM
DJ_mux(DJ_mux) used a dead_leopard 2-12-2021, 4:53:08 PM
DJ_mux(DJ_mux) used a dead_leopard 2-12-2021, 4:53:09 PM
DJ_mux(DJ_mux) used a dead_leopard 2-12-2021, 4:53:09 PM
DJ_mux(DJ_mux) used a dead_leopard 2-12-2021, 4:53:09 PM
DJ_mux(DJ_mux) used a dead_leopard 2-12-2021, 4:53:09 PM
DJ_mux(DJ_mux) used a dead_leopard 2-12-2021, 4:53:10 PM
DJ_mux(DJ_mux) used a dead_leopard 2-12-2021, 4:53:10 PM
DJ_mux(DJ_mux) used a dead_leopard 2-12-2021, 4:53:10 PM
DJ_mux(DJ_mux) used a dead_leopard 2-12-2021, 4:53:10 PM
DJ_mux(DJ_mux) used a dead_leopard 2-12-2021, 4:53:11 PM
DJ_mux(DJ_mux) used a dead_leopard 2-12-2021, 4:53:18 PM
DJ_mux(DJ_mux) used a dead_leopard 2-12-2021, 4:53:18 PM
DJ_mux(DJ_mux) used a dead_leopard 2-12-2021, 4:53:18 PM
DJ_mux(DJ_mux) used a dead_leopard 2-12-2021, 4:53:31 PM
DJ_mux(DJ_mux) used a dead_leopard 2-12-2021, 4:53:31 PM
DJ_mux(DJ_mux) used a dead_leopard 2-12-2021, 4:53:32 PM
DJ_mux(DJ_mux) used a dead_leopard 2-12-2021, 4:53:32 PM
DJ_mux(DJ_mux) used a dead_leopard 2-12-2021, 4:53:32 PM
DJ_mux(DJ_mux) used a dead_leopard 2-12-2021, 4:53:32 PM
DJ_mux(DJ_mux) used a dead_leopard 2-12-2021, 4:53:33 PM
DJ_mux(DJ_mux) used a dead_leopard 2-12-2021, 4:53:33 PM
DJ_mux(DJ_mux) used a dead_leopard 2-12-2021, 4:53:33 PM
DJ_mux(DJ_mux) used a dead_leopard 2-12-2021, 4:53:33 PM
DJ_mux(DJ_mux) used a dead_leopard 2-12-2021, 4:53:33 PM
DJ_mux(DJ_mux) used a dead_leopard 2-12-2021, 4:53:34 PM
DJ_mux(DJ_mux) used a dead_leopard 2-12-2021, 4:53:34 PM
DJ_mux(DJ_mux) used a dead_leopard 2-12-2021, 4:53:34 PM
DJ_mux(DJ_mux) used a dead_leopard 2-12-2021, 4:53:34 PM
DJ_mux(DJ_mux) used a dead_leopard 2-12-2021, 4:53:35 PM
DJ_mux(DJ_mux) used a dead_leopard 2-12-2021, 4:53:35 PM
DJ_mux(DJ_mux) used a dead_leopard 2-12-2021, 4:53:35 PM
DJ_mux(DJ_mux) used a dead_leopard 2-12-2021, 4:53:35 PM
DJ_mux(DJ_mux) used a dead_leopard 2-12-2021, 4:53:36 PM
DJ_mux(DJ_mux) used a dead_leopard 2-12-2021, 4:53:36 PM
DJ_mux(DJ_mux) used a dead_leopard 2-12-2021, 4:53:36 PM
DJ_mux(DJ_mux) used a dead_leopard 2-12-2021, 4:53:36 PM
DJ_mux(DJ_mux) used a dead_leopard 2-12-2021, 4:53:37 PM
DJ_mux(DJ_mux) used a dead_leopard 2-12-2021, 4:53:39 PM
DJ_mux(DJ_mux) used a dead_leopard 2-12-2021, 4:53:40 PM
DJ_mux(DJ_mux) used a dead_leopard 2-12-2021, 4:53:40 PM
DJ_mux(DJ_mux) used a dead_leopard 2-12-2021, 4:53:40 PM
DJ_mux(DJ_mux) used a dead_leopard 2-12-2021, 4:53:40 PM
DJ_mux(DJ_mux) used a dead_leopard 2-12-2021, 4:53:41 PM
DJ_mux(DJ_mux) used a dead_leopard 2-12-2021, 4:53:41 PM
DJ_mux(DJ_mux) used a dead_leopard 2-12-2021, 4:53:41 PM
DJ_mux(DJ_mux) used a dead_leopard 2-12-2021, 4:53:41 PM
DJ_mux(DJ_mux) used a dead_leopard 2-12-2021, 4:53:41 PM
DJ_mux(DJ_mux) used a dead_leopard 2-12-2021, 4:53:42 PM
DJ_mux(DJ_mux) used a dead_leopard 2-12-2021, 4:53:42 PM
DJ_mux(DJ_mux) used a dead_leopard 2-12-2021, 4:53:42 PM
DJ_mux(DJ_mux) used a dead_leopard 2-12-2021, 4:53:42 PM
DJ_mux(DJ_mux) used a dead_leopard 2-12-2021, 4:53:42 PM
DJ_mux(DJ_mux) used a dead_leopard 2-12-2021, 4:53:43 PM
DJ_mux(DJ_mux) used a antibiotic 2-12-2021, 5:01:19 PM
DJ_mux(DJ_mux) used a antibiotic 2-12-2021, 5:01:20 PM
DJ_mux(DJ_mux) used a antibiotic 2-12-2021, 5:01:56 PM
DJ_mux(DJ_mux) used a antibiotic 2-12-2021, 5:02:58 PM
DJ_mux(DJ_mux) used a antibiotic 2-12-2021, 5:03:57 PM
DJ_mux(DJ_mux) used a antibiotic 2-12-2021, 5:04:22 PM
DJ_mux(DJ_mux) used a antibiotic 2-12-2021, 5:04:55 PM
DJ_mux(DJ_mux) used a antibiotic 2-12-2021, 5:05:24 PM
DJ_mux(DJ_mux) used a invisibility_shield 2-12-2021, 7:20:07 PM
DJ_mux(DJ_mux) used a storm_sniper 2-12-2021, 7:20:13 PM
DJ_mux(DJ_mux) used a empty_beer_bottle 2-12-2021, 7:20:36 PM
DJ_mux(DJ_mux) used a empty_beer_bottle 2-12-2021, 7:20:37 PM
DJ_mux(DJ_mux) used a empty_beer_bottle 2-12-2021, 7:20:37 PM
DJ_mux(DJ_mux) used a empty_beer_bottle 2-12-2021, 7:20:38 PM
DJ_mux(DJ_mux) used a empty_beer_bottle 2-12-2021, 7:20:58 PM
DJ_mux(DJ_mux) used a empty_beer_bottle 2-12-2021, 7:21:11 PM
DJ_mux(DJ_mux) used a empty_beer_bottle 2-12-2021, 7:21:11 PM
DJ_mux(DJ_mux) used a empty_beer_bottle 2-12-2021, 7:21:11 PM
DJ_mux(DJ_mux) used a empty_beer_bottle 2-12-2021, 7:21:11 PM
DJ_mux(DJ_mux) used a tk_ultra_health_potion 2-12-2021, 7:21:33 PM