
phamhoangminh (phamhoangminh) sent /pm PhamHungVuong hahahahahah 2-12-2021, 9:27:59 AM
phamhoangminh (phamhoangminh) sent /r thi tao gai vay do dua nao ngu dam vo thi dua do chet 2-12-2021, 9:58:55 AM
phamhoangminh (phamhoangminh) sent /pm PhamHungVuong ra main cu choi 2-12-2021, 10:13:38 AM
phamhoangminh (phamhoangminh) sent /r thoi bay gio em tao dang ngu khong goi duoc 2-12-2021, 10:17:55 AM
phamhoangminh (phamhoangminh) sent /r ok may luon 2-12-2021, 10:18:36 AM
phamhoangminh (phamhoangminh) sent /r toi roi ne 2-12-2021, 10:23:39 AM
phamhoangminh (phamhoangminh) sent /r hahaha 2-12-2021, 10:27:08 AM
phamhoangminh (phamhoangminh) sent /r cai do la mon do dien 2-12-2021, 10:27:47 AM
phamhoangminh (phamhoangminh) sent /nickname doflamingo 2-12-2021, 11:54:34 AM
doflamingo (phamhoangminh) sent /nicknameremove doflamingo 2-12-2021, 11:57:12 AM
doflamingo (phamhoangminh) sent /nicknamedelete doflamingo 2-12-2021, 11:57:45 AM
doflamingo (phamhoangminh) sent /help 2-12-2021, 11:57:58 AM
doflamingo (phamhoangminh) sent /nickname ace 2-12-2021, 12:00:30 PM
ace (phamhoangminh) sent /nickname doflamingo 2-12-2021, 12:01:26 PM
ace (phamhoangminh) sent /nickname doflamingo 2-12-2021, 12:01:40 PM
ace (phamhoangminh) sent /deletealiases doflamingo 2-12-2021, 12:03:42 PM
ace (phamhoangminh) sent /delete aliases doflamingo 2-12-2021, 12:04:05 PM
ace (phamhoangminh) sent /delete doflamingo 2-12-2021, 12:04:15 PM
ace (phamhoangminh) sent /teamcreate 2-12-2021, 12:56:06 PM
ace (phamhoangminh) sent /teampass doflamingo 2-12-2021, 12:57:03 PM
ace (phamhoangminh) sent /admin 2-12-2021, 12:59:57 PM
ace (phamhoangminh) sent /admins 2-12-2021, 1:00:02 PM
ace (phamhoangminh) sent /fuckmom abid 2-12-2021, 1:08:32 PM
ace (phamhoangminh) sent /r cooked_leopard_meat, 1 2-12-2021, 1:30:19 PM
ace (phamhoangminh) sent /r cooked_leopard_meat, 1 2-12-2021, 1:30:54 PM
ace (phamhoangminh) sent /cancelauction 2-12-2021, 1:32:59 PM
ace (phamhoangminh) sent /bid 700000001 2-12-2021, 1:45:18 PM
ace (phamhoangminh) sent /bid 7000000001 2-12-2021, 1:45:26 PM
ace (phamhoangminh) sent /bid 7000000000 2-12-2021, 1:45:38 PM