
tantor(tantor) used a modern_sub_machine_gun_carbine 2-12-2021, 1:23:12 PM
tantor(tantor) used a awp 2-12-2021, 1:23:18 PM
tantor(tantor) used a rpg7 2-12-2021, 1:23:22 PM
tantor(tantor) used a ags30 2-12-2021, 1:23:25 PM
tantor(tantor) used a hand_grenade 2-12-2021, 1:24:04 PM
tantor(tantor) used a hand_grenade 2-12-2021, 1:24:28 PM
tantor(tantor) used a hand_grenade 2-12-2021, 1:24:28 PM
tantor(tantor) used a hand_grenade 2-12-2021, 1:24:28 PM
tantor(tantor) used a hand_grenade 2-12-2021, 1:24:28 PM
tantor(tantor) used a hand_grenade 2-12-2021, 1:24:28 PM
tantor(tantor) used a hand_grenade 2-12-2021, 1:24:29 PM
tantor(tantor) used a hand_grenade 2-12-2021, 1:24:29 PM
tantor(tantor) used a hand_grenade 2-12-2021, 1:24:29 PM
tantor(tantor) used a hand_grenade 2-12-2021, 1:24:29 PM
tantor(tantor) used a hand_grenade 2-12-2021, 1:24:30 PM
tantor(tantor) used a hand_grenade 2-12-2021, 1:24:30 PM
tantor(tantor) used a hand_grenade 2-12-2021, 1:24:30 PM
tantor(tantor) used a hand_grenade 2-12-2021, 1:24:30 PM
tantor(tantor) used a hand_grenade 2-12-2021, 1:24:52 PM
tantor(tantor) used a hand_grenade 2-12-2021, 1:24:52 PM
tantor(tantor) used a hand_grenade 2-12-2021, 1:24:52 PM
tantor(tantor) used a hand_grenade 2-12-2021, 1:24:53 PM
tantor(tantor) used a hand_grenade 2-12-2021, 1:24:53 PM
tantor(tantor) used a hand_grenade 2-12-2021, 1:25:04 PM
tantor(tantor) used a hand_grenade 2-12-2021, 1:25:04 PM
tantor(tantor) used a hand_grenade 2-12-2021, 1:25:04 PM
tantor(tantor) used a hand_grenade 2-12-2021, 1:25:04 PM
tantor(tantor) used a hand_grenade 2-12-2021, 1:25:04 PM
tantor(tantor) used a hand_grenade 2-12-2021, 1:25:05 PM
tantor(tantor) used a hand_grenade 2-12-2021, 1:25:05 PM
tantor(tantor) used a hand_grenade 2-12-2021, 1:25:05 PM
tantor(tantor) used a hand_grenade 2-12-2021, 1:25:05 PM
tantor(tantor) used a hand_grenade 2-12-2021, 1:25:05 PM
tantor(tantor) used a hand_grenade 2-12-2021, 1:25:06 PM
tantor(tantor) used a hand_grenade 2-12-2021, 1:25:06 PM
tantor(tantor) used a hand_grenade 2-12-2021, 1:25:06 PM
tantor(tantor) used a hand_grenade 2-12-2021, 1:25:06 PM
tantor(tantor) used a hand_grenade 2-12-2021, 1:25:07 PM
tantor(tantor) used a hand_grenade 2-12-2021, 1:25:07 PM
tantor(tantor) used a hand_grenade 2-12-2021, 1:25:07 PM
tantor(tantor) used a hand_grenade 2-12-2021, 1:25:31 PM
tantor(tantor) used a hand_grenade 2-12-2021, 1:25:31 PM
tantor(tantor) used a hand_grenade 2-12-2021, 1:25:31 PM
tantor(tantor) used a hand_grenade 2-12-2021, 1:25:31 PM
tantor(tantor) used a hand_grenade 2-12-2021, 1:25:32 PM
tantor(tantor) used a hand_grenade 2-12-2021, 1:25:32 PM
tantor(tantor) used a hand_grenade 2-12-2021, 1:25:32 PM
tantor(tantor) used a hand_grenade 2-12-2021, 1:25:32 PM
tantor(tantor) used a hand_grenade 2-12-2021, 1:25:32 PM
tantor(tantor) used a hand_grenade 2-12-2021, 1:25:33 PM
tantor(tantor) used a hand_grenade 2-12-2021, 1:25:33 PM
tantor(tantor) used a hand_grenade 2-12-2021, 1:25:33 PM
tantor(tantor) used a hand_grenade 2-12-2021, 1:25:33 PM
tantor(tantor) used a hand_grenade 2-12-2021, 1:25:33 PM
tantor(tantor) used a hand_grenade 2-12-2021, 1:25:34 PM
tantor(tantor) used a hand_grenade 2-12-2021, 1:25:34 PM
tantor(tantor) used a hand_grenade 2-12-2021, 1:25:34 PM
tantor(tantor) used a hand_grenade 2-12-2021, 1:25:34 PM
tantor(tantor) used a hand_grenade 2-12-2021, 1:25:34 PM
tantor(tantor) used a hand_grenade 2-12-2021, 1:25:35 PM
tantor(tantor) used a health_drink 2-12-2021, 1:25:38 PM
tantor(tantor) used a health_drink 2-12-2021, 1:25:38 PM
tantor(tantor) used a health_drink 2-12-2021, 1:25:39 PM
tantor(tantor) used a health_drink 2-12-2021, 1:25:45 PM
tantor(tantor) used a health_drink 2-12-2021, 1:25:45 PM
tantor(tantor) used a health_drink 2-12-2021, 1:25:50 PM
tantor(tantor) used a health_drink 2-12-2021, 1:25:52 PM
tantor(tantor) used a health_drink 2-12-2021, 1:25:54 PM
tantor(tantor) used a health_drink 2-12-2021, 1:25:56 PM
tantor(tantor) used a health_drink 2-12-2021, 1:25:57 PM
tantor(tantor) used a health_drink 2-12-2021, 1:25:57 PM
tantor(tantor) used a hand_grenade 2-12-2021, 1:26:01 PM
tantor(tantor) used a hand_grenade 2-12-2021, 1:26:01 PM
tantor(tantor) used a hand_grenade 2-12-2021, 1:26:01 PM
tantor(tantor) used a hand_grenade 2-12-2021, 1:26:02 PM
tantor(tantor) used a hand_grenade 2-12-2021, 1:26:02 PM
tantor(tantor) used a hand_grenade 2-12-2021, 1:26:02 PM
tantor(tantor) used a hand_grenade 2-12-2021, 1:26:02 PM
tantor(tantor) used a hand_grenade 2-12-2021, 1:26:02 PM
tantor(tantor) used a hand_grenade 2-12-2021, 1:26:03 PM
tantor(tantor) used a hand_grenade 2-12-2021, 1:26:03 PM
tantor(tantor) used a hand_grenade 2-12-2021, 1:26:03 PM
tantor(tantor) used a hand_grenade 2-12-2021, 1:26:26 PM
tantor(tantor) used a hand_grenade 2-12-2021, 1:26:27 PM
tantor(tantor) used a hand_grenade 2-12-2021, 1:26:27 PM
tantor(tantor) used a hand_grenade 2-12-2021, 1:26:27 PM
tantor(tantor) used a hand_grenade 2-12-2021, 1:26:27 PM
tantor(tantor) used a hand_grenade 2-12-2021, 1:26:27 PM
tantor(tantor) used a hand_grenade 2-12-2021, 1:26:28 PM
tantor(tantor) used a hand_grenade 2-12-2021, 1:26:28 PM
tantor(tantor) used a hand_grenade 2-12-2021, 1:26:28 PM
tantor(tantor) used a hand_grenade 2-12-2021, 1:26:28 PM
tantor(tantor) used a hand_grenade 2-12-2021, 1:26:28 PM
tantor(tantor) used a hand_grenade 2-12-2021, 1:26:29 PM
tantor(tantor) used a hand_grenade 2-12-2021, 1:26:29 PM
tantor(tantor) used a hand_grenade 2-12-2021, 1:26:29 PM
tantor(tantor) used a hand_grenade 2-12-2021, 1:26:29 PM
tantor(tantor) used a hand_grenade 2-12-2021, 1:26:29 PM
tantor(tantor) used a hand_grenade 2-12-2021, 1:26:30 PM
tantor(tantor) used a hand_grenade 2-12-2021, 1:26:30 PM
tantor(tantor) used a hand_grenade 2-12-2021, 1:26:30 PM
tantor(tantor) used a hand_grenade 2-12-2021, 1:26:30 PM
tantor(tantor) used a hand_grenade 2-12-2021, 1:26:30 PM
tantor(tantor) used a hand_grenade 2-12-2021, 1:26:31 PM
tantor(tantor) used a hand_grenade 2-12-2021, 1:26:31 PM
tantor(tantor) used a hand_grenade 2-12-2021, 1:26:31 PM
tantor(tantor) used a hand_grenade 2-12-2021, 1:26:31 PM
tantor(tantor) used a hand_grenade 2-12-2021, 1:26:31 PM
tantor(tantor) used a hand_grenade 2-12-2021, 1:26:31 PM
tantor(tantor) used a hand_grenade 2-12-2021, 1:26:32 PM
tantor(tantor) used a hand_grenade 2-12-2021, 1:26:32 PM
tantor(tantor) used a hand_grenade 2-12-2021, 1:26:32 PM
tantor(tantor) used a hand_grenade 2-12-2021, 1:26:32 PM
tantor(tantor) used a hand_grenade 2-12-2021, 1:26:41 PM
tantor(tantor) used a hand_grenade 2-12-2021, 1:26:41 PM
tantor(tantor) used a hand_grenade 2-12-2021, 1:26:41 PM
tantor(tantor) used a hand_grenade 2-12-2021, 1:26:41 PM
tantor(tantor) used a hand_grenade 2-12-2021, 1:26:41 PM
tantor(tantor) used a hand_grenade 2-12-2021, 1:26:42 PM
tantor(tantor) used a hand_grenade 2-12-2021, 1:26:42 PM
tantor(tantor) used a hand_grenade 2-12-2021, 1:26:42 PM
tantor(tantor) used a hand_grenade 2-12-2021, 1:26:42 PM
tantor(tantor) used a hand_grenade 2-12-2021, 1:26:42 PM
tantor(tantor) used a hand_grenade 2-12-2021, 1:26:42 PM
tantor(tantor) used a hand_grenade 2-12-2021, 1:26:43 PM
tantor(tantor) used a hand_grenade 2-12-2021, 1:26:43 PM
tantor(tantor) used a hand_grenade 2-12-2021, 1:26:43 PM
tantor(tantor) used a hand_grenade 2-12-2021, 1:26:43 PM
tantor(tantor) used a hand_grenade 2-12-2021, 1:26:43 PM
tantor(tantor) used a hand_grenade 2-12-2021, 1:26:44 PM
tantor(tantor) used a hand_grenade 2-12-2021, 1:26:44 PM
tantor(tantor) used a hand_grenade 2-12-2021, 1:26:44 PM
tantor(tantor) used a hand_grenade 2-12-2021, 1:26:44 PM
tantor(tantor) used a hand_grenade 2-12-2021, 1:26:44 PM
tantor(tantor) used a hand_grenade 2-12-2021, 1:26:44 PM
tantor(tantor) used a hand_grenade 2-12-2021, 1:26:44 PM
tantor(tantor) used a hand_grenade 2-12-2021, 1:26:45 PM
tantor(tantor) used a hand_grenade 2-12-2021, 1:26:45 PM
tantor(tantor) used a hand_grenade 2-12-2021, 1:26:45 PM
tantor(tantor) used a hand_grenade 2-12-2021, 1:26:45 PM
tantor(tantor) used a hand_grenade 2-12-2021, 1:26:45 PM
tantor(tantor) used a hand_grenade 2-12-2021, 1:26:46 PM
tantor(tantor) used a hand_grenade 2-12-2021, 1:26:46 PM
tantor(tantor) used a hand_grenade 2-12-2021, 1:26:46 PM
tantor(tantor) used a hand_grenade 2-12-2021, 1:26:46 PM
tantor(tantor) used a hand_grenade 2-12-2021, 1:26:46 PM
tantor(tantor) used a hand_grenade 2-12-2021, 1:26:46 PM
tantor(tantor) used a hand_grenade 2-12-2021, 1:26:46 PM
tantor(tantor) used a hand_grenade 2-12-2021, 1:26:47 PM
tantor(tantor) used a hand_grenade 2-12-2021, 1:26:58 PM
tantor(tantor) used a hand_grenade 2-12-2021, 1:26:58 PM
tantor(tantor) used a hand_grenade 2-12-2021, 1:26:59 PM
tantor(tantor) used a hand_grenade 2-12-2021, 1:26:59 PM
tantor(tantor) used a hand_grenade 2-12-2021, 1:26:59 PM
tantor(tantor) used a hand_grenade 2-12-2021, 1:26:59 PM
tantor(tantor) used a hand_grenade 2-12-2021, 1:27:00 PM
tantor(tantor) used a hand_grenade 2-12-2021, 1:27:03 PM
tantor(tantor) used a hand_grenade 2-12-2021, 1:27:04 PM
tantor(tantor) used a hand_grenade 2-12-2021, 1:27:04 PM
tantor(tantor) used a hand_grenade 2-12-2021, 1:27:04 PM
tantor(tantor) used a hand_grenade 2-12-2021, 1:27:04 PM
tantor(tantor) used a hand_grenade 2-12-2021, 1:27:04 PM
tantor(tantor) used a hand_grenade 2-12-2021, 1:27:05 PM
tantor(tantor) used a hand_grenade 2-12-2021, 1:27:05 PM
tantor(tantor) used a hand_grenade 2-12-2021, 1:27:05 PM
tantor(tantor) used a hand_grenade 2-12-2021, 1:27:05 PM
tantor(tantor) used a hand_grenade 2-12-2021, 1:27:06 PM
tantor(tantor) used a hand_grenade 2-12-2021, 1:27:06 PM
tantor(tantor) used a hand_grenade 2-12-2021, 1:27:06 PM
tantor(tantor) used a hand_grenade 2-12-2021, 1:27:06 PM
tantor(tantor) used a hand_grenade 2-12-2021, 1:27:06 PM
tantor(tantor) used a hand_grenade 2-12-2021, 1:27:07 PM
tantor(tantor) used a hand_grenade 2-12-2021, 1:27:07 PM
tantor(tantor) used a hand_grenade 2-12-2021, 1:27:07 PM
tantor(tantor) used a hand_grenade 2-12-2021, 1:27:08 PM
tantor(tantor) used a hand_grenade 2-12-2021, 1:27:08 PM
tantor(tantor) used a hand_grenade 2-12-2021, 1:27:08 PM
tantor(tantor) used a hand_grenade 2-12-2021, 1:27:09 PM
tantor(tantor) used a hand_grenade 2-12-2021, 1:27:36 PM
tantor(tantor) used a hand_grenade 2-12-2021, 1:27:36 PM
tantor(tantor) used a hand_grenade 2-12-2021, 1:27:36 PM
tantor(tantor) used a hand_grenade 2-12-2021, 1:27:37 PM
tantor(tantor) used a hand_grenade 2-12-2021, 1:27:37 PM
tantor(tantor) used a hand_grenade 2-12-2021, 1:27:37 PM
tantor(tantor) used a hand_grenade 2-12-2021, 1:27:37 PM
tantor(tantor) used a hand_grenade 2-12-2021, 1:27:37 PM
tantor(tantor) used a hand_grenade 2-12-2021, 1:27:38 PM
tantor(tantor) used a hand_grenade 2-12-2021, 1:27:38 PM
tantor(tantor) used a hand_grenade 2-12-2021, 1:27:38 PM
tantor(tantor) used a hand_grenade 2-12-2021, 1:27:38 PM
tantor(tantor) used a hand_grenade 2-12-2021, 1:27:39 PM
tantor(tantor) used a hand_grenade 2-12-2021, 1:27:39 PM
tantor(tantor) used a hand_grenade 2-12-2021, 1:27:39 PM
tantor(tantor) used a hand_grenade 2-12-2021, 1:27:39 PM
tantor(tantor) used a hand_grenade 2-12-2021, 1:27:40 PM
tantor(tantor) used a hand_grenade 2-12-2021, 1:27:40 PM
tantor(tantor) used a hand_grenade 2-12-2021, 1:27:40 PM
tantor(tantor) used a hand_grenade 2-12-2021, 1:27:40 PM
tantor(tantor) used a hand_grenade 2-12-2021, 1:27:40 PM
tantor(tantor) used a hand_grenade 2-12-2021, 1:27:41 PM
tantor(tantor) used a hand_grenade 2-12-2021, 1:27:41 PM
tantor(tantor) used a hand_grenade 2-12-2021, 1:27:41 PM
tantor(tantor) used a hand_grenade 2-12-2021, 1:27:41 PM
tantor(tantor) used a hand_grenade 2-12-2021, 1:27:41 PM
tantor(tantor) used a hand_grenade 2-12-2021, 1:27:42 PM
tantor(tantor) used a hand_grenade 2-12-2021, 1:27:42 PM
tantor(tantor) used a hand_grenade 2-12-2021, 1:27:42 PM
tantor(tantor) used a hand_grenade 2-12-2021, 1:27:42 PM
tantor(tantor) used a hand_grenade 2-12-2021, 1:27:43 PM
tantor(tantor) used a hand_grenade 2-12-2021, 1:27:43 PM
tantor(tantor) used a hand_grenade 2-12-2021, 1:27:43 PM
tantor(tantor) used a hand_grenade 2-12-2021, 1:27:43 PM
tantor(tantor) used a hand_grenade 2-12-2021, 1:27:44 PM
tantor(tantor) used a hand_grenade 2-12-2021, 1:27:44 PM
tantor(tantor) used a hand_grenade 2-12-2021, 1:27:44 PM
tantor(tantor) used a hand_grenade 2-12-2021, 1:27:44 PM
tantor(tantor) used a hand_grenade 2-12-2021, 1:27:44 PM
tantor(tantor) used a hand_grenade 2-12-2021, 1:27:45 PM
tantor(tantor) used a hand_grenade 2-12-2021, 1:27:45 PM
tantor(tantor) used a hand_grenade 2-12-2021, 1:27:45 PM
tantor(tantor) used a hand_grenade 2-12-2021, 1:27:46 PM
tantor(tantor) used a hand_grenade 2-12-2021, 1:27:46 PM
tantor(tantor) used a hand_grenade 2-12-2021, 1:27:54 PM
tantor(tantor) used a hand_grenade 2-12-2021, 1:27:55 PM
tantor(tantor) used a hand_grenade 2-12-2021, 1:27:55 PM
tantor(tantor) used a hand_grenade 2-12-2021, 1:27:55 PM
tantor(tantor) used a hand_grenade 2-12-2021, 1:27:55 PM
tantor(tantor) used a hand_grenade 2-12-2021, 1:27:55 PM
tantor(tantor) used a hand_grenade 2-12-2021, 1:27:56 PM
tantor(tantor) used a hand_grenade 2-12-2021, 1:27:56 PM
tantor(tantor) used a hand_grenade 2-12-2021, 1:27:56 PM
tantor(tantor) used a hand_grenade 2-12-2021, 1:27:56 PM
tantor(tantor) used a hand_grenade 2-12-2021, 1:27:56 PM
tantor(tantor) used a hand_grenade 2-12-2021, 1:27:57 PM
tantor(tantor) used a hand_grenade 2-12-2021, 1:28:28 PM
tantor(tantor) used a hand_grenade 2-12-2021, 1:28:28 PM
tantor(tantor) used a hand_grenade 2-12-2021, 1:28:28 PM
tantor(tantor) used a hand_grenade 2-12-2021, 1:28:29 PM
tantor(tantor) used a hand_grenade 2-12-2021, 1:28:29 PM
tantor(tantor) used a hand_grenade 2-12-2021, 1:28:34 PM
tantor(tantor) used a hand_grenade 2-12-2021, 1:28:35 PM
tantor(tantor) used a hand_grenade 2-12-2021, 1:28:35 PM
tantor(tantor) used a hand_grenade 2-12-2021, 1:28:35 PM
tantor(tantor) used a hand_grenade 2-12-2021, 1:28:35 PM
tantor(tantor) used a hand_grenade 2-12-2021, 1:28:36 PM
tantor(tantor) used a hand_grenade 2-12-2021, 1:28:36 PM
tantor(tantor) used a hand_grenade 2-12-2021, 1:28:36 PM
tantor(tantor) used a hand_grenade 2-12-2021, 1:28:36 PM
tantor(tantor) used a hand_grenade 2-12-2021, 1:28:36 PM
tantor(tantor) used a hand_grenade 2-12-2021, 1:28:36 PM
tantor(tantor) used a hand_grenade 2-12-2021, 1:28:37 PM
tantor(tantor) used a hand_grenade 2-12-2021, 1:28:37 PM
tantor(tantor) used a hand_grenade 2-12-2021, 1:28:37 PM
tantor(tantor) used a hand_grenade 2-12-2021, 1:28:37 PM
tantor(tantor) used a hand_grenade 2-12-2021, 1:28:37 PM
tantor(tantor) used a hand_grenade 2-12-2021, 1:28:38 PM
tantor(tantor) used a hand_grenade 2-12-2021, 1:28:38 PM
tantor(tantor) used a hand_grenade 2-12-2021, 1:28:38 PM
tantor(tantor) used a hand_grenade 2-12-2021, 1:28:38 PM
tantor(tantor) used a hand_grenade 2-12-2021, 1:28:39 PM
tantor(tantor) used a hand_grenade 2-12-2021, 1:28:39 PM
tantor(tantor) used a hand_grenade 2-12-2021, 1:28:39 PM
tantor(tantor) used a hand_grenade 2-12-2021, 1:28:41 PM
tantor(tantor) used a hand_grenade 2-12-2021, 1:28:41 PM
tantor(tantor) used a hand_grenade 2-12-2021, 1:28:41 PM
tantor(tantor) used a hand_grenade 2-12-2021, 1:28:42 PM
tantor(tantor) used a hand_grenade 2-12-2021, 1:28:42 PM
tantor(tantor) used a hand_grenade 2-12-2021, 1:28:42 PM
tantor(tantor) used a hand_grenade 2-12-2021, 1:28:42 PM
tantor(tantor) used a hand_grenade 2-12-2021, 1:28:43 PM
tantor(tantor) used a hand_grenade 2-12-2021, 1:28:43 PM
tantor(tantor) used a hand_grenade 2-12-2021, 1:28:43 PM
tantor(tantor) used a hand_grenade 2-12-2021, 1:28:43 PM
tantor(tantor) used a hand_grenade 2-12-2021, 1:28:43 PM
tantor(tantor) used a hand_grenade 2-12-2021, 1:28:43 PM
tantor(tantor) used a hand_grenade 2-12-2021, 1:28:44 PM
tantor(tantor) used a hand_grenade 2-12-2021, 1:28:44 PM
tantor(tantor) used a hand_grenade 2-12-2021, 1:28:44 PM
tantor(tantor) used a hand_grenade 2-12-2021, 1:28:44 PM
tantor(tantor) used a hand_grenade 2-12-2021, 1:28:44 PM
tantor(tantor) used a hand_grenade 2-12-2021, 1:28:45 PM
tantor(tantor) used a hand_grenade 2-12-2021, 1:28:45 PM
tantor(tantor) used a hand_grenade 2-12-2021, 1:28:45 PM
tantor(tantor) used a hand_grenade 2-12-2021, 1:28:45 PM
tantor(tantor) used a hand_grenade 2-12-2021, 1:28:45 PM
tantor(tantor) used a hand_grenade 2-12-2021, 1:28:45 PM
tantor(tantor) used a hand_grenade 2-12-2021, 1:28:46 PM
tantor(tantor) used a hand_grenade 2-12-2021, 1:28:46 PM
tantor(tantor) used a hand_grenade 2-12-2021, 1:28:46 PM
tantor(tantor) used a hand_grenade 2-12-2021, 1:28:46 PM
tantor(tantor) used a hand_grenade 2-12-2021, 1:28:46 PM
tantor(tantor) used a hand_grenade 2-12-2021, 1:28:46 PM
tantor(tantor) used a hand_grenade 2-12-2021, 1:28:47 PM
tantor(tantor) used a hand_grenade 2-12-2021, 1:28:47 PM
tantor(tantor) used a hand_grenade 2-12-2021, 1:28:47 PM
tantor(tantor) used a hand_grenade 2-12-2021, 1:28:47 PM
tantor(tantor) used a hand_grenade 2-12-2021, 1:28:47 PM
tantor(tantor) used a hand_grenade 2-12-2021, 1:28:48 PM
tantor(tantor) used a hand_grenade 2-12-2021, 1:28:48 PM
tantor(tantor) used a hand_grenade 2-12-2021, 1:28:48 PM
tantor(tantor) used a hand_grenade 2-12-2021, 1:29:17 PM
tantor(tantor) used a hand_grenade 2-12-2021, 1:29:18 PM
tantor(tantor) used a hand_grenade 2-12-2021, 1:29:18 PM
tantor(tantor) used a hand_grenade 2-12-2021, 1:29:19 PM
tantor(tantor) used a hand_grenade 2-12-2021, 1:29:27 PM
tantor(tantor) used a hand_grenade 2-12-2021, 1:29:27 PM
tantor(tantor) used a hand_grenade 2-12-2021, 1:29:28 PM
tantor(tantor) used a hand_grenade 2-12-2021, 1:29:28 PM
tantor(tantor) used a hand_grenade 2-12-2021, 1:29:28 PM
tantor(tantor) used a hand_grenade 2-12-2021, 1:29:28 PM
tantor(tantor) used a hand_grenade 2-12-2021, 1:29:28 PM
tantor(tantor) used a hand_grenade 2-12-2021, 1:29:29 PM
tantor(tantor) used a hand_grenade 2-12-2021, 1:29:29 PM
tantor(tantor) used a hand_grenade 2-12-2021, 1:29:29 PM
tantor(tantor) used a hand_grenade 2-12-2021, 1:29:29 PM
tantor(tantor) used a hand_grenade 2-12-2021, 1:29:30 PM
tantor(tantor) used a hand_grenade 2-12-2021, 1:29:30 PM
tantor(tantor) used a hand_grenade 2-12-2021, 1:29:30 PM
tantor(tantor) used a hand_grenade 2-12-2021, 1:29:30 PM
tantor(tantor) used a hand_grenade 2-12-2021, 1:29:30 PM
tantor(tantor) used a hand_grenade 2-12-2021, 1:29:31 PM
tantor(tantor) used a hand_grenade 2-12-2021, 1:29:31 PM
tantor(tantor) used a hand_grenade 2-12-2021, 1:29:31 PM
tantor(tantor) used a hand_grenade 2-12-2021, 1:29:37 PM
tantor(tantor) used a hand_grenade 2-12-2021, 1:29:38 PM
tantor(tantor) used a hand_grenade 2-12-2021, 1:29:38 PM
tantor(tantor) used a hand_grenade 2-12-2021, 1:29:38 PM
tantor(tantor) used a hand_grenade 2-12-2021, 1:29:39 PM
tantor(tantor) used a hand_grenade 2-12-2021, 1:29:39 PM
tantor(tantor) used a hand_grenade 2-12-2021, 1:29:39 PM
tantor(tantor) used a hand_grenade 2-12-2021, 1:29:39 PM
tantor(tantor) used a hand_grenade 2-12-2021, 1:29:40 PM
tantor(tantor) used a hand_grenade 2-12-2021, 1:29:40 PM
tantor(tantor) used a hand_grenade 2-12-2021, 1:29:40 PM
tantor(tantor) used a hand_grenade 2-12-2021, 1:29:41 PM
tantor(tantor) used a hand_grenade 2-12-2021, 1:29:41 PM
tantor(tantor) used a hand_grenade 2-12-2021, 1:29:41 PM
tantor(tantor) used a hand_grenade 2-12-2021, 1:29:42 PM
tantor(tantor) used a hand_grenade 2-12-2021, 1:29:42 PM
tantor(tantor) used a hand_grenade 2-12-2021, 1:29:42 PM
tantor(tantor) used a hand_grenade 2-12-2021, 1:29:43 PM
tantor(tantor) used a hand_grenade 2-12-2021, 1:29:43 PM
tantor(tantor) used a hand_grenade 2-12-2021, 1:29:43 PM
tantor(tantor) used a hand_grenade 2-12-2021, 1:29:43 PM
tantor(tantor) used a hand_grenade 2-12-2021, 1:29:44 PM
tantor(tantor) used a hand_grenade 2-12-2021, 1:29:44 PM
tantor(tantor) used a hand_grenade 2-12-2021, 1:29:44 PM
tantor(tantor) used a hand_grenade 2-12-2021, 1:29:44 PM
tantor(tantor) used a hand_grenade 2-12-2021, 1:29:44 PM
tantor(tantor) used a hand_grenade 2-12-2021, 1:29:45 PM
tantor(tantor) used a hand_grenade 2-12-2021, 1:29:45 PM
tantor(tantor) used a hand_grenade 2-12-2021, 1:29:45 PM
tantor(tantor) used a hand_grenade 2-12-2021, 1:29:45 PM
tantor(tantor) used a hand_grenade 2-12-2021, 1:30:28 PM
tantor(tantor) used a hand_grenade 2-12-2021, 1:30:28 PM
tantor(tantor) used a hand_grenade 2-12-2021, 1:30:29 PM
tantor(tantor) used a hand_grenade 2-12-2021, 1:30:29 PM
tantor(tantor) used a hand_grenade 2-12-2021, 1:30:29 PM
tantor(tantor) used a hand_grenade 2-12-2021, 1:30:29 PM
tantor(tantor) used a hand_grenade 2-12-2021, 1:30:29 PM
tantor(tantor) used a hand_grenade 2-12-2021, 1:30:30 PM
tantor(tantor) used a hand_grenade 2-12-2021, 1:30:32 PM
tantor(tantor) used a hand_grenade 2-12-2021, 1:30:32 PM
tantor(tantor) used a hand_grenade 2-12-2021, 1:30:33 PM
tantor(tantor) used a hand_grenade 2-12-2021, 1:30:33 PM
tantor(tantor) used a hand_grenade 2-12-2021, 1:30:33 PM
tantor(tantor) used a hand_grenade 2-12-2021, 1:30:33 PM
tantor(tantor) used a hand_grenade 2-12-2021, 1:30:33 PM
tantor(tantor) used a hand_grenade 2-12-2021, 1:30:34 PM
tantor(tantor) used a hand_grenade 2-12-2021, 1:30:34 PM
tantor(tantor) used a hand_grenade 2-12-2021, 1:30:39 PM
tantor(tantor) used a hand_grenade 2-12-2021, 1:30:39 PM
tantor(tantor) used a hand_grenade 2-12-2021, 1:30:40 PM
tantor(tantor) used a hand_grenade 2-12-2021, 1:31:22 PM
tantor(tantor) used a hand_grenade 2-12-2021, 1:31:22 PM
tantor(tantor) used a hand_grenade 2-12-2021, 1:31:22 PM
tantor(tantor) used a hand_grenade 2-12-2021, 1:31:23 PM
tantor(tantor) used a hand_grenade 2-12-2021, 1:31:23 PM
tantor(tantor) used a hand_grenade 2-12-2021, 1:31:23 PM
tantor(tantor) used a hand_grenade 2-12-2021, 1:31:23 PM
tantor(tantor) used a hand_grenade 2-12-2021, 1:31:24 PM
tantor(tantor) used a hand_grenade 2-12-2021, 1:31:24 PM
tantor(tantor) used a hand_grenade 2-12-2021, 1:31:24 PM
tantor(tantor) used a hand_grenade 2-12-2021, 1:31:24 PM
tantor(tantor) used a hand_grenade 2-12-2021, 1:31:25 PM
tantor(tantor) used a hand_grenade 2-12-2021, 1:31:25 PM
tantor(tantor) used a hand_grenade 2-12-2021, 1:31:25 PM
tantor(tantor) used a hand_grenade 2-12-2021, 1:31:25 PM
tantor(tantor) used a hand_grenade 2-12-2021, 1:31:25 PM
tantor(tantor) used a hand_grenade 2-12-2021, 1:31:26 PM
tantor(tantor) used a hand_grenade 2-12-2021, 1:31:26 PM
tantor(tantor) used a hand_grenade 2-12-2021, 1:31:26 PM
tantor(tantor) used a hand_grenade 2-12-2021, 1:31:26 PM
tantor(tantor) used a hand_grenade 2-12-2021, 1:31:26 PM
tantor(tantor) used a hand_grenade 2-12-2021, 1:31:26 PM
tantor(tantor) used a hand_grenade 2-12-2021, 1:31:27 PM
tantor(tantor) used a hand_grenade 2-12-2021, 1:31:27 PM
tantor(tantor) used a hand_grenade 2-12-2021, 1:31:27 PM
tantor(tantor) used a hand_grenade 2-12-2021, 1:31:27 PM
tantor(tantor) used a hand_grenade 2-12-2021, 1:31:27 PM
tantor(tantor) used a hand_grenade 2-12-2021, 1:31:28 PM
tantor(tantor) used a hand_grenade 2-12-2021, 1:31:37 PM
tantor(tantor) used a hand_grenade 2-12-2021, 1:31:39 PM
tantor(tantor) used a hand_grenade 2-12-2021, 1:31:39 PM
tantor(tantor) used a hand_grenade 2-12-2021, 1:31:39 PM
tantor(tantor) used a hand_grenade 2-12-2021, 1:31:39 PM
tantor(tantor) used a hand_grenade 2-12-2021, 1:31:40 PM
tantor(tantor) used a hand_grenade 2-12-2021, 1:31:40 PM
tantor(tantor) used a hand_grenade 2-12-2021, 1:31:40 PM
tantor(tantor) used a hand_grenade 2-12-2021, 1:31:40 PM
tantor(tantor) used a hand_grenade 2-12-2021, 1:31:40 PM
tantor(tantor) used a hand_grenade 2-12-2021, 1:31:41 PM
tantor(tantor) used a hand_grenade 2-12-2021, 1:31:41 PM
tantor(tantor) used a hand_grenade 2-12-2021, 1:31:41 PM
tantor(tantor) used a hand_grenade 2-12-2021, 1:31:41 PM
tantor(tantor) used a hand_grenade 2-12-2021, 1:31:42 PM
tantor(tantor) used a hand_grenade 2-12-2021, 1:31:42 PM
tantor(tantor) used a hand_grenade 2-12-2021, 1:31:42 PM
tantor(tantor) used a hand_grenade 2-12-2021, 1:31:42 PM
tantor(tantor) used a hand_grenade 2-12-2021, 1:31:42 PM
tantor(tantor) used a hand_grenade 2-12-2021, 1:31:43 PM
tantor(tantor) used a hand_grenade 2-12-2021, 1:31:43 PM
tantor(tantor) used a hand_grenade 2-12-2021, 1:31:43 PM
tantor(tantor) used a hand_grenade 2-12-2021, 1:31:43 PM
tantor(tantor) used a hand_grenade 2-12-2021, 1:31:57 PM
tantor(tantor) used a hand_grenade 2-12-2021, 1:31:58 PM
tantor(tantor) used a hand_grenade 2-12-2021, 1:31:58 PM
tantor(tantor) used a hand_grenade 2-12-2021, 1:31:58 PM
tantor(tantor) used a hand_grenade 2-12-2021, 1:31:58 PM
tantor(tantor) used a hand_grenade 2-12-2021, 1:31:59 PM
tantor(tantor) used a hand_grenade 2-12-2021, 1:31:59 PM
tantor(tantor) used a hand_grenade 2-12-2021, 1:31:59 PM
tantor(tantor) used a hand_grenade 2-12-2021, 1:31:59 PM
tantor(tantor) used a hand_grenade 2-12-2021, 1:31:59 PM
tantor(tantor) used a hand_grenade 2-12-2021, 1:32:00 PM
tantor(tantor) used a hand_grenade 2-12-2021, 1:32:00 PM
tantor(tantor) used a hand_grenade 2-12-2021, 1:32:01 PM
tantor(tantor) used a hand_grenade 2-12-2021, 1:32:01 PM
tantor(tantor) used a hand_grenade 2-12-2021, 1:32:01 PM
tantor(tantor) used a hand_grenade 2-12-2021, 1:32:01 PM
tantor(tantor) used a hand_grenade 2-12-2021, 1:32:01 PM
tantor(tantor) used a hand_grenade 2-12-2021, 1:32:02 PM
tantor(tantor) used a hand_grenade 2-12-2021, 1:32:02 PM
tantor(tantor) used a hand_grenade 2-12-2021, 1:32:02 PM
tantor(tantor) used a hand_grenade 2-12-2021, 1:32:26 PM
tantor(tantor) used a hand_grenade 2-12-2021, 1:32:26 PM
tantor(tantor) used a hand_grenade 2-12-2021, 1:32:26 PM
tantor(tantor) used a hand_grenade 2-12-2021, 1:32:26 PM
tantor(tantor) used a hand_grenade 2-12-2021, 1:32:27 PM
tantor(tantor) used a hand_grenade 2-12-2021, 1:32:27 PM
tantor(tantor) used a hand_grenade 2-12-2021, 1:32:27 PM
tantor(tantor) used a hand_grenade 2-12-2021, 1:32:27 PM
tantor(tantor) used a hand_grenade 2-12-2021, 1:32:28 PM
tantor(tantor) used a hand_grenade 2-12-2021, 1:32:28 PM
tantor(tantor) used a hand_grenade 2-12-2021, 1:32:28 PM
tantor(tantor) used a hand_grenade 2-12-2021, 1:32:28 PM
tantor(tantor) used a hand_grenade 2-12-2021, 1:32:28 PM
tantor(tantor) used a hand_grenade 2-12-2021, 1:32:29 PM
tantor(tantor) used a hand_grenade 2-12-2021, 1:32:29 PM
tantor(tantor) used a hand_grenade 2-12-2021, 1:32:29 PM
tantor(tantor) used a hand_grenade 2-12-2021, 1:32:29 PM
tantor(tantor) used a hand_grenade 2-12-2021, 1:32:30 PM
tantor(tantor) used a hand_grenade 2-12-2021, 1:32:30 PM
tantor(tantor) used a hand_grenade 2-12-2021, 1:32:30 PM
tantor(tantor) used a hand_grenade 2-12-2021, 1:32:30 PM
tantor(tantor) used a hand_grenade 2-12-2021, 1:32:31 PM
tantor(tantor) used a hand_grenade 2-12-2021, 1:32:31 PM
tantor(tantor) used a hand_grenade 2-12-2021, 1:32:31 PM
tantor(tantor) used a hand_grenade 2-12-2021, 1:32:31 PM
tantor(tantor) used a hand_grenade 2-12-2021, 1:32:31 PM
tantor(tantor) used a hand_grenade 2-12-2021, 1:32:32 PM
tantor(tantor) used a hand_grenade 2-12-2021, 1:32:32 PM
tantor(tantor) used a hand_grenade 2-12-2021, 1:32:32 PM
tantor(tantor) used a hand_grenade 2-12-2021, 1:32:32 PM
tantor(tantor) used a hand_grenade 2-12-2021, 1:32:33 PM
tantor(tantor) used a hand_grenade 2-12-2021, 1:32:33 PM
tantor(tantor) used a hand_grenade 2-12-2021, 1:32:33 PM
tantor(tantor) used a hand_grenade 2-12-2021, 1:32:33 PM
tantor(tantor) used a hand_grenade 2-12-2021, 1:32:34 PM
tantor(tantor) used a hand_grenade 2-12-2021, 1:32:34 PM
tantor(tantor) used a hand_grenade 2-12-2021, 1:32:34 PM
tantor(tantor) used a hand_grenade 2-12-2021, 1:32:34 PM
tantor(tantor) used a hand_grenade 2-12-2021, 1:32:34 PM
tantor(tantor) used a hand_grenade 2-12-2021, 1:32:35 PM
tantor(tantor) used a hand_grenade 2-12-2021, 1:32:35 PM
tantor(tantor) used a hand_grenade 2-12-2021, 1:32:35 PM
tantor(tantor) used a hand_grenade 2-12-2021, 1:32:35 PM
tantor(tantor) used a hand_grenade 2-12-2021, 1:32:36 PM
tantor(tantor) used a hand_grenade 2-12-2021, 1:32:36 PM
tantor(tantor) used a hand_grenade 2-12-2021, 1:32:36 PM
tantor(tantor) used a hand_grenade 2-12-2021, 1:32:36 PM
tantor(tantor) used a hand_grenade 2-12-2021, 1:32:36 PM
tantor(tantor) used a hand_grenade 2-12-2021, 1:32:37 PM
tantor(tantor) used a hand_grenade 2-12-2021, 1:32:37 PM
tantor(tantor) used a hand_grenade 2-12-2021, 1:32:38 PM
tantor(tantor) used a hand_grenade 2-12-2021, 1:32:38 PM
tantor(tantor) used a hand_grenade 2-12-2021, 1:32:38 PM
tantor(tantor) used a hand_grenade 2-12-2021, 1:32:38 PM
tantor(tantor) used a hand_grenade 2-12-2021, 1:32:39 PM
tantor(tantor) used a hand_grenade 2-12-2021, 1:32:39 PM
tantor(tantor) used a hand_grenade 2-12-2021, 1:32:39 PM
tantor(tantor) used a hand_grenade 2-12-2021, 1:32:39 PM
tantor(tantor) used a hand_grenade 2-12-2021, 1:32:39 PM
tantor(tantor) used a hand_grenade 2-12-2021, 1:32:40 PM
tantor(tantor) used a hand_grenade 2-12-2021, 1:32:40 PM
tantor(tantor) used a hand_grenade 2-12-2021, 1:32:41 PM
tantor(tantor) used a hand_grenade 2-12-2021, 1:32:42 PM
tantor(tantor) used a hand_grenade 2-12-2021, 1:32:42 PM
tantor(tantor) used a hand_grenade 2-12-2021, 1:32:42 PM
tantor(tantor) used a hand_grenade 2-12-2021, 1:32:42 PM
tantor(tantor) used a hand_grenade 2-12-2021, 1:32:43 PM
tantor(tantor) used a hand_grenade 2-12-2021, 1:32:43 PM
tantor(tantor) used a hand_grenade 2-12-2021, 1:32:43 PM
tantor(tantor) used a hand_grenade 2-12-2021, 1:32:43 PM
tantor(tantor) used a hand_grenade 2-12-2021, 1:32:43 PM
tantor(tantor) used a hand_grenade 2-12-2021, 1:33:21 PM
tantor(tantor) used a hand_grenade 2-12-2021, 1:33:22 PM
tantor(tantor) used a hand_grenade 2-12-2021, 1:33:23 PM
tantor(tantor) used a hand_grenade 2-12-2021, 1:33:23 PM
tantor(tantor) used a hand_grenade 2-12-2021, 1:33:23 PM
tantor(tantor) used a hand_grenade 2-12-2021, 1:33:23 PM
tantor(tantor) used a hand_grenade 2-12-2021, 1:33:24 PM
tantor(tantor) used a suicide_bomb 2-12-2021, 1:34:04 PM
tantor(tantor) used a shipment_xev7bnk 2-12-2021, 1:34:10 PM
tantor(tantor) used a hand_grenade 2-12-2021, 1:34:16 PM
tantor(tantor) used a hand_grenade 2-12-2021, 1:34:17 PM
tantor(tantor) used a hand_grenade 2-12-2021, 1:34:17 PM
tantor(tantor) used a hand_grenade 2-12-2021, 1:34:17 PM
tantor(tantor) used a hand_grenade 2-12-2021, 1:34:17 PM
tantor(tantor) used a hand_grenade 2-12-2021, 1:34:17 PM
tantor(tantor) used a hand_grenade 2-12-2021, 1:34:18 PM
tantor(tantor) used a hand_grenade 2-12-2021, 1:34:18 PM
tantor(tantor) used a hand_grenade 2-12-2021, 1:34:18 PM
tantor(tantor) used a hand_grenade 2-12-2021, 1:34:18 PM
tantor(tantor) used a hand_grenade 2-12-2021, 1:34:18 PM
tantor(tantor) used a hand_grenade 2-12-2021, 1:34:18 PM
tantor(tantor) used a hand_grenade 2-12-2021, 1:34:19 PM
tantor(tantor) used a hand_grenade 2-12-2021, 1:34:51 PM
tantor(tantor) used a hand_grenade 2-12-2021, 1:34:51 PM
tantor(tantor) used a hand_grenade 2-12-2021, 1:34:51 PM
tantor(tantor) used a hand_grenade 2-12-2021, 1:34:51 PM
tantor(tantor) used a hand_grenade 2-12-2021, 1:34:52 PM
tantor(tantor) used a hand_grenade 2-12-2021, 1:34:52 PM
tantor(tantor) used a hand_grenade 2-12-2021, 1:34:52 PM
tantor(tantor) used a hand_grenade 2-12-2021, 1:34:52 PM
tantor(tantor) used a hand_grenade 2-12-2021, 1:34:52 PM
tantor(tantor) used a hand_grenade 2-12-2021, 1:34:53 PM
tantor(tantor) used a hand_grenade 2-12-2021, 1:34:53 PM
tantor(tantor) used a hand_grenade 2-12-2021, 1:34:53 PM
tantor(tantor) used a hand_grenade 2-12-2021, 1:34:53 PM
tantor(tantor) used a stp429_mini_missile 2-12-2021, 1:35:09 PM
tantor(tantor) used a stp429_mini_missile 2-12-2021, 1:35:15 PM
tantor(tantor) used a stp429_mini_missile 2-12-2021, 1:36:18 PM
tantor(tantor) used a stp429_mini_missile 2-12-2021, 1:36:19 PM
tantor(tantor) used a stp429_mini_missile 2-12-2021, 1:36:19 PM
tantor(tantor) used a stp429_mini_missile 2-12-2021, 1:36:20 PM
tantor(tantor) used a stp429_mini_missile 2-12-2021, 1:36:20 PM
tantor(tantor) used a stp429_mini_missile 2-12-2021, 1:36:20 PM
tantor(tantor) used a stp429_mini_missile 2-12-2021, 1:36:22 PM
tantor(tantor) used a stp429_mini_missile 2-12-2021, 1:36:34 PM
tantor(tantor) used a stp429_mini_missile 2-12-2021, 1:36:34 PM
tantor(tantor) used a stp429_mini_missile 2-12-2021, 1:36:34 PM
tantor(tantor) used a stp429_mini_missile 2-12-2021, 1:36:34 PM
tantor(tantor) used a stp429_mini_missile 2-12-2021, 1:36:36 PM
tantor(tantor) used a stp429_mini_missile 2-12-2021, 1:36:38 PM
tantor(tantor) used a stp429_mini_missile 2-12-2021, 1:36:38 PM
tantor(tantor) used a stp429_mini_missile 2-12-2021, 1:36:39 PM
tantor(tantor) used a stp429_mini_missile 2-12-2021, 1:36:40 PM
tantor(tantor) used a stp429_mini_missile 2-12-2021, 1:36:40 PM
tantor(tantor) used a stp429_mini_missile 2-12-2021, 1:36:41 PM
tantor(tantor) used a stp429_mini_missile 2-12-2021, 1:36:41 PM
tantor(tantor) used a stp429_mini_missile 2-12-2021, 1:36:51 PM
tantor(tantor) used a aircraft 2-12-2021, 1:38:00 PM
tantor(tantor) used a tank 2-12-2021, 1:38:00 PM
tantor(tantor) used a missile_interceptor 2-12-2021, 1:38:59 PM
tantor(tantor) used a missile_interceptor 2-12-2021, 1:39:01 PM
tantor(tantor) used a missile_interceptor 2-12-2021, 1:39:01 PM
tantor(tantor) used a missile_interceptor 2-12-2021, 1:39:07 PM
tantor(tantor) used a missile_interceptor 2-12-2021, 1:39:08 PM
tantor(tantor) used a health_drink 2-12-2021, 1:39:14 PM
tantor(tantor) used a health_drink 2-12-2021, 1:39:14 PM
tantor(tantor) used a health_drink 2-12-2021, 1:39:15 PM
tantor(tantor) used a missile_interceptor 2-12-2021, 1:39:23 PM
tantor(tantor) used a missile_interceptor 2-12-2021, 1:39:23 PM
tantor(tantor) used a invisibility_shield 2-12-2021, 1:39:32 PM
tantor(tantor) used a missile_interceptor 2-12-2021, 1:39:34 PM
tantor(tantor) used a missile_interceptor 2-12-2021, 1:39:34 PM
tantor(tantor) used a missile_interceptor 2-12-2021, 1:39:37 PM
tantor(tantor) used a missile_interceptor 2-12-2021, 1:39:37 PM
tantor(tantor) used a missile_interceptor 2-12-2021, 1:39:41 PM
tantor(tantor) used a missile_interceptor 2-12-2021, 1:39:41 PM
tantor(tantor) used a missile_interceptor 2-12-2021, 1:39:45 PM
tantor(tantor) used a missile_interceptor 2-12-2021, 1:39:45 PM
tantor(tantor) used a invisibility_shield 2-12-2021, 1:39:54 PM
tantor(tantor) used a health_drink 2-12-2021, 1:39:56 PM
tantor(tantor) used a missile_interceptor 2-12-2021, 1:39:59 PM
tantor(tantor) used a missile_interceptor 2-12-2021, 1:40:00 PM
tantor(tantor) used a invisibility_shield 2-12-2021, 1:40:09 PM
tantor(tantor) used a missile_interceptor 2-12-2021, 1:40:10 PM
tantor(tantor) used a missile_interceptor 2-12-2021, 1:40:11 PM
tantor(tantor) used a health_drink 2-12-2021, 1:40:15 PM
tantor(tantor) used a health_drink 2-12-2021, 1:40:16 PM
tantor(tantor) used a health_drink 2-12-2021, 1:40:16 PM
tantor(tantor) used a missile_interceptor 2-12-2021, 1:40:20 PM
tantor(tantor) used a missile_interceptor 2-12-2021, 1:40:20 PM
tantor(tantor) used a health_drink 2-12-2021, 1:40:23 PM
tantor(tantor) used a health_drink 2-12-2021, 1:40:25 PM
tantor(tantor) used a health_drink 2-12-2021, 1:40:28 PM
tantor(tantor) used a health_drink 2-12-2021, 1:40:28 PM
tantor(tantor) used a missile_interceptor 2-12-2021, 1:40:29 PM
tantor(tantor) used a helicopter 2-12-2021, 1:40:32 PM
tantor(tantor) used a guided_missile 2-12-2021, 1:40:36 PM
tantor(tantor) used a guided_missile 2-12-2021, 1:40:41 PM
tantor(tantor) used a guided_missile 2-12-2021, 1:40:42 PM
tantor(tantor) used a missile_interceptor 2-12-2021, 1:40:44 PM
tantor(tantor) used a missile_interceptor 2-12-2021, 1:40:44 PM
tantor(tantor) used a guided_missile 2-12-2021, 1:40:52 PM
tantor(tantor) used a guided_missile 2-12-2021, 1:40:58 PM
tantor(tantor) used a missile_interceptor 2-12-2021, 1:41:00 PM
tantor(tantor) used a missile_interceptor 2-12-2021, 1:41:00 PM
tantor(tantor) used a guided_missile 2-12-2021, 1:41:03 PM
tantor(tantor) used a missile_interceptor 2-12-2021, 1:41:05 PM
tantor(tantor) used a missile_interceptor 2-12-2021, 1:41:05 PM
tantor(tantor) used a missile_interceptor 2-12-2021, 1:41:11 PM
tantor(tantor) used a missile_interceptor 2-12-2021, 1:41:12 PM
tantor(tantor) used a missile_interceptor 2-12-2021, 1:41:17 PM
tantor(tantor) used a missile_interceptor 2-12-2021, 1:41:18 PM
tantor(tantor) used a guided_missile 2-12-2021, 1:41:23 PM
tantor(tantor) used a health_drink 2-12-2021, 1:41:28 PM
tantor(tantor) used a missile_interceptor 2-12-2021, 1:41:29 PM
tantor(tantor) used a missile_interceptor 2-12-2021, 1:41:29 PM
tantor(tantor) used a missile_interceptor 2-12-2021, 1:41:35 PM
tantor(tantor) used a missile_interceptor 2-12-2021, 1:41:35 PM
tantor(tantor) used a missile_interceptor 2-12-2021, 1:41:42 PM
tantor(tantor) used a missile_interceptor 2-12-2021, 1:41:42 PM
tantor(tantor) used a health_drink 2-12-2021, 1:41:45 PM
tantor(tantor) used a health_drink 2-12-2021, 1:41:45 PM
tantor(tantor) used a health_drink 2-12-2021, 1:41:46 PM
tantor(tantor) used a health_drink 2-12-2021, 1:41:47 PM
tantor(tantor) used a missile_interceptor 2-12-2021, 1:41:47 PM
tantor(tantor) used a missile_interceptor 2-12-2021, 1:41:48 PM
tantor(tantor) used a health_drink 2-12-2021, 1:41:50 PM
tantor(tantor) used a health_drink 2-12-2021, 1:41:50 PM
tantor(tantor) used a health_drink 2-12-2021, 1:41:52 PM
tantor(tantor) used a health_drink 2-12-2021, 1:41:53 PM
tantor(tantor) used a missile_interceptor 2-12-2021, 1:41:54 PM
tantor(tantor) used a missile_interceptor 2-12-2021, 1:41:54 PM
tantor(tantor) used a health_drink 2-12-2021, 1:41:56 PM
tantor(tantor) used a health_drink 2-12-2021, 1:41:56 PM
tantor(tantor) used a health_drink 2-12-2021, 1:41:57 PM
tantor(tantor) used a health_drink 2-12-2021, 1:41:58 PM
tantor(tantor) used a missile_interceptor 2-12-2021, 1:42:01 PM
tantor(tantor) used a missile_interceptor 2-12-2021, 1:42:01 PM
tantor(tantor) used a health_drink 2-12-2021, 1:42:03 PM
tantor(tantor) used a health_drink 2-12-2021, 1:42:03 PM
tantor(tantor) used a missile_interceptor 2-12-2021, 1:42:07 PM
tantor(tantor) used a missile_interceptor 2-12-2021, 1:42:07 PM
tantor(tantor) used a health_drink 2-12-2021, 1:42:08 PM
tantor(tantor) used a health_drink 2-12-2021, 1:42:09 PM
tantor(tantor) used a health_drink 2-12-2021, 1:42:10 PM
tantor(tantor) used a missile_interceptor 2-12-2021, 1:42:13 PM
tantor(tantor) used a missile_interceptor 2-12-2021, 1:42:13 PM
tantor(tantor) used a health_drink 2-12-2021, 1:42:15 PM
tantor(tantor) used a health_drink 2-12-2021, 1:42:15 PM
tantor(tantor) used a missile_interceptor 2-12-2021, 1:42:19 PM
tantor(tantor) used a missile_interceptor 2-12-2021, 1:42:19 PM
tantor(tantor) used a missile_interceptor 2-12-2021, 1:42:26 PM
tantor(tantor) used a missile_interceptor 2-12-2021, 1:42:26 PM
tantor(tantor) used a missile_interceptor 2-12-2021, 1:42:40 PM
tantor(tantor) used a missile_interceptor 2-12-2021, 1:42:40 PM
tantor(tantor) used a missile_interceptor 2-12-2021, 1:42:48 PM
tantor(tantor) used a missile_interceptor 2-12-2021, 1:42:48 PM
tantor(tantor) used a missile_interceptor 2-12-2021, 1:42:54 PM
tantor(tantor) used a missile_interceptor 2-12-2021, 1:42:55 PM
tantor(tantor) used a missile_interceptor 2-12-2021, 1:43:02 PM
tantor(tantor) used a missile_interceptor 2-12-2021, 1:43:02 PM
tantor(tantor) used a missile_interceptor 2-12-2021, 1:43:08 PM
tantor(tantor) used a missile_interceptor 2-12-2021, 1:43:08 PM
tantor(tantor) used a wood 2-12-2021, 1:43:11 PM
tantor(tantor) used a missile_interceptor 2-12-2021, 1:43:20 PM
tantor(tantor) used a missile_interceptor 2-12-2021, 1:43:20 PM
tantor(tantor) used a health_drink 2-12-2021, 1:43:23 PM
tantor(tantor) used a missile_interceptor 2-12-2021, 1:43:25 PM
tantor(tantor) used a missile_interceptor 2-12-2021, 1:43:26 PM
tantor(tantor) used a health_drink 2-12-2021, 1:43:35 PM
tantor(tantor) used a health_drink 2-12-2021, 1:43:40 PM
tantor(tantor) used a health_drink 2-12-2021, 1:43:43 PM
tantor(tantor) used a health_drink 2-12-2021, 1:43:45 PM
tantor(tantor) used a health_drink 2-12-2021, 1:43:46 PM
tantor(tantor) used a health_drink 2-12-2021, 1:43:48 PM
tantor(tantor) used a health_drink 2-12-2021, 1:43:50 PM
tantor(tantor) used a health_drink 2-12-2021, 1:43:50 PM
tantor(tantor) used a guided_missile 2-12-2021, 1:44:27 PM
tantor(tantor) used a helicopter 2-12-2021, 1:44:31 PM
tantor(tantor) used a helicopter 2-12-2021, 1:44:33 PM
tantor(tantor) used a helicopter 2-12-2021, 1:44:36 PM
tantor(tantor) used a invisibility_shield 2-12-2021, 1:44:39 PM
tantor(tantor) used a invisibility_shield 2-12-2021, 1:44:40 PM
tantor(tantor) used a invisibility_shield 2-12-2021, 1:44:46 PM
tantor(tantor) used a invisibility_shield 2-12-2021, 1:44:46 PM
tantor(tantor) used a invisibility_shield 2-12-2021, 1:45:11 PM
tantor(tantor) used a invisibility_shield 2-12-2021, 1:45:18 PM
tantor(tantor) used a invisibility_shield 2-12-2021, 1:45:19 PM
tantor(tantor) used a invisibility_shield 2-12-2021, 1:45:23 PM
tantor(tantor) used a invisibility_shield 2-12-2021, 1:45:42 PM
tantor(tantor) used a invisibility_shield 2-12-2021, 1:46:03 PM
tantor(tantor) used a invisibility_shield 2-12-2021, 1:46:14 PM
tantor(tantor) used a police_car 2-12-2021, 1:46:27 PM
tantor(tantor) used a invisibility_shield 2-12-2021, 1:46:29 PM
tantor(tantor) used a missile_interceptor 2-12-2021, 1:46:32 PM
tantor(tantor) used a missile_interceptor 2-12-2021, 1:46:32 PM
tantor(tantor) used a missile_interceptor 2-12-2021, 1:46:33 PM
tantor(tantor) used a missile_interceptor 2-12-2021, 1:46:37 PM
tantor(tantor) used a missile_interceptor 2-12-2021, 1:46:37 PM
tantor(tantor) used a missile_interceptor 2-12-2021, 1:46:38 PM
tantor(tantor) used a missile_interceptor 2-12-2021, 1:46:38 PM
tantor(tantor) used a missile_interceptor 2-12-2021, 1:46:39 PM
tantor(tantor) used a missile_interceptor 2-12-2021, 1:46:40 PM
tantor(tantor) used a missile_interceptor 2-12-2021, 1:46:40 PM
tantor(tantor) used a missile_interceptor 2-12-2021, 1:46:45 PM
tantor(tantor) used a missile_interceptor 2-12-2021, 1:46:46 PM
tantor(tantor) used a missile_interceptor 2-12-2021, 1:46:47 PM
tantor(tantor) used a missile_interceptor 2-12-2021, 1:46:54 PM
tantor(tantor) used a missile_interceptor 2-12-2021, 1:46:55 PM
tantor(tantor) used a missile_interceptor 2-12-2021, 1:46:57 PM
tantor(tantor) used a missile_interceptor 2-12-2021, 1:46:57 PM
tantor(tantor) used a missile_interceptor 2-12-2021, 1:47:02 PM
tantor(tantor) used a missile_interceptor 2-12-2021, 1:47:02 PM
tantor(tantor) used a health_drink 2-12-2021, 1:47:04 PM
tantor(tantor) used a health_drink 2-12-2021, 1:47:06 PM
tantor(tantor) used a missile_interceptor 2-12-2021, 1:47:09 PM
tantor(tantor) used a missile_interceptor 2-12-2021, 1:47:09 PM
tantor(tantor) used a missile_interceptor 2-12-2021, 1:47:16 PM
tantor(tantor) used a missile_interceptor 2-12-2021, 1:47:16 PM
tantor(tantor) used a health_drink 2-12-2021, 1:47:19 PM
tantor(tantor) used a health_drink 2-12-2021, 1:47:19 PM