
kyrk (kyrk) said cuicide 1-15-2021, 7:16:11 AM
kyrk (kyrk) said здравствуй! слушай! хватит меня убивать! а если хочешь подраться, то пошли на поле боя! 1-15-2021, 3:36:46 PM
kyrk (kyrk) said я уже на поле боя! 1-15-2021, 3:38:12 PM
kyrk (kyrk) said иди сюда! 1-15-2021, 3:38:26 PM
kyrk (kyrk) said k 1-15-2021, 3:39:06 PM
kyrk (kyrk) said я дру тебя на поле боя! 1-15-2021, 3:39:16 PM
kyrk (kyrk) said я жду тебя на поле боя! 1-15-2021, 3:39:23 PM
kyrk (kyrk) said только давай после того, как посражаемся, то поохотимся! 1-15-2021, 3:39:43 PM
kyrk (kyrk) said здорово! 1-15-2021, 3:46:14 PM
kyrk (kyrk) said suicide 1-15-2021, 3:46:42 PM
kyrk (kyrk) said а-а-а-а! ну, пошли! 1-15-2021, 3:47:09 PM
kyrk (kyrk) said что? 1-15-2021, 3:51:13 PM
kyrk (kyrk) said куда? 1-15-2021, 3:51:18 PM
kyrk (kyrk) said нас обоих убили! 1-15-2021, 3:54:05 PM
kyrk (kyrk) said is 1-15-2021, 3:54:41 PM
kyrk (kyrk) said а у тебя ремот есть? 1-15-2021, 3:54:59 PM
kyrk (kyrk) said давай я создам ключ, ты введёшь мне имя своей команды и пароль! хорошо? 1-15-2021, 3:55:32 PM
kyrk (kyrk) said ключ 2020 1-15-2021, 3:56:47 PM
kyrk (kyrk) said адрес  nvdaremote.com! 1-15-2021, 3:57:04 PM
kyrk (kyrk) said п 1-15-2021, 3:57:24 PM
kyrk (kyrk) said подключайся! 1-15-2021, 3:57:29 PM
kyrk (kyrk) said крокодил, подключайся! 1-15-2021, 3:58:04 PM
kyrk (kyrk) said крокодил, ты где? 1-15-2021, 3:58:35 PM
kyrk (kyrk) said да, ты прав! 1-15-2021, 3:59:17 PM
kyrk (kyrk) said никита, что ты возмущаешься? 1-15-2021, 4:00:10 PM
kyrk (kyrk) said крокодил, почему ты к ремоту не подключаешься? 1-15-2021, 4:02:03 PM
kyrk (kyrk) said чёрт! 1-15-2021, 4:02:41 PM
kyrk (kyrk) said крокодил, почему ты не подключаешься? 1-15-2021, 4:02:50 PM
kyrk (kyrk) said n v d a r e m o t e . c o m 1-15-2021, 4:03:17 PM
kyrk (kyrk) said я же тебе отдельно по буквам написал! 1-15-2021, 4:03:50 PM
kyrk (kyrk) said n v d a r e m o t e . c o m 1-15-2021, 4:04:24 PM
kyrk (kyrk) said только не копируй то, что я тебе с пробелами написал! 1-15-2021, 4:04:52 PM
kyrk (kyrk) said ты хотел меня к себе в команду включить! я хотел, чтобы ты ввёл с моего компа название команды и пароль! 1-15-2021, 4:07:10 PM
kyrk (kyrk) said альт шифт! 1-15-2021, 4:07:31 PM
kyrk (kyrk) said перешёл из самой игры в папку и переключился! 1-15-2021, 4:07:46 PM
kyrk (kyrk) said ну, ё моё! альт табнулся, перешёл в саму папку, переключился на русский, и обратно вошёл в игру! 1-15-2021, 4:08:26 PM
kyrk (kyrk) said нажми альт таб, потом переключись альт шифт, или контрол шифт, смотря что у тебя настроено! 1-15-2021, 4:09:20 PM
kyrk (kyrk) said слушай! я тебя попросил подключитьься к ремоту, чтобы ты с моего компа ввёл всё! 1-15-2021, 4:10:00 PM
kyrk (kyrk) said да! 1-15-2021, 4:10:11 PM
kyrk (kyrk) said ну, блин! я тебя для чего попросил подключиться к моему компу! 1-15-2021, 4:10:50 PM
kyrk (kyrk) said я же говорю! возьми управление моим компом и введи всё сам! 1-15-2021, 4:11:25 PM
kyrk (kyrk) said а как это вводить? 1-15-2021, 4:11:41 PM
kyrk (kyrk) said слушай, крокодил! как мне вводить всё? 1-15-2021, 4:13:37 PM
kyrk (kyrk) said название команды и пароль! 1-15-2021, 4:13:45 PM
kyrk (kyrk) said никита, хватит возмущаться! 1-15-2021, 4:14:17 PM
kyrk (kyrk) said всё! я перешёл! 1-15-2021, 4:15:13 PM
kyrk (kyrk) said крокодил! 1-15-2021, 4:15:23 PM
kyrk (kyrk) said я для чего тебя попросил подключиться к ремоту? 1-15-2021, 4:15:41 PM
kyrk (kyrk) said крокодил, перейди в русский канал! 1-15-2021, 4:16:03 PM
kyrk (kyrk) said крокодил, ты тут? 1-15-2021, 4:16:34 PM
kyrk (kyrk) said крокодил, перейди в русский! 1-15-2021, 4:16:58 PM
kyrk (kyrk) said канал! 1-15-2021, 4:17:02 PM
kyrk (kyrk) said перейди в русский канал! 1-15-2021, 4:17:17 PM
kyrk (kyrk) said ты меня слышишь? 1-15-2021, 4:17:46 PM
kyrk (kyrk) said ау, крокодил! 1-15-2021, 4:18:00 PM
kyrk (kyrk) said как мне вводить название твоей команды и пароль? 1-15-2021, 4:18:23 PM
kyrk (kyrk) said чтобы вступить в неё! 1-15-2021, 4:18:31 PM
kyrk (kyrk) said ну, это я понял! а как? 1-15-2021, 4:19:14 PM
kyrk (kyrk) said как мне ввести название команды и пароль, чтобы присоединиться к этой команде? 1-15-2021, 4:19:35 PM
kyrk (kyrk) said я ввожу назване, потом нажимаю энтер, сразу же выхожу автоматически из чата! 1-15-2021, 4:19:58 PM
kyrk (kyrk) said вот, в чём проблема! 1-15-2021, 4:20:10 PM
kyrk (kyrk) said я так и сделал, но мне пишут, что этой команды не существует! 1-15-2021, 4:21:22 PM
kyrk (kyrk) said как мне это вводить? 1-15-2021, 4:23:10 PM
kyrk (kyrk) said какие знаки препинания используются? 1-15-2021, 4:23:26 PM
kyrk (kyrk) said да, грёбаный свет! 1-15-2021, 4:23:39 PM
kyrk (kyrk) said давай я попробую! 1-15-2021, 4:23:59 PM
kyrk (kyrk) said я создал команду! название  killers 1-15-2021, 4:24:50 PM
kyrk (kyrk) said пароль  n6u 1-15-2021, 4:25:06 PM
kyrk (kyrk) said подключайся! 1-15-2021, 4:25:52 PM
kyrk (kyrk) said пароль 1991 1-15-2021, 4:26:58 PM
kyrk (kyrk) said пароль 1991 1-15-2021, 4:27:13 PM
kyrk (kyrk) said один раз вводи это число, а не два! понялл? 1-15-2021, 4:27:35 PM
kyrk (kyrk) said один раз вводи эти цифры! 1-15-2021, 4:27:50 PM
kyrk (kyrk) said пароль 1-15-2021, 4:28:06 PM
kyrk (kyrk) said 1991 1-15-2021, 4:28:12 PM
kyrk (kyrk) said вводи! 1-15-2021, 4:28:22 PM
kyrk (kyrk) said теперь пароль такой! 1-15-2021, 4:28:46 PM
kyrk (kyrk) said 2021 1-15-2021, 4:28:51 PM
kyrk (kyrk) said ну, ты подсоединишься, или нет? 1-15-2021, 4:29:46 PM
kyrk (kyrk) said да, ё моё! 1-15-2021, 4:30:04 PM
kyrk (kyrk) said ща попробую пересоздать команду! 1-15-2021, 4:30:17 PM
kyrk (kyrk) said bests 1-15-2021, 4:32:35 PM
kyrk (kyrk) said 2021 1-15-2021, 4:32:42 PM
kyrk (kyrk) said куда? 1-15-2021, 4:41:48 PM
kyrk (kyrk) said а где боксёрский иринг? как мне на него спуститься? 1-15-2021, 4:43:05 PM
kyrk (kyrk) said я куда-то не туда попёрся! 1-15-2021, 4:50:43 PM
kyrk (kyrk) said у меня переводчик для нвда стоит! 1-15-2021, 5:09:52 PM
kyrk (kyrk) said слушай! я потом выложу одну портабельную версию нвда. 1-15-2021, 5:11:01 PM
kyrk (kyrk) said я на портале для всех. 1-15-2021, 5:13:09 PM
kyrk (kyrk) said чёрт! 1-15-2021, 5:18:27 PM
kyrk (kyrk) said надо вновь команду создавать! 1-15-2021, 5:18:55 PM
kyrk (kyrk) said слушай, крокодил! входи ещё раз в мою команду! всё то же самое! 1-15-2021, 5:19:41 PM
kyrk (kyrk) said то же самое название и тот же пароль! 1-15-2021, 5:20:03 PM
kyrk (kyrk) said ау, крокодил! 1-15-2021, 5:20:21 PM
kyrk (kyrk) said входи вновь в мою команду! 1-15-2021, 5:20:35 PM
kyrk (kyrk) said как я уже сказал, то же название и тот же пароль! 1-15-2021, 5:20:56 PM
kyrk (kyrk) said 2021 1-15-2021, 5:21:08 PM
kyrk (kyrk) said заходи в файлообменник на портале для всех! я тебе там выложил файл! 1-15-2021, 5:38:08 PM
kyrk (kyrk) said shet! 1-15-2021, 5:48:59 PM