
kyrk(kyrk) bought 50 fnminimilight_ammo_packs 1-15-2021, 3:43:34 AM
kyrk(kyrk) bought 1 fnminimilights 1-15-2021, 3:44:13 AM
kyrk(kyrk) bought 30 gauss_ammo_packs 1-15-2021, 3:46:56 AM
kyrk(kyrk) bought 1 gausss 1-15-2021, 3:47:13 AM
kyrk(kyrk) bought 100 shields 1-15-2021, 3:49:16 AM
kyrk(kyrk) bought 30 awp_ammo_packs 1-15-2021, 3:52:12 AM
kyrk(kyrk) bought 100 shields 1-15-2021, 3:59:04 AM
kyrk(kyrk) bought 20 pack_of_60_ammo_mlk_207_combat_rifles 1-15-2021, 4:02:02 AM
kyrk(kyrk) bought 1 mlk_207_combat_rifles 1-15-2021, 4:02:17 AM
kyrk(kyrk) bought 30 pack_of_36_ammo_stp106_long_barreled_pistols 1-15-2021, 4:20:40 AM
kyrk(kyrk) bought 1 stp106_long_barreled_pistols 1-15-2021, 4:21:59 AM
kyrk(kyrk) bought 20 pack_of_20_ammo_beretta_m1951_machine_pistols 1-15-2021, 4:32:01 AM
kyrk(kyrk) bought 1 beretta_m1951_machine_pistols 1-15-2021, 4:32:15 AM
kyrk(kyrk) bought 20 pack_of_20_ammo_beretta_m1951_machine_pistols 1-15-2021, 4:34:17 AM
kyrk(kyrk) bought 100 shields 1-15-2021, 4:39:57 AM
kyrk(kyrk) bought 2 taser_ammo_packs 1-15-2021, 4:47:12 AM
kyrk(kyrk) bought 1 tasers 1-15-2021, 4:47:27 AM
kyrk(kyrk) bought 100 shields 1-15-2021, 4:57:39 AM
kyrk(kyrk) bought 20 pack_of_50_ammo_beretta_nano_pocket_pistols 1-15-2021, 4:58:30 AM
kyrk(kyrk) bought 1 beretta_nano_pocket_pistols 1-15-2021, 4:58:41 AM
kyrk(kyrk) bought 50 pack_of_100_ammo_modern_sub_machine_gun_carbines 1-15-2021, 5:01:27 AM
kyrk(kyrk) bought 100 shields 1-15-2021, 5:24:01 AM
kyrk(kyrk) bought 4 fuel_tanks 1-15-2021, 6:07:28 AM
kyrk(kyrk) bought 10 poison_darts 1-15-2021, 6:12:52 AM
kyrk(kyrk) bought 1 m16_assault_rifles 1-15-2021, 6:13:32 AM
kyrk(kyrk) bought 20 pack_of_100_ammo_m16_assault_rifles 1-15-2021, 6:13:51 AM
kyrk(kyrk) bought 100 shields 1-15-2021, 6:18:33 AM
kyrk(kyrk) bought 100 shields 1-15-2021, 7:01:41 AM
kyrk(kyrk) bought 100 shields 1-15-2021, 5:09:40 PM