mapname:admin_area
maxx:20
maxy:20
maxz:22
tile:0:20:0:20:0:0:carpet2
zone:0:20:0:20:0:20:admin area
tile:0:20:0:0:0:20:walldoor2
tile:0:20:20:20:0:20:walldoor2
tile:0:0:1:19:0:20:walldoor2
tile:20:20:1:29:0:20:walldoor2
tile:10:12:10:10:0:0:stone1
tile:10:12:11:12:0:2:wallstone
tile:11:11:11:11:1:1:wallbrushtangle
tile:10:12:11:12:2:2:stone1
tile:11:11:11:11:2:2:fire
zone:10:12:10:12:0:15:fireplace
tile:1:1:1:1:0:1:wallchain
tile:1:1:1:1:1:1:deck
zone:1:1:1:1:0:10:an old clock
tile:6:6:6:6:0:1:wallbank
tile:6:6:6:6:1:1:chair
zone:6:6:6:6:1:10:a nice old chair
tile:4:5:5:7:0:1:walltable
tile:4:5:5:7:1:1:plank
zone:4:5:5:7:1:10:an old wooden table
tile:1:2:19:19:0:0:water
zone:1:2:19:19:0:10:some clean water to wash in
tile:17:17:19:19:0:0:walltable
tile:17:17:19:19:1:1:hardwood1
zone:17:17:19:19:1:10:a nightstand
tile:18:19:17:19:0:2:wallcloth
tile:18:19:17:19:2:2:plexi
zone:18:19:17:19:2:10:a bed
src:1:1:1:1:0:10:clock.ogg
/fightingstate:1

tile:1:19:1:1:15:15:stone1

tile:0:20:0:20:20:20:wallcar2
tile:0:20:0:20:21:21:roof1
travelpoint:10:10:1:1:0:10:store:15:15:0:moved
zone:10:10:1:1:0:10:press enter to go to the store:trackme
tile:20:20:15:16:2:5:wallglass
src:30:30:15:16:2:5:birds15.ogg
/robots:0:20:0:20:0:0:1:10000:Amphibian,bear,boxer,car,cat,cockroach,coyote,cyborg,dentist,doctor,dog,dragon,dragonfly,excavator,fitter,flamethrower,fly,gangster,glider,grandpa,gun,harvester,helicopter,horse,lion,manager,metallurgist,mosquito,moth,nurse,patient,polarbear,psychiatrist,psycho,rabbit,rat,robocop,rocketlauncher,securityguard,snake,sniper,soldier,storekeeper,surgeon,tank,train,trainer,tushkano,welder,wolf,worm,zombie,pan,robot,fireball,hunter
//jplayer:5:5:7
tile:5:5:5:5:20:20:metal13
zone:5:5:5:5:20:20:music player:trackme