
darkfrent (darkfrent) sent /pm  franklin взаимно 8-30-2020, 12:30:10 AM
darkfrent (darkfrent) sent /pm franklin с кем 8-30-2020, 12:30:57 AM
darkfrent (darkfrent) sent /pm franklin озвуч 8-30-2020, 12:32:19 AM
darkfrent (darkfrent) sent /pm franklin не совсем 8-30-2020, 12:32:52 AM
darkfrent (darkfrent) sent /pm franklin во первых € про это почти забыл ну и если ты хочешь чтоб € сказал почему 8-30-2020, 12:33:41 AM
darkfrent (darkfrent) sent /pm  franklin да нет короче 8-30-2020, 12:34:33 AM
darkfrent (darkfrent) sent /pm началось всЄ с того что она сказала что ты ей нравишс€ 8-30-2020, 12:35:07 AM
darkfrent (darkfrent) sent /pm franklin началось всЄ с того что она сказала что ты ей нравешс€ 8-30-2020, 12:35:46 AM
darkfrent (darkfrent) sent /pm  franklin у мен€ бомбануло по известной причине 8-30-2020, 12:36:21 AM
darkfrent (darkfrent) sent /pm  franklin € сказал что то типа ну так выбирай и она сказала что € дальше 8-30-2020, 12:36:44 AM
darkfrent (darkfrent) sent /pm  franklin рокетами это после а тогда прошла недел€ и оп€ть всЄ по новой теперь бл€ть ридр нравилс€ така€ же херь € 8-30-2020, 12:37:25 AM
darkfrent (darkfrent) sent /pm  franklin когда это в третей раз было и она при мне тоесть мне говорила что не знает кого выбрать мен€ это всЄ заебало и € сказал давай останемс€ друзь€ми 8-30-2020, 12:38:20 AM
darkfrent (darkfrent) sent /pm  franklin она хах бл€ть типа как хочешь € такой ну ок 8-30-2020, 12:38:54 AM
darkfrent (darkfrent) sent /pm  franklin знаешь скорее нравилась сейчас с ней октивно общчаетьс€ ридр но она сома бл€ не может выбрать что надо делаьь короче € не лезу 8-30-2020, 12:39:40 AM
darkfrent (darkfrent) sent /pm  franklin вот как то так 8-30-2020, 12:40:55 AM
darkfrent (darkfrent) sent /pm  franklin рокетами когда кидал ещЄ реввновал а ща как то пох 8-30-2020, 12:41:36 AM
darkfrent (darkfrent) sent /pm  franklin хм и как наблюдени€ 8-30-2020, 12:42:04 AM
darkfrent (darkfrent) sent /pm  franklin тоесть 8-30-2020, 12:42:42 AM
darkfrent (darkfrent) sent /pm  franklin не совсем пон€л 8-30-2020, 12:43:12 AM
darkfrent (darkfrent) sent /pm  franklin тупой вопрос но €рина тебе нравитьс€ 8-30-2020, 12:44:23 AM
darkfrent (darkfrent) sent /pm  franklin хм 8-30-2020, 12:45:13 AM
darkfrent (darkfrent) sent /pm  franklin сейчас € теб€ бил просто потомучто мне было скучно и хотелось играть 8-30-2020, 12:45:37 AM
darkfrent (darkfrent) sent /pm  franklin но не скрою ещЄ недели две назад € не хотел с тобой говорить 8-30-2020, 12:46:04 AM
darkfrent (darkfrent) sent /pm  franklin так ты не ответил 8-30-2020, 12:46:21 AM
darkfrent (darkfrent) sent /pm  franklin звучит странно 8-30-2020, 12:47:15 AM
darkfrent (darkfrent) sent /pm  franklin копец кружок получаетьс€ 8-30-2020, 12:47:34 AM
darkfrent (darkfrent) sent /lchat hu 8-30-2020, 1:41:34 AM
darkfrent (darkfrent) sent /lchat rrrr 8-30-2020, 1:40:07 PM
darkfrent (darkfrent) sent /event 8-30-2020, 5:02:22 PM
darkfrent (darkfrent) sent /event 8-30-2020, 5:02:34 PM
darkfrent (darkfrent) sent /evens 8-30-2020, 5:02:42 PM
darkfrent (darkfrent) sent /eventinfo 8-30-2020, 5:02:52 PM
darkfrent (darkfrent) sent /events 8-30-2020, 5:03:13 PM
darkfrent (darkfrent) sent /joinevent 818 8-30-2020, 5:03:35 PM
darkfrent (darkfrent) sent /joinevent 2818 8-30-2020, 5:03:50 PM
darkfrent (darkfrent) sent /where Yarina 8-30-2020, 9:26:22 PM