
franklin(franklin) used a the_legendary_sword 2-4-2021, 7:30:13 PM
franklin(franklin) used a modern_sub_machine_gun_carbine 2-4-2021, 7:30:15 PM
franklin(franklin) used a rpg7 2-4-2021, 7:30:20 PM
franklin(franklin) used a rocket_launcher 2-4-2021, 7:30:23 PM
franklin(franklin) used a hand_cannon 2-4-2021, 7:30:28 PM
franklin(franklin) used a cannon 2-4-2021, 7:30:36 PM
franklin(franklin) used a shipment_zebgumv 2-4-2021, 7:30:50 PM
franklin(franklin) used a storm_sniper 2-4-2021, 7:31:08 PM
franklin(franklin) used a cyanide_pistol 2-4-2021, 7:31:30 PM
franklin(franklin) used a concussive_grenade 2-4-2021, 7:32:26 PM
franklin(franklin) used a concussive_grenade 2-4-2021, 7:32:53 PM
franklin(franklin) used a carrier_missile 2-4-2021, 7:32:59 PM
franklin(franklin) used a concussive_grenade 2-4-2021, 7:33:35 PM
franklin(franklin) used a stp429_mini_missile 2-4-2021, 7:34:52 PM
franklin(franklin) used a stp429_mini_missile 2-4-2021, 7:34:54 PM
franklin(franklin) used a stp429_mini_missile 2-4-2021, 7:34:55 PM
franklin(franklin) used a stp429_mini_missile 2-4-2021, 7:34:55 PM
franklin(franklin) used a stp429_mini_missile 2-4-2021, 7:34:55 PM
franklin(franklin) used a stp429_mini_missile 2-4-2021, 7:34:55 PM
franklin(franklin) used a stp429_mini_missile 2-4-2021, 7:34:55 PM
franklin(franklin) used a stp429_mini_missile 2-4-2021, 7:34:55 PM
franklin(franklin) used a stp429_mini_missile 2-4-2021, 7:34:55 PM
franklin(franklin) used a stp429_mini_missile 2-4-2021, 7:34:56 PM
franklin(franklin) used a stp429_mini_missile 2-4-2021, 7:34:57 PM
franklin(franklin) used a stp429_mini_missile 2-4-2021, 7:34:57 PM
franklin(franklin) used a stp429_mini_missile 2-4-2021, 7:35:02 PM
franklin(franklin) used a stp429_mini_missile 2-4-2021, 7:35:10 PM
franklin(franklin) used a stp429_mini_missile 2-4-2021, 7:35:15 PM
franklin(franklin) used a concussive_grenade 2-4-2021, 7:35:43 PM
franklin(franklin) used a hand_grenade 2-4-2021, 7:39:17 PM
franklin(franklin) used a hand_grenade 2-4-2021, 7:39:26 PM
franklin(franklin) used a hand_grenade 2-4-2021, 7:39:29 PM
franklin(franklin) used a invisibility_shield 2-4-2021, 7:41:11 PM
franklin(franklin) used a invisibility_shield 2-4-2021, 7:41:12 PM
franklin(franklin) used a concussive_grenade 2-4-2021, 7:41:12 PM
franklin(franklin) used a concussive_grenade 2-4-2021, 7:42:30 PM
franklin(franklin) used a invisibility_shield 2-4-2021, 7:43:23 PM
franklin(franklin) used a hand_grenade 2-4-2021, 7:43:28 PM
franklin(franklin) used a hand_grenade 2-4-2021, 7:43:28 PM
franklin(franklin) used a hand_grenade 2-4-2021, 7:43:28 PM
franklin(franklin) used a hand_grenade 2-4-2021, 7:43:28 PM
franklin(franklin) used a hand_grenade 2-4-2021, 7:43:28 PM
franklin(franklin) used a hand_grenade 2-4-2021, 7:43:28 PM
franklin(franklin) used a hand_grenade 2-4-2021, 7:43:29 PM
franklin(franklin) used a hand_grenade 2-4-2021, 7:43:29 PM
franklin(franklin) used a hand_grenade 2-4-2021, 7:43:29 PM
franklin(franklin) used a hand_grenade 2-4-2021, 7:43:29 PM
franklin(franklin) used a hand_grenade 2-4-2021, 7:43:29 PM
franklin(franklin) used a hand_grenade 2-4-2021, 7:43:30 PM
franklin(franklin) used a hand_grenade 2-4-2021, 7:43:31 PM
franklin(franklin) used a hand_grenade 2-4-2021, 7:43:32 PM
franklin(franklin) used a hand_grenade 2-4-2021, 7:43:32 PM
franklin(franklin) used a hand_grenade 2-4-2021, 7:43:32 PM
franklin(franklin) used a hand_grenade 2-4-2021, 7:43:33 PM
franklin(franklin) used a hand_grenade 2-4-2021, 7:43:33 PM
franklin(franklin) used a hand_grenade 2-4-2021, 7:43:33 PM
franklin(franklin) used a hand_grenade 2-4-2021, 7:43:34 PM
franklin(franklin) used a hand_grenade 2-4-2021, 7:43:34 PM
franklin(franklin) used a hand_grenade 2-4-2021, 7:43:34 PM
franklin(franklin) used a hand_grenade 2-4-2021, 7:43:35 PM
franklin(franklin) used a hand_grenade 2-4-2021, 7:43:35 PM
franklin(franklin) used a hand_grenade 2-4-2021, 7:43:35 PM
franklin(franklin) used a hand_grenade 2-4-2021, 7:43:35 PM
franklin(franklin) used a hand_grenade 2-4-2021, 7:43:52 PM
franklin(franklin) used a hand_grenade 2-4-2021, 7:43:53 PM
franklin(franklin) used a hand_grenade 2-4-2021, 7:43:57 PM
franklin(franklin) used a hand_grenade 2-4-2021, 7:44:09 PM
franklin(franklin) used a hand_grenade 2-4-2021, 7:44:10 PM
franklin(franklin) used a hand_grenade 2-4-2021, 7:44:10 PM
franklin(franklin) used a hand_grenade 2-4-2021, 7:44:10 PM
franklin(franklin) used a hand_grenade 2-4-2021, 7:44:10 PM
franklin(franklin) used a hand_grenade 2-4-2021, 7:44:11 PM
franklin(franklin) used a hand_grenade 2-4-2021, 7:44:19 PM
franklin(franklin) used a hand_grenade 2-4-2021, 7:44:19 PM
franklin(franklin) used a hand_grenade 2-4-2021, 7:44:19 PM
franklin(franklin) used a hand_grenade 2-4-2021, 7:44:19 PM
franklin(franklin) used a hand_grenade 2-4-2021, 7:44:19 PM
franklin(franklin) used a hand_grenade 2-4-2021, 7:44:20 PM
franklin(franklin) used a hand_grenade 2-4-2021, 7:44:20 PM
franklin(franklin) used a hand_grenade 2-4-2021, 7:44:20 PM
franklin(franklin) used a hand_grenade 2-4-2021, 7:44:20 PM
franklin(franklin) used a hand_grenade 2-4-2021, 7:44:20 PM
franklin(franklin) used a hand_grenade 2-4-2021, 7:44:20 PM
franklin(franklin) used a hand_grenade 2-4-2021, 7:44:21 PM
franklin(franklin) used a hand_grenade 2-4-2021, 7:44:21 PM
franklin(franklin) used a hand_grenade 2-4-2021, 7:44:21 PM
franklin(franklin) used a hand_grenade 2-4-2021, 7:44:21 PM
franklin(franklin) used a hand_grenade 2-4-2021, 7:44:22 PM
franklin(franklin) used a hand_grenade 2-4-2021, 7:44:22 PM
franklin(franklin) used a hand_grenade 2-4-2021, 7:44:22 PM
franklin(franklin) used a hand_grenade 2-4-2021, 7:44:22 PM
franklin(franklin) used a hand_grenade 2-4-2021, 7:44:22 PM
franklin(franklin) used a hand_grenade 2-4-2021, 7:44:23 PM
franklin(franklin) used a hand_grenade 2-4-2021, 7:44:23 PM
franklin(franklin) used a hand_grenade 2-4-2021, 7:44:23 PM
franklin(franklin) used a hand_grenade 2-4-2021, 7:44:23 PM
franklin(franklin) used a hand_grenade 2-4-2021, 7:44:24 PM
franklin(franklin) used a hand_grenade 2-4-2021, 7:44:24 PM
franklin(franklin) used a hand_grenade 2-4-2021, 7:44:24 PM
franklin(franklin) used a hand_grenade 2-4-2021, 7:44:24 PM
franklin(franklin) used a hand_grenade 2-4-2021, 7:44:24 PM
franklin(franklin) used a hand_grenade 2-4-2021, 7:44:24 PM
franklin(franklin) used a hand_grenade 2-4-2021, 7:44:25 PM
franklin(franklin) used a hand_grenade 2-4-2021, 7:44:25 PM
franklin(franklin) used a hand_grenade 2-4-2021, 7:44:25 PM
franklin(franklin) used a hand_grenade 2-4-2021, 7:44:25 PM
franklin(franklin) used a hand_grenade 2-4-2021, 7:44:25 PM
franklin(franklin) used a hand_grenade 2-4-2021, 7:44:25 PM
franklin(franklin) used a hand_grenade 2-4-2021, 7:44:26 PM
franklin(franklin) used a hand_grenade 2-4-2021, 7:44:26 PM
franklin(franklin) used a hand_grenade 2-4-2021, 7:44:26 PM
franklin(franklin) used a hand_grenade 2-4-2021, 7:44:26 PM
franklin(franklin) used a hand_grenade 2-4-2021, 7:44:26 PM
franklin(franklin) used a hand_grenade 2-4-2021, 7:44:26 PM
franklin(franklin) used a hand_grenade 2-4-2021, 7:44:27 PM
franklin(franklin) used a hand_grenade 2-4-2021, 7:44:27 PM
franklin(franklin) used a hand_grenade 2-4-2021, 7:44:27 PM
franklin(franklin) used a hand_grenade 2-4-2021, 7:44:47 PM
franklin(franklin) used a hand_grenade 2-4-2021, 7:44:50 PM
franklin(franklin) used a hand_grenade 2-4-2021, 7:44:51 PM
franklin(franklin) used a hand_grenade 2-4-2021, 7:44:55 PM
franklin(franklin) used a hand_grenade 2-4-2021, 7:44:56 PM
franklin(franklin) used a hand_grenade 2-4-2021, 7:45:03 PM
franklin(franklin) used a hand_grenade 2-4-2021, 7:45:05 PM
franklin(franklin) used a hand_grenade 2-4-2021, 7:45:05 PM
franklin(franklin) used a hand_grenade 2-4-2021, 7:45:06 PM
franklin(franklin) used a hand_grenade 2-4-2021, 7:45:41 PM
franklin(franklin) used a hand_grenade 2-4-2021, 7:45:41 PM
franklin(franklin) used a hand_grenade 2-4-2021, 7:45:41 PM
franklin(franklin) used a hand_grenade 2-4-2021, 7:45:42 PM
franklin(franklin) used a hand_grenade 2-4-2021, 7:45:42 PM
franklin(franklin) used a hand_grenade 2-4-2021, 7:45:42 PM
franklin(franklin) used a hand_grenade 2-4-2021, 7:45:42 PM
franklin(franklin) used a hand_grenade 2-4-2021, 7:45:42 PM
franklin(franklin) used a hand_grenade 2-4-2021, 7:45:42 PM
franklin(franklin) used a hand_grenade 2-4-2021, 7:45:43 PM
franklin(franklin) used a hand_grenade 2-4-2021, 7:45:43 PM
franklin(franklin) used a hand_grenade 2-4-2021, 7:45:43 PM
franklin(franklin) used a hand_grenade 2-4-2021, 7:45:43 PM
franklin(franklin) used a hand_grenade 2-4-2021, 7:45:43 PM
franklin(franklin) used a hand_grenade 2-4-2021, 7:45:43 PM
franklin(franklin) used a hand_grenade 2-4-2021, 7:45:44 PM
franklin(franklin) used a hand_grenade 2-4-2021, 7:45:44 PM
franklin(franklin) used a hand_grenade 2-4-2021, 7:45:44 PM
franklin(franklin) used a hand_grenade 2-4-2021, 7:45:44 PM
franklin(franklin) used a hand_grenade 2-4-2021, 7:46:05 PM
franklin(franklin) used a hand_grenade 2-4-2021, 7:46:05 PM
franklin(franklin) used a hand_grenade 2-4-2021, 7:46:06 PM
franklin(franklin) used a hand_grenade 2-4-2021, 7:46:06 PM
franklin(franklin) used a hand_grenade 2-4-2021, 7:46:06 PM
franklin(franklin) used a hand_grenade 2-4-2021, 7:46:06 PM
franklin(franklin) used a hand_grenade 2-4-2021, 7:46:06 PM
franklin(franklin) used a hand_grenade 2-4-2021, 7:46:07 PM
franklin(franklin) used a hand_grenade 2-4-2021, 7:46:07 PM
franklin(franklin) used a hand_grenade 2-4-2021, 7:46:07 PM
franklin(franklin) used a hand_grenade 2-4-2021, 7:46:08 PM
franklin(franklin) used a hand_grenade 2-4-2021, 7:46:09 PM
franklin(franklin) used a hand_grenade 2-4-2021, 7:46:12 PM
franklin(franklin) used a hand_grenade 2-4-2021, 7:46:12 PM
franklin(franklin) used a hand_grenade 2-4-2021, 7:46:14 PM
franklin(franklin) used a hand_grenade 2-4-2021, 7:46:14 PM
franklin(franklin) used a hand_grenade 2-4-2021, 7:46:14 PM
franklin(franklin) used a hand_grenade 2-4-2021, 7:46:14 PM
franklin(franklin) used a hand_grenade 2-4-2021, 7:46:15 PM
franklin(franklin) used a hand_grenade 2-4-2021, 7:46:15 PM
franklin(franklin) used a hand_grenade 2-4-2021, 7:46:15 PM
franklin(franklin) used a hand_grenade 2-4-2021, 7:46:15 PM
franklin(franklin) used a hand_grenade 2-4-2021, 7:46:15 PM
franklin(franklin) used a hand_grenade 2-4-2021, 7:46:15 PM
franklin(franklin) used a hand_grenade 2-4-2021, 7:47:20 PM
franklin(franklin) used a hand_grenade 2-4-2021, 7:47:20 PM
franklin(franklin) used a hand_grenade 2-4-2021, 7:47:20 PM
franklin(franklin) used a hand_grenade 2-4-2021, 7:47:21 PM
franklin(franklin) used a hand_grenade 2-4-2021, 7:47:21 PM
franklin(franklin) used a hand_grenade 2-4-2021, 7:47:21 PM
franklin(franklin) used a hand_grenade 2-4-2021, 7:47:21 PM
franklin(franklin) used a hand_grenade 2-4-2021, 7:47:21 PM
franklin(franklin) used a hand_grenade 2-4-2021, 7:47:21 PM
franklin(franklin) used a hand_grenade 2-4-2021, 7:47:21 PM
franklin(franklin) used a hand_grenade 2-4-2021, 7:47:22 PM
franklin(franklin) used a hand_grenade 2-4-2021, 7:47:22 PM
franklin(franklin) used a hand_grenade 2-4-2021, 7:47:22 PM
franklin(franklin) used a hand_grenade 2-4-2021, 7:47:22 PM
franklin(franklin) used a hand_grenade 2-4-2021, 7:47:22 PM
franklin(franklin) used a hand_grenade 2-4-2021, 7:47:22 PM
franklin(franklin) used a hand_grenade 2-4-2021, 7:47:22 PM
franklin(franklin) used a hand_grenade 2-4-2021, 7:47:23 PM
franklin(franklin) used a hand_grenade 2-4-2021, 7:47:23 PM
franklin(franklin) used a hand_grenade 2-4-2021, 7:47:23 PM
franklin(franklin) used a hand_grenade 2-4-2021, 7:47:23 PM
franklin(franklin) used a hand_grenade 2-4-2021, 7:47:23 PM
franklin(franklin) used a hand_grenade 2-4-2021, 7:47:23 PM
franklin(franklin) used a hand_grenade 2-4-2021, 7:47:23 PM
franklin(franklin) used a hand_grenade 2-4-2021, 7:47:24 PM
franklin(franklin) used a hand_grenade 2-4-2021, 7:47:24 PM
franklin(franklin) used a hand_grenade 2-4-2021, 7:47:24 PM
franklin(franklin) used a hand_grenade 2-4-2021, 7:47:24 PM
franklin(franklin) used a hand_grenade 2-4-2021, 7:47:24 PM
franklin(franklin) used a hand_grenade 2-4-2021, 7:47:24 PM
franklin(franklin) used a hand_grenade 2-4-2021, 7:47:24 PM
franklin(franklin) used a hand_grenade 2-4-2021, 7:47:24 PM
franklin(franklin) used a hand_grenade 2-4-2021, 7:47:25 PM
franklin(franklin) used a hand_grenade 2-4-2021, 7:47:25 PM
franklin(franklin) used a hand_grenade 2-4-2021, 7:47:25 PM
franklin(franklin) used a hand_grenade 2-4-2021, 7:47:25 PM
franklin(franklin) used a hand_grenade 2-4-2021, 7:47:25 PM
franklin(franklin) used a hand_grenade 2-4-2021, 7:47:25 PM
franklin(franklin) used a hand_grenade 2-4-2021, 7:47:25 PM
franklin(franklin) used a hand_grenade 2-4-2021, 7:47:26 PM
franklin(franklin) used a hand_grenade 2-4-2021, 7:47:26 PM
franklin(franklin) used a hand_grenade 2-4-2021, 7:47:26 PM
franklin(franklin) used a hand_grenade 2-4-2021, 7:47:26 PM
franklin(franklin) used a hand_grenade 2-4-2021, 7:47:26 PM
franklin(franklin) used a hand_grenade 2-4-2021, 7:47:26 PM
franklin(franklin) used a hand_grenade 2-4-2021, 7:47:27 PM
franklin(franklin) used a hand_grenade 2-4-2021, 7:47:27 PM
franklin(franklin) used a hand_grenade 2-4-2021, 7:47:27 PM
franklin(franklin) used a hand_grenade 2-4-2021, 7:47:27 PM
franklin(franklin) used a hand_grenade 2-4-2021, 7:47:27 PM
franklin(franklin) used a hand_grenade 2-4-2021, 7:47:27 PM
franklin(franklin) used a hand_grenade 2-4-2021, 7:47:27 PM
franklin(franklin) used a hand_grenade 2-4-2021, 7:47:28 PM
franklin(franklin) used a hand_grenade 2-4-2021, 7:47:28 PM
franklin(franklin) used a hand_grenade 2-4-2021, 7:47:28 PM
franklin(franklin) used a hand_grenade 2-4-2021, 7:47:28 PM
franklin(franklin) used a hand_grenade 2-4-2021, 7:47:28 PM
franklin(franklin) used a hand_grenade 2-4-2021, 7:47:28 PM
franklin(franklin) used a hand_grenade 2-4-2021, 7:47:29 PM
franklin(franklin) used a hand_grenade 2-4-2021, 7:47:29 PM
franklin(franklin) used a hand_grenade 2-4-2021, 7:47:29 PM
franklin(franklin) used a hand_grenade 2-4-2021, 7:47:29 PM
franklin(franklin) used a hand_grenade 2-4-2021, 7:47:29 PM
franklin(franklin) used a hand_grenade 2-4-2021, 7:47:29 PM
franklin(franklin) used a hand_grenade 2-4-2021, 7:47:30 PM
franklin(franklin) used a hand_grenade 2-4-2021, 7:47:30 PM
franklin(franklin) used a hand_grenade 2-4-2021, 7:47:30 PM
franklin(franklin) used a hand_grenade 2-4-2021, 7:47:30 PM
franklin(franklin) used a hand_grenade 2-4-2021, 7:47:30 PM
franklin(franklin) used a hand_grenade 2-4-2021, 7:47:30 PM
franklin(franklin) used a hand_grenade 2-4-2021, 7:47:31 PM
franklin(franklin) used a hand_grenade 2-4-2021, 7:47:31 PM
franklin(franklin) used a hand_grenade 2-4-2021, 7:47:31 PM
franklin(franklin) used a hand_grenade 2-4-2021, 7:47:31 PM
franklin(franklin) used a hand_grenade 2-4-2021, 7:47:31 PM
franklin(franklin) used a hand_grenade 2-4-2021, 7:47:31 PM
franklin(franklin) used a hand_grenade 2-4-2021, 7:47:35 PM
franklin(franklin) used a hand_grenade 2-4-2021, 7:47:35 PM
franklin(franklin) used a hand_grenade 2-4-2021, 7:47:35 PM
franklin(franklin) used a hand_grenade 2-4-2021, 7:47:35 PM
franklin(franklin) used a hand_grenade 2-4-2021, 7:47:35 PM
franklin(franklin) used a hand_grenade 2-4-2021, 7:47:35 PM
franklin(franklin) used a hand_grenade 2-4-2021, 7:47:36 PM
franklin(franklin) used a hand_grenade 2-4-2021, 7:47:36 PM
franklin(franklin) used a hand_grenade 2-4-2021, 7:47:36 PM
franklin(franklin) used a hand_grenade 2-4-2021, 7:47:36 PM
franklin(franklin) used a hand_grenade 2-4-2021, 7:47:36 PM
franklin(franklin) used a hand_grenade 2-4-2021, 7:47:36 PM
franklin(franklin) used a hand_grenade 2-4-2021, 7:47:36 PM
franklin(franklin) used a hand_grenade 2-4-2021, 7:47:37 PM
franklin(franklin) used a hand_grenade 2-4-2021, 7:47:37 PM
franklin(franklin) used a hand_grenade 2-4-2021, 7:47:37 PM
franklin(franklin) used a hand_grenade 2-4-2021, 7:47:37 PM
franklin(franklin) used a hand_grenade 2-4-2021, 7:47:37 PM
franklin(franklin) used a hand_grenade 2-4-2021, 7:47:37 PM
franklin(franklin) used a concussive_grenade 2-4-2021, 7:48:58 PM
franklin(franklin) used a concussive_grenade 2-4-2021, 7:49:18 PM
franklin(franklin) used a concussive_grenade 2-4-2021, 7:49:22 PM
franklin(franklin) used a concussive_grenade 2-4-2021, 7:49:45 PM
franklin(franklin) used a hand_grenade 2-4-2021, 7:50:11 PM
franklin(franklin) used a hand_grenade 2-4-2021, 7:50:11 PM
franklin(franklin) used a hand_grenade 2-4-2021, 7:50:19 PM
franklin(franklin) used a hand_grenade 2-4-2021, 7:50:19 PM
franklin(franklin) used a hand_grenade 2-4-2021, 7:50:19 PM
franklin(franklin) used a hand_grenade 2-4-2021, 7:50:19 PM
franklin(franklin) used a hand_grenade 2-4-2021, 7:50:19 PM
franklin(franklin) used a hand_grenade 2-4-2021, 7:50:19 PM
franklin(franklin) used a hand_grenade 2-4-2021, 7:50:20 PM
franklin(franklin) used a hand_grenade 2-4-2021, 7:50:20 PM
franklin(franklin) used a hand_grenade 2-4-2021, 7:50:20 PM
franklin(franklin) used a hand_grenade 2-4-2021, 7:50:20 PM
franklin(franklin) used a hand_grenade 2-4-2021, 7:50:20 PM
franklin(franklin) used a hand_grenade 2-4-2021, 7:50:20 PM
franklin(franklin) used a hand_grenade 2-4-2021, 7:50:20 PM
franklin(franklin) used a concussive_grenade 2-4-2021, 7:50:25 PM
franklin(franklin) used a concussive_grenade 2-4-2021, 7:50:38 PM
franklin(franklin) used a concussive_grenade 2-4-2021, 7:51:59 PM
franklin(franklin) used a shield 2-4-2021, 7:52:48 PM
franklin(franklin) used a shield 2-4-2021, 7:52:48 PM
franklin(franklin) used a shield 2-4-2021, 7:52:49 PM
franklin(franklin) used a tk_ultra_health_potion 2-4-2021, 7:52:49 PM
franklin(franklin) used a tk_ultra_health_potion 2-4-2021, 7:52:49 PM
franklin(franklin) used a hand_grenade 2-4-2021, 7:53:03 PM
franklin(franklin) used a hand_grenade 2-4-2021, 7:53:04 PM
franklin(franklin) used a hand_grenade 2-4-2021, 7:53:04 PM
franklin(franklin) used a hand_grenade 2-4-2021, 7:53:04 PM
franklin(franklin) used a hand_grenade 2-4-2021, 7:53:04 PM
franklin(franklin) used a hand_grenade 2-4-2021, 7:53:04 PM
franklin(franklin) used a hand_grenade 2-4-2021, 7:53:04 PM
franklin(franklin) used a hand_grenade 2-4-2021, 7:53:04 PM
franklin(franklin) used a hand_grenade 2-4-2021, 7:53:05 PM
franklin(franklin) used a hand_grenade 2-4-2021, 7:53:05 PM
franklin(franklin) used a hand_grenade 2-4-2021, 7:53:05 PM
franklin(franklin) used a hand_grenade 2-4-2021, 7:53:05 PM
franklin(franklin) used a hand_grenade 2-4-2021, 7:53:05 PM
franklin(franklin) used a shield 2-4-2021, 7:53:24 PM
franklin(franklin) used a shield 2-4-2021, 7:53:24 PM
franklin(franklin) used a shield 2-4-2021, 7:53:24 PM
franklin(franklin) used a tk_ultra_health_potion 2-4-2021, 7:53:26 PM
franklin(franklin) used a tk_ultra_health_potion 2-4-2021, 7:53:26 PM
franklin(franklin) used a tk_ultra_health_potion 2-4-2021, 7:53:26 PM
franklin(franklin) used a small_projectile 2-4-2021, 7:53:51 PM
franklin(franklin) used a concussive_grenade 2-4-2021, 7:54:20 PM
franklin(franklin) used a missile_interceptor 2-4-2021, 7:54:29 PM
franklin(franklin) used a missile_interceptor 2-4-2021, 7:54:29 PM
franklin(franklin) used a shield 2-4-2021, 7:54:31 PM
franklin(franklin) used a shield 2-4-2021, 7:54:31 PM
franklin(franklin) used a shield 2-4-2021, 7:54:31 PM
franklin(franklin) used a missile_interceptor 2-4-2021, 7:54:34 PM
franklin(franklin) used a missile_interceptor 2-4-2021, 7:54:35 PM
franklin(franklin) used a concussive_grenade 2-4-2021, 7:54:38 PM
franklin(franklin) used a concussive_grenade 2-4-2021, 7:54:39 PM
franklin(franklin) used a missile_interceptor 2-4-2021, 7:54:46 PM
franklin(franklin) used a shield 2-4-2021, 7:54:48 PM
franklin(franklin) used a missile_interceptor 2-4-2021, 7:54:54 PM
franklin(franklin) used a missile_interceptor 2-4-2021, 7:54:55 PM
franklin(franklin) used a missile_interceptor 2-4-2021, 7:54:55 PM
franklin(franklin) used a concussive_grenade 2-4-2021, 7:55:01 PM
franklin(franklin) used a concussive_grenade 2-4-2021, 7:55:01 PM
franklin(franklin) used a concussive_grenade 2-4-2021, 7:55:01 PM
franklin(franklin) used a concussive_grenade 2-4-2021, 7:55:01 PM
franklin(franklin) used a missile_interceptor 2-4-2021, 7:55:03 PM
franklin(franklin) used a missile_interceptor 2-4-2021, 7:55:03 PM
franklin(franklin) used a missile_interceptor 2-4-2021, 7:55:03 PM
franklin(franklin) used a missile_interceptor 2-4-2021, 7:55:04 PM
franklin(franklin) used a missile_interceptor 2-4-2021, 7:55:04 PM
franklin(franklin) used a tk_ultra_health_potion 2-4-2021, 7:55:07 PM
franklin(franklin) used a health_drink 2-4-2021, 7:55:10 PM
franklin(franklin) used a health_drink 2-4-2021, 7:55:10 PM
franklin(franklin) used a health_drink 2-4-2021, 7:55:10 PM
franklin(franklin) used a health_drink 2-4-2021, 7:55:10 PM
franklin(franklin) used a health_drink 2-4-2021, 7:55:13 PM
franklin(franklin) used a health_drink 2-4-2021, 7:55:13 PM
franklin(franklin) used a health_drink 2-4-2021, 7:55:13 PM
franklin(franklin) used a health_drink 2-4-2021, 7:55:16 PM
franklin(franklin) used a health_drink 2-4-2021, 7:55:16 PM
franklin(franklin) used a health_drink 2-4-2021, 7:55:16 PM
franklin(franklin) used a health_drink 2-4-2021, 7:55:17 PM
franklin(franklin) used a health_drink 2-4-2021, 7:55:17 PM
franklin(franklin) used a health_drink 2-4-2021, 7:55:17 PM
franklin(franklin) used a health_drink 2-4-2021, 7:55:18 PM
franklin(franklin) used a concussive_grenade 2-4-2021, 7:55:18 PM
franklin(franklin) used a missile_interceptor 2-4-2021, 7:55:39 PM
franklin(franklin) used a shield 2-4-2021, 7:55:47 PM
franklin(franklin) used a shield 2-4-2021, 7:55:47 PM
franklin(franklin) used a shield 2-4-2021, 7:55:47 PM
franklin(franklin) used a shield 2-4-2021, 7:55:48 PM
franklin(franklin) used a shield 2-4-2021, 7:55:48 PM
franklin(franklin) used a shield 2-4-2021, 7:55:48 PM
franklin(franklin) used a shield 2-4-2021, 7:55:49 PM
franklin(franklin) used a concussive_grenade 2-4-2021, 7:56:03 PM
franklin(franklin) used a concussive_grenade 2-4-2021, 7:56:03 PM
franklin(franklin) used a carrier_missile 2-4-2021, 7:56:28 PM
franklin(franklin) used a tk_ultra_health_potion 2-4-2021, 7:56:32 PM
franklin(franklin) used a tk_ultra_health_potion 2-4-2021, 7:56:32 PM
franklin(franklin) used a tk_ultra_health_potion 2-4-2021, 7:56:32 PM
franklin(franklin) used a tk_ultra_health_potion 2-4-2021, 7:56:32 PM
franklin(franklin) used a concussive_grenade 2-4-2021, 7:56:33 PM
franklin(franklin) used a carrier_missile 2-4-2021, 7:56:37 PM
franklin(franklin) used a tk_ultra_health_potion 2-4-2021, 7:56:54 PM
franklin(franklin) used a concussive_grenade 2-4-2021, 7:56:56 PM
franklin(franklin) used a concussive_grenade 2-4-2021, 7:57:00 PM
franklin(franklin) used a concussive_grenade 2-4-2021, 7:57:00 PM
franklin(franklin) used a concussive_grenade 2-4-2021, 7:57:00 PM
franklin(franklin) used a concussive_grenade 2-4-2021, 7:57:03 PM
franklin(franklin) used a concussive_grenade 2-4-2021, 7:57:03 PM
franklin(franklin) used a concussive_grenade 2-4-2021, 7:57:04 PM
franklin(franklin) used a missile_interceptor 2-4-2021, 7:57:22 PM
franklin(franklin) used a missile_interceptor 2-4-2021, 7:57:22 PM
franklin(franklin) used a missile_interceptor 2-4-2021, 7:57:24 PM
franklin(franklin) used a missile_interceptor 2-4-2021, 7:57:25 PM
franklin(franklin) used a concussive_grenade 2-4-2021, 7:57:28 PM
franklin(franklin) used a concussive_grenade 2-4-2021, 7:57:28 PM
franklin(franklin) used a concussive_grenade 2-4-2021, 7:57:28 PM
franklin(franklin) used a concussive_grenade 2-4-2021, 7:57:42 PM
franklin(franklin) used a concussive_grenade 2-4-2021, 7:57:42 PM
franklin(franklin) used a concussive_grenade 2-4-2021, 7:58:00 PM
franklin(franklin) used a missile_interceptor 2-4-2021, 7:58:23 PM
franklin(franklin) used a missile_interceptor 2-4-2021, 7:58:48 PM
franklin(franklin) used a concussive_grenade 2-4-2021, 7:59:13 PM
franklin(franklin) used a concussive_grenade 2-4-2021, 7:59:13 PM
franklin(franklin) used a concussive_grenade 2-4-2021, 7:59:40 PM
franklin(franklin) used a concussive_grenade 2-4-2021, 7:59:40 PM
franklin(franklin) used a hand_grenade 2-4-2021, 8:00:06 PM
franklin(franklin) used a hand_grenade 2-4-2021, 8:00:06 PM
franklin(franklin) used a hand_grenade 2-4-2021, 8:00:06 PM
franklin(franklin) used a hand_grenade 2-4-2021, 8:00:07 PM
franklin(franklin) used a hand_grenade 2-4-2021, 8:00:07 PM
franklin(franklin) used a hand_grenade 2-4-2021, 8:00:07 PM
franklin(franklin) used a hand_grenade 2-4-2021, 8:00:07 PM
franklin(franklin) used a hand_grenade 2-4-2021, 8:00:07 PM
franklin(franklin) used a hand_grenade 2-4-2021, 8:00:09 PM
franklin(franklin) used a hand_grenade 2-4-2021, 8:00:09 PM
franklin(franklin) used a hand_grenade 2-4-2021, 8:00:09 PM
franklin(franklin) used a hand_grenade 2-4-2021, 8:00:10 PM
franklin(franklin) used a hand_grenade 2-4-2021, 8:00:10 PM
franklin(franklin) used a hand_grenade 2-4-2021, 8:00:10 PM
franklin(franklin) used a hand_grenade 2-4-2021, 8:00:10 PM
franklin(franklin) used a hand_grenade 2-4-2021, 8:00:11 PM
franklin(franklin) used a hand_grenade 2-4-2021, 8:00:11 PM
franklin(franklin) used a hand_grenade 2-4-2021, 8:00:11 PM
franklin(franklin) used a hand_grenade 2-4-2021, 8:00:11 PM
franklin(franklin) used a hand_grenade 2-4-2021, 8:00:11 PM
franklin(franklin) used a hand_grenade 2-4-2021, 8:00:12 PM
franklin(franklin) used a hand_grenade 2-4-2021, 8:00:12 PM
franklin(franklin) used a hand_grenade 2-4-2021, 8:00:12 PM
franklin(franklin) used a hand_grenade 2-4-2021, 8:00:12 PM
franklin(franklin) used a hand_grenade 2-4-2021, 8:00:12 PM
franklin(franklin) used a hand_grenade 2-4-2021, 8:00:13 PM
franklin(franklin) used a hand_grenade 2-4-2021, 8:00:13 PM
franklin(franklin) used a hand_grenade 2-4-2021, 8:00:13 PM
franklin(franklin) used a hand_grenade 2-4-2021, 8:00:13 PM
franklin(franklin) used a hand_grenade 2-4-2021, 8:00:13 PM
franklin(franklin) used a hand_grenade 2-4-2021, 8:00:13 PM
franklin(franklin) used a hand_grenade 2-4-2021, 8:00:13 PM
franklin(franklin) used a hand_grenade 2-4-2021, 8:00:13 PM
franklin(franklin) used a hand_grenade 2-4-2021, 8:00:28 PM
franklin(franklin) used a hand_grenade 2-4-2021, 8:00:29 PM
franklin(franklin) used a hand_grenade 2-4-2021, 8:00:29 PM
franklin(franklin) used a hand_grenade 2-4-2021, 8:00:29 PM
franklin(franklin) used a hand_grenade 2-4-2021, 8:00:30 PM
franklin(franklin) used a hand_grenade 2-4-2021, 8:00:30 PM
franklin(franklin) used a hand_grenade 2-4-2021, 8:00:31 PM
franklin(franklin) used a hand_grenade 2-4-2021, 8:00:31 PM
franklin(franklin) used a hand_grenade 2-4-2021, 8:00:31 PM
franklin(franklin) used a hand_grenade 2-4-2021, 8:00:32 PM
franklin(franklin) used a hand_grenade 2-4-2021, 8:00:32 PM
franklin(franklin) used a hand_grenade 2-4-2021, 8:00:34 PM
franklin(franklin) used a hand_grenade 2-4-2021, 8:00:34 PM
franklin(franklin) used a hand_grenade 2-4-2021, 8:00:35 PM
franklin(franklin) used a hand_grenade 2-4-2021, 8:00:35 PM
franklin(franklin) used a hand_grenade 2-4-2021, 8:00:35 PM
franklin(franklin) used a hand_grenade 2-4-2021, 8:00:35 PM
franklin(franklin) used a hand_grenade 2-4-2021, 8:00:35 PM
franklin(franklin) used a hand_grenade 2-4-2021, 8:00:35 PM
franklin(franklin) used a hand_grenade 2-4-2021, 8:00:35 PM
franklin(franklin) used a hand_grenade 2-4-2021, 8:00:35 PM
franklin(franklin) used a hand_grenade 2-4-2021, 8:00:36 PM
franklin(franklin) used a hand_grenade 2-4-2021, 8:00:36 PM
franklin(franklin) used a hand_grenade 2-4-2021, 8:00:36 PM
franklin(franklin) used a hand_grenade 2-4-2021, 8:00:36 PM
franklin(franklin) used a hand_grenade 2-4-2021, 8:00:36 PM
franklin(franklin) used a hand_grenade 2-4-2021, 8:00:36 PM
franklin(franklin) used a hand_grenade 2-4-2021, 8:00:36 PM
franklin(franklin) used a hand_grenade 2-4-2021, 8:00:37 PM
franklin(franklin) used a hand_grenade 2-4-2021, 8:00:37 PM
franklin(franklin) used a hand_grenade 2-4-2021, 8:00:37 PM
franklin(franklin) used a hand_grenade 2-4-2021, 8:00:37 PM
franklin(franklin) used a hand_grenade 2-4-2021, 8:00:37 PM
franklin(franklin) used a sky_436_mine 2-4-2021, 8:00:46 PM
franklin(franklin) used a sky_436_mine 2-4-2021, 8:00:47 PM
franklin(franklin) used a sky_436_mine 2-4-2021, 8:00:47 PM
franklin(franklin) used a sky_436_mine 2-4-2021, 8:00:48 PM
franklin(franklin) used a sky_436_mine 2-4-2021, 8:00:49 PM
franklin(franklin) used a sky_436_mine 2-4-2021, 8:00:49 PM
franklin(franklin) used a sky_436_mine 2-4-2021, 8:00:57 PM
franklin(franklin) used a sky_436_mine 2-4-2021, 8:00:57 PM
franklin(franklin) used a sky_436_mine 2-4-2021, 8:01:02 PM
franklin(franklin) used a sky_436_mine 2-4-2021, 8:01:02 PM
franklin(franklin) used a sky_436_mine 2-4-2021, 8:01:02 PM
franklin(franklin) used a sky_436_mine 2-4-2021, 8:01:03 PM
franklin(franklin) used a sky_436_mine 2-4-2021, 8:01:04 PM
franklin(franklin) used a sky_436_mine 2-4-2021, 8:01:04 PM
franklin(franklin) used a sky_436_mine 2-4-2021, 8:01:07 PM
franklin(franklin) used a sky_436_mine 2-4-2021, 8:01:07 PM
franklin(franklin) used a sky_436_mine 2-4-2021, 8:01:08 PM
franklin(franklin) used a sky_436_mine 2-4-2021, 8:01:08 PM
franklin(franklin) used a sky_436_mine 2-4-2021, 8:01:08 PM
franklin(franklin) used a sky_436_mine 2-4-2021, 8:01:08 PM
franklin(franklin) used a sky_436_mine 2-4-2021, 8:01:09 PM
franklin(franklin) used a sky_436_mine 2-4-2021, 8:01:09 PM
franklin(franklin) used a sky_436_mine 2-4-2021, 8:01:09 PM
franklin(franklin) used a sky_436_mine 2-4-2021, 8:01:09 PM
franklin(franklin) used a sky_436_mine 2-4-2021, 8:01:10 PM
franklin(franklin) used a sky_436_mine 2-4-2021, 8:01:10 PM
franklin(franklin) used a sky_436_mine 2-4-2021, 8:01:11 PM
franklin(franklin) used a sky_436_mine 2-4-2021, 8:01:11 PM
franklin(franklin) used a sky_436_mine 2-4-2021, 8:01:11 PM
franklin(franklin) used a sky_436_mine 2-4-2021, 8:01:11 PM
franklin(franklin) used a sky_436_mine 2-4-2021, 8:01:12 PM
franklin(franklin) used a sky_436_mine 2-4-2021, 8:01:12 PM
franklin(franklin) used a sky_436_mine 2-4-2021, 8:01:12 PM
franklin(franklin) used a sky_436_mine 2-4-2021, 8:01:12 PM
franklin(franklin) used a sky_436_mine 2-4-2021, 8:01:13 PM
franklin(franklin) used a sky_436_mine 2-4-2021, 8:01:13 PM
franklin(franklin) used a sky_436_mine 2-4-2021, 8:01:13 PM
franklin(franklin) used a sky_436_mine 2-4-2021, 8:01:14 PM
franklin(franklin) used a sky_436_mine 2-4-2021, 8:01:14 PM
franklin(franklin) used a sky_436_mine 2-4-2021, 8:01:15 PM
franklin(franklin) used a sky_436_mine 2-4-2021, 8:01:16 PM
franklin(franklin) used a sky_436_mine 2-4-2021, 8:01:16 PM
franklin(franklin) used a sky_436_mine 2-4-2021, 8:01:16 PM
franklin(franklin) used a sky_436_mine 2-4-2021, 8:01:16 PM
franklin(franklin) used a sky_436_mine 2-4-2021, 8:01:17 PM
franklin(franklin) used a sky_436_mine 2-4-2021, 8:01:17 PM
franklin(franklin) used a sky_436_mine 2-4-2021, 8:01:18 PM
franklin(franklin) used a sky_436_mine 2-4-2021, 8:01:18 PM
franklin(franklin) used a sky_436_mine 2-4-2021, 8:01:19 PM
franklin(franklin) used a sky_436_mine 2-4-2021, 8:01:19 PM
franklin(franklin) used a sky_436_mine 2-4-2021, 8:01:20 PM
franklin(franklin) used a sky_436_mine 2-4-2021, 8:01:20 PM
franklin(franklin) used a sky_436_mine 2-4-2021, 8:01:20 PM
franklin(franklin) used a sky_436_mine 2-4-2021, 8:01:21 PM
franklin(franklin) used a sky_436_mine 2-4-2021, 8:01:21 PM
franklin(franklin) used a sky_436_mine 2-4-2021, 8:01:22 PM
franklin(franklin) used a sky_436_mine 2-4-2021, 8:01:22 PM
franklin(franklin) used a sky_436_mine 2-4-2021, 8:01:23 PM
franklin(franklin) used a sky_436_mine 2-4-2021, 8:01:25 PM
franklin(franklin) used a sky_436_mine 2-4-2021, 8:01:25 PM
franklin(franklin) used a sky_436_mine 2-4-2021, 8:01:25 PM
franklin(franklin) used a sky_436_mine 2-4-2021, 8:01:26 PM
franklin(franklin) used a sky_436_mine 2-4-2021, 8:01:26 PM
franklin(franklin) used a sky_436_mine 2-4-2021, 8:01:26 PM
franklin(franklin) used a sky_436_mine 2-4-2021, 8:01:27 PM
franklin(franklin) used a sky_436_mine 2-4-2021, 8:01:27 PM
franklin(franklin) used a sky_436_mine 2-4-2021, 8:01:27 PM
franklin(franklin) used a sky_436_mine 2-4-2021, 8:01:28 PM
franklin(franklin) used a sky_436_mine 2-4-2021, 8:01:29 PM
franklin(franklin) used a sky_436_mine 2-4-2021, 8:01:29 PM
franklin(franklin) used a sky_436_mine 2-4-2021, 8:01:29 PM
franklin(franklin) used a sky_436_mine 2-4-2021, 8:01:29 PM
franklin(franklin) used a sky_436_mine 2-4-2021, 8:01:30 PM
franklin(franklin) used a sky_436_mine 2-4-2021, 8:01:31 PM
franklin(franklin) used a sky_436_mine 2-4-2021, 8:01:31 PM
franklin(franklin) used a sky_436_mine 2-4-2021, 8:01:33 PM
franklin(franklin) used a sky_436_mine 2-4-2021, 8:01:33 PM
franklin(franklin) used a sky_436_mine 2-4-2021, 8:01:34 PM
franklin(franklin) used a sky_436_mine 2-4-2021, 8:01:34 PM
franklin(franklin) used a sky_436_mine 2-4-2021, 8:01:34 PM
franklin(franklin) used a sky_436_mine 2-4-2021, 8:01:35 PM
franklin(franklin) used a sky_436_mine 2-4-2021, 8:01:35 PM
franklin(franklin) used a sky_436_mine 2-4-2021, 8:01:35 PM
franklin(franklin) used a sky_436_mine 2-4-2021, 8:01:36 PM
franklin(franklin) used a sky_436_mine 2-4-2021, 8:01:36 PM
franklin(franklin) used a sky_436_mine 2-4-2021, 8:01:36 PM
franklin(franklin) used a sky_436_mine 2-4-2021, 8:01:36 PM
franklin(franklin) used a sky_436_mine 2-4-2021, 8:01:37 PM
franklin(franklin) used a sky_436_mine 2-4-2021, 8:01:37 PM
franklin(franklin) used a sky_436_mine 2-4-2021, 8:01:37 PM
franklin(franklin) used a sky_436_mine 2-4-2021, 8:01:37 PM
franklin(franklin) used a sky_436_mine 2-4-2021, 8:01:38 PM
franklin(franklin) used a sky_436_mine 2-4-2021, 8:01:39 PM
franklin(franklin) used a sky_436_mine 2-4-2021, 8:01:39 PM
franklin(franklin) used a sky_436_mine 2-4-2021, 8:01:39 PM
franklin(franklin) used a sky_436_mine 2-4-2021, 8:01:39 PM
franklin(franklin) used a sky_436_mine 2-4-2021, 8:01:40 PM
franklin(franklin) used a sky_436_mine 2-4-2021, 8:01:41 PM
franklin(franklin) used a sky_436_mine 2-4-2021, 8:01:41 PM
franklin(franklin) used a sky_436_mine 2-4-2021, 8:01:41 PM
franklin(franklin) used a sky_436_mine 2-4-2021, 8:01:44 PM
franklin(franklin) used a sky_436_mine 2-4-2021, 8:01:44 PM
franklin(franklin) used a shield 2-4-2021, 8:01:52 PM
franklin(franklin) used a tk_ultra_health_potion 2-4-2021, 8:01:52 PM
franklin(franklin) used a shield 2-4-2021, 8:01:52 PM
franklin(franklin) used a tk_ultra_health_potion 2-4-2021, 8:01:52 PM
franklin(franklin) used a shield 2-4-2021, 8:01:53 PM
franklin(franklin) used a shield 2-4-2021, 8:01:53 PM
franklin(franklin) used a sky_436_mine 2-4-2021, 8:02:15 PM
franklin(franklin) used a hand_grenade 2-4-2021, 8:02:19 PM
franklin(franklin) used a hand_grenade 2-4-2021, 8:02:19 PM
franklin(franklin) used a hand_grenade 2-4-2021, 8:02:21 PM
franklin(franklin) used a motion_bomb 2-4-2021, 8:03:46 PM
franklin(franklin) used a motion_bomb 2-4-2021, 8:03:46 PM
franklin(franklin) used a motion_bomb 2-4-2021, 8:03:46 PM
franklin(franklin) used a motion_bomb 2-4-2021, 8:03:47 PM
franklin(franklin) used a motion_bomb 2-4-2021, 8:03:47 PM
franklin(franklin) used a motion_bomb 2-4-2021, 8:03:47 PM
franklin(franklin) used a motion_bomb 2-4-2021, 8:03:48 PM
franklin(franklin) used a motion_bomb 2-4-2021, 8:03:48 PM
franklin(franklin) used a motion_bomb 2-4-2021, 8:03:48 PM
franklin(franklin) used a motion_bomb 2-4-2021, 8:03:49 PM
franklin(franklin) used a motion_bomb 2-4-2021, 8:03:49 PM
franklin(franklin) used a motion_bomb 2-4-2021, 8:03:49 PM
franklin(franklin) used a motion_bomb 2-4-2021, 8:03:49 PM
franklin(franklin) used a motion_bomb 2-4-2021, 8:03:50 PM
franklin(franklin) used a motion_bomb 2-4-2021, 8:03:50 PM
franklin(franklin) used a motion_bomb 2-4-2021, 8:03:50 PM
franklin(franklin) used a motion_bomb 2-4-2021, 8:03:51 PM
franklin(franklin) used a motion_bomb 2-4-2021, 8:03:51 PM
franklin(franklin) used a motion_bomb 2-4-2021, 8:03:51 PM
franklin(franklin) used a motion_bomb 2-4-2021, 8:03:51 PM
franklin(franklin) used a motion_bomb 2-4-2021, 8:03:52 PM
franklin(franklin) used a motion_bomb 2-4-2021, 8:03:52 PM
franklin(franklin) used a motion_bomb 2-4-2021, 8:03:52 PM
franklin(franklin) used a motion_bomb 2-4-2021, 8:03:53 PM
franklin(franklin) used a motion_bomb 2-4-2021, 8:03:53 PM
franklin(franklin) used a motion_bomb 2-4-2021, 8:03:53 PM
franklin(franklin) used a motion_bomb 2-4-2021, 8:03:53 PM
franklin(franklin) used a motion_bomb 2-4-2021, 8:03:54 PM
franklin(franklin) used a motion_bomb 2-4-2021, 8:03:54 PM
franklin(franklin) used a motion_bomb 2-4-2021, 8:03:54 PM
franklin(franklin) used a motion_bomb 2-4-2021, 8:03:55 PM
franklin(franklin) used a motion_bomb 2-4-2021, 8:03:55 PM
franklin(franklin) used a motion_bomb 2-4-2021, 8:03:55 PM
franklin(franklin) used a motion_bomb 2-4-2021, 8:03:56 PM
franklin(franklin) used a motion_bomb 2-4-2021, 8:03:56 PM
franklin(franklin) used a motion_bomb 2-4-2021, 8:03:56 PM
franklin(franklin) used a motion_bomb 2-4-2021, 8:03:57 PM
franklin(franklin) used a motion_bomb 2-4-2021, 8:03:57 PM
franklin(franklin) used a motion_bomb 2-4-2021, 8:03:57 PM
franklin(franklin) used a motion_bomb 2-4-2021, 8:03:57 PM
franklin(franklin) used a motion_bomb 2-4-2021, 8:03:58 PM
franklin(franklin) used a motion_bomb 2-4-2021, 8:03:58 PM
franklin(franklin) used a motion_bomb 2-4-2021, 8:03:58 PM
franklin(franklin) used a wirebomb 2-4-2021, 8:04:03 PM
franklin(franklin) used a wirebomb 2-4-2021, 8:04:04 PM
franklin(franklin) used a wirebomb 2-4-2021, 8:04:05 PM
franklin(franklin) used a wirebomb 2-4-2021, 8:04:06 PM
franklin(franklin) used a wirebomb 2-4-2021, 8:04:07 PM
franklin(franklin) used a security_bomb 2-4-2021, 8:04:24 PM
franklin(franklin) used a barricade_bomb 2-4-2021, 8:04:36 PM
franklin(franklin) used a sky_436_mine 2-4-2021, 8:05:11 PM
franklin(franklin) used a shield 2-4-2021, 8:05:23 PM
franklin(franklin) used a shield 2-4-2021, 8:05:23 PM
franklin(franklin) used a tk_ultra_health_potion 2-4-2021, 8:05:23 PM
franklin(franklin) used a tk_ultra_health_potion 2-4-2021, 8:05:23 PM
franklin(franklin) used a tk_ultra_health_potion 2-4-2021, 8:05:24 PM
franklin(franklin) used a sky_436_mine 2-4-2021, 8:05:37 PM
franklin(franklin) used a sky_436_mine 2-4-2021, 8:05:38 PM
franklin(franklin) used a sky_436_mine 2-4-2021, 8:05:38 PM
franklin(franklin) used a sky_436_mine 2-4-2021, 8:05:38 PM
franklin(franklin) used a sky_436_mine 2-4-2021, 8:05:39 PM
franklin(franklin) used a sky_436_mine 2-4-2021, 8:05:39 PM
franklin(franklin) used a sky_436_mine 2-4-2021, 8:05:39 PM
franklin(franklin) used a sky_436_mine 2-4-2021, 8:05:40 PM
franklin(franklin) used a sky_436_mine 2-4-2021, 8:05:40 PM
franklin(franklin) used a sky_436_mine 2-4-2021, 8:06:27 PM
franklin(franklin) used a sky_436_mine 2-4-2021, 8:06:27 PM
franklin(franklin) used a sky_436_mine 2-4-2021, 8:06:28 PM
franklin(franklin) used a sky_436_mine 2-4-2021, 8:06:28 PM
franklin(franklin) used a sky_436_mine 2-4-2021, 8:06:28 PM
franklin(franklin) used a sky_436_mine 2-4-2021, 8:06:30 PM
franklin(franklin) used a sky_436_mine 2-4-2021, 8:06:31 PM
franklin(franklin) used a sky_436_mine 2-4-2021, 8:06:31 PM
franklin(franklin) used a sky_436_mine 2-4-2021, 8:06:32 PM
franklin(franklin) used a sky_436_mine 2-4-2021, 8:06:32 PM
franklin(franklin) used a sky_436_mine 2-4-2021, 8:06:34 PM
franklin(franklin) used a sky_436_mine 2-4-2021, 8:06:35 PM
franklin(franklin) used a sky_436_mine 2-4-2021, 8:06:35 PM
franklin(franklin) used a sky_436_mine 2-4-2021, 8:06:35 PM
franklin(franklin) used a missile_interceptor 2-4-2021, 8:07:40 PM
franklin(franklin) used a concussive_grenade 2-4-2021, 8:07:42 PM
franklin(franklin) used a concussive_grenade 2-4-2021, 8:07:42 PM
franklin(franklin) used a concussive_grenade 2-4-2021, 9:26:44 PM