
naver(naver) used a awp 2-4-2021, 9:05:04 PM
naver(naver) used a beretta_m1951_machine_pistol 2-4-2021, 9:05:17 PM
naver(naver) used a taser 2-4-2021, 9:05:29 PM
naver(naver) used a taser 2-4-2021, 9:05:37 PM
naver(naver) used a taser 2-4-2021, 9:05:41 PM
naver(naver) used a awp 2-4-2021, 9:06:33 PM
naver(naver) used a awp 2-4-2021, 9:06:37 PM
naver(naver) used a awp 2-4-2021, 9:07:18 PM
naver(naver) used a beretta_m1951_machine_pistol 2-4-2021, 9:07:29 PM
naver(naver) used a taser 2-4-2021, 9:07:36 PM
naver(naver) used a shotgun 2-4-2021, 9:07:46 PM
naver(naver) used a stp106_long_barreled_pistol 2-4-2021, 9:07:58 PM
naver(naver) used a crt43_automatic_shotgun 2-4-2021, 9:08:04 PM
naver(naver) used a hand_cannon 2-4-2021, 9:08:12 PM
naver(naver) used a str_301_long_barreled_machine_pistol 2-4-2021, 9:08:24 PM
naver(naver) used a modern_sub_machine_gun_carbine 2-4-2021, 9:08:31 PM
naver(naver) used a gauss 2-4-2021, 9:09:14 PM
naver(naver) used a long_sword 2-4-2021, 9:09:20 PM
naver(naver) used a crossbow 2-4-2021, 9:09:28 PM
naver(naver) used a shield 2-4-2021, 9:09:36 PM
naver(naver) used a shield 2-4-2021, 9:09:36 PM
naver(naver) used a shield 2-4-2021, 9:09:36 PM
naver(naver) used a shield 2-4-2021, 9:09:37 PM
naver(naver) used a shield 2-4-2021, 9:09:37 PM
naver(naver) used a shield 2-4-2021, 9:09:37 PM
naver(naver) used a shield 2-4-2021, 9:09:37 PM
naver(naver) used a shield 2-4-2021, 9:09:37 PM
naver(naver) used a shield 2-4-2021, 9:09:38 PM
naver(naver) used a shield 2-4-2021, 9:09:38 PM
naver(naver) used a shield 2-4-2021, 9:09:38 PM
naver(naver) used a shield 2-4-2021, 9:09:38 PM
naver(naver) used a shield 2-4-2021, 9:09:39 PM
naver(naver) used a shield 2-4-2021, 9:09:39 PM
naver(naver) used a shield 2-4-2021, 9:09:39 PM
naver(naver) used a shield 2-4-2021, 9:09:39 PM
naver(naver) used a shield 2-4-2021, 9:09:39 PM
naver(naver) used a shield 2-4-2021, 9:09:40 PM
naver(naver) used a shield 2-4-2021, 9:09:40 PM
naver(naver) used a shield 2-4-2021, 9:09:40 PM
naver(naver) used a shield 2-4-2021, 9:09:40 PM
naver(naver) used a shield 2-4-2021, 9:09:41 PM
naver(naver) used a shield 2-4-2021, 9:09:41 PM
naver(naver) used a shield 2-4-2021, 9:09:41 PM
naver(naver) used a shield 2-4-2021, 9:09:41 PM
naver(naver) used a shield 2-4-2021, 9:09:42 PM
naver(naver) used a shield 2-4-2021, 9:09:42 PM
naver(naver) used a shield 2-4-2021, 9:09:42 PM
naver(naver) used a shield 2-4-2021, 9:09:43 PM
naver(naver) used a shield 2-4-2021, 9:09:44 PM
naver(naver) used a health_drink 2-4-2021, 9:09:52 PM
naver(naver) used a health_drink 2-4-2021, 9:09:56 PM
naver(naver) used a health_drink 2-4-2021, 9:09:59 PM
naver(naver) used a health_drink 2-4-2021, 9:10:02 PM
naver(naver) used a health_drink 2-4-2021, 9:10:06 PM
naver(naver) used a health_drink 2-4-2021, 9:10:09 PM
naver(naver) used a health_drink 2-4-2021, 9:10:12 PM
naver(naver) used a health_drink 2-4-2021, 9:10:15 PM
naver(naver) used a health_drink 2-4-2021, 9:10:25 PM
naver(naver) used a coin 2-4-2021, 9:13:30 PM
naver(naver) used a health_drink 2-4-2021, 9:16:22 PM
naver(naver) used a health_drink 2-4-2021, 9:16:26 PM
naver(naver) used a health_drink 2-4-2021, 9:16:30 PM
naver(naver) used a health_drink 2-4-2021, 9:16:33 PM
naver(naver) used a health_drink 2-4-2021, 9:16:35 PM
naver(naver) used a health_drink 2-4-2021, 9:16:38 PM
naver(naver) used a health_drink 2-4-2021, 9:16:42 PM
naver(naver) used a health_drink 2-4-2021, 9:16:46 PM
naver(naver) used a shield 2-4-2021, 9:16:52 PM
naver(naver) used a shield 2-4-2021, 9:16:53 PM
naver(naver) used a shield 2-4-2021, 9:16:53 PM
naver(naver) used a shield 2-4-2021, 9:16:54 PM
naver(naver) used a shield 2-4-2021, 9:16:54 PM
naver(naver) used a shield 2-4-2021, 9:16:55 PM
naver(naver) used a shield 2-4-2021, 9:16:57 PM
naver(naver) used a shield 2-4-2021, 9:16:57 PM
naver(naver) used a shield 2-4-2021, 9:17:17 PM
naver(naver) used a shield 2-4-2021, 9:17:17 PM
naver(naver) used a shield 2-4-2021, 9:17:17 PM
naver(naver) used a shield 2-4-2021, 9:17:18 PM
naver(naver) used a shield 2-4-2021, 9:17:18 PM
naver(naver) used a shield 2-4-2021, 9:17:18 PM
naver(naver) used a shield 2-4-2021, 9:17:18 PM
naver(naver) used a shield 2-4-2021, 9:17:19 PM
naver(naver) used a shield 2-4-2021, 9:17:19 PM
naver(naver) used a shield 2-4-2021, 9:17:19 PM
naver(naver) used a shield 2-4-2021, 9:17:19 PM
naver(naver) used a shield 2-4-2021, 9:17:19 PM
naver(naver) used a shield 2-4-2021, 9:17:20 PM
naver(naver) used a shield 2-4-2021, 9:17:20 PM
naver(naver) used a shield 2-4-2021, 9:17:20 PM
naver(naver) used a shield 2-4-2021, 9:17:20 PM
naver(naver) used a shield 2-4-2021, 9:17:21 PM
naver(naver) used a shield 2-4-2021, 9:17:21 PM
naver(naver) used a shield 2-4-2021, 9:17:21 PM
naver(naver) used a shield 2-4-2021, 9:17:21 PM
naver(naver) used a shield 2-4-2021, 9:17:21 PM
naver(naver) used a shield 2-4-2021, 9:17:22 PM
naver(naver) used a shield 2-4-2021, 9:17:22 PM
naver(naver) used a shield 2-4-2021, 9:17:22 PM
naver(naver) used a shield 2-4-2021, 9:17:22 PM
naver(naver) used a shield 2-4-2021, 9:17:23 PM
naver(naver) used a shield 2-4-2021, 9:17:23 PM
naver(naver) used a shield 2-4-2021, 9:17:23 PM
naver(naver) used a invisibility_shield 2-4-2021, 9:17:29 PM
naver(naver) used a shield 2-4-2021, 9:19:35 PM
naver(naver) used a shield 2-4-2021, 9:19:36 PM
naver(naver) used a shield 2-4-2021, 9:19:36 PM
naver(naver) used a shield 2-4-2021, 9:19:36 PM
naver(naver) used a shield 2-4-2021, 9:19:36 PM
naver(naver) used a shield 2-4-2021, 9:19:36 PM
naver(naver) used a shield 2-4-2021, 9:19:37 PM
naver(naver) used a shield 2-4-2021, 9:19:37 PM
naver(naver) used a shield 2-4-2021, 9:19:37 PM
naver(naver) used a shield 2-4-2021, 9:19:37 PM
naver(naver) used a shield 2-4-2021, 9:19:37 PM
naver(naver) used a shield 2-4-2021, 9:19:38 PM
naver(naver) used a shield 2-4-2021, 9:19:38 PM
naver(naver) used a shield 2-4-2021, 9:19:38 PM
naver(naver) used a shield 2-4-2021, 9:19:38 PM
naver(naver) used a shield 2-4-2021, 9:19:38 PM
naver(naver) used a shield 2-4-2021, 9:19:39 PM
naver(naver) used a shield 2-4-2021, 9:19:39 PM
naver(naver) used a shield 2-4-2021, 9:19:39 PM
naver(naver) used a shield 2-4-2021, 9:19:39 PM
naver(naver) used a shield 2-4-2021, 9:19:40 PM
naver(naver) used a shield 2-4-2021, 9:19:40 PM
naver(naver) used a shield 2-4-2021, 9:19:40 PM
naver(naver) used a shield 2-4-2021, 9:19:40 PM
naver(naver) used a shield 2-4-2021, 9:19:40 PM
naver(naver) used a shield 2-4-2021, 9:19:41 PM
naver(naver) used a shield 2-4-2021, 9:19:41 PM
naver(naver) used a shield 2-4-2021, 9:19:42 PM
naver(naver) used a health_drink 2-4-2021, 9:19:50 PM
naver(naver) used a antibiotic 2-4-2021, 9:19:56 PM
naver(naver) used a health_drink 2-4-2021, 9:20:01 PM
naver(naver) used a health_drink 2-4-2021, 9:20:05 PM
naver(naver) used a health_drink 2-4-2021, 9:20:09 PM
naver(naver) used a health_drink 2-4-2021, 9:20:12 PM
naver(naver) used a health_drink 2-4-2021, 9:20:15 PM
naver(naver) used a invisibility_shield 2-4-2021, 9:20:44 PM
naver(naver) used a invisibility_shield 2-4-2021, 9:20:50 PM
naver(naver) used a health_drink 2-4-2021, 9:22:17 PM
naver(naver) used a health_drink 2-4-2021, 9:23:09 PM
naver(naver) used a health_drink 2-4-2021, 9:24:25 PM
naver(naver) used a health_drink 2-4-2021, 9:24:29 PM
naver(naver) used a health_drink 2-4-2021, 9:24:31 PM
naver(naver) used a shield 2-4-2021, 9:24:36 PM
naver(naver) used a shield 2-4-2021, 9:24:36 PM
naver(naver) used a shield 2-4-2021, 9:24:38 PM
naver(naver) used a shield 2-4-2021, 9:24:40 PM
naver(naver) used a shield 2-4-2021, 9:24:40 PM
naver(naver) used a shield 2-4-2021, 9:24:41 PM
naver(naver) used a health_drink 2-4-2021, 9:24:52 PM
naver(naver) used a health_drink 2-4-2021, 9:24:52 PM
naver(naver) used a health_drink 2-4-2021, 9:24:53 PM
naver(naver) used a health_drink 2-4-2021, 9:24:58 PM
naver(naver) used a health_drink 2-4-2021, 9:25:09 PM
naver(naver) used a health_drink 2-4-2021, 9:25:13 PM
naver(naver) used a health_drink 2-4-2021, 9:25:19 PM
naver(naver) used a health_drink 2-4-2021, 9:25:24 PM
naver(naver) used a health_drink 2-4-2021, 9:25:28 PM
naver(naver) used a shield 2-4-2021, 9:25:34 PM
naver(naver) used a shield 2-4-2021, 9:25:35 PM
naver(naver) used a air_canister 2-4-2021, 9:27:29 PM
naver(naver) used a shield 2-4-2021, 9:27:40 PM
naver(naver) used a shield 2-4-2021, 9:27:41 PM
naver(naver) used a shield 2-4-2021, 9:27:41 PM
naver(naver) used a shield 2-4-2021, 9:27:41 PM
naver(naver) used a shield 2-4-2021, 9:27:41 PM
naver(naver) used a shield 2-4-2021, 9:27:41 PM
naver(naver) used a shield 2-4-2021, 9:27:42 PM
naver(naver) used a shield 2-4-2021, 9:27:42 PM
naver(naver) used a shield 2-4-2021, 9:27:42 PM
naver(naver) used a shield 2-4-2021, 9:27:42 PM
naver(naver) used a shield 2-4-2021, 9:27:43 PM
naver(naver) used a shield 2-4-2021, 9:27:43 PM
naver(naver) used a shield 2-4-2021, 9:27:43 PM
naver(naver) used a shield 2-4-2021, 9:27:43 PM
naver(naver) used a shield 2-4-2021, 9:27:44 PM
naver(naver) used a shield 2-4-2021, 9:27:44 PM
naver(naver) used a shield 2-4-2021, 9:27:44 PM
naver(naver) used a shield 2-4-2021, 9:27:44 PM
naver(naver) used a shield 2-4-2021, 9:27:44 PM
naver(naver) used a shield 2-4-2021, 9:27:45 PM
naver(naver) used a shield 2-4-2021, 9:27:45 PM
naver(naver) used a shield 2-4-2021, 9:27:45 PM
naver(naver) used a shield 2-4-2021, 9:27:45 PM
naver(naver) used a shield 2-4-2021, 9:27:46 PM
naver(naver) used a shield 2-4-2021, 9:27:46 PM
naver(naver) used a shield 2-4-2021, 9:27:46 PM
naver(naver) used a shield 2-4-2021, 9:27:46 PM
naver(naver) used a shield 2-4-2021, 9:27:47 PM
naver(naver) used a shield 2-4-2021, 9:27:47 PM
naver(naver) used a shield 2-4-2021, 9:27:47 PM
naver(naver) used a awp 2-4-2021, 9:28:02 PM
naver(naver) used a str_301_long_barreled_machine_pistol 2-4-2021, 9:28:11 PM
naver(naver) used a stp106_long_barreled_pistol 2-4-2021, 9:29:36 PM
naver(naver) used a modern_sub_machine_gun_carbine 2-4-2021, 9:29:42 PM
naver(naver) used a taser 2-4-2021, 9:29:52 PM
naver(naver) used a gauss 2-4-2021, 9:30:00 PM
naver(naver) used a crt43_automatic_shotgun 2-4-2021, 9:30:22 PM
naver(naver) used a shotgun 2-4-2021, 9:30:27 PM
naver(naver) used a shotgun 2-4-2021, 9:30:34 PM
naver(naver) used a hand_cannon 2-4-2021, 9:30:57 PM
naver(naver) used a long_sword 2-4-2021, 9:31:41 PM