
rider disconnected 2-7-2021, 12:00:18 AM
krokodailtop disconnected 2-7-2021, 12:06:07 AM
Yarina disconnected 2-7-2021, 12:08:17 AM
darkfrent disconnected 2-7-2021, 12:10:05 AM
rider disconnected 2-7-2021, 12:22:22 AM
Yarina disconnected 2-7-2021, 12:29:08 AM
rider disconnected 2-7-2021, 12:31:57 AM
darkfrent disconnected 2-7-2021, 12:34:40 AM
darkfrent disconnected 2-7-2021, 12:36:05 AM
rider disconnected 2-7-2021, 12:36:29 AM
darkfrent disconnected 2-7-2021, 12:40:12 AM
darkfrent disconnected 2-7-2021, 12:50:33 AM
darkfrent disconnected 2-7-2021, 12:55:08 AM
mihail disconnected 2-7-2021, 12:59:33 AM
darkfrent disconnected 2-7-2021, 1:01:47 AM
rider disconnected 2-7-2021, 1:02:31 AM
Yarina disconnected 2-7-2021, 1:07:35 AM
mihail disconnected 2-7-2021, 1:09:32 AM
darkfrent disconnected 2-7-2021, 1:11:06 AM
rider disconnected 2-7-2021, 1:15:51 AM
bolgelo disconnected 2-7-2021, 1:16:05 AM
phamhoangminh lost connection 2-7-2021, 3:49:54 AM
AnhSon disconnected 2-7-2021, 3:53:46 AM
phamhoangminh lost connection 2-7-2021, 4:35:12 AM
transformer disconnected 2-7-2021, 4:36:10 AM
ace disconnected 2-7-2021, 4:41:02 AM
MonkeyDLuffy disconnected 2-7-2021, 4:49:43 AM
phamhoangminh disconnected 2-7-2021, 4:55:19 AM
transformer disconnected 2-7-2021, 5:00:06 AM
MonkeyDLuffy disconnected 2-7-2021, 5:08:25 AM
MonkeyDLuffy disconnected 2-7-2021, 5:23:14 AM
blindgamers14 disconnected 2-7-2021, 5:57:04 AM
ace disconnected 2-7-2021, 5:59:02 AM
mrido disconnected 2-7-2021, 6:01:43 AM
phamhoangminh disconnected 2-7-2021, 6:33:01 AM
mrido disconnected 2-7-2021, 6:33:02 AM
mrido disconnected 2-7-2021, 6:34:33 AM
transformer disconnected 2-7-2021, 6:38:05 AM
phamhoangminh disconnected 2-7-2021, 6:38:50 AM
phamhoangminh disconnected 2-7-2021, 6:40:03 AM
mrido disconnected 2-7-2021, 6:40:37 AM
phamhoangminh disconnected 2-7-2021, 6:50:37 AM
transformer disconnected 2-7-2021, 6:54:01 AM
transformer disconnected 2-7-2021, 7:07:54 AM
transformer disconnected 2-7-2021, 7:27:16 AM
phamhoangminh disconnected 2-7-2021, 7:54:18 AM
phamhoangminh disconnected 2-7-2021, 7:56:57 AM
phamhoangminh disconnected 2-7-2021, 7:57:30 AM
transformer disconnected 2-7-2021, 8:10:42 AM
AnhSon disconnected 2-7-2021, 8:15:29 AM
super_artem disconnected 2-7-2021, 8:19:47 AM
best-killer disconnected 2-7-2021, 8:20:23 AM
super_artem disconnected 2-7-2021, 8:22:13 AM
phamhoangminh disconnected 2-7-2021, 8:24:27 AM
best-killer lost connection 2-7-2021, 8:25:29 AM
super_artem disconnected 2-7-2021, 8:29:23 AM
best-killer disconnected 2-7-2021, 8:36:36 AM
MonkeyDLuffy disconnected 2-7-2021, 8:36:37 AM
phamhoangminh disconnected 2-7-2021, 8:39:16 AM
black_star_mafia disconnected 2-7-2021, 8:42:57 AM
super_artem disconnected 2-7-2021, 8:43:53 AM
phamhoangminh disconnected 2-7-2021, 8:45:32 AM
mrido disconnected 2-7-2021, 8:45:32 AM
phamhoangminh disconnected 2-7-2021, 8:45:44 AM
mrido disconnected 2-7-2021, 8:45:45 AM
phamhoangminh disconnected 2-7-2021, 8:46:05 AM
phamhoangminh disconnected 2-7-2021, 8:52:30 AM
mrido disconnected 2-7-2021, 9:00:00 AM
phamhoangminh disconnected 2-7-2021, 9:01:22 AM
ace disconnected 2-7-2021, 9:03:30 AM
killer3000 disconnected 2-7-2021, 9:05:30 AM
Doston lost connection 2-7-2021, 9:20:32 AM
ace disconnected 2-7-2021, 9:24:40 AM
blindgamers14 disconnected 2-7-2021, 9:28:22 AM
phamhoangminh disconnected 2-7-2021, 9:28:31 AM
bobur lost connection 2-7-2021, 9:41:35 AM
Doston disconnected 2-7-2021, 9:49:46 AM
transformer disconnected 2-7-2021, 9:51:28 AM
Doston disconnected 2-7-2021, 9:52:02 AM
otabek disconnected 2-7-2021, 9:52:05 AM
bobur disconnected 2-7-2021, 9:53:39 AM
sgamer lost connection 2-7-2021, 9:53:48 AM
bobur disconnected 2-7-2021, 9:55:01 AM
transformer lost connection 2-7-2021, 9:57:32 AM
rathee disconnected 2-7-2021, 9:59:42 AM
otabek disconnected 2-7-2021, 10:00:32 AM
bobur disconnected 2-7-2021, 10:02:52 AM
rathee disconnected 2-7-2021, 10:04:42 AM
otabek disconnected 2-7-2021, 10:09:43 AM
otabek disconnected 2-7-2021, 10:12:25 AM
DJ_mux lost connection 2-7-2021, 10:13:36 AM
DJ_mux lost connection 2-7-2021, 10:15:03 AM
franklin disconnected 2-7-2021, 10:15:37 AM
supergamer disconnected 2-7-2021, 10:22:10 AM
phamhoangminh disconnected 2-7-2021, 10:31:00 AM
phamhoangminh disconnected 2-7-2021, 10:33:34 AM
shamsiddin disconnected 2-7-2021, 10:42:18 AM
phamhoangminh disconnected 2-7-2021, 10:42:46 AM
naver lost connection 2-7-2021, 10:47:38 AM
athee disconnected 2-7-2021, 10:49:26 AM
blindgamers14 disconnected 2-7-2021, 10:50:53 AM
naver lost connection 2-7-2021, 10:51:54 AM
athee lost connection 2-7-2021, 11:00:57 AM
naver disconnected 2-7-2021, 11:03:26 AM
blindgamers14 disconnected 2-7-2021, 11:05:46 AM
franklin lost connection 2-7-2021, 11:08:59 AM
ace disconnected 2-7-2021, 11:15:21 AM
krokodailtop disconnected 2-7-2021, 11:15:46 AM
mrido disconnected 2-7-2021, 11:17:31 AM
anil disconnected 2-7-2021, 11:18:04 AM
magistral disconnected 2-7-2021, 11:21:43 AM
super_artem disconnected 2-7-2021, 11:24:47 AM
phamhoangminh disconnected 2-7-2021, 11:27:12 AM
franklin disconnected 2-7-2021, 11:27:14 AM
shamsiddin disconnected 2-7-2021, 11:33:20 AM
shamsiddin disconnected 2-7-2021, 11:47:45 AM
awesome disconnected 2-7-2021, 11:53:03 AM
athee disconnected 2-7-2021, 11:57:56 AM
magistral disconnected 2-7-2021, 11:58:33 AM
nikita-k disconnected 2-7-2021, 12:05:28 PM
blindgamers14 disconnected 2-7-2021, 12:08:45 PM
krokodailtop disconnected 2-7-2021, 12:09:25 PM
anil disconnected 2-7-2021, 12:13:51 PM
shamsiddin lost connection 2-7-2021, 12:24:22 PM
bolgelo disconnected 2-7-2021, 12:25:04 PM
shamsiddin disconnected 2-7-2021, 12:25:48 PM
shamsiddin disconnected 2-7-2021, 12:28:05 PM
magistral disconnected 2-7-2021, 12:28:09 PM
nikita-k disconnected 2-7-2021, 12:31:25 PM
filips disconnected 2-7-2021, 12:32:24 PM
blindgamers14 disconnected 2-7-2021, 12:32:53 PM
best-killer disconnected 2-7-2021, 12:36:48 PM
shamsiddin lost connection 2-7-2021, 12:37:57 PM
shamsiddin lost connection 2-7-2021, 12:45:54 PM
sgamer disconnected 2-7-2021, 12:53:50 PM
nikita-k lost connection 2-7-2021, 1:14:59 PM
i30 disconnected 2-7-2021, 1:18:12 PM
magistral disconnected 2-7-2021, 1:21:10 PM
nikita-k disconnected 2-7-2021, 1:39:46 PM
magistral disconnected 2-7-2021, 1:44:45 PM
phamhoangminh lost connection 2-7-2021, 1:46:02 PM
nikita-k disconnected 2-7-2021, 2:02:02 PM
nikita-k disconnected 2-7-2021, 2:02:38 PM
Kt_Game disconnected 2-7-2021, 2:02:56 PM
mihail disconnected 2-7-2021, 2:05:25 PM
magistral disconnected 2-7-2021, 2:13:37 PM
magistral disconnected 2-7-2021, 2:13:51 PM
phamhoangminh disconnected 2-7-2021, 2:15:20 PM
krokodailtop disconnected 2-7-2021, 2:16:03 PM
super_artem disconnected 2-7-2021, 2:19:31 PM
otabek disconnected 2-7-2021, 2:26:37 PM
Kt_Game disconnected 2-7-2021, 2:27:19 PM
AnhSon disconnected 2-7-2021, 2:43:38 PM
magistral disconnected 2-7-2021, 2:44:08 PM
nikita-k disconnected 2-7-2021, 2:44:20 PM
Kt_Game disconnected 2-7-2021, 2:45:40 PM
killer3000 disconnected 2-7-2021, 2:52:44 PM
sgamer disconnected 2-7-2021, 2:55:15 PM
ace disconnected 2-7-2021, 2:56:29 PM
anil disconnected 2-7-2021, 3:03:13 PM
nikita-k disconnected 2-7-2021, 3:03:45 PM
ace disconnected 2-7-2021, 3:11:13 PM
AnhSon disconnected 2-7-2021, 3:20:59 PM
shamsiddin lost connection 2-7-2021, 3:31:20 PM
shamsiddin disconnected 2-7-2021, 3:32:24 PM
bobur lost connection 2-7-2021, 3:38:30 PM
bobur lost connection 2-7-2021, 3:40:34 PM
bobur lost connection 2-7-2021, 3:42:20 PM
ace disconnected 2-7-2021, 3:46:20 PM
Kt_Game lost connection 2-7-2021, 3:53:42 PM
blindgamers14 disconnected 2-7-2021, 3:58:55 PM
ace disconnected 2-7-2021, 3:59:05 PM
DJ_mux disconnected 2-7-2021, 3:59:07 PM
otabek disconnected 2-7-2021, 3:59:13 PM
bobur disconnected 2-7-2021, 3:59:42 PM
AnhSon disconnected 2-7-2021, 3:59:56 PM
Kt_Game disconnected 2-7-2021, 3:59:56 PM
otabek disconnected 2-7-2021, 4:00:01 PM
ace lost connection 2-7-2021, 4:00:25 PM
blindgamers14 disconnected 2-7-2021, 4:00:44 PM
magistral disconnected 2-7-2021, 4:00:52 PM
otabek disconnected 2-7-2021, 4:01:05 PM
bobur disconnected 2-7-2021, 4:01:13 PM
ace disconnected 2-7-2021, 4:01:32 PM
otabek disconnected 2-7-2021, 4:01:40 PM
Kt_Game disconnected 2-7-2021, 4:03:11 PM
AnhSon disconnected 2-7-2021, 4:03:19 PM
bobur disconnected 2-7-2021, 4:04:09 PM
DJ_mux disconnected 2-7-2021, 4:04:20 PM
blindgamers14 disconnected 2-7-2021, 4:04:32 PM
bobur disconnected 2-7-2021, 4:04:42 PM
blindgamers14 disconnected 2-7-2021, 4:06:19 PM
blindgamers14 disconnected 2-7-2021, 4:06:43 PM
DJ_mux disconnected 2-7-2021, 4:07:40 PM
AnhSon disconnected 2-7-2021, 4:07:59 PM
bobur disconnected 2-7-2021, 4:08:00 PM
blindgamers14 disconnected 2-7-2021, 4:08:10 PM
bobur disconnected 2-7-2021, 4:08:19 PM
bobur disconnected 2-7-2021, 4:10:05 PM
blindgamers14 disconnected 2-7-2021, 4:10:11 PM
blindgamers14 disconnected 2-7-2021, 4:11:09 PM
blindgamers14 disconnected 2-7-2021, 4:11:18 PM
bobur disconnected 2-7-2021, 4:11:39 PM
franklin disconnected 2-7-2021, 4:12:55 PM
franklin disconnected 2-7-2021, 4:13:06 PM
DJ_mux disconnected 2-7-2021, 4:15:21 PM
bobur disconnected 2-7-2021, 4:17:34 PM
DJ_mux disconnected 2-7-2021, 4:19:12 PM
blindgamers14 disconnected 2-7-2021, 4:21:37 PM
blindgamers14 disconnected 2-7-2021, 4:23:50 PM
anil disconnected 2-7-2021, 4:24:10 PM
DJ_mux disconnected 2-7-2021, 4:24:45 PM
Kt_Game lost connection 2-7-2021, 4:33:03 PM
mihail lost connection 2-7-2021, 4:36:24 PM
super_artem disconnected 2-7-2021, 4:37:34 PM
DJ_mux disconnected 2-7-2021, 4:38:11 PM
stepman disconnected 2-7-2021, 4:41:05 PM
darkfrent disconnected 2-7-2021, 4:41:26 PM
mihail disconnected 2-7-2021, 4:45:32 PM
darkfrent disconnected 2-7-2021, 4:45:41 PM
vadimka disconnected 2-7-2021, 4:47:35 PM
vadimka disconnected 2-7-2021, 4:48:09 PM
vadimka disconnected 2-7-2021, 4:49:01 PM
vadimka disconnected 2-7-2021, 4:49:23 PM
vadimka disconnected 2-7-2021, 4:51:35 PM
mihail disconnected 2-7-2021, 4:52:53 PM
vadimka disconnected 2-7-2021, 4:53:15 PM
otabek disconnected 2-7-2021, 4:54:17 PM
vishnu lost connection 2-7-2021, 4:54:52 PM
vadimka disconnected 2-7-2021, 4:56:18 PM
mihail disconnected 2-7-2021, 4:57:57 PM
mihail disconnected 2-7-2021, 4:58:03 PM
mihail disconnected 2-7-2021, 4:59:36 PM
mihail disconnected 2-7-2021, 5:02:10 PM
stepman disconnected 2-7-2021, 5:02:14 PM
mrido disconnected 2-7-2021, 5:05:55 PM
vadimka disconnected 2-7-2021, 5:07:43 PM
shamsiddin disconnected 2-7-2021, 5:14:21 PM
shamsiddin disconnected 2-7-2021, 5:15:08 PM
vishnu disconnected 2-7-2021, 5:16:08 PM
vishnu disconnected 2-7-2021, 5:16:50 PM
vishnu disconnected 2-7-2021, 5:17:58 PM
shamsiddin disconnected 2-7-2021, 5:18:18 PM
DJ_mux disconnected 2-7-2021, 5:20:54 PM
shamsiddin disconnected 2-7-2021, 5:21:03 PM
vishnu disconnected 2-7-2021, 5:22:50 PM
bobur disconnected 2-7-2021, 5:25:07 PM
bobur disconnected 2-7-2021, 5:28:02 PM
boter lost connection 2-7-2021, 5:31:04 PM
mihail disconnected 2-7-2021, 5:33:42 PM
stepman disconnected 2-7-2021, 5:33:58 PM
naver disconnected 2-7-2021, 5:36:36 PM
naver disconnected 2-7-2021, 5:37:24 PM
naver disconnected 2-7-2021, 5:37:45 PM
naver disconnected 2-7-2021, 5:38:50 PM
naver disconnected 2-7-2021, 5:39:59 PM
shamsiddin disconnected 2-7-2021, 5:40:26 PM
shamsiddin disconnected 2-7-2021, 5:41:17 PM
naver disconnected 2-7-2021, 5:41:52 PM
otabek disconnected 2-7-2021, 5:41:58 PM
otabek disconnected 2-7-2021, 5:42:59 PM
muxriddin lost connection 2-7-2021, 5:44:17 PM
shamsiddin disconnected 2-7-2021, 5:44:17 PM
pyspil lost connection 2-7-2021, 5:44:50 PM
nikita-k lost connection 2-7-2021, 5:44:50 PM
AnhSon lost connection 2-7-2021, 5:44:50 PM
otabek lost connection 2-7-2021, 5:44:50 PM
magistral lost connection 2-7-2021, 5:44:50 PM
franklin lost connection 2-7-2021, 5:45:22 PM
magistral lost connection 2-7-2021, 5:45:54 PM
magistral lost connection 2-7-2021, 5:46:34 PM
shamsiddin lost connection 2-7-2021, 5:47:41 PM
naver lost connection 2-7-2021, 5:47:41 PM
nikita-k lost connection 2-7-2021, 5:48:18 PM
shamsiddin lost connection 2-7-2021, 5:49:24 PM
otabek lost connection 2-7-2021, 5:49:24 PM
franklin lost connection 2-7-2021, 5:49:56 PM
Doston lost connection 2-7-2021, 5:51:03 PM
muxriddin lost connection 2-7-2021, 5:51:03 PM
muxriddin lost connection 2-7-2021, 5:51:37 PM
muxriddin lost connection 2-7-2021, 5:52:09 PM
nikita-k lost connection 2-7-2021, 5:52:56 PM
nikita-k lost connection 2-7-2021, 5:54:37 PM
Kt_Game lost connection 2-7-2021, 5:55:19 PM
nikita-k lost connection 2-7-2021, 5:56:21 PM
Kt_Game lost connection 2-7-2021, 5:58:49 PM
magistral lost connection 2-7-2021, 5:59:22 PM
killer3000 lost connection 2-7-2021, 6:00:46 PM
Kt_Game lost connection 2-7-2021, 6:01:41 PM
Kt_Game lost connection 2-7-2021, 6:02:39 PM
killer3000 lost connection 2-7-2021, 6:05:28 PM
magistral lost connection 2-7-2021, 6:06:33 PM
laid lost connection 2-7-2021, 6:07:19 PM
magistral lost connection 2-7-2021, 6:08:16 PM
AnhSon lost connection 2-7-2021, 6:09:24 PM
magistral lost connection 2-7-2021, 6:11:54 PM
magistral disconnected 2-7-2021, 6:19:36 PM
Igrik disconnected 2-7-2021, 6:20:47 PM
nikita-k disconnected 2-7-2021, 6:22:21 PM
magistral disconnected 2-7-2021, 6:23:43 PM
laid lost connection 2-7-2021, 6:39:54 PM
nikita-k lost connection 2-7-2021, 6:40:31 PM
franklin disconnected 2-7-2021, 6:50:12 PM
nikita-k disconnected 2-7-2021, 6:51:00 PM
franklin disconnected 2-7-2021, 6:51:08 PM
magistral disconnected 2-7-2021, 6:51:09 PM
Igrok disconnected 2-7-2021, 6:52:14 PM
magistral disconnected 2-7-2021, 6:52:34 PM
nikita-k disconnected 2-7-2021, 6:53:41 PM
franklin disconnected 2-7-2021, 6:58:08 PM
magistral disconnected 2-7-2021, 6:58:39 PM
killer3000 disconnected 2-7-2021, 6:58:52 PM
nikita-k disconnected 2-7-2021, 7:00:18 PM
franklin disconnected 2-7-2021, 7:01:33 PM
magistral lost connection 2-7-2021, 7:01:46 PM
killer3000 disconnected 2-7-2021, 7:02:37 PM
jaloliddin disconnected 2-7-2021, 7:08:03 PM
elvond disconnected 2-7-2021, 7:10:26 PM
supergamer disconnected 2-7-2021, 7:24:22 PM
Igrik disconnected 2-7-2021, 7:30:42 PM
magistral lost connection 2-7-2021, 7:35:08 PM
franklin disconnected 2-7-2021, 7:58:06 PM
franklin disconnected 2-7-2021, 8:02:09 PM
nikita-k disconnected 2-7-2021, 8:03:45 PM
magistral disconnected 2-7-2021, 8:03:49 PM
magistral lost connection 2-7-2021, 8:31:23 PM
nikita-k disconnected 2-7-2021, 8:39:52 PM
vadimka disconnected 2-7-2021, 8:41:42 PM
magistral lost connection 2-7-2021, 8:48:41 PM
nikita-k lost connection 2-7-2021, 8:53:51 PM
supergamer disconnected 2-7-2021, 8:54:33 PM
mihail lost connection 2-7-2021, 8:58:29 PM
nikita-k lost connection 2-7-2021, 9:02:57 PM
istek lost connection 2-7-2021, 9:06:19 PM
nikita-k disconnected 2-7-2021, 9:11:07 PM
nikita-k lost connection 2-7-2021, 9:14:01 PM
elvond disconnected 2-7-2021, 9:15:02 PM
super_artem disconnected 2-7-2021, 9:19:07 PM
supergamer disconnected 2-7-2021, 9:25:18 PM
franklin disconnected 2-7-2021, 9:27:26 PM
magistral disconnected 2-7-2021, 9:31:20 PM
naver disconnected 2-7-2021, 9:36:26 PM
super_artem disconnected 2-7-2021, 9:38:58 PM
supergamer disconnected 2-7-2021, 9:51:53 PM
krokodailtop disconnected 2-7-2021, 9:59:24 PM
supergamer disconnected 2-7-2021, 10:05:52 PM
magistral disconnected 2-7-2021, 10:17:29 PM
franklin disconnected 2-7-2021, 10:19:06 PM
nikita-k disconnected 2-7-2021, 10:19:29 PM
elvond lost connection 2-7-2021, 10:28:53 PM
Kt_Game disconnected 2-7-2021, 10:34:46 PM
naver disconnected 2-7-2021, 10:49:16 PM
istek disconnected 2-7-2021, 10:51:47 PM
awesome lost connection 2-7-2021, 10:56:55 PM
awesome lost connection 2-7-2021, 11:12:30 PM
Ryder1 disconnected 2-7-2021, 11:15:37 PM
Ryder1 disconnected 2-7-2021, 11:22:04 PM
Ryder1 disconnected 2-7-2021, 11:26:20 PM
awesome disconnected 2-7-2021, 11:29:03 PM
Ryder1 disconnected 2-7-2021, 11:37:08 PM
darkfrent disconnected 2-7-2021, 11:42:20 PM