
rider (rider) said ץףי ¸באםûי  2-7-2021, 12:01:14 AM
rider (rider) said דרטןאךףרטןדךרףטןדרךצףטאמצפףטאמצףכפאטפףמכûהאטלנףדûרןללללללללללללללללפûאסססססססססשפûרסüןפצףדרûןנפצףארשחפנû0חÛÂÏגûלרהדפאןרשזפûאנאûשרזאûנרשצגאפנגפשזרÿûלגעגשצפן ניח9רןנ809יûגרןדטפûסלשןצ1ûטדרלטלןד13ך 9ןנרט90שט צרמע0=נ099 רשחט90יצגנט90רשצגש9רטרשנטיצ 2-7-2021, 12:01:38 AM
rider (rider) said עאך 2-7-2021, 12:31:27 AM
rider (rider) said ÿ עףעף 2-7-2021, 12:31:30 AM
rider (rider) said עףע 2-7-2021, 12:31:39 AM
rider (rider) said ג ןטחהו 2-7-2021, 12:33:12 AM
rider (rider) said מי 2-7-2021, 12:33:13 AM
rider (rider) said ‏the ping took 71 ms 2-7-2021, 12:36:43 AM
rider (rider) said the ping took 50 ms 2-7-2021, 12:36:44 AM
rider (rider) said Ñנוהםÿÿ חאדנףחךא ןנמצוססמנא 30.5%, ‗הנמ 1: 33.1%, ‗הנמ 2: 24.7%, ‗הנמ 3: 36.8%, ‗הנמ 4: 27.5%. 2-7-2021, 12:36:52 AM
rider (rider) said ף לוםÿ עאךאÿ חאדנףחךא, ןמעמלף קעמ ÿ אנץטגטנף‏ לףחûךף 2-7-2021, 12:37:13 AM
rider (rider) said עאך ף לוםÿ מבûקםמ ג נא¸םו 1 2 טכט 3 2-7-2021, 12:37:28 AM
rider (rider) said ןנמצוםעא 2-7-2021, 12:37:34 AM
rider (rider) said ג ןטחהוווווו 2-7-2021, 12:37:44 AM
rider (rider) said מי 2-7-2021, 12:37:45 AM
rider (rider) said הא 2-7-2021, 12:37:54 AM
rider (rider) said עאל 2-7-2021, 12:37:57 AM
rider (rider) said דהו 2-7-2021, 12:38:06 AM
rider (rider) said עאך. ‗ עףע םאובארטכסÿ ג ץכאלטםף בכÿהü 2-7-2021, 12:42:59 AM
rider (rider) said ûûûûûûûûûûûûûûûûûûûûûûûûûûûûûûûûûûûûûûûûûûûûûûûûûûûûûûûûûûûûûûûûûûûûûûûû 2-7-2021, 12:43:20 AM
rider (rider) said no 2-7-2021, 12:55:21 AM
rider (rider) said lol 2-7-2021, 1:15:48 AM