
vishnu(vishnu) used a antibiotic 2-7-2021, 4:24:59 PM
vishnu(vishnu) used a antibiotic 2-7-2021, 4:24:59 PM
vishnu(vishnu) used a antibiotic 2-7-2021, 4:25:00 PM
vishnu(vishnu) used a antibiotic 2-7-2021, 4:27:25 PM
vishnu(vishnu) used a antibiotic 2-7-2021, 4:27:25 PM
vishnu(vishnu) used a storm_sniper 2-7-2021, 4:27:32 PM
vishnu(vishnu) used a antibiotic 2-7-2021, 5:15:21 PM
vishnu(vishnu) used a antibiotic 2-7-2021, 5:15:21 PM
vishnu(vishnu) used a cop_357_derringer_pistol 2-7-2021, 5:15:29 PM
vishnu(vishnu) used a cop_357_derringer_pistol 2-7-2021, 5:16:33 PM
vishnu(vishnu) used a cop_357_derringer_pistol 2-7-2021, 5:16:33 PM
vishnu(vishnu) used a cop_357_derringer_pistol 2-7-2021, 5:17:18 PM
vishnu(vishnu) used a guided_missile 2-7-2021, 5:18:21 PM
vishnu(vishnu) used a guided_missile 2-7-2021, 5:19:37 PM
vishnu(vishnu) used a guided_missile 2-7-2021, 5:20:28 PM
vishnu(vishnu) used a guided_missile 2-7-2021, 5:20:58 PM
vishnu(vishnu) used a guided_missile 2-7-2021, 5:21:02 PM
vishnu(vishnu) used a guided_missile 2-7-2021, 5:21:21 PM
vishnu(vishnu) used a guided_missile 2-7-2021, 5:21:21 PM
vishnu(vishnu) used a guided_missile 2-7-2021, 5:21:37 PM
vishnu(vishnu) used a suicide_bomb 2-7-2021, 5:22:21 PM
vishnu(vishnu) used a suicide_bomb 2-7-2021, 5:22:21 PM
vishnu(vishnu) used a missile_interceptor 2-7-2021, 5:22:42 PM