
hamidali(hamidali) used a the_legendary_sword 2-3-2021, 2:32:15 PM
hamidali(hamidali) used a storm_sniper 2-3-2021, 2:32:18 PM
hamidali(hamidali) used a the_legendary_sword 2-3-2021, 2:32:22 PM
hamidali(hamidali) used a antibiotic 2-3-2021, 2:32:43 PM
hamidali(hamidali) used a shield 2-3-2021, 2:32:55 PM
hamidali(hamidali) used a shield 2-3-2021, 2:32:56 PM
hamidali(hamidali) used a shield 2-3-2021, 2:32:56 PM
hamidali(hamidali) used a shield 2-3-2021, 2:32:56 PM
hamidali(hamidali) used a shield 2-3-2021, 2:32:57 PM
hamidali(hamidali) used a shield 2-3-2021, 2:32:57 PM
hamidali(hamidali) used a shield 2-3-2021, 2:32:57 PM
hamidali(hamidali) used a shield 2-3-2021, 2:32:58 PM
hamidali(hamidali) used a shield 2-3-2021, 2:32:58 PM
hamidali(hamidali) used a shield 2-3-2021, 2:32:59 PM
hamidali(hamidali) used a shield 2-3-2021, 2:33:01 PM
hamidali(hamidali) used a antibiotic 2-3-2021, 2:33:14 PM
hamidali(hamidali) used a shield 2-3-2021, 2:33:17 PM
hamidali(hamidali) used a shield 2-3-2021, 2:33:18 PM
hamidali(hamidali) used a shield 2-3-2021, 2:33:18 PM
hamidali(hamidali) used a shield 2-3-2021, 2:33:18 PM
hamidali(hamidali) used a shield 2-3-2021, 2:33:18 PM
hamidali(hamidali) used a shield 2-3-2021, 2:33:19 PM
hamidali(hamidali) used a shield 2-3-2021, 2:33:19 PM
hamidali(hamidali) used a shield 2-3-2021, 2:33:19 PM
hamidali(hamidali) used a shield 2-3-2021, 2:33:20 PM
hamidali(hamidali) used a shield 2-3-2021, 2:33:20 PM
hamidali(hamidali) used a shield 2-3-2021, 2:33:20 PM
hamidali(hamidali) used a shield 2-3-2021, 2:33:20 PM
hamidali(hamidali) used a shield 2-3-2021, 2:33:21 PM
hamidali(hamidali) used a shield 2-3-2021, 2:33:21 PM
hamidali(hamidali) used a shield 2-3-2021, 2:33:21 PM
hamidali(hamidali) used a shield 2-3-2021, 2:33:21 PM
hamidali(hamidali) used a shield 2-3-2021, 2:33:21 PM
hamidali(hamidali) used a shield 2-3-2021, 2:33:22 PM
hamidali(hamidali) used a shield 2-3-2021, 2:33:22 PM
hamidali(hamidali) used a shield 2-3-2021, 2:33:23 PM
hamidali(hamidali) used a shield 2-3-2021, 2:33:23 PM
hamidali(hamidali) used a shield 2-3-2021, 2:33:24 PM
hamidali(hamidali) used a storm_sniper 2-3-2021, 2:33:25 PM
hamidali(hamidali) used a storm_sniper 2-3-2021, 2:46:26 PM
hamidali(hamidali) used a antibiotic 2-3-2021, 2:46:30 PM
hamidali(hamidali) used a the_legendary_sword 2-3-2021, 2:46:40 PM
hamidali(hamidali) used a antibiotic 2-3-2021, 2:48:59 PM
hamidali(hamidali) used a storm_sniper 2-3-2021, 3:22:51 PM
hamidali(hamidali) used a the_legendary_sword 2-3-2021, 3:22:54 PM