
best_nagibator (best_nagibator) sent /sell 9-2-2020, 1:26:56 PM
best_nagibator (best_nagibator) sent /sell 9-2-2020, 1:31:47 PM
best_nagibator (best_nagibator) sent /sell 9-2-2020, 1:31:54 PM
best_nagibator (best_nagibator) sent /sell 9-2-2020, 1:32:10 PM
best_nagibator (best_nagibator) sent /sell 9-2-2020, 1:32:38 PM
best_nagibator (best_nagibator) sent /afk 9-2-2020, 1:34:19 PM
best_nagibator (best_nagibator) sent /afk 9-2-2020, 1:34:25 PM
best_nagibator (best_nagibator) sent /sell 9-2-2020, 1:34:36 PM
best_nagibator (best_nagibator) sent /afk 9-2-2020, 1:36:02 PM
best_nagibator (best_nagibator) sent /suicide 9-2-2020, 1:38:25 PM
best_nagibator (best_nagibator) sent /seell 9-2-2020, 1:54:11 PM
best_nagibator (best_nagibator) sent /sell 9-2-2020, 1:54:14 PM
best_nagibator (best_nagibator) sent /sell 9-2-2020, 1:54:40 PM
best_nagibator (best_nagibator) sent /sell 9-2-2020, 1:55:03 PM
best_nagibator (best_nagibator) sent /where darkfrent 9-2-2020, 1:57:19 PM
best_nagibator (best_nagibator) sent /wjere best 9-2-2020, 1:57:26 PM
best_nagibator (best_nagibator) sent /where best 9-2-2020, 1:57:29 PM
best_nagibator (best_nagibator) sent /bid 2 9-2-2020, 2:02:47 PM
best_nagibator (best_nagibator) sent /bid  9-2-2020, 2:07:07 PM
best_nagibator (best_nagibator) sent /bid 2 9-2-2020, 2:07:09 PM
best_nagibator (best_nagibator) sent /bid 2000 9-2-2020, 2:07:15 PM
best_nagibator (best_nagibator) sent /bid 500000 9-2-2020, 2:07:59 PM
best_nagibator (best_nagibator) sent /where darkfrent 9-2-2020, 2:19:33 PM
best_nagibator (best_nagibator) sent /afk 9-2-2020, 2:23:03 PM
best_nagibator (best_nagibator) sent /afk 9-2-2020, 2:23:25 PM
best_nagibator (best_nagibator) sent /robotinfo 9-2-2020, 2:24:25 PM
best_nagibator (best_nagibator) sent /sell 9-2-2020, 3:45:25 PM
best_nagibator (best_nagibator) sent /help 9-2-2020, 3:47:27 PM
best_nagibator (best_nagibator) sent /updatepasword DubSteper2019 idinahuy 9-2-2020, 3:49:30 PM
best_nagibator (best_nagibator) sent /teamcreat 9-2-2020, 3:53:58 PM
best_nagibator (best_nagibator) sent /teamcreat 9-2-2020, 3:54:07 PM
best_nagibator (best_nagibator) sent /help 9-2-2020, 3:54:13 PM
best_nagibator (best_nagibator) sent /teamcreate 9-2-2020, 3:54:29 PM
best_nagibator (best_nagibator) sent /teamcreate 9-2-2020, 3:55:05 PM
best_nagibator (best_nagibator) sent /afk 9-2-2020, 4:36:32 PM
best_nagibator (best_nagibator) sent /robotinfo 9-2-2020, 4:45:31 PM
best_nagibator (best_nagibator) sent /robotinfo 9-2-2020, 4:48:44 PM
best_nagibator (best_nagibator) sent /robotinfo 9-2-2020, 4:49:19 PM
best_nagibator (best_nagibator) sent /afk 9-2-2020, 4:49:57 PM
best_nagibator (best_nagibator) sent /teamcancel 9-2-2020, 4:53:25 PM
best_nagibator (best_nagibator) sent /where homutayzer 9-2-2020, 4:53:41 PM
best_nagibator (best_nagibator) sent /afk 9-2-2020, 6:17:52 PM