
bolgelo disconnected 9-2-2020, 12:51:23 AM
darkfrent disconnected 9-2-2020, 12:51:47 AM
stronger disconnected 9-2-2020, 2:09:01 AM
alex disconnected 9-2-2020, 6:07:12 AM
nikita-k disconnected 9-2-2020, 8:16:49 AM
nikita-k disconnected 9-2-2020, 9:10:24 AM
Vlados disconnected 9-2-2020, 9:36:20 AM
Vlados disconnected 9-2-2020, 10:10:25 AM
Vlados disconnected 9-2-2020, 10:28:01 AM
Vlados disconnected 9-2-2020, 10:28:12 AM
Igrik disconnected 9-2-2020, 10:50:05 AM
kirill disconnected 9-2-2020, 11:45:44 AM
franklin disconnected 9-2-2020, 12:23:37 PM
Vlados disconnected 9-2-2020, 12:26:51 PM
Vlados lost connection 9-2-2020, 12:27:22 PM
Vlados disconnected 9-2-2020, 12:33:57 PM
Vlados lost connection 9-2-2020, 12:34:36 PM
maxgamer disconnected 9-2-2020, 12:37:21 PM
maxgamer disconnected 9-2-2020, 12:37:53 PM
maxgamer lost connection 9-2-2020, 12:38:15 PM
maxgamer disconnected 9-2-2020, 12:40:04 PM
maxgamer disconnected 9-2-2020, 12:40:20 PM
vlad217 disconnected 9-2-2020, 1:00:37 PM
best_nagibator disconnected 9-2-2020, 1:39:07 PM
best disconnected 9-2-2020, 1:59:10 PM
best disconnected 9-2-2020, 2:04:15 PM
best disconnected 9-2-2020, 2:07:44 PM
best_nagibator disconnected 9-2-2020, 2:08:09 PM
darkfrent disconnected 9-2-2020, 2:16:07 PM
vlad222 lost connection 9-2-2020, 2:18:09 PM
darkfrent disconnected 9-2-2020, 2:20:16 PM
best_nagibator disconnected 9-2-2020, 2:23:04 PM
best_nagibator disconnected 9-2-2020, 2:27:54 PM
nikita-k disconnected 9-2-2020, 2:52:32 PM
blindgamer123 disconnected 9-2-2020, 3:35:07 PM
best_nagibator lost connection 9-2-2020, 3:42:17 PM
best_nagibator disconnected 9-2-2020, 4:14:00 PM
best_nagibator disconnected 9-2-2020, 4:50:23 PM
kofeman disconnected 9-2-2020, 4:54:46 PM
kirill disconnected 9-2-2020, 5:20:17 PM
kofeman disconnected 9-2-2020, 5:48:08 PM
nikita-k lost connection 9-2-2020, 5:53:54 PM
Yarina disconnected 9-2-2020, 5:56:08 PM
best_nagibator disconnected 9-2-2020, 6:19:47 PM
Rinat disconnected 9-2-2020, 8:31:04 PM
darkfrent disconnected 9-2-2020, 8:47:14 PM
kofeman disconnected 9-2-2020, 8:55:50 PM
shoma disconnected 9-2-2020, 9:39:09 PM
Rinat disconnected 9-2-2020, 9:56:31 PM
shoma disconnected 9-2-2020, 9:56:43 PM
stronger disconnected 9-2-2020, 10:04:31 PM
Rinat lost connection 9-2-2020, 10:15:43 PM
nikita-k disconnected 9-2-2020, 10:17:47 PM
nikita-k disconnected 9-2-2020, 10:20:28 PM
kofeman disconnected 9-2-2020, 10:29:43 PM
Rinat disconnected 9-2-2020, 10:50:34 PM
shoma disconnected 9-2-2020, 10:58:07 PM
stronger disconnected 9-2-2020, 11:05:26 PM
nikita-k disconnected 9-2-2020, 11:05:28 PM
shoma disconnected 9-2-2020, 11:05:29 PM
kofeman disconnected 9-2-2020, 11:45:51 PM