
Rinat(Rinat) used a shield 9-2-2020, 10:02:46 PM
Rinat(Rinat) used a shield 9-2-2020, 10:02:47 PM
Rinat(Rinat) used a tk_ultra_health_potion 9-2-2020, 10:02:49 PM
Rinat(Rinat) used a tk_ultra_health_potion 9-2-2020, 10:10:30 PM
Rinat(Rinat) used a shield 9-2-2020, 10:10:34 PM
Rinat(Rinat) used a shield 9-2-2020, 10:10:34 PM
Rinat(Rinat) used a steal_warhammer 9-2-2020, 10:10:47 PM
Rinat(Rinat) used a tk_ultra_health_potion 9-2-2020, 10:12:38 PM
Rinat(Rinat) used a shield 9-2-2020, 10:12:46 PM
Rinat(Rinat) used a shield 9-2-2020, 10:12:46 PM
Rinat(Rinat) used a shield 9-2-2020, 10:12:46 PM
Rinat(Rinat) used a steal_warhammer 9-2-2020, 10:14:57 PM
Rinat(Rinat) used a shield 9-2-2020, 10:15:22 PM
Rinat(Rinat) used a shield 9-2-2020, 10:15:22 PM
Rinat(Rinat) used a shield 9-2-2020, 10:15:22 PM
Rinat(Rinat) used a shield 9-2-2020, 10:15:22 PM
Rinat(Rinat) used a shield 9-2-2020, 10:15:22 PM
Rinat(Rinat) used a shield 9-2-2020, 10:15:23 PM
Rinat(Rinat) used a shield 9-2-2020, 10:15:23 PM
Rinat(Rinat) used a shield 9-2-2020, 10:15:23 PM
Rinat(Rinat) used a shield 9-2-2020, 10:15:23 PM
Rinat(Rinat) used a shield 9-2-2020, 10:15:23 PM
Rinat(Rinat) used a shield 9-2-2020, 10:15:23 PM
Rinat(Rinat) used a shield 9-2-2020, 10:15:23 PM
Rinat(Rinat) used a shield 9-2-2020, 10:15:24 PM
Rinat(Rinat) used a shield 9-2-2020, 10:15:24 PM
Rinat(Rinat) used a shield 9-2-2020, 10:15:24 PM
Rinat(Rinat) used a shield 9-2-2020, 10:15:24 PM
Rinat(Rinat) used a shield 9-2-2020, 10:15:24 PM
Rinat(Rinat) used a shield 9-2-2020, 10:15:24 PM
Rinat(Rinat) used a shield 9-2-2020, 10:15:25 PM
Rinat(Rinat) used a shield 9-2-2020, 10:15:25 PM
Rinat(Rinat) used a shield 9-2-2020, 10:15:25 PM
Rinat(Rinat) used a shield 9-2-2020, 10:15:26 PM
Rinat(Rinat) used a tk_ultra_health_potion 9-2-2020, 10:15:26 PM
Rinat(Rinat) used a tk_ultra_health_potion 9-2-2020, 10:15:31 PM
Rinat(Rinat) used a tk_ultra_health_potion 9-2-2020, 10:15:32 PM
Rinat(Rinat) used a tk_ultra_health_potion 9-2-2020, 10:16:50 PM
Rinat(Rinat) used a motion_bomb 9-2-2020, 10:16:55 PM
Rinat(Rinat) used a steal_warhammer 9-2-2020, 10:17:14 PM
Rinat(Rinat) used a steal_warhammer 9-2-2020, 10:17:18 PM
Rinat(Rinat) used a shield 9-2-2020, 10:17:20 PM
Rinat(Rinat) used a shield 9-2-2020, 10:17:36 PM
Rinat(Rinat) used a shield 9-2-2020, 10:17:36 PM
Rinat(Rinat) used a shield 9-2-2020, 10:17:37 PM
Rinat(Rinat) used a shield 9-2-2020, 10:17:37 PM
Rinat(Rinat) used a shield 9-2-2020, 10:17:37 PM
Rinat(Rinat) used a shield 9-2-2020, 10:17:38 PM
Rinat(Rinat) used a shield 9-2-2020, 10:17:38 PM
Rinat(Rinat) used a shield 9-2-2020, 10:17:38 PM
Rinat(Rinat) used a shield 9-2-2020, 10:17:38 PM
Rinat(Rinat) used a shield 9-2-2020, 10:17:39 PM
Rinat(Rinat) used a shield 9-2-2020, 10:17:39 PM
Rinat(Rinat) used a shield 9-2-2020, 10:17:39 PM
Rinat(Rinat) used a shield 9-2-2020, 10:17:40 PM
Rinat(Rinat) used a shield 9-2-2020, 10:17:40 PM
Rinat(Rinat) used a shield 9-2-2020, 10:17:40 PM
Rinat(Rinat) used a shield 9-2-2020, 10:17:41 PM
Rinat(Rinat) used a shield 9-2-2020, 10:17:41 PM
Rinat(Rinat) used a shield 9-2-2020, 10:17:42 PM
Rinat(Rinat) used a shield 9-2-2020, 10:17:42 PM
Rinat(Rinat) used a shield 9-2-2020, 10:17:42 PM
Rinat(Rinat) used a shield 9-2-2020, 10:17:43 PM
Rinat(Rinat) used a shield 9-2-2020, 10:17:43 PM
Rinat(Rinat) used a shield 9-2-2020, 10:17:43 PM
Rinat(Rinat) used a shield 9-2-2020, 10:17:44 PM
Rinat(Rinat) used a shield 9-2-2020, 10:17:44 PM
Rinat(Rinat) used a shield 9-2-2020, 10:17:45 PM
Rinat(Rinat) used a shield 9-2-2020, 10:17:45 PM
Rinat(Rinat) used a shield 9-2-2020, 10:17:45 PM
Rinat(Rinat) used a shield 9-2-2020, 10:17:46 PM
Rinat(Rinat) used a shield 9-2-2020, 10:17:46 PM
Rinat(Rinat) used a shield 9-2-2020, 10:17:46 PM
Rinat(Rinat) used a shield 9-2-2020, 10:17:47 PM
Rinat(Rinat) used a shield 9-2-2020, 10:17:47 PM
Rinat(Rinat) used a shield 9-2-2020, 10:17:47 PM
Rinat(Rinat) used a shield 9-2-2020, 10:17:48 PM
Rinat(Rinat) used a shield 9-2-2020, 10:18:02 PM
Rinat(Rinat) used a tk_ultra_health_potion 9-2-2020, 10:18:03 PM
Rinat(Rinat) used a tk_ultra_health_potion 9-2-2020, 10:18:26 PM
Rinat(Rinat) used a tk_ultra_health_potion 9-2-2020, 10:18:38 PM
Rinat(Rinat) used a tk_ultra_health_potion 9-2-2020, 10:19:27 PM
Rinat(Rinat) used a shield 9-2-2020, 10:19:56 PM
Rinat(Rinat) used a shield 9-2-2020, 10:19:57 PM
Rinat(Rinat) used a shield 9-2-2020, 10:19:57 PM
Rinat(Rinat) used a shield 9-2-2020, 10:19:57 PM
Rinat(Rinat) used a shield 9-2-2020, 10:19:58 PM
Rinat(Rinat) used a shield 9-2-2020, 10:19:58 PM
Rinat(Rinat) used a shield 9-2-2020, 10:19:58 PM
Rinat(Rinat) used a tk_ultra_health_potion 9-2-2020, 10:20:00 PM
Rinat(Rinat) used a tk_ultra_health_potion 9-2-2020, 10:20:05 PM
Rinat(Rinat) used a shield 9-2-2020, 10:20:35 PM
Rinat(Rinat) used a shield 9-2-2020, 10:20:36 PM
Rinat(Rinat) used a tk_ultra_health_potion 9-2-2020, 10:20:37 PM
Rinat(Rinat) used a tk_ultra_health_potion 9-2-2020, 10:20:37 PM
Rinat(Rinat) used a shield 9-2-2020, 10:21:01 PM
Rinat(Rinat) used a shield 9-2-2020, 10:21:01 PM
Rinat(Rinat) used a shield 9-2-2020, 10:21:01 PM
Rinat(Rinat) used a shield 9-2-2020, 10:21:01 PM
Rinat(Rinat) used a shield 9-2-2020, 10:21:01 PM
Rinat(Rinat) used a shield 9-2-2020, 10:21:02 PM
Rinat(Rinat) used a shield 9-2-2020, 10:21:02 PM
Rinat(Rinat) used a shield 9-2-2020, 10:21:02 PM
Rinat(Rinat) used a shield 9-2-2020, 10:21:02 PM
Rinat(Rinat) used a shield 9-2-2020, 10:21:03 PM
Rinat(Rinat) used a tk_ultra_health_potion 9-2-2020, 10:21:03 PM
Rinat(Rinat) used a tk_ultra_health_potion 9-2-2020, 10:21:04 PM
Rinat(Rinat) used a tk_ultra_health_potion 9-2-2020, 10:21:28 PM
Rinat(Rinat) used a shield 9-2-2020, 10:21:32 PM
Rinat(Rinat) used a shield 9-2-2020, 10:21:32 PM
Rinat(Rinat) used a tk_ultra_health_potion 9-2-2020, 10:22:04 PM
Rinat(Rinat) used a tk_ultra_health_potion 9-2-2020, 10:22:53 PM
Rinat(Rinat) used a steal_warhammer 9-2-2020, 10:23:18 PM
Rinat(Rinat) used a tk_ultra_health_potion 9-2-2020, 10:25:50 PM
Rinat(Rinat) used a shield 9-2-2020, 10:27:11 PM
Rinat(Rinat) used a shield 9-2-2020, 10:27:11 PM
Rinat(Rinat) used a shield 9-2-2020, 10:27:11 PM
Rinat(Rinat) used a shield 9-2-2020, 10:27:11 PM
Rinat(Rinat) used a shield 9-2-2020, 10:27:11 PM
Rinat(Rinat) used a shield 9-2-2020, 10:27:12 PM
Rinat(Rinat) used a shield 9-2-2020, 10:27:12 PM
Rinat(Rinat) used a shield 9-2-2020, 10:27:12 PM
Rinat(Rinat) used a shield 9-2-2020, 10:27:13 PM
Rinat(Rinat) used a shield 9-2-2020, 10:27:13 PM
Rinat(Rinat) used a shield 9-2-2020, 10:27:13 PM
Rinat(Rinat) used a shield 9-2-2020, 10:27:13 PM
Rinat(Rinat) used a shield 9-2-2020, 10:27:13 PM
Rinat(Rinat) used a shield 9-2-2020, 10:27:14 PM
Rinat(Rinat) used a shield 9-2-2020, 10:27:14 PM
Rinat(Rinat) used a shield 9-2-2020, 10:27:14 PM
Rinat(Rinat) used a shield 9-2-2020, 10:27:14 PM
Rinat(Rinat) used a shield 9-2-2020, 10:27:15 PM
Rinat(Rinat) used a shield 9-2-2020, 10:27:15 PM
Rinat(Rinat) used a shield 9-2-2020, 10:27:15 PM
Rinat(Rinat) used a shield 9-2-2020, 10:27:15 PM
Rinat(Rinat) used a shield 9-2-2020, 10:27:15 PM
Rinat(Rinat) used a shield 9-2-2020, 10:27:15 PM
Rinat(Rinat) used a shield 9-2-2020, 10:27:16 PM
Rinat(Rinat) used a shield 9-2-2020, 10:27:16 PM
Rinat(Rinat) used a shield 9-2-2020, 10:27:16 PM
Rinat(Rinat) used a shield 9-2-2020, 10:27:16 PM
Rinat(Rinat) used a shield 9-2-2020, 10:27:17 PM
Rinat(Rinat) used a shield 9-2-2020, 10:27:17 PM
Rinat(Rinat) used a shield 9-2-2020, 10:27:17 PM
Rinat(Rinat) used a shield 9-2-2020, 10:27:18 PM
Rinat(Rinat) used a shield 9-2-2020, 10:27:18 PM
Rinat(Rinat) used a shield 9-2-2020, 10:27:19 PM
Rinat(Rinat) used a shield 9-2-2020, 10:27:19 PM
Rinat(Rinat) used a shield 9-2-2020, 10:27:20 PM
Rinat(Rinat) used a shield 9-2-2020, 10:27:21 PM
Rinat(Rinat) used a tk_ultra_health_potion 9-2-2020, 10:27:27 PM
Rinat(Rinat) used a tk_ultra_health_potion 9-2-2020, 10:27:45 PM
Rinat(Rinat) used a tk_ultra_health_potion 9-2-2020, 10:28:03 PM
Rinat(Rinat) used a shield 9-2-2020, 10:28:32 PM
Rinat(Rinat) used a shield 9-2-2020, 10:28:32 PM
Rinat(Rinat) used a shield 9-2-2020, 10:28:32 PM
Rinat(Rinat) used a shield 9-2-2020, 10:28:32 PM
Rinat(Rinat) used a shield 9-2-2020, 10:28:33 PM
Rinat(Rinat) used a shield 9-2-2020, 10:28:33 PM
Rinat(Rinat) used a shield 9-2-2020, 10:28:33 PM
Rinat(Rinat) used a shield 9-2-2020, 10:28:33 PM
Rinat(Rinat) used a shield 9-2-2020, 10:28:33 PM
Rinat(Rinat) used a shield 9-2-2020, 10:28:34 PM
Rinat(Rinat) used a shield 9-2-2020, 10:28:34 PM
Rinat(Rinat) used a shield 9-2-2020, 10:28:34 PM
Rinat(Rinat) used a tk_ultra_health_potion 9-2-2020, 10:28:35 PM
Rinat(Rinat) used a tk_ultra_health_potion 9-2-2020, 10:28:50 PM
Rinat(Rinat) used a tk_ultra_health_potion 9-2-2020, 10:29:01 PM
Rinat(Rinat) used a shield 9-2-2020, 10:29:04 PM
Rinat(Rinat) used a tk_ultra_health_potion 9-2-2020, 10:29:05 PM
Rinat(Rinat) used a steal_warhammer 9-2-2020, 10:29:22 PM
Rinat(Rinat) used a steal_warhammer 9-2-2020, 10:29:23 PM
Rinat(Rinat) used a steal_warhammer 9-2-2020, 10:29:24 PM
Rinat(Rinat) used a shield 9-2-2020, 10:30:44 PM
Rinat(Rinat) used a shield 9-2-2020, 10:30:44 PM
Rinat(Rinat) used a shield 9-2-2020, 10:30:44 PM
Rinat(Rinat) used a shield 9-2-2020, 10:30:44 PM
Rinat(Rinat) used a shield 9-2-2020, 10:30:44 PM
Rinat(Rinat) used a shield 9-2-2020, 10:30:45 PM
Rinat(Rinat) used a shield 9-2-2020, 10:30:45 PM
Rinat(Rinat) used a shield 9-2-2020, 10:30:45 PM
Rinat(Rinat) used a shield 9-2-2020, 10:30:45 PM
Rinat(Rinat) used a shield 9-2-2020, 10:30:46 PM
Rinat(Rinat) used a tk_ultra_health_potion 9-2-2020, 10:30:46 PM
Rinat(Rinat) used a tk_ultra_health_potion 9-2-2020, 10:30:56 PM
Rinat(Rinat) used a tk_ultra_health_potion 9-2-2020, 10:31:14 PM
Rinat(Rinat) used a shield 9-2-2020, 10:31:15 PM
Rinat(Rinat) used a tk_ultra_health_potion 9-2-2020, 10:31:55 PM
Rinat(Rinat) used a studded_boots 9-2-2020, 10:33:20 PM
Rinat(Rinat) used a shield 9-2-2020, 10:33:26 PM
Rinat(Rinat) used a tk_ultra_health_potion 9-2-2020, 10:33:27 PM
Rinat(Rinat) used a studded_boots 9-2-2020, 10:35:27 PM
Rinat(Rinat) used a studded_boots 9-2-2020, 10:35:57 PM
Rinat(Rinat) used a studded_boots 9-2-2020, 10:36:07 PM
Rinat(Rinat) used a m79_grenade_launcher 9-2-2020, 10:36:29 PM
Rinat(Rinat) used a m79_grenade_launcher 9-2-2020, 10:36:31 PM
Rinat(Rinat) used a m79_grenade_launcher 9-2-2020, 10:36:32 PM
Rinat(Rinat) used a m79_grenade_launcher 9-2-2020, 10:36:34 PM
Rinat(Rinat) used a m79_grenade_launcher 9-2-2020, 10:36:34 PM
Rinat(Rinat) used a m79_grenade_launcher 9-2-2020, 10:36:36 PM
Rinat(Rinat) used a coin 9-2-2020, 10:36:49 PM
Rinat(Rinat) used a coin 9-2-2020, 10:36:54 PM
Rinat(Rinat) used a shield 9-2-2020, 10:37:11 PM
Rinat(Rinat) used a shield 9-2-2020, 10:37:11 PM
Rinat(Rinat) used a tk_ultra_health_potion 9-2-2020, 10:37:12 PM
Rinat(Rinat) used a tk_ultra_health_potion 9-2-2020, 10:37:13 PM
Rinat(Rinat) used a coin 9-2-2020, 10:38:02 PM
Rinat(Rinat) used a coin 9-2-2020, 10:38:04 PM
Rinat(Rinat) used a coin 9-2-2020, 10:38:10 PM
Rinat(Rinat) used a coin 9-2-2020, 10:38:15 PM
Rinat(Rinat) used a warp_box 9-2-2020, 10:42:55 PM
Rinat(Rinat) used a shield 9-2-2020, 10:43:17 PM
Rinat(Rinat) used a shield 9-2-2020, 10:43:17 PM
Rinat(Rinat) used a shield 9-2-2020, 10:43:17 PM
Rinat(Rinat) used a shield 9-2-2020, 10:43:19 PM
Rinat(Rinat) used a shield 9-2-2020, 10:43:20 PM
Rinat(Rinat) used a shield 9-2-2020, 10:43:20 PM
Rinat(Rinat) used a shield 9-2-2020, 10:43:20 PM
Rinat(Rinat) used a shield 9-2-2020, 10:43:20 PM
Rinat(Rinat) used a shield 9-2-2020, 10:43:20 PM
Rinat(Rinat) used a shield 9-2-2020, 10:43:21 PM
Rinat(Rinat) used a shield 9-2-2020, 10:43:21 PM
Rinat(Rinat) used a shield 9-2-2020, 10:43:21 PM
Rinat(Rinat) used a shield 9-2-2020, 10:43:21 PM
Rinat(Rinat) used a shield 9-2-2020, 10:43:21 PM
Rinat(Rinat) used a shield 9-2-2020, 10:43:22 PM
Rinat(Rinat) used a shield 9-2-2020, 10:43:22 PM
Rinat(Rinat) used a shield 9-2-2020, 10:43:22 PM
Rinat(Rinat) used a shield 9-2-2020, 10:43:22 PM
Rinat(Rinat) used a shield 9-2-2020, 10:43:22 PM
Rinat(Rinat) used a shield 9-2-2020, 10:43:23 PM
Rinat(Rinat) used a shield 9-2-2020, 10:43:23 PM
Rinat(Rinat) used a shield 9-2-2020, 10:43:23 PM
Rinat(Rinat) used a shield 9-2-2020, 10:43:23 PM
Rinat(Rinat) used a shield 9-2-2020, 10:43:23 PM
Rinat(Rinat) used a shield 9-2-2020, 10:43:24 PM
Rinat(Rinat) used a shield 9-2-2020, 10:43:24 PM
Rinat(Rinat) used a shield 9-2-2020, 10:43:24 PM
Rinat(Rinat) used a shield 9-2-2020, 10:43:24 PM
Rinat(Rinat) used a shield 9-2-2020, 10:43:24 PM
Rinat(Rinat) used a shield 9-2-2020, 10:43:25 PM
Rinat(Rinat) used a tk_ultra_health_potion 9-2-2020, 10:43:28 PM
Rinat(Rinat) used a shield 9-2-2020, 10:47:27 PM
Rinat(Rinat) used a shield 9-2-2020, 10:47:27 PM
Rinat(Rinat) used a shield 9-2-2020, 10:47:27 PM
Rinat(Rinat) used a shield 9-2-2020, 10:47:27 PM
Rinat(Rinat) used a shield 9-2-2020, 10:47:27 PM
Rinat(Rinat) used a shield 9-2-2020, 10:47:27 PM
Rinat(Rinat) used a shield 9-2-2020, 10:47:28 PM
Rinat(Rinat) used a shield 9-2-2020, 10:47:28 PM
Rinat(Rinat) used a shield 9-2-2020, 10:47:54 PM
Rinat(Rinat) used a shield 9-2-2020, 10:47:54 PM
Rinat(Rinat) used a shield 9-2-2020, 10:47:55 PM
Rinat(Rinat) used a shield 9-2-2020, 10:47:55 PM
Rinat(Rinat) used a shield 9-2-2020, 10:47:55 PM
Rinat(Rinat) used a shield 9-2-2020, 10:47:55 PM
Rinat(Rinat) used a shield 9-2-2020, 10:47:56 PM
Rinat(Rinat) used a shield 9-2-2020, 10:47:56 PM
Rinat(Rinat) used a shield 9-2-2020, 10:47:56 PM
Rinat(Rinat) used a shield 9-2-2020, 10:47:56 PM
Rinat(Rinat) used a shield 9-2-2020, 10:47:57 PM
Rinat(Rinat) used a shield 9-2-2020, 10:47:57 PM
Rinat(Rinat) used a shield 9-2-2020, 10:47:58 PM
Rinat(Rinat) used a tk_ultra_health_potion 9-2-2020, 10:47:58 PM
Rinat(Rinat) used a shield 9-2-2020, 10:47:59 PM
Rinat(Rinat) used a shield 9-2-2020, 10:47:59 PM
Rinat(Rinat) used a shield 9-2-2020, 10:48:03 PM
Rinat(Rinat) used a police_car 9-2-2020, 10:48:59 PM
Rinat(Rinat) used a police_car 9-2-2020, 10:49:02 PM
Rinat(Rinat) used a police_car 9-2-2020, 10:49:04 PM
Rinat(Rinat) used a antibiotic_pack 9-2-2020, 10:49:11 PM
Rinat(Rinat) used a security_bomb 9-2-2020, 10:49:21 PM
Rinat(Rinat) used a tk_ultra_health_potion 9-2-2020, 10:49:29 PM
Rinat(Rinat) used a studded_boots 9-2-2020, 10:49:35 PM
Rinat(Rinat) used a studded_boots 9-2-2020, 10:49:36 PM
Rinat(Rinat) used a gauss 9-2-2020, 10:49:41 PM
Rinat(Rinat) used a gauss 9-2-2020, 10:49:42 PM
Rinat(Rinat) used a gauss 9-2-2020, 10:49:42 PM
Rinat(Rinat) used a gauss 9-2-2020, 10:49:44 PM
Rinat(Rinat) used a gauss 9-2-2020, 10:49:45 PM
Rinat(Rinat) used a hand_cannon 9-2-2020, 10:49:49 PM
Rinat(Rinat) used a hand_cannon 9-2-2020, 10:49:53 PM
Rinat(Rinat) used a gauss 9-2-2020, 10:50:03 PM
Rinat(Rinat) used a shield 9-2-2020, 10:50:32 PM
Rinat(Rinat) used a shield 9-2-2020, 10:50:32 PM
Rinat(Rinat) used a shield 9-2-2020, 10:50:33 PM
Rinat(Rinat) used a shield 9-2-2020, 10:50:33 PM
Rinat(Rinat) used a shield 9-2-2020, 10:50:33 PM