
blindgamers14(mack_o_s) used a rocket_launcher 2-8-2021, 4:53:11 AM
blindgamers14(mack_o_s) used a tk_ultra_health_potion 2-8-2021, 4:53:15 AM
blindgamers14(mack_o_s) used a tk_ultra_health_potion 2-8-2021, 4:53:15 AM
blindgamers14(mack_o_s) used a tk_ultra_health_potion 2-8-2021, 4:53:15 AM
blindgamers14(mack_o_s) used a tk_ultra_health_potion 2-8-2021, 4:53:16 AM
blindgamers14(mack_o_s) used a health_drink 2-8-2021, 4:53:17 AM
blindgamers14(mack_o_s) used a health_drink 2-8-2021, 4:53:18 AM
blindgamers14(mack_o_s) used a armored_tank 2-8-2021, 4:55:04 AM
blindgamers14(mack_o_s) used a armored_tank 2-8-2021, 4:55:05 AM
blindgamers14(mack_o_s) used a police_car 2-8-2021, 4:56:10 AM
blindgamers14(mack_o_s) used a police_car 2-8-2021, 4:56:11 AM
blindgamers14(mack_o_s) used a police_car 2-8-2021, 4:56:11 AM
blindgamers14(mack_o_s) used a police_car 2-8-2021, 4:56:11 AM
blindgamers14(mack_o_s) used a tk_ultra_health_potion 2-8-2021, 4:56:25 AM
blindgamers14(mack_o_s) used a tk_ultra_health_potion 2-8-2021, 4:56:25 AM
blindgamers14(mack_o_s) used a tk_ultra_health_potion 2-8-2021, 4:56:25 AM
blindgamers14(mack_o_s) used a police_car 2-8-2021, 4:56:35 AM
blindgamers14(mack_o_s) used a police_car 2-8-2021, 4:56:35 AM
blindgamers14(mack_o_s) used a police_car 2-8-2021, 4:56:35 AM
blindgamers14(mack_o_s) used a police_car 2-8-2021, 4:56:36 AM
blindgamers14(mack_o_s) used a police_car 2-8-2021, 4:56:38 AM
blindgamers14(mack_o_s) used a police_car 2-8-2021, 4:56:38 AM
blindgamers14(mack_o_s) used a police_car 2-8-2021, 4:56:39 AM
blindgamers14(mack_o_s) used a police_car 2-8-2021, 4:56:39 AM
blindgamers14(mack_o_s) used a police_car 2-8-2021, 4:56:39 AM
blindgamers14(mack_o_s) used a police_car 2-8-2021, 4:56:40 AM
blindgamers14(mack_o_s) used a police_car 2-8-2021, 4:56:40 AM
blindgamers14(mack_o_s) used a police_car 2-8-2021, 4:56:40 AM
blindgamers14(mack_o_s) used a police_car 2-8-2021, 4:56:44 AM
blindgamers14(mack_o_s) used a police_car 2-8-2021, 4:56:44 AM
blindgamers14(mack_o_s) used a police_car 2-8-2021, 4:56:45 AM
blindgamers14(mack_o_s) used a police_car 2-8-2021, 4:56:45 AM
blindgamers14(mack_o_s) used a police_car 2-8-2021, 4:56:45 AM
blindgamers14(mack_o_s) used a health_drink 2-8-2021, 4:56:56 AM
blindgamers14(mack_o_s) used a health_drink 2-8-2021, 4:57:01 AM
blindgamers14(mack_o_s) used a health_drink 2-8-2021, 4:57:01 AM
blindgamers14(mack_o_s) used a metal 2-8-2021, 4:57:59 AM
blindgamers14(mack_o_s) used a armored_tank 2-8-2021, 4:58:14 AM
blindgamers14(mack_o_s) used a armored_tank 2-8-2021, 4:58:14 AM
blindgamers14(mack_o_s) used a armored_tank 2-8-2021, 4:58:15 AM
blindgamers14(mack_o_s) used a mega_suicider 2-8-2021, 4:58:49 AM
blindgamers14(mack_o_s) used a aircraft 2-8-2021, 5:00:15 AM
blindgamers14(mack_o_s) used a aircraft 2-8-2021, 5:00:16 AM
blindgamers14(mack_o_s) used a aircraft 2-8-2021, 5:00:16 AM
blindgamers14(mack_o_s) used a aircraft 2-8-2021, 5:00:17 AM
blindgamers14(mack_o_s) used a aircraft 2-8-2021, 5:00:17 AM
blindgamers14(mack_o_s) used a tk_ultra_health_potion 2-8-2021, 5:01:19 AM
blindgamers14(mack_o_s) used a suicide_bomb 2-8-2021, 5:01:19 AM
blindgamers14(mack_o_s) used a mega_suicider 2-8-2021, 5:01:35 AM
blindgamers14(mack_o_s) used a ags30 2-8-2021, 5:02:44 AM
blindgamers14(mack_o_s) used a tk_ultra_health_potion 2-8-2021, 5:02:45 AM
blindgamers14(mack_o_s) used a tk_ultra_health_potion 2-8-2021, 5:02:45 AM
blindgamers14(mack_o_s) used a health_drink 2-8-2021, 5:03:01 AM
blindgamers14(mack_o_s) used a armored_tank 2-8-2021, 5:56:59 AM
blindgamers14(mack_o_s) used a armored_tank 2-8-2021, 5:56:59 AM
blindgamers14(mack_o_s) used a armored_tank 2-8-2021, 5:56:59 AM
blindgamers14(mack_o_s) used a sky_436_mine 2-8-2021, 5:57:53 AM
blindgamers14(mack_o_s) used a sky_436_mine 2-8-2021, 5:57:53 AM
blindgamers14(mack_o_s) used a sky_436_mine 2-8-2021, 5:57:54 AM
blindgamers14(mack_o_s) used a sky_436_mine 2-8-2021, 5:57:55 AM
blindgamers14(mack_o_s) used a sky_436_mine 2-8-2021, 5:57:55 AM
blindgamers14(mack_o_s) used a sky_436_mine 2-8-2021, 5:57:55 AM
blindgamers14(mack_o_s) used a sky_436_mine 2-8-2021, 5:57:57 AM
blindgamers14(mack_o_s) used a sky_436_mine 2-8-2021, 5:57:57 AM
blindgamers14(mack_o_s) used a sky_436_mine 2-8-2021, 5:57:58 AM
blindgamers14(mack_o_s) used a sky_436_mine 2-8-2021, 5:57:58 AM
blindgamers14(mack_o_s) used a sky_436_mine 2-8-2021, 5:57:58 AM
blindgamers14(mack_o_s) used a sky_436_mine 2-8-2021, 5:57:58 AM
blindgamers14(mack_o_s) used a armored_tank 2-8-2021, 5:58:20 AM
blindgamers14(mack_o_s) used a armored_tank 2-8-2021, 5:58:20 AM
blindgamers14(mack_o_s) used a carrier_missile 2-8-2021, 5:58:26 AM
blindgamers14(mack_o_s) used a tk_ultra_health_potion 2-8-2021, 5:59:05 AM
blindgamers14(mack_o_s) used a tk_ultra_health_potion 2-8-2021, 5:59:06 AM
blindgamers14(mack_o_s) used a tk_ultra_health_potion 2-8-2021, 5:59:06 AM
blindgamers14(mack_o_s) used a tk_ultra_health_potion 2-8-2021, 5:59:23 AM
blindgamers14(mack_o_s) used a tk_ultra_health_potion 2-8-2021, 5:59:23 AM
blindgamers14(mack_o_s) used a rocket_launcher 2-8-2021, 5:59:37 AM
blindgamers14(mack_o_s) used a fight_inviter 2-8-2021, 6:01:16 AM
blindgamers14(mack_o_s) used a antibiotic 2-8-2021, 6:01:25 AM
blindgamers14(mack_o_s) used a armored_tank 2-8-2021, 6:01:29 AM
blindgamers14(mack_o_s) used a fight_inviter 2-8-2021, 6:01:36 AM
blindgamers14(mack_o_s) used a fight_inviter 2-8-2021, 6:01:37 AM
blindgamers14(mack_o_s) used a fight_inviter 2-8-2021, 6:01:47 AM
blindgamers14(mack_o_s) used a fight_inviter 2-8-2021, 6:01:47 AM
blindgamers14(mack_o_s) used a fight_inviter 2-8-2021, 6:01:47 AM
blindgamers14(mack_o_s) used a fight_inviter 2-8-2021, 6:01:48 AM
blindgamers14(mack_o_s) used a fight_inviter 2-8-2021, 6:01:48 AM
blindgamers14(mack_o_s) used a fight_inviter 2-8-2021, 6:01:49 AM
blindgamers14(mack_o_s) used a fight_inviter 2-8-2021, 6:01:49 AM
blindgamers14(mack_o_s) used a fight_inviter 2-8-2021, 6:01:49 AM
blindgamers14(mack_o_s) used a fight_inviter 2-8-2021, 6:01:49 AM
blindgamers14(mack_o_s) used a fight_inviter 2-8-2021, 6:01:56 AM
blindgamers14(mack_o_s) used a fight_inviter 2-8-2021, 6:01:56 AM
blindgamers14(mack_o_s) used a fight_inviter 2-8-2021, 6:01:57 AM
blindgamers14(mack_o_s) used a fight_inviter 2-8-2021, 6:01:57 AM
blindgamers14(mack_o_s) used a fight_inviter 2-8-2021, 6:01:57 AM
blindgamers14(mack_o_s) used a fight_inviter 2-8-2021, 6:01:57 AM
blindgamers14(mack_o_s) used a fight_inviter 2-8-2021, 6:02:01 AM
blindgamers14(mack_o_s) used a fight_inviter 2-8-2021, 6:02:01 AM
blindgamers14(mack_o_s) used a fight_inviter 2-8-2021, 6:02:02 AM
blindgamers14(mack_o_s) used a fight_inviter 2-8-2021, 6:02:02 AM
blindgamers14(mack_o_s) used a fight_inviter 2-8-2021, 6:02:03 AM
blindgamers14(mack_o_s) used a fight_inviter 2-8-2021, 6:02:03 AM
blindgamers14(mack_o_s) used a fight_inviter 2-8-2021, 6:02:03 AM
blindgamers14(mack_o_s) used a fight_inviter 2-8-2021, 6:02:03 AM
blindgamers14(mack_o_s) used a fight_inviter 2-8-2021, 6:02:04 AM
blindgamers14(mack_o_s) used a fight_inviter 2-8-2021, 6:02:04 AM
blindgamers14(mack_o_s) used a fight_inviter 2-8-2021, 6:02:05 AM
blindgamers14(mack_o_s) used a fight_inviter 2-8-2021, 6:02:05 AM
blindgamers14(mack_o_s) used a fight_inviter 2-8-2021, 6:02:05 AM
blindgamers14(mack_o_s) used a fight_inviter 2-8-2021, 6:02:05 AM
blindgamers14(mack_o_s) used a fight_inviter 2-8-2021, 6:02:05 AM
blindgamers14(mack_o_s) used a fight_inviter 2-8-2021, 6:02:06 AM
blindgamers14(mack_o_s) used a fight_inviter 2-8-2021, 6:02:06 AM
blindgamers14(mack_o_s) used a fight_inviter 2-8-2021, 6:02:06 AM
blindgamers14(mack_o_s) used a fight_inviter 2-8-2021, 6:02:06 AM
blindgamers14(mack_o_s) used a fight_inviter 2-8-2021, 6:02:06 AM
blindgamers14(mack_o_s) used a fight_inviter 2-8-2021, 6:02:07 AM
blindgamers14(mack_o_s) used a fight_inviter 2-8-2021, 6:02:07 AM
blindgamers14(mack_o_s) used a fight_inviter 2-8-2021, 6:02:07 AM
blindgamers14(mack_o_s) used a fight_inviter 2-8-2021, 6:02:07 AM
blindgamers14(mack_o_s) used a fight_inviter 2-8-2021, 6:02:08 AM
blindgamers14(mack_o_s) used a fight_inviter 2-8-2021, 6:02:08 AM
blindgamers14(mack_o_s) used a fight_inviter 2-8-2021, 6:02:08 AM
blindgamers14(mack_o_s) used a fight_inviter 2-8-2021, 6:02:08 AM
blindgamers14(mack_o_s) used a fight_inviter 2-8-2021, 6:02:09 AM
blindgamers14(mack_o_s) used a fight_inviter 2-8-2021, 6:02:09 AM
blindgamers14(mack_o_s) used a fight_inviter 2-8-2021, 6:02:09 AM
blindgamers14(mack_o_s) used a fight_inviter 2-8-2021, 6:02:09 AM
blindgamers14(mack_o_s) used a fight_inviter 2-8-2021, 6:02:10 AM
blindgamers14(mack_o_s) used a fight_inviter 2-8-2021, 6:02:10 AM
blindgamers14(mack_o_s) used a fight_inviter 2-8-2021, 6:02:10 AM
blindgamers14(mack_o_s) used a fight_inviter 2-8-2021, 6:02:10 AM
blindgamers14(mack_o_s) used a fight_inviter 2-8-2021, 6:02:10 AM
blindgamers14(mack_o_s) used a fight_inviter 2-8-2021, 6:02:11 AM
blindgamers14(mack_o_s) used a fight_inviter 2-8-2021, 6:02:11 AM
blindgamers14(mack_o_s) used a fight_inviter 2-8-2021, 6:02:11 AM
blindgamers14(mack_o_s) used a fight_inviter 2-8-2021, 6:02:11 AM
blindgamers14(mack_o_s) used a fight_inviter 2-8-2021, 6:02:12 AM
blindgamers14(mack_o_s) used a fight_inviter 2-8-2021, 6:02:12 AM
blindgamers14(mack_o_s) used a fight_inviter 2-8-2021, 6:02:12 AM
blindgamers14(mack_o_s) used a fight_inviter 2-8-2021, 6:02:12 AM
blindgamers14(mack_o_s) used a fight_inviter 2-8-2021, 6:02:13 AM
blindgamers14(mack_o_s) used a fight_inviter 2-8-2021, 6:02:14 AM
blindgamers14(mack_o_s) used a fight_inviter 2-8-2021, 6:02:14 AM
blindgamers14(mack_o_s) used a fight_inviter 2-8-2021, 6:02:14 AM
blindgamers14(mack_o_s) used a fight_inviter 2-8-2021, 6:02:15 AM
blindgamers14(mack_o_s) used a fight_inviter 2-8-2021, 6:02:15 AM
blindgamers14(mack_o_s) used a fight_inviter 2-8-2021, 6:02:15 AM
blindgamers14(mack_o_s) used a fight_inviter 2-8-2021, 6:02:16 AM
blindgamers14(mack_o_s) used a fight_inviter 2-8-2021, 6:02:17 AM
blindgamers14(mack_o_s) used a fight_inviter 2-8-2021, 6:02:17 AM
blindgamers14(mack_o_s) used a fight_inviter 2-8-2021, 6:02:19 AM
blindgamers14(mack_o_s) used a fight_inviter 2-8-2021, 6:02:35 AM
blindgamers14(mack_o_s) used a fight_inviter 2-8-2021, 6:02:35 AM
blindgamers14(mack_o_s) used a fight_inviter 2-8-2021, 6:02:36 AM
blindgamers14(mack_o_s) used a fight_inviter 2-8-2021, 6:02:37 AM
blindgamers14(mack_o_s) used a fight_inviter 2-8-2021, 6:02:37 AM
blindgamers14(mack_o_s) used a fight_inviter 2-8-2021, 6:02:37 AM
blindgamers14(mack_o_s) used a fight_inviter 2-8-2021, 6:02:37 AM
blindgamers14(mack_o_s) used a fight_inviter 2-8-2021, 6:02:37 AM
blindgamers14(mack_o_s) used a fight_inviter 2-8-2021, 6:02:37 AM
blindgamers14(mack_o_s) used a fight_inviter 2-8-2021, 6:02:38 AM
blindgamers14(mack_o_s) used a fight_inviter 2-8-2021, 6:02:38 AM
blindgamers14(mack_o_s) used a armored_tank 2-8-2021, 6:03:28 AM
blindgamers14(mack_o_s) used a suicide_bomb 2-8-2021, 6:03:30 AM
blindgamers14(mack_o_s) used a suicide_bomb 2-8-2021, 6:03:30 AM
blindgamers14(mack_o_s) used a suicide_bomb 2-8-2021, 6:03:30 AM
blindgamers14(mack_o_s) used a rocket_launcher 2-8-2021, 6:03:51 AM
blindgamers14(mack_o_s) used a rocket_launcher 2-8-2021, 6:03:53 AM
blindgamers14(mack_o_s) used a tk_ultra_health_potion 2-8-2021, 6:03:55 AM
blindgamers14(mack_o_s) used a tk_ultra_health_potion 2-8-2021, 6:03:55 AM
blindgamers14(mack_o_s) used a tk_ultra_health_potion 2-8-2021, 6:03:56 AM
blindgamers14(mack_o_s) used a health_drink 2-8-2021, 6:03:57 AM
blindgamers14(mack_o_s) used a health_drink 2-8-2021, 6:03:57 AM
blindgamers14(mack_o_s) used a health_drink 2-8-2021, 6:03:58 AM
blindgamers14(mack_o_s) used a tk_ultra_health_potion 2-8-2021, 6:05:08 AM
blindgamers14(mack_o_s) used a tk_ultra_health_potion 2-8-2021, 6:05:08 AM
blindgamers14(mack_o_s) used a health_drink 2-8-2021, 6:06:22 AM
blindgamers14(mack_o_s) used a health_drink 2-8-2021, 6:06:22 AM
blindgamers14(mack_o_s) used a health_drink 2-8-2021, 6:07:13 AM
blindgamers14(mack_o_s) used a health_drink 2-8-2021, 6:07:13 AM
blindgamers14(mack_o_s) used a the_legendary_sword 2-8-2021, 6:07:36 AM
blindgamers14(mack_o_s) used a tk_ultra_health_potion 2-8-2021, 6:07:41 AM
blindgamers14(mack_o_s) used a tk_ultra_health_potion 2-8-2021, 6:07:42 AM
blindgamers14(mack_o_s) used a health_drink 2-8-2021, 6:08:07 AM
blindgamers14(mack_o_s) used a health_drink 2-8-2021, 6:08:07 AM
blindgamers14(mack_o_s) used a health_drink 2-8-2021, 6:08:08 AM
blindgamers14(mack_o_s) used a health_drink 2-8-2021, 6:08:13 AM
blindgamers14(mack_o_s) used a health_drink 2-8-2021, 6:08:13 AM
blindgamers14(mack_o_s) used a health_drink 2-8-2021, 6:08:15 AM
blindgamers14(mack_o_s) used a health_drink 2-8-2021, 6:08:16 AM
blindgamers14(mack_o_s) used a health_drink 2-8-2021, 6:08:21 AM
blindgamers14(mack_o_s) used a health_drink 2-8-2021, 6:08:21 AM
blindgamers14(mack_o_s) used a health_drink 2-8-2021, 6:10:07 AM
blindgamers14(mack_o_s) used a health_drink 2-8-2021, 6:10:07 AM
blindgamers14(mack_o_s) used a health_drink 2-8-2021, 6:10:08 AM
blindgamers14(mack_o_s) used a health_drink 2-8-2021, 6:10:11 AM
blindgamers14(mack_o_s) used a health_drink 2-8-2021, 6:10:11 AM
blindgamers14(mack_o_s) used a health_drink 2-8-2021, 6:10:16 AM
blindgamers14(mack_o_s) used a health_drink 2-8-2021, 6:10:16 AM
blindgamers14(mack_o_s) used a health_drink 2-8-2021, 6:10:19 AM
blindgamers14(mack_o_s) used a health_drink 2-8-2021, 6:10:19 AM
blindgamers14(mack_o_s) used a carrier_missile 2-8-2021, 6:11:53 AM
blindgamers14(mack_o_s) used a tk_ultra_health_potion 2-8-2021, 6:12:07 AM
blindgamers14(mack_o_s) used a tk_ultra_health_potion 2-8-2021, 6:12:07 AM
blindgamers14(mack_o_s) used a health_drink 2-8-2021, 6:12:09 AM
blindgamers14(mack_o_s) used a health_drink 2-8-2021, 6:12:09 AM
blindgamers14(mack_o_s) used a health_drink 2-8-2021, 6:12:10 AM
blindgamers14(mack_o_s) used a health_drink 2-8-2021, 6:12:10 AM
blindgamers14(mack_o_s) used a health_drink 2-8-2021, 6:12:10 AM
blindgamers14(mack_o_s) used a health_drink 2-8-2021, 6:12:11 AM
blindgamers14(mack_o_s) used a health_drink 2-8-2021, 6:12:18 AM
blindgamers14(mack_o_s) used a health_drink 2-8-2021, 6:12:18 AM
blindgamers14(mack_o_s) used a health_drink 2-8-2021, 6:12:30 AM
blindgamers14(mack_o_s) used a health_drink 2-8-2021, 6:12:30 AM
blindgamers14(mack_o_s) used a remote_gun 2-8-2021, 6:13:01 AM
blindgamers14(mack_o_s) used a remote_gun 2-8-2021, 6:13:08 AM
blindgamers14(mack_o_s) used a remote_gun 2-8-2021, 6:13:11 AM
blindgamers14(mack_o_s) used a carrier_missile 2-8-2021, 6:13:24 AM
blindgamers14(mack_o_s) used a carrier_missile 2-8-2021, 6:13:32 AM
blindgamers14(mack_o_s) used a remote_gun 2-8-2021, 6:13:56 AM
blindgamers14(mack_o_s) used a remote_gun 2-8-2021, 6:14:16 AM
blindgamers14(mack_o_s) used a remote_gun 2-8-2021, 6:14:26 AM
blindgamers14(mack_o_s) used a remote_gun 2-8-2021, 6:14:38 AM
blindgamers14(mack_o_s) used a remote_gun 2-8-2021, 6:14:38 AM
blindgamers14(mack_o_s) used a turret 2-8-2021, 6:14:53 AM
blindgamers14(mack_o_s) used a fight_inviter 2-8-2021, 6:15:13 AM
blindgamers14(mack_o_s) used a tk_ultra_health_potion 2-8-2021, 10:30:11 AM
blindgamers14(mack_o_s) used a tk_ultra_health_potion 2-8-2021, 10:30:11 AM
blindgamers14(mack_o_s) used a armored_tank 2-8-2021, 10:30:27 AM
blindgamers14(mack_o_s) used a armored_tank 2-8-2021, 10:30:28 AM
blindgamers14(mack_o_s) used a armored_tank 2-8-2021, 10:30:28 AM
blindgamers14(mack_o_s) used a mass_bomb 2-8-2021, 10:30:31 AM
blindgamers14(mack_o_s) used a mass_bomb 2-8-2021, 10:30:32 AM
blindgamers14(mack_o_s) used a mass_bomb 2-8-2021, 10:30:32 AM
blindgamers14(mack_o_s) used a mass_bomb 2-8-2021, 10:30:32 AM
blindgamers14(mack_o_s) used a mass_bomb 2-8-2021, 10:30:33 AM
blindgamers14(mack_o_s) used a mass_bomb 2-8-2021, 10:30:33 AM
blindgamers14(mack_o_s) used a mass_bomb 2-8-2021, 10:30:33 AM
blindgamers14(mack_o_s) used a mass_bomb 2-8-2021, 10:30:35 AM
blindgamers14(mack_o_s) used a mass_bomb 2-8-2021, 10:30:35 AM
blindgamers14(mack_o_s) used a mass_bomb 2-8-2021, 10:30:35 AM
blindgamers14(mack_o_s) used a mass_bomb 2-8-2021, 10:30:35 AM
blindgamers14(mack_o_s) used a mass_bomb 2-8-2021, 10:30:36 AM
blindgamers14(mack_o_s) used a mass_bomb 2-8-2021, 10:30:37 AM
blindgamers14(mack_o_s) used a mass_bomb 2-8-2021, 10:30:37 AM
blindgamers14(mack_o_s) used a mass_bomb 2-8-2021, 10:30:37 AM
blindgamers14(mack_o_s) used a mass_bomb 2-8-2021, 10:30:37 AM
blindgamers14(mack_o_s) used a mass_bomb 2-8-2021, 10:30:38 AM
blindgamers14(mack_o_s) used a mass_bomb 2-8-2021, 10:30:38 AM
blindgamers14(mack_o_s) used a suicide_bomb 2-8-2021, 10:30:39 AM
blindgamers14(mack_o_s) used a suicide_bomb 2-8-2021, 10:30:39 AM
blindgamers14(mack_o_s) used a tk_ultra_health_potion 2-8-2021, 10:31:15 AM
blindgamers14(mack_o_s) used a tk_ultra_health_potion 2-8-2021, 10:31:15 AM
blindgamers14(mack_o_s) used a rpg7 2-8-2021, 10:31:25 AM
blindgamers14(mack_o_s) used a police_car 2-8-2021, 10:32:47 AM
blindgamers14(mack_o_s) used a tk_ultra_health_potion 2-8-2021, 10:32:57 AM
blindgamers14(mack_o_s) used a tk_ultra_health_potion 2-8-2021, 10:32:57 AM
blindgamers14(mack_o_s) used a tk_ultra_health_potion 2-8-2021, 10:33:15 AM
blindgamers14(mack_o_s) used a shield 2-8-2021, 10:33:17 AM
blindgamers14(mack_o_s) used a shield 2-8-2021, 10:33:17 AM
blindgamers14(mack_o_s) used a shield 2-8-2021, 10:33:17 AM
blindgamers14(mack_o_s) used a shield 2-8-2021, 10:33:18 AM
blindgamers14(mack_o_s) used a shield 2-8-2021, 10:33:18 AM
blindgamers14(mack_o_s) used a shield 2-8-2021, 10:33:18 AM
blindgamers14(mack_o_s) used a shield 2-8-2021, 10:33:18 AM
blindgamers14(mack_o_s) used a shield 2-8-2021, 10:33:18 AM
blindgamers14(mack_o_s) used a shield 2-8-2021, 10:33:18 AM
blindgamers14(mack_o_s) used a shield 2-8-2021, 10:33:18 AM
blindgamers14(mack_o_s) used a shield 2-8-2021, 10:33:18 AM
blindgamers14(mack_o_s) used a shield 2-8-2021, 10:33:19 AM
blindgamers14(mack_o_s) used a shield 2-8-2021, 10:33:19 AM
blindgamers14(mack_o_s) used a shield 2-8-2021, 10:33:19 AM
blindgamers14(mack_o_s) used a shield 2-8-2021, 10:33:19 AM
blindgamers14(mack_o_s) used a shield 2-8-2021, 10:33:20 AM
blindgamers14(mack_o_s) used a shield 2-8-2021, 10:33:20 AM
blindgamers14(mack_o_s) used a shield 2-8-2021, 10:33:20 AM
blindgamers14(mack_o_s) used a shield 2-8-2021, 10:33:20 AM
blindgamers14(mack_o_s) used a shield 2-8-2021, 10:33:20 AM
blindgamers14(mack_o_s) used a shield 2-8-2021, 10:33:20 AM
blindgamers14(mack_o_s) used a shield 2-8-2021, 10:33:20 AM
blindgamers14(mack_o_s) used a shield 2-8-2021, 10:33:20 AM
blindgamers14(mack_o_s) used a shield 2-8-2021, 10:33:21 AM
blindgamers14(mack_o_s) used a shield 2-8-2021, 10:33:21 AM
blindgamers14(mack_o_s) used a shield 2-8-2021, 10:33:21 AM
blindgamers14(mack_o_s) used a shield 2-8-2021, 10:33:21 AM
blindgamers14(mack_o_s) used a shield 2-8-2021, 10:33:22 AM
blindgamers14(mack_o_s) used a shield 2-8-2021, 10:33:22 AM
blindgamers14(mack_o_s) used a tk_ultra_health_potion 2-8-2021, 10:33:25 AM
blindgamers14(mack_o_s) used a tk_ultra_health_potion 2-8-2021, 10:33:29 AM
blindgamers14(mack_o_s) used a tk_ultra_health_potion 2-8-2021, 10:33:29 AM
blindgamers14(mack_o_s) used a police_car 2-8-2021, 10:33:39 AM
blindgamers14(mack_o_s) used a police_car 2-8-2021, 10:33:42 AM
blindgamers14(mack_o_s) used a police_car 2-8-2021, 10:33:42 AM
blindgamers14(mack_o_s) used a police_car 2-8-2021, 10:33:42 AM
blindgamers14(mack_o_s) used a police_car 2-8-2021, 10:33:42 AM
blindgamers14(mack_o_s) used a police_car 2-8-2021, 10:33:43 AM
blindgamers14(mack_o_s) used a police_car 2-8-2021, 10:33:43 AM
blindgamers14(mack_o_s) used a police_car 2-8-2021, 10:33:43 AM
blindgamers14(mack_o_s) used a armored_tank 2-8-2021, 10:33:45 AM
blindgamers14(mack_o_s) used a armored_tank 2-8-2021, 10:33:45 AM
blindgamers14(mack_o_s) used a armored_tank 2-8-2021, 10:33:45 AM
blindgamers14(mack_o_s) used a armored_tank 2-8-2021, 10:33:46 AM
blindgamers14(mack_o_s) used a empty_beer_bottle 2-8-2021, 10:34:11 AM
blindgamers14(mack_o_s) used a empty_beer_bottle 2-8-2021, 10:34:19 AM
blindgamers14(mack_o_s) used a empty_beer_bottle 2-8-2021, 10:34:20 AM
blindgamers14(mack_o_s) used a empty_beer_bottle 2-8-2021, 10:34:20 AM
blindgamers14(mack_o_s) used a empty_beer_bottle 2-8-2021, 10:34:20 AM
blindgamers14(mack_o_s) used a health_drink 2-8-2021, 10:34:58 AM
blindgamers14(mack_o_s) used a health_drink 2-8-2021, 10:34:58 AM
blindgamers14(mack_o_s) used a health_drink 2-8-2021, 10:34:59 AM
blindgamers14(mack_o_s) used a health_drink 2-8-2021, 10:34:59 AM
blindgamers14(mack_o_s) used a mega_suicider 2-8-2021, 10:35:05 AM
blindgamers14(mack_o_s) used a tk_ultra_health_potion 2-8-2021, 10:35:18 AM
blindgamers14(mack_o_s) used a tk_ultra_health_potion 2-8-2021, 10:35:18 AM
blindgamers14(mack_o_s) used a mega_suicider 2-8-2021, 10:35:37 AM
blindgamers14(mack_o_s) used a tk_ultra_health_potion 2-8-2021, 11:29:31 AM
blindgamers14(mack_o_s) used a tk_ultra_health_potion 2-8-2021, 11:29:31 AM
blindgamers14(mack_o_s) used a the_legendary_sword 2-8-2021, 11:30:07 AM
blindgamers14(mack_o_s) used a shield 2-8-2021, 11:30:12 AM
blindgamers14(mack_o_s) used a tk_ultra_health_potion 2-8-2021, 11:30:13 AM
blindgamers14(mack_o_s) used a tk_ultra_health_potion 2-8-2021, 11:30:13 AM
blindgamers14(mack_o_s) used a rocket_launcher 2-8-2021, 11:31:27 AM
blindgamers14(mack_o_s) used a armored_tank 2-8-2021, 11:36:14 AM
blindgamers14(mack_o_s) used a armored_tank 2-8-2021, 11:36:14 AM
blindgamers14(mack_o_s) used a armored_tank 2-8-2021, 11:36:15 AM
blindgamers14(mack_o_s) used a armored_tank 2-8-2021, 11:36:15 AM
blindgamers14(mack_o_s) used a armored_tank 2-8-2021, 11:36:15 AM
blindgamers14(mack_o_s) used a armored_tank 2-8-2021, 11:36:16 AM
blindgamers14(mack_o_s) used a suicide_bomb 2-8-2021, 11:38:09 AM
blindgamers14(mack_o_s) used a suicide_bomb 2-8-2021, 11:38:10 AM
blindgamers14(mack_o_s) used a suicide_bomb 2-8-2021, 11:38:19 AM
blindgamers14(mack_o_s) used a suicide_bomb 2-8-2021, 11:38:20 AM
blindgamers14(mack_o_s) used a tk_ultra_health_potion 2-8-2021, 11:50:58 AM
blindgamers14(mack_o_s) used a tk_ultra_health_potion 2-8-2021, 11:50:59 AM
blindgamers14(mack_o_s) used a rpg7 2-8-2021, 11:51:35 AM
blindgamers14(mack_o_s) used a tk_ultra_health_potion 2-8-2021, 11:51:36 AM
blindgamers14(mack_o_s) used a tk_ultra_health_potion 2-8-2021, 11:51:37 AM
blindgamers14(mack_o_s) used a armored_tank 2-8-2021, 11:54:37 AM
blindgamers14(mack_o_s) used a stp429_mini_missile 2-8-2021, 11:55:29 AM
blindgamers14(mack_o_s) used a stp429_mini_missile 2-8-2021, 11:55:29 AM
blindgamers14(mack_o_s) used a stp429_mini_missile 2-8-2021, 11:55:29 AM
blindgamers14(mack_o_s) used a stp429_mini_missile 2-8-2021, 11:55:29 AM
blindgamers14(mack_o_s) used a stp429_mini_missile 2-8-2021, 11:55:30 AM
blindgamers14(mack_o_s) used a stp429_mini_missile 2-8-2021, 11:55:34 AM
blindgamers14(mack_o_s) used a stp429_mini_missile 2-8-2021, 11:55:35 AM
blindgamers14(mack_o_s) used a stp429_mini_missile 2-8-2021, 11:55:35 AM
blindgamers14(mack_o_s) used a stp429_mini_missile 2-8-2021, 11:55:43 AM
blindgamers14(mack_o_s) used a stp429_mini_missile 2-8-2021, 11:55:43 AM
blindgamers14(mack_o_s) used a tk_ultra_health_potion 2-8-2021, 11:56:00 AM
blindgamers14(mack_o_s) used a tk_ultra_health_potion 2-8-2021, 11:56:00 AM
blindgamers14(mack_o_s) used a stp429_mini_missile 2-8-2021, 11:56:20 AM
blindgamers14(mack_o_s) used a stp429_mini_missile 2-8-2021, 11:56:21 AM
blindgamers14(mack_o_s) used a tk_ultra_health_potion 2-8-2021, 11:57:05 AM
blindgamers14(mack_o_s) used a tk_ultra_health_potion 2-8-2021, 11:57:06 AM
blindgamers14(mack_o_s) used a cannon 2-8-2021, 11:57:08 AM
blindgamers14(mack_o_s) used a fight_inviter 2-8-2021, 11:58:26 AM
blindgamers14(mack_o_s) used a tk_ultra_health_potion 2-8-2021, 12:01:20 PM
blindgamers14(mack_o_s) used a tk_ultra_health_potion 2-8-2021, 12:01:21 PM
blindgamers14(mack_o_s) used a police_car 2-8-2021, 12:02:13 PM
blindgamers14(mack_o_s) used a police_car 2-8-2021, 12:02:14 PM
blindgamers14(mack_o_s) used a police_car 2-8-2021, 12:02:14 PM
blindgamers14(mack_o_s) used a police_car 2-8-2021, 12:02:14 PM
blindgamers14(mack_o_s) used a police_car 2-8-2021, 12:02:14 PM
blindgamers14(mack_o_s) used a police_car 2-8-2021, 12:02:15 PM
blindgamers14(mack_o_s) used a stp429_mini_missile 2-8-2021, 12:06:17 PM
blindgamers14(mack_o_s) used a stp429_mini_missile 2-8-2021, 12:06:17 PM
blindgamers14(mack_o_s) used a stp429_mini_missile 2-8-2021, 12:06:17 PM
blindgamers14(mack_o_s) used a stp429_mini_missile 2-8-2021, 12:06:17 PM
blindgamers14(mack_o_s) used a stp429_mini_missile 2-8-2021, 12:06:19 PM
blindgamers14(mack_o_s) used a stp429_mini_missile 2-8-2021, 12:06:20 PM
blindgamers14(mack_o_s) used a stp429_mini_missile 2-8-2021, 12:06:20 PM
blindgamers14(mack_o_s) used a stp429_mini_missile 2-8-2021, 12:06:28 PM
blindgamers14(mack_o_s) used a stp429_mini_missile 2-8-2021, 12:06:28 PM
blindgamers14(mack_o_s) used a stp429_mini_missile 2-8-2021, 12:06:29 PM
blindgamers14(mack_o_s) used a stp429_mini_missile 2-8-2021, 12:06:29 PM
blindgamers14(mack_o_s) used a stp429_mini_missile 2-8-2021, 12:06:38 PM
blindgamers14(mack_o_s) used a stp429_mini_missile 2-8-2021, 12:06:39 PM
blindgamers14(mack_o_s) used a stp429_mini_missile 2-8-2021, 12:06:39 PM
blindgamers14(mack_o_s) used a stp429_mini_missile 2-8-2021, 12:06:58 PM
blindgamers14(mack_o_s) used a stp429_mini_missile 2-8-2021, 12:06:58 PM
blindgamers14(mack_o_s) used a stp429_mini_missile 2-8-2021, 12:06:59 PM
blindgamers14(mack_o_s) used a stp429_mini_missile 2-8-2021, 12:06:59 PM
blindgamers14(mack_o_s) used a armored_tank 2-8-2021, 12:07:37 PM
blindgamers14(mack_o_s) used a tk_ultra_health_potion 2-8-2021, 12:09:32 PM
blindgamers14(mack_o_s) used a tk_ultra_health_potion 2-8-2021, 12:09:32 PM
blindgamers14(mack_o_s) used a tk_ultra_health_potion 2-8-2021, 12:10:03 PM
blindgamers14(mack_o_s) used a tk_ultra_health_potion 2-8-2021, 12:10:04 PM
blindgamers14(mack_o_s) used a tk_ultra_health_potion 2-8-2021, 12:10:04 PM
blindgamers14(mack_o_s) used a fight_inviter 2-8-2021, 12:11:59 PM
blindgamers14(mack_o_s) used a concussive_grenade 2-8-2021, 12:15:25 PM
blindgamers14(mack_o_s) used a tk_ultra_health_potion 2-8-2021, 12:15:31 PM
blindgamers14(mack_o_s) used a concussive_grenade 2-8-2021, 12:15:58 PM
blindgamers14(mack_o_s) used a tk_ultra_health_potion 2-8-2021, 12:19:13 PM
blindgamers14(mack_o_s) used a tk_ultra_health_potion 2-8-2021, 12:19:13 PM
blindgamers14(mack_o_s) used a concussive_grenade 2-8-2021, 12:19:35 PM
blindgamers14(mack_o_s) used a concussive_grenade 2-8-2021, 12:19:44 PM
blindgamers14(mack_o_s) used a concussive_grenade 2-8-2021, 12:19:51 PM
blindgamers14(mack_o_s) used a concussive_grenade 2-8-2021, 12:19:57 PM
blindgamers14(mack_o_s) used a concussive_grenade 2-8-2021, 12:20:07 PM
blindgamers14(mack_o_s) used a concussive_grenade 2-8-2021, 12:20:17 PM
blindgamers14(mack_o_s) used a concussive_grenade 2-8-2021, 12:20:20 PM
blindgamers14(mack_o_s) used a concussive_grenade 2-8-2021, 12:20:26 PM
blindgamers14(mack_o_s) used a concussive_grenade 2-8-2021, 12:20:27 PM
blindgamers14(mack_o_s) used a concussive_grenade 2-8-2021, 12:20:27 PM
blindgamers14(mack_o_s) used a wood 2-8-2021, 12:41:01 PM
blindgamers14(mack_o_s) used a coin 2-8-2021, 12:42:14 PM
blindgamers14(mack_o_s) used a coin 2-8-2021, 12:42:15 PM
blindgamers14(mack_o_s) used a coin 2-8-2021, 12:42:17 PM
blindgamers14(mack_o_s) used a coin 2-8-2021, 12:42:18 PM
blindgamers14(mack_o_s) used a suicide_bomb 2-8-2021, 12:42:30 PM
blindgamers14(mack_o_s) used a concussive_grenade 2-8-2021, 12:55:25 PM
blindgamers14(mack_o_s) used a tk_ultra_health_potion 2-8-2021, 12:55:49 PM
blindgamers14(mack_o_s) used a tk_ultra_health_potion 2-8-2021, 12:56:02 PM
blindgamers14(mack_o_s) used a tk_ultra_health_potion 2-8-2021, 12:56:02 PM
blindgamers14(mack_o_s) used a tk_ultra_health_potion 2-8-2021, 12:56:10 PM
blindgamers14(mack_o_s) used a concussive_grenade 2-8-2021, 12:56:23 PM
blindgamers14(mack_o_s) used a concussive_grenade 2-8-2021, 12:56:33 PM
blindgamers14(mack_o_s) used a concussive_grenade 2-8-2021, 1:01:08 PM
blindgamers14(mack_o_s) used a health_drink 2-8-2021, 1:04:21 PM
blindgamers14(mack_o_s) used a health_drink 2-8-2021, 1:04:29 PM
blindgamers14(mack_o_s) used a health_drink 2-8-2021, 1:04:29 PM
blindgamers14(mack_o_s) used a health_drink 2-8-2021, 1:04:29 PM
blindgamers14(mack_o_s) used a health_drink 2-8-2021, 1:04:30 PM
blindgamers14(mack_o_s) used a health_drink 2-8-2021, 1:04:30 PM
blindgamers14(mack_o_s) used a health_drink 2-8-2021, 1:04:41 PM
blindgamers14(mack_o_s) used a health_drink 2-8-2021, 1:04:54 PM
blindgamers14(mack_o_s) used a suicide_bomb 2-8-2021, 3:32:33 PM
blindgamers14(mack_o_s) used a suicide_bomb 2-8-2021, 3:32:33 PM
blindgamers14(mack_o_s) used a the_legendary_sword 2-8-2021, 3:39:15 PM
blindgamers14(mack_o_s) used a remote_gun 2-8-2021, 3:39:39 PM
blindgamers14(mack_o_s) used a rpg7 2-8-2021, 3:40:09 PM
blindgamers14(mack_o_s) used a tk_ultra_health_potion 2-8-2021, 3:41:14 PM
blindgamers14(mack_o_s) used a tk_ultra_health_potion 2-8-2021, 3:41:14 PM
blindgamers14(mack_o_s) used a invisibility_shield 2-8-2021, 3:41:31 PM
blindgamers14(mack_o_s) used a cannon 2-8-2021, 3:42:02 PM
blindgamers14(mack_o_s) used a tk_ultra_health_potion 2-8-2021, 3:42:18 PM
blindgamers14(mack_o_s) used a tk_ultra_health_potion 2-8-2021, 3:42:19 PM
blindgamers14(mack_o_s) used a tk_ultra_health_potion 2-8-2021, 3:42:36 PM
blindgamers14(mack_o_s) used a health_drink 2-8-2021, 3:44:07 PM
blindgamers14(mack_o_s) used a health_drink 2-8-2021, 3:44:07 PM
blindgamers14(mack_o_s) used a health_drink 2-8-2021, 3:44:07 PM
blindgamers14(mack_o_s) used a health_drink 2-8-2021, 3:44:16 PM
blindgamers14(mack_o_s) used a health_drink 2-8-2021, 3:44:16 PM
blindgamers14(mack_o_s) used a health_drink 2-8-2021, 3:44:26 PM
blindgamers14(mack_o_s) used a health_drink 2-8-2021, 3:44:26 PM
blindgamers14(mack_o_s) used a health_drink 2-8-2021, 3:44:26 PM
blindgamers14(mack_o_s) used a tk_ultra_health_potion 2-8-2021, 3:45:02 PM
blindgamers14(mack_o_s) used a tk_ultra_health_potion 2-8-2021, 3:45:02 PM
blindgamers14(mack_o_s) used a shield 2-8-2021, 3:45:58 PM
blindgamers14(mack_o_s) used a shield 2-8-2021, 3:45:59 PM
blindgamers14(mack_o_s) used a shield 2-8-2021, 3:45:59 PM
blindgamers14(mack_o_s) used a shield 2-8-2021, 3:45:59 PM
blindgamers14(mack_o_s) used a stp429_mini_missile 2-8-2021, 3:46:38 PM
blindgamers14(mack_o_s) used a stp429_mini_missile 2-8-2021, 3:46:38 PM
blindgamers14(mack_o_s) used a stp429_mini_missile 2-8-2021, 3:46:38 PM
blindgamers14(mack_o_s) used a stp429_mini_missile 2-8-2021, 3:46:41 PM
blindgamers14(mack_o_s) used a stp429_mini_missile 2-8-2021, 3:46:41 PM
blindgamers14(mack_o_s) used a stp429_mini_missile 2-8-2021, 3:46:45 PM
blindgamers14(mack_o_s) used a stp429_mini_missile 2-8-2021, 3:46:45 PM
blindgamers14(mack_o_s) used a shield 2-8-2021, 3:47:56 PM
blindgamers14(mack_o_s) used a shield 2-8-2021, 3:47:56 PM
blindgamers14(mack_o_s) used a shield 2-8-2021, 3:47:58 PM
blindgamers14(mack_o_s) used a shield 2-8-2021, 3:47:58 PM
blindgamers14(mack_o_s) used a shield 2-8-2021, 3:47:58 PM
blindgamers14(mack_o_s) used a shield 2-8-2021, 3:47:58 PM
blindgamers14(mack_o_s) used a shield 2-8-2021, 3:47:58 PM
blindgamers14(mack_o_s) used a shield 2-8-2021, 3:47:58 PM
blindgamers14(mack_o_s) used a shield 2-8-2021, 3:47:58 PM
blindgamers14(mack_o_s) used a shield 2-8-2021, 3:47:58 PM
blindgamers14(mack_o_s) used a shield 2-8-2021, 3:48:00 PM
blindgamers14(mack_o_s) used a shield 2-8-2021, 3:48:00 PM
blindgamers14(mack_o_s) used a shield 2-8-2021, 3:48:00 PM
blindgamers14(mack_o_s) used a shield 2-8-2021, 3:48:00 PM
blindgamers14(mack_o_s) used a shield 2-8-2021, 3:48:01 PM
blindgamers14(mack_o_s) used a shield 2-8-2021, 3:48:01 PM
blindgamers14(mack_o_s) used a shield 2-8-2021, 3:48:01 PM
blindgamers14(mack_o_s) used a tk_ultra_health_potion 2-8-2021, 3:48:05 PM
blindgamers14(mack_o_s) used a tk_ultra_health_potion 2-8-2021, 3:48:05 PM
blindgamers14(mack_o_s) used a tk_ultra_health_potion 2-8-2021, 3:49:18 PM
blindgamers14(mack_o_s) used a tk_ultra_health_potion 2-8-2021, 3:49:18 PM
blindgamers14(mack_o_s) used a health_drink 2-8-2021, 3:49:26 PM
blindgamers14(mack_o_s) used a health_drink 2-8-2021, 3:49:27 PM
blindgamers14(mack_o_s) used a health_drink 2-8-2021, 3:49:31 PM
blindgamers14(mack_o_s) used a health_drink 2-8-2021, 3:49:31 PM
blindgamers14(mack_o_s) used a tk_ultra_health_potion 2-8-2021, 3:50:31 PM
blindgamers14(mack_o_s) used a tk_ultra_health_potion 2-8-2021, 3:50:31 PM
blindgamers14(mack_o_s) used a tk_ultra_health_potion 2-8-2021, 3:50:32 PM
blindgamers14(mack_o_s) used a tk_ultra_health_potion 2-8-2021, 3:50:44 PM
blindgamers14(mack_o_s) used a tk_ultra_health_potion 2-8-2021, 3:50:45 PM
blindgamers14(mack_o_s) used a tk_ultra_health_potion 2-8-2021, 3:52:36 PM
blindgamers14(mack_o_s) used a tk_ultra_health_potion 2-8-2021, 3:52:36 PM
blindgamers14(mack_o_s) used a empty_beer_bottle 2-8-2021, 3:54:38 PM
blindgamers14(mack_o_s) used a empty_beer_bottle 2-8-2021, 3:54:39 PM
blindgamers14(mack_o_s) used a empty_beer_bottle 2-8-2021, 3:54:39 PM
blindgamers14(mack_o_s) used a empty_beer_bottle 2-8-2021, 3:54:39 PM
blindgamers14(mack_o_s) used a empty_beer_bottle 2-8-2021, 3:54:39 PM
blindgamers14(mack_o_s) used a empty_beer_bottle 2-8-2021, 3:54:40 PM
blindgamers14(mack_o_s) used a empty_beer_bottle 2-8-2021, 3:54:40 PM
blindgamers14(mack_o_s) used a empty_beer_bottle 2-8-2021, 3:54:40 PM
blindgamers14(mack_o_s) used a empty_beer_bottle 2-8-2021, 3:54:40 PM
blindgamers14(mack_o_s) used a empty_beer_bottle 2-8-2021, 3:54:40 PM
blindgamers14(mack_o_s) used a empty_beer_bottle 2-8-2021, 3:54:41 PM
blindgamers14(mack_o_s) used a empty_beer_bottle 2-8-2021, 3:54:41 PM
blindgamers14(mack_o_s) used a empty_beer_bottle 2-8-2021, 3:54:41 PM
blindgamers14(mack_o_s) used a empty_beer_bottle 2-8-2021, 3:54:41 PM
blindgamers14(mack_o_s) used a empty_beer_bottle 2-8-2021, 3:54:42 PM
blindgamers14(mack_o_s) used a empty_beer_bottle 2-8-2021, 3:54:42 PM
blindgamers14(mack_o_s) used a empty_beer_bottle 2-8-2021, 3:54:42 PM
blindgamers14(mack_o_s) used a empty_beer_bottle 2-8-2021, 3:54:42 PM
blindgamers14(mack_o_s) used a empty_beer_bottle 2-8-2021, 3:54:42 PM
blindgamers14(mack_o_s) used a empty_beer_bottle 2-8-2021, 3:54:43 PM
blindgamers14(mack_o_s) used a empty_beer_bottle 2-8-2021, 3:54:43 PM
blindgamers14(mack_o_s) used a empty_beer_bottle 2-8-2021, 3:54:45 PM
blindgamers14(mack_o_s) used a empty_beer_bottle 2-8-2021, 3:54:45 PM
blindgamers14(mack_o_s) used a empty_beer_bottle 2-8-2021, 3:54:45 PM
blindgamers14(mack_o_s) used a empty_beer_bottle 2-8-2021, 3:54:45 PM
blindgamers14(mack_o_s) used a empty_beer_bottle 2-8-2021, 3:54:45 PM
blindgamers14(mack_o_s) used a empty_beer_bottle 2-8-2021, 3:54:45 PM
blindgamers14(mack_o_s) used a empty_beer_bottle 2-8-2021, 3:54:45 PM
blindgamers14(mack_o_s) used a empty_beer_bottle 2-8-2021, 3:54:45 PM
blindgamers14(mack_o_s) used a empty_beer_bottle 2-8-2021, 3:54:45 PM
blindgamers14(mack_o_s) used a empty_beer_bottle 2-8-2021, 3:54:46 PM
blindgamers14(mack_o_s) used a empty_beer_bottle 2-8-2021, 3:54:46 PM
blindgamers14(mack_o_s) used a empty_beer_bottle 2-8-2021, 3:54:47 PM
blindgamers14(mack_o_s) used a empty_beer_bottle 2-8-2021, 3:54:47 PM
blindgamers14(mack_o_s) used a empty_beer_bottle 2-8-2021, 3:54:49 PM
blindgamers14(mack_o_s) used a empty_beer_bottle 2-8-2021, 3:54:49 PM
blindgamers14(mack_o_s) used a empty_beer_bottle 2-8-2021, 3:54:49 PM
blindgamers14(mack_o_s) used a empty_beer_bottle 2-8-2021, 3:54:49 PM
blindgamers14(mack_o_s) used a empty_beer_bottle 2-8-2021, 3:54:49 PM
blindgamers14(mack_o_s) used a empty_beer_bottle 2-8-2021, 3:54:49 PM
blindgamers14(mack_o_s) used a empty_beer_bottle 2-8-2021, 3:54:49 PM
blindgamers14(mack_o_s) used a empty_beer_bottle 2-8-2021, 3:54:49 PM
blindgamers14(mack_o_s) used a empty_beer_bottle 2-8-2021, 3:54:50 PM
blindgamers14(mack_o_s) used a empty_beer_bottle 2-8-2021, 3:54:50 PM
blindgamers14(mack_o_s) used a empty_beer_bottle 2-8-2021, 3:54:50 PM
blindgamers14(mack_o_s) used a empty_beer_bottle 2-8-2021, 3:54:50 PM
blindgamers14(mack_o_s) used a empty_beer_bottle 2-8-2021, 3:54:50 PM
blindgamers14(mack_o_s) used a empty_beer_bottle 2-8-2021, 3:54:51 PM
blindgamers14(mack_o_s) used a empty_beer_bottle 2-8-2021, 3:54:51 PM
blindgamers14(mack_o_s) used a empty_beer_bottle 2-8-2021, 3:54:51 PM
blindgamers14(mack_o_s) used a empty_beer_bottle 2-8-2021, 3:54:51 PM
blindgamers14(mack_o_s) used a empty_beer_bottle 2-8-2021, 3:54:52 PM
blindgamers14(mack_o_s) used a empty_beer_bottle 2-8-2021, 3:54:52 PM
blindgamers14(mack_o_s) used a empty_beer_bottle 2-8-2021, 3:54:52 PM
blindgamers14(mack_o_s) used a empty_beer_bottle 2-8-2021, 3:54:52 PM
blindgamers14(mack_o_s) used a empty_beer_bottle 2-8-2021, 3:54:53 PM
blindgamers14(mack_o_s) used a empty_beer_bottle 2-8-2021, 3:54:53 PM
blindgamers14(mack_o_s) used a empty_beer_bottle 2-8-2021, 3:54:53 PM
blindgamers14(mack_o_s) used a empty_beer_bottle 2-8-2021, 3:54:53 PM
blindgamers14(mack_o_s) used a empty_beer_bottle 2-8-2021, 3:54:53 PM
blindgamers14(mack_o_s) used a empty_beer_bottle 2-8-2021, 3:54:54 PM
blindgamers14(mack_o_s) used a empty_beer_bottle 2-8-2021, 3:54:54 PM
blindgamers14(mack_o_s) used a empty_beer_bottle 2-8-2021, 3:54:54 PM
blindgamers14(mack_o_s) used a empty_beer_bottle 2-8-2021, 3:54:54 PM
blindgamers14(mack_o_s) used a empty_beer_bottle 2-8-2021, 3:54:55 PM
blindgamers14(mack_o_s) used a empty_beer_bottle 2-8-2021, 3:54:55 PM
blindgamers14(mack_o_s) used a empty_beer_bottle 2-8-2021, 3:54:55 PM
blindgamers14(mack_o_s) used a empty_beer_bottle 2-8-2021, 3:54:55 PM
blindgamers14(mack_o_s) used a empty_beer_bottle 2-8-2021, 3:54:56 PM
blindgamers14(mack_o_s) used a empty_beer_bottle 2-8-2021, 3:54:56 PM
blindgamers14(mack_o_s) used a empty_beer_bottle 2-8-2021, 3:54:56 PM
blindgamers14(mack_o_s) used a empty_beer_bottle 2-8-2021, 3:54:56 PM
blindgamers14(mack_o_s) used a empty_beer_bottle 2-8-2021, 3:54:57 PM
blindgamers14(mack_o_s) used a empty_beer_bottle 2-8-2021, 3:54:57 PM
blindgamers14(mack_o_s) used a empty_beer_bottle 2-8-2021, 3:54:57 PM
blindgamers14(mack_o_s) used a empty_beer_bottle 2-8-2021, 3:54:57 PM
blindgamers14(mack_o_s) used a empty_beer_bottle 2-8-2021, 3:54:58 PM
blindgamers14(mack_o_s) used a empty_beer_bottle 2-8-2021, 3:54:58 PM
blindgamers14(mack_o_s) used a empty_beer_bottle 2-8-2021, 3:54:58 PM
blindgamers14(mack_o_s) used a empty_beer_bottle 2-8-2021, 3:54:58 PM
blindgamers14(mack_o_s) used a empty_beer_bottle 2-8-2021, 3:54:58 PM
blindgamers14(mack_o_s) used a empty_beer_bottle 2-8-2021, 3:54:59 PM
blindgamers14(mack_o_s) used a empty_beer_bottle 2-8-2021, 3:54:59 PM
blindgamers14(mack_o_s) used a empty_beer_bottle 2-8-2021, 3:54:59 PM
blindgamers14(mack_o_s) used a empty_beer_bottle 2-8-2021, 3:54:59 PM
blindgamers14(mack_o_s) used a empty_beer_bottle 2-8-2021, 3:55:00 PM
blindgamers14(mack_o_s) used a empty_beer_bottle 2-8-2021, 3:55:00 PM
blindgamers14(mack_o_s) used a empty_beer_bottle 2-8-2021, 3:55:00 PM
blindgamers14(mack_o_s) used a empty_beer_bottle 2-8-2021, 3:55:00 PM
blindgamers14(mack_o_s) used a empty_beer_bottle 2-8-2021, 3:55:01 PM
blindgamers14(mack_o_s) used a empty_beer_bottle 2-8-2021, 3:55:01 PM
blindgamers14(mack_o_s) used a empty_beer_bottle 2-8-2021, 3:55:01 PM
blindgamers14(mack_o_s) used a empty_beer_bottle 2-8-2021, 3:55:01 PM
blindgamers14(mack_o_s) used a empty_beer_bottle 2-8-2021, 3:55:02 PM
blindgamers14(mack_o_s) used a empty_beer_bottle 2-8-2021, 3:55:02 PM
blindgamers14(mack_o_s) used a empty_beer_bottle 2-8-2021, 3:55:02 PM
blindgamers14(mack_o_s) used a empty_beer_bottle 2-8-2021, 3:55:02 PM
blindgamers14(mack_o_s) used a empty_beer_bottle 2-8-2021, 3:55:03 PM
blindgamers14(mack_o_s) used a empty_beer_bottle 2-8-2021, 3:55:03 PM
blindgamers14(mack_o_s) used a empty_beer_bottle 2-8-2021, 3:55:03 PM
blindgamers14(mack_o_s) used a empty_beer_bottle 2-8-2021, 3:55:04 PM
blindgamers14(mack_o_s) used a empty_beer_bottle 2-8-2021, 3:55:04 PM
blindgamers14(mack_o_s) used a empty_beer_bottle 2-8-2021, 3:55:04 PM
blindgamers14(mack_o_s) used a empty_beer_bottle 2-8-2021, 3:55:04 PM
blindgamers14(mack_o_s) used a empty_beer_bottle 2-8-2021, 3:55:05 PM
blindgamers14(mack_o_s) used a empty_beer_bottle 2-8-2021, 3:55:05 PM
blindgamers14(mack_o_s) used a empty_beer_bottle 2-8-2021, 3:55:05 PM
blindgamers14(mack_o_s) used a empty_beer_bottle 2-8-2021, 3:55:05 PM
blindgamers14(mack_o_s) used a empty_beer_bottle 2-8-2021, 3:55:06 PM
blindgamers14(mack_o_s) used a empty_beer_bottle 2-8-2021, 3:55:06 PM
blindgamers14(mack_o_s) used a empty_beer_bottle 2-8-2021, 3:55:06 PM
blindgamers14(mack_o_s) used a empty_beer_bottle 2-8-2021, 3:55:06 PM
blindgamers14(mack_o_s) used a empty_beer_bottle 2-8-2021, 3:55:07 PM
blindgamers14(mack_o_s) used a empty_beer_bottle 2-8-2021, 3:55:07 PM
blindgamers14(mack_o_s) used a empty_beer_bottle 2-8-2021, 3:55:07 PM
blindgamers14(mack_o_s) used a empty_beer_bottle 2-8-2021, 3:55:07 PM
blindgamers14(mack_o_s) used a empty_beer_bottle 2-8-2021, 3:55:08 PM
blindgamers14(mack_o_s) used a empty_beer_bottle 2-8-2021, 3:55:08 PM
blindgamers14(mack_o_s) used a empty_beer_bottle 2-8-2021, 3:55:08 PM
blindgamers14(mack_o_s) used a empty_beer_bottle 2-8-2021, 3:55:10 PM
blindgamers14(mack_o_s) used a empty_beer_bottle 2-8-2021, 3:55:10 PM
blindgamers14(mack_o_s) used a empty_beer_bottle 2-8-2021, 3:55:10 PM
blindgamers14(mack_o_s) used a health_drink 2-8-2021, 3:55:46 PM
blindgamers14(mack_o_s) used a health_drink 2-8-2021, 3:55:46 PM
blindgamers14(mack_o_s) used a health_drink 2-8-2021, 3:55:47 PM
blindgamers14(mack_o_s) used a health_drink 2-8-2021, 3:55:50 PM
blindgamers14(mack_o_s) used a health_drink 2-8-2021, 3:55:50 PM
blindgamers14(mack_o_s) used a health_drink 2-8-2021, 3:55:50 PM
blindgamers14(mack_o_s) used a empty_beer_bottle 2-8-2021, 3:55:54 PM
blindgamers14(mack_o_s) used a empty_beer_bottle 2-8-2021, 3:55:54 PM
blindgamers14(mack_o_s) used a empty_beer_bottle 2-8-2021, 3:55:54 PM
blindgamers14(mack_o_s) used a tk_ultra_health_potion 2-8-2021, 3:56:41 PM
blindgamers14(mack_o_s) used a tk_ultra_health_potion 2-8-2021, 3:56:41 PM
blindgamers14(mack_o_s) used a tk_ultra_health_potion 2-8-2021, 3:57:38 PM
blindgamers14(mack_o_s) used a tk_ultra_health_potion 2-8-2021, 3:57:38 PM
blindgamers14(mack_o_s) used a tk_ultra_health_potion 2-8-2021, 4:02:13 PM
blindgamers14(mack_o_s) used a tk_ultra_health_potion 2-8-2021, 4:02:13 PM
blindgamers14(mack_o_s) used a empty_beer_bottle 2-8-2021, 4:07:08 PM
blindgamers14(mack_o_s) used a empty_beer_bottle 2-8-2021, 4:07:09 PM
blindgamers14(mack_o_s) used a empty_beer_bottle 2-8-2021, 4:07:09 PM
blindgamers14(mack_o_s) used a empty_beer_bottle 2-8-2021, 4:07:10 PM
blindgamers14(mack_o_s) used a empty_beer_bottle 2-8-2021, 4:07:10 PM
blindgamers14(mack_o_s) used a empty_beer_bottle 2-8-2021, 4:07:10 PM
blindgamers14(mack_o_s) used a empty_beer_bottle 2-8-2021, 4:07:10 PM
blindgamers14(mack_o_s) used a empty_beer_bottle 2-8-2021, 4:07:10 PM
blindgamers14(mack_o_s) used a empty_beer_bottle 2-8-2021, 4:07:11 PM
blindgamers14(mack_o_s) used a empty_beer_bottle 2-8-2021, 4:07:11 PM
blindgamers14(mack_o_s) used a empty_beer_bottle 2-8-2021, 4:07:11 PM
blindgamers14(mack_o_s) used a hand_grenade 2-8-2021, 4:07:22 PM
blindgamers14(mack_o_s) used a hand_grenade 2-8-2021, 4:07:23 PM
blindgamers14(mack_o_s) used a hand_grenade 2-8-2021, 4:07:24 PM
blindgamers14(mack_o_s) used a tk_ultra_health_potion 2-8-2021, 4:08:25 PM
blindgamers14(mack_o_s) used a tk_ultra_health_potion 2-8-2021, 4:08:26 PM
blindgamers14(mack_o_s) used a tk_ultra_health_potion 2-8-2021, 4:08:26 PM
blindgamers14(mack_o_s) used a hand_grenade 2-8-2021, 4:08:31 PM
blindgamers14(mack_o_s) used a hand_grenade 2-8-2021, 4:08:31 PM
blindgamers14(mack_o_s) used a hand_grenade 2-8-2021, 4:08:32 PM
blindgamers14(mack_o_s) used a hand_grenade 2-8-2021, 4:08:32 PM
blindgamers14(mack_o_s) used a hand_grenade 2-8-2021, 4:08:32 PM
blindgamers14(mack_o_s) used a hand_grenade 2-8-2021, 4:08:32 PM
blindgamers14(mack_o_s) used a hand_grenade 2-8-2021, 4:08:32 PM
blindgamers14(mack_o_s) used a hand_grenade 2-8-2021, 4:08:32 PM
blindgamers14(mack_o_s) used a hand_grenade 2-8-2021, 4:08:33 PM
blindgamers14(mack_o_s) used a hand_grenade 2-8-2021, 4:08:34 PM
blindgamers14(mack_o_s) used a hand_grenade 2-8-2021, 4:08:34 PM
blindgamers14(mack_o_s) used a hand_grenade 2-8-2021, 4:08:34 PM
blindgamers14(mack_o_s) used a hand_grenade 2-8-2021, 4:08:35 PM
blindgamers14(mack_o_s) used a hand_grenade 2-8-2021, 4:08:35 PM
blindgamers14(mack_o_s) used a hand_grenade 2-8-2021, 4:08:35 PM
blindgamers14(mack_o_s) used a hand_grenade 2-8-2021, 4:08:35 PM
blindgamers14(mack_o_s) used a hand_grenade 2-8-2021, 4:08:35 PM
blindgamers14(mack_o_s) used a hand_grenade 2-8-2021, 4:08:35 PM
blindgamers14(mack_o_s) used a hand_grenade 2-8-2021, 4:08:35 PM
blindgamers14(mack_o_s) used a hand_grenade 2-8-2021, 4:08:36 PM
blindgamers14(mack_o_s) used a hand_grenade 2-8-2021, 4:08:36 PM
blindgamers14(mack_o_s) used a hand_grenade 2-8-2021, 4:08:36 PM
blindgamers14(mack_o_s) used a hand_grenade 2-8-2021, 4:08:36 PM
blindgamers14(mack_o_s) used a hand_grenade 2-8-2021, 4:08:36 PM
blindgamers14(mack_o_s) used a hand_grenade 2-8-2021, 4:08:36 PM
blindgamers14(mack_o_s) used a hand_grenade 2-8-2021, 4:08:36 PM
blindgamers14(mack_o_s) used a hand_grenade 2-8-2021, 4:08:37 PM
blindgamers14(mack_o_s) used a hand_grenade 2-8-2021, 4:08:37 PM
blindgamers14(mack_o_s) used a hand_grenade 2-8-2021, 4:08:37 PM
blindgamers14(mack_o_s) used a hand_grenade 2-8-2021, 4:08:37 PM
blindgamers14(mack_o_s) used a hand_grenade 2-8-2021, 4:08:38 PM
blindgamers14(mack_o_s) used a hand_grenade 2-8-2021, 4:08:38 PM
blindgamers14(mack_o_s) used a hand_grenade 2-8-2021, 4:08:38 PM
blindgamers14(mack_o_s) used a hand_grenade 2-8-2021, 4:08:38 PM
blindgamers14(mack_o_s) used a hand_grenade 2-8-2021, 4:08:39 PM
blindgamers14(mack_o_s) used a hand_grenade 2-8-2021, 4:08:39 PM
blindgamers14(mack_o_s) used a hand_grenade 2-8-2021, 4:08:39 PM
blindgamers14(mack_o_s) used a hand_grenade 2-8-2021, 4:08:39 PM
blindgamers14(mack_o_s) used a hand_grenade 2-8-2021, 4:08:39 PM
blindgamers14(mack_o_s) used a hand_grenade 2-8-2021, 4:08:39 PM
blindgamers14(mack_o_s) used a hand_grenade 2-8-2021, 4:08:40 PM
blindgamers14(mack_o_s) used a hand_grenade 2-8-2021, 4:08:40 PM
blindgamers14(mack_o_s) used a hand_grenade 2-8-2021, 4:08:40 PM
blindgamers14(mack_o_s) used a hand_grenade 2-8-2021, 4:08:40 PM
blindgamers14(mack_o_s) used a hand_grenade 2-8-2021, 4:08:41 PM
blindgamers14(mack_o_s) used a hand_grenade 2-8-2021, 4:08:41 PM
blindgamers14(mack_o_s) used a hand_grenade 2-8-2021, 4:08:41 PM
blindgamers14(mack_o_s) used a hand_grenade 2-8-2021, 4:08:42 PM
blindgamers14(mack_o_s) used a hand_grenade 2-8-2021, 4:08:42 PM
blindgamers14(mack_o_s) used a hand_grenade 2-8-2021, 4:08:42 PM
blindgamers14(mack_o_s) used a hand_grenade 2-8-2021, 4:08:42 PM
blindgamers14(mack_o_s) used a hand_grenade 2-8-2021, 4:08:42 PM
blindgamers14(mack_o_s) used a hand_grenade 2-8-2021, 4:08:42 PM
blindgamers14(mack_o_s) used a hand_grenade 2-8-2021, 4:08:43 PM
blindgamers14(mack_o_s) used a hand_grenade 2-8-2021, 4:08:43 PM
blindgamers14(mack_o_s) used a hand_grenade 2-8-2021, 4:08:43 PM
blindgamers14(mack_o_s) used a hand_grenade 2-8-2021, 4:08:43 PM
blindgamers14(mack_o_s) used a hand_grenade 2-8-2021, 4:08:44 PM
blindgamers14(mack_o_s) used a hand_grenade 2-8-2021, 4:08:44 PM
blindgamers14(mack_o_s) used a hand_grenade 2-8-2021, 4:08:44 PM
blindgamers14(mack_o_s) used a hand_grenade 2-8-2021, 4:08:44 PM
blindgamers14(mack_o_s) used a hand_grenade 2-8-2021, 4:08:44 PM
blindgamers14(mack_o_s) used a hand_grenade 2-8-2021, 4:08:44 PM
blindgamers14(mack_o_s) used a hand_grenade 2-8-2021, 4:08:44 PM
blindgamers14(mack_o_s) used a hand_grenade 2-8-2021, 4:08:45 PM
blindgamers14(mack_o_s) used a hand_grenade 2-8-2021, 4:08:45 PM
blindgamers14(mack_o_s) used a hand_grenade 2-8-2021, 4:08:45 PM
blindgamers14(mack_o_s) used a hand_grenade 2-8-2021, 4:08:45 PM
blindgamers14(mack_o_s) used a hand_grenade 2-8-2021, 4:08:45 PM
blindgamers14(mack_o_s) used a hand_grenade 2-8-2021, 4:08:46 PM
blindgamers14(mack_o_s) used a hand_grenade 2-8-2021, 4:08:46 PM
blindgamers14(mack_o_s) used a hand_grenade 2-8-2021, 4:08:46 PM
blindgamers14(mack_o_s) used a hand_grenade 2-8-2021, 4:08:46 PM
blindgamers14(mack_o_s) used a hand_grenade 2-8-2021, 4:08:46 PM
blindgamers14(mack_o_s) used a hand_grenade 2-8-2021, 4:08:46 PM
blindgamers14(mack_o_s) used a hand_grenade 2-8-2021, 4:08:47 PM
blindgamers14(mack_o_s) used a hand_grenade 2-8-2021, 4:08:47 PM
blindgamers14(mack_o_s) used a hand_grenade 2-8-2021, 4:08:47 PM
blindgamers14(mack_o_s) used a hand_grenade 2-8-2021, 4:08:47 PM
blindgamers14(mack_o_s) used a hand_grenade 2-8-2021, 4:08:49 PM
blindgamers14(mack_o_s) used a hand_grenade 2-8-2021, 4:08:49 PM
blindgamers14(mack_o_s) used a hand_grenade 2-8-2021, 4:08:50 PM
blindgamers14(mack_o_s) used a hand_grenade 2-8-2021, 4:08:50 PM
blindgamers14(mack_o_s) used a hand_grenade 2-8-2021, 4:08:50 PM
blindgamers14(mack_o_s) used a hand_grenade 2-8-2021, 4:08:50 PM
blindgamers14(mack_o_s) used a hand_grenade 2-8-2021, 4:08:50 PM
blindgamers14(mack_o_s) used a hand_grenade 2-8-2021, 4:09:00 PM
blindgamers14(mack_o_s) used a hand_grenade 2-8-2021, 4:09:00 PM
blindgamers14(mack_o_s) used a hand_grenade 2-8-2021, 4:09:00 PM
blindgamers14(mack_o_s) used a hand_grenade 2-8-2021, 4:09:01 PM
blindgamers14(mack_o_s) used a hand_grenade 2-8-2021, 4:09:01 PM
blindgamers14(mack_o_s) used a hand_grenade 2-8-2021, 4:09:01 PM
blindgamers14(mack_o_s) used a hand_grenade 2-8-2021, 4:09:01 PM
blindgamers14(mack_o_s) used a hand_grenade 2-8-2021, 4:09:01 PM
blindgamers14(mack_o_s) used a hand_grenade 2-8-2021, 4:09:01 PM
blindgamers14(mack_o_s) used a hand_grenade 2-8-2021, 4:09:02 PM
blindgamers14(mack_o_s) used a hand_grenade 2-8-2021, 4:09:02 PM
blindgamers14(mack_o_s) used a hand_grenade 2-8-2021, 4:09:02 PM
blindgamers14(mack_o_s) used a hand_grenade 2-8-2021, 4:09:02 PM
blindgamers14(mack_o_s) used a hand_grenade 2-8-2021, 4:09:02 PM
blindgamers14(mack_o_s) used a hand_grenade 2-8-2021, 4:09:02 PM
blindgamers14(mack_o_s) used a hand_grenade 2-8-2021, 4:09:03 PM
blindgamers14(mack_o_s) used a hand_grenade 2-8-2021, 4:09:03 PM
blindgamers14(mack_o_s) used a hand_grenade 2-8-2021, 4:09:03 PM
blindgamers14(mack_o_s) used a hand_grenade 2-8-2021, 4:09:03 PM
blindgamers14(mack_o_s) used a hand_grenade 2-8-2021, 4:09:03 PM
blindgamers14(mack_o_s) used a hand_grenade 2-8-2021, 4:09:04 PM
blindgamers14(mack_o_s) used a hand_grenade 2-8-2021, 4:09:04 PM
blindgamers14(mack_o_s) used a hand_grenade 2-8-2021, 4:09:04 PM
blindgamers14(mack_o_s) used a hand_grenade 2-8-2021, 4:09:05 PM
blindgamers14(mack_o_s) used a hand_grenade 2-8-2021, 4:09:05 PM
blindgamers14(mack_o_s) used a hand_grenade 2-8-2021, 4:09:05 PM
blindgamers14(mack_o_s) used a hand_grenade 2-8-2021, 4:09:05 PM
blindgamers14(mack_o_s) used a hand_grenade 2-8-2021, 4:09:05 PM
blindgamers14(mack_o_s) used a hand_grenade 2-8-2021, 4:09:05 PM
blindgamers14(mack_o_s) used a hand_grenade 2-8-2021, 4:09:06 PM
blindgamers14(mack_o_s) used a hand_grenade 2-8-2021, 4:09:06 PM
blindgamers14(mack_o_s) used a hand_grenade 2-8-2021, 4:09:10 PM
blindgamers14(mack_o_s) used a hand_grenade 2-8-2021, 4:09:10 PM
blindgamers14(mack_o_s) used a hand_grenade 2-8-2021, 4:09:10 PM
blindgamers14(mack_o_s) used a hand_grenade 2-8-2021, 4:09:10 PM
blindgamers14(mack_o_s) used a tk_ultra_health_potion 2-8-2021, 4:10:09 PM
blindgamers14(mack_o_s) used a suicide_bomb 2-8-2021, 4:10:46 PM
blindgamers14(mack_o_s) used a hand_grenade 2-8-2021, 4:11:00 PM
blindgamers14(mack_o_s) used a hand_grenade 2-8-2021, 4:11:00 PM
blindgamers14(mack_o_s) used a hand_grenade 2-8-2021, 4:11:01 PM
blindgamers14(mack_o_s) used a hand_grenade 2-8-2021, 4:11:01 PM
blindgamers14(mack_o_s) used a hand_grenade 2-8-2021, 4:11:01 PM
blindgamers14(mack_o_s) used a hand_grenade 2-8-2021, 4:11:01 PM
blindgamers14(mack_o_s) used a hand_grenade 2-8-2021, 4:11:02 PM
blindgamers14(mack_o_s) used a hand_grenade 2-8-2021, 4:11:02 PM
blindgamers14(mack_o_s) used a hand_grenade 2-8-2021, 4:11:02 PM
blindgamers14(mack_o_s) used a hand_grenade 2-8-2021, 4:11:02 PM
blindgamers14(mack_o_s) used a hand_grenade 2-8-2021, 4:11:02 PM
blindgamers14(mack_o_s) used a hand_grenade 2-8-2021, 4:11:02 PM
blindgamers14(mack_o_s) used a hand_grenade 2-8-2021, 4:11:03 PM
blindgamers14(mack_o_s) used a hand_grenade 2-8-2021, 4:11:03 PM
blindgamers14(mack_o_s) used a suicide_bomb 2-8-2021, 4:11:07 PM
blindgamers14(mack_o_s) used a hand_grenade 2-8-2021, 4:11:13 PM
blindgamers14(mack_o_s) used a pack_of_20_ammo_m79_grenade_launcher 2-8-2021, 4:11:41 PM
blindgamers14(mack_o_s) used a pack_of_20_ammo_m79_grenade_launcher 2-8-2021, 4:11:41 PM
blindgamers14(mack_o_s) used a pack_of_20_ammo_m79_grenade_launcher 2-8-2021, 4:11:41 PM
blindgamers14(mack_o_s) used a pack_of_20_ammo_m79_grenade_launcher 2-8-2021, 4:11:41 PM
blindgamers14(mack_o_s) used a pack_of_20_ammo_m79_grenade_launcher 2-8-2021, 4:11:41 PM
blindgamers14(mack_o_s) used a pack_of_20_ammo_m79_grenade_launcher 2-8-2021, 4:11:42 PM
blindgamers14(mack_o_s) used a pack_of_20_ammo_m79_grenade_launcher 2-8-2021, 4:11:42 PM
blindgamers14(mack_o_s) used a pack_of_20_ammo_m79_grenade_launcher 2-8-2021, 4:11:42 PM
blindgamers14(mack_o_s) used a pack_of_20_ammo_m79_grenade_launcher 2-8-2021, 4:11:42 PM
blindgamers14(mack_o_s) used a pack_of_20_ammo_m79_grenade_launcher 2-8-2021, 4:11:42 PM
blindgamers14(mack_o_s) used a pack_of_20_ammo_m79_grenade_launcher 2-8-2021, 4:11:42 PM
blindgamers14(mack_o_s) used a pack_of_20_ammo_m79_grenade_launcher 2-8-2021, 4:11:42 PM
blindgamers14(mack_o_s) used a pack_of_20_ammo_m79_grenade_launcher 2-8-2021, 4:11:43 PM
blindgamers14(mack_o_s) used a pack_of_20_ammo_m79_grenade_launcher 2-8-2021, 4:11:43 PM
blindgamers14(mack_o_s) used a pack_of_20_ammo_m79_grenade_launcher 2-8-2021, 4:11:43 PM
blindgamers14(mack_o_s) used a pack_of_20_ammo_m79_grenade_launcher 2-8-2021, 4:11:43 PM
blindgamers14(mack_o_s) used a pack_of_20_ammo_m79_grenade_launcher 2-8-2021, 4:11:43 PM
blindgamers14(mack_o_s) used a long_sword 2-8-2021, 4:11:47 PM
blindgamers14(mack_o_s) used a the_legendary_sword 2-8-2021, 4:12:14 PM
blindgamers14(mack_o_s) used a guided_missile 2-8-2021, 4:13:37 PM
blindgamers14(mack_o_s) used a rocket_launcher 2-8-2021, 4:14:12 PM
blindgamers14(mack_o_s) used a tk_ultra_health_potion 2-8-2021, 4:16:24 PM
blindgamers14(mack_o_s) used a tk_ultra_health_potion 2-8-2021, 4:16:24 PM
blindgamers14(mack_o_s) used a health_drink 2-8-2021, 4:16:28 PM
blindgamers14(mack_o_s) used a health_drink 2-8-2021, 4:16:29 PM
blindgamers14(mack_o_s) used a admingun 2-8-2021, 4:16:47 PM
blindgamers14(mack_o_s) used a xp_box 2-8-2021, 4:21:16 PM
blindgamers14(mack_o_s) used a bomb_defuser 2-8-2021, 4:22:57 PM
blindgamers14(mack_o_s) used a bomb_defuser 2-8-2021, 4:22:58 PM
blindgamers14(mack_o_s) used a bomb_defuser 2-8-2021, 4:23:00 PM
blindgamers14(mack_o_s) used a bomb_defuser 2-8-2021, 4:23:01 PM
blindgamers14(mack_o_s) used a bomb_defuser 2-8-2021, 4:23:05 PM
blindgamers14(mack_o_s) used a bomb_defuser 2-8-2021, 4:23:14 PM
blindgamers14(mack_o_s) used a bomb_defuser 2-8-2021, 4:23:15 PM
blindgamers14(mack_o_s) used a bomb_defuser 2-8-2021, 4:23:15 PM
blindgamers14(mack_o_s) used a bomb_defuser 2-8-2021, 4:23:16 PM
blindgamers14(mack_o_s) used a bomb_defuser 2-8-2021, 4:23:17 PM
blindgamers14(mack_o_s) used a bomb_defuser 2-8-2021, 4:23:17 PM
blindgamers14(mack_o_s) used a bomb_defuser 2-8-2021, 4:23:39 PM
blindgamers14(mack_o_s) used a bomb_defuser 2-8-2021, 4:23:40 PM
blindgamers14(mack_o_s) used a bomb_defuser 2-8-2021, 4:23:45 PM
blindgamers14(mack_o_s) used a bomb_defuser 2-8-2021, 4:23:47 PM
blindgamers14(mack_o_s) used a bomb_defuser 2-8-2021, 4:24:02 PM
blindgamers14(mack_o_s) used a bomb_defuser 2-8-2021, 4:24:02 PM
blindgamers14(mack_o_s) used a bomb_defuser 2-8-2021, 4:24:03 PM
blindgamers14(mack_o_s) used a bomb_defuser 2-8-2021, 4:24:06 PM
blindgamers14(mack_o_s) used a bomb_defuser 2-8-2021, 4:24:10 PM
blindgamers14(mack_o_s) used a bomb_defuser 2-8-2021, 4:24:10 PM
blindgamers14(mack_o_s) used a bomb_defuser 2-8-2021, 4:24:13 PM
blindgamers14(mack_o_s) used a bomb_defuser 2-8-2021, 4:24:13 PM
blindgamers14(mack_o_s) used a bomb_defuser 2-8-2021, 4:24:14 PM
blindgamers14(mack_o_s) used a bomb_defuser 2-8-2021, 4:24:18 PM
blindgamers14(mack_o_s) used a bomb_defuser 2-8-2021, 4:24:19 PM
blindgamers14(mack_o_s) used a fight_inviter 2-8-2021, 4:24:41 PM
blindgamers14(mack_o_s) used a air_canister 2-8-2021, 4:27:19 PM
blindgamers14(mack_o_s) used a fight_inviter 2-8-2021, 4:27:25 PM
blindgamers14(mack_o_s) used a dead_wolf 2-8-2021, 4:28:15 PM
blindgamers14(mack_o_s) used a dead_wolf 2-8-2021, 4:28:15 PM
blindgamers14(mack_o_s) used a dead_wolf 2-8-2021, 4:28:15 PM
blindgamers14(mack_o_s) used a dead_wolf 2-8-2021, 4:28:16 PM
blindgamers14(mack_o_s) used a dead_wolf 2-8-2021, 4:28:16 PM
blindgamers14(mack_o_s) used a dead_wolf 2-8-2021, 4:28:16 PM
blindgamers14(mack_o_s) used a dead_wolf 2-8-2021, 4:28:16 PM
blindgamers14(mack_o_s) used a dead_wolf 2-8-2021, 4:28:16 PM
blindgamers14(mack_o_s) used a dead_wolf 2-8-2021, 4:28:16 PM
blindgamers14(mack_o_s) used a dead_wolf 2-8-2021, 4:28:17 PM
blindgamers14(mack_o_s) used a dead_wolf 2-8-2021, 4:28:17 PM
blindgamers14(mack_o_s) used a dead_wolf 2-8-2021, 4:28:17 PM
blindgamers14(mack_o_s) used a dead_wolf 2-8-2021, 4:28:17 PM
blindgamers14(mack_o_s) used a dead_wolf 2-8-2021, 4:28:17 PM
blindgamers14(mack_o_s) used a dead_wolf 2-8-2021, 4:28:18 PM
blindgamers14(mack_o_s) used a dead_wolf 2-8-2021, 4:28:18 PM
blindgamers14(mack_o_s) used a dead_wolf 2-8-2021, 4:28:18 PM
blindgamers14(mack_o_s) used a dead_wolf 2-8-2021, 4:28:18 PM
blindgamers14(mack_o_s) used a dead_wolf 2-8-2021, 4:28:18 PM
blindgamers14(mack_o_s) used a dead_wolf 2-8-2021, 4:28:18 PM
blindgamers14(mack_o_s) used a rpg7 2-8-2021, 4:29:32 PM
blindgamers14(mack_o_s) used a shield 2-8-2021, 4:29:37 PM
blindgamers14(mack_o_s) used a shield 2-8-2021, 4:29:37 PM
blindgamers14(mack_o_s) used a shield 2-8-2021, 4:29:37 PM
blindgamers14(mack_o_s) used a shield 2-8-2021, 4:29:37 PM
blindgamers14(mack_o_s) used a shield 2-8-2021, 4:29:37 PM
blindgamers14(mack_o_s) used a shield 2-8-2021, 4:29:37 PM
blindgamers14(mack_o_s) used a shield 2-8-2021, 4:29:38 PM
blindgamers14(mack_o_s) used a shield 2-8-2021, 4:29:38 PM
blindgamers14(mack_o_s) used a shield 2-8-2021, 4:29:38 PM
blindgamers14(mack_o_s) used a shield 2-8-2021, 4:29:38 PM
blindgamers14(mack_o_s) used a shield 2-8-2021, 4:29:38 PM
blindgamers14(mack_o_s) used a shield 2-8-2021, 4:29:38 PM
blindgamers14(mack_o_s) used a shield 2-8-2021, 4:29:39 PM
blindgamers14(mack_o_s) used a shield 2-8-2021, 4:29:39 PM
blindgamers14(mack_o_s) used a shield 2-8-2021, 4:29:39 PM
blindgamers14(mack_o_s) used a shield 2-8-2021, 4:29:39 PM
blindgamers14(mack_o_s) used a shield 2-8-2021, 4:29:39 PM
blindgamers14(mack_o_s) used a shield 2-8-2021, 4:29:39 PM
blindgamers14(mack_o_s) used a shield 2-8-2021, 4:29:40 PM
blindgamers14(mack_o_s) used a shield 2-8-2021, 4:29:40 PM
blindgamers14(mack_o_s) used a shield 2-8-2021, 4:29:40 PM
blindgamers14(mack_o_s) used a shield 2-8-2021, 4:29:40 PM
blindgamers14(mack_o_s) used a shield 2-8-2021, 4:29:40 PM
blindgamers14(mack_o_s) used a shield 2-8-2021, 4:29:41 PM
blindgamers14(mack_o_s) used a shield 2-8-2021, 4:29:41 PM
blindgamers14(mack_o_s) used a shield 2-8-2021, 4:29:41 PM
blindgamers14(mack_o_s) used a shield 2-8-2021, 4:29:41 PM
blindgamers14(mack_o_s) used a shield 2-8-2021, 4:29:41 PM
blindgamers14(mack_o_s) used a shield 2-8-2021, 4:29:41 PM
blindgamers14(mack_o_s) used a shield 2-8-2021, 4:29:41 PM
blindgamers14(mack_o_s) used a shield 2-8-2021, 4:29:42 PM
blindgamers14(mack_o_s) used a shield 2-8-2021, 4:29:42 PM
blindgamers14(mack_o_s) used a remote_bomb 2-8-2021, 4:35:21 PM
blindgamers14(mack_o_s) used a remote_bomb 2-8-2021, 4:35:51 PM
blindgamers14(mack_o_s) used a remote_bomb 2-8-2021, 4:35:53 PM
blindgamers14(mack_o_s) used a remote_bomb 2-8-2021, 4:37:37 PM
blindgamers14(mack_o_s) used a remote_bomb 2-8-2021, 4:37:39 PM
blindgamers14(mack_o_s) used a remote_bomb 2-8-2021, 4:37:40 PM
blindgamers14(mack_o_s) used a remote_bomb 2-8-2021, 4:37:41 PM
blindgamers14(mack_o_s) used a remote_bomb 2-8-2021, 4:37:43 PM
blindgamers14(mack_o_s) used a suicide_bomb 2-8-2021, 4:38:55 PM
blindgamers14(mack_o_s) used a rpg7 2-8-2021, 4:39:34 PM
blindgamers14(mack_o_s) used a tk_ultra_health_potion 2-8-2021, 4:39:41 PM
blindgamers14(mack_o_s) used a tk_ultra_health_potion 2-8-2021, 4:39:41 PM
blindgamers14(mack_o_s) used a warp_box 2-8-2021, 4:40:08 PM
blindgamers14(mack_o_s) used a tk_ultra_health_potion 2-8-2021, 4:44:53 PM
blindgamers14(mack_o_s) used a tk_ultra_health_potion 2-8-2021, 4:44:54 PM
blindgamers14(mack_o_s) used a rocket_launcher 2-8-2021, 4:44:56 PM
blindgamers14(mack_o_s) used a tk_ultra_health_potion 2-8-2021, 4:47:22 PM
blindgamers14(mack_o_s) used a tk_ultra_health_potion 2-8-2021, 4:47:22 PM
blindgamers14(mack_o_s) used a tk_ultra_health_potion 2-8-2021, 4:47:22 PM
blindgamers14(mack_o_s) used a rocket_launcher 2-8-2021, 4:47:25 PM
blindgamers14(mack_o_s) used a rocket_launcher 2-8-2021, 4:47:26 PM
blindgamers14(mack_o_s) used a health_drink 2-8-2021, 4:47:28 PM
blindgamers14(mack_o_s) used a rocket_launcher 2-8-2021, 4:53:38 PM
blindgamers14(mack_o_s) used a rocket_launcher 2-8-2021, 4:53:39 PM
blindgamers14(mack_o_s) used a tk_ultra_health_potion 2-8-2021, 4:53:58 PM
blindgamers14(mack_o_s) used a tk_ultra_health_potion 2-8-2021, 4:53:58 PM
blindgamers14(mack_o_s) used a tk_ultra_health_potion 2-8-2021, 4:54:40 PM
blindgamers14(mack_o_s) used a tk_ultra_health_potion 2-8-2021, 4:54:40 PM
blindgamers14(mack_o_s) used a health_drink 2-8-2021, 4:54:41 PM
blindgamers14(mack_o_s) used a health_drink 2-8-2021, 4:54:41 PM
blindgamers14(mack_o_s) used a health_drink 2-8-2021, 4:54:42 PM
blindgamers14(mack_o_s) used a health_drink 2-8-2021, 4:54:42 PM
blindgamers14(mack_o_s) used a health_drink 2-8-2021, 4:54:42 PM
blindgamers14(mack_o_s) used a health_drink 2-8-2021, 4:54:47 PM
blindgamers14(mack_o_s) used a health_drink 2-8-2021, 4:54:47 PM
blindgamers14(mack_o_s) used a health_drink 2-8-2021, 4:54:54 PM
blindgamers14(mack_o_s) used a health_drink 2-8-2021, 4:54:54 PM
blindgamers14(mack_o_s) used a health_drink 2-8-2021, 4:54:54 PM
blindgamers14(mack_o_s) used a tk_ultra_health_potion 2-8-2021, 4:56:32 PM
blindgamers14(mack_o_s) used a shield 2-8-2021, 4:56:34 PM
blindgamers14(mack_o_s) used a shield 2-8-2021, 4:56:34 PM
blindgamers14(mack_o_s) used a shield 2-8-2021, 4:56:34 PM
blindgamers14(mack_o_s) used a shield 2-8-2021, 4:56:34 PM
blindgamers14(mack_o_s) used a shield 2-8-2021, 4:56:34 PM
blindgamers14(mack_o_s) used a shield 2-8-2021, 4:56:34 PM
blindgamers14(mack_o_s) used a shield 2-8-2021, 4:56:34 PM
blindgamers14(mack_o_s) used a shield 2-8-2021, 4:56:35 PM
blindgamers14(mack_o_s) used a shield 2-8-2021, 4:56:35 PM
blindgamers14(mack_o_s) used a shield 2-8-2021, 4:56:35 PM
blindgamers14(mack_o_s) used a shield 2-8-2021, 4:56:36 PM
blindgamers14(mack_o_s) used a health_drink 2-8-2021, 4:56:46 PM
blindgamers14(mack_o_s) used a health_drink 2-8-2021, 4:56:46 PM
blindgamers14(mack_o_s) used a tk_ultra_health_potion 2-8-2021, 4:57:20 PM