
phamhoangminh (phamhoangminh) said hihi haha 2-8-2021, 3:35:56 AM
phamhoangminh (phamhoangminh) said nikitaca 2-8-2021, 3:51:53 AM
phamhoangminh (phamhoangminh) said I don't know anything about bgt 2-8-2021, 3:55:43 AM
phamhoangminh (phamhoangminh) said chao khang 2-8-2021, 6:38:38 AM
phamhoangminh (phamhoangminh) said f 2-8-2021, 6:40:33 AM
phamhoangminh (phamhoangminh) said hahahahahahahah 2-8-2021, 6:44:01 AM
phamhoangminh (phamhoangminh) said ban may len ma may len level cai gi ve store chao hoi ban minh di 2-8-2021, 6:45:04 AM
phamhoangminh (phamhoangminh) said suicide 2-8-2021, 7:17:42 AM
phamhoangminh (phamhoangminh) said neu may khong muon choi game nua thi co the bam escap de thoat game nha vuonge 2-8-2021, 7:46:18 AM
phamhoangminh (phamhoangminh) said la phim escape  2-8-2021, 7:47:02 AM
phamhoangminh (phamhoangminh) said fuck 2-8-2021, 8:04:18 AM
phamhoangminh (phamhoangminh) said toi co chu nhung ma kho noi thanh kiem huyen thoai no di cham lam 2-8-2021, 8:10:15 AM
phamhoangminh (phamhoangminh) said ok 2-8-2021, 8:12:07 AM
phamhoangminh (phamhoangminh) said me no 2-8-2021, 8:14:56 AM
phamhoangminh (phamhoangminh) said may offline di vuong 2-8-2021, 8:17:13 AM
phamhoangminh (phamhoangminh) said hay hay lam 2-8-2021, 8:18:20 AM
phamhoangminh (phamhoangminh) said .r ban co item grabber khong 2-8-2021, 8:23:06 AM
phamhoangminh (phamhoangminh) said troi oi dung co vao do 2-8-2021, 8:23:24 AM
phamhoangminh (phamhoangminh) said ok 2-8-2021, 8:23:40 AM
phamhoangminh (phamhoangminh) said vay ban toi 0 100 0 di toi cho 2-8-2021, 8:24:25 AM
phamhoangminh (phamhoangminh) said nhieu do khong 2-8-2021, 8:30:28 AM
phamhoangminh (phamhoangminh) said hello mn 2-8-2021, 8:36:04 AM
phamhoangminh (phamhoangminh) said tao dam may bay gio 2-8-2021, 8:36:47 AM
phamhoangminh (phamhoangminh) said thi do hahahahahah 2-8-2021, 8:38:42 AM
phamhoangminh (phamhoangminh) said no cung la nguoi viet nam 2-8-2021, 8:39:32 AM
phamhoangminh (phamhoangminh) said no ten la hoang huynh 2-8-2021, 8:39:46 AM
phamhoangminh (phamhoangminh) said u chao 2-8-2021, 8:40:22 AM
phamhoangminh (phamhoangminh) said tao dau co su dung may ao dau 2-8-2021, 8:41:05 AM
phamhoangminh (phamhoangminh) said tai vi game da sua duoc roi thi mat gi tao phai su dung may ao chu 2-8-2021, 8:41:28 AM
phamhoangminh (phamhoangminh) said co phai no ten la PhamHungVuong khong 2-8-2021, 8:41:54 AM
phamhoangminh (phamhoangminh) said khong phai no la thang hoang huynh 2-8-2021, 8:42:42 AM
phamhoangminh (phamhoangminh) said no la nguoi viet nam 2-8-2021, 8:43:12 AM
phamhoangminh (phamhoangminh) said newbie la nguoi moi 2-8-2021, 8:44:14 AM
phamhoangminh (phamhoangminh) said ok cai gi 2-8-2021, 8:44:36 AM
phamhoangminh (phamhoangminh) said thang dien 2-8-2021, 8:45:29 AM
phamhoangminh (phamhoangminh) said do la tro giup 2-8-2021, 8:47:20 AM
phamhoangminh (phamhoangminh) said nhap /help 2-8-2021, 8:47:31 AM
phamhoangminh (phamhoangminh) said cai gi hoai vay vuong 2-8-2021, 8:48:23 AM
phamhoangminh (phamhoangminh) said hahahahahahah 2-8-2021, 8:51:00 AM
phamhoangminh (phamhoangminh) said dung yen coi vuong 2-8-2021, 8:55:35 AM
phamhoangminh (phamhoangminh) said cai do la cai hoi nay tao su dung a 2-8-2021, 8:56:55 AM
phamhoangminh (phamhoangminh) said su dung di vuong 2-8-2021, 8:57:39 AM
phamhoangminh (phamhoangminh) said hi 2-8-2021, 8:58:51 AM
phamhoangminh (phamhoangminh) said the ping took 255 ms 2-8-2021, 8:59:21 AM
phamhoangminh (phamhoangminh) said ua team minh dau 2-8-2021, 9:11:35 AM
phamhoangminh (phamhoangminh) said sao ma offline roi online hoai vay 2-8-2021, 9:12:08 AM
phamhoangminh (phamhoangminh) said may tha robot ra chi vay 2-8-2021, 9:27:05 AM
phamhoangminh (phamhoangminh) said tha cai nay moi phe ne 2-8-2021, 9:29:07 AM
phamhoangminh (phamhoangminh) said la suicide moi dung 2-8-2021, 9:29:31 AM
phamhoangminh (phamhoangminh) said leo len 2-8-2021, 9:51:39 AM
phamhoangminh (phamhoangminh) said die die die die hahaha 2-8-2021, 12:02:05 PM
phamhoangminh (phamhoangminh) said coin, 51887548 2-8-2021, 12:02:31 PM
phamhoangminh (phamhoangminh) said die die  2-8-2021, 12:15:00 PM
phamhoangminh (phamhoangminh) said hahahahah 2-8-2021, 12:33:24 PM
phamhoangminh (phamhoangminh) said dung yen coi 2-8-2021, 1:18:51 PM
phamhoangminh (phamhoangminh) said hoi trua tao co cho may item grabber do may ra ngoai main ma su dung 2-8-2021, 1:20:19 PM
phamhoangminh (phamhoangminh) said neu nhu muon mua do thi bam khoang trang de vao menu mua sau do may bam phim tuong ung de mua mon do do 2-8-2021, 1:30:49 PM
phamhoangminh (phamhoangminh) said co  2-8-2021, 1:37:13 PM
phamhoangminh (phamhoangminh) said nhung ma truoc tien may phai mo balo  2-8-2021, 1:39:15 PM
phamhoangminh (phamhoangminh) said ok thanks 2-8-2021, 1:39:51 PM
phamhoangminh (phamhoangminh) said thoi bay gio tao di nhay map de kiem them coin day 2-8-2021, 1:40:30 PM
phamhoangminh (phamhoangminh) said lat 2-8-2021, 1:49:02 PM
phamhoangminh (phamhoangminh) said hi developer 2-8-2021, 1:52:59 PM
phamhoangminh (phamhoangminh) said give me item grabber 2-8-2021, 1:53:28 PM
phamhoangminh (phamhoangminh) said give me item grabber 2-8-2021, 1:54:23 PM
phamhoangminh (phamhoangminh) said ok 2-8-2021, 1:54:43 PM
phamhoangminh (phamhoangminh) said give me zulfikar  2-8-2021, 2:01:35 PM
phamhoangminh (phamhoangminh) said what, I do not understand 2-8-2021, 2:02:55 PM
phamhoangminh (phamhoangminh) said So where is the warehouse 2-8-2021, 2:04:08 PM
phamhoangminh (phamhoangminh) said So can you tell me where the cave is 2-8-2021, 2:06:01 PM
phamhoangminh (phamhoangminh) said location 2-8-2021, 2:07:03 PM
phamhoangminh (phamhoangminh) said can you show me there 2-8-2021, 2:10:50 PM