
teja (teja) sent /t roflgamer? 1-27-2021, 8:02:41 AM
teja (teja) sent /jointeam MASTERS 2021 1-27-2021, 8:02:49 AM
teja (teja) sent /r Hello  1-27-2021, 8:03:04 AM
teja (teja) sent /jointeam masters 2021 1-27-2021, 8:03:13 AM
teja (teja) sent /r how are you? 1-27-2021, 8:03:22 AM
teja (teja) sent /r no 1-27-2021, 8:03:53 AM
teja (teja) sent /r leave team let us try to fight with hand kannen  1-27-2021, 8:04:06 AM
teja (teja) sent /r what you say 1-27-2021, 8:04:15 AM
teja (teja) sent /r k 1-27-2021, 8:04:22 AM
teja (teja) sent /teamleave 1-27-2021, 8:04:25 AM
teja (teja) sent /r lets try  1-27-2021, 8:04:36 AM
teja (teja) sent /r i will help you? 1-27-2021, 8:04:43 AM
teja (teja) sent /r hand kannen ranges from 500 tiles 1-27-2021, 8:04:53 AM
teja (teja) sent /r 500 tiles 1-27-2021, 8:05:02 AM
teja (teja) sent /jointeam masters 2021 1-27-2021, 8:05:12 AM
teja (teja) sent /t no 1-27-2021, 8:05:31 AM
teja (teja) sent /t you should kill me with hand kannen 1-27-2021, 8:05:48 AM
teja (teja) sent /t lets leave team 1-27-2021, 8:05:59 AM
teja (teja) sent /t k 1-27-2021, 8:06:19 AM
teja (teja) sent /t lets go there 1-27-2021, 8:06:27 AM
teja (teja) sent /suicide 1-27-2021, 8:06:31 AM
teja (teja) sent /t k 1-27-2021, 8:07:26 AM
teja (teja) sent /t no suicide boms 1-27-2021, 8:07:42 AM
teja (teja) sent /t k 1-27-2021, 8:07:52 AM
teja (teja) sent /t i will use hand kannen 1-27-2021, 8:08:03 AM
teja (teja) sent /t just you on the map 1-27-2021, 8:08:21 AM
teja (teja) sent /t current location: main 1-27-2021, 8:08:29 AM
teja (teja) sent /lchat k 1-27-2021, 8:08:32 AM
teja (teja) sent /lchat track me 1-27-2021, 8:08:42 AM
teja (teja) sent /lchat sorry? 1-27-2021, 8:08:52 AM
teja (teja) sent /lchat lets leave team 1-27-2021, 8:08:59 AM
teja (teja) sent /teamleave 1-27-2021, 8:09:05 AM
teja (teja) sent /lchat left team? 1-27-2021, 8:09:26 AM
teja (teja) sent /lchat k 1-27-2021, 8:10:02 AM
teja (teja) sent /lchat 790690 1-27-2021, 8:10:13 AM
teja (teja) sent /lchat oh 1-27-2021, 8:10:51 AM
teja (teja) sent /lchat k 1-27-2021, 8:11:00 AM
teja (teja) sent /lchat pack_of_10_remote_timebomb is behind and slightly to the left, 12 feet away.  1-27-2021, 8:11:28 AM
teja (teja) sent /lchat rofl 1-27-2021, 8:11:59 AM
teja (teja) sent /lchat rofl 1-27-2021, 8:12:43 AM
teja (teja) sent /lchat too far 1-27-2021, 8:12:45 AM
teja (teja) sent /lchat streight in front (512 tiles away)  in main at 433, 364, 0 1-27-2021, 8:13:21 AM
teja (teja) sent /lchat waite 1-27-2021, 8:13:49 AM
teja (teja) sent /jointeam masters 2021 1-27-2021, 8:14:11 AM
teja (teja) sent /t rofl 1-27-2021, 8:14:31 AM
teja (teja) sent /t how much range 1-27-2021, 8:14:53 AM
teja (teja) sent /t armored_tank, 45 1-27-2021, 8:14:58 AM
teja (teja) sent /t armored_tank, 45 1-27-2021, 8:15:13 AM
teja (teja) sent /t oh 1-27-2021, 8:15:21 AM
teja (teja) sent /t lets try again 1-27-2021, 8:15:26 AM
teja (teja) sent /t try  1-27-2021, 8:15:33 AM
teja (teja) sent /teamleave 1-27-2021, 8:15:40 AM
teja (teja) sent /lchat k 1-27-2021, 8:15:55 AM
teja (teja) sent /lchat you do not move i will cum 1-27-2021, 8:16:05 AM
teja (teja) sent /jointeam masters 2021 1-27-2021, 8:16:53 AM
teja (teja) sent /t rofl that time i was trying to join team rofl 1-27-2021, 8:17:15 AM
teja (teja) sent /t k 1-27-2021, 8:18:01 AM
teja (teja) sent /lchat k 1-27-2021, 8:18:29 AM
teja (teja) sent /teamleave 1-27-2021, 8:18:33 AM
teja (teja) sent /lchat do not anil? 1-27-2021, 8:20:41 AM
teja (teja) sent /lchat k if you want then tell me  we can fight 1-27-2021, 8:21:02 AM
teja (teja) sent /lchat anil if you can then cum and fight like a man 1-27-2021, 8:21:26 AM
teja (teja) sent /lchat then cum 1-27-2021, 8:21:45 AM
teja (teja) sent /lchat anil cum and fight  like a amn 1-27-2021, 8:22:01 AM
teja (teja) sent /lchat man 1-27-2021, 8:22:03 AM
teja (teja) sent /lchat waite anil 1-27-2021, 8:24:24 AM
teja (teja) sent /jointeam masters 2021 1-27-2021, 8:24:40 AM
teja (teja) sent /lchat i will give you anil? 1-27-2021, 8:24:49 AM
teja (teja) sent /lchat i have morthen 100 1-27-2021, 8:25:02 AM
teja (teja) sent /lchat i to have 1-27-2021, 8:25:18 AM
teja (teja) sent /t rofl? 1-27-2021, 8:25:59 AM
teja (teja) sent /lchat shell i give anil 1-27-2021, 8:26:14 AM
teja (teja) sent /pm vishnu sorry anil 1-27-2021, 8:26:22 AM
teja (teja) sent /pm vishnu we  was testing some thing that time you haed killed me  1-27-2021, 8:26:49 AM
teja (teja) sent /t hay blindgamers4 1-27-2021, 8:27:08 AM
teja (teja) sent /r k 1-27-2021, 8:27:15 AM
teja (teja) sent /t blindgamers14? 1-27-2021, 8:27:23 AM
teja (teja) sent /lchat lets go and test hand kannen 1-27-2021, 8:27:54 AM
teja (teja) sent /lchat exit to the main 1-27-2021, 8:28:22 AM
teja (teja) sent /t cum? 1-27-2021, 8:28:34 AM
teja (teja) sent /bid 11 1-27-2021, 8:28:56 AM
teja (teja) sent /bid 13 1-27-2021, 8:28:59 AM
teja (teja) sent /bid 10001 1-27-2021, 8:29:07 AM
teja (teja) sent /bid 12001 1-27-2021, 8:29:23 AM
teja (teja) sent /cancelauction 1-27-2021, 8:29:30 AM
teja (teja) sent /cancelbid y 1-27-2021, 8:29:32 AM
teja (teja) sent /bid 13001 1-27-2021, 8:29:41 AM
teja (teja) sent /cancelauction 1-27-2021, 8:29:52 AM
teja (teja) sent /cancelbid y 1-27-2021, 8:29:53 AM
teja (teja) sent /cancelbid y 1-27-2021, 8:29:55 AM
teja (teja) sent /bid 1206 1-27-2021, 8:30:03 AM
teja (teja) sent /bid 13009 1-27-2021, 8:30:12 AM
teja (teja) sent /cancelbid y 1-27-2021, 8:30:27 AM
teja (teja) sent /cancelbid y 1-27-2021, 8:30:30 AM
teja (teja) sent /bid 13001 1-27-2021, 8:30:39 AM
teja (teja) sent /bid 13006 1-27-2021, 8:30:52 AM
teja (teja) sent /sell 1-27-2021, 8:30:54 AM
teja (teja) sent /cancelauction 1-27-2021, 8:30:57 AM
teja (teja) sent /cancelbid y 1-27-2021, 8:30:59 AM
teja (teja) sent /bid 13006 1-27-2021, 8:31:12 AM
teja (teja) sent /t blindgamers14? 1-27-2021, 8:31:34 AM
teja (teja) sent /t lets go to door to the house at 223, 449, 2 1-27-2021, 8:32:03 AM
teja (teja) sent /t what is the use of walk  box 1-27-2021, 8:32:39 AM
teja (teja) sent /t oh 1-27-2021, 8:33:02 AM
teja (teja) sent /t nice? 1-27-2021, 8:33:07 AM
teja (teja) sent /t rofl nice 1-27-2021, 8:33:44 AM
teja (teja) sent /t 456, 257, 0.  1-27-2021, 8:34:14 AM
teja (teja) sent /t 307, 257, 0.  1-27-2021, 8:34:20 AM
teja (teja) sent /t roflflf nice roflflff 1-27-2021, 8:34:32 AM
teja (teja) sent /r yeah 1-27-2021, 8:37:02 AM
teja (teja) sent /r wich one? 1-27-2021, 8:37:32 AM
teja (teja) sent /r the one wich i had given you? 1-27-2021, 8:37:44 AM
teja (teja) sent /r yeah? 1-27-2021, 8:38:00 AM
teja (teja) sent /r oh 1-27-2021, 8:38:16 AM
teja (teja) sent /r my pendrive is with bhanu  1-27-2021, 8:38:29 AM
teja (teja) sent /r he might be taken from that one 1-27-2021, 8:38:50 AM
teja (teja) sent /r to play that game we need to press a, s, z, x know? 1-27-2021, 8:39:11 AM
teja (teja) sent /r k then how? 1-27-2021, 8:39:24 AM
teja (teja) sent /r k 1-27-2021, 8:39:36 AM
teja (teja) sent /r then tell is it online  1-27-2021, 8:39:44 AM
teja (teja) sent /t you can't use the warp_box here, because you are near edges  1-27-2021, 8:41:24 AM
teja (teja) sent /r you can't use the warp_box here, because you are near edges  1-27-2021, 8:41:28 AM
teja (teja) sent /r oh 1-27-2021, 8:41:43 AM
teja (teja) sent /r k but how much m b 1-27-2021, 8:42:08 AM
teja (teja) sent /t hello 1-27-2021, 8:42:42 AM
teja (teja) sent /t cum 1-27-2021, 8:42:45 AM
teja (teja) sent /r k 1-27-2021, 8:42:46 AM
teja (teja) sent /r send me 1-27-2021, 8:42:49 AM
teja (teja) sent /r k 1-27-2021, 8:42:57 AM
teja (teja) sent /r do not send me 1-27-2021, 8:43:01 AM
teja (teja) sent /r my memorey is there with you know  1-27-2021, 8:43:23 AM
teja (teja) sent /r copy to it 1-27-2021, 8:43:30 AM
teja (teja) sent /r k 1-27-2021, 8:45:07 AM
teja (teja) sent /r copy to my memorey card to 1-27-2021, 8:45:20 AM
teja (teja) sent /r can you take pendrive and give it to praveen 1-27-2021, 8:45:54 AM
teja (teja) sent /r from bhannu 1-27-2021, 8:46:03 AM
teja (teja) sent /r my class 1-27-2021, 8:46:11 AM
teja (teja) sent /r mate 1-27-2021, 8:46:17 AM
teja (teja) sent /r yeah 1-27-2021, 8:46:34 AM
teja (teja) sent /r i think you all are going to give them party 1-27-2021, 8:47:27 AM
teja (teja) sent /r oh 1-27-2021, 8:47:44 AM
teja (teja) sent /r no 1-27-2021, 8:47:50 AM
teja (teja) sent /r oh 1-27-2021, 8:48:13 AM
teja (teja) sent /r rofl calage is in our school rofl 1-27-2021, 8:48:35 AM
teja (teja) sent /r i think naresh ssir will  ask you to give 1-27-2021, 8:49:11 AM
teja (teja) sent /r yeah but sai junier is in devnar school new building  1-27-2021, 8:49:35 AM
teja (teja) sent /r nice? 1-27-2021, 8:50:20 AM
teja (teja) sent /r there standerd of leaving is very high  1-27-2021, 8:51:05 AM
teja (teja) sent /r but you need to buy thinks know? 1-27-2021, 8:51:36 AM
teja (teja) sent /r things 1-27-2021, 8:51:45 AM
teja (teja) sent /r and very bad air there 1-27-2021, 8:52:18 AM
teja (teja) sent /r very cold 1-27-2021, 8:52:23 AM
teja (teja) sent /t rofl? 1-27-2021, 8:52:40 AM
teja (teja) sent /t tq 1-27-2021, 8:54:46 AM
teja (teja) sent /t rofl 1-27-2021, 8:55:22 AM
teja (teja) sent /t rofl? 1-27-2021, 8:55:36 AM
teja (teja) sent /t k 1-27-2021, 8:55:51 AM
teja (teja) sent /t cum lets kill him 1-27-2021, 8:55:56 AM
teja (teja) sent /bid 10001 1-27-2021, 8:56:22 AM
teja (teja) sent /t rofl 1-27-2021, 8:57:26 AM
teja (teja) sent /bestplayer 1-27-2021, 8:57:39 AM
teja (teja) sent /t the best player is blindgamers14 with 334 kils 1-27-2021, 8:57:47 AM
teja (teja) sent /t cum 1-27-2021, 8:57:59 AM
teja (teja) sent /t hay 1-27-2021, 9:07:01 AM
teja (teja) sent /t nice? 1-27-2021, 9:07:16 AM
teja (teja) sent /t dun now 1-27-2021, 9:07:24 AM
teja (teja) sent /t fone call 1-27-2021, 9:07:38 AM
teja (teja) sent /lchat your armored_tank has 1000000 health, and 100% fuel. last hit by nothing 1-27-2021, 9:08:00 AM
teja (teja) sent /t nice? 1-27-2021, 9:09:55 AM
teja (teja) sent /t pack of 20 missile interceptor 1-27-2021, 9:10:04 AM
teja (teja) sent /t rofl? 1-27-2021, 9:10:12 AM
teja (teja) sent /t nothing 1-27-2021, 9:11:14 AM
teja (teja) sent /t hit alfina's shelter 1-27-2021, 9:11:32 AM
teja (teja) sent /t wich one 1-27-2021, 9:11:58 AM
teja (teja) sent /t hit alfina's shelter 1-27-2021, 9:12:03 AM
teja (teja) sent /t k 1-27-2021, 9:12:10 AM
teja (teja) sent /t rofl 1-27-2021, 9:12:26 AM
teja (teja) sent /t k hit alfina's shelter  1-27-2021, 9:12:48 AM
teja (teja) sent /t that one? 1-27-2021, 9:12:51 AM
teja (teja) sent /t k  1-27-2021, 9:12:59 AM
teja (teja) sent /t k 1-27-2021, 9:13:07 AM
teja (teja) sent /t take coins  1-27-2021, 9:13:16 AM
teja (teja) sent /t from there 1-27-2021, 9:13:21 AM
teja (teja) sent /t if some one destoyes? 1-27-2021, 9:13:44 AM
teja (teja) sent /t destroyes 1-27-2021, 9:13:48 AM
teja (teja) sent /t rofl? 1-27-2021, 9:14:47 AM
teja (teja) sent /t what all there? 1-27-2021, 9:15:08 AM
teja (teja) sent /t nice 1-27-2021, 9:15:17 AM
teja (teja) sent /t you have 1350 air. this should last you about 1 hour, 18 minutes and 45 seconds 1-27-2021, 9:15:21 AM
teja (teja) sent /t rofl need air? 1-27-2021, 9:15:31 AM
teja (teja) sent /t i need  1-27-2021, 9:15:36 AM
teja (teja) sent /t can you? 1-27-2021, 9:15:45 AM
teja (teja) sent /t air canister 1-27-2021, 9:15:55 AM
teja (teja) sent /t k 1-27-2021, 9:16:04 AM
teja (teja) sent /t k 1-27-2021, 9:16:11 AM
teja (teja) sent /t ware? 1-27-2021, 9:17:04 AM
teja (teja) sent /t oh why it had atacked you? 1-27-2021, 9:17:57 AM
teja (teja) sent /lchat sorry 1-27-2021, 9:18:04 AM
teja (teja) sent /lchat sorry? 1-27-2021, 9:18:21 AM
teja (teja) sent /lchat remote timebomb 1-27-2021, 9:18:38 AM
teja (teja) sent /t k 1-27-2021, 9:19:55 AM
teja (teja) sent /lchat i like this remote gun sound 1-27-2021, 9:21:18 AM
teja (teja) sent /lchat waite 1-27-2021, 9:21:28 AM
teja (teja) sent /lchat 2134 1-27-2021, 9:21:57 AM
teja (teja) sent /lchat rofl 1-27-2021, 9:22:18 AM
teja (teja) sent /lchat stop fire 1-27-2021, 9:22:28 AM
teja (teja) sent /lchat waite 1-27-2021, 9:23:19 AM
teja (teja) sent /lchat stay hear 1-27-2021, 9:23:24 AM
teja (teja) sent /lchat go little near 1-27-2021, 9:23:38 AM
teja (teja) sent /lchat go to 15 0 0 1-27-2021, 9:23:45 AM
teja (teja) sent /lchat lets test remote gun 1-27-2021, 9:24:15 AM
teja (teja) sent /lchat k 1-27-2021, 9:25:07 AM
teja (teja) sent /lchat k try 1-27-2021, 9:25:17 AM
teja (teja) sent /lchat good 1-27-2021, 9:25:56 AM
teja (teja) sent /lchat you can't use this yet 1-27-2021, 9:26:11 AM
teja (teja) sent /t sorry? 1-27-2021, 9:26:40 AM
teja (teja) sent /t tell me how you had cum that much fast 1-27-2021, 9:27:19 AM
teja (teja) sent /t rofl 1-27-2021, 9:27:44 AM
teja (teja) sent /t tell me they are working now? 1-27-2021, 9:27:59 AM
teja (teja) sent /t tell me they had worked when i was in stor 1-27-2021, 9:28:29 AM
teja (teja) sent /t stor 1-27-2021, 9:28:32 AM
teja (teja) sent /bid store 1-27-2021, 9:28:37 AM
teja (teja) sent /t nice? 1-27-2021, 9:28:48 AM
teja (teja) sent /t nice? 1-27-2021, 9:29:05 AM
teja (teja) sent /teamshelters 1-27-2021, 9:29:39 AM
teja (teja) sent /t ware it is 1-27-2021, 9:29:48 AM
teja (teja) sent /lchat you can't use the warp_box here, because you are near edges  1-27-2021, 9:30:22 AM
teja (teja) sent /lchat rofl 1-27-2021, 9:32:02 AM
teja (teja) sent /lchat now 1-27-2021, 9:32:24 AM
teja (teja) sent /r no 1-27-2021, 9:32:50 AM
teja (teja) sent /lchat you are not allowed to enter this shelter. 1-27-2021, 9:32:59 AM
teja (teja) sent /t tell me rofl 1-27-2021, 9:34:04 AM
teja (teja) sent /t going to bar 1-27-2021, 9:34:18 AM
teja (teja) sent /t current location: bar 1-27-2021, 9:34:37 AM
teja (teja) sent /t empty beer bottle 1-27-2021, 9:34:56 AM
teja (teja) sent /t how 1-27-2021, 9:35:47 AM
teja (teja) sent /t k 1-27-2021, 9:35:58 AM
teja (teja) sent /t Public: TeamTalk 5 Official Server (UK) 1-27-2021, 9:36:27 AM
teja (teja) sent /t roflgamer  1 of 1  level 1 1-27-2021, 9:36:40 AM
teja (teja) sent /t roflgamer  1 of 1  level 1 1-27-2021, 9:36:45 AM
teja (teja) sent /t you say 1-27-2021, 9:37:59 AM
teja (teja) sent /t k 1-27-2021, 9:39:35 AM
teja (teja) sent /t Channels list  tree view 1-27-2021, 9:40:44 AM
teja (teja) sent /t wich one 1-27-2021, 9:41:05 AM
teja (teja) sent /t wich one 1-27-2021, 9:41:11 AM
teja (teja) sent /t name 1-27-2021, 9:41:17 AM
teja (teja) sent /t rofl (1) - ??  collapsed  1 of 1  level 1 1-27-2021, 9:41:33 AM
teja (teja) sent /t rofl (2) - ??  expanded  1 of 1  level 1 1-27-2021, 9:42:55 AM
teja (teja) sent /t k 1-27-2021, 9:44:32 AM
teja (teja) sent /t tell me wich one  1-27-2021, 9:44:36 AM
teja (teja) sent /t not able to 1-27-2021, 9:46:54 AM
teja (teja) sent /t salman? 1-27-2021, 9:47:59 AM
teja (teja) sent /pm sgamer did you talk with my friend 1-27-2021, 9:48:16 AM
teja (teja) sent /r what he sed 1-27-2021, 9:48:32 AM
teja (teja) sent /r i sed you are my best friend in all the games 1-27-2021, 9:48:56 AM
teja (teja) sent /r rofl? 1-27-2021, 9:49:33 AM
teja (teja) sent /r you have surver now? 1-27-2021, 9:49:50 AM
teja (teja) sent /r now you have? 1-27-2021, 9:50:09 AM
teja (teja) sent /t rofl  1-27-2021, 9:50:42 AM
teja (teja) sent /r tell 1-27-2021, 9:51:25 AM
teja (teja) sent /r how he is talking? 1-27-2021, 9:51:50 AM
teja (teja) sent /r nice 1-27-2021, 9:52:15 AM
teja (teja) sent /r nice? 1-27-2021, 9:53:19 AM
teja (teja) sent /r try to make like pub 1-27-2021, 9:53:35 AM
teja (teja) sent /r nice 1-27-2021, 9:53:53 AM
teja (teja) sent /r try to lurn about pub then try to make like that 1-27-2021, 9:54:22 AM
teja (teja) sent /r no 1-27-2021, 9:54:46 AM
teja (teja) sent /r it should be 20 1-27-2021, 9:54:51 AM
teja (teja) sent /r some thing 1-27-2021, 9:54:58 AM
teja (teja) sent /r k 1-27-2021, 9:55:02 AM
teja (teja) sent /r i will edit 1-27-2021, 9:55:06 AM
teja (teja) sent /r waite 1-27-2021, 9:56:05 AM
teja (teja) sent /r mapname:jail
maxx:10
maxy:10
maxz:10
tile:0:10:0:10:0:0:cloth
src:0:10:0:10:0:10:hum.ogg:-1
zone:0:100:10:0:15:jail
tile:0:50:6:10:0:10:wallmetal22
tile:6:10:0:50:0:10:wallmetal19
tile:0:50:16:20:0:10:wallmetal22
tile:0:50:26:30:0:10:wallmetal21
tile:0:50:43:46:0:10:wallmetal16
tile:0:50:34:37:0:10:wallmetal14
tile:0:50:0:50:10:100:wallmetal21
tile:0:50:0:50:-100:-1:wallmetal10
tile:16:20:0:50:0:10:wallmedaldebris
tile:26:30:0:50:0:10:wallwood2
tile:36:40:0:50:0:10:wallmetal19
tile:44:46:0:50:0:10:wallwood8 1-27-2021, 10:02:35 AM
teja (teja) sent /r k 1-27-2021, 10:03:08 AM
teja (teja) sent /r give me game and tell me some things so i can help you in building maps?> 1-27-2021, 10:03:27 AM
teja (teja) sent /r salman? 1-27-2021, 10:03:34 AM
teja (teja) sent /r mapname:jail
maxx:50
maxy:50
maxz:50
tile:0:50:0:50:0:0:wood
src:0:50:0:50:0:50:hum.ogg:-1
zone:0:50:0:50:0:15:jail
tile:0:50:6:10:0:10:wallmetal22
tile:6:10:0:50:0:10:wallmetal19
tile:0:50:16:20:0:10:wallmetal22
tile:0:50:26:30:0:10:wallmetal21
tile:0:50:43:46:0:10:wallmetal16
tile:0:50:34:37:0:10:wallmetal14
tile:0:50:0:50:10:100:wallmetal21
tile:0:50:0:50:-100:-1:wallmetal10
tile:16:20:0:50:0:10:wallmedaldebris
tile:26:30:0:50:0:10:wallwood2
tile:36:40:0:50:0:10:wallmetal19
tile:44:46:0:50:0:10:wallwood8 1-27-2021, 10:03:46 AM
teja (teja) sent /r give me game 1-27-2021, 10:03:50 AM
teja (teja) sent /bid 20001 1-27-2021, 10:04:09 AM
teja (teja) sent /r i will go to hostal on 8th bef 1-27-2021, 10:04:49 AM
teja (teja) sent /r feb 1-27-2021, 10:04:52 AM
teja (teja) sent /t shipment contains 2000 invisibility_shield 1-27-2021, 10:05:08 AM
teja (teja) sent /t tq 1-27-2021, 10:05:10 AM
teja (teja) sent /t dun 1-27-2021, 10:05:41 AM
teja (teja) sent /t how much 1-27-2021, 10:06:04 AM
teja (teja) sent /cancelauction 1-27-2021, 10:06:04 AM
teja (teja) sent /t no 1-27-2021, 10:06:10 AM
teja (teja) sent /t you will luse 1-27-2021, 10:06:16 AM
teja (teja) sent /t what i should do 1-27-2021, 10:07:22 AM
teja (teja) sent /t no i have 1-27-2021, 10:07:47 AM
teja (teja) sent /cancelauction 1-27-2021, 10:09:22 AM
teja (teja) sent /t wich map 1-27-2021, 10:09:54 AM
teja (teja) sent /r k 1-27-2021, 10:10:05 AM
teja (teja) sent /r you need empty_beer_bottle, 75 1-27-2021, 10:10:21 AM
teja (teja) sent /r waite 1-27-2021, 10:10:30 AM
teja (teja) sent /r cum hear lets gather some  1-27-2021, 10:10:54 AM
teja (teja) sent /r current location: dance area 1-27-2021, 10:11:12 AM
teja (teja) sent /r rofl? 1-27-2021, 10:11:43 AM
teja (teja) sent /r oh 1-27-2021, 10:11:58 AM
teja (teja) sent /r Nice work 1-27-2021, 10:12:14 AM
teja (teja) sent /r good to safe shelter 1-27-2021, 10:12:22 AM
teja (teja) sent /lchat empty beer bottle 1-27-2021, 10:12:44 AM
teja (teja) sent /lchat k 1-27-2021, 10:13:02 AM
teja (teja) sent /lchat l 1-27-2021, 10:13:28 AM
teja (teja) sent /teamleave 1-27-2021, 10:13:51 AM
teja (teja) sent /t rofl 1-27-2021, 10:14:10 AM
teja (teja) sent /r nice 1-27-2021, 10:14:16 AM
teja (teja) sent /r k 1-27-2021, 10:14:37 AM
teja (teja) sent /r cum 1-27-2021, 10:14:39 AM
teja (teja) sent /lchat rofl kill me 1-27-2021, 10:15:33 AM
teja (teja) sent /lchat if you can 1-27-2021, 10:15:39 AM
teja (teja) sent /lchat rofl 1-27-2021, 10:15:50 AM
teja (teja) sent /lchat tell 1-27-2021, 10:19:35 AM
teja (teja) sent /lchat kill me rofl 1-27-2021, 10:19:41 AM
teja (teja) sent /suicide 1-27-2021, 10:22:21 AM
teja (teja) sent /jointeam masters 2021 1-27-2021, 10:22:41 AM
teja (teja) sent /t doog 1-27-2021, 10:22:50 AM
teja (teja) sent /t do one thing? 1-27-2021, 10:23:07 AM
teja (teja) sent /t buy  apple  botal 1-27-2021, 10:23:22 AM
teja (teja) sent /suicide 1-27-2021, 10:25:07 AM
teja (teja) sent /t nice 1-27-2021, 10:25:52 AM
teja (teja) sent /lchat wich one 1-27-2021, 10:28:11 AM
teja (teja) sent /lchat i will if i have 1-27-2021, 10:28:19 AM
teja (teja) sent /lchat k 1-27-2021, 10:29:13 AM
teja (teja) sent /lchat it can kill us 1-27-2021, 10:31:09 AM
teja (teja) sent /lchat northwest 1-27-2021, 10:32:29 AM
teja (teja) sent /lchat northeast 1-27-2021, 10:32:41 AM
teja (teja) sent /lchat southwest 1-27-2021, 10:33:31 AM
teja (teja) sent /pm hamidali bro do not cum they are 2 and you are only single  1-27-2021, 10:34:15 AM
teja (teja) sent /lchat the server has been up for 43 seconds 1-27-2021, 10:35:14 AM
teja (teja) sent /lchat surver srash 1-27-2021, 10:35:19 AM
teja (teja) sent /lchat crash 1-27-2021, 10:35:22 AM
teja (teja) sent /lchat knice? 1-27-2021, 10:39:09 AM
teja (teja) sent /lchat knice 1-27-2021, 10:39:14 AM
teja (teja) sent /lchat rofl? 1-27-2021, 10:39:49 AM
teja (teja) sent /lchat rofl 1-27-2021, 10:40:34 AM
teja (teja) sent /lchat no 1-27-2021, 10:40:41 AM
teja (teja) sent /lchat now track 1-27-2021, 10:40:47 AM
teja (teja) sent /t rofl 1-27-2021, 10:41:17 AM
teja (teja) sent /lchat waite 1-27-2021, 10:41:36 AM
teja (teja) sent /t sorry? 1-27-2021, 10:42:37 AM
teja (teja) sent /t sorry salman? 1-27-2021, 10:42:45 AM
teja (teja) sent /lchat rofl 1-27-2021, 10:43:56 AM
teja (teja) sent /lchat rofl 1-27-2021, 10:44:27 AM
teja (teja) sent /lchat do not use rocket 1-27-2021, 10:44:41 AM
teja (teja) sent /lchat no 1-27-2021, 10:45:29 AM
teja (teja) sent /lchat do not use rocket  1-27-2021, 10:45:35 AM
teja (teja) sent /lchat rofl? 1-27-2021, 10:46:58 AM
teja (teja) sent /lchat Charging battery. 65 percent 1-27-2021, 10:47:09 AM
teja (teja) sent /lchat why  1-27-2021, 10:48:06 AM
teja (teja) sent /pm sgamer salman? waht you say about his idea 1-27-2021, 10:58:05 AM
teja (teja) sent /r pub for blinds in mobyl  1-27-2021, 10:58:26 AM
teja (teja) sent /r why? 1-27-2021, 10:59:06 AM
teja (teja) sent /r what he did 1-27-2021, 10:59:22 AM
teja (teja) sent /r o? 1-27-2021, 10:59:38 AM
teja (teja) sent /r oh 1-27-2021, 11:00:04 AM
teja (teja) sent /lchat you can buy 1-27-2021, 11:02:14 AM
teja (teja) sent /lchat sorry 1-27-2021, 11:20:48 AM
teja (teja) sent /t one should go  1-27-2021, 11:24:29 AM
teja (teja) sent /t with rocket 1-27-2021, 11:24:35 AM
teja (teja) sent /lchat geko 1-27-2021, 11:26:56 AM
teja (teja) sent /lchat help? 1-27-2021, 11:27:05 AM
teja (teja) sent /lchat to lions 1-27-2021, 11:27:11 AM
teja (teja) sent /lchat no 1-27-2021, 11:27:49 AM
teja (teja) sent /lchat do not use it 1-27-2021, 11:27:58 AM
teja (teja) sent /lchat no 1-27-2021, 11:28:44 AM
teja (teja) sent /lchat a sniper, health 35000, damage 700 27000, distance 20, speed time 400, is streight behind, 33 feet away.  1-27-2021, 11:30:04 AM
teja (teja) sent /t k 1-27-2021, 11:30:56 AM
teja (teja) sent /t bai 1-27-2021, 11:30:58 AM