
krokodailtop(krokodailtop) used a the_legendary_sword 2-13-2021, 8:22:21 AM
krokodailtop(krokodailtop) used a rocket_launcher 2-13-2021, 8:22:28 AM
krokodailtop(krokodailtop) used a rpg7 2-13-2021, 8:22:32 AM
krokodailtop(krokodailtop) used a rpg7 2-13-2021, 8:22:35 AM
krokodailtop(krokodailtop) used a storm_sniper 2-13-2021, 8:22:47 AM
krokodailtop(krokodailtop) used a sniper 2-13-2021, 8:22:54 AM
krokodailtop(krokodailtop) used a hand_cannon 2-13-2021, 8:23:16 AM
krokodailtop(krokodailtop) used a pack_of_10_ammo_storm_sniper 2-13-2021, 8:26:02 AM
krokodailtop(krokodailtop) used a pack_of_10_ammo_storm_sniper 2-13-2021, 8:26:03 AM
krokodailtop(krokodailtop) used a pack_of_10_ammo_storm_sniper 2-13-2021, 8:26:03 AM
krokodailtop(krokodailtop) used a pack_of_10_ammo_storm_sniper 2-13-2021, 8:26:03 AM
krokodailtop(krokodailtop) used a pack_of_10_ammo_storm_sniper 2-13-2021, 8:26:03 AM
krokodailtop(krokodailtop) used a pack_of_10_ammo_storm_sniper 2-13-2021, 8:26:03 AM
krokodailtop(krokodailtop) used a pack_of_10_ammo_storm_sniper 2-13-2021, 8:26:03 AM
krokodailtop(krokodailtop) used a pack_of_10_ammo_storm_sniper 2-13-2021, 8:26:04 AM
krokodailtop(krokodailtop) used a pack_of_10_ammo_storm_sniper 2-13-2021, 8:26:04 AM
krokodailtop(krokodailtop) used a pack_of_10_ammo_storm_sniper 2-13-2021, 8:26:04 AM
krokodailtop(krokodailtop) used a pack_of_10_ammo_storm_sniper 2-13-2021, 8:26:04 AM
krokodailtop(krokodailtop) used a pack_of_10_ammo_storm_sniper 2-13-2021, 8:26:05 AM
krokodailtop(krokodailtop) used a pack_of_10_ammo_storm_sniper 2-13-2021, 8:26:05 AM
krokodailtop(krokodailtop) used a pack_of_10_ammo_storm_sniper 2-13-2021, 8:26:05 AM
krokodailtop(krokodailtop) used a pack_of_10_ammo_storm_sniper 2-13-2021, 8:26:05 AM
krokodailtop(krokodailtop) used a pack_of_10_ammo_storm_sniper 2-13-2021, 8:26:05 AM
krokodailtop(krokodailtop) used a pack_of_10_ammo_storm_sniper 2-13-2021, 8:26:06 AM
krokodailtop(krokodailtop) used a pack_of_10_ammo_storm_sniper 2-13-2021, 8:26:06 AM
krokodailtop(krokodailtop) used a pack_of_10_ammo_storm_sniper 2-13-2021, 8:26:06 AM
krokodailtop(krokodailtop) used a pack_of_10_ammo_storm_sniper 2-13-2021, 8:26:06 AM
krokodailtop(krokodailtop) used a pack_of_10_ammo_storm_sniper 2-13-2021, 8:26:06 AM
krokodailtop(krokodailtop) used a pack_of_10_ammo_storm_sniper 2-13-2021, 8:26:06 AM
krokodailtop(krokodailtop) used a pack_of_10_ammo_storm_sniper 2-13-2021, 8:26:06 AM
krokodailtop(krokodailtop) used a pack_of_10_ammo_storm_sniper 2-13-2021, 8:26:07 AM
krokodailtop(krokodailtop) used a pack_of_10_ammo_storm_sniper 2-13-2021, 8:26:07 AM
krokodailtop(krokodailtop) used a pack_of_10_ammo_storm_sniper 2-13-2021, 8:26:07 AM
krokodailtop(krokodailtop) used a pack_of_10_ammo_storm_sniper 2-13-2021, 8:26:07 AM
krokodailtop(krokodailtop) used a pack_of_10_ammo_storm_sniper 2-13-2021, 8:26:10 AM
krokodailtop(krokodailtop) used a pack_of_10_ammo_storm_sniper 2-13-2021, 8:26:10 AM
krokodailtop(krokodailtop) used a pack_of_10_ammo_storm_sniper 2-13-2021, 8:26:10 AM
krokodailtop(krokodailtop) used a pack_of_10_ammo_storm_sniper 2-13-2021, 8:26:11 AM
krokodailtop(krokodailtop) used a pack_of_10_ammo_storm_sniper 2-13-2021, 8:26:11 AM
krokodailtop(krokodailtop) used a pack_of_10_ammo_storm_sniper 2-13-2021, 8:26:11 AM
krokodailtop(krokodailtop) used a pack_of_10_ammo_storm_sniper 2-13-2021, 8:26:11 AM
krokodailtop(krokodailtop) used a pack_of_10_ammo_storm_sniper 2-13-2021, 8:26:11 AM
krokodailtop(krokodailtop) used a pack_of_10_ammo_storm_sniper 2-13-2021, 8:26:11 AM
krokodailtop(krokodailtop) used a pack_of_10_ammo_storm_sniper 2-13-2021, 8:26:12 AM
krokodailtop(krokodailtop) used a pack_of_10_ammo_storm_sniper 2-13-2021, 8:26:12 AM
krokodailtop(krokodailtop) used a pack_of_10_ammo_storm_sniper 2-13-2021, 8:26:14 AM
krokodailtop(krokodailtop) used a pack_of_10_ammo_storm_sniper 2-13-2021, 8:26:14 AM
krokodailtop(krokodailtop) used a pack_of_10_ammo_storm_sniper 2-13-2021, 8:26:14 AM
krokodailtop(krokodailtop) used a pack_of_10_ammo_storm_sniper 2-13-2021, 8:26:14 AM
krokodailtop(krokodailtop) used a pack_of_10_ammo_storm_sniper 2-13-2021, 8:26:15 AM
krokodailtop(krokodailtop) used a pack_of_10_ammo_storm_sniper 2-13-2021, 8:26:15 AM
krokodailtop(krokodailtop) used a pack_of_10_ammo_storm_sniper 2-13-2021, 8:26:15 AM
krokodailtop(krokodailtop) used a pack_of_10_ammo_storm_sniper 2-13-2021, 8:26:16 AM
krokodailtop(krokodailtop) used a pack_of_10_ammo_storm_sniper 2-13-2021, 8:26:16 AM
krokodailtop(krokodailtop) used a pack_of_10_ammo_storm_sniper 2-13-2021, 8:26:16 AM
krokodailtop(krokodailtop) used a pack_of_10_ammo_storm_sniper 2-13-2021, 8:26:16 AM
krokodailtop(krokodailtop) used a pack_of_10_ammo_storm_sniper 2-13-2021, 8:26:16 AM
krokodailtop(krokodailtop) used a pack_of_10_ammo_storm_sniper 2-13-2021, 8:26:17 AM
krokodailtop(krokodailtop) used a pack_of_10_ammo_storm_sniper 2-13-2021, 8:26:17 AM
krokodailtop(krokodailtop) used a pack_of_10_ammo_storm_sniper 2-13-2021, 8:26:17 AM
krokodailtop(krokodailtop) used a pack_of_10_ammo_storm_sniper 2-13-2021, 8:26:17 AM
krokodailtop(krokodailtop) used a pack_of_10_ammo_storm_sniper 2-13-2021, 8:26:18 AM
krokodailtop(krokodailtop) used a pack_of_10_ammo_storm_sniper 2-13-2021, 8:26:18 AM
krokodailtop(krokodailtop) used a pack_of_10_ammo_storm_sniper 2-13-2021, 8:26:18 AM
krokodailtop(krokodailtop) used a pack_of_10_ammo_storm_sniper 2-13-2021, 8:26:18 AM
krokodailtop(krokodailtop) used a pack_of_10_ammo_storm_sniper 2-13-2021, 8:26:34 AM
krokodailtop(krokodailtop) used a pack_of_10_ammo_storm_sniper 2-13-2021, 8:26:35 AM
krokodailtop(krokodailtop) used a pack_of_10_ammo_storm_sniper 2-13-2021, 8:26:35 AM
krokodailtop(krokodailtop) used a pack_of_10_ammo_storm_sniper 2-13-2021, 8:26:35 AM
krokodailtop(krokodailtop) used a pack_of_10_ammo_storm_sniper 2-13-2021, 8:26:35 AM
krokodailtop(krokodailtop) used a pack_of_10_ammo_storm_sniper 2-13-2021, 8:26:36 AM
krokodailtop(krokodailtop) used a pack_of_10_ammo_storm_sniper 2-13-2021, 8:26:36 AM
krokodailtop(krokodailtop) used a pack_of_10_ammo_storm_sniper 2-13-2021, 8:26:36 AM
krokodailtop(krokodailtop) used a pack_of_10_ammo_storm_sniper 2-13-2021, 8:26:36 AM
krokodailtop(krokodailtop) used a pack_of_10_ammo_storm_sniper 2-13-2021, 8:26:36 AM
krokodailtop(krokodailtop) used a pack_of_10_ammo_storm_sniper 2-13-2021, 8:26:37 AM
krokodailtop(krokodailtop) used a pack_of_10_ammo_storm_sniper 2-13-2021, 8:26:37 AM
krokodailtop(krokodailtop) used a pack_of_10_ammo_storm_sniper 2-13-2021, 8:26:37 AM
krokodailtop(krokodailtop) used a pack_of_10_ammo_storm_sniper 2-13-2021, 8:26:37 AM
krokodailtop(krokodailtop) used a pack_of_10_ammo_storm_sniper 2-13-2021, 8:26:37 AM
krokodailtop(krokodailtop) used a pack_of_10_ammo_storm_sniper 2-13-2021, 8:26:37 AM
krokodailtop(krokodailtop) used a pack_of_10_ammo_storm_sniper 2-13-2021, 8:26:38 AM
krokodailtop(krokodailtop) used a pack_of_10_ammo_storm_sniper 2-13-2021, 8:26:38 AM
krokodailtop(krokodailtop) used a pack_of_10_ammo_storm_sniper 2-13-2021, 8:26:38 AM
krokodailtop(krokodailtop) used a pack_of_10_ammo_storm_sniper 2-13-2021, 8:26:38 AM
krokodailtop(krokodailtop) used a pack_of_10_ammo_storm_sniper 2-13-2021, 8:26:39 AM
krokodailtop(krokodailtop) used a pack_of_10_ammo_storm_sniper 2-13-2021, 8:26:39 AM
krokodailtop(krokodailtop) used a pack_of_10_ammo_storm_sniper 2-13-2021, 8:26:39 AM
krokodailtop(krokodailtop) used a pack_of_10_ammo_storm_sniper 2-13-2021, 8:26:39 AM
krokodailtop(krokodailtop) used a pack_of_10_ammo_storm_sniper 2-13-2021, 8:26:39 AM
krokodailtop(krokodailtop) used a pack_of_10_ammo_storm_sniper 2-13-2021, 8:26:39 AM
krokodailtop(krokodailtop) used a pack_of_10_ammo_storm_sniper 2-13-2021, 8:27:07 AM
krokodailtop(krokodailtop) used a pack_of_10_ammo_storm_sniper 2-13-2021, 8:27:07 AM
krokodailtop(krokodailtop) used a pack_of_10_ammo_storm_sniper 2-13-2021, 8:27:07 AM
krokodailtop(krokodailtop) used a pack_of_10_ammo_storm_sniper 2-13-2021, 8:27:07 AM
krokodailtop(krokodailtop) used a pack_of_10_ammo_storm_sniper 2-13-2021, 8:27:07 AM
krokodailtop(krokodailtop) used a pack_of_10_ammo_storm_sniper 2-13-2021, 8:27:07 AM
krokodailtop(krokodailtop) used a pack_of_10_ammo_storm_sniper 2-13-2021, 8:27:08 AM
krokodailtop(krokodailtop) used a pack_of_10_ammo_storm_sniper 2-13-2021, 8:27:08 AM
krokodailtop(krokodailtop) used a pack_of_10_ammo_storm_sniper 2-13-2021, 8:27:08 AM
krokodailtop(krokodailtop) used a pack_of_10_ammo_storm_sniper 2-13-2021, 8:27:08 AM
krokodailtop(krokodailtop) used a pack_of_10_ammo_storm_sniper 2-13-2021, 8:27:09 AM
krokodailtop(krokodailtop) used a pack_of_10_ammo_storm_sniper 2-13-2021, 8:27:09 AM
krokodailtop(krokodailtop) used a pack_of_10_ammo_storm_sniper 2-13-2021, 8:27:09 AM
krokodailtop(krokodailtop) used a pack_of_10_ammo_storm_sniper 2-13-2021, 8:27:09 AM
krokodailtop(krokodailtop) used a pack_of_10_ammo_storm_sniper 2-13-2021, 8:27:09 AM
krokodailtop(krokodailtop) used a pack_of_10_ammo_storm_sniper 2-13-2021, 8:27:10 AM
krokodailtop(krokodailtop) used a pack_of_10_ammo_storm_sniper 2-13-2021, 8:27:10 AM
krokodailtop(krokodailtop) used a pack_of_10_ammo_storm_sniper 2-13-2021, 8:27:10 AM
krokodailtop(krokodailtop) used a pack_of_10_ammo_storm_sniper 2-13-2021, 8:27:10 AM
krokodailtop(krokodailtop) used a pack_of_10_ammo_storm_sniper 2-13-2021, 8:27:10 AM
krokodailtop(krokodailtop) used a pack_of_10_ammo_storm_sniper 2-13-2021, 8:27:11 AM
krokodailtop(krokodailtop) used a pack_of_10_ammo_storm_sniper 2-13-2021, 8:27:11 AM
krokodailtop(krokodailtop) used a pack_of_10_ammo_storm_sniper 2-13-2021, 8:27:11 AM
krokodailtop(krokodailtop) used a pack_of_10_ammo_storm_sniper 2-13-2021, 8:27:11 AM
krokodailtop(krokodailtop) used a pack_of_10_ammo_storm_sniper 2-13-2021, 8:27:11 AM
krokodailtop(krokodailtop) used a pack_of_10_ammo_storm_sniper 2-13-2021, 8:27:11 AM
krokodailtop(krokodailtop) used a pack_of_10_ammo_storm_sniper 2-13-2021, 8:27:12 AM
krokodailtop(krokodailtop) used a pack_of_10_ammo_storm_sniper 2-13-2021, 8:27:12 AM
krokodailtop(krokodailtop) used a pack_of_10_ammo_storm_sniper 2-13-2021, 8:27:12 AM
krokodailtop(krokodailtop) used a pack_of_10_ammo_storm_sniper 2-13-2021, 8:27:12 AM
krokodailtop(krokodailtop) used a pack_of_10_ammo_storm_sniper 2-13-2021, 8:27:13 AM
krokodailtop(krokodailtop) used a pack_of_10_ammo_storm_sniper 2-13-2021, 8:27:13 AM
krokodailtop(krokodailtop) used a pack_of_10_ammo_storm_sniper 2-13-2021, 8:27:14 AM
krokodailtop(krokodailtop) used a pack_of_10_ammo_storm_sniper 2-13-2021, 8:27:14 AM
krokodailtop(krokodailtop) used a pack_of_10_ammo_storm_sniper 2-13-2021, 8:27:14 AM
krokodailtop(krokodailtop) used a pack_of_10_ammo_storm_sniper 2-13-2021, 8:27:14 AM
krokodailtop(krokodailtop) used a pack_of_10_ammo_storm_sniper 2-13-2021, 8:27:14 AM
krokodailtop(krokodailtop) used a pack_of_10_ammo_storm_sniper 2-13-2021, 8:27:15 AM
krokodailtop(krokodailtop) used a pack_of_10_ammo_storm_sniper 2-13-2021, 8:27:15 AM
krokodailtop(krokodailtop) used a pack_of_10_ammo_storm_sniper 2-13-2021, 8:27:15 AM
krokodailtop(krokodailtop) used a pack_of_10_ammo_storm_sniper 2-13-2021, 8:27:15 AM
krokodailtop(krokodailtop) used a storm_sniper 2-13-2021, 8:31:13 AM
krokodailtop(krokodailtop) used a hand_cannon 2-13-2021, 8:31:23 AM
krokodailtop(krokodailtop) used a rpg7 2-13-2021, 8:31:34 AM
krokodailtop(krokodailtop) used a storm_sniper 2-13-2021, 8:33:59 AM
krokodailtop(krokodailtop) used a rpg7 2-13-2021, 8:34:02 AM
krokodailtop(krokodailtop) used a tk_ultra_health_potion 2-13-2021, 8:34:27 AM
krokodailtop(krokodailtop) used a tk_ultra_health_potion 2-13-2021, 8:34:27 AM
krokodailtop(krokodailtop) used a tk_ultra_health_potion 2-13-2021, 8:34:27 AM
krokodailtop(krokodailtop) used a the_legendary_sword 2-13-2021, 8:35:08 AM
krokodailtop(krokodailtop) used a the_legendary_sword 2-13-2021, 8:35:08 AM
krokodailtop(krokodailtop) used a the_legendary_sword 2-13-2021, 8:35:09 AM
krokodailtop(krokodailtop) used a robot 2-13-2021, 8:36:01 AM
krokodailtop(krokodailtop) used a aircraft 2-13-2021, 8:36:15 AM
krokodailtop(krokodailtop) used a tk_ultra_health_potion 2-13-2021, 8:40:28 AM
krokodailtop(krokodailtop) used a tk_ultra_health_potion 2-13-2021, 8:40:29 AM
krokodailtop(krokodailtop) used a shield 2-13-2021, 8:40:34 AM
krokodailtop(krokodailtop) used a shield 2-13-2021, 8:40:35 AM
krokodailtop(krokodailtop) used a shield 2-13-2021, 8:40:36 AM
krokodailtop(krokodailtop) used a shield 2-13-2021, 8:40:36 AM
krokodailtop(krokodailtop) used a shield 2-13-2021, 8:40:37 AM
krokodailtop(krokodailtop) used a shield 2-13-2021, 8:40:44 AM
krokodailtop(krokodailtop) used a shield 2-13-2021, 8:40:45 AM
krokodailtop(krokodailtop) used a shield 2-13-2021, 8:40:45 AM
krokodailtop(krokodailtop) used a shield 2-13-2021, 8:40:46 AM
krokodailtop(krokodailtop) used a shield 2-13-2021, 8:40:46 AM
krokodailtop(krokodailtop) used a shield 2-13-2021, 8:40:47 AM
krokodailtop(krokodailtop) used a shield 2-13-2021, 8:40:47 AM
krokodailtop(krokodailtop) used a shield 2-13-2021, 8:40:47 AM
krokodailtop(krokodailtop) used a shield 2-13-2021, 8:40:48 AM
krokodailtop(krokodailtop) used a shield 2-13-2021, 8:40:48 AM
krokodailtop(krokodailtop) used a shield 2-13-2021, 8:40:49 AM
krokodailtop(krokodailtop) used a shield 2-13-2021, 8:40:49 AM
krokodailtop(krokodailtop) used a shield 2-13-2021, 8:40:50 AM
krokodailtop(krokodailtop) used a shield 2-13-2021, 8:40:50 AM
krokodailtop(krokodailtop) used a shield 2-13-2021, 8:40:50 AM
krokodailtop(krokodailtop) used a shield 2-13-2021, 8:40:51 AM
krokodailtop(krokodailtop) used a shield 2-13-2021, 8:40:51 AM
krokodailtop(krokodailtop) used a shield 2-13-2021, 8:40:52 AM
krokodailtop(krokodailtop) used a shield 2-13-2021, 8:40:52 AM
krokodailtop(krokodailtop) used a shield 2-13-2021, 8:40:52 AM
krokodailtop(krokodailtop) used a shield 2-13-2021, 8:40:52 AM
krokodailtop(krokodailtop) used a shield 2-13-2021, 8:40:52 AM
krokodailtop(krokodailtop) used a shield 2-13-2021, 8:40:53 AM
krokodailtop(krokodailtop) used a shield 2-13-2021, 8:40:53 AM
krokodailtop(krokodailtop) used a shield 2-13-2021, 8:40:54 AM
krokodailtop(krokodailtop) used a shield 2-13-2021, 8:40:54 AM
krokodailtop(krokodailtop) used a shield 2-13-2021, 8:40:55 AM
krokodailtop(krokodailtop) used a shield 2-13-2021, 8:40:55 AM
krokodailtop(krokodailtop) used a shield 2-13-2021, 8:40:56 AM
krokodailtop(krokodailtop) used a shield 2-13-2021, 8:40:56 AM
krokodailtop(krokodailtop) used a shield 2-13-2021, 8:40:56 AM
krokodailtop(krokodailtop) used a gauss 2-13-2021, 8:41:53 AM
krokodailtop(krokodailtop) used a gauss 2-13-2021, 8:41:53 AM
krokodailtop(krokodailtop) used a gauss 2-13-2021, 8:41:54 AM
krokodailtop(krokodailtop) used a gauss 2-13-2021, 8:41:54 AM
krokodailtop(krokodailtop) used a gauss 2-13-2021, 8:41:54 AM
krokodailtop(krokodailtop) used a gauss 2-13-2021, 8:41:56 AM
krokodailtop(krokodailtop) used a gauss 2-13-2021, 8:41:57 AM
krokodailtop(krokodailtop) used a robot 2-13-2021, 8:42:16 AM
krokodailtop(krokodailtop) used a helicopter 2-13-2021, 8:42:27 AM
krokodailtop(krokodailtop) used a helicopter 2-13-2021, 8:42:28 AM
krokodailtop(krokodailtop) used a helicopter 2-13-2021, 8:42:29 AM
krokodailtop(krokodailtop) used a helicopter 2-13-2021, 8:42:30 AM
krokodailtop(krokodailtop) used a storm_sniper 2-13-2021, 8:43:47 AM
krokodailtop(krokodailtop) used a the_legendary_sword 2-13-2021, 8:43:52 AM
krokodailtop(krokodailtop) used a helicopter 2-13-2021, 8:44:12 AM
krokodailtop(krokodailtop) used a robot 2-13-2021, 8:44:14 AM
krokodailtop(krokodailtop) used a shield 2-13-2021, 8:47:06 AM
krokodailtop(krokodailtop) used a shield 2-13-2021, 8:47:06 AM
krokodailtop(krokodailtop) used a shield 2-13-2021, 8:47:06 AM
krokodailtop(krokodailtop) used a shield 2-13-2021, 8:47:07 AM
krokodailtop(krokodailtop) used a shield 2-13-2021, 8:47:07 AM
krokodailtop(krokodailtop) used a shield 2-13-2021, 8:47:07 AM
krokodailtop(krokodailtop) used a shield 2-13-2021, 8:47:07 AM
krokodailtop(krokodailtop) used a shield 2-13-2021, 8:47:08 AM
krokodailtop(krokodailtop) used a shield 2-13-2021, 8:47:08 AM
krokodailtop(krokodailtop) used a shield 2-13-2021, 8:47:09 AM
krokodailtop(krokodailtop) used a shield 2-13-2021, 8:47:09 AM
krokodailtop(krokodailtop) used a shield 2-13-2021, 8:47:09 AM
krokodailtop(krokodailtop) used a shield 2-13-2021, 8:47:09 AM
krokodailtop(krokodailtop) used a shield 2-13-2021, 8:47:10 AM
krokodailtop(krokodailtop) used a shield 2-13-2021, 8:47:10 AM
krokodailtop(krokodailtop) used a shield 2-13-2021, 8:47:11 AM
krokodailtop(krokodailtop) used a shield 2-13-2021, 8:47:11 AM
krokodailtop(krokodailtop) used a shield 2-13-2021, 8:47:11 AM
krokodailtop(krokodailtop) used a shield 2-13-2021, 8:47:11 AM
krokodailtop(krokodailtop) used a shield 2-13-2021, 8:47:12 AM
krokodailtop(krokodailtop) used a shield 2-13-2021, 8:47:15 AM
krokodailtop(krokodailtop) used a shield 2-13-2021, 8:47:15 AM
krokodailtop(krokodailtop) used a shield 2-13-2021, 8:47:16 AM
krokodailtop(krokodailtop) used a shield 2-13-2021, 8:47:16 AM
krokodailtop(krokodailtop) used a shield 2-13-2021, 8:47:16 AM
krokodailtop(krokodailtop) used a shield 2-13-2021, 8:47:17 AM
krokodailtop(krokodailtop) used a shield 2-13-2021, 8:47:17 AM
krokodailtop(krokodailtop) used a shield 2-13-2021, 8:47:18 AM
krokodailtop(krokodailtop) used a shield 2-13-2021, 8:47:18 AM
krokodailtop(krokodailtop) used a shield 2-13-2021, 8:47:18 AM
krokodailtop(krokodailtop) used a robot 2-13-2021, 8:47:21 AM
krokodailtop(krokodailtop) used a crossbow 2-13-2021, 12:04:36 PM
krokodailtop(krokodailtop) used a the_legendary_sword 2-13-2021, 12:04:44 PM
krokodailtop(krokodailtop) used a storm_sniper 2-13-2021, 12:04:57 PM
krokodailtop(krokodailtop) used a hand_cannon 2-13-2021, 12:05:09 PM
krokodailtop(krokodailtop) used a sniper 2-13-2021, 12:05:18 PM
krokodailtop(krokodailtop) used a shotgun 2-13-2021, 12:05:23 PM
krokodailtop(krokodailtop) used a rpg7 2-13-2021, 12:05:29 PM
krokodailtop(krokodailtop) used a rocket_launcher 2-13-2021, 12:05:36 PM
krokodailtop(krokodailtop) used a storm_sniper 2-13-2021, 12:07:38 PM
krokodailtop(krokodailtop) used a the_legendary_sword 2-13-2021, 12:07:42 PM
krokodailtop(krokodailtop) used a rocket_launcher 2-13-2021, 12:07:46 PM
krokodailtop(krokodailtop) used a hand_cannon 2-13-2021, 12:07:50 PM
krokodailtop(krokodailtop) used a rpg7 2-13-2021, 12:07:55 PM
krokodailtop(krokodailtop) used a sniper 2-13-2021, 12:08:06 PM
krokodailtop(krokodailtop) used a pack_of_20_bomb_defuser 2-13-2021, 12:08:37 PM
krokodailtop(krokodailtop) used a pack_of_100_empty_beer_bottle 2-13-2021, 12:08:44 PM
krokodailtop(krokodailtop) used a pack_of_100_empty_beer_bottle 2-13-2021, 12:08:44 PM
krokodailtop(krokodailtop) used a pack_of_100_empty_beer_bottle 2-13-2021, 12:08:44 PM
krokodailtop(krokodailtop) used a pack_of_100_empty_beer_bottle 2-13-2021, 12:08:45 PM
krokodailtop(krokodailtop) used a pack_of_100_empty_beer_bottle 2-13-2021, 12:08:45 PM
krokodailtop(krokodailtop) used a pack_of_100_empty_beer_bottle 2-13-2021, 12:08:45 PM
krokodailtop(krokodailtop) used a pack_of_100_empty_beer_bottle 2-13-2021, 12:08:45 PM
krokodailtop(krokodailtop) used a pack_of_100_empty_beer_bottle 2-13-2021, 12:08:45 PM
krokodailtop(krokodailtop) used a pack_of_100_empty_beer_bottle 2-13-2021, 12:08:45 PM
krokodailtop(krokodailtop) used a poisoned_small_projectile 2-13-2021, 12:08:53 PM
krokodailtop(krokodailtop) used a pack_of_5_mass_bomb 2-13-2021, 12:09:02 PM
krokodailtop(krokodailtop) used a pack_of_20_fire_extinguisher 2-13-2021, 12:09:07 PM
krokodailtop(krokodailtop) used a pack_of_15_shield 2-13-2021, 12:09:13 PM
krokodailtop(krokodailtop) used a pack_of_4_ammo_hand_cannon 2-13-2021, 12:09:20 PM
krokodailtop(krokodailtop) used a pack_of_4_ammo_hand_cannon 2-13-2021, 12:09:20 PM
krokodailtop(krokodailtop) used a pack_of_4_ammo_hand_cannon 2-13-2021, 12:09:20 PM
krokodailtop(krokodailtop) used a pack_of_4_ammo_hand_cannon 2-13-2021, 12:09:20 PM
krokodailtop(krokodailtop) used a pack_of_4_ammo_hand_cannon 2-13-2021, 12:09:20 PM
krokodailtop(krokodailtop) used a pack_of_4_ammo_hand_cannon 2-13-2021, 12:09:20 PM
krokodailtop(krokodailtop) used a pack_of_4_ammo_hand_cannon 2-13-2021, 12:09:20 PM
krokodailtop(krokodailtop) used a pack_of_4_ammo_hand_cannon 2-13-2021, 12:09:21 PM
krokodailtop(krokodailtop) used a pack_of_4_ammo_hand_cannon 2-13-2021, 12:09:21 PM
krokodailtop(krokodailtop) used a pack_of_4_ammo_hand_cannon 2-13-2021, 12:09:21 PM
krokodailtop(krokodailtop) used a pack_of_4_ammo_hand_cannon 2-13-2021, 12:09:21 PM
krokodailtop(krokodailtop) used a pack_of_4_ammo_hand_cannon 2-13-2021, 12:09:22 PM
krokodailtop(krokodailtop) used a pipe_bomb 2-13-2021, 12:09:38 PM
krokodailtop(krokodailtop) used a pipe_bomb 2-13-2021, 12:10:17 PM
krokodailtop(krokodailtop) used a glock_17_pistol 2-13-2021, 12:10:38 PM
krokodailtop(krokodailtop) used a pack_of_20_missile_interceptor 2-13-2021, 12:11:13 PM
krokodailtop(krokodailtop) used a pack_of_20_missile_interceptor 2-13-2021, 12:11:14 PM
krokodailtop(krokodailtop) used a gp30 2-13-2021, 12:12:11 PM
krokodailtop(krokodailtop) used a mlk_207_combat_rifle 2-13-2021, 12:12:47 PM
krokodailtop(krokodailtop) used a empty_pack 2-13-2021, 12:14:33 PM
krokodailtop(krokodailtop) used a empty_pack 2-13-2021, 12:15:26 PM
krokodailtop(krokodailtop) used a sniper 2-13-2021, 7:08:55 PM
krokodailtop(krokodailtop) used a storm_sniper 2-13-2021, 7:09:02 PM
krokodailtop(krokodailtop) used a the_legendary_sword 2-13-2021, 7:09:07 PM
krokodailtop(krokodailtop) used a rpg7 2-13-2021, 7:09:11 PM
krokodailtop(krokodailtop) used a rocket_launcher 2-13-2021, 7:09:14 PM
krokodailtop(krokodailtop) used a small_dagger 2-13-2021, 7:13:01 PM