
grand father (bolgelo) said haaa 1-13-2021, 2:48:45 PM
grand father (bolgelo) said coward 1-13-2021, 3:14:11 PM
grand father (bolgelo) said с робокопов падают 1-13-2021, 4:06:58 PM
grand father (bolgelo) said и с анфибий вроди 1-13-2021, 4:07:05 PM
grand father (bolgelo) said hahahaaaaa 1-13-2021, 4:08:13 PM
grand father (bolgelo) said блять! я лох! 1-13-2021, 4:08:54 PM
grand father (bolgelo) said пиздец я идиот 1-13-2021, 4:09:02 PM
grand father (bolgelo) said hhhaaaaaaaaaa 1-13-2021, 4:09:07 PM
grand father (bolgelo) said бля! с робокопов падают говорю! 1-13-2021, 4:10:04 PM
grand father (bolgelo) said с робота робокооооооп! 1-13-2021, 4:10:11 PM
grand father (bolgelo) said на залпе 1-13-2021, 4:10:46 PM
grand father (bolgelo) said ща будет теееееееест 1-13-2021, 4:11:04 PM
grand father (bolgelo) said кто это слышал 1-13-2021, 4:16:08 PM
grand father (bolgelo) said fuck 1-13-2021, 4:18:52 PM
grand father (bolgelo) said 69000 hand_grenades purchased 1-13-2021, 4:21:05 PM
grand father (bolgelo) said hand_grenade, 69000 1-13-2021, 4:21:42 PM
grand father (bolgelo) said roooooofl 1-13-2021, 4:23:11 PM
grand father (bolgelo) said 9715 coins 1-13-2021, 4:24:56 PM
grand father (bolgelo) said hi 1-13-2021, 4:25:02 PM
grand father (bolgelo) said whaaaaaat! grand father was nuked out of zalp by divine's the_legendary_sword 1-13-2021, 4:29:28 PM
grand father (bolgelo) said you finishd it? 1-13-2021, 4:29:34 PM
grand father (bolgelo) said go, do more death, and will be 69! 1-13-2021, 4:46:50 PM
grand father (bolgelo) said sgamer, i mean 1-13-2021, 4:46:57 PM
grand father (bolgelo) said do more one death 1-13-2021, 4:47:21 PM
grand father (bolgelo) said die one time more! 1-13-2021, 4:47:34 PM
grand father (bolgelo) said the player sgamer has been playing tk for a total of 5 hours, 59 minutes and 13 seconds, has sent 140 chats, has 68 deaths and 8 kills and 82 level. has unlocked 3 achievements, has a killing accuracy of 11 percent 1-13-2021, 4:47:55 PM