
athee (athee) sent /t hi 2-7-2021, 9:46:16 AM
athee (athee) sent /t rofl gamer 2-7-2021, 9:46:21 AM
athee (athee) sent /t hahaahah 2-7-2021, 9:46:29 AM
athee (athee) sent /t hi salman 2-7-2021, 9:46:42 AM
athee (athee) sent /t prashanth 2-7-2021, 9:46:50 AM
athee (athee) sent /t i don't no 2-7-2021, 9:47:16 AM
athee (athee) sent /t i don't want be a admin there 2-7-2021, 9:47:29 AM
athee (athee) sent /t dev also 2-7-2021, 9:47:34 AM
athee (athee) sent /t may be i will play there as a player or i don't want to play there 2-7-2021, 9:48:10 AM
athee (athee) sent /t s 2-7-2021, 9:48:25 AM
athee (athee) sent /t where 2-7-2021, 9:48:39 AM
athee (athee) sent /t this game or 2-7-2021, 9:48:59 AM
athee (athee) sent /t rofl gamer i want your help 2-7-2021, 9:49:21 AM
athee (athee) sent /t how to setup voice meeter 2-7-2021, 9:49:52 AM
athee (athee) sent /t for hwat 2-7-2021, 9:50:39 AM
athee (athee) sent /t o 2-7-2021, 9:50:51 AM
athee (athee) sent /t s 2-7-2021, 9:51:03 AM
athee (athee) sent /t i want stream youtube sounds to radioboss 2-7-2021, 9:51:32 AM
athee (athee) sent /lchat tq 2-7-2021, 9:51:44 AM
athee (athee) sent /t Connected to control server 2-7-2021, 9:52:12 AM
athee (athee) sent /t s 2-7-2021, 9:52:21 AM
athee (athee) sent /t athee 2-7-2021, 9:52:30 AM
athee (athee) sent /t s 2-7-2021, 9:53:00 AM
athee (athee) sent /t k 2-7-2021, 9:57:49 AM
athee (athee) sent /t s 2-7-2021, 9:57:52 AM
athee (athee) sent /t hi 2-7-2021, 10:17:12 AM
athee (athee) sent /t now only i can able to here sounds 2-7-2021, 10:17:37 AM
athee (athee) sent /t Choose your input device  combo box  VoiceMeeter Aux Output (VB-Audio VoiceMeeter AUX VAIO)  collapsed 2-7-2021, 10:18:08 AM
athee (athee) sent /t rofl gamer 2-7-2021, 10:18:17 AM
athee (athee) sent /t Choose your output device  combo box  Speakers (Conexant 20585 SmartAudio HD)  collapsed 2-7-2021, 10:18:30 AM
athee (athee) sent /t no not working 2-7-2021, 10:18:45 AM
athee (athee) sent /t only this setting working 2-7-2021, 10:18:57 AM
athee (athee) sent /t only speakers working 2-7-2021, 10:22:48 AM
athee (athee) sent /t Choose your output device  combo box  Speakers (Conexant 20585 SmartAudio HD)  collapsed 2-7-2021, 10:22:56 AM
athee (athee) sent /t this only 2-7-2021, 10:23:01 AM
athee (athee) sent /t not working 2-7-2021, 10:25:02 AM
athee (athee) sent /t  i can't here anything after selection 2-7-2021, 10:25:23 AM
athee (athee) sent /t now i can here 2-7-2021, 10:27:52 AM
athee (athee) sent /t what next 2-7-2021, 10:28:02 AM
athee (athee) sent /t which one 2-7-2021, 10:28:41 AM
athee (athee) sent /t sorry i can't understand 2-7-2021, 10:29:38 AM
athee (athee) sent /t rofl for me all set or? 2-7-2021, 10:30:04 AM
athee (athee) sent /r ok 2-7-2021, 10:30:13 AM
athee (athee) sent /r how to stream 2-7-2021, 10:30:20 AM
athee (athee) sent /r o 2-7-2021, 10:30:42 AM
athee (athee) sent /r how 2-7-2021, 10:30:55 AM
athee (athee) sent /t no 2-7-2021, 10:33:04 AM
athee (athee) sent /t it streaming my nvda also 2-7-2021, 10:33:21 AM
athee (athee) sent /t i don't want 2-7-2021, 10:33:27 AM
athee (athee) sent /r hey 2-7-2021, 10:34:57 AM
athee (athee) sent /r now doble doble 2-7-2021, 10:35:06 AM
athee (athee) sent /r i can here sounds 2 times 2-7-2021, 10:35:29 AM
athee (athee) sent /r like doble doble 2-7-2021, 10:35:41 AM
athee (athee) sent /r eco 2-7-2021, 10:35:46 AM
athee (athee) sent /t o 2-7-2021, 10:35:54 AM
athee (athee) sent /t what happend 2-7-2021, 10:37:34 AM
athee (athee) sent /t rofl 2-7-2021, 10:38:31 AM
athee (athee) sent /t rofl gamer 2-7-2021, 10:38:46 AM
athee (athee) sent /t VoiceMeeter Aux Output; VB-Audio VoiceMeeter AUX VAIO; Ready  2 of 3 2-7-2021, 10:38:53 AM
athee (athee) sent /t what is this 2-7-2021, 10:38:59 AM
athee (athee) sent /t here 2 options 2-7-2021, 10:39:05 AM
athee (athee) sent /t can u explain 2 options 2-7-2021, 10:39:22 AM
athee (athee) sent /t shall i close this 2-7-2021, 10:40:41 AM
athee (athee) sent /t VoiceMeeter  R R R R AVBAN44.1kHz | 512Speakers (Conexant 20585 SmartAExternal Microphone (Conexant Select Input DeviceD) Select Input Device44100 Hz - 7168 44100 Hz - 7168Treble Treble Click to Select Audio file … 2-7-2021, 10:40:43 AM
athee (athee) sent /t o 2-7-2021, 10:40:54 AM
athee (athee) sent /t o 2-7-2021, 10:41:13 AM
athee (athee) sent /t s bro 2-7-2021, 10:44:27 AM
athee (athee) sent /t who has 2-7-2021, 10:45:27 AM
athee (athee) sent /t i have one 2-7-2021, 10:45:52 AM
athee (athee) sent /t come 2-7-2021, 10:46:02 AM
athee (athee) sent /t rofl 2-7-2021, 10:51:22 AM
athee (athee) sent /t how to stream youtube audios 2-7-2021, 10:51:40 AM
athee (athee) sent /t s 2-7-2021, 10:52:22 AM
athee (athee) sent /t i am playing song in youtube but thats not streaming 2-7-2021, 10:52:46 AM
athee (athee) sent /t in youtube? 2-7-2021, 10:53:06 AM
athee (athee) sent /t how to do that 2-7-2021, 10:53:16 AM
athee (athee) sent /t hi guys 2-7-2021, 11:25:55 AM
athee (athee) sent /lchat haha 2-7-2021, 11:27:42 AM
athee (athee) sent /lchat me 2-7-2021, 11:27:45 AM
athee (athee) sent /t what 2-7-2021, 11:28:02 AM
athee (athee) sent /lchat tracking  sgamer 2-7-2021, 11:28:40 AM
athee (athee) sent /lchat in front and a ways off to the left (28 tiles away)  in viewing platform at 29, 1, 40 2-7-2021, 11:28:47 AM
athee (athee) sent /where awesome 2-7-2021, 11:29:25 AM
athee (athee) sent /t s bro 2-7-2021, 11:30:07 AM
athee (athee) sent /t istek 2-7-2021, 11:30:49 AM
athee (athee) sent /t ek 2-7-2021, 11:30:53 AM
athee (athee) sent /t but not good 2-7-2021, 11:31:02 AM
athee (athee) sent /lchat np 2-7-2021, 11:32:23 AM
athee (athee) sent /t roflgamer 2-7-2021, 11:35:44 AM
athee (athee) sent /t come main 2-7-2021, 11:35:54 AM
athee (athee) sent /t how to do that bug 2-7-2021, 11:36:13 AM
athee (athee) sent /t coin collecting 2-7-2021, 11:36:21 AM
athee (athee) sent /t tell me 2-7-2021, 11:36:42 AM
athee (athee) sent /t y 2-7-2021, 11:36:51 AM
athee (athee) sent /t prashanth 2-7-2021, 11:37:12 AM
athee (athee) sent /t tell me 2-7-2021, 11:37:17 AM
athee (athee) sent /t hey prashanth 2-7-2021, 11:37:38 AM
athee (athee) sent /t tell me 2-7-2021, 11:37:47 AM
athee (athee) sent /t pm me 2-7-2021, 11:37:51 AM
athee (athee) sent /t allow me 2-7-2021, 11:38:15 AM
athee (athee) sent /lchat s 2-7-2021, 11:39:14 AM
athee (athee) sent /lchat kk 2-7-2021, 11:39:31 AM
athee (athee) sent /lchat how 2-7-2021, 11:40:04 AM
athee (athee) sent /lchat s 2-7-2021, 11:40:44 AM
athee (athee) sent /lchat -? 2-7-2021, 11:41:05 AM
athee (athee) sent /lchat what? 2-7-2021, 11:41:17 AM
athee (athee) sent /lchat i can't understant 2-7-2021, 11:41:45 AM
athee (athee) sent /lchat o 2-7-2021, 11:41:59 AM
athee (athee) sent /lchat where paste 2-7-2021, 11:42:34 AM
athee (athee) sent /lchat coin, 709123310 2-7-2021, 11:43:23 AM
athee (athee) sent /t haha 2-7-2021, 11:45:35 AM
athee (athee) sent /t s 2-7-2021, 11:45:53 AM
athee (athee) sent /t coin, 709123809 2-7-2021, 11:46:30 AM
athee (athee) sent /t nice 2-7-2021, 11:47:29 AM
athee (athee) sent /lchat what 2-7-2021, 11:50:06 AM
athee (athee) sent /lchat who 2-7-2021, 11:50:14 AM
athee (athee) sent /lchat ha 2-7-2021, 11:50:26 AM
athee (athee) sent /lchat rofl 2-7-2021, 11:50:47 AM
athee (athee) sent /t haaaaaaaaaaaaaaaaaaaaaaaaaaaaaaaaaaaaaaaaaaaaaaaaaaaaaaaaaaaaaaaaaaaaaaaaaaaaaaaaaaaaaaaaa 2-7-2021, 11:53:21 AM
athee (athee) sent /t what 2-7-2021, 11:53:31 AM
athee (athee) sent /nickname Android 2-7-2021, 11:55:35 AM
Android (athee) sent /t rofl 2-7-2021, 11:56:06 AM
Android (athee) sent /t hahahaah 2-7-2021, 11:56:17 AM
Android (athee) sent /nickname IOS 2-7-2021, 11:56:26 AM
Android (athee) sent /nickname IOS 2-7-2021, 11:56:58 AM
Android (athee) sent /t hahah 2-7-2021, 11:57:34 AM
Android (athee) sent /t don't tell to the dev 2-7-2021, 11:57:53 AM