
awesome (awesome) sent /newbie 2-7-2021, 10:09:05 AM
awesome (awesome) sent /sell 2-7-2021, 10:18:37 AM
awesome (awesome) sent /s 2-7-2021, 10:21:20 AM
awesome (awesome) sent /storehint 2-7-2021, 10:21:35 AM
awesome (awesome) sent /storehint 2-7-2021, 10:22:03 AM
awesome (awesome) sent /sucide 2-7-2021, 10:23:02 AM
awesome (awesome) sent /suicide 2-7-2021, 10:23:46 AM
awesome (awesome) sent /sell 2-7-2021, 10:26:06 AM
awesome (awesome) sent /sell 2-7-2021, 10:28:40 AM
awesome (awesome) sent /sell 2-7-2021, 10:28:44 AM
awesome (awesome) sent /sell 2-7-2021, 10:29:23 AM
awesome (awesome) sent /sell 2-7-2021, 10:29:42 AM
awesome (awesome) sent /sell 2-7-2021, 10:29:51 AM
awesome (awesome) sent /sell 2-7-2021, 10:30:02 AM
awesome (awesome) sent /sell 2-7-2021, 10:30:26 AM
awesome (awesome) sent /sell 2-7-2021, 10:30:40 AM
awesome (awesome) sent /nickname blind_gamer 2-7-2021, 10:36:56 AM
blind_gamer (awesome) sent /bid 2 2-7-2021, 10:50:00 AM
blind_gamer (awesome) sent /bid 100 2-7-2021, 10:50:22 AM
blind_gamer (awesome) sent /bid 110 2-7-2021, 10:50:35 AM
blind_gamer (awesome) sent /bid 220 2-7-2021, 10:50:50 AM
blind_gamer (awesome) sent /afk 2-7-2021, 11:07:09 AM
blind_gamer (awesome) sent /afk 2-7-2021, 11:07:13 AM
blind_gamer (awesome) sent /pm mrido hay how do you make NVDA not say the letters when you tipe them? 2-7-2021, 11:12:17 AM
blind_gamer (awesome) sent /reply yayayayay thanks 2-7-2021, 11:12:54 AM
blind_gamer (awesome) sent /reply yaaaaaaaaaaaaaaaaaaaaaaaaaaaaaaaaaaaaaaaaaaay 2-7-2021, 11:14:21 AM
blind_gamer (awesome) sent /reply we should team 2-7-2021, 11:14:28 AM
blind_gamer (awesome) sent /reply wait you know my youtube chanil? 2-7-2021, 11:15:44 AM
blind_gamer (awesome) sent /reply what is your youtube name? 2-7-2021, 11:16:00 AM
blind_gamer (awesome) sent /reply on and your not the pece of shit that keeps leaving shitty coments under my videoes 2-7-2021, 11:16:21 AM
blind_gamer (awesome) sent /reply oh never mind 2-7-2021, 11:16:34 AM
blind_gamer (awesome) sent /reply some pece os shit keeps leaving crap comments under my videoes 2-7-2021, 11:16:50 AM
blind_gamer (awesome) sent /reply i try to stay polight but they are making me angry lmao oh well 2-7-2021, 11:17:17 AM
blind_gamer (awesome) sent /reply so? want to team? 2-7-2021, 11:17:37 AM
blind_gamer (awesome) sent /reply oh lmao 2-7-2021, 11:18:01 AM
blind_gamer (awesome) sent /reply who team leader? 2-7-2021, 11:18:07 AM
blind_gamer (awesome) sent /reply can you ask him if i can join? 2-7-2021, 11:18:33 AM
blind_gamer (awesome) sent /reply thanks 2-7-2021, 11:18:48 AM
blind_gamer (awesome) sent /reply ok 2-7-2021, 11:20:20 AM
blind_gamer (awesome) sent /reply thanks 2-7-2021, 11:20:28 AM
blind_gamer (awesome) sent /reply do you do live streams? 2-7-2021, 11:20:42 AM
blind_gamer (awesome) sent /reply oh and how many subs do you have i forgot 2-7-2021, 11:21:01 AM
blind_gamer (awesome) sent /pm killer3000 hay my kill count might be loe but i have played tk for about 1 yair at this point and i would like to join your team 2 of my friends are in your team all ready. please let me join thanks  2-7-2021, 11:23:02 AM
blind_gamer (awesome) sent /reply pm to alix sent: hay my kill count might be loe but i have played tk for about 1 yair at this point and i would like to join your team 2 of my friends are in your team all ready. please let me join thanks  2-7-2021, 11:23:43 AM
blind_gamer (awesome) sent /reply i hope that was your team leader 2-7-2021, 11:23:59 AM
blind_gamer (awesome) sent /reply oh and how many subscribers do you have? 2-7-2021, 11:24:27 AM
blind_gamer (awesome) sent /reply lol 2-7-2021, 11:24:57 AM
blind_gamer (awesome) sent /reply i am so happy i now have 150 subscribers 2-7-2021, 11:25:07 AM
blind_gamer (awesome) sent /reply when did you start your chanil? 2-7-2021, 11:25:19 AM
blind_gamer (awesome) sent /reply nice i started about 10 months ago 2-7-2021, 11:26:13 AM
blind_gamer (awesome) sent /reply i think 2-7-2021, 11:26:18 AM
blind_gamer (awesome) sent /reply do you have skipe we could do a live stream togeather or something i dont know  2-7-2021, 11:26:43 AM
blind_gamer (awesome) sent /reply wow i woud love to help 2-7-2021, 11:26:55 AM
blind_gamer (awesome) sent /reply my skipe name is lawson awesome 2-7-2021, 11:27:10 AM
blind_gamer (awesome) sent /reply i would love to help you make this game  2-7-2021, 11:27:27 AM
blind_gamer (awesome) sent /reply as you know i love games lmao 2-7-2021, 11:27:41 AM
blind_gamer (awesome) sent /reply what is your email on there there might be more than one sgamer 2-7-2021, 11:28:47 AM
blind_gamer (awesome) sent /reply ok hold on 2-7-2021, 11:29:18 AM
blind_gamer (awesome) sent /reply is this you sgamer, 1 mutual connection, Skype Name: live:.cid.9953373a77d8ccb5,   button 2-7-2021, 11:31:01 AM
blind_gamer (awesome) sent /reply Waiting for sgamer to accept invitation. 2-7-2021, 11:32:15 AM
blind_gamer (awesome) sent /reply thanks how did you get that much 2-7-2021, 11:35:36 AM
blind_gamer (awesome) sent /reply wow thanks 2-7-2021, 11:36:35 AM
blind_gamer (awesome) sent /reply ok 2-7-2021, 11:36:47 AM
blind_gamer (awesome) sent /reply ok i am here 2-7-2021, 11:39:15 AM
blind_gamer (awesome) sent /reply should i get amoe? 2-7-2021, 11:42:31 AM
blind_gamer (awesome) sent /reply does the cannen amoe go in the hand cannen? 2-7-2021, 11:43:49 AM
blind_gamer (awesome) sent /reply ok 2-7-2021, 11:45:42 AM
blind_gamer (awesome) sent /reply what should i by now 2-7-2021, 11:46:25 AM
blind_gamer (awesome) sent /pm killer3000 did you get my pm? lol 2-7-2021, 11:47:42 AM
blind_gamer (awesome) sent /reply yes i am 2-7-2021, 11:48:11 AM
blind_gamer (awesome) sent /reply do i know you from some where 2-7-2021, 11:48:19 AM
blind_gamer (awesome) sent /reply or did i piss you off at one time or another lmao 2-7-2021, 11:48:32 AM
blind_gamer (awesome) sent /reply lol 2-7-2021, 11:48:42 AM
blind_gamer (awesome) sent /reply so? can i jion? 2-7-2021, 11:48:53 AM
blind_gamer (awesome) sent /reply join looooool 2-7-2021, 11:48:59 AM
blind_gamer (awesome) sent /reply youtube hanil yes 2-7-2021, 11:49:09 AM
blind_gamer (awesome) sent /reply i thought you were team leader of masters 2-7-2021, 11:49:30 AM
blind_gamer (awesome) sent /reply can i join your team? 2-7-2021, 11:49:45 AM
blind_gamer (awesome) sent /reply can i please have team pass and stuf 2-7-2021, 11:50:01 AM
blind_gamer (awesome) sent /jointeam masters masters2121 2-7-2021, 11:50:42 AM
blind_gamer (awesome) sent /jointea, ,asters masters2021 2-7-2021, 11:51:00 AM
blind_gamer (awesome) sent /t hi 2-7-2021, 11:51:07 AM
blind_gamer (awesome) sent /jointeam masters masters2021 2-7-2021, 11:51:17 AM
blind_gamer (awesome) sent /jointeam masters master2121 2-7-2021, 11:51:38 AM
blind_gamer (awesome) sent /t hi thanks 2-7-2021, 11:51:45 AM
blind_gamer (awesome) sent /t awesome i am sorry but i have to go i will be back in like 6 ourers 2-7-2021, 11:52:42 AM
blind_gamer (awesome) sent /newbie 2-7-2021, 10:54:09 PM
blind_gamer (awesome) sent /stats awesome 2-7-2021, 11:08:33 PM