
mrido(roflgamer) bought 3 gp30s 2-7-2021, 6:00:49 AM
mrido(roflgamer) bought 20000 throwing_stars 2-7-2021, 6:01:36 AM
mrido(roflgamer) bought 5000 guided_missiles 2-7-2021, 6:21:13 AM
mrido(roflgamer) bought 1000 tk_ultra_health_potions 2-7-2021, 6:21:29 AM
mrido(roflgamer) bought 2000 health_drinks 2-7-2021, 6:21:46 AM
mrido(roflgamer) bought 1 fnminimilights 2-7-2021, 6:22:36 AM
mrido(roflgamer) bought 1 fnminimilights 2-7-2021, 6:22:37 AM
mrido(roflgamer) bought 1 fnminimilights 2-7-2021, 6:22:39 AM
mrido(roflgamer) bought 1 fnminimilights 2-7-2021, 6:22:41 AM
mrido(roflgamer) bought 1 modern_sub_machine_gun_carbines 2-7-2021, 6:22:45 AM
mrido(roflgamer) bought 800 suicide_bombs 2-7-2021, 6:25:50 AM
mrido(roflgamer) bought 20 hand_cannons 2-7-2021, 6:30:31 AM
mrido(roflgamer) bought 30 carrier_missiles 2-7-2021, 6:31:43 AM
mrido(roflgamer) bought 200 armored_tanks 2-7-2021, 8:41:15 AM
mrido(roflgamer) bought 3000 tanks 2-7-2021, 8:41:26 AM
mrido(roflgamer) bought 2000 aircrafts 2-7-2021, 8:41:36 AM
mrido(roflgamer) bought 1 toolboxs 2-7-2021, 8:41:42 AM
mrido(roflgamer) bought 30000 metal_packs 2-7-2021, 8:41:54 AM
mrido(roflgamer) bought 20000 warp_boxs 2-7-2021, 8:44:26 AM
mrido(roflgamer) bought 900 concussive_grenades 2-7-2021, 8:45:00 AM
mrido(roflgamer) bought 200 gauss_ammo_packs 2-7-2021, 8:50:29 AM
mrido(roflgamer) bought 1 gausss 2-7-2021, 8:50:35 AM
mrido(roflgamer) bought 300 pack_of_6_ammo_gp30s 2-7-2021, 8:52:26 AM
mrido(roflgamer) bought 30 hand_cannons 2-7-2021, 8:55:09 AM
mrido(roflgamer) bought 32213 hand_grenades 2-7-2021, 8:57:20 AM
mrido(roflgamer) bought 400 turrets 2-7-2021, 8:59:54 AM