
phamhoangminh(phamhoangminh) used a tk_ultra_health_potion 2-7-2021, 4:07:22 AM
phamhoangminh(phamhoangminh) used a tk_ultra_health_potion 2-7-2021, 4:07:59 AM
phamhoangminh(phamhoangminh) used a shield 2-7-2021, 4:08:00 AM
phamhoangminh(phamhoangminh) used a the_legendary_sword 2-7-2021, 4:08:10 AM
phamhoangminh(phamhoangminh) used a health_drink 2-7-2021, 4:09:51 AM
phamhoangminh(phamhoangminh) used a health_drink 2-7-2021, 4:10:02 AM
phamhoangminh(phamhoangminh) used a health_drink 2-7-2021, 4:10:02 AM
phamhoangminh(phamhoangminh) used a health_drink 2-7-2021, 4:10:03 AM
phamhoangminh(phamhoangminh) used a health_drink 2-7-2021, 4:10:04 AM
phamhoangminh(phamhoangminh) used a health_drink 2-7-2021, 4:10:04 AM
phamhoangminh(phamhoangminh) used a health_drink 2-7-2021, 4:10:10 AM
phamhoangminh(phamhoangminh) used a health_drink 2-7-2021, 4:10:54 AM
phamhoangminh(phamhoangminh) used a health_drink 2-7-2021, 4:10:55 AM
phamhoangminh(phamhoangminh) used a health_drink 2-7-2021, 4:11:26 AM
phamhoangminh(phamhoangminh) used a health_drink 2-7-2021, 4:11:27 AM
phamhoangminh(phamhoangminh) used a health_drink 2-7-2021, 4:11:54 AM
phamhoangminh(phamhoangminh) used a shield 2-7-2021, 4:13:17 AM
phamhoangminh(phamhoangminh) used a shield 2-7-2021, 4:13:17 AM
phamhoangminh(phamhoangminh) used a shield 2-7-2021, 4:13:17 AM
phamhoangminh(phamhoangminh) used a shield 2-7-2021, 4:13:18 AM
phamhoangminh(phamhoangminh) used a shield 2-7-2021, 4:13:31 AM
phamhoangminh(phamhoangminh) used a shield 2-7-2021, 4:13:31 AM
phamhoangminh(phamhoangminh) used a shield 2-7-2021, 4:13:33 AM
phamhoangminh(phamhoangminh) used a shield 2-7-2021, 4:13:33 AM
phamhoangminh(phamhoangminh) used a shield 2-7-2021, 4:13:33 AM
phamhoangminh(phamhoangminh) used a shield 2-7-2021, 4:13:33 AM
phamhoangminh(phamhoangminh) used a shield 2-7-2021, 4:13:33 AM
phamhoangminh(phamhoangminh) used a shield 2-7-2021, 4:13:34 AM
phamhoangminh(phamhoangminh) used a shield 2-7-2021, 4:13:34 AM
phamhoangminh(phamhoangminh) used a shield 2-7-2021, 4:13:34 AM
phamhoangminh(phamhoangminh) used a shield 2-7-2021, 4:13:34 AM
phamhoangminh(phamhoangminh) used a shield 2-7-2021, 4:13:34 AM
phamhoangminh(phamhoangminh) used a shield 2-7-2021, 4:13:34 AM
phamhoangminh(phamhoangminh) used a shield 2-7-2021, 4:13:36 AM
phamhoangminh(phamhoangminh) used a shield 2-7-2021, 4:13:36 AM
phamhoangminh(phamhoangminh) used a shield 2-7-2021, 4:13:37 AM
phamhoangminh(phamhoangminh) used a shield 2-7-2021, 4:13:37 AM
phamhoangminh(phamhoangminh) used a shield 2-7-2021, 4:13:37 AM
phamhoangminh(phamhoangminh) used a shield 2-7-2021, 4:13:37 AM
phamhoangminh(phamhoangminh) used a shield 2-7-2021, 4:13:38 AM
phamhoangminh(phamhoangminh) used a shield 2-7-2021, 4:13:38 AM
phamhoangminh(phamhoangminh) used a shield 2-7-2021, 4:13:38 AM
phamhoangminh(phamhoangminh) used a shield 2-7-2021, 4:13:39 AM
phamhoangminh(phamhoangminh) used a shield 2-7-2021, 4:13:39 AM
phamhoangminh(phamhoangminh) used a health_drink 2-7-2021, 4:17:26 AM
phamhoangminh(phamhoangminh) used a health_drink 2-7-2021, 4:17:33 AM
phamhoangminh(phamhoangminh) used a health_drink 2-7-2021, 4:19:17 AM
phamhoangminh(phamhoangminh) used a health_drink 2-7-2021, 4:19:21 AM
phamhoangminh(phamhoangminh) used a shield 2-7-2021, 4:19:23 AM
phamhoangminh(phamhoangminh) used a shield 2-7-2021, 4:19:24 AM
phamhoangminh(phamhoangminh) used a tk_ultra_health_potion 2-7-2021, 4:32:49 AM
phamhoangminh(phamhoangminh) used a shield 2-7-2021, 4:33:29 AM
phamhoangminh(phamhoangminh) used a shield 2-7-2021, 4:33:30 AM
phamhoangminh(phamhoangminh) used a shield 2-7-2021, 4:33:31 AM
phamhoangminh(phamhoangminh) used a shield 2-7-2021, 4:33:31 AM
phamhoangminh(phamhoangminh) used a shield 2-7-2021, 4:33:32 AM
phamhoangminh(phamhoangminh) used a shield 2-7-2021, 4:33:32 AM
phamhoangminh(phamhoangminh) used a shield 2-7-2021, 4:33:32 AM
phamhoangminh(phamhoangminh) used a shield 2-7-2021, 4:33:32 AM
phamhoangminh(phamhoangminh) used a shield 2-7-2021, 4:33:32 AM
phamhoangminh(phamhoangminh) used a shield 2-7-2021, 4:33:33 AM
phamhoangminh(phamhoangminh) used a shield 2-7-2021, 4:33:33 AM
phamhoangminh(phamhoangminh) used a shield 2-7-2021, 4:33:33 AM
phamhoangminh(phamhoangminh) used a shield 2-7-2021, 4:33:34 AM
phamhoangminh(phamhoangminh) used a shield 2-7-2021, 4:33:34 AM
phamhoangminh(phamhoangminh) used a shield 2-7-2021, 4:33:34 AM
phamhoangminh(phamhoangminh) used a shield 2-7-2021, 4:33:34 AM
phamhoangminh(phamhoangminh) used a shield 2-7-2021, 4:33:34 AM
phamhoangminh(phamhoangminh) used a shield 2-7-2021, 4:33:34 AM
phamhoangminh(phamhoangminh) used a shield 2-7-2021, 4:33:36 AM
phamhoangminh(phamhoangminh) used a shield 2-7-2021, 4:33:36 AM
phamhoangminh(phamhoangminh) used a shield 2-7-2021, 4:33:37 AM
phamhoangminh(phamhoangminh) used a shield 2-7-2021, 4:33:37 AM
phamhoangminh(phamhoangminh) used a shield 2-7-2021, 4:33:37 AM
phamhoangminh(phamhoangminh) used a shield 2-7-2021, 4:33:39 AM
phamhoangminh(phamhoangminh) used a shield 2-7-2021, 4:33:39 AM
phamhoangminh(phamhoangminh) used a shield 2-7-2021, 4:33:39 AM
phamhoangminh(phamhoangminh) used a shield 2-7-2021, 4:33:39 AM
phamhoangminh(phamhoangminh) used a shield 2-7-2021, 4:33:41 AM
phamhoangminh(phamhoangminh) used a shield 2-7-2021, 4:33:41 AM
phamhoangminh(phamhoangminh) used a shield 2-7-2021, 4:33:42 AM
phamhoangminh(phamhoangminh) used a health_drink 2-7-2021, 4:34:02 AM
phamhoangminh(phamhoangminh) used a health_drink 2-7-2021, 4:34:06 AM
phamhoangminh(phamhoangminh) used a health_drink 2-7-2021, 4:34:07 AM
phamhoangminh(phamhoangminh) used a health_drink 2-7-2021, 4:34:25 AM
phamhoangminh(phamhoangminh) used a open_beer_bottle 2-7-2021, 4:43:06 AM
phamhoangminh(phamhoangminh) used a open_beer_bottle 2-7-2021, 4:43:07 AM
phamhoangminh(phamhoangminh) used a open_beer_bottle 2-7-2021, 4:43:07 AM
phamhoangminh(phamhoangminh) used a open_beer_bottle 2-7-2021, 4:43:07 AM
phamhoangminh(phamhoangminh) used a open_beer_bottle 2-7-2021, 4:43:08 AM
phamhoangminh(phamhoangminh) used a open_beer_bottle 2-7-2021, 4:43:08 AM
phamhoangminh(phamhoangminh) used a open_beer_bottle 2-7-2021, 4:43:08 AM
phamhoangminh(phamhoangminh) used a open_beer_bottle 2-7-2021, 4:43:08 AM
phamhoangminh(phamhoangminh) used a open_beer_bottle 2-7-2021, 4:43:09 AM
phamhoangminh(phamhoangminh) used a open_beer_bottle 2-7-2021, 4:43:09 AM
phamhoangminh(phamhoangminh) used a open_beer_bottle 2-7-2021, 4:43:09 AM
phamhoangminh(phamhoangminh) used a open_beer_bottle 2-7-2021, 4:43:09 AM
phamhoangminh(phamhoangminh) used a open_beer_bottle 2-7-2021, 4:43:10 AM
phamhoangminh(phamhoangminh) used a open_beer_bottle 2-7-2021, 4:43:10 AM
phamhoangminh(phamhoangminh) used a open_beer_bottle 2-7-2021, 4:43:11 AM
phamhoangminh(phamhoangminh) used a open_beer_bottle 2-7-2021, 4:43:11 AM
phamhoangminh(phamhoangminh) used a open_beer_bottle 2-7-2021, 4:43:11 AM
phamhoangminh(phamhoangminh) used a open_beer_bottle 2-7-2021, 4:43:11 AM
phamhoangminh(phamhoangminh) used a open_beer_bottle 2-7-2021, 4:43:11 AM
phamhoangminh(phamhoangminh) used a open_beer_bottle 2-7-2021, 4:43:12 AM
phamhoangminh(phamhoangminh) used a open_beer_bottle 2-7-2021, 4:43:12 AM
phamhoangminh(phamhoangminh) used a open_beer_bottle 2-7-2021, 4:43:12 AM
phamhoangminh(phamhoangminh) used a open_beer_bottle 2-7-2021, 4:43:14 AM
phamhoangminh(phamhoangminh) used a open_beer_bottle 2-7-2021, 4:43:14 AM
phamhoangminh(phamhoangminh) used a open_beer_bottle 2-7-2021, 4:43:14 AM
phamhoangminh(phamhoangminh) used a open_beer_bottle 2-7-2021, 4:43:14 AM
phamhoangminh(phamhoangminh) used a open_beer_bottle 2-7-2021, 4:43:14 AM
phamhoangminh(phamhoangminh) used a open_beer_bottle 2-7-2021, 4:43:14 AM
phamhoangminh(phamhoangminh) used a open_beer_bottle 2-7-2021, 4:43:14 AM
phamhoangminh(phamhoangminh) used a open_beer_bottle 2-7-2021, 4:43:15 AM
phamhoangminh(phamhoangminh) used a open_beer_bottle 2-7-2021, 4:43:15 AM
phamhoangminh(phamhoangminh) used a open_beer_bottle 2-7-2021, 4:43:15 AM
phamhoangminh(phamhoangminh) used a open_beer_bottle 2-7-2021, 4:43:16 AM
phamhoangminh(phamhoangminh) used a open_beer_bottle 2-7-2021, 4:43:16 AM
phamhoangminh(phamhoangminh) used a open_beer_bottle 2-7-2021, 4:43:16 AM
phamhoangminh(phamhoangminh) used a open_beer_bottle 2-7-2021, 4:43:16 AM
phamhoangminh(phamhoangminh) used a open_beer_bottle 2-7-2021, 4:43:17 AM
phamhoangminh(phamhoangminh) used a open_beer_bottle 2-7-2021, 4:43:17 AM
phamhoangminh(phamhoangminh) used a open_beer_bottle 2-7-2021, 4:43:17 AM
phamhoangminh(phamhoangminh) used a open_beer_bottle 2-7-2021, 4:43:17 AM
phamhoangminh(phamhoangminh) used a open_beer_bottle 2-7-2021, 4:43:18 AM
phamhoangminh(phamhoangminh) used a open_beer_bottle 2-7-2021, 4:43:18 AM
phamhoangminh(phamhoangminh) used a open_beer_bottle 2-7-2021, 4:43:18 AM
phamhoangminh(phamhoangminh) used a open_beer_bottle 2-7-2021, 4:43:19 AM
phamhoangminh(phamhoangminh) used a open_beer_bottle 2-7-2021, 4:43:19 AM
phamhoangminh(phamhoangminh) used a open_beer_bottle 2-7-2021, 4:43:19 AM
phamhoangminh(phamhoangminh) used a open_beer_bottle 2-7-2021, 4:43:20 AM
phamhoangminh(phamhoangminh) used a beer_bottle 2-7-2021, 4:43:47 AM
phamhoangminh(phamhoangminh) used a beer_bottle 2-7-2021, 4:43:47 AM
phamhoangminh(phamhoangminh) used a beer_bottle 2-7-2021, 4:43:47 AM
phamhoangminh(phamhoangminh) used a beer_bottle 2-7-2021, 4:43:47 AM
phamhoangminh(phamhoangminh) used a beer_bottle 2-7-2021, 4:43:48 AM
phamhoangminh(phamhoangminh) used a beer_bottle 2-7-2021, 4:43:48 AM
phamhoangminh(phamhoangminh) used a beer_bottle 2-7-2021, 4:43:48 AM
phamhoangminh(phamhoangminh) used a beer_bottle 2-7-2021, 4:43:48 AM
phamhoangminh(phamhoangminh) used a beer_bottle 2-7-2021, 4:43:49 AM
phamhoangminh(phamhoangminh) used a beer_bottle 2-7-2021, 4:43:49 AM
phamhoangminh(phamhoangminh) used a item_grabber 2-7-2021, 4:54:30 AM
phamhoangminh(phamhoangminh) used a pack_of_5_barricade_bomb 2-7-2021, 5:50:51 AM
phamhoangminh(phamhoangminh) used a pack_of_5_barricade_bomb 2-7-2021, 5:50:51 AM
phamhoangminh(phamhoangminh) used a pack_of_10_security_bomb 2-7-2021, 5:51:06 AM
phamhoangminh(phamhoangminh) used a pack_of_10_security_bomb 2-7-2021, 5:51:06 AM
phamhoangminh(phamhoangminh) used a pack_of_10_security_bomb 2-7-2021, 5:51:06 AM
phamhoangminh(phamhoangminh) used a pack_of_15_wirebomb 2-7-2021, 5:51:11 AM
phamhoangminh(phamhoangminh) used a pack_of_15_wirebomb 2-7-2021, 5:51:11 AM
phamhoangminh(phamhoangminh) used a pack_of_15_wirebomb 2-7-2021, 5:51:11 AM
phamhoangminh(phamhoangminh) used a pack_of_15_wirebomb 2-7-2021, 5:51:11 AM
phamhoangminh(phamhoangminh) used a pack_of_10_motion_bomb 2-7-2021, 5:51:16 AM
phamhoangminh(phamhoangminh) used a pack_of_10_motion_bomb 2-7-2021, 5:51:16 AM
phamhoangminh(phamhoangminh) used a pack_of_10_motion_bomb 2-7-2021, 5:51:16 AM
phamhoangminh(phamhoangminh) used a pack_of_20_fire_extinguisher 2-7-2021, 5:51:58 AM
phamhoangminh(phamhoangminh) used a pack_of_20_fire_extinguisher 2-7-2021, 5:51:58 AM
phamhoangminh(phamhoangminh) used a pack_of_20_fire_extinguisher 2-7-2021, 5:51:58 AM
phamhoangminh(phamhoangminh) used a pack_of_20_fire_extinguisher 2-7-2021, 5:51:58 AM
phamhoangminh(phamhoangminh) used a pack_of_10_remote_timebomb 2-7-2021, 5:52:03 AM
phamhoangminh(phamhoangminh) used a antibiotic_canister 2-7-2021, 5:52:11 AM
phamhoangminh(phamhoangminh) used a antibiotic_canister 2-7-2021, 5:52:12 AM
phamhoangminh(phamhoangminh) used a antibiotic_canister 2-7-2021, 5:52:12 AM
phamhoangminh(phamhoangminh) used a antibiotic_canister 2-7-2021, 5:52:12 AM
phamhoangminh(phamhoangminh) used a item_grabber 2-7-2021, 6:13:12 AM
phamhoangminh(phamhoangminh) used a wood_pack 2-7-2021, 6:14:06 AM
phamhoangminh(phamhoangminh) used a pack_of_20_fire_extinguisher 2-7-2021, 6:14:47 AM
phamhoangminh(phamhoangminh) used a pack_of_15_shield 2-7-2021, 6:14:51 AM
phamhoangminh(phamhoangminh) used a pack_of_20_missile_interceptor 2-7-2021, 6:14:55 AM
phamhoangminh(phamhoangminh) used a pack_of_20_missile_interceptor 2-7-2021, 6:14:56 AM
phamhoangminh(phamhoangminh) used a pack_of_20_missile_interceptor 2-7-2021, 6:14:56 AM
phamhoangminh(phamhoangminh) used a pack_of_20_bomb_defuser 2-7-2021, 6:15:00 AM
phamhoangminh(phamhoangminh) used a pack_of_20_bomb_defuser 2-7-2021, 6:15:00 AM
phamhoangminh(phamhoangminh) used a pack_of_20_bomb_defuser 2-7-2021, 6:15:00 AM
phamhoangminh(phamhoangminh) used a pack_of_10_motion_bomb 2-7-2021, 6:15:04 AM
phamhoangminh(phamhoangminh) used a pack_of_10_motion_bomb 2-7-2021, 6:15:04 AM
phamhoangminh(phamhoangminh) used a pack_of_5_mass_bomb 2-7-2021, 6:15:08 AM
phamhoangminh(phamhoangminh) used a pack_of_5_mass_bomb 2-7-2021, 6:15:08 AM
phamhoangminh(phamhoangminh) used a pack_of_5_mass_bomb 2-7-2021, 6:15:08 AM
phamhoangminh(phamhoangminh) used a pack_of_5_mass_bomb 2-7-2021, 6:15:09 AM
phamhoangminh(phamhoangminh) used a pack_of_5_barricade_bomb 2-7-2021, 6:15:13 AM
phamhoangminh(phamhoangminh) used a pack_of_5_barricade_bomb 2-7-2021, 6:15:13 AM
phamhoangminh(phamhoangminh) used a pack_of_10_antibiotic 2-7-2021, 6:15:18 AM
phamhoangminh(phamhoangminh) used a pack_of_10_antibiotic 2-7-2021, 6:15:18 AM
phamhoangminh(phamhoangminh) used a pack_of_10_security_bomb 2-7-2021, 6:15:23 AM
phamhoangminh(phamhoangminh) used a pack_of_15_wirebomb 2-7-2021, 6:15:28 AM
phamhoangminh(phamhoangminh) used a pack_of_15_wirebomb 2-7-2021, 6:15:28 AM
phamhoangminh(phamhoangminh) used a pack_of_15_stone 2-7-2021, 6:15:32 AM
phamhoangminh(phamhoangminh) used a pack_of_15_stone 2-7-2021, 6:15:33 AM
phamhoangminh(phamhoangminh) used a pack_of_15_stone 2-7-2021, 6:15:33 AM
phamhoangminh(phamhoangminh) used a pack_of_15_stone 2-7-2021, 6:15:33 AM
phamhoangminh(phamhoangminh) used a pack_of_15_stone 2-7-2021, 6:15:33 AM
phamhoangminh(phamhoangminh) used a tk_ultra_health_potion 2-7-2021, 6:20:42 AM
phamhoangminh(phamhoangminh) used a tk_ultra_health_potion 2-7-2021, 6:23:06 AM
phamhoangminh(phamhoangminh) used a shield 2-7-2021, 6:23:11 AM
phamhoangminh(phamhoangminh) used a shield 2-7-2021, 6:23:12 AM
phamhoangminh(phamhoangminh) used a shield 2-7-2021, 6:23:12 AM
phamhoangminh(phamhoangminh) used a the_legendary_sword 2-7-2021, 6:23:22 AM
phamhoangminh(phamhoangminh) used a shield 2-7-2021, 6:23:27 AM
phamhoangminh(phamhoangminh) used a shield 2-7-2021, 6:23:27 AM
phamhoangminh(phamhoangminh) used a shield 2-7-2021, 6:23:27 AM
phamhoangminh(phamhoangminh) used a shield 2-7-2021, 6:23:28 AM
phamhoangminh(phamhoangminh) used a shield 2-7-2021, 6:23:28 AM
phamhoangminh(phamhoangminh) used a shield 2-7-2021, 6:23:28 AM
phamhoangminh(phamhoangminh) used a shield 2-7-2021, 6:23:28 AM
phamhoangminh(phamhoangminh) used a shield 2-7-2021, 6:23:28 AM
phamhoangminh(phamhoangminh) used a shield 2-7-2021, 6:23:28 AM
phamhoangminh(phamhoangminh) used a shield 2-7-2021, 6:23:29 AM
phamhoangminh(phamhoangminh) used a shield 2-7-2021, 6:23:29 AM
phamhoangminh(phamhoangminh) used a shield 2-7-2021, 6:23:29 AM
phamhoangminh(phamhoangminh) used a shield 2-7-2021, 6:23:29 AM
phamhoangminh(phamhoangminh) used a shield 2-7-2021, 6:23:29 AM
phamhoangminh(phamhoangminh) used a shield 2-7-2021, 6:23:30 AM
phamhoangminh(phamhoangminh) used a shield 2-7-2021, 6:23:30 AM
phamhoangminh(phamhoangminh) used a shield 2-7-2021, 6:23:30 AM
phamhoangminh(phamhoangminh) used a shield 2-7-2021, 6:25:21 AM
phamhoangminh(phamhoangminh) used a shield 2-7-2021, 6:25:22 AM
phamhoangminh(phamhoangminh) used a shield 2-7-2021, 6:25:22 AM
phamhoangminh(phamhoangminh) used a shield 2-7-2021, 6:25:22 AM
phamhoangminh(phamhoangminh) used a shield 2-7-2021, 6:26:16 AM
phamhoangminh(phamhoangminh) used a shield 2-7-2021, 6:26:17 AM
phamhoangminh(phamhoangminh) used a metal_pack 2-7-2021, 6:26:30 AM
phamhoangminh(phamhoangminh) used a metal_pack 2-7-2021, 6:26:30 AM
phamhoangminh(phamhoangminh) used a hand_cannon 2-7-2021, 6:30:14 AM
phamhoangminh(phamhoangminh) used a shield 2-7-2021, 6:32:01 AM
phamhoangminh(phamhoangminh) used a shield 2-7-2021, 6:32:02 AM
phamhoangminh(phamhoangminh) used a shield 2-7-2021, 6:32:02 AM
phamhoangminh(phamhoangminh) used a tk_ultra_health_potion 2-7-2021, 6:32:08 AM
phamhoangminh(phamhoangminh) used a suicide_bomb 2-7-2021, 6:40:38 AM
phamhoangminh(phamhoangminh) used a antibiotic_canister 2-7-2021, 6:42:33 AM
phamhoangminh(phamhoangminh) used a antibiotic_canister 2-7-2021, 6:42:33 AM
phamhoangminh(phamhoangminh) used a antibiotic_canister 2-7-2021, 6:42:34 AM
phamhoangminh(phamhoangminh) used a antibiotic 2-7-2021, 6:42:43 AM
phamhoangminh(phamhoangminh) used a antibiotic 2-7-2021, 6:42:43 AM
phamhoangminh(phamhoangminh) used a antibiotic 2-7-2021, 6:42:43 AM
phamhoangminh(phamhoangminh) used a antibiotic 2-7-2021, 6:42:44 AM
phamhoangminh(phamhoangminh) used a taser 2-7-2021, 7:05:40 AM
phamhoangminh(phamhoangminh) used a police_car 2-7-2021, 7:09:28 AM
phamhoangminh(phamhoangminh) used a police_car 2-7-2021, 7:11:10 AM
phamhoangminh(phamhoangminh) used a tk_ultra_health_potion 2-7-2021, 7:14:09 AM
phamhoangminh(phamhoangminh) used a tk_ultra_health_potion 2-7-2021, 7:15:21 AM
phamhoangminh(phamhoangminh) used a tk_ultra_health_potion 2-7-2021, 7:19:25 AM
phamhoangminh(phamhoangminh) used a fnminimilight 2-7-2021, 7:21:35 AM
phamhoangminh(phamhoangminh) used a fnminimilight 2-7-2021, 7:22:53 AM
phamhoangminh(phamhoangminh) used a tk_ultra_health_potion 2-7-2021, 7:22:57 AM
phamhoangminh(phamhoangminh) used a the_legendary_sword 2-7-2021, 7:23:12 AM
phamhoangminh(phamhoangminh) used a tk_ultra_health_potion 2-7-2021, 7:24:25 AM
phamhoangminh(phamhoangminh) used a tk_ultra_health_potion 2-7-2021, 7:24:27 AM
phamhoangminh(phamhoangminh) used a gas_mask 2-7-2021, 7:26:09 AM
phamhoangminh(phamhoangminh) used a tk_ultra_health_potion 2-7-2021, 7:26:12 AM
phamhoangminh(phamhoangminh) used a air_canister 2-7-2021, 7:27:31 AM
phamhoangminh(phamhoangminh) used a air_canister 2-7-2021, 7:27:31 AM
phamhoangminh(phamhoangminh) used a air_canister 2-7-2021, 7:27:31 AM
phamhoangminh(phamhoangminh) used a air_canister 2-7-2021, 7:27:31 AM
phamhoangminh(phamhoangminh) used a air_canister 2-7-2021, 7:27:31 AM
phamhoangminh(phamhoangminh) used a air_canister 2-7-2021, 7:27:32 AM
phamhoangminh(phamhoangminh) used a air_canister 2-7-2021, 7:27:32 AM
phamhoangminh(phamhoangminh) used a air_canister 2-7-2021, 7:27:32 AM
phamhoangminh(phamhoangminh) used a air_canister 2-7-2021, 7:27:32 AM
phamhoangminh(phamhoangminh) used a air_canister 2-7-2021, 7:27:32 AM
phamhoangminh(phamhoangminh) used a air_canister 2-7-2021, 7:27:32 AM
phamhoangminh(phamhoangminh) used a air_canister 2-7-2021, 7:27:32 AM
phamhoangminh(phamhoangminh) used a air_canister 2-7-2021, 7:27:33 AM
phamhoangminh(phamhoangminh) used a air_canister 2-7-2021, 7:27:33 AM
phamhoangminh(phamhoangminh) used a air_canister 2-7-2021, 7:27:33 AM
phamhoangminh(phamhoangminh) used a air_canister 2-7-2021, 7:27:33 AM
phamhoangminh(phamhoangminh) used a air_canister 2-7-2021, 7:27:33 AM
phamhoangminh(phamhoangminh) used a air_canister 2-7-2021, 7:27:33 AM
phamhoangminh(phamhoangminh) used a air_canister 2-7-2021, 7:27:33 AM
phamhoangminh(phamhoangminh) used a air_canister 2-7-2021, 7:27:33 AM
phamhoangminh(phamhoangminh) used a air_canister 2-7-2021, 7:27:33 AM
phamhoangminh(phamhoangminh) used a frequency_scrambler 2-7-2021, 7:28:17 AM
phamhoangminh(phamhoangminh) used a frequency_scrambler 2-7-2021, 7:28:19 AM
phamhoangminh(phamhoangminh) used a shield 2-7-2021, 7:28:25 AM
phamhoangminh(phamhoangminh) used a shield 2-7-2021, 7:28:25 AM
phamhoangminh(phamhoangminh) used a shield 2-7-2021, 7:28:25 AM
phamhoangminh(phamhoangminh) used a shield 2-7-2021, 7:28:25 AM
phamhoangminh(phamhoangminh) used a shield 2-7-2021, 7:28:26 AM
phamhoangminh(phamhoangminh) used a shield 2-7-2021, 7:28:26 AM
phamhoangminh(phamhoangminh) used a shield 2-7-2021, 7:28:26 AM
phamhoangminh(phamhoangminh) used a shield 2-7-2021, 7:28:26 AM
phamhoangminh(phamhoangminh) used a shield 2-7-2021, 7:28:26 AM
phamhoangminh(phamhoangminh) used a shield 2-7-2021, 7:28:27 AM
phamhoangminh(phamhoangminh) used a shield 2-7-2021, 7:28:27 AM
phamhoangminh(phamhoangminh) used a shield 2-7-2021, 7:28:27 AM
phamhoangminh(phamhoangminh) used a shield 2-7-2021, 7:28:27 AM
phamhoangminh(phamhoangminh) used a shield 2-7-2021, 7:28:27 AM
phamhoangminh(phamhoangminh) used a shield 2-7-2021, 7:28:28 AM
phamhoangminh(phamhoangminh) used a shield 2-7-2021, 7:28:28 AM
phamhoangminh(phamhoangminh) used a shield 2-7-2021, 7:28:28 AM
phamhoangminh(phamhoangminh) used a shield 2-7-2021, 7:28:28 AM
phamhoangminh(phamhoangminh) used a shield 2-7-2021, 7:28:28 AM
phamhoangminh(phamhoangminh) used a shield 2-7-2021, 7:28:29 AM
phamhoangminh(phamhoangminh) used a shield 2-7-2021, 7:28:29 AM
phamhoangminh(phamhoangminh) used a shield 2-7-2021, 7:28:29 AM
phamhoangminh(phamhoangminh) used a shield 2-7-2021, 7:28:30 AM
phamhoangminh(phamhoangminh) used a hand_cannon 2-7-2021, 7:29:17 AM
phamhoangminh(phamhoangminh) used a shield 2-7-2021, 7:29:48 AM
phamhoangminh(phamhoangminh) used a shield 2-7-2021, 7:29:48 AM
phamhoangminh(phamhoangminh) used a shield 2-7-2021, 7:29:48 AM
phamhoangminh(phamhoangminh) used a shield 2-7-2021, 7:29:49 AM
phamhoangminh(phamhoangminh) used a shield 2-7-2021, 7:29:49 AM
phamhoangminh(phamhoangminh) used a shield 2-7-2021, 7:29:49 AM
phamhoangminh(phamhoangminh) used a shield 2-7-2021, 7:29:49 AM
phamhoangminh(phamhoangminh) used a shield 2-7-2021, 7:29:50 AM
phamhoangminh(phamhoangminh) used a shield 2-7-2021, 7:29:50 AM
phamhoangminh(phamhoangminh) used a shield 2-7-2021, 7:29:50 AM
phamhoangminh(phamhoangminh) used a shield 2-7-2021, 7:29:51 AM
phamhoangminh(phamhoangminh) used a shield 2-7-2021, 7:29:51 AM
phamhoangminh(phamhoangminh) used a gas_mask 2-7-2021, 7:30:32 AM
phamhoangminh(phamhoangminh) used a the_legendary_sword 2-7-2021, 1:55:49 PM
phamhoangminh(phamhoangminh) used a frequency_scrambler 2-7-2021, 1:58:40 PM
phamhoangminh(phamhoangminh) used a tk_ultra_health_potion 2-7-2021, 1:58:55 PM
phamhoangminh(phamhoangminh) used a frequency_scrambler 2-7-2021, 1:59:53 PM
phamhoangminh(phamhoangminh) used a tk_ultra_health_potion 2-7-2021, 2:00:43 PM
phamhoangminh(phamhoangminh) used a tk_ultra_health_potion 2-7-2021, 2:01:46 PM
phamhoangminh(phamhoangminh) used a tk_ultra_health_potion 2-7-2021, 2:05:45 PM
phamhoangminh(phamhoangminh) used a tk_ultra_health_potion 2-7-2021, 2:05:58 PM
phamhoangminh(phamhoangminh) used a shield 2-7-2021, 2:06:02 PM
phamhoangminh(phamhoangminh) used a shield 2-7-2021, 2:06:02 PM
phamhoangminh(phamhoangminh) used a shield 2-7-2021, 2:06:02 PM
phamhoangminh(phamhoangminh) used a shield 2-7-2021, 2:06:02 PM
phamhoangminh(phamhoangminh) used a shield 2-7-2021, 2:06:04 PM
phamhoangminh(phamhoangminh) used a shield 2-7-2021, 2:06:24 PM
phamhoangminh(phamhoangminh) used a shield 2-7-2021, 2:06:24 PM
phamhoangminh(phamhoangminh) used a shield 2-7-2021, 2:06:24 PM
phamhoangminh(phamhoangminh) used a shield 2-7-2021, 2:06:26 PM
phamhoangminh(phamhoangminh) used a shield 2-7-2021, 2:06:26 PM
phamhoangminh(phamhoangminh) used a shield 2-7-2021, 2:06:27 PM
phamhoangminh(phamhoangminh) used a shield 2-7-2021, 2:06:28 PM
phamhoangminh(phamhoangminh) used a shield 2-7-2021, 2:06:28 PM
phamhoangminh(phamhoangminh) used a shield 2-7-2021, 2:06:30 PM
phamhoangminh(phamhoangminh) used a shield 2-7-2021, 2:06:30 PM
phamhoangminh(phamhoangminh) used a shield 2-7-2021, 2:06:34 PM
phamhoangminh(phamhoangminh) used a shield 2-7-2021, 2:06:35 PM
phamhoangminh(phamhoangminh) used a shield 2-7-2021, 2:06:35 PM
phamhoangminh(phamhoangminh) used a shield 2-7-2021, 2:06:36 PM
phamhoangminh(phamhoangminh) used a shield 2-7-2021, 2:06:36 PM
phamhoangminh(phamhoangminh) used a shield 2-7-2021, 2:06:37 PM