
Ryder1(Ryder1) used a colt_ar_15_assault_rifle 2-7-2021, 11:10:04 PM
Ryder1(Ryder1) used a antibiotic 2-7-2021, 11:12:14 PM
Ryder1(Ryder1) used a rocket_launcher 2-7-2021, 11:12:48 PM
Ryder1(Ryder1) used a health_orb 2-7-2021, 11:12:56 PM
Ryder1(Ryder1) used a awp 2-7-2021, 11:13:20 PM
Ryder1(Ryder1) used a spiked_chain_mace 2-7-2021, 11:14:46 PM
Ryder1(Ryder1) used a fnminimilight 2-7-2021, 11:14:53 PM
Ryder1(Ryder1) used a dead_lion 2-7-2021, 11:15:03 PM
Ryder1(Ryder1) used a dead_lion 2-7-2021, 11:15:03 PM
Ryder1(Ryder1) used a dead_lion 2-7-2021, 11:15:03 PM
Ryder1(Ryder1) used a dead_lion 2-7-2021, 11:15:04 PM
Ryder1(Ryder1) used a dead_lion 2-7-2021, 11:15:04 PM
Ryder1(Ryder1) used a dead_lion 2-7-2021, 11:15:04 PM
Ryder1(Ryder1) used a dead_lion 2-7-2021, 11:15:05 PM
Ryder1(Ryder1) used a dead_lion 2-7-2021, 11:15:05 PM
Ryder1(Ryder1) used a dead_lion 2-7-2021, 11:15:06 PM
Ryder1(Ryder1) used a dead_lion 2-7-2021, 11:15:06 PM
Ryder1(Ryder1) used a dead_lion 2-7-2021, 11:15:06 PM
Ryder1(Ryder1) used a dead_lion 2-7-2021, 11:15:07 PM
Ryder1(Ryder1) used a hand_cannon 2-7-2021, 11:18:15 PM
Ryder1(Ryder1) used a gp30 2-7-2021, 11:19:06 PM
Ryder1(Ryder1) used a tk_ultra_health_potion 2-7-2021, 11:25:15 PM
Ryder1(Ryder1) used a guided_missile 2-7-2021, 11:25:16 PM
Ryder1(Ryder1) used a missile_interceptor 2-7-2021, 11:25:30 PM
Ryder1(Ryder1) used a missile_interceptor 2-7-2021, 11:25:36 PM
Ryder1(Ryder1) used a missile_interceptor 2-7-2021, 11:25:36 PM
Ryder1(Ryder1) used a missile_interceptor 2-7-2021, 11:25:44 PM
Ryder1(Ryder1) used a missile_interceptor 2-7-2021, 11:25:53 PM
Ryder1(Ryder1) used a missile_interceptor 2-7-2021, 11:25:53 PM
Ryder1(Ryder1) used a tk_ultra_health_potion 2-7-2021, 11:26:00 PM
Ryder1(Ryder1) used a hand_cannon 2-7-2021, 11:30:06 PM
Ryder1(Ryder1) used a tk_ultra_health_potion 2-7-2021, 11:30:16 PM
Ryder1(Ryder1) used a tk_ultra_health_potion 2-7-2021, 11:30:16 PM
Ryder1(Ryder1) used a taser 2-7-2021, 11:30:23 PM
Ryder1(Ryder1) used a tk_ultra_health_potion 2-7-2021, 11:30:56 PM
Ryder1(Ryder1) used a tk_ultra_health_potion 2-7-2021, 11:30:56 PM
Ryder1(Ryder1) used a ags30 2-7-2021, 11:30:58 PM
Ryder1(Ryder1) used a gp30 2-7-2021, 11:32:40 PM
Ryder1(Ryder1) used a tk_ultra_health_potion 2-7-2021, 11:32:57 PM
Ryder1(Ryder1) used a tk_ultra_health_potion 2-7-2021, 11:32:58 PM
Ryder1(Ryder1) used a tk_ultra_health_potion 2-7-2021, 11:32:58 PM
Ryder1(Ryder1) used a tk_ultra_health_potion 2-7-2021, 11:32:59 PM
Ryder1(Ryder1) used a hand_cannon 2-7-2021, 11:34:43 PM
Ryder1(Ryder1) used a rocket_launcher 2-7-2021, 11:35:33 PM
Ryder1(Ryder1) used a tk_ultra_health_potion 2-7-2021, 11:35:40 PM
Ryder1(Ryder1) used a tk_ultra_health_potion 2-7-2021, 11:35:40 PM