
bolgelo(grand father) used a xp_box 2-12-2021, 12:26:10 PM
bolgelo(grand father) used a xp_box 2-12-2021, 12:26:11 PM
bolgelo(grand father) used a xp_box 2-12-2021, 12:26:13 PM
bolgelo(grand father) used a xp_box 2-12-2021, 12:26:13 PM
bolgelo(grand father) used a xp_box 2-12-2021, 12:26:14 PM
bolgelo(grand father) used a xp_box 2-12-2021, 12:26:14 PM
bolgelo(grand father) used a xp_box 2-12-2021, 12:26:14 PM
bolgelo(grand father) used a xp_box 2-12-2021, 12:26:14 PM
bolgelo(grand father) used a xp_box 2-12-2021, 12:26:14 PM
bolgelo(grand father) used a xp_box 2-12-2021, 12:26:14 PM
bolgelo(grand father) used a xp_box 2-12-2021, 12:26:14 PM
bolgelo(grand father) used a xp_box 2-12-2021, 12:26:14 PM
bolgelo(grand father) used a xp_box 2-12-2021, 12:26:14 PM
bolgelo(grand father) used a xp_box 2-12-2021, 12:26:14 PM
bolgelo(grand father) used a xp_box 2-12-2021, 12:26:15 PM
bolgelo(grand father) used a xp_box 2-12-2021, 12:26:15 PM
bolgelo(grand father) used a xp_box 2-12-2021, 2:06:46 PM
bolgelo(grand father) used a xp_box 2-12-2021, 2:06:46 PM
bolgelo(grand father) used a xp_box 2-12-2021, 2:06:47 PM
bolgelo(grand father) used a xp_box 2-12-2021, 2:06:47 PM
bolgelo(grand father) used a xp_box 2-12-2021, 2:06:47 PM
bolgelo(grand father) used a xp_box 2-12-2021, 2:06:47 PM
bolgelo(grand father) used a xp_box 2-12-2021, 2:06:47 PM
bolgelo(grand father) used a xp_box 2-12-2021, 2:06:47 PM
bolgelo(grand father) used a xp_box 2-12-2021, 2:06:47 PM
bolgelo(grand father) used a xp_box 2-12-2021, 2:06:47 PM
bolgelo(grand father) used a xp_box 2-12-2021, 2:06:47 PM
bolgelo(grand father) used a xp_box 2-12-2021, 2:06:48 PM
bolgelo(grand father) used a xp_box 2-12-2021, 2:06:48 PM
bolgelo(grand father) used a xp_box 2-12-2021, 2:06:48 PM
bolgelo(grand father) used a xp_box 2-12-2021, 2:06:48 PM
bolgelo(grand father) used a xp_box 2-12-2021, 2:06:48 PM
bolgelo(grand father) used a xp_box 2-12-2021, 2:06:48 PM
bolgelo(grand father) used a xp_box 2-12-2021, 2:06:48 PM
bolgelo(grand father) used a xp_box 2-12-2021, 2:06:48 PM
bolgelo(grand father) used a xp_box 2-12-2021, 2:06:48 PM
bolgelo(grand father) used a xp_box 2-12-2021, 2:06:48 PM
bolgelo(grand father) used a xp_box 2-12-2021, 2:06:48 PM
bolgelo(grand father) used a xp_box 2-12-2021, 2:06:49 PM
bolgelo(grand father) used a xp_box 2-12-2021, 2:06:49 PM
bolgelo(grand father) used a xp_box 2-12-2021, 2:06:49 PM
bolgelo(grand father) used a xp_box 2-12-2021, 2:06:49 PM
bolgelo(grand father) used a xp_box 2-12-2021, 2:06:49 PM
bolgelo(grand father) used a xp_box 2-12-2021, 2:06:49 PM
bolgelo(grand father) used a xp_box 2-12-2021, 2:06:49 PM
bolgelo(grand father) used a xp_box 2-12-2021, 2:06:49 PM
bolgelo(grand father) used a xp_box 2-12-2021, 2:06:49 PM
bolgelo(grand father) used a xp_box 2-12-2021, 2:06:49 PM
bolgelo(grand father) used a xp_box 2-12-2021, 2:06:49 PM
bolgelo(grand father) used a xp_box 2-12-2021, 2:06:50 PM
bolgelo(grand father) used a xp_box 2-12-2021, 2:06:50 PM
bolgelo(grand father) used a xp_box 2-12-2021, 2:06:50 PM
bolgelo(grand father) used a xp_box 2-12-2021, 2:06:50 PM
bolgelo(grand father) used a xp_box 2-12-2021, 2:07:31 PM
bolgelo(grand father) used a xp_box 2-12-2021, 2:07:33 PM
bolgelo(grand father) used a xp_box 2-12-2021, 2:07:34 PM
bolgelo(grand father) used a xp_box 2-12-2021, 2:07:36 PM
bolgelo(grand father) used a xp_box 2-12-2021, 2:07:38 PM
bolgelo(grand father) used a xp_box 2-12-2021, 2:07:39 PM
bolgelo(grand father) used a xp_box 2-12-2021, 2:07:41 PM
bolgelo(grand father) used a xp_box 2-12-2021, 2:07:42 PM
bolgelo(grand father) used a tk_dollar 2-12-2021, 2:07:53 PM
bolgelo(grand father) used a tk_dollar 2-12-2021, 2:07:54 PM
bolgelo(grand father) used a xp_box 2-12-2021, 2:07:57 PM
bolgelo(grand father) used a sniper_ammo_pack 2-12-2021, 3:32:32 PM
bolgelo(grand father) used a sniper_ammo_pack 2-12-2021, 3:32:33 PM
bolgelo(grand father) used a sniper_ammo_pack 2-12-2021, 3:32:33 PM
bolgelo(grand father) used a 9mm_gun 2-12-2021, 3:32:40 PM
bolgelo(grand father) used a xp_box 2-12-2021, 3:34:05 PM
bolgelo(grand father) used a xp_box 2-12-2021, 3:34:05 PM
bolgelo(grand father) used a xp_box 2-12-2021, 3:34:05 PM
bolgelo(grand father) used a xp_box 2-12-2021, 3:34:05 PM
bolgelo(grand father) used a xp_box 2-12-2021, 3:34:50 PM
bolgelo(grand father) used a xp_box 2-12-2021, 3:34:50 PM
bolgelo(microsoft sam) used a xp_box 2-12-2021, 4:18:54 PM
bolgelo(microsoft sam) used a xp_box 2-12-2021, 4:18:54 PM
bolgelo(microsoft sam) used a xp_box 2-12-2021, 4:18:54 PM
bolgelo(microsoft sam) used a xp_box 2-12-2021, 4:18:54 PM
bolgelo(microsoft sam) used a xp_box 2-12-2021, 4:18:54 PM
bolgelo(microsoft sam) used a xp_box 2-12-2021, 4:18:55 PM
bolgelo(microsoft sam) used a xp_box 2-12-2021, 4:18:55 PM
bolgelo(microsoft sam) used a xp_box 2-12-2021, 4:18:55 PM
bolgelo(microsoft sam) used a xp_box 2-12-2021, 4:18:55 PM
bolgelo(microsoft sam) used a xp_box 2-12-2021, 4:18:55 PM
bolgelo(microsoft sam) used a xp_box 2-12-2021, 4:18:55 PM
bolgelo(microsoft sam) used a xp_box 2-12-2021, 4:18:55 PM
bolgelo(microsoft sam) used a xp_box 2-12-2021, 4:18:55 PM
bolgelo(microsoft sam) used a xp_box 2-12-2021, 4:18:55 PM
bolgelo(microsoft sam) used a xp_box 2-12-2021, 4:18:55 PM
bolgelo(microsoft sam) used a xp_box 2-12-2021, 4:18:55 PM
bolgelo(microsoft sam) used a xp_box 2-12-2021, 4:18:55 PM
bolgelo(microsoft sam) used a xp_box 2-12-2021, 4:18:55 PM
bolgelo(microsoft sam) used a xp_box 2-12-2021, 4:18:56 PM
bolgelo(microsoft sam) used a xp_box 2-12-2021, 4:18:56 PM
bolgelo(microsoft sam) used a xp_box 2-12-2021, 4:18:56 PM
bolgelo(microsoft sam) used a xp_box 2-12-2021, 4:18:56 PM
bolgelo(microsoft sam) used a xp_box 2-12-2021, 4:18:56 PM
bolgelo(microsoft sam) used a xp_box 2-12-2021, 4:19:27 PM
bolgelo(microsoft sam) used a xp_box 2-12-2021, 4:19:27 PM
bolgelo(microsoft sam) used a xp_box 2-12-2021, 4:19:27 PM
bolgelo(microsoft sam) used a xp_box 2-12-2021, 4:19:27 PM
bolgelo(microsoft sam) used a xp_box 2-12-2021, 4:19:27 PM
bolgelo(microsoft sam) used a xp_box 2-12-2021, 4:19:27 PM
bolgelo(microsoft sam) used a xp_box 2-12-2021, 4:19:27 PM
bolgelo(microsoft sam) used a xp_box 2-12-2021, 4:19:30 PM
bolgelo(microsoft sam) used a xp_box 2-12-2021, 4:19:31 PM
bolgelo(microsoft sam) used a xp_box 2-12-2021, 4:19:31 PM
bolgelo(microsoft sam) used a remote_bomb_controller 2-12-2021, 4:19:34 PM
bolgelo(microsoft sam) used a remote_bomb_controller 2-12-2021, 4:19:34 PM
bolgelo(microsoft sam) used a remote_bomb_controller 2-12-2021, 4:19:34 PM
bolgelo(microsoft sam) used a remote_bomb_controller 2-12-2021, 4:19:34 PM
bolgelo(microsoft sam) used a zulfikar 2-12-2021, 4:34:15 PM
bolgelo(microsoft sam) used a gift 2-12-2021, 4:35:47 PM
bolgelo(microsoft sam) used a gift 2-12-2021, 4:35:48 PM
bolgelo(microsoft sam) used a gift 2-12-2021, 4:35:48 PM
bolgelo(microsoft sam) used a gift 2-12-2021, 4:35:48 PM
bolgelo(microsoft sam) used a gift 2-12-2021, 4:35:48 PM
bolgelo(microsoft sam) used a gift 2-12-2021, 4:35:48 PM
bolgelo(microsoft sam) used a gift 2-12-2021, 4:35:48 PM
bolgelo(microsoft sam) used a gift 2-12-2021, 4:35:48 PM
bolgelo(microsoft sam) used a gift 2-12-2021, 4:35:49 PM
bolgelo(microsoft sam) used a gift 2-12-2021, 4:35:49 PM
bolgelo(microsoft sam) used a gift 2-12-2021, 4:35:49 PM
bolgelo(microsoft sam) used a gift 2-12-2021, 4:35:49 PM
bolgelo(microsoft sam) used a gift 2-12-2021, 4:35:49 PM
bolgelo(microsoft sam) used a gift 2-12-2021, 4:35:49 PM
bolgelo(microsoft sam) used a gift 2-12-2021, 4:35:49 PM
bolgelo(microsoft sam) used a gift 2-12-2021, 4:35:49 PM
bolgelo(microsoft sam) used a gift 2-12-2021, 4:35:49 PM
bolgelo(microsoft sam) used a gift 2-12-2021, 4:35:49 PM
bolgelo(microsoft sam) used a gift 2-12-2021, 4:35:50 PM
bolgelo(microsoft sam) used a gift 2-12-2021, 4:35:50 PM
bolgelo(microsoft sam) used a gift 2-12-2021, 4:35:50 PM
bolgelo(microsoft sam) used a gift 2-12-2021, 4:35:50 PM
bolgelo(microsoft sam) used a gift 2-12-2021, 4:35:50 PM
bolgelo(microsoft sam) used a gift 2-12-2021, 4:35:50 PM
bolgelo(microsoft sam) used a gift 2-12-2021, 4:35:50 PM
bolgelo(microsoft sam) used a gift 2-12-2021, 4:35:50 PM
bolgelo(microsoft sam) used a gift 2-12-2021, 4:35:50 PM
bolgelo(microsoft sam) used a gift 2-12-2021, 4:35:51 PM
bolgelo(microsoft sam) used a gift 2-12-2021, 4:35:51 PM
bolgelo(microsoft sam) used a gift 2-12-2021, 4:35:51 PM
bolgelo(microsoft sam) used a gift 2-12-2021, 4:35:51 PM
bolgelo(microsoft sam) used a gift 2-12-2021, 4:35:51 PM
bolgelo(microsoft sam) used a air_canister 2-12-2021, 4:36:01 PM
bolgelo(microsoft sam) used a air_canister 2-12-2021, 4:36:04 PM
bolgelo(microsoft sam) used a air_canister 2-12-2021, 4:36:04 PM
bolgelo(microsoft sam) used a air_canister 2-12-2021, 4:36:04 PM
bolgelo(microsoft sam) used a air_canister 2-12-2021, 4:36:04 PM
bolgelo(microsoft sam) used a air_canister 2-12-2021, 4:36:04 PM
bolgelo(microsoft sam) used a air_canister 2-12-2021, 4:36:04 PM
bolgelo(microsoft sam) used a air_canister 2-12-2021, 4:36:04 PM
bolgelo(microsoft sam) used a air_canister 2-12-2021, 4:36:05 PM
bolgelo(microsoft sam) used a air_canister 2-12-2021, 4:36:05 PM
bolgelo(microsoft sam) used a air_canister 2-12-2021, 4:36:05 PM
bolgelo(microsoft sam) used a air_canister 2-12-2021, 4:36:05 PM
bolgelo(microsoft sam) used a air_canister 2-12-2021, 4:36:05 PM
bolgelo(microsoft sam) used a air_canister 2-12-2021, 4:36:05 PM
bolgelo(microsoft sam) used a air_canister 2-12-2021, 4:36:05 PM
bolgelo(microsoft sam) used a air_canister 2-12-2021, 4:36:05 PM
bolgelo(microsoft sam) used a air_canister 2-12-2021, 4:36:05 PM
bolgelo(microsoft sam) used a air_canister 2-12-2021, 4:36:05 PM
bolgelo(microsoft sam) used a air_canister 2-12-2021, 4:36:05 PM
bolgelo(microsoft sam) used a air_canister 2-12-2021, 4:36:05 PM
bolgelo(microsoft sam) used a air_canister 2-12-2021, 4:36:06 PM
bolgelo(microsoft sam) used a air_canister 2-12-2021, 4:36:06 PM
bolgelo(microsoft sam) used a air_canister 2-12-2021, 4:36:06 PM
bolgelo(microsoft sam) used a air_canister 2-12-2021, 4:36:06 PM
bolgelo(microsoft sam) used a air_canister 2-12-2021, 4:36:06 PM
bolgelo(microsoft sam) used a air_canister 2-12-2021, 4:36:06 PM
bolgelo(microsoft sam) used a air_canister 2-12-2021, 4:36:06 PM
bolgelo(microsoft sam) used a air_canister 2-12-2021, 4:36:06 PM
bolgelo(microsoft sam) used a air_canister 2-12-2021, 4:36:06 PM
bolgelo(microsoft sam) used a air_canister 2-12-2021, 4:36:06 PM
bolgelo(microsoft sam) used a air_canister 2-12-2021, 4:36:07 PM
bolgelo(microsoft sam) used a air_canister 2-12-2021, 4:36:07 PM
bolgelo(microsoft sam) used a air_canister 2-12-2021, 4:36:07 PM
bolgelo(microsoft sam) used a air_canister 2-12-2021, 4:36:07 PM
bolgelo(microsoft sam) used a air_canister 2-12-2021, 4:36:07 PM
bolgelo(microsoft sam) used a air_canister 2-12-2021, 4:36:07 PM
bolgelo(microsoft sam) used a mega_suicider 2-12-2021, 4:43:25 PM
bolgelo(microsoft sam) used a mega_suicider 2-12-2021, 4:43:27 PM
bolgelo(microsoft sam) used a mega_suicider 2-12-2021, 4:43:28 PM
bolgelo(microsoft sam) used a mega_suicider 2-12-2021, 4:43:28 PM
bolgelo(microsoft sam) used a mega_suicider 2-12-2021, 4:43:28 PM
bolgelo(microsoft sam) used a mega_suicider 2-12-2021, 4:43:28 PM
bolgelo(microsoft sam) used a mega_suicider 2-12-2021, 4:43:28 PM
bolgelo(microsoft sam) used a mega_suicider 2-12-2021, 4:43:28 PM
bolgelo(microsoft sam) used a mega_suicider 2-12-2021, 4:43:28 PM
bolgelo(microsoft sam) used a mega_suicider 2-12-2021, 4:43:28 PM
bolgelo(microsoft sam) used a mega_suicider 2-12-2021, 4:43:28 PM
bolgelo(microsoft sam) used a mega_suicider 2-12-2021, 4:43:28 PM
bolgelo(microsoft sam) used a mega_suicider 2-12-2021, 4:43:28 PM
bolgelo(microsoft sam) used a mega_suicider 2-12-2021, 4:43:28 PM
bolgelo(microsoft sam) used a mega_suicider 2-12-2021, 4:43:29 PM
bolgelo(microsoft sam) used a mega_suicider 2-12-2021, 4:43:29 PM
bolgelo(microsoft sam) used a mega_suicider 2-12-2021, 4:43:29 PM
bolgelo(microsoft sam) used a mega_suicider 2-12-2021, 4:43:29 PM
bolgelo(microsoft sam) used a mega_suicider 2-12-2021, 4:43:29 PM
bolgelo(microsoft sam) used a mega_suicider 2-12-2021, 4:43:29 PM
bolgelo(microsoft sam) used a mega_suicider 2-12-2021, 4:43:29 PM
bolgelo(microsoft sam) used a mega_suicider 2-12-2021, 4:43:29 PM
bolgelo(microsoft sam) used a mega_suicider 2-12-2021, 4:43:29 PM
bolgelo(microsoft sam) used a mega_suicider 2-12-2021, 4:43:29 PM
bolgelo(microsoft sam) used a mega_suicider 2-12-2021, 4:43:29 PM
bolgelo(microsoft sam) used a mega_suicider 2-12-2021, 4:43:29 PM
bolgelo(microsoft sam) used a mega_suicider 2-12-2021, 4:43:30 PM
bolgelo(microsoft sam) used a mega_suicider 2-12-2021, 4:43:30 PM
bolgelo(microsoft sam) used a mega_suicider 2-12-2021, 4:43:30 PM
bolgelo(microsoft sam) used a mega_suicider 2-12-2021, 4:43:30 PM
bolgelo(microsoft sam) used a mega_suicider 2-12-2021, 4:43:30 PM
bolgelo(microsoft sam) used a mega_suicider 2-12-2021, 4:43:30 PM
bolgelo(microsoft sam) used a mega_suicider 2-12-2021, 4:43:30 PM
bolgelo(microsoft sam) used a mega_suicider 2-12-2021, 4:43:30 PM
bolgelo(microsoft sam) used a mega_suicider 2-12-2021, 4:43:30 PM
bolgelo(microsoft sam) used a mega_suicider 2-12-2021, 4:43:30 PM
bolgelo(microsoft sam) used a mega_suicider 2-12-2021, 4:43:31 PM
bolgelo(microsoft sam) used a mega_suicider 2-12-2021, 4:43:32 PM
bolgelo(microsoft sam) used a mega_suicider 2-12-2021, 4:43:33 PM
bolgelo(microsoft sam) used a mega_suicider 2-12-2021, 4:43:33 PM
bolgelo(microsoft sam) used a mega_suicider 2-12-2021, 4:43:33 PM
bolgelo(microsoft sam) used a mega_suicider 2-12-2021, 4:43:33 PM
bolgelo(microsoft sam) used a mega_suicider 2-12-2021, 4:43:33 PM
bolgelo(microsoft sam) used a mega_suicider 2-12-2021, 4:43:33 PM
bolgelo(microsoft sam) used a mega_suicider 2-12-2021, 4:43:33 PM
bolgelo(microsoft sam) used a mega_suicider 2-12-2021, 4:43:33 PM
bolgelo(microsoft sam) used a mega_suicider 2-12-2021, 4:43:33 PM
bolgelo(microsoft sam) used a mega_suicider 2-12-2021, 4:43:34 PM
bolgelo(microsoft sam) used a mega_suicider 2-12-2021, 4:43:34 PM
bolgelo(microsoft sam) used a mega_suicider 2-12-2021, 4:43:34 PM
bolgelo(microsoft sam) used a mega_suicider 2-12-2021, 4:43:34 PM
bolgelo(microsoft sam) used a mega_suicider 2-12-2021, 4:43:34 PM
bolgelo(microsoft sam) used a mega_suicider 2-12-2021, 4:43:34 PM
bolgelo(microsoft sam) used a mega_suicider 2-12-2021, 4:43:34 PM
bolgelo(microsoft sam) used a mega_suicider 2-12-2021, 4:43:34 PM
bolgelo(microsoft sam) used a mega_suicider 2-12-2021, 4:43:34 PM
bolgelo(microsoft sam) used a mega_suicider 2-12-2021, 4:43:35 PM
bolgelo(microsoft sam) used a mega_suicider 2-12-2021, 4:43:35 PM
bolgelo(microsoft sam) used a mega_suicider 2-12-2021, 4:43:35 PM
bolgelo(microsoft sam) used a mega_suicider 2-12-2021, 4:43:35 PM
bolgelo(microsoft sam) used a mega_suicider 2-12-2021, 4:43:35 PM
bolgelo(microsoft sam) used a mega_suicider 2-12-2021, 4:43:35 PM
bolgelo(microsoft sam) used a mega_suicider 2-12-2021, 4:43:35 PM
bolgelo(microsoft sam) used a mega_suicider 2-12-2021, 4:43:35 PM
bolgelo(microsoft sam) used a mega_suicider 2-12-2021, 4:43:35 PM
bolgelo(microsoft sam) used a mega_suicider 2-12-2021, 4:43:36 PM
bolgelo(microsoft sam) used a mega_suicider 2-12-2021, 4:43:36 PM
bolgelo(microsoft sam) used a mega_suicider 2-12-2021, 4:43:36 PM
bolgelo(microsoft sam) used a mega_suicider 2-12-2021, 4:43:36 PM
bolgelo(microsoft sam) used a mega_suicider 2-12-2021, 4:43:36 PM
bolgelo(microsoft sam) used a mega_suicider 2-12-2021, 4:43:36 PM
bolgelo(microsoft sam) used a mega_suicider 2-12-2021, 4:43:36 PM
bolgelo(microsoft sam) used a mega_suicider 2-12-2021, 4:43:36 PM
bolgelo(microsoft sam) used a mega_suicider 2-12-2021, 4:43:36 PM
bolgelo(microsoft sam) used a mega_suicider 2-12-2021, 4:43:37 PM
bolgelo(microsoft sam) used a mega_suicider 2-12-2021, 4:43:37 PM
bolgelo(microsoft sam) used a mega_suicider 2-12-2021, 4:43:37 PM
bolgelo(microsoft sam) used a mega_suicider 2-12-2021, 4:43:37 PM
bolgelo(microsoft sam) used a mega_suicider 2-12-2021, 4:43:37 PM
bolgelo(microsoft sam) used a mega_suicider 2-12-2021, 4:43:37 PM
bolgelo(microsoft sam) used a mega_suicider 2-12-2021, 4:43:37 PM
bolgelo(microsoft sam) used a mega_suicider 2-12-2021, 4:43:37 PM
bolgelo(microsoft sam) used a mega_suicider 2-12-2021, 4:43:37 PM
bolgelo(microsoft sam) used a mega_suicider 2-12-2021, 4:43:38 PM
bolgelo(microsoft sam) used a mega_suicider 2-12-2021, 4:43:38 PM
bolgelo(microsoft sam) used a mega_suicider 2-12-2021, 4:43:38 PM
bolgelo(microsoft sam) used a mega_suicider 2-12-2021, 4:43:38 PM
bolgelo(microsoft sam) used a mega_suicider 2-12-2021, 4:43:38 PM
bolgelo(microsoft sam) used a mega_suicider 2-12-2021, 4:43:38 PM
bolgelo(microsoft sam) used a mega_suicider 2-12-2021, 4:43:38 PM
bolgelo(microsoft sam) used a mega_suicider 2-12-2021, 4:43:38 PM
bolgelo(microsoft sam) used a mega_suicider 2-12-2021, 4:43:38 PM
bolgelo(microsoft sam) used a mega_suicider 2-12-2021, 4:43:39 PM
bolgelo(microsoft sam) used a mega_suicider 2-12-2021, 4:43:39 PM
bolgelo(microsoft sam) used a mega_suicider 2-12-2021, 4:43:39 PM
bolgelo(microsoft sam) used a mega_suicider 2-12-2021, 4:43:39 PM
bolgelo(microsoft sam) used a mega_suicider 2-12-2021, 4:43:39 PM
bolgelo(microsoft sam) used a mega_suicider 2-12-2021, 4:43:39 PM
bolgelo(microsoft sam) used a mega_suicider 2-12-2021, 4:43:39 PM
bolgelo(microsoft sam) used a mega_suicider 2-12-2021, 4:43:39 PM
bolgelo(microsoft sam) used a mega_suicider 2-12-2021, 4:43:39 PM
bolgelo(microsoft sam) used a mega_suicider 2-12-2021, 4:43:40 PM
bolgelo(microsoft sam) used a mega_suicider 2-12-2021, 4:43:40 PM
bolgelo(microsoft sam) used a mega_suicider 2-12-2021, 4:43:40 PM
bolgelo(microsoft sam) used a mega_suicider 2-12-2021, 4:43:40 PM
bolgelo(microsoft sam) used a mega_suicider 2-12-2021, 4:43:40 PM
bolgelo(microsoft sam) used a mega_suicider 2-12-2021, 4:43:40 PM