
Doston (Doston) sent /where DJ_mux 2-12-2021, 9:44:53 AM
Doston (Doston) sent /sell 2-12-2021, 10:49:13 AM
Doston (Doston) sent /bid 2 2-12-2021, 1:25:23 PM
Doston (Doston) sent /bid 10 2-12-2021, 1:32:47 PM
Doston (Doston) sent /bid 20000000 2-12-2021, 1:32:59 PM
Doston (Doston) sent /sell 2-12-2021, 3:09:27 PM
Doston (Doston) sent /bid 30000000 2-12-2021, 4:17:20 PM
Doston (Doston) sent /bid 100000000 2-12-2021, 4:17:47 PM
Doston (Doston) sent /bid 110000000 2-12-2021, 4:18:09 PM
Doston (Doston) sent /bid 1111111 2-12-2021, 4:31:16 PM
Doston (Doston) sent /bid 100000000 2-12-2021, 4:31:29 PM
Doston (Doston) sent /bid 5000001 2-12-2021, 4:46:33 PM
Doston (Doston) sent /bid 5000001 2-12-2021, 4:46:43 PM
Doston (Doston) sent /suicide 2-12-2021, 4:58:24 PM
Doston (Doston) sent /bid 1000001 2-12-2021, 5:51:49 PM
Doston (Doston) sent /bid 1000001 2-12-2021, 5:52:56 PM
Doston (Doston) sent /bid 1000002 2-12-2021, 5:53:16 PM
Doston (Doston) sent /bid 1000002 2-12-2021, 5:53:20 PM
Doston (Doston) sent /t 2ta 2-12-2021, 7:34:19 PM
Doston (Doston) sent /t sotaman 2-12-2021, 7:34:40 PM
Doston (Doston) sent /t 1000000 2-12-2021, 7:35:11 PM
Doston (Doston) sent /t 10000000000 2-12-2021, 7:35:19 PM
Doston (Doston) sent /t 100000000 2-12-2021, 7:35:27 PM
Doston (Doston) sent /t hozir 2-12-2021, 7:36:50 PM
Doston (Doston) sent /where nikita 2-12-2021, 7:51:44 PM
Doston (Doston) sent /where nikita-k 2-12-2021, 7:52:16 PM
Doston (Doston) sent /bid 114 2-12-2021, 8:23:07 PM
Doston (Doston) sent /bid 5000 2-12-2021, 8:23:23 PM
Doston (Doston) sent /bid 10000 2-12-2021, 8:23:47 PM
Doston (Doston) sent /bid 11111 2-12-2021, 8:23:58 PM
Doston (Doston) sent /bid 11111 2-12-2021, 8:24:01 PM
Doston (Doston) sent /bid 12122 2-12-2021, 8:24:07 PM
Doston (Doston) sent /bid 12345 2-12-2021, 8:24:19 PM
Doston (Doston) sent /bid 12345 2-12-2021, 8:24:21 PM
Doston (Doston) sent /bid 13133 2-12-2021, 8:24:33 PM
Doston (Doston) sent /bid 13363 2-12-2021, 8:24:47 PM
Doston (Doston) sent /bid 33333 2-12-2021, 8:24:58 PM
Doston (Doston) sent /bid 44444 2-12-2021, 8:25:11 PM
Doston (Doston) sent /bid 66000 2-12-2021, 8:25:16 PM
Doston (Doston) sent /bid 80000 2-12-2021, 8:25:29 PM
Doston (Doston) sent /bid 100000 2-12-2021, 8:25:40 PM
Doston (Doston) sent /bid 11000 2-12-2021, 8:25:45 PM
Doston (Doston) sent /bid 110000 2-12-2021, 8:25:52 PM
Doston (Doston) sent /gnsubmit 12 2-12-2021, 8:26:01 PM
Doston (Doston) sent /gnsubmit 17 2-12-2021, 8:26:04 PM
Doston (Doston) sent /bid 300000 2-12-2021, 8:26:10 PM
Doston (Doston) sent /bid 1000000 2-12-2021, 8:26:23 PM
Doston (Doston) sent /bid 5 2-12-2021, 8:27:12 PM
Doston (Doston) sent /bid 5 2-12-2021, 8:27:14 PM
Doston (Doston) sent /bid 5 2-12-2021, 8:27:15 PM
Doston (Doston) sent /bid 555555 2-12-2021, 8:27:56 PM
Doston (Doston) sent /bid 600001 2-12-2021, 8:28:08 PM
Doston (Doston) sent /bid 2000001 2-12-2021, 8:33:56 PM
Doston (Doston) sent /bid 2000001 2-12-2021, 8:34:01 PM
Doston (Doston) sent /bid 2500000 2-12-2021, 8:34:17 PM
Doston (Doston) sent /sell 2-12-2021, 8:37:16 PM
Doston (Doston) sent /bid 600000 2-12-2021, 8:38:21 PM
Doston (Doston) sent /sell 2-12-2021, 8:39:49 PM
Doston (Doston) sent /bid 2 2-12-2021, 8:40:23 PM
Doston (Doston) sent /bid 12 2-12-2021, 8:40:33 PM
Doston (Doston) sent /bid 12 2-12-2021, 8:40:34 PM
Doston (Doston) sent /bid 12 2-12-2021, 8:40:36 PM
Doston (Doston) sent /bid 14 2-12-2021, 8:40:46 PM
Doston (Doston) sent /bid 14 2-12-2021, 8:40:48 PM
Doston (Doston) sent /bid 18 2-12-2021, 8:41:01 PM
Doston (Doston) sent /sell 2-12-2021, 8:41:56 PM
Doston (Doston) sent /sell 2-12-2021, 8:42:25 PM
Doston (Doston) sent /sell 2-12-2021, 8:43:03 PM
Doston (Doston) sent /sell 2-12-2021, 8:43:35 PM
Doston (Doston) sent /sell 2-12-2021, 8:44:02 PM
Doston (Doston) sent /sell 2-12-2021, 8:44:19 PM
Doston (Doston) sent /sell 2-12-2021, 8:44:42 PM
Doston (Doston) sent /sell 2-12-2021, 8:44:54 PM
Doston (Doston) sent /sell 2-12-2021, 8:46:33 PM
Doston (Doston) sent /sell 2-12-2021, 8:46:46 PM
Doston (Doston) sent /sell 2-12-2021, 8:46:56 PM
Doston (Doston) sent /sell 2-12-2021, 8:47:16 PM