
supergamer(supergamer) used a tk_ultra_health_potion 1-9-2021, 12:01:00 AM
supergamer(supergamer) used a fnminimilight 1-9-2021, 12:02:34 AM
supergamer(supergamer) used a tk_ultra_health_potion 1-9-2021, 12:02:35 AM
supergamer(supergamer) used a tk_ultra_health_potion 1-9-2021, 12:02:35 AM
supergamer(supergamer) used a the_legendary_sword 1-9-2021, 12:02:39 AM
supergamer(supergamer) used a hand_grenade 1-9-2021, 12:05:10 AM
supergamer(supergamer) used a hand_grenade 1-9-2021, 12:05:10 AM
supergamer(supergamer) used a hand_grenade 1-9-2021, 12:05:10 AM
supergamer(supergamer) used a hand_grenade 1-9-2021, 12:05:10 AM
supergamer(supergamer) used a hand_grenade 1-9-2021, 12:05:11 AM
supergamer(supergamer) used a hand_grenade 1-9-2021, 12:05:11 AM
supergamer(supergamer) used a hand_grenade 1-9-2021, 12:05:12 AM
supergamer(supergamer) used a hand_grenade 1-9-2021, 12:05:12 AM
supergamer(supergamer) used a hand_grenade 1-9-2021, 12:05:12 AM
supergamer(supergamer) used a hand_grenade 1-9-2021, 12:05:13 AM
supergamer(supergamer) used a hand_grenade 1-9-2021, 12:05:13 AM
supergamer(supergamer) used a hand_grenade 1-9-2021, 12:05:13 AM
supergamer(supergamer) used a hand_grenade 1-9-2021, 12:05:14 AM
supergamer(supergamer) used a hand_grenade 1-9-2021, 12:05:14 AM
supergamer(supergamer) used a hand_grenade 1-9-2021, 12:05:14 AM
supergamer(supergamer) used a hand_grenade 1-9-2021, 12:05:14 AM
supergamer(supergamer) used a hand_grenade 1-9-2021, 12:05:14 AM
supergamer(supergamer) used a hand_grenade 1-9-2021, 12:05:15 AM
supergamer(supergamer) used a hand_grenade 1-9-2021, 12:05:15 AM
supergamer(supergamer) used a hand_grenade 1-9-2021, 12:05:15 AM
supergamer(supergamer) used a hand_grenade 1-9-2021, 12:05:16 AM
supergamer(supergamer) used a hand_grenade 1-9-2021, 12:05:16 AM
supergamer(supergamer) used a hand_grenade 1-9-2021, 12:05:16 AM
supergamer(supergamer) used a hand_grenade 1-9-2021, 12:05:17 AM
supergamer(supergamer) used a hand_grenade 1-9-2021, 12:05:17 AM
supergamer(supergamer) used a hand_grenade 1-9-2021, 12:05:17 AM
supergamer(supergamer) used a hand_grenade 1-9-2021, 12:05:18 AM
supergamer(supergamer) used a hand_grenade 1-9-2021, 12:05:18 AM
supergamer(supergamer) used a hand_grenade 1-9-2021, 12:05:18 AM
supergamer(supergamer) used a hand_grenade 1-9-2021, 12:05:19 AM
supergamer(supergamer) used a hand_grenade 1-9-2021, 12:05:19 AM
supergamer(supergamer) used a hand_grenade 1-9-2021, 12:05:19 AM
supergamer(supergamer) used a hand_grenade 1-9-2021, 12:05:20 AM
supergamer(supergamer) used a hand_grenade 1-9-2021, 12:05:20 AM
supergamer(supergamer) used a hand_grenade 1-9-2021, 12:05:21 AM
supergamer(supergamer) used a hand_grenade 1-9-2021, 12:05:21 AM
supergamer(supergamer) used a hand_grenade 1-9-2021, 12:05:21 AM
supergamer(supergamer) used a hand_grenade 1-9-2021, 12:05:21 AM
supergamer(supergamer) used a hand_grenade 1-9-2021, 12:05:22 AM
supergamer(supergamer) used a hand_grenade 1-9-2021, 12:05:22 AM
supergamer(supergamer) used a hand_grenade 1-9-2021, 12:05:23 AM
supergamer(supergamer) used a hand_grenade 1-9-2021, 12:05:23 AM
supergamer(supergamer) used a hand_grenade 1-9-2021, 12:05:24 AM
supergamer(supergamer) used a hand_grenade 1-9-2021, 12:05:25 AM
supergamer(supergamer) used a hand_grenade 1-9-2021, 12:05:26 AM
supergamer(supergamer) used a tk_ultra_health_potion 1-9-2021, 12:06:15 AM
supergamer(supergamer) used a hand_grenade 1-9-2021, 12:06:22 AM
supergamer(supergamer) used a hand_grenade 1-9-2021, 12:06:23 AM
supergamer(supergamer) used a hand_grenade 1-9-2021, 12:06:24 AM
supergamer(supergamer) used a hand_grenade 1-9-2021, 12:06:25 AM
supergamer(supergamer) used a hand_grenade 1-9-2021, 12:06:26 AM
supergamer(supergamer) used a hand_grenade 1-9-2021, 12:06:26 AM
supergamer(supergamer) used a hand_grenade 1-9-2021, 12:06:27 AM
supergamer(supergamer) used a hand_grenade 1-9-2021, 12:06:33 AM
supergamer(supergamer) used a hand_grenade 1-9-2021, 12:06:34 AM
supergamer(supergamer) used a hand_grenade 1-9-2021, 12:06:34 AM
supergamer(supergamer) used a hand_grenade 1-9-2021, 12:06:35 AM
supergamer(supergamer) used a hand_grenade 1-9-2021, 12:06:35 AM
supergamer(supergamer) used a hand_grenade 1-9-2021, 12:06:36 AM
supergamer(supergamer) used a hand_grenade 1-9-2021, 12:06:36 AM
supergamer(supergamer) used a hand_grenade 1-9-2021, 12:06:37 AM
supergamer(supergamer) used a hand_grenade 1-9-2021, 12:06:38 AM
supergamer(supergamer) used a hand_grenade 1-9-2021, 12:06:54 AM
supergamer(supergamer) used a hand_grenade 1-9-2021, 12:06:54 AM
supergamer(supergamer) used a hand_grenade 1-9-2021, 12:06:54 AM
supergamer(supergamer) used a hand_grenade 1-9-2021, 12:06:55 AM
supergamer(supergamer) used a hand_grenade 1-9-2021, 12:06:55 AM
supergamer(supergamer) used a hand_grenade 1-9-2021, 12:06:55 AM
supergamer(supergamer) used a hand_grenade 1-9-2021, 12:06:56 AM
supergamer(supergamer) used a hand_grenade 1-9-2021, 12:06:56 AM
supergamer(supergamer) used a hand_grenade 1-9-2021, 12:06:57 AM
supergamer(supergamer) used a hand_grenade 1-9-2021, 12:06:57 AM
supergamer(supergamer) used a hand_grenade 1-9-2021, 12:06:57 AM
supergamer(supergamer) used a hand_grenade 1-9-2021, 12:06:59 AM
supergamer(supergamer) used a hand_grenade 1-9-2021, 12:07:00 AM
supergamer(supergamer) used a hand_grenade 1-9-2021, 12:07:00 AM
supergamer(supergamer) used a hand_grenade 1-9-2021, 12:07:01 AM
supergamer(supergamer) used a hand_grenade 1-9-2021, 12:07:02 AM
supergamer(supergamer) used a hand_grenade 1-9-2021, 12:07:02 AM
supergamer(supergamer) used a hand_grenade 1-9-2021, 12:07:03 AM
supergamer(supergamer) used a hand_grenade 1-9-2021, 12:07:04 AM
supergamer(supergamer) used a hand_grenade 1-9-2021, 12:07:04 AM
supergamer(supergamer) used a hand_grenade 1-9-2021, 12:07:05 AM
supergamer(supergamer) used a hand_grenade 1-9-2021, 12:07:06 AM
supergamer(supergamer) used a hand_grenade 1-9-2021, 12:08:44 AM
supergamer(supergamer) used a hand_grenade 1-9-2021, 12:08:45 AM
supergamer(supergamer) used a hand_grenade 1-9-2021, 12:08:45 AM
supergamer(supergamer) used a hand_grenade 1-9-2021, 12:08:46 AM
supergamer(supergamer) used a hand_grenade 1-9-2021, 12:08:46 AM
supergamer(supergamer) used a hand_grenade 1-9-2021, 12:08:47 AM
supergamer(supergamer) used a hand_grenade 1-9-2021, 12:08:48 AM
supergamer(supergamer) used a hand_grenade 1-9-2021, 12:08:49 AM
supergamer(supergamer) used a hand_grenade 1-9-2021, 12:08:50 AM
supergamer(supergamer) used a hand_grenade 1-9-2021, 12:08:50 AM
supergamer(supergamer) used a hand_grenade 1-9-2021, 12:08:51 AM
supergamer(supergamer) used a hand_grenade 1-9-2021, 12:08:51 AM
supergamer(supergamer) used a hand_grenade 1-9-2021, 12:08:53 AM
supergamer(supergamer) used a hand_grenade 1-9-2021, 12:08:54 AM
supergamer(supergamer) used a hand_grenade 1-9-2021, 12:08:54 AM
supergamer(supergamer) used a hand_grenade 1-9-2021, 12:08:55 AM
supergamer(supergamer) used a hand_grenade 1-9-2021, 12:08:56 AM
supergamer(supergamer) used a hand_grenade 1-9-2021, 12:08:57 AM
supergamer(supergamer) used a hand_grenade 1-9-2021, 12:08:58 AM
supergamer(supergamer) used a hand_grenade 1-9-2021, 12:08:59 AM
supergamer(supergamer) used a hand_grenade 1-9-2021, 12:10:03 AM
supergamer(supergamer) used a hand_grenade 1-9-2021, 12:10:04 AM
supergamer(supergamer) used a hand_grenade 1-9-2021, 12:10:05 AM
supergamer(supergamer) used a hand_grenade 1-9-2021, 12:10:06 AM
supergamer(supergamer) used a hand_grenade 1-9-2021, 12:10:06 AM
supergamer(supergamer) used a hand_grenade 1-9-2021, 12:10:07 AM
supergamer(supergamer) used a hand_grenade 1-9-2021, 12:10:08 AM
supergamer(supergamer) used a hand_grenade 1-9-2021, 12:10:09 AM
supergamer(supergamer) used a hand_grenade 1-9-2021, 12:10:10 AM
supergamer(supergamer) used a hand_grenade 1-9-2021, 12:10:11 AM
supergamer(supergamer) used a hand_grenade 1-9-2021, 12:10:11 AM
supergamer(supergamer) used a hand_grenade 1-9-2021, 12:10:14 AM
supergamer(supergamer) used a hand_grenade 1-9-2021, 12:10:14 AM
supergamer(supergamer) used a hand_grenade 1-9-2021, 12:10:15 AM
supergamer(supergamer) used a hand_grenade 1-9-2021, 12:10:19 AM
supergamer(supergamer) used a hand_grenade 1-9-2021, 12:10:20 AM
supergamer(supergamer) used a hand_grenade 1-9-2021, 12:10:21 AM
supergamer(supergamer) used a hand_grenade 1-9-2021, 12:10:21 AM
supergamer(supergamer) used a hand_grenade 1-9-2021, 12:10:23 AM
supergamer(supergamer) used a hand_grenade 1-9-2021, 12:10:23 AM
supergamer(supergamer) used a hand_grenade 1-9-2021, 12:10:26 AM
supergamer(supergamer) used a hand_grenade 1-9-2021, 12:10:27 AM
supergamer(supergamer) used a hand_grenade 1-9-2021, 12:10:27 AM
supergamer(supergamer) used a hand_grenade 1-9-2021, 12:10:28 AM
supergamer(supergamer) used a hand_grenade 1-9-2021, 12:10:29 AM
supergamer(supergamer) used a hand_grenade 1-9-2021, 12:10:29 AM
supergamer(supergamer) used a hand_grenade 1-9-2021, 12:10:35 AM
supergamer(supergamer) used a hand_grenade 1-9-2021, 12:10:36 AM
supergamer(supergamer) used a hand_grenade 1-9-2021, 12:10:37 AM
supergamer(supergamer) used a hand_grenade 1-9-2021, 12:10:37 AM
supergamer(supergamer) used a hand_grenade 1-9-2021, 12:10:39 AM
supergamer(supergamer) used a ammo_beretta_m1951_machine_pistol 1-9-2021, 12:11:35 AM
supergamer(supergamer) used a tk_ultra_health_potion 1-9-2021, 12:12:08 AM
supergamer(supergamer) used a ammo_beretta_m1951_machine_pistol 1-9-2021, 12:13:37 AM
supergamer(supergamer) used a ammo_beretta_m1951_machine_pistol 1-9-2021, 12:13:50 AM
supergamer(supergamer) used a tk_ultra_health_potion 1-9-2021, 12:15:21 AM
supergamer(supergamer) used a ammo_beretta_m1951_machine_pistol 1-9-2021, 12:15:39 AM
supergamer(supergamer) used a tk_ultra_health_potion 1-9-2021, 12:15:57 AM
supergamer(supergamer) used a fnminimilight 1-9-2021, 12:16:14 AM
supergamer(supergamer) used a tk_ultra_health_potion 1-9-2021, 12:16:14 AM
supergamer(supergamer) used a fnminimilight 1-9-2021, 12:16:15 AM
supergamer(supergamer) used a the_legendary_sword 1-9-2021, 12:16:16 AM
supergamer(supergamer) used a tk_ultra_health_potion 1-9-2021, 12:16:18 AM
supergamer(supergamer) used a tk_ultra_health_potion 1-9-2021, 12:17:04 AM
supergamer(supergamer) used a storm_sniper 1-9-2021, 12:17:07 AM
supergamer(supergamer) used a storm_sniper 1-9-2021, 12:17:38 AM
supergamer(supergamer) used a storm_sniper 1-9-2021, 12:17:50 AM
supergamer(supergamer) used a the_legendary_sword 1-9-2021, 12:18:25 AM
supergamer(supergamer) used a storm_sniper 1-9-2021, 12:18:38 AM
supergamer(supergamer) used a storm_sniper 1-9-2021, 12:18:40 AM
supergamer(supergamer) used a the_legendary_sword 1-9-2021, 12:18:41 AM
supergamer(supergamer) used a storm_sniper 1-9-2021, 12:18:42 AM
supergamer(supergamer) used a tk_ultra_health_potion 1-9-2021, 12:20:28 AM
supergamer(supergamer) used a the_legendary_sword 1-9-2021, 12:21:11 AM
supergamer(supergamer) used a tk_ultra_health_potion 1-9-2021, 12:22:53 AM
supergamer(supergamer) used a tk_ultra_health_potion 1-9-2021, 12:23:52 AM
supergamer(supergamer) used a fnminimilight 1-9-2021, 12:25:45 AM
supergamer(supergamer) used a tk_ultra_health_potion 1-9-2021, 12:25:45 AM
supergamer(supergamer) used a the_legendary_sword 1-9-2021, 12:25:46 AM
supergamer(supergamer) used a storm_sniper 1-9-2021, 12:25:48 AM
supergamer(supergamer) used a storm_sniper 1-9-2021, 12:26:10 AM
supergamer(supergamer) used a storm_sniper 1-9-2021, 12:26:11 AM
supergamer(supergamer) used a tk_ultra_health_potion 1-9-2021, 12:26:12 AM
supergamer(supergamer) used a the_legendary_sword 1-9-2021, 12:27:12 AM
supergamer(supergamer) used a the_legendary_sword 1-9-2021, 12:37:54 AM
supergamer(supergamer) used a storm_sniper 1-9-2021, 12:37:56 AM
supergamer(supergamer) used a the_legendary_sword 1-9-2021, 12:37:57 AM
supergamer(supergamer) used a tk_ultra_health_potion 1-9-2021, 12:38:40 AM
supergamer(supergamer) used a tk_ultra_health_potion 1-9-2021, 12:40:27 AM
supergamer(supergamer) used a the_legendary_sword 1-9-2021, 12:40:29 AM
supergamer(supergamer) used a fnminimilight 1-9-2021, 12:40:31 AM
supergamer(supergamer) used a shield 1-9-2021, 12:40:32 AM
supergamer(supergamer) used a the_legendary_sword 1-9-2021, 12:40:32 AM
supergamer(supergamer) used a fnminimilight 1-9-2021, 12:40:35 AM
supergamer(supergamer) used a the_legendary_sword 1-9-2021, 12:40:36 AM
supergamer(supergamer) used a fnminimilight 1-9-2021, 12:40:42 AM
supergamer(supergamer) used a tk_ultra_health_potion 1-9-2021, 12:40:43 AM
supergamer(supergamer) used a tk_ultra_health_potion 1-9-2021, 12:40:44 AM
supergamer(supergamer) used a the_legendary_sword 1-9-2021, 12:40:45 AM
supergamer(supergamer) used a storm_sniper 1-9-2021, 12:40:47 AM
supergamer(supergamer) used a the_legendary_sword 1-9-2021, 12:40:48 AM
supergamer(supergamer) used a fnminimilight 1-9-2021, 12:43:18 AM
supergamer(supergamer) used a tk_ultra_health_potion 1-9-2021, 12:43:18 AM
supergamer(supergamer) used a the_legendary_sword 1-9-2021, 12:43:19 AM
supergamer(supergamer) used a fnminimilight 1-9-2021, 12:43:21 AM
supergamer(supergamer) used a the_legendary_sword 1-9-2021, 12:43:47 AM
supergamer(supergamer) used a pack_of_5_barricade_bomb 1-9-2021, 12:46:16 AM
supergamer(supergamer) used a tk_ultra_health_potion 1-9-2021, 12:46:19 AM
supergamer(supergamer) used a short_sword 1-9-2021, 11:25:18 AM
supergamer(supergamer) used a short_sword 1-9-2021, 11:25:19 AM
supergamer(supergamer) used a short_sword 1-9-2021, 11:25:19 AM
supergamer(supergamer) used a short_sword 1-9-2021, 11:25:20 AM
supergamer(supergamer) used a the_legendary_sword 1-9-2021, 11:25:22 AM
supergamer(supergamer) used a the_legendary_sword 1-9-2021, 11:25:44 AM
supergamer(supergamer) used a tk_ultra_health_potion 1-9-2021, 11:26:30 AM
supergamer(supergamer) used a shield 1-9-2021, 11:26:32 AM
supergamer(supergamer) used a tk_ultra_health_potion 1-9-2021, 11:30:24 AM
supergamer(supergamer) used a tk_ultra_health_potion 1-9-2021, 11:30:34 AM
supergamer(supergamer) used a fnminimilight 1-9-2021, 11:30:35 AM
supergamer(supergamer) used a storm_sniper 1-9-2021, 11:30:36 AM
supergamer(supergamer) used a fnminimilight 1-9-2021, 11:30:39 AM
supergamer(supergamer) used a fnminimilight 1-9-2021, 11:30:40 AM
supergamer(supergamer) used a fnminimilight 1-9-2021, 11:30:40 AM
supergamer(supergamer) used a fnminimilight 1-9-2021, 11:30:49 AM
supergamer(supergamer) used a storm_sniper 1-9-2021, 11:30:50 AM
supergamer(supergamer) used a the_legendary_sword 1-9-2021, 11:30:52 AM
supergamer(supergamer) used a fnminimilight 1-9-2021, 11:33:29 AM
supergamer(supergamer) used a tk_ultra_health_potion 1-9-2021, 11:33:31 AM
supergamer(supergamer) used a the_legendary_sword 1-9-2021, 11:33:32 AM
supergamer(supergamer) used a storm_sniper 1-9-2021, 11:33:47 AM
supergamer(supergamer) used a tk_ultra_health_potion 1-9-2021, 11:34:12 AM
supergamer(supergamer) used a the_legendary_sword 1-9-2021, 11:34:24 AM
supergamer(supergamer) used a storm_sniper 1-9-2021, 11:35:10 AM
supergamer(supergamer) used a fnminimilight 1-9-2021, 11:35:13 AM
supergamer(supergamer) used a storm_sniper 1-9-2021, 11:35:14 AM
supergamer(supergamer) used a the_legendary_sword 1-9-2021, 11:35:14 AM
supergamer(supergamer) used a storm_sniper 1-9-2021, 11:35:15 AM
supergamer(supergamer) used a fnminimilight 1-9-2021, 11:35:16 AM
supergamer(supergamer) used a tk_ultra_health_potion 1-9-2021, 11:35:17 AM
supergamer(supergamer) used a storm_sniper 1-9-2021, 11:35:18 AM
supergamer(supergamer) used a the_legendary_sword 1-9-2021, 11:35:20 AM
supergamer(supergamer) used a tk_ultra_health_potion 1-9-2021, 11:35:59 AM
supergamer(supergamer) used a tk_ultra_health_potion 1-9-2021, 11:37:07 AM
supergamer(supergamer) used a the_legendary_sword 1-9-2021, 11:37:19 AM
supergamer(supergamer) used a storm_sniper 1-9-2021, 11:37:20 AM
supergamer(supergamer) used a the_legendary_sword 1-9-2021, 11:37:21 AM
supergamer(supergamer) used a tk_ultra_health_potion 1-9-2021, 11:38:27 AM
supergamer(supergamer) used a storm_sniper 1-9-2021, 11:38:55 AM
supergamer(supergamer) used a tk_ultra_health_potion 1-9-2021, 11:38:59 AM
supergamer(supergamer) used a the_legendary_sword 1-9-2021, 11:39:22 AM
supergamer(supergamer) used a tk_ultra_health_potion 1-9-2021, 11:41:21 AM
supergamer(supergamer) used a the_legendary_sword 1-9-2021, 11:42:10 AM
supergamer(supergamer) used a tk_ultra_health_potion 1-9-2021, 11:45:01 AM
supergamer(supergamer) used a metal_pack 1-9-2021, 12:23:50 PM
supergamer(supergamer) used a metal_pack 1-9-2021, 12:23:50 PM
supergamer(supergamer) used a metal_pack 1-9-2021, 12:23:50 PM
supergamer(supergamer) used a metal_pack 1-9-2021, 12:23:50 PM
supergamer(supergamer) used a metal_pack 1-9-2021, 12:23:50 PM
supergamer(supergamer) used a metal_pack 1-9-2021, 12:23:50 PM
supergamer(supergamer) used a metal_pack 1-9-2021, 12:23:50 PM
supergamer(supergamer) used a metal_pack 1-9-2021, 12:23:51 PM
supergamer(supergamer) used a metal_pack 1-9-2021, 12:23:51 PM
supergamer(supergamer) used a metal_pack 1-9-2021, 12:23:51 PM
supergamer(supergamer) used a metal_pack 1-9-2021, 12:23:51 PM
supergamer(supergamer) used a metal_pack 1-9-2021, 12:23:51 PM
supergamer(supergamer) used a metal_pack 1-9-2021, 12:23:51 PM
supergamer(supergamer) used a metal_pack 1-9-2021, 12:23:51 PM
supergamer(supergamer) used a metal_pack 1-9-2021, 12:23:52 PM
supergamer(supergamer) used a metal_pack 1-9-2021, 12:23:52 PM
supergamer(supergamer) used a metal_pack 1-9-2021, 12:23:52 PM
supergamer(supergamer) used a metal_pack 1-9-2021, 12:23:52 PM
supergamer(supergamer) used a metal_pack 1-9-2021, 12:23:52 PM
supergamer(supergamer) used a metal_pack 1-9-2021, 12:23:52 PM
supergamer(supergamer) used a metal_pack 1-9-2021, 12:23:52 PM
supergamer(supergamer) used a metal_pack 1-9-2021, 12:23:52 PM
supergamer(supergamer) used a metal_pack 1-9-2021, 12:23:52 PM
supergamer(supergamer) used a metal_pack 1-9-2021, 12:23:52 PM
supergamer(supergamer) used a metal_pack 1-9-2021, 12:23:53 PM
supergamer(supergamer) used a metal_pack 1-9-2021, 12:23:53 PM
supergamer(supergamer) used a metal_pack 1-9-2021, 12:23:53 PM
supergamer(supergamer) used a metal_pack 1-9-2021, 12:23:53 PM
supergamer(supergamer) used a metal_pack 1-9-2021, 12:23:53 PM
supergamer(supergamer) used a metal_pack 1-9-2021, 12:23:53 PM
supergamer(supergamer) used a metal_pack 1-9-2021, 12:23:53 PM
supergamer(supergamer) used a metal_pack 1-9-2021, 12:23:53 PM
supergamer(supergamer) used a metal_pack 1-9-2021, 12:23:53 PM
supergamer(supergamer) used a metal_pack 1-9-2021, 12:23:53 PM
supergamer(supergamer) used a metal_pack 1-9-2021, 12:23:54 PM
supergamer(supergamer) used a metal_pack 1-9-2021, 12:23:54 PM
supergamer(supergamer) used a metal_pack 1-9-2021, 12:23:54 PM
supergamer(supergamer) used a metal_pack 1-9-2021, 12:23:54 PM
supergamer(supergamer) used a metal_pack 1-9-2021, 12:23:54 PM
supergamer(supergamer) used a metal_pack 1-9-2021, 12:23:54 PM
supergamer(supergamer) used a metal_pack 1-9-2021, 12:23:54 PM
supergamer(supergamer) used a metal_pack 1-9-2021, 12:23:54 PM
supergamer(supergamer) used a metal_pack 1-9-2021, 12:23:55 PM
supergamer(supergamer) used a metal_pack 1-9-2021, 12:23:55 PM
supergamer(supergamer) used a metal_pack 1-9-2021, 12:23:55 PM
supergamer(supergamer) used a metal_pack 1-9-2021, 12:23:55 PM
supergamer(supergamer) used a metal_pack 1-9-2021, 12:23:55 PM
supergamer(supergamer) used a metal_pack 1-9-2021, 12:23:55 PM
supergamer(supergamer) used a metal_pack 1-9-2021, 12:23:55 PM
supergamer(supergamer) used a metal_pack 1-9-2021, 12:23:56 PM
supergamer(supergamer) used a metal_pack 1-9-2021, 12:23:56 PM
supergamer(supergamer) used a metal_pack 1-9-2021, 12:23:56 PM
supergamer(supergamer) used a metal_pack 1-9-2021, 12:23:56 PM
supergamer(supergamer) used a metal_pack 1-9-2021, 12:23:56 PM
supergamer(supergamer) used a metal_pack 1-9-2021, 12:23:57 PM
supergamer(supergamer) used a metal_pack 1-9-2021, 12:23:57 PM
supergamer(supergamer) used a metal_pack 1-9-2021, 12:23:57 PM
supergamer(supergamer) used a metal_pack 1-9-2021, 12:23:57 PM
supergamer(supergamer) used a metal_pack 1-9-2021, 12:23:57 PM
supergamer(supergamer) used a metal_pack 1-9-2021, 12:23:57 PM
supergamer(supergamer) used a metal_pack 1-9-2021, 12:23:57 PM
supergamer(supergamer) used a metal_pack 1-9-2021, 12:23:57 PM
supergamer(supergamer) used a metal_pack 1-9-2021, 12:23:57 PM
supergamer(supergamer) used a metal_pack 1-9-2021, 12:23:57 PM
supergamer(supergamer) used a metal_pack 1-9-2021, 12:23:58 PM
supergamer(supergamer) used a metal_pack 1-9-2021, 12:23:58 PM
supergamer(supergamer) used a metal_pack 1-9-2021, 12:23:58 PM
supergamer(supergamer) used a metal_pack 1-9-2021, 12:23:58 PM
supergamer(supergamer) used a tk_dollar 1-9-2021, 12:24:13 PM
supergamer(supergamer) used a tk_dollar 1-9-2021, 12:24:19 PM
supergamer(supergamer) used a tk_dollar 1-9-2021, 12:24:19 PM
supergamer(supergamer) used a tk_dollar 1-9-2021, 12:24:20 PM
supergamer(supergamer) used a metal_pack 1-9-2021, 12:24:36 PM
supergamer(supergamer) used a metal_pack 1-9-2021, 12:24:36 PM
supergamer(supergamer) used a metal_pack 1-9-2021, 12:24:36 PM
supergamer(supergamer) used a metal_pack 1-9-2021, 12:24:36 PM
supergamer(supergamer) used a metal_pack 1-9-2021, 12:24:36 PM
supergamer(supergamer) used a metal_pack 1-9-2021, 12:24:37 PM
supergamer(supergamer) used a metal_pack 1-9-2021, 12:24:37 PM
supergamer(supergamer) used a metal_pack 1-9-2021, 12:24:37 PM
supergamer(supergamer) used a metal_pack 1-9-2021, 12:24:38 PM
supergamer(supergamer) used a metal_pack 1-9-2021, 12:24:38 PM
supergamer(supergamer) used a metal_pack 1-9-2021, 12:24:38 PM
supergamer(supergamer) used a metal_pack 1-9-2021, 12:24:38 PM
supergamer(supergamer) used a metal_pack 1-9-2021, 12:24:38 PM
supergamer(supergamer) used a metal_pack 1-9-2021, 12:24:38 PM
supergamer(supergamer) used a metal_pack 1-9-2021, 12:24:38 PM
supergamer(supergamer) used a metal_pack 1-9-2021, 12:24:39 PM
supergamer(supergamer) used a metal_pack 1-9-2021, 12:24:39 PM
supergamer(supergamer) used a metal_pack 1-9-2021, 12:24:39 PM
supergamer(supergamer) used a metal_pack 1-9-2021, 12:24:39 PM
supergamer(supergamer) used a metal_pack 1-9-2021, 12:24:39 PM
supergamer(supergamer) used a metal_pack 1-9-2021, 12:24:39 PM
supergamer(supergamer) used a metal_pack 1-9-2021, 12:24:39 PM
supergamer(supergamer) used a metal_pack 1-9-2021, 12:24:39 PM
supergamer(supergamer) used a metal_pack 1-9-2021, 12:24:39 PM
supergamer(supergamer) used a metal_pack 1-9-2021, 12:24:40 PM
supergamer(supergamer) used a metal_pack 1-9-2021, 12:24:40 PM
supergamer(supergamer) used a metal_pack 1-9-2021, 12:24:40 PM
supergamer(supergamer) used a metal_pack 1-9-2021, 12:24:40 PM
supergamer(supergamer) used a metal_pack 1-9-2021, 12:24:40 PM
supergamer(supergamer) used a metal_pack 1-9-2021, 12:24:40 PM
supergamer(supergamer) used a metal_pack 1-9-2021, 12:24:40 PM
supergamer(supergamer) used a metal_pack 1-9-2021, 12:24:40 PM
supergamer(supergamer) used a metal_pack 1-9-2021, 12:24:41 PM
supergamer(supergamer) used a metal_pack 1-9-2021, 12:24:41 PM
supergamer(supergamer) used a metal_pack 1-9-2021, 12:24:41 PM
supergamer(supergamer) used a metal_pack 1-9-2021, 12:24:41 PM
supergamer(supergamer) used a metal_pack 1-9-2021, 12:24:41 PM
supergamer(supergamer) used a metal_pack 1-9-2021, 12:24:41 PM
supergamer(supergamer) used a metal_pack 1-9-2021, 12:24:41 PM
supergamer(supergamer) used a metal_pack 1-9-2021, 12:24:41 PM
supergamer(supergamer) used a metal_pack 1-9-2021, 12:24:41 PM
supergamer(supergamer) used a metal_pack 1-9-2021, 12:24:41 PM
supergamer(supergamer) used a metal_pack 1-9-2021, 12:24:41 PM
supergamer(supergamer) used a metal_pack 1-9-2021, 12:24:41 PM
supergamer(supergamer) used a metal_pack 1-9-2021, 12:24:41 PM
supergamer(supergamer) used a metal_pack 1-9-2021, 12:24:42 PM
supergamer(supergamer) used a metal_pack 1-9-2021, 12:24:42 PM
supergamer(supergamer) used a metal_pack 1-9-2021, 12:24:42 PM
supergamer(supergamer) used a metal_pack 1-9-2021, 12:24:42 PM
supergamer(supergamer) used a metal_pack 1-9-2021, 12:24:42 PM
supergamer(supergamer) used a metal_pack 1-9-2021, 12:24:42 PM
supergamer(supergamer) used a metal_pack 1-9-2021, 12:24:42 PM
supergamer(supergamer) used a metal_pack 1-9-2021, 12:24:42 PM
supergamer(supergamer) used a metal_pack 1-9-2021, 12:24:42 PM
supergamer(supergamer) used a metal_pack 1-9-2021, 12:24:43 PM
supergamer(supergamer) used a metal_pack 1-9-2021, 12:24:43 PM
supergamer(supergamer) used a metal_pack 1-9-2021, 12:24:43 PM
supergamer(supergamer) used a metal_pack 1-9-2021, 12:24:43 PM
supergamer(supergamer) used a metal_pack 1-9-2021, 12:24:43 PM
supergamer(supergamer) used a metal_pack 1-9-2021, 12:24:43 PM
supergamer(supergamer) used a metal_pack 1-9-2021, 12:24:43 PM
supergamer(supergamer) used a metal_pack 1-9-2021, 12:24:43 PM
supergamer(supergamer) used a metal_pack 1-9-2021, 12:24:43 PM
supergamer(supergamer) used a metal_pack 1-9-2021, 12:24:43 PM
supergamer(supergamer) used a metal_pack 1-9-2021, 12:24:44 PM
supergamer(supergamer) used a metal_pack 1-9-2021, 12:24:44 PM
supergamer(supergamer) used a metal_pack 1-9-2021, 12:24:44 PM
supergamer(supergamer) used a metal_pack 1-9-2021, 12:24:44 PM
supergamer(supergamer) used a metal_pack 1-9-2021, 12:24:44 PM
supergamer(supergamer) used a metal_pack 1-9-2021, 12:24:44 PM
supergamer(supergamer) used a studded_boots 1-9-2021, 12:25:10 PM
supergamer(supergamer) used a shield 1-9-2021, 12:25:14 PM
supergamer(supergamer) used a tk_ultra_health_potion 1-9-2021, 12:29:36 PM
supergamer(supergamer) used a shield 1-9-2021, 12:29:39 PM
supergamer(supergamer) used a tk_ultra_health_potion 1-9-2021, 12:29:47 PM
supergamer(supergamer) used a shield 1-9-2021, 12:30:01 PM
supergamer(supergamer) used a shield 1-9-2021, 12:30:01 PM
supergamer(supergamer) used a shield 1-9-2021, 12:30:02 PM
supergamer(supergamer) used a shield 1-9-2021, 12:30:02 PM
supergamer(supergamer) used a shield 1-9-2021, 12:30:02 PM
supergamer(supergamer) used a shield 1-9-2021, 12:30:03 PM
supergamer(supergamer) used a shield 1-9-2021, 12:30:03 PM
supergamer(supergamer) used a shield 1-9-2021, 12:30:04 PM
supergamer(supergamer) used a shield 1-9-2021, 12:30:04 PM
supergamer(supergamer) used a shield 1-9-2021, 12:30:04 PM
supergamer(supergamer) used a shield 1-9-2021, 12:30:04 PM
supergamer(supergamer) used a shield 1-9-2021, 12:30:04 PM
supergamer(supergamer) used a shield 1-9-2021, 12:30:04 PM
supergamer(supergamer) used a shield 1-9-2021, 12:30:05 PM
supergamer(supergamer) used a shield 1-9-2021, 12:30:05 PM
supergamer(supergamer) used a shield 1-9-2021, 12:30:05 PM
supergamer(supergamer) used a shield 1-9-2021, 12:30:05 PM
supergamer(supergamer) used a shield 1-9-2021, 12:30:05 PM
supergamer(supergamer) used a shield 1-9-2021, 12:30:05 PM
supergamer(supergamer) used a shield 1-9-2021, 12:30:05 PM
supergamer(supergamer) used a shield 1-9-2021, 12:30:06 PM
supergamer(supergamer) used a shield 1-9-2021, 12:30:06 PM
supergamer(supergamer) used a shield 1-9-2021, 12:30:06 PM
supergamer(supergamer) used a shield 1-9-2021, 12:30:06 PM
supergamer(supergamer) used a shield 1-9-2021, 12:30:07 PM
supergamer(supergamer) used a shield 1-9-2021, 12:30:07 PM
supergamer(supergamer) used a shield 1-9-2021, 12:30:07 PM
supergamer(supergamer) used a shield 1-9-2021, 12:30:07 PM
supergamer(supergamer) used a shield 1-9-2021, 12:30:08 PM
supergamer(supergamer) used a tk_ultra_health_potion 1-9-2021, 12:30:10 PM
supergamer(supergamer) used a the_legendary_sword 1-9-2021, 12:30:18 PM
supergamer(supergamer) used a tk_ultra_health_potion 1-9-2021, 12:31:51 PM
supergamer(supergamer) used a tk_ultra_health_potion 1-9-2021, 12:32:36 PM
supergamer(supergamer) used a tk_ultra_health_potion 1-9-2021, 12:32:44 PM
supergamer(supergamer) used a tk_ultra_health_potion 1-9-2021, 12:33:03 PM
supergamer(supergamer) used a tk_ultra_health_potion 1-9-2021, 12:33:35 PM
supergamer(supergamer) used a shield 1-9-2021, 12:33:37 PM
supergamer(supergamer) used a shield 1-9-2021, 12:33:37 PM
supergamer(supergamer) used a shield 1-9-2021, 12:33:37 PM
supergamer(supergamer) used a shield 1-9-2021, 12:33:37 PM
supergamer(supergamer) used a shield 1-9-2021, 12:33:37 PM
supergamer(supergamer) used a shield 1-9-2021, 12:33:37 PM
supergamer(supergamer) used a shield 1-9-2021, 12:33:38 PM
supergamer(supergamer) used a shield 1-9-2021, 12:33:38 PM
supergamer(supergamer) used a shield 1-9-2021, 12:33:38 PM
supergamer(supergamer) used a shield 1-9-2021, 12:33:38 PM
supergamer(supergamer) used a shield 1-9-2021, 12:33:39 PM
supergamer(supergamer) used a shield 1-9-2021, 12:33:39 PM
supergamer(supergamer) used a shield 1-9-2021, 12:33:39 PM
supergamer(supergamer) used a shield 1-9-2021, 12:33:39 PM
supergamer(supergamer) used a shield 1-9-2021, 12:33:39 PM
supergamer(supergamer) used a shield 1-9-2021, 12:33:40 PM
supergamer(supergamer) used a shield 1-9-2021, 12:33:40 PM
supergamer(supergamer) used a shield 1-9-2021, 12:33:40 PM
supergamer(supergamer) used a shield 1-9-2021, 12:33:40 PM
supergamer(supergamer) used a shield 1-9-2021, 12:33:40 PM
supergamer(supergamer) used a shield 1-9-2021, 12:33:40 PM
supergamer(supergamer) used a shield 1-9-2021, 12:33:41 PM
supergamer(supergamer) used a shield 1-9-2021, 12:33:41 PM
supergamer(supergamer) used a shield 1-9-2021, 12:33:43 PM
supergamer(supergamer) used a shield 1-9-2021, 12:33:44 PM
supergamer(supergamer) used a shield 1-9-2021, 12:33:44 PM
supergamer(supergamer) used a shield 1-9-2021, 12:33:44 PM
supergamer(supergamer) used a shield 1-9-2021, 12:33:44 PM
supergamer(supergamer) used a tk_ultra_health_potion 1-9-2021, 12:34:12 PM
supergamer(supergamer) used a shield 1-9-2021, 12:34:12 PM
supergamer(supergamer) used a shield 1-9-2021, 12:34:13 PM
supergamer(supergamer) used a tk_ultra_health_potion 1-9-2021, 12:35:21 PM
supergamer(supergamer) used a tk_ultra_health_potion 1-9-2021, 12:37:06 PM
supergamer(supergamer) used a shield 1-9-2021, 12:37:08 PM
supergamer(supergamer) used a shield 1-9-2021, 12:37:08 PM
supergamer(supergamer) used a tk_ultra_health_potion 1-9-2021, 12:37:20 PM
supergamer(supergamer) used a tk_ultra_health_potion 1-9-2021, 12:38:29 PM
supergamer(supergamer) used a tk_ultra_health_potion 1-9-2021, 12:39:21 PM
supergamer(supergamer) used a tk_ultra_health_potion 1-9-2021, 12:47:50 PM
supergamer(supergamer) used a metal_pack 1-9-2021, 4:20:22 PM
supergamer(supergamer) used a metal_pack 1-9-2021, 4:20:22 PM
supergamer(supergamer) used a metal_pack 1-9-2021, 4:20:22 PM
supergamer(supergamer) used a metal_pack 1-9-2021, 4:20:22 PM
supergamer(supergamer) used a metal_pack 1-9-2021, 4:20:22 PM
supergamer(supergamer) used a metal_pack 1-9-2021, 4:20:22 PM
supergamer(supergamer) used a metal_pack 1-9-2021, 4:20:23 PM
supergamer(supergamer) used a metal_pack 1-9-2021, 4:20:23 PM
supergamer(supergamer) used a metal_pack 1-9-2021, 4:20:23 PM
supergamer(supergamer) used a metal_pack 1-9-2021, 4:20:23 PM
supergamer(supergamer) used a metal_pack 1-9-2021, 4:20:23 PM
supergamer(supergamer) used a metal_pack 1-9-2021, 4:20:23 PM
supergamer(supergamer) used a metal_pack 1-9-2021, 4:20:23 PM
supergamer(supergamer) used a metal_pack 1-9-2021, 4:20:23 PM
supergamer(supergamer) used a metal_pack 1-9-2021, 4:20:23 PM
supergamer(supergamer) used a metal_pack 1-9-2021, 4:20:23 PM
supergamer(supergamer) used a metal_pack 1-9-2021, 4:20:23 PM
supergamer(supergamer) used a metal_pack 1-9-2021, 4:20:24 PM
supergamer(supergamer) used a metal_pack 1-9-2021, 4:20:24 PM
supergamer(supergamer) used a metal_pack 1-9-2021, 4:20:24 PM
supergamer(supergamer) used a metal_pack 1-9-2021, 4:20:24 PM
supergamer(supergamer) used a metal_pack 1-9-2021, 4:20:24 PM
supergamer(supergamer) used a metal_pack 1-9-2021, 4:20:24 PM
supergamer(supergamer) used a metal_pack 1-9-2021, 4:20:24 PM
supergamer(supergamer) used a metal_pack 1-9-2021, 4:20:24 PM
supergamer(supergamer) used a metal_pack 1-9-2021, 4:20:24 PM
supergamer(supergamer) used a metal_pack 1-9-2021, 4:20:25 PM
supergamer(supergamer) used a metal_pack 1-9-2021, 4:20:25 PM
supergamer(supergamer) used a metal_pack 1-9-2021, 4:20:25 PM
supergamer(supergamer) used a metal_pack 1-9-2021, 4:20:25 PM
supergamer(supergamer) used a metal_pack 1-9-2021, 4:20:25 PM
supergamer(supergamer) used a metal_pack 1-9-2021, 4:20:25 PM
supergamer(supergamer) used a metal_pack 1-9-2021, 4:20:25 PM
supergamer(supergamer) used a spiked_chain_mace 1-9-2021, 4:21:32 PM
supergamer(supergamer) used a spiked_chain_mace 1-9-2021, 4:21:36 PM
supergamer(supergamer) used a the_legendary_sword 1-9-2021, 4:21:37 PM
supergamer(supergamer) used a shield 1-9-2021, 4:21:43 PM
supergamer(supergamer) used a storm_sniper 1-9-2021, 4:21:47 PM
supergamer(supergamer) used a the_legendary_sword 1-9-2021, 4:21:47 PM
supergamer(supergamer) used a spiked_chain_mace 1-9-2021, 4:22:24 PM
supergamer(supergamer) used a the_legendary_sword 1-9-2021, 4:22:28 PM
supergamer(supergamer) used a armored_tank 1-9-2021, 4:24:16 PM
supergamer(supergamer) used a tk_ultra_health_potion 1-9-2021, 4:26:36 PM
supergamer(supergamer) used a tk_ultra_health_potion 1-9-2021, 5:15:52 PM
supergamer(supergamer) used a shield 1-9-2021, 5:15:55 PM
supergamer(supergamer) used a the_legendary_sword 1-9-2021, 5:15:59 PM
supergamer(supergamer) used a the_legendary_sword 1-9-2021, 5:16:00 PM
supergamer(supergamer) used a the_legendary_sword 1-9-2021, 5:16:00 PM
supergamer(supergamer) used a the_legendary_sword 1-9-2021, 5:16:00 PM
supergamer(supergamer) used a tk_ultra_health_potion 1-9-2021, 5:16:05 PM
supergamer(supergamer) used a storm_sniper 1-9-2021, 5:16:06 PM
supergamer(supergamer) used a the_legendary_sword 1-9-2021, 5:16:07 PM
supergamer(supergamer) used a storm_sniper 1-9-2021, 5:16:07 PM
supergamer(supergamer) used a fnminimilight 1-9-2021, 5:16:29 PM
supergamer(supergamer) used a storm_sniper 1-9-2021, 6:47:26 PM
supergamer(supergamer) used a the_legendary_sword 1-9-2021, 6:47:27 PM
supergamer(supergamer) used a tk_ultra_health_potion 1-9-2021, 6:47:34 PM
supergamer(supergamer) used a storm_sniper 1-9-2021, 6:48:09 PM
supergamer(supergamer) used a the_legendary_sword 1-9-2021, 6:48:15 PM
supergamer(supergamer) used a tk_ultra_health_potion 1-9-2021, 6:48:30 PM
supergamer(supergamer) used a tk_ultra_health_potion 1-9-2021, 6:49:05 PM
supergamer(supergamer) used a the_legendary_sword 1-9-2021, 6:49:51 PM
supergamer(supergamer) used a storm_sniper 1-9-2021, 6:50:47 PM
supergamer(supergamer) used a the_legendary_sword 1-9-2021, 6:50:54 PM
supergamer(supergamer) used a tk_ultra_health_potion 1-9-2021, 6:51:38 PM
supergamer(supergamer) used a the_legendary_sword 1-9-2021, 6:51:54 PM
supergamer(supergamer) used a tk_ultra_health_potion 1-9-2021, 6:52:15 PM
supergamer(supergamer) used a storm_sniper 1-9-2021, 6:52:21 PM
supergamer(supergamer) used a the_legendary_sword 1-9-2021, 6:52:38 PM
supergamer(supergamer) used a storm_sniper 1-9-2021, 6:52:43 PM
supergamer(supergamer) used a the_legendary_sword 1-9-2021, 6:52:59 PM
supergamer(supergamer) used a tk_ultra_health_potion 1-9-2021, 6:54:25 PM
supergamer(supergamer) used a storm_sniper 1-9-2021, 6:55:48 PM
supergamer(supergamer) used a tk_ultra_health_potion 1-9-2021, 6:55:50 PM
supergamer(supergamer) used a storm_sniper 1-9-2021, 6:55:51 PM
supergamer(supergamer) used a shield 1-9-2021, 6:55:51 PM
supergamer(supergamer) used a the_legendary_sword 1-9-2021, 6:55:52 PM
supergamer(supergamer) used a tk_ultra_health_potion 1-9-2021, 6:55:58 PM
supergamer(supergamer) used a storm_sniper 1-9-2021, 6:55:59 PM
supergamer(supergamer) used a the_legendary_sword 1-9-2021, 6:56:12 PM
supergamer(supergamer) used a the_legendary_sword 1-9-2021, 6:56:13 PM
supergamer(supergamer) used a tk_ultra_health_potion 1-9-2021, 6:56:49 PM
supergamer(supergamer) used a storm_sniper 1-9-2021, 6:56:53 PM
supergamer(supergamer) used a tk_ultra_health_potion 1-9-2021, 6:57:06 PM
supergamer(supergamer) used a the_legendary_sword 1-9-2021, 6:57:49 PM
supergamer(supergamer) used a the_legendary_sword 1-9-2021, 6:58:17 PM
supergamer(supergamer) used a storm_sniper 1-9-2021, 6:58:19 PM
supergamer(supergamer) used a the_legendary_sword 1-9-2021, 6:58:28 PM
supergamer(supergamer) used a storm_sniper 1-9-2021, 6:59:00 PM
supergamer(supergamer) used a storm_sniper 1-9-2021, 6:59:15 PM
supergamer(supergamer) used a storm_sniper 1-9-2021, 6:59:16 PM
supergamer(supergamer) used a tk_ultra_health_potion 1-9-2021, 6:59:17 PM
supergamer(supergamer) used a shield 1-9-2021, 6:59:17 PM
supergamer(supergamer) used a tk_ultra_health_potion 1-9-2021, 6:59:54 PM
supergamer(supergamer) used a tk_ultra_health_potion 1-9-2021, 7:00:06 PM
supergamer(supergamer) used a tk_ultra_health_potion 1-9-2021, 7:00:06 PM
supergamer(supergamer) used a tk_ultra_health_potion 1-9-2021, 7:00:30 PM
supergamer(supergamer) used a tk_ultra_health_potion 1-9-2021, 7:00:44 PM
supergamer(supergamer) used a the_legendary_sword 1-9-2021, 7:01:18 PM
supergamer(supergamer) used a storm_sniper 1-9-2021, 7:02:10 PM
supergamer(supergamer) used a tk_ultra_health_potion 1-9-2021, 7:02:26 PM
supergamer(supergamer) used a shield 1-9-2021, 7:02:27 PM
supergamer(supergamer) used a the_legendary_sword 1-9-2021, 7:04:00 PM
supergamer(supergamer) used a the_legendary_sword 1-9-2021, 7:04:01 PM
supergamer(supergamer) used a storm_sniper 1-9-2021, 7:04:02 PM
supergamer(supergamer) used a storm_sniper 1-9-2021, 7:05:23 PM
supergamer(supergamer) used a tk_ultra_health_potion 1-9-2021, 7:05:24 PM
supergamer(supergamer) used a storm_sniper 1-9-2021, 7:05:25 PM
supergamer(supergamer) used a the_legendary_sword 1-9-2021, 7:05:26 PM
supergamer(supergamer) used a tk_ultra_health_potion 1-9-2021, 7:05:27 PM
supergamer(supergamer) used a fnminimilight 1-9-2021, 7:05:27 PM
supergamer(supergamer) used a the_legendary_sword 1-9-2021, 7:05:46 PM
supergamer(supergamer) used a storm_sniper 1-9-2021, 7:06:23 PM
supergamer(supergamer) used a storm_sniper 1-9-2021, 7:09:00 PM
supergamer(supergamer) used a storm_sniper 1-9-2021, 7:09:01 PM
supergamer(supergamer) used a storm_sniper 1-9-2021, 7:09:03 PM
supergamer(supergamer) used a the_legendary_sword 1-9-2021, 7:09:05 PM
supergamer(supergamer) used a tk_ultra_health_potion 1-9-2021, 7:09:09 PM
supergamer(supergamer) used a shield 1-9-2021, 7:09:12 PM
supergamer(supergamer) used a the_legendary_sword 1-9-2021, 7:09:13 PM
supergamer(supergamer) used a the_legendary_sword 1-9-2021, 7:09:14 PM
supergamer(supergamer) used a the_legendary_sword 1-9-2021, 7:09:14 PM
supergamer(supergamer) used a fnminimilight 1-9-2021, 7:09:18 PM
supergamer(supergamer) used a fnminimilight 1-9-2021, 7:09:20 PM
supergamer(supergamer) used a the_legendary_sword 1-9-2021, 7:09:21 PM
supergamer(supergamer) used a fnminimilight 1-9-2021, 7:09:24 PM
supergamer(supergamer) used a the_legendary_sword 1-9-2021, 7:09:40 PM
supergamer(supergamer) used a the_legendary_sword 1-9-2021, 7:09:43 PM
supergamer(supergamer) used a the_legendary_sword 1-9-2021, 7:09:56 PM
supergamer(supergamer) used a missile_interceptor 1-9-2021, 7:09:57 PM
supergamer(supergamer) used a shield 1-9-2021, 7:11:18 PM
supergamer(supergamer) used a missile_interceptor 1-9-2021, 7:11:19 PM
supergamer(supergamer) used a storm_sniper 1-9-2021, 7:11:20 PM
supergamer(supergamer) used a the_legendary_sword 1-9-2021, 7:11:22 PM
supergamer(supergamer) used a shield 1-9-2021, 7:11:25 PM
supergamer(supergamer) used a shield 1-9-2021, 7:11:25 PM
supergamer(supergamer) used a shield 1-9-2021, 7:11:25 PM
supergamer(supergamer) used a shield 1-9-2021, 7:11:25 PM
supergamer(supergamer) used a shield 1-9-2021, 7:11:25 PM
supergamer(supergamer) used a shield 1-9-2021, 7:11:26 PM
supergamer(supergamer) used a shield 1-9-2021, 7:11:26 PM
supergamer(supergamer) used a shield 1-9-2021, 7:11:27 PM
supergamer(supergamer) used a shield 1-9-2021, 7:11:27 PM
supergamer(supergamer) used a shield 1-9-2021, 7:11:27 PM
supergamer(supergamer) used a shield 1-9-2021, 7:11:27 PM
supergamer(supergamer) used a shield 1-9-2021, 7:11:27 PM
supergamer(supergamer) used a shield 1-9-2021, 7:11:27 PM
supergamer(supergamer) used a shield 1-9-2021, 7:11:27 PM
supergamer(supergamer) used a shield 1-9-2021, 7:11:27 PM
supergamer(supergamer) used a shield 1-9-2021, 7:11:28 PM
supergamer(supergamer) used a shield 1-9-2021, 7:11:28 PM
supergamer(supergamer) used a shield 1-9-2021, 7:11:28 PM
supergamer(supergamer) used a shield 1-9-2021, 7:11:28 PM
supergamer(supergamer) used a shield 1-9-2021, 7:11:28 PM
supergamer(supergamer) used a shield 1-9-2021, 7:11:28 PM
supergamer(supergamer) used a shield 1-9-2021, 7:11:28 PM
supergamer(supergamer) used a shield 1-9-2021, 7:11:28 PM
supergamer(supergamer) used a shield 1-9-2021, 7:11:28 PM
supergamer(supergamer) used a shield 1-9-2021, 7:11:29 PM
supergamer(supergamer) used a shield 1-9-2021, 7:11:29 PM
supergamer(supergamer) used a tk_ultra_health_potion 1-9-2021, 7:11:31 PM
supergamer(supergamer) used a tk_ultra_health_potion 1-9-2021, 7:11:56 PM
supergamer(supergamer) used a fnminimilight 1-9-2021, 7:11:59 PM
supergamer(supergamer) used a guided_missile 1-9-2021, 7:12:08 PM
supergamer(supergamer) used a pack_of_10_antibiotic 1-9-2021, 7:12:16 PM
supergamer(supergamer) used a pack_of_15_stone 1-9-2021, 7:12:30 PM
supergamer(supergamer) used a rpg7_ammo_pack 1-9-2021, 7:13:42 PM
supergamer(supergamer) used a rpg7_ammo_pack 1-9-2021, 7:13:42 PM
supergamer(supergamer) used a rpg7_ammo_pack 1-9-2021, 7:13:42 PM
supergamer(supergamer) used a rpg7_ammo_pack 1-9-2021, 7:13:42 PM
supergamer(supergamer) used a rpg7_ammo_pack 1-9-2021, 7:13:42 PM
supergamer(supergamer) used a rpg7_ammo_pack 1-9-2021, 7:13:42 PM
supergamer(supergamer) used a rpg7_ammo_pack 1-9-2021, 7:13:42 PM
supergamer(supergamer) used a rpg7_ammo_pack 1-9-2021, 7:13:43 PM
supergamer(supergamer) used a rpg7_ammo_pack 1-9-2021, 7:13:43 PM
supergamer(supergamer) used a rpg7_ammo_pack 1-9-2021, 7:13:43 PM
supergamer(supergamer) used a rpg7_ammo_pack 1-9-2021, 7:13:43 PM
supergamer(supergamer) used a rpg7_ammo_pack 1-9-2021, 7:13:43 PM
supergamer(supergamer) used a rpg7_ammo_pack 1-9-2021, 7:13:43 PM
supergamer(supergamer) used a rpg7_ammo_pack 1-9-2021, 7:13:43 PM
supergamer(supergamer) used a rpg7_ammo_pack 1-9-2021, 7:13:43 PM
supergamer(supergamer) used a rpg7_ammo_pack 1-9-2021, 7:13:43 PM
supergamer(supergamer) used a rpg7_ammo_pack 1-9-2021, 7:13:43 PM
supergamer(supergamer) used a rpg7_ammo_pack 1-9-2021, 7:13:43 PM
supergamer(supergamer) used a rpg7_ammo_pack 1-9-2021, 7:13:44 PM
supergamer(supergamer) used a rpg7_ammo_pack 1-9-2021, 7:13:44 PM
supergamer(supergamer) used a rpg7_ammo_pack 1-9-2021, 7:13:44 PM
supergamer(supergamer) used a rpg7_ammo_pack 1-9-2021, 7:13:44 PM
supergamer(supergamer) used a rpg7_ammo_pack 1-9-2021, 7:13:44 PM
supergamer(supergamer) used a rpg7_ammo_pack 1-9-2021, 7:13:44 PM
supergamer(supergamer) used a rpg7_ammo_pack 1-9-2021, 7:13:44 PM
supergamer(supergamer) used a rpg7_ammo_pack 1-9-2021, 7:13:44 PM
supergamer(supergamer) used a rpg7_ammo_pack 1-9-2021, 7:13:45 PM
supergamer(supergamer) used a rpg7_ammo_pack 1-9-2021, 7:13:45 PM
supergamer(supergamer) used a rpg7_ammo_pack 1-9-2021, 7:13:45 PM
supergamer(supergamer) used a rpg7_ammo_pack 1-9-2021, 7:13:45 PM
supergamer(supergamer) used a rpg7_ammo_pack 1-9-2021, 7:13:45 PM
supergamer(supergamer) used a rpg7_ammo_pack 1-9-2021, 7:13:45 PM
supergamer(supergamer) used a rpg7_ammo_pack 1-9-2021, 7:13:45 PM
supergamer(supergamer) used a rpg7_ammo_pack 1-9-2021, 7:13:45 PM
supergamer(supergamer) used a rpg7_ammo_pack 1-9-2021, 7:13:46 PM
supergamer(supergamer) used a rpg7_ammo_pack 1-9-2021, 7:13:46 PM
supergamer(supergamer) used a rpg7_ammo_pack 1-9-2021, 7:13:46 PM
supergamer(supergamer) used a rpg7_ammo_pack 1-9-2021, 7:13:46 PM
supergamer(supergamer) used a rpg7_ammo_pack 1-9-2021, 7:13:46 PM
supergamer(supergamer) used a rpg7_ammo_pack 1-9-2021, 7:13:46 PM
supergamer(supergamer) used a rpg7_ammo_pack 1-9-2021, 7:13:46 PM
supergamer(supergamer) used a rpg7_ammo_pack 1-9-2021, 7:13:46 PM
supergamer(supergamer) used a rpg7_ammo_pack 1-9-2021, 7:13:47 PM
supergamer(supergamer) used a rpg7_ammo_pack 1-9-2021, 7:13:47 PM
supergamer(supergamer) used a rpg7_ammo_pack 1-9-2021, 7:13:47 PM
supergamer(supergamer) used a rpg7_ammo_pack 1-9-2021, 7:13:47 PM
supergamer(supergamer) used a rpg7_ammo_pack 1-9-2021, 7:13:47 PM
supergamer(supergamer) used a rpg7_ammo_pack 1-9-2021, 7:13:47 PM
supergamer(supergamer) used a rpg7_ammo_pack 1-9-2021, 7:13:48 PM
supergamer(supergamer) used a rpg7_ammo_pack 1-9-2021, 7:13:48 PM
supergamer(supergamer) used a rpg7_ammo_pack 1-9-2021, 7:13:48 PM
supergamer(supergamer) used a rpg7_ammo_pack 1-9-2021, 7:13:48 PM
supergamer(supergamer) used a rpg7_ammo_pack 1-9-2021, 7:13:48 PM
supergamer(supergamer) used a rpg7_ammo_pack 1-9-2021, 7:13:48 PM
supergamer(supergamer) used a rpg7_ammo_pack 1-9-2021, 7:13:48 PM
supergamer(supergamer) used a rpg7_ammo_pack 1-9-2021, 7:13:48 PM
supergamer(supergamer) used a rpg7_ammo_pack 1-9-2021, 7:13:49 PM
supergamer(supergamer) used a rpg7_ammo_pack 1-9-2021, 7:13:49 PM
supergamer(supergamer) used a rpg7_ammo_pack 1-9-2021, 7:13:49 PM
supergamer(supergamer) used a rpg7_ammo_pack 1-9-2021, 7:13:49 PM
supergamer(supergamer) used a rpg7_ammo_pack 1-9-2021, 7:13:49 PM
supergamer(supergamer) used a rpg7_ammo_pack 1-9-2021, 7:13:49 PM
supergamer(supergamer) used a rpg7_ammo_pack 1-9-2021, 7:13:49 PM
supergamer(supergamer) used a rpg7_ammo_pack 1-9-2021, 7:13:49 PM
supergamer(supergamer) used a rpg7_ammo_pack 1-9-2021, 7:13:49 PM
supergamer(supergamer) used a rpg7_ammo_pack 1-9-2021, 7:13:49 PM
supergamer(supergamer) used a rpg7_ammo_pack 1-9-2021, 7:13:49 PM
supergamer(supergamer) used a rpg7_ammo_pack 1-9-2021, 7:13:49 PM
supergamer(supergamer) used a rpg7_ammo_pack 1-9-2021, 7:13:49 PM
supergamer(supergamer) used a rpg7_ammo_pack 1-9-2021, 7:13:50 PM
supergamer(supergamer) used a rpg7_ammo_pack 1-9-2021, 7:13:50 PM
supergamer(supergamer) used a rpg7_ammo_pack 1-9-2021, 7:13:50 PM
supergamer(supergamer) used a rpg7_ammo_pack 1-9-2021, 7:13:50 PM
supergamer(supergamer) used a rpg7_ammo_pack 1-9-2021, 7:13:50 PM
supergamer(supergamer) used a rpg7_ammo_pack 1-9-2021, 7:13:50 PM
supergamer(supergamer) used a rpg7_ammo_pack 1-9-2021, 7:13:50 PM
supergamer(supergamer) used a rpg7_ammo_pack 1-9-2021, 7:13:50 PM
supergamer(supergamer) used a rpg7_ammo_pack 1-9-2021, 7:13:50 PM
supergamer(supergamer) used a rpg7_ammo_pack 1-9-2021, 7:13:50 PM
supergamer(supergamer) used a rpg7_ammo_pack 1-9-2021, 7:13:51 PM
supergamer(supergamer) used a rpg7_ammo_pack 1-9-2021, 7:13:51 PM
supergamer(supergamer) used a rpg7_ammo_pack 1-9-2021, 7:13:51 PM
supergamer(supergamer) used a rpg7_ammo_pack 1-9-2021, 7:13:51 PM
supergamer(supergamer) used a rpg7_ammo_pack 1-9-2021, 7:13:51 PM
supergamer(supergamer) used a rpg7_ammo_pack 1-9-2021, 7:13:51 PM
supergamer(supergamer) used a rpg7_ammo_pack 1-9-2021, 7:13:51 PM
supergamer(supergamer) used a rpg7_ammo_pack 1-9-2021, 7:13:51 PM
supergamer(supergamer) used a rpg7_ammo_pack 1-9-2021, 7:13:52 PM
supergamer(supergamer) used a rpg7_ammo_pack 1-9-2021, 7:13:52 PM
supergamer(supergamer) used a rpg7_ammo_pack 1-9-2021, 7:13:52 PM
supergamer(supergamer) used a rpg7_ammo_pack 1-9-2021, 7:13:52 PM
supergamer(supergamer) used a rpg7_ammo_pack 1-9-2021, 7:13:52 PM
supergamer(supergamer) used a rpg7_ammo_pack 1-9-2021, 7:13:52 PM
supergamer(supergamer) used a rpg7_ammo_pack 1-9-2021, 7:13:52 PM
supergamer(supergamer) used a rpg7_ammo_pack 1-9-2021, 7:13:53 PM
supergamer(supergamer) used a rpg7_ammo_pack 1-9-2021, 7:13:53 PM
supergamer(supergamer) used a rpg7_ammo_pack 1-9-2021, 7:13:53 PM
supergamer(supergamer) used a rpg7_ammo_pack 1-9-2021, 7:13:53 PM
supergamer(supergamer) used a rpg7_ammo_pack 1-9-2021, 7:13:53 PM
supergamer(supergamer) used a rpg7_ammo_pack 1-9-2021, 7:13:53 PM
supergamer(supergamer) used a rpg7_ammo_pack 1-9-2021, 7:13:53 PM
supergamer(supergamer) used a rpg7_ammo_pack 1-9-2021, 7:13:53 PM
supergamer(supergamer) used a rpg7_ammo_pack 1-9-2021, 7:13:53 PM
supergamer(supergamer) used a rpg7_ammo_pack 1-9-2021, 7:13:53 PM
supergamer(supergamer) used a rpg7_ammo_pack 1-9-2021, 7:13:54 PM
supergamer(supergamer) used a rpg7_ammo_pack 1-9-2021, 7:13:54 PM
supergamer(supergamer) used a rpg7_ammo_pack 1-9-2021, 7:13:54 PM
supergamer(supergamer) used a rpg7_ammo_pack 1-9-2021, 7:13:54 PM
supergamer(supergamer) used a rpg7_ammo_pack 1-9-2021, 7:13:54 PM
supergamer(supergamer) used a rpg7_ammo_pack 1-9-2021, 7:13:54 PM
supergamer(supergamer) used a rpg7_ammo_pack 1-9-2021, 7:13:54 PM
supergamer(supergamer) used a rpg7_ammo_pack 1-9-2021, 7:13:54 PM
supergamer(supergamer) used a rpg7_ammo_pack 1-9-2021, 7:13:54 PM
supergamer(supergamer) used a rpg7_ammo_pack 1-9-2021, 7:13:55 PM
supergamer(supergamer) used a rpg7_ammo_pack 1-9-2021, 7:13:55 PM
supergamer(supergamer) used a rpg7_ammo_pack 1-9-2021, 7:13:55 PM
supergamer(supergamer) used a rpg7_ammo_pack 1-9-2021, 7:13:55 PM
supergamer(supergamer) used a rpg7_ammo_pack 1-9-2021, 7:13:55 PM
supergamer(supergamer) used a rpg7_ammo_pack 1-9-2021, 7:13:55 PM
supergamer(supergamer) used a rpg7 1-9-2021, 7:13:59 PM
supergamer(supergamer) used a missile_interceptor 1-9-2021, 7:14:17 PM
supergamer(supergamer) used a missile_interceptor 1-9-2021, 7:14:40 PM
supergamer(supergamer) used a missile_interceptor 1-9-2021, 7:14:46 PM
supergamer(supergamer) used a guided_missile 1-9-2021, 7:14:48 PM
supergamer(supergamer) used a the_legendary_sword 1-9-2021, 7:14:50 PM
supergamer(supergamer) used a rpg7 1-9-2021, 7:15:09 PM
supergamer(supergamer) used a storm_sniper 1-9-2021, 7:15:16 PM
supergamer(supergamer) used a rpg7 1-9-2021, 7:15:17 PM
supergamer(supergamer) used a missile_interceptor 1-9-2021, 7:15:50 PM
supergamer(supergamer) used a guided_missile 1-9-2021, 7:15:52 PM
supergamer(supergamer) used a missile_interceptor 1-9-2021, 7:16:08 PM
supergamer(supergamer) used a missile_interceptor 1-9-2021, 7:16:25 PM
supergamer(supergamer) used a missile_interceptor 1-9-2021, 7:16:35 PM
supergamer(supergamer) used a missile_interceptor 1-9-2021, 7:17:00 PM
supergamer(supergamer) used a missile_interceptor 1-9-2021, 7:17:07 PM
supergamer(supergamer) used a missile_interceptor 1-9-2021, 7:17:09 PM
supergamer(supergamer) used a tk_ultra_health_potion 1-9-2021, 7:17:18 PM
supergamer(supergamer) used a antibiotic_pack 1-9-2021, 7:17:28 PM
supergamer(supergamer) used a antibiotic_pack 1-9-2021, 7:17:28 PM
supergamer(supergamer) used a missile_interceptor 1-9-2021, 7:18:01 PM
supergamer(supergamer) used a the_legendary_sword 1-9-2021, 7:18:03 PM
supergamer(supergamer) used a missile_interceptor 1-9-2021, 7:18:30 PM
supergamer(supergamer) used a missile_interceptor 1-9-2021, 7:18:38 PM
supergamer(supergamer) used a rpg7 1-9-2021, 7:18:57 PM
supergamer(supergamer) used a storm_sniper 1-9-2021, 7:19:08 PM
supergamer(supergamer) used a shield 1-9-2021, 7:19:10 PM
supergamer(supergamer) used a storm_sniper 1-9-2021, 7:19:11 PM
supergamer(supergamer) used a shield 1-9-2021, 7:19:12 PM
supergamer(supergamer) used a shield 1-9-2021, 7:19:12 PM
supergamer(supergamer) used a shield 1-9-2021, 7:19:12 PM
supergamer(supergamer) used a shield 1-9-2021, 7:19:12 PM
supergamer(supergamer) used a shield 1-9-2021, 7:19:12 PM
supergamer(supergamer) used a shield 1-9-2021, 7:19:13 PM
supergamer(supergamer) used a shield 1-9-2021, 7:19:13 PM
supergamer(supergamer) used a storm_sniper 1-9-2021, 7:19:20 PM
supergamer(supergamer) used a rpg7 1-9-2021, 7:19:38 PM
supergamer(supergamer) used a storm_sniper 1-9-2021, 7:19:41 PM
supergamer(supergamer) used a missile_interceptor 1-9-2021, 7:19:51 PM
supergamer(supergamer) used a the_legendary_sword 1-9-2021, 7:19:53 PM
supergamer(supergamer) used a storm_sniper 1-9-2021, 7:20:03 PM
supergamer(supergamer) used a missile_interceptor 1-9-2021, 7:20:18 PM
supergamer(supergamer) used a tk_ultra_health_potion 1-9-2021, 7:20:22 PM
supergamer(supergamer) used a tk_ultra_health_potion 1-9-2021, 7:20:22 PM
supergamer(supergamer) used a missile_interceptor 1-9-2021, 7:20:33 PM
supergamer(supergamer) used a the_legendary_sword 1-9-2021, 7:20:34 PM
supergamer(supergamer) used a storm_sniper 1-9-2021, 7:20:54 PM
supergamer(supergamer) used a missile_interceptor 1-9-2021, 7:21:13 PM
supergamer(supergamer) used a tk_ultra_health_potion 1-9-2021, 7:22:00 PM
supergamer(supergamer) used a shield 1-9-2021, 7:22:00 PM
supergamer(supergamer) used a shield 1-9-2021, 7:22:01 PM
supergamer(supergamer) used a missile_interceptor 1-9-2021, 7:22:34 PM
supergamer(supergamer) used a missile_interceptor 1-9-2021, 7:22:41 PM
supergamer(supergamer) used a missile_interceptor 1-9-2021, 7:22:50 PM
supergamer(supergamer) used a missile_interceptor 1-9-2021, 7:23:06 PM
supergamer(supergamer) used a rpg7 1-9-2021, 7:23:56 PM
supergamer(supergamer) used a missile_interceptor 1-9-2021, 7:24:20 PM
supergamer(supergamer) used a missile_interceptor 1-9-2021, 7:24:24 PM
supergamer(supergamer) used a missile_interceptor 1-9-2021, 7:24:35 PM
supergamer(supergamer) used a warp_box 1-9-2021, 7:24:57 PM
supergamer(supergamer) used a warp_box 1-9-2021, 7:25:02 PM
supergamer(supergamer) used a warp_box 1-9-2021, 7:25:02 PM
supergamer(supergamer) used a warp_box 1-9-2021, 7:25:04 PM
supergamer(supergamer) used a warp_box 1-9-2021, 7:25:04 PM
supergamer(supergamer) used a warp_box 1-9-2021, 7:25:05 PM
supergamer(supergamer) used a warp_box 1-9-2021, 7:25:05 PM
supergamer(supergamer) used a warp_box 1-9-2021, 7:25:07 PM
supergamer(supergamer) used a rpg7 1-9-2021, 7:25:12 PM
supergamer(supergamer) used a rpg7 1-9-2021, 7:25:14 PM
supergamer(supergamer) used a missile_interceptor 1-9-2021, 7:25:33 PM
supergamer(supergamer) used a tk_ultra_health_potion 1-9-2021, 7:26:04 PM
supergamer(supergamer) used a shield 1-9-2021, 7:26:05 PM
supergamer(supergamer) used a tk_ultra_health_potion 1-9-2021, 7:27:02 PM
supergamer(supergamer) used a missile_interceptor 1-9-2021, 7:27:13 PM
supergamer(supergamer) used a tk_ultra_health_potion 1-9-2021, 7:27:35 PM
supergamer(supergamer) used a rpg7 1-9-2021, 7:27:36 PM
supergamer(supergamer) used a missile_interceptor 1-9-2021, 7:27:58 PM
supergamer(supergamer) used a missile_interceptor 1-9-2021, 7:28:03 PM
supergamer(supergamer) used a missile_interceptor 1-9-2021, 7:28:10 PM
supergamer(supergamer) used a missile_interceptor 1-9-2021, 7:28:12 PM
supergamer(supergamer) used a the_legendary_sword 1-9-2021, 7:28:14 PM
supergamer(supergamer) used a guided_missile 1-9-2021, 7:28:15 PM
supergamer(supergamer) used a missile_interceptor 1-9-2021, 7:28:20 PM
supergamer(supergamer) used a shield 1-9-2021, 7:28:26 PM
supergamer(supergamer) used a shield 1-9-2021, 7:28:26 PM
supergamer(supergamer) used a shield 1-9-2021, 7:28:26 PM
supergamer(supergamer) used a shield 1-9-2021, 7:28:26 PM
supergamer(supergamer) used a shield 1-9-2021, 7:28:26 PM
supergamer(supergamer) used a shield 1-9-2021, 7:28:26 PM
supergamer(supergamer) used a shield 1-9-2021, 7:28:26 PM
supergamer(supergamer) used a shield 1-9-2021, 7:28:26 PM
supergamer(supergamer) used a shield 1-9-2021, 7:28:27 PM
supergamer(supergamer) used a shield 1-9-2021, 7:28:27 PM
supergamer(supergamer) used a guided_missile 1-9-2021, 7:28:31 PM
supergamer(supergamer) used a tk_ultra_health_potion 1-9-2021, 7:28:32 PM
supergamer(supergamer) used a the_legendary_sword 1-9-2021, 7:28:53 PM
supergamer(supergamer) used a the_legendary_sword 1-9-2021, 7:28:56 PM
supergamer(supergamer) used a the_legendary_sword 1-9-2021, 7:28:57 PM
supergamer(supergamer) used a the_legendary_sword 1-9-2021, 7:29:00 PM
supergamer(supergamer) used a the_legendary_sword 1-9-2021, 7:29:00 PM
supergamer(supergamer) used a the_legendary_sword 1-9-2021, 7:29:04 PM
supergamer(supergamer) used a the_legendary_sword 1-9-2021, 7:29:04 PM
supergamer(supergamer) used a missile_interceptor 1-9-2021, 7:29:11 PM
supergamer(supergamer) used a guided_missile 1-9-2021, 7:29:33 PM
supergamer(supergamer) used a shield 1-9-2021, 7:29:50 PM
supergamer(supergamer) used a shield 1-9-2021, 7:29:50 PM
supergamer(supergamer) used a shield 1-9-2021, 7:29:50 PM
supergamer(supergamer) used a shield 1-9-2021, 7:29:51 PM
supergamer(supergamer) used a shield 1-9-2021, 7:29:51 PM
supergamer(supergamer) used a shield 1-9-2021, 7:29:51 PM
supergamer(supergamer) used a shield 1-9-2021, 7:29:51 PM
supergamer(supergamer) used a shield 1-9-2021, 7:29:51 PM
supergamer(supergamer) used a shield 1-9-2021, 7:29:51 PM
supergamer(supergamer) used a shield 1-9-2021, 7:29:51 PM
supergamer(supergamer) used a shield 1-9-2021, 7:29:52 PM
supergamer(supergamer) used a shield 1-9-2021, 7:29:52 PM
supergamer(supergamer) used a shield 1-9-2021, 7:29:52 PM
supergamer(supergamer) used a shield 1-9-2021, 7:29:52 PM
supergamer(supergamer) used a shield 1-9-2021, 7:29:52 PM
supergamer(supergamer) used a shield 1-9-2021, 7:29:53 PM
supergamer(supergamer) used a tk_ultra_health_potion 1-9-2021, 7:29:56 PM
supergamer(supergamer) used a guided_missile 1-9-2021, 7:29:57 PM
supergamer(supergamer) used a guided_missile 1-9-2021, 7:30:00 PM
supergamer(supergamer) used a guided_missile 1-9-2021, 7:30:02 PM
supergamer(supergamer) used a guided_missile 1-9-2021, 7:30:03 PM
supergamer(supergamer) used a shield 1-9-2021, 7:30:10 PM
supergamer(supergamer) used a shield 1-9-2021, 7:30:10 PM
supergamer(supergamer) used a shield 1-9-2021, 7:30:10 PM
supergamer(supergamer) used a guided_missile 1-9-2021, 7:30:13 PM
supergamer(supergamer) used a guided_missile 1-9-2021, 7:30:16 PM
supergamer(supergamer) used a guided_missile 1-9-2021, 7:30:18 PM
supergamer(supergamer) used a guided_missile 1-9-2021, 7:30:18 PM
supergamer(supergamer) used a guided_missile 1-9-2021, 7:30:18 PM
supergamer(supergamer) used a guided_missile 1-9-2021, 7:30:19 PM
supergamer(supergamer) used a guided_missile 1-9-2021, 7:30:19 PM
supergamer(supergamer) used a guided_missile 1-9-2021, 7:30:20 PM
supergamer(supergamer) used a guided_missile 1-9-2021, 7:30:22 PM
supergamer(supergamer) used a guided_missile 1-9-2021, 7:30:23 PM
supergamer(supergamer) used a guided_missile 1-9-2021, 7:30:23 PM
supergamer(supergamer) used a guided_missile 1-9-2021, 7:30:24 PM
supergamer(supergamer) used a tk_ultra_health_potion 1-9-2021, 7:30:48 PM
supergamer(supergamer) used a guided_missile 1-9-2021, 7:30:50 PM
supergamer(supergamer) used a guided_missile 1-9-2021, 7:30:54 PM
supergamer(supergamer) used a guided_missile 1-9-2021, 7:30:54 PM
supergamer(supergamer) used a guided_missile 1-9-2021, 7:30:55 PM
supergamer(supergamer) used a missile_interceptor 1-9-2021, 7:30:59 PM
supergamer(supergamer) used a guided_missile 1-9-2021, 7:31:06 PM
supergamer(supergamer) used a hand_cannon 1-9-2021, 7:31:59 PM
supergamer(supergamer) used a hand_cannon 1-9-2021, 7:32:03 PM
supergamer(supergamer) used a shield 1-9-2021, 7:32:15 PM
supergamer(supergamer) used a storm_sniper 1-9-2021, 7:32:15 PM
supergamer(supergamer) used a shield 1-9-2021, 7:32:15 PM
supergamer(supergamer) used a shield 1-9-2021, 7:32:16 PM
supergamer(supergamer) used a shield 1-9-2021, 7:32:16 PM
supergamer(supergamer) used a shield 1-9-2021, 7:32:16 PM
supergamer(supergamer) used a shield 1-9-2021, 7:32:16 PM
supergamer(supergamer) used a shield 1-9-2021, 7:32:16 PM
supergamer(supergamer) used a hand_cannon 1-9-2021, 7:32:28 PM
supergamer(supergamer) used a pack_of_4_ammo_hand_cannon 1-9-2021, 7:33:44 PM
supergamer(supergamer) used a pack_of_4_ammo_hand_cannon 1-9-2021, 7:33:44 PM
supergamer(supergamer) used a pack_of_4_ammo_hand_cannon 1-9-2021, 7:33:44 PM
supergamer(supergamer) used a pack_of_4_ammo_hand_cannon 1-9-2021, 7:33:45 PM
supergamer(supergamer) used a pack_of_4_ammo_hand_cannon 1-9-2021, 7:33:45 PM
supergamer(supergamer) used a pack_of_4_ammo_hand_cannon 1-9-2021, 7:33:45 PM
supergamer(supergamer) used a pack_of_4_ammo_hand_cannon 1-9-2021, 7:33:45 PM
supergamer(supergamer) used a pack_of_4_ammo_hand_cannon 1-9-2021, 7:33:45 PM
supergamer(supergamer) used a pack_of_4_ammo_hand_cannon 1-9-2021, 7:33:45 PM
supergamer(supergamer) used a pack_of_4_ammo_hand_cannon 1-9-2021, 7:33:45 PM
supergamer(supergamer) used a pack_of_4_ammo_hand_cannon 1-9-2021, 7:33:45 PM
supergamer(supergamer) used a pack_of_4_ammo_hand_cannon 1-9-2021, 7:33:45 PM
supergamer(supergamer) used a pack_of_4_ammo_hand_cannon 1-9-2021, 7:33:46 PM
supergamer(supergamer) used a pack_of_4_ammo_hand_cannon 1-9-2021, 7:33:46 PM
supergamer(supergamer) used a pack_of_4_ammo_hand_cannon 1-9-2021, 7:33:46 PM
supergamer(supergamer) used a pack_of_4_ammo_hand_cannon 1-9-2021, 7:33:46 PM
supergamer(supergamer) used a pack_of_4_ammo_hand_cannon 1-9-2021, 7:33:46 PM
supergamer(supergamer) used a pack_of_4_ammo_hand_cannon 1-9-2021, 7:33:46 PM
supergamer(supergamer) used a pack_of_4_ammo_hand_cannon 1-9-2021, 7:33:46 PM
supergamer(supergamer) used a pack_of_4_ammo_hand_cannon 1-9-2021, 7:33:46 PM
supergamer(supergamer) used a pack_of_4_ammo_hand_cannon 1-9-2021, 7:33:46 PM
supergamer(supergamer) used a pack_of_4_ammo_hand_cannon 1-9-2021, 7:33:46 PM
supergamer(supergamer) used a pack_of_4_ammo_hand_cannon 1-9-2021, 7:33:46 PM
supergamer(supergamer) used a pack_of_4_ammo_hand_cannon 1-9-2021, 7:33:46 PM
supergamer(supergamer) used a pack_of_4_ammo_hand_cannon 1-9-2021, 7:33:47 PM
supergamer(supergamer) used a pack_of_4_ammo_hand_cannon 1-9-2021, 7:33:47 PM
supergamer(supergamer) used a pack_of_4_ammo_hand_cannon 1-9-2021, 7:33:47 PM
supergamer(supergamer) used a pack_of_4_ammo_hand_cannon 1-9-2021, 7:33:47 PM
supergamer(supergamer) used a pack_of_4_ammo_hand_cannon 1-9-2021, 7:33:47 PM
supergamer(supergamer) used a pack_of_4_ammo_hand_cannon 1-9-2021, 7:33:47 PM
supergamer(supergamer) used a pack_of_4_ammo_hand_cannon 1-9-2021, 7:33:47 PM
supergamer(supergamer) used a pack_of_4_ammo_hand_cannon 1-9-2021, 7:33:47 PM
supergamer(supergamer) used a pack_of_4_ammo_hand_cannon 1-9-2021, 7:33:47 PM
supergamer(supergamer) used a pack_of_4_ammo_hand_cannon 1-9-2021, 7:33:48 PM
supergamer(supergamer) used a pack_of_4_ammo_hand_cannon 1-9-2021, 7:33:48 PM
supergamer(supergamer) used a pack_of_4_ammo_hand_cannon 1-9-2021, 7:33:48 PM
supergamer(supergamer) used a pack_of_4_ammo_hand_cannon 1-9-2021, 7:33:48 PM
supergamer(supergamer) used a pack_of_4_ammo_hand_cannon 1-9-2021, 7:33:48 PM
supergamer(supergamer) used a pack_of_4_ammo_hand_cannon 1-9-2021, 7:33:48 PM
supergamer(supergamer) used a pack_of_4_ammo_hand_cannon 1-9-2021, 7:33:48 PM
supergamer(supergamer) used a pack_of_4_ammo_hand_cannon 1-9-2021, 7:33:48 PM
supergamer(supergamer) used a pack_of_4_ammo_hand_cannon 1-9-2021, 7:33:49 PM
supergamer(supergamer) used a pack_of_4_ammo_hand_cannon 1-9-2021, 7:33:49 PM
supergamer(supergamer) used a pack_of_4_ammo_hand_cannon 1-9-2021, 7:33:57 PM
supergamer(supergamer) used a pack_of_4_ammo_hand_cannon 1-9-2021, 7:33:57 PM
supergamer(supergamer) used a pack_of_4_ammo_hand_cannon 1-9-2021, 7:33:57 PM
supergamer(supergamer) used a pack_of_4_ammo_hand_cannon 1-9-2021, 7:33:57 PM
supergamer(supergamer) used a pack_of_4_ammo_hand_cannon 1-9-2021, 7:33:57 PM
supergamer(supergamer) used a pack_of_4_ammo_hand_cannon 1-9-2021, 7:33:57 PM
supergamer(supergamer) used a pack_of_4_ammo_hand_cannon 1-9-2021, 7:33:58 PM
supergamer(supergamer) used a pack_of_4_ammo_hand_cannon 1-9-2021, 7:33:58 PM
supergamer(supergamer) used a pack_of_4_ammo_hand_cannon 1-9-2021, 7:33:58 PM
supergamer(supergamer) used a pack_of_4_ammo_hand_cannon 1-9-2021, 7:33:58 PM
supergamer(supergamer) used a pack_of_4_ammo_hand_cannon 1-9-2021, 7:33:58 PM
supergamer(supergamer) used a pack_of_4_ammo_hand_cannon 1-9-2021, 7:33:59 PM
supergamer(supergamer) used a pack_of_4_ammo_hand_cannon 1-9-2021, 7:33:59 PM
supergamer(supergamer) used a pack_of_4_ammo_hand_cannon 1-9-2021, 7:33:59 PM
supergamer(supergamer) used a pack_of_4_ammo_hand_cannon 1-9-2021, 7:33:59 PM
supergamer(supergamer) used a pack_of_4_ammo_hand_cannon 1-9-2021, 7:33:59 PM
supergamer(supergamer) used a pack_of_4_ammo_hand_cannon 1-9-2021, 7:34:00 PM
supergamer(supergamer) used a pack_of_4_ammo_hand_cannon 1-9-2021, 7:34:00 PM
supergamer(supergamer) used a pack_of_4_ammo_hand_cannon 1-9-2021, 7:34:00 PM
supergamer(supergamer) used a pack_of_4_ammo_hand_cannon 1-9-2021, 7:34:00 PM
supergamer(supergamer) used a pack_of_4_ammo_hand_cannon 1-9-2021, 7:34:01 PM
supergamer(supergamer) used a pack_of_4_ammo_hand_cannon 1-9-2021, 7:34:01 PM
supergamer(supergamer) used a pack_of_4_ammo_hand_cannon 1-9-2021, 7:34:01 PM
supergamer(supergamer) used a pack_of_4_ammo_hand_cannon 1-9-2021, 7:34:01 PM
supergamer(supergamer) used a pack_of_4_ammo_hand_cannon 1-9-2021, 7:34:01 PM
supergamer(supergamer) used a pack_of_4_ammo_hand_cannon 1-9-2021, 7:34:01 PM
supergamer(supergamer) used a pack_of_4_ammo_hand_cannon 1-9-2021, 7:34:02 PM
supergamer(supergamer) used a pack_of_4_ammo_hand_cannon 1-9-2021, 7:34:02 PM
supergamer(supergamer) used a pack_of_4_ammo_hand_cannon 1-9-2021, 7:34:02 PM
supergamer(supergamer) used a pack_of_4_ammo_hand_cannon 1-9-2021, 7:34:02 PM
supergamer(supergamer) used a pack_of_4_ammo_hand_cannon 1-9-2021, 7:34:02 PM
supergamer(supergamer) used a pack_of_4_ammo_hand_cannon 1-9-2021, 7:34:02 PM
supergamer(supergamer) used a pack_of_4_ammo_hand_cannon 1-9-2021, 7:34:02 PM
supergamer(supergamer) used a pack_of_4_ammo_hand_cannon 1-9-2021, 7:34:02 PM
supergamer(supergamer) used a pack_of_4_ammo_hand_cannon 1-9-2021, 7:34:03 PM
supergamer(supergamer) used a pack_of_4_ammo_hand_cannon 1-9-2021, 7:34:03 PM
supergamer(supergamer) used a pack_of_4_ammo_hand_cannon 1-9-2021, 7:34:03 PM
supergamer(supergamer) used a pack_of_4_ammo_hand_cannon 1-9-2021, 7:34:05 PM
supergamer(supergamer) used a pack_of_4_ammo_hand_cannon 1-9-2021, 7:34:05 PM
supergamer(supergamer) used a pack_of_4_ammo_hand_cannon 1-9-2021, 7:34:05 PM
supergamer(supergamer) used a pack_of_4_ammo_hand_cannon 1-9-2021, 7:34:05 PM
supergamer(supergamer) used a pack_of_4_ammo_hand_cannon 1-9-2021, 7:34:05 PM
supergamer(supergamer) used a pack_of_4_ammo_hand_cannon 1-9-2021, 7:34:05 PM
supergamer(supergamer) used a pack_of_4_ammo_hand_cannon 1-9-2021, 7:34:05 PM
supergamer(supergamer) used a pack_of_4_ammo_hand_cannon 1-9-2021, 7:34:08 PM
supergamer(supergamer) used a pack_of_4_ammo_hand_cannon 1-9-2021, 7:34:08 PM
supergamer(supergamer) used a pack_of_4_ammo_hand_cannon 1-9-2021, 7:34:08 PM
supergamer(supergamer) used a pack_of_4_ammo_hand_cannon 1-9-2021, 7:34:08 PM
supergamer(supergamer) used a pack_of_4_ammo_hand_cannon 1-9-2021, 7:34:08 PM
supergamer(supergamer) used a pack_of_4_ammo_hand_cannon 1-9-2021, 7:34:09 PM
supergamer(supergamer) used a pack_of_4_ammo_hand_cannon 1-9-2021, 7:34:09 PM
supergamer(supergamer) used a pack_of_4_ammo_hand_cannon 1-9-2021, 7:34:09 PM
supergamer(supergamer) used a pack_of_4_ammo_hand_cannon 1-9-2021, 7:34:09 PM
supergamer(supergamer) used a pack_of_4_ammo_hand_cannon 1-9-2021, 7:34:09 PM
supergamer(supergamer) used a pack_of_4_ammo_hand_cannon 1-9-2021, 7:34:09 PM
supergamer(supergamer) used a pack_of_4_ammo_hand_cannon 1-9-2021, 7:34:09 PM
supergamer(supergamer) used a pack_of_4_ammo_hand_cannon 1-9-2021, 7:34:09 PM
supergamer(supergamer) used a pack_of_4_ammo_hand_cannon 1-9-2021, 7:34:09 PM
supergamer(supergamer) used a pack_of_4_ammo_hand_cannon 1-9-2021, 7:34:09 PM
supergamer(supergamer) used a pack_of_4_ammo_hand_cannon 1-9-2021, 7:34:10 PM
supergamer(supergamer) used a pack_of_4_ammo_hand_cannon 1-9-2021, 7:34:10 PM
supergamer(supergamer) used a pack_of_4_ammo_hand_cannon 1-9-2021, 7:34:10 PM
supergamer(supergamer) used a pack_of_4_ammo_hand_cannon 1-9-2021, 7:34:10 PM
supergamer(supergamer) used a pack_of_4_ammo_hand_cannon 1-9-2021, 7:34:10 PM
supergamer(supergamer) used a pack_of_4_ammo_hand_cannon 1-9-2021, 7:34:10 PM
supergamer(supergamer) used a pack_of_4_ammo_hand_cannon 1-9-2021, 7:34:10 PM
supergamer(supergamer) used a pack_of_4_ammo_hand_cannon 1-9-2021, 7:34:10 PM
supergamer(supergamer) used a pack_of_4_ammo_hand_cannon 1-9-2021, 7:34:10 PM
supergamer(supergamer) used a pack_of_4_ammo_hand_cannon 1-9-2021, 7:34:10 PM
supergamer(supergamer) used a pack_of_4_ammo_hand_cannon 1-9-2021, 7:34:11 PM
supergamer(supergamer) used a pack_of_4_ammo_hand_cannon 1-9-2021, 7:34:11 PM
supergamer(supergamer) used a pack_of_4_ammo_hand_cannon 1-9-2021, 7:34:11 PM
supergamer(supergamer) used a pack_of_4_ammo_hand_cannon 1-9-2021, 7:34:11 PM
supergamer(supergamer) used a pack_of_4_ammo_hand_cannon 1-9-2021, 7:34:11 PM
supergamer(supergamer) used a pack_of_4_ammo_hand_cannon 1-9-2021, 7:34:12 PM
supergamer(supergamer) used a pack_of_4_ammo_hand_cannon 1-9-2021, 7:34:12 PM
supergamer(supergamer) used a pack_of_4_ammo_hand_cannon 1-9-2021, 7:34:12 PM
supergamer(supergamer) used a pack_of_4_ammo_hand_cannon 1-9-2021, 7:34:12 PM
supergamer(supergamer) used a pack_of_4_ammo_hand_cannon 1-9-2021, 7:34:12 PM
supergamer(supergamer) used a pack_of_4_ammo_hand_cannon 1-9-2021, 7:34:13 PM
supergamer(supergamer) used a pack_of_4_ammo_hand_cannon 1-9-2021, 7:34:13 PM
supergamer(supergamer) used a pack_of_4_ammo_hand_cannon 1-9-2021, 7:34:13 PM
supergamer(supergamer) used a pack_of_4_ammo_hand_cannon 1-9-2021, 7:34:13 PM
supergamer(supergamer) used a pack_of_4_ammo_hand_cannon 1-9-2021, 7:34:13 PM
supergamer(supergamer) used a pack_of_4_ammo_hand_cannon 1-9-2021, 7:34:14 PM
supergamer(supergamer) used a pack_of_4_ammo_hand_cannon 1-9-2021, 7:34:14 PM
supergamer(supergamer) used a pack_of_4_ammo_hand_cannon 1-9-2021, 7:34:14 PM
supergamer(supergamer) used a pack_of_4_ammo_hand_cannon 1-9-2021, 7:34:14 PM
supergamer(supergamer) used a pack_of_4_ammo_hand_cannon 1-9-2021, 7:34:14 PM
supergamer(supergamer) used a pack_of_4_ammo_hand_cannon 1-9-2021, 7:34:14 PM
supergamer(supergamer) used a pack_of_4_ammo_hand_cannon 1-9-2021, 7:34:14 PM
supergamer(supergamer) used a pack_of_4_ammo_hand_cannon 1-9-2021, 7:34:15 PM
supergamer(supergamer) used a pack_of_4_ammo_hand_cannon 1-9-2021, 7:34:15 PM
supergamer(supergamer) used a pack_of_4_ammo_hand_cannon 1-9-2021, 7:34:15 PM
supergamer(supergamer) used a pack_of_4_ammo_hand_cannon 1-9-2021, 7:34:15 PM
supergamer(supergamer) used a pack_of_4_ammo_hand_cannon 1-9-2021, 7:34:15 PM
supergamer(supergamer) used a pack_of_4_ammo_hand_cannon 1-9-2021, 7:34:15 PM
supergamer(supergamer) used a pack_of_4_ammo_hand_cannon 1-9-2021, 7:34:15 PM
supergamer(supergamer) used a pack_of_4_ammo_hand_cannon 1-9-2021, 7:34:15 PM
supergamer(supergamer) used a pack_of_4_ammo_hand_cannon 1-9-2021, 7:34:15 PM
supergamer(supergamer) used a pack_of_4_ammo_hand_cannon 1-9-2021, 7:34:15 PM
supergamer(supergamer) used a pack_of_4_ammo_hand_cannon 1-9-2021, 7:34:15 PM
supergamer(supergamer) used a pack_of_4_ammo_hand_cannon 1-9-2021, 7:34:16 PM
supergamer(supergamer) used a pack_of_4_ammo_hand_cannon 1-9-2021, 7:34:16 PM
supergamer(supergamer) used a pack_of_4_ammo_hand_cannon 1-9-2021, 7:34:16 PM
supergamer(supergamer) used a pack_of_4_ammo_hand_cannon 1-9-2021, 7:34:16 PM
supergamer(supergamer) used a pack_of_4_ammo_hand_cannon 1-9-2021, 7:34:16 PM
supergamer(supergamer) used a pack_of_4_ammo_hand_cannon 1-9-2021, 7:34:16 PM
supergamer(supergamer) used a pack_of_4_ammo_hand_cannon 1-9-2021, 7:34:16 PM
supergamer(supergamer) used a pack_of_4_ammo_hand_cannon 1-9-2021, 7:34:16 PM
supergamer(supergamer) used a pack_of_4_ammo_hand_cannon 1-9-2021, 7:34:16 PM
supergamer(supergamer) used a pack_of_4_ammo_hand_cannon 1-9-2021, 7:34:16 PM
supergamer(supergamer) used a pack_of_4_ammo_hand_cannon 1-9-2021, 7:34:17 PM
supergamer(supergamer) used a pack_of_4_ammo_hand_cannon 1-9-2021, 7:34:17 PM
supergamer(supergamer) used a pack_of_4_ammo_hand_cannon 1-9-2021, 7:34:17 PM
supergamer(supergamer) used a pack_of_4_ammo_hand_cannon 1-9-2021, 7:34:17 PM
supergamer(supergamer) used a missile_interceptor 1-9-2021, 7:35:54 PM
supergamer(supergamer) used a guided_missile 1-9-2021, 7:35:55 PM
supergamer(supergamer) used a guided_missile 1-9-2021, 7:35:57 PM
supergamer(supergamer) used a the_legendary_sword 1-9-2021, 7:35:59 PM
supergamer(supergamer) used a warp_box 1-9-2021, 7:36:27 PM
supergamer(supergamer) used a hand_cannon 1-9-2021, 7:36:40 PM
supergamer(supergamer) used a missile_interceptor 1-9-2021, 7:36:54 PM
supergamer(supergamer) used a the_legendary_sword 1-9-2021, 7:36:55 PM
supergamer(supergamer) used a hand_cannon 1-9-2021, 7:36:59 PM
supergamer(supergamer) used a missile_interceptor 1-9-2021, 7:37:45 PM
supergamer(supergamer) used a the_legendary_sword 1-9-2021, 7:37:46 PM
supergamer(supergamer) used a hand_cannon 1-9-2021, 7:37:50 PM
supergamer(supergamer) used a shield 1-9-2021, 7:38:40 PM
supergamer(supergamer) used a shield 1-9-2021, 7:38:41 PM
supergamer(supergamer) used a tk_ultra_health_potion 1-9-2021, 7:38:42 PM
supergamer(supergamer) used a tk_ultra_health_potion 1-9-2021, 7:40:38 PM
supergamer(supergamer) used a warp_box 1-9-2021, 7:41:49 PM
supergamer(supergamer) used a warp_box 1-9-2021, 7:41:50 PM
supergamer(supergamer) used a warp_box 1-9-2021, 7:41:56 PM
supergamer(supergamer) used a tk_ultra_health_potion 1-9-2021, 7:42:57 PM
supergamer(supergamer) used a warp_box 1-9-2021, 7:43:01 PM
supergamer(supergamer) used a aircraft 1-9-2021, 7:43:52 PM
supergamer(supergamer) used a the_legendary_sword 1-9-2021, 7:45:13 PM
supergamer(supergamer) used a aircraft 1-9-2021, 7:45:33 PM
supergamer(supergamer) used a pack_of_20_bomb_defuser 1-9-2021, 7:45:41 PM
supergamer(supergamer) used a the_legendary_sword 1-9-2021, 7:45:48 PM
supergamer(supergamer) used a guided_missile 1-9-2021, 7:45:49 PM
supergamer(supergamer) used a hand_cannon 1-9-2021, 7:47:21 PM
supergamer(supergamer) used a missile_interceptor 1-9-2021, 7:48:13 PM
supergamer(supergamer) used a the_legendary_sword 1-9-2021, 7:48:14 PM
supergamer(supergamer) used a the_legendary_sword 1-9-2021, 7:48:48 PM
supergamer(supergamer) used a the_legendary_sword 1-9-2021, 7:48:49 PM
supergamer(supergamer) used a guided_missile 1-9-2021, 7:48:50 PM
supergamer(supergamer) used a the_legendary_sword 1-9-2021, 7:48:51 PM
supergamer(supergamer) used a tk_ultra_health_potion 1-9-2021, 7:49:18 PM
supergamer(supergamer) used a the_legendary_sword 1-9-2021, 7:49:46 PM
supergamer(supergamer) used a hand_cannon 1-9-2021, 7:49:50 PM
supergamer(supergamer) used a the_legendary_sword 1-9-2021, 7:51:22 PM
supergamer(supergamer) used a tk_ultra_health_potion 1-9-2021, 7:51:34 PM
supergamer(supergamer) used a hand_cannon 1-9-2021, 7:52:25 PM
supergamer(supergamer) used a shield 1-9-2021, 7:53:29 PM
supergamer(supergamer) used a shield 1-9-2021, 7:53:30 PM
supergamer(supergamer) used a shield 1-9-2021, 7:53:30 PM
supergamer(supergamer) used a shield 1-9-2021, 7:53:30 PM
supergamer(supergamer) used a shield 1-9-2021, 7:53:30 PM
supergamer(supergamer) used a shield 1-9-2021, 7:53:31 PM
supergamer(supergamer) used a shield 1-9-2021, 7:53:31 PM
supergamer(supergamer) used a shield 1-9-2021, 7:53:31 PM
supergamer(supergamer) used a shield 1-9-2021, 7:53:31 PM
supergamer(supergamer) used a shield 1-9-2021, 7:53:31 PM
supergamer(supergamer) used a shield 1-9-2021, 7:53:31 PM
supergamer(supergamer) used a shield 1-9-2021, 7:53:31 PM
supergamer(supergamer) used a shield 1-9-2021, 7:53:32 PM
supergamer(supergamer) used a shield 1-9-2021, 7:53:32 PM
supergamer(supergamer) used a shield 1-9-2021, 7:53:32 PM
supergamer(supergamer) used a shield 1-9-2021, 7:53:32 PM
supergamer(supergamer) used a shield 1-9-2021, 7:53:33 PM
supergamer(supergamer) used a shield 1-9-2021, 7:53:33 PM
supergamer(supergamer) used a shield 1-9-2021, 7:53:33 PM
supergamer(supergamer) used a shield 1-9-2021, 7:53:33 PM
supergamer(supergamer) used a shield 1-9-2021, 7:53:34 PM
supergamer(supergamer) used a shield 1-9-2021, 7:53:34 PM
supergamer(supergamer) used a shield 1-9-2021, 7:53:34 PM
supergamer(supergamer) used a shield 1-9-2021, 7:53:34 PM
supergamer(supergamer) used a shield 1-9-2021, 7:53:34 PM
supergamer(supergamer) used a shield 1-9-2021, 7:53:34 PM
supergamer(supergamer) used a shield 1-9-2021, 7:53:34 PM
supergamer(supergamer) used a shield 1-9-2021, 7:53:35 PM
supergamer(supergamer) used a shield 1-9-2021, 7:53:35 PM
supergamer(supergamer) used a shield 1-9-2021, 7:53:36 PM
supergamer(supergamer) used a shield 1-9-2021, 7:53:36 PM
supergamer(supergamer) used a shield 1-9-2021, 7:53:36 PM
supergamer(supergamer) used a shield 1-9-2021, 7:53:36 PM
supergamer(supergamer) used a guided_missile 1-9-2021, 7:53:38 PM
supergamer(supergamer) used a tk_ultra_health_potion 1-9-2021, 7:53:41 PM
supergamer(supergamer) used a tk_ultra_health_potion 1-9-2021, 7:54:50 PM
supergamer(supergamer) used a tk_ultra_health_potion 1-9-2021, 7:55:33 PM
supergamer(supergamer) used a tk_ultra_health_potion 1-9-2021, 7:55:33 PM
supergamer(supergamer) used a shield 1-9-2021, 7:55:35 PM
supergamer(supergamer) used a tk_ultra_health_potion 1-9-2021, 7:55:45 PM
supergamer(supergamer) used a guided_missile 1-9-2021, 7:56:12 PM
supergamer(supergamer) used a tk_ultra_health_potion 1-9-2021, 7:56:14 PM
supergamer(supergamer) used a the_legendary_sword 1-9-2021, 7:56:16 PM
supergamer(supergamer) used a un_co_sp 1-9-2021, 9:03:49 PM
supergamer(supergamer) used a guided_missile 1-9-2021, 9:10:38 PM
supergamer(supergamer) used a tk_ultra_health_potion 1-9-2021, 9:10:39 PM
supergamer(supergamer) used a storm_sniper 1-9-2021, 9:22:15 PM
supergamer(supergamer) used a missile_interceptor 1-9-2021, 9:22:16 PM
supergamer(supergamer) used a tk_ultra_health_potion 1-9-2021, 9:22:18 PM
supergamer(supergamer) used a guided_missile 1-9-2021, 9:22:19 PM
supergamer(supergamer) used a hand_cannon 1-9-2021, 9:22:20 PM
supergamer(supergamer) used a hand_cannon 1-9-2021, 9:22:22 PM
supergamer(supergamer) used a storm_sniper 1-9-2021, 9:22:27 PM
supergamer(supergamer) used a pack_of_15_stone 1-9-2021, 9:25:29 PM
supergamer(supergamer) used a hand_cannon 1-9-2021, 9:34:20 PM
supergamer(supergamer) used a guided_missile 1-9-2021, 9:36:12 PM
supergamer(supergamer) used a guided_missile 1-9-2021, 9:36:20 PM
supergamer(supergamer) used a guided_missile 1-9-2021, 9:36:21 PM
supergamer(supergamer) used a guided_missile 1-9-2021, 9:36:21 PM
supergamer(supergamer) used a guided_missile 1-9-2021, 9:36:22 PM
supergamer(supergamer) used a guided_missile 1-9-2021, 9:36:22 PM
supergamer(supergamer) used a guided_missile 1-9-2021, 9:36:22 PM
supergamer(supergamer) used a guided_missile 1-9-2021, 9:36:23 PM
supergamer(supergamer) used a guided_missile 1-9-2021, 9:36:23 PM
supergamer(supergamer) used a guided_missile 1-9-2021, 9:36:23 PM
supergamer(supergamer) used a missile_interceptor 1-9-2021, 9:36:38 PM
supergamer(supergamer) used a missile_interceptor 1-9-2021, 9:36:45 PM
supergamer(supergamer) used a tk_ultra_health_potion 1-9-2021, 9:37:01 PM
supergamer(supergamer) used a guided_missile 1-9-2021, 9:37:02 PM
supergamer(supergamer) used a tk_ultra_health_potion 1-9-2021, 9:37:12 PM
supergamer(supergamer) used a guided_missile 1-9-2021, 9:37:15 PM
supergamer(supergamer) used a guided_missile 1-9-2021, 9:37:20 PM
supergamer(supergamer) used a missile_interceptor 1-9-2021, 9:37:27 PM
supergamer(supergamer) used a guided_missile 1-9-2021, 9:37:30 PM
supergamer(supergamer) used a tk_ultra_health_potion 1-9-2021, 9:37:37 PM
supergamer(supergamer) used a guided_missile 1-9-2021, 9:37:47 PM
supergamer(supergamer) used a missile_interceptor 1-9-2021, 9:37:51 PM
supergamer(supergamer) used a storm_sniper 1-9-2021, 9:38:18 PM
supergamer(supergamer) used a missile_interceptor 1-9-2021, 9:39:20 PM
supergamer(supergamer) used a missile_interceptor 1-9-2021, 9:39:26 PM
supergamer(supergamer) used a missile_interceptor 1-9-2021, 9:39:33 PM
supergamer(supergamer) used a missile_interceptor 1-9-2021, 9:39:38 PM
supergamer(supergamer) used a shield 1-9-2021, 9:39:47 PM
supergamer(supergamer) used a missile_interceptor 1-9-2021, 9:39:49 PM
supergamer(supergamer) used a missile_interceptor 1-9-2021, 9:39:57 PM
supergamer(supergamer) used a tk_ultra_health_potion 1-9-2021, 9:40:07 PM
supergamer(supergamer) used a missile_interceptor 1-9-2021, 9:40:11 PM
supergamer(supergamer) used a missile_interceptor 1-9-2021, 9:40:21 PM
supergamer(supergamer) used a missile_interceptor 1-9-2021, 9:40:30 PM
supergamer(supergamer) used a tk_ultra_health_potion 1-9-2021, 9:41:07 PM
supergamer(supergamer) used a rpg7 1-9-2021, 9:44:01 PM
supergamer(supergamer) used a storm_sniper 1-9-2021, 9:44:05 PM
supergamer(supergamer) used a the_legendary_sword 1-9-2021, 9:44:07 PM
supergamer(supergamer) used a the_legendary_sword 1-9-2021, 9:44:09 PM
supergamer(supergamer) used a the_legendary_sword 1-9-2021, 9:44:10 PM
supergamer(supergamer) used a the_legendary_sword 1-9-2021, 9:44:11 PM
supergamer(supergamer) used a hand_cannon 1-9-2021, 9:44:16 PM
supergamer(supergamer) used a pack_of_20_missile_interceptor 1-9-2021, 9:47:17 PM
supergamer(supergamer) used a pack_of_20_fire_extinguisher 1-9-2021, 9:47:24 PM
supergamer(supergamer) used a tk_ultra_health_potion 1-9-2021, 10:00:46 PM
supergamer(supergamer) used a tk_ultra_health_potion 1-9-2021, 10:00:48 PM
supergamer(supergamer) used a tk_ultra_health_potion 1-9-2021, 10:00:54 PM
supergamer(supergamer) used a tk_ultra_health_potion 1-9-2021, 10:01:00 PM
supergamer(supergamer) used a tk_ultra_health_potion 1-9-2021, 10:01:09 PM
supergamer(supergamer) used a storm_sniper 1-9-2021, 10:08:06 PM
supergamer(supergamer) used a storm_sniper 1-9-2021, 10:08:06 PM
supergamer(supergamer) used a storm_sniper 1-9-2021, 10:08:07 PM
supergamer(supergamer) used a storm_sniper 1-9-2021, 10:08:08 PM
supergamer(supergamer) used a storm_sniper 1-9-2021, 10:08:08 PM
supergamer(supergamer) used a storm_sniper 1-9-2021, 10:08:11 PM
supergamer(supergamer) used a storm_sniper 1-9-2021, 10:08:11 PM
supergamer(supergamer) used a missile_interceptor 1-9-2021, 10:08:12 PM
supergamer(supergamer) used a storm_sniper 1-9-2021, 10:08:13 PM
supergamer(supergamer) used a storm_sniper 1-9-2021, 10:08:14 PM
supergamer(supergamer) used a storm_sniper 1-9-2021, 10:08:14 PM
supergamer(supergamer) used a storm_sniper 1-9-2021, 10:08:15 PM
supergamer(supergamer) used a storm_sniper 1-9-2021, 10:08:15 PM
supergamer(supergamer) used a storm_sniper 1-9-2021, 10:08:16 PM
supergamer(supergamer) used a storm_sniper 1-9-2021, 10:08:16 PM
supergamer(supergamer) used a storm_sniper 1-9-2021, 10:08:17 PM
supergamer(supergamer) used a storm_sniper 1-9-2021, 10:08:17 PM
supergamer(supergamer) used a storm_sniper 1-9-2021, 10:08:17 PM
supergamer(supergamer) used a storm_sniper 1-9-2021, 10:08:18 PM
supergamer(supergamer) used a tk_ultra_health_potion 1-9-2021, 10:08:19 PM
supergamer(supergamer) used a the_legendary_sword 1-9-2021, 10:08:20 PM
supergamer(supergamer) used a hand_cannon 1-9-2021, 10:08:22 PM
supergamer(supergamer) used a the_legendary_sword 1-9-2021, 10:08:23 PM
supergamer(supergamer) used a the_legendary_sword 1-9-2021, 10:08:23 PM
supergamer(supergamer) used a hand_cannon 1-9-2021, 10:08:23 PM
supergamer(supergamer) used a guided_missile 1-9-2021, 10:08:24 PM
supergamer(supergamer) used a the_legendary_sword 1-9-2021, 10:08:24 PM
supergamer(supergamer) used a hand_cannon 1-9-2021, 10:08:24 PM
supergamer(supergamer) used a guided_missile 1-9-2021, 10:08:24 PM
supergamer(supergamer) used a hand_cannon 1-9-2021, 10:08:24 PM
supergamer(supergamer) used a guided_missile 1-9-2021, 10:08:25 PM
supergamer(supergamer) used a guided_missile 1-9-2021, 10:08:25 PM
supergamer(supergamer) used a the_legendary_sword 1-9-2021, 10:08:25 PM
supergamer(supergamer) used a hand_cannon 1-9-2021, 10:08:25 PM
supergamer(supergamer) used a guided_missile 1-9-2021, 10:08:25 PM
supergamer(supergamer) used a hand_cannon 1-9-2021, 10:08:26 PM
supergamer(supergamer) used a guided_missile 1-9-2021, 10:08:26 PM
supergamer(supergamer) used a the_legendary_sword 1-9-2021, 10:08:26 PM
supergamer(supergamer) used a hand_cannon 1-9-2021, 10:08:26 PM
supergamer(supergamer) used a the_legendary_sword 1-9-2021, 10:08:26 PM
supergamer(supergamer) used a hand_cannon 1-9-2021, 10:08:26 PM
supergamer(supergamer) used a the_legendary_sword 1-9-2021, 10:08:26 PM
supergamer(supergamer) used a hand_cannon 1-9-2021, 10:08:27 PM
supergamer(supergamer) used a the_legendary_sword 1-9-2021, 10:08:27 PM
supergamer(supergamer) used a storm_sniper 1-9-2021, 10:08:27 PM
supergamer(supergamer) used a guided_missile 1-9-2021, 10:08:27 PM
supergamer(supergamer) used a storm_sniper 1-9-2021, 10:08:27 PM
supergamer(supergamer) used a guided_missile 1-9-2021, 10:08:27 PM
supergamer(supergamer) used a guided_missile 1-9-2021, 10:08:27 PM
supergamer(supergamer) used a shield 1-9-2021, 10:08:28 PM
supergamer(supergamer) used a shield 1-9-2021, 10:08:28 PM
supergamer(supergamer) used a shield 1-9-2021, 10:08:29 PM
supergamer(supergamer) used a missile_interceptor 1-9-2021, 10:08:31 PM
supergamer(supergamer) used a storm_sniper 1-9-2021, 10:08:32 PM
supergamer(supergamer) used a storm_sniper 1-9-2021, 10:08:33 PM
supergamer(supergamer) used a guided_missile 1-9-2021, 10:08:34 PM
supergamer(supergamer) used a hand_cannon 1-9-2021, 10:08:35 PM
supergamer(supergamer) used a the_legendary_sword 1-9-2021, 10:08:36 PM
supergamer(supergamer) used a hand_cannon 1-9-2021, 10:08:37 PM
supergamer(supergamer) used a hand_cannon 1-9-2021, 10:08:38 PM
supergamer(supergamer) used a hand_cannon 1-9-2021, 10:08:38 PM
supergamer(supergamer) used a storm_sniper 1-9-2021, 10:08:39 PM
supergamer(supergamer) used a storm_sniper 1-9-2021, 10:08:39 PM
supergamer(supergamer) used a tk_dollar 1-9-2021, 10:08:49 PM
supergamer(supergamer) used a tk_dollar 1-9-2021, 10:08:49 PM
supergamer(supergamer) used a tk_dollar 1-9-2021, 10:08:56 PM
supergamer(supergamer) used a tk_dollar 1-9-2021, 10:09:03 PM
supergamer(supergamer) used a tk_dollar 1-9-2021, 10:09:03 PM
supergamer(supergamer) used a tk_dollar 1-9-2021, 10:09:04 PM
supergamer(supergamer) used a tk_dollar 1-9-2021, 10:09:04 PM
supergamer(supergamer) used a storm_sniper 1-9-2021, 10:09:17 PM
supergamer(supergamer) used a storm_sniper 1-9-2021, 10:09:22 PM
supergamer(supergamer) used a storm_sniper 1-9-2021, 10:09:25 PM
supergamer(supergamer) used a mine 1-9-2021, 11:00:12 PM
supergamer(supergamer) used a tk_ultra_health_potion 1-9-2021, 11:05:29 PM
supergamer(supergamer) used a storm_sniper 1-9-2021, 11:05:32 PM
supergamer(supergamer) used a hand_cannon 1-9-2021, 11:05:35 PM
supergamer(supergamer) used a shield 1-9-2021, 11:08:31 PM
supergamer(supergamer) used a missile_interceptor 1-9-2021, 11:08:31 PM
supergamer(supergamer) used a shield 1-9-2021, 11:08:32 PM
supergamer(supergamer) used a shield 1-9-2021, 11:08:32 PM
supergamer(supergamer) used a shield 1-9-2021, 11:08:32 PM
supergamer(supergamer) used a shield 1-9-2021, 11:08:32 PM
supergamer(supergamer) used a shield 1-9-2021, 11:08:35 PM
supergamer(supergamer) used a shield 1-9-2021, 11:08:35 PM
supergamer(supergamer) used a shield 1-9-2021, 11:08:35 PM
supergamer(supergamer) used a shield 1-9-2021, 11:08:35 PM
supergamer(supergamer) used a shield 1-9-2021, 11:08:35 PM
supergamer(supergamer) used a shield 1-9-2021, 11:08:35 PM
supergamer(supergamer) used a shield 1-9-2021, 11:08:36 PM
supergamer(supergamer) used a shield 1-9-2021, 11:08:36 PM
supergamer(supergamer) used a shield 1-9-2021, 11:08:36 PM
supergamer(supergamer) used a shield 1-9-2021, 11:08:36 PM
supergamer(supergamer) used a shield 1-9-2021, 11:08:36 PM
supergamer(supergamer) used a shield 1-9-2021, 11:08:36 PM
supergamer(supergamer) used a shield 1-9-2021, 11:08:36 PM
supergamer(supergamer) used a shield 1-9-2021, 11:08:37 PM
supergamer(supergamer) used a shield 1-9-2021, 11:08:37 PM
supergamer(supergamer) used a shield 1-9-2021, 11:08:37 PM
supergamer(supergamer) used a shield 1-9-2021, 11:08:37 PM
supergamer(supergamer) used a shield 1-9-2021, 11:08:37 PM
supergamer(supergamer) used a shield 1-9-2021, 11:08:37 PM
supergamer(supergamer) used a shield 1-9-2021, 11:08:37 PM
supergamer(supergamer) used a shield 1-9-2021, 11:08:38 PM
supergamer(supergamer) used a shield 1-9-2021, 11:08:38 PM
supergamer(supergamer) used a shield 1-9-2021, 11:08:38 PM
supergamer(supergamer) used a tk_ultra_health_potion 1-9-2021, 11:08:39 PM
supergamer(supergamer) used a storm_sniper 1-9-2021, 11:14:04 PM
supergamer(supergamer) used a storm_sniper 1-9-2021, 11:17:19 PM
supergamer(supergamer) used a missile_interceptor 1-9-2021, 11:17:20 PM
supergamer(supergamer) used a storm_sniper 1-9-2021, 11:17:21 PM
supergamer(supergamer) used a missile_interceptor 1-9-2021, 11:17:22 PM
supergamer(supergamer) used a storm_sniper 1-9-2021, 11:17:23 PM
supergamer(supergamer) used a the_legendary_sword 1-9-2021, 11:17:25 PM
supergamer(supergamer) used a missile_interceptor 1-9-2021, 11:17:27 PM
supergamer(supergamer) used a storm_sniper 1-9-2021, 11:17:29 PM
supergamer(supergamer) used a the_legendary_sword 1-9-2021, 11:17:29 PM
supergamer(supergamer) used a shield 1-9-2021, 11:25:42 PM
supergamer(supergamer) used a shield 1-9-2021, 11:25:46 PM
supergamer(supergamer) used a shield 1-9-2021, 11:25:46 PM
supergamer(supergamer) used a shield 1-9-2021, 11:25:46 PM
supergamer(supergamer) used a shield 1-9-2021, 11:25:46 PM
supergamer(supergamer) used a shield 1-9-2021, 11:25:47 PM
supergamer(supergamer) used a shield 1-9-2021, 11:25:48 PM
supergamer(supergamer) used a shield 1-9-2021, 11:25:48 PM
supergamer(supergamer) used a shield 1-9-2021, 11:25:49 PM
supergamer(supergamer) used a shield 1-9-2021, 11:25:49 PM
supergamer(supergamer) used a shield 1-9-2021, 11:25:50 PM
supergamer(supergamer) used a shield 1-9-2021, 11:25:50 PM
supergamer(supergamer) used a shield 1-9-2021, 11:25:50 PM
supergamer(supergamer) used a shield 1-9-2021, 11:25:50 PM
supergamer(supergamer) used a shield 1-9-2021, 11:25:50 PM
supergamer(supergamer) used a shield 1-9-2021, 11:25:51 PM
supergamer(supergamer) used a shield 1-9-2021, 11:25:51 PM
supergamer(supergamer) used a shield 1-9-2021, 11:25:51 PM
supergamer(supergamer) used a shield 1-9-2021, 11:25:51 PM
supergamer(supergamer) used a shield 1-9-2021, 11:25:51 PM
supergamer(supergamer) used a shield 1-9-2021, 11:25:51 PM
supergamer(supergamer) used a shield 1-9-2021, 11:25:51 PM
supergamer(supergamer) used a shield 1-9-2021, 11:25:51 PM
supergamer(supergamer) used a shield 1-9-2021, 11:25:51 PM
supergamer(supergamer) used a shield 1-9-2021, 11:25:52 PM
supergamer(supergamer) used a shield 1-9-2021, 11:25:52 PM
supergamer(supergamer) used a shield 1-9-2021, 11:25:52 PM
supergamer(supergamer) used a shield 1-9-2021, 11:25:52 PM
supergamer(supergamer) used a shield 1-9-2021, 11:25:52 PM
supergamer(supergamer) used a shield 1-9-2021, 11:25:52 PM
supergamer(supergamer) used a shield 1-9-2021, 11:25:52 PM
supergamer(supergamer) used a shield 1-9-2021, 11:25:53 PM
supergamer(supergamer) used a shield 1-9-2021, 11:25:53 PM
supergamer(supergamer) used a shield 1-9-2021, 11:25:53 PM
supergamer(supergamer) used a shield 1-9-2021, 11:25:53 PM
supergamer(supergamer) used a shield 1-9-2021, 11:25:53 PM
supergamer(supergamer) used a shield 1-9-2021, 11:25:53 PM
supergamer(supergamer) used a guided_missile 1-9-2021, 11:27:04 PM
supergamer(supergamer) used a tk_ultra_health_potion 1-9-2021, 11:27:05 PM
supergamer(supergamer) used a tk_ultra_health_potion 1-9-2021, 11:41:33 PM
supergamer(supergamer) used a guided_missile 1-9-2021, 11:43:36 PM
supergamer(supergamer) used a tk_ultra_health_potion 1-9-2021, 11:43:38 PM
supergamer(supergamer) used a aircraft 1-9-2021, 11:59:50 PM
supergamer(supergamer) used a metal 1-9-2021, 11:59:55 PM
supergamer(supergamer) used a metal 1-9-2021, 11:59:56 PM