
best(general) used a hand_grenade 9-1-2020, 10:52:14 AM
best(general) used a hand_grenade 9-1-2020, 10:52:15 AM
best(general) used a tk_ultra_health_potion 9-1-2020, 10:52:20 AM
best(general) used a aircraft 9-1-2020, 10:57:53 AM
best(general) used a aircraft 9-1-2020, 10:57:53 AM
best(general) used a hand_grenade 9-1-2020, 10:58:36 AM
best(general) used a tk_ultra_health_potion 9-1-2020, 10:59:02 AM
best(general) used a tk_ultra_health_potion 9-1-2020, 10:59:02 AM
best(general) used a antibiotic_pack 9-1-2020, 10:59:18 AM
best(general) used a antibiotic_pack 9-1-2020, 10:59:18 AM
best(general) used a antibiotic_pack 9-1-2020, 10:59:18 AM
best(general) used a aircraft 9-1-2020, 10:59:23 AM
best(general) used a aircraft 9-1-2020, 10:59:24 AM
best(general) used a tk_ultra_health_potion 9-1-2020, 11:00:59 AM
best(general) used a tk_ultra_health_potion 9-1-2020, 11:00:59 AM
best(general) used a tk_ultra_health_potion 9-1-2020, 11:01:28 AM
best(general) used a tk_ultra_health_potion 9-1-2020, 11:01:28 AM
best(general) used a hand_grenade 9-1-2020, 11:02:36 AM
best(general) used a hand_grenade 9-1-2020, 11:02:37 AM
best(general) used a hand_grenade 9-1-2020, 11:02:37 AM
best(general) used a hand_grenade 9-1-2020, 11:02:38 AM
best(general) used a hand_grenade 9-1-2020, 11:02:38 AM
best(general) used a hand_grenade 9-1-2020, 11:02:39 AM
best(general) used a hand_grenade 9-1-2020, 11:05:35 AM
best(general) used a hand_grenade 9-1-2020, 11:05:40 AM
best(general) used a hand_grenade 9-1-2020, 11:05:41 AM
best(general) used a hand_grenade 9-1-2020, 11:05:42 AM
best(general) used a hand_grenade 9-1-2020, 11:07:10 AM
best(general) used a hand_grenade 9-1-2020, 11:07:11 AM
best(general) used a hand_grenade 9-1-2020, 11:07:11 AM
best(general) used a hand_grenade 9-1-2020, 11:07:11 AM
best(general) used a hand_grenade 9-1-2020, 11:07:11 AM
best(general) used a hand_grenade 9-1-2020, 11:07:11 AM
best(general) used a hand_grenade 9-1-2020, 11:07:12 AM
best(general) used a hand_grenade 9-1-2020, 11:07:12 AM
best(general) used a hand_grenade 9-1-2020, 11:07:12 AM
best(general) used a hand_grenade 9-1-2020, 11:07:12 AM
best(general) used a hand_grenade 9-1-2020, 11:07:13 AM
best(general) used a hand_grenade 9-1-2020, 11:08:52 AM
best(general) used a hand_grenade 9-1-2020, 11:08:53 AM
best(general) used a hand_grenade 9-1-2020, 11:08:53 AM
best(general) used a hand_grenade 9-1-2020, 11:08:53 AM
best(general) used a hand_grenade 9-1-2020, 11:08:53 AM
best(general) used a hand_grenade 9-1-2020, 11:08:53 AM
best(general) used a tk_ultra_health_potion 9-1-2020, 11:16:19 AM
best(general) used a tk_ultra_health_potion 9-1-2020, 11:16:20 AM
best(general) used a hand_grenade 9-1-2020, 11:17:37 AM
best(general) used a hand_grenade 9-1-2020, 11:17:38 AM
best(general) used a hand_grenade 9-1-2020, 11:17:38 AM
best(general) used a hand_grenade 9-1-2020, 11:17:38 AM
best(general) used a hand_grenade 9-1-2020, 11:17:38 AM
best(general) used a hand_grenade 9-1-2020, 11:17:40 AM
best(general) used a hand_grenade 9-1-2020, 11:20:54 AM
best(general) used a hand_grenade 9-1-2020, 11:20:54 AM
best(general) used a hand_grenade 9-1-2020, 11:20:54 AM
best(general) used a shield 9-1-2020, 11:21:12 AM
best(general) used a shield 9-1-2020, 11:21:12 AM
best(general) used a shield 9-1-2020, 11:21:12 AM
best(general) used a shield 9-1-2020, 11:21:13 AM
best(general) used a shield 9-1-2020, 11:21:13 AM
best(general) used a shield 9-1-2020, 11:21:13 AM
best(general) used a shield 9-1-2020, 11:21:14 AM
best(general) used a shield 9-1-2020, 11:21:14 AM
best(general) used a shield 9-1-2020, 11:21:14 AM
best(general) used a shield 9-1-2020, 11:21:15 AM
best(general) used a shield 9-1-2020, 11:21:15 AM
best(general) used a shield 9-1-2020, 11:21:15 AM
best(general) used a shield 9-1-2020, 11:21:15 AM
best(general) used a shield 9-1-2020, 11:21:16 AM
best(general) used a shield 9-1-2020, 11:21:16 AM
best(general) used a shield 9-1-2020, 11:21:16 AM
best(general) used a shield 9-1-2020, 11:21:17 AM
best(general) used a shield 9-1-2020, 11:21:17 AM
best(general) used a hand_grenade 9-1-2020, 11:22:06 AM
best(general) used a hand_grenade 9-1-2020, 11:22:06 AM
best(general) used a hand_grenade 9-1-2020, 11:22:06 AM
best(general) used a hand_grenade 9-1-2020, 11:22:08 AM
best(general) used a hand_grenade 9-1-2020, 11:22:08 AM
best(general) used a hand_grenade 9-1-2020, 11:22:09 AM
best(general) used a hand_grenade 9-1-2020, 11:22:09 AM
best(general) used a hand_grenade 9-1-2020, 11:22:17 AM
best(general) used a hand_grenade 9-1-2020, 11:22:17 AM
best(general) used a hand_grenade 9-1-2020, 11:22:17 AM
best(general) used a tk_ultra_health_potion 9-1-2020, 11:26:20 AM
best(general) used a tk_ultra_health_potion 9-1-2020, 11:26:20 AM
best(general) used a tk_ultra_health_potion 9-1-2020, 11:26:20 AM
best(general) used a shield 9-1-2020, 11:26:25 AM
best(general) used a shield 9-1-2020, 11:26:26 AM
best(general) used a shield 9-1-2020, 11:26:26 AM
best(general) used a hand_grenade 9-1-2020, 11:27:47 AM
best(general) used a missile_interceptor 9-1-2020, 11:29:23 AM
best(general) used a missile_interceptor 9-1-2020, 11:29:24 AM
best(general) used a missile_interceptor 9-1-2020, 11:29:25 AM
best(general) used a missile_interceptor 9-1-2020, 11:29:28 AM
best(general) used a missile_interceptor 9-1-2020, 11:29:29 AM
best(general) used a missile_interceptor 9-1-2020, 11:29:30 AM
best(general) used a missile_interceptor 9-1-2020, 11:29:35 AM
best(general) used a missile_interceptor 9-1-2020, 11:29:38 AM
best(general) used a missile_interceptor 9-1-2020, 11:29:42 AM
best(general) used a missile_interceptor 9-1-2020, 11:29:43 AM
best(general) used a missile_interceptor 9-1-2020, 11:29:44 AM
best(general) used a missile_interceptor 9-1-2020, 11:29:47 AM
best(general) used a missile_interceptor 9-1-2020, 11:29:50 AM
best(general) used a missile_interceptor 9-1-2020, 11:29:56 AM
best(general) used a missile_interceptor 9-1-2020, 11:29:58 AM
best(general) used a missile_interceptor 9-1-2020, 11:30:25 AM
best(general) used a hand_grenade 9-1-2020, 11:31:00 AM
best(general) used a hand_grenade 9-1-2020, 11:31:00 AM
best(general) used a hand_grenade 9-1-2020, 11:31:00 AM
best(general) used a hand_grenade 9-1-2020, 11:31:00 AM
best(general) used a hand_grenade 9-1-2020, 11:31:01 AM
best(general) used a hand_grenade 9-1-2020, 11:31:01 AM
best(general) used a hand_grenade 9-1-2020, 11:31:05 AM
best(general) used a hand_grenade 9-1-2020, 11:31:06 AM
best(general) used a hand_grenade 9-1-2020, 11:31:14 AM
best(general) used a hand_grenade 9-1-2020, 11:31:24 AM
best(general) used a hand_grenade 9-1-2020, 11:31:24 AM
best(general) used a hand_grenade 9-1-2020, 11:31:24 AM
best(general) used a hand_grenade 9-1-2020, 11:31:24 AM
best(general) used a hand_grenade 9-1-2020, 11:31:26 AM
best(general) used a hand_grenade 9-1-2020, 11:31:26 AM
best(general) used a missile_interceptor 9-1-2020, 11:31:56 AM
best(general) used a missile_interceptor 9-1-2020, 11:31:57 AM
best(general) used a missile_interceptor 9-1-2020, 11:31:58 AM
best(general) used a missile_interceptor 9-1-2020, 11:31:58 AM
best(general) used a missile_interceptor 9-1-2020, 11:32:00 AM
best(general) used a missile_interceptor 9-1-2020, 11:32:03 AM
best(general) used a hand_grenade 9-1-2020, 11:32:07 AM
best(general) used a hand_grenade 9-1-2020, 11:32:07 AM
best(general) used a hand_grenade 9-1-2020, 11:32:07 AM
best(general) used a hand_grenade 9-1-2020, 11:32:07 AM
best(general) used a hand_grenade 9-1-2020, 11:32:07 AM
best(general) used a hand_grenade 9-1-2020, 11:32:08 AM
best(general) used a hand_grenade 9-1-2020, 11:32:08 AM
best(general) used a hand_grenade 9-1-2020, 11:32:08 AM
best(general) used a hand_grenade 9-1-2020, 11:32:08 AM
best(general) used a hand_grenade 9-1-2020, 11:32:08 AM
best(general) used a hand_grenade 9-1-2020, 11:32:08 AM
best(general) used a hand_grenade 9-1-2020, 11:32:09 AM
best(general) used a hand_grenade 9-1-2020, 11:32:09 AM
best(general) used a hand_grenade 9-1-2020, 11:32:09 AM
best(general) used a hand_grenade 9-1-2020, 11:32:09 AM
best(general) used a hand_grenade 9-1-2020, 11:32:09 AM
best(general) used a hand_grenade 9-1-2020, 11:32:10 AM
best(general) used a hand_grenade 9-1-2020, 11:32:10 AM
best(general) used a hand_grenade 9-1-2020, 11:32:11 AM
best(general) used a hand_grenade 9-1-2020, 11:32:11 AM
best(general) used a hand_grenade 9-1-2020, 11:32:11 AM
best(general) used a hand_grenade 9-1-2020, 11:32:11 AM
best(general) used a hand_grenade 9-1-2020, 11:32:11 AM
best(general) used a hand_grenade 9-1-2020, 11:32:12 AM
best(general) used a hand_grenade 9-1-2020, 11:32:12 AM
best(general) used a hand_grenade 9-1-2020, 11:32:12 AM
best(general) used a hand_grenade 9-1-2020, 11:32:12 AM
best(general) used a hand_grenade 9-1-2020, 11:32:12 AM
best(general) used a hand_grenade 9-1-2020, 11:32:12 AM
best(general) used a hand_grenade 9-1-2020, 11:32:12 AM
best(general) used a hand_grenade 9-1-2020, 11:32:13 AM
best(general) used a hand_grenade 9-1-2020, 11:32:13 AM
best(general) used a hand_grenade 9-1-2020, 11:32:13 AM
best(general) used a hand_grenade 9-1-2020, 11:32:13 AM
best(general) used a hand_grenade 9-1-2020, 11:32:13 AM
best(general) used a hand_grenade 9-1-2020, 11:32:14 AM
best(general) used a hand_grenade 9-1-2020, 11:32:15 AM
best(general) used a hand_grenade 9-1-2020, 11:32:15 AM
best(general) used a hand_grenade 9-1-2020, 11:32:15 AM
best(general) used a hand_grenade 9-1-2020, 11:32:15 AM
best(general) used a tk_ultra_health_potion 9-1-2020, 11:32:46 AM
best(general) used a tk_ultra_health_potion 9-1-2020, 11:32:47 AM
best(general) used a hand_grenade 9-1-2020, 11:34:11 AM
best(general) used a suicide_bomb 9-1-2020, 11:34:20 AM
best(general) used a suicide_bomb 9-1-2020, 11:34:20 AM
best(general) used a suicide_bomb 9-1-2020, 11:34:20 AM
best(general) used a suicide_bomb 9-1-2020, 11:34:21 AM
best(general) used a suicide_bomb 9-1-2020, 11:34:37 AM
best(general) used a suicide_bomb 9-1-2020, 11:34:37 AM
best(general) used a suicide_bomb 9-1-2020, 11:34:38 AM
best(general) used a suicide_bomb 9-1-2020, 11:34:38 AM
best(general) used a suicide_bomb 9-1-2020, 11:34:57 AM
best(general) used a suicide_bomb 9-1-2020, 11:34:57 AM
best(general) used a suicide_bomb 9-1-2020, 11:34:57 AM
best(general) used a suicide_bomb 9-1-2020, 11:34:58 AM
best(general) used a suicide_bomb 9-1-2020, 11:35:21 AM
best(general) used a suicide_bomb 9-1-2020, 11:35:21 AM
best(general) used a guided_missile 9-1-2020, 11:35:50 AM
best(general) used a guided_missile 9-1-2020, 11:36:05 AM
best(general) used a guided_missile 9-1-2020, 11:36:10 AM
best(general) used a guided_missile 9-1-2020, 11:36:10 AM
best(general) used a guided_missile 9-1-2020, 11:36:11 AM
best(general) used a guided_missile 9-1-2020, 11:36:12 AM
best(general) used a guided_missile 9-1-2020, 11:36:14 AM
best(general) used a guided_missile 9-1-2020, 11:36:15 AM
best(general) used a guided_missile 9-1-2020, 11:36:15 AM
best(general) used a guided_missile 9-1-2020, 11:36:15 AM
best(general) used a guided_missile 9-1-2020, 11:36:16 AM
best(general) used a guided_missile 9-1-2020, 11:36:16 AM
best(general) used a guided_missile 9-1-2020, 11:36:17 AM
best(general) used a guided_missile 9-1-2020, 11:36:17 AM
best(general) used a guided_missile 9-1-2020, 11:36:17 AM
best(general) used a guided_missile 9-1-2020, 11:36:18 AM
best(general) used a guided_missile 9-1-2020, 11:36:18 AM
best(general) used a guided_missile 9-1-2020, 11:36:20 AM
best(general) used a guided_missile 9-1-2020, 11:36:20 AM
best(general) used a guided_missile 9-1-2020, 11:36:21 AM
best(general) used a guided_missile 9-1-2020, 11:36:21 AM
best(general) used a guided_missile 9-1-2020, 11:36:21 AM
best(general) used a guided_missile 9-1-2020, 11:36:22 AM
best(general) used a guided_missile 9-1-2020, 11:36:22 AM
best(general) used a guided_missile 9-1-2020, 11:36:23 AM
best(general) used a guided_missile 9-1-2020, 11:36:23 AM
best(general) used a guided_missile 9-1-2020, 11:36:23 AM
best(general) used a guided_missile 9-1-2020, 11:36:24 AM
best(general) used a guided_missile 9-1-2020, 11:36:25 AM
best(general) used a guided_missile 9-1-2020, 11:36:25 AM
best(general) used a guided_missile 9-1-2020, 11:36:26 AM
best(general) used a guided_missile 9-1-2020, 11:36:26 AM
best(general) used a guided_missile 9-1-2020, 11:36:26 AM
best(general) used a guided_missile 9-1-2020, 11:36:27 AM
best(general) used a guided_missile 9-1-2020, 11:36:27 AM
best(general) used a guided_missile 9-1-2020, 11:36:27 AM
best(general) used a guided_missile 9-1-2020, 11:36:28 AM
best(general) used a guided_missile 9-1-2020, 11:36:28 AM
best(general) used a guided_missile 9-1-2020, 11:36:28 AM
best(general) used a guided_missile 9-1-2020, 11:36:29 AM
best(general) used a guided_missile 9-1-2020, 11:36:30 AM
best(general) used a guided_missile 9-1-2020, 11:36:30 AM
best(general) used a guided_missile 9-1-2020, 11:36:31 AM
best(general) used a guided_missile 9-1-2020, 11:36:31 AM
best(general) used a guided_missile 9-1-2020, 11:36:31 AM
best(general) used a guided_missile 9-1-2020, 11:36:32 AM
best(general) used a guided_missile 9-1-2020, 11:36:32 AM
best(general) used a guided_missile 9-1-2020, 11:36:33 AM
best(general) used a guided_missile 9-1-2020, 11:36:35 AM
best(general) used a guided_missile 9-1-2020, 11:36:36 AM
best(general) used a guided_missile 9-1-2020, 11:36:36 AM
best(general) used a guided_missile 9-1-2020, 11:36:40 AM
best(general) used a guided_missile 9-1-2020, 11:36:41 AM
best(general) used a guided_missile 9-1-2020, 11:36:48 AM
best(general) used a guided_missile 9-1-2020, 11:36:50 AM
best(general) used a guided_missile 9-1-2020, 11:36:50 AM
best(general) used a guided_missile 9-1-2020, 11:36:51 AM
best(general) used a guided_missile 9-1-2020, 11:36:51 AM
best(general) used a guided_missile 9-1-2020, 11:36:52 AM
best(general) used a guided_missile 9-1-2020, 11:36:53 AM
best(general) used a guided_missile 9-1-2020, 11:36:56 AM
best(general) used a guided_missile 9-1-2020, 11:37:00 AM
best(general) used a guided_missile 9-1-2020, 11:37:00 AM
best(general) used a guided_missile 9-1-2020, 11:37:01 AM
best(general) used a guided_missile 9-1-2020, 11:37:01 AM
best(general) used a guided_missile 9-1-2020, 11:37:01 AM
best(general) used a guided_missile 9-1-2020, 11:37:02 AM
best(general) used a guided_missile 9-1-2020, 11:37:02 AM
best(general) used a guided_missile 9-1-2020, 11:37:02 AM
best(general) used a guided_missile 9-1-2020, 11:37:03 AM
best(general) used a guided_missile 9-1-2020, 11:37:03 AM
best(general) used a guided_missile 9-1-2020, 11:37:04 AM
best(general) used a guided_missile 9-1-2020, 11:37:06 AM
best(general) used a guided_missile 9-1-2020, 11:37:06 AM
best(general) used a guided_missile 9-1-2020, 11:37:07 AM
best(general) used a guided_missile 9-1-2020, 11:37:07 AM
best(general) used a guided_missile 9-1-2020, 11:37:07 AM
best(general) used a guided_missile 9-1-2020, 11:37:08 AM
best(general) used a guided_missile 9-1-2020, 11:37:08 AM
best(general) used a guided_missile 9-1-2020, 11:37:09 AM
best(general) used a guided_missile 9-1-2020, 11:37:09 AM
best(general) used a guided_missile 9-1-2020, 11:37:10 AM
best(general) used a guided_missile 9-1-2020, 11:37:11 AM
best(general) used a guided_missile 9-1-2020, 11:37:11 AM
best(general) used a guided_missile 9-1-2020, 11:37:12 AM
best(general) used a guided_missile 9-1-2020, 11:37:12 AM
best(general) used a guided_missile 9-1-2020, 11:37:13 AM
best(general) used a guided_missile 9-1-2020, 11:37:13 AM
best(general) used a guided_missile 9-1-2020, 11:37:13 AM
best(general) used a guided_missile 9-1-2020, 11:37:14 AM
best(general) used a guided_missile 9-1-2020, 11:37:14 AM
best(general) used a guided_missile 9-1-2020, 11:37:14 AM
best(general) used a guided_missile 9-1-2020, 11:37:16 AM
best(general) used a guided_missile 9-1-2020, 11:37:19 AM
best(general) used a guided_missile 9-1-2020, 11:37:19 AM
best(general) used a guided_missile 9-1-2020, 11:37:19 AM
best(general) used a guided_missile 9-1-2020, 11:37:20 AM
best(general) used a guided_missile 9-1-2020, 11:37:22 AM
best(general) used a guided_missile 9-1-2020, 11:37:23 AM
best(general) used a guided_missile 9-1-2020, 11:37:26 AM
best(general) used a guided_missile 9-1-2020, 11:37:26 AM
best(general) used a guided_missile 9-1-2020, 11:37:26 AM
best(general) used a guided_missile 9-1-2020, 11:37:27 AM
best(general) used a guided_missile 9-1-2020, 11:37:27 AM
best(general) used a guided_missile 9-1-2020, 11:37:27 AM
best(general) used a guided_missile 9-1-2020, 11:37:27 AM
best(general) used a guided_missile 9-1-2020, 11:37:27 AM
best(general) used a guided_missile 9-1-2020, 11:37:28 AM
best(general) used a guided_missile 9-1-2020, 11:37:28 AM
best(general) used a guided_missile 9-1-2020, 11:37:28 AM
best(general) used a guided_missile 9-1-2020, 11:37:28 AM
best(general) used a guided_missile 9-1-2020, 11:37:33 AM
best(general) used a guided_missile 9-1-2020, 11:37:35 AM
best(general) used a guided_missile 9-1-2020, 11:37:36 AM
best(general) used a guided_missile 9-1-2020, 11:37:36 AM
best(general) used a guided_missile 9-1-2020, 11:37:36 AM
best(general) used a guided_missile 9-1-2020, 11:37:37 AM
best(general) used a guided_missile 9-1-2020, 11:37:37 AM
best(general) used a guided_missile 9-1-2020, 11:37:38 AM
best(general) used a guided_missile 9-1-2020, 11:37:38 AM
best(general) used a guided_missile 9-1-2020, 11:37:39 AM
best(general) used a guided_missile 9-1-2020, 11:37:39 AM
best(general) used a guided_missile 9-1-2020, 11:37:39 AM
best(general) used a guided_missile 9-1-2020, 11:37:39 AM
best(general) used a guided_missile 9-1-2020, 11:37:40 AM
best(general) used a guided_missile 9-1-2020, 11:37:40 AM
best(general) used a guided_missile 9-1-2020, 11:37:40 AM
best(general) used a guided_missile 9-1-2020, 11:37:41 AM
best(general) used a guided_missile 9-1-2020, 11:37:41 AM
best(general) used a guided_missile 9-1-2020, 11:37:42 AM
best(general) used a guided_missile 9-1-2020, 11:37:43 AM
best(general) used a guided_missile 9-1-2020, 11:37:43 AM
best(general) used a guided_missile 9-1-2020, 11:37:46 AM
best(general) used a guided_missile 9-1-2020, 11:37:46 AM
best(general) used a guided_missile 9-1-2020, 11:37:46 AM
best(general) used a guided_missile 9-1-2020, 11:37:47 AM
best(general) used a guided_missile 9-1-2020, 11:37:47 AM
best(general) used a guided_missile 9-1-2020, 11:37:47 AM
best(general) used a guided_missile 9-1-2020, 11:37:47 AM
best(general) used a guided_missile 9-1-2020, 11:37:48 AM
best(general) used a guided_missile 9-1-2020, 11:37:48 AM
best(general) used a guided_missile 9-1-2020, 11:37:48 AM
best(general) used a guided_missile 9-1-2020, 11:37:48 AM
best(general) used a guided_missile 9-1-2020, 11:37:48 AM
best(general) used a guided_missile 9-1-2020, 11:37:49 AM
best(general) used a guided_missile 9-1-2020, 11:37:49 AM
best(general) used a guided_missile 9-1-2020, 11:37:49 AM
best(general) used a guided_missile 9-1-2020, 11:37:52 AM
best(general) used a guided_missile 9-1-2020, 11:37:53 AM
best(general) used a guided_missile 9-1-2020, 11:37:54 AM
best(general) used a guided_missile 9-1-2020, 11:37:55 AM
best(general) used a guided_missile 9-1-2020, 11:37:56 AM
best(general) used a guided_missile 9-1-2020, 11:38:03 AM
best(general) used a guided_missile 9-1-2020, 11:38:04 AM
best(general) used a guided_missile 9-1-2020, 11:38:06 AM
best(general) used a guided_missile 9-1-2020, 11:38:06 AM
best(general) used a guided_missile 9-1-2020, 11:38:07 AM
best(general) used a guided_missile 9-1-2020, 11:38:07 AM
best(general) used a guided_missile 9-1-2020, 11:38:07 AM
best(general) used a guided_missile 9-1-2020, 11:38:09 AM
best(general) used a guided_missile 9-1-2020, 11:38:13 AM
best(general) used a guided_missile 9-1-2020, 11:38:13 AM
best(general) used a guided_missile 9-1-2020, 11:38:14 AM
best(general) used a guided_missile 9-1-2020, 11:38:15 AM
best(general) used a guided_missile 9-1-2020, 11:38:15 AM
best(general) used a guided_missile 9-1-2020, 11:38:16 AM
best(general) used a guided_missile 9-1-2020, 11:38:16 AM
best(general) used a guided_missile 9-1-2020, 11:38:16 AM
best(general) used a guided_missile 9-1-2020, 11:38:17 AM
best(general) used a guided_missile 9-1-2020, 11:38:17 AM
best(general) used a guided_missile 9-1-2020, 11:38:18 AM
best(general) used a guided_missile 9-1-2020, 11:38:18 AM
best(general) used a guided_missile 9-1-2020, 11:38:18 AM
best(general) used a guided_missile 9-1-2020, 11:38:19 AM
best(general) used a guided_missile 9-1-2020, 11:38:19 AM
best(general) used a guided_missile 9-1-2020, 11:38:19 AM
best(general) used a guided_missile 9-1-2020, 11:38:19 AM
best(general) used a guided_missile 9-1-2020, 11:38:21 AM
best(general) used a guided_missile 9-1-2020, 11:38:23 AM
best(general) used a guided_missile 9-1-2020, 11:38:23 AM
best(general) used a guided_missile 9-1-2020, 11:38:24 AM
best(general) used a guided_missile 9-1-2020, 11:38:26 AM
best(general) used a guided_missile 9-1-2020, 11:38:26 AM
best(general) used a guided_missile 9-1-2020, 11:38:27 AM
best(general) used a guided_missile 9-1-2020, 11:38:27 AM
best(general) used a guided_missile 9-1-2020, 11:38:27 AM
best(general) used a guided_missile 9-1-2020, 11:38:28 AM
best(general) used a guided_missile 9-1-2020, 11:38:28 AM
best(general) used a guided_missile 9-1-2020, 11:38:28 AM
best(general) used a guided_missile 9-1-2020, 11:38:28 AM
best(general) used a guided_missile 9-1-2020, 11:38:28 AM
best(general) used a guided_missile 9-1-2020, 11:38:29 AM
best(general) used a guided_missile 9-1-2020, 11:38:29 AM
best(general) used a guided_missile 9-1-2020, 11:38:29 AM
best(general) used a guided_missile 9-1-2020, 11:38:29 AM
best(general) used a guided_missile 9-1-2020, 11:38:30 AM
best(general) used a guided_missile 9-1-2020, 11:38:32 AM
best(general) used a guided_missile 9-1-2020, 11:38:35 AM
best(general) used a guided_missile 9-1-2020, 11:38:35 AM
best(general) used a guided_missile 9-1-2020, 11:38:35 AM
best(general) used a guided_missile 9-1-2020, 11:38:36 AM
best(general) used a guided_missile 9-1-2020, 11:38:36 AM
best(general) used a guided_missile 9-1-2020, 11:38:37 AM
best(general) used a guided_missile 9-1-2020, 11:38:37 AM
best(general) used a guided_missile 9-1-2020, 11:38:38 AM
best(general) used a guided_missile 9-1-2020, 11:38:38 AM
best(general) used a guided_missile 9-1-2020, 11:38:38 AM
best(general) used a guided_missile 9-1-2020, 11:38:38 AM
best(general) used a guided_missile 9-1-2020, 11:38:42 AM
best(general) used a guided_missile 9-1-2020, 11:38:42 AM
best(general) used a guided_missile 9-1-2020, 11:38:42 AM
best(general) used a guided_missile 9-1-2020, 11:38:42 AM
best(general) used a guided_missile 9-1-2020, 11:38:43 AM
best(general) used a guided_missile 9-1-2020, 11:38:43 AM
best(general) used a guided_missile 9-1-2020, 11:38:43 AM
best(general) used a guided_missile 9-1-2020, 11:38:43 AM
best(general) used a guided_missile 9-1-2020, 11:38:43 AM
best(general) used a guided_missile 9-1-2020, 11:38:44 AM
best(general) used a guided_missile 9-1-2020, 11:38:44 AM
best(general) used a guided_missile 9-1-2020, 11:38:44 AM
best(general) used a guided_missile 9-1-2020, 11:38:44 AM
best(general) used a guided_missile 9-1-2020, 11:38:44 AM
best(general) used a guided_missile 9-1-2020, 11:38:45 AM
best(general) used a guided_missile 9-1-2020, 11:38:45 AM
best(general) used a guided_missile 9-1-2020, 11:38:47 AM
best(general) used a guided_missile 9-1-2020, 11:38:53 AM
best(general) used a guided_missile 9-1-2020, 11:38:54 AM
best(general) used a guided_missile 9-1-2020, 11:38:57 AM
best(general) used a guided_missile 9-1-2020, 11:38:57 AM
best(general) used a guided_missile 9-1-2020, 11:38:58 AM
best(general) used a guided_missile 9-1-2020, 11:38:58 AM
best(general) used a guided_missile 9-1-2020, 11:38:58 AM
best(general) used a guided_missile 9-1-2020, 11:38:59 AM
best(general) used a guided_missile 9-1-2020, 11:39:00 AM
best(general) used a guided_missile 9-1-2020, 11:39:01 AM
best(general) used a guided_missile 9-1-2020, 11:39:02 AM
best(general) used a guided_missile 9-1-2020, 11:39:04 AM
best(general) used a guided_missile 9-1-2020, 11:39:04 AM
best(general) used a guided_missile 9-1-2020, 11:39:05 AM
best(general) used a guided_missile 9-1-2020, 11:39:05 AM
best(general) used a guided_missile 9-1-2020, 11:39:06 AM
best(general) used a guided_missile 9-1-2020, 11:39:06 AM
best(general) used a guided_missile 9-1-2020, 11:39:06 AM
best(general) used a guided_missile 9-1-2020, 11:39:07 AM
best(general) used a guided_missile 9-1-2020, 11:39:08 AM
best(general) used a guided_missile 9-1-2020, 11:39:09 AM
best(general) used a guided_missile 9-1-2020, 11:39:09 AM
best(general) used a guided_missile 9-1-2020, 11:39:09 AM
best(general) used a guided_missile 9-1-2020, 11:39:10 AM
best(general) used a guided_missile 9-1-2020, 11:39:10 AM
best(general) used a guided_missile 9-1-2020, 11:39:10 AM
best(general) used a guided_missile 9-1-2020, 11:39:11 AM
best(general) used a guided_missile 9-1-2020, 11:39:11 AM
best(general) used a guided_missile 9-1-2020, 11:39:11 AM
best(general) used a guided_missile 9-1-2020, 11:39:12 AM
best(general) used a guided_missile 9-1-2020, 11:39:13 AM
best(general) used a guided_missile 9-1-2020, 11:39:13 AM
best(general) used a guided_missile 9-1-2020, 11:39:14 AM
best(general) used a guided_missile 9-1-2020, 11:39:14 AM
best(general) used a guided_missile 9-1-2020, 11:39:14 AM
best(general) used a guided_missile 9-1-2020, 11:39:15 AM
best(general) used a guided_missile 9-1-2020, 11:39:15 AM
best(general) used a guided_missile 9-1-2020, 11:39:15 AM
best(general) used a guided_missile 9-1-2020, 11:39:16 AM
best(general) used a guided_missile 9-1-2020, 11:39:16 AM
best(general) used a guided_missile 9-1-2020, 11:39:16 AM
best(general) used a guided_missile 9-1-2020, 11:39:17 AM
best(general) used a guided_missile 9-1-2020, 11:39:17 AM
best(general) used a guided_missile 9-1-2020, 11:39:17 AM
best(general) used a guided_missile 9-1-2020, 11:39:17 AM
best(general) used a guided_missile 9-1-2020, 11:39:19 AM
best(general) used a guided_missile 9-1-2020, 11:39:19 AM
best(general) used a guided_missile 9-1-2020, 11:39:19 AM
best(general) used a guided_missile 9-1-2020, 11:39:20 AM
best(general) used a guided_missile 9-1-2020, 11:39:20 AM
best(general) used a guided_missile 9-1-2020, 11:39:20 AM
best(general) used a guided_missile 9-1-2020, 11:39:21 AM
best(general) used a guided_missile 9-1-2020, 11:39:21 AM
best(general) used a guided_missile 9-1-2020, 11:39:21 AM
best(general) used a guided_missile 9-1-2020, 11:39:21 AM
best(general) used a guided_missile 9-1-2020, 11:39:21 AM
best(general) used a guided_missile 9-1-2020, 11:39:21 AM
best(general) used a guided_missile 9-1-2020, 11:39:22 AM
best(general) used a guided_missile 9-1-2020, 11:39:22 AM
best(general) used a guided_missile 9-1-2020, 11:39:22 AM
best(general) used a guided_missile 9-1-2020, 11:39:23 AM
best(general) used a guided_missile 9-1-2020, 11:39:23 AM
best(general) used a guided_missile 9-1-2020, 11:39:23 AM
best(general) used a guided_missile 9-1-2020, 11:39:24 AM
best(general) used a guided_missile 9-1-2020, 11:39:24 AM
best(general) used a guided_missile 9-1-2020, 11:39:24 AM
best(general) used a guided_missile 9-1-2020, 11:39:24 AM
best(general) used a guided_missile 9-1-2020, 11:39:24 AM
best(general) used a guided_missile 9-1-2020, 11:39:24 AM
best(general) used a guided_missile 9-1-2020, 11:39:25 AM
best(general) used a guided_missile 9-1-2020, 11:39:25 AM
best(general) used a guided_missile 9-1-2020, 11:39:25 AM
best(general) used a guided_missile 9-1-2020, 11:39:25 AM
best(general) used a guided_missile 9-1-2020, 11:39:26 AM
best(general) used a guided_missile 9-1-2020, 11:39:26 AM
best(general) used a guided_missile 9-1-2020, 11:39:27 AM
best(general) used a guided_missile 9-1-2020, 11:39:30 AM
best(general) used a guided_missile 9-1-2020, 11:39:33 AM
best(general) used a guided_missile 9-1-2020, 11:39:34 AM
best(general) used a guided_missile 9-1-2020, 11:39:34 AM
best(general) used a guided_missile 9-1-2020, 11:39:35 AM
best(general) used a guided_missile 9-1-2020, 11:39:35 AM
best(general) used a guided_missile 9-1-2020, 11:39:35 AM
best(general) used a guided_missile 9-1-2020, 11:39:36 AM
best(general) used a guided_missile 9-1-2020, 11:39:37 AM
best(general) used a guided_missile 9-1-2020, 11:39:37 AM
best(general) used a guided_missile 9-1-2020, 11:39:37 AM
best(general) used a guided_missile 9-1-2020, 11:39:37 AM
best(general) used a guided_missile 9-1-2020, 11:39:37 AM
best(general) used a guided_missile 9-1-2020, 11:39:38 AM
best(general) used a guided_missile 9-1-2020, 11:39:38 AM
best(general) used a guided_missile 9-1-2020, 11:39:38 AM
best(general) used a guided_missile 9-1-2020, 11:39:38 AM
best(general) used a guided_missile 9-1-2020, 11:39:38 AM
best(general) used a guided_missile 9-1-2020, 11:39:39 AM
best(general) used a guided_missile 9-1-2020, 11:39:39 AM
best(general) used a guided_missile 9-1-2020, 11:39:40 AM
best(general) used a guided_missile 9-1-2020, 11:39:40 AM
best(general) used a guided_missile 9-1-2020, 11:39:40 AM
best(general) used a guided_missile 9-1-2020, 11:39:41 AM
best(general) used a guided_missile 9-1-2020, 11:39:41 AM
best(general) used a guided_missile 9-1-2020, 11:39:41 AM
best(general) used a guided_missile 9-1-2020, 11:39:42 AM
best(general) used a guided_missile 9-1-2020, 11:39:42 AM
best(general) used a guided_missile 9-1-2020, 11:39:53 AM
best(general) used a guided_missile 9-1-2020, 11:39:58 AM
best(general) used a tk_ultra_health_potion 9-1-2020, 11:40:12 AM
best(general) used a aircraft 9-1-2020, 11:40:21 AM
best(general) used a aircraft 9-1-2020, 11:40:22 AM
best(general) used a aircraft 9-1-2020, 11:40:22 AM
best(general) used a aircraft 9-1-2020, 11:40:23 AM
best(general) used a aircraft 9-1-2020, 11:40:23 AM
best(general) used a aircraft 9-1-2020, 11:40:23 AM
best(general) used a aircraft 9-1-2020, 11:40:40 AM
best(general) used a warp_box 9-1-2020, 12:31:52 PM
best(general) used a wood 9-1-2020, 12:32:06 PM
best(general) used a aircraft 9-1-2020, 12:32:52 PM
best(general) used a wood 9-1-2020, 12:39:48 PM
best(general) used a warp_box 9-1-2020, 12:39:58 PM
best(general) used a warp_box 9-1-2020, 12:40:12 PM
best(general) used a warp_box 9-1-2020, 12:40:13 PM
best(general) used a warp_box 9-1-2020, 12:40:54 PM
best(general) used a warp_box 9-1-2020, 12:40:56 PM
best(general) used a warp_box 9-1-2020, 12:41:08 PM
best(general) used a warp_box 9-1-2020, 12:42:04 PM
best(general) used a wood 9-1-2020, 12:42:39 PM
best(general) used a hand_grenade 9-1-2020, 7:17:32 PM
best(general) used a hand_grenade 9-1-2020, 7:17:32 PM
best(general) used a tk_ultra_health_potion 9-1-2020, 7:17:46 PM
best(general) used a tk_ultra_health_potion 9-1-2020, 7:17:46 PM
best(general) used a cannon 9-1-2020, 7:17:53 PM
best(general) used a hand_cannon 9-1-2020, 7:18:00 PM
best(general) used a tk_ultra_health_potion 9-1-2020, 7:19:29 PM
best(general) used a tk_ultra_health_potion 9-1-2020, 7:19:29 PM
best(general) used a suicide_bomb 9-1-2020, 7:19:32 PM
best(general) used a shield 9-1-2020, 7:19:36 PM
best(general) used a shield 9-1-2020, 7:19:37 PM
best(general) used a shield 9-1-2020, 7:19:37 PM