
maxgamer (maxgamer) sent /inv 9-1-2020, 11:07:33 AM
maxgamer (maxgamer) sent /follow best 9-1-2020, 11:07:42 AM
maxgamer (maxgamer) sent /stopfollow 9-1-2020, 11:08:08 AM
maxgamer (maxgamer) sent /teams 9-1-2020, 11:08:29 AM
maxgamer (maxgamer) sent /follow  9-1-2020, 11:08:56 AM
maxgamer (maxgamer) sent /follow best 9-1-2020, 11:09:06 AM
maxgamer (maxgamer) sent /stopfollow 9-1-2020, 11:09:10 AM
maxgamer (maxgamer) sent /follow best 9-1-2020, 11:09:58 AM
maxgamer (maxgamer) sent /stopfollow 9-1-2020, 11:10:02 AM
maxgamer (maxgamer) sent /sethealth maxgamer 100000 9-1-2020, 11:10:23 AM
maxgamer (maxgamer) sent /plays death3 9-1-2020, 11:11:14 AM
maxgamer (maxgamer) sent /plays kick 9-1-2020, 11:11:20 AM
maxgamer (maxgamer) sent /plays ban 9-1-2020, 11:11:29 AM
maxgamer (maxgamer) sent /plays ban 9-1-2020, 11:11:30 AM
maxgamer (maxgamer) sent /plays ban 9-1-2020, 11:11:30 AM
maxgamer (maxgamer) sent /plays ban 9-1-2020, 11:11:30 AM
maxgamer (maxgamer) sent /plays ban 9-1-2020, 11:11:31 AM
maxgamer (maxgamer) sent /plays ban 9-1-2020, 11:11:31 AM
maxgamer (maxgamer) sent /plays ban 9-1-2020, 11:11:31 AM
maxgamer (maxgamer) sent /plam ban 9-1-2020, 11:11:44 AM
maxgamer (maxgamer) sent /sethealth maxgamer 1000000 9-1-2020, 11:12:33 AM
maxgamer (maxgamer) sent /gnstart 9-1-2020, 11:12:54 AM
maxgamer (maxgamer) sent /gnsubmit 30 9-1-2020, 11:12:59 AM
maxgamer (maxgamer) sent /gnstart 9-1-2020, 11:14:08 AM
maxgamer (maxgamer) sent /gnstart 9-1-2020, 11:14:10 AM
maxgamer (maxgamer) sent /gnstart 9-1-2020, 11:14:24 AM
maxgamer (maxgamer) sent /gnsubmit 48 9-1-2020, 11:14:35 AM
maxgamer (maxgamer) sent /follow Vlados 9-1-2020, 11:15:58 AM
maxgamer (maxgamer) sent /move Vlados 520 251 220 9-1-2020, 11:17:46 AM
maxgamer (maxgamer) sent /move Vlados main 250 251 200 9-1-2020, 11:18:41 AM
maxgamer (maxgamer) sent /move Vlados 250 251 200 main 9-1-2020, 11:18:49 AM
maxgamer (maxgamer) sent /givegift 9-1-2020, 11:19:41 AM
maxgamer (maxgamer) sent /givegift 9-1-2020, 11:19:42 AM
maxgamer (maxgamer) sent /givegift 9-1-2020, 11:19:43 AM
maxgamer (maxgamer) sent /givegift 9-1-2020, 11:19:44 AM
maxgamer (maxgamer) sent /givegift 9-1-2020, 11:19:45 AM
maxgamer (maxgamer) sent /givegift 9-1-2020, 11:19:45 AM
maxgamer (maxgamer) sent /givegift 9-1-2020, 11:19:46 AM
maxgamer (maxgamer) sent /givegift 9-1-2020, 11:19:47 AM
maxgamer (maxgamer) sent /givegift 9-1-2020, 11:19:47 AM
maxgamer (maxgamer) sent /stopfollow /givegift 9-1-2020, 11:23:10 AM
maxgamer (maxgamer) sent /follow  9-1-2020, 11:23:34 AM
maxgamer (maxgamer) sent /follow best2 9-1-2020, 11:23:41 AM
maxgamer (maxgamer) sent /stopfollow 9-1-2020, 11:23:56 AM
maxgamer (maxgamer) sent /follow vlados 9-1-2020, 11:24:08 AM
maxgamer (maxgamer) sent /follow Vlados 9-1-2020, 11:24:16 AM
maxgamer (maxgamer) sent /move Vlados 0 0 100 9-1-2020, 11:27:36 AM
maxgamer (maxgamer) sent /move Vlados 12 22 10 9-1-2020, 11:28:01 AM
maxgamer (maxgamer) sent /move Vlados 12 22 20 9-1-2020, 11:28:09 AM
maxgamer (maxgamer) sent /move vlados 12 22 20 9-1-2020, 11:28:14 AM
maxgamer (maxgamer) sent /move vlados 12 22 20 9-1-2020, 11:28:17 AM
maxgamer (maxgamer) sent /move Vlados 12 22 20 9-1-2020, 11:28:22 AM
maxgamer (maxgamer) sent /move vlados 12 22 15 9-1-2020, 11:28:31 AM
maxgamer (maxgamer) sent /move Vlados 12 22 15 9-1-2020, 11:28:40 AM
maxgamer (maxgamer) sent /move Vlados 12 22 50 9-1-2020, 11:28:54 AM
maxgamer (maxgamer) sent /move Vlados 12 22 100 9-1-2020, 11:29:19 AM
maxgamer (maxgamer) sent /move Vlados 12 22 100 9-1-2020, 11:31:07 AM
maxgamer (maxgamer) sent /iveme concussive_grenade 30000 9-1-2020, 11:34:35 AM
maxgamer (maxgamer) sent /give maxgamer concussive_grenade 100000 9-1-2020, 11:34:46 AM
maxgamer (maxgamer) sent /inv 9-1-2020, 11:34:52 AM
maxgamer (maxgamer) sent /stopfollow 9-1-2020, 11:34:59 AM
maxgamer (maxgamer) sent /moveplayer maxgamer Vlados 9-1-2020, 11:51:30 AM
maxgamer (maxgamer) sent /moveplayer maxgamer Vlados 9-1-2020, 11:52:38 AM
maxgamer (maxgamer) sent /move 0 0 0 9-1-2020, 11:53:08 AM