
bolgelo(bolgelo) used a coin 10-30-2020, 7:24:47 PM
bolgelo(bolgelo) used a coin 10-30-2020, 7:24:49 PM
bolgelo(bolgelo) used a coin 10-30-2020, 7:24:50 PM
bolgelo(bolgelo) used a coin 10-30-2020, 7:24:53 PM
bolgelo(bolgelo) used a coin 10-30-2020, 7:24:57 PM
bolgelo(bolgelo) used a coin 10-30-2020, 7:25:02 PM
bolgelo(bolgelo) used a coin 10-30-2020, 7:25:04 PM
bolgelo(bolgelo) used a coin 10-30-2020, 7:25:07 PM
bolgelo(bolgelo) used a coin 10-30-2020, 7:25:09 PM
bolgelo(bolgelo) used a coin 10-30-2020, 7:25:23 PM
bolgelo(bolgelo) used a rpg7 10-30-2020, 7:25:29 PM
bolgelo(bolgelo) used a throwing_star 10-30-2020, 7:25:37 PM
bolgelo(bolgelo) used a throwing_star 10-30-2020, 7:25:38 PM
bolgelo(bolgelo) used a hand_grenade 10-30-2020, 7:25:39 PM
bolgelo(bolgelo) used a shield 10-30-2020, 7:25:40 PM
bolgelo(bolgelo) used a shield 10-30-2020, 7:25:42 PM
bolgelo(bolgelo) used a health_drink 10-30-2020, 7:25:43 PM
bolgelo(bolgelo) used a health_drink 10-30-2020, 7:25:43 PM
bolgelo(bolgelo) used a health_drink 10-30-2020, 7:25:46 PM
bolgelo(bolgelo) used a health_drink 10-30-2020, 7:25:46 PM
bolgelo(bolgelo) used a health_drink 10-30-2020, 7:25:47 PM
bolgelo(bolgelo) used a health_drink 10-30-2020, 7:25:49 PM
bolgelo(bolgelo) used a health_drink 10-30-2020, 7:25:49 PM
bolgelo(bolgelo) used a rpg7 10-30-2020, 7:26:02 PM
bolgelo(bolgelo) used a zulfikar 10-30-2020, 7:26:12 PM
bolgelo(bolgelo) used a zulfikar 10-30-2020, 7:27:10 PM
bolgelo(bolgelo) used a zulfikar 10-30-2020, 7:29:13 PM
bolgelo(bolgelo) used a rpg7 10-30-2020, 7:29:40 PM
bolgelo(bolgelo) used a throwing_star 10-30-2020, 7:29:42 PM
bolgelo(bolgelo) used a throwing_star 10-30-2020, 7:29:42 PM
bolgelo(bolgelo) used a snowball 10-30-2020, 7:29:43 PM
bolgelo(bolgelo) used a missile_interceptor 10-30-2020, 7:29:44 PM
bolgelo(bolgelo) used a hand_grenade 10-30-2020, 7:29:44 PM
bolgelo(bolgelo) used a throwing_star 10-30-2020, 7:29:47 PM
bolgelo(bolgelo) used a snowball 10-30-2020, 7:29:47 PM
bolgelo(bolgelo) used a hand_grenade 10-30-2020, 7:29:48 PM
bolgelo(bolgelo) used a zulfikar 10-30-2020, 7:29:52 PM
bolgelo(bolgelo) used a warp_box 10-30-2020, 7:30:03 PM
bolgelo(bolgelo) used a warp_box 10-30-2020, 7:30:36 PM
bolgelo(bolgelo) used a zulfikar 10-30-2020, 7:30:41 PM
bolgelo(bolgelo) used a zulfikar 10-30-2020, 7:30:41 PM
bolgelo(bolgelo) used a aircraft 10-30-2020, 7:31:12 PM
bolgelo(bolgelo) used a zulfikar 10-30-2020, 7:32:00 PM
bolgelo(bolgelo) used a rpg7 10-30-2020, 7:32:17 PM
bolgelo(bolgelo) used a rpg7 10-30-2020, 7:32:20 PM
bolgelo(bolgelo) used a warp_box 10-30-2020, 7:32:33 PM
bolgelo(bolgelo) used a throwing_star 10-30-2020, 7:32:43 PM
bolgelo(bolgelo) used a hand_grenade 10-30-2020, 7:32:43 PM
bolgelo(bolgelo) used a snowball 10-30-2020, 7:32:43 PM
bolgelo(bolgelo) used a warp_box 10-30-2020, 7:32:52 PM
bolgelo(bolgelo) used a zulfikar 10-30-2020, 7:33:20 PM
bolgelo(bolgelo) used a modern_sub_machine_gun_carbine 10-30-2020, 7:33:27 PM
bolgelo(bolgelo) used a guided_missile 10-30-2020, 7:33:37 PM
bolgelo(bolgelo) used a missile_interceptor 10-30-2020, 7:33:41 PM
bolgelo(bolgelo) used a guided_missile 10-30-2020, 7:33:46 PM
bolgelo(bolgelo) used a concussive_grenade 10-30-2020, 7:34:00 PM
bolgelo(bolgelo) used a concussive_grenade 10-30-2020, 7:34:30 PM