
Igrok (Igrok) sent /bid 2-18-2021, 10:04:41 AM
Igrok (Igrok) sent /suicide 2-18-2021, 10:07:02 AM
Igrok (Igrok) sent /suicide 2-18-2021, 10:07:22 AM
Igrok (Igrok) sent /bid 5 2-18-2021, 3:45:13 PM
Igrok (Igrok) sent /bid 8 2-18-2021, 3:45:17 PM
Igrok (Igrok) sent /bid 7 2-18-2021, 3:45:24 PM
Igrok (Igrok) sent /bid 100000 2-18-2021, 3:45:35 PM
Igrok (Igrok) sent /suicide 2-18-2021, 3:47:47 PM
Igrok (Igrok) sent /bid 1 2-18-2021, 3:49:31 PM
Igrok (Igrok) sent /bid 200000 2-18-2021, 3:49:45 PM
Igrok (Igrok) sent /bid 600000 2-18-2021, 3:50:06 PM
Igrok (Igrok) sent /bid 2000000 2-18-2021, 3:50:42 PM
Igrok (Igrok) sent /bid 2000000 2-18-2021, 3:50:56 PM
Igrok (Igrok) sent /bid 2000000 2-18-2021, 3:51:12 PM
Igrok (Igrok) sent /suicide 2-18-2021, 3:51:48 PM
Igrok (Igrok) sent /suicide 2-18-2021, 3:51:57 PM
Igrok (Igrok) sent /suicide 2-18-2021, 3:52:00 PM
Igrok (Igrok) sent /suicide 2-18-2021, 3:52:01 PM
Igrok (Igrok) sent /suicide 2-18-2021, 3:52:03 PM
Igrok (Igrok) sent /suicide 2-18-2021, 3:52:04 PM
Igrok (Igrok) sent /suicide 2-18-2021, 3:52:05 PM
Igrok (Igrok) sent /suicide 2-18-2021, 3:52:15 PM
Igrok (Igrok) sent /bid 2-18-2021, 3:52:48 PM
Igrok (Igrok) sent /bid 4 2-18-2021, 6:05:37 PM
Igrok (Igrok) sent /bid 30 2-18-2021, 6:06:11 PM
Igrok (Igrok) sent /bid 20 2-18-2021, 6:06:27 PM
Igrok (Igrok) sent /bid 1 2-18-2021, 6:13:59 PM
Igrok (Igrok) sent /bid 2 2-18-2021, 6:14:04 PM
Igrok (Igrok) sent /bid 3 2-18-2021, 6:14:10 PM
Igrok (Igrok) sent /bid 2-18-2021, 6:14:35 PM