
jacks(jacks) used a open_beer_bottle 2-18-2021, 12:57:33 AM
jacks(jacks) used a open_beer_bottle 2-18-2021, 12:57:34 AM
jacks(jacks) used a open_beer_bottle 2-18-2021, 12:57:34 AM
jacks(jacks) used a open_beer_bottle 2-18-2021, 12:57:34 AM
jacks(jacks) used a open_beer_bottle 2-18-2021, 12:57:35 AM
jacks(jacks) used a open_beer_bottle 2-18-2021, 12:57:35 AM
jacks(jacks) used a open_beer_bottle 2-18-2021, 12:57:36 AM
jacks(jacks) used a open_beer_bottle 2-18-2021, 12:57:37 AM
jacks(jacks) used a open_beer_bottle 2-18-2021, 12:57:38 AM
jacks(jacks) used a open_beer_bottle 2-18-2021, 12:57:38 AM
jacks(jacks) used a open_beer_bottle 2-18-2021, 12:57:39 AM
jacks(jacks) used a open_beer_bottle 2-18-2021, 12:57:40 AM
jacks(jacks) used a open_beer_bottle 2-18-2021, 12:57:40 AM
jacks(jacks) used a open_beer_bottle 2-18-2021, 12:57:41 AM
jacks(jacks) used a pack_of_100_empty_beer_bottle 2-18-2021, 12:59:13 AM
jacks(jacks) used a empty_beer_bottle 2-18-2021, 12:59:18 AM
jacks(jacks) used a empty_beer_bottle 2-18-2021, 12:59:19 AM
jacks(jacks) used a empty_beer_bottle 2-18-2021, 12:59:21 AM
jacks(jacks) used a pack_of_100_empty_beer_bottle 2-18-2021, 12:59:30 AM
jacks(jacks) used a empty_beer_bottle 2-18-2021, 12:59:37 AM
jacks(jacks) used a empty_beer_bottle 2-18-2021, 12:59:38 AM
jacks(jacks) used a empty_beer_bottle 2-18-2021, 12:59:38 AM
jacks(jacks) used a empty_beer_bottle 2-18-2021, 12:59:38 AM
jacks(jacks) used a empty_beer_bottle 2-18-2021, 12:59:39 AM
jacks(jacks) used a empty_beer_bottle 2-18-2021, 12:59:39 AM
jacks(jacks) used a coin 2-18-2021, 12:59:49 AM
jacks(jacks) used a coin 2-18-2021, 1:00:23 AM
jacks(jacks) used a chocolate 2-18-2021, 1:00:46 AM
jacks(jacks) used a pack_of_15_shield 2-18-2021, 1:01:00 AM
jacks(jacks) used a ags30 2-18-2021, 1:01:30 AM
jacks(jacks) used a empty_beer_bottle 2-18-2021, 1:01:50 AM
jacks(jacks) used a empty_beer_bottle 2-18-2021, 1:01:50 AM
jacks(jacks) used a empty_beer_bottle 2-18-2021, 1:01:50 AM
jacks(jacks) used a empty_beer_bottle 2-18-2021, 1:01:50 AM
jacks(jacks) used a empty_beer_bottle 2-18-2021, 1:01:51 AM
jacks(jacks) used a empty_beer_bottle 2-18-2021, 1:02:00 AM
jacks(jacks) used a empty_beer_bottle 2-18-2021, 1:02:08 AM
jacks(jacks) used a empty_beer_bottle 2-18-2021, 1:02:09 AM
jacks(jacks) used a empty_beer_bottle 2-18-2021, 1:02:09 AM
jacks(jacks) used a empty_beer_bottle 2-18-2021, 1:02:09 AM
jacks(jacks) used a tk_ultra_health_potion 2-18-2021, 1:02:23 AM
jacks(jacks) used a tk_ultra_health_potion 2-18-2021, 1:02:23 AM
jacks(jacks) used a hand_cannon 2-18-2021, 1:02:38 AM
jacks(jacks) used a empty_beer_bottle 2-18-2021, 1:03:14 AM
jacks(jacks) used a empty_beer_bottle 2-18-2021, 1:03:17 AM
jacks(jacks) used a empty_beer_bottle 2-18-2021, 1:03:17 AM
jacks(jacks) used a empty_beer_bottle 2-18-2021, 1:03:18 AM
jacks(jacks) used a empty_beer_bottle 2-18-2021, 1:03:18 AM
jacks(jacks) used a empty_beer_bottle 2-18-2021, 1:03:18 AM
jacks(jacks) used a empty_beer_bottle 2-18-2021, 1:03:19 AM
jacks(jacks) used a empty_beer_bottle 2-18-2021, 1:03:19 AM
jacks(jacks) used a empty_beer_bottle 2-18-2021, 1:03:20 AM
jacks(jacks) used a empty_beer_bottle 2-18-2021, 1:03:21 AM
jacks(jacks) used a empty_beer_bottle 2-18-2021, 1:03:26 AM
jacks(jacks) used a empty_beer_bottle 2-18-2021, 1:03:27 AM
jacks(jacks) used a empty_beer_bottle 2-18-2021, 1:03:30 AM
jacks(jacks) used a empty_beer_bottle 2-18-2021, 1:03:32 AM
jacks(jacks) used a empty_beer_bottle 2-18-2021, 1:03:32 AM
jacks(jacks) used a empty_beer_bottle 2-18-2021, 1:03:45 AM
jacks(jacks) used a empty_beer_bottle 2-18-2021, 1:03:54 AM
jacks(jacks) used a empty_beer_bottle 2-18-2021, 1:04:02 AM
jacks(jacks) used a empty_beer_bottle 2-18-2021, 1:04:04 AM
jacks(jacks) used a empty_beer_bottle 2-18-2021, 1:04:04 AM
jacks(jacks) used a empty_beer_bottle 2-18-2021, 1:04:04 AM
jacks(jacks) used a empty_beer_bottle 2-18-2021, 1:04:05 AM
jacks(jacks) used a empty_beer_bottle 2-18-2021, 1:04:05 AM
jacks(jacks) used a empty_beer_bottle 2-18-2021, 1:04:06 AM
jacks(jacks) used a empty_beer_bottle 2-18-2021, 1:04:06 AM
jacks(jacks) used a empty_beer_bottle 2-18-2021, 1:04:06 AM
jacks(jacks) used a empty_beer_bottle 2-18-2021, 1:04:07 AM
jacks(jacks) used a empty_beer_bottle 2-18-2021, 1:04:07 AM
jacks(jacks) used a empty_beer_bottle 2-18-2021, 1:04:08 AM
jacks(jacks) used a empty_beer_bottle 2-18-2021, 1:04:09 AM
jacks(jacks) used a empty_beer_bottle 2-18-2021, 1:04:18 AM
jacks(jacks) used a empty_beer_bottle 2-18-2021, 1:04:19 AM
jacks(jacks) used a empty_beer_bottle 2-18-2021, 1:04:19 AM
jacks(jacks) used a empty_beer_bottle 2-18-2021, 1:04:24 AM
jacks(jacks) used a empty_beer_bottle 2-18-2021, 1:04:35 AM
jacks(jacks) used a empty_beer_bottle 2-18-2021, 1:04:38 AM
jacks(jacks) used a empty_beer_bottle 2-18-2021, 1:04:45 AM
jacks(jacks) used a empty_beer_bottle 2-18-2021, 1:05:16 AM
jacks(jacks) used a empty_beer_bottle 2-18-2021, 1:05:39 AM
jacks(jacks) used a tk_ultra_health_potion 2-18-2021, 1:06:02 AM
jacks(jacks) used a pack_of_4_ammo_hand_cannon 2-18-2021, 1:06:24 AM
jacks(jacks) used a pack_of_4_ammo_hand_cannon 2-18-2021, 1:06:24 AM
jacks(jacks) used a pack_of_4_ammo_hand_cannon 2-18-2021, 1:06:25 AM
jacks(jacks) used a pack_of_4_ammo_hand_cannon 2-18-2021, 1:06:25 AM
jacks(jacks) used a pack_of_4_ammo_hand_cannon 2-18-2021, 1:06:25 AM
jacks(jacks) used a pack_of_4_ammo_hand_cannon 2-18-2021, 1:06:25 AM
jacks(jacks) used a pack_of_4_ammo_hand_cannon 2-18-2021, 1:06:25 AM
jacks(jacks) used a pack_of_4_ammo_hand_cannon 2-18-2021, 1:06:25 AM
jacks(jacks) used a pack_of_4_ammo_hand_cannon 2-18-2021, 1:06:26 AM
jacks(jacks) used a pack_of_4_ammo_hand_cannon 2-18-2021, 1:06:26 AM
jacks(jacks) used a pack_of_4_ammo_hand_cannon 2-18-2021, 1:06:26 AM
jacks(jacks) used a pack_of_4_ammo_hand_cannon 2-18-2021, 1:06:26 AM
jacks(jacks) used a pack_of_4_ammo_hand_cannon 2-18-2021, 1:06:26 AM
jacks(jacks) used a pack_of_4_ammo_hand_cannon 2-18-2021, 1:06:29 AM
jacks(jacks) used a pack_of_4_ammo_hand_cannon 2-18-2021, 1:06:30 AM
jacks(jacks) used a pack_of_4_ammo_hand_cannon 2-18-2021, 1:06:30 AM
jacks(jacks) used a pack_of_4_ammo_hand_cannon 2-18-2021, 1:06:30 AM
jacks(jacks) used a pack_of_4_ammo_hand_cannon 2-18-2021, 1:06:30 AM
jacks(jacks) used a pack_of_4_ammo_hand_cannon 2-18-2021, 1:06:30 AM
jacks(jacks) used a pack_of_4_ammo_hand_cannon 2-18-2021, 1:06:30 AM
jacks(jacks) used a pack_of_4_ammo_hand_cannon 2-18-2021, 1:06:31 AM
jacks(jacks) used a pack_of_4_ammo_hand_cannon 2-18-2021, 1:06:31 AM
jacks(jacks) used a pack_of_4_ammo_hand_cannon 2-18-2021, 1:06:31 AM
jacks(jacks) used a pack_of_4_ammo_hand_cannon 2-18-2021, 1:06:31 AM
jacks(jacks) used a pack_of_4_ammo_hand_cannon 2-18-2021, 1:06:31 AM
jacks(jacks) used a pack_of_4_ammo_hand_cannon 2-18-2021, 1:06:31 AM
jacks(jacks) used a pack_of_4_ammo_hand_cannon 2-18-2021, 1:06:32 AM
jacks(jacks) used a pack_of_4_ammo_hand_cannon 2-18-2021, 1:06:32 AM
jacks(jacks) used a pack_of_4_ammo_hand_cannon 2-18-2021, 1:06:32 AM
jacks(jacks) used a pack_of_4_ammo_hand_cannon 2-18-2021, 1:06:35 AM
jacks(jacks) used a pack_of_4_ammo_hand_cannon 2-18-2021, 1:06:36 AM
jacks(jacks) used a pack_of_4_ammo_hand_cannon 2-18-2021, 1:06:36 AM
jacks(jacks) used a pack_of_4_ammo_hand_cannon 2-18-2021, 1:06:36 AM
jacks(jacks) used a pack_of_4_ammo_hand_cannon 2-18-2021, 1:06:36 AM
jacks(jacks) used a pack_of_4_ammo_hand_cannon 2-18-2021, 1:06:36 AM
jacks(jacks) used a pack_of_4_ammo_hand_cannon 2-18-2021, 1:06:37 AM
jacks(jacks) used a pack_of_4_ammo_hand_cannon 2-18-2021, 1:06:37 AM
jacks(jacks) used a pack_of_4_ammo_hand_cannon 2-18-2021, 1:06:37 AM
jacks(jacks) used a pack_of_4_ammo_hand_cannon 2-18-2021, 1:06:37 AM
jacks(jacks) used a empty_beer_bottle 2-18-2021, 1:06:49 AM
jacks(jacks) used a empty_beer_bottle 2-18-2021, 1:06:50 AM
jacks(jacks) used a empty_beer_bottle 2-18-2021, 1:06:50 AM
jacks(jacks) used a empty_beer_bottle 2-18-2021, 1:06:55 AM
jacks(jacks) used a empty_beer_bottle 2-18-2021, 1:07:25 AM
jacks(jacks) used a empty_beer_bottle 2-18-2021, 1:07:29 AM
jacks(jacks) used a empty_beer_bottle 2-18-2021, 1:07:29 AM
jacks(jacks) used a empty_beer_bottle 2-18-2021, 1:07:30 AM
jacks(jacks) used a empty_beer_bottle 2-18-2021, 1:07:30 AM
jacks(jacks) used a empty_beer_bottle 2-18-2021, 1:08:31 AM
jacks(jacks) used a empty_beer_bottle 2-18-2021, 1:08:31 AM
jacks(jacks) used a empty_beer_bottle 2-18-2021, 1:09:06 AM
jacks(jacks) used a empty_beer_bottle 2-18-2021, 1:09:08 AM
jacks(jacks) used a empty_beer_bottle 2-18-2021, 1:09:08 AM
jacks(jacks) used a empty_beer_bottle 2-18-2021, 1:09:12 AM
jacks(jacks) used a empty_beer_bottle 2-18-2021, 1:09:12 AM
jacks(jacks) used a empty_beer_bottle 2-18-2021, 1:09:17 AM
jacks(jacks) used a empty_beer_bottle 2-18-2021, 1:09:17 AM
jacks(jacks) used a empty_beer_bottle 2-18-2021, 1:09:21 AM
jacks(jacks) used a empty_beer_bottle 2-18-2021, 1:09:21 AM
jacks(jacks) used a empty_beer_bottle 2-18-2021, 1:09:22 AM
jacks(jacks) used a empty_beer_bottle 2-18-2021, 1:09:22 AM
jacks(jacks) used a empty_beer_bottle 2-18-2021, 1:09:22 AM
jacks(jacks) used a empty_beer_bottle 2-18-2021, 1:09:22 AM
jacks(jacks) used a empty_beer_bottle 2-18-2021, 1:09:23 AM
jacks(jacks) used a empty_beer_bottle 2-18-2021, 1:09:23 AM
jacks(jacks) used a empty_beer_bottle 2-18-2021, 1:09:31 AM
jacks(jacks) used a empty_beer_bottle 2-18-2021, 1:09:32 AM
jacks(jacks) used a empty_beer_bottle 2-18-2021, 1:09:46 AM
jacks(jacks) used a empty_beer_bottle 2-18-2021, 1:09:46 AM
jacks(jacks) used a empty_beer_bottle 2-18-2021, 1:09:47 AM
jacks(jacks) used a empty_beer_bottle 2-18-2021, 1:09:51 AM
jacks(jacks) used a empty_beer_bottle 2-18-2021, 1:10:02 AM
jacks(jacks) used a empty_beer_bottle 2-18-2021, 1:10:02 AM
jacks(jacks) used a empty_beer_bottle 2-18-2021, 1:10:03 AM
jacks(jacks) used a empty_beer_bottle 2-18-2021, 1:10:05 AM
jacks(jacks) used a tk_ultra_health_potion 2-18-2021, 1:10:10 AM
jacks(jacks) used a tk_ultra_health_potion 2-18-2021, 1:10:32 AM
jacks(jacks) used a tk_ultra_health_potion 2-18-2021, 1:10:46 AM
jacks(jacks) used a empty_beer_bottle 2-18-2021, 1:10:49 AM
jacks(jacks) used a empty_beer_bottle 2-18-2021, 1:10:50 AM
jacks(jacks) used a empty_beer_bottle 2-18-2021, 1:11:04 AM
jacks(jacks) used a empty_beer_bottle 2-18-2021, 1:11:11 AM
jacks(jacks) used a empty_beer_bottle 2-18-2021, 1:11:13 AM
jacks(jacks) used a empty_beer_bottle 2-18-2021, 1:11:14 AM
jacks(jacks) used a empty_beer_bottle 2-18-2021, 1:11:15 AM
jacks(jacks) used a empty_beer_bottle 2-18-2021, 1:11:30 AM
jacks(jacks) used a empty_beer_bottle 2-18-2021, 1:11:32 AM
jacks(jacks) used a empty_beer_bottle 2-18-2021, 1:11:33 AM
jacks(jacks) used a empty_beer_bottle 2-18-2021, 1:12:44 AM
jacks(jacks) used a empty_beer_bottle 2-18-2021, 1:12:51 AM
jacks(jacks) used a empty_beer_bottle 2-18-2021, 1:12:55 AM
jacks(jacks) used a empty_beer_bottle 2-18-2021, 1:13:01 AM
jacks(jacks) used a empty_beer_bottle 2-18-2021, 1:13:04 AM
jacks(jacks) used a empty_beer_bottle 2-18-2021, 1:13:43 AM
jacks(jacks) used a empty_beer_bottle 2-18-2021, 1:13:43 AM
jacks(jacks) used a empty_beer_bottle 2-18-2021, 1:13:44 AM
jacks(jacks) used a empty_beer_bottle 2-18-2021, 1:13:44 AM
jacks(jacks) used a empty_beer_bottle 2-18-2021, 1:13:45 AM
jacks(jacks) used a empty_beer_bottle 2-18-2021, 1:13:45 AM
jacks(jacks) used a empty_beer_bottle 2-18-2021, 1:13:46 AM
jacks(jacks) used a empty_beer_bottle 2-18-2021, 1:13:47 AM
jacks(jacks) used a empty_beer_bottle 2-18-2021, 1:13:47 AM
jacks(jacks) used a empty_beer_bottle 2-18-2021, 1:13:48 AM
jacks(jacks) used a empty_beer_bottle 2-18-2021, 1:13:48 AM
jacks(jacks) used a empty_beer_bottle 2-18-2021, 1:13:49 AM
jacks(jacks) used a empty_beer_bottle 2-18-2021, 1:13:50 AM
jacks(jacks) used a empty_beer_bottle 2-18-2021, 1:13:50 AM
jacks(jacks) used a empty_beer_bottle 2-18-2021, 1:13:51 AM
jacks(jacks) used a empty_beer_bottle 2-18-2021, 1:13:52 AM
jacks(jacks) used a empty_beer_bottle 2-18-2021, 1:13:52 AM
jacks(jacks) used a empty_beer_bottle 2-18-2021, 1:13:53 AM
jacks(jacks) used a empty_beer_bottle 2-18-2021, 1:13:54 AM
jacks(jacks) used a empty_beer_bottle 2-18-2021, 1:14:01 AM
jacks(jacks) used a empty_beer_bottle 2-18-2021, 1:14:10 AM
jacks(jacks) used a empty_beer_bottle 2-18-2021, 1:14:20 AM
jacks(jacks) used a empty_beer_bottle 2-18-2021, 1:14:23 AM
jacks(jacks) used a empty_beer_bottle 2-18-2021, 1:14:24 AM
jacks(jacks) used a chocolate 2-18-2021, 1:14:53 AM
jacks(jacks) used a tk_ultra_health_potion 2-18-2021, 3:21:03 AM
jacks(jacks) used a tk_ultra_health_potion 2-18-2021, 3:21:03 AM
jacks(jacks) used a tk_ultra_health_potion 2-18-2021, 3:21:03 AM
jacks(jacks) used a tk_ultra_health_potion 2-18-2021, 3:21:04 AM
jacks(jacks) used a shield 2-18-2021, 3:21:30 AM
jacks(jacks) used a shield 2-18-2021, 3:21:30 AM
jacks(jacks) used a shield 2-18-2021, 3:21:31 AM
jacks(jacks) used a shield 2-18-2021, 3:21:31 AM
jacks(jacks) used a shield 2-18-2021, 3:21:32 AM
jacks(jacks) used a shield 2-18-2021, 3:21:32 AM
jacks(jacks) used a shield 2-18-2021, 3:21:32 AM
jacks(jacks) used a shield 2-18-2021, 3:21:32 AM
jacks(jacks) used a shield 2-18-2021, 3:21:33 AM
jacks(jacks) used a shield 2-18-2021, 3:21:34 AM
jacks(jacks) used a shield 2-18-2021, 3:21:34 AM
jacks(jacks) used a shield 2-18-2021, 3:21:34 AM
jacks(jacks) used a shield 2-18-2021, 3:21:34 AM
jacks(jacks) used a shield 2-18-2021, 3:21:35 AM
jacks(jacks) used a shield 2-18-2021, 3:21:35 AM
jacks(jacks) used a shield 2-18-2021, 3:21:36 AM
jacks(jacks) used a shield 2-18-2021, 3:21:36 AM
jacks(jacks) used a shield 2-18-2021, 3:21:36 AM
jacks(jacks) used a shield 2-18-2021, 3:21:37 AM
jacks(jacks) used a shield 2-18-2021, 3:21:37 AM
jacks(jacks) used a shield 2-18-2021, 3:21:37 AM
jacks(jacks) used a shield 2-18-2021, 3:21:38 AM
jacks(jacks) used a shield 2-18-2021, 3:21:39 AM
jacks(jacks) used a shield 2-18-2021, 3:21:39 AM
jacks(jacks) used a shield 2-18-2021, 3:21:39 AM
jacks(jacks) used a shield 2-18-2021, 3:21:39 AM
jacks(jacks) used a shield 2-18-2021, 3:21:40 AM
jacks(jacks) used a shield 2-18-2021, 3:21:40 AM
jacks(jacks) used a shield 2-18-2021, 3:21:41 AM
jacks(jacks) used a hand_cannon 2-18-2021, 3:21:45 AM
jacks(jacks) used a cannon 2-18-2021, 3:23:32 AM
jacks(jacks) used a hand_grenade 2-18-2021, 3:24:02 AM
jacks(jacks) used a hand_grenade 2-18-2021, 3:24:02 AM
jacks(jacks) used a hand_grenade 2-18-2021, 3:24:03 AM
jacks(jacks) used a hand_grenade 2-18-2021, 3:24:03 AM
jacks(jacks) used a hand_grenade 2-18-2021, 3:24:03 AM
jacks(jacks) used a hand_grenade 2-18-2021, 3:24:07 AM
jacks(jacks) used a hand_grenade 2-18-2021, 3:24:08 AM
jacks(jacks) used a hand_grenade 2-18-2021, 3:24:08 AM
jacks(jacks) used a hand_grenade 2-18-2021, 3:24:09 AM
jacks(jacks) used a hand_grenade 2-18-2021, 3:24:09 AM
jacks(jacks) used a hand_grenade 2-18-2021, 3:24:09 AM
jacks(jacks) used a hand_grenade 2-18-2021, 3:24:10 AM
jacks(jacks) used a hand_grenade 2-18-2021, 3:24:10 AM
jacks(jacks) used a hand_grenade 2-18-2021, 3:24:10 AM
jacks(jacks) used a hand_grenade 2-18-2021, 3:24:11 AM
jacks(jacks) used a hand_grenade 2-18-2021, 3:24:11 AM
jacks(jacks) used a hand_grenade 2-18-2021, 3:24:11 AM
jacks(jacks) used a hand_grenade 2-18-2021, 3:24:13 AM
jacks(jacks) used a hand_grenade 2-18-2021, 3:24:13 AM
jacks(jacks) used a hand_grenade 2-18-2021, 3:24:14 AM
jacks(jacks) used a hand_grenade 2-18-2021, 3:24:14 AM
jacks(jacks) used a hand_grenade 2-18-2021, 3:24:15 AM
jacks(jacks) used a hand_grenade 2-18-2021, 3:24:15 AM
jacks(jacks) used a hand_grenade 2-18-2021, 3:24:15 AM
jacks(jacks) used a hand_grenade 2-18-2021, 3:24:16 AM
jacks(jacks) used a hand_grenade 2-18-2021, 3:24:16 AM
jacks(jacks) used a hand_grenade 2-18-2021, 3:24:17 AM
jacks(jacks) used a hand_grenade 2-18-2021, 3:24:17 AM
jacks(jacks) used a hand_grenade 2-18-2021, 3:24:18 AM
jacks(jacks) used a hand_grenade 2-18-2021, 3:24:18 AM
jacks(jacks) used a hand_grenade 2-18-2021, 3:24:18 AM
jacks(jacks) used a hand_grenade 2-18-2021, 3:24:19 AM
jacks(jacks) used a hand_grenade 2-18-2021, 3:24:19 AM
jacks(jacks) used a hand_grenade 2-18-2021, 3:24:20 AM
jacks(jacks) used a hand_grenade 2-18-2021, 3:24:20 AM
jacks(jacks) used a hand_grenade 2-18-2021, 3:24:20 AM
jacks(jacks) used a hand_grenade 2-18-2021, 3:24:21 AM
jacks(jacks) used a hand_grenade 2-18-2021, 3:24:21 AM
jacks(jacks) used a hand_cannon 2-18-2021, 3:24:31 AM
jacks(jacks) used a hand_cannon 2-18-2021, 3:24:32 AM
jacks(jacks) used a tk_ultra_health_potion 2-18-2021, 3:28:38 AM
jacks(jacks) used a tk_ultra_health_potion 2-18-2021, 3:28:38 AM
jacks(jacks) used a cannon 2-18-2021, 3:30:58 AM
jacks(jacks) used a cannon 2-18-2021, 3:30:59 AM
jacks(jacks) used a tk_ultra_health_potion 2-18-2021, 3:31:32 AM
jacks(jacks) used a tk_ultra_health_potion 2-18-2021, 3:31:32 AM
jacks(jacks) used a tk_ultra_health_potion 2-18-2021, 3:31:56 AM
jacks(jacks) used a hand_cannon 2-18-2021, 3:40:18 AM
jacks(jacks) used a aircraft 2-18-2021, 3:45:04 AM
jacks(jacks) used a mass_bomb 2-18-2021, 3:46:35 AM
jacks(jacks) used a mass_bomb 2-18-2021, 3:46:36 AM
jacks(jacks) used a mass_bomb 2-18-2021, 3:46:36 AM
jacks(jacks) used a mass_bomb 2-18-2021, 3:46:36 AM
jacks(jacks) used a mass_bomb 2-18-2021, 3:46:36 AM
jacks(jacks) used a mass_bomb 2-18-2021, 3:46:37 AM
jacks(jacks) used a mass_bomb 2-18-2021, 3:46:37 AM
jacks(jacks) used a mass_bomb 2-18-2021, 3:46:37 AM
jacks(jacks) used a mass_bomb 2-18-2021, 3:46:37 AM
jacks(jacks) used a mass_bomb 2-18-2021, 3:46:39 AM
jacks(jacks) used a mass_bomb 2-18-2021, 3:46:40 AM
jacks(jacks) used a mass_bomb 2-18-2021, 3:46:40 AM
jacks(jacks) used a mass_bomb 2-18-2021, 3:46:40 AM
jacks(jacks) used a mass_bomb 2-18-2021, 3:46:41 AM
jacks(jacks) used a mass_bomb 2-18-2021, 3:46:41 AM
jacks(jacks) used a mass_bomb 2-18-2021, 3:46:42 AM
jacks(jacks) used a mass_bomb 2-18-2021, 3:46:42 AM
jacks(jacks) used a mass_bomb 2-18-2021, 3:46:43 AM
jacks(jacks) used a mass_bomb 2-18-2021, 3:46:43 AM
jacks(jacks) used a aircraft 2-18-2021, 3:50:42 AM
jacks(jacks) used a hand_cannon 2-18-2021, 3:54:41 AM
jacks(jacks) used a hand_cannon 2-18-2021, 3:54:41 AM
jacks(jacks) used a hand_cannon 2-18-2021, 3:54:41 AM
jacks(jacks) used a guided_missile 2-18-2021, 3:55:25 AM
jacks(jacks) used a carrier_missile 2-18-2021, 3:56:01 AM
jacks(jacks) used a carrier_missile 2-18-2021, 3:57:28 AM
jacks(jacks) used a carrier_missile 2-18-2021, 3:58:20 AM
jacks(jacks) used a aircraft 2-18-2021, 3:59:27 AM
jacks(jacks) used a throwing_star 2-18-2021, 4:00:37 AM
jacks(jacks) used a aircraft 2-18-2021, 4:03:06 AM
jacks(jacks) used a tk_ultra_health_potion 2-18-2021, 4:06:29 AM
jacks(jacks) used a tk_ultra_health_potion 2-18-2021, 4:06:29 AM
jacks(jacks) used a tk_ultra_health_potion 2-18-2021, 4:06:30 AM
jacks(jacks) used a tk_ultra_health_potion 2-18-2021, 4:11:32 AM
jacks(jacks) used a hand_cannon 2-18-2021, 4:11:38 AM
jacks(jacks) used a hand_cannon 2-18-2021, 4:11:38 AM
jacks(jacks) used a empty_beer_bottle 2-18-2021, 4:12:02 AM
jacks(jacks) used a empty_beer_bottle 2-18-2021, 4:12:14 AM
jacks(jacks) used a empty_beer_bottle 2-18-2021, 4:12:24 AM
jacks(jacks) used a tk_ultra_health_potion 2-18-2021, 4:13:24 AM
jacks(jacks) used a tk_ultra_health_potion 2-18-2021, 4:13:25 AM
jacks(jacks) used a shield 2-18-2021, 4:13:29 AM
jacks(jacks) used a shield 2-18-2021, 4:13:30 AM
jacks(jacks) used a shield 2-18-2021, 4:13:37 AM
jacks(jacks) used a shield 2-18-2021, 4:13:38 AM
jacks(jacks) used a shield 2-18-2021, 4:13:41 AM
jacks(jacks) used a shield 2-18-2021, 4:13:42 AM
jacks(jacks) used a shield 2-18-2021, 4:13:42 AM
jacks(jacks) used a shield 2-18-2021, 4:13:42 AM
jacks(jacks) used a shield 2-18-2021, 4:13:43 AM
jacks(jacks) used a shield 2-18-2021, 4:13:43 AM
jacks(jacks) used a shield 2-18-2021, 4:13:43 AM
jacks(jacks) used a shield 2-18-2021, 4:13:44 AM
jacks(jacks) used a shield 2-18-2021, 4:13:44 AM
jacks(jacks) used a shield 2-18-2021, 4:13:44 AM
jacks(jacks) used a shield 2-18-2021, 4:13:45 AM
jacks(jacks) used a shield 2-18-2021, 4:13:45 AM
jacks(jacks) used a shield 2-18-2021, 4:13:45 AM
jacks(jacks) used a shield 2-18-2021, 4:13:46 AM
jacks(jacks) used a shield 2-18-2021, 4:13:46 AM
jacks(jacks) used a shield 2-18-2021, 4:13:47 AM
jacks(jacks) used a shield 2-18-2021, 4:13:47 AM
jacks(jacks) used a shield 2-18-2021, 4:13:47 AM
jacks(jacks) used a shield 2-18-2021, 4:13:48 AM
jacks(jacks) used a shield 2-18-2021, 4:13:48 AM
jacks(jacks) used a tk_ultra_health_potion 2-18-2021, 4:13:53 AM
jacks(jacks) used a tk_ultra_health_potion 2-18-2021, 4:13:53 AM
jacks(jacks) used a tk_ultra_health_potion 2-18-2021, 4:14:01 AM
jacks(jacks) used a tk_ultra_health_potion 2-18-2021, 4:14:01 AM
jacks(jacks) used a empty_beer_bottle 2-18-2021, 4:14:43 AM
jacks(jacks) used a empty_beer_bottle 2-18-2021, 4:14:44 AM
jacks(jacks) used a empty_beer_bottle 2-18-2021, 4:14:44 AM
jacks(jacks) used a empty_beer_bottle 2-18-2021, 4:14:45 AM
jacks(jacks) used a empty_beer_bottle 2-18-2021, 4:14:45 AM
jacks(jacks) used a empty_beer_bottle 2-18-2021, 4:14:45 AM
jacks(jacks) used a empty_beer_bottle 2-18-2021, 4:15:24 AM
jacks(jacks) used a empty_beer_bottle 2-18-2021, 4:15:25 AM
jacks(jacks) used a empty_beer_bottle 2-18-2021, 4:15:25 AM
jacks(jacks) used a empty_beer_bottle 2-18-2021, 4:15:26 AM
jacks(jacks) used a empty_beer_bottle 2-18-2021, 4:15:26 AM
jacks(jacks) used a empty_beer_bottle 2-18-2021, 4:15:27 AM
jacks(jacks) used a empty_beer_bottle 2-18-2021, 4:15:44 AM
jacks(jacks) used a empty_beer_bottle 2-18-2021, 4:15:46 AM
jacks(jacks) used a empty_beer_bottle 2-18-2021, 4:15:48 AM
jacks(jacks) used a empty_beer_bottle 2-18-2021, 4:15:50 AM
jacks(jacks) used a empty_beer_bottle 2-18-2021, 4:15:53 AM
jacks(jacks) used a empty_beer_bottle 2-18-2021, 4:15:58 AM
jacks(jacks) used a empty_beer_bottle 2-18-2021, 4:15:59 AM
jacks(jacks) used a empty_beer_bottle 2-18-2021, 4:16:08 AM
jacks(jacks) used a empty_beer_bottle 2-18-2021, 4:16:10 AM
jacks(jacks) used a empty_beer_bottle 2-18-2021, 4:16:10 AM
jacks(jacks) used a empty_beer_bottle 2-18-2021, 4:16:10 AM
jacks(jacks) used a empty_beer_bottle 2-18-2021, 4:16:11 AM
jacks(jacks) used a empty_beer_bottle 2-18-2021, 4:16:11 AM
jacks(jacks) used a empty_beer_bottle 2-18-2021, 4:16:27 AM
jacks(jacks) used a empty_beer_bottle 2-18-2021, 4:16:36 AM
jacks(jacks) used a empty_beer_bottle 2-18-2021, 4:17:17 AM
jacks(jacks) used a empty_beer_bottle 2-18-2021, 4:17:44 AM
jacks(jacks) used a empty_beer_bottle 2-18-2021, 4:22:01 AM
jacks(jacks) used a empty_beer_bottle 2-18-2021, 4:22:01 AM
jacks(jacks) used a empty_beer_bottle 2-18-2021, 4:22:01 AM
jacks(jacks) used a empty_beer_bottle 2-18-2021, 4:22:02 AM
jacks(jacks) used a empty_beer_bottle 2-18-2021, 4:22:06 AM
jacks(jacks) used a empty_beer_bottle 2-18-2021, 4:22:42 AM
jacks(jacks) used a empty_beer_bottle 2-18-2021, 4:22:43 AM
jacks(jacks) used a empty_beer_bottle 2-18-2021, 4:22:43 AM
jacks(jacks) used a empty_beer_bottle 2-18-2021, 4:22:43 AM
jacks(jacks) used a empty_beer_bottle 2-18-2021, 4:22:43 AM
jacks(jacks) used a empty_beer_bottle 2-18-2021, 4:22:53 AM
jacks(jacks) used a empty_beer_bottle 2-18-2021, 4:22:53 AM
jacks(jacks) used a empty_beer_bottle 2-18-2021, 4:22:54 AM
jacks(jacks) used a empty_beer_bottle 2-18-2021, 4:22:54 AM
jacks(jacks) used a empty_beer_bottle 2-18-2021, 4:22:54 AM
jacks(jacks) used a empty_beer_bottle 2-18-2021, 4:22:55 AM
jacks(jacks) used a empty_beer_bottle 2-18-2021, 4:22:55 AM
jacks(jacks) used a empty_beer_bottle 2-18-2021, 4:22:56 AM
jacks(jacks) used a empty_beer_bottle 2-18-2021, 4:22:56 AM
jacks(jacks) used a empty_beer_bottle 2-18-2021, 4:22:57 AM
jacks(jacks) used a empty_beer_bottle 2-18-2021, 4:22:57 AM
jacks(jacks) used a empty_beer_bottle 2-18-2021, 4:22:58 AM
jacks(jacks) used a empty_beer_bottle 2-18-2021, 4:22:58 AM
jacks(jacks) used a empty_beer_bottle 2-18-2021, 4:22:59 AM
jacks(jacks) used a empty_beer_bottle 2-18-2021, 4:23:00 AM
jacks(jacks) used a empty_beer_bottle 2-18-2021, 4:23:00 AM
jacks(jacks) used a empty_beer_bottle 2-18-2021, 4:23:01 AM
jacks(jacks) used a empty_beer_bottle 2-18-2021, 4:23:01 AM
jacks(jacks) used a empty_beer_bottle 2-18-2021, 4:23:02 AM
jacks(jacks) used a empty_beer_bottle 2-18-2021, 4:23:03 AM
jacks(jacks) used a empty_beer_bottle 2-18-2021, 4:23:03 AM
jacks(jacks) used a empty_beer_bottle 2-18-2021, 4:23:04 AM
jacks(jacks) used a empty_beer_bottle 2-18-2021, 4:23:04 AM
jacks(jacks) used a empty_beer_bottle 2-18-2021, 4:23:05 AM
jacks(jacks) used a empty_beer_bottle 2-18-2021, 4:23:06 AM
jacks(jacks) used a empty_beer_bottle 2-18-2021, 4:23:06 AM
jacks(jacks) used a empty_beer_bottle 2-18-2021, 4:23:07 AM
jacks(jacks) used a empty_beer_bottle 2-18-2021, 4:23:29 AM
jacks(jacks) used a empty_beer_bottle 2-18-2021, 4:23:29 AM
jacks(jacks) used a empty_beer_bottle 2-18-2021, 4:23:29 AM
jacks(jacks) used a empty_beer_bottle 2-18-2021, 4:23:30 AM
jacks(jacks) used a empty_beer_bottle 2-18-2021, 4:23:30 AM
jacks(jacks) used a empty_beer_bottle 2-18-2021, 4:23:31 AM
jacks(jacks) used a empty_beer_bottle 2-18-2021, 4:23:31 AM
jacks(jacks) used a empty_beer_bottle 2-18-2021, 4:23:32 AM
jacks(jacks) used a empty_beer_bottle 2-18-2021, 4:23:32 AM
jacks(jacks) used a empty_beer_bottle 2-18-2021, 4:23:33 AM
jacks(jacks) used a empty_beer_bottle 2-18-2021, 4:23:33 AM
jacks(jacks) used a empty_beer_bottle 2-18-2021, 4:23:34 AM
jacks(jacks) used a empty_beer_bottle 2-18-2021, 4:23:34 AM
jacks(jacks) used a empty_beer_bottle 2-18-2021, 4:23:35 AM
jacks(jacks) used a empty_beer_bottle 2-18-2021, 4:23:35 AM
jacks(jacks) used a empty_beer_bottle 2-18-2021, 4:23:36 AM
jacks(jacks) used a empty_beer_bottle 2-18-2021, 4:23:37 AM
jacks(jacks) used a empty_beer_bottle 2-18-2021, 4:23:37 AM
jacks(jacks) used a empty_beer_bottle 2-18-2021, 4:23:38 AM
jacks(jacks) used a empty_beer_bottle 2-18-2021, 4:23:38 AM
jacks(jacks) used a empty_beer_bottle 2-18-2021, 4:23:39 AM
jacks(jacks) used a empty_beer_bottle 2-18-2021, 4:23:39 AM
jacks(jacks) used a empty_beer_bottle 2-18-2021, 4:23:40 AM
jacks(jacks) used a empty_beer_bottle 2-18-2021, 4:23:40 AM
jacks(jacks) used a empty_beer_bottle 2-18-2021, 4:24:05 AM
jacks(jacks) used a empty_beer_bottle 2-18-2021, 4:24:06 AM
jacks(jacks) used a empty_beer_bottle 2-18-2021, 4:24:07 AM
jacks(jacks) used a empty_beer_bottle 2-18-2021, 4:24:07 AM
jacks(jacks) used a empty_beer_bottle 2-18-2021, 4:24:07 AM
jacks(jacks) used a empty_beer_bottle 2-18-2021, 4:24:07 AM
jacks(jacks) used a empty_beer_bottle 2-18-2021, 4:24:08 AM
jacks(jacks) used a empty_beer_bottle 2-18-2021, 4:24:08 AM
jacks(jacks) used a empty_beer_bottle 2-18-2021, 4:24:09 AM
jacks(jacks) used a empty_beer_bottle 2-18-2021, 4:24:09 AM
jacks(jacks) used a empty_beer_bottle 2-18-2021, 4:24:10 AM
jacks(jacks) used a empty_beer_bottle 2-18-2021, 4:24:10 AM
jacks(jacks) used a empty_beer_bottle 2-18-2021, 4:24:11 AM
jacks(jacks) used a empty_beer_bottle 2-18-2021, 4:24:11 AM
jacks(jacks) used a empty_beer_bottle 2-18-2021, 4:24:12 AM
jacks(jacks) used a empty_beer_bottle 2-18-2021, 4:24:12 AM
jacks(jacks) used a empty_beer_bottle 2-18-2021, 4:24:13 AM
jacks(jacks) used a empty_beer_bottle 2-18-2021, 4:24:14 AM
jacks(jacks) used a empty_beer_bottle 2-18-2021, 4:24:14 AM
jacks(jacks) used a empty_beer_bottle 2-18-2021, 4:24:15 AM
jacks(jacks) used a empty_beer_bottle 2-18-2021, 4:24:16 AM
jacks(jacks) used a empty_beer_bottle 2-18-2021, 4:24:16 AM
jacks(jacks) used a empty_beer_bottle 2-18-2021, 4:24:17 AM
jacks(jacks) used a empty_beer_bottle 2-18-2021, 4:24:17 AM
jacks(jacks) used a empty_beer_bottle 2-18-2021, 4:24:17 AM
jacks(jacks) used a empty_beer_bottle 2-18-2021, 4:24:18 AM
jacks(jacks) used a empty_beer_bottle 2-18-2021, 4:24:18 AM
jacks(jacks) used a empty_beer_bottle 2-18-2021, 4:24:19 AM
jacks(jacks) used a empty_beer_bottle 2-18-2021, 4:24:20 AM
jacks(jacks) used a empty_beer_bottle 2-18-2021, 4:24:20 AM
jacks(jacks) used a empty_beer_bottle 2-18-2021, 4:24:21 AM
jacks(jacks) used a empty_beer_bottle 2-18-2021, 4:24:22 AM
jacks(jacks) used a empty_beer_bottle 2-18-2021, 4:24:22 AM
jacks(jacks) used a empty_beer_bottle 2-18-2021, 4:24:23 AM
jacks(jacks) used a empty_beer_bottle 2-18-2021, 4:24:23 AM
jacks(jacks) used a empty_beer_bottle 2-18-2021, 4:24:24 AM
jacks(jacks) used a empty_beer_bottle 2-18-2021, 4:24:24 AM
jacks(jacks) used a empty_beer_bottle 2-18-2021, 4:24:25 AM
jacks(jacks) used a empty_beer_bottle 2-18-2021, 4:24:25 AM
jacks(jacks) used a empty_beer_bottle 2-18-2021, 4:24:26 AM
jacks(jacks) used a empty_beer_bottle 2-18-2021, 4:24:26 AM
jacks(jacks) used a empty_beer_bottle 2-18-2021, 4:24:27 AM
jacks(jacks) used a empty_beer_bottle 2-18-2021, 4:24:28 AM
jacks(jacks) used a empty_beer_bottle 2-18-2021, 4:24:29 AM
jacks(jacks) used a empty_beer_bottle 2-18-2021, 4:24:30 AM
jacks(jacks) used a empty_beer_bottle 2-18-2021, 4:24:31 AM
jacks(jacks) used a empty_beer_bottle 2-18-2021, 4:24:33 AM
jacks(jacks) used a empty_beer_bottle 2-18-2021, 4:24:34 AM
jacks(jacks) used a empty_beer_bottle 2-18-2021, 4:24:35 AM
jacks(jacks) used a empty_beer_bottle 2-18-2021, 4:24:36 AM
jacks(jacks) used a empty_beer_bottle 2-18-2021, 4:24:36 AM
jacks(jacks) used a empty_beer_bottle 2-18-2021, 4:24:36 AM
jacks(jacks) used a empty_beer_bottle 2-18-2021, 4:24:37 AM
jacks(jacks) used a empty_beer_bottle 2-18-2021, 4:24:37 AM
jacks(jacks) used a empty_beer_bottle 2-18-2021, 4:24:38 AM
jacks(jacks) used a empty_beer_bottle 2-18-2021, 4:24:38 AM
jacks(jacks) used a empty_beer_bottle 2-18-2021, 4:25:02 AM
jacks(jacks) used a empty_beer_bottle 2-18-2021, 4:25:17 AM
jacks(jacks) used a empty_beer_bottle 2-18-2021, 4:25:19 AM
jacks(jacks) used a empty_beer_bottle 2-18-2021, 4:25:20 AM
jacks(jacks) used a empty_beer_bottle 2-18-2021, 4:25:20 AM
jacks(jacks) used a empty_beer_bottle 2-18-2021, 4:25:21 AM
jacks(jacks) used a empty_beer_bottle 2-18-2021, 4:25:22 AM
jacks(jacks) used a empty_beer_bottle 2-18-2021, 4:25:23 AM
jacks(jacks) used a empty_beer_bottle 2-18-2021, 4:25:23 AM
jacks(jacks) used a empty_beer_bottle 2-18-2021, 4:25:23 AM
jacks(jacks) used a empty_beer_bottle 2-18-2021, 4:25:24 AM
jacks(jacks) used a empty_beer_bottle 2-18-2021, 4:25:24 AM
jacks(jacks) used a empty_beer_bottle 2-18-2021, 4:25:25 AM
jacks(jacks) used a empty_beer_bottle 2-18-2021, 4:25:26 AM
jacks(jacks) used a empty_beer_bottle 2-18-2021, 4:25:26 AM
jacks(jacks) used a empty_beer_bottle 2-18-2021, 4:25:26 AM
jacks(jacks) used a empty_beer_bottle 2-18-2021, 4:25:27 AM
jacks(jacks) used a empty_beer_bottle 2-18-2021, 4:25:28 AM
jacks(jacks) used a empty_beer_bottle 2-18-2021, 4:25:28 AM
jacks(jacks) used a empty_beer_bottle 2-18-2021, 4:25:28 AM
jacks(jacks) used a empty_beer_bottle 2-18-2021, 4:25:29 AM
jacks(jacks) used a empty_beer_bottle 2-18-2021, 4:25:29 AM
jacks(jacks) used a empty_beer_bottle 2-18-2021, 4:25:29 AM
jacks(jacks) used a empty_beer_bottle 2-18-2021, 4:25:30 AM
jacks(jacks) used a empty_beer_bottle 2-18-2021, 4:25:30 AM
jacks(jacks) used a empty_beer_bottle 2-18-2021, 4:25:41 AM
jacks(jacks) used a cyanide_pistol 2-18-2021, 4:30:28 AM
jacks(jacks) used a pack_of_30_ammo_cyanide_pistol 2-18-2021, 4:30:33 AM
jacks(jacks) used a pack_of_30_ammo_cyanide_pistol 2-18-2021, 4:30:33 AM
jacks(jacks) used a pack_of_30_ammo_cyanide_pistol 2-18-2021, 4:30:34 AM
jacks(jacks) used a pack_of_30_ammo_cyanide_pistol 2-18-2021, 4:30:34 AM
jacks(jacks) used a pack_of_30_ammo_cyanide_pistol 2-18-2021, 4:30:34 AM
jacks(jacks) used a pack_of_30_ammo_cyanide_pistol 2-18-2021, 4:30:34 AM
jacks(jacks) used a pack_of_30_ammo_cyanide_pistol 2-18-2021, 4:30:34 AM
jacks(jacks) used a pack_of_30_ammo_cyanide_pistol 2-18-2021, 4:30:35 AM
jacks(jacks) used a aircraft 2-18-2021, 4:33:21 AM
jacks(jacks) used a empty_beer_bottle 2-18-2021, 4:34:56 AM
jacks(jacks) used a empty_beer_bottle 2-18-2021, 4:34:56 AM
jacks(jacks) used a empty_beer_bottle 2-18-2021, 4:34:56 AM
jacks(jacks) used a empty_beer_bottle 2-18-2021, 4:34:57 AM
jacks(jacks) used a empty_beer_bottle 2-18-2021, 4:34:57 AM
jacks(jacks) used a empty_beer_bottle 2-18-2021, 4:35:00 AM
jacks(jacks) used a empty_beer_bottle 2-18-2021, 4:35:03 AM
jacks(jacks) used a empty_beer_bottle 2-18-2021, 4:35:04 AM
jacks(jacks) used a empty_beer_bottle 2-18-2021, 4:35:04 AM
jacks(jacks) used a empty_beer_bottle 2-18-2021, 4:35:04 AM
jacks(jacks) used a empty_beer_bottle 2-18-2021, 4:35:07 AM
jacks(jacks) used a empty_beer_bottle 2-18-2021, 4:35:17 AM
jacks(jacks) used a empty_beer_bottle 2-18-2021, 4:35:17 AM
jacks(jacks) used a empty_beer_bottle 2-18-2021, 4:35:17 AM
jacks(jacks) used a empty_beer_bottle 2-18-2021, 4:35:18 AM
jacks(jacks) used a empty_beer_bottle 2-18-2021, 4:35:18 AM
jacks(jacks) used a tk_ultra_health_potion 2-18-2021, 4:38:30 AM
jacks(jacks) used a tk_ultra_health_potion 2-18-2021, 4:38:30 AM
jacks(jacks) used a tk_ultra_health_potion 2-18-2021, 4:38:31 AM
jacks(jacks) used a tk_ultra_health_potion 2-18-2021, 4:38:31 AM
jacks(jacks) used a tk_ultra_health_potion 2-18-2021, 4:38:32 AM
jacks(jacks) used a tk_ultra_health_potion 2-18-2021, 4:38:33 AM
jacks(jacks) used a tk_ultra_health_potion 2-18-2021, 4:38:36 AM
jacks(jacks) used a tk_ultra_health_potion 2-18-2021, 4:38:36 AM
jacks(jacks) used a empty_beer_bottle 2-18-2021, 4:41:16 AM
jacks(jacks) used a empty_beer_bottle 2-18-2021, 4:41:16 AM
jacks(jacks) used a empty_beer_bottle 2-18-2021, 4:41:17 AM
jacks(jacks) used a empty_beer_bottle 2-18-2021, 4:41:17 AM
jacks(jacks) used a empty_beer_bottle 2-18-2021, 4:41:17 AM
jacks(jacks) used a empty_beer_bottle 2-18-2021, 4:41:17 AM
jacks(jacks) used a empty_beer_bottle 2-18-2021, 4:41:18 AM
jacks(jacks) used a empty_beer_bottle 2-18-2021, 4:41:19 AM
jacks(jacks) used a empty_beer_bottle 2-18-2021, 4:41:20 AM
jacks(jacks) used a empty_beer_bottle 2-18-2021, 4:41:21 AM
jacks(jacks) used a empty_beer_bottle 2-18-2021, 4:41:22 AM
jacks(jacks) used a empty_beer_bottle 2-18-2021, 4:41:24 AM
jacks(jacks) used a empty_beer_bottle 2-18-2021, 4:41:29 AM
jacks(jacks) used a empty_beer_bottle 2-18-2021, 4:41:29 AM
jacks(jacks) used a empty_beer_bottle 2-18-2021, 4:41:29 AM
jacks(jacks) used a empty_beer_bottle 2-18-2021, 4:41:29 AM
jacks(jacks) used a empty_beer_bottle 2-18-2021, 4:41:32 AM
jacks(jacks) used a empty_beer_bottle 2-18-2021, 4:41:33 AM
jacks(jacks) used a empty_beer_bottle 2-18-2021, 4:41:37 AM
jacks(jacks) used a empty_beer_bottle 2-18-2021, 4:41:37 AM
jacks(jacks) used a empty_beer_bottle 2-18-2021, 4:41:37 AM
jacks(jacks) used a empty_beer_bottle 2-18-2021, 4:41:37 AM
jacks(jacks) used a empty_beer_bottle 2-18-2021, 4:41:38 AM
jacks(jacks) used a empty_beer_bottle 2-18-2021, 4:41:38 AM
jacks(jacks) used a empty_beer_bottle 2-18-2021, 4:41:38 AM
jacks(jacks) used a tk_ultra_health_potion 2-18-2021, 4:41:46 AM
jacks(jacks) used a tk_ultra_health_potion 2-18-2021, 4:41:49 AM
jacks(jacks) used a tk_ultra_health_potion 2-18-2021, 4:41:49 AM
jacks(jacks) used a tk_ultra_health_potion 2-18-2021, 4:41:49 AM
jacks(jacks) used a empty_beer_bottle 2-18-2021, 4:41:54 AM
jacks(jacks) used a empty_beer_bottle 2-18-2021, 4:41:54 AM
jacks(jacks) used a empty_beer_bottle 2-18-2021, 4:41:54 AM
jacks(jacks) used a empty_beer_bottle 2-18-2021, 4:41:55 AM
jacks(jacks) used a empty_beer_bottle 2-18-2021, 4:41:56 AM
jacks(jacks) used a empty_beer_bottle 2-18-2021, 4:41:56 AM
jacks(jacks) used a empty_beer_bottle 2-18-2021, 4:41:57 AM
jacks(jacks) used a empty_beer_bottle 2-18-2021, 4:41:57 AM
jacks(jacks) used a empty_beer_bottle 2-18-2021, 4:41:58 AM
jacks(jacks) used a empty_beer_bottle 2-18-2021, 4:41:58 AM
jacks(jacks) used a empty_beer_bottle 2-18-2021, 4:41:59 AM
jacks(jacks) used a empty_beer_bottle 2-18-2021, 4:41:59 AM
jacks(jacks) used a empty_beer_bottle 2-18-2021, 4:42:00 AM
jacks(jacks) used a empty_beer_bottle 2-18-2021, 4:42:00 AM
jacks(jacks) used a empty_beer_bottle 2-18-2021, 4:42:01 AM
jacks(jacks) used a empty_beer_bottle 2-18-2021, 4:42:01 AM
jacks(jacks) used a empty_beer_bottle 2-18-2021, 4:42:02 AM
jacks(jacks) used a empty_beer_bottle 2-18-2021, 4:42:02 AM
jacks(jacks) used a empty_beer_bottle 2-18-2021, 4:42:03 AM
jacks(jacks) used a empty_beer_bottle 2-18-2021, 4:42:03 AM
jacks(jacks) used a empty_beer_bottle 2-18-2021, 4:42:04 AM
jacks(jacks) used a empty_beer_bottle 2-18-2021, 4:42:04 AM
jacks(jacks) used a empty_beer_bottle 2-18-2021, 4:42:05 AM
jacks(jacks) used a empty_beer_bottle 2-18-2021, 4:42:05 AM
jacks(jacks) used a empty_beer_bottle 2-18-2021, 4:42:06 AM
jacks(jacks) used a empty_beer_bottle 2-18-2021, 4:42:06 AM
jacks(jacks) used a empty_beer_bottle 2-18-2021, 4:42:07 AM
jacks(jacks) used a empty_beer_bottle 2-18-2021, 4:42:08 AM
jacks(jacks) used a empty_beer_bottle 2-18-2021, 4:42:08 AM
jacks(jacks) used a empty_beer_bottle 2-18-2021, 4:42:09 AM
jacks(jacks) used a empty_beer_bottle 2-18-2021, 4:42:09 AM
jacks(jacks) used a empty_beer_bottle 2-18-2021, 4:42:10 AM
jacks(jacks) used a empty_beer_bottle 2-18-2021, 4:42:10 AM
jacks(jacks) used a empty_beer_bottle 2-18-2021, 4:42:11 AM
jacks(jacks) used a empty_beer_bottle 2-18-2021, 4:42:12 AM
jacks(jacks) used a empty_beer_bottle 2-18-2021, 4:42:12 AM
jacks(jacks) used a empty_beer_bottle 2-18-2021, 4:42:13 AM
jacks(jacks) used a empty_beer_bottle 2-18-2021, 4:42:13 AM
jacks(jacks) used a empty_beer_bottle 2-18-2021, 4:42:15 AM
jacks(jacks) used a empty_beer_bottle 2-18-2021, 4:42:16 AM
jacks(jacks) used a empty_beer_bottle 2-18-2021, 4:42:16 AM
jacks(jacks) used a empty_beer_bottle 2-18-2021, 4:42:18 AM
jacks(jacks) used a empty_beer_bottle 2-18-2021, 4:42:18 AM
jacks(jacks) used a empty_beer_bottle 2-18-2021, 4:42:19 AM
jacks(jacks) used a empty_beer_bottle 2-18-2021, 4:42:19 AM
jacks(jacks) used a empty_beer_bottle 2-18-2021, 4:42:20 AM
jacks(jacks) used a empty_beer_bottle 2-18-2021, 4:42:20 AM
jacks(jacks) used a empty_beer_bottle 2-18-2021, 4:42:22 AM
jacks(jacks) used a empty_beer_bottle 2-18-2021, 4:42:22 AM
jacks(jacks) used a empty_beer_bottle 2-18-2021, 4:42:22 AM
jacks(jacks) used a empty_beer_bottle 2-18-2021, 4:42:23 AM
jacks(jacks) used a empty_beer_bottle 2-18-2021, 4:42:23 AM
jacks(jacks) used a empty_beer_bottle 2-18-2021, 4:42:24 AM
jacks(jacks) used a empty_beer_bottle 2-18-2021, 4:42:36 AM
jacks(jacks) used a empty_beer_bottle 2-18-2021, 4:42:36 AM
jacks(jacks) used a empty_beer_bottle 2-18-2021, 4:42:37 AM
jacks(jacks) used a empty_beer_bottle 2-18-2021, 4:42:37 AM
jacks(jacks) used a empty_beer_bottle 2-18-2021, 4:42:38 AM
jacks(jacks) used a empty_beer_bottle 2-18-2021, 4:42:38 AM
jacks(jacks) used a empty_beer_bottle 2-18-2021, 4:42:39 AM
jacks(jacks) used a empty_beer_bottle 2-18-2021, 4:42:39 AM
jacks(jacks) used a empty_beer_bottle 2-18-2021, 4:42:40 AM
jacks(jacks) used a empty_beer_bottle 2-18-2021, 4:42:40 AM
jacks(jacks) used a empty_beer_bottle 2-18-2021, 4:42:41 AM
jacks(jacks) used a empty_beer_bottle 2-18-2021, 4:42:41 AM
jacks(jacks) used a empty_beer_bottle 2-18-2021, 4:42:42 AM
jacks(jacks) used a empty_beer_bottle 2-18-2021, 4:42:43 AM
jacks(jacks) used a empty_beer_bottle 2-18-2021, 4:42:43 AM
jacks(jacks) used a empty_beer_bottle 2-18-2021, 4:42:44 AM
jacks(jacks) used a empty_beer_bottle 2-18-2021, 4:42:44 AM
jacks(jacks) used a empty_beer_bottle 2-18-2021, 4:42:45 AM
jacks(jacks) used a empty_beer_bottle 2-18-2021, 4:42:46 AM
jacks(jacks) used a empty_beer_bottle 2-18-2021, 4:42:46 AM
jacks(jacks) used a empty_beer_bottle 2-18-2021, 4:42:47 AM
jacks(jacks) used a empty_beer_bottle 2-18-2021, 4:42:47 AM
jacks(jacks) used a empty_beer_bottle 2-18-2021, 4:42:48 AM
jacks(jacks) used a empty_beer_bottle 2-18-2021, 4:42:48 AM
jacks(jacks) used a empty_beer_bottle 2-18-2021, 4:42:49 AM
jacks(jacks) used a empty_beer_bottle 2-18-2021, 4:42:49 AM
jacks(jacks) used a empty_beer_bottle 2-18-2021, 4:42:50 AM
jacks(jacks) used a empty_beer_bottle 2-18-2021, 4:42:51 AM
jacks(jacks) used a empty_beer_bottle 2-18-2021, 4:42:51 AM
jacks(jacks) used a empty_beer_bottle 2-18-2021, 4:42:52 AM
jacks(jacks) used a empty_beer_bottle 2-18-2021, 4:42:53 AM
jacks(jacks) used a empty_beer_bottle 2-18-2021, 4:42:53 AM
jacks(jacks) used a empty_beer_bottle 2-18-2021, 4:42:54 AM
jacks(jacks) used a empty_beer_bottle 2-18-2021, 4:42:54 AM
jacks(jacks) used a empty_beer_bottle 2-18-2021, 4:42:55 AM
jacks(jacks) used a empty_beer_bottle 2-18-2021, 4:42:56 AM
jacks(jacks) used a empty_beer_bottle 2-18-2021, 4:42:56 AM
jacks(jacks) used a empty_beer_bottle 2-18-2021, 4:42:57 AM
jacks(jacks) used a empty_beer_bottle 2-18-2021, 4:42:58 AM
jacks(jacks) used a empty_beer_bottle 2-18-2021, 4:42:58 AM
jacks(jacks) used a empty_beer_bottle 2-18-2021, 4:42:59 AM
jacks(jacks) used a empty_beer_bottle 2-18-2021, 4:42:59 AM
jacks(jacks) used a empty_beer_bottle 2-18-2021, 4:43:00 AM
jacks(jacks) used a empty_beer_bottle 2-18-2021, 4:43:00 AM
jacks(jacks) used a empty_beer_bottle 2-18-2021, 4:43:01 AM
jacks(jacks) used a empty_beer_bottle 2-18-2021, 4:43:01 AM
jacks(jacks) used a empty_beer_bottle 2-18-2021, 4:43:02 AM
jacks(jacks) used a empty_beer_bottle 2-18-2021, 4:43:02 AM
jacks(jacks) used a empty_beer_bottle 2-18-2021, 4:43:02 AM
jacks(jacks) used a empty_beer_bottle 2-18-2021, 4:43:03 AM
jacks(jacks) used a empty_beer_bottle 2-18-2021, 4:43:04 AM
jacks(jacks) used a empty_beer_bottle 2-18-2021, 4:43:04 AM
jacks(jacks) used a empty_beer_bottle 2-18-2021, 4:43:05 AM
jacks(jacks) used a empty_beer_bottle 2-18-2021, 4:43:05 AM
jacks(jacks) used a empty_beer_bottle 2-18-2021, 4:43:06 AM
jacks(jacks) used a empty_beer_bottle 2-18-2021, 4:43:07 AM
jacks(jacks) used a empty_beer_bottle 2-18-2021, 4:43:07 AM
jacks(jacks) used a empty_beer_bottle 2-18-2021, 4:43:08 AM
jacks(jacks) used a empty_beer_bottle 2-18-2021, 4:43:08 AM
jacks(jacks) used a empty_beer_bottle 2-18-2021, 4:43:09 AM
jacks(jacks) used a empty_beer_bottle 2-18-2021, 4:43:09 AM
jacks(jacks) used a empty_beer_bottle 2-18-2021, 4:43:10 AM
jacks(jacks) used a empty_beer_bottle 2-18-2021, 4:43:11 AM
jacks(jacks) used a empty_beer_bottle 2-18-2021, 4:43:11 AM
jacks(jacks) used a empty_beer_bottle 2-18-2021, 4:43:12 AM
jacks(jacks) used a empty_beer_bottle 2-18-2021, 4:43:13 AM
jacks(jacks) used a empty_beer_bottle 2-18-2021, 4:43:13 AM
jacks(jacks) used a empty_beer_bottle 2-18-2021, 4:43:14 AM
jacks(jacks) used a empty_beer_bottle 2-18-2021, 4:43:14 AM
jacks(jacks) used a empty_beer_bottle 2-18-2021, 4:43:15 AM
jacks(jacks) used a empty_beer_bottle 2-18-2021, 4:44:00 AM
jacks(jacks) used a empty_beer_bottle 2-18-2021, 4:44:00 AM
jacks(jacks) used a empty_beer_bottle 2-18-2021, 4:44:00 AM
jacks(jacks) used a empty_beer_bottle 2-18-2021, 4:44:00 AM
jacks(jacks) used a empty_beer_bottle 2-18-2021, 4:44:01 AM
jacks(jacks) used a empty_beer_bottle 2-18-2021, 4:44:02 AM
jacks(jacks) used a empty_beer_bottle 2-18-2021, 4:44:02 AM
jacks(jacks) used a empty_beer_bottle 2-18-2021, 4:44:03 AM
jacks(jacks) used a empty_beer_bottle 2-18-2021, 4:44:03 AM
jacks(jacks) used a empty_beer_bottle 2-18-2021, 4:44:05 AM
jacks(jacks) used a empty_beer_bottle 2-18-2021, 4:44:38 AM
jacks(jacks) used a empty_beer_bottle 2-18-2021, 4:44:38 AM
jacks(jacks) used a empty_beer_bottle 2-18-2021, 4:44:38 AM
jacks(jacks) used a empty_beer_bottle 2-18-2021, 4:44:39 AM
jacks(jacks) used a empty_beer_bottle 2-18-2021, 4:44:40 AM
jacks(jacks) used a empty_beer_bottle 2-18-2021, 4:44:40 AM
jacks(jacks) used a empty_beer_bottle 2-18-2021, 4:44:40 AM
jacks(jacks) used a empty_beer_bottle 2-18-2021, 4:44:43 AM
jacks(jacks) used a empty_beer_bottle 2-18-2021, 4:44:44 AM
jacks(jacks) used a empty_beer_bottle 2-18-2021, 4:44:44 AM
jacks(jacks) used a empty_beer_bottle 2-18-2021, 4:44:44 AM
jacks(jacks) used a empty_beer_bottle 2-18-2021, 4:44:45 AM
jacks(jacks) used a empty_beer_bottle 2-18-2021, 4:44:46 AM
jacks(jacks) used a empty_beer_bottle 2-18-2021, 4:44:52 AM
jacks(jacks) used a empty_beer_bottle 2-18-2021, 4:44:53 AM
jacks(jacks) used a empty_beer_bottle 2-18-2021, 4:45:08 AM
jacks(jacks) used a empty_beer_bottle 2-18-2021, 4:45:08 AM
jacks(jacks) used a empty_beer_bottle 2-18-2021, 4:45:10 AM
jacks(jacks) used a empty_beer_bottle 2-18-2021, 4:45:10 AM
jacks(jacks) used a empty_beer_bottle 2-18-2021, 4:45:11 AM
jacks(jacks) used a empty_beer_bottle 2-18-2021, 4:45:12 AM
jacks(jacks) used a empty_beer_bottle 2-18-2021, 4:45:12 AM
jacks(jacks) used a empty_beer_bottle 2-18-2021, 4:45:13 AM
jacks(jacks) used a empty_beer_bottle 2-18-2021, 4:45:13 AM
jacks(jacks) used a empty_beer_bottle 2-18-2021, 4:45:14 AM
jacks(jacks) used a empty_beer_bottle 2-18-2021, 4:45:18 AM
jacks(jacks) used a empty_beer_bottle 2-18-2021, 4:45:18 AM
jacks(jacks) used a empty_beer_bottle 2-18-2021, 4:45:19 AM
jacks(jacks) used a empty_beer_bottle 2-18-2021, 4:45:30 AM
jacks(jacks) used a empty_beer_bottle 2-18-2021, 4:45:31 AM
jacks(jacks) used a empty_beer_bottle 2-18-2021, 4:45:31 AM
jacks(jacks) used a empty_beer_bottle 2-18-2021, 4:45:31 AM
jacks(jacks) used a empty_beer_bottle 2-18-2021, 4:45:32 AM
jacks(jacks) used a empty_beer_bottle 2-18-2021, 4:45:32 AM
jacks(jacks) used a empty_beer_bottle 2-18-2021, 4:45:33 AM
jacks(jacks) used a empty_beer_bottle 2-18-2021, 4:45:33 AM
jacks(jacks) used a empty_beer_bottle 2-18-2021, 4:46:23 AM
jacks(jacks) used a empty_beer_bottle 2-18-2021, 4:46:24 AM
jacks(jacks) used a empty_beer_bottle 2-18-2021, 4:46:24 AM
jacks(jacks) used a empty_beer_bottle 2-18-2021, 4:46:24 AM
jacks(jacks) used a empty_beer_bottle 2-18-2021, 4:46:25 AM
jacks(jacks) used a empty_beer_bottle 2-18-2021, 4:46:25 AM
jacks(jacks) used a empty_beer_bottle 2-18-2021, 4:46:27 AM
jacks(jacks) used a empty_beer_bottle 2-18-2021, 4:46:28 AM
jacks(jacks) used a empty_beer_bottle 2-18-2021, 4:46:42 AM
jacks(jacks) used a empty_beer_bottle 2-18-2021, 4:46:42 AM
jacks(jacks) used a empty_beer_bottle 2-18-2021, 4:46:43 AM
jacks(jacks) used a empty_beer_bottle 2-18-2021, 4:46:43 AM
jacks(jacks) used a empty_beer_bottle 2-18-2021, 4:46:44 AM
jacks(jacks) used a empty_beer_bottle 2-18-2021, 4:46:44 AM
jacks(jacks) used a empty_beer_bottle 2-18-2021, 4:46:48 AM
jacks(jacks) used a empty_beer_bottle 2-18-2021, 4:46:49 AM
jacks(jacks) used a empty_beer_bottle 2-18-2021, 4:46:49 AM
jacks(jacks) used a empty_beer_bottle 2-18-2021, 4:46:49 AM
jacks(jacks) used a empty_beer_bottle 2-18-2021, 4:46:49 AM
jacks(jacks) used a empty_beer_bottle 2-18-2021, 4:46:52 AM
jacks(jacks) used a empty_beer_bottle 2-18-2021, 4:46:53 AM
jacks(jacks) used a empty_beer_bottle 2-18-2021, 4:46:53 AM
jacks(jacks) used a empty_beer_bottle 2-18-2021, 4:46:53 AM
jacks(jacks) used a empty_beer_bottle 2-18-2021, 4:46:57 AM
jacks(jacks) used a empty_beer_bottle 2-18-2021, 4:47:06 AM
jacks(jacks) used a empty_beer_bottle 2-18-2021, 4:47:06 AM
jacks(jacks) used a empty_beer_bottle 2-18-2021, 4:47:06 AM
jacks(jacks) used a cyanide_pistol 2-18-2021, 4:47:47 AM
jacks(jacks) used a cyanide_pistol 2-18-2021, 4:47:47 AM
jacks(jacks) used a cyanide_pistol 2-18-2021, 4:47:47 AM
jacks(jacks) used a tk_ultra_health_potion 2-18-2021, 4:48:57 AM
jacks(jacks) used a tk_ultra_health_potion 2-18-2021, 4:48:57 AM
jacks(jacks) used a tk_ultra_health_potion 2-18-2021, 4:48:58 AM
jacks(jacks) used a shield 2-18-2021, 4:49:20 AM
jacks(jacks) used a shield 2-18-2021, 4:49:21 AM
jacks(jacks) used a shield 2-18-2021, 4:49:21 AM
jacks(jacks) used a tk_ultra_health_potion 2-18-2021, 4:50:23 AM
jacks(jacks) used a tk_ultra_health_potion 2-18-2021, 4:50:23 AM
jacks(jacks) used a tk_ultra_health_potion 2-18-2021, 4:50:23 AM
jacks(jacks) used a rpg7 2-18-2021, 4:52:18 AM
jacks(jacks) used a rpg7 2-18-2021, 4:52:18 AM
jacks(jacks) used a rpg7 2-18-2021, 4:52:18 AM
jacks(jacks) used a dead_leopard 2-18-2021, 4:52:58 AM
jacks(jacks) used a dead_leopard 2-18-2021, 4:52:58 AM
jacks(jacks) used a dead_leopard 2-18-2021, 4:52:59 AM
jacks(jacks) used a dead_leopard 2-18-2021, 4:52:59 AM
jacks(jacks) used a dead_leopard 2-18-2021, 4:52:59 AM
jacks(jacks) used a dead_leopard 2-18-2021, 4:52:59 AM
jacks(jacks) used a dead_leopard 2-18-2021, 4:53:00 AM
jacks(jacks) used a dead_leopard 2-18-2021, 4:53:00 AM
jacks(jacks) used a dead_leopard 2-18-2021, 4:53:00 AM
jacks(jacks) used a dead_leopard 2-18-2021, 4:53:00 AM
jacks(jacks) used a dead_leopard 2-18-2021, 4:53:01 AM
jacks(jacks) used a dead_leopard 2-18-2021, 4:53:01 AM
jacks(jacks) used a dead_leopard 2-18-2021, 4:53:01 AM
jacks(jacks) used a dead_leopard 2-18-2021, 4:53:02 AM
jacks(jacks) used a dead_leopard 2-18-2021, 4:53:02 AM
jacks(jacks) used a dead_leopard 2-18-2021, 4:53:02 AM
jacks(jacks) used a dead_leopard 2-18-2021, 4:53:03 AM
jacks(jacks) used a dead_leopard 2-18-2021, 4:53:03 AM
jacks(jacks) used a dead_leopard 2-18-2021, 4:53:04 AM
jacks(jacks) used a dead_leopard 2-18-2021, 4:53:04 AM
jacks(jacks) used a dead_leopard 2-18-2021, 4:53:04 AM
jacks(jacks) used a dead_leopard 2-18-2021, 4:53:05 AM
jacks(jacks) used a dead_leopard 2-18-2021, 4:53:05 AM
jacks(jacks) used a dead_leopard 2-18-2021, 4:53:05 AM
jacks(jacks) used a dead_leopard 2-18-2021, 4:53:06 AM
jacks(jacks) used a dead_leopard 2-18-2021, 4:53:06 AM
jacks(jacks) used a dead_leopard 2-18-2021, 4:53:06 AM
jacks(jacks) used a dead_leopard 2-18-2021, 4:53:07 AM
jacks(jacks) used a dead_leopard 2-18-2021, 4:53:07 AM
jacks(jacks) used a dead_leopard 2-18-2021, 4:53:07 AM
jacks(jacks) used a dead_leopard 2-18-2021, 4:53:08 AM
jacks(jacks) used a dead_leopard 2-18-2021, 4:53:08 AM
jacks(jacks) used a dead_leopard 2-18-2021, 4:53:09 AM
jacks(jacks) used a dead_leopard 2-18-2021, 4:53:09 AM
jacks(jacks) used a dead_leopard 2-18-2021, 4:53:09 AM
jacks(jacks) used a dead_leopard 2-18-2021, 4:53:10 AM
jacks(jacks) used a dead_leopard 2-18-2021, 4:53:10 AM
jacks(jacks) used a dead_leopard 2-18-2021, 4:53:10 AM
jacks(jacks) used a dead_leopard 2-18-2021, 4:53:10 AM
jacks(jacks) used a dead_leopard 2-18-2021, 4:53:10 AM
jacks(jacks) used a dead_leopard 2-18-2021, 4:53:11 AM
jacks(jacks) used a dead_leopard 2-18-2021, 4:53:11 AM
jacks(jacks) used a dead_leopard 2-18-2021, 4:53:11 AM
jacks(jacks) used a dead_leopard 2-18-2021, 4:53:11 AM
jacks(jacks) used a dead_leopard 2-18-2021, 4:53:11 AM
jacks(jacks) used a dead_leopard 2-18-2021, 4:53:12 AM
jacks(jacks) used a dead_leopard 2-18-2021, 4:53:12 AM
jacks(jacks) used a dead_leopard 2-18-2021, 4:53:12 AM
jacks(jacks) used a dead_leopard 2-18-2021, 4:53:13 AM
jacks(jacks) used a dead_leopard 2-18-2021, 4:53:13 AM
jacks(jacks) used a dead_leopard 2-18-2021, 4:53:13 AM
jacks(jacks) used a dead_leopard 2-18-2021, 4:53:14 AM
jacks(jacks) used a dead_leopard 2-18-2021, 4:53:14 AM
jacks(jacks) used a dead_leopard 2-18-2021, 4:53:15 AM
jacks(jacks) used a dead_leopard 2-18-2021, 4:53:15 AM
jacks(jacks) used a dead_leopard 2-18-2021, 4:53:15 AM
jacks(jacks) used a dead_leopard 2-18-2021, 4:53:24 AM
jacks(jacks) used a dead_leopard 2-18-2021, 4:53:24 AM
jacks(jacks) used a dead_leopard 2-18-2021, 4:53:24 AM
jacks(jacks) used a dead_leopard 2-18-2021, 4:53:24 AM
jacks(jacks) used a dead_leopard 2-18-2021, 4:53:25 AM
jacks(jacks) used a dead_leopard 2-18-2021, 4:53:25 AM
jacks(jacks) used a dead_leopard 2-18-2021, 4:53:26 AM
jacks(jacks) used a dead_leopard 2-18-2021, 4:53:26 AM
jacks(jacks) used a dead_leopard 2-18-2021, 4:53:26 AM
jacks(jacks) used a dead_leopard 2-18-2021, 4:53:27 AM
jacks(jacks) used a dead_leopard 2-18-2021, 4:53:27 AM
jacks(jacks) used a dead_leopard 2-18-2021, 4:53:27 AM
jacks(jacks) used a dead_leopard 2-18-2021, 4:53:28 AM
jacks(jacks) used a dead_leopard 2-18-2021, 4:53:28 AM
jacks(jacks) used a dead_leopard 2-18-2021, 4:53:28 AM
jacks(jacks) used a dead_leopard 2-18-2021, 4:53:29 AM
jacks(jacks) used a dead_leopard 2-18-2021, 4:53:29 AM
jacks(jacks) used a dead_leopard 2-18-2021, 4:53:30 AM
jacks(jacks) used a dead_leopard 2-18-2021, 4:53:30 AM
jacks(jacks) used a dead_leopard 2-18-2021, 4:53:30 AM
jacks(jacks) used a dead_leopard 2-18-2021, 4:53:31 AM
jacks(jacks) used a dead_leopard 2-18-2021, 4:53:31 AM
jacks(jacks) used a dead_leopard 2-18-2021, 4:53:31 AM
jacks(jacks) used a dead_leopard 2-18-2021, 4:53:32 AM
jacks(jacks) used a dead_leopard 2-18-2021, 4:53:32 AM
jacks(jacks) used a dead_leopard 2-18-2021, 4:53:32 AM
jacks(jacks) used a dead_leopard 2-18-2021, 4:53:33 AM
jacks(jacks) used a dead_leopard 2-18-2021, 4:53:33 AM
jacks(jacks) used a dead_leopard 2-18-2021, 4:53:34 AM
jacks(jacks) used a empty_beer_bottle 2-18-2021, 4:53:58 AM
jacks(jacks) used a empty_beer_bottle 2-18-2021, 4:53:58 AM
jacks(jacks) used a cyanide_pistol 2-18-2021, 4:54:15 AM
jacks(jacks) used a cyanide_pistol 2-18-2021, 4:54:15 AM
jacks(jacks) used a warp_box 2-18-2021, 4:55:12 AM
jacks(jacks) used a mass_bomb 2-18-2021, 4:55:35 AM
jacks(jacks) used a mass_bomb 2-18-2021, 4:55:35 AM
jacks(jacks) used a armored_tank 2-18-2021, 4:55:43 AM
jacks(jacks) used a armored_tank 2-18-2021, 4:55:43 AM
jacks(jacks) used a mass_bomb 2-18-2021, 4:55:51 AM
jacks(jacks) used a mass_bomb 2-18-2021, 4:55:51 AM
jacks(jacks) used a mass_bomb 2-18-2021, 4:55:51 AM
jacks(jacks) used a mass_bomb 2-18-2021, 4:55:52 AM
jacks(jacks) used a mass_bomb 2-18-2021, 4:55:53 AM
jacks(jacks) used a mass_bomb 2-18-2021, 4:55:53 AM
jacks(jacks) used a mass_bomb 2-18-2021, 4:56:18 AM
jacks(jacks) used a mass_bomb 2-18-2021, 4:56:18 AM
jacks(jacks) used a mass_bomb 2-18-2021, 4:56:18 AM
jacks(jacks) used a mass_bomb 2-18-2021, 4:56:19 AM
jacks(jacks) used a mass_bomb 2-18-2021, 4:56:19 AM
jacks(jacks) used a mass_bomb 2-18-2021, 4:56:20 AM
jacks(jacks) used a mass_bomb 2-18-2021, 4:56:20 AM
jacks(jacks) used a mass_bomb 2-18-2021, 4:56:22 AM
jacks(jacks) used a mass_bomb 2-18-2021, 4:56:23 AM
jacks(jacks) used a mass_bomb 2-18-2021, 4:56:23 AM
jacks(jacks) used a mass_bomb 2-18-2021, 4:56:23 AM
jacks(jacks) used a mass_bomb 2-18-2021, 4:57:26 AM
jacks(jacks) used a mass_bomb 2-18-2021, 4:57:26 AM
jacks(jacks) used a mass_bomb 2-18-2021, 4:57:27 AM
jacks(jacks) used a mass_bomb 2-18-2021, 4:57:27 AM
jacks(jacks) used a mass_bomb 2-18-2021, 4:57:28 AM
jacks(jacks) used a mass_bomb 2-18-2021, 4:57:28 AM
jacks(jacks) used a mass_bomb 2-18-2021, 4:57:29 AM
jacks(jacks) used a mass_bomb 2-18-2021, 4:57:29 AM
jacks(jacks) used a stun_dart 2-18-2021, 4:57:50 AM
jacks(jacks) used a stun_dart 2-18-2021, 4:57:51 AM
jacks(jacks) used a stun_dart 2-18-2021, 4:57:51 AM
jacks(jacks) used a stun_dart 2-18-2021, 4:57:51 AM
jacks(jacks) used a stun_dart 2-18-2021, 4:57:52 AM
jacks(jacks) used a zulfikar 2-18-2021, 4:58:19 AM
jacks(jacks) used a pack_of_10_ammo_zulfikar 2-18-2021, 4:59:28 AM
jacks(jacks) used a aircraft 2-18-2021, 5:01:35 AM
jacks(jacks) used a aircraft 2-18-2021, 5:03:34 AM
jacks(jacks) used a warp_box 2-18-2021, 5:03:47 AM
jacks(jacks) used a aircraft 2-18-2021, 5:04:34 AM
jacks(jacks) used a cannon 2-18-2021, 5:06:35 AM
jacks(jacks) used a hand_cannon 2-18-2021, 5:13:55 AM
jacks(jacks) used a hand_cannon 2-18-2021, 5:13:55 AM
jacks(jacks) used a tk_ultra_health_potion 2-18-2021, 5:14:00 AM
jacks(jacks) used a tk_ultra_health_potion 2-18-2021, 5:14:00 AM
jacks(jacks) used a tk_ultra_health_potion 2-18-2021, 5:14:01 AM
jacks(jacks) used a empty_pack 2-18-2021, 5:14:29 AM
jacks(jacks) used a empty_pack 2-18-2021, 5:14:30 AM
jacks(jacks) used a empty_pack 2-18-2021, 5:14:30 AM
jacks(jacks) used a tk_ultra_health_potion 2-18-2021, 5:14:51 AM
jacks(jacks) used a tk_ultra_health_potion 2-18-2021, 5:14:52 AM
jacks(jacks) used a tk_ultra_health_potion 2-18-2021, 5:14:52 AM
jacks(jacks) used a tk_ultra_health_potion 2-18-2021, 5:15:13 AM
jacks(jacks) used a empty_beer_bottle 2-18-2021, 5:15:46 AM
jacks(jacks) used a empty_beer_bottle 2-18-2021, 5:15:50 AM
jacks(jacks) used a empty_beer_bottle 2-18-2021, 5:15:50 AM
jacks(jacks) used a empty_beer_bottle 2-18-2021, 5:15:58 AM
jacks(jacks) used a empty_beer_bottle 2-18-2021, 5:16:00 AM
jacks(jacks) used a empty_beer_bottle 2-18-2021, 5:16:02 AM
jacks(jacks) used a empty_beer_bottle 2-18-2021, 5:16:04 AM
jacks(jacks) used a empty_beer_bottle 2-18-2021, 5:16:14 AM
jacks(jacks) used a empty_beer_bottle 2-18-2021, 5:16:23 AM
jacks(jacks) used a empty_beer_bottle 2-18-2021, 5:16:28 AM
jacks(jacks) used a empty_beer_bottle 2-18-2021, 5:16:35 AM
jacks(jacks) used a empty_beer_bottle 2-18-2021, 5:16:41 AM
jacks(jacks) used a empty_beer_bottle 2-18-2021, 5:16:51 AM
jacks(jacks) used a empty_beer_bottle 2-18-2021, 5:16:52 AM
jacks(jacks) used a empty_beer_bottle 2-18-2021, 5:16:58 AM
jacks(jacks) used a empty_beer_bottle 2-18-2021, 5:16:58 AM
jacks(jacks) used a empty_beer_bottle 2-18-2021, 5:17:00 AM
jacks(jacks) used a empty_beer_bottle 2-18-2021, 5:17:02 AM
jacks(jacks) used a empty_beer_bottle 2-18-2021, 5:17:03 AM
jacks(jacks) used a empty_beer_bottle 2-18-2021, 5:17:06 AM
jacks(jacks) used a empty_beer_bottle 2-18-2021, 5:17:06 AM
jacks(jacks) used a empty_beer_bottle 2-18-2021, 5:17:06 AM
jacks(jacks) used a empty_beer_bottle 2-18-2021, 5:17:07 AM
jacks(jacks) used a empty_beer_bottle 2-18-2021, 5:17:08 AM
jacks(jacks) used a empty_beer_bottle 2-18-2021, 5:17:08 AM
jacks(jacks) used a empty_beer_bottle 2-18-2021, 5:17:08 AM
jacks(jacks) used a empty_beer_bottle 2-18-2021, 5:17:23 AM
jacks(jacks) used a empty_beer_bottle 2-18-2021, 5:17:30 AM
jacks(jacks) used a empty_beer_bottle 2-18-2021, 5:17:33 AM
jacks(jacks) used a empty_beer_bottle 2-18-2021, 5:17:36 AM
jacks(jacks) used a empty_beer_bottle 2-18-2021, 5:17:36 AM
jacks(jacks) used a empty_beer_bottle 2-18-2021, 5:17:38 AM
jacks(jacks) used a empty_beer_bottle 2-18-2021, 5:17:38 AM
jacks(jacks) used a empty_beer_bottle 2-18-2021, 5:17:38 AM
jacks(jacks) used a empty_beer_bottle 2-18-2021, 5:17:38 AM
jacks(jacks) used a empty_beer_bottle 2-18-2021, 5:17:38 AM
jacks(jacks) used a empty_beer_bottle 2-18-2021, 5:17:39 AM
jacks(jacks) used a empty_beer_bottle 2-18-2021, 5:17:39 AM
jacks(jacks) used a empty_beer_bottle 2-18-2021, 5:17:39 AM
jacks(jacks) used a empty_beer_bottle 2-18-2021, 5:17:39 AM
jacks(jacks) used a empty_beer_bottle 2-18-2021, 5:17:40 AM
jacks(jacks) used a empty_beer_bottle 2-18-2021, 5:17:40 AM
jacks(jacks) used a empty_beer_bottle 2-18-2021, 5:17:56 AM
jacks(jacks) used a empty_beer_bottle 2-18-2021, 5:18:00 AM
jacks(jacks) used a empty_beer_bottle 2-18-2021, 5:18:02 AM
jacks(jacks) used a empty_beer_bottle 2-18-2021, 5:18:02 AM
jacks(jacks) used a empty_beer_bottle 2-18-2021, 5:18:06 AM
jacks(jacks) used a empty_beer_bottle 2-18-2021, 5:18:13 AM
jacks(jacks) used a empty_beer_bottle 2-18-2021, 5:18:17 AM
jacks(jacks) used a empty_beer_bottle 2-18-2021, 5:18:19 AM
jacks(jacks) used a empty_beer_bottle 2-18-2021, 5:18:20 AM
jacks(jacks) used a empty_beer_bottle 2-18-2021, 5:18:21 AM
jacks(jacks) used a empty_beer_bottle 2-18-2021, 5:18:21 AM
jacks(jacks) used a empty_beer_bottle 2-18-2021, 5:18:21 AM
jacks(jacks) used a empty_beer_bottle 2-18-2021, 5:18:22 AM
jacks(jacks) used a empty_beer_bottle 2-18-2021, 5:18:24 AM
jacks(jacks) used a empty_beer_bottle 2-18-2021, 5:18:24 AM
jacks(jacks) used a empty_beer_bottle 2-18-2021, 5:18:25 AM
jacks(jacks) used a empty_beer_bottle 2-18-2021, 5:18:25 AM
jacks(jacks) used a tk_ultra_health_potion 2-18-2021, 5:18:34 AM
jacks(jacks) used a tk_ultra_health_potion 2-18-2021, 5:18:34 AM
jacks(jacks) used a empty_beer_bottle 2-18-2021, 5:18:49 AM
jacks(jacks) used a empty_beer_bottle 2-18-2021, 5:18:51 AM
jacks(jacks) used a empty_beer_bottle 2-18-2021, 5:18:51 AM
jacks(jacks) used a empty_beer_bottle 2-18-2021, 5:19:01 AM
jacks(jacks) used a empty_beer_bottle 2-18-2021, 5:19:01 AM
jacks(jacks) used a empty_beer_bottle 2-18-2021, 5:19:05 AM
jacks(jacks) used a empty_beer_bottle 2-18-2021, 5:19:12 AM
jacks(jacks) used a empty_beer_bottle 2-18-2021, 5:19:18 AM
jacks(jacks) used a empty_beer_bottle 2-18-2021, 5:19:28 AM
jacks(jacks) used a tk_ultra_health_potion 2-18-2021, 5:19:55 AM
jacks(jacks) used a tk_ultra_health_potion 2-18-2021, 5:19:55 AM
jacks(jacks) used a empty_beer_bottle 2-18-2021, 5:21:10 AM
jacks(jacks) used a empty_beer_bottle 2-18-2021, 5:21:10 AM
jacks(jacks) used a empty_beer_bottle 2-18-2021, 5:21:10 AM
jacks(jacks) used a empty_beer_bottle 2-18-2021, 5:21:11 AM
jacks(jacks) used a empty_beer_bottle 2-18-2021, 5:21:11 AM
jacks(jacks) used a empty_beer_bottle 2-18-2021, 5:21:11 AM
jacks(jacks) used a empty_beer_bottle 2-18-2021, 5:21:11 AM
jacks(jacks) used a empty_beer_bottle 2-18-2021, 5:21:13 AM
jacks(jacks) used a empty_beer_bottle 2-18-2021, 5:21:14 AM
jacks(jacks) used a empty_beer_bottle 2-18-2021, 5:21:15 AM
jacks(jacks) used a empty_beer_bottle 2-18-2021, 5:21:15 AM
jacks(jacks) used a empty_beer_bottle 2-18-2021, 5:21:15 AM
jacks(jacks) used a empty_beer_bottle 2-18-2021, 5:21:16 AM
jacks(jacks) used a empty_beer_bottle 2-18-2021, 5:21:16 AM
jacks(jacks) used a empty_beer_bottle 2-18-2021, 5:21:17 AM
jacks(jacks) used a empty_beer_bottle 2-18-2021, 5:21:17 AM
jacks(jacks) used a empty_beer_bottle 2-18-2021, 5:21:18 AM
jacks(jacks) used a empty_beer_bottle 2-18-2021, 5:21:18 AM
jacks(jacks) used a empty_beer_bottle 2-18-2021, 5:21:19 AM
jacks(jacks) used a empty_beer_bottle 2-18-2021, 5:21:20 AM
jacks(jacks) used a empty_beer_bottle 2-18-2021, 5:21:20 AM
jacks(jacks) used a empty_beer_bottle 2-18-2021, 5:21:28 AM
jacks(jacks) used a empty_beer_bottle 2-18-2021, 5:21:51 AM
jacks(jacks) used a empty_beer_bottle 2-18-2021, 5:21:51 AM
jacks(jacks) used a empty_beer_bottle 2-18-2021, 5:21:51 AM
jacks(jacks) used a empty_beer_bottle 2-18-2021, 5:21:52 AM
jacks(jacks) used a empty_beer_bottle 2-18-2021, 5:22:19 AM
jacks(jacks) used a empty_beer_bottle 2-18-2021, 5:22:20 AM
jacks(jacks) used a aircraft 2-18-2021, 5:27:49 AM
jacks(jacks) used a wood 2-18-2021, 5:33:36 AM
jacks(jacks) used a wood 2-18-2021, 5:33:59 AM
jacks(jacks) used a warp_box 2-18-2021, 5:36:05 AM
jacks(jacks) used a warp_box 2-18-2021, 5:36:12 AM
jacks(jacks) used a warp_box 2-18-2021, 5:36:20 AM
jacks(jacks) used a warp_box 2-18-2021, 5:36:30 AM
jacks(jacks) used a wood 2-18-2021, 5:39:52 AM
jacks(jacks) used a empty_beer_bottle 2-18-2021, 5:40:35 AM
jacks(jacks) used a empty_beer_bottle 2-18-2021, 5:40:37 AM
jacks(jacks) used a empty_beer_bottle 2-18-2021, 5:40:41 AM
jacks(jacks) used a empty_beer_bottle 2-18-2021, 5:40:41 AM
jacks(jacks) used a empty_beer_bottle 2-18-2021, 5:40:42 AM
jacks(jacks) used a tk_ultra_health_potion 2-18-2021, 5:40:48 AM
jacks(jacks) used a tk_ultra_health_potion 2-18-2021, 5:40:48 AM
jacks(jacks) used a tk_ultra_health_potion 2-18-2021, 5:40:48 AM
jacks(jacks) used a wood 2-18-2021, 5:41:10 AM
jacks(jacks) used a wood 2-18-2021, 5:41:31 AM
jacks(jacks) used a wood 2-18-2021, 5:41:32 AM
jacks(jacks) used a coin 2-18-2021, 5:42:30 AM
jacks(jacks) used a coin 2-18-2021, 5:42:43 AM
jacks(jacks) used a coin 2-18-2021, 5:42:44 AM
jacks(jacks) used a coin 2-18-2021, 5:42:47 AM
jacks(jacks) used a coin 2-18-2021, 5:43:05 AM
jacks(jacks) used a shipment_jgy7p5j 2-18-2021, 5:45:51 AM
jacks(jacks) used a sky_436_mine 2-18-2021, 5:46:07 AM
jacks(jacks) used a sky_436_mine 2-18-2021, 5:46:08 AM
jacks(jacks) used a sky_436_mine 2-18-2021, 5:46:13 AM
jacks(jacks) used a sky_436_mine 2-18-2021, 5:46:19 AM
jacks(jacks) used a sky_436_mine 2-18-2021, 5:46:25 AM
jacks(jacks) used a sky_436_mine 2-18-2021, 5:46:30 AM
jacks(jacks) used a sky_436_mine 2-18-2021, 5:46:48 AM
jacks(jacks) used a sky_436_mine 2-18-2021, 5:46:53 AM
jacks(jacks) used a sky_436_mine 2-18-2021, 5:46:56 AM
jacks(jacks) used a sky_436_mine 2-18-2021, 5:46:58 AM
jacks(jacks) used a sky_436_mine 2-18-2021, 5:46:59 AM
jacks(jacks) used a sky_436_mine 2-18-2021, 5:47:31 AM
jacks(jacks) used a sky_436_mine 2-18-2021, 5:47:33 AM
jacks(jacks) used a sky_436_mine 2-18-2021, 5:47:42 AM
jacks(jacks) used a sky_436_mine 2-18-2021, 5:48:51 AM
jacks(jacks) used a warp_box 2-18-2021, 5:48:57 AM
jacks(jacks) used a warp_box 2-18-2021, 5:50:38 AM
jacks(jacks) used a tk_ultra_health_potion 2-18-2021, 5:51:00 AM
jacks(jacks) used a tk_ultra_health_potion 2-18-2021, 5:51:02 AM
jacks(jacks) used a warp_box 2-18-2021, 5:51:10 AM
jacks(jacks) used a warp_box 2-18-2021, 5:51:32 AM
jacks(jacks) used a warp_box 2-18-2021, 5:51:49 AM
jacks(jacks) used a warp_box 2-18-2021, 5:52:05 AM
jacks(jacks) used a sky_436_mine 2-18-2021, 5:53:11 AM
jacks(jacks) used a sky_436_mine 2-18-2021, 5:53:13 AM
jacks(jacks) used a sky_436_mine 2-18-2021, 5:53:15 AM
jacks(jacks) used a sky_436_mine 2-18-2021, 5:53:19 AM
jacks(jacks) used a sky_436_mine 2-18-2021, 5:53:22 AM
jacks(jacks) used a sky_436_mine 2-18-2021, 5:53:25 AM
jacks(jacks) used a sky_436_mine 2-18-2021, 5:53:28 AM
jacks(jacks) used a sky_436_mine 2-18-2021, 5:53:31 AM
jacks(jacks) used a sky_436_mine 2-18-2021, 5:53:35 AM
jacks(jacks) used a sky_436_mine 2-18-2021, 5:53:37 AM
jacks(jacks) used a sky_436_mine 2-18-2021, 5:53:40 AM
jacks(jacks) used a sky_436_mine 2-18-2021, 5:53:41 AM
jacks(jacks) used a sky_436_mine 2-18-2021, 5:53:45 AM
jacks(jacks) used a shipment_yd7n778 2-18-2021, 5:55:41 AM
jacks(jacks) used a mine 2-18-2021, 5:55:49 AM
jacks(jacks) used a mine 2-18-2021, 5:55:51 AM
jacks(jacks) used a mine 2-18-2021, 5:55:55 AM
jacks(jacks) used a mine 2-18-2021, 5:56:01 AM
jacks(jacks) used a mine 2-18-2021, 5:56:05 AM
jacks(jacks) used a mine 2-18-2021, 5:56:12 AM
jacks(jacks) used a mine 2-18-2021, 5:56:14 AM
jacks(jacks) used a mine 2-18-2021, 5:56:15 AM
jacks(jacks) used a mine 2-18-2021, 5:56:16 AM
jacks(jacks) used a mine 2-18-2021, 5:56:18 AM
jacks(jacks) used a mine 2-18-2021, 5:56:19 AM
jacks(jacks) used a mine 2-18-2021, 5:56:21 AM
jacks(jacks) used a mine 2-18-2021, 5:56:22 AM
jacks(jacks) used a wood 2-18-2021, 5:57:03 AM
jacks(jacks) used a wood 2-18-2021, 5:58:24 AM
jacks(jacks) used a wood 2-18-2021, 5:58:26 AM
jacks(jacks) used a wood 2-18-2021, 5:58:28 AM
jacks(jacks) used a tk_ultra_health_potion 2-18-2021, 5:58:47 AM
jacks(jacks) used a tk_ultra_health_potion 2-18-2021, 5:58:48 AM
jacks(jacks) used a locker_pack 2-18-2021, 10:25:12 PM
jacks(jacks) used a locker_security_booster 2-18-2021, 10:26:04 PM
jacks(jacks) used a locker_security_booster 2-18-2021, 10:26:06 PM
jacks(jacks) used a locker_security_booster 2-18-2021, 10:26:08 PM
jacks(jacks) used a locker_security_booster 2-18-2021, 10:26:12 PM
jacks(jacks) used a locker_security_booster 2-18-2021, 10:26:15 PM
jacks(jacks) used a locker_security_booster 2-18-2021, 10:26:17 PM
jacks(jacks) used a locker_security_booster 2-18-2021, 10:26:19 PM
jacks(jacks) used a locker_security_booster 2-18-2021, 10:26:22 PM
jacks(jacks) used a locker_security_booster 2-18-2021, 10:26:24 PM
jacks(jacks) used a locker_security_booster 2-18-2021, 10:26:26 PM
jacks(jacks) used a locker_security_booster 2-18-2021, 10:26:39 PM
jacks(jacks) used a locker_security_booster 2-18-2021, 10:26:41 PM
jacks(jacks) used a locker_security_booster 2-18-2021, 10:26:43 PM
jacks(jacks) used a locker_security_booster 2-18-2021, 10:26:46 PM
jacks(jacks) used a locker_security_booster 2-18-2021, 10:26:48 PM
jacks(jacks) used a locker_security_booster 2-18-2021, 10:26:50 PM
jacks(jacks) used a locker_security_booster 2-18-2021, 10:26:52 PM
jacks(jacks) used a locker_security_booster 2-18-2021, 10:26:54 PM
jacks(jacks) used a locker_security_booster 2-18-2021, 10:26:56 PM
jacks(jacks) used a locker_security_booster 2-18-2021, 10:26:58 PM
jacks(jacks) used a locker_security_booster 2-18-2021, 10:27:00 PM
jacks(jacks) used a locker_security_booster 2-18-2021, 10:27:01 PM
jacks(jacks) used a locker_security_booster 2-18-2021, 10:27:19 PM
jacks(jacks) used a locker_security_booster 2-18-2021, 10:27:21 PM
jacks(jacks) used a locker_security_booster 2-18-2021, 10:27:25 PM
jacks(jacks) used a locker_security_booster 2-18-2021, 10:27:26 PM
jacks(jacks) used a locker_security_booster 2-18-2021, 10:27:28 PM
jacks(jacks) used a locker_security_booster 2-18-2021, 10:27:29 PM
jacks(jacks) used a locker_security_booster 2-18-2021, 10:27:31 PM
jacks(jacks) used a locker_security_booster 2-18-2021, 10:27:33 PM
jacks(jacks) used a locker_security_booster 2-18-2021, 10:27:38 PM
jacks(jacks) used a locker_security_booster 2-18-2021, 10:27:40 PM
jacks(jacks) used a locker_security_booster 2-18-2021, 10:27:41 PM
jacks(jacks) used a locker_security_booster 2-18-2021, 10:27:43 PM
jacks(jacks) used a locker_security_booster 2-18-2021, 10:27:45 PM
jacks(jacks) used a locker_security_booster 2-18-2021, 10:27:46 PM
jacks(jacks) used a locker_security_booster 2-18-2021, 10:27:48 PM
jacks(jacks) used a locker_security_booster 2-18-2021, 10:27:50 PM
jacks(jacks) used a locker_security_booster 2-18-2021, 10:27:51 PM
jacks(jacks) used a locker_security_booster 2-18-2021, 10:27:53 PM
jacks(jacks) used a locker_security_booster 2-18-2021, 10:27:55 PM
jacks(jacks) used a locker_security_booster 2-18-2021, 10:27:57 PM
jacks(jacks) used a locker_security_booster 2-18-2021, 10:27:59 PM
jacks(jacks) used a bluebox 2-18-2021, 10:28:32 PM
jacks(jacks) used a locker_security_booster 2-18-2021, 10:30:05 PM
jacks(jacks) used a locker_security_booster 2-18-2021, 10:32:57 PM
jacks(jacks) used a hand_cannon 2-18-2021, 10:34:47 PM
jacks(jacks) used a hand_cannon 2-18-2021, 10:34:47 PM
jacks(jacks) used a hand_cannon 2-18-2021, 10:34:48 PM
jacks(jacks) used a tk_ultra_health_potion 2-18-2021, 10:35:00 PM
jacks(jacks) used a tk_ultra_health_potion 2-18-2021, 10:35:00 PM
jacks(jacks) used a empty_beer_bottle 2-18-2021, 10:36:14 PM
jacks(jacks) used a empty_beer_bottle 2-18-2021, 10:36:40 PM
jacks(jacks) used a empty_beer_bottle 2-18-2021, 10:36:41 PM
jacks(jacks) used a empty_beer_bottle 2-18-2021, 10:36:41 PM
jacks(jacks) used a empty_beer_bottle 2-18-2021, 10:36:41 PM
jacks(jacks) used a empty_beer_bottle 2-18-2021, 10:36:41 PM
jacks(jacks) used a empty_beer_bottle 2-18-2021, 10:36:43 PM
jacks(jacks) used a empty_beer_bottle 2-18-2021, 10:36:45 PM
jacks(jacks) used a empty_beer_bottle 2-18-2021, 10:36:45 PM
jacks(jacks) used a empty_beer_bottle 2-18-2021, 10:36:46 PM
jacks(jacks) used a empty_beer_bottle 2-18-2021, 10:36:46 PM
jacks(jacks) used a empty_beer_bottle 2-18-2021, 10:36:47 PM
jacks(jacks) used a empty_beer_bottle 2-18-2021, 10:36:48 PM
jacks(jacks) used a empty_beer_bottle 2-18-2021, 10:36:49 PM
jacks(jacks) used a empty_beer_bottle 2-18-2021, 10:36:49 PM
jacks(jacks) used a empty_beer_bottle 2-18-2021, 10:36:51 PM
jacks(jacks) used a empty_beer_bottle 2-18-2021, 10:37:03 PM
jacks(jacks) used a empty_beer_bottle 2-18-2021, 10:37:03 PM
jacks(jacks) used a empty_beer_bottle 2-18-2021, 10:37:38 PM
jacks(jacks) used a empty_beer_bottle 2-18-2021, 10:37:47 PM
jacks(jacks) used a empty_beer_bottle 2-18-2021, 10:37:48 PM
jacks(jacks) used a empty_beer_bottle 2-18-2021, 10:37:55 PM
jacks(jacks) used a empty_beer_bottle 2-18-2021, 10:38:02 PM
jacks(jacks) used a cannon 2-18-2021, 11:05:12 PM
jacks(jacks) used a m16_assault_rifle 2-18-2021, 11:11:31 PM
jacks(jacks) used a m16_assault_rifle 2-18-2021, 11:11:31 PM
jacks(jacks) used a m16_assault_rifle 2-18-2021, 11:11:31 PM
jacks(jacks) used a police_car 2-18-2021, 11:11:47 PM
jacks(jacks) used a police_car 2-18-2021, 11:11:48 PM
jacks(jacks) used a aircraft 2-18-2021, 11:15:10 PM
jacks(jacks) used a helicopter 2-18-2021, 11:17:17 PM
jacks(jacks) used a helicopter 2-18-2021, 11:17:17 PM
jacks(jacks) used a helicopter 2-18-2021, 11:17:18 PM
jacks(jacks) used a warp_box 2-18-2021, 11:19:05 PM
jacks(jacks) used a hand_cannon 2-18-2021, 11:19:52 PM
jacks(jacks) used a cyanide_pistol 2-18-2021, 11:20:02 PM
jacks(jacks) used a cyanide_pistol 2-18-2021, 11:20:03 PM
jacks(jacks) used a zulfikar 2-18-2021, 11:20:15 PM
jacks(jacks) used a zulfikar 2-18-2021, 11:20:51 PM
jacks(jacks) used a zulfikar 2-18-2021, 11:21:01 PM
jacks(jacks) used a police_car 2-18-2021, 11:21:18 PM
jacks(jacks) used a cannon 2-18-2021, 11:26:10 PM
jacks(jacks) used a cannon 2-18-2021, 11:26:10 PM
jacks(jacks) used a guided_missile 2-18-2021, 11:26:42 PM
jacks(jacks) used a helicopter 2-18-2021, 11:26:56 PM
jacks(jacks) used a helicopter 2-18-2021, 11:28:22 PM
jacks(jacks) used a hand_cannon 2-18-2021, 11:28:36 PM
jacks(jacks) used a hand_cannon 2-18-2021, 11:28:36 PM
jacks(jacks) used a aircraft 2-18-2021, 11:29:16 PM
jacks(jacks) used a aircraft 2-18-2021, 11:29:16 PM
jacks(jacks) used a tk_ultra_health_potion 2-18-2021, 11:59:20 PM
jacks(jacks) used a tk_ultra_health_potion 2-18-2021, 11:59:20 PM