
mattcurtis (mattcurtis) sent /suicide 2-18-2021, 2:56:53 AM
mattcurtis (mattcurtis) sent /sell 2-18-2021, 3:00:43 AM
mattcurtis (mattcurtis) sent /gift 2-18-2021, 3:02:33 AM
mattcurtis (mattcurtis) sent /admingun 2-18-2021, 3:02:39 AM
mattcurtis (mattcurtis) sent /noobie 2-18-2021, 3:06:27 AM
mattcurtis (mattcurtis) sent /lchat oh 2-18-2021, 3:07:29 AM
mattcurtis (mattcurtis) sent /bid 312 2-18-2021, 3:10:36 AM
mattcurtis (mattcurtis) sent /pm kalahami222 hey, um, how can I get dell mobile connect on my laptop? 2-18-2021, 3:11:25 AM
mattcurtis (mattcurtis) sent /r damhmhmhmhmhmhmhmhmhmhmhmhmhmhmhm it 2-18-2021, 3:11:47 AM
mattcurtis (mattcurtis) sent /s46 2-18-2021, 3:14:03 AM
mattcurtis (mattcurtis) sent /s47 2-18-2021, 3:15:07 AM
mattcurtis (mattcurtis) sent /s46 2-18-2021, 3:15:36 AM
mattcurtis (mattcurtis) sent /sell 2-18-2021, 3:16:42 AM
mattcurtis (mattcurtis) sent /s57 2-18-2021, 3:22:34 AM
mattcurtis (mattcurtis) sent /suicide 2-18-2021, 3:24:56 AM
mattcurtis (mattcurtis) sent /lchat uh, I'm fine in my air craft 2-18-2021, 3:25:58 AM
mattcurtis (mattcurtis) sent /lchat can't catch meeeeeeeeeeeeeeeeeeeee, motherhrhrhrhrhrhrhrhrhrhrhrhr fuckerhrhrhrhrhrhrhrhrhrhrhrhrhrhrhrhrhrhrs? 2-18-2021, 3:28:17 AM
mattcurtis (mattcurtis) sent /afk 2-18-2021, 3:30:47 AM
mattcurtis (mattcurtis) sent /lchat oof 2-18-2021, 3:52:10 AM
mattcurtis (mattcurtis) sent /pm jacks hi 2-18-2021, 4:01:39 AM
mattcurtis (mattcurtis) sent /r yo, you know some guy raged in my stream a year ago about imposter accounts out of him? it was kinda funny 2-18-2021, 4:02:21 AM
mattcurtis (mattcurtis) sent /suicide 2-18-2021, 4:03:34 AM
mattcurtis (mattcurtis) sent /bid 90000 2-18-2021, 4:08:02 AM
mattcurtis (mattcurtis) sent /bid 900000 2-18-2021, 4:08:21 AM
mattcurtis (mattcurtis) sent /bid 7000000 2-18-2021, 4:08:53 AM
mattcurtis (mattcurtis) sent /bid 1000000 2-18-2021, 4:10:05 AM
mattcurtis (mattcurtis) sent /bid 5000000 2-18-2021, 4:10:40 AM
mattcurtis (mattcurtis) sent /cancelbid y 2-18-2021, 4:11:05 AM
mattcurtis (mattcurtis) sent /sell 2-18-2021, 4:11:53 AM
mattcurtis (mattcurtis) sent /suicide 2-18-2021, 4:16:51 AM
mattcurtis (mattcurtis) sent /bid 40 2-18-2021, 4:19:00 AM
mattcurtis (mattcurtis) sent /bid 2000000 2-18-2021, 4:19:07 AM
mattcurtis (mattcurtis) sent /cancelbid y 2-18-2021, 4:20:10 AM
mattcurtis (mattcurtis) sent /cancelbid y 2-18-2021, 4:20:15 AM
mattcurtis (mattcurtis) sent /cancelbid y 2-18-2021, 4:20:22 AM
mattcurtis (mattcurtis) sent /bid 20000 2-18-2021, 4:21:19 AM
mattcurtis (mattcurtis) sent /suicide 2-18-2021, 4:21:28 AM
mattcurtis (mattcurtis) sent /bid 5 2-18-2021, 4:21:42 AM
mattcurtis (mattcurtis) sent /roh. 2-18-2021, 4:33:10 AM
mattcurtis (mattcurtis) sent /bid 3200 2-18-2021, 4:47:29 AM
mattcurtis (mattcurtis) sent /joinevent suicide 2-18-2021, 4:47:52 AM
mattcurtis (mattcurtis) sent /joinevent west 2-18-2021, 4:47:59 AM
mattcurtis (mattcurtis) sent /suicide 2-18-2021, 4:48:49 AM
mattcurtis (mattcurtis) sent /afk 2-18-2021, 5:06:38 AM
mattcurtis (mattcurtis) sent /bid 4322 2-18-2021, 5:12:18 AM
mattcurtis (mattcurtis) sent /bid 2000000 2-18-2021, 5:12:37 AM
mattcurtis (mattcurtis) sent /s46 2-18-2021, 6:33:47 AM
mattcurtis (mattcurtis) sent /bid 30000 2-18-2021, 6:56:30 AM
mattcurtis (mattcurtis) sent /bid 123456 2-18-2021, 6:57:21 AM
mattcurtis (mattcurtis) sent /bid 1234567 2-18-2021, 6:57:30 AM
mattcurtis (mattcurtis) sent /bid 341222 2-18-2021, 6:58:41 AM