
nikita-k (nikita-k) sent /chars 2-18-2021, 7:12:55 PM
nikita-k (nikita-k) sent /admins 2-18-2021, 7:13:58 PM
nikita-k (nikita-k) sent /pm kalahami222 you should understand that I don't just put all people in the admins 2-18-2021, 7:14:50 PM
nikita-k (nikita-k) sent /levelsounds 2-18-2021, 7:15:00 PM
nikita-k (nikita-k) sent /levelsounds 2-18-2021, 7:15:01 PM
nikita-k (nikita-k) sent /chars 2-18-2021, 7:22:23 PM
nikita-k (nikita-k) sent /chars 2-18-2021, 7:22:29 PM
nikita-k (nikita-k) sent /inv 2-18-2021, 7:25:20 PM
nikita-k (nikita-k) sent /rawmap 2-18-2021, 7:25:32 PM
nikita-k (nikita-k) sent /go 5 0 0 store 2-18-2021, 7:25:49 PM
nikita-k (nikita-k) sent /maps 2-18-2021, 7:26:06 PM
nikita-k (nikita-k) sent /reloadmaps 2-18-2021, 7:27:18 PM
nikita-k (nikita-k) sent /go 5 0 0 store 2-18-2021, 7:27:51 PM
nikita-k (nikita-k) sent /initmaps 2-18-2021, 7:30:06 PM
nikita-k (nikita-k) sent /go 5 0 0 store 2-18-2021, 7:30:20 PM
nikita-k (nikita-k) sent /go 15 15 0 2-18-2021, 7:35:29 PM
nikita-k (nikita-k) sent /gnstart 2-18-2021, 7:35:50 PM
nikita-k (nikita-k) sent /gnsubmit 10 2-18-2021, 7:35:55 PM
nikita-k (nikita-k) sent /chars 2-18-2021, 7:38:01 PM
nikita-k (nikita-k) sent /garbage 2-18-2021, 7:38:08 PM
nikita-k (nikita-k) sent /update 2-18-2021, 7:55:45 PM
nikita-k (nikita-k) sent /admins 2-18-2021, 7:56:19 PM
nikita-k (nikita-k) sent /developers 2-18-2021, 7:56:22 PM
nikita-k (nikita-k) sent /devs 2-18-2021, 7:56:23 PM
nikita-k (nikita-k) sent /chars 2-18-2021, 7:56:25 PM
nikita-k (nikita-k) sent /newmotd Welcome to the killer, version 2.0.1! added enable and disable buffer beep option to game settings menu for enabling or disabling buffer beep.
added /resetnickname playername command for admins to reset someone's name to default
added /disableaccountcreation and /enableaccountcreation for admins to disable/ enable account creation on the server.
added /enablelogin and disablelogin for admins to enabling / disabling login to the server.
added locker system.
added corpse system.
 2-18-2021, 7:57:03 PM
nikita-k (nikita-k) sent /go 15 15 0 2-18-2021, 8:00:28 PM
nikita-k (nikita-k) sent /suicide 2-18-2021, 8:00:32 PM
nikita-k (nikita-k) sent /go 15 15 0 2-18-2021, 8:00:51 PM
nikita-k (nikita-k) sent /lockers 2-18-2021, 8:03:36 PM
nikita-k (nikita-k) sent /lockers 2-18-2021, 8:03:40 PM
nikita-k (nikita-k) sent /mylockers 2-18-2021, 8:03:43 PM
nikita-k (nikita-k) sent /enablelogin 2-18-2021, 8:08:29 PM
nikita-k (nikita-k) sent /reboot 2-18-2021, 8:08:54 PM
nikita-k (nikita-k) sent /suicide 2-18-2021, 8:09:10 PM
nikita-k (nikita-k) sent /go 15 15 0 2-18-2021, 8:09:25 PM
nikita-k (nikita-k) sent /notify corpses removed! 2-18-2021, 8:09:44 PM
nikita-k (nikita-k) sent /arena 2-18-2021, 8:09:54 PM
nikita-k (nikita-k) sent /garbage 2-18-2021, 8:10:57 PM
nikita-k (nikita-k) sent /pm nikita-k test 2-18-2021, 8:11:20 PM
nikita-k (nikita-k) sent /lchat a 2-18-2021, 8:11:45 PM
nikita-k (nikita-k) sent /t test 2-18-2021, 8:11:55 PM
nikita-k (nikita-k) sent /teams 2-18-2021, 8:11:58 PM
nikita-k (nikita-k) sent /r aaaaaa 2-18-2021, 8:12:06 PM
nikita-k (nikita-k) sent /pm darkness test 2-18-2021, 8:12:20 PM
nikita-k (nikita-k) sent /t test 2-18-2021, 8:13:52 PM
nikita-k (nikita-k) sent /admintell test 2-18-2021, 8:14:04 PM
nikita-k (nikita-k) sent /admintell aa 2-18-2021, 8:17:51 PM
nikita-k (nikita-k) sent /admintell k 2-18-2021, 8:18:14 PM
nikita-k (nikita-k) sent /admintell booster? 2-18-2021, 8:18:58 PM
nikita-k (nikita-k) sent /reloadstore 2-18-2021, 8:20:12 PM
nikita-k (nikita-k) sent /nickname test 2-18-2021, 8:22:03 PM
test (nikita-k) sent /resetnickname nikita-k 2-18-2021, 8:22:10 PM
nikita-k (nikita-k) sent /double_xp 2-18-2021, 8:23:00 PM
nikita-k (nikita-k) sent /pm darkness https://justbeamit.com/52n8k 2-18-2021, 8:24:17 PM
nikita-k (nikita-k) sent /tempbans 2-18-2021, 8:25:16 PM
nikita-k (nikita-k) sent /lchat aa 2-18-2021, 8:27:06 PM
nikita-k (nikita-k) sent /pm darkness https://justbeamit.com/52n8k 2-18-2021, 8:27:42 PM
nikita-k (nikita-k) sent /unblockfeature istek chat 2-18-2021, 8:33:50 PM
nikita-k (nikita-k) sent /admins 2-18-2021, 8:35:54 PM
nikita-k (nikita-k) sent /maps 2-18-2021, 8:36:09 PM
nikita-k (nikita-k) sent /adminhelp 2-18-2021, 8:36:15 PM
nikita-k (nikita-k) sent /cancelauction 2-18-2021, 8:37:00 PM
nikita-k (nikita-k) sent /leaveevent  2-18-2021, 8:37:02 PM
nikita-k (nikita-k) sent /chars 2-18-2021, 8:40:00 PM
nikita-k (nikita-k) sent /newbuilder kalahami222 2-18-2021, 8:43:39 PM
nikita-k (nikita-k) sent /lockers 2-18-2021, 8:45:37 PM
nikita-k (nikita-k) sent /reboot 2-18-2021, 8:53:29 PM
nikita-k (nikita-k) sent /give sgamer coin 200000000 2-18-2021, 8:54:48 PM
nikita-k (nikita-k) sent /give nikita-k locker_pack 10 2-18-2021, 8:58:23 PM
nikita-k (nikita-k) sent /lockers 2-18-2021, 8:59:45 PM
nikita-k (nikita-k) sent /maps 2-18-2021, 9:01:22 PM
nikita-k (nikita-k) sent /builders 2-18-2021, 9:08:13 PM
nikita-k (nikita-k) sent /go 19 11 0 2-18-2021, 9:11:28 PM
nikita-k (nikita-k) sent /reboot 2-18-2021, 9:20:05 PM
nikita-k (nikita-k) sent /give nikita-k bluebox 1 2-18-2021, 9:21:56 PM
nikita-k (nikita-k) sent /give nikita-k bluebox 100000 2-18-2021, 9:22:36 PM
nikita-k (nikita-k) sent /pm darkness nikitakjkj 2-18-2021, 9:25:34 PM
nikita-k (nikita-k) sent /reloadstore 2-18-2021, 9:25:57 PM
nikita-k (nikita-k) sent /go 0 20 0 2-18-2021, 9:30:09 PM
nikita-k (nikita-k) sent /give nikita-k coin 100000000 2-18-2021, 9:30:23 PM
nikita-k (nikita-k) sent /go 19 11 0 2-18-2021, 9:30:30 PM
nikita-k (nikita-k) sent /lockers 2-18-2021, 9:38:54 PM
nikita-k (nikita-k) sent /mylockers 2-18-2021, 9:39:00 PM
nikita-k (nikita-k) sent /pm darkness test 2-18-2021, 9:40:10 PM
nikita-k (nikita-k) sent /giveall gift 10 2-18-2021, 9:40:30 PM
nikita-k (nikita-k) sent /double_xp 2-18-2021, 9:41:14 PM
nikita-k (nikita-k) sent /backinvs 2-18-2021, 9:43:11 PM
nikita-k (nikita-k) sent /backupinvs 2-18-2021, 9:43:15 PM
nikita-k (nikita-k) sent /invbackup 2-18-2021, 9:43:22 PM
nikita-k (nikita-k) sent /invsbackup 2-18-2021, 9:43:27 PM
nikita-k (nikita-k) sent /backupinvs 2-18-2021, 9:43:32 PM
nikita-k (nikita-k) sent /backupinv 2-18-2021, 9:43:36 PM
nikita-k (nikita-k) sent /t ee 2-18-2021, 9:48:20 PM
nikita-k (nikita-k) sent /pm nikita-k test 2-18-2021, 9:55:45 PM
nikita-k (nikita-k) sent /pm nikita-k test 2-18-2021, 9:58:48 PM
nikita-k (nikita-k) sent /pm nikita-k test 2-18-2021, 10:02:19 PM
nikita-k (nikita-k) sent /r ok 2-18-2021, 10:06:33 PM
nikita-k (nikita-k) sent /pm darkness ok 2-18-2021, 10:08:38 PM
nikita-k (nikita-k) sent /t test 2-18-2021, 10:08:45 PM
nikita-k (nikita-k) sent /admintell asdf 2-18-2021, 10:09:00 PM
nikita-k (nikita-k) sent /r i have bloodbath 2-18-2021, 10:10:26 PM
nikita-k (nikita-k) sent /r 2 versions 2-18-2021, 10:10:32 PM
nikita-k (nikita-k) sent /r no 2-18-2021, 10:11:03 PM
nikita-k (nikita-k) sent /r dont have 2-18-2021, 10:11:08 PM
nikita-k (nikita-k) sent /beacon 2-18-2021, 10:14:32 PM
nikita-k (nikita-k) sent /beacon 2-18-2021, 10:14:32 PM
nikita-k (nikita-k) sent /help 2-18-2021, 10:16:29 PM
nikita-k (nikita-k) sent /mylockers 2-18-2021, 10:17:47 PM
nikita-k (nikita-k) sent /lockers 2-18-2021, 10:21:51 PM
nikita-k (nikita-k) sent /shelters 2-18-2021, 10:21:54 PM
nikita-k (nikita-k) sent /teams 2-18-2021, 10:22:03 PM
nikita-k (nikita-k) sent /pm jacks nope 2-18-2021, 10:22:48 PM
nikita-k (nikita-k) sent /give nikita-k bluebox 100 2-18-2021, 10:26:54 PM
nikita-k (nikita-k) sent /uploadsound 2-18-2021, 10:32:16 PM
nikita-k (nikita-k) sent /admintell reply from jacks (jacks): can i be admin? 2-18-2021, 10:34:31 PM
nikita-k (nikita-k) sent /r na 2-18-2021, 10:34:37 PM
nikita-k (nikita-k) sent /go 5 0 0 2-18-2021, 10:35:52 PM
nikita-k (nikita-k) sent /uploadsound 2-18-2021, 10:38:05 PM
nikita-k (nikita-k) sent /admintell test 2-18-2021, 10:40:46 PM
nikita-k (nikita-k) sent /reboot 2-18-2021, 10:42:12 PM
nikita-k (nikita-k) sent /admintell t 2-18-2021, 10:42:27 PM
nikita-k (nikita-k) sent /admintell ok 2-18-2021, 10:42:32 PM
nikita-k (nikita-k) sent /t ss 2-18-2021, 10:42:46 PM
nikita-k (nikita-k) sent /help 2-18-2021, 10:49:08 PM
nikita-k (nikita-k) sent /beacon 2-18-2021, 10:49:09 PM
nikita-k (nikita-k) sent /t test 2-18-2021, 10:49:33 PM
nikita-k (nikita-k) sent /admins 2-18-2021, 10:51:11 PM
nikita-k (nikita-k) sent /maps 2-18-2021, 10:51:49 PM
nikita-k (nikita-k) sent /update 2-18-2021, 10:55:02 PM
nikita-k (nikita-k) sent /t t 2-18-2021, 10:55:29 PM
nikita-k (nikita-k) sent /beacon 2-18-2021, 10:58:49 PM
nikita-k (nikita-k) sent /beacon 2-18-2021, 10:58:50 PM
nikita-k (nikita-k) sent /reboot 2-18-2021, 11:00:44 PM
nikita-k (nikita-k) sent /beacon 2-18-2021, 11:01:35 PM
nikita-k (nikita-k) sent /beacon 2-18-2021, 11:01:36 PM
nikita-k (nikita-k) sent /r https://justbeamit.com/54fpm 2-18-2021, 11:02:47 PM
nikita-k (nikita-k) sent /admintell die 2-18-2021, 11:03:20 PM
nikita-k (nikita-k) sent /help 2-18-2021, 11:04:17 PM
nikita-k (nikita-k) sent /mylockers 2-18-2021, 11:04:25 PM
nikita-k (nikita-k) sent /r yeah thanx 2-18-2021, 11:06:37 PM
nikita-k (nikita-k) sent /newmotd Welcome to new version of the killer, 2.0.2!
News in this version
You can now press shift slash and write some command without a slash, like help
Press shift f4 to turn the beacons off or on
Fixed the pm system
Fixed buffers 2-18-2021, 11:07:32 PM
nikita-k (nikita-k) sent /requests 2-18-2021, 11:09:47 PM
nikita-k (nikita-k) sent /chars 2-18-2021, 11:14:12 PM
nikita-k (nikita-k) sent /go 19 11 0 2-18-2021, 11:25:41 PM
nikita-k (nikita-k) sent /votes 2-18-2021, 11:26:38 PM
nikita-k (nikita-k) sent /vote no 2-18-2021, 11:26:42 PM