
krokodailtop(krokodailtop) used a shield 2-2-2021, 7:05:42 PM
krokodailtop(krokodailtop) used a shield 2-2-2021, 7:05:43 PM
krokodailtop(krokodailtop) used a shield 2-2-2021, 7:05:43 PM
krokodailtop(krokodailtop) used a shield 2-2-2021, 7:05:44 PM
krokodailtop(krokodailtop) used a shield 2-2-2021, 7:05:44 PM
krokodailtop(krokodailtop) used a shield 2-2-2021, 7:05:44 PM
krokodailtop(krokodailtop) used a shield 2-2-2021, 7:05:44 PM
krokodailtop(krokodailtop) used a shield 2-2-2021, 7:05:45 PM
krokodailtop(krokodailtop) used a shield 2-2-2021, 7:05:45 PM
krokodailtop(krokodailtop) used a shield 2-2-2021, 7:05:45 PM
krokodailtop(krokodailtop) used a shield 2-2-2021, 7:05:45 PM
krokodailtop(krokodailtop) used a shield 2-2-2021, 7:05:46 PM
krokodailtop(krokodailtop) used a shield 2-2-2021, 7:05:46 PM
krokodailtop(krokodailtop) used a shield 2-2-2021, 7:05:47 PM
krokodailtop(krokodailtop) used a shield 2-2-2021, 7:05:47 PM
krokodailtop(krokodailtop) used a shield 2-2-2021, 7:05:48 PM
krokodailtop(krokodailtop) used a shield 2-2-2021, 7:05:48 PM
krokodailtop(krokodailtop) used a shield 2-2-2021, 7:05:48 PM
krokodailtop(krokodailtop) used a shield 2-2-2021, 7:05:49 PM
krokodailtop(krokodailtop) used a shield 2-2-2021, 7:05:49 PM
krokodailtop(krokodailtop) used a shield 2-2-2021, 7:05:49 PM
krokodailtop(krokodailtop) used a shield 2-2-2021, 7:05:49 PM
krokodailtop(krokodailtop) used a shield 2-2-2021, 7:05:50 PM
krokodailtop(krokodailtop) used a shield 2-2-2021, 7:05:50 PM
krokodailtop(krokodailtop) used a shield 2-2-2021, 7:05:50 PM
krokodailtop(krokodailtop) used a shield 2-2-2021, 7:05:51 PM
krokodailtop(krokodailtop) used a shield 2-2-2021, 7:05:51 PM
krokodailtop(krokodailtop) used a empty_beer_bottle 2-2-2021, 7:05:52 PM
krokodailtop(krokodailtop) used a tk_ultra_health_potion 2-2-2021, 7:05:53 PM
krokodailtop(krokodailtop) used a modern_sub_machine_gun_carbine 2-2-2021, 7:06:53 PM
krokodailtop(krokodailtop) used a rpg7 2-2-2021, 7:06:55 PM
krokodailtop(krokodailtop) used a rocket_launcher 2-2-2021, 7:07:36 PM
krokodailtop(krokodailtop) used a sniper 2-2-2021, 7:07:44 PM
krokodailtop(krokodailtop) used a broken_rifle 2-2-2021, 7:08:47 PM
krokodailtop(krokodailtop) used a spiked_chain_mace 2-2-2021, 7:11:00 PM
krokodailtop(krokodailtop) used a studded_boots 2-2-2021, 7:11:06 PM
krokodailtop(krokodailtop) used a studded_boots 2-2-2021, 7:11:14 PM
krokodailtop(krokodailtop) used a large_iron_club 2-2-2021, 7:14:33 PM
krokodailtop(krokodailtop) used a studded_boots 2-2-2021, 7:23:00 PM
krokodailtop(krokodailtop) used a spiked_chain_mace 2-2-2021, 7:23:11 PM
krokodailtop(krokodailtop) used a large_iron_club 2-2-2021, 7:23:36 PM
krokodailtop(krokodailtop) used a stp_m4_combat_knife 2-2-2021, 7:24:19 PM
krokodailtop(krokodailtop) used a tk_ultra_health_potion 2-2-2021, 7:25:40 PM
krokodailtop(krokodailtop) used a shield 2-2-2021, 7:25:44 PM
krokodailtop(krokodailtop) used a shield 2-2-2021, 7:25:44 PM
krokodailtop(krokodailtop) used a tk_ultra_health_potion 2-2-2021, 7:27:19 PM
krokodailtop(krokodailtop) used a tk_ultra_health_potion 2-2-2021, 7:27:19 PM
krokodailtop(krokodailtop) used a gauss 2-2-2021, 7:29:14 PM
krokodailtop(krokodailtop) used a rocket_launcher 2-2-2021, 7:31:12 PM