
bolgelo (bolgelo) said ט 12-24-2020, 2:57:18 PM
bolgelo (bolgelo) said kirillboss just used the grounds of the kirill'smain_room map to teach bolgelo a very important lesson!  12-24-2020, 3:06:31 PM
bolgelo (bolgelo) said current location: southwest tower 12-24-2020, 3:11:30 PM
bolgelo (bolgelo) said פפנפנפנפ 12-24-2020, 3:35:28 PM
bolgelo (bolgelo) said hahaha 12-24-2020, 3:35:30 PM
bolgelo (bolgelo) said roflfllf 12-24-2020, 3:35:34 PM
bolgelo (bolgelo) said גסל םו 12-24-2020, 3:35:44 PM
bolgelo (bolgelo) said hahhaaa 12-24-2020, 3:37:02 PM
bolgelo (bolgelo) said this team has been canceled! 12-24-2020, 3:37:07 PM
bolgelo (bolgelo) said i don't think that would be such a good idea 12-24-2020, 3:43:36 PM
bolgelo (bolgelo) said you can't just build a shelter inside a moving store! 12-24-2020, 3:43:57 PM
bolgelo (bolgelo) said 88 beretta_m1951_machine_pistol ammo! 12-24-2020, 3:51:15 PM
bolgelo (bolgelo) said ah 12-24-2020, 4:07:50 PM
bolgelo (bolgelo) said el jugador bolgelo acaba de sellar el mapa de sisichki, ?felicidades! 12-24-2020, 7:40:25 PM
bolgelo (bolgelo) said you are at max health and you can't go any higher! 12-24-2020, 7:41:45 PM
bolgelo (bolgelo) said oy oy oy you are at max health and you can't go any higher! 12-24-2020, 8:43:15 PM
bolgelo (bolgelo) said loooool 12-24-2020, 8:44:51 PM
bolgelo (bolgelo) said oyoyoy 12-24-2020, 8:45:00 PM
bolgelo (bolgelo) said move 12-24-2020, 8:45:08 PM
bolgelo (bolgelo) said roooooooofl 12-24-2020, 8:45:10 PM
bolgelo (bolgelo) said dura 12-24-2020, 9:28:57 PM
bolgelo (bolgelo) said duuuuuura 12-24-2020, 9:29:05 PM
bolgelo (bolgelo) said why 12-24-2020, 9:29:18 PM
bolgelo (bolgelo) said hahahaaha 12-24-2020, 9:29:20 PM
bolgelo (bolgelo) said ךמדמ 12-24-2020, 9:29:36 PM
bolgelo (bolgelo) said ןפ א רמ םו עאך 12-24-2020, 9:29:43 PM
bolgelo (bolgelo) said ‎עמ כףקרו 12-24-2020, 9:30:09 PM
bolgelo (bolgelo) said נפנפפ 12-24-2020, 9:30:43 PM
bolgelo (bolgelo) said alerta de basura! nikita-k esta recolectando toda la basura del servidor para intentar liberar el retraso. esto puede retrasar el servidor por unos segundos, por favor no desconecte 12-24-2020, 9:31:15 PM
bolgelo (bolgelo) said hahaahhahaa 12-24-2020, 9:31:23 PM
bolgelo (bolgelo) said fuck 12-24-2020, 9:31:27 PM
bolgelo (bolgelo) said i want here contrebutions menue ah 12-24-2020, 9:31:38 PM
bolgelo (bolgelo) said 1 admins. lordral 12-24-2020, 9:32:07 PM