
Yarina logged in. 12-24-2020, 12:08:20 AM
nikita-k logged in. 12-24-2020, 11:03:15 AM
bolgelo logged in. 12-24-2020, 2:55:03 PM
nikita-k logged in. 12-24-2020, 2:55:54 PM
nikita-k logged in. 12-24-2020, 3:01:06 PM
nikita-k logged in. 12-24-2020, 3:25:25 PM
mihail logged in. 12-24-2020, 3:25:26 PM
bolgelo logged in. 12-24-2020, 3:34:14 PM
bolgelo logged in. 12-24-2020, 3:45:32 PM
bolgelo logged in. 12-24-2020, 3:50:09 PM
bolgelo logged in. 12-24-2020, 4:07:29 PM
nikita-k logged in. 12-24-2020, 4:09:45 PM
nikita-k logged in. 12-24-2020, 4:15:55 PM
nikita-k logged in. 12-24-2020, 4:22:35 PM
nikita-k logged in. 12-24-2020, 4:26:20 PM
nikita-k logged in. 12-24-2020, 4:27:12 PM
nikita-k logged in. 12-24-2020, 4:32:20 PM
nikita-k logged in. 12-24-2020, 4:35:15 PM
nikita-k logged in. 12-24-2020, 4:37:08 PM
nikita-k logged in. 12-24-2020, 4:52:37 PM
nikita-k logged in. 12-24-2020, 4:52:49 PM
bolgelo logged in. 12-24-2020, 5:19:33 PM
spay logged in. 12-24-2020, 6:32:02 PM
nikita-k logged in. 12-24-2020, 6:49:00 PM
nikita-k logged in. 12-24-2020, 7:35:25 PM
nikita-k logged in. 12-24-2020, 7:35:38 PM
bolgelo logged in. 12-24-2020, 7:39:30 PM
nikita-k logged in. 12-24-2020, 7:50:39 PM
bolgelo logged in. 12-24-2020, 7:51:03 PM
nikita-k logged in. 12-24-2020, 7:55:57 PM
nikita-k logged in. 12-24-2020, 7:56:08 PM
bolgelo logged in. 12-24-2020, 7:56:59 PM
nikita-k logged in. 12-24-2020, 8:00:21 PM
nikita-k logged in. 12-24-2020, 8:12:35 PM
bolgelo logged in. 12-24-2020, 8:14:22 PM
nikita-k logged in. 12-24-2020, 8:20:41 PM
mihail logged in. 12-24-2020, 8:28:04 PM
mihail logged in. 12-24-2020, 8:29:37 PM
nikita-k logged in. 12-24-2020, 8:29:40 PM
mihail logged in. 12-24-2020, 8:31:57 PM
nikita-k logged in. 12-24-2020, 8:32:00 PM
mihail logged in. 12-24-2020, 8:33:54 PM
nikita-k logged in. 12-24-2020, 8:33:55 PM
nikita-k logged in. 12-24-2020, 8:42:05 PM
bolgelo logged in. 12-24-2020, 8:43:07 PM
bolgelo logged in. 12-24-2020, 8:47:36 PM
nikita-k logged in. 12-24-2020, 8:47:37 PM
nikita-k logged in. 12-24-2020, 8:57:20 PM
nikita-k logged in. 12-24-2020, 8:59:42 PM
Lordral logged in. 12-24-2020, 9:22:02 PM
nikita-k logged in. 12-24-2020, 9:22:20 PM
Lordral logged in. 12-24-2020, 9:26:34 PM
bolgelo logged in. 12-24-2020, 9:28:42 PM
Lordral logged in. 12-24-2020, 9:48:35 PM
Lordral logged in. 12-24-2020, 10:37:16 PM