
Yarina logged in. 12-24-2020, 12:08:20 AM
Yarina disconnected 12-24-2020, 12:23:04 AM
nikita-k logged in. 12-24-2020, 11:03:15 AM
nikita-k disconnected 12-24-2020, 11:03:37 AM
bolgelo logged in. 12-24-2020, 2:55:03 PM
nikita-k logged in. 12-24-2020, 2:55:54 PM
nikita-k (nikita-k) said s 12-24-2020, 2:57:12 PM
bolgelo (bolgelo) said и 12-24-2020, 2:57:18 PM
nikita-k (nikita-k) said ska 12-24-2020, 2:57:22 PM
nikita-k disconnected 12-24-2020, 3:00:59 PM
nikita-k logged in. 12-24-2020, 3:01:06 PM
death: bolgelo just blew kirill2's brains out. Somebody get a mo 12-24-2020, 3:05:37 PM
death: kirill3 just got annihilated by bolgelo 12-24-2020, 3:06:04 PM
death: bolgelo just put the smack down on kirill1 12-24-2020, 3:06:10 PM
death: kirillboss just used the grounds of the kirill'smain_room map to teach bolgelo a very important lesson!  12-24-2020, 3:06:23 PM
bolgelo (bolgelo) said kirillboss just used the grounds of the kirill'smain_room map to teach bolgelo a very important lesson!  12-24-2020, 3:06:31 PM
server notification: The big_sisichki_of_nikita-k shelter has been created! 12-24-2020, 3:10:09 PM
death: shelter destruction just gave  bolgelo a royal beating 12-24-2020, 3:10:17 PM
bolgelo (bolgelo) said current location: southwest tower 12-24-2020, 3:11:30 PM
death: the laws of gravity just used the grounds of the store map to teach bolgelo a very important lesson!  12-24-2020, 3:12:36 PM
death: nikita-k was owned by heavy hammer on main 12-24-2020, 3:24:59 PM
nikita-k disconnected 12-24-2020, 3:25:07 PM
nikita-k logged in. 12-24-2020, 3:25:25 PM
mihail logged in. 12-24-2020, 3:25:26 PM
mihail (mihail) said hi all 12-24-2020, 3:25:36 PM
nikita-k (nikita-k) said hi 12-24-2020, 3:25:39 PM
nikita-k updated the message of the day to Внимание! Скоро появятся challenge maps! 12-24-2020, 3:26:01 PM
nikita-k (nikita-k) said lol 12-24-2020, 3:26:10 PM
mihail (mihail) said gg 12-24-2020, 3:26:15 PM
death: I think I just saw kirill2's corpse flying as mihail owned them on kirill's_world. 12-24-2020, 3:26:51 PM
bolgelo disconnected 12-24-2020, 3:27:14 PM
death: and splat goes kirill4, with mihail standing over them with quite the smile 12-24-2020, 3:27:49 PM
death: gravaty just finished pulling the corpse of mihail to the ground of the kirill's_world map, and we can thank kirill2 for the help!  12-24-2020, 3:27:55 PM
death: Oops? Man down! That man is mihail. kirill4 isn't so kind on kirill's_world. 12-24-2020, 3:28:48 PM
death: a bloody corpse of kirill4 now lies on map kirill's_world, thanks to mihail 12-24-2020, 3:28:50 PM
death: and the deathly scream of kirill4 pierces the air as mihail finishes them off! 12-24-2020, 3:28:50 PM
death: kirill3, You have a murderer on line 1, go ahead mihail  12-24-2020, 3:31:18 PM
death: gravaty just finished pulling the corpse of kirill4 to the ground of the kirill's_world map, and we can thank mihail for the help!  12-24-2020, 3:31:38 PM
nikita-k (nikita-k) said current location: challenge maps! please select the map by pressing the left and right arrow keys 12-24-2020, 3:31:41 PM
mihail (mihail) said прикольно 12-24-2020, 3:31:53 PM
death: kirill4 was nuked off the map kirill's_world by mihail 12-24-2020, 3:32:02 PM
death: nikita-k was just obliterated by the force of heavy hammer on Challenge maps! Please select the map by pressing the left and right arrow keys 12-24-2020, 3:32:14 PM
death: mihail is so happy because he killed kirill2 on kirill's_world! 12-24-2020, 3:32:26 PM
death: kirill1 just got their ass handed to them on a platter, happily served by mihail 12-24-2020, 3:32:42 PM
death: There's a light at the end of the tunnel kirill3, actually, fuck that. mihail ran you down. Sor'r'r'r'r'r'r'r'r'r'ry 12-24-2020, 3:32:44 PM
death: mihail just royally kicked kirill3's ass 12-24-2020, 3:32:49 PM
death: A new freshly killed blood of kirill3 lies now on kirill's_world, thanks mihail! 12-24-2020, 3:32:50 PM
death: Another one bites the dust! kirill2, have fun, I'm sure mihail is 12-24-2020, 3:33:05 PM
death: mihail just blew kirill1's brains out. Somebody get a mo 12-24-2020, 3:33:11 PM
bolgelo logged in. 12-24-2020, 3:34:14 PM
death: mihail just put the smack down on kirillboss 12-24-2020, 3:34:44 PM
nikita-k (nikita-k) said heh 12-24-2020, 3:34:52 PM
nikita-k (nikita-k) said и так 12-24-2020, 3:35:14 PM
death: kirillboss just condemned mihail to hell! 12-24-2020, 3:35:19 PM
nikita-k (nikita-k) said шо будет даваться за тестовую карту 12-24-2020, 3:35:23 PM
death: mihail just royally kicked kirillboss's ass 12-24-2020, 3:35:24 PM
bolgelo (bolgelo) said ффрфрфрф 12-24-2020, 3:35:28 PM
bolgelo (bolgelo) said hahaha 12-24-2020, 3:35:30 PM
bolgelo (bolgelo) said roflfllf 12-24-2020, 3:35:34 PM
nikita-k (nikita-k) said 10 сонет 12-24-2020, 3:35:35 PM
nikita-k (nikita-k) said монет 12-24-2020, 3:35:38 PM
bolgelo (bolgelo) said всм не 12-24-2020, 3:35:44 PM
mihail (mihail) said санет, roflflflfl 12-24-2020, 3:35:47 PM
mihail (mihail) said bolgelo, (bolgelo), is on map siski rofl 12-24-2020, 3:36:57 PM
bolgelo (bolgelo) said hahhaaa 12-24-2020, 3:37:02 PM
bolgelo (bolgelo) said this team has been canceled! 12-24-2020, 3:37:07 PM
nikita-k (nikita-k) said будет даваться предмет test compliter 12-24-2020, 3:37:09 PM
nikita-k (nikita-k) said compleater 12-24-2020, 3:37:13 PM
mihail (mihail) said и шо он будит делать 12-24-2020, 3:37:20 PM
nikita-k (nikita-k) said ничего 12-24-2020, 3:37:26 PM
nikita-k (nikita-k) said это тест 12-24-2020, 3:37:28 PM
death: glider killed mihail on zalp. 12-24-2020, 3:38:58 PM
death: glider was nuked out of existance by mihail 12-24-2020, 3:39:00 PM
mihail (mihail) said oy 12-24-2020, 3:39:03 PM
death: There's a light at the end of the tunnel bear, actually, fuck that. mihail ran you down. Sor'r'r'r'r'r'r'r'r'r'ry 12-24-2020, 3:39:31 PM
death: mihail was nuked out of existance by bolgelo's hand_grenade 12-24-2020, 3:39:46 PM
death: fitter was given what was coming to them, thank you bolgelo! 12-24-2020, 3:39:48 PM
death: bolgelo is so happy because he killed cat on zalp! 12-24-2020, 3:39:50 PM
death: The zalp map is full now with rat's guts as bolgelo owned them! 12-24-2020, 3:39:59 PM
mihail (mihail) said гыг 12-24-2020, 3:40:01 PM
death: and the deathly scream of rocketlauncher pierces the air as bolgelo finishes them off! 12-24-2020, 3:40:11 PM
death: bolgelo is so happy because he killed coyote on zalp! 12-24-2020, 3:40:15 PM
mihail disconnected 12-24-2020, 3:40:27 PM
death: gangster just got bashed by bolgelo on the zalp map 12-24-2020, 3:40:29 PM
death: You know that particular element in physics where velocity increases as you fall? yeah, trainer learned that really fuckin quick, and we can thank bolgelo. 12-24-2020, 3:40:39 PM
death: bolgelo just put patient 6 feet under on zalp 12-24-2020, 3:40:56 PM
death: gun really made a mess of bolgelo on the zalp map.  12-24-2020, 3:41:01 PM
death: bolgelo killed boxer on zalp. 12-24-2020, 3:41:08 PM
death: ownage! polarbear managed to escape by killing bolgelo on the map zalp 12-24-2020, 3:41:14 PM
death: bolgelo just neutralized dragonfly 12-24-2020, 3:41:21 PM
bolgelo (bolgelo) said i don't think that would be such a good idea 12-24-2020, 3:43:36 PM
bolgelo (bolgelo) said you can't just build a shelter inside a moving store! 12-24-2020, 3:43:57 PM
bolgelo disconnected 12-24-2020, 3:44:13 PM
bolgelo logged in. 12-24-2020, 3:45:32 PM
bolgelo disconnected 12-24-2020, 3:46:35 PM
bolgelo logged in. 12-24-2020, 3:50:09 PM
death: bolgelo just totaled zombie's ass on cave 12-24-2020, 3:51:10 PM
bolgelo (bolgelo) said 88 beretta_m1951_machine_pistol ammo! 12-24-2020, 3:51:15 PM
bolgelo disconnected 12-24-2020, 3:52:24 PM
death: Somebody call 9 1 1, oh wait, rain check. bolgelo gives no shits. Peace out, zombie 12-24-2020, 3:52:25 PM
bolgelo logged in. 12-24-2020, 4:07:29 PM
bolgelo (bolgelo) said ah 12-24-2020, 4:07:50 PM
bolgelo disconnected 12-24-2020, 4:07:52 PM
nikita-k lost connection 12-24-2020, 4:09:42 PM
nikita-k logged in. 12-24-2020, 4:09:45 PM
nikita-k logged in. 12-24-2020, 4:15:55 PM
nikita-k logged in. 12-24-2020, 4:22:35 PM
nikita-k logged in. 12-24-2020, 4:26:20 PM
nikita-k disconnected 12-24-2020, 4:27:09 PM
nikita-k logged in. 12-24-2020, 4:27:12 PM
nikita-k logged in. 12-24-2020, 4:32:20 PM
nikita-k logged in. 12-24-2020, 4:35:15 PM
nikita-k logged in. 12-24-2020, 4:37:08 PM
nikita-k updated the message of the day to Hi, andcwelcome! 12-24-2020, 4:39:05 PM
nikita-k disconnected 12-24-2020, 4:39:06 PM
nikita-k logged in. 12-24-2020, 4:52:37 PM
nikita-k logged in. 12-24-2020, 4:52:49 PM
nikita-k disconnected 12-24-2020, 4:52:58 PM
bolgelo logged in. 12-24-2020, 5:19:33 PM
death: Oh flapjacks, Challenge maps! Please select the map by pressing the left and right arrow keys looks like a big bloody mess. heavy hammer definitely pushed hard to use bolgelo's remains as a deceration 12-24-2020, 5:20:46 PM
bolgelo disconnected 12-24-2020, 5:20:54 PM
spay logged in. 12-24-2020, 6:32:02 PM
death: spay has been terminated by dragon 12-24-2020, 6:33:14 PM
spay lost connection 12-24-2020, 6:36:36 PM
nikita-k logged in. 12-24-2020, 6:49:00 PM
nikita-k disconnected 12-24-2020, 6:50:17 PM
nikita-k logged in. 12-24-2020, 7:35:25 PM
nikita-k logged in. 12-24-2020, 7:35:38 PM
nikita-k (nikita-k) said a 12-24-2020, 7:35:44 PM
bolgelo logged in. 12-24-2020, 7:39:30 PM
bolgelo (bolgelo) said el jugador bolgelo acaba de sellar el mapa de sisichki, ?felicidades! 12-24-2020, 7:40:25 PM
bolgelo (bolgelo) said you are at max health and you can't go any higher! 12-24-2020, 7:41:45 PM
nikita-k logged in. 12-24-2020, 7:50:39 PM
bolgelo logged in. 12-24-2020, 7:51:03 PM
bolgelo disconnected 12-24-2020, 7:53:00 PM
nikita-k lost connection 12-24-2020, 7:53:12 PM
nikita-k logged in. 12-24-2020, 7:55:57 PM
nikita-k logged in. 12-24-2020, 7:56:08 PM
death: nikita-k just got creamed by no one 12-24-2020, 7:56:09 PM
bolgelo logged in. 12-24-2020, 7:56:59 PM
death: OK, let's see what else no one can do for bolgelo on . I saw he killed them! 12-24-2020, 7:57:00 PM
bolgelo lost connection 12-24-2020, 8:00:14 PM
nikita-k logged in. 12-24-2020, 8:00:21 PM
nikita-k updated the message of the day to hi and welcome! 12-24-2020, 8:01:56 PM
nikita-k logged in. 12-24-2020, 8:12:35 PM
bolgelo logged in. 12-24-2020, 8:14:22 PM
bolgelo disconnected 12-24-2020, 8:14:59 PM
nikita-k lost connection 12-24-2020, 8:20:41 PM
nikita-k logged in. 12-24-2020, 8:20:41 PM
mihail logged in. 12-24-2020, 8:28:04 PM
death: Is there a doctor on the map? mihail has no paulse. Oh, there isn't? Okay. no one laughs. 12-24-2020, 8:28:05 PM
mihail logged in. 12-24-2020, 8:29:37 PM
nikita-k logged in. 12-24-2020, 8:29:40 PM
death: Somebody call 9 1 1, oh wait, rain check. mihail gives no shits. Peace out, surgeon 12-24-2020, 8:30:26 PM
death: cat just got bashed by mihail on the zalp map 12-24-2020, 8:30:37 PM
death: tushkano was totaled by mihail on map zalp 12-24-2020, 8:30:52 PM
death: A pool of red reminder liquid now forms under psychiatrist's corpse. mihail has the credibility for their demise.  12-24-2020, 8:31:15 PM
death: welder was just obliterated by the force of mihail on zalp 12-24-2020, 8:31:25 PM
death: trainer was totaled by mihail on map zalp 12-24-2020, 8:31:33 PM
mihail logged in. 12-24-2020, 8:31:57 PM
nikita-k logged in. 12-24-2020, 8:32:00 PM
death: gun was given what was coming to them, thank you mihail! 12-24-2020, 8:32:35 PM
death: Man? what's this! flamethrower died? No! He's my friend! Or what... I mean, he's mihail's friend! But I still can't believe looking at how he killed them on zalp. 12-24-2020, 8:32:45 PM
death: fitter died. Why? Because mihail owned them on zalp. 12-24-2020, 8:32:59 PM
death: manager's head was blown apart and now mihail plays basketball today on map zalp, up for a game? 12-24-2020, 8:33:09 PM
mihail logged in. 12-24-2020, 8:33:54 PM
nikita-k logged in. 12-24-2020, 8:33:55 PM
death: Breaking news! Today, mihail killed snake so easy on zalp! isn't it a good news? 12-24-2020, 8:34:07 PM
death: mihail just blasted wolf away! 12-24-2020, 8:34:26 PM
death: mihail just gave boar what for! 12-24-2020, 8:35:22 PM
death: mihail just royally kicked rabbit's ass 12-24-2020, 8:35:42 PM
death: psycho was nuked out of existance by mihail 12-24-2020, 8:35:56 PM
death: gorilla was nuked out of existance by mihail 12-24-2020, 8:36:13 PM
death: Another one bites the dust, psychiatrist, you will be greatly missed on zalp. 12-24-2020, 8:36:20 PM
death: Stay clear of zalp, glider has begun decaying. Thanks mihail 12-24-2020, 8:36:32 PM
death: mihail just totaled dragon's ass on zalp 12-24-2020, 8:36:47 PM
death: goat was nuked off the map zalp by mihail 12-24-2020, 8:37:13 PM
death: Breaking news! Today, mihail killed worm so easy on zalp! isn't it a good news? 12-24-2020, 8:37:31 PM
death: mihail just condemned tushkano to hell! 12-24-2020, 8:37:45 PM
death: Another one bites the dust, mihail, you will be greatly missed on zalp. 12-24-2020, 8:37:55 PM
death: A new corpse of boar is flying on zalp, because mihail made this to happen! 12-24-2020, 8:37:58 PM
mihail disconnected 12-24-2020, 8:38:57 PM
nikita-k logged in. 12-24-2020, 8:42:05 PM
bolgelo logged in. 12-24-2020, 8:43:07 PM
bolgelo (bolgelo) said oy oy oy you are at max health and you can't go any higher! 12-24-2020, 8:43:15 PM
bolgelo (bolgelo) said loooool 12-24-2020, 8:44:51 PM
nikita-k (nikita-k) said how 12-24-2020, 8:44:59 PM
bolgelo (bolgelo) said oyoyoy 12-24-2020, 8:45:00 PM
bolgelo (bolgelo) said move 12-24-2020, 8:45:08 PM
bolgelo (bolgelo) said roooooooofl 12-24-2020, 8:45:10 PM
bolgelo logged in. 12-24-2020, 8:47:36 PM
nikita-k logged in. 12-24-2020, 8:47:37 PM
bolgelo disconnected 12-24-2020, 8:51:09 PM
nikita-k logged in. 12-24-2020, 8:57:20 PM
nikita-k logged in. 12-24-2020, 8:59:42 PM
death: a bloody corpse of nikita-k now lies on map store, thanks to hazard 12-24-2020, 8:59:45 PM
nikita-k disconnected 12-24-2020, 9:07:20 PM
Lordral logged in. 12-24-2020, 9:22:02 PM
nikita-k logged in. 12-24-2020, 9:22:20 PM
death: hazard just totaled Lordral's ass on store 12-24-2020, 9:22:47 PM
death: hazard just put Lordral 6 feet under on store 12-24-2020, 9:22:59 PM
Lordral disconnected 12-24-2020, 9:24:30 PM
Lordral logged in. 12-24-2020, 9:26:34 PM
nikita-k updated the message of the day to Новая версия the killer, 1.98.3! Приятной игры! 12-24-2020, 9:27:17 PM
bolgelo logged in. 12-24-2020, 9:28:42 PM
Lordral (Lordral) said pizda! 12-24-2020, 9:28:55 PM
bolgelo (bolgelo) said dura 12-24-2020, 9:28:57 PM
Lordral (Lordral) said piiiiiiizda 12-24-2020, 9:28:59 PM
bolgelo (bolgelo) said duuuuuura 12-24-2020, 9:29:05 PM
nikita-k (nikita-k) said олег не смей ставить хазерды 12-24-2020, 9:29:09 PM
Lordral (Lordral) said тихо 12-24-2020, 9:29:13 PM
bolgelo (bolgelo) said why 12-24-2020, 9:29:18 PM
Lordral (Lordral) said любимая моя песня играет! 12-24-2020, 9:29:19 PM
bolgelo (bolgelo) said hahahaaha 12-24-2020, 9:29:20 PM
nikita-k (nikita-k) said выебу 12-24-2020, 9:29:25 PM
Lordral (Lordral) said дибилойт! 12-24-2020, 9:29:35 PM
bolgelo (bolgelo) said кого 12-24-2020, 9:29:36 PM
nikita-k (nikita-k) said тебя 12-24-2020, 9:29:39 PM
bolgelo (bolgelo) said пф а шо не так 12-24-2020, 9:29:43 PM
nikita-k (nikita-k) said congratulations, you've got a test_compleater! 12-24-2020, 9:29:54 PM
Lordral (Lordral) said вот так! 12-24-2020, 9:29:55 PM
bolgelo (bolgelo) said это лучше 12-24-2020, 9:30:09 PM
Lordral (Lordral) said болга 12-24-2020, 9:30:16 PM
Lordral disconnected 12-24-2020, 9:30:43 PM
bolgelo (bolgelo) said рфрфф 12-24-2020, 9:30:43 PM
bolgelo (bolgelo) said alerta de basura! nikita-k esta recolectando toda la basura del servidor para intentar liberar el retraso. esto puede retrasar el servidor por unos segundos, por favor no desconecte 12-24-2020, 9:31:15 PM
nikita-k (nikita-k) said d 12-24-2020, 9:31:21 PM
bolgelo (bolgelo) said hahaahhahaa 12-24-2020, 9:31:23 PM
bolgelo (bolgelo) said fuck 12-24-2020, 9:31:27 PM
bolgelo (bolgelo) said i want here contrebutions menue ah 12-24-2020, 9:31:38 PM
nikita-k (nikita-k) said rofl 12-24-2020, 9:31:44 PM
nikita-k (nikita-k) said 1 builders. bolgelo 12-24-2020, 9:31:58 PM
bolgelo (bolgelo) said 1 admins. lordral 12-24-2020, 9:32:07 PM
nikita-k (nikita-k) said lol 12-24-2020, 9:32:12 PM
bolgelo disconnected 12-24-2020, 9:32:19 PM
Lordral logged in. 12-24-2020, 9:48:35 PM
Lordral disconnected 12-24-2020, 9:54:48 PM
nikita-k disconnected 12-24-2020, 10:05:36 PM
Lordral logged in. 12-24-2020, 10:37:16 PM
Lordral disconnected 12-24-2020, 10:37:47 PM