
AnhSon disconnected 2-4-2021, 12:22:52 AM
stronger disconnected 2-4-2021, 1:31:46 AM
stronger disconnected 2-4-2021, 1:46:42 AM
stronger disconnected 2-4-2021, 1:56:52 AM
AnhSon disconnected 2-4-2021, 2:01:36 AM
AnhSon disconnected 2-4-2021, 2:20:18 AM
AnhSon disconnected 2-4-2021, 2:53:28 AM
AnhSon disconnected 2-4-2021, 2:59:10 AM
AnhSon disconnected 2-4-2021, 3:04:52 AM
Ryder1 disconnected 2-4-2021, 3:19:25 AM
AnhSon disconnected 2-4-2021, 3:36:01 AM
AnhSon disconnected 2-4-2021, 3:40:40 AM
AnhSon disconnected 2-4-2021, 3:41:54 AM
phamhoangminh disconnected 2-4-2021, 3:46:51 AM
transformer lost connection 2-4-2021, 3:55:27 AM
AnhSon disconnected 2-4-2021, 4:00:15 AM
AnhSon disconnected 2-4-2021, 4:29:27 AM
transformer lost connection 2-4-2021, 4:44:18 AM
AnhSon disconnected 2-4-2021, 4:45:47 AM
mrido disconnected 2-4-2021, 4:49:14 AM
AnhSon lost connection 2-4-2021, 5:14:37 AM
transformer disconnected 2-4-2021, 5:25:34 AM
phamhoangminh disconnected 2-4-2021, 5:28:07 AM
blindgamers14 disconnected 2-4-2021, 5:32:04 AM
AnhSon lost connection 2-4-2021, 5:32:10 AM
khangnguyenduy123 disconnected 2-4-2021, 5:35:54 AM
phamhoangminh disconnected 2-4-2021, 5:46:19 AM
AnhSon disconnected 2-4-2021, 6:36:49 AM
mrido disconnected 2-4-2021, 6:40:33 AM
blindgamers14 disconnected 2-4-2021, 6:41:37 AM
phamhoangminh disconnected 2-4-2021, 6:43:30 AM
mrido disconnected 2-4-2021, 6:46:10 AM
killer3000 lost connection 2-4-2021, 6:52:04 AM
black_star_mafia disconnected 2-4-2021, 6:56:33 AM
khangnguyenduy123 disconnected 2-4-2021, 7:06:51 AM
transformer disconnected 2-4-2021, 7:09:58 AM
otabek disconnected 2-4-2021, 7:11:00 AM
blindgamers14 disconnected 2-4-2021, 7:15:56 AM
mrido disconnected 2-4-2021, 7:21:34 AM
phamhoangminh disconnected 2-4-2021, 7:23:23 AM
anil disconnected 2-4-2021, 7:29:25 AM
blindgamers14 disconnected 2-4-2021, 7:37:43 AM
mrido disconnected 2-4-2021, 7:44:16 AM
teja disconnected 2-4-2021, 7:49:46 AM
blindgamers14 disconnected 2-4-2021, 7:50:34 AM
tsunami disconnected 2-4-2021, 7:56:28 AM
phamhoangminh lost connection 2-4-2021, 8:09:16 AM
major disconnected 2-4-2021, 8:37:05 AM
mrido disconnected 2-4-2021, 8:38:14 AM
khangnguyenduy123 disconnected 2-4-2021, 8:42:03 AM
teja disconnected 2-4-2021, 8:47:39 AM
blindgamers14 lost connection 2-4-2021, 8:51:30 AM
anil disconnected 2-4-2021, 8:52:45 AM
transformer disconnected 2-4-2021, 9:05:48 AM
transformer lost connection 2-4-2021, 9:40:35 AM
AnhSon disconnected 2-4-2021, 9:48:13 AM
phamhoangminh disconnected 2-4-2021, 9:50:04 AM
phamhoangminh disconnected 2-4-2021, 9:50:11 AM
anil lost connection 2-4-2021, 9:50:45 AM
khangnguyenduy123 disconnected 2-4-2021, 9:50:51 AM
phamhoangminh disconnected 2-4-2021, 9:53:25 AM
anil lost connection 2-4-2021, 10:02:57 AM
stepman disconnected 2-4-2021, 10:05:51 AM
khangnguyenduy123 lost connection 2-4-2021, 10:11:40 AM
AnhSon lost connection 2-4-2021, 10:29:54 AM
anil lost connection 2-4-2021, 10:44:36 AM
tsunami disconnected 2-4-2021, 10:44:41 AM
teja disconnected 2-4-2021, 10:55:26 AM
bolgelo lost connection 2-4-2021, 11:54:25 AM
khangnguyenduy123 disconnected 2-4-2021, 12:15:04 PM
Kt_Game disconnected 2-4-2021, 12:16:47 PM
transformer disconnected 2-4-2021, 12:21:10 PM
Kt_Game disconnected 2-4-2021, 12:21:42 PM
Kt_Game disconnected 2-4-2021, 12:25:33 PM
phamhoangminh disconnected 2-4-2021, 12:26:51 PM
anil lost connection 2-4-2021, 12:31:28 PM
blindgamers14 disconnected 2-4-2021, 12:34:14 PM
phamhoangminh disconnected 2-4-2021, 12:34:17 PM
transformer disconnected 2-4-2021, 12:34:49 PM
khangnguyenduy123 disconnected 2-4-2021, 1:00:14 PM
mrido lost connection 2-4-2021, 1:02:43 PM
mrido disconnected 2-4-2021, 1:03:44 PM
anil disconnected 2-4-2021, 1:05:19 PM
Alfina disconnected 2-4-2021, 1:27:13 PM
phamhoangminh disconnected 2-4-2021, 1:34:42 PM
khangnguyenduy123 disconnected 2-4-2021, 1:40:21 PM
bolgelo lost connection 2-4-2021, 1:59:32 PM
mrido disconnected 2-4-2021, 1:59:48 PM
Kt_Game disconnected 2-4-2021, 2:07:42 PM
blindgamers14 disconnected 2-4-2021, 2:13:57 PM
Kt_Game disconnected 2-4-2021, 2:17:52 PM
AnhSon disconnected 2-4-2021, 2:38:05 PM
Alfina disconnected 2-4-2021, 2:41:54 PM
blindgamers14 disconnected 2-4-2021, 2:43:56 PM
mrido lost connection 2-4-2021, 2:45:56 PM
AnhSon disconnected 2-4-2021, 2:47:10 PM
mrido disconnected 2-4-2021, 2:47:25 PM
sgamer disconnected 2-4-2021, 2:48:51 PM
mrido lost connection 2-4-2021, 2:48:53 PM
mrido disconnected 2-4-2021, 3:03:51 PM
Kt_Game disconnected 2-4-2021, 3:16:57 PM
killer3000 disconnected 2-4-2021, 3:22:08 PM
AnhSon disconnected 2-4-2021, 3:22:31 PM
AnhSon disconnected 2-4-2021, 3:24:06 PM
AnhSon disconnected 2-4-2021, 3:45:07 PM
Kt_Game disconnected 2-4-2021, 4:17:31 PM
Kt_Game lost connection 2-4-2021, 4:24:54 PM
khangnguyenduy123 disconnected 2-4-2021, 4:41:10 PM
blindgamers14 disconnected 2-4-2021, 4:43:23 PM
Kt_Game disconnected 2-4-2021, 4:43:40 PM
mrido disconnected 2-4-2021, 4:49:01 PM
mrido disconnected 2-4-2021, 4:54:02 PM
super_artem disconnected 2-4-2021, 5:11:46 PM
super_artem disconnected 2-4-2021, 5:13:02 PM
krokodailtop disconnected 2-4-2021, 5:29:15 PM
AnhSon disconnected 2-4-2021, 5:36:54 PM
homutayzer lost connection 2-4-2021, 6:00:31 PM
DJ_mux lost connection 2-4-2021, 6:06:12 PM
homutayzer lost connection 2-4-2021, 6:36:01 PM
DJ_mux disconnected 2-4-2021, 6:51:12 PM
black_star_mafia disconnected 2-4-2021, 7:00:42 PM
otabek disconnected 2-4-2021, 7:01:12 PM
homutayzer disconnected 2-4-2021, 7:01:59 PM
DJ_mux disconnected 2-4-2021, 7:18:31 PM
Alfina disconnected 2-4-2021, 7:20:20 PM
nikita-k lost connection 2-4-2021, 7:22:20 PM
krokodailtop disconnected 2-4-2021, 7:26:59 PM
toptop disconnected 2-4-2021, 7:40:18 PM
Kt_Game disconnected 2-4-2021, 7:46:23 PM
homutayzer lost connection 2-4-2021, 7:50:02 PM
super_artem disconnected 2-4-2021, 7:53:50 PM
super_artem disconnected 2-4-2021, 7:57:35 PM
super_artem disconnected 2-4-2021, 7:57:51 PM
stepman disconnected 2-4-2021, 7:58:11 PM
Igrok lost connection 2-4-2021, 7:59:40 PM
krokodailtop disconnected 2-4-2021, 8:01:49 PM
makl lost connection 2-4-2021, 8:01:55 PM
krokodailtop disconnected 2-4-2021, 8:02:23 PM
makl lost connection 2-4-2021, 8:03:09 PM
krokodailtop disconnected 2-4-2021, 8:03:48 PM
makl lost connection 2-4-2021, 8:04:03 PM
Igrok disconnected 2-4-2021, 8:04:20 PM
black_star_mafia disconnected 2-4-2021, 8:06:55 PM
homutayzer disconnected 2-4-2021, 8:10:25 PM
makl lost connection 2-4-2021, 8:10:25 PM
makl lost connection 2-4-2021, 8:11:02 PM
makl lost connection 2-4-2021, 8:11:19 PM
stepman disconnected 2-4-2021, 8:11:52 PM
makl lost connection 2-4-2021, 8:12:06 PM
prizrak disconnected 2-4-2021, 8:12:43 PM
makl lost connection 2-4-2021, 8:13:15 PM
makl disconnected 2-4-2021, 8:20:24 PM
super_artem disconnected 2-4-2021, 8:21:04 PM
makl lost connection 2-4-2021, 8:25:40 PM
naver lost connection 2-4-2021, 9:05:47 PM
naver lost connection 2-4-2021, 9:06:39 PM
vadimka disconnected 2-4-2021, 9:07:20 PM
vadimka disconnected 2-4-2021, 9:09:40 PM
krokodailtop disconnected 2-4-2021, 9:20:41 PM
krokodailtop disconnected 2-4-2021, 9:21:08 PM
naver lost connection 2-4-2021, 9:25:51 PM
nikita-k disconnected 2-4-2021, 9:30:13 PM
istek disconnected 2-4-2021, 9:31:12 PM
franklin lost connection 2-4-2021, 9:32:11 PM
naver disconnected 2-4-2021, 9:32:29 PM
nikita-k disconnected 2-4-2021, 9:34:08 PM
homutayzer disconnected 2-4-2021, 9:44:00 PM
homutayzer disconnected 2-4-2021, 9:44:29 PM
nikita-k disconnected 2-4-2021, 9:47:37 PM
franklin lost connection 2-4-2021, 9:54:18 PM
franklin lost connection 2-4-2021, 9:58:39 PM
otabek disconnected 2-4-2021, 10:04:05 PM
DJ_mux disconnected 2-4-2021, 10:05:01 PM
nikita-k disconnected 2-4-2021, 10:05:06 PM
homutayzer disconnected 2-4-2021, 10:18:30 PM
vadimka disconnected 2-4-2021, 10:23:53 PM
dmitriy disconnected 2-4-2021, 10:36:09 PM
krish lost connection 2-4-2021, 10:37:44 PM
krish lost connection 2-4-2021, 10:38:12 PM
krish disconnected 2-4-2021, 10:38:36 PM
istek disconnected 2-4-2021, 11:11:48 PM