
dark (dark) said i forgot the my old accounts pass so created this 2-8-2021, 3:49:31 AM
dark (dark) said whats the devs name 2-8-2021, 3:51:36 AM
dark (dark) said developer's name i mean 2-8-2021, 3:51:41 AM
dark (dark) said i want to help whim with developing tk i know bgt actualy do you work on bgt 2-8-2021, 3:52:41 AM
dark (dark) said hi 2-8-2021, 9:42:25 PM
dark (dark) said could you invite dev here 2-8-2021, 9:43:06 PM
dark (dark) said i wana do trade with dev i'm also know bgt and need to help him developing the tk 2-8-2021, 9:44:06 PM
dark (dark) said lool i don't need to fight i do need to make source  trade with the dev 2-8-2021, 9:44:40 PM
dark (dark) said invite the dev if you can 2-8-2021, 9:45:29 PM
dark (dark) said oh you don't know dev's skype 2-8-2021, 9:46:08 PM
dark (dark) said do you play swamp 2-8-2021, 9:46:23 PM
dark (dark) said yes 2-8-2021, 9:46:40 PM
dark (dark) said do you have sources 2-8-2021, 9:46:49 PM
dark (dark) said you need an kaldobsky gamer account to play online 2-8-2021, 9:47:05 PM
dark (dark) said tk game rs game 2-8-2021, 9:47:10 PM
dark (dark) said if you want to play swamp you need an account that costs 24 dollars and offline mode is so bad 2-8-2021, 9:47:58 PM
dark (dark) said yes is not but if you can give me redspot source i can gave you mine 2-8-2021, 9:48:29 PM
dark (dark) said oh you don't know any ting with bgt 2-8-2021, 9:49:14 PM
dark (dark) said nope 2-8-2021, 9:50:19 PM
dark (dark) said ölmüþünü siktimin nikitakesi 2-8-2021, 11:54:51 PM
dark (dark) said stop bitch 2-8-2021, 11:57:02 PM
dark (dark) said do you know what happened to your mom, i send an nucleer bomb 2-8-2021, 11:57:31 PM
dark (dark) said alýnmayýn ha xx 2-8-2021, 11:57:34 PM
dark (dark) said you fucked with nucleer so you first need to escape before sending 2-8-2021, 11:58:16 PM
dark (dark) said adam ol lan 2-8-2021, 11:59:29 PM
dark (dark) said götün uck 2-8-2021, 11:59:40 PM