
franklin(franklin) used a xp_box 2-8-2021, 4:18:32 PM
franklin(franklin) used a the_legendary_sword 2-8-2021, 4:27:12 PM
franklin(franklin) used a modern_sub_machine_gun_carbine 2-8-2021, 4:27:18 PM
franklin(franklin) used a rpg7 2-8-2021, 4:27:23 PM
franklin(franklin) used a rocket_launcher 2-8-2021, 4:27:32 PM
franklin(franklin) used a hand_cannon 2-8-2021, 4:27:39 PM
franklin(franklin) used a cannon 2-8-2021, 4:27:53 PM
franklin(franklin) used a cyanide_pistol 2-8-2021, 4:28:09 PM
franklin(franklin) used a storm_sniper 2-8-2021, 4:28:23 PM
franklin(franklin) used a shield 2-8-2021, 4:29:31 PM
franklin(franklin) used a shield 2-8-2021, 4:29:31 PM
franklin(franklin) used a shield 2-8-2021, 4:29:31 PM
franklin(franklin) used a tk_ultra_health_potion 2-8-2021, 4:29:32 PM
franklin(franklin) used a tk_ultra_health_potion 2-8-2021, 4:29:32 PM
franklin(franklin) used a shield 2-8-2021, 4:30:16 PM
franklin(franklin) used a shield 2-8-2021, 4:30:16 PM
franklin(franklin) used a shield 2-8-2021, 4:30:16 PM
franklin(franklin) used a tk_ultra_health_potion 2-8-2021, 4:30:17 PM
franklin(franklin) used a tk_ultra_health_potion 2-8-2021, 4:30:17 PM
franklin(franklin) used a tk_ultra_health_potion 2-8-2021, 4:30:17 PM
franklin(franklin) used a shield 2-8-2021, 4:30:31 PM
franklin(franklin) used a shield 2-8-2021, 4:30:31 PM
franklin(franklin) used a health_drink 2-8-2021, 4:31:03 PM
franklin(franklin) used a health_drink 2-8-2021, 4:31:03 PM
franklin(franklin) used a health_drink 2-8-2021, 4:31:06 PM
franklin(franklin) used a health_drink 2-8-2021, 4:31:06 PM
franklin(franklin) used a fight_inviter 2-8-2021, 4:31:16 PM
franklin(franklin) used a shield 2-8-2021, 4:52:19 PM
franklin(franklin) used a health_drink 2-8-2021, 4:52:19 PM
franklin(franklin) used a the_legendary_sword 2-8-2021, 5:03:20 PM
franklin(franklin) used a modern_sub_machine_gun_carbine 2-8-2021, 5:03:29 PM
franklin(franklin) used a rpg7 2-8-2021, 5:03:33 PM
franklin(franklin) used a rocket_launcher 2-8-2021, 5:03:36 PM
franklin(franklin) used a hand_cannon 2-8-2021, 5:03:41 PM
franklin(franklin) used a cannon 2-8-2021, 5:03:45 PM
franklin(franklin) used a cannon 2-8-2021, 5:03:46 PM
franklin(franklin) used a cannon 2-8-2021, 5:03:48 PM
franklin(franklin) used a cyanide_pistol 2-8-2021, 5:04:07 PM
franklin(franklin) used a storm_sniper 2-8-2021, 5:04:16 PM
franklin(franklin) used a hand_grenade 2-8-2021, 5:06:03 PM
franklin(franklin) used a hand_grenade 2-8-2021, 5:06:06 PM
franklin(franklin) used a hand_grenade 2-8-2021, 5:06:06 PM
franklin(franklin) used a hand_grenade 2-8-2021, 5:06:06 PM
franklin(franklin) used a hand_grenade 2-8-2021, 5:06:06 PM
franklin(franklin) used a hand_grenade 2-8-2021, 5:06:07 PM
franklin(franklin) used a hand_grenade 2-8-2021, 5:06:07 PM
franklin(franklin) used a hand_grenade 2-8-2021, 5:06:07 PM
franklin(franklin) used a hand_grenade 2-8-2021, 5:06:07 PM
franklin(franklin) used a hand_grenade 2-8-2021, 5:06:08 PM
franklin(franklin) used a hand_grenade 2-8-2021, 5:06:08 PM
franklin(franklin) used a hand_grenade 2-8-2021, 5:06:08 PM
franklin(franklin) used a hand_grenade 2-8-2021, 5:06:08 PM
franklin(franklin) used a hand_grenade 2-8-2021, 5:06:08 PM
franklin(franklin) used a hand_grenade 2-8-2021, 5:06:08 PM
franklin(franklin) used a hand_grenade 2-8-2021, 5:06:09 PM
franklin(franklin) used a hand_grenade 2-8-2021, 5:06:09 PM
franklin(franklin) used a hand_grenade 2-8-2021, 5:06:09 PM
franklin(franklin) used a hand_grenade 2-8-2021, 5:06:09 PM
franklin(franklin) used a hand_grenade 2-8-2021, 5:06:09 PM
franklin(franklin) used a hand_grenade 2-8-2021, 5:06:10 PM
franklin(franklin) used a hand_grenade 2-8-2021, 5:06:10 PM
franklin(franklin) used a hand_grenade 2-8-2021, 5:06:23 PM
franklin(franklin) used a health_drink 2-8-2021, 5:06:47 PM
franklin(franklin) used a health_drink 2-8-2021, 5:06:50 PM
franklin(franklin) used a hand_grenade 2-8-2021, 5:07:06 PM
franklin(franklin) used a hand_grenade 2-8-2021, 5:07:07 PM
franklin(franklin) used a hand_grenade 2-8-2021, 5:07:08 PM
franklin(franklin) used a hand_grenade 2-8-2021, 5:07:09 PM
franklin(franklin) used a hand_grenade 2-8-2021, 5:07:09 PM
franklin(franklin) used a hand_grenade 2-8-2021, 5:07:10 PM
franklin(franklin) used a hand_grenade 2-8-2021, 5:07:10 PM
franklin(franklin) used a fight_inviter 2-8-2021, 5:08:29 PM
franklin(franklin) used a fight_inviter 2-8-2021, 5:08:30 PM
franklin(franklin) used a fight_inviter 2-8-2021, 5:08:30 PM
franklin(franklin) used a fight_inviter 2-8-2021, 5:08:30 PM
franklin(franklin) used a fight_inviter 2-8-2021, 5:08:30 PM
franklin(franklin) used a concussive_grenade 2-8-2021, 5:08:44 PM
franklin(franklin) used a concussive_grenade 2-8-2021, 5:08:49 PM
franklin(franklin) used a aircraft 2-8-2021, 5:10:12 PM
franklin(franklin) used a hand_grenade 2-8-2021, 5:10:28 PM
franklin(franklin) used a hand_grenade 2-8-2021, 5:10:35 PM
franklin(franklin) used a hand_grenade 2-8-2021, 5:10:35 PM
franklin(franklin) used a hand_grenade 2-8-2021, 5:10:35 PM
franklin(franklin) used a hand_grenade 2-8-2021, 5:10:35 PM
franklin(franklin) used a hand_grenade 2-8-2021, 5:10:35 PM
franklin(franklin) used a hand_grenade 2-8-2021, 5:10:35 PM
franklin(franklin) used a hand_grenade 2-8-2021, 5:10:36 PM
franklin(franklin) used a hand_grenade 2-8-2021, 5:10:36 PM
franklin(franklin) used a hand_grenade 2-8-2021, 5:10:36 PM
franklin(franklin) used a hand_grenade 2-8-2021, 5:10:44 PM
franklin(franklin) used a hand_grenade 2-8-2021, 5:10:44 PM
franklin(franklin) used a hand_grenade 2-8-2021, 5:10:44 PM
franklin(franklin) used a hand_grenade 2-8-2021, 5:10:50 PM
franklin(franklin) used a hand_grenade 2-8-2021, 5:10:50 PM
franklin(franklin) used a hand_grenade 2-8-2021, 5:10:50 PM
franklin(franklin) used a hand_grenade 2-8-2021, 5:10:50 PM
franklin(franklin) used a shield 2-8-2021, 5:11:04 PM
franklin(franklin) used a shield 2-8-2021, 5:11:04 PM
franklin(franklin) used a shield 2-8-2021, 5:11:04 PM
franklin(franklin) used a shield 2-8-2021, 5:11:04 PM
franklin(franklin) used a shield 2-8-2021, 5:11:05 PM
franklin(franklin) used a shield 2-8-2021, 5:11:05 PM
franklin(franklin) used a shield 2-8-2021, 5:11:05 PM
franklin(franklin) used a shield 2-8-2021, 5:11:05 PM
franklin(franklin) used a shield 2-8-2021, 5:11:05 PM
franklin(franklin) used a shield 2-8-2021, 5:11:06 PM
franklin(franklin) used a wirebomb 2-8-2021, 5:14:37 PM
franklin(franklin) used a suicide_bomb 2-8-2021, 5:15:20 PM
franklin(franklin) used a tk_ultra_health_potion 2-8-2021, 5:15:55 PM
franklin(franklin) used a health_drink 2-8-2021, 5:15:56 PM
franklin(franklin) used a health_drink 2-8-2021, 5:15:57 PM
franklin(franklin) used a health_drink 2-8-2021, 5:15:59 PM
franklin(franklin) used a health_drink 2-8-2021, 5:16:03 PM
franklin(franklin) used a health_drink 2-8-2021, 5:16:04 PM
franklin(franklin) used a health_drink 2-8-2021, 5:16:04 PM
franklin(franklin) used a health_drink 2-8-2021, 5:16:06 PM
franklin(franklin) used a health_drink 2-8-2021, 5:16:07 PM
franklin(franklin) used a health_drink 2-8-2021, 5:16:07 PM
franklin(franklin) used a health_drink 2-8-2021, 5:16:19 PM
franklin(franklin) used a health_drink 2-8-2021, 5:16:19 PM
franklin(franklin) used a health_drink 2-8-2021, 5:16:19 PM
franklin(franklin) used a concussive_grenade 2-8-2021, 5:17:25 PM
franklin(franklin) used a tk_ultra_health_potion 2-8-2021, 5:19:49 PM
franklin(original_gangster) used a the_legendary_sword 2-8-2021, 6:49:20 PM
franklin(original_gangster) used a modern_sub_machine_gun_carbine 2-8-2021, 6:49:23 PM
franklin(original_gangster) used a rpg7 2-8-2021, 6:50:34 PM
franklin(original_gangster) used a rocket_launcher 2-8-2021, 6:50:40 PM
franklin(original_gangster) used a hand_cannon 2-8-2021, 6:50:45 PM
franklin(original_gangster) used a cannon 2-8-2021, 6:50:54 PM
franklin(original_gangster) used a cyanide_pistol 2-8-2021, 6:51:04 PM
franklin(original_gangster) used a storm_sniper 2-8-2021, 6:51:18 PM
franklin(original_gangster) used a the_legendary_sword 2-8-2021, 6:53:04 PM
franklin(original_gangster) used a modern_sub_machine_gun_carbine 2-8-2021, 6:53:29 PM
franklin(original_gangster) used a rpg7 2-8-2021, 6:53:34 PM
franklin(original_gangster) used a rocket_launcher 2-8-2021, 6:53:36 PM
franklin(original_gangster) used a rocket_launcher 2-8-2021, 6:53:39 PM
franklin(original_gangster) used a hand_cannon 2-8-2021, 6:53:42 PM
franklin(original_gangster) used a hand_cannon 2-8-2021, 6:53:44 PM
franklin(original_gangster) used a cannon 2-8-2021, 6:53:51 PM
franklin(original_gangster) used a cyanide_pistol 2-8-2021, 6:55:06 PM
franklin(original_gangster) used a storm_sniper 2-8-2021, 6:55:12 PM
franklin(original_gangster) used a shield 2-8-2021, 6:55:15 PM
franklin(original_gangster) used a shield 2-8-2021, 6:55:15 PM
franklin(original_gangster) used a tk_ultra_health_potion 2-8-2021, 6:56:02 PM
franklin(original_gangster) used a tk_ultra_health_potion 2-8-2021, 6:56:02 PM
franklin(original_gangster) used a tk_ultra_health_potion 2-8-2021, 6:56:03 PM
franklin(original_gangster) used a tk_ultra_health_potion 2-8-2021, 6:56:32 PM
franklin(original_gangster) used a tk_ultra_health_potion 2-8-2021, 6:56:32 PM
franklin(original_gangster) used a tk_ultra_health_potion 2-8-2021, 6:57:57 PM
franklin(original_gangster) used a tk_ultra_health_potion 2-8-2021, 6:57:57 PM
franklin(original_gangster) used a tk_ultra_health_potion 2-8-2021, 6:58:04 PM
franklin(original_gangster) used a tk_ultra_health_potion 2-8-2021, 6:58:10 PM
franklin(original_gangster) used a tk_ultra_health_potion 2-8-2021, 6:58:11 PM
franklin(original_gangster) used a tk_ultra_health_potion 2-8-2021, 6:58:11 PM
franklin(original_gangster) used a tk_ultra_health_potion 2-8-2021, 6:58:13 PM
franklin(original_gangster) used a tk_ultra_health_potion 2-8-2021, 6:58:13 PM
franklin(original_gangster) used a tk_ultra_health_potion 2-8-2021, 6:58:14 PM
franklin(original_gangster) used a tk_ultra_health_potion 2-8-2021, 6:58:15 PM
franklin(original_gangster) used a tk_ultra_health_potion 2-8-2021, 6:58:18 PM
franklin(original_gangster) used a tk_ultra_health_potion 2-8-2021, 6:58:18 PM
franklin(original_gangster) used a tk_ultra_health_potion 2-8-2021, 6:58:19 PM
franklin(original_gangster) used a tk_ultra_health_potion 2-8-2021, 6:58:24 PM
franklin(original_gangster) used a tk_ultra_health_potion 2-8-2021, 6:58:24 PM
franklin(original_gangster) used a tk_ultra_health_potion 2-8-2021, 6:58:35 PM
franklin(original_gangster) used a tk_ultra_health_potion 2-8-2021, 6:58:35 PM
franklin(original_gangster) used a tk_ultra_health_potion 2-8-2021, 6:58:35 PM
franklin(original_gangster) used a shield 2-8-2021, 6:58:58 PM
franklin(original_gangster) used a shield 2-8-2021, 6:58:59 PM
franklin(original_gangster) used a shield 2-8-2021, 6:58:59 PM
franklin(original_gangster) used a shield 2-8-2021, 6:58:59 PM
franklin(original_gangster) used a shield 2-8-2021, 6:58:59 PM
franklin(original_gangster) used a shield 2-8-2021, 6:58:59 PM
franklin(original_gangster) used a shield 2-8-2021, 6:58:59 PM
franklin(original_gangster) used a shield 2-8-2021, 6:59:00 PM
franklin(original_gangster) used a shield 2-8-2021, 6:59:00 PM
franklin(original_gangster) used a shield 2-8-2021, 6:59:00 PM
franklin(original_gangster) used a shield 2-8-2021, 6:59:00 PM
franklin(original_gangster) used a shield 2-8-2021, 6:59:00 PM
franklin(original_gangster) used a shield 2-8-2021, 6:59:01 PM
franklin(original_gangster) used a shield 2-8-2021, 6:59:01 PM
franklin(original_gangster) used a shield 2-8-2021, 6:59:01 PM
franklin(original_gangster) used a shield 2-8-2021, 6:59:01 PM
franklin(original_gangster) used a shield 2-8-2021, 6:59:01 PM
franklin(original_gangster) used a tk_ultra_health_potion 2-8-2021, 6:59:02 PM
franklin(original_gangster) used a tk_ultra_health_potion 2-8-2021, 6:59:02 PM
franklin(original_gangster) used a tk_ultra_health_potion 2-8-2021, 6:59:23 PM
franklin(original_gangster) used a tk_ultra_health_potion 2-8-2021, 6:59:24 PM
franklin(original_gangster) used a tk_ultra_health_potion 2-8-2021, 6:59:25 PM
franklin(original_gangster) used a shield 2-8-2021, 6:59:26 PM
franklin(original_gangster) used a shield 2-8-2021, 6:59:26 PM
franklin(original_gangster) used a shield 2-8-2021, 6:59:26 PM
franklin(original_gangster) used a tk_ultra_health_potion 2-8-2021, 6:59:27 PM
franklin(original_gangster) used a tk_ultra_health_potion 2-8-2021, 6:59:27 PM
franklin(original_gangster) used a tk_ultra_health_potion 2-8-2021, 6:59:27 PM
franklin(original_gangster) used a tk_ultra_health_potion 2-8-2021, 6:59:35 PM
franklin(original_gangster) used a tk_ultra_health_potion 2-8-2021, 6:59:36 PM
franklin(original_gangster) used a tk_ultra_health_potion 2-8-2021, 6:59:53 PM
franklin(original_gangster) used a tk_ultra_health_potion 2-8-2021, 6:59:53 PM
franklin(original_gangster) used a tk_ultra_health_potion 2-8-2021, 6:59:53 PM
franklin(original_gangster) used a shield 2-8-2021, 6:59:54 PM
franklin(original_gangster) used a shield 2-8-2021, 6:59:54 PM
franklin(original_gangster) used a shield 2-8-2021, 6:59:54 PM
franklin(original_gangster) used a shield 2-8-2021, 6:59:55 PM
franklin(original_gangster) used a shield 2-8-2021, 6:59:55 PM
franklin(original_gangster) used a shield 2-8-2021, 6:59:55 PM
franklin(original_gangster) used a shield 2-8-2021, 6:59:55 PM
franklin(original_gangster) used a shield 2-8-2021, 6:59:55 PM
franklin(original_gangster) used a shield 2-8-2021, 6:59:56 PM
franklin(original_gangster) used a shield 2-8-2021, 6:59:56 PM
franklin(original_gangster) used a shield 2-8-2021, 6:59:56 PM
franklin(original_gangster) used a shield 2-8-2021, 6:59:56 PM
franklin(original_gangster) used a shield 2-8-2021, 6:59:57 PM
franklin(original_gangster) used a shield 2-8-2021, 7:00:14 PM
franklin(original_gangster) used a storm_sniper 2-8-2021, 7:00:50 PM
franklin(original_gangster) used a shield 2-8-2021, 8:02:43 PM
franklin(original_gangster) used a tk_ultra_health_potion 2-8-2021, 8:02:45 PM
franklin(original_gangster) used a health_drink 2-8-2021, 8:02:47 PM
franklin(original_gangster) used a the_legendary_sword 2-8-2021, 8:02:58 PM
franklin(original_gangster) used a music_box 2-8-2021, 8:03:04 PM