
naver(naver) used a zulfikar 2-8-2021, 1:34:12 PM
naver(naver) used a sniper 2-8-2021, 1:34:23 PM
naver(naver) used a sniper 2-8-2021, 1:34:31 PM
naver(naver) used a beretta_m1951_machine_pistol 2-8-2021, 1:34:35 PM
naver(naver) used a rocket_launcher 2-8-2021, 1:34:40 PM
naver(naver) used a taser 2-8-2021, 1:34:45 PM
naver(naver) used a rocket_launcher 2-8-2021, 1:34:48 PM
naver(naver) used a zulfikar 2-8-2021, 1:34:51 PM
naver(naver) used a sniper 2-8-2021, 1:34:52 PM
naver(naver) used a beretta_m1951_machine_pistol 2-8-2021, 1:34:53 PM
naver(naver) used a rocket_launcher 2-8-2021, 1:34:56 PM
naver(naver) used a taser 2-8-2021, 1:34:57 PM
naver(naver) used a crt43_automatic_shotgun 2-8-2021, 1:35:01 PM
naver(naver) used a taser 2-8-2021, 1:35:09 PM
naver(naver) used a ags30 2-8-2021, 1:35:10 PM
naver(naver) used a ags30 2-8-2021, 1:35:27 PM
naver(naver) used a taser 2-8-2021, 1:35:28 PM
naver(naver) used a ags30 2-8-2021, 1:35:30 PM
naver(naver) used a colt_ar_15_assault_rifle 2-8-2021, 1:35:32 PM
naver(naver) used a ags30 2-8-2021, 1:35:41 PM
naver(naver) used a awp 2-8-2021, 1:35:42 PM
naver(naver) used a ags30 2-8-2021, 1:35:56 PM
naver(naver) used a colt_ar_15_assault_rifle 2-8-2021, 1:35:58 PM
naver(naver) used a awp 2-8-2021, 1:36:00 PM
naver(naver) used a fnminimilight 2-8-2021, 1:36:01 PM
naver(naver) used a hand_cannon 2-8-2021, 1:36:06 PM
naver(naver) used a rpg7 2-8-2021, 1:36:13 PM
naver(naver) used a health_drink 2-8-2021, 1:36:22 PM
naver(naver) used a health_drink 2-8-2021, 1:36:25 PM
naver(naver) used a health_drink 2-8-2021, 1:36:39 PM
naver(naver) used a zulfikar 2-8-2021, 1:37:28 PM
naver(naver) used a health_drink 2-8-2021, 1:37:41 PM
naver(naver) used a health_drink 2-8-2021, 1:37:45 PM
naver(naver) used a pack_of_10_remote_timebomb 2-8-2021, 1:37:52 PM
naver(naver) used a pack_of_20_bomb_defuser 2-8-2021, 1:37:57 PM
naver(naver) used a ball 2-8-2021, 1:38:13 PM
naver(naver) used a m79_grenade_launcher 2-8-2021, 1:41:04 PM
naver(naver) used a zulfikar 2-8-2021, 1:41:12 PM
naver(naver) used a fnminimilight 2-8-2021, 1:43:18 PM
naver(naver) used a fire_starter 2-8-2021, 1:43:29 PM
naver(naver) used a cutted_wolf_meat 2-8-2021, 1:43:35 PM
naver(naver) used a cutted_wolf_meat 2-8-2021, 1:43:36 PM
naver(naver) used a cutted_wolf_meat 2-8-2021, 1:43:36 PM
naver(naver) used a cutted_wolf_meat 2-8-2021, 1:43:36 PM
naver(naver) used a cutted_wolf_meat 2-8-2021, 1:43:36 PM
naver(naver) used a cutted_wolf_meat 2-8-2021, 1:43:36 PM
naver(naver) used a cutted_wolf_meat 2-8-2021, 1:43:37 PM
naver(naver) used a cutted_wolf_meat 2-8-2021, 1:43:37 PM
naver(naver) used a cutted_wolf_meat 2-8-2021, 1:43:37 PM
naver(naver) used a cutted_wolf_meat 2-8-2021, 1:43:40 PM
naver(naver) used a cutted_wolf_meat 2-8-2021, 1:43:40 PM
naver(naver) used a cutted_wolf_meat 2-8-2021, 1:43:40 PM
naver(naver) used a cutted_wolf_meat 2-8-2021, 1:43:41 PM
naver(naver) used a cutted_wolf_meat 2-8-2021, 1:43:41 PM
naver(naver) used a cutted_wolf_meat 2-8-2021, 1:43:41 PM
naver(naver) used a cutted_wolf_meat 2-8-2021, 1:43:41 PM
naver(naver) used a cutted_wolf_meat 2-8-2021, 1:43:42 PM
naver(naver) used a cutted_wolf_meat 2-8-2021, 1:43:42 PM
naver(naver) used a cutted_wolf_meat 2-8-2021, 1:43:42 PM
naver(naver) used a cutted_wolf_meat 2-8-2021, 1:43:42 PM
naver(naver) used a cutted_wolf_meat 2-8-2021, 1:43:42 PM
naver(naver) used a cutted_wolf_meat 2-8-2021, 1:43:43 PM
naver(naver) used a cutted_wolf_meat 2-8-2021, 1:43:43 PM
naver(naver) used a cutted_wolf_meat 2-8-2021, 1:43:43 PM
naver(naver) used a cutted_wolf_meat 2-8-2021, 1:43:43 PM
naver(naver) used a cutted_wolf_meat 2-8-2021, 1:43:44 PM
naver(naver) used a cutted_wolf_meat 2-8-2021, 1:43:44 PM
naver(naver) used a cutted_wolf_meat 2-8-2021, 1:43:44 PM
naver(naver) used a cutted_wolf_meat 2-8-2021, 1:43:44 PM
naver(naver) used a cutted_wolf_meat 2-8-2021, 1:43:45 PM
naver(naver) used a cutted_wolf_meat 2-8-2021, 1:43:45 PM
naver(naver) used a cutted_wolf_meat 2-8-2021, 1:43:45 PM
naver(naver) used a cutted_wolf_meat 2-8-2021, 1:43:45 PM
naver(naver) used a cutted_wolf_meat 2-8-2021, 1:43:46 PM
naver(naver) used a cutted_wolf_meat 2-8-2021, 1:43:46 PM
naver(naver) used a cutted_wolf_meat 2-8-2021, 1:43:46 PM
naver(naver) used a cutted_wolf_meat 2-8-2021, 1:43:46 PM
naver(naver) used a cutted_wolf_meat 2-8-2021, 1:43:47 PM
naver(naver) used a cutted_wolf_meat 2-8-2021, 1:43:47 PM
naver(naver) used a cutted_wolf_meat 2-8-2021, 1:43:47 PM
naver(naver) used a cutted_wolf_meat 2-8-2021, 1:43:47 PM
naver(naver) used a cutted_wolf_meat 2-8-2021, 1:43:48 PM
naver(naver) used a cutted_wolf_meat 2-8-2021, 1:43:48 PM
naver(naver) used a cutted_wolf_meat 2-8-2021, 1:43:48 PM
naver(naver) used a cutted_wolf_meat 2-8-2021, 1:43:48 PM
naver(naver) used a cutted_wolf_meat 2-8-2021, 1:43:49 PM
naver(naver) used a cutted_wolf_meat 2-8-2021, 1:43:49 PM
naver(naver) used a cutted_wolf_meat 2-8-2021, 1:43:49 PM
naver(naver) used a cutted_wolf_meat 2-8-2021, 1:43:49 PM
naver(naver) used a cutted_wolf_meat 2-8-2021, 1:43:50 PM
naver(naver) used a cutted_wolf_meat 2-8-2021, 1:43:50 PM
naver(naver) used a cutted_wolf_meat 2-8-2021, 1:43:50 PM
naver(naver) used a cutted_wolf_meat 2-8-2021, 1:43:50 PM
naver(naver) used a cutted_wolf_meat 2-8-2021, 1:43:51 PM
naver(naver) used a cutted_wolf_meat 2-8-2021, 1:43:51 PM
naver(naver) used a cutted_wolf_meat 2-8-2021, 1:43:51 PM
naver(naver) used a cutted_wolf_meat 2-8-2021, 1:43:51 PM
naver(naver) used a cutted_wolf_meat 2-8-2021, 1:43:52 PM
naver(naver) used a cutted_wolf_meat 2-8-2021, 1:43:52 PM
naver(naver) used a cutted_wolf_meat 2-8-2021, 1:43:52 PM
naver(naver) used a cutted_wolf_meat 2-8-2021, 1:43:52 PM
naver(naver) used a cutted_wolf_meat 2-8-2021, 1:43:53 PM
naver(naver) used a cutted_wolf_meat 2-8-2021, 1:43:53 PM
naver(naver) used a cutted_wolf_meat 2-8-2021, 1:43:53 PM
naver(naver) used a cutted_wolf_meat 2-8-2021, 1:43:53 PM
naver(naver) used a cutted_wolf_meat 2-8-2021, 1:43:54 PM
naver(naver) used a cutted_wolf_meat 2-8-2021, 1:43:54 PM
naver(naver) used a cutted_wolf_meat 2-8-2021, 1:43:55 PM
naver(naver) used a cutted_wolf_meat 2-8-2021, 1:43:55 PM
naver(naver) used a cutted_wolf_meat 2-8-2021, 1:43:55 PM
naver(naver) used a cutted_wolf_meat 2-8-2021, 1:43:55 PM
naver(naver) used a cutted_wolf_meat 2-8-2021, 1:43:55 PM
naver(naver) used a cutted_wolf_meat 2-8-2021, 1:43:55 PM
naver(naver) used a cutted_wolf_meat 2-8-2021, 1:43:56 PM
naver(naver) used a cutted_wolf_meat 2-8-2021, 1:43:56 PM
naver(naver) used a cutted_wolf_meat 2-8-2021, 1:43:56 PM
naver(naver) used a cutted_wolf_meat 2-8-2021, 1:44:01 PM
naver(naver) used a cutted_wolf_meat 2-8-2021, 1:44:02 PM
naver(naver) used a cutted_wolf_meat 2-8-2021, 1:44:05 PM
naver(naver) used a cutted_wolf_meat 2-8-2021, 1:44:06 PM
naver(naver) used a cutted_wolf_meat 2-8-2021, 1:44:06 PM
naver(naver) used a cutted_wolf_meat 2-8-2021, 1:44:06 PM
naver(naver) used a cutted_wolf_meat 2-8-2021, 1:44:06 PM
naver(naver) used a cutted_wolf_meat 2-8-2021, 1:44:07 PM
naver(naver) used a cutted_wolf_meat 2-8-2021, 1:44:07 PM
naver(naver) used a cutted_wolf_meat 2-8-2021, 1:44:07 PM
naver(naver) used a cutted_wolf_meat 2-8-2021, 1:44:07 PM
naver(naver) used a skinned_boar 2-8-2021, 1:44:14 PM
naver(naver) used a skinned_boar 2-8-2021, 1:44:14 PM
naver(naver) used a skinned_boar 2-8-2021, 1:44:14 PM
naver(naver) used a skinned_boar 2-8-2021, 1:44:15 PM
naver(naver) used a skinned_boar 2-8-2021, 1:44:15 PM
naver(naver) used a skinned_boar 2-8-2021, 1:44:15 PM
naver(naver) used a skinned_boar 2-8-2021, 1:44:15 PM
naver(naver) used a skinned_boar 2-8-2021, 1:44:15 PM
naver(naver) used a skinned_boar 2-8-2021, 1:44:16 PM
naver(naver) used a skinned_boar 2-8-2021, 1:44:16 PM
naver(naver) used a skinned_boar 2-8-2021, 1:44:16 PM
naver(naver) used a skinned_boar 2-8-2021, 1:44:16 PM
naver(naver) used a skinned_boar 2-8-2021, 1:44:17 PM
naver(naver) used a skinned_boar 2-8-2021, 1:44:17 PM
naver(naver) used a skinned_boar 2-8-2021, 1:44:17 PM
naver(naver) used a skinned_boar 2-8-2021, 1:44:17 PM
naver(naver) used a skinned_boar 2-8-2021, 1:44:18 PM
naver(naver) used a skinned_boar 2-8-2021, 1:44:18 PM
naver(naver) used a skinned_boar 2-8-2021, 1:44:18 PM
naver(naver) used a skinned_boar 2-8-2021, 1:44:18 PM
naver(naver) used a skinned_boar 2-8-2021, 1:44:19 PM
naver(naver) used a skinned_boar 2-8-2021, 1:44:19 PM
naver(naver) used a skinned_boar 2-8-2021, 1:44:19 PM
naver(naver) used a skinned_boar 2-8-2021, 1:44:19 PM
naver(naver) used a skinned_boar 2-8-2021, 1:44:22 PM
naver(naver) used a skinned_boar 2-8-2021, 1:44:22 PM
naver(naver) used a skinned_boar 2-8-2021, 1:44:22 PM
naver(naver) used a skinned_boar 2-8-2021, 1:44:22 PM
naver(naver) used a skinned_boar 2-8-2021, 1:44:23 PM
naver(naver) used a skinned_boar 2-8-2021, 1:44:23 PM
naver(naver) used a skinned_boar 2-8-2021, 1:44:23 PM
naver(naver) used a skinned_boar 2-8-2021, 1:44:23 PM
naver(naver) used a skinned_boar 2-8-2021, 1:44:24 PM
naver(naver) used a skinned_boar 2-8-2021, 1:44:24 PM
naver(naver) used a skinned_boar 2-8-2021, 1:44:24 PM
naver(naver) used a skinned_boar 2-8-2021, 1:44:24 PM
naver(naver) used a skinned_boar 2-8-2021, 1:44:25 PM
naver(naver) used a skinned_boar 2-8-2021, 1:44:25 PM
naver(naver) used a skinned_boar 2-8-2021, 1:44:25 PM
naver(naver) used a skinned_boar 2-8-2021, 1:44:25 PM
naver(naver) used a skinned_boar 2-8-2021, 1:44:26 PM
naver(naver) used a skinned_boar 2-8-2021, 1:44:26 PM
naver(naver) used a skinned_boar 2-8-2021, 1:44:26 PM
naver(naver) used a skinned_boar 2-8-2021, 1:44:26 PM
naver(naver) used a skinned_boar 2-8-2021, 1:44:27 PM
naver(naver) used a skinned_boar 2-8-2021, 1:44:27 PM
naver(naver) used a skinned_boar 2-8-2021, 1:44:27 PM
naver(naver) used a skinned_boar 2-8-2021, 1:44:27 PM
naver(naver) used a skinned_boar 2-8-2021, 1:44:28 PM
naver(naver) used a skinned_boar 2-8-2021, 1:44:28 PM
naver(naver) used a skinned_boar 2-8-2021, 1:44:28 PM
naver(naver) used a cooked_wolf_meat 2-8-2021, 1:44:36 PM
naver(naver) used a cooked_wolf_meat 2-8-2021, 1:44:38 PM
naver(naver) used a skinned_boar 2-8-2021, 1:44:55 PM
naver(naver) used a skinned_boar 2-8-2021, 1:44:55 PM
naver(naver) used a skinned_boar 2-8-2021, 1:44:56 PM
naver(naver) used a skinned_boar 2-8-2021, 1:44:56 PM
naver(naver) used a skinned_boar 2-8-2021, 1:44:56 PM
naver(naver) used a skinned_boar 2-8-2021, 1:44:56 PM
naver(naver) used a skinned_boar 2-8-2021, 1:44:57 PM
naver(naver) used a skinned_boar 2-8-2021, 1:44:57 PM
naver(naver) used a skinned_boar 2-8-2021, 1:44:57 PM
naver(naver) used a skinned_boar 2-8-2021, 1:44:57 PM
naver(naver) used a skinned_boar 2-8-2021, 1:44:58 PM
naver(naver) used a skinned_boar 2-8-2021, 1:44:58 PM
naver(naver) used a skinned_boar 2-8-2021, 1:44:58 PM
naver(naver) used a skinned_boar 2-8-2021, 1:44:58 PM
naver(naver) used a skinned_boar 2-8-2021, 1:44:59 PM
naver(naver) used a skinned_boar 2-8-2021, 1:44:59 PM
naver(naver) used a skinned_boar 2-8-2021, 1:44:59 PM
naver(naver) used a skinned_boar 2-8-2021, 1:44:59 PM
naver(naver) used a skinned_boar 2-8-2021, 1:45:00 PM
naver(naver) used a skinned_boar 2-8-2021, 1:45:00 PM
naver(naver) used a skinned_boar 2-8-2021, 1:45:00 PM
naver(naver) used a skinned_boar 2-8-2021, 1:45:00 PM
naver(naver) used a skinned_boar 2-8-2021, 1:45:01 PM
naver(naver) used a skinned_boar 2-8-2021, 1:45:01 PM
naver(naver) used a skinned_boar 2-8-2021, 1:45:01 PM
naver(naver) used a skinned_boar 2-8-2021, 1:45:02 PM
naver(naver) used a skinned_boar 2-8-2021, 1:45:02 PM
naver(naver) used a skinned_boar 2-8-2021, 1:45:02 PM
naver(naver) used a skinned_boar 2-8-2021, 1:45:02 PM
naver(naver) used a skinned_boar 2-8-2021, 1:45:03 PM
naver(naver) used a skinned_boar 2-8-2021, 1:45:03 PM
naver(naver) used a skinned_boar 2-8-2021, 1:45:03 PM
naver(naver) used a hand_cannon 2-8-2021, 1:46:25 PM
naver(naver) used a invisibility_shield 2-8-2021, 1:46:35 PM
naver(naver) used a fnminimilight 2-8-2021, 1:47:36 PM
naver(naver) used a awp 2-8-2021, 1:47:37 PM
naver(naver) used a zulfikar 2-8-2021, 1:48:39 PM
naver(naver) used a sniper 2-8-2021, 1:48:49 PM
naver(naver) used a health_drink 2-8-2021, 1:51:55 PM
naver(naver) used a health_drink 2-8-2021, 1:51:59 PM
naver(naver) used a health_drink 2-8-2021, 1:52:01 PM
naver(naver) used a health_drink 2-8-2021, 1:52:05 PM
naver(naver) used a health_drink 2-8-2021, 1:52:25 PM
naver(naver) used a pack_of_10_motion_bomb 2-8-2021, 1:54:41 PM
naver(naver) used a zulfikar 2-8-2021, 2:01:11 PM
naver(naver) used a sniper 2-8-2021, 2:01:31 PM
naver(naver) used a gas_mask 2-8-2021, 2:02:00 PM
naver(naver) used a zulfikar 2-8-2021, 2:03:07 PM
naver(naver) used a sniper 2-8-2021, 2:03:25 PM
naver(naver) used a zulfikar 2-8-2021, 2:03:35 PM
naver(naver) used a hand_cannon 2-8-2021, 2:03:47 PM
naver(naver) used a zulfikar 2-8-2021, 2:03:56 PM
naver(naver) used a health_drink 2-8-2021, 2:04:04 PM
naver(naver) used a grenade 2-8-2021, 2:04:09 PM
naver(naver) used a grenade 2-8-2021, 2:04:10 PM
naver(naver) used a grenade 2-8-2021, 2:04:14 PM
naver(naver) used a grenade 2-8-2021, 2:04:18 PM
naver(naver) used a grenade 2-8-2021, 2:04:19 PM
naver(naver) used a grenade 2-8-2021, 2:04:19 PM
naver(naver) used a grenade 2-8-2021, 2:04:19 PM
naver(naver) used a grenade 2-8-2021, 2:04:20 PM
naver(naver) used a grenade 2-8-2021, 2:04:20 PM
naver(naver) used a grenade 2-8-2021, 2:04:21 PM
naver(naver) used a grenade 2-8-2021, 2:04:22 PM
naver(naver) used a grenade 2-8-2021, 2:04:22 PM
naver(naver) used a grenade 2-8-2021, 2:04:22 PM
naver(naver) used a grenade 2-8-2021, 2:04:22 PM
naver(naver) used a grenade 2-8-2021, 2:04:23 PM
naver(naver) used a grenade 2-8-2021, 2:04:23 PM
naver(naver) used a grenade 2-8-2021, 2:04:23 PM
naver(naver) used a grenade 2-8-2021, 2:04:23 PM
naver(naver) used a grenade 2-8-2021, 2:04:24 PM
naver(naver) used a grenade 2-8-2021, 2:04:24 PM
naver(naver) used a grenade 2-8-2021, 2:04:24 PM
naver(naver) used a grenade 2-8-2021, 2:04:24 PM
naver(naver) used a grenade 2-8-2021, 2:04:25 PM
naver(naver) used a grenade 2-8-2021, 2:04:25 PM
naver(naver) used a grenade 2-8-2021, 2:04:25 PM
naver(naver) used a health_drink 2-8-2021, 2:04:40 PM
naver(naver) used a health_drink 2-8-2021, 2:04:43 PM
naver(naver) used a sniper 2-8-2021, 2:05:10 PM
naver(naver) used a health_drink 2-8-2021, 2:05:38 PM
naver(naver) used a health_drink 2-8-2021, 2:05:42 PM
naver(naver) used a health_drink 2-8-2021, 2:05:48 PM
naver(naver) used a zulfikar 2-8-2021, 2:07:29 PM
naver(naver) used a gas_mask 2-8-2021, 2:07:53 PM
naver(naver) used a sniper 2-8-2021, 2:08:22 PM
naver(naver) used a shield 2-8-2021, 2:09:09 PM
naver(naver) used a shield 2-8-2021, 2:09:09 PM
naver(naver) used a shield 2-8-2021, 2:09:09 PM
naver(naver) used a shield 2-8-2021, 2:09:09 PM
naver(naver) used a shield 2-8-2021, 2:09:09 PM
naver(naver) used a shield 2-8-2021, 2:09:10 PM
naver(naver) used a shield 2-8-2021, 2:09:10 PM
naver(naver) used a shield 2-8-2021, 2:09:10 PM
naver(naver) used a shield 2-8-2021, 2:09:10 PM
naver(naver) used a shield 2-8-2021, 2:09:10 PM
naver(naver) used a shield 2-8-2021, 2:09:11 PM
naver(naver) used a shield 2-8-2021, 2:09:11 PM
naver(naver) used a shield 2-8-2021, 2:09:11 PM
naver(naver) used a shield 2-8-2021, 2:09:11 PM
naver(naver) used a shield 2-8-2021, 2:09:12 PM
naver(naver) used a shield 2-8-2021, 2:09:12 PM
naver(naver) used a shield 2-8-2021, 2:09:12 PM
naver(naver) used a shield 2-8-2021, 2:09:12 PM
naver(naver) used a shield 2-8-2021, 2:09:12 PM
naver(naver) used a shield 2-8-2021, 2:09:13 PM
naver(naver) used a shield 2-8-2021, 2:09:13 PM
naver(naver) used a shield 2-8-2021, 2:09:13 PM
naver(naver) used a shield 2-8-2021, 2:09:13 PM
naver(naver) used a shield 2-8-2021, 2:09:13 PM
naver(naver) used a shield 2-8-2021, 2:09:14 PM
naver(naver) used a shield 2-8-2021, 2:09:14 PM
naver(naver) used a shield 2-8-2021, 2:09:15 PM
naver(naver) used a health_drink 2-8-2021, 2:09:19 PM
naver(naver) used a health_drink 2-8-2021, 2:09:22 PM
naver(naver) used a antibiotic_canister 2-8-2021, 2:09:29 PM
naver(naver) used a antibiotic_canister 2-8-2021, 2:09:35 PM
naver(naver) used a health_drink 2-8-2021, 2:09:42 PM
naver(naver) used a health_drink 2-8-2021, 2:09:45 PM
naver(naver) used a health_drink 2-8-2021, 2:09:46 PM
naver(naver) used a health_drink 2-8-2021, 2:09:54 PM
naver(naver) used a health_drink 2-8-2021, 2:09:57 PM
naver(naver) used a health_drink 2-8-2021, 2:10:00 PM
naver(naver) used a suicide_bomb 2-8-2021, 2:11:09 PM
naver(naver) used a pack_of_20_ammo_zulfikar 2-8-2021, 2:11:49 PM
naver(naver) used a pack_of_20_ammo_zulfikar 2-8-2021, 2:11:50 PM
naver(naver) used a pack_of_20_ammo_zulfikar 2-8-2021, 2:11:50 PM
naver(naver) used a pack_of_20_ammo_zulfikar 2-8-2021, 2:11:50 PM
naver(naver) used a pack_of_20_ammo_zulfikar 2-8-2021, 2:11:50 PM
naver(naver) used a pack_of_20_ammo_zulfikar 2-8-2021, 2:11:50 PM
naver(naver) used a pack_of_20_ammo_zulfikar 2-8-2021, 2:11:51 PM
naver(naver) used a pack_of_20_ammo_zulfikar 2-8-2021, 2:11:51 PM
naver(naver) used a pack_of_20_ammo_zulfikar 2-8-2021, 2:11:51 PM
naver(naver) used a pack_of_20_ammo_zulfikar 2-8-2021, 2:11:51 PM
naver(naver) used a pack_of_20_ammo_zulfikar 2-8-2021, 2:11:51 PM
naver(naver) used a pack_of_20_ammo_zulfikar 2-8-2021, 2:11:52 PM
naver(naver) used a pack_of_20_ammo_zulfikar 2-8-2021, 2:11:52 PM
naver(naver) used a pack_of_20_ammo_zulfikar 2-8-2021, 2:11:52 PM
naver(naver) used a pack_of_20_ammo_zulfikar 2-8-2021, 2:11:52 PM
naver(naver) used a pack_of_20_ammo_zulfikar 2-8-2021, 2:11:53 PM
naver(naver) used a pack_of_20_ammo_zulfikar 2-8-2021, 2:11:53 PM
naver(naver) used a pack_of_20_ammo_zulfikar 2-8-2021, 2:11:53 PM
naver(naver) used a pack_of_20_ammo_zulfikar 2-8-2021, 2:11:53 PM
naver(naver) used a pack_of_20_ammo_zulfikar 2-8-2021, 2:11:53 PM
naver(naver) used a pack_of_20_ammo_zulfikar 2-8-2021, 2:11:54 PM
naver(naver) used a pack_of_20_ammo_zulfikar 2-8-2021, 2:11:54 PM
naver(naver) used a pack_of_20_ammo_zulfikar 2-8-2021, 2:11:54 PM
naver(naver) used a pack_of_20_ammo_zulfikar 2-8-2021, 2:11:54 PM
naver(naver) used a pack_of_20_ammo_zulfikar 2-8-2021, 2:11:55 PM
naver(naver) used a pack_of_20_ammo_zulfikar 2-8-2021, 2:11:55 PM
naver(naver) used a pack_of_20_ammo_zulfikar 2-8-2021, 2:11:55 PM
naver(naver) used a pack_of_20_ammo_zulfikar 2-8-2021, 2:11:55 PM
naver(naver) used a pack_of_20_ammo_zulfikar 2-8-2021, 2:11:56 PM
naver(naver) used a pack_of_20_ammo_zulfikar 2-8-2021, 2:11:56 PM
naver(naver) used a pack_of_20_ammo_zulfikar 2-8-2021, 2:11:56 PM
naver(naver) used a pack_of_20_ammo_zulfikar 2-8-2021, 2:11:56 PM
naver(naver) used a pack_of_20_ammo_zulfikar 2-8-2021, 2:11:56 PM
naver(naver) used a pack_of_20_ammo_zulfikar 2-8-2021, 2:11:57 PM
naver(naver) used a pack_of_20_ammo_zulfikar 2-8-2021, 2:11:57 PM
naver(naver) used a pack_of_20_ammo_zulfikar 2-8-2021, 2:11:57 PM
naver(naver) used a pack_of_20_ammo_zulfikar 2-8-2021, 2:11:57 PM
naver(naver) used a pack_of_20_ammo_zulfikar 2-8-2021, 2:11:58 PM
naver(naver) used a pack_of_20_ammo_zulfikar 2-8-2021, 2:11:58 PM
naver(naver) used a pack_of_20_ammo_zulfikar 2-8-2021, 2:11:58 PM
naver(naver) used a pack_of_20_ammo_zulfikar 2-8-2021, 2:11:58 PM
naver(naver) used a pack_of_20_ammo_zulfikar 2-8-2021, 2:11:58 PM
naver(naver) used a pack_of_20_ammo_zulfikar 2-8-2021, 2:11:59 PM
naver(naver) used a pack_of_20_ammo_zulfikar 2-8-2021, 2:11:59 PM
naver(naver) used a pack_of_20_ammo_zulfikar 2-8-2021, 2:11:59 PM
naver(naver) used a pack_of_20_ammo_zulfikar 2-8-2021, 2:11:59 PM
naver(naver) used a pack_of_20_ammo_zulfikar 2-8-2021, 2:12:00 PM
naver(naver) used a pack_of_20_ammo_zulfikar 2-8-2021, 2:12:00 PM
naver(naver) used a pack_of_20_ammo_zulfikar 2-8-2021, 2:12:00 PM
naver(naver) used a pack_of_20_ammo_zulfikar 2-8-2021, 2:12:00 PM
naver(naver) used a pack_of_20_ammo_zulfikar 2-8-2021, 2:12:01 PM
naver(naver) used a pack_of_20_ammo_zulfikar 2-8-2021, 2:12:01 PM
naver(naver) used a pack_of_20_ammo_zulfikar 2-8-2021, 2:12:01 PM
naver(naver) used a pack_of_20_ammo_zulfikar 2-8-2021, 2:12:01 PM
naver(naver) used a pack_of_20_ammo_zulfikar 2-8-2021, 2:12:02 PM
naver(naver) used a pack_of_20_ammo_zulfikar 2-8-2021, 2:12:02 PM
naver(naver) used a pack_of_20_ammo_zulfikar 2-8-2021, 2:12:02 PM
naver(naver) used a pack_of_20_ammo_zulfikar 2-8-2021, 2:12:02 PM
naver(naver) used a pack_of_20_ammo_zulfikar 2-8-2021, 2:12:03 PM
naver(naver) used a pack_of_20_ammo_zulfikar 2-8-2021, 2:12:03 PM
naver(naver) used a pack_of_20_ammo_zulfikar 2-8-2021, 2:12:03 PM
naver(naver) used a pack_of_20_ammo_zulfikar 2-8-2021, 2:12:03 PM
naver(naver) used a pack_of_20_ammo_zulfikar 2-8-2021, 2:12:03 PM
naver(naver) used a pack_of_20_ammo_zulfikar 2-8-2021, 2:12:04 PM
naver(naver) used a pack_of_20_ammo_zulfikar 2-8-2021, 2:12:04 PM
naver(naver) used a pack_of_20_ammo_zulfikar 2-8-2021, 2:12:04 PM
naver(naver) used a pack_of_20_ammo_zulfikar 2-8-2021, 2:12:04 PM
naver(naver) used a pack_of_20_ammo_zulfikar 2-8-2021, 2:12:05 PM
naver(naver) used a pack_of_20_ammo_zulfikar 2-8-2021, 2:12:05 PM
naver(naver) used a pack_of_20_ammo_zulfikar 2-8-2021, 2:12:05 PM
naver(naver) used a pack_of_20_ammo_zulfikar 2-8-2021, 2:12:05 PM
naver(naver) used a pack_of_20_ammo_zulfikar 2-8-2021, 2:12:05 PM
naver(naver) used a pack_of_20_ammo_zulfikar 2-8-2021, 2:12:06 PM
naver(naver) used a pack_of_20_ammo_zulfikar 2-8-2021, 2:12:06 PM
naver(naver) used a pack_of_20_ammo_zulfikar 2-8-2021, 2:12:06 PM
naver(naver) used a pack_of_20_ammo_zulfikar 2-8-2021, 2:12:06 PM
naver(naver) used a pack_of_20_ammo_zulfikar 2-8-2021, 2:12:07 PM
naver(naver) used a pack_of_20_ammo_zulfikar 2-8-2021, 2:12:07 PM
naver(naver) used a pack_of_20_ammo_zulfikar 2-8-2021, 2:12:07 PM
naver(naver) used a pack_of_20_ammo_zulfikar 2-8-2021, 2:12:07 PM
naver(naver) used a pack_of_20_ammo_zulfikar 2-8-2021, 2:12:14 PM
naver(naver) used a pack_of_20_ammo_zulfikar 2-8-2021, 2:12:14 PM
naver(naver) used a pack_of_20_ammo_zulfikar 2-8-2021, 2:12:14 PM
naver(naver) used a pack_of_20_ammo_zulfikar 2-8-2021, 2:12:14 PM
naver(naver) used a pack_of_20_ammo_zulfikar 2-8-2021, 2:12:14 PM
naver(naver) used a pack_of_20_ammo_zulfikar 2-8-2021, 2:12:15 PM
naver(naver) used a pack_of_20_ammo_zulfikar 2-8-2021, 2:12:15 PM
naver(naver) used a pack_of_20_ammo_zulfikar 2-8-2021, 2:12:16 PM
naver(naver) used a pack_of_20_ammo_zulfikar 2-8-2021, 2:12:16 PM
naver(naver) used a pack_of_20_ammo_zulfikar 2-8-2021, 2:12:16 PM
naver(naver) used a pack_of_20_ammo_zulfikar 2-8-2021, 2:12:16 PM
naver(naver) used a pack_of_20_ammo_zulfikar 2-8-2021, 2:12:16 PM
naver(naver) used a pack_of_20_ammo_zulfikar 2-8-2021, 2:12:16 PM
naver(naver) used a pack_of_20_ammo_zulfikar 2-8-2021, 2:12:16 PM
naver(naver) used a pack_of_20_ammo_zulfikar 2-8-2021, 2:12:17 PM
naver(naver) used a pack_of_20_ammo_zulfikar 2-8-2021, 2:12:17 PM
naver(naver) used a pack_of_20_ammo_zulfikar 2-8-2021, 2:12:17 PM
naver(naver) used a pack_of_20_ammo_zulfikar 2-8-2021, 2:12:20 PM
naver(naver) used a pack_of_20_ammo_zulfikar 2-8-2021, 2:12:20 PM
naver(naver) used a pack_of_20_ammo_zulfikar 2-8-2021, 2:12:20 PM
naver(naver) used a pack_of_5_barricade_bomb 2-8-2021, 2:13:06 PM
naver(naver) used a pack_of_15_wirebomb 2-8-2021, 2:13:10 PM
naver(naver) used a health_drink 2-8-2021, 2:13:28 PM
naver(naver) used a health_drink 2-8-2021, 2:13:31 PM
naver(naver) used a health_drink 2-8-2021, 2:13:33 PM
naver(naver) used a health_drink 2-8-2021, 2:13:36 PM
naver(naver) used a health_drink 2-8-2021, 2:13:39 PM
naver(naver) used a health_drink 2-8-2021, 2:13:40 PM
naver(naver) used a health_drink 2-8-2021, 2:13:43 PM
naver(naver) used a health_drink 2-8-2021, 2:13:45 PM
naver(naver) used a health_drink 2-8-2021, 2:14:17 PM
naver(naver) used a health_drink 2-8-2021, 2:14:20 PM
naver(naver) used a health_drink 2-8-2021, 2:14:56 PM
naver(naver) used a health_drink 2-8-2021, 2:17:21 PM
naver(naver) used a health_drink 2-8-2021, 2:17:59 PM
naver(naver) used a health_drink 2-8-2021, 2:18:02 PM
naver(naver) used a health_drink 2-8-2021, 2:18:08 PM
naver(naver) used a health_drink 2-8-2021, 2:18:11 PM
naver(naver) used a health_drink 2-8-2021, 2:18:15 PM
naver(naver) used a cooked_wolf_meat 2-8-2021, 2:18:21 PM
naver(naver) used a police_car 2-8-2021, 2:19:04 PM
naver(naver) used a zulfikar 2-8-2021, 2:21:40 PM
naver(naver) used a sniper 2-8-2021, 2:21:45 PM
naver(naver) used a beretta_m1951_machine_pistol 2-8-2021, 2:21:46 PM
naver(naver) used a rocket_launcher 2-8-2021, 2:21:47 PM
naver(naver) used a taser 2-8-2021, 2:21:50 PM
naver(naver) used a taser 2-8-2021, 2:21:52 PM
naver(naver) used a sniper 2-8-2021, 2:21:54 PM
naver(naver) used a gas_mask 2-8-2021, 2:22:38 PM
naver(naver) used a grenade_pack 2-8-2021, 2:22:41 PM
naver(naver) used a grenade_pack 2-8-2021, 2:22:41 PM
naver(naver) used a grenade_pack 2-8-2021, 2:22:42 PM
naver(naver) used a grenade_pack 2-8-2021, 2:22:42 PM
naver(naver) used a grenade_pack 2-8-2021, 2:22:42 PM
naver(naver) used a grenade_pack 2-8-2021, 2:22:42 PM
naver(naver) used a grenade_pack 2-8-2021, 2:22:43 PM
naver(naver) used a grenade_pack 2-8-2021, 2:22:43 PM
naver(naver) used a grenade_pack 2-8-2021, 2:22:43 PM
naver(naver) used a grenade_pack 2-8-2021, 2:22:43 PM
naver(naver) used a grenade_pack 2-8-2021, 2:22:43 PM
naver(naver) used a grenade_pack 2-8-2021, 2:22:43 PM
naver(naver) used a grenade_pack 2-8-2021, 2:22:43 PM
naver(naver) used a grenade_pack 2-8-2021, 2:22:44 PM
naver(naver) used a grenade_pack 2-8-2021, 2:22:44 PM
naver(naver) used a grenade_pack 2-8-2021, 2:22:44 PM
naver(naver) used a grenade_pack 2-8-2021, 2:22:44 PM
naver(naver) used a grenade_pack 2-8-2021, 2:22:44 PM
naver(naver) used a grenade_pack 2-8-2021, 2:22:45 PM
naver(naver) used a grenade_pack 2-8-2021, 2:22:45 PM
naver(naver) used a grenade_pack 2-8-2021, 2:22:45 PM
naver(naver) used a grenade_pack 2-8-2021, 2:22:45 PM
naver(naver) used a grenade_pack 2-8-2021, 2:22:46 PM
naver(naver) used a grenade_pack 2-8-2021, 2:22:46 PM
naver(naver) used a grenade_pack 2-8-2021, 2:22:46 PM
naver(naver) used a grenade_pack 2-8-2021, 2:22:46 PM
naver(naver) used a grenade_pack 2-8-2021, 2:22:46 PM
naver(naver) used a grenade_pack 2-8-2021, 2:22:47 PM
naver(naver) used a grenade_pack 2-8-2021, 2:22:47 PM
naver(naver) used a grenade_pack 2-8-2021, 2:22:47 PM
naver(naver) used a grenade_pack 2-8-2021, 2:22:47 PM
naver(naver) used a grenade_pack 2-8-2021, 2:22:48 PM
naver(naver) used a grenade_pack 2-8-2021, 2:22:48 PM
naver(naver) used a grenade_pack 2-8-2021, 2:22:48 PM
naver(naver) used a grenade_pack 2-8-2021, 2:22:48 PM
naver(naver) used a grenade_pack 2-8-2021, 2:22:49 PM
naver(naver) used a grenade_pack 2-8-2021, 2:22:49 PM
naver(naver) used a grenade_pack 2-8-2021, 2:22:49 PM
naver(naver) used a grenade_pack 2-8-2021, 2:22:49 PM
naver(naver) used a grenade_pack 2-8-2021, 2:22:50 PM
naver(naver) used a grenade_pack 2-8-2021, 2:22:50 PM
naver(naver) used a grenade_pack 2-8-2021, 2:22:50 PM
naver(naver) used a grenade_pack 2-8-2021, 2:22:50 PM
naver(naver) used a grenade_pack 2-8-2021, 2:22:50 PM
naver(naver) used a grenade_pack 2-8-2021, 2:22:51 PM
naver(naver) used a grenade_pack 2-8-2021, 2:22:51 PM
naver(naver) used a grenade_pack 2-8-2021, 2:22:51 PM
naver(naver) used a grenade_pack 2-8-2021, 2:22:51 PM
naver(naver) used a grenade_pack 2-8-2021, 2:22:51 PM
naver(naver) used a grenade_pack 2-8-2021, 2:22:52 PM
naver(naver) used a grenade_pack 2-8-2021, 2:22:52 PM
naver(naver) used a grenade_pack 2-8-2021, 2:22:52 PM
naver(naver) used a grenade_pack 2-8-2021, 2:22:52 PM
naver(naver) used a grenade_pack 2-8-2021, 2:22:53 PM
naver(naver) used a grenade_pack 2-8-2021, 2:22:53 PM
naver(naver) used a grenade_pack 2-8-2021, 2:22:53 PM
naver(naver) used a grenade_pack 2-8-2021, 2:22:53 PM
naver(naver) used a grenade_pack 2-8-2021, 2:22:53 PM
naver(naver) used a grenade_pack 2-8-2021, 2:22:54 PM
naver(naver) used a grenade_pack 2-8-2021, 2:22:54 PM
naver(naver) used a grenade_pack 2-8-2021, 2:22:54 PM
naver(naver) used a grenade_pack 2-8-2021, 2:22:54 PM
naver(naver) used a grenade_pack 2-8-2021, 2:22:55 PM
naver(naver) used a grenade_pack 2-8-2021, 2:22:55 PM
naver(naver) used a grenade_pack 2-8-2021, 2:22:55 PM
naver(naver) used a grenade_pack 2-8-2021, 2:22:55 PM
naver(naver) used a grenade_pack 2-8-2021, 2:22:55 PM
naver(naver) used a grenade_pack 2-8-2021, 2:22:56 PM
naver(naver) used a grenade_pack 2-8-2021, 2:22:56 PM
naver(naver) used a grenade_pack 2-8-2021, 2:22:56 PM
naver(naver) used a grenade_pack 2-8-2021, 2:22:56 PM
naver(naver) used a grenade_pack 2-8-2021, 2:23:01 PM
naver(naver) used a grenade_pack 2-8-2021, 2:23:02 PM
naver(naver) used a grenade_pack 2-8-2021, 2:23:02 PM
naver(naver) used a grenade_pack 2-8-2021, 2:23:02 PM
naver(naver) used a grenade_pack 2-8-2021, 2:23:02 PM
naver(naver) used a grenade_pack 2-8-2021, 2:23:03 PM
naver(naver) used a grenade_pack 2-8-2021, 2:23:03 PM
naver(naver) used a grenade_pack 2-8-2021, 2:23:03 PM
naver(naver) used a grenade_pack 2-8-2021, 2:23:03 PM
naver(naver) used a grenade_pack 2-8-2021, 2:23:03 PM
naver(naver) used a grenade_pack 2-8-2021, 2:23:04 PM
naver(naver) used a grenade_pack 2-8-2021, 2:23:04 PM
naver(naver) used a grenade_pack 2-8-2021, 2:23:04 PM
naver(naver) used a grenade_pack 2-8-2021, 2:23:04 PM
naver(naver) used a grenade_pack 2-8-2021, 2:23:05 PM
naver(naver) used a grenade_pack 2-8-2021, 2:23:05 PM
naver(naver) used a grenade_pack 2-8-2021, 2:23:05 PM
naver(naver) used a grenade_pack 2-8-2021, 2:23:05 PM
naver(naver) used a grenade_pack 2-8-2021, 2:23:05 PM
naver(naver) used a grenade_pack 2-8-2021, 2:23:06 PM
naver(naver) used a grenade_pack 2-8-2021, 2:23:06 PM
naver(naver) used a grenade_pack 2-8-2021, 2:23:06 PM
naver(naver) used a grenade_pack 2-8-2021, 2:23:06 PM
naver(naver) used a grenade_pack 2-8-2021, 2:23:06 PM
naver(naver) used a grenade_pack 2-8-2021, 2:23:07 PM
naver(naver) used a grenade_pack 2-8-2021, 2:23:09 PM
naver(naver) used a grenade_pack 2-8-2021, 2:23:09 PM
naver(naver) used a grenade_pack 2-8-2021, 2:23:09 PM
naver(naver) used a grenade_pack 2-8-2021, 2:23:09 PM
naver(naver) used a health_drink 2-8-2021, 2:24:26 PM
naver(naver) used a skinned_boar 2-8-2021, 2:25:45 PM
naver(naver) used a skinned_boar 2-8-2021, 2:25:46 PM
naver(naver) used a skinned_boar 2-8-2021, 2:25:46 PM
naver(naver) used a skinned_boar 2-8-2021, 2:25:46 PM
naver(naver) used a skinned_boar 2-8-2021, 2:25:46 PM
naver(naver) used a skinned_boar 2-8-2021, 2:25:47 PM
naver(naver) used a skinned_boar 2-8-2021, 2:25:47 PM
naver(naver) used a skinned_boar 2-8-2021, 2:25:47 PM
naver(naver) used a skinned_boar 2-8-2021, 2:25:47 PM
naver(naver) used a skinned_boar 2-8-2021, 2:25:48 PM
naver(naver) used a skinned_boar 2-8-2021, 2:25:48 PM
naver(naver) used a skinned_boar 2-8-2021, 2:25:48 PM
naver(naver) used a skinned_boar 2-8-2021, 2:25:48 PM
naver(naver) used a skinned_boar 2-8-2021, 2:25:49 PM
naver(naver) used a skinned_boar 2-8-2021, 2:25:49 PM
naver(naver) used a skinned_boar 2-8-2021, 2:25:49 PM
naver(naver) used a skinned_boar 2-8-2021, 2:25:49 PM
naver(naver) used a skinned_boar 2-8-2021, 2:25:54 PM
naver(naver) used a skinned_boar 2-8-2021, 2:26:02 PM
naver(naver) used a zulfikar 2-8-2021, 2:27:11 PM
naver(naver) used a grenade 2-8-2021, 2:27:19 PM
naver(naver) used a grenade 2-8-2021, 2:27:19 PM
naver(naver) used a grenade 2-8-2021, 2:27:20 PM
naver(naver) used a grenade 2-8-2021, 2:27:20 PM
naver(naver) used a grenade 2-8-2021, 2:27:20 PM
naver(naver) used a grenade 2-8-2021, 2:27:20 PM
naver(naver) used a grenade 2-8-2021, 2:27:21 PM
naver(naver) used a grenade 2-8-2021, 2:27:21 PM
naver(naver) used a grenade 2-8-2021, 2:27:21 PM
naver(naver) used a grenade 2-8-2021, 2:27:21 PM
naver(naver) used a grenade 2-8-2021, 2:27:21 PM
naver(naver) used a grenade 2-8-2021, 2:27:22 PM
naver(naver) used a grenade 2-8-2021, 2:27:22 PM
naver(naver) used a grenade 2-8-2021, 2:27:22 PM
naver(naver) used a grenade 2-8-2021, 2:27:22 PM
naver(naver) used a grenade 2-8-2021, 2:27:23 PM
naver(naver) used a grenade 2-8-2021, 2:27:23 PM
naver(naver) used a grenade 2-8-2021, 2:27:23 PM
naver(naver) used a grenade 2-8-2021, 2:27:23 PM
naver(naver) used a grenade 2-8-2021, 2:27:24 PM
naver(naver) used a grenade 2-8-2021, 2:27:24 PM
naver(naver) used a grenade 2-8-2021, 2:27:24 PM
naver(naver) used a grenade 2-8-2021, 2:27:24 PM
naver(naver) used a health_drink 2-8-2021, 3:56:24 PM
naver(naver) used a health_drink 2-8-2021, 3:57:05 PM
naver(naver) used a health_drink 2-8-2021, 3:57:14 PM
naver(naver) used a health_drink 2-8-2021, 3:57:33 PM
naver(naver) used a health_drink 2-8-2021, 3:57:36 PM
naver(naver) used a health_drink 2-8-2021, 3:57:40 PM
naver(naver) used a health_drink 2-8-2021, 3:57:43 PM
naver(naver) used a health_drink 2-8-2021, 3:57:46 PM
naver(naver) used a shield 2-8-2021, 3:57:58 PM
naver(naver) used a shield 2-8-2021, 3:57:58 PM
naver(naver) used a shield 2-8-2021, 3:57:59 PM
naver(naver) used a shield 2-8-2021, 3:58:00 PM
naver(naver) used a shield 2-8-2021, 3:58:01 PM
naver(naver) used a shield 2-8-2021, 3:58:01 PM
naver(naver) used a shield 2-8-2021, 3:58:02 PM
naver(naver) used a shield 2-8-2021, 3:58:03 PM
naver(naver) used a shield 2-8-2021, 3:58:03 PM
naver(naver) used a shield 2-8-2021, 3:58:03 PM
naver(naver) used a shield 2-8-2021, 3:58:03 PM
naver(naver) used a shield 2-8-2021, 3:58:04 PM
naver(naver) used a shield 2-8-2021, 3:58:04 PM
naver(naver) used a shield 2-8-2021, 3:58:04 PM
naver(naver) used a shield 2-8-2021, 3:58:04 PM
naver(naver) used a shield 2-8-2021, 3:58:04 PM
naver(naver) used a shield 2-8-2021, 3:58:05 PM
naver(naver) used a shield 2-8-2021, 3:58:05 PM
naver(naver) used a shield 2-8-2021, 3:58:05 PM
naver(naver) used a shield 2-8-2021, 3:58:05 PM
naver(naver) used a shield 2-8-2021, 3:58:05 PM
naver(naver) used a shield 2-8-2021, 3:58:06 PM
naver(naver) used a shield 2-8-2021, 3:58:06 PM
naver(naver) used a shield 2-8-2021, 3:58:06 PM
naver(naver) used a shield 2-8-2021, 3:58:06 PM
naver(naver) used a shield 2-8-2021, 3:58:07 PM
naver(naver) used a shield 2-8-2021, 3:58:07 PM
naver(naver) used a shield 2-8-2021, 3:58:07 PM
naver(naver) used a shield 2-8-2021, 3:58:07 PM
naver(naver) used a shield 2-8-2021, 3:58:08 PM
naver(naver) used a shield 2-8-2021, 3:58:08 PM
naver(naver) used a cooked_wolf_meat 2-8-2021, 3:58:28 PM
naver(naver) used a rpg7 2-8-2021, 3:59:09 PM
naver(naver) used a hand_cannon 2-8-2021, 3:59:19 PM
naver(naver) used a fnminimilight 2-8-2021, 3:59:28 PM
naver(naver) used a cooked_wolf_meat 2-8-2021, 3:59:55 PM
naver(naver) used a hand_grenade 2-8-2021, 4:06:11 PM
naver(naver) used a gas_mask 2-8-2021, 4:09:28 PM
naver(naver) used a zulfikar 2-8-2021, 4:11:58 PM
naver(naver) used a grenade 2-8-2021, 4:12:09 PM
naver(naver) used a grenade 2-8-2021, 4:12:11 PM
naver(naver) used a grenade 2-8-2021, 4:12:12 PM
naver(naver) used a grenade 2-8-2021, 4:12:13 PM
naver(naver) used a grenade 2-8-2021, 4:12:13 PM
naver(naver) used a grenade 2-8-2021, 4:12:14 PM
naver(naver) used a grenade 2-8-2021, 4:12:14 PM
naver(naver) used a grenade 2-8-2021, 4:12:15 PM
naver(naver) used a grenade 2-8-2021, 4:12:15 PM
naver(naver) used a grenade 2-8-2021, 4:12:15 PM
naver(naver) used a grenade 2-8-2021, 4:12:15 PM
naver(naver) used a grenade 2-8-2021, 4:12:16 PM
naver(naver) used a grenade 2-8-2021, 4:12:17 PM
naver(naver) used a grenade 2-8-2021, 4:12:17 PM
naver(naver) used a grenade 2-8-2021, 4:12:18 PM
naver(naver) used a grenade 2-8-2021, 4:12:23 PM
naver(naver) used a gas_mask 2-8-2021, 4:13:02 PM
naver(naver) used a health_drink 2-8-2021, 9:41:48 PM
naver(naver) used a health_drink 2-8-2021, 9:41:52 PM
naver(naver) used a health_drink 2-8-2021, 9:41:56 PM
naver(naver) used a health_drink 2-8-2021, 9:41:59 PM
naver(naver) used a health_drink 2-8-2021, 9:42:02 PM
naver(naver) used a health_drink 2-8-2021, 9:42:03 PM
naver(naver) used a health_drink 2-8-2021, 9:42:07 PM
naver(naver) used a health_drink 2-8-2021, 9:42:09 PM
naver(naver) used a health_drink 2-8-2021, 9:42:14 PM
naver(naver) used a health_drink 2-8-2021, 9:42:14 PM
naver(naver) used a health_drink 2-8-2021, 9:42:14 PM
naver(naver) used a shield 2-8-2021, 9:42:36 PM
naver(naver) used a shield 2-8-2021, 9:42:37 PM
naver(naver) used a shield 2-8-2021, 9:42:37 PM
naver(naver) used a shield 2-8-2021, 9:42:37 PM
naver(naver) used a shield 2-8-2021, 9:42:37 PM
naver(naver) used a shield 2-8-2021, 9:42:37 PM
naver(naver) used a shield 2-8-2021, 9:42:38 PM
naver(naver) used a shield 2-8-2021, 9:42:38 PM
naver(naver) used a shield 2-8-2021, 9:42:38 PM
naver(naver) used a shield 2-8-2021, 9:42:38 PM
naver(naver) used a shield 2-8-2021, 9:42:39 PM
naver(naver) used a shield 2-8-2021, 9:42:39 PM
naver(naver) used a shield 2-8-2021, 9:42:39 PM
naver(naver) used a shield 2-8-2021, 9:42:39 PM
naver(naver) used a shield 2-8-2021, 9:42:40 PM
naver(naver) used a skinned_boar 2-8-2021, 9:42:45 PM
naver(naver) used a skinned_boar 2-8-2021, 9:42:46 PM
naver(naver) used a skinned_boar 2-8-2021, 9:42:46 PM
naver(naver) used a skinned_boar 2-8-2021, 9:42:46 PM
naver(naver) used a skinned_boar 2-8-2021, 9:42:46 PM
naver(naver) used a skinned_boar 2-8-2021, 9:42:46 PM
naver(naver) used a skinned_boar 2-8-2021, 9:42:47 PM
naver(naver) used a skinned_boar 2-8-2021, 9:42:47 PM
naver(naver) used a skinned_boar 2-8-2021, 9:42:47 PM
naver(naver) used a skinned_boar 2-8-2021, 9:42:47 PM
naver(naver) used a skinned_boar 2-8-2021, 9:42:48 PM
naver(naver) used a skinned_boar 2-8-2021, 9:42:48 PM
naver(naver) used a skinned_boar 2-8-2021, 9:42:48 PM
naver(naver) used a skinned_boar 2-8-2021, 9:42:49 PM
naver(naver) used a skinned_boar 2-8-2021, 9:42:49 PM
naver(naver) used a skinned_boar 2-8-2021, 9:42:49 PM
naver(naver) used a skinned_boar 2-8-2021, 9:42:49 PM
naver(naver) used a skinned_boar 2-8-2021, 9:42:50 PM
naver(naver) used a skinned_boar 2-8-2021, 9:42:50 PM
naver(naver) used a skinned_boar 2-8-2021, 9:42:50 PM
naver(naver) used a skinned_boar 2-8-2021, 9:42:51 PM
naver(naver) used a skinned_boar 2-8-2021, 9:42:51 PM
naver(naver) used a skinned_boar 2-8-2021, 9:42:51 PM
naver(naver) used a skinned_boar 2-8-2021, 9:42:52 PM
naver(naver) used a skinned_boar 2-8-2021, 9:42:52 PM
naver(naver) used a skinned_boar 2-8-2021, 9:42:52 PM
naver(naver) used a skinned_boar 2-8-2021, 9:42:53 PM
naver(naver) used a skinned_boar 2-8-2021, 9:42:53 PM
naver(naver) used a skinned_boar 2-8-2021, 9:42:53 PM
naver(naver) used a skinned_boar 2-8-2021, 9:42:54 PM
naver(naver) used a skinned_boar 2-8-2021, 9:42:54 PM
naver(naver) used a skinned_boar 2-8-2021, 9:42:54 PM
naver(naver) used a skinned_boar 2-8-2021, 9:42:54 PM
naver(naver) used a skinned_boar 2-8-2021, 9:42:55 PM
naver(naver) used a skinned_boar 2-8-2021, 9:42:55 PM
naver(naver) used a skinned_boar 2-8-2021, 9:42:55 PM
naver(naver) used a skinned_boar 2-8-2021, 9:42:56 PM
naver(naver) used a skinned_boar 2-8-2021, 9:42:56 PM
naver(naver) used a skinned_boar 2-8-2021, 9:42:56 PM
naver(naver) used a skinned_boar 2-8-2021, 9:42:57 PM
naver(naver) used a skinned_boar 2-8-2021, 9:42:57 PM
naver(naver) used a skinned_boar 2-8-2021, 9:42:57 PM
naver(naver) used a skinned_boar 2-8-2021, 9:42:58 PM
naver(naver) used a skinned_boar 2-8-2021, 9:42:58 PM
naver(naver) used a skinned_boar 2-8-2021, 9:42:58 PM
naver(naver) used a skinned_boar 2-8-2021, 9:42:58 PM
naver(naver) used a skinned_boar 2-8-2021, 9:42:59 PM
naver(naver) used a skinned_boar 2-8-2021, 9:42:59 PM
naver(naver) used a skinned_boar 2-8-2021, 9:42:59 PM
naver(naver) used a skinned_boar 2-8-2021, 9:43:00 PM
naver(naver) used a skinned_boar 2-8-2021, 9:43:00 PM
naver(naver) used a skinned_boar 2-8-2021, 9:43:00 PM
naver(naver) used a skinned_boar 2-8-2021, 9:43:01 PM
naver(naver) used a skinned_boar 2-8-2021, 9:43:01 PM
naver(naver) used a skinned_boar 2-8-2021, 9:43:01 PM
naver(naver) used a skinned_boar 2-8-2021, 9:43:02 PM
naver(naver) used a skinned_boar 2-8-2021, 9:43:02 PM
naver(naver) used a skinned_boar 2-8-2021, 9:43:02 PM
naver(naver) used a skinned_boar 2-8-2021, 9:43:03 PM
naver(naver) used a skinned_boar 2-8-2021, 9:43:03 PM
naver(naver) used a skinned_boar 2-8-2021, 9:43:03 PM
naver(naver) used a skinned_boar 2-8-2021, 9:43:04 PM
naver(naver) used a skinned_boar 2-8-2021, 9:43:04 PM
naver(naver) used a skinned_boar 2-8-2021, 9:43:04 PM
naver(naver) used a skinned_boar 2-8-2021, 9:43:05 PM
naver(naver) used a skinned_boar 2-8-2021, 9:43:05 PM
naver(naver) used a skinned_boar 2-8-2021, 9:43:05 PM
naver(naver) used a skinned_boar 2-8-2021, 9:43:06 PM
naver(naver) used a skinned_boar 2-8-2021, 9:43:06 PM
naver(naver) used a skinned_boar 2-8-2021, 9:43:08 PM
naver(naver) used a skinned_boar 2-8-2021, 9:43:09 PM
naver(naver) used a skinned_boar 2-8-2021, 9:43:09 PM
naver(naver) used a skinned_boar 2-8-2021, 9:43:09 PM
naver(naver) used a skinned_boar 2-8-2021, 9:43:09 PM
naver(naver) used a skinned_boar 2-8-2021, 9:43:10 PM
naver(naver) used a skinned_boar 2-8-2021, 9:43:10 PM
naver(naver) used a skinned_boar 2-8-2021, 9:43:10 PM
naver(naver) used a skinned_boar 2-8-2021, 9:43:11 PM
naver(naver) used a skinned_boar 2-8-2021, 9:43:11 PM
naver(naver) used a skinned_boar 2-8-2021, 9:43:11 PM
naver(naver) used a skinned_boar 2-8-2021, 9:43:12 PM
naver(naver) used a skinned_boar 2-8-2021, 9:43:12 PM
naver(naver) used a skinned_boar 2-8-2021, 9:43:12 PM
naver(naver) used a skinned_boar 2-8-2021, 9:43:12 PM
naver(naver) used a skinned_boar 2-8-2021, 9:43:13 PM
naver(naver) used a skinned_boar 2-8-2021, 9:43:13 PM
naver(naver) used a skinned_boar 2-8-2021, 9:43:13 PM
naver(naver) used a skinned_boar 2-8-2021, 9:43:14 PM
naver(naver) used a skinned_boar 2-8-2021, 9:43:14 PM
naver(naver) used a skinned_boar 2-8-2021, 9:43:14 PM
naver(naver) used a skinned_boar 2-8-2021, 9:43:15 PM
naver(naver) used a skinned_boar 2-8-2021, 9:43:15 PM
naver(naver) used a skinned_boar 2-8-2021, 9:43:15 PM
naver(naver) used a skinned_boar 2-8-2021, 9:43:15 PM
naver(naver) used a skinned_boar 2-8-2021, 9:43:16 PM
naver(naver) used a skinned_boar 2-8-2021, 9:43:16 PM
naver(naver) used a skinned_boar 2-8-2021, 9:43:16 PM
naver(naver) used a skinned_boar 2-8-2021, 9:43:16 PM
naver(naver) used a skinned_boar 2-8-2021, 9:43:17 PM
naver(naver) used a skinned_boar 2-8-2021, 9:43:17 PM
naver(naver) used a skinned_boar 2-8-2021, 9:43:17 PM
naver(naver) used a skinned_boar 2-8-2021, 9:43:18 PM
naver(naver) used a skinned_boar 2-8-2021, 9:43:18 PM
naver(naver) used a skinned_boar 2-8-2021, 9:43:18 PM
naver(naver) used a skinned_boar 2-8-2021, 9:43:19 PM
naver(naver) used a skinned_boar 2-8-2021, 9:43:19 PM
naver(naver) used a skinned_boar 2-8-2021, 9:43:19 PM
naver(naver) used a skinned_boar 2-8-2021, 9:43:20 PM
naver(naver) used a skinned_boar 2-8-2021, 9:43:20 PM
naver(naver) used a skinned_boar 2-8-2021, 9:43:20 PM
naver(naver) used a skinned_boar 2-8-2021, 9:43:21 PM
naver(naver) used a skinned_boar 2-8-2021, 9:43:21 PM
naver(naver) used a skinned_boar 2-8-2021, 9:43:21 PM
naver(naver) used a skinned_boar 2-8-2021, 9:43:22 PM
naver(naver) used a skinned_boar 2-8-2021, 9:43:22 PM
naver(naver) used a skinned_boar 2-8-2021, 9:43:22 PM
naver(naver) used a skinned_boar 2-8-2021, 9:43:22 PM
naver(naver) used a rpg7 2-8-2021, 9:43:52 PM
naver(naver) used a hand_cannon 2-8-2021, 9:43:57 PM
naver(naver) used a fnminimilight 2-8-2021, 9:44:04 PM
naver(naver) used a awp 2-8-2021, 9:44:26 PM
naver(naver) used a hand_cannon 2-8-2021, 9:44:37 PM
naver(naver) used a colt_ar_15_assault_rifle 2-8-2021, 9:44:39 PM
naver(naver) used a ags30 2-8-2021, 9:44:53 PM
naver(naver) used a awp 2-8-2021, 9:45:01 PM
naver(naver) used a crt43_automatic_shotgun 2-8-2021, 9:45:03 PM
naver(naver) used a taser 2-8-2021, 9:45:11 PM
naver(naver) used a rocket_launcher 2-8-2021, 9:45:16 PM
naver(naver) used a beretta_m1951_machine_pistol 2-8-2021, 9:45:21 PM
naver(naver) used a sniper 2-8-2021, 9:45:26 PM
naver(naver) used a zulfikar 2-8-2021, 9:45:31 PM
naver(naver) used a pack_of_5_mass_bomb 2-8-2021, 9:47:47 PM
naver(naver) used a sniper 2-8-2021, 9:49:32 PM
naver(naver) used a suicide_bomb 2-8-2021, 9:54:19 PM
naver(naver) used a health_drink 2-8-2021, 9:54:47 PM
naver(naver) used a health_drink 2-8-2021, 9:54:51 PM
naver(naver) used a health_drink 2-8-2021, 9:54:56 PM
naver(naver) used a health_drink 2-8-2021, 9:54:59 PM
naver(naver) used a health_drink 2-8-2021, 9:55:00 PM
naver(naver) used a health_drink 2-8-2021, 9:55:04 PM
naver(naver) used a health_drink 2-8-2021, 9:55:07 PM
naver(naver) used a health_drink 2-8-2021, 9:55:10 PM
naver(naver) used a guided_missile 2-8-2021, 9:55:49 PM
naver(naver) used a guided_missile 2-8-2021, 9:55:54 PM
naver(naver) used a guided_missile 2-8-2021, 9:56:10 PM
naver(naver) used a carrier_missile 2-8-2021, 9:56:19 PM
naver(naver) used a carrier_missile 2-8-2021, 9:57:13 PM
naver(naver) used a carrier_missile 2-8-2021, 9:57:50 PM
naver(naver) used a guided_missile 2-8-2021, 9:59:00 PM
naver(naver) used a ultrabomb 2-8-2021, 10:00:20 PM
naver(naver) used a ultrabomb_silencer 2-8-2021, 10:00:28 PM
naver(naver) used a ultrabomb_silencer 2-8-2021, 10:00:29 PM
naver(naver) used a ultrabomb_silencer 2-8-2021, 10:00:30 PM
naver(naver) used a ultrabomb 2-8-2021, 10:00:35 PM
naver(naver) used a ultrabomb 2-8-2021, 10:00:59 PM
naver(naver) used a gas_mask 2-8-2021, 10:08:42 PM
naver(naver) used a zulfikar 2-8-2021, 10:10:11 PM
naver(naver) used a gas_mask 2-8-2021, 10:10:16 PM
naver(naver) used a health_drink 2-8-2021, 10:10:34 PM
naver(naver) used a health_drink 2-8-2021, 10:10:37 PM
naver(naver) used a health_drink 2-8-2021, 10:10:38 PM
naver(naver) used a health_drink 2-8-2021, 10:10:43 PM