
mihail(mihail) used a cola 1-14-2021, 11:13:07 PM
mihail(mihail) used a the_legendary_sword 1-14-2021, 11:17:14 PM
mihail(mihail) used a storm_sniper 1-14-2021, 11:17:29 PM
mihail(mihail) used a turret 1-14-2021, 11:20:45 PM
mihail(mihail) used a bullet_bomb_locator 1-14-2021, 11:21:44 PM
mihail(mihail) used a bullet_bomb_locator 1-14-2021, 11:21:48 PM
mihail(mihail) used a bullet_bomb_locator 1-14-2021, 11:21:49 PM
mihail(mihail) used a bullet_bomb 1-14-2021, 11:21:54 PM
mihail(mihail) used a grenade 1-14-2021, 11:23:59 PM
mihail(mihail) used a grenade 1-14-2021, 11:24:00 PM
mihail(mihail) used a grenade 1-14-2021, 11:24:01 PM
mihail(mihail) used a grenade 1-14-2021, 11:24:01 PM
mihail(mihail) used a grenade 1-14-2021, 11:24:01 PM
mihail(mihail) used a grenade 1-14-2021, 11:24:01 PM
mihail(mihail) used a grenade 1-14-2021, 11:24:01 PM
mihail(mihail) used a grenade 1-14-2021, 11:24:02 PM
mihail(mihail) used a grenade 1-14-2021, 11:24:02 PM
mihail(mihail) used a grenade 1-14-2021, 11:24:02 PM
mihail(mihail) used a throwing_star 1-14-2021, 11:32:34 PM
mihail(mihail) used a hand_grenade 1-14-2021, 11:32:43 PM
mihail(mihail) used a hand_grenade 1-14-2021, 11:32:45 PM
mihail(mihail) used a hand_grenade 1-14-2021, 11:32:49 PM
mihail(mihail) used a hand_grenade 1-14-2021, 11:32:49 PM
mihail(mihail) used a hand_grenade 1-14-2021, 11:33:02 PM
mihail(mihail) used a hand_grenade 1-14-2021, 11:33:36 PM
mihail(mihail) used a hand_grenade 1-14-2021, 11:33:39 PM
mihail(mihail) used a hand_grenade 1-14-2021, 11:33:39 PM
mihail(mihail) used a hand_grenade 1-14-2021, 11:33:40 PM
mihail(mihail) used a hand_grenade 1-14-2021, 11:33:40 PM