
anil(anil) used a antibiotic 1-30-2021, 7:34:00 AM
anil(anil) used a antibiotic 1-30-2021, 7:34:00 AM
anil(anil) used a antibiotic 1-30-2021, 7:34:00 AM
anil(anil) used a the_legendary_sword 1-30-2021, 7:34:16 AM
anil(anil) used a the_legendary_sword 1-30-2021, 7:34:16 AM
anil(anil) used a antibiotic 1-30-2021, 7:35:30 AM
anil(anil) used a antibiotic 1-30-2021, 7:35:31 AM
anil(anil) used a tk_ultra_health_potion 1-30-2021, 7:35:51 AM
anil(anil) used a storm_sniper 1-30-2021, 7:35:56 AM
anil(anil) used a storm_sniper 1-30-2021, 7:35:56 AM
anil(anil) used a antibiotic 1-30-2021, 7:36:23 AM
anil(anil) used a shield 1-30-2021, 7:36:28 AM
anil(anil) used a shield 1-30-2021, 7:36:28 AM
anil(anil) used a shield 1-30-2021, 7:36:29 AM
anil(anil) used a shield 1-30-2021, 7:36:29 AM
anil(anil) used a shield 1-30-2021, 7:36:29 AM
anil(anil) used a shield 1-30-2021, 7:36:29 AM
anil(anil) used a shield 1-30-2021, 7:36:29 AM
anil(anil) used a shield 1-30-2021, 7:36:30 AM
anil(anil) used a shield 1-30-2021, 7:36:30 AM
anil(anil) used a shield 1-30-2021, 7:36:31 AM
anil(anil) used a shield 1-30-2021, 7:36:31 AM
anil(anil) used a shield 1-30-2021, 7:36:32 AM
anil(anil) used a shield 1-30-2021, 7:36:32 AM
anil(anil) used a shield 1-30-2021, 7:36:32 AM
anil(anil) used a shield 1-30-2021, 7:36:32 AM
anil(anil) used a shield 1-30-2021, 7:36:33 AM
anil(anil) used a shield 1-30-2021, 7:36:33 AM
anil(anil) used a shield 1-30-2021, 7:36:33 AM
anil(anil) used a shield 1-30-2021, 7:36:34 AM
anil(anil) used a shield 1-30-2021, 7:36:34 AM
anil(anil) used a shield 1-30-2021, 7:36:34 AM
anil(anil) used a shield 1-30-2021, 7:36:34 AM
anil(anil) used a shield 1-30-2021, 7:36:35 AM
anil(anil) used a shield 1-30-2021, 7:36:35 AM
anil(anil) used a shield 1-30-2021, 7:36:35 AM
anil(anil) used a shield 1-30-2021, 7:36:35 AM
anil(anil) used a shield 1-30-2021, 7:36:36 AM
anil(anil) used a shield 1-30-2021, 7:36:36 AM
anil(anil) used a shield 1-30-2021, 7:36:36 AM
anil(anil) used a shield 1-30-2021, 7:36:37 AM
anil(anil) used a shield 1-30-2021, 7:36:38 AM
anil(anil) used a guided_missile 1-30-2021, 7:40:58 AM
anil(anil) used a guided_missile 1-30-2021, 7:40:58 AM
anil(anil) used a guided_missile 1-30-2021, 7:41:32 AM
anil(anil) used a guided_missile 1-30-2021, 7:41:39 AM
anil(anil) used a guided_missile 1-30-2021, 7:41:56 AM
anil(anil) used a guided_missile 1-30-2021, 7:42:06 AM
anil(anil) used a guided_missile 1-30-2021, 7:42:06 AM
anil(anil) used a antibiotic 1-30-2021, 7:42:28 AM
anil(anil) used a antibiotic 1-30-2021, 7:42:28 AM
anil(anil) used a antibiotic 1-30-2021, 7:42:29 AM
anil(anil) used a shield 1-30-2021, 7:42:48 AM
anil(anil) used a shield 1-30-2021, 7:42:48 AM
anil(anil) used a shield 1-30-2021, 7:42:49 AM
anil(anil) used a shield 1-30-2021, 7:42:49 AM
anil(anil) used a shield 1-30-2021, 7:42:49 AM
anil(anil) used a shield 1-30-2021, 7:42:49 AM
anil(anil) used a shield 1-30-2021, 7:42:49 AM
anil(anil) used a shield 1-30-2021, 7:42:50 AM
anil(anil) used a shield 1-30-2021, 7:42:50 AM
anil(anil) used a shield 1-30-2021, 7:42:50 AM
anil(anil) used a shield 1-30-2021, 7:42:51 AM
anil(anil) used a shield 1-30-2021, 7:42:51 AM
anil(anil) used a shield 1-30-2021, 7:42:51 AM
anil(anil) used a shield 1-30-2021, 7:42:52 AM
anil(anil) used a shield 1-30-2021, 7:42:52 AM
anil(anil) used a shield 1-30-2021, 7:42:52 AM
anil(anil) used a shield 1-30-2021, 7:42:52 AM
anil(anil) used a shield 1-30-2021, 7:42:52 AM
anil(anil) used a shield 1-30-2021, 7:42:53 AM
anil(anil) used a shield 1-30-2021, 7:42:53 AM
anil(anil) used a shield 1-30-2021, 7:42:53 AM
anil(anil) used a shield 1-30-2021, 7:42:54 AM
anil(anil) used a shield 1-30-2021, 7:42:54 AM
anil(anil) used a shield 1-30-2021, 7:42:54 AM
anil(anil) used a shield 1-30-2021, 7:42:54 AM
anil(anil) used a tk_ultra_health_potion 1-30-2021, 7:43:07 AM
anil(anil) used a tk_ultra_health_potion 1-30-2021, 7:43:07 AM
anil(anil) used a tk_ultra_health_potion 1-30-2021, 7:43:07 AM
anil(anil) used a guided_missile 1-30-2021, 7:43:26 AM
anil(anil) used a antibiotic 1-30-2021, 7:46:00 AM
anil(anil) used a antibiotic 1-30-2021, 7:46:23 AM
anil(anil) used a antibiotic 1-30-2021, 7:46:23 AM
anil(anil) used a shield 1-30-2021, 7:46:31 AM
anil(anil) used a shield 1-30-2021, 7:46:32 AM
anil(anil) used a shield 1-30-2021, 7:46:32 AM
anil(anil) used a shield 1-30-2021, 7:46:32 AM
anil(anil) used a shield 1-30-2021, 7:46:32 AM
anil(anil) used a shield 1-30-2021, 7:46:32 AM
anil(anil) used a shield 1-30-2021, 7:46:33 AM
anil(anil) used a shield 1-30-2021, 7:46:33 AM
anil(anil) used a shield 1-30-2021, 7:46:33 AM
anil(anil) used a shield 1-30-2021, 7:46:34 AM
anil(anil) used a shield 1-30-2021, 7:46:34 AM
anil(anil) used a shield 1-30-2021, 7:46:34 AM
anil(anil) used a shield 1-30-2021, 7:46:35 AM
anil(anil) used a shield 1-30-2021, 7:46:35 AM
anil(anil) used a shield 1-30-2021, 7:46:35 AM
anil(anil) used a shield 1-30-2021, 7:46:36 AM
anil(anil) used a shield 1-30-2021, 7:46:36 AM
anil(anil) used a shield 1-30-2021, 7:46:36 AM
anil(anil) used a shield 1-30-2021, 7:46:37 AM
anil(anil) used a shield 1-30-2021, 7:46:37 AM
anil(anil) used a shield 1-30-2021, 7:46:37 AM
anil(anil) used a shield 1-30-2021, 7:46:38 AM
anil(anil) used a shield 1-30-2021, 7:46:38 AM
anil(anil) used a shield 1-30-2021, 7:46:38 AM
anil(anil) used a shield 1-30-2021, 7:46:39 AM
anil(anil) used a shield 1-30-2021, 7:46:39 AM
anil(anil) used a antibiotic 1-30-2021, 7:46:42 AM
anil(anil) used a tk_ultra_health_potion 1-30-2021, 7:47:18 AM
anil(anil) used a tk_ultra_health_potion 1-30-2021, 7:47:18 AM
anil(anil) used a tk_ultra_health_potion 1-30-2021, 7:47:19 AM
anil(anil) used a small_projectile 1-30-2021, 7:48:44 AM
anil(anil) used a antibiotic 1-30-2021, 7:49:14 AM
anil(anil) used a antibiotic 1-30-2021, 7:49:14 AM
anil(anil) used a antibiotic 1-30-2021, 7:52:08 AM
anil(anil) used a antibiotic 1-30-2021, 7:52:14 AM
anil(anil) used a antibiotic 1-30-2021, 7:52:14 AM
anil(anil) used a antibiotic 1-30-2021, 7:52:27 AM
anil(anil) used a antibiotic 1-30-2021, 7:53:33 AM
anil(anil) used a antibiotic 1-30-2021, 7:53:33 AM
anil(anil) used a antibiotic 1-30-2021, 7:54:29 AM
anil(anil) used a antibiotic 1-30-2021, 7:54:56 AM
anil(anil) used a antibiotic 1-30-2021, 7:54:56 AM
anil(anil) used a antibiotic 1-30-2021, 7:55:15 AM
anil(anil) used a antibiotic 1-30-2021, 7:55:15 AM
anil(anil) used a antibiotic 1-30-2021, 7:55:16 AM
anil(anil) used a antibiotic 1-30-2021, 7:55:16 AM
anil(anil) used a shield 1-30-2021, 7:55:44 AM
anil(anil) used a shield 1-30-2021, 7:55:44 AM
anil(anil) used a shield 1-30-2021, 7:55:44 AM
anil(anil) used a shield 1-30-2021, 7:55:44 AM
anil(anil) used a shield 1-30-2021, 7:55:45 AM
anil(anil) used a shield 1-30-2021, 7:55:45 AM
anil(anil) used a shield 1-30-2021, 7:55:45 AM
anil(anil) used a shield 1-30-2021, 7:55:45 AM
anil(anil) used a shield 1-30-2021, 7:55:46 AM
anil(anil) used a shield 1-30-2021, 7:55:46 AM
anil(anil) used a shield 1-30-2021, 7:55:46 AM
anil(anil) used a shield 1-30-2021, 7:55:47 AM
anil(anil) used a shield 1-30-2021, 7:55:47 AM
anil(anil) used a shield 1-30-2021, 7:55:47 AM
anil(anil) used a shield 1-30-2021, 7:55:47 AM
anil(anil) used a shield 1-30-2021, 7:55:48 AM
anil(anil) used a shield 1-30-2021, 7:55:48 AM
anil(anil) used a shield 1-30-2021, 7:55:48 AM
anil(anil) used a shield 1-30-2021, 7:55:48 AM
anil(anil) used a shield 1-30-2021, 7:55:48 AM
anil(anil) used a shield 1-30-2021, 7:55:49 AM
anil(anil) used a shield 1-30-2021, 7:55:49 AM
anil(anil) used a shield 1-30-2021, 7:55:49 AM
anil(anil) used a shield 1-30-2021, 7:55:50 AM
anil(anil) used a shield 1-30-2021, 7:55:50 AM
anil(anil) used a shield 1-30-2021, 7:55:50 AM
anil(anil) used a shield 1-30-2021, 7:55:50 AM
anil(anil) used a shield 1-30-2021, 7:55:50 AM
anil(anil) used a shield 1-30-2021, 7:55:51 AM
anil(anil) used a shield 1-30-2021, 7:55:51 AM
anil(anil) used a shield 1-30-2021, 7:55:51 AM
anil(anil) used a shield 1-30-2021, 7:55:51 AM
anil(anil) used a tk_ultra_health_potion 1-30-2021, 7:55:57 AM
anil(anil) used a grenade_pack 1-30-2021, 7:57:20 AM
anil(anil) used a antibiotic 1-30-2021, 7:58:36 AM
anil(anil) used a antibiotic 1-30-2021, 7:58:36 AM
anil(anil) used a armored_tank 1-30-2021, 7:59:00 AM
anil(anil) used a armored_tank 1-30-2021, 7:59:01 AM
anil(anil) used a antibiotic 1-30-2021, 8:03:29 AM
anil(anil) used a guided_missile 1-30-2021, 8:04:10 AM
anil(anil) used a guided_missile 1-30-2021, 8:04:14 AM
anil(anil) used a guided_missile 1-30-2021, 8:04:15 AM
anil(anil) used a guided_missile 1-30-2021, 8:04:15 AM
anil(anil) used a guided_missile 1-30-2021, 8:04:16 AM
anil(anil) used a guided_missile 1-30-2021, 8:04:20 AM
anil(anil) used a guided_missile 1-30-2021, 8:04:20 AM
anil(anil) used a antibiotic 1-30-2021, 8:04:28 AM
anil(anil) used a antibiotic 1-30-2021, 8:04:28 AM
anil(anil) used a antibiotic 1-30-2021, 8:04:29 AM
anil(anil) used a antibiotic 1-30-2021, 8:04:29 AM
anil(anil) used a antibiotic 1-30-2021, 8:04:31 AM
anil(anil) used a antibiotic 1-30-2021, 8:04:34 AM
anil(anil) used a antibiotic 1-30-2021, 8:04:34 AM
anil(anil) used a antibiotic 1-30-2021, 8:04:35 AM
anil(anil) used a guided_missile 1-30-2021, 8:04:43 AM
anil(anil) used a guided_missile 1-30-2021, 8:04:52 AM
anil(anil) used a guided_missile 1-30-2021, 8:04:52 AM
anil(anil) used a guided_missile 1-30-2021, 8:04:56 AM
anil(anil) used a guided_missile 1-30-2021, 8:04:57 AM
anil(anil) used a guided_missile 1-30-2021, 8:04:57 AM
anil(anil) used a guided_missile 1-30-2021, 8:04:58 AM
anil(anil) used a guided_missile 1-30-2021, 8:04:58 AM
anil(anil) used a antibiotic 1-30-2021, 8:05:24 AM
anil(anil) used a antibiotic 1-30-2021, 8:05:25 AM
anil(anil) used a antibiotic 1-30-2021, 8:05:25 AM
anil(anil) used a antibiotic 1-30-2021, 8:06:27 AM
anil(anil) used a antibiotic 1-30-2021, 8:06:27 AM
anil(anil) used a guided_missile 1-30-2021, 8:06:41 AM
anil(anil) used a guided_missile 1-30-2021, 8:06:41 AM
anil(anil) used a guided_missile 1-30-2021, 8:06:45 AM
anil(anil) used a guided_missile 1-30-2021, 8:06:46 AM
anil(anil) used a guided_missile 1-30-2021, 8:06:47 AM
anil(anil) used a guided_missile 1-30-2021, 8:06:48 AM
anil(anil) used a guided_missile 1-30-2021, 8:06:48 AM
anil(anil) used a guided_missile 1-30-2021, 8:06:49 AM
anil(anil) used a guided_missile 1-30-2021, 8:06:49 AM
anil(anil) used a guided_missile 1-30-2021, 8:06:54 AM
anil(anil) used a guided_missile 1-30-2021, 8:06:57 AM
anil(anil) used a guided_missile 1-30-2021, 8:06:57 AM
anil(anil) used a antibiotic 1-30-2021, 8:07:33 AM
anil(anil) used a antibiotic 1-30-2021, 8:07:34 AM
anil(anil) used a antibiotic 1-30-2021, 8:07:34 AM
anil(anil) used a item_grabber 1-30-2021, 8:07:42 AM
anil(anil) used a pack_of_5_barricade_bomb 1-30-2021, 8:09:19 AM
anil(anil) used a pack_of_10_antibiotic 1-30-2021, 8:09:24 AM
anil(anil) used a pack_of_10_antibiotic 1-30-2021, 8:09:24 AM
anil(anil) used a pack_of_5_mass_bomb 1-30-2021, 8:09:29 AM
anil(anil) used a pack_of_15_shield 1-30-2021, 8:09:33 AM
anil(anil) used a pack_of_15_shield 1-30-2021, 8:09:33 AM
anil(anil) used a pack_of_10_motion_bomb 1-30-2021, 8:09:38 AM
anil(anil) used a pack_of_10_remote_timebomb 1-30-2021, 8:09:43 AM
anil(anil) used a pack_of_20_fire_extinguisher 1-30-2021, 8:09:48 AM
anil(anil) used a pack_of_20_fire_extinguisher 1-30-2021, 8:09:48 AM
anil(anil) used a pack_of_20_fire_extinguisher 1-30-2021, 8:09:49 AM
anil(anil) used a grenade_pack 1-30-2021, 8:10:08 AM
anil(anil) used a suicide_bomb 1-30-2021, 8:12:21 AM
anil(anil) used a antibiotic_canister 1-30-2021, 8:12:38 AM
anil(anil) used a antibiotic_canister 1-30-2021, 8:12:45 AM
anil(anil) used a antibiotic_canister 1-30-2021, 8:12:50 AM
anil(anil) used a antibiotic 1-30-2021, 8:12:59 AM
anil(anil) used a antibiotic 1-30-2021, 8:13:00 AM
anil(anil) used a empty_beer_bottle 1-30-2021, 8:14:29 AM
anil(anil) used a empty_beer_bottle 1-30-2021, 8:14:29 AM
anil(anil) used a empty_beer_bottle 1-30-2021, 8:14:29 AM
anil(anil) used a empty_beer_bottle 1-30-2021, 8:14:29 AM
anil(anil) used a empty_beer_bottle 1-30-2021, 8:14:30 AM
anil(anil) used a empty_beer_bottle 1-30-2021, 8:14:30 AM
anil(anil) used a empty_beer_bottle 1-30-2021, 8:14:38 AM
anil(anil) used a empty_beer_bottle 1-30-2021, 8:14:50 AM
anil(anil) used a empty_beer_bottle 1-30-2021, 8:14:51 AM
anil(anil) used a empty_beer_bottle 1-30-2021, 8:14:52 AM
anil(anil) used a empty_beer_bottle 1-30-2021, 8:14:54 AM
anil(anil) used a empty_beer_bottle 1-30-2021, 8:14:54 AM
anil(anil) used a empty_beer_bottle 1-30-2021, 8:14:59 AM
anil(anil) used a empty_beer_bottle 1-30-2021, 8:15:36 AM
anil(anil) used a antibiotic 1-30-2021, 8:17:52 AM
anil(anil) used a antibiotic 1-30-2021, 8:17:52 AM
anil(anil) used a antibiotic 1-30-2021, 8:18:20 AM
anil(anil) used a antibiotic 1-30-2021, 8:18:21 AM
anil(anil) used a shield 1-30-2021, 8:18:30 AM
anil(anil) used a shield 1-30-2021, 8:18:30 AM
anil(anil) used a shield 1-30-2021, 8:18:31 AM
anil(anil) used a shield 1-30-2021, 8:18:31 AM
anil(anil) used a shield 1-30-2021, 8:18:31 AM
anil(anil) used a shield 1-30-2021, 8:18:31 AM
anil(anil) used a shield 1-30-2021, 8:18:31 AM
anil(anil) used a shield 1-30-2021, 8:18:32 AM
anil(anil) used a shield 1-30-2021, 8:18:32 AM
anil(anil) used a shield 1-30-2021, 8:18:32 AM
anil(anil) used a shield 1-30-2021, 8:18:33 AM
anil(anil) used a antibiotic 1-30-2021, 8:18:39 AM
anil(anil) used a metal_pack 1-30-2021, 8:19:22 AM
anil(anil) used a metal_pack 1-30-2021, 8:19:22 AM
anil(anil) used a music_box 1-30-2021, 8:20:13 AM
anil(anil) used a antibiotic 1-30-2021, 8:21:24 AM
anil(anil) used a antibiotic 1-30-2021, 8:21:24 AM
anil(anil) used a antibiotic 1-30-2021, 8:23:00 AM
anil(anil) used a antibiotic 1-30-2021, 8:23:00 AM
anil(anil) used a antibiotic 1-30-2021, 8:23:56 AM
anil(anil) used a antibiotic 1-30-2021, 8:23:56 AM
anil(anil) used a antibiotic 1-30-2021, 8:25:10 AM
anil(anil) used a antibiotic 1-30-2021, 8:25:10 AM
anil(anil) used a antibiotic 1-30-2021, 8:27:50 AM
anil(anil) used a antibiotic 1-30-2021, 8:27:50 AM
anil(anil) used a antibiotic 1-30-2021, 8:28:16 AM
anil(anil) used a antibiotic 1-30-2021, 8:28:16 AM
anil(anil) used a antibiotic 1-30-2021, 8:28:17 AM
anil(anil) used a antibiotic 1-30-2021, 8:28:17 AM
anil(anil) used a antibiotic 1-30-2021, 8:32:32 AM
anil(anil) used a antibiotic 1-30-2021, 9:13:39 AM
anil(anil) used a antibiotic 1-30-2021, 9:13:57 AM
anil(anil) used a antibiotic 1-30-2021, 9:13:57 AM
anil(anil) used a antibiotic 1-30-2021, 9:13:58 AM
anil(anil) used a the_legendary_sword 1-30-2021, 9:14:31 AM
anil(anil) used a storm_sniper 1-30-2021, 9:14:46 AM
anil(anil) used a storm_sniper 1-30-2021, 9:14:46 AM
anil(anil) used a antibiotic 1-30-2021, 9:14:53 AM
anil(anil) used a antibiotic 1-30-2021, 9:14:53 AM
anil(anil) used a antibiotic 1-30-2021, 9:14:54 AM
anil(anil) used a antibiotic 1-30-2021, 9:17:24 AM
anil(anil) used a antibiotic 1-30-2021, 9:17:24 AM
anil(anil) used a antibiotic 1-30-2021, 9:21:23 AM
anil(anil) used a antibiotic 1-30-2021, 9:21:23 AM
anil(anil) used a antibiotic 1-30-2021, 9:23:24 AM
anil(anil) used a antibiotic 1-30-2021, 9:23:24 AM
anil(anil) used a antibiotic 1-30-2021, 9:24:27 AM
anil(anil) used a antibiotic 1-30-2021, 9:24:27 AM
anil(anil) used a antibiotic 1-30-2021, 9:25:14 AM
anil(anil) used a antibiotic 1-30-2021, 9:25:14 AM
anil(anil) used a antibiotic 1-30-2021, 9:30:31 AM
anil(anil) used a antibiotic 1-30-2021, 9:30:31 AM
anil(anil) used a antibiotic 1-30-2021, 9:30:32 AM
anil(anil) used a antibiotic 1-30-2021, 9:31:45 AM
anil(anil) used a shield 1-30-2021, 9:31:54 AM
anil(anil) used a shield 1-30-2021, 9:31:55 AM
anil(anil) used a shield 1-30-2021, 9:31:55 AM
anil(anil) used a shield 1-30-2021, 9:31:55 AM
anil(anil) used a shield 1-30-2021, 9:31:56 AM
anil(anil) used a shield 1-30-2021, 9:31:56 AM
anil(anil) used a antibiotic 1-30-2021, 9:32:08 AM
anil(anil) used a antibiotic 1-30-2021, 9:32:09 AM
anil(anil) used a tk_ultra_health_potion 1-30-2021, 9:33:39 AM
anil(anil) used a antibiotic 1-30-2021, 9:34:53 AM
anil(anil) used a antibiotic 1-30-2021, 9:35:16 AM
anil(anil) used a antibiotic 1-30-2021, 9:35:17 AM
anil(anil) used a antibiotic 1-30-2021, 9:35:33 AM
anil(anil) used a antibiotic 1-30-2021, 9:35:34 AM
anil(anil) used a antibiotic 1-30-2021, 9:36:34 AM
anil(anil) used a antibiotic 1-30-2021, 9:39:14 AM
anil(anil) used a antibiotic 1-30-2021, 9:39:14 AM
anil(anil) used a barrett_m82_sniper_rifle 1-30-2021, 9:48:46 AM
anil(anil) used a tk_ultra_health_potion 1-30-2021, 10:30:34 AM
anil(anil) used a tk_ultra_health_potion 1-30-2021, 10:30:35 AM
anil(anil) used a shield 1-30-2021, 10:30:56 AM
anil(anil) used a shield 1-30-2021, 10:30:56 AM
anil(anil) used a shield 1-30-2021, 10:30:56 AM
anil(anil) used a shield 1-30-2021, 10:30:57 AM
anil(anil) used a shield 1-30-2021, 10:30:57 AM
anil(anil) used a shield 1-30-2021, 10:30:58 AM
anil(anil) used a the_legendary_sword 1-30-2021, 10:31:05 AM
anil(anil) used a the_legendary_sword 1-30-2021, 10:31:06 AM
anil(anil) used a storm_sniper 1-30-2021, 10:31:18 AM
anil(anil) used a guided_missile 1-30-2021, 10:33:48 AM
anil(anil) used a antibiotic 1-30-2021, 10:35:24 AM
anil(anil) used a antibiotic 1-30-2021, 10:35:24 AM
anil(anil) used a antibiotic 1-30-2021, 10:38:05 AM
anil(anil) used a antibiotic 1-30-2021, 10:38:17 AM
anil(anil) used a antibiotic 1-30-2021, 10:38:18 AM
anil(anil) used a antibiotic 1-30-2021, 10:38:38 AM
anil(anil) used a antibiotic 1-30-2021, 10:38:38 AM
anil(anil) used a guided_missile 1-30-2021, 10:41:53 AM
anil(anil) used a antibiotic 1-30-2021, 10:42:26 AM
anil(anil) used a robot 1-30-2021, 10:43:21 AM
anil(anil) used a frequency_scrambler 1-30-2021, 10:43:32 AM
anil(anil) used a antibiotic 1-30-2021, 10:51:53 AM
anil(anil) used a rocket_launcher 1-30-2021, 10:52:52 AM
anil(anil) used a rocket_launcher 1-30-2021, 10:52:52 AM
anil(anil) used a antibiotic 1-30-2021, 10:55:28 AM
anil(anil) used a antibiotic 1-30-2021, 10:55:28 AM
anil(anil) used a guided_missile 1-30-2021, 10:58:43 AM
anil(anil) used a hand_cannon 1-30-2021, 10:59:20 AM
anil(anil) used a helicopter 1-30-2021, 11:08:28 AM
anil(anil) used a helicopter 1-30-2021, 11:08:41 AM
anil(anil) used a helicopter 1-30-2021, 11:08:41 AM
anil(anil) used a helicopter 1-30-2021, 11:09:23 AM
anil(anil) used a helicopter 1-30-2021, 11:09:23 AM
anil(anil) used a helicopter 1-30-2021, 11:09:24 AM
anil(anil) used a helicopter 1-30-2021, 11:09:41 AM
anil(anil) used a bullet_bomb 1-30-2021, 11:15:00 AM
anil(anil) used a bullet_bomb_locator 1-30-2021, 11:15:21 AM
anil(anil) used a bullet_bomb_locator 1-30-2021, 11:15:28 AM
anil(anil) used a bullet_bomb_locator 1-30-2021, 11:15:28 AM
anil(anil) used a bullet_bomb_locator 1-30-2021, 11:15:31 AM
anil(anil) used a bullet_bomb_locator 1-30-2021, 11:15:31 AM
anil(anil) used a bullet_bomb_locator 1-30-2021, 11:15:31 AM
anil(anil) used a bullet_bomb_locator 1-30-2021, 11:15:32 AM
anil(anil) used a bullet_bomb_locator 1-30-2021, 11:15:32 AM
anil(anil) used a antibiotic 1-30-2021, 11:16:06 AM
anil(anil) used a antibiotic 1-30-2021, 11:16:06 AM
anil(anil) used a antibiotic 1-30-2021, 11:16:07 AM
anil(anil) used a guided_missile 1-30-2021, 11:20:10 AM
anil(anil) used a antibiotic 1-30-2021, 11:22:11 AM
anil(anil) used a antibiotic 1-30-2021, 11:22:11 AM
anil(anil) used a antibiotic 1-30-2021, 11:22:28 AM
anil(anil) used a antibiotic 1-30-2021, 11:22:29 AM
anil(anil) used a antibiotic 1-30-2021, 11:22:49 AM
anil(anil) used a tasing_small_projectile 1-30-2021, 11:23:29 AM
anil(anil) used a poisoned_small_projectile 1-30-2021, 11:30:09 AM
anil(anil) used a the_legendary_sword 1-30-2021, 11:31:05 AM
anil(anil) used a guided_missile 1-30-2021, 11:33:12 AM
anil(anil) used a guided_missile 1-30-2021, 11:33:30 AM
anil(anil) used a guided_missile 1-30-2021, 11:33:30 AM
anil(anil) used a guided_missile 1-30-2021, 11:33:34 AM
anil(anil) used a guided_missile 1-30-2021, 11:33:48 AM
anil(anil) used a guided_missile 1-30-2021, 11:33:49 AM
anil(anil) used a guided_missile 1-30-2021, 11:34:25 AM
anil(anil) used a guided_missile 1-30-2021, 11:34:35 AM
anil(anil) used a guided_missile 1-30-2021, 11:34:36 AM
anil(anil) used a guided_missile 1-30-2021, 11:34:38 AM
anil(anil) used a ultrabomb 1-30-2021, 11:40:02 AM
anil(anil) used a stp429_mini_missile 1-30-2021, 11:40:42 AM
anil(anil) used a stp429_mini_missile 1-30-2021, 11:40:42 AM
anil(anil) used a antibiotic 1-30-2021, 11:41:14 AM
anil(anil) used a antibiotic 1-30-2021, 11:41:15 AM
anil(anil) used a antibiotic 1-30-2021, 11:41:15 AM