
khoi(khoi) used a antibiotic 1-30-2021, 3:33:07 AM
khoi(khoi) used a antibiotic 1-30-2021, 3:33:48 AM
khoi(khoi) used a shield 1-30-2021, 3:33:51 AM
khoi(khoi) used a antibiotic 1-30-2021, 3:34:48 AM
khoi(khoi) used a shield 1-30-2021, 3:34:48 AM
khoi(khoi) used a antibiotic 1-30-2021, 3:35:47 AM
khoi(khoi) used a shotgun_ammo_pack 1-30-2021, 3:36:02 AM
khoi(khoi) used a shotgun_ammo_pack 1-30-2021, 3:36:03 AM
khoi(khoi) used a shotgun_ammo_pack 1-30-2021, 3:36:03 AM
khoi(khoi) used a shotgun 1-30-2021, 3:36:08 AM
khoi(khoi) used a antibiotic 1-30-2021, 3:36:35 AM
khoi(khoi) used a antibiotic 1-30-2021, 3:36:52 AM
khoi(khoi) used a antibiotic 1-30-2021, 3:36:56 AM
khoi(khoi) used a antibiotic 1-30-2021, 3:38:05 AM
khoi(khoi) used a antibiotic 1-30-2021, 3:38:59 AM
khoi(khoi) used a antibiotic 1-30-2021, 3:39:51 AM
khoi(khoi) used a shield 1-30-2021, 3:39:59 AM
khoi(khoi) used a shield 1-30-2021, 3:39:59 AM
khoi(khoi) used a shield 1-30-2021, 3:40:00 AM
khoi(khoi) used a shield 1-30-2021, 3:40:00 AM
khoi(khoi) used a shield 1-30-2021, 3:40:00 AM
khoi(khoi) used a shield 1-30-2021, 3:40:00 AM
khoi(khoi) used a shield 1-30-2021, 3:40:02 AM
khoi(khoi) used a shield 1-30-2021, 3:40:03 AM
khoi(khoi) used a shield 1-30-2021, 3:40:03 AM
khoi(khoi) used a shield 1-30-2021, 3:40:04 AM
khoi(khoi) used a shield 1-30-2021, 3:40:04 AM
khoi(khoi) used a shield 1-30-2021, 3:40:05 AM
khoi(khoi) used a antibiotic 1-30-2021, 3:40:12 AM
khoi(khoi) used a antibiotic 1-30-2021, 3:40:47 AM
khoi(khoi) used a shield 1-30-2021, 3:40:49 AM
khoi(khoi) used a antibiotic 1-30-2021, 3:41:18 AM
khoi(khoi) used a antibiotic 1-30-2021, 3:42:12 AM
khoi(khoi) used a antibiotic 1-30-2021, 3:42:52 AM
khoi(khoi) used a antibiotic 1-30-2021, 3:43:18 AM
khoi(khoi) used a antibiotic 1-30-2021, 3:45:40 AM
khoi(khoi) used a antibiotic 1-30-2021, 3:47:30 AM
khoi(khoi) used a health_orb 1-30-2021, 3:47:48 AM
khoi(khoi) used a antibiotic 1-30-2021, 3:48:36 AM
khoi(khoi) used a antibiotic 1-30-2021, 3:48:45 AM
khoi(khoi) used a antibiotic 1-30-2021, 3:49:49 AM
khoi(khoi) used a antibiotic 1-30-2021, 3:50:43 AM
khoi(khoi) used a antibiotic 1-30-2021, 3:51:50 AM
khoi(khoi) used a antibiotic 1-30-2021, 3:52:24 AM
khoi(khoi) used a antibiotic 1-30-2021, 3:52:55 AM
khoi(khoi) used a antibiotic 1-30-2021, 3:53:41 AM
khoi(khoi) used a antibiotic 1-30-2021, 3:54:14 AM
khoi(khoi) used a antibiotic 1-30-2021, 4:53:48 AM
khoi(khoi) used a shotgun 1-30-2021, 4:54:13 AM
khoi(khoi) used a antibiotic 1-30-2021, 4:54:20 AM
khoi(khoi) used a antibiotic 1-30-2021, 4:55:10 AM
khoi(khoi) used a antibiotic 1-30-2021, 4:56:05 AM
khoi(khoi) used a antibiotic 1-30-2021, 4:56:49 AM
khoi(khoi) used a antibiotic 1-30-2021, 4:57:15 AM
khoi(khoi) used a antibiotic 1-30-2021, 4:58:38 AM
khoi(khoi) used a antibiotic 1-30-2021, 4:58:56 AM
khoi(khoi) used a shield 1-30-2021, 4:59:51 AM
khoi(khoi) used a shield 1-30-2021, 4:59:51 AM
khoi(khoi) used a shield 1-30-2021, 4:59:52 AM
khoi(khoi) used a shield 1-30-2021, 4:59:52 AM
khoi(khoi) used a shield 1-30-2021, 4:59:52 AM
khoi(khoi) used a shield 1-30-2021, 4:59:52 AM
khoi(khoi) used a shield 1-30-2021, 4:59:53 AM
khoi(khoi) used a shield 1-30-2021, 4:59:53 AM
khoi(khoi) used a shield 1-30-2021, 4:59:53 AM
khoi(khoi) used a shield 1-30-2021, 4:59:53 AM
khoi(khoi) used a shield 1-30-2021, 4:59:53 AM
khoi(khoi) used a shield 1-30-2021, 4:59:53 AM
khoi(khoi) used a shield 1-30-2021, 4:59:54 AM
khoi(khoi) used a shield 1-30-2021, 4:59:54 AM
khoi(khoi) used a shield 1-30-2021, 4:59:54 AM
khoi(khoi) used a shield 1-30-2021, 4:59:54 AM
khoi(khoi) used a shield 1-30-2021, 4:59:54 AM
khoi(khoi) used a shield 1-30-2021, 4:59:55 AM
khoi(khoi) used a shield 1-30-2021, 4:59:55 AM
khoi(khoi) used a shield 1-30-2021, 4:59:55 AM
khoi(khoi) used a antibiotic 1-30-2021, 5:00:04 AM
khoi(khoi) used a steal_warhammer 1-30-2021, 5:00:08 AM
khoi(khoi) used a antibiotic 1-30-2021, 5:00:28 AM
khoi(khoi) used a shield 1-30-2021, 5:01:59 AM
khoi(khoi) used a shield 1-30-2021, 5:01:59 AM
khoi(khoi) used a shield 1-30-2021, 5:02:00 AM
khoi(khoi) used a shield 1-30-2021, 5:02:00 AM
khoi(khoi) used a shield 1-30-2021, 5:02:00 AM
khoi(khoi) used a shield 1-30-2021, 5:02:00 AM
khoi(khoi) used a shield 1-30-2021, 5:02:00 AM
khoi(khoi) used a shield 1-30-2021, 5:02:01 AM
khoi(khoi) used a shield 1-30-2021, 5:02:01 AM
khoi(khoi) used a shield 1-30-2021, 5:02:01 AM
khoi(khoi) used a shield 1-30-2021, 5:02:01 AM
khoi(khoi) used a shield 1-30-2021, 5:02:01 AM
khoi(khoi) used a shield 1-30-2021, 5:02:02 AM
khoi(khoi) used a shield 1-30-2021, 5:02:02 AM
khoi(khoi) used a shield 1-30-2021, 5:02:02 AM
khoi(khoi) used a shield 1-30-2021, 5:02:02 AM
khoi(khoi) used a shield 1-30-2021, 5:02:02 AM
khoi(khoi) used a shield 1-30-2021, 5:02:03 AM
khoi(khoi) used a shield 1-30-2021, 5:02:03 AM
khoi(khoi) used a shield 1-30-2021, 5:02:03 AM
khoi(khoi) used a shield 1-30-2021, 5:02:03 AM
khoi(khoi) used a shield 1-30-2021, 5:02:03 AM
khoi(khoi) used a shield 1-30-2021, 5:02:04 AM
khoi(khoi) used a shield 1-30-2021, 5:02:04 AM
khoi(khoi) used a shield 1-30-2021, 5:02:04 AM
khoi(khoi) used a shield 1-30-2021, 5:02:04 AM
khoi(khoi) used a shield 1-30-2021, 5:02:04 AM
khoi(khoi) used a shield 1-30-2021, 5:02:05 AM
khoi(khoi) used a shield 1-30-2021, 5:02:05 AM
khoi(khoi) used a tk_ultra_health_potion 1-30-2021, 5:02:56 AM
khoi(khoi) used a antibiotic 1-30-2021, 5:03:37 AM
khoi(khoi) used a antibiotic 1-30-2021, 5:04:22 AM
khoi(khoi) used a antibiotic 1-30-2021, 5:04:45 AM
khoi(khoi) used a antibiotic 1-30-2021, 5:05:20 AM
khoi(khoi) used a antibiotic 1-30-2021, 5:05:41 AM
khoi(khoi) used a antibiotic 1-30-2021, 5:06:07 AM
khoi(khoi) used a antibiotic 1-30-2021, 5:07:25 AM
khoi(khoi) used a shield 1-30-2021, 5:07:27 AM
khoi(khoi) used a shield 1-30-2021, 5:07:27 AM
khoi(khoi) used a shield 1-30-2021, 5:07:27 AM
khoi(khoi) used a shield 1-30-2021, 5:07:27 AM
khoi(khoi) used a shield 1-30-2021, 5:07:28 AM
khoi(khoi) used a shield 1-30-2021, 5:07:29 AM
khoi(khoi) used a shield 1-30-2021, 5:07:29 AM
khoi(khoi) used a shield 1-30-2021, 5:07:29 AM
khoi(khoi) used a shield 1-30-2021, 5:07:30 AM
khoi(khoi) used a shield 1-30-2021, 5:07:31 AM
khoi(khoi) used a shield 1-30-2021, 5:07:31 AM
khoi(khoi) used a shield 1-30-2021, 5:07:31 AM
khoi(khoi) used a antibiotic 1-30-2021, 5:07:54 AM
khoi(khoi) used a antibiotic 1-30-2021, 5:08:29 AM
khoi(khoi) used a antibiotic 1-30-2021, 5:09:03 AM
khoi(khoi) used a antibiotic 1-30-2021, 5:10:00 AM
khoi(khoi) used a antibiotic 1-30-2021, 5:10:34 AM
khoi(khoi) used a antibiotic 1-30-2021, 5:11:28 AM
khoi(khoi) used a antibiotic 1-30-2021, 5:12:09 AM
khoi(khoi) used a antibiotic 1-30-2021, 5:12:09 AM
khoi(khoi) used a antibiotic 1-30-2021, 5:12:10 AM
khoi(khoi) used a antibiotic 1-30-2021, 5:12:38 AM
khoi(khoi) used a antibiotic 1-30-2021, 5:13:10 AM
khoi(khoi) used a antibiotic 1-30-2021, 5:13:36 AM
khoi(khoi) used a antibiotic 1-30-2021, 5:14:18 AM
khoi(khoi) used a antibiotic 1-30-2021, 5:17:06 AM
khoi(khoi) used a antibiotic 1-30-2021, 5:17:46 AM
khoi(khoi) used a antibiotic 1-30-2021, 5:18:07 AM
khoi(khoi) used a antibiotic 1-30-2021, 5:18:39 AM
khoi(khoi) used a antibiotic 1-30-2021, 5:19:29 AM
khoi(khoi) used a antibiotic 1-30-2021, 5:20:45 AM
khoi(khoi) used a shield 1-30-2021, 5:20:45 AM
khoi(khoi) used a shield 1-30-2021, 5:20:46 AM
khoi(khoi) used a shield 1-30-2021, 5:20:46 AM
khoi(khoi) used a shield 1-30-2021, 5:20:46 AM
khoi(khoi) used a shield 1-30-2021, 5:20:46 AM
khoi(khoi) used a shield 1-30-2021, 5:20:46 AM
khoi(khoi) used a shield 1-30-2021, 5:20:47 AM
khoi(khoi) used a shield 1-30-2021, 5:20:47 AM
khoi(khoi) used a shield 1-30-2021, 5:20:48 AM
khoi(khoi) used a shield 1-30-2021, 5:20:49 AM
khoi(khoi) used a shield 1-30-2021, 5:20:50 AM
khoi(khoi) used a shield 1-30-2021, 5:20:50 AM
khoi(khoi) used a shield 1-30-2021, 5:20:51 AM
khoi(khoi) used a shield 1-30-2021, 5:20:51 AM
khoi(khoi) used a shield 1-30-2021, 5:20:52 AM
khoi(khoi) used a shield 1-30-2021, 5:20:52 AM
khoi(khoi) used a shield 1-30-2021, 5:20:52 AM
khoi(khoi) used a shield 1-30-2021, 5:20:53 AM
khoi(khoi) used a shield 1-30-2021, 5:20:53 AM
khoi(khoi) used a shield 1-30-2021, 5:20:53 AM
khoi(khoi) used a shield 1-30-2021, 5:20:54 AM
khoi(khoi) used a shield 1-30-2021, 5:20:54 AM
khoi(khoi) used a shield 1-30-2021, 5:20:58 AM
khoi(khoi) used a shield 1-30-2021, 5:20:59 AM
khoi(khoi) used a shield 1-30-2021, 5:20:59 AM
khoi(khoi) used a shield 1-30-2021, 5:21:00 AM
khoi(khoi) used a shield 1-30-2021, 5:21:00 AM
khoi(khoi) used a antibiotic 1-30-2021, 5:21:02 AM
khoi(khoi) used a tk_ultra_health_potion 1-30-2021, 5:21:07 AM
khoi(khoi) used a antibiotic 1-30-2021, 5:21:12 AM
khoi(khoi) used a shield 1-30-2021, 5:21:24 AM
khoi(khoi) used a shield 1-30-2021, 5:21:25 AM
khoi(khoi) used a antibiotic 1-30-2021, 5:21:26 AM
khoi(khoi) used a antibiotic 1-30-2021, 5:21:31 AM
khoi(khoi) used a antibiotic 1-30-2021, 5:21:43 AM
khoi(khoi) used a antibiotic 1-30-2021, 5:21:51 AM
khoi(khoi) used a shield 1-30-2021, 5:22:03 AM
khoi(khoi) used a antibiotic 1-30-2021, 5:22:12 AM
khoi(khoi) used a antibiotic 1-30-2021, 5:22:12 AM
khoi(khoi) used a antibiotic 1-30-2021, 5:22:12 AM
khoi(khoi) used a antibiotic 1-30-2021, 5:22:39 AM
khoi(khoi) used a shield 1-30-2021, 5:24:35 AM
khoi(khoi) used a shield 1-30-2021, 5:24:36 AM
khoi(khoi) used a shield 1-30-2021, 5:24:36 AM
khoi(khoi) used a shield 1-30-2021, 5:24:36 AM
khoi(khoi) used a shield 1-30-2021, 5:24:36 AM
khoi(khoi) used a shield 1-30-2021, 5:24:37 AM
khoi(khoi) used a shield 1-30-2021, 5:24:37 AM
khoi(khoi) used a shield 1-30-2021, 5:24:37 AM
khoi(khoi) used a shield 1-30-2021, 5:24:37 AM
khoi(khoi) used a shield 1-30-2021, 5:24:38 AM
khoi(khoi) used a shield 1-30-2021, 5:24:38 AM
khoi(khoi) used a shield 1-30-2021, 5:24:41 AM
khoi(khoi) used a shield 1-30-2021, 5:24:41 AM
khoi(khoi) used a shield 1-30-2021, 5:24:41 AM
khoi(khoi) used a shield 1-30-2021, 5:24:41 AM
khoi(khoi) used a shield 1-30-2021, 5:24:42 AM
khoi(khoi) used a shield 1-30-2021, 5:24:42 AM
khoi(khoi) used a shield 1-30-2021, 5:24:42 AM
khoi(khoi) used a shield 1-30-2021, 5:24:42 AM
khoi(khoi) used a shield 1-30-2021, 5:24:43 AM
khoi(khoi) used a shield 1-30-2021, 5:24:44 AM
khoi(khoi) used a shield 1-30-2021, 5:24:44 AM
khoi(khoi) used a shield 1-30-2021, 5:24:44 AM
khoi(khoi) used a shield 1-30-2021, 5:24:44 AM
khoi(khoi) used a shield 1-30-2021, 5:24:45 AM
khoi(khoi) used a shield 1-30-2021, 5:24:46 AM
khoi(khoi) used a shield 1-30-2021, 5:24:46 AM
khoi(khoi) used a shield 1-30-2021, 5:24:47 AM
khoi(khoi) used a antibiotic 1-30-2021, 5:24:48 AM
khoi(khoi) used a tk_ultra_health_potion 1-30-2021, 5:25:07 AM
khoi(khoi) used a antibiotic 1-30-2021, 5:25:38 AM
khoi(khoi) used a knife 1-30-2021, 5:26:22 AM
khoi(khoi) used a antibiotic 1-30-2021, 5:26:27 AM
khoi(khoi) used a shield 1-30-2021, 5:26:59 AM
khoi(khoi) used a shield 1-30-2021, 5:26:59 AM
khoi(khoi) used a shield 1-30-2021, 5:26:59 AM
khoi(khoi) used a shield 1-30-2021, 5:27:00 AM
khoi(khoi) used a tk_ultra_health_potion 1-30-2021, 5:27:08 AM
khoi(khoi) used a antibiotic 1-30-2021, 5:27:15 AM
khoi(khoi) used a antibiotic 1-30-2021, 5:27:45 AM
khoi(khoi) used a antibiotic 1-30-2021, 5:28:16 AM
khoi(khoi) used a taser_ammo_pack 1-30-2021, 5:29:09 AM
khoi(khoi) used a taser_ammo_pack 1-30-2021, 5:29:09 AM
khoi(khoi) used a taser_ammo_pack 1-30-2021, 5:29:09 AM
khoi(khoi) used a taser_ammo_pack 1-30-2021, 5:29:09 AM
khoi(khoi) used a taser_ammo_pack 1-30-2021, 5:29:09 AM
khoi(khoi) used a taser_ammo_pack 1-30-2021, 5:29:10 AM
khoi(khoi) used a taser_ammo_pack 1-30-2021, 5:29:10 AM
khoi(khoi) used a taser_ammo_pack 1-30-2021, 5:29:10 AM
khoi(khoi) used a taser_ammo_pack 1-30-2021, 5:29:10 AM
khoi(khoi) used a taser_ammo_pack 1-30-2021, 5:29:10 AM
khoi(khoi) used a taser_ammo_pack 1-30-2021, 5:29:10 AM
khoi(khoi) used a shield 1-30-2021, 5:29:20 AM
khoi(khoi) used a shield 1-30-2021, 5:29:20 AM
khoi(khoi) used a antibiotic 1-30-2021, 5:29:21 AM
khoi(khoi) used a antibiotic 1-30-2021, 5:29:59 AM
khoi(khoi) used a antibiotic 1-30-2021, 5:30:15 AM
khoi(khoi) used a antibiotic 1-30-2021, 5:30:22 AM
khoi(khoi) used a antibiotic 1-30-2021, 5:30:57 AM
khoi(khoi) used a ultra_antibiotic_pack 1-30-2021, 5:31:28 AM
khoi(khoi) used a antibiotic 1-30-2021, 5:31:37 AM
khoi(khoi) used a antibiotic 1-30-2021, 5:32:02 AM
khoi(khoi) used a antibiotic 1-30-2021, 5:32:28 AM
khoi(khoi) used a antibiotic 1-30-2021, 5:32:46 AM
khoi(khoi) used a antibiotic 1-30-2021, 5:32:49 AM
khoi(khoi) used a antibiotic 1-30-2021, 5:33:16 AM
khoi(khoi) used a antibiotic 1-30-2021, 5:34:48 AM
khoi(khoi) used a shield 1-30-2021, 5:34:53 AM
khoi(khoi) used a shield 1-30-2021, 5:34:53 AM
khoi(khoi) used a shield 1-30-2021, 5:34:53 AM
khoi(khoi) used a shield 1-30-2021, 5:34:53 AM
khoi(khoi) used a shield 1-30-2021, 5:34:54 AM
khoi(khoi) used a shield 1-30-2021, 5:34:54 AM
khoi(khoi) used a shield 1-30-2021, 5:34:55 AM
khoi(khoi) used a shield 1-30-2021, 5:34:55 AM
khoi(khoi) used a shield 1-30-2021, 5:34:55 AM
khoi(khoi) used a shield 1-30-2021, 5:34:55 AM
khoi(khoi) used a shield 1-30-2021, 5:34:56 AM
khoi(khoi) used a shield 1-30-2021, 5:34:56 AM
khoi(khoi) used a shield 1-30-2021, 5:34:56 AM
khoi(khoi) used a shield 1-30-2021, 5:34:56 AM
khoi(khoi) used a shield 1-30-2021, 5:34:57 AM
khoi(khoi) used a shield 1-30-2021, 5:34:57 AM
khoi(khoi) used a shield 1-30-2021, 5:34:57 AM
khoi(khoi) used a shield 1-30-2021, 5:34:57 AM
khoi(khoi) used a shield 1-30-2021, 5:34:58 AM
khoi(khoi) used a shield 1-30-2021, 5:34:58 AM
khoi(khoi) used a shield 1-30-2021, 5:34:58 AM
khoi(khoi) used a antibiotic 1-30-2021, 5:35:24 AM
khoi(khoi) used a antibiotic 1-30-2021, 5:35:54 AM
khoi(khoi) used a antibiotic 1-30-2021, 5:36:32 AM
khoi(khoi) used a tk_ultra_health_potion 1-30-2021, 5:36:49 AM
khoi(khoi) used a shield 1-30-2021, 5:40:01 AM
khoi(khoi) used a shield 1-30-2021, 5:40:01 AM
khoi(khoi) used a antibiotic 1-30-2021, 5:40:10 AM
khoi(khoi) used a shield 1-30-2021, 5:40:41 AM
khoi(khoi) used a shield 1-30-2021, 5:40:41 AM
khoi(khoi) used a shield 1-30-2021, 5:40:42 AM
khoi(khoi) used a shield 1-30-2021, 5:40:42 AM
khoi(khoi) used a shield 1-30-2021, 5:40:42 AM
khoi(khoi) used a shield 1-30-2021, 5:40:42 AM
khoi(khoi) used a shield 1-30-2021, 5:40:43 AM
khoi(khoi) used a shield 1-30-2021, 5:40:43 AM
khoi(khoi) used a shield 1-30-2021, 5:40:43 AM
khoi(khoi) used a shield 1-30-2021, 5:40:43 AM
khoi(khoi) used a shield 1-30-2021, 5:40:44 AM
khoi(khoi) used a shield 1-30-2021, 5:40:44 AM
khoi(khoi) used a shield 1-30-2021, 5:40:46 AM
khoi(khoi) used a shield 1-30-2021, 5:40:47 AM
khoi(khoi) used a shield 1-30-2021, 5:40:47 AM
khoi(khoi) used a shield 1-30-2021, 5:40:47 AM
khoi(khoi) used a shield 1-30-2021, 5:40:48 AM
khoi(khoi) used a shield 1-30-2021, 5:40:48 AM
khoi(khoi) used a shield 1-30-2021, 5:40:48 AM
khoi(khoi) used a shield 1-30-2021, 5:40:50 AM
khoi(khoi) used a shield 1-30-2021, 5:40:50 AM
khoi(khoi) used a shield 1-30-2021, 5:40:50 AM
khoi(khoi) used a shield 1-30-2021, 5:40:51 AM
khoi(khoi) used a shield 1-30-2021, 5:40:51 AM
khoi(khoi) used a shield 1-30-2021, 5:40:52 AM
khoi(khoi) used a shield 1-30-2021, 5:40:52 AM
khoi(khoi) used a shield 1-30-2021, 5:40:52 AM
khoi(khoi) used a shield 1-30-2021, 5:40:53 AM
khoi(khoi) used a shield 1-30-2021, 5:40:53 AM
khoi(khoi) used a shield 1-30-2021, 5:40:53 AM
khoi(khoi) used a shield 1-30-2021, 5:40:53 AM
khoi(khoi) used a shield 1-30-2021, 5:40:54 AM
khoi(khoi) used a antibiotic 1-30-2021, 5:41:05 AM
khoi(khoi) used a shield 1-30-2021, 5:41:40 AM
khoi(khoi) used a antibiotic 1-30-2021, 5:41:42 AM
khoi(khoi) used a open_beer_bottle 1-30-2021, 5:41:54 AM
khoi(khoi) used a open_beer_bottle 1-30-2021, 5:41:54 AM
khoi(khoi) used a open_beer_bottle 1-30-2021, 5:41:54 AM
khoi(khoi) used a open_beer_bottle 1-30-2021, 5:41:55 AM
khoi(khoi) used a open_beer_bottle 1-30-2021, 5:41:55 AM
khoi(khoi) used a open_beer_bottle 1-30-2021, 5:41:55 AM
khoi(khoi) used a open_beer_bottle 1-30-2021, 5:41:55 AM
khoi(khoi) used a open_beer_bottle 1-30-2021, 5:41:56 AM
khoi(khoi) used a open_beer_bottle 1-30-2021, 5:41:56 AM
khoi(khoi) used a open_beer_bottle 1-30-2021, 5:41:56 AM
khoi(khoi) used a open_beer_bottle 1-30-2021, 5:41:57 AM
khoi(khoi) used a open_beer_bottle 1-30-2021, 5:41:57 AM
khoi(khoi) used a open_beer_bottle 1-30-2021, 5:41:57 AM
khoi(khoi) used a open_beer_bottle 1-30-2021, 5:41:58 AM
khoi(khoi) used a open_beer_bottle 1-30-2021, 5:41:58 AM
khoi(khoi) used a open_beer_bottle 1-30-2021, 5:41:58 AM
khoi(khoi) used a open_beer_bottle 1-30-2021, 5:41:58 AM
khoi(khoi) used a open_beer_bottle 1-30-2021, 5:41:59 AM
khoi(khoi) used a open_beer_bottle 1-30-2021, 5:41:59 AM
khoi(khoi) used a open_beer_bottle 1-30-2021, 5:42:00 AM
khoi(khoi) used a open_beer_bottle 1-30-2021, 5:42:00 AM
khoi(khoi) used a open_beer_bottle 1-30-2021, 5:42:00 AM
khoi(khoi) used a open_beer_bottle 1-30-2021, 5:42:00 AM
khoi(khoi) used a open_beer_bottle 1-30-2021, 5:42:01 AM
khoi(khoi) used a open_beer_bottle 1-30-2021, 5:42:01 AM
khoi(khoi) used a open_beer_bottle 1-30-2021, 5:42:01 AM
khoi(khoi) used a coin 1-30-2021, 5:42:24 AM
khoi(khoi) used a coin 1-30-2021, 5:42:26 AM
khoi(khoi) used a coin 1-30-2021, 5:42:31 AM
khoi(khoi) used a coin 1-30-2021, 5:42:34 AM
khoi(khoi) used a coin 1-30-2021, 5:42:34 AM
khoi(khoi) used a antibiotic 1-30-2021, 5:42:51 AM
khoi(khoi) used a shield 1-30-2021, 5:42:56 AM
khoi(khoi) used a antibiotic 1-30-2021, 5:43:23 AM
khoi(khoi) used a antibiotic 1-30-2021, 5:43:38 AM
khoi(khoi) used a tk_ultra_health_potion 1-30-2021, 5:43:44 AM
khoi(khoi) used a antibiotic 1-30-2021, 5:44:38 AM
khoi(khoi) used a antibiotic 1-30-2021, 5:45:32 AM
khoi(khoi) used a antibiotic 1-30-2021, 5:47:11 AM
khoi(khoi) used a antibiotic 1-30-2021, 5:47:15 AM
khoi(khoi) used a antibiotic 1-30-2021, 5:47:15 AM
khoi(khoi) used a antibiotic 1-30-2021, 5:47:15 AM
khoi(khoi) used a antibiotic 1-30-2021, 5:47:15 AM
khoi(khoi) used a antibiotic 1-30-2021, 5:47:16 AM
khoi(khoi) used a antibiotic 1-30-2021, 5:47:16 AM
khoi(khoi) used a antibiotic 1-30-2021, 5:48:13 AM
khoi(khoi) used a shield 1-30-2021, 5:50:23 AM
khoi(khoi) used a shield 1-30-2021, 5:50:23 AM
khoi(khoi) used a shield 1-30-2021, 5:50:23 AM
khoi(khoi) used a shield 1-30-2021, 5:50:24 AM
khoi(khoi) used a shield 1-30-2021, 5:50:24 AM
khoi(khoi) used a shield 1-30-2021, 5:50:24 AM
khoi(khoi) used a shield 1-30-2021, 5:50:24 AM
khoi(khoi) used a shield 1-30-2021, 5:50:24 AM
khoi(khoi) used a shield 1-30-2021, 5:50:26 AM
khoi(khoi) used a shield 1-30-2021, 5:50:26 AM
khoi(khoi) used a shield 1-30-2021, 5:50:26 AM
khoi(khoi) used a shield 1-30-2021, 5:50:26 AM
khoi(khoi) used a shield 1-30-2021, 5:50:27 AM
khoi(khoi) used a shield 1-30-2021, 5:50:27 AM
khoi(khoi) used a shield 1-30-2021, 5:50:28 AM
khoi(khoi) used a shield 1-30-2021, 5:50:28 AM
khoi(khoi) used a shield 1-30-2021, 5:50:29 AM
khoi(khoi) used a shield 1-30-2021, 5:50:30 AM
khoi(khoi) used a shield 1-30-2021, 5:50:30 AM
khoi(khoi) used a shield 1-30-2021, 5:50:30 AM
khoi(khoi) used a shield 1-30-2021, 5:50:31 AM
khoi(khoi) used a shield 1-30-2021, 5:50:32 AM
khoi(khoi) used a shield 1-30-2021, 5:50:33 AM
khoi(khoi) used a shield 1-30-2021, 5:50:33 AM
khoi(khoi) used a shield 1-30-2021, 5:50:33 AM
khoi(khoi) used a shield 1-30-2021, 5:50:34 AM
khoi(khoi) used a shield 1-30-2021, 5:50:35 AM
khoi(khoi) used a antibiotic 1-30-2021, 5:50:37 AM
khoi(khoi) used a antibiotic 1-30-2021, 5:51:12 AM
khoi(khoi) used a tk_ultra_health_potion 1-30-2021, 5:51:59 AM
khoi(khoi) used a shield 1-30-2021, 5:54:14 AM
khoi(khoi) used a shield 1-30-2021, 5:54:14 AM
khoi(khoi) used a shield 1-30-2021, 5:54:14 AM
khoi(khoi) used a shield 1-30-2021, 5:54:14 AM
khoi(khoi) used a shield 1-30-2021, 5:54:15 AM
khoi(khoi) used a shield 1-30-2021, 5:54:15 AM
khoi(khoi) used a shield 1-30-2021, 5:54:15 AM
khoi(khoi) used a shield 1-30-2021, 5:54:15 AM
khoi(khoi) used a shield 1-30-2021, 5:54:16 AM
khoi(khoi) used a shield 1-30-2021, 5:54:16 AM
khoi(khoi) used a shield 1-30-2021, 5:54:16 AM
khoi(khoi) used a shield 1-30-2021, 5:54:16 AM
khoi(khoi) used a shield 1-30-2021, 5:54:17 AM
khoi(khoi) used a shield 1-30-2021, 5:54:17 AM
khoi(khoi) used a shield 1-30-2021, 5:54:17 AM
khoi(khoi) used a shield 1-30-2021, 5:54:17 AM
khoi(khoi) used a shield 1-30-2021, 5:54:17 AM
khoi(khoi) used a shield 1-30-2021, 5:54:18 AM
khoi(khoi) used a shield 1-30-2021, 5:54:18 AM
khoi(khoi) used a shield 1-30-2021, 5:54:18 AM
khoi(khoi) used a shield 1-30-2021, 5:54:19 AM
khoi(khoi) used a shield 1-30-2021, 5:54:19 AM
khoi(khoi) used a shield 1-30-2021, 5:54:19 AM
khoi(khoi) used a shield 1-30-2021, 5:54:19 AM
khoi(khoi) used a shield 1-30-2021, 5:54:20 AM
khoi(khoi) used a shield 1-30-2021, 5:54:20 AM
khoi(khoi) used a shield 1-30-2021, 5:54:20 AM
khoi(khoi) used a shield 1-30-2021, 5:54:20 AM
khoi(khoi) used a antibiotic 1-30-2021, 5:54:38 AM
khoi(khoi) used a health_drink 1-30-2021, 5:55:19 AM
khoi(khoi) used a health_drink 1-30-2021, 5:55:19 AM
khoi(khoi) used a health_drink 1-30-2021, 5:55:19 AM
khoi(khoi) used a health_drink 1-30-2021, 5:55:20 AM
khoi(khoi) used a health_drink 1-30-2021, 5:55:20 AM
khoi(khoi) used a health_drink 1-30-2021, 5:55:20 AM
khoi(khoi) used a health_drink 1-30-2021, 5:55:20 AM
khoi(khoi) used a health_drink 1-30-2021, 5:55:21 AM
khoi(khoi) used a health_drink 1-30-2021, 5:55:21 AM
khoi(khoi) used a health_drink 1-30-2021, 5:55:30 AM
khoi(khoi) used a health_drink 1-30-2021, 5:55:30 AM
khoi(khoi) used a antibiotic 1-30-2021, 5:55:39 AM
khoi(khoi) used a shotgun_ammo_pack 1-30-2021, 5:56:31 AM
khoi(khoi) used a shotgun_ammo_pack 1-30-2021, 5:56:32 AM
khoi(khoi) used a shotgun_ammo_pack 1-30-2021, 5:56:32 AM
khoi(khoi) used a shotgun_ammo_pack 1-30-2021, 5:56:32 AM
khoi(khoi) used a shotgun_ammo_pack 1-30-2021, 5:56:32 AM
khoi(khoi) used a shotgun_ammo_pack 1-30-2021, 5:56:32 AM
khoi(khoi) used a shotgun_ammo_pack 1-30-2021, 5:56:32 AM
khoi(khoi) used a shotgun_ammo_pack 1-30-2021, 5:56:32 AM
khoi(khoi) used a shotgun_ammo_pack 1-30-2021, 5:56:33 AM
khoi(khoi) used a shotgun_ammo_pack 1-30-2021, 5:56:33 AM
khoi(khoi) used a shotgun_ammo_pack 1-30-2021, 5:56:33 AM
khoi(khoi) used a shield 1-30-2021, 5:56:48 AM
khoi(khoi) used a shield 1-30-2021, 5:56:48 AM
khoi(khoi) used a shield 1-30-2021, 5:56:49 AM
khoi(khoi) used a shield 1-30-2021, 5:56:49 AM
khoi(khoi) used a shield 1-30-2021, 5:56:50 AM
khoi(khoi) used a shield 1-30-2021, 5:56:50 AM
khoi(khoi) used a shield 1-30-2021, 5:56:50 AM
khoi(khoi) used a shield 1-30-2021, 5:56:50 AM
khoi(khoi) used a shield 1-30-2021, 5:56:51 AM
khoi(khoi) used a shield 1-30-2021, 5:56:51 AM
khoi(khoi) used a shield 1-30-2021, 5:56:51 AM
khoi(khoi) used a shield 1-30-2021, 5:56:51 AM
khoi(khoi) used a shield 1-30-2021, 5:56:52 AM
khoi(khoi) used a shield 1-30-2021, 5:56:52 AM
khoi(khoi) used a shield 1-30-2021, 5:56:52 AM
khoi(khoi) used a shield 1-30-2021, 5:56:52 AM
khoi(khoi) used a shield 1-30-2021, 5:56:55 AM
khoi(khoi) used a shield 1-30-2021, 5:56:55 AM
khoi(khoi) used a shield 1-30-2021, 5:56:55 AM
khoi(khoi) used a shield 1-30-2021, 5:56:56 AM
khoi(khoi) used a shield 1-30-2021, 5:56:56 AM
khoi(khoi) used a shield 1-30-2021, 5:56:56 AM
khoi(khoi) used a shield 1-30-2021, 5:56:57 AM
khoi(khoi) used a shield 1-30-2021, 5:56:57 AM
khoi(khoi) used a antibiotic 1-30-2021, 5:57:22 AM
khoi(khoi) used a shield 1-30-2021, 5:57:23 AM
khoi(khoi) used a shield 1-30-2021, 5:57:23 AM
khoi(khoi) used a antibiotic 1-30-2021, 5:57:48 AM
khoi(khoi) used a shield 1-30-2021, 5:58:56 AM
khoi(khoi) used a shield 1-30-2021, 5:58:56 AM
khoi(khoi) used a shield 1-30-2021, 5:59:04 AM
khoi(khoi) used a antibiotic 1-30-2021, 5:59:05 AM
khoi(khoi) used a health_drink 1-30-2021, 5:59:17 AM
khoi(khoi) used a health_drink 1-30-2021, 5:59:17 AM
khoi(khoi) used a health_drink 1-30-2021, 5:59:18 AM
khoi(khoi) used a antibiotic 1-30-2021, 5:59:32 AM
khoi(khoi) used a health_drink 1-30-2021, 5:59:44 AM
khoi(khoi) used a shield 1-30-2021, 5:59:49 AM
khoi(khoi) used a antibiotic 1-30-2021, 6:00:16 AM
khoi(khoi) used a antibiotic 1-30-2021, 6:00:52 AM
khoi(khoi) used a antibiotic 1-30-2021, 6:01:34 AM
khoi(khoi) used a health_drink 1-30-2021, 6:01:37 AM
khoi(khoi) used a antibiotic 1-30-2021, 6:02:08 AM
khoi(khoi) used a antibiotic 1-30-2021, 6:02:43 AM
khoi(khoi) used a hand_grenade 1-30-2021, 6:04:00 AM
khoi(khoi) used a hand_grenade 1-30-2021, 6:04:00 AM
khoi(khoi) used a hand_grenade 1-30-2021, 6:04:01 AM
khoi(khoi) used a antibiotic 1-30-2021, 6:04:10 AM
khoi(khoi) used a antibiotic 1-30-2021, 6:04:38 AM
khoi(khoi) used a police_car 1-30-2021, 6:04:40 AM
khoi(khoi) used a antibiotic 1-30-2021, 6:06:16 AM
khoi(khoi) used a shield 1-30-2021, 6:07:31 AM
khoi(khoi) used a shield 1-30-2021, 6:07:31 AM
khoi(khoi) used a shield 1-30-2021, 6:07:32 AM
khoi(khoi) used a shield 1-30-2021, 6:07:32 AM
khoi(khoi) used a shield 1-30-2021, 6:07:32 AM
khoi(khoi) used a shield 1-30-2021, 6:07:34 AM
khoi(khoi) used a shield 1-30-2021, 6:07:34 AM
khoi(khoi) used a shield 1-30-2021, 6:07:50 AM
khoi(khoi) used a shield 1-30-2021, 6:07:51 AM
khoi(khoi) used a shield 1-30-2021, 6:07:51 AM
khoi(khoi) used a shield 1-30-2021, 6:07:51 AM
khoi(khoi) used a shield 1-30-2021, 6:07:51 AM
khoi(khoi) used a shield 1-30-2021, 6:07:51 AM
khoi(khoi) used a shield 1-30-2021, 6:07:52 AM
khoi(khoi) used a shield 1-30-2021, 6:07:55 AM
khoi(khoi) used a shield 1-30-2021, 6:07:55 AM
khoi(khoi) used a shield 1-30-2021, 6:07:56 AM
khoi(khoi) used a shield 1-30-2021, 6:07:56 AM
khoi(khoi) used a shield 1-30-2021, 6:07:56 AM
khoi(khoi) used a shield 1-30-2021, 6:07:59 AM
khoi(khoi) used a shield 1-30-2021, 6:07:59 AM
khoi(khoi) used a shield 1-30-2021, 6:08:00 AM
khoi(khoi) used a shield 1-30-2021, 6:08:01 AM
khoi(khoi) used a shield 1-30-2021, 6:08:03 AM
khoi(khoi) used a antibiotic 1-30-2021, 6:08:05 AM
khoi(khoi) used a antibiotic 1-30-2021, 6:08:33 AM
khoi(khoi) used a antibiotic 1-30-2021, 6:09:04 AM
khoi(khoi) used a shield 1-30-2021, 6:09:29 AM
khoi(khoi) used a antibiotic 1-30-2021, 6:09:31 AM
khoi(khoi) used a hand_grenade 1-30-2021, 6:09:57 AM
khoi(khoi) used a antibiotic 1-30-2021, 6:09:59 AM
khoi(khoi) used a antibiotic 1-30-2021, 6:10:22 AM
khoi(khoi) used a antibiotic 1-30-2021, 6:11:03 AM
khoi(khoi) used a antibiotic 1-30-2021, 6:11:32 AM
khoi(khoi) used a antibiotic 1-30-2021, 6:12:34 AM
khoi(khoi) used a antibiotic 1-30-2021, 6:12:48 AM
khoi(khoi) used a antibiotic 1-30-2021, 6:12:51 AM
khoi(khoi) used a antibiotic 1-30-2021, 6:12:58 AM
khoi(khoi) used a antibiotic 1-30-2021, 6:13:18 AM
khoi(khoi) used a antibiotic 1-30-2021, 6:14:57 AM
khoi(khoi) used a antibiotic 1-30-2021, 6:15:29 AM
khoi(khoi) used a steal_warhammer 1-30-2021, 6:15:52 AM
khoi(khoi) used a antibiotic 1-30-2021, 6:16:58 AM
khoi(khoi) used a shield 1-30-2021, 6:16:59 AM
khoi(khoi) used a shield 1-30-2021, 6:16:59 AM
khoi(khoi) used a shield 1-30-2021, 6:16:59 AM
khoi(khoi) used a shield 1-30-2021, 6:17:01 AM
khoi(khoi) used a shield 1-30-2021, 6:17:01 AM
khoi(khoi) used a shield 1-30-2021, 6:17:02 AM
khoi(khoi) used a shield 1-30-2021, 6:17:02 AM
khoi(khoi) used a shield 1-30-2021, 6:17:02 AM
khoi(khoi) used a shield 1-30-2021, 6:17:02 AM
khoi(khoi) used a shield 1-30-2021, 6:17:02 AM
khoi(khoi) used a shield 1-30-2021, 6:17:03 AM
khoi(khoi) used a shield 1-30-2021, 6:17:03 AM
khoi(khoi) used a shield 1-30-2021, 6:17:03 AM
khoi(khoi) used a shield 1-30-2021, 6:17:03 AM
khoi(khoi) used a shield 1-30-2021, 6:17:03 AM
khoi(khoi) used a shield 1-30-2021, 6:17:03 AM
khoi(khoi) used a shield 1-30-2021, 6:17:05 AM
khoi(khoi) used a shield 1-30-2021, 6:17:05 AM
khoi(khoi) used a shield 1-30-2021, 6:17:05 AM
khoi(khoi) used a shield 1-30-2021, 6:17:05 AM
khoi(khoi) used a shield 1-30-2021, 6:17:05 AM
khoi(khoi) used a shield 1-30-2021, 6:17:05 AM
khoi(khoi) used a shield 1-30-2021, 6:17:07 AM
khoi(khoi) used a shield 1-30-2021, 6:17:07 AM
khoi(khoi) used a shield 1-30-2021, 6:17:07 AM
khoi(khoi) used a shield 1-30-2021, 6:17:07 AM
khoi(khoi) used a antibiotic 1-30-2021, 6:17:17 AM
khoi(khoi) used a antibiotic 1-30-2021, 6:17:24 AM
khoi(khoi) used a antibiotic 1-30-2021, 6:17:41 AM
khoi(khoi) used a antibiotic 1-30-2021, 6:17:48 AM
khoi(khoi) used a antibiotic 1-30-2021, 6:18:37 AM
khoi(khoi) used a antibiotic 1-30-2021, 6:19:06 AM
khoi(khoi) used a antibiotic 1-30-2021, 6:19:31 AM
khoi(khoi) used a antibiotic 1-30-2021, 6:19:31 AM
khoi(khoi) used a antibiotic 1-30-2021, 6:43:48 AM
khoi(khoi) used a shield 1-30-2021, 6:43:48 AM
khoi(khoi) used a shield 1-30-2021, 6:43:49 AM
khoi(khoi) used a antibiotic 1-30-2021, 6:44:13 AM
khoi(khoi) used a steal_warhammer 1-30-2021, 6:44:38 AM
khoi(khoi) used a shield 1-30-2021, 6:47:14 AM
khoi(khoi) used a shield 1-30-2021, 6:47:14 AM
khoi(khoi) used a shield 1-30-2021, 6:47:15 AM
khoi(khoi) used a shield 1-30-2021, 6:47:15 AM
khoi(khoi) used a shield 1-30-2021, 6:47:15 AM
khoi(khoi) used a shield 1-30-2021, 6:47:15 AM
khoi(khoi) used a shield 1-30-2021, 6:47:15 AM
khoi(khoi) used a shield 1-30-2021, 6:47:16 AM
khoi(khoi) used a shield 1-30-2021, 6:47:16 AM
khoi(khoi) used a shield 1-30-2021, 6:47:16 AM
khoi(khoi) used a shield 1-30-2021, 6:47:18 AM
khoi(khoi) used a shield 1-30-2021, 6:47:18 AM
khoi(khoi) used a shield 1-30-2021, 6:47:18 AM
khoi(khoi) used a shield 1-30-2021, 6:47:18 AM
khoi(khoi) used a shield 1-30-2021, 6:47:18 AM
khoi(khoi) used a shield 1-30-2021, 6:47:19 AM
khoi(khoi) used a shield 1-30-2021, 6:47:20 AM
khoi(khoi) used a shield 1-30-2021, 6:47:20 AM
khoi(khoi) used a shield 1-30-2021, 6:47:20 AM
khoi(khoi) used a shield 1-30-2021, 6:47:20 AM
khoi(khoi) used a shield 1-30-2021, 6:47:20 AM
khoi(khoi) used a shield 1-30-2021, 6:47:21 AM
khoi(khoi) used a shield 1-30-2021, 6:47:21 AM
khoi(khoi) used a shield 1-30-2021, 6:47:21 AM
khoi(khoi) used a dead_gorilla 1-30-2021, 6:47:28 AM
khoi(khoi) used a dead_gorilla 1-30-2021, 6:47:28 AM
khoi(khoi) used a dead_gorilla 1-30-2021, 6:47:28 AM
khoi(khoi) used a dead_gorilla 1-30-2021, 6:47:28 AM
khoi(khoi) used a dead_gorilla 1-30-2021, 6:47:28 AM
khoi(khoi) used a dead_gorilla 1-30-2021, 6:47:28 AM
khoi(khoi) used a dead_gorilla 1-30-2021, 6:47:29 AM
khoi(khoi) used a dead_gorilla 1-30-2021, 6:47:29 AM
khoi(khoi) used a dead_gorilla 1-30-2021, 6:47:29 AM
khoi(khoi) used a dead_gorilla 1-30-2021, 6:47:29 AM
khoi(khoi) used a dead_gorilla 1-30-2021, 6:47:29 AM
khoi(khoi) used a dead_gorilla 1-30-2021, 6:47:29 AM
khoi(khoi) used a dead_gorilla 1-30-2021, 6:47:30 AM
khoi(khoi) used a dead_gorilla 1-30-2021, 6:47:30 AM
khoi(khoi) used a dead_gorilla 1-30-2021, 6:47:30 AM
khoi(khoi) used a dead_gorilla 1-30-2021, 6:47:30 AM
khoi(khoi) used a dead_gorilla 1-30-2021, 6:47:30 AM
khoi(khoi) used a dead_gorilla 1-30-2021, 6:47:30 AM
khoi(khoi) used a dead_gorilla 1-30-2021, 6:47:31 AM
khoi(khoi) used a dead_gorilla 1-30-2021, 6:47:31 AM
khoi(khoi) used a dead_gorilla 1-30-2021, 6:47:31 AM
khoi(khoi) used a dead_gorilla 1-30-2021, 6:47:31 AM
khoi(khoi) used a dead_gorilla 1-30-2021, 6:47:31 AM
khoi(khoi) used a dead_gorilla 1-30-2021, 6:47:31 AM
khoi(khoi) used a dead_gorilla 1-30-2021, 6:47:31 AM
khoi(khoi) used a dead_gorilla 1-30-2021, 6:47:32 AM
khoi(khoi) used a dead_gorilla 1-30-2021, 6:47:32 AM
khoi(khoi) used a antibiotic 1-30-2021, 6:47:32 AM
khoi(khoi) used a antibiotic 1-30-2021, 6:47:40 AM
khoi(khoi) used a antibiotic 1-30-2021, 7:29:38 AM
khoi(khoi) used a steal_warhammer 1-30-2021, 7:29:43 AM
khoi(khoi) used a shotgun 1-30-2021, 7:30:50 AM
khoi(khoi) used a shield 1-30-2021, 7:31:16 AM
khoi(khoi) used a shield 1-30-2021, 7:31:16 AM
khoi(khoi) used a shield 1-30-2021, 7:31:16 AM
khoi(khoi) used a shield 1-30-2021, 7:31:48 AM
khoi(khoi) used a shield 1-30-2021, 7:31:48 AM
khoi(khoi) used a shield 1-30-2021, 7:31:48 AM
khoi(khoi) used a shield 1-30-2021, 7:31:48 AM
khoi(khoi) used a shield 1-30-2021, 7:31:49 AM
khoi(khoi) used a shield 1-30-2021, 7:31:49 AM
khoi(khoi) used a shield 1-30-2021, 7:31:49 AM
khoi(khoi) used a shield 1-30-2021, 7:31:49 AM
khoi(khoi) used a shield 1-30-2021, 7:31:49 AM
khoi(khoi) used a shield 1-30-2021, 7:31:50 AM
khoi(khoi) used a shield 1-30-2021, 7:31:50 AM
khoi(khoi) used a shield 1-30-2021, 7:31:50 AM
khoi(khoi) used a shield 1-30-2021, 7:31:50 AM
khoi(khoi) used a shield 1-30-2021, 7:31:51 AM
khoi(khoi) used a shield 1-30-2021, 7:31:51 AM
khoi(khoi) used a shield 1-30-2021, 7:31:51 AM
khoi(khoi) used a shield 1-30-2021, 7:31:52 AM
khoi(khoi) used a shield 1-30-2021, 7:31:52 AM
khoi(khoi) used a shield 1-30-2021, 7:31:52 AM
khoi(khoi) used a shield 1-30-2021, 7:31:52 AM
khoi(khoi) used a shield 1-30-2021, 7:31:52 AM
khoi(khoi) used a shield 1-30-2021, 7:31:53 AM
khoi(khoi) used a shield 1-30-2021, 7:31:53 AM
khoi(khoi) used a shield 1-30-2021, 7:31:53 AM
khoi(khoi) used a shield 1-30-2021, 7:31:53 AM
khoi(khoi) used a shield 1-30-2021, 7:31:54 AM
khoi(khoi) used a antibiotic 1-30-2021, 7:31:58 AM
khoi(khoi) used a antibiotic 1-30-2021, 7:32:22 AM
khoi(khoi) used a antibiotic 1-30-2021, 7:32:35 AM
khoi(khoi) used a antibiotic 1-30-2021, 7:32:39 AM
khoi(khoi) used a hand_grenade 1-30-2021, 7:32:43 AM
khoi(khoi) used a health_drink 1-30-2021, 7:32:54 AM
khoi(khoi) used a antibiotic 1-30-2021, 7:33:25 AM
khoi(khoi) used a antibiotic 1-30-2021, 7:33:25 AM
khoi(khoi) used a knife 1-30-2021, 7:33:58 AM
khoi(khoi) used a antibiotic 1-30-2021, 7:34:58 AM
khoi(khoi) used a shield 1-30-2021, 1:20:09 PM
khoi(khoi) used a antibiotic 1-30-2021, 1:20:26 PM
khoi(khoi) used a dead_wolf 1-30-2021, 1:20:41 PM
khoi(khoi) used a dead_wolf 1-30-2021, 1:20:41 PM
khoi(khoi) used a dead_wolf 1-30-2021, 1:20:41 PM
khoi(khoi) used a dead_wolf 1-30-2021, 1:20:41 PM
khoi(khoi) used a dead_wolf 1-30-2021, 1:20:42 PM
khoi(khoi) used a dead_wolf 1-30-2021, 1:20:42 PM
khoi(khoi) used a dead_wolf 1-30-2021, 1:20:42 PM
khoi(khoi) used a dead_wolf 1-30-2021, 1:20:42 PM
khoi(khoi) used a dead_wolf 1-30-2021, 1:20:42 PM
khoi(khoi) used a dead_wolf 1-30-2021, 1:20:42 PM
khoi(khoi) used a dead_wolf 1-30-2021, 1:20:42 PM
khoi(khoi) used a dead_wolf 1-30-2021, 1:20:43 PM
khoi(khoi) used a dead_wolf 1-30-2021, 1:20:43 PM
khoi(khoi) used a dead_wolf 1-30-2021, 1:20:43 PM
khoi(khoi) used a dead_wolf 1-30-2021, 1:20:43 PM
khoi(khoi) used a dead_wolf 1-30-2021, 1:20:43 PM
khoi(khoi) used a dead_wolf 1-30-2021, 1:20:43 PM
khoi(khoi) used a dead_wolf 1-30-2021, 1:20:44 PM
khoi(khoi) used a dead_wolf 1-30-2021, 1:20:44 PM
khoi(khoi) used a dead_wolf 1-30-2021, 1:20:44 PM
khoi(khoi) used a dead_wolf 1-30-2021, 1:20:44 PM
khoi(khoi) used a shield 1-30-2021, 1:21:09 PM
khoi(khoi) used a shield 1-30-2021, 1:21:10 PM
khoi(khoi) used a shield 1-30-2021, 1:21:10 PM
khoi(khoi) used a shield 1-30-2021, 1:21:10 PM
khoi(khoi) used a shield 1-30-2021, 1:21:10 PM
khoi(khoi) used a shield 1-30-2021, 1:21:12 PM
khoi(khoi) used a shield 1-30-2021, 1:21:13 PM
khoi(khoi) used a shield 1-30-2021, 1:21:13 PM
khoi(khoi) used a shield 1-30-2021, 1:21:13 PM
khoi(khoi) used a shield 1-30-2021, 1:21:13 PM
khoi(khoi) used a shield 1-30-2021, 1:21:13 PM
khoi(khoi) used a shield 1-30-2021, 1:21:14 PM
khoi(khoi) used a shield 1-30-2021, 1:21:14 PM
khoi(khoi) used a shield 1-30-2021, 1:21:14 PM
khoi(khoi) used a shield 1-30-2021, 1:21:14 PM
khoi(khoi) used a shield 1-30-2021, 1:21:14 PM
khoi(khoi) used a shield 1-30-2021, 1:21:14 PM
khoi(khoi) used a shield 1-30-2021, 1:21:15 PM
khoi(khoi) used a shield 1-30-2021, 1:21:15 PM
khoi(khoi) used a shield 1-30-2021, 1:21:15 PM
khoi(khoi) used a shield 1-30-2021, 1:21:15 PM
khoi(khoi) used a shield 1-30-2021, 1:21:16 PM
khoi(khoi) used a shield 1-30-2021, 1:21:16 PM
khoi(khoi) used a shield 1-30-2021, 1:21:16 PM
khoi(khoi) used a dead_wolf 1-30-2021, 1:21:25 PM
khoi(khoi) used a dead_wolf 1-30-2021, 1:21:25 PM
khoi(khoi) used a dead_wolf 1-30-2021, 1:21:26 PM
khoi(khoi) used a dead_wolf 1-30-2021, 1:21:26 PM
khoi(khoi) used a dead_wolf 1-30-2021, 1:21:26 PM
khoi(khoi) used a dead_wolf 1-30-2021, 1:21:26 PM
khoi(khoi) used a dead_wolf 1-30-2021, 1:21:26 PM
khoi(khoi) used a dead_wolf 1-30-2021, 1:21:26 PM
khoi(khoi) used a dead_wolf 1-30-2021, 1:21:26 PM
khoi(khoi) used a dead_wolf 1-30-2021, 1:21:27 PM
khoi(khoi) used a dead_wolf 1-30-2021, 1:21:27 PM
khoi(khoi) used a dead_wolf 1-30-2021, 1:21:33 PM
khoi(khoi) used a dead_wolf 1-30-2021, 1:21:33 PM
khoi(khoi) used a dead_wolf 1-30-2021, 1:21:33 PM
khoi(khoi) used a dead_wolf 1-30-2021, 1:21:33 PM
khoi(khoi) used a dead_wolf 1-30-2021, 1:21:34 PM
khoi(khoi) used a dead_wolf 1-30-2021, 1:21:34 PM
khoi(khoi) used a dead_wolf 1-30-2021, 1:21:34 PM
khoi(khoi) used a dead_wolf 1-30-2021, 1:21:34 PM
khoi(khoi) used a dead_wolf 1-30-2021, 1:21:34 PM
khoi(khoi) used a dead_wolf 1-30-2021, 1:21:34 PM
khoi(khoi) used a dead_wolf 1-30-2021, 1:21:35 PM
khoi(khoi) used a dead_wolf 1-30-2021, 1:21:35 PM
khoi(khoi) used a antibiotic 1-30-2021, 1:21:50 PM
khoi(khoi) used a antibiotic 1-30-2021, 1:22:30 PM
khoi(khoi) used a antibiotic 1-30-2021, 1:22:50 PM
khoi(khoi) used a shield 1-30-2021, 1:23:32 PM
khoi(khoi) used a shield 1-30-2021, 1:23:32 PM
khoi(khoi) used a shield 1-30-2021, 1:23:32 PM
khoi(khoi) used a shield 1-30-2021, 1:23:34 PM
khoi(khoi) used a shield 1-30-2021, 1:23:34 PM
khoi(khoi) used a shield 1-30-2021, 1:23:35 PM
khoi(khoi) used a shield 1-30-2021, 1:23:36 PM
khoi(khoi) used a shield 1-30-2021, 1:23:37 PM
khoi(khoi) used a antibiotic 1-30-2021, 1:23:44 PM
khoi(khoi) used a antibiotic 1-30-2021, 1:24:11 PM
khoi(khoi) used a antibiotic 1-30-2021, 1:24:30 PM
khoi(khoi) used a dead_wolf 1-30-2021, 1:24:38 PM
khoi(khoi) used a dead_wolf 1-30-2021, 1:24:38 PM
khoi(khoi) used a dead_wolf 1-30-2021, 1:24:38 PM
khoi(khoi) used a dead_wolf 1-30-2021, 1:24:38 PM
khoi(khoi) used a dead_wolf 1-30-2021, 1:24:38 PM
khoi(khoi) used a dead_wolf 1-30-2021, 1:24:38 PM
khoi(khoi) used a dead_wolf 1-30-2021, 1:24:39 PM
khoi(khoi) used a dead_wolf 1-30-2021, 1:24:39 PM
khoi(khoi) used a dead_wolf 1-30-2021, 1:24:39 PM
khoi(khoi) used a dead_wolf 1-30-2021, 1:24:39 PM
khoi(khoi) used a dead_wolf 1-30-2021, 1:24:39 PM
khoi(khoi) used a dead_wolf 1-30-2021, 1:24:39 PM
khoi(khoi) used a dead_wolf 1-30-2021, 1:24:40 PM
khoi(khoi) used a dead_wolf 1-30-2021, 1:24:40 PM
khoi(khoi) used a dead_wolf 1-30-2021, 1:24:40 PM
khoi(khoi) used a dead_wolf 1-30-2021, 1:24:40 PM
khoi(khoi) used a dead_wolf 1-30-2021, 1:24:40 PM
khoi(khoi) used a dead_wolf 1-30-2021, 1:24:40 PM
khoi(khoi) used a dead_wolf 1-30-2021, 1:24:40 PM
khoi(khoi) used a dead_wolf 1-30-2021, 1:24:41 PM
khoi(khoi) used a dead_wolf 1-30-2021, 1:24:41 PM
khoi(khoi) used a dead_wolf 1-30-2021, 1:24:41 PM
khoi(khoi) used a dead_wolf 1-30-2021, 1:24:41 PM
khoi(khoi) used a dead_wolf 1-30-2021, 1:24:41 PM
khoi(khoi) used a dead_wolf 1-30-2021, 1:24:41 PM
khoi(khoi) used a dead_wolf 1-30-2021, 1:24:42 PM
khoi(khoi) used a dead_wolf 1-30-2021, 1:24:42 PM
khoi(khoi) used a dead_wolf 1-30-2021, 1:24:42 PM
khoi(khoi) used a dead_wolf 1-30-2021, 1:24:42 PM
khoi(khoi) used a dead_wolf 1-30-2021, 1:24:42 PM
khoi(khoi) used a dead_wolf 1-30-2021, 1:24:42 PM
khoi(khoi) used a dead_wolf 1-30-2021, 1:24:43 PM
khoi(khoi) used a dead_wolf 1-30-2021, 1:24:43 PM
khoi(khoi) used a dead_wolf 1-30-2021, 1:24:45 PM
khoi(khoi) used a dead_wolf 1-30-2021, 1:24:45 PM
khoi(khoi) used a dead_wolf 1-30-2021, 1:24:46 PM
khoi(khoi) used a dead_wolf 1-30-2021, 1:24:46 PM
khoi(khoi) used a dead_wolf 1-30-2021, 1:24:46 PM
khoi(khoi) used a dead_wolf 1-30-2021, 1:24:46 PM
khoi(khoi) used a dead_wolf 1-30-2021, 1:24:46 PM
khoi(khoi) used a dead_wolf 1-30-2021, 1:24:47 PM
khoi(khoi) used a dead_wolf 1-30-2021, 1:24:47 PM
khoi(khoi) used a dead_wolf 1-30-2021, 1:24:47 PM
khoi(khoi) used a dead_wolf 1-30-2021, 1:24:47 PM
khoi(khoi) used a dead_wolf 1-30-2021, 1:24:47 PM
khoi(khoi) used a dead_wolf 1-30-2021, 1:24:48 PM
khoi(khoi) used a dead_wolf 1-30-2021, 1:24:48 PM
khoi(khoi) used a dead_wolf 1-30-2021, 1:24:48 PM
khoi(khoi) used a dead_wolf 1-30-2021, 1:24:51 PM
khoi(khoi) used a dead_wolf 1-30-2021, 1:24:51 PM
khoi(khoi) used a dead_wolf 1-30-2021, 1:24:51 PM
khoi(khoi) used a dead_wolf 1-30-2021, 1:24:52 PM
khoi(khoi) used a dead_wolf 1-30-2021, 1:24:52 PM
khoi(khoi) used a dead_wolf 1-30-2021, 1:24:52 PM
khoi(khoi) used a dead_wolf 1-30-2021, 1:24:52 PM
khoi(khoi) used a dead_wolf 1-30-2021, 1:24:52 PM
khoi(khoi) used a dead_wolf 1-30-2021, 1:24:52 PM
khoi(khoi) used a dead_wolf 1-30-2021, 1:24:53 PM
khoi(khoi) used a dead_wolf 1-30-2021, 1:24:53 PM
khoi(khoi) used a dead_wolf 1-30-2021, 1:24:53 PM
khoi(khoi) used a dead_wolf 1-30-2021, 1:24:53 PM
khoi(khoi) used a dead_wolf 1-30-2021, 1:24:53 PM
khoi(khoi) used a dead_wolf 1-30-2021, 1:24:53 PM
khoi(khoi) used a dead_wolf 1-30-2021, 1:24:54 PM
khoi(khoi) used a dead_wolf 1-30-2021, 1:24:54 PM
khoi(khoi) used a dead_wolf 1-30-2021, 1:24:54 PM
khoi(khoi) used a dead_wolf 1-30-2021, 1:24:54 PM
khoi(khoi) used a dead_wolf 1-30-2021, 1:24:54 PM
khoi(khoi) used a dead_wolf 1-30-2021, 1:24:54 PM
khoi(khoi) used a dead_wolf 1-30-2021, 1:24:54 PM
khoi(khoi) used a dead_wolf 1-30-2021, 1:24:55 PM
khoi(khoi) used a dead_wolf 1-30-2021, 1:24:55 PM
khoi(khoi) used a dead_wolf 1-30-2021, 1:24:55 PM
khoi(khoi) used a dead_wolf 1-30-2021, 1:24:55 PM
khoi(khoi) used a dead_wolf 1-30-2021, 1:24:55 PM
khoi(khoi) used a dead_wolf 1-30-2021, 1:24:56 PM
khoi(khoi) used a dead_wolf 1-30-2021, 1:24:56 PM
khoi(khoi) used a dead_wolf 1-30-2021, 1:24:56 PM
khoi(khoi) used a dead_wolf 1-30-2021, 1:24:56 PM
khoi(khoi) used a dead_wolf 1-30-2021, 1:24:56 PM
khoi(khoi) used a dead_wolf 1-30-2021, 1:24:56 PM
khoi(khoi) used a dead_wolf 1-30-2021, 1:24:57 PM
khoi(khoi) used a dead_wolf 1-30-2021, 1:24:57 PM
khoi(khoi) used a dead_wolf 1-30-2021, 1:24:57 PM
khoi(khoi) used a dead_wolf 1-30-2021, 1:24:57 PM
khoi(khoi) used a dead_wolf 1-30-2021, 1:24:57 PM
khoi(khoi) used a dead_wolf 1-30-2021, 1:24:57 PM
khoi(khoi) used a dead_wolf 1-30-2021, 1:24:57 PM
khoi(khoi) used a dead_wolf 1-30-2021, 1:24:58 PM
khoi(khoi) used a dead_wolf 1-30-2021, 1:24:58 PM
khoi(khoi) used a dead_wolf 1-30-2021, 1:24:58 PM
khoi(khoi) used a dead_wolf 1-30-2021, 1:24:58 PM
khoi(khoi) used a dead_wolf 1-30-2021, 1:24:58 PM
khoi(khoi) used a dead_wolf 1-30-2021, 1:24:59 PM
khoi(khoi) used a dead_wolf 1-30-2021, 1:24:59 PM
khoi(khoi) used a dead_wolf 1-30-2021, 1:24:59 PM
khoi(khoi) used a dead_wolf 1-30-2021, 1:24:59 PM
khoi(khoi) used a dead_wolf 1-30-2021, 1:24:59 PM
khoi(khoi) used a dead_wolf 1-30-2021, 1:24:59 PM
khoi(khoi) used a dead_wolf 1-30-2021, 1:25:00 PM
khoi(khoi) used a dead_wolf 1-30-2021, 1:25:00 PM
khoi(khoi) used a dead_wolf 1-30-2021, 1:25:00 PM
khoi(khoi) used a dead_wolf 1-30-2021, 1:25:00 PM
khoi(khoi) used a dead_wolf 1-30-2021, 1:25:00 PM
khoi(khoi) used a dead_wolf 1-30-2021, 1:25:00 PM
khoi(khoi) used a dead_wolf 1-30-2021, 1:25:01 PM
khoi(khoi) used a dead_wolf 1-30-2021, 1:25:01 PM
khoi(khoi) used a dead_wolf 1-30-2021, 1:25:01 PM
khoi(khoi) used a dead_wolf 1-30-2021, 1:25:01 PM
khoi(khoi) used a dead_wolf 1-30-2021, 1:25:01 PM
khoi(khoi) used a dead_wolf 1-30-2021, 1:25:01 PM
khoi(khoi) used a dead_wolf 1-30-2021, 1:25:02 PM
khoi(khoi) used a dead_wolf 1-30-2021, 1:25:02 PM
khoi(khoi) used a dead_wolf 1-30-2021, 1:25:02 PM
khoi(khoi) used a dead_wolf 1-30-2021, 1:25:02 PM
khoi(khoi) used a dead_wolf 1-30-2021, 1:25:02 PM
khoi(khoi) used a dead_wolf 1-30-2021, 1:25:02 PM
khoi(khoi) used a dead_wolf 1-30-2021, 1:25:03 PM
khoi(khoi) used a dead_wolf 1-30-2021, 1:25:03 PM
khoi(khoi) used a dead_wolf 1-30-2021, 1:25:03 PM
khoi(khoi) used a dead_wolf 1-30-2021, 1:25:03 PM
khoi(khoi) used a dead_wolf 1-30-2021, 1:25:03 PM
khoi(khoi) used a dead_wolf 1-30-2021, 1:25:03 PM
khoi(khoi) used a dead_wolf 1-30-2021, 1:25:04 PM
khoi(khoi) used a dead_wolf 1-30-2021, 1:25:04 PM
khoi(khoi) used a dead_wolf 1-30-2021, 1:25:04 PM
khoi(khoi) used a dead_wolf 1-30-2021, 1:25:04 PM
khoi(khoi) used a dead_wolf 1-30-2021, 1:25:04 PM
khoi(khoi) used a dead_wolf 1-30-2021, 1:25:05 PM
khoi(khoi) used a dead_wolf 1-30-2021, 1:25:05 PM
khoi(khoi) used a dead_wolf 1-30-2021, 1:25:05 PM
khoi(khoi) used a dead_wolf 1-30-2021, 1:25:05 PM
khoi(khoi) used a dead_wolf 1-30-2021, 1:25:05 PM
khoi(khoi) used a dead_wolf 1-30-2021, 1:25:05 PM
khoi(khoi) used a dead_wolf 1-30-2021, 1:25:06 PM
khoi(khoi) used a dead_wolf 1-30-2021, 1:25:06 PM
khoi(khoi) used a dead_wolf 1-30-2021, 1:25:06 PM
khoi(khoi) used a dead_wolf 1-30-2021, 1:25:06 PM
khoi(khoi) used a dead_wolf 1-30-2021, 1:25:06 PM
khoi(khoi) used a dead_wolf 1-30-2021, 1:25:06 PM
khoi(khoi) used a dead_wolf 1-30-2021, 1:25:07 PM
khoi(khoi) used a dead_wolf 1-30-2021, 1:25:07 PM
khoi(khoi) used a dead_wolf 1-30-2021, 1:25:07 PM
khoi(khoi) used a dead_wolf 1-30-2021, 1:25:07 PM
khoi(khoi) used a skinned_wolf 1-30-2021, 1:25:14 PM
khoi(khoi) used a skinned_wolf 1-30-2021, 1:25:14 PM
khoi(khoi) used a skinned_wolf 1-30-2021, 1:25:14 PM
khoi(khoi) used a skinned_wolf 1-30-2021, 1:25:14 PM
khoi(khoi) used a skinned_wolf 1-30-2021, 1:25:15 PM
khoi(khoi) used a skinned_wolf 1-30-2021, 1:25:15 PM
khoi(khoi) used a skinned_wolf 1-30-2021, 1:25:15 PM
khoi(khoi) used a skinned_wolf 1-30-2021, 1:25:15 PM
khoi(khoi) used a skinned_wolf 1-30-2021, 1:25:15 PM
khoi(khoi) used a skinned_wolf 1-30-2021, 1:25:16 PM
khoi(khoi) used a skinned_wolf 1-30-2021, 1:25:16 PM
khoi(khoi) used a skinned_wolf 1-30-2021, 1:25:16 PM
khoi(khoi) used a skinned_wolf 1-30-2021, 1:25:16 PM
khoi(khoi) used a skinned_wolf 1-30-2021, 1:25:16 PM
khoi(khoi) used a skinned_wolf 1-30-2021, 1:25:17 PM
khoi(khoi) used a skinned_wolf 1-30-2021, 1:25:17 PM
khoi(khoi) used a skinned_wolf 1-30-2021, 1:25:17 PM
khoi(khoi) used a skinned_wolf 1-30-2021, 1:25:17 PM
khoi(khoi) used a skinned_wolf 1-30-2021, 1:25:17 PM
khoi(khoi) used a skinned_wolf 1-30-2021, 1:25:17 PM
khoi(khoi) used a skinned_wolf 1-30-2021, 1:25:18 PM
khoi(khoi) used a skinned_wolf 1-30-2021, 1:25:18 PM
khoi(khoi) used a skinned_wolf 1-30-2021, 1:25:18 PM
khoi(khoi) used a skinned_wolf 1-30-2021, 1:25:18 PM
khoi(khoi) used a skinned_wolf 1-30-2021, 1:25:18 PM
khoi(khoi) used a skinned_wolf 1-30-2021, 1:25:19 PM
khoi(khoi) used a skinned_wolf 1-30-2021, 1:25:19 PM
khoi(khoi) used a skinned_wolf 1-30-2021, 1:25:19 PM
khoi(khoi) used a skinned_wolf 1-30-2021, 1:25:19 PM
khoi(khoi) used a skinned_wolf 1-30-2021, 1:25:21 PM
khoi(khoi) used a skinned_wolf 1-30-2021, 1:25:21 PM
khoi(khoi) used a skinned_wolf 1-30-2021, 1:25:27 PM
khoi(khoi) used a skinned_wolf 1-30-2021, 1:25:27 PM
khoi(khoi) used a skinned_wolf 1-30-2021, 1:25:27 PM
khoi(khoi) used a skinned_wolf 1-30-2021, 1:25:27 PM
khoi(khoi) used a skinned_wolf 1-30-2021, 1:25:27 PM
khoi(khoi) used a skinned_wolf 1-30-2021, 1:25:27 PM
khoi(khoi) used a skinned_wolf 1-30-2021, 1:25:28 PM
khoi(khoi) used a skinned_wolf 1-30-2021, 1:25:28 PM
khoi(khoi) used a skinned_wolf 1-30-2021, 1:25:28 PM
khoi(khoi) used a skinned_wolf 1-30-2021, 1:25:28 PM
khoi(khoi) used a skinned_wolf 1-30-2021, 1:25:28 PM
khoi(khoi) used a skinned_wolf 1-30-2021, 1:25:28 PM
khoi(khoi) used a skinned_wolf 1-30-2021, 1:25:29 PM
khoi(khoi) used a skinned_wolf 1-30-2021, 1:25:29 PM
khoi(khoi) used a skinned_wolf 1-30-2021, 1:25:29 PM
khoi(khoi) used a skinned_wolf 1-30-2021, 1:25:29 PM
khoi(khoi) used a skinned_wolf 1-30-2021, 1:25:29 PM
khoi(khoi) used a skinned_wolf 1-30-2021, 1:25:29 PM
khoi(khoi) used a skinned_wolf 1-30-2021, 1:25:30 PM
khoi(khoi) used a skinned_wolf 1-30-2021, 1:25:30 PM
khoi(khoi) used a skinned_wolf 1-30-2021, 1:25:30 PM
khoi(khoi) used a skinned_wolf 1-30-2021, 1:25:30 PM
khoi(khoi) used a skinned_wolf 1-30-2021, 1:25:30 PM
khoi(khoi) used a skinned_wolf 1-30-2021, 1:25:31 PM
khoi(khoi) used a skinned_wolf 1-30-2021, 1:25:31 PM
khoi(khoi) used a skinned_wolf 1-30-2021, 1:25:31 PM
khoi(khoi) used a skinned_wolf 1-30-2021, 1:25:31 PM
khoi(khoi) used a skinned_wolf 1-30-2021, 1:25:31 PM
khoi(khoi) used a skinned_wolf 1-30-2021, 1:25:31 PM
khoi(khoi) used a skinned_wolf 1-30-2021, 1:25:32 PM
khoi(khoi) used a skinned_wolf 1-30-2021, 1:25:32 PM
khoi(khoi) used a skinned_wolf 1-30-2021, 1:25:32 PM
khoi(khoi) used a skinned_wolf 1-30-2021, 1:25:32 PM
khoi(khoi) used a skinned_wolf 1-30-2021, 1:25:32 PM
khoi(khoi) used a skinned_wolf 1-30-2021, 1:25:33 PM
khoi(khoi) used a skinned_wolf 1-30-2021, 1:25:33 PM
khoi(khoi) used a skinned_wolf 1-30-2021, 1:25:33 PM
khoi(khoi) used a skinned_wolf 1-30-2021, 1:25:33 PM
khoi(khoi) used a skinned_wolf 1-30-2021, 1:25:33 PM
khoi(khoi) used a skinned_wolf 1-30-2021, 1:25:33 PM
khoi(khoi) used a skinned_wolf 1-30-2021, 1:25:34 PM
khoi(khoi) used a skinned_wolf 1-30-2021, 1:25:34 PM
khoi(khoi) used a skinned_wolf 1-30-2021, 1:25:34 PM
khoi(khoi) used a skinned_wolf 1-30-2021, 1:25:34 PM
khoi(khoi) used a skinned_wolf 1-30-2021, 1:25:34 PM
khoi(khoi) used a skinned_wolf 1-30-2021, 1:25:34 PM
khoi(khoi) used a skinned_wolf 1-30-2021, 1:25:35 PM
khoi(khoi) used a skinned_wolf 1-30-2021, 1:25:35 PM
khoi(khoi) used a skinned_wolf 1-30-2021, 1:25:35 PM
khoi(khoi) used a skinned_wolf 1-30-2021, 1:25:35 PM
khoi(khoi) used a skinned_wolf 1-30-2021, 1:25:36 PM
khoi(khoi) used a skinned_wolf 1-30-2021, 1:25:36 PM
khoi(khoi) used a skinned_wolf 1-30-2021, 1:25:36 PM
khoi(khoi) used a skinned_wolf 1-30-2021, 1:25:36 PM
khoi(khoi) used a skinned_wolf 1-30-2021, 1:25:36 PM
khoi(khoi) used a skinned_wolf 1-30-2021, 1:25:36 PM
khoi(khoi) used a skinned_wolf 1-30-2021, 1:25:37 PM
khoi(khoi) used a skinned_wolf 1-30-2021, 1:25:37 PM
khoi(khoi) used a skinned_wolf 1-30-2021, 1:25:37 PM
khoi(khoi) used a skinned_wolf 1-30-2021, 1:25:37 PM
khoi(khoi) used a skinned_wolf 1-30-2021, 1:25:37 PM
khoi(khoi) used a skinned_wolf 1-30-2021, 1:25:37 PM
khoi(khoi) used a skinned_wolf 1-30-2021, 1:25:38 PM
khoi(khoi) used a skinned_wolf 1-30-2021, 1:25:38 PM
khoi(khoi) used a skinned_wolf 1-30-2021, 1:25:38 PM
khoi(khoi) used a skinned_wolf 1-30-2021, 1:25:38 PM
khoi(khoi) used a skinned_wolf 1-30-2021, 1:25:38 PM
khoi(khoi) used a skinned_wolf 1-30-2021, 1:25:39 PM
khoi(khoi) used a skinned_wolf 1-30-2021, 1:25:39 PM
khoi(khoi) used a skinned_wolf 1-30-2021, 1:25:39 PM
khoi(khoi) used a skinned_wolf 1-30-2021, 1:25:39 PM
khoi(khoi) used a skinned_wolf 1-30-2021, 1:25:40 PM
khoi(khoi) used a skinned_wolf 1-30-2021, 1:25:40 PM
khoi(khoi) used a skinned_wolf 1-30-2021, 1:25:40 PM
khoi(khoi) used a skinned_wolf 1-30-2021, 1:25:40 PM
khoi(khoi) used a skinned_wolf 1-30-2021, 1:25:40 PM
khoi(khoi) used a skinned_wolf 1-30-2021, 1:25:41 PM
khoi(khoi) used a skinned_wolf 1-30-2021, 1:25:41 PM
khoi(khoi) used a skinned_wolf 1-30-2021, 1:25:41 PM
khoi(khoi) used a skinned_wolf 1-30-2021, 1:25:41 PM
khoi(khoi) used a skinned_wolf 1-30-2021, 1:25:41 PM
khoi(khoi) used a skinned_wolf 1-30-2021, 1:25:41 PM
khoi(khoi) used a skinned_wolf 1-30-2021, 1:25:42 PM
khoi(khoi) used a skinned_wolf 1-30-2021, 1:25:42 PM
khoi(khoi) used a skinned_wolf 1-30-2021, 1:25:42 PM
khoi(khoi) used a skinned_wolf 1-30-2021, 1:25:42 PM
khoi(khoi) used a skinned_wolf 1-30-2021, 1:25:42 PM
khoi(khoi) used a skinned_wolf 1-30-2021, 1:25:43 PM
khoi(khoi) used a skinned_wolf 1-30-2021, 1:25:43 PM
khoi(khoi) used a skinned_wolf 1-30-2021, 1:25:43 PM
khoi(khoi) used a skinned_wolf 1-30-2021, 1:25:43 PM
khoi(khoi) used a skinned_wolf 1-30-2021, 1:25:43 PM
khoi(khoi) used a skinned_wolf 1-30-2021, 1:25:43 PM
khoi(khoi) used a skinned_wolf 1-30-2021, 1:25:44 PM
khoi(khoi) used a skinned_wolf 1-30-2021, 1:25:44 PM
khoi(khoi) used a skinned_wolf 1-30-2021, 1:25:44 PM
khoi(khoi) used a skinned_wolf 1-30-2021, 1:25:44 PM
khoi(khoi) used a skinned_wolf 1-30-2021, 1:25:44 PM
khoi(khoi) used a skinned_wolf 1-30-2021, 1:25:45 PM
khoi(khoi) used a skinned_wolf 1-30-2021, 1:25:45 PM
khoi(khoi) used a skinned_wolf 1-30-2021, 1:25:45 PM
khoi(khoi) used a skinned_wolf 1-30-2021, 1:25:45 PM
khoi(khoi) used a skinned_wolf 1-30-2021, 1:25:45 PM
khoi(khoi) used a skinned_wolf 1-30-2021, 1:25:45 PM
khoi(khoi) used a skinned_wolf 1-30-2021, 1:25:46 PM
khoi(khoi) used a skinned_wolf 1-30-2021, 1:25:46 PM
khoi(khoi) used a skinned_wolf 1-30-2021, 1:25:46 PM
khoi(khoi) used a skinned_wolf 1-30-2021, 1:25:46 PM
khoi(khoi) used a skinned_wolf 1-30-2021, 1:25:46 PM
khoi(khoi) used a skinned_wolf 1-30-2021, 1:25:47 PM
khoi(khoi) used a skinned_wolf 1-30-2021, 1:25:47 PM
khoi(khoi) used a skinned_wolf 1-30-2021, 1:25:47 PM
khoi(khoi) used a cutted_wolf_meat 1-30-2021, 1:25:51 PM
khoi(khoi) used a hipersound_bomb 1-30-2021, 1:26:57 PM
khoi(khoi) used a steal_warhammer 1-30-2021, 1:27:29 PM
khoi(khoi) used a shotgun 1-30-2021, 1:28:14 PM
khoi(khoi) used a shield 1-30-2021, 1:28:57 PM
khoi(khoi) used a shield 1-30-2021, 1:28:57 PM
khoi(khoi) used a shield 1-30-2021, 1:28:58 PM
khoi(khoi) used a shield 1-30-2021, 1:28:59 PM
khoi(khoi) used a shield 1-30-2021, 1:28:59 PM
khoi(khoi) used a shield 1-30-2021, 1:29:00 PM
khoi(khoi) used a shield 1-30-2021, 1:29:00 PM
khoi(khoi) used a shield 1-30-2021, 1:29:00 PM
khoi(khoi) used a shield 1-30-2021, 1:29:00 PM
khoi(khoi) used a shield 1-30-2021, 1:29:01 PM
khoi(khoi) used a shield 1-30-2021, 1:29:01 PM
khoi(khoi) used a shield 1-30-2021, 1:29:01 PM
khoi(khoi) used a shield 1-30-2021, 1:29:01 PM
khoi(khoi) used a shield 1-30-2021, 1:29:01 PM
khoi(khoi) used a shield 1-30-2021, 1:29:02 PM
khoi(khoi) used a shield 1-30-2021, 1:29:02 PM
khoi(khoi) used a shield 1-30-2021, 1:29:02 PM
khoi(khoi) used a shield 1-30-2021, 1:29:02 PM
khoi(khoi) used a shield 1-30-2021, 1:29:03 PM
khoi(khoi) used a shield 1-30-2021, 1:29:03 PM
khoi(khoi) used a shield 1-30-2021, 1:29:03 PM
khoi(khoi) used a shield 1-30-2021, 1:29:04 PM
khoi(khoi) used a shield 1-30-2021, 1:29:04 PM
khoi(khoi) used a shield 1-30-2021, 1:29:04 PM
khoi(khoi) used a shield 1-30-2021, 1:29:04 PM
khoi(khoi) used a shield 1-30-2021, 1:29:05 PM
khoi(khoi) used a shield 1-30-2021, 1:29:05 PM
khoi(khoi) used a shield 1-30-2021, 1:29:05 PM
khoi(khoi) used a shield 1-30-2021, 1:29:05 PM
khoi(khoi) used a shield 1-30-2021, 1:29:06 PM
khoi(khoi) used a shield 1-30-2021, 1:29:06 PM
khoi(khoi) used a shield 1-30-2021, 1:29:07 PM
khoi(khoi) used a shield 1-30-2021, 1:29:07 PM
khoi(khoi) used a antibiotic 1-30-2021, 1:29:11 PM
khoi(khoi) used a health_drink 1-30-2021, 1:29:18 PM
khoi(khoi) used a shield 1-30-2021, 1:29:19 PM
khoi(khoi) used a hand_grenade 1-30-2021, 1:29:27 PM
khoi(khoi) used a wolf_skin 1-30-2021, 1:29:31 PM
khoi(khoi) used a taser 1-30-2021, 1:29:44 PM
khoi(khoi) used a antibiotic 1-30-2021, 1:29:56 PM
khoi(khoi) used a antibiotic 1-30-2021, 1:30:48 PM
khoi(khoi) used a antibiotic 1-30-2021, 1:31:12 PM
khoi(khoi) used a antibiotic 1-30-2021, 1:31:33 PM
khoi(khoi) used a antibiotic 1-30-2021, 3:04:28 PM
khoi(khoi) used a antibiotic 1-30-2021, 3:04:45 PM
khoi(khoi) used a shield 1-30-2021, 3:04:47 PM
khoi(khoi) used a antibiotic 1-30-2021, 3:04:49 PM
khoi(khoi) used a antibiotic 1-30-2021, 3:05:25 PM
khoi(khoi) used a shield 1-30-2021, 3:05:30 PM
khoi(khoi) used a antibiotic 1-30-2021, 3:05:50 PM
khoi(khoi) used a antibiotic 1-30-2021, 3:06:16 PM
khoi(khoi) used a shotgun 1-30-2021, 3:06:24 PM
khoi(khoi) used a antibiotic 1-30-2021, 3:06:35 PM
khoi(khoi) used a antibiotic 1-30-2021, 3:06:42 PM
khoi(khoi) used a antibiotic 1-30-2021, 3:07:41 PM
khoi(khoi) used a antibiotic 1-30-2021, 3:08:17 PM
khoi(khoi) used a antibiotic 1-30-2021, 3:08:56 PM
khoi(khoi) used a antibiotic 1-30-2021, 3:11:09 PM
khoi(khoi) used a shield 1-30-2021, 3:11:23 PM
khoi(khoi) used a shield 1-30-2021, 3:11:23 PM
khoi(khoi) used a shield 1-30-2021, 3:11:24 PM
khoi(khoi) used a shield 1-30-2021, 3:11:24 PM
khoi(khoi) used a shield 1-30-2021, 3:11:24 PM
khoi(khoi) used a shield 1-30-2021, 3:11:25 PM
khoi(khoi) used a shield 1-30-2021, 3:11:25 PM
khoi(khoi) used a shield 1-30-2021, 3:11:25 PM
khoi(khoi) used a shield 1-30-2021, 3:11:25 PM
khoi(khoi) used a shield 1-30-2021, 3:11:26 PM
khoi(khoi) used a shield 1-30-2021, 3:11:26 PM
khoi(khoi) used a shield 1-30-2021, 3:11:26 PM
khoi(khoi) used a shield 1-30-2021, 3:11:26 PM
khoi(khoi) used a shield 1-30-2021, 3:11:26 PM
khoi(khoi) used a shield 1-30-2021, 3:11:26 PM
khoi(khoi) used a shield 1-30-2021, 3:11:31 PM
khoi(khoi) used a shield 1-30-2021, 3:11:31 PM
khoi(khoi) used a shield 1-30-2021, 3:11:32 PM
khoi(khoi) used a shield 1-30-2021, 3:11:32 PM
khoi(khoi) used a shield 1-30-2021, 3:11:32 PM
khoi(khoi) used a shield 1-30-2021, 3:11:32 PM
khoi(khoi) used a shield 1-30-2021, 3:11:33 PM
khoi(khoi) used a shield 1-30-2021, 3:11:33 PM
khoi(khoi) used a shield 1-30-2021, 3:11:33 PM
khoi(khoi) used a shield 1-30-2021, 3:11:33 PM
khoi(khoi) used a shield 1-30-2021, 3:11:34 PM
khoi(khoi) used a shield 1-30-2021, 3:11:34 PM
khoi(khoi) used a antibiotic 1-30-2021, 3:11:53 PM
khoi(khoi) used a antibiotic 1-30-2021, 3:12:22 PM
khoi(khoi) used a shield 1-30-2021, 3:13:22 PM
khoi(khoi) used a shield 1-30-2021, 3:13:22 PM
khoi(khoi) used a shield 1-30-2021, 3:13:22 PM
khoi(khoi) used a shield 1-30-2021, 3:13:22 PM
khoi(khoi) used a shield 1-30-2021, 3:13:22 PM
khoi(khoi) used a shield 1-30-2021, 3:13:24 PM
khoi(khoi) used a shield 1-30-2021, 3:13:24 PM
khoi(khoi) used a shield 1-30-2021, 3:13:24 PM
khoi(khoi) used a shield 1-30-2021, 3:13:24 PM
khoi(khoi) used a shield 1-30-2021, 3:13:25 PM
khoi(khoi) used a shield 1-30-2021, 3:13:25 PM
khoi(khoi) used a shield 1-30-2021, 3:13:28 PM
khoi(khoi) used a shield 1-30-2021, 3:13:29 PM
khoi(khoi) used a shield 1-30-2021, 3:13:29 PM
khoi(khoi) used a shield 1-30-2021, 3:13:29 PM
khoi(khoi) used a shield 1-30-2021, 3:13:30 PM
khoi(khoi) used a shield 1-30-2021, 3:13:30 PM
khoi(khoi) used a shield 1-30-2021, 3:13:32 PM
khoi(khoi) used a shield 1-30-2021, 3:13:32 PM
khoi(khoi) used a shield 1-30-2021, 3:13:32 PM
khoi(khoi) used a shield 1-30-2021, 3:13:33 PM
khoi(khoi) used a shield 1-30-2021, 3:13:33 PM
khoi(khoi) used a shield 1-30-2021, 3:13:34 PM
khoi(khoi) used a shield 1-30-2021, 3:13:34 PM
khoi(khoi) used a shield 1-30-2021, 3:13:35 PM
khoi(khoi) used a shield 1-30-2021, 3:13:35 PM
khoi(khoi) used a shield 1-30-2021, 3:13:36 PM
khoi(khoi) used a shield 1-30-2021, 3:13:37 PM
khoi(khoi) used a antibiotic 1-30-2021, 3:13:40 PM
khoi(khoi) used a antibiotic 1-30-2021, 3:14:04 PM
khoi(khoi) used a antibiotic 1-30-2021, 3:14:27 PM
khoi(khoi) used a antibiotic 1-30-2021, 3:14:58 PM
khoi(khoi) used a antibiotic 1-30-2021, 3:15:25 PM
khoi(khoi) used a antibiotic 1-30-2021, 3:15:40 PM
khoi(khoi) used a antibiotic 1-30-2021, 3:15:46 PM
khoi(khoi) used a antibiotic 1-30-2021, 3:16:36 PM
khoi(khoi) used a coin 1-30-2021, 3:16:54 PM
khoi(khoi) used a antibiotic 1-30-2021, 3:17:04 PM
khoi(khoi) used a antibiotic 1-30-2021, 3:17:27 PM
khoi(khoi) used a antibiotic 1-30-2021, 3:17:46 PM
khoi(khoi) used a antibiotic 1-30-2021, 3:17:52 PM
khoi(khoi) used a antibiotic 1-30-2021, 3:18:12 PM
khoi(khoi) used a antibiotic 1-30-2021, 3:18:17 PM
khoi(khoi) used a antibiotic 1-30-2021, 3:18:43 PM
khoi(khoi) used a antibiotic 1-30-2021, 3:19:17 PM
khoi(khoi) used a shield 1-30-2021, 3:19:19 PM
khoi(khoi) used a antibiotic 1-30-2021, 3:19:53 PM
khoi(khoi) used a antibiotic 1-30-2021, 3:20:30 PM
khoi(khoi) used a dead_rabbit 1-30-2021, 3:20:48 PM
khoi(khoi) used a dead_rabbit 1-30-2021, 3:20:48 PM
khoi(khoi) used a dead_rabbit 1-30-2021, 3:20:49 PM
khoi(khoi) used a antibiotic 1-30-2021, 3:20:57 PM
khoi(khoi) used a health_drink 1-30-2021, 3:21:02 PM
khoi(khoi) used a health_drink 1-30-2021, 3:21:05 PM
khoi(khoi) used a health_drink 1-30-2021, 3:21:05 PM
khoi(khoi) used a shield 1-30-2021, 3:22:10 PM
khoi(khoi) used a shield 1-30-2021, 3:22:10 PM
khoi(khoi) used a shield 1-30-2021, 3:22:10 PM
khoi(khoi) used a shield 1-30-2021, 3:22:10 PM
khoi(khoi) used a shield 1-30-2021, 3:22:11 PM
khoi(khoi) used a shield 1-30-2021, 3:22:11 PM
khoi(khoi) used a shield 1-30-2021, 3:22:11 PM
khoi(khoi) used a shield 1-30-2021, 3:22:11 PM
khoi(khoi) used a shield 1-30-2021, 3:22:12 PM
khoi(khoi) used a shield 1-30-2021, 3:22:12 PM
khoi(khoi) used a antibiotic 1-30-2021, 4:23:21 PM
khoi(khoi) used a shield 1-30-2021, 4:23:26 PM
khoi(khoi) used a shield 1-30-2021, 4:23:29 PM
khoi(khoi) used a shield 1-30-2021, 4:23:29 PM
khoi(khoi) used a shield 1-30-2021, 4:23:31 PM
khoi(khoi) used a shield 1-30-2021, 4:23:32 PM
khoi(khoi) used a shield 1-30-2021, 4:23:32 PM
khoi(khoi) used a shield 1-30-2021, 4:23:32 PM
khoi(khoi) used a shield 1-30-2021, 4:23:32 PM
khoi(khoi) used a shield 1-30-2021, 4:23:33 PM
khoi(khoi) used a shield 1-30-2021, 4:23:33 PM
khoi(khoi) used a shield 1-30-2021, 4:23:33 PM
khoi(khoi) used a shotgun 1-30-2021, 4:23:38 PM
khoi(khoi) used a antibiotic 1-30-2021, 4:23:51 PM
khoi(khoi) used a antibiotic 1-30-2021, 4:24:09 PM
khoi(khoi) used a shield 1-30-2021, 4:24:10 PM
khoi(khoi) used a shield 1-30-2021, 4:24:53 PM
khoi(khoi) used a antibiotic 1-30-2021, 4:24:54 PM
khoi(khoi) used a antibiotic 1-30-2021, 4:25:10 PM
khoi(khoi) used a antibiotic 1-30-2021, 4:25:15 PM
khoi(khoi) used a antibiotic 1-30-2021, 4:25:39 PM
khoi(khoi) used a antibiotic 1-30-2021, 4:26:03 PM
khoi(khoi) used a antibiotic 1-30-2021, 4:26:27 PM
khoi(khoi) used a antibiotic 1-30-2021, 4:27:01 PM
khoi(khoi) used a antibiotic 1-30-2021, 4:27:38 PM
khoi(khoi) used a shotgun 1-30-2021, 4:27:46 PM
khoi(khoi) used a knife 1-30-2021, 4:27:54 PM
khoi(khoi) used a steal_warhammer 1-30-2021, 4:28:01 PM
khoi(khoi) used a antibiotic 1-30-2021, 4:28:10 PM
khoi(khoi) used a antibiotic 1-30-2021, 4:28:33 PM
khoi(khoi) used a antibiotic 1-30-2021, 4:31:20 PM
khoi(khoi) used a antibiotic 1-30-2021, 4:33:32 PM
khoi(khoi) used a antibiotic 1-30-2021, 4:40:15 PM
khoi(khoi) used a police_car 1-30-2021, 4:42:57 PM