
killer3000 (killer3000) said hi 1-30-2021, 8:38:20 AM
killer3000 (killer3000) said hmm potato 1-30-2021, 8:38:35 AM
killer3000 (killer3000) said yeah because he's hosting tw6.4 for us 1-30-2021, 8:39:48 AM
killer3000 (killer3000) said and in that he's making all of us admins 1-30-2021, 8:40:07 AM
killer3000 (killer3000) said i am admin 1-30-2021, 8:40:13 AM
killer3000 (killer3000) said that is just for funn 1-30-2021, 8:40:26 AM
killer3000 (killer3000) said do you have sounds? 1-30-2021, 8:40:37 AM
killer3000 (killer3000) said rofl 1-30-2021, 8:40:50 AM
killer3000 (killer3000) said the sounds are around 948 mb 1-30-2021, 8:41:06 AM
killer3000 (killer3000) said hi rofl 1-30-2021, 8:41:52 AM
killer3000 (killer3000) said hi 1-30-2021, 9:25:44 AM
killer3000 (killer3000) said what happendf 1-30-2021, 9:26:08 AM
killer3000 (killer3000) said yar dam bord 1-30-2021, 9:31:14 AM
killer3000 (killer3000) said really need a good game 1-30-2021, 9:31:58 AM
killer3000 (killer3000) said ahaha 1-30-2021, 9:32:50 AM
killer3000 (killer3000) said storm_sniper, 4 1-30-2021, 9:33:05 AM
killer3000 (killer3000) said oi is there any other good games to play 1-30-2021, 9:33:38 AM
killer3000 (killer3000) said rofl 1-30-2021, 9:33:55 AM
killer3000 (killer3000) said Loading sounds. Please wait! 1-30-2021, 9:34:48 AM
killer3000 (killer3000) said V I Gamers,  Presents! The War! 1-30-2021, 9:35:06 AM
killer3000 (killer3000) said oh let me do it 1-30-2021, 9:36:05 AM
killer3000 (killer3000) said hehehee 1-30-2021, 10:28:16 AM
killer3000 (killer3000) said no 1-30-2021, 10:39:11 AM
killer3000 (killer3000) said heheehehe 1-30-2021, 11:48:12 AM
killer3000 (killer3000) said lol 1-30-2021, 12:02:40 PM
killer3000 (killer3000) said lol 1-30-2021, 12:26:01 PM
killer3000 (killer3000) said come come 1-30-2021, 12:26:52 PM
killer3000 (killer3000) said hahahaha 1-30-2021, 5:03:09 PM
killer3000 (killer3000) said loooooool 1-30-2021, 5:07:38 PM
killer3000 (killer3000) said hhahaha 1-30-2021, 5:08:53 PM
killer3000 (killer3000) said masters2424 1-30-2021, 5:45:34 PM
killer3000 (killer3000) said ahaha 1-30-2021, 6:18:36 PM