mapname:ch4
maxx:10
maxy:1000
maxz:1000
tile:0:1000:0:1000:0:0:snow
tile:10:100:0:100:0:100:wallrocks1
tile:0:9:9:9:0:10:snow
tile:0:9:10:10:0:10:wallrocks1
zone:0:1000:0:1000:0:1000:the snow mountain
src:0:1000:0:1000:0:1000:wind5.ogg
tile:0:9:10:19:11:11:snow
tile:0:9:20:20:11:21:snow
tile:0:9:11:1000:0:0:hazard
tile:0:9:21:30:21:21:snow
tile:0:9:25:25:21:24:teleport
tile:0:9:30:30:21:30:snow
tile:0:6:30:30:25:25:hazard
zone:0:6:30:30:24:24:try to get around it
zone:7:7:30:30:24:24:good, go upp
tile:0:9:31:39:30:30:snow
tile:0:9:31:39:30:30:stun
tile:0:9:40:40:30:40:snow
tile:0:9:41:41:30:39:wallrocks1
tile:0:9:41:49:40:40:snow
tile:0:9:50:50:40:50:snow
tile:0:9:42:43:40:42:teleport
tile:0:9:51:59:50:50:snow
tile:0:9:52:55:50:50:teleport
tile:0:9:60:60:50:60:snow
tile:0:9:60:69:60:60:snow
tile:0:9:61:61:60:60:hazard
tile:0:9:63:63:60:62:hazard
tile:0:9:67:68:60:63:teleport
tile:0:9:70:70:60:70:snow
tile:0:9:71:79:70:70:snow
tile:0:9:71:74:70:70:teleport
tile:0:9:80:80:70:80:snow
tile:0:9:81:89:80:80:snow
tile:0:9:81:81:80:80:hazard
tile:0:9:82:82:80:80:stun
tile:0:9:83:83:80:80:suicide
tile:0:9:84:85:80:80:teleport
tile:0:9:90:90:80:90:snow
tile:0:9:91:120:90:90:snow
tile:0:9:94:97:90:90:hazard
tile:0:9:103:105:90:92:teleport
tile:0:9:110:115:90:90:stun
tile:0:9:120:120:90:100:snow
tile:0:9:120:139:100:100:snow
tile:0:9:121:124:100:100:hazard
tile:0:9:128:131:100:100:teleport
tile:0:9:141:141:100:115:wallrocks1
tile:0:0:140:140:100:100:snow1
tile:1:9:140:140:100:115:wallrocks1
zone:0:9:140:140:100:115:press enter to finish
noitems:0:3000:0:3000:0:30000:wirebomb:motion_bomb:mine:stun_dart:remote_timebomb:remote_bomb:security_bomb:remote_gun:timebomb:barricade_bomb:health_dart:suicide_bomb:mass_bomb:bottle_bomb:impact_bomb:guided_missile:ultrabomb:bottle_bomb:carrier_missile:bullet_bomb:stun_grenade:sticky_bomb:grenade:robot:helicopter:pipe_bomb:snowball:small_projectile:tasing_small_projectile:stp429_mini_missile:throwing_star:poison_dart:sky_436_mine:warp_box:health_orb:poisoned_small_projectile:robocop:missile_interceptor:nuclear_bomb:stone:concussive_grenade:turret:hand_grenade:hipersound_bomb:frequency_scrambler
fightingstate:0
travelpoint:0:0:140:140:100:100:store:5:5:0:condrats
noitems:0:3000:0:3000:0:3000:wirebomb:motion_bomb:item_grabber:stun_dart:remote_timebomb:remote_bomb:security_bomb:remote_gun:timebomb:barricade_bomb:health_dart:suicide_bomb:mass_bomb:bottle_bomb:impact_bomb:guided_missile:ultrabomb:bottle_bomb:carrier_missile:bullet_bomb:stun_grenade:sticky_bomb:grenade:robot:helicopter:pipe_bomb:snowball:small_projectile:tasing_small_projectile:stp429_mini_missile:throwing_star:poison_dart:sky_436_mine:warp_box:poisoned_small_projectile:robocop:missile_interceptor:nuclear_bomb:stone:concussive_grenade:turret:hand_grenade:hipersound_bomb:frequency_scrambler:empty_apple_juice:fire_starter:empty_beer_bottle:armored_tank:police_car:aircraft:tank:wood
