mapname:store
maxx:30
maxy:30
maxz:30
tile:0:30:0:30:0:0:wood3
zone:0:30:0:30:0:300:store
tile:0:0:0:0:0:0:beam
zone:0:0:0:0:0:15:weapon store:trackme
tile:0:0:10:10:0:0:beam
zone:0:0:10:10:0:15:ammo store:trackme
tile:10:10:10:10:0:0:beam
zone:10:10:10:10:0:15:explosive store:trackme
tile:0:0:20:20:0:0:beam
zone:0:0:20:20:0:15:misc store:trackme
tile:10:10:20:20:0:0:beam
zone:10:10:20:20:0:15:medical store:trackme
tile:20:20:10:10:0:0:beam
zone:20:20:10:10:0:15:vehicle store:trackme
tile:20:20:0:0:0:0:beam
zone:20:20:0:0:0:15:melee weapons store:trackme
zone:10:10:0:0:0:15:exit to the main:trackme
zone:30:30:30:30:0:15:to go to the boxing ring, press enter:trackme
travelpoint:30:30:30:30:0:10:boxing:1:1:40:moved
zone:0:0:30:30:0:15:door to the cage of the angry and hungry animals, it looks like a really dangerous place, be very carefull entering this:trackme
travelpoint:0:0:30:30:0:10:cage:0:0:40:good luck, try to survive here!
zone:15:15:30:30:0:15:to go on the zalp map, press enter:trackme
travelpoint:15:15:30:30:0:10:zalp:25:25:0:good luck to surviv!
travelpoint:30:30:0:0:0:10:oldmain:250:250:0:moved
zone:30:30:0:0:0:10:pass to old main map:trackme
travelpoint:5:5:30:30:0:0:battles:0:0:0:ok
zone:5:5:30:30:0:5:pass to the battlefield:trackme
tile:10:10:0:0:0:0:marble1
travelpoint:25:25:25:25:0:10:kirill's_world:0:0:0:moved
zone:25:25:25:25:0:10:to enter in the Kirill's world, press enter:trackme
tile:0:0:19:19:-2:-1:wallglass
src:0:30:0:30:0:30:corridor.ogg
travelpoint:5:5:5:5:0:0:challengemaps:0:0:0:moved
zone:5:5:5:5:0:10:challenge maps:trackme
travelpoint:10:10:5:5:0:0:stun:0:0:0:go!
zone:10:10:5:5:0:10:to get to a map full of stun grenades, press enter! Attention! At coordinates 100, 100, 0 there will be a reward, 30000 coins! Good luck!:trackme
zone:15:15:15:15:0:100:press enter to enter in the afk area:trackme
travelpoint:15:15:15:15:0:0:afk_area:0:0:0:welcome to the silent
tile:30:30:14:16:0:29:wallwoodcrate
tile:30:30:15:15:0:29:stairs2
zone:30:30:15:15:0:29:stairs to the bar:trackme
zone:30:30:15:15:29:50:press enter to enter to the bar
travelpoint:30:30:15:15:29:29:bar:49:15:0:moved
url:http://ep128.streamr.ru
travelpoint:0:1000:30:1000:0:500:store:15:15:0:done, problem fixed
travelpoint:31:1000:0:1000:0:500:store:15:15:0:done, problem fixed.
noitems:-600:600:-600:600:-600:600:wirebomb:motion_bomb:item_grabber:stun_dart:remote_timebomb:remote_bomb:security_bomb:remote_gun:timebomb:barricade_bomb:health_dart:suicide_bomb:mass_bomb:bottle_bomb:impact_bomb:guided_missile:ultrabomb:bottle_bomb:carrier_missile:bullet_bomb:stun_grenade:sticky_bomb:grenade:robot:helicopter:pipe_bomb:snowball:small_projectile:tasing_small_projectile:stp429_mini_missile:throwing_star:poison_dart:sky_436_mine:warp_box:poisoned_small_projectile:robocop:missile_interceptor:nuclear_bomb:stone:concussive_grenade:turret:hand_grenade:hipersound_bomb:frequency_scrambler:empty_apple_juice:fire_starter:aircraft:empty_beer_bottle:remote_bomb_controller:remote_timebomb_controller
fightingstate:0
