
killer(killer) used a suicide_bomb 8-9-2020, 1:20:11 PM
killer(killer) used a open_beer_bottle 8-9-2020, 1:22:55 PM
killer(killer) used a open_beer_bottle 8-9-2020, 1:23:01 PM
killer(killer) used a open_beer_bottle 8-9-2020, 1:23:01 PM
killer(killer) used a open_beer_bottle 8-9-2020, 1:23:01 PM
killer(killer) used a open_beer_bottle 8-9-2020, 1:23:02 PM
killer(killer) used a open_beer_bottle 8-9-2020, 1:23:02 PM
killer(killer) used a open_beer_bottle 8-9-2020, 1:23:02 PM
killer(killer) used a open_beer_bottle 8-9-2020, 1:23:03 PM
killer(killer) used a open_beer_bottle 8-9-2020, 1:23:03 PM
killer(killer) used a open_beer_bottle 8-9-2020, 1:23:03 PM
killer(killer) used a open_beer_bottle 8-9-2020, 1:23:05 PM
killer(killer) used a open_beer_bottle 8-9-2020, 1:23:06 PM
killer(killer) used a open_beer_bottle 8-9-2020, 1:23:07 PM
killer(killer) used a open_beer_bottle 8-9-2020, 1:23:08 PM
killer(killer) used a open_beer_bottle 8-9-2020, 1:23:12 PM
killer(killer) used a open_beer_bottle 8-9-2020, 1:23:14 PM
killer(killer) used a open_beer_bottle 8-9-2020, 1:23:15 PM
killer(killer) used a open_beer_bottle 8-9-2020, 1:23:17 PM
killer(killer) used a open_beer_bottle 8-9-2020, 1:23:17 PM
killer(killer) used a open_beer_bottle 8-9-2020, 1:23:18 PM
killer(killer) used a open_beer_bottle 8-9-2020, 1:23:19 PM
killer(killer) used a open_beer_bottle 8-9-2020, 1:23:20 PM
killer(killer) used a open_beer_bottle 8-9-2020, 1:23:46 PM
killer(killer) used a open_beer_bottle 8-9-2020, 1:23:47 PM
killer(killer) used a concussive_grenade 8-9-2020, 6:25:52 PM
killer(killer) used a concussive_grenade 8-9-2020, 6:26:35 PM
killer(killer) used a stun_dart 8-9-2020, 6:26:48 PM
killer(killer) used a spiked_chain_mace 8-9-2020, 6:26:57 PM
killer(killer) used a bottle_bomb 8-9-2020, 6:29:03 PM
killer(killer) used a robot 8-9-2020, 6:29:26 PM
killer(killer) used a robot 8-9-2020, 6:29:39 PM
killer(killer) used a guided_missile 8-9-2020, 6:35:04 PM
killer(killer) used a bottle_bomb 8-9-2020, 6:36:13 PM
killer(killer) used a bottle_bomb 8-9-2020, 7:11:47 PM
killer(killer) used a helicopter 8-9-2020, 7:12:42 PM
killer(killer) used a helicopter 8-9-2020, 7:13:14 PM
killer(killer) used a guided_missile 8-9-2020, 7:15:23 PM
killer(killer) used a suicide_bomb 8-9-2020, 7:16:18 PM
killer(killer) used a suicide_bomb 8-9-2020, 7:17:37 PM
killer(killer) used a remote_gun 8-9-2020, 7:18:14 PM
killer(killer) used a remote_timebomb_controller 8-9-2020, 7:19:37 PM
killer(killer) used a pack_of_5_barricade_bomb 8-9-2020, 7:20:15 PM
killer(killer) used a barricade_bomb 8-9-2020, 7:22:17 PM
killer(killer) used a barricade_bomb 8-9-2020, 7:23:04 PM
killer(killer) used a barricade_bomb 8-9-2020, 7:23:29 PM
killer(killer) used a pack_of_5_mass_bomb 8-9-2020, 7:24:02 PM
killer(killer) used a pack_of_5_mass_bomb 8-9-2020, 7:24:07 PM
killer(killer) used a pack_of_10_motion_bomb 8-9-2020, 7:25:03 PM
killer(killer) used a missile_interceptor 8-9-2020, 7:25:18 PM
killer(killer) used a bottle_bomb 8-9-2020, 7:28:05 PM
killer(killer) used a robot 8-9-2020, 7:29:02 PM
killer(killer) used a robot 8-9-2020, 7:29:13 PM
killer(killer) used a robot 8-9-2020, 7:29:14 PM
killer(killer) used a guided_missile 8-9-2020, 7:30:08 PM
killer(killer) used a health_orb 8-9-2020, 7:30:23 PM
killer(killer) used a concussive_grenade 8-9-2020, 7:30:59 PM
killer(killer) used a spiked_chain_mace 8-9-2020, 7:33:37 PM
killer(killer) used a glock_17_pistol 8-9-2020, 7:34:41 PM
killer(killer) used a bottle_bomb 8-9-2020, 7:37:08 PM
killer(killer) used a bottle_bomb 8-9-2020, 7:37:27 PM
killer(killer) used a bottle_bomb 8-9-2020, 7:37:28 PM
killer(killer) used a barricade_bomb 8-9-2020, 7:39:08 PM
killer(killer) used a pack_of_5_mass_bomb 8-9-2020, 7:39:47 PM
killer(killer) used a crossbow 8-9-2020, 7:44:17 PM
killer(killer) used a suicide_bomb 8-9-2020, 7:48:54 PM
killer(killer) used a grenade_pack 8-9-2020, 7:50:39 PM
killer(killer) used a grenade_pack 8-9-2020, 7:50:42 PM
killer(killer) used a bottle_bomb 8-9-2020, 7:51:39 PM
killer(killer) used a pack_of_15_shield 8-9-2020, 7:56:35 PM
killer(killer) used a pack_of_15_shield 8-9-2020, 7:56:36 PM
killer(killer) used a invisibility_shield 8-9-2020, 7:57:25 PM
killer(killer) used a invisibility_shield 8-9-2020, 7:57:41 PM
killer(killer) used a invisibility_shield 8-9-2020, 7:58:20 PM
killer(killer) used a invisibility_shield 8-9-2020, 7:58:21 PM
killer(killer) used a shield 8-9-2020, 7:58:34 PM
killer(killer) used a concussive_grenade 8-9-2020, 7:59:49 PM
killer(killer) used a concussive_grenade 8-9-2020, 7:59:49 PM
killer(killer) used a concussive_grenade 8-9-2020, 7:59:50 PM
killer(killer) used a concussive_grenade 8-9-2020, 8:00:58 PM
killer(killer) used a concussive_grenade 8-9-2020, 8:01:38 PM