
mihail (mihail) said эх 1-6-2021, 3:15:07 PM
mihail (mihail) said ij 1-6-2021, 3:16:15 PM
mihail (mihail) said шо 1-6-2021, 3:16:17 PM
mihail (mihail) said ага 1-6-2021, 3:16:41 PM
mihail (mihail) said пипец теперь в это нормально не поиграеш 1-6-2021, 3:17:38 PM
mihail (mihail) said во во 1-6-2021, 3:17:51 PM
mihail (mihail) said теперь все на мою тк переидут 1-6-2021, 3:18:00 PM
mihail (mihail) said шо шо? 1-6-2021, 3:18:11 PM
mihail (mihail) said там пустое сообщение 1-6-2021, 3:18:19 PM
mihail (mihail) said почему это 1-6-2021, 3:18:46 PM
mihail (mihail) said блин, тогда в моей тк будим время проводить 1-6-2021, 3:19:58 PM
mihail (mihail) said потомучто нормальных тк не осталось 1-6-2021, 3:20:14 PM
mihail (mihail) said тк от силака говно 1-6-2021, 3:20:27 PM
mihail (mihail) said блин блин, нормальных тк не осталось, кроме моей и или другой какойто 1-6-2021, 3:22:02 PM
mihail (mihail) said шо ещё можно сказать, скажи всё никите, можит обратно зделает 1-6-2021, 3:22:26 PM
mihail (mihail) said блин, я буду к себе людей звать теперь 1-6-2021, 3:22:43 PM
mihail (mihail) said прив 1-6-2021, 5:19:15 PM
mihail (mihail) said как теперь в это играть 1-6-2021, 5:19:46 PM
mihail (mihail) said а 1-6-2021, 6:01:19 PM
mihail (mihail) said нука нука, ща посмотрим 1-6-2021, 6:02:17 PM
mihail (mihail) said аай, оружки не бирутся 1-6-2021, 6:02:59 PM
mihail (mihail) said блин почему у тебя тут аружки больше не бирутся 1-6-2021, 6:03:41 PM
mihail (mihail) said впр 1-6-2021, 6:03:56 PM
mihail (mihail) said походу шото не то, нажимаеш шифт ентер и нешо не берётся 1-6-2021, 6:04:31 PM
mihail (mihail) said ааааааааай 1-6-2021, 6:05:15 PM
mihail (mihail) said zus 1-6-2021, 7:25:53 PM
mihail (mihail) said thanks 1-6-2021, 7:26:28 PM
mihail (mihail) said cage 1-6-2021, 7:26:58 PM
mihail (mihail) said ща патроны куплю 1-6-2021, 7:27:21 PM
mihail (mihail) said duuura 1-6-2021, 7:27:43 PM
mihail (mihail) said come 1-6-2021, 7:27:56 PM
mihail (mihail) said хоть както 1-6-2021, 7:29:32 PM
mihail (mihail) said ггыгыгыгыгыгы 1-6-2021, 7:29:35 PM
mihail (mihail) said зачем же ты нехочиш моих мобов шоб Никита добавлял 1-6-2021, 7:29:57 PM
mihail (mihail) said блин, обижаеш 1-6-2021, 7:30:18 PM
mihail (mihail) said ща оденусь 1-6-2021, 7:30:31 PM
mihail (mihail) said щиты 1-6-2021, 7:30:34 PM
mihail (mihail) said the legendary sword 1-6-2021, 7:32:18 PM
mihail (mihail) said ща подожди захилюсь 1-6-2021, 7:32:33 PM
mihail (mihail) said suchkechke 1-6-2021, 7:33:09 PM
mihail (mihail) said a 1-6-2021, 7:33:11 PM
mihail (mihail) said shya 1-6-2021, 7:33:19 PM
mihail (mihail) said heh 1-6-2021, 7:33:49 PM
mihail (mihail) said без парализовалок 1-6-2021, 7:34:20 PM
mihail (mihail) said come 1-6-2021, 7:36:11 PM
mihail (mihail) said no oy 1-6-2021, 7:36:22 PM
mihail (mihail) said ggggg 1-6-2021, 7:36:28 PM
mihail (mihail) said come to fuck oyyy 1-6-2021, 7:37:08 PM