
anil (anil) said well 1-18-2021, 10:20:37 AM
anil (anil) said all tunmi games ubdater brokenn lol 1-18-2021, 10:21:24 AM
anil (anil) said bs think its out 1-18-2021, 10:21:59 AM
anil (anil) said lmaao 1-18-2021, 10:22:57 AM
anil (anil) said what 1-18-2021, 10:23:47 AM
anil (anil) said yes 1-18-2021, 10:24:10 AM
anil (anil) said but ubdateer is broken  1-18-2021, 10:24:34 AM
anil (anil) said llmao 1-18-2021, 10:24:46 AM
anil (anil) said eehheehehhe 1-18-2021, 10:26:06 AM
anil (anil) said lmao lag 1-18-2021, 10:33:52 AM
anil (anil) said rranjith 1-18-2021, 10:34:24 AM
anil (anil) said i advice you go to stun grenade chalange 1-18-2021, 10:34:54 AM
anil (anil) said lmao 1-18-2021, 10:36:24 AM
anil (anil) said lmmao 1-18-2021, 10:38:09 AM
anil (anil) said lmao 1-18-2021, 10:42:02 AM
anil (anil) said lmaoo  1-18-2021, 10:42:49 AM
anil (anil) said admin came 1-18-2021, 10:43:00 AM
anil (anil) said he goes now 1-18-2021, 10:43:26 AM
anil (anil) said alaija 1-18-2021, 10:47:38 AM
anil (anil) said aalaija 1-18-2021, 10:47:58 AM
anil (anil) said how to send items to others 1-18-2021, 10:48:29 AM
anil (anil) said thx guys 1-18-2021, 10:49:07 AM
anil (anil) said lmfao 1-18-2021, 10:56:20 AM
anil (anil) said hehehheehee 1-18-2021, 10:56:26 AM
anil (anil) said what's that  prashant 1-18-2021, 10:57:49 AM
anil (anil) said blinkvisard.ddns./sbyw.zip 1-18-2021, 11:08:58 AM
anil (anil) said llmao sbyw is boaring 1-18-2021, 11:09:32 AM
anil (anil) said lmao why  aal all quite? 1-18-2021, 11:11:32 AM
anil (anil) said rocket loncher 1-18-2021, 11:19:59 AM
anil (anil) said i will die yar 1-18-2021, 11:20:27 AM
anil (anil) said whhat not 1-18-2021, 11:21:10 AM
anil (anil) said need too buy it 1-18-2021, 11:21:31 AM
anil (anil) said k let me buy  it 1-18-2021, 11:21:54 AM
anil (anil) said lmfao whaat's that 1-18-2021, 11:25:36 AM
anil (anil) said oy what's thaat 1-18-2021, 11:26:40 AM
anil (anil) said see? i died? 1-18-2021, 11:28:59 AM
anil (anil) said huhh 1-18-2021, 11:33:34 AM
anil (anil) said yup 1-18-2021, 11:34:16 AM
anil (anil) said i will never come then 1-18-2021, 11:35:12 AM
anil (anil) said ubdater is broken 1-18-2021, 11:36:53 AM
anil (anil) said yyup 1-18-2021, 11:37:15 AM
anil (anil) said yup 1-18-2021, 11:37:17 AM
anil (anil) said lmao 1-18-2021, 11:37:51 AM
anil (anil) said i am a verhrhrrhhrhrhrhrhrrhrhrhrhhrhrhrhrhrhhhrhrhrhhy bad fighter 1-18-2021, 11:38:26 AM
anil (anil) said lmmfao 1-18-2021, 11:45:46 AM
anil (anil) said huuh 1-18-2021, 11:45:56 AM
anil (anil) said atheeeeeeeeeeeeeeeeeeeeeeeeeeeeeee bbro 1-18-2021, 11:49:21 AM
anil (anil) said how 1-18-2021, 11:53:40 AM
anil (anil) said how to coppy messages 1-18-2021, 11:54:42 AM
anil (anil) said how to install that 1-18-2021, 11:56:31 AM
anil (anil) said o 1-18-2021, 11:56:42 AM
anil (anil) said Add-on Updater  check box  selected  checked  Current version: 20.10.1, New version: 20.12.1Add-on Updater  check box  selected  checked  Current version: 20.10.1, New version: 20.12.1 1-18-2021, 12:07:04 PM
anil (anil) said oy hai  jems 1-18-2021, 12:07:35 PM
anil (anil) said what 1-18-2021, 12:08:21 PM
anil (anil) said how to auction? 1-18-2021, 12:09:07 PM
anil (anil) said aray yar 1-18-2021, 12:10:48 PM
anil (anil) said hheheheheheheheheh 1-18-2021, 12:11:55 PM
anil (anil) said chup filipino 1-18-2021, 12:12:56 PM
anil (anil) said rofl 1-18-2021, 12:13:26 PM
anil (anil) said huh 1-18-2021, 12:15:11 PM
anil (anil) said lmao 1-18-2021, 12:17:55 PM
anil (anil) said lmao hai 1-18-2021, 2:09:28 PM
anil (anil) said hello 1-18-2021, 2:13:27 PM
anil (anil) said lmao boared 1-18-2021, 2:14:23 PM
anil (anil) said lmao  this bgt 1-18-2021, 2:17:08 PM
anil (anil) said hello 1-18-2021, 2:25:46 PM
anil (anil) said oy anujsharma 1-18-2021, 3:34:40 PM
anil (anil) said not  even chaing? 1-18-2021, 3:34:59 PM
anil (anil) said chatting? 1-18-2021, 3:35:06 PM
anil (anil) said oy i will  hit you if you say that 1-18-2021, 3:35:52 PM
anil (anil) said i am there 1-18-2021, 3:36:05 PM
anil (anil) said hey 1-18-2021, 3:36:28 PM
anil (anil) said here is my  watsup number 1-18-2021, 3:36:49 PM
anil (anil) said infact 1-18-2021, 3:36:55 PM
anil (anil) said infact its my momss but i will also use it 1-18-2021, 3:37:26 PM
anil (anil) said here we go 1-18-2021, 3:37:54 PM
anil (anil) said there 1-18-2021, 3:39:19 PM
anil (anil) said do you have speach history? 1-18-2021, 3:40:01 PM
anil (anil) said k 1-18-2021, 3:40:13 PM
anil (anil) said oy why thanques 1-18-2021, 3:40:31 PM
anil (anil) said huh 1-18-2021, 3:40:49 PM
anil (anil) said yesterday 1-18-2021, 3:41:12 PM
anil (anil) said no thanques between  friends 1-18-2021, 3:41:33 PM
anil (anil) said when did you joined? 1-18-2021, 3:42:01 PM
anil (anil) said o 1-18-2021, 3:42:17 PM
anil (anil) said nice 1-18-2021, 3:42:28 PM
anil (anil) said i added you  in our group 1-18-2021, 3:43:04 PM
anil (anil) said go see your skype 1-18-2021, 3:43:22 PM
anil (anil) said lmao 1-18-2021, 3:43:57 PM
anil (anil) said tank, 40v 1-18-2021, 3:46:13 PM
anil (anil) said hai salman 1-18-2021, 3:46:54 PM
anil (anil) said salman 1-18-2021, 3:47:18 PM
anil (anil) said do you no anuj sharma 1-18-2021, 3:47:38 PM
anil (anil) said o 1-18-2021, 3:47:51 PM
anil (anil) said athee bro noes 1-18-2021, 3:48:02 PM
anil (anil) said police_car, 2 1-18-2021, 3:49:00 PM
anil (anil) said lmaao who is he 1-18-2021, 3:50:12 PM
anil (anil) said heeheehehehee 1-18-2021, 3:51:57 PM
anil (anil) said he is not seen in skype too 1-18-2021, 3:52:52 PM
anil (anil) said oy i  doennt have t 1-18-2021, 3:55:32 PM
anil (anil) said rofl mmao 1-18-2021, 3:55:40 PM
anil (anil) said lmaoo i got it 1-18-2021, 3:56:16 PM
anil (anil) said heheh athee 1-18-2021, 3:56:30 PM
anil (anil) said anuj bro 1-18-2021, 3:56:40 PM
anil (anil) said o nno 1-18-2021, 3:56:46 PM
anil (anil) said he went ofline 1-18-2021, 3:56:52 PM
anil (anil) said athee bbro 1-18-2021, 3:57:08 PM
anil (anil) said anuj bro with uus till now 1-18-2021, 3:57:44 PM
anil (anil) said how to get mesiles? 1-18-2021, 4:09:53 PM
anil (anil) said lmao 1-18-2021, 4:13:36 PM
anil (anil) said hai 1-18-2021, 4:13:40 PM
new b killler (anil) said actually he is superb 1-18-2021, 4:18:28 PM
new b killler (anil) said what's that 1-18-2021, 4:21:29 PM
anil (anil) said oy admin lag 1-18-2021, 4:40:15 PM
anil (anil) said coth  row 2  column 1  11 of 14 1-18-2021, 6:01:52 PM
anil (anil) said cool gamme 1-18-2021, 6:02:11 PM
anil (anil) said game* 1-18-2021, 6:02:24 PM
anil (anil) said k bai all 1-18-2021, 6:02:49 PM