
AnhSon logged in. 2-9-2021, 12:08:32 AM
Kt_Game logged in. 2-9-2021, 12:11:08 AM
dark logged in. 2-9-2021, 12:14:36 AM
istek logged in. 2-9-2021, 12:14:38 AM
AnhSon logged in. 2-9-2021, 12:14:47 AM
Kt_Game logged in. 2-9-2021, 12:15:02 AM
Kt_Game logged in. 2-9-2021, 12:15:28 AM
AnhSon logged in. 2-9-2021, 12:16:45 AM
Kt_Game logged in. 2-9-2021, 12:17:47 AM
Ryder1 logged in. 2-9-2021, 12:43:58 AM
DarkHero logged in. 2-9-2021, 1:29:37 AM
AnhSon logged in. 2-9-2021, 2:02:25 AM
AnhSon logged in. 2-9-2021, 2:03:17 AM
AnhSon logged in. 2-9-2021, 2:03:57 AM
Kt_Game logged in. 2-9-2021, 2:04:04 AM
AnhSon logged in. 2-9-2021, 2:06:25 AM
Kt_Game logged in. 2-9-2021, 2:11:43 AM
Kt_Game logged in. 2-9-2021, 2:16:49 AM
Kt_Game logged in. 2-9-2021, 2:25:36 AM
Kt_Game logged in. 2-9-2021, 2:28:21 AM
AnhSon logged in. 2-9-2021, 2:58:04 AM
Ryder1 logged in. 2-9-2021, 3:17:16 AM
phamhoangminh logged in. 2-9-2021, 3:24:52 AM
phamhoangminh logged in. 2-9-2021, 3:27:53 AM
AnhSon logged in. 2-9-2021, 3:49:52 AM
DarkHero logged in. 2-9-2021, 3:54:07 AM
Kt_Game logged in. 2-9-2021, 3:56:49 AM
AnhSon logged in. 2-9-2021, 3:57:24 AM
phamhoangminh logged in. 2-9-2021, 3:58:39 AM
phamhoangminh logged in. 2-9-2021, 3:59:27 AM
AnhSon logged in. 2-9-2021, 3:59:57 AM
Kt_Game logged in. 2-9-2021, 4:00:56 AM
phamhoangminh logged in. 2-9-2021, 4:02:49 AM
PhamHungVuong logged in. 2-9-2021, 4:04:15 AM
PhamHungVuong logged in. 2-9-2021, 4:05:52 AM
blindgamers14 logged in. 2-9-2021, 4:09:30 AM
Kt_Game logged in. 2-9-2021, 4:10:18 AM
blindgamers14 logged in. 2-9-2021, 4:14:50 AM
phamhoangminh logged in. 2-9-2021, 4:34:28 AM
AnhSon logged in. 2-9-2021, 4:54:48 AM
AnhSon logged in. 2-9-2021, 5:06:24 AM
Alfina logged in. 2-9-2021, 5:10:17 AM
MonkeyDLuffy logged in. 2-9-2021, 5:25:05 AM
Kt_Game logged in. 2-9-2021, 5:46:16 AM
AnhSon logged in. 2-9-2021, 5:47:04 AM
AnhSon logged in. 2-9-2021, 5:59:23 AM
awesome logged in. 2-9-2021, 6:10:00 AM
AnhSon logged in. 2-9-2021, 6:13:38 AM
Kt_Game logged in. 2-9-2021, 6:13:52 AM
blindgamers14 logged in. 2-9-2021, 6:15:38 AM
AnhSon logged in. 2-9-2021, 6:16:38 AM
AnhSon logged in. 2-9-2021, 6:17:03 AM
AnhSon logged in. 2-9-2021, 6:17:41 AM
Kt_Game logged in. 2-9-2021, 6:35:26 AM
tsunami logged in. 2-9-2021, 6:52:51 AM
mrido logged in. 2-9-2021, 6:56:04 AM
PhamHungVuong logged in. 2-9-2021, 6:59:32 AM
PhamHungVuong logged in. 2-9-2021, 7:16:28 AM
hamidali logged in. 2-9-2021, 7:26:52 AM
phamhoangminh logged in. 2-9-2021, 7:30:35 AM
shamsiddin logged in. 2-9-2021, 7:32:49 AM
MonkeyDLuffy logged in. 2-9-2021, 7:36:41 AM
hariomdon logged in. 2-9-2021, 7:36:59 AM
hariomdon logged in. 2-9-2021, 7:38:00 AM
AnhSon logged in. 2-9-2021, 8:01:57 AM
Alfina logged in. 2-9-2021, 8:09:11 AM
DarkHero logged in. 2-9-2021, 8:16:55 AM
hamidali logged in. 2-9-2021, 8:17:31 AM
superAtacker logged in. 2-9-2021, 8:18:03 AM
hassanali logged in. 2-9-2021, 8:20:13 AM
hassanali logged in. 2-9-2021, 8:24:59 AM
hamidali logged in. 2-9-2021, 8:31:31 AM
Kt_Game logged in. 2-9-2021, 8:47:22 AM
elijah logged in. 2-9-2021, 8:49:22 AM
Doston logged in. 2-9-2021, 8:50:28 AM
Kt_Game logged in. 2-9-2021, 8:55:51 AM
phamhoangminh logged in. 2-9-2021, 8:56:07 AM
mrido logged in. 2-9-2021, 9:01:04 AM
blindgamers14 logged in. 2-9-2021, 9:03:50 AM
darkdragon logged in. 2-9-2021, 9:06:31 AM
Kt_Game logged in. 2-9-2021, 9:10:34 AM
shamsiddin logged in. 2-9-2021, 9:17:34 AM
Kt_Game logged in. 2-9-2021, 9:18:04 AM
AnhSon logged in. 2-9-2021, 9:18:05 AM
darkdragon logged in. 2-9-2021, 9:18:22 AM
AnhSon logged in. 2-9-2021, 9:21:28 AM
boburboy logged in. 2-9-2021, 9:21:58 AM
Alfina logged in. 2-9-2021, 9:28:20 AM
filips logged in. 2-9-2021, 9:31:05 AM
Killercross logged in. 2-9-2021, 9:36:01 AM
Killercross logged in. 2-9-2021, 9:38:13 AM
tsunami logged in. 2-9-2021, 9:44:16 AM
blindgamers14 logged in. 2-9-2021, 9:46:12 AM
Simba logged in. 2-9-2021, 9:47:10 AM
mrido logged in. 2-9-2021, 9:48:14 AM
magistral logged in. 2-9-2021, 9:50:20 AM
mrido logged in. 2-9-2021, 9:55:58 AM
mrido logged in. 2-9-2021, 9:57:19 AM
shamsiddin logged in. 2-9-2021, 9:58:23 AM
phamhoangminh logged in. 2-9-2021, 9:58:31 AM
boburboy logged in. 2-9-2021, 10:16:05 AM
boburboy logged in. 2-9-2021, 10:18:56 AM
athee logged in. 2-9-2021, 10:21:36 AM
sgamer logged in. 2-9-2021, 10:24:36 AM
blindgamers14 logged in. 2-9-2021, 10:30:12 AM
shamsiddin logged in. 2-9-2021, 10:31:03 AM
athee logged in. 2-9-2021, 10:35:24 AM
phamhoangminh logged in. 2-9-2021, 10:42:17 AM
sgamer logged in. 2-9-2021, 10:50:07 AM
magistral logged in. 2-9-2021, 10:50:14 AM
Igrok logged in. 2-9-2021, 10:50:53 AM
hamidali logged in. 2-9-2021, 10:52:24 AM
phamhoangminh logged in. 2-9-2021, 10:59:14 AM
athee logged in. 2-9-2021, 11:00:07 AM
Ranbo logged in. 2-9-2021, 11:10:14 AM
Ranbo logged in. 2-9-2021, 11:11:16 AM
naver logged in. 2-9-2021, 11:11:43 AM
DJ_mux logged in. 2-9-2021, 11:15:10 AM
Simba logged in. 2-9-2021, 11:17:35 AM
rathee logged in. 2-9-2021, 11:19:02 AM
rathee logged in. 2-9-2021, 11:22:41 AM
hamidali logged in. 2-9-2021, 11:27:18 AM
Igrok logged in. 2-9-2021, 11:32:48 AM
tsunami logged in. 2-9-2021, 11:32:48 AM
rathee logged in. 2-9-2021, 11:33:53 AM
phamhoangminh logged in. 2-9-2021, 11:34:17 AM
tantor logged in. 2-9-2021, 11:42:47 AM
Alfina logged in. 2-9-2021, 11:45:21 AM
mrido logged in. 2-9-2021, 11:45:48 AM
phamhoangminh logged in. 2-9-2021, 11:55:04 AM
magistral logged in. 2-9-2021, 11:56:32 AM
shamsiddin logged in. 2-9-2021, 12:03:50 PM
boburboy logged in. 2-9-2021, 12:08:56 PM
krokodailtop logged in. 2-9-2021, 12:22:25 PM
Alfina logged in. 2-9-2021, 12:28:32 PM
minzaw logged in. 2-9-2021, 12:38:18 PM
minzaw logged in. 2-9-2021, 12:40:40 PM
superAtacker logged in. 2-9-2021, 12:46:39 PM
mrido logged in. 2-9-2021, 12:47:48 PM
boburboy logged in. 2-9-2021, 1:01:29 PM
mrido logged in. 2-9-2021, 1:16:22 PM
sgamer logged in. 2-9-2021, 1:17:45 PM
phamhoangminh logged in. 2-9-2021, 1:18:16 PM
Igrok logged in. 2-9-2021, 1:19:32 PM
mrido logged in. 2-9-2021, 1:34:28 PM
mrido logged in. 2-9-2021, 1:34:29 PM
blindgamers14 logged in. 2-9-2021, 1:37:26 PM
bolgelo logged in. 2-9-2021, 1:39:52 PM
elijah logged in. 2-9-2021, 1:40:15 PM
magistral logged in. 2-9-2021, 1:42:09 PM
istek logged in. 2-9-2021, 1:44:43 PM
Igrok logged in. 2-9-2021, 1:45:00 PM
phamhoangminh logged in. 2-9-2021, 1:55:44 PM
phamhoangminh logged in. 2-9-2021, 1:55:58 PM
phamhoangminh logged in. 2-9-2021, 1:58:10 PM
magistral logged in. 2-9-2021, 2:07:21 PM
minzaw logged in. 2-9-2021, 2:18:14 PM
phamhoangminh logged in. 2-9-2021, 2:21:10 PM
AungLin logged in. 2-9-2021, 2:21:20 PM
elijah logged in. 2-9-2021, 2:25:16 PM
naver logged in. 2-9-2021, 2:33:36 PM
Simba logged in. 2-9-2021, 2:37:11 PM
sgamer logged in. 2-9-2021, 2:37:58 PM
DJ_mux logged in. 2-9-2021, 2:40:34 PM
naver logged in. 2-9-2021, 2:42:07 PM
naver logged in. 2-9-2021, 2:44:34 PM
sgamer logged in. 2-9-2021, 2:49:32 PM
sgamer logged in. 2-9-2021, 2:57:25 PM
Simba logged in. 2-9-2021, 2:57:52 PM
shamsiddin logged in. 2-9-2021, 3:00:16 PM
Simba logged in. 2-9-2021, 3:04:16 PM
Simba logged in. 2-9-2021, 3:05:02 PM
Simba logged in. 2-9-2021, 3:07:19 PM
sgamer logged in. 2-9-2021, 3:10:31 PM
shamsiddin logged in. 2-9-2021, 3:17:32 PM
Kt_Game logged in. 2-9-2021, 3:35:49 PM
Kt_Game logged in. 2-9-2021, 3:36:59 PM
Kt_Game logged in. 2-9-2021, 3:39:00 PM
Kt_Game logged in. 2-9-2021, 3:39:44 PM
Kt_Game logged in. 2-9-2021, 3:43:12 PM
filips logged in. 2-9-2021, 3:44:15 PM
mrido logged in. 2-9-2021, 3:47:37 PM
magistral logged in. 2-9-2021, 3:49:39 PM
franklin logged in. 2-9-2021, 3:57:49 PM
shamsiddin logged in. 2-9-2021, 4:15:03 PM
minzaw logged in. 2-9-2021, 4:15:17 PM
AnhSon logged in. 2-9-2021, 4:15:52 PM
sgamer logged in. 2-9-2021, 4:17:09 PM
sgamer logged in. 2-9-2021, 4:17:20 PM
Kt_Game logged in. 2-9-2021, 4:19:06 PM
mrido logged in. 2-9-2021, 4:23:56 PM
shamsiddin logged in. 2-9-2021, 4:24:02 PM
AnhSon logged in. 2-9-2021, 4:24:02 PM
shamsiddin logged in. 2-9-2021, 4:32:29 PM
dronzer logged in. 2-9-2021, 4:39:55 PM
mrido logged in. 2-9-2021, 4:42:20 PM
DJ_mux logged in. 2-9-2021, 4:43:52 PM
sgamer logged in. 2-9-2021, 4:51:03 PM
shamsiddin logged in. 2-9-2021, 4:51:27 PM
blindgamers14 logged in. 2-9-2021, 4:52:49 PM
blindgamers14 logged in. 2-9-2021, 4:54:47 PM
otabek logged in. 2-9-2021, 5:05:18 PM
PhamHungVuong logged in. 2-9-2021, 5:10:42 PM
filips logged in. 2-9-2021, 5:17:25 PM
krokodailtop logged in. 2-9-2021, 5:17:32 PM
Igrok logged in. 2-9-2021, 5:20:06 PM
AnhSon logged in. 2-9-2021, 5:20:53 PM
PhamHungVuong logged in. 2-9-2021, 5:24:53 PM
otabek logged in. 2-9-2021, 5:24:56 PM
MonkeyDLuffy logged in. 2-9-2021, 5:25:22 PM
PhamHungVuong logged in. 2-9-2021, 5:27:10 PM
PhamHungVuong logged in. 2-9-2021, 5:29:49 PM
superAtacker logged in. 2-9-2021, 5:30:27 PM
DJ_mux logged in. 2-9-2021, 5:31:47 PM
MonkeyDLuffy logged in. 2-9-2021, 5:36:18 PM
PhamHungVuong logged in. 2-9-2021, 5:39:43 PM
boburboy logged in. 2-9-2021, 5:42:57 PM
DJ_mux logged in. 2-9-2021, 5:44:57 PM
PhamHungVuong logged in. 2-9-2021, 5:46:35 PM
darkfrent logged in. 2-9-2021, 5:47:51 PM
boburboy logged in. 2-9-2021, 5:51:20 PM
sgamer logged in. 2-9-2021, 6:02:17 PM
shamsiddin logged in. 2-9-2021, 6:03:18 PM
boburboy logged in. 2-9-2021, 6:05:16 PM
ali logged in. 2-9-2021, 6:06:33 PM
shamsiddin logged in. 2-9-2021, 6:11:13 PM
sgamer logged in. 2-9-2021, 6:11:24 PM
PhamHungVuong logged in. 2-9-2021, 6:13:08 PM
ali logged in. 2-9-2021, 6:13:29 PM
DJ_mux logged in. 2-9-2021, 6:15:45 PM
Doston logged in. 2-9-2021, 6:16:04 PM
DJ_mux logged in. 2-9-2021, 6:19:16 PM
dronzer logged in. 2-9-2021, 6:24:51 PM
darkfrent logged in. 2-9-2021, 6:27:20 PM
Doston logged in. 2-9-2021, 6:29:06 PM
otabek logged in. 2-9-2021, 6:29:28 PM
DJ_mux logged in. 2-9-2021, 6:29:57 PM
boburboy logged in. 2-9-2021, 6:30:01 PM
sgamer logged in. 2-9-2021, 6:30:03 PM
dronzer logged in. 2-9-2021, 6:30:05 PM
shamsiddin logged in. 2-9-2021, 6:30:10 PM
otabek logged in. 2-9-2021, 6:30:11 PM
otabek logged in. 2-9-2021, 6:31:12 PM
magistral logged in. 2-9-2021, 6:33:03 PM
Alfina logged in. 2-9-2021, 6:42:33 PM
shamsiddin logged in. 2-9-2021, 6:48:42 PM
Kt_Game logged in. 2-9-2021, 6:50:38 PM
otabek logged in. 2-9-2021, 6:54:18 PM
Doston logged in. 2-9-2021, 6:55:51 PM
Doston logged in. 2-9-2021, 6:56:40 PM
Doston logged in. 2-9-2021, 6:57:03 PM
Igrok logged in. 2-9-2021, 6:59:20 PM
minzaw logged in. 2-9-2021, 7:06:20 PM
krokodailtop logged in. 2-9-2021, 7:10:32 PM
sgamer logged in. 2-9-2021, 7:18:15 PM
istek logged in. 2-9-2021, 7:22:41 PM
nikita-k logged in. 2-9-2021, 7:23:02 PM
franklin logged in. 2-9-2021, 7:34:55 PM
franklin logged in. 2-9-2021, 7:51:01 PM
Igrok logged in. 2-9-2021, 7:51:31 PM
vinni logged in. 2-9-2021, 7:51:47 PM
DJ_mux logged in. 2-9-2021, 7:54:07 PM
franklin logged in. 2-9-2021, 7:54:47 PM
vinni logged in. 2-9-2021, 7:55:34 PM
DJ_mux logged in. 2-9-2021, 7:55:46 PM
franklin logged in. 2-9-2021, 7:55:53 PM
nikita-k logged in. 2-9-2021, 7:56:48 PM
franklin logged in. 2-9-2021, 7:57:32 PM
Doston logged in. 2-9-2021, 7:58:38 PM
franklin logged in. 2-9-2021, 7:58:48 PM
vinni logged in. 2-9-2021, 7:59:06 PM
nikita-k logged in. 2-9-2021, 7:59:19 PM
nikita-k logged in. 2-9-2021, 7:59:57 PM
franklin logged in. 2-9-2021, 8:00:32 PM
nikita-k logged in. 2-9-2021, 8:00:41 PM
franklin logged in. 2-9-2021, 8:01:09 PM
nikita-k logged in. 2-9-2021, 8:01:51 PM
istek logged in. 2-9-2021, 8:03:06 PM
franklin logged in. 2-9-2021, 8:04:07 PM
magistral logged in. 2-9-2021, 8:04:20 PM
istek logged in. 2-9-2021, 8:04:36 PM
magistral logged in. 2-9-2021, 8:05:03 PM
franklin logged in. 2-9-2021, 8:06:28 PM
nikita-k logged in. 2-9-2021, 8:10:18 PM
komil logged in. 2-9-2021, 8:14:46 PM
vinni logged in. 2-9-2021, 8:15:18 PM
komil logged in. 2-9-2021, 8:15:40 PM
vinni logged in. 2-9-2021, 8:15:40 PM
magistral logged in. 2-9-2021, 8:22:07 PM
boburboy logged in. 2-9-2021, 8:23:46 PM
boburboy logged in. 2-9-2021, 8:24:44 PM
vinni logged in. 2-9-2021, 8:26:56 PM
boburboy logged in. 2-9-2021, 8:27:23 PM
boburboy logged in. 2-9-2021, 8:28:51 PM
franklin logged in. 2-9-2021, 8:29:04 PM
nikita-k logged in. 2-9-2021, 8:42:25 PM
magistral logged in. 2-9-2021, 8:43:25 PM
vinni logged in. 2-9-2021, 8:43:41 PM
vinni logged in. 2-9-2021, 8:44:48 PM
nikita-k logged in. 2-9-2021, 8:49:09 PM
nikita-k logged in. 2-9-2021, 8:49:34 PM
nikita-k logged in. 2-9-2021, 8:49:58 PM
nikita-k logged in. 2-9-2021, 8:50:44 PM
franklin logged in. 2-9-2021, 8:52:54 PM
franklin logged in. 2-9-2021, 8:56:31 PM
franklin logged in. 2-9-2021, 8:56:39 PM
franklin logged in. 2-9-2021, 8:57:13 PM
franklin logged in. 2-9-2021, 8:57:26 PM
franklin logged in. 2-9-2021, 8:57:38 PM
franklin logged in. 2-9-2021, 8:58:34 PM
magistral logged in. 2-9-2021, 8:58:40 PM
nikita-k logged in. 2-9-2021, 8:58:42 PM
boburboy logged in. 2-9-2021, 8:58:55 PM
DJ_mux logged in. 2-9-2021, 8:58:56 PM
vinni logged in. 2-9-2021, 8:58:58 PM
franklin logged in. 2-9-2021, 8:59:04 PM
komil logged in. 2-9-2021, 8:59:31 PM
magistral logged in. 2-9-2021, 9:02:25 PM
vinni logged in. 2-9-2021, 9:07:59 PM
franklin logged in. 2-9-2021, 9:08:01 PM
nikita-k logged in. 2-9-2021, 9:08:01 PM
komil logged in. 2-9-2021, 9:08:22 PM
boburboy logged in. 2-9-2021, 9:08:36 PM
vinni logged in. 2-9-2021, 9:11:47 PM
komil logged in. 2-9-2021, 9:12:09 PM
magistral logged in. 2-9-2021, 9:15:54 PM
nikita-k logged in. 2-9-2021, 9:17:58 PM
franklin logged in. 2-9-2021, 9:18:03 PM
DJ_mux logged in. 2-9-2021, 9:18:21 PM
boburboy logged in. 2-9-2021, 9:18:32 PM
komil logged in. 2-9-2021, 9:18:39 PM
nikita-k logged in. 2-9-2021, 9:30:10 PM
DJ_mux logged in. 2-9-2021, 9:30:16 PM
DJ_mux logged in. 2-9-2021, 9:31:34 PM
DJ_mux logged in. 2-9-2021, 9:31:44 PM
boburboy logged in. 2-9-2021, 9:32:07 PM
DJ_mux logged in. 2-9-2021, 9:37:06 PM
boburboy logged in. 2-9-2021, 9:37:13 PM
istek logged in. 2-9-2021, 9:44:43 PM
komil logged in. 2-9-2021, 9:51:13 PM
abid logged in. 2-9-2021, 9:59:04 PM
mihail logged in. 2-9-2021, 10:07:18 PM
nikita-k logged in. 2-9-2021, 10:08:56 PM
krokodailtop logged in. 2-9-2021, 10:10:23 PM
boburboy logged in. 2-9-2021, 10:16:09 PM
nikita-k logged in. 2-9-2021, 10:28:11 PM
boburboy logged in. 2-9-2021, 10:59:15 PM
komil logged in. 2-9-2021, 10:59:42 PM
boburboy logged in. 2-9-2021, 11:07:38 PM
komil logged in. 2-9-2021, 11:12:43 PM
boburboy logged in. 2-9-2021, 11:12:56 PM
komil logged in. 2-9-2021, 11:35:52 PM
komil logged in. 2-9-2021, 11:37:47 PM
boburboy logged in. 2-9-2021, 11:38:00 PM
komil logged in. 2-9-2021, 11:38:12 PM