
shamsiddin (shamsiddin) sent /cuicide 2-9-2021, 7:50:40 AM
shamsiddin (shamsiddin) sent /suicide 2-9-2021, 7:50:50 AM
shamsiddin (shamsiddin) sent /s29 2-9-2021, 8:10:00 AM
shamsiddin (shamsiddin) sent /sell 2-9-2021, 8:20:53 AM
shamsiddin (shamsiddin) sent /sell 2-9-2021, 8:21:37 AM
shamsiddin (shamsiddin) sent /t bobur qattasan 2-9-2021, 9:27:19 AM
shamsiddin (shamsiddin) sent /where bobur boy 2-9-2021, 9:27:46 AM
shamsiddin (shamsiddin) sent /where boburboy 2-9-2021, 9:28:03 AM
shamsiddin (shamsiddin) sent /bid 30000 2-9-2021, 10:01:12 AM
shamsiddin (shamsiddin) sent /s52 2-9-2021, 10:06:19 AM
shamsiddin (shamsiddin) sent /sell 2-9-2021, 10:10:51 AM
shamsiddin (shamsiddin) sent /sell 2-9-2021, 10:17:09 AM
shamsiddin (shamsiddin) sent /sell 2-9-2021, 11:00:13 AM
shamsiddin (shamsiddin) sent /bid 111111 2-9-2021, 11:01:28 AM
shamsiddin (shamsiddin) sent /bid 11111 2-9-2021, 11:01:45 AM
shamsiddin (shamsiddin) sent /bid 33333 2-9-2021, 11:02:20 AM
shamsiddin (shamsiddin) sent /bid 10 2-9-2021, 11:04:01 AM
shamsiddin (shamsiddin) sent /bid 1 2-9-2021, 11:06:22 AM
shamsiddin (shamsiddin) sent /bid 44 2-9-2021, 11:06:32 AM
shamsiddin (shamsiddin) sent /bid 111 2-9-2021, 11:07:18 AM
shamsiddin (shamsiddin) sent /bid 22 2-9-2021, 11:08:20 AM
shamsiddin (shamsiddin) sent /bid 34 2-9-2021, 11:08:36 AM
shamsiddin (shamsiddin) sent /bid2 2-9-2021, 11:09:46 AM
shamsiddin (shamsiddin) sent /bid 4 2-9-2021, 11:09:57 AM
shamsiddin (shamsiddin) sent /bid 1 2-9-2021, 11:48:44 AM
shamsiddin (shamsiddin) sent /bid 55 2-9-2021, 11:49:15 AM
shamsiddin (shamsiddin) sent /bid 6 2-9-2021, 11:50:24 AM
shamsiddin (shamsiddin) sent /s3 2-9-2021, 3:02:07 PM
shamsiddin (shamsiddin) sent /s7 2-9-2021, 3:03:25 PM
shamsiddin (shamsiddin) sent /s31 2-9-2021, 3:07:57 PM
shamsiddin (shamsiddin) sent /t hay 2-9-2021, 3:28:01 PM
shamsiddin (shamsiddin) sent /cancelbid no 2-9-2021, 3:28:33 PM
shamsiddin (shamsiddin) sent /suicide 2-9-2021, 3:49:41 PM
shamsiddin (shamsiddin) sent /suicide 2-9-2021, 4:32:07 PM
shamsiddin (shamsiddin) sent /bid 3 2-9-2021, 5:09:52 PM
shamsiddin (shamsiddin) sent /bid 10 2-9-2021, 5:10:25 PM
shamsiddin (shamsiddin) sent /jointeam mujiklar 55 2-9-2021, 5:17:30 PM
shamsiddin (shamsiddin) sent /bid 1000008 2-9-2021, 6:03:53 PM
shamsiddin (shamsiddin) sent /bid 19999 2-9-2021, 6:05:07 PM
shamsiddin (shamsiddin) sent /bid 199 2-9-2021, 6:05:23 PM
shamsiddin (shamsiddin) sent /bid 1111 2-9-2021, 6:05:38 PM
shamsiddin (shamsiddin) sent /bid 1999999 2-9-2021, 6:06:17 PM
shamsiddin (shamsiddin) sent /bid 20000000 2-9-2021, 6:06:48 PM
shamsiddin (shamsiddin) sent /bid 2999999 2-9-2021, 6:07:04 PM
shamsiddin (shamsiddin) sent /bid 4000000 2-9-2021, 6:07:48 PM
shamsiddin (shamsiddin) sent /bid 11111111 2-9-2021, 6:08:23 PM
shamsiddin (shamsiddin) sent /suicide 2-9-2021, 6:10:51 PM
shamsiddin (shamsiddin) sent /suicide 2-9-2021, 6:28:30 PM
shamsiddin (shamsiddin) sent /bid 2000000 2-9-2021, 6:35:22 PM
shamsiddin (shamsiddin) sent /bid 10000000 2-9-2021, 6:36:10 PM
shamsiddin (shamsiddin) sent /suicide 2-9-2021, 6:37:21 PM
shamsiddin (shamsiddin) sent /s7 2-9-2021, 6:39:45 PM
shamsiddin (shamsiddin) sent /bid 12 2-9-2021, 7:29:09 PM
shamsiddin (shamsiddin) sent /bid 22 2-9-2021, 7:29:19 PM
shamsiddin (shamsiddin) sent /bid44 2-9-2021, 7:29:39 PM
shamsiddin (shamsiddin) sent /bid 100 2-9-2021, 7:29:57 PM
shamsiddin (shamsiddin) sent /bid 1000 2-9-2021, 7:30:20 PM
shamsiddin (shamsiddin) sent /gnsubmit 1111 2-9-2021, 7:37:49 PM
shamsiddin (shamsiddin) sent /gnsubmit 2 2-9-2021, 7:38:00 PM