
killer3000 (killer3000) sent /r i know 1-16-2021, 6:43:33 AM
killer3000 (killer3000) sent /lchat test 1-16-2021, 6:47:11 AM
killer3000 (killer3000) sent /lchat kaya hai 1-16-2021, 6:49:21 AM
killer3000 (killer3000) sent /lchat marr mat 1-16-2021, 6:49:26 AM
killer3000 (killer3000) sent /suicide 1-16-2021, 6:50:12 AM
killer3000 (killer3000) sent /lchat auch 1-16-2021, 7:02:14 AM
killer3000 (killer3000) sent /lchat ok 1-16-2021, 7:04:11 AM
killer3000 (killer3000) sent /lchat there is teleporters 1-16-2021, 7:04:22 AM
killer3000 (killer3000) sent /suicide 1-16-2021, 7:10:49 AM
killer3000 (killer3000) sent /lchat hi buddhu 1-16-2021, 7:43:45 AM
killer3000 (killer3000) sent /lchat thuuuuu 1-16-2021, 7:45:48 AM
killer3000 (killer3000) sent /lchat np 1-16-2021, 8:13:24 AM
killer3000 (killer3000) sent /lchat this is a clone of sudden atack 1-16-2021, 8:13:41 AM
killer3000 (killer3000) sent /lchat to get to a map full of stun grenades, press enter! attention! at coordinates 100, 100, 0 there will be a reward, 30000 coins! good luck! at 10, 5, 0 1-16-2021, 8:14:06 AM
killer3000 (killer3000) sent /lchat lol 1-16-2021, 8:19:30 AM
killer3000 (killer3000) sent /r sniper 1-16-2021, 8:20:18 AM
killer3000 (killer3000) sent /r ho 1-16-2021, 8:20:21 AM
killer3000 (killer3000) sent /lchat sniprt 1-16-2021, 8:20:29 AM
killer3000 (killer3000) sent /lchat sniper 1-16-2021, 8:20:35 AM
killer3000 (killer3000) sent /lchat teaching anil 1-16-2021, 8:20:54 AM
killer3000 (killer3000) sent /lchat lol 1-16-2021, 8:21:48 AM
killer3000 (killer3000) sent /suicide 1-16-2021, 8:25:17 AM
killer3000 (killer3000) sent /lchat yay kaosay 1-16-2021, 8:30:43 AM
killer3000 (killer3000) sent /lchat god 1-16-2021, 8:31:22 AM
killer3000 (killer3000) sent /suicide 1-16-2021, 8:33:16 AM
killer3000 (killer3000) sent /s55 1-16-2021, 8:36:16 AM
killer3000 (killer3000) sent /s51 1-16-2021, 8:36:28 AM
killer3000 (killer3000) sent /s52 1-16-2021, 8:36:32 AM
killer3000 (killer3000) sent /s51 1-16-2021, 8:36:35 AM
killer3000 (killer3000) sent /lchat haha 1-16-2021, 8:36:41 AM
killer3000 (killer3000) sent /lchat v 1-16-2021, 8:37:01 AM
killer3000 (killer3000) sent /s47 1-16-2021, 8:37:12 AM
killer3000 (killer3000) sent /s38 1-16-2021, 8:37:26 AM
killer3000 (killer3000) sent /s24 1-16-2021, 8:37:41 AM
killer3000 (killer3000) sent /lchat team? 1-16-2021, 8:38:22 AM
killer3000 (killer3000) sent /lchat um 1-16-2021, 8:38:36 AM
killer3000 (killer3000) sent /lchat how to do these teleporters 1-16-2021, 8:38:57 AM
killer3000 (killer3000) sent /lchat it is hard anil 1-16-2021, 8:39:05 AM
killer3000 (killer3000) sent /lchat teleporters 1-16-2021, 8:39:16 AM
killer3000 (killer3000) sent /s56 1-16-2021, 8:39:50 AM
killer3000 (killer3000) sent /lchat uh 1-16-2021, 8:54:17 AM
killer3000 (killer3000) sent /lchat only 1s? 1-16-2021, 8:54:32 AM
killer3000 (killer3000) sent /lchat 1 more? 1-16-2021, 8:56:06 AM
killer3000 (killer3000) sent /bid 1 1-16-2021, 9:04:49 AM
killer3000 (killer3000) sent /sl 1-16-2021, 9:08:02 AM
killer3000 (killer3000) sent /sell 1-16-2021, 9:08:04 AM
killer3000 (killer3000) sent /lchat now staao 1-16-2021, 9:11:50 AM
killer3000 (killer3000) sent /lchat staap 1-16-2021, 9:11:56 AM
killer3000 (killer3000) sent /lchat no 1-16-2021, 9:12:19 AM
killer3000 (killer3000) sent /bid h 1-16-2021, 9:15:12 AM
killer3000 (killer3000) sent /lchat yes 1-16-2021, 9:15:46 AM
killer3000 (killer3000) sent /lchat sniper? 1-16-2021, 9:16:06 AM
killer3000 (killer3000) sent /lchat is it good? 1-16-2021, 9:16:17 AM
killer3000 (killer3000) sent /lchat yep 1-16-2021, 9:18:28 AM
killer3000 (killer3000) sent /r how to join in this 1-16-2021, 9:35:30 AM
killer3000 (killer3000) sent /jointeam gangsters masters 1-16-2021, 9:36:59 AM
killer3000 (killer3000) sent /t hi 1-16-2021, 9:37:02 AM
killer3000 (killer3000) sent /nickname prashant 1-16-2021, 9:38:14 AM
prashant (killer3000) sent /t yea 1-16-2021, 9:39:25 AM
prashant (killer3000) sent /suicide 1-16-2021, 9:43:30 AM
prashant (killer3000) sent /leave 1-16-2021, 9:47:08 AM
prashant (killer3000) sent /t hmm 1-16-2021, 9:47:15 AM
prashant (killer3000) sent /leave team 1-16-2021, 9:47:21 AM
prashant (killer3000) sent /teamleave 1-16-2021, 9:47:28 AM
prashant (killer3000) sent /r what 1-16-2021, 9:50:48 AM
prashant (killer3000) sent /r you better ask some one als 1-16-2021, 9:51:17 AM
prashant (killer3000) sent /r not in the mood to tell 1-16-2021, 9:51:39 AM
prashant (killer3000) sent /suicide 1-16-2021, 9:55:28 AM
prashant (killer3000) sent /lchat din't 1-16-2021, 10:31:00 AM
prashant (killer3000) sent /lchat don't 1-16-2021, 10:31:06 AM
prashant (killer3000) sent /suicide 1-16-2021, 10:37:07 AM
prashant (killer3000) sent /lchat how to do these teleporters 1-16-2021, 10:40:16 AM
prashant (killer3000) sent /lchat i am doing but not 1-16-2021, 10:40:49 AM
prashant (killer3000) sent /lchat oh nice 1-16-2021, 10:42:12 AM
prashant (killer3000) sent /lchat now? 1-16-2021, 10:42:53 AM
prashant (killer3000) sent /lchat wo how 1-16-2021, 10:43:14 AM
prashant (killer3000) sent /lchat 1, 32, 7.  1-16-2021, 10:44:06 AM
prashant (killer3000) sent /lchat 1, 29, 24.  1-16-2021, 10:46:29 AM
prashant (killer3000) sent /lchat 0, 25, 0.  1-16-2021, 10:49:37 AM
prashant (killer3000) sent /lchat 1, 29, 5.  1-16-2021, 10:49:45 AM
prashant (killer3000) sent /lchat 1, 32, 6.  1-16-2021, 10:50:08 AM
prashant (killer3000) sent /bid 121 1-16-2021, 11:00:33 AM
prashant (killer3000) sent /bid 211 1-16-2021, 11:00:53 AM
prashant (killer3000) sent /bid 500 1-16-2021, 11:00:55 AM
prashant (killer3000) sent /bid 777 1-16-2021, 11:01:04 AM
prashant (killer3000) sent /bid 10000 1-16-2021, 11:02:13 AM
prashant (killer3000) sent /changes 1-16-2021, 11:04:21 AM
prashant (killer3000) sent /lchat how 1-16-2021, 11:15:35 AM
prashant (killer3000) sent /lchat how, to, come, there, sir? 1-16-2021, 11:16:29 AM
prashant (killer3000) sent /lchat 1 tile frunt? 1-16-2021, 11:16:45 AM
prashant (killer3000) sent /lchat 1 tile is not 1-16-2021, 11:17:26 AM
prashant (killer3000) sent /lchat k 1-16-2021, 11:19:03 AM
prashant (killer3000) sent /lchat now 1-16-2021, 11:19:05 AM
prashant (killer3000) sent /lchat ok 1-16-2021, 11:19:21 AM
prashant (killer3000) sent /lchat jump where 1-16-2021, 11:19:40 AM
prashant (killer3000) sent /lchat how much 1-16-2021, 11:19:56 AM
prashant (killer3000) sent /lchat i will ddai 1-16-2021, 11:20:08 AM
prashant (killer3000) sent /lchat 1 tile 1-16-2021, 11:20:14 AM
prashant (killer3000) sent /lchat oh ok 1-16-2021, 11:20:38 AM
prashant (killer3000) sent /lchat k 1-16-2021, 11:21:36 AM
prashant (killer3000) sent /lchat how 1-16-2021, 11:22:34 AM
prashant (killer3000) sent /lchat oho 1-16-2021, 11:22:54 AM
prashant (killer3000) sent /lchat how come back 1-16-2021, 11:23:02 AM
prashant (killer3000) sent /lchat 0, 40, 11.  1-16-2021, 11:23:08 AM
prashant (killer3000) sent /suivide 1-16-2021, 11:24:08 AM
prashant (killer3000) sent /suicide 1-16-2021, 11:24:12 AM
prashant (killer3000) sent /lchat thanks 1-16-2021, 11:25:36 AM
prashant (killer3000) sent /lchat how to grom there 1-16-2021, 11:28:03 AM
prashant (killer3000) sent /bid 444 1-16-2021, 11:29:20 AM
prashant (killer3000) sent /bid 5555 1-16-2021, 11:29:24 AM
prashant (killer3000) sent /bid 3333 1-16-2021, 12:24:51 PM
prashant (killer3000) sent /bid 100000 1-16-2021, 12:24:57 PM
prashant (killer3000) sent /s54 1-16-2021, 1:24:45 PM
prashant (killer3000) sent /s48 1-16-2021, 1:24:56 PM
prashant (killer3000) sent /s40 1-16-2021, 1:25:10 PM
prashant (killer3000) sent /s34 1-16-2021, 1:25:40 PM
prashant (killer3000) sent /gnsubmit 25 1-16-2021, 1:25:48 PM
prashant (killer3000) sent /gnsubmit 45 1-16-2021, 1:25:54 PM
prashant (killer3000) sent /lchat yes 1-16-2021, 1:35:18 PM
prashant (killer3000) sent /lchat don't no 1-16-2021, 1:35:29 PM
prashant (killer3000) sent /lchat aha 1-16-2021, 1:36:16 PM
prashant (killer3000) sent /bid 20000 1-16-2021, 1:39:38 PM
prashant (killer3000) sent /suicide 1-16-2021, 1:41:48 PM
prashant (killer3000) sent /suicide 1-16-2021, 1:42:15 PM
prashant (killer3000) sent /lchat hi 1-16-2021, 1:43:08 PM
prashant (killer3000) sent /lchat come? 1-16-2021, 1:44:45 PM
prashant (killer3000) sent /lchat 0, 35, 15.  1-16-2021, 1:47:07 PM
prashant (killer3000) sent /lchat what 1-16-2021, 1:47:53 PM
prashant (killer3000) sent /lchat now 1-16-2021, 1:47:56 PM
prashant (killer3000) sent /lchat hey 1-16-2021, 1:48:17 PM
prashant (killer3000) sent /lchat hi 1-16-2021, 1:55:52 PM
prashant (killer3000) sent /gnsubmit 25 1-16-2021, 6:27:31 PM
prashant (killer3000) sent /gnsubmit 25 1-16-2021, 6:27:38 PM
prashant (killer3000) sent /suicide 1-16-2021, 6:27:41 PM
prashant (killer3000) sent /lchat hi 1-16-2021, 6:28:02 PM
prashant (killer3000) sent /lchat hi 1-16-2021, 6:28:36 PM
prashant (killer3000) sent /lchat can you help me? 1-16-2021, 6:28:59 PM
prashant (killer3000) sent /lchat gud 1-16-2021, 6:29:02 PM
prashant (killer3000) sent /bid 100000 1-16-2021, 6:29:40 PM
prashant (killer3000) sent /bid 200000 1-16-2021, 6:29:47 PM
prashant (killer3000) sent /bid 300000 1-16-2021, 6:29:52 PM
prashant (killer3000) sent /lchat hey 1-16-2021, 6:30:41 PM
prashant (killer3000) sent /suicide 1-16-2021, 6:31:52 PM
prashant (killer3000) sent /lchat hi 1-16-2021, 6:32:12 PM
prashant (killer3000) sent /lchat hey guys 1-16-2021, 6:34:10 PM
prashant (killer3000) sent /bid 44444 1-16-2021, 6:35:24 PM
prashant (killer3000) sent /cancelbid y 1-16-2021, 6:35:33 PM
prashant (killer3000) sent /r yeah 1-16-2021, 6:38:19 PM
prashant (killer3000) sent /pm magistral can you help on that chalange map 1-16-2021, 6:43:47 PM
prashant (killer3000) sent /admins 1-16-2021, 6:43:51 PM
prashant (killer3000) sent /r please? 1-16-2021, 6:44:12 PM
prashant (killer3000) sent /pm magistral please? 1-16-2021, 6:44:21 PM