
divine (sgamer) said t4ell 1-16-2021, 7:34:40 AM
divine (sgamer) said tell 1-16-2021, 7:34:42 AM
divine (sgamer) said jump 1-16-2021, 7:34:52 AM
divine (sgamer) said and 1-16-2021, 7:34:55 AM
divine (sgamer) said checking version... 1-16-2021, 8:19:10 AM
divine (sgamer) said aa? 1-16-2021, 8:21:53 AM
divine (sgamer) said o 1-16-2021, 8:22:34 AM
divine (sgamer) said wait 1-16-2021, 8:22:41 AM
divine (sgamer) said o 1-16-2021, 8:24:21 AM
divine (sgamer) said ha 1-16-2021, 8:24:46 AM
divine (sgamer) said aha 1-16-2021, 8:26:17 AM
divine (sgamer) said nice 1-16-2021, 8:26:21 AM
divine (sgamer) said aha 1-16-2021, 8:27:26 AM
divine (sgamer) said hi 1-16-2021, 8:27:28 AM
divine (sgamer) said hi 1-16-2021, 8:27:33 AM
divine (sgamer) said hi bro 1-16-2021, 8:27:38 AM
divine (sgamer) said ha 1-16-2021, 8:27:42 AM
divine (sgamer) said o 1-16-2021, 8:28:11 AM
divine (sgamer) said ha 1-16-2021, 8:28:16 AM
divine (sgamer) said to go on the zalp map, press enter 1-16-2021, 8:32:05 AM
divine (sgamer) said the ping took 251 ms 1-16-2021, 8:33:00 AM
divine (sgamer) said aaaaaaa 25460 health, 142 shielded shots. 1-16-2021, 8:38:57 AM
divine (sgamer) said tell 1-16-2021, 8:40:44 AM
divine (sgamer) said chilenge 1-16-2021, 8:41:11 AM
divine (sgamer) said i dont know how to  1-16-2021, 8:41:23 AM
divine (sgamer) said tell bro 1-16-2021, 8:48:11 AM
divine (sgamer) said o 1-16-2021, 8:48:39 AM
divine (sgamer) said a 1-16-2021, 8:50:42 AM
divine (sgamer) said nice 1-16-2021, 8:51:36 AM
divine (sgamer) said aha 1-16-2021, 8:51:46 AM
divine (sgamer) said come to the main  1-16-2021, 8:52:21 AM
divine (sgamer) said ultrabomb 1-16-2021, 8:53:23 AM
divine (sgamer) said wait 1-16-2021, 8:55:27 AM
divine (sgamer) said ha 1-16-2021, 9:04:49 AM
divine (sgamer) said ha 1-16-2021, 9:05:04 AM
divine (sgamer) said ha 1-16-2021, 9:05:15 AM
divine (sgamer) said o 1-16-2021, 9:05:56 AM
divine (sgamer) said aha 1-16-2021, 9:20:54 AM
divine (sgamer) said hi 1-16-2021, 9:21:01 AM
divine (sgamer) said o 1-16-2021, 9:21:19 AM
divine (sgamer) said prece s 1-16-2021, 9:21:59 AM
divine (sgamer) said prece s  1-16-2021, 9:22:13 AM
divine (sgamer) said o 1-16-2021, 9:22:26 AM
divine (sgamer) said chenge gun 1-16-2021, 9:22:39 AM
divine (sgamer) said ha 1-16-2021, 9:23:22 AM
divine (sgamer) said prashant come 1-16-2021, 9:24:53 AM
divine (sgamer) said hi 1-16-2021, 9:25:23 AM
divine (sgamer) said hi 1-16-2021, 9:25:27 AM
divine (sgamer) said who are you  1-16-2021, 9:25:39 AM
divine (sgamer) said tell 1-16-2021, 9:25:48 AM
divine (sgamer) said aaa? 1-16-2021, 9:25:58 AM
divine (sgamer) said prahsnat coming? 1-16-2021, 9:26:10 AM
divine (sgamer) said kya mila 1-16-2021, 9:27:26 AM
divine (sgamer) said prashant  1-16-2021, 9:27:33 AM
divine (sgamer) said o 1-16-2021, 9:27:38 AM
divine (sgamer) said first tell who  are you  1-16-2021, 9:28:06 AM
divine (sgamer) said ha 1-16-2021, 9:28:16 AM
divine (sgamer) said o 1-16-2021, 9:28:21 AM
divine (sgamer) said o? this player is on a different map. sorry? 1-16-2021, 9:31:23 AM
divine (sgamer) said aha 1-16-2021, 9:31:41 AM
divine (sgamer) said the ping took 245 ms 1-16-2021, 9:33:03 AM
divine (sgamer) said aha 1-16-2021, 9:33:33 AM
divine (sgamer) said ha 1-16-2021, 9:34:22 AM
divine (sgamer) said aha 1-16-2021, 9:37:22 AM
divine (sgamer) said i also want to join 1-16-2021, 9:37:33 AM
divine (sgamer) said sgamer 1-16-2021, 9:37:49 AM
divine (sgamer) said yes 1-16-2021, 9:37:53 AM
divine (sgamer) said haha you are the best player with 34 kills 1-16-2021, 9:39:46 AM
divine (sgamer) said aha 70 rocket_launcher ammo! 1-16-2021, 9:40:04 AM
divine (sgamer) said ha 1-16-2021, 9:40:30 AM
divine (sgamer) said ha 1-16-2021, 9:40:49 AM
divine (sgamer) said inventory menu with 101 items 1-16-2021, 9:40:58 AM
divine (sgamer) said your aircraft has 70230 health, and 88.7% fuel. last hit by nothing 1-16-2021, 9:41:38 AM
divine (sgamer) said ha 1-16-2021, 9:43:35 AM
divine (sgamer) said ha 1-16-2021, 9:45:47 AM
divine (sgamer) said o brb  1-16-2021, 9:46:35 AM
divine (sgamer) said checking version... 1-16-2021, 9:49:16 AM
divine (sgamer) said a 1-16-2021, 10:00:30 AM
divine (sgamer) said b 1-16-2021, 10:00:55 AM
divine (sgamer) said o 1-16-2021, 10:08:29 AM
divine (sgamer) said sorry 1-16-2021, 10:09:48 AM
divine (sgamer) said dont use that  1-16-2021, 10:12:11 AM
divine (sgamer) said in that map 1-16-2021, 10:12:24 AM
divine (sgamer) said o 1-16-2021, 10:14:37 AM
divine (sgamer) said ha 1-16-2021, 10:17:10 AM
divine (sgamer) said zalp 1-16-2021, 10:17:44 AM
divine (sgamer) said o lag 1-16-2021, 10:19:38 AM
divine (sgamer) said tell 1-16-2021, 10:29:59 AM
divine (sgamer) said chelnge 1-16-2021, 10:30:36 AM
divine (sgamer) said o 1-16-2021, 10:33:08 AM
divine (sgamer) said a 1-16-2021, 10:37:43 AM
divine (sgamer) said aaa 1-16-2021, 10:38:22 AM
divine (sgamer) said bro  mujhe aatatha na  to  may tumko sikhatatha 1-16-2021, 10:38:53 AM
divine (sgamer) said bye chance 1-16-2021, 10:39:16 AM
divine (sgamer) said hi 1-16-2021, 10:39:23 AM
divine (sgamer) said my friends asking   1-16-2021, 10:39:46 AM
divine (sgamer) said how to  complite   1-16-2021, 10:39:58 AM
divine (sgamer) said aha 1-16-2021, 10:40:06 AM
divine (sgamer) said aha 1-16-2021, 10:49:42 AM
divine (sgamer) said o 1-16-2021, 10:52:26 AM
divine (sgamer) said ah 1-16-2021, 10:53:09 AM
divine (sgamer) said hiii 1-16-2021, 10:54:27 AM
divine (sgamer) said ha 1-16-2021, 10:54:43 AM
divine (sgamer) said yes 1-16-2021, 10:55:38 AM
divine (sgamer) said aha 1-16-2021, 11:02:23 AM
divine (sgamer) said o\ 1-16-2021, 11:02:38 AM
divine (sgamer) said dont cancel. 1-16-2021, 11:03:22 AM
divine (sgamer) said prashant  1-16-2021, 11:03:31 AM
divine (sgamer) said o 1-16-2021, 11:03:45 AM
divine (sgamer) said o 1-16-2021, 11:05:06 AM
divine (sgamer) said give him plz? 1-16-2021, 11:05:28 AM
divine (sgamer) said ha 1-16-2021, 11:05:35 AM
divine (sgamer) said ha 1-16-2021, 11:08:23 AM
divine (sgamer) said ha 1-16-2021, 11:11:09 AM
divine (sgamer) said aaaa 1-16-2021, 11:16:37 AM
divine (sgamer) said brb  1-16-2021, 11:16:47 AM
divine (sgamer) said a war invite, the player sgamer invites you to fight him, will you be able to defeat him, well go to main map! 1-16-2021, 12:40:38 PM
divine (sgamer) said no lag 1-16-2021, 12:48:50 PM
divine (sgamer) said a war invite, the player sgamer invites you to fight him, will you be able to defeat him, well go to main map! 1-16-2021, 12:50:38 PM
divine (sgamer) said gangsters  corporal divine: a war invite, the player sgamer invites you to fight him, will you be able to defeat him, well go to main map! 1-16-2021, 12:50:58 PM
divine (sgamer) said gangsters  corporal divine: gangsters  corporal divine: a war invite, the player sgamer invites you to fight him, will you be able to defeat him, well go to main map! 1-16-2021, 12:51:11 PM
divine (sgamer) said gangsters  corporal divine: gangsters  corporal divine: gangsters  corporal divine: a war invite, the player sgamer invites you to fight him, will you be able to defeat him, well go to main map! 1-16-2021, 12:51:31 PM
divine (sgamer) said ha 1-16-2021, 12:55:24 PM
divine (sgamer) said brb all 1-16-2021, 1:30:52 PM
divine (sgamer) said a 1-16-2021, 1:38:01 PM
divine (sgamer) said ha 1-16-2021, 1:50:49 PM
divine (sgamer) said ha 1-16-2021, 1:51:26 PM
divine (sgamer) said current location: the bottom of the zeroth river 1-16-2021, 2:10:27 PM
divine (sgamer) said that won't work, jerk! 1-16-2021, 2:20:39 PM
divine (sgamer) said hi 1-16-2021, 2:23:26 PM
divine (sgamer) said fine 1-16-2021, 2:23:48 PM
divine (sgamer) said ok 1-16-2021, 2:24:05 PM
divine (sgamer) said come 1-16-2021, 2:24:31 PM
divine (sgamer) said o 1-16-2021, 2:24:46 PM
divine (sgamer) said current location: zalp 1-16-2021, 2:28:07 PM
divine (sgamer) said wait 1-16-2021, 2:28:49 PM
divine (sgamer) said ok 1-16-2021, 2:34:08 PM
divine (sgamer) said where i find that  tell 1-16-2021, 4:16:05 PM
divine (sgamer) said o 1-16-2021, 4:16:20 PM
divine (sgamer) said o 1-16-2021, 4:16:21 PM
divine (sgamer) said o 1-16-2021, 4:16:22 PM
divine (sgamer) said message of the day:  you can get a storm sniper, and the legendary sword by finish the dangerous place challenge this is at 5 5 0 in challenge maps, and dont ask game staff to give items, we will not do this!
afk area has been added! you can find in at 15 15 0 in the store!
welcome to the killer! we hope you like the game, and we advise you to invite your friends! good luck and enjoy!
 link for the game below!
http://darkserver.ru/tk2/tk.zip 1-16-2021, 4:18:37 PM
divine (sgamer) said a 1-16-2021, 4:20:17 PM
divine (sgamer) said hi i i 1-16-2021, 4:24:29 PM
divine (sgamer) said haha hi 1-16-2021, 4:27:28 PM
divine (sgamer) said aaaa? 1-16-2021, 4:34:40 PM
divine (sgamer) said aha welcome back to the gangsters team! 1-16-2021, 4:36:08 PM
divine (sgamer) said aha 1-16-2021, 4:36:46 PM
divine (sgamer) said ha 1-16-2021, 4:38:46 PM
divine (sgamer) said i don't think that would be such a good idea 1-16-2021, 4:39:35 PM
divine (sgamer) said a 1-16-2021, 4:40:04 PM
divine (sgamer) said a 1-16-2021, 4:40:05 PM
divine (sgamer) said a 1-16-2021, 4:40:05 PM
divine (sgamer) said hello 1-16-2021, 4:42:21 PM
divine (sgamer) said aha nice there are currently 12 players online. leaders  franklin (franklin) with 810 deaths and 1110 kills, bestkiller  stepman (stepman) with 590 deaths and 332 kills,  krokodailtop ( krokodailtop) with 715 deaths and 56 kills,  elijah ( elijah) with 0 deaths and 0 kills,  abid ( abid) with 23 deaths and 0 kills,  fabian ( fabian) with 1 deaths and 1 kills, gangsters  superfighter (superfighter) with 40 deaths and 1 kills,  kaunghtet ( kaunghtet) with 0 deaths and 0 kills,  alfik ( alfik) with 86 deaths and 7 kills,  vinni ( vinni) with 0 deaths and 0 kills, leaders developer nikita-k (nikita-k) with 1053 deaths and 1139 kills, and gangsters  divine (sgamer) with 161 deaths and 67 kills. 1-16-2021, 6:21:37 PM
divine (sgamer) said hi 1-16-2021, 6:21:40 PM
divine (sgamer) said hi bro 1-16-2021, 6:21:50 PM
divine (sgamer) said fine 1-16-2021, 6:21:55 PM
divine (sgamer) said alija come to stor 1-16-2021, 6:22:16 PM
divine (sgamer) said ok man 1-16-2021, 6:22:34 PM
divine (sgamer) said ha 1-16-2021, 6:22:36 PM
divine (sgamer) said ha 1-16-2021, 6:24:14 PM
divine (sgamer) said nice t q 1-16-2021, 6:24:17 PM
divine (sgamer) said tell 1-16-2021, 6:26:38 PM
divine (sgamer) said tell bro 1-16-2021, 6:26:45 PM
divine (sgamer) said tell 1-16-2021, 6:26:55 PM
divine (sgamer) said o 1-16-2021, 6:27:01 PM
divine (sgamer) said ha 1-16-2021, 7:08:06 PM
divine (sgamer) said o 1-16-2021, 7:23:55 PM