
roflgamer (blindgamers14) sent /t hey 1-21-2021, 8:02:23 AM
roflgamer (blindgamers14) sent /members 1-21-2021, 8:02:26 AM
roflgamer (blindgamers14) sent /t it says rice or desend 1-21-2021, 8:03:01 AM
roflgamer (blindgamers14) sent /lchat hey 1-21-2021, 8:03:34 AM
roflgamer (blindgamers14) sent /suicide 1-21-2021, 8:04:06 AM
roflgamer (blindgamers14) sent /t do what the computer says 1-21-2021, 8:04:34 AM
roflgamer (blindgamers14) sent /t go up 1-21-2021, 8:05:44 AM
roflgamer (blindgamers14) sent /t roflgamer team coms: go up 1-21-2021, 8:06:02 AM
roflgamer (blindgamers14) sent /t i lso 1-21-2021, 8:06:18 AM
roflgamer (blindgamers14) sent /t this stuck make lag 1-21-2021, 8:06:23 AM
roflgamer (blindgamers14) sent /admins 1-21-2021, 8:06:33 AM
roflgamer (blindgamers14) sent /t dont kno 1-21-2021, 8:06:52 AM
roflgamer (blindgamers14) sent /t yay, tw is working 1-21-2021, 8:07:35 AM
roflgamer (blindgamers14) sent /t give me some 1-21-2021, 8:08:11 AM
roflgamer (blindgamers14) sent /t it for poizen player 1-21-2021, 8:08:18 AM
roflgamer (blindgamers14) sent /teams 1-21-2021, 8:08:21 AM
roflgamer (blindgamers14) sent /t o k 1-21-2021, 8:08:58 AM
roflgamer (blindgamers14) sent /t but how do you go to my coordinats 1-21-2021, 8:09:07 AM
roflgamer (blindgamers14) sent /lchat slightly behind and far off to the left (268 tiles away)  in to go to the boxing ring, press enter at 30, 30, 0 1-21-2021, 8:09:17 AM
roflgamer (blindgamers14) sent /t can you auction cencosif grenade 1-21-2021, 8:09:40 AM
roflgamer (blindgamers14) sent /t concesif grenade 1-21-2021, 8:09:51 AM
roflgamer (blindgamers14) sent /t shift space on that item 1-21-2021, 8:10:07 AM
roflgamer (blindgamers14) sent /t  u u  1-21-2021, 8:10:29 AM
roflgamer (blindgamers14) sent /bid 33 1-21-2021, 8:10:49 AM
roflgamer (blindgamers14) sent /cancelauction 1-21-2021, 8:10:58 AM
roflgamer (blindgamers14) sent /t explosif store? 1-21-2021, 8:11:19 AM
roflgamer (blindgamers14) sent /t oh forget it 1-21-2021, 8:11:54 AM
roflgamer (blindgamers14) sent /bid 10102 1-21-2021, 10:50:40 AM
roflgamer (blindgamers14) sent /cancelbid y 1-21-2021, 10:50:44 AM
roflgamer (blindgamers14) sent /cancelbid y 1-21-2021, 10:50:47 AM
roflgamer (blindgamers14) sent /r just go up 1-21-2021, 10:51:44 AM
roflgamer (blindgamers14) sent /r i tell you before 1-21-2021, 10:52:14 AM
roflgamer (blindgamers14) sent /r s 1-21-2021, 10:52:25 AM
roflgamer (blindgamers14) sent /r hey hey, do you have gass mask 1-21-2021, 10:52:41 AM
roflgamer (blindgamers14) sent /r auction it, i will return it 1-21-2021, 10:53:12 AM
roflgamer (blindgamers14) sent /r i want suicide with gass mask 1-21-2021, 10:53:20 AM
roflgamer (blindgamers14) sent /r ok 1-21-2021, 10:53:29 AM
roflgamer (blindgamers14) sent /r put up in auciton 1-21-2021, 10:53:34 AM
roflgamer (blindgamers14) sent /r auction 1-21-2021, 10:53:38 AM
roflgamer (blindgamers14) sent /lchat where 1-21-2021, 10:54:06 AM
roflgamer (blindgamers14) sent /bid 20202 1-21-2021, 10:54:19 AM
roflgamer (blindgamers14) sent /r how 1-21-2021, 10:54:37 AM
roflgamer (blindgamers14) sent /r i stuck here 1-21-2021, 10:54:45 AM
roflgamer (blindgamers14) sent /r no 1-21-2021, 10:54:59 AM
roflgamer (blindgamers14) sent /r i need that gass mask to suicide 1-21-2021, 10:55:05 AM
roflgamer (blindgamers14) sent /lchat put up auction 1-21-2021, 10:55:31 AM
roflgamer (blindgamers14) sent /suicide 1-21-2021, 10:55:41 AM
roflgamer (blindgamers14) sent /suicide 1-21-2021, 10:55:47 AM
roflgamer (blindgamers14) sent /r no, not in the store! 1-21-2021, 10:55:49 AM
roflgamer (blindgamers14) sent /r can't 1-21-2021, 10:55:56 AM
roflgamer (blindgamers14) sent /bid 2020201 1-21-2021, 10:56:04 AM
roflgamer (blindgamers14) sent /bid 30302 1-21-2021, 10:56:07 AM
roflgamer (blindgamers14) sent /r you need air! 1-21-2021, 10:56:47 AM
roflgamer (blindgamers14) sent /r where is your team/ 1-21-2021, 10:58:48 AM
roflgamer (blindgamers14) sent /r where 1-21-2021, 10:59:01 AM
roflgamer (blindgamers14) sent /r you join that team? 1-21-2021, 10:59:15 AM
roflgamer (blindgamers14) sent /suicide 1-21-2021, 11:01:19 AM
roflgamer (blindgamers14) sent /suicide 1-21-2021, 11:01:54 AM
roflgamer (blindgamers14) sent /where prashant 1-21-2021, 11:04:19 AM
roflgamer (blindgamers14) sent /where anil 1-21-2021, 11:04:33 AM
roflgamer (blindgamers14) sent /lchat hi 1-21-2021, 11:05:04 AM
roflgamer (blindgamers14) sent /suicide 1-21-2021, 11:08:31 AM
roflgamer (blindgamers14) sent /suicide 1-21-2021, 11:13:26 AM
roflgamer (blindgamers14) sent /suicide 1-21-2021, 11:17:32 AM
roflgamer (blindgamers14) sent /r r 1-21-2021, 11:18:31 AM
roflgamer (blindgamers14) sent /where filips 1-21-2021, 11:21:56 AM
roflgamer (blindgamers14) sent /where killer3000 1-21-2021, 11:22:03 AM
roflgamer (blindgamers14) sent /r hey 1-21-2021, 11:25:22 AM
roflgamer (blindgamers14) sent /where filips 1-21-2021, 11:25:34 AM
roflgamer (blindgamers14) sent /r can i join  1-21-2021, 11:25:47 AM
roflgamer (blindgamers14) sent /r oh 1-21-2021, 11:26:10 AM
roflgamer (blindgamers14) sent /lchat 93939213124 1-21-2021, 11:26:31 AM
roflgamer (blindgamers14) sent /cancelauction 1-21-2021, 11:29:09 AM
roflgamer (blindgamers14) sent /lchat adsfadsf 1-21-2021, 11:29:12 AM
roflgamer (blindgamers14) sent /r k 1-21-2021, 11:29:30 AM
roflgamer (blindgamers14) sent /jointeam masters killer21 1-21-2021, 11:29:53 AM
roflgamer (blindgamers14) sent /t i 1-21-2021, 11:30:48 AM
roflgamer (blindgamers14) sent /t sgamer 1-21-2021, 11:31:46 AM
roflgamer (blindgamers14) sent /t alskdjfl 1-21-2021, 11:31:48 AM
roflgamer (blindgamers14) sent /lchat kk 1-21-2021, 11:32:40 AM
roflgamer (blindgamers14) sent /lchat this hand cannon cool 1-21-2021, 11:33:35 AM
roflgamer (blindgamers14) sent /lchat give me kills 1-21-2021, 11:34:15 AM
roflgamer (blindgamers14) sent /t no ah 1-21-2021, 11:36:07 AM
roflgamer (blindgamers14) sent /t what ist aht 1-21-2021, 11:40:36 AM
roflgamer (blindgamers14) sent /t hey come kill this 1-21-2021, 11:42:18 AM
roflgamer (blindgamers14) sent /where bolgelo 1-21-2021, 11:47:36 AM
roflgamer (blindgamers14) sent /lchat roflroflroflrofl 1-21-2021, 11:49:19 AM
roflgamer (blindgamers14) sent /lchat give me beer 1-21-2021, 11:49:31 AM
roflgamer (blindgamers14) sent /lchat where 1-21-2021, 11:49:44 AM
roflgamer (blindgamers14) sent /lchat give my coin 1-21-2021, 11:52:00 AM
roflgamer (blindgamers14) sent /lchat laksjdflkf 1-21-2021, 11:52:32 AM
roflgamer (blindgamers14) sent /lchat thx 1-21-2021, 11:52:41 AM
roflgamer (blindgamers14) sent /lchat haha 1-21-2021, 11:53:34 AM
roflgamer (blindgamers14) sent /lchat my beer 1-21-2021, 11:54:10 AM
roflgamer (blindgamers14) sent /lchat you're already pretty drunk! 1-21-2021, 11:54:36 AM
roflgamer (blindgamers14) sent /lchat coin 1-21-2021, 11:54:56 AM
roflgamer (blindgamers14) sent /lchat fall 1-21-2021, 11:55:36 AM
roflgamer (blindgamers14) sent /reboot 1-21-2021, 11:55:51 AM
roflgamer (blindgamers14) sent /lchat oi stop 1-21-2021, 11:57:29 AM
roflgamer (blindgamers14) sent /lchat haha 1-21-2021, 11:57:53 AM
roflgamer (blindgamers14) sent /lchat die die 1-21-2021, 11:58:18 AM
roflgamer (blindgamers14) sent /lchat die die 1-21-2021, 12:00:34 PM
roflgamer (blindgamers14) sent /gnsubmit 22 1-21-2021, 12:01:23 PM
roflgamer (blindgamers14) sent /t uh 1-21-2021, 12:02:47 PM
roflgamer (blindgamers14) sent /members 1-21-2021, 12:05:51 PM
roflgamer (blindgamers14) sent /t get them 1-21-2021, 12:06:08 PM
roflgamer (blindgamers14) sent /t hi 1-21-2021, 12:06:15 PM
roflgamer (blindgamers14) sent /t dont rpg 1-21-2021, 12:08:21 PM
roflgamer (blindgamers14) sent /t dont use rpg 1-21-2021, 12:08:33 PM
roflgamer (blindgamers14) sent /t use hand cannon instead 1-21-2021, 12:09:01 PM
roflgamer (blindgamers14) sent /bestplayer 1-21-2021, 12:09:44 PM
roflgamer (blindgamers14) sent /lchat dont rocket 1-21-2021, 12:10:06 PM
roflgamer (blindgamers14) sent /t come 1-21-2021, 12:11:16 PM
roflgamer (blindgamers14) sent /t kill that guy 1-21-2021, 12:12:27 PM
roflgamer (blindgamers14) sent /t roofl 1-21-2021, 12:15:49 PM
roflgamer (blindgamers14) sent /t here it coming 1-21-2021, 12:15:54 PM
roflgamer (blindgamers14) sent /t get ready 1-21-2021, 12:16:17 PM
roflgamer (blindgamers14) sent /rawmap 1-21-2021, 12:17:09 PM
roflgamer (blindgamers14) sent /gnstart 1-21-2021, 12:17:24 PM
roflgamer (blindgamers14) sent /where rathee 1-21-2021, 12:19:47 PM
roflgamer (blindgamers14) sent /t enter 1-21-2021, 12:19:51 PM
roflgamer (blindgamers14) sent /members 1-21-2021, 12:21:56 PM
roflgamer (blindgamers14) sent /where rathee 1-21-2021, 12:22:23 PM
roflgamer (blindgamers14) sent /t i want rpg 1-21-2021, 12:23:08 PM
roflgamer (blindgamers14) sent /t give me rpg 1-21-2021, 12:23:27 PM
roflgamer (blindgamers14) sent /lchat tell me if someone come 1-21-2021, 12:25:06 PM
roflgamer (blindgamers14) sent /lchat i will shoot them 1-21-2021, 12:25:23 PM
roflgamer (blindgamers14) sent /lchat dont rpg 1-21-2021, 12:26:30 PM
roflgamer (blindgamers14) sent /t haha 1-21-2021, 12:26:57 PM
roflgamer (blindgamers14) sent /t nice bro 1-21-2021, 12:27:00 PM
roflgamer (blindgamers14) sent /t what 1-21-2021, 12:27:41 PM
roflgamer (blindgamers14) sent /t where is that 1-21-2021, 12:28:58 PM
roflgamer (blindgamers14) sent /t southwest 1-21-2021, 12:32:44 PM
roflgamer (blindgamers14) sent /lchat what 1-21-2021, 12:32:49 PM
roflgamer (blindgamers14) sent /lchat let me kill 1-21-2021, 12:33:30 PM
roflgamer (blindgamers14) sent /t oi let me kill ones 1-21-2021, 12:33:50 PM
roflgamer (blindgamers14) sent /t fase southwest guys 1-21-2021, 12:37:36 PM
roflgamer (blindgamers14) sent /lchat he's not come again 1-21-2021, 12:40:07 PM
roflgamer (blindgamers14) sent /lchat give me fight infiter 1-21-2021, 12:40:29 PM
roflgamer (blindgamers14) sent /lchat inviter 1-21-2021, 12:40:34 PM
roflgamer (blindgamers14) sent /lchat pls ive me 1 1-21-2021, 12:40:46 PM
roflgamer (blindgamers14) sent /t where 1-21-2021, 12:41:52 PM
roflgamer (blindgamers14) sent /t where 1-21-2021, 12:44:07 PM
roflgamer (blindgamers14) sent /t help what 1-21-2021, 12:47:18 PM
roflgamer (blindgamers14) sent /t why 1-21-2021, 12:48:41 PM
roflgamer (blindgamers14) sent /lchat give now now now now 1-21-2021, 12:50:20 PM
roflgamer (blindgamers14) sent /lchat no ah 1-21-2021, 12:50:35 PM
roflgamer (blindgamers14) sent /lchat sbyw 1-21-2021, 12:50:41 PM
roflgamer (blindgamers14) sent /lchat ok 1-21-2021, 12:50:43 PM
roflgamer (blindgamers14) sent /lchat i dont have 1-21-2021, 12:51:15 PM
roflgamer (blindgamers14) sent /lchat its me 1-21-2021, 12:53:28 PM
roflgamer (blindgamers14) sent /members 1-21-2021, 12:54:35 PM
roflgamer (blindgamers14) sent /lchat what 1-21-2021, 12:56:24 PM
roflgamer (blindgamers14) sent /stats blindgamers14 1-21-2021, 12:56:50 PM
roflgamer (blindgamers14) sent /lchat the player blindgamers14 has been playing tk for a total of 10 hours, 35 minutes and 44 seconds, has sent 456 chats, has 139 deaths and 71 kills and 65 level. has unlocked 12 achievements, has a killing accuracy of 34 percent blindgamers14 is part of the masters team. 1-21-2021, 12:56:53 PM
roflgamer (blindgamers14) sent /lchat launch rocket 1-21-2021, 12:57:20 PM
roflgamer (blindgamers14) sent /t haha i out 1-21-2021, 12:57:31 PM
roflgamer (blindgamers14) sent /lchat lets buy rocket 1-21-2021, 12:58:04 PM
roflgamer (blindgamers14) sent /lchat ehh 1-21-2021, 12:58:21 PM
roflgamer (blindgamers14) sent /t 1 rocket_launcher purchased 1-21-2021, 12:58:45 PM
roflgamer (blindgamers14) sent /t ehh 1-21-2021, 1:00:38 PM
roflgamer (blindgamers14) sent /t come distroy my tank 1-21-2021, 1:01:04 PM
roflgamer (blindgamers14) sent /t come 1-21-2021, 1:01:17 PM
roflgamer (blindgamers14) sent /t distroy the tank 1-21-2021, 1:01:34 PM
roflgamer (blindgamers14) sent /t with rocket 1-21-2021, 1:01:56 PM
roflgamer (blindgamers14) sent /t launch the rocket 1-21-2021, 1:02:03 PM
roflgamer (blindgamers14) sent /t your tank has 339076 health, and 96.6% fuel. last hit by sgamer's rocket 1-21-2021, 1:02:21 PM
roflgamer (blindgamers14) sent /t alert: sgamer completed the achievement killed somebody in a tank! 1-21-2021, 1:02:42 PM
roflgamer (blindgamers14) sent /members 1-21-2021, 1:08:47 PM
roflgamer (blindgamers14) sent /shteam set 1-21-2021, 1:09:36 PM
roflgamer (blindgamers14) sent /shteam remove 1-21-2021, 1:09:40 PM
roflgamer (blindgamers14) sent /shteam set 1-21-2021, 1:09:45 PM
roflgamer (blindgamers14) sent /shteam remove 1-21-2021, 1:10:32 PM
roflgamer (blindgamers14) sent /build 1-21-2021, 1:10:55 PM
roflgamer (blindgamers14) sent /reboot 1-21-2021, 1:10:57 PM
roflgamer (blindgamers14) sent /gnstart 1-21-2021, 1:11:03 PM
roflgamer (blindgamers14) sent /gnsubmit 323 1-21-2021, 1:11:34 PM
roflgamer (blindgamers14) sent /gnsubmit 2 1-21-2021, 1:11:37 PM
roflgamer (blindgamers14) sent /chars 1-21-2021, 1:11:49 PM
roflgamer (blindgamers14) sent /chars 1-21-2021, 1:11:59 PM
roflgamer (blindgamers14) sent /chars 1-21-2021, 1:12:18 PM
roflgamer (blindgamers14) sent /chars 1-21-2021, 1:12:56 PM
roflgamer (blindgamers14) sent /changemap blindgamers14 store 1-21-2021, 1:13:13 PM
roflgamer (blindgamers14) sent /updat 1-21-2021, 1:13:18 PM
roflgamer (blindgamers14) sent /update 1-21-2021, 1:13:20 PM
roflgamer (blindgamers14) sent /where tsunami 1-21-2021, 1:13:53 PM
roflgamer (blindgamers14) sent /shadd salman 1-21-2021, 1:17:43 PM
roflgamer (blindgamers14) sent /shadd killerboy 1-21-2021, 1:17:51 PM
roflgamer (blindgamers14) sent /lchat find it? 1-21-2021, 1:20:37 PM
roflgamer (blindgamers14) sent /myshelters 1-21-2021, 1:21:11 PM
roflgamer (blindgamers14) sent /lchat just put coin on it 1-21-2021, 1:22:30 PM
roflgamer (blindgamers14) sent /lchat what are you doing 1-21-2021, 1:22:56 PM
roflgamer (blindgamers14) sent /lchat open it 1-21-2021, 1:24:05 PM
roflgamer (blindgamers14) sent /lchat aha 1-21-2021, 1:24:28 PM
roflgamer (blindgamers14) sent /lchat hey 1-21-2021, 1:28:02 PM
roflgamer (blindgamers14) sent /gnsubmit 22 1-21-2021, 1:30:08 PM
roflgamer (blindgamers14) sent /gnsubmit 1-21-2021, 1:30:11 PM
roflgamer (blindgamers14) sent /gnstart 1-21-2021, 1:30:14 PM
roflgamer (blindgamers14) sent /chars 1-21-2021, 1:30:25 PM
roflgamer (blindgamers14) sent /suicide 1-21-2021, 1:31:28 PM
roflgamer (blindgamers14) sent /lchat uh 1-21-2021, 1:33:34 PM
roflgamer (blindgamers14) sent /t i out of tk ultra health potion 1-21-2021, 1:36:50 PM
roflgamer (blindgamers14) sent /t where 1-21-2021, 1:38:13 PM
roflgamer (blindgamers14) sent /lchat \\ 1-21-2021, 1:43:13 PM
roflgamer (blindgamers14) sent /shteam set 1-21-2021, 1:46:46 PM
roflgamer (blindgamers14) sent /t making shelter 1-21-2021, 1:47:30 PM
roflgamer (blindgamers14) sent /t main 1-21-2021, 1:48:10 PM
roflgamer (blindgamers14) sent /t blindgamers14 is a developer of the killer! 1-21-2021, 1:48:14 PM
roflgamer (blindgamers14) sent /t my tk 1-21-2021, 1:48:31 PM
roflgamer (blindgamers14) sent /t i want host my own tk 1-21-2021, 1:48:55 PM
roflgamer (blindgamers14) sent /t now just search for server 1-21-2021, 1:49:15 PM
roflgamer (blindgamers14) sent /lchat wait ou' 1-21-2021, 1:50:24 PM
roflgamer (blindgamers14) sent /lchat hahahahaha 1-21-2021, 1:50:54 PM
roflgamer (blindgamers14) sent /lchat why 1-21-2021, 1:51:13 PM
roflgamer (blindgamers14) sent /lchat o k 1-21-2021, 1:51:39 PM
roflgamer (blindgamers14) sent /lchat where 1-21-2021, 1:51:58 PM
roflgamer (blindgamers14) sent /lchat yeah 1-21-2021, 1:52:14 PM
roflgamer (blindgamers14) sent /where teja 1-21-2021, 1:52:24 PM
roflgamer (blindgamers14) sent /lchat cave 1-21-2021, 1:52:27 PM
roflgamer (blindgamers14) sent /lchat haha 1-21-2021, 1:52:38 PM
roflgamer (blindgamers14) sent /where teja 1-21-2021, 1:54:21 PM
roflgamer (blindgamers14) sent /t who,s leave 1-21-2021, 1:55:09 PM
roflgamer (blindgamers14) sent /t teja left the team! 1-21-2021, 1:55:28 PM
roflgamer (blindgamers14) sent /lchat yes/ 1-21-2021, 1:56:10 PM
roflgamer (blindgamers14) sent /lchat k 1-21-2021, 1:56:21 PM
roflgamer (blindgamers14) sent /members 1-21-2021, 1:57:05 PM
roflgamer (blindgamers14) sent /lchat whre 1-21-2021, 1:58:15 PM
roflgamer (blindgamers14) sent /lchat what to do here 1-21-2021, 2:03:41 PM
roflgamer (blindgamers14) sent /lchat current location: entrance to the toilet 1-21-2021, 2:05:00 PM
roflgamer (blindgamers14) sent /lchat you have 0 air. this should last you about no time at all 1-21-2021, 2:05:11 PM
roflgamer (blindgamers14) sent /lchat i dont have 1-21-2021, 2:06:15 PM
roflgamer (blindgamers14) sent /lchat pizen drink 1-21-2021, 2:07:43 PM
roflgamer (blindgamers14) sent /t wait 1-21-2021, 2:08:13 PM
roflgamer (blindgamers14) sent /r wher 1-21-2021, 2:08:58 PM
roflgamer (blindgamers14) sent /r where 1-21-2021, 2:09:01 PM
roflgamer (blindgamers14) sent /r i have some 1-21-2021, 2:09:31 PM
roflgamer (blindgamers14) sent /r you have 144 air. this should last you about 8 minutes and 24 seconds 1-21-2021, 2:09:55 PM
roflgamer (blindgamers14) sent /lchat hey 1-21-2021, 2:11:07 PM
roflgamer (blindgamers14) sent /t whe eare yyou guys 1-21-2021, 2:11:14 PM
roflgamer (blindgamers14) sent /r j 1-21-2021, 2:16:22 PM
roflgamer (blindgamers14) sent /r i dont have again 1-21-2021, 2:16:38 PM
roflgamer (blindgamers14) sent /lchat you have 3 of 3 ammo in your hand_cannon, and you have 622 bullets remaining 1-21-2021, 2:19:59 PM
roflgamer (blindgamers14) sent /lchat it not hit you 1-21-2021, 2:20:47 PM
roflgamer (blindgamers14) sent /where vinni 1-21-2021, 2:21:00 PM
roflgamer (blindgamers14) sent /lchat o k 1-21-2021, 2:21:19 PM
roflgamer (blindgamers14) sent /lchat hand cannon? 1-21-2021, 2:21:37 PM
roflgamer (blindgamers14) sent /lchat pipebomb 1-21-2021, 2:22:24 PM
roflgamer (blindgamers14) sent /lchat yes? 1-21-2021, 2:22:30 PM
roflgamer (blindgamers14) sent /lchat dont have 1-21-2021, 2:22:41 PM
roflgamer (blindgamers14) sent /afk 1-21-2021, 2:22:56 PM
roflgamer (blindgamers14) sent /bid 2020 1-21-2021, 2:23:04 PM
roflgamer (blindgamers14) sent /where vinni 1-21-2021, 2:23:12 PM
roflgamer (blindgamers14) sent /suicide 1-21-2021, 2:23:18 PM
roflgamer (blindgamers14) sent /lchat ah 1-21-2021, 2:23:34 PM
roflgamer (blindgamers14) sent /where vinni 1-21-2021, 2:23:55 PM
roflgamer (blindgamers14) sent /lchat ha! 1-21-2021, 2:24:24 PM
roflgamer (blindgamers14) sent /lchat die 1-21-2021, 2:24:57 PM
roflgamer (blindgamers14) sent /where vinni 1-21-2021, 2:25:36 PM
roflgamer (blindgamers14) sent /where vinni 1-21-2021, 2:26:08 PM
roflgamer (blindgamers14) sent /lchat hand cannon 1-21-2021, 2:26:27 PM
roflgamer (blindgamers14) sent /t stuck 1-21-2021, 2:27:15 PM
roflgamer (blindgamers14) sent /members 1-21-2021, 2:27:18 PM
roflgamer (blindgamers14) sent /where teja 1-21-2021, 2:28:46 PM
roflgamer (blindgamers14) sent /t get cannon? 1-21-2021, 2:29:33 PM
roflgamer (blindgamers14) sent /suicide 1-21-2021, 2:30:12 PM
roflgamer (blindgamers14) sent /t you have 50 air. this should last you about 2 minutes and 55 seconds 1-21-2021, 2:32:42 PM
roflgamer (blindgamers14) sent /t you have 25 air. this should last you about 1 minute and 27 seconds 1-21-2021, 2:34:13 PM
roflgamer (blindgamers14) sent /t you have 3 air. this should last you about 10 seconds 1-21-2021, 2:35:24 PM
roflgamer (blindgamers14) sent /t you need air! 1-21-2021, 2:35:43 PM
roflgamer (blindgamers14) sent /chars 1-21-2021, 2:37:28 PM
roflgamer (blindgamers14) sent /storehint 1-21-2021, 2:41:17 PM
roflgamer (blindgamers14) sent /lchat hi 1-21-2021, 2:43:59 PM
roflgamer (blindgamers14) sent /t you need to breathe! 1-21-2021, 2:45:10 PM
roflgamer (blindgamers14) sent /t give me air 1-21-2021, 2:45:53 PM
roflgamer (blindgamers14) sent /where sgamer 1-21-2021, 3:15:04 PM
roflgamer (blindgamers14) sent /suicide 1-21-2021, 3:15:07 PM
roflgamer (blindgamers14) sent /lchat old main 1-21-2021, 3:15:16 PM
roflgamer (blindgamers14) sent /lchat yo 1-21-2021, 3:15:35 PM
roflgamer (blindgamers14) sent /lchat why 1-21-2021, 3:15:49 PM
roflgamer (blindgamers14) sent /lchat k but 1-21-2021, 3:16:05 PM
roflgamer (blindgamers14) sent /where teja 1-21-2021, 3:16:40 PM
roflgamer (blindgamers14) sent /shelters 1-21-2021, 3:16:51 PM
roflgamer (blindgamers14) sent /where sgamer 1-21-2021, 3:17:07 PM
roflgamer (blindgamers14) sent /suicide 1-21-2021, 3:17:12 PM
roflgamer (blindgamers14) sent /suicide 1-21-2021, 3:17:18 PM
roflgamer (blindgamers14) sent /t ok 1-21-2021, 3:18:25 PM
roflgamer (blindgamers14) sent /lchat tell what 1-21-2021, 3:19:07 PM
roflgamer (blindgamers14) sent /lchat how 1-21-2021, 3:19:35 PM
roflgamer (blindgamers14) sent /lchat how 1-21-2021, 3:21:13 PM
roflgamer (blindgamers14) sent /lchat ok 1-21-2021, 3:21:15 PM
roflgamer (blindgamers14) sent /lchat but dont attack you 1-21-2021, 3:21:20 PM
roflgamer (blindgamers14) sent /lchat what is that click sound 1-21-2021, 3:21:43 PM
roflgamer (blindgamers14) sent /lchat ehh 1-21-2021, 3:21:47 PM
roflgamer (blindgamers14) sent /lchat why you out 1-21-2021, 3:21:51 PM
roflgamer (blindgamers14) sent /lchat give me controler 1-21-2021, 3:22:00 PM
roflgamer (blindgamers14) sent /lchat what the heck 1-21-2021, 3:22:39 PM
roflgamer (blindgamers14) sent /lchat let me distroy it 1-21-2021, 3:22:54 PM
roflgamer (blindgamers14) sent /lchat how 1-21-2021, 3:23:08 PM
roflgamer (blindgamers14) sent /lchat your armored_tank has 901324 health, and 91.9% fuel. last hit by sgamer's gauss 1-21-2021, 3:24:14 PM
roflgamer (blindgamers14) sent /lchat what 1-21-2021, 3:24:29 PM
roflgamer (blindgamers14) sent /lchat k 1-21-2021, 3:24:37 PM
roflgamer (blindgamers14) sent /lchat go die robot 1-21-2021, 3:25:22 PM
roflgamer (blindgamers14) sent /lchat your armored_tank has 674307 health, and 89.9% fuel. last hit by sgamer's gauss 1-21-2021, 3:25:53 PM
roflgamer (blindgamers14) sent /lchat fire 1-21-2021, 3:26:52 PM
roflgamer (blindgamers14) sent /lchat you need a toolbox to begin this operation! 1-21-2021, 3:27:04 PM
roflgamer (blindgamers14) sent /lchat give me toolbox 1-21-2021, 3:27:08 PM
roflgamer (blindgamers14) sent /lchat thx 1-21-2021, 3:27:45 PM
roflgamer (blindgamers14) sent /lchat you need at least 100 metal to repair a armored tank. 1-21-2021, 3:27:55 PM
roflgamer (blindgamers14) sent /lchat ned metal 1-21-2021, 3:28:05 PM
roflgamer (blindgamers14) sent /lchat spacebar 1-21-2021, 3:29:04 PM
roflgamer (blindgamers14) sent /lchat happy flying 1-21-2021, 3:30:04 PM
roflgamer (blindgamers14) sent /lchat how 1-21-2021, 3:30:19 PM
roflgamer (blindgamers14) sent /lchat who's fly 1-21-2021, 3:30:37 PM
roflgamer (blindgamers14) sent /lchat waha 1-21-2021, 3:30:46 PM
roflgamer (blindgamers14) sent /lchat no wait 1-21-2021, 3:31:00 PM
roflgamer (blindgamers14) sent /lchat dont armer tank 1-21-2021, 3:31:03 PM
roflgamer (blindgamers14) sent /lchat o k 1-21-2021, 3:31:14 PM
roflgamer (blindgamers14) sent /lchat what is that wepont 1-21-2021, 3:31:49 PM
roflgamer (blindgamers14) sent /lchat k 1-21-2021, 3:32:05 PM
roflgamer (blindgamers14) sent /lchat what is that 1-21-2021, 3:32:16 PM
roflgamer (blindgamers14) sent /lchat gp? 1-21-2021, 3:32:21 PM
roflgamer (blindgamers14) sent /lchat your armored_tank has 446460 health, and 82.8% fuel. last hit by sgamer's gp 1-21-2021, 3:32:26 PM
roflgamer (blindgamers14) sent /t wah 1-21-2021, 3:34:15 PM
roflgamer (blindgamers14) sent /lchat aha 1-21-2021, 3:50:14 PM
roflgamer (blindgamers14) sent /t suicide_bomb deployed at 2, 2, 2 1-21-2021, 3:52:34 PM
roflgamer (blindgamers14) sent /bestplayer 1-21-2021, 3:52:45 PM
roflgamer (blindgamers14) sent /lchat hi 1-21-2021, 3:54:24 PM
roflgamer (blindgamers14) sent /lchat noone come to fight 1-21-2021, 3:54:39 PM
roflgamer (blindgamers14) sent /lchat a mouse, health 500, damage 500 1000, distance 5, speed time 400, is slightly in front and a fair distance off to the right, 40 feet away. 1-21-2021, 3:56:04 PM
roflgamer (blindgamers14) sent /lchat give me kills 1-21-2021, 3:56:39 PM
roflgamer (blindgamers14) sent /lchat i need tk potion 1-21-2021, 4:00:01 PM
roflgamer (blindgamers14) sent /t please give me tk ultra health bpotion 1-21-2021, 4:00:12 PM
roflgamer (blindgamers14) sent /lchat thx 1-21-2021, 4:00:42 PM
roflgamer (blindgamers14) sent /t lets go go go go 1-21-2021, 4:00:51 PM
roflgamer (blindgamers14) sent /t woops 1-21-2021, 4:01:56 PM
roflgamer (blindgamers14) sent /lchat dont kno  1-21-2021, 4:02:03 PM
roflgamer (blindgamers14) sent /lchat where to get storm sniper 1-21-2021, 4:03:32 PM
roflgamer (blindgamers14) sent /lchat this map is fun 1-21-2021, 4:09:03 PM
roflgamer (blindgamers14) sent /t o k  1-21-2021, 4:11:42 PM
roflgamer (blindgamers14) sent /t i will use cannon instead 1-21-2021, 4:11:53 PM
roflgamer (blindgamers14) sent /t kk 1-21-2021, 4:13:21 PM
roflgamer (blindgamers14) sent /t dead gorilla 1-21-2021, 4:16:21 PM
roflgamer (blindgamers14) sent /t go 1-21-2021, 4:20:04 PM
roflgamer (blindgamers14) sent /t kill hem 1-21-2021, 4:20:07 PM
roflgamer (blindgamers14) sent /t we need player to kill 1-21-2021, 4:22:02 PM
roflgamer (blindgamers14) sent /teams 1-21-2021, 4:22:08 PM
roflgamer (blindgamers14) sent /t that robots not giving team points 1-21-2021, 4:22:35 PM
roflgamer (blindgamers14) sent /t tt/ 1-21-2021, 4:23:16 PM
roflgamer (blindgamers14) sent /t k 1-21-2021, 4:23:24 PM
roflgamer (blindgamers14) sent /t but i dont have it 1-21-2021, 4:23:39 PM
roflgamer (blindgamers14) sent /t it lost somewhere 1-21-2021, 4:23:49 PM
roflgamer (blindgamers14) sent /lchat no 1-21-2021, 4:24:26 PM
roflgamer (blindgamers14) sent /lchat dont want get dien 1-21-2021, 4:24:31 PM
roflgamer (blindgamers14) sent /lchat who is that 1-21-2021, 4:25:09 PM
roflgamer (blindgamers14) sent /lchat yo 1-21-2021, 4:25:33 PM
roflgamer (blindgamers14) sent /lchat i ahve 1-21-2021, 4:36:02 PM
roflgamer (blindgamers14) sent /t you have 0 air. this should last you about no time at all 1-21-2021, 4:37:06 PM
roflgamer (blindgamers14) sent /t give me air 1-21-2021, 4:37:16 PM
roflgamer (blindgamers14) sent /t so long loading time 1-21-2021, 4:39:46 PM
roflgamer (blindgamers14) sent /t go 1-21-2021, 4:40:09 PM
roflgamer (blindgamers14) sent /t The killer version 1.99.8.1 (Not Responding) 1-21-2021, 4:43:46 PM
roflgamer (blindgamers14) sent /members 1-21-2021, 4:57:57 PM
roflgamer (blindgamers14) sent /t stupid lag 1-21-2021, 4:59:07 PM
roflgamer (blindgamers14) sent /lchat yay 1-21-2021, 5:04:48 PM
roflgamer (blindgamers14) sent /lchat dont hit 1-21-2021, 5:12:12 PM
roflgamer (blindgamers14) sent /lchat streight in front (199 tiles away)  in main at 268, 95, 0 1-21-2021, 5:12:52 PM
roflgamer (blindgamers14) sent /lchat heh 1-21-2021, 5:13:22 PM
roflgamer (blindgamers14) sent /lchat that hit? 1-21-2021, 5:13:41 PM
roflgamer (blindgamers14) sent /lchat try you 1-21-2021, 5:13:55 PM
roflgamer (blindgamers14) sent /lchat rocket 1-21-2021, 5:13:59 PM
roflgamer (blindgamers14) sent /lchat lol that just flying away 1-21-2021, 5:14:15 PM
roflgamer (blindgamers14) sent /lchat yeah 1-21-2021, 5:14:31 PM
roflgamer (blindgamers14) sent /lchat new target tracked! 1-21-2021, 5:14:46 PM
roflgamer (blindgamers14) sent /lchat kill hem 1-21-2021, 5:14:56 PM
roflgamer (blindgamers14) sent /lchat rofl 1-21-2021, 5:15:49 PM
roflgamer (blindgamers14) sent /lchat that rocket so far 1-21-2021, 5:15:58 PM
roflgamer (blindgamers14) sent /lchat i think 350? 1-21-2021, 5:16:06 PM
roflgamer (blindgamers14) sent /lchat or 250 1-21-2021, 5:16:14 PM
roflgamer (blindgamers14) sent /lchat this rocket can fly over space 1-21-2021, 5:17:01 PM
roflgamer (blindgamers14) sent /lchat yes 1-21-2021, 5:17:24 PM
roflgamer (blindgamers14) sent /lchat WHAT IS THAT 1-21-2021, 5:23:18 PM
roflgamer (blindgamers14) sent /lchat aircraft, 127 1-21-2021, 5:24:13 PM
roflgamer (blindgamers14) sent /where Simba 1-21-2021, 5:24:44 PM
roflgamer (blindgamers14) sent /suicide 1-21-2021, 5:24:47 PM
roflgamer (blindgamers14) sent /where maxi 1-21-2021, 5:25:04 PM
roflgamer (blindgamers14) sent /lchat hi 1-21-2021, 5:25:21 PM
roflgamer (blindgamers14) sent /lchat what are you doin 1-21-2021, 5:25:33 PM
roflgamer (blindgamers14) sent /r rocket launcher 1-21-2021, 5:30:21 PM
roflgamer (blindgamers14) sent /lchat its me 1-21-2021, 5:32:31 PM
roflgamer (blindgamers14) sent /t no 1-21-2021, 5:33:19 PM
roflgamer (blindgamers14) sent /t where is he 1-21-2021, 5:35:39 PM
roflgamer (blindgamers14) sent /t hi 1-21-2021, 5:42:52 PM
roflgamer (blindgamers14) sent /t yes 1-21-2021, 5:43:11 PM
roflgamer (blindgamers14) sent /t but dont mest with rocket 1-21-2021, 5:43:26 PM
roflgamer (blindgamers14) sent /t rocket can hit teamates 1-21-2021, 5:43:36 PM
roflgamer (blindgamers14) sent /lchat hey 1-21-2021, 5:44:38 PM
roflgamer (blindgamers14) sent /t store 1-21-2021, 5:45:43 PM
roflgamer (blindgamers14) sent /where teja 1-21-2021, 5:45:56 PM
roflgamer (blindgamers14) sent /t ok 1-21-2021, 5:46:47 PM
roflgamer (blindgamers14) sent /t no bombs 1-21-2021, 5:46:50 PM
roflgamer (blindgamers14) sent /t admins? 1-21-2021, 5:47:15 PM
roflgamer (blindgamers14) sent /lchat rocket 1-21-2021, 5:48:16 PM
roflgamer (blindgamers14) sent /lchat i using 1-21-2021, 5:48:35 PM
roflgamer (blindgamers14) sent /lchat its me 1-21-2021, 5:49:20 PM
roflgamer (blindgamers14) sent /t he's new 1-21-2021, 5:49:52 PM
roflgamer (blindgamers14) sent /t who 1-21-2021, 5:50:52 PM
roflgamer (blindgamers14) sent /t yes i kno 1-21-2021, 5:51:14 PM
roflgamer (blindgamers14) sent /lchat i also chat on skype 1-21-2021, 5:51:43 PM
roflgamer (blindgamers14) sent /lchat ahah 1-21-2021, 5:51:46 PM
roflgamer (blindgamers14) sent /lchat lets die 1-21-2021, 5:52:45 PM
roflgamer (blindgamers14) sent /t soryr 1-21-2021, 5:52:59 PM
roflgamer (blindgamers14) sent /bid ok 1-21-2021, 5:53:03 PM
roflgamer (blindgamers14) sent /t oik 1-21-2021, 5:53:05 PM
roflgamer (blindgamers14) sent /t now i must go sleep 1-21-2021, 5:53:10 PM
roflgamer (blindgamers14) sent /t sorry sorry 1-21-2021, 5:53:21 PM
roflgamer (blindgamers14) sent /admintell ll's 1-21-2021, 5:53:42 PM
roflgamer (blindgamers14) sent /t huh 1-21-2021, 5:54:03 PM