
stronger logged in. 1-21-2021, 2:46:02 AM
Igrok logged in. 1-21-2021, 5:32:28 AM
Igrok logged in. 1-21-2021, 5:33:09 AM
athee logged in. 1-21-2021, 6:11:47 AM
Ryder1 logged in. 1-21-2021, 6:20:20 AM
Ryder1 logged in. 1-21-2021, 6:22:50 AM
krokodailtop logged in. 1-21-2021, 6:23:18 AM
athee logged in. 1-21-2021, 6:23:27 AM
killer3000 logged in. 1-21-2021, 6:33:33 AM
athee logged in. 1-21-2021, 6:34:35 AM
killer3000 logged in. 1-21-2021, 6:57:35 AM
Igrok logged in. 1-21-2021, 7:11:11 AM
killer3000 logged in. 1-21-2021, 7:11:17 AM
prashant logged in. 1-21-2021, 7:22:37 AM
udit logged in. 1-21-2021, 7:24:25 AM
anil logged in. 1-21-2021, 7:27:44 AM
Igrok logged in. 1-21-2021, 7:28:46 AM
Igrok logged in. 1-21-2021, 7:32:41 AM
Igrok logged in. 1-21-2021, 7:40:24 AM
teja logged in. 1-21-2021, 7:45:45 AM
blindgamers14 logged in. 1-21-2021, 8:02:09 AM
anil logged in. 1-21-2021, 8:05:46 AM
teja logged in. 1-21-2021, 8:05:52 AM
anil logged in. 1-21-2021, 8:09:31 AM
anil logged in. 1-21-2021, 8:12:41 AM
Igrok logged in. 1-21-2021, 8:15:16 AM
prashant logged in. 1-21-2021, 8:23:41 AM
prashant logged in. 1-21-2021, 8:24:03 AM
udit logged in. 1-21-2021, 8:30:51 AM
udit logged in. 1-21-2021, 8:31:43 AM
killer3000 logged in. 1-21-2021, 8:37:57 AM
udit logged in. 1-21-2021, 8:43:39 AM
minzaw logged in. 1-21-2021, 8:53:45 AM
anil logged in. 1-21-2021, 9:06:39 AM
rathee logged in. 1-21-2021, 9:07:03 AM
anil logged in. 1-21-2021, 9:22:02 AM
anil logged in. 1-21-2021, 9:24:05 AM
rathee logged in. 1-21-2021, 9:24:57 AM
superAtacker logged in. 1-21-2021, 9:58:03 AM
superAtacker logged in. 1-21-2021, 10:03:19 AM
rathee logged in. 1-21-2021, 10:09:26 AM
killer3000 logged in. 1-21-2021, 10:10:10 AM
prashant logged in. 1-21-2021, 10:35:20 AM
sgamer logged in. 1-21-2021, 10:42:23 AM
AungLin logged in. 1-21-2021, 10:43:30 AM
AungLin logged in. 1-21-2021, 10:44:35 AM
AungLin logged in. 1-21-2021, 10:49:32 AM
blindgamers14 logged in. 1-21-2021, 10:50:14 AM
Simba logged in. 1-21-2021, 10:50:58 AM
Smit logged in. 1-21-2021, 10:51:09 AM
laid logged in. 1-21-2021, 10:56:07 AM
blindgamers14 logged in. 1-21-2021, 10:57:14 AM
bolgelo logged in. 1-21-2021, 10:57:54 AM
prashant logged in. 1-21-2021, 11:11:25 AM
killer3000 logged in. 1-21-2021, 11:12:00 AM
krish logged in. 1-21-2021, 11:14:26 AM
WhiteDevil logged in. 1-21-2021, 11:18:29 AM
filips logged in. 1-21-2021, 11:19:57 AM
sgamer logged in. 1-21-2021, 11:22:12 AM
krish logged in. 1-21-2021, 11:24:52 AM
filips logged in. 1-21-2021, 11:29:06 AM
krokodailtop logged in. 1-21-2021, 11:29:22 AM
tsunami logged in. 1-21-2021, 11:36:44 AM
bolgelo logged in. 1-21-2021, 11:38:51 AM
krish logged in. 1-21-2021, 11:38:53 AM
krish logged in. 1-21-2021, 11:39:44 AM
krish logged in. 1-21-2021, 11:40:30 AM
krokodailtop logged in. 1-21-2021, 11:42:29 AM
krish logged in. 1-21-2021, 11:44:21 AM
sgamer logged in. 1-21-2021, 11:45:44 AM
killer3000 logged in. 1-21-2021, 11:46:17 AM
prashant logged in. 1-21-2021, 11:59:48 AM
salman logged in. 1-21-2021, 12:00:23 PM
filips logged in. 1-21-2021, 12:03:32 PM
filips logged in. 1-21-2021, 12:03:59 PM
bolgelo logged in. 1-21-2021, 12:04:02 PM
athee logged in. 1-21-2021, 12:06:01 PM
athee logged in. 1-21-2021, 12:14:21 PM
prashant logged in. 1-21-2021, 12:15:13 PM
bolgelo logged in. 1-21-2021, 12:20:54 PM
filips logged in. 1-21-2021, 12:20:58 PM
tsunami logged in. 1-21-2021, 12:20:59 PM
athee logged in. 1-21-2021, 12:20:59 PM
teja logged in. 1-21-2021, 12:21:00 PM
salman logged in. 1-21-2021, 12:21:01 PM
Simba logged in. 1-21-2021, 12:21:01 PM
rathee logged in. 1-21-2021, 12:21:01 PM
blindgamers14 logged in. 1-21-2021, 12:21:08 PM
prashant logged in. 1-21-2021, 12:21:31 PM
tsunami logged in. 1-21-2021, 12:22:02 PM
killer3000 logged in. 1-21-2021, 12:25:23 PM
sgamer logged in. 1-21-2021, 12:26:36 PM
tsunami logged in. 1-21-2021, 12:27:32 PM
killer3000 logged in. 1-21-2021, 12:27:48 PM
KillerCross logged in. 1-21-2021, 12:33:32 PM
abid logged in. 1-21-2021, 12:34:55 PM
killer3000 logged in. 1-21-2021, 12:35:21 PM
filips logged in. 1-21-2021, 12:36:53 PM
prashant logged in. 1-21-2021, 1:04:04 PM
prashant logged in. 1-21-2021, 1:05:01 PM
killerboy logged in. 1-21-2021, 1:05:46 PM
salman logged in. 1-21-2021, 1:07:17 PM
killerboy logged in. 1-21-2021, 1:15:01 PM
Stainer logged in. 1-21-2021, 1:22:36 PM
teja logged in. 1-21-2021, 1:25:22 PM
killer3000 logged in. 1-21-2021, 1:26:05 PM
bolgelo logged in. 1-21-2021, 1:29:10 PM
bolgelo logged in. 1-21-2021, 1:29:50 PM
sgamer logged in. 1-21-2021, 1:45:11 PM
tsunami logged in. 1-21-2021, 1:50:44 PM
bolgelo logged in. 1-21-2021, 1:56:33 PM
Johnny logged in. 1-21-2021, 2:05:47 PM
terminator logged in. 1-21-2021, 2:10:54 PM
terminator logged in. 1-21-2021, 2:19:14 PM
vinni logged in. 1-21-2021, 2:20:27 PM
Stainer logged in. 1-21-2021, 2:25:47 PM
blindgamers14 logged in. 1-21-2021, 2:26:42 PM
teja logged in. 1-21-2021, 2:31:32 PM
teja logged in. 1-21-2021, 2:31:55 PM
teja logged in. 1-21-2021, 2:33:19 PM
blindgamers14 logged in. 1-21-2021, 2:35:54 PM
teja logged in. 1-21-2021, 2:36:06 PM
bolgelo logged in. 1-21-2021, 2:50:47 PM
istek logged in. 1-21-2021, 2:51:41 PM
terminator logged in. 1-21-2021, 2:54:05 PM
abid logged in. 1-21-2021, 2:54:07 PM
terminator logged in. 1-21-2021, 2:54:47 PM
abid logged in. 1-21-2021, 3:02:25 PM
abid logged in. 1-21-2021, 3:03:33 PM
anil logged in. 1-21-2021, 3:10:15 PM
blindgamers14 logged in. 1-21-2021, 3:14:37 PM
Igrok logged in. 1-21-2021, 3:15:45 PM
superAtacker logged in. 1-21-2021, 3:25:32 PM
minzaw logged in. 1-21-2021, 3:27:44 PM
filips logged in. 1-21-2021, 3:29:29 PM
Igrok logged in. 1-21-2021, 3:35:09 PM
killer3000 logged in. 1-21-2021, 3:45:52 PM
Igrok logged in. 1-21-2021, 3:49:31 PM
Johnny logged in. 1-21-2021, 3:55:09 PM
Johnny logged in. 1-21-2021, 3:57:31 PM
Ryder1 logged in. 1-21-2021, 4:07:11 PM
Simba logged in. 1-21-2021, 4:22:31 PM
sgamer logged in. 1-21-2021, 4:30:43 PM
Johnny logged in. 1-21-2021, 4:32:02 PM
weten logged in. 1-21-2021, 4:33:47 PM
anil logged in. 1-21-2021, 4:36:07 PM
Simba logged in. 1-21-2021, 4:37:55 PM
blindgamers14 logged in. 1-21-2021, 4:39:06 PM
Simba logged in. 1-21-2021, 4:40:44 PM
blindgamers14 logged in. 1-21-2021, 4:57:19 PM
maxi logged in. 1-21-2021, 4:59:19 PM
Ryder1 logged in. 1-21-2021, 4:59:48 PM
maxi logged in. 1-21-2021, 5:01:35 PM
anil logged in. 1-21-2021, 5:04:54 PM
blindgamers14 logged in. 1-21-2021, 5:17:48 PM
krokodailtop logged in. 1-21-2021, 5:22:53 PM
blindgamers14 logged in. 1-21-2021, 5:22:59 PM
killer3000 logged in. 1-21-2021, 5:31:09 PM
stepman logged in. 1-21-2021, 5:34:27 PM
anil logged in. 1-21-2021, 5:40:02 PM
filips logged in. 1-21-2021, 5:40:53 PM
Stainer logged in. 1-21-2021, 5:42:30 PM
anil logged in. 1-21-2021, 5:48:28 PM
Johnny logged in. 1-21-2021, 5:48:36 PM
silak logged in. 1-21-2021, 5:49:04 PM
istek logged in. 1-21-2021, 5:53:12 PM
Johnny logged in. 1-21-2021, 5:53:26 PM
istek logged in. 1-21-2021, 5:57:18 PM
alfik logged in. 1-21-2021, 5:57:43 PM
Johnny logged in. 1-21-2021, 6:00:07 PM
Johnny logged in. 1-21-2021, 6:05:49 PM
bolgelo logged in. 1-21-2021, 6:15:53 PM
Ryder1 logged in. 1-21-2021, 6:22:27 PM
Ryder1 logged in. 1-21-2021, 6:29:31 PM
maxi logged in. 1-21-2021, 6:33:30 PM
stepman logged in. 1-21-2021, 6:52:24 PM
sgamer logged in. 1-21-2021, 6:52:42 PM
krokodailtop logged in. 1-21-2021, 7:21:41 PM
krokodailtop logged in. 1-21-2021, 7:23:41 PM
nikita-k logged in. 1-21-2021, 7:23:54 PM
Igrok logged in. 1-21-2021, 7:27:41 PM
krish logged in. 1-21-2021, 7:34:11 PM
Igrok logged in. 1-21-2021, 7:40:33 PM
rambo logged in. 1-21-2021, 7:43:06 PM
krish logged in. 1-21-2021, 7:46:03 PM
krish logged in. 1-21-2021, 7:46:20 PM
maxi logged in. 1-21-2021, 7:50:28 PM
krish logged in. 1-21-2021, 7:50:55 PM
krish logged in. 1-21-2021, 7:51:17 PM
rathee logged in. 1-21-2021, 7:52:38 PM
krish logged in. 1-21-2021, 7:59:55 PM
nikita-k logged in. 1-21-2021, 8:01:40 PM
franklin logged in. 1-21-2021, 8:02:16 PM
nikita-k logged in. 1-21-2021, 8:02:30 PM
nikita-k logged in. 1-21-2021, 8:03:31 PM
nikita-k logged in. 1-21-2021, 8:04:06 PM
nikita-k logged in. 1-21-2021, 8:06:06 PM
sgamer logged in. 1-21-2021, 8:08:07 PM
nikita-k logged in. 1-21-2021, 8:10:38 PM
gygygy logged in. 1-21-2021, 8:10:52 PM
krish logged in. 1-21-2021, 8:12:15 PM
krish logged in. 1-21-2021, 8:12:52 PM
nikita-k logged in. 1-21-2021, 8:15:02 PM
Johnny logged in. 1-21-2021, 8:15:42 PM
nikita-k logged in. 1-21-2021, 8:15:45 PM
sgamer logged in. 1-21-2021, 8:15:47 PM
krish logged in. 1-21-2021, 8:15:47 PM
Ryder1 logged in. 1-21-2021, 8:15:48 PM
gygygy logged in. 1-21-2021, 8:16:16 PM
franklin logged in. 1-21-2021, 8:16:17 PM
bolgelo logged in. 1-21-2021, 8:16:23 PM
Ryder1 logged in. 1-21-2021, 8:17:13 PM
nikita-k logged in. 1-21-2021, 8:21:43 PM
Johnny logged in. 1-21-2021, 8:21:45 PM
krish logged in. 1-21-2021, 8:21:47 PM
sgamer logged in. 1-21-2021, 8:21:47 PM
franklin logged in. 1-21-2021, 8:22:16 PM
gygygy logged in. 1-21-2021, 8:22:17 PM
KillerCross logged in. 1-21-2021, 8:36:46 PM
KillerCross logged in. 1-21-2021, 8:43:53 PM
nikita-k logged in. 1-21-2021, 9:00:36 PM
mihail logged in. 1-21-2021, 9:04:39 PM
mihail logged in. 1-21-2021, 9:07:46 PM
stepman logged in. 1-21-2021, 9:09:10 PM
nikita-k logged in. 1-21-2021, 9:13:54 PM
Ryder1 logged in. 1-21-2021, 9:36:42 PM
nikita-k logged in. 1-21-2021, 9:50:35 PM
Ryder1 logged in. 1-21-2021, 9:57:50 PM
nikita-k logged in. 1-21-2021, 9:59:02 PM
maxi logged in. 1-21-2021, 9:59:37 PM
maxi logged in. 1-21-2021, 10:01:32 PM
maxi logged in. 1-21-2021, 10:01:45 PM
bolgelo logged in. 1-21-2021, 10:02:24 PM
istek logged in. 1-21-2021, 10:04:44 PM
stepman logged in. 1-21-2021, 10:05:44 PM
laid logged in. 1-21-2021, 10:07:34 PM
laid logged in. 1-21-2021, 10:15:01 PM
laid logged in. 1-21-2021, 10:15:20 PM
Ryder1 logged in. 1-21-2021, 10:17:12 PM
nikita-k logged in. 1-21-2021, 10:17:49 PM
laid logged in. 1-21-2021, 10:25:12 PM
Ryder1 logged in. 1-21-2021, 10:26:28 PM
Ryder1 logged in. 1-21-2021, 10:44:40 PM
stepman logged in. 1-21-2021, 10:44:54 PM
Ryder1 logged in. 1-21-2021, 10:44:56 PM
Ryder1 logged in. 1-21-2021, 10:45:45 PM
Ryder1 logged in. 1-21-2021, 11:00:13 PM
stepman logged in. 1-21-2021, 11:01:57 PM
Ryder1 logged in. 1-21-2021, 11:02:01 PM
Ryder1 logged in. 1-21-2021, 11:18:04 PM
Ryder1 logged in. 1-21-2021, 11:33:41 PM
Ryder1 logged in. 1-21-2021, 11:35:16 PM