
HarryPotter (Simba) sent /lchat hi/ howare you? 1-21-2021, 10:51:33 AM
HarryPotter (Simba) sent /lchat kaun? 1-21-2021, 10:51:48 AM
HarryPotter (Simba) sent /lchat kaisay? 1-21-2021, 10:52:07 AM
HarryPotter (Simba) sent /lchat tell me who ahr you? 1-21-2021, 10:52:29 AM
HarryPotter (Simba) sent /lchat now? 1-21-2021, 10:56:06 AM
HarryPotter (Simba) sent /lchat now what to do? 1-21-2021, 10:56:24 AM
HarryPotter (Simba) sent /lchat now? 1-21-2021, 10:57:53 AM
HarryPotter (Simba) sent /lchat now? 1-21-2021, 11:02:22 AM
HarryPotter (Simba) sent /lchat yaar nai ho raha hai 1-21-2021, 11:02:51 AM
HarryPotter (Simba) sent /lchat now? 1-21-2021, 11:03:36 AM
HarryPotter (Simba) sent /lchat now? 1-21-2021, 11:15:05 AM
HarryPotter (Simba) sent /pm rathee now? 1-21-2021, 11:16:51 AM
HarryPotter (Simba) sent /lchat north 1-21-2021, 11:21:20 AM
HarryPotter (Simba) sent /lchat there is fire 1-21-2021, 11:22:04 AM
HarryPotter (Simba) sent /bid 1000 1-21-2021, 11:29:11 AM
HarryPotter (Simba) sent /lchat now? 1-21-2021, 11:35:52 AM
HarryPotter (Simba) sent /lchat now? 1-21-2021, 11:40:16 AM
HarryPotter (Simba) sent /lchat hae now what to do 1-21-2021, 11:45:52 AM
HarryPotter (Simba) sent /lchat now what to do? 1-21-2021, 11:49:14 AM
HarryPotter (Simba) sent /lchat 0, 90, 0.  1-21-2021, 11:49:21 AM
HarryPotter (Simba) sent /lchat hae help me also 1-21-2021, 11:49:45 AM
HarryPotter (Simba) sent /pm rathee bro please help me also 1-21-2021, 11:50:33 AM
HarryPotter (Simba) sent /lchat now? 1-21-2021, 11:54:44 AM
HarryPotter (Simba) sent /lchat 15, 100, 10.  1-21-2021, 11:55:04 AM
HarryPotter (Simba) sent /lchat now? 1-21-2021, 11:56:55 AM
HarryPotter (Simba) sent /lchat crish crish crish crish crish? 1-21-2021, 11:58:00 AM
HarryPotter (Simba) sent /lchat ya 1-21-2021, 11:58:25 AM
HarryPotter (Simba) sent /lchat jump 10 crish? 1-21-2021, 11:59:39 AM
HarryPotter (Simba) sent /pm prashant how much tile from hear? 1-21-2021, 12:00:52 PM
HarryPotter (Simba) sent /lchat what after 17, 100, 15.  1-21-2021, 12:01:24 PM
HarryPotter (Simba) sent /gnsubmit 15 1-21-2021, 12:01:28 PM
HarryPotter (Simba) sent /lchat let him do  1-21-2021, 12:02:33 PM
HarryPotter (Simba) sent /lchat jump 3 east 1-21-2021, 12:04:02 PM
HarryPotter (Simba) sent /lchat oi krish tell me 1-21-2021, 12:04:34 PM
HarryPotter (Simba) sent /lchat ya 1-21-2021, 12:04:51 PM
HarryPotter (Simba) sent /lchat 5, 100, 5.  1-21-2021, 12:07:57 PM
HarryPotter (Simba) sent /pm KillerCross are you shubham? 1-21-2021, 12:34:32 PM
HarryPotter (Simba) sent /r sale kaisa hai? 1-21-2021, 12:34:50 PM
HarryPotter (Simba) sent /r kaisa hai yaar? may mk 1-21-2021, 12:35:22 PM
HarryPotter (Simba) sent /pm teja yaar? kaunsi gun leni chaiye? 1-21-2021, 12:42:51 PM
HarryPotter (Simba) sent /r hand cannon. costs 700000 coins. description. good hand cannon!. you can buy 0 1-21-2021, 12:43:53 PM
HarryPotter (Simba) sent /r is kay alava? 1-21-2021, 12:44:19 PM
HarryPotter (Simba) sent /r yaar coins nai hai? 1-21-2021, 12:45:07 PM
HarryPotter (Simba) sent /r coin, 266329 1-21-2021, 12:45:18 PM
HarryPotter (Simba) sent /lchat o thanks 1-21-2021, 12:46:41 PM
HarryPotter (Simba) sent /r aur coins kaisay kamana hai? 1-21-2021, 12:47:02 PM
HarryPotter (Simba) sent /r how/ 1-21-2021, 12:51:19 PM
HarryPotter (Simba) sent /lchat so by? 1-21-2021, 12:51:50 PM
HarryPotter (Simba) sent /pm sgamer yaar? baar baar mujhe hi qune maar rahe ho? 1-21-2021, 12:56:21 PM
HarryPotter (Simba) sent /suicide 1-21-2021, 1:19:21 PM
HarryPotter (Simba) sent /lchat hae help me 1-21-2021, 1:21:48 PM
HarryPotter (Simba) sent /pm  rathee help me 1-21-2021, 1:22:10 PM
HarryPotter (Simba) sent /lchat 0, 20, 21.  1-21-2021, 1:22:23 PM
HarryPotter (Simba) sent /lchat ok 1-21-2021, 1:22:46 PM
HarryPotter (Simba) sent /balance 1-21-2021, 1:23:35 PM
HarryPotter (Simba) sent /lchat hae ya 1-21-2021, 1:24:06 PM
HarryPotter (Simba) sent /lchat wear? 1-21-2021, 1:29:14 PM
HarryPotter (Simba) sent /gnsubmit 22 1-21-2021, 1:30:13 PM
HarryPotter (Simba) sent /gnsubmit 26 1-21-2021, 1:30:16 PM
HarryPotter (Simba) sent /lchat 6/ 1-21-2021, 1:30:36 PM
HarryPotter (Simba) sent /lchat so? how much can jump? 1-21-2021, 1:31:22 PM
HarryPotter (Simba) sent /lchat will you try? 1-21-2021, 1:31:45 PM
HarryPotter (Simba) sent /lchat should i go? 1-21-2021, 1:32:06 PM
HarryPotter (Simba) sent /lchat what to do sunami? 1-21-2021, 1:33:41 PM
HarryPotter (Simba) sent /lchat hae what did i get? 1-21-2021, 1:35:25 PM
HarryPotter (Simba) sent /lchat he will not gide us 1-21-2021, 1:36:04 PM
HarryPotter (Simba) sent /lchat should i jump amd try? 1-21-2021, 1:36:33 PM
HarryPotter (Simba) sent /lchat if i will not jump from hear? so i will dy 1-21-2021, 1:38:13 PM
HarryPotter (Simba) sent /lchat normul i think 1-21-2021, 1:38:32 PM
HarryPotter (Simba) sent /lchat it can teliport anywear right? 1-21-2021, 1:39:09 PM
HarryPotter (Simba) sent /lchat should u try that? 1-21-2021, 1:39:57 PM
HarryPotter (Simba) sent /changes 1-21-2021, 4:22:46 PM
HarryPotter (Simba) sent /lchat will any1 cum with me innchalange? 1-21-2021, 4:24:22 PM
HarryPotter (Simba) sent /lchat anil? 1-21-2021, 4:24:36 PM
HarryPotter (Simba) sent /lchat hi 3000 1-21-2021, 4:24:50 PM
HarryPotter (Simba) sent /pm anil will u cum to me in chalange? 1-21-2021, 4:25:21 PM
HarryPotter (Simba) sent /r dangerous place? 1-21-2021, 4:25:53 PM
HarryPotter (Simba) sent /r dangerous place 1-21-2021, 4:26:02 PM
HarryPotter (Simba) sent /r do u no/ how to du this? 1-21-2021, 4:26:25 PM
HarryPotter (Simba) sent /lchat hae? 1-21-2021, 4:29:09 PM
HarryPotter (Simba) sent /lchat ya 1-21-2021, 4:31:28 PM
HarryPotter (Simba) sent /bid 100001 1-21-2021, 4:31:49 PM
HarryPotter (Simba) sent /lchat from ware did u get it? 1-21-2021, 4:32:18 PM
HarryPotter (Simba) sent /lchat salaam salman bhai 1-21-2021, 4:32:43 PM
HarryPotter (Simba) sent /lchat i m also testing bro 1-21-2021, 4:54:44 PM
HarryPotter (Simba) sent /lchat rokit loncher toh mujhe hi maar deti hai 1-21-2021, 4:55:22 PM
HarryPotter (Simba) sent /lchat q teja? sahi hai na? 1-21-2021, 4:55:43 PM
HarryPotter (Simba) sent /pm teja what to do for an animals? 1-21-2021, 5:03:45 PM
HarryPotter (Simba) sent /r no i have ded animals 1-21-2021, 5:04:37 PM
HarryPotter (Simba) sent /r so? what to do for ded animals? 1-21-2021, 5:06:02 PM
HarryPotter (Simba) sent /r yaar i have ded animals 1-21-2021, 5:06:47 PM
HarryPotter (Simba) sent /r dead_wolf, 7. like this 1-21-2021, 5:07:04 PM
HarryPotter (Simba) sent /lchat how did u run farst? 1-21-2021, 5:07:54 PM
HarryPotter (Simba) sent /dk 1-21-2021, 5:08:40 PM
HarryPotter (Simba) sent /dk 1-21-2021, 5:08:45 PM
HarryPotter (Simba) sent / dk 1-21-2021, 5:09:02 PM
HarryPotter (Simba) sent /pm sgamer ded animals ka kia karna hai? 1-21-2021, 5:09:41 PM
HarryPotter (Simba) sent /pm  Ryder1 how are you running farst? 1-21-2021, 5:12:20 PM
HarryPotter (Simba) sent /lchat hello 1-21-2021, 5:25:27 PM
HarryPotter (Simba) sent /pm teja i want storm sniper 1-21-2021, 5:27:01 PM
HarryPotter (Simba) sent /r ya good 1-21-2021, 5:28:02 PM
HarryPotter (Simba) sent /pm blindgamers14 from ware did u get rokit? 1-21-2021, 5:29:43 PM
HarryPotter (Simba) sent /pm sgamer aap ko storm sniper kaha se mili? 1-21-2021, 5:34:10 PM
HarryPotter (Simba) sent /r kaisay? mujhe bhi karna hai 1-21-2021, 5:34:38 PM
HarryPotter (Simba) sent /lokation sgamer 1-21-2021, 5:35:05 PM
HarryPotter (Simba) sent /location sgamer 1-21-2021, 5:35:13 PM