
andriy(andriy) used a bullet_bomb_locator 8-12-2020, 9:32:46 PM
andriy(andriy) used a carrier_missile 8-12-2020, 9:32:59 PM
andriy(andriy) used a armored_tank 8-12-2020, 9:34:26 PM
andriy(andriy) used a gauss 8-12-2020, 9:37:19 PM
andriy(andriy) used a gauss 8-12-2020, 9:37:22 PM
andriy(andriy) used a gauss 8-12-2020, 9:44:47 PM
andriy(andriy) used a antibiotic 8-12-2020, 9:46:24 PM
andriy(andriy) used a aircraft 8-12-2020, 9:48:18 PM
andriy(andriy) used a aircraft 8-12-2020, 9:48:18 PM
andriy(andriy) used a aircraft 8-12-2020, 9:48:19 PM
andriy(andriy) used a aircraft 8-12-2020, 9:48:19 PM
andriy(andriy) used a aircraft 8-12-2020, 9:48:20 PM
andriy(andriy) used a open_beer_bottle 8-12-2020, 9:48:31 PM
andriy(andriy) used a open_beer_bottle 8-12-2020, 9:48:32 PM
andriy(andriy) used a open_beer_bottle 8-12-2020, 9:48:32 PM
andriy(andriy) used a open_beer_bottle 8-12-2020, 9:48:32 PM
andriy(andriy) used a open_beer_bottle 8-12-2020, 9:48:33 PM
andriy(andriy) used a open_beer_bottle 8-12-2020, 9:48:33 PM
andriy(andriy) used a open_beer_bottle 8-12-2020, 9:48:33 PM
andriy(andriy) used a open_beer_bottle 8-12-2020, 9:48:34 PM
andriy(andriy) used a open_beer_bottle 8-12-2020, 9:48:34 PM
andriy(andriy) used a open_beer_bottle 8-12-2020, 9:48:34 PM
andriy(andriy) used a open_beer_bottle 8-12-2020, 9:48:35 PM
andriy(andriy) used a open_beer_bottle 8-12-2020, 9:48:35 PM
andriy(andriy) used a open_beer_bottle 8-12-2020, 9:48:35 PM
andriy(andriy) used a open_beer_bottle 8-12-2020, 9:48:36 PM
andriy(andriy) used a open_beer_bottle 8-12-2020, 9:48:36 PM
andriy(andriy) used a open_beer_bottle 8-12-2020, 9:48:36 PM
andriy(andriy) used a open_beer_bottle 8-12-2020, 9:48:37 PM
andriy(andriy) used a open_beer_bottle 8-12-2020, 9:48:37 PM
andriy(andriy) used a open_beer_bottle 8-12-2020, 9:48:38 PM
andriy(andriy) used a open_beer_bottle 8-12-2020, 9:48:38 PM
andriy(andriy) used a open_beer_bottle 8-12-2020, 9:48:38 PM
andriy(andriy) used a open_beer_bottle 8-12-2020, 9:48:38 PM
andriy(andriy) used a open_beer_bottle 8-12-2020, 9:48:39 PM
andriy(andriy) used a open_beer_bottle 8-12-2020, 9:48:41 PM
andriy(andriy) used a open_beer_bottle 8-12-2020, 9:48:41 PM
andriy(andriy) used a open_beer_bottle 8-12-2020, 9:48:42 PM
andriy(andriy) used a open_beer_bottle 8-12-2020, 9:48:42 PM
andriy(andriy) used a open_beer_bottle 8-12-2020, 9:48:43 PM
andriy(andriy) used a open_beer_bottle 8-12-2020, 9:48:43 PM
andriy(andriy) used a open_beer_bottle 8-12-2020, 9:48:43 PM
andriy(andriy) used a open_beer_bottle 8-12-2020, 9:48:44 PM
andriy(andriy) used a open_beer_bottle 8-12-2020, 9:48:44 PM
andriy(andriy) used a open_beer_bottle 8-12-2020, 9:48:44 PM
andriy(andriy) used a open_beer_bottle 8-12-2020, 9:48:45 PM
andriy(andriy) used a open_beer_bottle 8-12-2020, 9:48:45 PM
andriy(andriy) used a open_beer_bottle 8-12-2020, 9:48:45 PM
andriy(andriy) used a open_beer_bottle 8-12-2020, 9:48:45 PM
andriy(andriy) used a open_beer_bottle 8-12-2020, 9:48:46 PM
andriy(andriy) used a open_beer_bottle 8-12-2020, 9:48:46 PM
andriy(andriy) used a open_beer_bottle 8-12-2020, 9:48:46 PM
andriy(andriy) used a open_beer_bottle 8-12-2020, 9:48:50 PM
andriy(andriy) used a open_beer_bottle 8-12-2020, 9:48:51 PM
andriy(andriy) used a open_beer_bottle 8-12-2020, 9:48:51 PM
andriy(andriy) used a open_beer_bottle 8-12-2020, 9:48:52 PM
andriy(andriy) used a open_beer_bottle 8-12-2020, 9:48:52 PM
andriy(andriy) used a coin 8-12-2020, 9:50:35 PM
andriy(andriy) used a coin 8-12-2020, 9:50:37 PM
andriy(andriy) used a coin 8-12-2020, 9:50:38 PM
andriy(andriy) used a coin 8-12-2020, 9:50:40 PM
andriy(andriy) used a coin 8-12-2020, 9:50:41 PM
andriy(andriy) used a coin 8-12-2020, 9:50:42 PM
andriy(andriy) used a coin 8-12-2020, 9:50:44 PM
andriy(andriy) used a coin 8-12-2020, 9:50:45 PM
andriy(andriy) used a coin 8-12-2020, 9:50:48 PM
andriy(andriy) used a coin 8-12-2020, 9:50:50 PM
andriy(andriy) used a coin 8-12-2020, 9:50:52 PM
andriy(andriy) used a coin 8-12-2020, 9:50:56 PM
andriy(andriy) used a coin 8-12-2020, 9:50:57 PM
andriy(andriy) used a coin 8-12-2020, 9:50:58 PM
andriy(andriy) used a coin 8-12-2020, 9:50:59 PM
andriy(andriy) used a coin 8-12-2020, 9:51:00 PM
andriy(andriy) used a coin 8-12-2020, 9:51:01 PM
andriy(andriy) used a coin 8-12-2020, 9:51:02 PM
andriy(andriy) used a coin 8-12-2020, 9:51:03 PM
andriy(andriy) used a coin 8-12-2020, 9:51:04 PM
andriy(andriy) used a coin 8-12-2020, 9:51:05 PM
andriy(andriy) used a coin 8-12-2020, 9:51:07 PM
andriy(andriy) used a coin 8-12-2020, 9:51:09 PM
andriy(andriy) used a coin 8-12-2020, 9:51:11 PM
andriy(andriy) used a antibiotic 8-12-2020, 9:51:38 PM
andriy(andriy) used a helicopter 8-12-2020, 9:55:41 PM
andriy(andriy) used a helicopter 8-12-2020, 9:55:47 PM
andriy(andriy) used a taser 8-12-2020, 9:57:23 PM
andriy(andriy) used a cannon 8-12-2020, 9:57:44 PM
andriy(andriy) used a empty_beer_bottle 8-12-2020, 9:58:00 PM
andriy(andriy) used a tk_ultra_health_potion 8-12-2020, 9:58:36 PM
andriy(andriy) used a tk_ultra_health_potion 8-12-2020, 9:58:40 PM
andriy(andriy) used a bullet_bomb_locator 8-12-2020, 9:58:46 PM
andriy(andriy) used a bullet_bomb_locator 8-12-2020, 9:58:47 PM
andriy(andriy) used a bullet_bomb_locator 8-12-2020, 9:58:47 PM
andriy(andriy) used a bullet_bomb_locator 8-12-2020, 9:58:47 PM
andriy(andriy) used a bullet_bomb_locator 8-12-2020, 9:58:48 PM
andriy(andriy) used a bullet_bomb_locator 8-12-2020, 9:58:48 PM
andriy(andriy) used a guided_missile 8-12-2020, 9:58:55 PM
andriy(andriy) used a shield 8-12-2020, 9:59:02 PM
andriy(andriy) used a shield 8-12-2020, 9:59:02 PM
andriy(andriy) used a shield 8-12-2020, 9:59:02 PM
andriy(andriy) used a shield 8-12-2020, 9:59:03 PM
andriy(andriy) used a shield 8-12-2020, 9:59:03 PM
andriy(andriy) used a shield 8-12-2020, 9:59:03 PM
andriy(andriy) used a shield 8-12-2020, 9:59:04 PM
andriy(andriy) used a shield 8-12-2020, 9:59:04 PM
andriy(andriy) used a shield 8-12-2020, 9:59:05 PM
andriy(andriy) used a shield 8-12-2020, 9:59:05 PM
andriy(andriy) used a shield 8-12-2020, 9:59:06 PM
andriy(andriy) used a shield 8-12-2020, 9:59:06 PM
andriy(andriy) used a shield 8-12-2020, 9:59:07 PM
andriy(andriy) used a shield 8-12-2020, 9:59:07 PM
andriy(andriy) used a shield 8-12-2020, 9:59:14 PM
andriy(andriy) used a shield 8-12-2020, 9:59:14 PM
andriy(andriy) used a shield 8-12-2020, 9:59:15 PM
andriy(andriy) used a shield 8-12-2020, 9:59:15 PM
andriy(andriy) used a shield 8-12-2020, 9:59:16 PM
andriy(andriy) used a shield 8-12-2020, 9:59:16 PM
andriy(andriy) used a shield 8-12-2020, 9:59:17 PM
andriy(andriy) used a shield 8-12-2020, 9:59:18 PM
andriy(andriy) used a shield 8-12-2020, 9:59:18 PM
andriy(andriy) used a shield 8-12-2020, 9:59:22 PM
andriy(andriy) used a shield 8-12-2020, 9:59:22 PM
andriy(andriy) used a shield 8-12-2020, 9:59:23 PM
andriy(andriy) used a shield 8-12-2020, 9:59:25 PM
andriy(andriy) used a shield 8-12-2020, 9:59:28 PM
andriy(andriy) used a antibiotic 8-12-2020, 10:02:58 PM
andriy(andriy) used a remote_timebomb 8-12-2020, 10:03:14 PM
andriy(andriy) used a remote_timebomb 8-12-2020, 10:03:15 PM
andriy(andriy) used a tk_ultra_health_potion 8-12-2020, 10:03:41 PM
andriy(andriy) used a shield 8-12-2020, 10:07:37 PM
andriy(andriy) used a shield 8-12-2020, 10:07:38 PM
andriy(andriy) used a shield 8-12-2020, 10:07:38 PM
andriy(andriy) used a shield 8-12-2020, 10:07:38 PM
andriy(andriy) used a shield 8-12-2020, 10:07:39 PM
andriy(andriy) used a shield 8-12-2020, 10:07:39 PM
andriy(andriy) used a shield 8-12-2020, 10:07:39 PM
andriy(andriy) used a shield 8-12-2020, 10:07:40 PM
andriy(andriy) used a shield 8-12-2020, 10:07:40 PM
andriy(andriy) used a shield 8-12-2020, 10:07:40 PM
andriy(andriy) used a shield 8-12-2020, 10:07:41 PM
andriy(andriy) used a shield 8-12-2020, 10:07:41 PM
andriy(andriy) used a shield 8-12-2020, 10:07:42 PM
andriy(andriy) used a shield 8-12-2020, 10:07:42 PM
andriy(andriy) used a shield 8-12-2020, 10:07:43 PM
andriy(andriy) used a shield 8-12-2020, 10:07:43 PM
andriy(andriy) used a shield 8-12-2020, 10:07:43 PM
andriy(andriy) used a shield 8-12-2020, 10:07:44 PM
andriy(andriy) used a shield 8-12-2020, 10:07:44 PM
andriy(andriy) used a shield 8-12-2020, 10:07:44 PM
andriy(andriy) used a shield 8-12-2020, 10:07:45 PM
andriy(andriy) used a shield 8-12-2020, 10:07:49 PM
andriy(andriy) used a shield 8-12-2020, 10:07:50 PM
andriy(andriy) used a shield 8-12-2020, 10:07:51 PM
andriy(andriy) used a tk_ultra_health_potion 8-12-2020, 10:07:58 PM
andriy(andriy) used a antibiotic 8-12-2020, 10:08:16 PM
andriy(andriy) used a antibiotic 8-12-2020, 10:08:22 PM
andriy(andriy) used a knife 8-12-2020, 10:08:36 PM
andriy(andriy) used a knife 8-12-2020, 10:08:39 PM
andriy(andriy) used a gas_mask 8-12-2020, 10:14:21 PM
andriy(andriy) used a gas_mask 8-12-2020, 10:14:31 PM
andriy(andriy) used a ultrabomb_locator 8-12-2020, 10:15:09 PM
andriy(andriy) used a shield 8-12-2020, 10:15:17 PM
andriy(andriy) used a shield 8-12-2020, 10:15:18 PM
andriy(andriy) used a shield 8-12-2020, 10:15:18 PM
andriy(andriy) used a shield 8-12-2020, 10:15:18 PM
andriy(andriy) used a shield 8-12-2020, 10:15:19 PM
andriy(andriy) used a shield 8-12-2020, 10:15:19 PM
andriy(andriy) used a shield 8-12-2020, 10:15:19 PM
andriy(andriy) used a shield 8-12-2020, 10:15:20 PM
andriy(andriy) used a shield 8-12-2020, 10:15:20 PM
andriy(andriy) used a shield 8-12-2020, 10:15:21 PM
andriy(andriy) used a shield 8-12-2020, 10:15:21 PM
andriy(andriy) used a shield 8-12-2020, 10:15:22 PM
andriy(andriy) used a shield 8-12-2020, 10:15:22 PM
andriy(andriy) used a shield 8-12-2020, 10:15:23 PM
andriy(andriy) used a shield 8-12-2020, 10:15:23 PM
andriy(andriy) used a shield 8-12-2020, 10:15:24 PM
andriy(andriy) used a shield 8-12-2020, 10:15:24 PM
andriy(andriy) used a shield 8-12-2020, 10:15:24 PM
andriy(andriy) used a shield 8-12-2020, 10:15:25 PM
andriy(andriy) used a shield 8-12-2020, 10:15:25 PM
andriy(andriy) used a shield 8-12-2020, 10:15:26 PM
andriy(andriy) used a shield 8-12-2020, 10:15:26 PM
andriy(andriy) used a shield 8-12-2020, 10:15:27 PM
andriy(andriy) used a shield 8-12-2020, 10:15:27 PM
andriy(andriy) used a shield 8-12-2020, 10:15:33 PM
andriy(andriy) used a tk_ultra_health_potion 8-12-2020, 10:15:38 PM
andriy(andriy) used a antibiotic 8-12-2020, 10:17:07 PM
andriy(andriy) used a coin 8-12-2020, 10:19:09 PM
andriy(andriy) used a coin 8-12-2020, 10:19:10 PM
andriy(andriy) used a gauss_ammo_pack 8-12-2020, 10:19:26 PM
andriy(andriy) used a gauss_ammo_pack 8-12-2020, 10:19:26 PM
andriy(andriy) used a gauss_ammo_pack 8-12-2020, 10:19:26 PM
andriy(andriy) used a gauss_ammo_pack 8-12-2020, 10:19:26 PM
andriy(andriy) used a gauss_ammo_pack 8-12-2020, 10:19:26 PM
andriy(andriy) used a gauss_ammo_pack 8-12-2020, 10:19:27 PM
andriy(andriy) used a gauss_ammo_pack 8-12-2020, 10:19:27 PM
andriy(andriy) used a gauss_ammo_pack 8-12-2020, 10:19:28 PM
andriy(andriy) used a gauss_ammo_pack 8-12-2020, 10:19:28 PM
andriy(andriy) used a gauss_ammo_pack 8-12-2020, 10:19:28 PM
andriy(andriy) used a gauss_ammo_pack 8-12-2020, 10:19:29 PM
andriy(andriy) used a gauss_ammo_pack 8-12-2020, 10:19:29 PM
andriy(andriy) used a gauss_ammo_pack 8-12-2020, 10:19:29 PM
andriy(andriy) used a gauss_ammo_pack 8-12-2020, 10:19:29 PM
andriy(andriy) used a gauss_ammo_pack 8-12-2020, 10:19:29 PM
andriy(andriy) used a gauss_ammo_pack 8-12-2020, 10:19:29 PM
andriy(andriy) used a gauss_ammo_pack 8-12-2020, 10:19:30 PM
andriy(andriy) used a gauss_ammo_pack 8-12-2020, 10:19:30 PM
andriy(andriy) used a gauss_ammo_pack 8-12-2020, 10:19:30 PM
andriy(andriy) used a gauss_ammo_pack 8-12-2020, 10:19:30 PM
andriy(andriy) used a gauss_ammo_pack 8-12-2020, 10:19:31 PM
andriy(andriy) used a gauss_ammo_pack 8-12-2020, 10:19:31 PM
andriy(andriy) used a gauss_ammo_pack 8-12-2020, 10:19:31 PM
andriy(andriy) used a tk_ultra_health_potion 8-12-2020, 10:19:46 PM
andriy(andriy) used a warp_box 8-12-2020, 10:20:10 PM
andriy(andriy) used a warp_box 8-12-2020, 10:20:12 PM
andriy(andriy) used a cannon 8-12-2020, 10:23:14 PM
andriy(andriy) used a ultrabomb_locator 8-12-2020, 10:23:44 PM
andriy(andriy) used a ultrabomb_locator 8-12-2020, 10:23:44 PM
andriy(andriy) used a ultrabomb_locator 8-12-2020, 10:23:44 PM
andriy(andriy) used a ultrabomb_locator 8-12-2020, 10:23:45 PM
andriy(andriy) used a ultrabomb_locator 8-12-2020, 10:23:45 PM
andriy(andriy) used a ultrabomb_locator 8-12-2020, 10:23:45 PM
andriy(andriy) used a ultrabomb_locator 8-12-2020, 10:23:56 PM
andriy(andriy) used a ultrabomb_locator 8-12-2020, 10:23:56 PM
andriy(andriy) used a ultrabomb_locator 8-12-2020, 10:23:57 PM
andriy(andriy) used a ultrabomb_locator 8-12-2020, 10:23:57 PM
andriy(andriy) used a ultrabomb_locator 8-12-2020, 10:23:57 PM
andriy(andriy) used a ultrabomb_locator 8-12-2020, 10:23:58 PM
andriy(andriy) used a ultrabomb_locator 8-12-2020, 10:24:03 PM
andriy(andriy) used a ultrabomb_locator 8-12-2020, 10:24:03 PM
andriy(andriy) used a ultrabomb_locator 8-12-2020, 10:24:04 PM
andriy(andriy) used a open_beer_bottle 8-12-2020, 10:24:17 PM
andriy(andriy) used a open_beer_bottle 8-12-2020, 10:24:17 PM
andriy(andriy) used a open_beer_bottle 8-12-2020, 10:24:18 PM
andriy(andriy) used a open_beer_bottle 8-12-2020, 10:24:18 PM
andriy(andriy) used a open_beer_bottle 8-12-2020, 10:24:19 PM
andriy(andriy) used a open_beer_bottle 8-12-2020, 10:24:19 PM
andriy(andriy) used a open_beer_bottle 8-12-2020, 10:24:19 PM
andriy(andriy) used a open_beer_bottle 8-12-2020, 10:24:20 PM
andriy(andriy) used a open_beer_bottle 8-12-2020, 10:24:20 PM
andriy(andriy) used a open_beer_bottle 8-12-2020, 10:24:20 PM
andriy(andriy) used a open_beer_bottle 8-12-2020, 10:24:21 PM
andriy(andriy) used a open_beer_bottle 8-12-2020, 10:24:21 PM
andriy(andriy) used a open_beer_bottle 8-12-2020, 10:24:21 PM
andriy(andriy) used a open_beer_bottle 8-12-2020, 10:24:22 PM
andriy(andriy) used a open_beer_bottle 8-12-2020, 10:24:22 PM
andriy(andriy) used a open_beer_bottle 8-12-2020, 10:24:23 PM
andriy(andriy) used a open_beer_bottle 8-12-2020, 10:24:23 PM
andriy(andriy) used a open_beer_bottle 8-12-2020, 10:24:23 PM
andriy(andriy) used a open_beer_bottle 8-12-2020, 10:24:26 PM
andriy(andriy) used a open_beer_bottle 8-12-2020, 10:24:27 PM
andriy(andriy) used a open_beer_bottle 8-12-2020, 10:24:27 PM
andriy(andriy) used a open_beer_bottle 8-12-2020, 10:24:27 PM
andriy(andriy) used a open_beer_bottle 8-12-2020, 10:24:28 PM
andriy(andriy) used a open_beer_bottle 8-12-2020, 10:24:28 PM
andriy(andriy) used a open_beer_bottle 8-12-2020, 10:24:28 PM
andriy(andriy) used a open_beer_bottle 8-12-2020, 10:24:29 PM
andriy(andriy) used a open_beer_bottle 8-12-2020, 10:24:29 PM
andriy(andriy) used a open_beer_bottle 8-12-2020, 10:24:29 PM
andriy(andriy) used a open_beer_bottle 8-12-2020, 10:24:30 PM
andriy(andriy) used a open_beer_bottle 8-12-2020, 10:24:30 PM
andriy(andriy) used a open_beer_bottle 8-12-2020, 10:24:30 PM
andriy(andriy) used a open_beer_bottle 8-12-2020, 10:24:31 PM
andriy(andriy) used a open_beer_bottle 8-12-2020, 10:24:33 PM
andriy(andriy) used a open_beer_bottle 8-12-2020, 10:24:33 PM
andriy(andriy) used a open_beer_bottle 8-12-2020, 10:24:34 PM
andriy(andriy) used a open_beer_bottle 8-12-2020, 10:24:34 PM
andriy(andriy) used a open_beer_bottle 8-12-2020, 10:24:35 PM
andriy(andriy) used a open_beer_bottle 8-12-2020, 10:24:36 PM
andriy(andriy) used a open_beer_bottle 8-12-2020, 10:24:36 PM
andriy(andriy) used a open_beer_bottle 8-12-2020, 10:24:37 PM
andriy(andriy) used a open_beer_bottle 8-12-2020, 10:24:37 PM
andriy(andriy) used a gauss_ammo_pack 8-12-2020, 10:25:10 PM
andriy(andriy) used a gauss_ammo_pack 8-12-2020, 10:25:10 PM
andriy(andriy) used a gauss_ammo_pack 8-12-2020, 10:25:11 PM
andriy(andriy) used a gauss_ammo_pack 8-12-2020, 10:25:11 PM
andriy(andriy) used a gauss_ammo_pack 8-12-2020, 10:25:11 PM
andriy(andriy) used a gauss_ammo_pack 8-12-2020, 10:25:11 PM
andriy(andriy) used a gauss_ammo_pack 8-12-2020, 10:25:12 PM
andriy(andriy) used a gauss_ammo_pack 8-12-2020, 10:25:12 PM
andriy(andriy) used a gauss_ammo_pack 8-12-2020, 10:25:12 PM
andriy(andriy) used a gauss_ammo_pack 8-12-2020, 10:25:12 PM
andriy(andriy) used a gauss 8-12-2020, 10:25:34 PM
andriy(andriy) used a helicopter 8-12-2020, 10:28:56 PM
andriy(andriy) used a helicopter 8-12-2020, 10:29:05 PM
andriy(andriy) used a empty_beer_bottle 8-12-2020, 10:30:03 PM
andriy(andriy) used a shield 8-12-2020, 10:30:17 PM
andriy(andriy) used a shield 8-12-2020, 10:30:18 PM
andriy(andriy) used a shield 8-12-2020, 10:30:18 PM
andriy(andriy) used a shield 8-12-2020, 10:30:19 PM
andriy(andriy) used a shield 8-12-2020, 10:30:19 PM
andriy(andriy) used a shield 8-12-2020, 10:30:20 PM
andriy(andriy) used a shield 8-12-2020, 10:30:20 PM
andriy(andriy) used a shield 8-12-2020, 10:30:21 PM
andriy(andriy) used a shield 8-12-2020, 10:30:21 PM
andriy(andriy) used a shield 8-12-2020, 10:30:21 PM
andriy(andriy) used a shield 8-12-2020, 10:30:22 PM
andriy(andriy) used a shield 8-12-2020, 10:30:22 PM
andriy(andriy) used a shield 8-12-2020, 10:30:23 PM
andriy(andriy) used a shield 8-12-2020, 10:30:24 PM
andriy(andriy) used a shield 8-12-2020, 10:30:24 PM
andriy(andriy) used a shield 8-12-2020, 10:30:24 PM
andriy(andriy) used a shield 8-12-2020, 10:30:25 PM
andriy(andriy) used a shield 8-12-2020, 10:30:25 PM
andriy(andriy) used a shield 8-12-2020, 10:30:26 PM
andriy(andriy) used a shield 8-12-2020, 10:30:29 PM
andriy(andriy) used a shield 8-12-2020, 10:30:29 PM
andriy(andriy) used a shield 8-12-2020, 10:30:30 PM
andriy(andriy) used a shield 8-12-2020, 10:30:30 PM
andriy(andriy) used a shield 8-12-2020, 10:30:30 PM
andriy(andriy) used a shield 8-12-2020, 10:30:34 PM
andriy(andriy) used a shield 8-12-2020, 10:30:34 PM
andriy(andriy) used a shield 8-12-2020, 10:30:39 PM
andriy(andriy) used a tk_ultra_health_potion 8-12-2020, 10:30:45 PM
andriy(andriy) used a tk_ultra_health_potion 8-12-2020, 10:30:50 PM
andriy(andriy) used a tk_ultra_health_potion 8-12-2020, 10:30:53 PM
andriy(andriy) used a tk_ultra_health_potion 8-12-2020, 10:30:57 PM
andriy(andriy) used a tk_ultra_health_potion 8-12-2020, 10:31:17 PM
andriy(andriy) used a coin 8-12-2020, 10:35:10 PM
andriy(andriy) used a coin 8-12-2020, 10:35:11 PM
andriy(andriy) used a coin 8-12-2020, 10:35:13 PM
andriy(andriy) used a coin 8-12-2020, 10:35:19 PM
andriy(andriy) used a coin 8-12-2020, 10:35:19 PM
andriy(andriy) used a coin 8-12-2020, 10:35:19 PM
andriy(andriy) used a coin 8-12-2020, 10:35:20 PM
andriy(andriy) used a coin 8-12-2020, 10:35:20 PM
andriy(andriy) used a coin 8-12-2020, 10:35:30 PM
andriy(andriy) used a coin 8-12-2020, 10:35:30 PM
andriy(andriy) used a coin 8-12-2020, 10:35:30 PM
andriy(andriy) used a coin 8-12-2020, 10:35:30 PM
andriy(andriy) used a coin 8-12-2020, 10:35:30 PM
andriy(andriy) used a gauss_ammo_pack 8-12-2020, 10:35:37 PM
andriy(andriy) used a gauss_ammo_pack 8-12-2020, 10:35:37 PM
andriy(andriy) used a gauss_ammo_pack 8-12-2020, 10:35:37 PM
andriy(andriy) used a gauss_ammo_pack 8-12-2020, 10:35:37 PM
andriy(andriy) used a gauss_ammo_pack 8-12-2020, 10:35:37 PM
andriy(andriy) used a gauss_ammo_pack 8-12-2020, 10:35:38 PM
andriy(andriy) used a gauss_ammo_pack 8-12-2020, 10:35:38 PM
andriy(andriy) used a gauss_ammo_pack 8-12-2020, 10:35:38 PM
andriy(andriy) used a gauss_ammo_pack 8-12-2020, 10:35:38 PM
andriy(andriy) used a gauss_ammo_pack 8-12-2020, 10:35:39 PM
andriy(andriy) used a gauss_ammo_pack 8-12-2020, 10:35:39 PM
andriy(andriy) used a gauss_ammo_pack 8-12-2020, 10:35:39 PM
andriy(andriy) used a gauss_ammo_pack 8-12-2020, 10:35:39 PM
andriy(andriy) used a gauss_ammo_pack 8-12-2020, 10:35:40 PM
andriy(andriy) used a coin 8-12-2020, 10:35:42 PM
andriy(andriy) used a coin 8-12-2020, 10:35:42 PM
andriy(andriy) used a coin 8-12-2020, 10:35:43 PM
andriy(andriy) used a coin 8-12-2020, 10:35:43 PM
andriy(andriy) used a coin 8-12-2020, 10:35:43 PM
andriy(andriy) used a coin 8-12-2020, 10:35:43 PM
andriy(andriy) used a coin 8-12-2020, 10:35:43 PM
andriy(andriy) used a coin 8-12-2020, 10:35:43 PM
andriy(andriy) used a coin 8-12-2020, 10:35:47 PM
andriy(andriy) used a coin 8-12-2020, 10:35:48 PM
andriy(andriy) used a coin 8-12-2020, 10:35:48 PM
andriy(andriy) used a coin 8-12-2020, 10:36:34 PM
andriy(andriy) used a coin 8-12-2020, 10:36:35 PM
andriy(andriy) used a coin 8-12-2020, 10:36:35 PM
andriy(andriy) used a coin 8-12-2020, 10:36:35 PM
andriy(andriy) used a coin 8-12-2020, 10:36:35 PM
andriy(andriy) used a coin 8-12-2020, 10:36:35 PM
andriy(andriy) used a coin 8-12-2020, 10:36:35 PM
andriy(andriy) used a coin 8-12-2020, 10:36:35 PM
andriy(andriy) used a coin 8-12-2020, 10:38:02 PM
andriy(andriy) used a coin 8-12-2020, 10:38:02 PM
andriy(andriy) used a coin 8-12-2020, 10:38:02 PM
andriy(andriy) used a coin 8-12-2020, 10:38:03 PM
andriy(andriy) used a coin 8-12-2020, 10:38:03 PM
andriy(andriy) used a coin 8-12-2020, 10:38:03 PM
andriy(andriy) used a coin 8-12-2020, 10:38:03 PM
andriy(andriy) used a coin 8-12-2020, 10:38:03 PM
andriy(andriy) used a gauss 8-12-2020, 10:38:33 PM
andriy(andriy) used a shield 8-12-2020, 10:39:51 PM
andriy(andriy) used a shield 8-12-2020, 10:39:51 PM
andriy(andriy) used a shield 8-12-2020, 10:39:52 PM
andriy(andriy) used a shield 8-12-2020, 10:39:52 PM
andriy(andriy) used a shield 8-12-2020, 10:39:52 PM
andriy(andriy) used a shield 8-12-2020, 10:39:52 PM
andriy(andriy) used a shield 8-12-2020, 10:39:53 PM
andriy(andriy) used a shield 8-12-2020, 10:39:54 PM
andriy(andriy) used a shield 8-12-2020, 10:39:58 PM
andriy(andriy) used a shield 8-12-2020, 10:39:58 PM
andriy(andriy) used a shield 8-12-2020, 10:39:59 PM
andriy(andriy) used a shield 8-12-2020, 10:40:36 PM
andriy(andriy) used a shield 8-12-2020, 10:40:37 PM
andriy(andriy) used a tk_ultra_health_potion 8-12-2020, 10:40:44 PM
andriy(andriy) used a tk_ultra_health_potion 8-12-2020, 10:40:45 PM
andriy(andriy) used a tk_ultra_health_potion 8-12-2020, 10:41:22 PM
andriy(andriy) used a helicopter 8-12-2020, 10:43:16 PM
andriy(andriy) used a helicopter 8-12-2020, 10:43:21 PM
andriy(andriy) used a ammo_taser 8-12-2020, 10:48:37 PM
andriy(andriy) used a spiked_chain_mace 8-12-2020, 10:49:04 PM
andriy(andriy) used a stun_dart 8-12-2020, 10:49:12 PM
andriy(andriy) used a coin 8-12-2020, 10:49:30 PM
andriy(andriy) used a coin 8-12-2020, 10:49:31 PM
andriy(andriy) used a coin 8-12-2020, 10:49:32 PM
andriy(andriy) used a coin 8-12-2020, 10:49:33 PM
andriy(andriy) used a coin 8-12-2020, 10:49:34 PM
andriy(andriy) used a coin 8-12-2020, 10:49:36 PM
andriy(andriy) used a coin 8-12-2020, 10:49:37 PM
andriy(andriy) used a coin 8-12-2020, 10:49:38 PM
andriy(andriy) used a coin 8-12-2020, 10:49:40 PM
andriy(andriy) used a coin 8-12-2020, 10:49:41 PM
andriy(andriy) used a coin 8-12-2020, 10:49:42 PM
andriy(andriy) used a coin 8-12-2020, 10:49:43 PM
andriy(andriy) used a coin 8-12-2020, 10:49:44 PM
andriy(andriy) used a coin 8-12-2020, 10:49:45 PM
andriy(andriy) used a coin 8-12-2020, 10:49:47 PM
andriy(andriy) used a coin 8-12-2020, 10:49:49 PM
andriy(andriy) used a coin 8-12-2020, 10:49:50 PM
andriy(andriy) used a coin 8-12-2020, 10:49:52 PM
andriy(andriy) used a coin 8-12-2020, 10:49:53 PM
andriy(andriy) used a coin 8-12-2020, 10:49:54 PM
andriy(andriy) used a coin 8-12-2020, 10:49:55 PM
andriy(andriy) used a gauss 8-12-2020, 10:51:19 PM
andriy(andriy) used a rpg7 8-12-2020, 10:51:36 PM
andriy(andriy) used a taser 8-12-2020, 10:51:48 PM
andriy(andriy) used a beretta_m1951_machine_pistol 8-12-2020, 10:51:54 PM
andriy(andriy) used a turret 8-12-2020, 10:52:17 PM
andriy(andriy) used a shield 8-12-2020, 10:52:27 PM
andriy(andriy) used a shield 8-12-2020, 10:52:27 PM
andriy(andriy) used a shield 8-12-2020, 10:52:28 PM
andriy(andriy) used a shield 8-12-2020, 10:52:28 PM
andriy(andriy) used a shield 8-12-2020, 10:52:29 PM
andriy(andriy) used a shield 8-12-2020, 10:52:29 PM
andriy(andriy) used a shield 8-12-2020, 10:52:30 PM
andriy(andriy) used a shield 8-12-2020, 10:52:30 PM
andriy(andriy) used a shield 8-12-2020, 10:52:30 PM
andriy(andriy) used a shield 8-12-2020, 10:52:31 PM
andriy(andriy) used a shield 8-12-2020, 10:52:31 PM
andriy(andriy) used a shield 8-12-2020, 10:52:32 PM
andriy(andriy) used a shield 8-12-2020, 10:52:32 PM
andriy(andriy) used a shield 8-12-2020, 10:52:32 PM
andriy(andriy) used a shield 8-12-2020, 10:52:33 PM
andriy(andriy) used a shield 8-12-2020, 10:52:33 PM
andriy(andriy) used a shield 8-12-2020, 10:52:34 PM
andriy(andriy) used a shield 8-12-2020, 10:52:34 PM
andriy(andriy) used a shield 8-12-2020, 10:52:35 PM
andriy(andriy) used a shield 8-12-2020, 10:52:35 PM
andriy(andriy) used a shield 8-12-2020, 10:52:35 PM
andriy(andriy) used a shield 8-12-2020, 10:52:36 PM
andriy(andriy) used a shield 8-12-2020, 10:52:36 PM
andriy(andriy) used a shield 8-12-2020, 10:52:37 PM
andriy(andriy) used a shield 8-12-2020, 10:52:37 PM
andriy(andriy) used a shield 8-12-2020, 10:52:38 PM
andriy(andriy) used a shield 8-12-2020, 10:52:38 PM
andriy(andriy) used a shield 8-12-2020, 10:52:39 PM
andriy(andriy) used a tk_ultra_health_potion 8-12-2020, 10:52:44 PM
andriy(andriy) used a tk_ultra_health_potion 8-12-2020, 10:52:57 PM
andriy(andriy) used a tk_ultra_health_potion 8-12-2020, 10:53:00 PM
andriy(andriy) used a tk_ultra_health_potion 8-12-2020, 10:53:12 PM
andriy(andriy) used a tk_ultra_health_potion 8-12-2020, 10:53:47 PM
andriy(andriy) used a tk_ultra_health_potion 8-12-2020, 10:53:48 PM
andriy(andriy) used a tk_ultra_health_potion 8-12-2020, 10:53:50 PM
andriy(andriy) used a antibiotic 8-12-2020, 10:54:23 PM
andriy(andriy) used a remote_timebomb 8-12-2020, 10:54:36 PM
andriy(andriy) used a small_projectile 8-12-2020, 10:54:50 PM
andriy(andriy) used a taser 8-12-2020, 10:55:00 PM
andriy(andriy) used a guided_missile 8-12-2020, 10:55:12 PM
andriy(andriy) used a carrier_missile 8-12-2020, 10:55:17 PM
andriy(andriy) used a turret 8-12-2020, 10:55:28 PM
andriy(andriy) used a turret 8-12-2020, 10:55:52 PM
andriy(andriy) used a turret 8-12-2020, 10:55:56 PM
andriy(andriy) used a tk_ultra_health_potion 8-12-2020, 11:00:15 PM
andriy(andriy) used a taser 8-12-2020, 11:00:26 PM
andriy(andriy) used a modern_sub_machine_gun_carbine 8-12-2020, 11:00:37 PM
andriy(andriy) used a spiked_chain_mace 8-12-2020, 11:00:39 PM
andriy(andriy) used a spiked_chain_mace 8-12-2020, 11:00:48 PM
andriy(andriy) used a cannon 8-12-2020, 11:00:54 PM
andriy(andriy) used a taser 8-12-2020, 11:00:57 PM
andriy(andriy) used a gp30 8-12-2020, 11:01:01 PM
andriy(andriy) used a steal_warhammer 8-12-2020, 11:01:04 PM
andriy(andriy) used a steal_warhammer 8-12-2020, 11:01:07 PM
andriy(andriy) used a spiked_chain_mace 8-12-2020, 11:01:10 PM
andriy(andriy) used a coin 8-12-2020, 11:01:12 PM
andriy(andriy) used a coin 8-12-2020, 11:01:13 PM
andriy(andriy) used a coin 8-12-2020, 11:01:14 PM
andriy(andriy) used a cannon 8-12-2020, 11:01:15 PM
andriy(andriy) used a coin 8-12-2020, 11:01:22 PM
andriy(andriy) used a coin 8-12-2020, 11:01:23 PM
andriy(andriy) used a spiked_chain_mace 8-12-2020, 11:01:44 PM
andriy(andriy) used a coin 8-12-2020, 11:01:45 PM
andriy(andriy) used a gauss 8-12-2020, 11:01:52 PM
andriy(andriy) used a coin 8-12-2020, 11:01:53 PM
andriy(andriy) used a spiked_chain_mace 8-12-2020, 11:01:54 PM
andriy(andriy) used a coin 8-12-2020, 11:01:55 PM
andriy(andriy) used a gauss 8-12-2020, 11:01:57 PM
andriy(andriy) used a gauss 8-12-2020, 11:02:01 PM
andriy(andriy) used a turret 8-12-2020, 11:03:18 PM
andriy(andriy) used a helicopter 8-12-2020, 11:03:57 PM
andriy(andriy) used a cannon 8-12-2020, 11:04:43 PM
andriy(andriy) used a gauss 8-12-2020, 11:04:44 PM
andriy(andriy) used a stun_dart 8-12-2020, 11:05:20 PM
andriy(andriy) used a stone 8-12-2020, 11:07:07 PM
andriy(andriy) used a open_beer_bottle 8-12-2020, 11:07:52 PM
andriy(andriy) used a open_beer_bottle 8-12-2020, 11:07:52 PM
andriy(andriy) used a open_beer_bottle 8-12-2020, 11:07:52 PM
andriy(andriy) used a open_beer_bottle 8-12-2020, 11:07:53 PM
andriy(andriy) used a open_beer_bottle 8-12-2020, 11:07:53 PM
andriy(andriy) used a open_beer_bottle 8-12-2020, 11:07:53 PM
andriy(andriy) used a open_beer_bottle 8-12-2020, 11:07:54 PM
andriy(andriy) used a open_beer_bottle 8-12-2020, 11:07:54 PM
andriy(andriy) used a open_beer_bottle 8-12-2020, 11:07:54 PM
andriy(andriy) used a open_beer_bottle 8-12-2020, 11:07:55 PM
andriy(andriy) used a open_beer_bottle 8-12-2020, 11:07:57 PM
andriy(andriy) used a open_beer_bottle 8-12-2020, 11:07:57 PM
andriy(andriy) used a open_beer_bottle 8-12-2020, 11:07:58 PM
andriy(andriy) used a open_beer_bottle 8-12-2020, 11:07:58 PM
andriy(andriy) used a open_beer_bottle 8-12-2020, 11:07:59 PM
andriy(andriy) used a open_beer_bottle 8-12-2020, 11:07:59 PM
andriy(andriy) used a open_beer_bottle 8-12-2020, 11:07:59 PM
andriy(andriy) used a open_beer_bottle 8-12-2020, 11:07:59 PM
andriy(andriy) used a open_beer_bottle 8-12-2020, 11:08:00 PM
andriy(andriy) used a open_beer_bottle 8-12-2020, 11:08:00 PM
andriy(andriy) used a open_beer_bottle 8-12-2020, 11:08:01 PM
andriy(andriy) used a open_beer_bottle 8-12-2020, 11:08:01 PM
andriy(andriy) used a open_beer_bottle 8-12-2020, 11:08:01 PM
andriy(andriy) used a open_beer_bottle 8-12-2020, 11:08:02 PM
andriy(andriy) used a open_beer_bottle 8-12-2020, 11:08:03 PM
andriy(andriy) used a open_beer_bottle 8-12-2020, 11:08:03 PM
andriy(andriy) used a open_beer_bottle 8-12-2020, 11:08:03 PM
andriy(andriy) used a open_beer_bottle 8-12-2020, 11:08:04 PM
andriy(andriy) used a open_beer_bottle 8-12-2020, 11:08:05 PM
andriy(andriy) used a open_beer_bottle 8-12-2020, 11:08:06 PM
andriy(andriy) used a open_beer_bottle 8-12-2020, 11:08:06 PM
andriy(andriy) used a open_beer_bottle 8-12-2020, 11:08:07 PM
andriy(andriy) used a open_beer_bottle 8-12-2020, 11:08:07 PM
andriy(andriy) used a shield 8-12-2020, 11:12:41 PM
andriy(andriy) used a shield 8-12-2020, 11:12:41 PM
andriy(andriy) used a shield 8-12-2020, 11:12:42 PM
andriy(andriy) used a shield 8-12-2020, 11:12:42 PM
andriy(andriy) used a shield 8-12-2020, 11:12:42 PM
andriy(andriy) used a coin 8-12-2020, 11:59:01 PM
andriy(andriy) used a spiked_chain_mace 8-12-2020, 11:59:02 PM
andriy(andriy) used a cannon 8-12-2020, 11:59:03 PM
andriy(andriy) used a coin 8-12-2020, 11:59:04 PM
andriy(andriy) used a coin 8-12-2020, 11:59:05 PM
andriy(andriy) used a coin 8-12-2020, 11:59:07 PM
andriy(andriy) used a cannon 8-12-2020, 11:59:07 PM
andriy(andriy) used a steal_warhammer 8-12-2020, 11:59:10 PM
andriy(andriy) used a coin 8-12-2020, 11:59:11 PM
andriy(andriy) used a coin 8-12-2020, 11:59:12 PM
andriy(andriy) used a spiked_chain_mace 8-12-2020, 11:59:12 PM
andriy(andriy) used a taser 8-12-2020, 11:59:14 PM
andriy(andriy) used a gp30 8-12-2020, 11:59:15 PM
andriy(andriy) used a rpg7 8-12-2020, 11:59:16 PM
andriy(andriy) used a modern_sub_machine_gun_carbine 8-12-2020, 11:59:17 PM
andriy(andriy) used a modern_sub_machine_gun_carbine 8-12-2020, 11:59:20 PM
andriy(andriy) used a shield 8-12-2020, 11:59:41 PM
andriy(andriy) used a shield 8-12-2020, 11:59:42 PM
andriy(andriy) used a shield 8-12-2020, 11:59:42 PM
andriy(andriy) used a shield 8-12-2020, 11:59:42 PM
andriy(andriy) used a shield 8-12-2020, 11:59:43 PM
andriy(andriy) used a shield 8-12-2020, 11:59:43 PM
andriy(andriy) used a shield 8-12-2020, 11:59:43 PM
andriy(andriy) used a shield 8-12-2020, 11:59:44 PM
andriy(andriy) used a shield 8-12-2020, 11:59:44 PM
andriy(andriy) used a shield 8-12-2020, 11:59:44 PM
andriy(andriy) used a shield 8-12-2020, 11:59:45 PM
andriy(andriy) used a shield 8-12-2020, 11:59:45 PM
andriy(andriy) used a shield 8-12-2020, 11:59:46 PM
andriy(andriy) used a shield 8-12-2020, 11:59:50 PM
andriy(andriy) used a shield 8-12-2020, 11:59:51 PM
andriy(andriy) used a shield 8-12-2020, 11:59:51 PM
andriy(andriy) used a shield 8-12-2020, 11:59:51 PM
andriy(andriy) used a shield 8-12-2020, 11:59:51 PM
andriy(andriy) used a shield 8-12-2020, 11:59:52 PM
andriy(andriy) used a shield 8-12-2020, 11:59:52 PM
andriy(andriy) used a shield 8-12-2020, 11:59:53 PM
andriy(andriy) used a shield 8-12-2020, 11:59:53 PM
andriy(andriy) used a shield 8-12-2020, 11:59:54 PM
andriy(andriy) used a shield 8-12-2020, 11:59:57 PM
andriy(andriy) used a shield 8-12-2020, 11:59:57 PM