
Yarina(Yarina) used a carrier_missile 9-13-2020, 12:08:12 AM
Yarina(Yarina) used a pipe_bomb 9-13-2020, 12:10:42 AM
Yarina(Yarina) used a health_drink 9-13-2020, 12:11:18 AM
Yarina(Yarina) used a health_drink 9-13-2020, 12:11:18 AM
Yarina(Yarina) used a pipe_bomb 9-13-2020, 12:11:23 AM
Yarina(Yarina) used a pipe_bomb 9-13-2020, 12:11:36 AM
Yarina(Yarina) used a health_drink 9-13-2020, 12:11:41 AM
Yarina(Yarina) used a health_drink 9-13-2020, 12:11:41 AM
Yarina(Yarina) used a health_drink 9-13-2020, 12:11:43 AM
Yarina(Yarina) used a health_drink 9-13-2020, 12:11:43 AM
Yarina(Yarina) used a health_drink 9-13-2020, 12:11:44 AM
Yarina(Yarina) used a health_drink 9-13-2020, 12:11:44 AM
Yarina(Yarina) used a health_drink 9-13-2020, 12:11:44 AM
Yarina(Yarina) used a health_drink 9-13-2020, 12:11:45 AM
Yarina(Yarina) used a pipe_bomb 9-13-2020, 12:11:55 AM
Yarina(Yarina) used a pipe_bomb 9-13-2020, 12:11:55 AM
Yarina(Yarina) used a pipe_bomb 9-13-2020, 12:12:05 AM
Yarina(Yarina) used a pipe_bomb 9-13-2020, 12:15:21 AM
Yarina(Yarina) used a pipe_bomb 9-13-2020, 12:15:21 AM
Yarina(Yarina) used a pipe_bomb 9-13-2020, 12:15:22 AM
Yarina(Yarina) used a pipe_bomb 9-13-2020, 12:15:22 AM
Yarina(Yarina) used a pipe_bomb 9-13-2020, 12:15:22 AM
Yarina(Yarina) used a pipe_bomb 9-13-2020, 12:15:23 AM
Yarina(Yarina) used a pipe_bomb 9-13-2020, 12:15:23 AM
Yarina(Yarina) used a pipe_bomb 9-13-2020, 12:15:24 AM
Yarina(Yarina) used a pipe_bomb 9-13-2020, 12:15:24 AM
Yarina(Yarina) used a pipe_bomb 9-13-2020, 12:15:24 AM
Yarina(Yarina) used a pipe_bomb 9-13-2020, 12:15:25 AM
Yarina(Yarina) used a pipe_bomb 9-13-2020, 12:15:25 AM
Yarina(Yarina) used a pipe_bomb 9-13-2020, 12:15:25 AM
Yarina(Yarina) used a pipe_bomb 9-13-2020, 12:15:25 AM
Yarina(Yarina) used a pipe_bomb 9-13-2020, 12:15:45 AM
Yarina(Yarina) used a pipe_bomb 9-13-2020, 12:15:45 AM
Yarina(Yarina) used a pipe_bomb 9-13-2020, 12:15:46 AM
Yarina(Yarina) used a pipe_bomb 9-13-2020, 12:15:46 AM
Yarina(Yarina) used a pipe_bomb 9-13-2020, 12:15:46 AM
Yarina(Yarina) used a pipe_bomb 9-13-2020, 12:15:47 AM
Yarina(Yarina) used a pipe_bomb 9-13-2020, 12:15:47 AM
Yarina(Yarina) used a pipe_bomb 9-13-2020, 12:15:48 AM
Yarina(Yarina) used a pipe_bomb 9-13-2020, 12:15:48 AM
Yarina(Yarina) used a health_drink 9-13-2020, 12:16:02 AM
Yarina(Yarina) used a health_drink 9-13-2020, 12:16:02 AM
Yarina(Yarina) used a health_drink 9-13-2020, 12:16:03 AM
Yarina(Yarina) used a health_drink 9-13-2020, 12:16:03 AM
Yarina(Yarina) used a health_drink 9-13-2020, 12:16:04 AM
Yarina(Yarina) used a health_drink 9-13-2020, 12:16:04 AM
Yarina(Yarina) used a health_drink 9-13-2020, 12:16:05 AM
Yarina(Yarina) used a health_drink 9-13-2020, 12:16:05 AM
Yarina(Yarina) used a health_drink 9-13-2020, 12:16:06 AM
Yarina(Yarina) used a health_drink 9-13-2020, 12:16:06 AM
Yarina(Yarina) used a health_drink 9-13-2020, 12:16:07 AM
Yarina(Yarina) used a health_drink 9-13-2020, 12:16:07 AM
Yarina(Yarina) used a health_drink 9-13-2020, 12:16:08 AM
Yarina(Yarina) used a health_drink 9-13-2020, 12:16:12 AM
Yarina(Yarina) used a health_drink 9-13-2020, 12:16:12 AM
Yarina(Yarina) used a pipe_bomb 9-13-2020, 12:16:19 AM
Yarina(Yarina) used a health_drink 9-13-2020, 12:16:25 AM
Yarina(Yarina) used a pipe_bomb 9-13-2020, 12:16:26 AM
Yarina(Yarina) used a pipe_bomb 9-13-2020, 12:16:30 AM
Yarina(Yarina) used a pipe_bomb 9-13-2020, 12:16:31 AM
Yarina(Yarina) used a pipe_bomb 9-13-2020, 12:16:33 AM
Yarina(Yarina) used a pipe_bomb 9-13-2020, 12:16:39 AM
Yarina(Yarina) used a pipe_bomb 9-13-2020, 12:16:39 AM
Yarina(Yarina) used a pipe_bomb 9-13-2020, 12:16:40 AM
Yarina(Yarina) used a pipe_bomb 9-13-2020, 12:16:40 AM
Yarina(Yarina) used a pipe_bomb 9-13-2020, 12:16:40 AM
Yarina(Yarina) used a pipe_bomb 9-13-2020, 12:16:41 AM
Yarina(Yarina) used a pipe_bomb 9-13-2020, 12:16:45 AM
Yarina(Yarina) used a pipe_bomb 9-13-2020, 12:16:46 AM
Yarina(Yarina) used a pipe_bomb 9-13-2020, 12:16:46 AM
Yarina(Yarina) used a pipe_bomb 9-13-2020, 12:16:47 AM
Yarina(Yarina) used a pipe_bomb 9-13-2020, 12:16:48 AM
Yarina(Yarina) used a pipe_bomb 9-13-2020, 12:16:48 AM
Yarina(Yarina) used a pipe_bomb 9-13-2020, 12:16:48 AM
Yarina(Yarina) used a pipe_bomb 9-13-2020, 12:16:49 AM
Yarina(Yarina) used a pipe_bomb 9-13-2020, 12:16:50 AM
Yarina(Yarina) used a pipe_bomb 9-13-2020, 12:16:53 AM
Yarina(Yarina) used a pipe_bomb 9-13-2020, 12:16:53 AM
Yarina(Yarina) used a pipe_bomb 9-13-2020, 12:16:54 AM
Yarina(Yarina) used a pipe_bomb 9-13-2020, 12:16:54 AM
Yarina(Yarina) used a pipe_bomb 9-13-2020, 12:16:54 AM
Yarina(Yarina) used a pipe_bomb 9-13-2020, 12:16:55 AM
Yarina(Yarina) used a pipe_bomb 9-13-2020, 12:16:55 AM
Yarina(Yarina) used a pipe_bomb 9-13-2020, 12:16:55 AM
Yarina(Yarina) used a pipe_bomb 9-13-2020, 12:16:56 AM
Yarina(Yarina) used a pipe_bomb 9-13-2020, 12:17:20 AM
Yarina(Yarina) used a pipe_bomb 9-13-2020, 12:17:20 AM
Yarina(Yarina) used a pipe_bomb 9-13-2020, 12:17:20 AM
Yarina(Yarina) used a pipe_bomb 9-13-2020, 12:17:20 AM
Yarina(Yarina) used a pipe_bomb 9-13-2020, 12:17:21 AM
Yarina(Yarina) used a pipe_bomb 9-13-2020, 12:17:21 AM
Yarina(Yarina) used a pipe_bomb 9-13-2020, 12:17:21 AM
Yarina(Yarina) used a pipe_bomb 9-13-2020, 12:17:22 AM
Yarina(Yarina) used a pipe_bomb 9-13-2020, 12:17:22 AM
Yarina(Yarina) used a pipe_bomb 9-13-2020, 12:17:23 AM
Yarina(Yarina) used a pipe_bomb 9-13-2020, 12:17:27 AM
Yarina(Yarina) used a pipe_bomb 9-13-2020, 12:17:28 AM
Yarina(Yarina) used a pipe_bomb 9-13-2020, 12:17:31 AM
Yarina(Yarina) used a tk_ultra_health_potion 9-13-2020, 12:01:11 PM
Yarina(Yarina) used a tk_ultra_health_potion 9-13-2020, 12:01:11 PM
Yarina(Yarina) used a health_drink 9-13-2020, 12:01:18 PM
Yarina(Yarina) used a health_drink 9-13-2020, 12:01:18 PM
Yarina(Yarina) used a health_drink 9-13-2020, 12:01:20 PM
Yarina(Yarina) used a health_drink 9-13-2020, 12:01:21 PM
Yarina(Yarina) used a health_drink 9-13-2020, 12:01:21 PM
Yarina(Yarina) used a health_drink 9-13-2020, 12:01:21 PM
Yarina(Yarina) used a health_drink 9-13-2020, 12:01:23 PM
Yarina(Yarina) used a health_drink 9-13-2020, 12:01:23 PM
Yarina(Yarina) used a health_drink 9-13-2020, 12:01:24 PM
Yarina(Yarina) used a health_drink 9-13-2020, 12:01:24 PM
Yarina(Yarina) used a health_drink 9-13-2020, 12:01:24 PM
Yarina(Yarina) used a health_drink 9-13-2020, 12:01:26 PM
Yarina(Yarina) used a health_drink 9-13-2020, 12:01:26 PM
Yarina(Yarina) used a health_drink 9-13-2020, 12:01:27 PM
Yarina(Yarina) used a health_drink 9-13-2020, 12:01:27 PM
Yarina(Yarina) used a health_drink 9-13-2020, 12:01:28 PM
Yarina(Yarina) used a aircraft 9-13-2020, 12:01:52 PM
Yarina(Yarina) used a modern_sub_machine_gun_carbine 9-13-2020, 12:02:43 PM
Yarina(Yarina) used a tk_ultra_health_potion 9-13-2020, 12:03:51 PM
Yarina(Yarina) used a health_drink 9-13-2020, 12:03:56 PM
Yarina(Yarina) used a health_drink 9-13-2020, 12:03:56 PM
Yarina(Yarina) used a health_drink 9-13-2020, 12:03:58 PM
Yarina(Yarina) used a health_drink 9-13-2020, 12:03:58 PM
Yarina(Yarina) used a health_drink 9-13-2020, 12:03:59 PM
Yarina(Yarina) used a health_drink 9-13-2020, 12:03:59 PM
Yarina(Yarina) used a health_drink 9-13-2020, 12:03:59 PM
Yarina(Yarina) used a health_drink 9-13-2020, 12:04:00 PM
Yarina(Yarina) used a health_drink 9-13-2020, 12:04:00 PM
Yarina(Yarina) used a health_drink 9-13-2020, 12:04:01 PM
Yarina(Yarina) used a health_drink 9-13-2020, 12:04:02 PM
Yarina(Yarina) used a health_drink 9-13-2020, 12:04:02 PM
Yarina(Yarina) used a health_drink 9-13-2020, 12:04:02 PM
Yarina(Yarina) used a health_drink 9-13-2020, 12:04:03 PM
Yarina(Yarina) used a health_drink 9-13-2020, 12:04:03 PM
Yarina(Yarina) used a health_drink 9-13-2020, 12:04:04 PM
Yarina(Yarina) used a health_drink 9-13-2020, 12:04:04 PM
Yarina(Yarina) used a health_drink 9-13-2020, 12:04:05 PM
Yarina(Yarina) used a health_drink 9-13-2020, 12:04:05 PM
Yarina(Yarina) used a health_drink 9-13-2020, 12:04:05 PM
Yarina(Yarina) used a health_drink 9-13-2020, 12:04:06 PM
Yarina(Yarina) used a health_drink 9-13-2020, 12:04:06 PM
Yarina(Yarina) used a health_drink 9-13-2020, 12:04:06 PM
Yarina(Yarina) used a health_drink 9-13-2020, 12:04:07 PM
Yarina(Yarina) used a health_drink 9-13-2020, 12:04:08 PM
Yarina(Yarina) used a health_drink 9-13-2020, 12:04:08 PM
Yarina(Yarina) used a health_drink 9-13-2020, 12:04:08 PM
Yarina(Yarina) used a health_drink 9-13-2020, 12:04:09 PM
Yarina(Yarina) used a health_drink 9-13-2020, 12:04:09 PM
Yarina(Yarina) used a health_drink 9-13-2020, 12:04:09 PM
Yarina(Yarina) used a health_drink 9-13-2020, 12:04:10 PM
Yarina(Yarina) used a health_drink 9-13-2020, 12:04:11 PM
Yarina(Yarina) used a health_drink 9-13-2020, 12:04:11 PM
Yarina(Yarina) used a health_drink 9-13-2020, 12:04:12 PM
Yarina(Yarina) used a health_drink 9-13-2020, 12:04:12 PM
Yarina(Yarina) used a health_drink 9-13-2020, 12:04:12 PM
Yarina(Yarina) used a health_drink 9-13-2020, 12:04:13 PM
Yarina(Yarina) used a health_drink 9-13-2020, 12:04:13 PM
Yarina(Yarina) used a aircraft 9-13-2020, 12:04:49 PM
Yarina(Yarina) used a aircraft 9-13-2020, 12:04:50 PM
Yarina(Yarina) used a tk_ultra_health_potion 9-13-2020, 12:07:28 PM
Yarina(Yarina) used a tk_ultra_health_potion 9-13-2020, 12:07:29 PM
Yarina(Yarina) used a health_drink 9-13-2020, 12:07:35 PM
Yarina(Yarina) used a health_drink 9-13-2020, 12:07:35 PM
Yarina(Yarina) used a health_drink 9-13-2020, 12:07:37 PM
Yarina(Yarina) used a health_drink 9-13-2020, 12:07:37 PM
Yarina(Yarina) used a health_drink 9-13-2020, 12:07:38 PM
Yarina(Yarina) used a health_drink 9-13-2020, 12:07:38 PM
Yarina(Yarina) used a health_drink 9-13-2020, 12:07:38 PM
Yarina(Yarina) used a health_drink 9-13-2020, 12:07:40 PM
Yarina(Yarina) used a health_drink 9-13-2020, 12:07:40 PM
Yarina(Yarina) used a health_drink 9-13-2020, 12:07:40 PM
Yarina(Yarina) used a health_drink 9-13-2020, 12:07:41 PM
Yarina(Yarina) used a health_drink 9-13-2020, 12:07:41 PM
Yarina(Yarina) used a health_drink 9-13-2020, 12:07:41 PM
Yarina(Yarina) used a health_drink 9-13-2020, 12:07:42 PM
Yarina(Yarina) used a hand_cannon 9-13-2020, 12:08:40 PM
Yarina(Yarina) used a modern_sub_machine_gun_carbine 9-13-2020, 12:09:40 PM
Yarina(Yarina) used a modern_sub_machine_gun_carbine 9-13-2020, 12:09:40 PM
Yarina(Yarina) used a hand_cannon 9-13-2020, 12:09:46 PM
Yarina(Yarina) used a guided_missile 9-13-2020, 12:10:23 PM
Yarina(Yarina) used a guided_missile 9-13-2020, 12:10:25 PM
Yarina(Yarina) used a guided_missile 9-13-2020, 12:10:26 PM
Yarina(Yarina) used a aircraft 9-13-2020, 12:10:32 PM
Yarina(Yarina) used a aircraft 9-13-2020, 4:31:25 PM
Yarina(Yarina) used a aircraft 9-13-2020, 4:32:12 PM
Yarina(Yarina) used a aircraft 9-13-2020, 4:33:57 PM
Yarina(Yarina) used a modern_sub_machine_gun_carbine 9-13-2020, 4:36:21 PM
Yarina(Yarina) used a tk_ultra_health_potion 9-13-2020, 4:36:40 PM
Yarina(Yarina) used a tk_ultra_health_potion 9-13-2020, 4:36:40 PM
Yarina(Yarina) used a health_drink 9-13-2020, 4:36:43 PM
Yarina(Yarina) used a health_drink 9-13-2020, 4:36:44 PM
Yarina(Yarina) used a health_drink 9-13-2020, 4:36:47 PM
Yarina(Yarina) used a health_drink 9-13-2020, 4:36:47 PM
Yarina(Yarina) used a health_drink 9-13-2020, 4:36:49 PM
Yarina(Yarina) used a health_drink 9-13-2020, 4:36:49 PM
Yarina(Yarina) used a health_drink 9-13-2020, 4:36:50 PM
Yarina(Yarina) used a health_drink 9-13-2020, 4:36:50 PM
Yarina(Yarina) used a health_drink 9-13-2020, 4:36:52 PM
Yarina(Yarina) used a health_drink 9-13-2020, 4:36:52 PM
Yarina(Yarina) used a health_drink 9-13-2020, 4:36:53 PM
Yarina(Yarina) used a health_drink 9-13-2020, 4:36:53 PM
Yarina(Yarina) used a health_drink 9-13-2020, 4:36:53 PM
Yarina(Yarina) used a invisibility_shield 9-13-2020, 4:37:02 PM
Yarina(Yarina) used a invisibility_shield 9-13-2020, 4:37:03 PM
Yarina(Yarina) used a invisibility_shield 9-13-2020, 4:37:03 PM
Yarina(Yarina) used a invisibility_shield 9-13-2020, 4:37:04 PM
Yarina(Yarina) used a invisibility_shield 9-13-2020, 4:37:04 PM
Yarina(Yarina) used a invisibility_shield 9-13-2020, 4:37:05 PM
Yarina(Yarina) used a invisibility_shield 9-13-2020, 4:37:05 PM
Yarina(Yarina) used a invisibility_shield 9-13-2020, 4:37:05 PM
Yarina(Yarina) used a invisibility_shield 9-13-2020, 4:37:06 PM
Yarina(Yarina) used a invisibility_shield 9-13-2020, 4:37:06 PM
Yarina(Yarina) used a invisibility_shield 9-13-2020, 4:37:07 PM
Yarina(Yarina) used a invisibility_shield 9-13-2020, 4:37:07 PM
Yarina(Yarina) used a invisibility_shield 9-13-2020, 4:37:07 PM
Yarina(Yarina) used a invisibility_shield 9-13-2020, 4:37:08 PM
Yarina(Yarina) used a invisibility_shield 9-13-2020, 4:37:08 PM
Yarina(Yarina) used a invisibility_shield 9-13-2020, 4:37:08 PM
Yarina(Yarina) used a invisibility_shield 9-13-2020, 4:37:10 PM
Yarina(Yarina) used a invisibility_shield 9-13-2020, 4:37:10 PM
Yarina(Yarina) used a invisibility_shield 9-13-2020, 4:37:11 PM
Yarina(Yarina) used a invisibility_shield 9-13-2020, 4:37:11 PM
Yarina(Yarina) used a invisibility_shield 9-13-2020, 4:37:11 PM
Yarina(Yarina) used a invisibility_shield 9-13-2020, 4:37:12 PM
Yarina(Yarina) used a invisibility_shield 9-13-2020, 4:37:12 PM
Yarina(Yarina) used a hand_cannon 9-13-2020, 4:37:41 PM
Yarina(Yarina) used a helicopter 9-13-2020, 4:38:41 PM
Yarina(Yarina) used a helicopter 9-13-2020, 4:39:07 PM
Yarina(Yarina) used a tk_ultra_health_potion 9-13-2020, 4:41:00 PM
Yarina(Yarina) used a tk_ultra_health_potion 9-13-2020, 4:41:01 PM
Yarina(Yarina) used a health_drink 9-13-2020, 4:41:06 PM
Yarina(Yarina) used a health_drink 9-13-2020, 4:41:07 PM
Yarina(Yarina) used a health_drink 9-13-2020, 4:41:09 PM
Yarina(Yarina) used a health_drink 9-13-2020, 4:41:09 PM
Yarina(Yarina) used a health_drink 9-13-2020, 4:41:09 PM
Yarina(Yarina) used a health_drink 9-13-2020, 4:41:10 PM
Yarina(Yarina) used a health_drink 9-13-2020, 4:41:10 PM
Yarina(Yarina) used a aircraft 9-13-2020, 5:02:10 PM
Yarina(Yarina) used a aircraft 9-13-2020, 5:02:11 PM