
divine (sgamer) said hi 1-17-2021, 10:08:49 AM
divine (sgamer) said sgamer just started using an item grabber!  1-17-2021, 10:25:55 AM
divine (sgamer) said you know that particular element in physics where velocity increases as you fall? yeah, best-killer learned that really fuckin quick, and we can thank hazard. 1-17-2021, 10:27:24 AM
divine (sgamer) said aha 1-17-2021, 10:28:18 AM
divine (sgamer) said hi 1-17-2021, 10:28:21 AM
divine (sgamer) said hi sister\ 1-17-2021, 10:28:33 AM
divine (sgamer) said gangsters  corporal divine: hi sister\ 1-17-2021, 10:28:37 AM
divine (sgamer) said gangsters  corporal divine: hi sister\ 1-17-2021, 10:28:42 AM
divine (sgamer) said ha 1-17-2021, 10:31:12 AM
divine (sgamer) said a 1-17-2021, 10:31:28 AM
divine (sgamer) said oops? man down! that man is krish. the laws of gravity isn't so kind on under you is a huge cauldron of boiling water, it is better not to fall into it. 1-17-2021, 10:34:20 AM
divine (sgamer) said o 1-17-2021, 10:35:23 AM
divine (sgamer) said aha 1-17-2021, 10:35:37 AM
divine (sgamer) said 100 1-17-2021, 10:36:01 AM
divine (sgamer) said ha 1-17-2021, 10:36:16 AM
divine (sgamer) said jha bro  message of the day:  you can get a storm sniper, and the legendary sword by finish the dangerous place challenge this is at 5 5 0 in challenge maps, and dont ask game staff to give items, we will not do this!
afk area has been added! you can find in at 15 15 0 in the store!
welcome to the killer! we hope you like the game, and we advise you to invite your friends! good luck and enjoy!
 link for the game below!
http://darkserver.ru/tk2/tk.zip 1-17-2021, 10:36:33 AM
divine (sgamer) said gooooooooooooooood 1-17-2021, 10:36:55 AM
divine (sgamer) said wa wa  1-17-2021, 10:37:01 AM
divine (sgamer) said ha 1-17-2021, 10:37:35 AM
divine (sgamer) said )/suicide) 1-17-2021, 10:37:47 AM
divine (sgamer) said aha 1-17-2021, 10:38:06 AM
divine (sgamer) said hahahahah 1-17-2021, 10:38:15 AM
divine (sgamer) said aha 1-17-2021, 10:38:43 AM
divine (sgamer) said aha 1-17-2021, 10:38:50 AM
divine (sgamer) said niceeeeeeeeeeeeeeeeeeeeeeeeeeeeeeee 1-17-2021, 10:38:54 AM
divine (sgamer) said o 1-17-2021, 10:41:14 AM
divine (sgamer) said o 1-17-2021, 10:41:35 AM
divine (sgamer) said roflflflflflflfl 1-17-2021, 10:43:19 AM
divine (sgamer) said a 1-17-2021, 10:43:43 AM
divine (sgamer) said try to get around it 1-17-2021, 10:47:00 AM
divine (sgamer) said ha 1-17-2021, 10:47:58 AM
divine (sgamer) said a 1-17-2021, 10:49:42 AM
divine (sgamer) said halag 1-17-2021, 10:51:58 AM
divine (sgamer) said jha jha jha  1-17-2021, 10:53:22 AM
divine (sgamer) said khaha 1-17-2021, 10:58:32 AM
divine (sgamer) said o no 1-17-2021, 10:58:46 AM
divine (sgamer) said matlab  i dont know  1-17-2021, 10:58:59 AM
divine (sgamer) said 46330 health, 0 shielded shots. 1-17-2021, 11:02:07 AM
divine (sgamer) said rofl 1-17-2021, 11:08:21 AM
divine (sgamer) said aha 1-17-2021, 11:11:59 AM
divine (sgamer) said gooooooooooooooooooooooood 1-17-2021, 11:12:04 AM
divine (sgamer) said b r b all 1-17-2021, 11:54:24 AM
divine (sgamer) said done! 1-17-2021, 12:18:20 PM
divine (sgamer) said aha 1-17-2021, 12:33:23 PM
divine (sgamer) said ha 1-17-2021, 12:46:49 PM
divine (sgamer) said ha 1-17-2021, 12:51:47 PM
divine (sgamer) said message of the day:  new in 1.99.8
added radio!
each builder on the map can put a link that will be played
also added new hot keys: alt page up, increase the radio volume, alt page down, decrease

we added a bar where you can only fight with empty bottles of beer and juice! you can find it in the store! enjoy!
you can get a storm sniper, and the legendary sword by finish the dangerous place challenge this is at 5 5 0 in challenge maps, and dont ask game staff to give items, we will not do this!
afk area has been added! you can find in at 15 15 0 in the store!
welcome to the killer! we hope you like the game, and we advise you to invite your friends! good luck and enjoy!
 link for the game below!
http://darkserver.ru/tk2/tk.zip 1-17-2021, 12:52:56 PM
divine (sgamer) said which gun 1-17-2021, 1:00:41 PM
divine (sgamer) said o 1-17-2021, 1:00:54 PM
divine (sgamer) said message of the day:  new in 1.99.8
added radio!
each builder on the map can put a link that will be played
also added new hot keys: alt page up, increase the radio volume, alt page down, decrease

we added a bar where you can only fight with empty bottles of beer and juice! you can find it in the store! enjoy!
you can get a storm sniper, and the legendary sword by finish the dangerous place challenge this is at 5 5 0 in challenge maps, and dont ask game staff to give items, we will not do this!
afk area has been added! you can find in at 15 15 0 in the store!
welcome to the killer! we hope you like the game, and we advise you to invite your friends! good luck and enjoy!
 link for the game below!
http://darkserver.ru/tk2/tk.zip 1-17-2021, 1:19:58 PM
divine (sgamer) said ha 1-17-2021, 1:23:24 PM
divine (sgamer) said ha 1-17-2021, 1:25:06 PM
divine (sgamer) said ha 1-17-2021, 1:26:16 PM
divine (sgamer) said ha 1-17-2021, 1:27:20 PM
divine (sgamer) said ha 1-17-2021, 1:28:25 PM
divine (sgamer) said a pack of coins! 1-17-2021, 1:29:28 PM
divine (sgamer) said what 1-17-2021, 1:30:02 PM
divine (sgamer) said where 1-17-2021, 1:35:33 PM
divine (sgamer) said current location: palace on the clouds 1-17-2021, 1:41:56 PM
divine (sgamer) said ha 1-17-2021, 1:48:06 PM
divine (sgamer) said o 1-17-2021, 2:12:51 PM
divine (sgamer) said i amd 1-17-2021, 2:19:31 PM
divine (sgamer) said i am ded 1-17-2021, 2:19:38 PM
divine (sgamer) said sgamer just started using an item grabber!  1-17-2021, 2:22:28 PM
divine (sgamer) said ha 1-17-2021, 2:31:02 PM
divine (sgamer) said y 1-17-2021, 2:31:24 PM
divine (sgamer) said tsunami left the team! 1-17-2021, 2:31:32 PM
divine (sgamer) said aha 1-17-2021, 2:31:45 PM
divine (sgamer) said tsunami came online 1-17-2021, 2:32:56 PM
divine (sgamer) said ) nick 1-17-2021, 2:33:50 PM
divine (sgamer) said nick name 1-17-2021, 2:34:03 PM
divine (sgamer) said details for the funn event: event description: this event has no description.
this event takes place on the event map at 0, 10, 0.
when you join this event, you can leave at any time.
all items in your inventory will work in the event. items you collect durring the event will be kept in your inventory once the event has ended. items do not spawn while you are in this event.
 1-17-2021, 2:44:03 PM
divine (sgamer) said hi 1-17-2021, 2:54:16 PM
divine (sgamer) said sgamer just started using an item grabber!  1-17-2021, 2:56:44 PM
divine (sgamer) said what 1-17-2021, 3:01:37 PM
divine (sgamer) said ha 1-17-2021, 3:03:21 PM
divine (sgamer) said o 1-17-2021, 3:09:41 PM
divine (sgamer) said ha 1-17-2021, 3:10:19 PM
divine (sgamer) said aha 1-17-2021, 3:10:31 PM
divine (sgamer) said ha 1-17-2021, 3:11:42 PM
divine (sgamer) said thanks, your number has been submited 1-17-2021, 4:09:09 PM
divine (sgamer) said tell 1-17-2021, 4:31:51 PM
divine (sgamer) said bol 1-17-2021, 4:31:53 PM
divine (sgamer) said ok ruk  aaya 1-17-2021, 4:32:06 PM
divine (sgamer) said aha 1-17-2021, 4:33:02 PM
divine (sgamer) said gooooooooooood 1-17-2021, 4:33:12 PM
divine (sgamer) said too jha yar 1-17-2021, 4:38:08 PM
divine (sgamer) said jha 1-17-2021, 4:38:37 PM
divine (sgamer) said o 1-17-2021, 4:52:25 PM
divine (sgamer) said tu jha yar 1-17-2021, 4:52:43 PM
divine (sgamer) said aaaaaaaaaa 1-17-2021, 4:54:21 PM
divine (sgamer) said ok 1-17-2021, 4:54:59 PM
divine (sgamer) said current location: the snow mountain 1-17-2021, 5:15:51 PM
divine (sgamer) said o 1-17-2021, 5:16:03 PM
divine (sgamer) said aaaaaaaaaaaaaaaa 1-17-2021, 5:16:06 PM
divine (sgamer) said aaja 1-17-2021, 5:16:10 PM
divine (sgamer) said aaja 1-17-2021, 5:16:12 PM
divine (sgamer) said aaja 1-17-2021, 5:16:14 PM
divine (sgamer) said aaja beta ro mat 1-17-2021, 5:16:22 PM
divine (sgamer) said gangsters  sergeant divine: aaja beta ro mat 1-17-2021, 5:16:32 PM
divine (sgamer) said ha 1-17-2021, 5:16:45 PM
divine (sgamer) said haha 1-17-2021, 5:16:47 PM
divine (sgamer) said aaja bhi 1-17-2021, 5:16:52 PM
divine (sgamer) said press enter to finish 1-17-2021, 5:17:44 PM
divine (sgamer) said congratulations, you've got 558855coins! 1-17-2021, 5:24:32 PM
divine (sgamer) said o 1-17-2021, 5:28:43 PM
divine (sgamer) said mira bacha 1-17-2021, 5:28:48 PM
divine (sgamer) said o 1-17-2021, 5:32:07 PM
divine (sgamer) said weapon store 1-17-2021, 5:35:54 PM
divine (sgamer) said the hahah shelter belonging to minzaw with 100000 health is streight in front, 1 feet away.  1-17-2021, 5:43:11 PM
divine (sgamer) said current location: dangerous place 1-17-2021, 5:43:15 PM
divine (sgamer) said o 1-17-2021, 5:53:48 PM
divine (sgamer) said sorry bro 1-17-2021, 5:53:54 PM
divine (sgamer) said  sergeant divine: sorry bro 1-17-2021, 5:54:02 PM
divine (sgamer) said ajjjjjjjhaaaaaaaaaaaaaa 1-17-2021, 5:56:36 PM
divine (sgamer) said prashant 1-17-2021, 6:00:03 PM
divine (sgamer) said o 1-17-2021, 7:41:38 PM
divine (sgamer) said i am  1-17-2021, 7:41:45 PM
divine (sgamer) said so 1-17-2021, 7:41:51 PM
divine (sgamer) said yes 1-17-2021, 7:42:06 PM
divine (sgamer) said faltu  1-17-2021, 7:42:10 PM
divine (sgamer) said o 1-17-2021, 7:42:22 PM
divine (sgamer) said hahahahah 1-17-2021, 7:42:27 PM
divine (sgamer) said krish 1-17-2021, 7:42:38 PM
divine (sgamer) said roo mat 1-17-2021, 7:42:45 PM
divine (sgamer) said krish 1-17-2021, 7:42:55 PM
divine (sgamer) said ro mat 1-17-2021, 7:43:02 PM
divine (sgamer) said tu chup 1-17-2021, 7:43:19 PM
divine (sgamer) said hahaha krish went offline 1-17-2021, 7:43:24 PM
divine (sgamer) said jhyada bool mat 1-17-2021, 7:43:48 PM
divine (sgamer) said o 1-17-2021, 7:44:06 PM
divine (sgamer) said i am not chiter like you  1-17-2021, 7:44:40 PM
divine (sgamer) said ok 1-17-2021, 7:44:46 PM
divine (sgamer) said bhi 1-17-2021, 7:44:48 PM
divine (sgamer) said o 1-17-2021, 7:45:30 PM
divine (sgamer) said o 1-17-2021, 7:45:47 PM
divine (sgamer) said looooooooooool 1-17-2021, 7:46:24 PM
divine (sgamer) said ha 1-17-2021, 7:51:29 PM
divine (sgamer) said ha 1-17-2021, 7:55:02 PM
divine (sgamer) said Synthesizer:  combo box  IBMTTS  collapsed  Alt+s 1-17-2021, 7:55:52 PM
divine (sgamer) said o 1-17-2021, 7:59:06 PM
divine (sgamer) said ha 1-17-2021, 8:09:30 PM
divine (sgamer) said aha  albert  anistin you know that particular element in physics where velocity increases as you fall? yeah, krish learned that really fuckin quick, and we can thank hazard. 1-17-2021, 8:11:05 PM
divine (sgamer) said aha 1-17-2021, 8:12:44 PM
divine (sgamer) said hahahah 1-17-2021, 8:13:25 PM
divine (sgamer) said again 1-17-2021, 8:13:55 PM
divine (sgamer) said ao 1-17-2021, 8:14:17 PM
divine (sgamer) said we are not bil gets  1-17-2021, 8:14:36 PM
divine (sgamer) said o 1-17-2021, 8:15:22 PM
divine (sgamer) said you are at max health and you can't go any higher! 1-17-2021, 8:15:52 PM
divine (sgamer) said elijah bro 1-17-2021, 8:16:25 PM
divine (sgamer) said elijah/ 1-17-2021, 8:16:55 PM
divine (sgamer) said you know where is teja 1-17-2021, 8:17:15 PM
divine (sgamer) said tell 1-17-2021, 8:17:34 PM
divine (sgamer) said o 1-17-2021, 8:17:53 PM
divine (sgamer) said k 1-17-2021, 8:18:05 PM
divine (sgamer) said he is not coming   1-17-2021, 8:18:17 PM
divine (sgamer) said yes 1-17-2021, 8:18:28 PM
divine (sgamer) said ha 1-17-2021, 8:18:34 PM
divine (sgamer) said wait i will msg him on whats app 1-17-2021, 8:18:49 PM
divine (sgamer) said eb.whatsapp.com selected 1-17-2021, 8:19:12 PM
divine (sgamer) said WhatsApp Web - Google Chrome 1-17-2021, 8:19:21 PM
divine (sgamer) said spelling error  teja y you not coming in all games  1-17-2021, 8:20:12 PM
divine (sgamer) said Leave  button  1 of 2 1-17-2021, 8:20:28 PM
divine (sgamer) said o 1-17-2021, 8:20:43 PM
divine (sgamer) said go tame 1-17-2021, 8:20:52 PM
divine (sgamer) said take 1-17-2021, 8:20:55 PM
divine (sgamer) said 30000000? 1-17-2021, 8:21:49 PM
divine (sgamer) said 30000 1-17-2021, 8:21:56 PM
divine (sgamer) said elijah\ 1-17-2021, 8:23:03 PM
divine (sgamer) said you   sea my vidio 1-17-2021, 8:23:35 PM
divine (sgamer) said t q  1-17-2021, 8:23:50 PM
divine (sgamer) said ha 1-17-2021, 8:24:03 PM
divine (sgamer) said in next part 1-17-2021, 8:24:31 PM
divine (sgamer) said i will invite teja 2020 hear 1-17-2021, 8:25:37 PM
divine (sgamer) said te 1-17-2021, 8:26:28 PM
divine (sgamer) said yes 1-17-2021, 8:26:30 PM
divine (sgamer) said they  all 1-17-2021, 8:26:36 PM
divine (sgamer) said hear 1-17-2021, 8:26:39 PM
divine (sgamer) said i invited  1-17-2021, 8:26:50 PM
divine (sgamer) said welcome ! 1-17-2021, 8:26:54 PM
divine (sgamer) said login options 1-17-2021, 8:27:01 PM
divine (sgamer) said connecting the server, please wait! 1-17-2021, 8:27:25 PM
divine (sgamer) said OK  button 1-17-2021, 8:27:35 PM
divine (sgamer) said e k  1-17-2021, 8:27:49 PM
divine (sgamer) said down 1-17-2021, 8:27:52 PM
divine (sgamer) said yes 1-17-2021, 8:27:59 PM
divine (sgamer) said now open 1-17-2021, 8:28:07 PM
divine (sgamer) said aaaaa 1-17-2021, 8:28:15 PM
divine (sgamer) said ek 1-17-2021, 8:28:22 PM
divine (sgamer) said e k  1-17-2021, 8:28:25 PM
divine (sgamer) said no t w is not down 1-17-2021, 8:28:38 PM
divine (sgamer) said wait 1-17-2021, 8:28:43 PM
divine (sgamer) said TheWar - Shortcut  34 of 36 1-17-2021, 8:28:52 PM
divine (sgamer) said Loading sounds. Please wait! 1-17-2021, 8:28:59 PM
divine (sgamer) said BattleField 1-17-2021, 8:29:18 PM
divine (sgamer) said legends Sergeant divine: hi 1-17-2021, 8:29:30 PM
divine (sgamer) said The ping took 373 ms 1-17-2021, 8:29:41 PM
divine (sgamer) said Are you sure you want to quit the game? 1-17-2021, 8:29:54 PM
divine (sgamer) said no 1-17-2021, 8:30:01 PM
divine (sgamer) said hahah] 1-17-2021, 8:30:04 PM
divine (sgamer) said sorry for jok i dont have 1-17-2021, 8:30:16 PM
divine (sgamer) said hahahah 1-17-2021, 8:30:31 PM
divine (sgamer) said haha 1-17-2021, 8:30:40 PM
divine (sgamer) said 1234567890-= 1-17-2021, 8:30:51 PM
divine (sgamer) said ek is down (t w is not down) 1-17-2021, 8:31:24 PM
divine (sgamer) said 3dyw 1-17-2021, 8:31:40 PM
divine (sgamer) said (3(d(y(w))) 1-17-2021, 8:32:11 PM
divine (sgamer) said aha 1-17-2021, 8:32:18 PM
divine (sgamer) said hvr 1-17-2021, 8:32:29 PM
divine (sgamer) said warcry  52 of 54 1-17-2021, 8:32:47 PM
divine (sgamer) said which 1-17-2021, 8:33:03 PM
divine (sgamer) said aha 1-17-2021, 8:33:18 PM
divine (sgamer) said send plz 1-17-2021, 8:33:21 PM
divine (sgamer) said redspot  41 of 54 1-17-2021, 8:33:23 PM
divine (sgamer) said yes 1-17-2021, 8:33:44 PM
divine (sgamer) said  newbie rockstar99: which red spod? 1-17-2021, 8:33:46 PM
divine (sgamer) said wait 1-17-2021, 8:33:57 PM
divine (sgamer) said 4 percent 1-17-2021, 8:34:12 PM
divine (sgamer) said Play 1-17-2021, 8:34:26 PM
divine (sgamer) said welcome to redspot. This vertion of redspot is being developed by arman izadi, mahdi saadat, and mohammadhosein ghezelsofla. Version 0.91. Type /rules to see the rules. Message of the day: empty colas now fixed! you can thro one of them only in 20 sec! You can now move players with bike when they are 0 step from you!
A few bugs were fixed in relation to empty cola, thank you Ghaderi!
The game link: http://5.39.125.254/redspot.zip
You can't go afk while you are in store anymore.
Added satellite bomb locater. Use that to understand where is your satellite bombs! But remember, this has a test sound.
Added killing ground map. When you are newbie, type /baddlefield to go to baddlefield map, or type /newbie to go to killing ground.
You can remain in the killingground map just 30 minutes. 
Added /report command, if you want to call developers quickly, use it. If there's any developer or admin around, they'll see your mesage.
The bug of hammer, shotgun, handgun and machinegun has been fixed. We don't have machine gun now.
Random inventory Also added, you have 3 random weapons and some more item at your default inventory.
If you open a corpse having corpse bomb, you'll go to dream for some seconds, and you will see the items you lost!
The claymore won't kill a linklost player anymore.
combo arena and melee arena map added, type /marena or /carena to join to melee arena or combo arena,  and type /leavearena to leav. Remember, when you type /marena, or /carena you need to go offline and come back to be in arena, and You also need to do the same to get back. You couldn't go afk in any of the above arenas.
The canisters are now usable with hands.
Friends please, please, and please, learn the game and do not call each other cheaters. Just because one of you is stronger does not mean that he/she is a cheater. The drs and thc teams have been playing for at least 3 months. So if you want to get power, play! as much as you can
We like others, have a lot of enemies. Most  of them are trying to destroy us. Remember. We never help anyone with items or moves or anything like that because we do not want to destroy ourselves. We dont need to use admin commands. When we know that if we use them, we lose players, why should we use them? 1-17-2021, 8:34:32 PM
divine (sgamer) said Are you sure you wish to exit Redspot? 1-17-2021, 8:34:50 PM
divine (sgamer) said on skype 1-17-2021, 8:35:11 PM
divine (sgamer) said aha 1-17-2021, 8:35:29 PM
divine (sgamer) said tk  28 of 36 1-17-2021, 8:35:40 PM
divine (sgamer) said 3dyw.exe; Size: 1,206,094; Packed: 740,664; Type: Application; Modified: 21/12/2020 7:12 AM; CRC32: 99024BF4  4 of 11 1-17-2021, 8:36:10 PM
divine (sgamer) said o 1-17-2021, 8:36:39 PM
divine (sgamer) said Sign in as sgamer 1-17-2021, 8:36:49 PM
divine (sgamer) said success 1-17-2021, 8:36:56 PM
divine (sgamer) said no 1-17-2021, 8:37:16 PM
divine (sgamer) said Hi sgamer, there is a new vote currently in progress. Please help us, submit your opinion. Description of the vote as follows: 
Do you believe our rules are too strict? Type /vote yes or or /vote no to submit your answer.  1-17-2021, 8:37:18 PM
divine (sgamer) said ok 1-17-2021, 8:37:33 PM
divine (sgamer) said Your vote has been submitted. Thanks!  1-17-2021, 8:37:54 PM
divine (sgamer) said Alright! Leaving the server...  1-17-2021, 8:38:42 PM
divine (sgamer) said have a nice day sgamer.  1-17-2021, 8:38:51 PM
divine (sgamer) said e k bye blindgamers src 1-17-2021, 8:39:18 PM
divine (sgamer) said ha 1-17-2021, 8:39:35 PM
divine (sgamer) said Undead Assault  17 of 36 1-17-2021, 8:39:44 PM
divine (sgamer) said ha 1-17-2021, 8:40:36 PM
divine (sgamer) said o 1-17-2021, 8:40:41 PM
divine (sgamer) said i have 1-17-2021, 8:40:44 PM
divine (sgamer) said yes and game also 1-17-2021, 8:41:04 PM
divine (sgamer) said what 1-17-2021, 8:41:10 PM
divine (sgamer) said i have 5 tk 1-17-2021, 8:41:17 PM
divine (sgamer) said yes 1-17-2021, 8:41:32 PM
divine (sgamer) said yes 1-17-2021, 8:41:47 PM
divine (sgamer) said o 1-17-2021, 8:48:29 PM
divine (sgamer) said ek 1-17-2021, 8:48:34 PM
divine (sgamer) said is down 1-17-2021, 8:48:39 PM
divine (sgamer) said o 1-17-2021, 8:48:59 PM
divine (sgamer) said what 1-17-2021, 8:49:00 PM
divine (sgamer) said era of knights version 5.1 1-17-2021, 8:49:12 PM
divine (sgamer) said OK  button 1-17-2021, 8:49:34 PM
divine (sgamer) said down 1-17-2021, 8:49:43 PM
divine (sgamer) said down 1-17-2021, 8:49:56 PM
divine (sgamer) said i want blindgamers all games  sorce 1-17-2021, 8:50:22 PM
divine (sgamer) said aha 1-17-2021, 8:51:34 PM
divine (sgamer) said coolgamers.net/bh/bh.zip, 1 of 2 1-17-2021, 8:52:13 PM
divine (sgamer) said yes 1-17-2021, 8:53:10 PM
divine (sgamer) said it is working or not 1-17-2021, 8:53:23 PM
divine (sgamer) said o 1-17-2021, 8:53:33 PM
divine (sgamer) said There are many reasons for performing reverse engineering in various fields. Reverse engineering   has its origins in the analysis of hardware for commercial or military advantage.  link    [4]  :13 However,   the reverse engineering process, as such, is not concerned with creating a copy or changing the   artifact in some way. It is only an   link    analysis   to   link    deduce   design features from products with little or   no additional knowledge about the procedures involved in their original production.  link    [4]  :15  1-17-2021, 8:55:52 PM
divine (sgamer) said ("open msf") 1-17-2021, 8:58:17 PM
divine (sgamer) said .reg/34==()asa?/>>,.$^%**&* 1-17-2021, 8:58:50 PM
divine (sgamer) said opening kali  pleas wait  1-17-2021, 8:59:31 PM
divine (sgamer) said exit butten  1-17-2021, 9:00:16 PM
divine (sgamer) said pkg install  msf. 1-17-2021, 9:01:17 PM
divine (sgamer) said downloading 1-17-2021, 9:01:38 PM
divine (sgamer) said  Kali Linux is a Debian-based Linux distribution aimed at advanced Penetration Testing and Security   1-17-2021, 9:03:30 PM
divine (sgamer) said   Auditing. Kali Linux contains several hundred tools which are geared towards various information  1-17-2021, 9:03:49 PM
divine (sgamer) said   security tasks, such as Penetration Testing, Security research, Computer Forensics and Reverse  1-17-2021, 9:04:09 PM
divine (sgamer) said   Engineering. 1-17-2021, 9:04:28 PM
divine (sgamer) said how 1-17-2021, 9:07:35 PM
divine (sgamer) said how tell 1-17-2021, 9:07:52 PM
divine (sgamer) said aha 1-17-2021, 9:08:28 PM
divine (sgamer) said hahahahhaha 1-17-2021, 9:08:43 PM
divine (sgamer) said can not use this item at this location!can not use this item at this location!can not use this item at this location!can not use this item at this location!can not use this item at this location! 1-17-2021, 9:10:46 PM
divine (sgamer) said nikita-k is a developer of the killer!? 1-17-2021, 9:14:42 PM
divine (sgamer) said aha 1-17-2021, 9:15:07 PM
divine (sgamer) said hahah 1-17-2021, 9:15:21 PM
divine (sgamer) said there are 11 teams. 0 with 1 members and 19 kills and 21732 points, leader nik. 1 with 1 members and 4795 kills and 3988054 points, leader ramil. 2 with 1 members and 203 kills and 26052 points, leader trevor. bestkiller with 5 members and 328 kills and 189019 points, leader stepman. gungsters with 1 members and 38 kills and 27381 points, leader tramp. killer with 3 members and 57 kills and 110967 points, leader dmitriy. leaders with 1 members and 1124 kills and 1004688 points, leader grand father. tankists with 1 members and 24 kills and 17866 points, leader tank. vlad with 2 members and 12 kills and 9379 points, leader vlados2008. zalp with 1 members and 40 kills and 31877 points, leader djtrevor. zalpers with 1 members and 0 kills and 9723 points, leader gamer.  1-17-2021, 9:16:32 PM
divine (sgamer) said ok brb all 1-17-2021, 9:17:07 PM
divine (sgamer) said are you sure you want to exit? 1-17-2021, 9:17:15 PM
divine (sgamer) said ultrabomb countdown started! 1-17-2021, 10:02:38 PM
divine (sgamer) said hi  1-17-2021, 10:21:57 PM
divine (sgamer) said k 1-17-2021, 10:22:41 PM
divine (sgamer) said t w is down 1-17-2021, 10:22:48 PM
divine (sgamer) said i will send  on skype 1-17-2021, 10:23:10 PM
divine (sgamer) said msg mi on skype 1-17-2021, 10:23:25 PM
divine (sgamer) said name is sgamer  1-17-2021, 10:23:39 PM
divine (sgamer) said y 1-17-2021, 10:25:38 PM
divine (sgamer) said s 1-17-2021, 10:25:40 PM
divine (sgamer) said a 1-17-2021, 10:33:50 PM
divine (sgamer) said hi 1-17-2021, 10:38:51 PM
divine (sgamer) said ha 1-17-2021, 10:40:26 PM
divine (sgamer) said yar there is nothing around 1-17-2021, 10:42:18 PM
divine (sgamer) said where are you from  1-17-2021, 10:42:37 PM
divine (sgamer) said Rey 1-17-2021, 10:42:45 PM
divine (sgamer) said o 1-17-2021, 10:42:59 PM
divine (sgamer) said dont know 1-17-2021, 10:43:03 PM
divine (sgamer) said k 1-17-2021, 10:43:09 PM
divine (sgamer) said then you understand hindi or urdou  1-17-2021, 10:43:39 PM
divine (sgamer) said o 1-17-2021, 10:43:49 PM
divine (sgamer) said level up  1-17-2021, 10:44:03 PM
divine (sgamer) said fight  1-17-2021, 10:44:15 PM
divine (sgamer) said by guns  1-17-2021, 10:44:21 PM
divine (sgamer) said dark server is  1-17-2021, 10:45:21 PM
divine (sgamer) said yes 1-17-2021, 10:45:44 PM
divine (sgamer) said i 1-17-2021, 10:45:56 PM
divine (sgamer) said e 1-17-2021, 10:45:58 PM
divine (sgamer) said lol 1-17-2021, 10:46:07 PM
divine (sgamer) said o 1008 health, 378 shielded shots. 1-17-2021, 11:09:37 PM
divine (sgamer) said ha 1-17-2021, 11:11:39 PM