
divine (sgamer) sent /bid 60000 1-17-2021, 10:09:41 AM
divine (sgamer) sent /pm killer3000  pagel  1-17-2021, 10:18:12 AM
divine (sgamer) sent /r sun kisike bhi  coines maat mag  1-17-2021, 10:18:41 AM
divine (sgamer) sent /r prashant come to  stor  1-17-2021, 10:22:10 AM
divine (sgamer) sent /r come 1-17-2021, 10:22:22 AM
divine (sgamer) sent /r come 1-17-2021, 10:22:25 AM
divine (sgamer) sent /r ruk 1-17-2021, 10:22:45 AM
divine (sgamer) sent /r ha 1-17-2021, 10:23:36 AM
divine (sgamer) sent /r n p  1-17-2021, 10:23:50 AM
divine (sgamer) sent /bid 50001 1-17-2021, 10:29:20 AM
divine (sgamer) sent /lchat a 1-17-2021, 10:30:01 AM
divine (sgamer) sent /pm  jha aha 1-17-2021, 10:30:39 AM
divine (sgamer) sent /pm  jha i am salman  1-17-2021, 10:30:56 AM
divine (sgamer) sent /r aha 1-17-2021, 10:31:20 AM
divine (sgamer) sent /pm  nikita-k plz wate  1-17-2021, 10:31:47 AM
divine (sgamer) sent /r ` 1-17-2021, 10:32:00 AM
divine (sgamer) sent /r prece ` 1-17-2021, 10:32:08 AM
divine (sgamer) sent /r to 1-17-2021, 10:32:22 AM
divine (sgamer) sent /bid 100 1-17-2021, 10:36:06 AM
divine (sgamer) sent /cancelbid u 1-17-2021, 10:36:10 AM
divine (sgamer) sent /bid 300 1-17-2021, 10:38:20 AM
divine (sgamer) sent /bid 2000000 1-17-2021, 10:38:27 AM
divine (sgamer) sent /cancelbid u 1-17-2021, 10:38:30 AM
divine (sgamer) sent /gnsubmit 19 1-17-2021, 10:39:26 AM
divine (sgamer) sent /pm  nikita-k i am  making   secnd part of my vidio  after some time  1-17-2021, 10:41:07 AM
divine (sgamer) sent /lchat ha 1-17-2021, 10:48:02 AM
divine (sgamer) sent /suicide 1-17-2021, 10:49:45 AM
divine (sgamer) sent /cancelbid u 1-17-2021, 11:04:14 AM
divine (sgamer) sent /cancelbid u\ 1-17-2021, 11:04:15 AM
divine (sgamer) sent /cancelbid u 1-17-2021, 11:04:16 AM
divine (sgamer) sent /cancelbid u 1-17-2021, 11:04:16 AM
divine (sgamer) sent /cancelbid u 1-17-2021, 11:04:17 AM
divine (sgamer) sent /cancelbid u 1-17-2021, 11:04:17 AM
divine (sgamer) sent /s5 1-17-2021, 11:06:13 AM
divine (sgamer) sent /s10 1-17-2021, 11:06:19 AM
divine (sgamer) sent /help\ 1-17-2021, 11:08:42 AM
divine (sgamer) sent /help 1-17-2021, 11:08:46 AM
divine (sgamer) sent /cancelauction 1-17-2021, 11:10:23 AM
divine (sgamer) sent /t bro 1-17-2021, 11:27:57 AM
divine (sgamer) sent /t come 1-17-2021, 11:28:04 AM
divine (sgamer) sent /t main 313, 290, 0.  1-17-2021, 11:28:10 AM
divine (sgamer) sent /t current location: shelter computer 1-17-2021, 11:28:22 AM
divine (sgamer) sent /t but 1-17-2021, 11:28:44 AM
divine (sgamer) sent /t cear foor 1-17-2021, 11:28:59 AM
divine (sgamer) sent /t current location: shelter computer 1-17-2021, 11:29:06 AM
divine (sgamer) sent /r door out of this shelter 1-17-2021, 11:29:25 AM
divine (sgamer) sent /t door out of this shelter 1-17-2021, 11:29:30 AM
divine (sgamer) sent /t 313, 290, 0.  1-17-2021, 11:29:42 AM
divine (sgamer) sent /t cayer fool 1-17-2021, 11:30:05 AM
divine (sgamer) sent /t a 1-17-2021, 11:31:01 AM
divine (sgamer) sent /t tell 1-17-2021, 11:31:20 AM
divine (sgamer) sent /t how 1-17-2021, 11:31:29 AM
divine (sgamer) sent /t o 1-17-2021, 11:31:45 AM
divine (sgamer) sent /t wait 1-17-2021, 11:31:47 AM
divine (sgamer) sent /help 1-17-2021, 11:31:51 AM
divine (sgamer) sent /t o 1-17-2021, 11:32:34 AM
divine (sgamer) sent /t ok 1-17-2021, 11:32:41 AM
divine (sgamer) sent /shteam 1-17-2021, 11:33:19 AM
divine (sgamer) sent /t this shelter doesn't belong to a team 1-17-2021, 11:33:23 AM
divine (sgamer) sent /help 1-17-2021, 11:33:33 AM
divine (sgamer) sent /shteam 1-17-2021, 11:34:00 AM
divine (sgamer) sent /t this shelter doesn't belong to a team 1-17-2021, 11:34:03 AM
divine (sgamer) sent /help 1-17-2021, 11:34:10 AM
divine (sgamer) sent /shadd athee 1-17-2021, 11:34:43 AM
divine (sgamer) sent /t player athee can now enter the gali_ shelter 1-17-2021, 11:34:48 AM
divine (sgamer) sent /t what is this  pnb alarm on.
what would you like to do 1-17-2021, 11:36:21 AM
divine (sgamer) sent /t press h to access this message. press b to turn the pnb alarm on or off. press i for information about this shelter. press p for a summary of players near by. press s to access the store. press t to get yourself some coins from the shelter account. press escape to close this window.
what would you like to do 1-17-2021, 11:36:35 AM
divine (sgamer) sent /t o 1-17-2021, 11:37:02 AM
divine (sgamer) sent /t 5ow4ql26 1-17-2021, 11:37:27 AM
divine (sgamer) sent /help 1-17-2021, 11:37:51 AM
divine (sgamer) sent /shchat aha 1-17-2021, 11:38:51 AM
divine (sgamer) sent /t the computer is off 1-17-2021, 11:39:42 AM
divine (sgamer) sent /t parti 1-17-2021, 11:39:51 AM
divine (sgamer) sent /t bro come 1-17-2021, 11:40:10 AM
divine (sgamer) sent /t 0, 20, 10.  1-17-2021, 11:40:13 AM
divine (sgamer) sent /t wait security_bomb, 90 1-17-2021, 11:41:19 AM
divine (sgamer) sent /t done! 1-17-2021, 11:41:57 AM
divine (sgamer) sent /t you put 10 fight_inviters in a box and close it 1-17-2021, 11:42:55 AM
divine (sgamer) sent /t aha 1-17-2021, 11:43:06 AM
divine (sgamer) sent /t you have tk dalers? 1-17-2021, 11:43:36 AM
divine (sgamer) sent /t o 1-17-2021, 11:43:46 AM
divine (sgamer) sent /t i take 30000 coines from computer  1-17-2021, 11:44:27 AM
divine (sgamer) sent /t shelter computer 1-17-2021, 11:44:38 AM
divine (sgamer) sent /t using tk dalers  1-17-2021, 11:44:53 AM
divine (sgamer) sent /t o 1-17-2021, 11:45:00 AM
divine (sgamer) sent /t  mi  and  and n k   make this  from t w sorce  1-17-2021, 11:45:52 AM
divine (sgamer) sent /t fight_inviter,8 1-17-2021, 11:46:05 AM
divine (sgamer) sent /t from  t w  sorce 1-17-2021, 11:46:25 AM
divine (sgamer) sent /t the computer is off 1-17-2021, 11:46:41 AM
divine (sgamer) sent /t fight_inviter, 818 1-17-2021, 11:46:51 AM
divine (sgamer) sent /t yes 1-17-2021, 11:47:11 AM
divine (sgamer) sent /t no  n k  1-17-2021, 11:47:32 AM
divine (sgamer) sent /t nk is  1-17-2021, 11:47:36 AM
divine (sgamer) sent /t i help  him  1-17-2021, 11:47:55 AM
divine (sgamer) sent /t yes 1-17-2021, 11:48:05 AM
divine (sgamer) sent /t no 1-17-2021, 11:48:27 AM
divine (sgamer) sent /t just wait 1-17-2021, 11:48:31 AM
divine (sgamer) sent /t some time 1-17-2021, 11:48:40 AM
divine (sgamer) sent /t ha 1-17-2021, 11:48:47 AM
divine (sgamer) sent /t yes 1-17-2021, 11:49:08 AM
divine (sgamer) sent /t you just wait  some dayes 1-17-2021, 11:49:22 AM
divine (sgamer) sent /cancelauction 1-17-2021, 11:49:26 AM
divine (sgamer) sent /t yep 1-17-2021, 11:49:34 AM
divine (sgamer) sent /t ha 1-17-2021, 11:50:16 AM
divine (sgamer) sent /lchat aha 1-17-2021, 11:50:50 AM
divine (sgamer) sent /t nice 1-17-2021, 11:50:53 AM
divine (sgamer) sent /t your carrier missile has returned 1-17-2021, 11:51:04 AM
divine (sgamer) sent /t item successfully sent 1-17-2021, 11:51:09 AM
divine (sgamer) sent /t tell 1-17-2021, 11:51:16 AM
divine (sgamer) sent /t ok 1-17-2021, 11:51:38 AM
divine (sgamer) sent /t yes 1-17-2021, 11:51:52 AM
divine (sgamer) sent /t ha 1-17-2021, 11:52:10 AM
divine (sgamer) sent /admintell es 1-17-2021, 11:52:26 AM
divine (sgamer) sent /t yes 1-17-2021, 11:52:31 AM
divine (sgamer) sent /admintell sorry  addmins   by mistake 1-17-2021, 11:52:53 AM
divine (sgamer) sent /t ha 1-17-2021, 11:52:58 AM
divine (sgamer) sent /t current location: shelter computer 1-17-2021, 11:53:10 AM
divine (sgamer) sent /t no 1-17-2021, 11:53:21 AM
divine (sgamer) sent /t yes 1-17-2021, 11:54:00 AM
divine (sgamer) sent /t no 1-17-2021, 11:54:09 AM
divine (sgamer) sent /t ok bro bye  1-17-2021, 11:54:17 AM
divine (sgamer) sent /t use it 1-17-2021, 11:54:42 AM
divine (sgamer) sent /t yea 1-17-2021, 12:23:18 PM
divine (sgamer) sent /admintell yar 1-17-2021, 12:23:21 PM
divine (sgamer) sent /t yar 1-17-2021, 12:23:24 PM
divine (sgamer) sent /admintell sorry  bye mistamke 1-17-2021, 12:24:01 PM
divine (sgamer) sent /t mistake 1-17-2021, 12:24:08 PM
divine (sgamer) sent /admintell mistake 1-17-2021, 12:24:15 PM
divine (sgamer) sent /gnsubmit 12 1-17-2021, 12:28:38 PM
divine (sgamer) sent /t bro 1-17-2021, 12:35:31 PM
divine (sgamer) sent /t gaid mi 1-17-2021, 12:35:36 PM
divine (sgamer) sent /lchat tell mi 1-17-2021, 12:35:59 PM
divine (sgamer) sent /pm athee tell end 1-17-2021, 12:38:50 PM
divine (sgamer) sent /r current location: laberinth of def 1-17-2021, 12:39:12 PM
divine (sgamer) sent /r bro  come 1-17-2021, 12:44:48 PM
divine (sgamer) sent /r current location: dangerous place 1-17-2021, 12:45:05 PM
divine (sgamer) sent /r weapon challenge 1-17-2021, 12:46:16 PM
divine (sgamer) sent /t come 1-17-2021, 12:46:18 PM
divine (sgamer) sent /r weapon challenge 1-17-2021, 12:46:25 PM
divine (sgamer) sent /lchat ha 1-17-2021, 12:51:40 PM
divine (sgamer) sent /gnsubmit 12 1-17-2021, 12:59:03 PM
divine (sgamer) sent /pm franklin bro tell how to  gate cnean 1-17-2021, 1:26:54 PM
divine (sgamer) sent /pm franklin canen 1-17-2021, 1:27:09 PM
divine (sgamer) sent /t o 1-17-2021, 1:29:05 PM
divine (sgamer) sent /t no bro 1-17-2021, 1:29:09 PM
divine (sgamer) sent /lchat tell 1-17-2021, 1:30:27 PM
divine (sgamer) sent /lchat tell 1-17-2021, 1:30:37 PM
divine (sgamer) sent /lchat main 1-17-2021, 1:30:53 PM
divine (sgamer) sent /lchat o 1-17-2021, 1:31:36 PM
divine (sgamer) sent /lchat then 1-17-2021, 1:31:46 PM
divine (sgamer) sent /t divine's poisoned small projectile  just beat the shit out of prashant on main 1-17-2021, 1:32:45 PM
divine (sgamer) sent /t ok 1-17-2021, 1:32:54 PM
divine (sgamer) sent /t ok 1-17-2021, 1:33:01 PM
divine (sgamer) sent /t tell your x y z  1-17-2021, 1:33:42 PM
divine (sgamer) sent /t o 1-17-2021, 1:34:04 PM
divine (sgamer) sent /t stop 1-17-2021, 1:34:12 PM
divine (sgamer) sent /t and 1-17-2021, 1:34:16 PM
divine (sgamer) sent /t tell 1-17-2021, 1:34:18 PM
divine (sgamer) sent /t ok 1-17-2021, 1:34:24 PM
divine (sgamer) sent /t go to 0 0 0  1-17-2021, 1:34:36 PM
divine (sgamer) sent /t o 1-17-2021, 1:34:52 PM
divine (sgamer) sent /t no 1-17-2021, 1:34:54 PM
divine (sgamer) sent /t no suicide 1-17-2021, 1:34:57 PM
divine (sgamer) sent /t this team has lost 505 points! 1-17-2021, 1:35:04 PM
divine (sgamer) sent /t go bro 1-17-2021, 1:35:42 PM
divine (sgamer) sent /lchat go 1-17-2021, 1:35:54 PM
divine (sgamer) sent /lchat 0 0 0  1-17-2021, 1:36:01 PM
divine (sgamer) sent /t ok 1-17-2021, 1:36:11 PM
divine (sgamer) sent /t wait 1-17-2021, 1:36:13 PM
divine (sgamer) sent /t wait 1-17-2021, 1:37:11 PM
divine (sgamer) sent /t go to 0 0 0  1-17-2021, 1:37:23 PM
divine (sgamer) sent /t ok 1-17-2021, 1:37:44 PM
divine (sgamer) sent /t item successfully sent 1-17-2021, 1:38:01 PM
divine (sgamer) sent /t hahah 1-17-2021, 1:39:05 PM
divine (sgamer) sent /t ha 1-17-2021, 1:47:47 PM
divine (sgamer) sent /t this team just got 818 extra points! 1-17-2021, 1:47:55 PM
divine (sgamer) sent /t hi 1-17-2021, 2:13:36 PM
divine (sgamer) sent /gnsubmit 23 1-17-2021, 2:14:23 PM
divine (sgamer) sent /bid 2 1-17-2021, 2:20:33 PM
divine (sgamer) sent /bid 100 1-17-2021, 2:20:38 PM
divine (sgamer) sent /bid 200 1-17-2021, 2:20:44 PM
divine (sgamer) sent /bid 2000 1-17-2021, 2:20:49 PM
divine (sgamer) sent /cancelbid u 1-17-2021, 2:20:51 PM
divine (sgamer) sent /bid 300 1-17-2021, 2:20:53 PM
divine (sgamer) sent /t ah 1-17-2021, 2:28:18 PM
divine (sgamer) sent /joinevent 3744 1-17-2021, 2:42:41 PM
divine (sgamer) sent /joinevent 3774 1-17-2021, 2:43:00 PM
divine (sgamer) sent /eventinfo 3774 1-17-2021, 2:43:29 PM
divine (sgamer) sent /t tell 1-17-2021, 2:50:13 PM
divine (sgamer) sent /t i am leaving 1-17-2021, 2:50:18 PM
divine (sgamer) sent /left 1-17-2021, 2:50:29 PM
divine (sgamer) sent /leaveevent 3774 1-17-2021, 2:50:47 PM
divine (sgamer) sent /t i also have 1-17-2021, 2:51:05 PM
divine (sgamer) sent /lchat 1, 29, 5.  1-17-2021, 2:52:48 PM
divine (sgamer) sent /t bro i am going on b s  1-17-2021, 2:54:11 PM
divine (sgamer) sent /t athee  bro comein main 1-17-2021, 2:57:47 PM
divine (sgamer) sent /t come 1-17-2021, 2:57:56 PM
divine (sgamer) sent /t in main 1-17-2021, 2:58:04 PM
divine (sgamer) sent /t main 1-17-2021, 2:58:10 PM
divine (sgamer) sent /cancelbid u 1-17-2021, 2:59:06 PM
divine (sgamer) sent /cancelauction 1-17-2021, 2:59:07 PM
divine (sgamer) sent /pm bolgelo dont kill mi  1-17-2021, 2:59:24 PM
divine (sgamer) sent /bestplayer 1-17-2021, 3:02:03 PM
divine (sgamer) sent /lchat ha 1-17-2021, 3:05:01 PM
divine (sgamer) sent /suicide 1-17-2021, 4:04:34 PM
divine (sgamer) sent /pm bolgelo  hi 1-17-2021, 4:05:55 PM
divine (sgamer) sent /r i am recording vidio  1-17-2021, 4:06:14 PM
divine (sgamer) sent /r secand part 1-17-2021, 4:06:34 PM
divine (sgamer) sent /r tell 1-17-2021, 4:06:46 PM
divine (sgamer) sent /r no  1-17-2021, 4:06:59 PM
divine (sgamer) sent /r no no no 1-17-2021, 4:07:13 PM
divine (sgamer) sent /r very very  thanks 1-17-2021, 4:07:23 PM
divine (sgamer) sent /r for asking 1-17-2021, 4:07:29 PM
divine (sgamer) sent /r yes 1-17-2021, 4:07:46 PM
divine (sgamer) sent /r no 1-17-2021, 4:08:04 PM
divine (sgamer) sent /r not now 1-17-2021, 4:08:17 PM
divine (sgamer) sent /gnsubmit 12 1-17-2021, 4:09:03 PM
divine (sgamer) sent /gnsubmit 13 1-17-2021, 4:09:06 PM
divine (sgamer) sent /suicide 1-17-2021, 4:09:47 PM
divine (sgamer) sent /lchat wait 1-17-2021, 4:13:25 PM
divine (sgamer) sent /lchat i am showing guns 1-17-2021, 4:13:37 PM
divine (sgamer) sent /t hi 1-17-2021, 4:17:01 PM
divine (sgamer) sent /t bro 1-17-2021, 4:17:15 PM
divine (sgamer) sent /pm istek bro 1-17-2021, 4:19:02 PM
divine (sgamer) sent /r come to main 1-17-2021, 4:19:26 PM
divine (sgamer) sent /r O 1-17-2021, 4:19:44 PM
divine (sgamer) sent /cancelbid u 1-17-2021, 4:21:05 PM
divine (sgamer) sent /cancelauction 1-17-2021, 4:21:36 PM
divine (sgamer) sent /t hi 1-17-2021, 4:21:40 PM
divine (sgamer) sent /suicid 1-17-2021, 4:24:01 PM
divine (sgamer) sent /suicide 1-17-2021, 4:24:04 PM
divine (sgamer) sent /suicide 1-17-2021, 4:32:10 PM
divine (sgamer) sent /lchat chal 1-17-2021, 4:32:53 PM
divine (sgamer) sent /lchat ok 1-17-2021, 4:33:10 PM
divine (sgamer) sent /lchat ruk 1-17-2021, 4:34:03 PM
divine (sgamer) sent /lchat ha 1-17-2021, 4:34:44 PM
divine (sgamer) sent /lchat hahah rook 1-17-2021, 4:35:13 PM
divine (sgamer) sent /lchat rook 1-17-2021, 4:37:12 PM
divine (sgamer) sent /pm killer3000  i will tell you  1-17-2021, 4:38:32 PM
divine (sgamer) sent /lchat bol 1-17-2021, 4:41:49 PM
divine (sgamer) sent /lchat i know  1-17-2021, 4:42:09 PM
divine (sgamer) sent /lchat i am just trying 1-17-2021, 4:42:21 PM
divine (sgamer) sent /lchat aaja 1-17-2021, 4:43:20 PM
divine (sgamer) sent /lchat tracking  killer3000 1-17-2021, 4:43:28 PM
divine (sgamer) sent /lchat streight behind (18 tiles away)  in dangerous place at 0, 11, 0 1-17-2021, 4:43:44 PM
divine (sgamer) sent /lchat aaha 1-17-2021, 4:43:58 PM
divine (sgamer) sent /lchat aaja 1-17-2021, 4:44:04 PM
divine (sgamer) sent /lchat 0, 32, 6.  1-17-2021, 4:44:39 PM
divine (sgamer) sent /lchat aha 1-17-2021, 4:44:45 PM
divine (sgamer) sent /lchat nice 1-17-2021, 4:44:50 PM
divine (sgamer) sent /lchat wa wa  1-17-2021, 4:45:06 PM
divine (sgamer) sent /lchat no 1-17-2021, 4:45:24 PM
divine (sgamer) sent /lchat 7 1-17-2021, 4:45:49 PM
divine (sgamer) sent /lchat o 1-17-2021, 4:46:14 PM
divine (sgamer) sent /lchat lag 1-17-2021, 4:46:23 PM
divine (sgamer) sent /lchat ha 1-17-2021, 4:47:40 PM
divine (sgamer) sent /lchat now 1-17-2021, 4:47:45 PM
divine (sgamer) sent /lchat o ho 1-17-2021, 4:48:19 PM
divine (sgamer) sent /lchat aaaaaa 1-17-2021, 4:48:22 PM
divine (sgamer) sent /lchat may marunga 1-17-2021, 4:48:29 PM
divine (sgamer) sent /lchat ha 1-17-2021, 4:48:44 PM
divine (sgamer) sent /lchat aaaaaa 1-17-2021, 4:49:57 PM
divine (sgamer) sent /lchat what 1-17-2021, 4:50:51 PM
divine (sgamer) sent /lchat kua 1-17-2021, 4:50:56 PM
divine (sgamer) sent /lchat what 1-17-2021, 4:51:32 PM
divine (sgamer) sent /lchat 1 1-17-2021, 4:52:02 PM
divine (sgamer) sent /lchat 2 1-17-2021, 4:52:04 PM
divine (sgamer) sent /lchat ha 1-17-2021, 4:56:21 PM
divine (sgamer) sent /lchat ha 1-17-2021, 4:56:33 PM
divine (sgamer) sent /lchat \aaa 1-17-2021, 4:56:45 PM
divine (sgamer) sent /lchat aaja 1-17-2021, 4:56:49 PM
divine (sgamer) sent /lchat ha 1-17-2021, 4:57:06 PM
divine (sgamer) sent /lchat rok 1-17-2021, 4:57:59 PM
divine (sgamer) sent /lchat chall 1-17-2021, 4:58:16 PM
divine (sgamer) sent /lchat o 1-17-2021, 4:58:35 PM
divine (sgamer) sent /lchat aaja beta 1-17-2021, 4:59:01 PM
divine (sgamer) sent /lchat ha 1-17-2021, 4:59:11 PM
divine (sgamer) sent /lchat rook 1-17-2021, 5:00:09 PM
divine (sgamer) sent /lchat o 1-17-2021, 5:01:14 PM
divine (sgamer) sent /lchat yes 1-17-2021, 5:01:26 PM
divine (sgamer) sent /lchat o 1-17-2021, 5:01:40 PM
divine (sgamer) sent /lchat aaja may rookta hun 1-17-2021, 5:02:32 PM
divine (sgamer) sent /lchat aaaaaaaaa 1-17-2021, 5:03:21 PM
divine (sgamer) sent /lchat kuch bhi nhi  1-17-2021, 5:03:45 PM
divine (sgamer) sent /lchat so hard 1-17-2021, 5:03:55 PM
divine (sgamer) sent /lchat o 1-17-2021, 5:04:02 PM
divine (sgamer) sent /lchat phasgya 1-17-2021, 5:04:14 PM
divine (sgamer) sent /lchat o 1-17-2021, 5:05:14 PM
divine (sgamer) sent /lchat below, streight behind (73 tiles away)  in the snow mountain at 9, 66, 60 1-17-2021, 5:06:34 PM
divine (sgamer) sent /lchat hi 1-17-2021, 5:07:01 PM
divine (sgamer) sent /lchat ha 1-17-2021, 5:07:08 PM
divine (sgamer) sent /lchat nhi phasa 1-17-2021, 5:07:15 PM
divine (sgamer) sent /lchat aaja 1-17-2021, 5:07:39 PM
divine (sgamer) sent /lchat o 1-17-2021, 5:08:02 PM
divine (sgamer) sent /lchat 72720 health, 500 shielded shots. 1-17-2021, 5:08:16 PM
divine (sgamer) sent /lchat ha 1-17-2021, 5:10:46 PM
divine (sgamer) sent /lchat a 1-17-2021, 5:12:27 PM
divine (sgamer) sent /lchat aaja 1-17-2021, 5:13:47 PM
divine (sgamer) sent /lchat below, streight behind (153 tiles away)  in the snow mountain at 9, 40, 40 1-17-2021, 5:14:09 PM
divine (sgamer) sent /lchat ha 1-17-2021, 5:14:27 PM
divine (sgamer) sent /lchat ha 1-17-2021, 5:19:05 PM
divine (sgamer) sent /lchat yes 1-17-2021, 5:20:53 PM
divine (sgamer) sent /lchat aaja beta 1-17-2021, 5:21:06 PM
divine (sgamer) sent /lchat ha 1-17-2021, 5:21:26 PM
divine (sgamer) sent /lchat bol 1-17-2021, 5:21:31 PM
divine (sgamer) sent /lchat beta 1-17-2021, 5:21:34 PM
divine (sgamer) sent /lchat o 1-17-2021, 5:22:17 PM
divine (sgamer) sent /lchat a 1-17-2021, 5:22:24 PM
divine (sgamer) sent /lchat ut 1-17-2021, 5:22:54 PM
divine (sgamer) sent /lchat o 1-17-2021, 5:23:27 PM
divine (sgamer) sent /lchat just end 1-17-2021, 5:23:44 PM
divine (sgamer) sent /lchat 0, 140, 100.  1-17-2021, 5:24:03 PM
divine (sgamer) sent /lchat aaja beta 1-17-2021, 5:24:12 PM
divine (sgamer) sent /lchat chall 1-17-2021, 5:24:57 PM
divine (sgamer) sent /lchat another map 1-17-2021, 5:25:04 PM
divine (sgamer) sent /lchat tu bol 1-17-2021, 5:25:17 PM
divine (sgamer) sent /lchat ok  1-17-2021, 5:25:30 PM
divine (sgamer) sent /lchat chall 1-17-2021, 5:25:33 PM
divine (sgamer) sent /lchat now 1-17-2021, 5:28:15 PM
divine (sgamer) sent /lchat sergeant divine:   now 1-17-2021, 5:28:17 PM
divine (sgamer) sent /lchat now 1-17-2021, 5:30:23 PM
divine (sgamer) sent /lchat 0, 47, 15.  1-17-2021, 5:30:25 PM
divine (sgamer) sent /r where 1-17-2021, 5:30:37 PM
divine (sgamer) sent /lchat 2 1-17-2021, 5:31:54 PM
divine (sgamer) sent /leavteam 1-17-2021, 5:34:39 PM
divine (sgamer) sent /leavteam 1-17-2021, 5:34:45 PM
divine (sgamer) sent /help 1-17-2021, 5:35:30 PM
divine (sgamer) sent /teamleave 1-17-2021, 5:35:50 PM
divine (sgamer) sent /gnsubmit 1 1-17-2021, 5:38:59 PM
divine (sgamer) sent /lchat o 1-17-2021, 5:39:18 PM
divine (sgamer) sent /lchat o 1-17-2021, 5:42:23 PM
divine (sgamer) sent /lchat ha 1-17-2021, 5:42:34 PM
divine (sgamer) sent /pm killer3000 come 1-17-2021, 5:46:02 PM
divine (sgamer) sent /r current location: the snow mountain 1-17-2021, 5:46:15 PM
divine (sgamer) sent /r the salman shelter has been created! 1-17-2021, 5:46:21 PM
divine (sgamer) sent /lchat wait 1-17-2021, 5:46:57 PM
divine (sgamer) sent /shadd killer3000 1-17-2021, 5:47:15 PM
divine (sgamer) sent /lchat ok 1-17-2021, 5:47:27 PM
divine (sgamer) sent /lchat player killer3000 can now enter the salman shelter 1-17-2021, 5:47:35 PM
divine (sgamer) sent /lchat wait 1-17-2021, 5:47:58 PM
divine (sgamer) sent /lchat dont nove 1-17-2021, 5:48:02 PM
divine (sgamer) sent /lchat move 1-17-2021, 5:48:08 PM
divine (sgamer) sent /lchat go to 0 0 0  1-17-2021, 5:48:14 PM
divine (sgamer) sent /lchat go 1-17-2021, 5:48:22 PM
divine (sgamer) sent /lchat how mach j coins 1-17-2021, 5:49:04 PM
divine (sgamer) sent /lchat kitna coines mila 1-17-2021, 5:49:32 PM
divine (sgamer) sent /lchat a 1-17-2021, 5:49:40 PM
divine (sgamer) sent /lchat ha 1-17-2021, 5:49:42 PM
divine (sgamer) sent /lchat you  have tk dalers? 1-17-2021, 5:49:52 PM
divine (sgamer) sent /shchat tell 1-17-2021, 5:50:02 PM
divine (sgamer) sent /lchat o 1-17-2021, 5:50:07 PM
divine (sgamer) sent /lchat ha 1-17-2021, 5:50:52 PM
divine (sgamer) sent /lchat this missile has 2 different modes. you can select a player to send this missile to, or you can manually enter the x, y, z of the missile. what would you like to do 1-17-2021, 5:51:04 PM
divine (sgamer) sent /gnsubmit 1 1-17-2021, 5:51:12 PM
divine (sgamer) sent /lchat you look at the small storage cabinet, but there's nothing inside 1-17-2021, 5:51:46 PM
divine (sgamer) sent /lchat ha 1-17-2021, 5:52:14 PM
divine (sgamer) sent /shremove killer3000 1-17-2021, 5:52:38 PM
divine (sgamer) sent /lchat player killer3000 can no longer enter the salman shelter 1-17-2021, 5:52:49 PM
divine (sgamer) sent /lchat o 1-17-2021, 7:34:19 PM
divine (sgamer) sent /lchat ha 1-17-2021, 7:46:11 PM
divine (sgamer) sent /suicide 1-17-2021, 7:54:18 PM
divine (sgamer) sent /lchat o 1-17-2021, 7:57:19 PM
divine (sgamer) sent /lchat which  lanveg 1-17-2021, 7:57:32 PM
divine (sgamer) sent /lchat o 1-17-2021, 8:08:29 PM
divine (sgamer) sent /bid 300 1-17-2021, 8:09:32 PM
divine (sgamer) sent /bid 2000000 1-17-2021, 8:09:44 PM
divine (sgamer) sent /bid 10000000 1-17-2021, 8:09:59 PM
divine (sgamer) sent /cancelbid u 1-17-2021, 8:10:02 PM
divine (sgamer) sent /cancelbid u 1-17-2021, 8:10:18 PM
divine (sgamer) sent /bid 2000000 1-17-2021, 8:12:15 PM
divine (sgamer) sent /pm franklin plz give mi? 1-17-2021, 9:08:08 PM
divine (sgamer) sent /suicide 1-17-2021, 9:09:17 PM
divine (sgamer) sent /teams 1-17-2021, 9:16:30 PM
divine (sgamer) sent /suicide 1-17-2021, 10:09:42 PM
divine (sgamer) sent /lchat k 1-17-2021, 10:22:39 PM
divine (sgamer) sent /lchat ok 1-17-2021, 10:48:46 PM
divine (sgamer) sent /lchat but 1-17-2021, 10:48:49 PM
divine (sgamer) sent /lchat i lonched 1-17-2021, 10:48:55 PM
divine (sgamer) sent /lchat sorry bro 1-17-2021, 10:49:07 PM
divine (sgamer) sent /lchat o 1-17-2021, 10:49:24 PM
divine (sgamer) sent /lchat sorry bro 1-17-2021, 10:49:38 PM
divine (sgamer) sent /r hey  sorry  1-17-2021, 10:49:57 PM