
artem(artem) used a health_drink 1-1-2021, 9:43:50 AM
artem(artem) used a health_drink 1-1-2021, 9:43:51 AM
artem(artem) used a health_drink 1-1-2021, 9:43:51 AM
artem(artem) used a health_drink 1-1-2021, 9:43:52 AM
artem(artem) used a health_drink 1-1-2021, 9:43:52 AM
artem(artem) used a health_drink 1-1-2021, 9:43:52 AM
artem(artem) used a health_drink 1-1-2021, 9:43:52 AM
artem(artem) used a health_drink 1-1-2021, 9:43:53 AM
artem(artem) used a health_drink 1-1-2021, 9:43:53 AM
artem(artem) used a health_drink 1-1-2021, 9:43:53 AM
artem(artem) used a health_drink 1-1-2021, 9:43:54 AM
artem(artem) used a health_drink 1-1-2021, 9:43:54 AM
artem(artem) used a health_drink 1-1-2021, 9:43:54 AM
artem(artem) used a health_drink 1-1-2021, 9:43:55 AM
artem(artem) used a health_drink 1-1-2021, 9:43:55 AM
artem(artem) used a health_drink 1-1-2021, 9:43:55 AM
artem(artem) used a health_drink 1-1-2021, 9:43:56 AM
artem(artem) used a health_drink 1-1-2021, 9:43:56 AM
artem(artem) used a health_drink 1-1-2021, 9:43:56 AM
artem(artem) used a health_drink 1-1-2021, 9:43:57 AM
artem(artem) used a health_drink 1-1-2021, 9:43:57 AM
artem(artem) used a health_drink 1-1-2021, 9:43:57 AM
artem(artem) used a health_drink 1-1-2021, 9:44:01 AM
artem(artem) used a health_drink 1-1-2021, 9:44:01 AM
artem(artem) used a health_drink 1-1-2021, 9:44:02 AM
artem(artem) used a health_drink 1-1-2021, 9:44:02 AM
artem(artem) used a health_drink 1-1-2021, 9:44:02 AM
artem(artem) used a health_drink 1-1-2021, 9:44:03 AM
artem(artem) used a health_drink 1-1-2021, 9:44:03 AM
artem(artem) used a health_drink 1-1-2021, 9:44:03 AM
artem(artem) used a health_drink 1-1-2021, 9:44:04 AM
artem(artem) used a health_drink 1-1-2021, 9:44:04 AM
artem(artem) used a health_drink 1-1-2021, 9:44:04 AM
artem(artem) used a health_drink 1-1-2021, 9:44:05 AM
artem(artem) used a health_drink 1-1-2021, 9:44:05 AM
artem(artem) used a health_drink 1-1-2021, 9:44:05 AM
artem(artem) used a health_drink 1-1-2021, 9:44:06 AM
artem(artem) used a health_drink 1-1-2021, 9:44:06 AM
artem(artem) used a health_drink 1-1-2021, 9:44:06 AM
artem(artem) used a health_drink 1-1-2021, 9:44:07 AM
artem(artem) used a health_drink 1-1-2021, 9:44:07 AM
artem(artem) used a health_drink 1-1-2021, 9:57:01 AM
artem(artem) used a health_drink 1-1-2021, 9:57:01 AM
artem(artem) used a health_drink 1-1-2021, 9:57:02 AM
artem(artem) used a health_drink 1-1-2021, 9:57:02 AM
artem(artem) used a sky_372_laser_machinegun 1-1-2021, 9:57:03 AM
artem(artem) used a sky_372_laser_machinegun 1-1-2021, 9:57:04 AM
artem(artem) used a sky_372_laser_machinegun 1-1-2021, 9:57:05 AM
artem(artem) used a sky_372_laser_machinegun 1-1-2021, 9:57:06 AM
artem(artem) used a sky_372_laser_machinegun 1-1-2021, 9:57:06 AM
artem(artem) used a health_drink 1-1-2021, 10:05:25 AM
artem(artem) used a health_drink 1-1-2021, 10:05:25 AM
artem(artem) used a health_drink 1-1-2021, 10:05:25 AM
artem(artem) used a health_drink 1-1-2021, 10:05:26 AM
artem(artem) used a health_drink 1-1-2021, 10:05:26 AM
artem(artem) used a health_drink 1-1-2021, 10:05:26 AM
artem(artem) used a health_drink 1-1-2021, 10:05:27 AM
artem(artem) used a health_drink 1-1-2021, 10:05:27 AM
artem(artem) used a health_drink 1-1-2021, 10:05:28 AM
artem(artem) used a health_drink 1-1-2021, 10:05:28 AM
artem(artem) used a health_drink 1-1-2021, 10:05:28 AM
artem(artem) used a health_drink 1-1-2021, 10:05:28 AM
artem(artem) used a health_drink 1-1-2021, 10:05:29 AM
artem(artem) used a health_drink 1-1-2021, 10:05:29 AM
artem(artem) used a health_drink 1-1-2021, 10:05:29 AM
artem(artem) used a health_drink 1-1-2021, 10:05:30 AM
artem(artem) used a health_drink 1-1-2021, 10:05:30 AM
artem(artem) used a health_drink 1-1-2021, 10:05:31 AM
artem(artem) used a health_drink 1-1-2021, 10:05:31 AM
artem(artem) used a health_drink 1-1-2021, 10:05:31 AM
artem(artem) used a health_drink 1-1-2021, 10:05:31 AM
artem(artem) used a health_drink 1-1-2021, 10:05:32 AM
artem(artem) used a health_drink 1-1-2021, 10:05:32 AM
artem(artem) used a health_drink 1-1-2021, 10:05:33 AM
artem(artem) used a health_drink 1-1-2021, 10:05:33 AM
artem(artem) used a health_drink 1-1-2021, 10:05:33 AM
artem(artem) used a health_drink 1-1-2021, 10:05:34 AM
artem(artem) used a health_drink 1-1-2021, 10:05:34 AM
artem(artem) used a health_drink 1-1-2021, 10:05:34 AM
artem(artem) used a health_drink 1-1-2021, 10:05:35 AM
artem(artem) used a health_drink 1-1-2021, 10:05:35 AM
artem(artem) used a health_drink 1-1-2021, 10:05:35 AM
artem(artem) used a health_drink 1-1-2021, 10:05:36 AM
artem(artem) used a health_drink 1-1-2021, 10:05:36 AM
artem(artem) used a health_drink 1-1-2021, 10:05:37 AM
artem(artem) used a health_drink 1-1-2021, 10:05:37 AM
artem(artem) used a health_drink 1-1-2021, 10:05:37 AM
artem(artem) used a health_drink 1-1-2021, 10:05:38 AM
artem(artem) used a health_drink 1-1-2021, 10:05:38 AM
artem(artem) used a health_drink 1-1-2021, 10:05:38 AM
artem(artem) used a health_drink 1-1-2021, 10:05:39 AM
artem(artem) used a health_drink 1-1-2021, 10:05:39 AM
artem(artem) used a health_drink 1-1-2021, 10:05:40 AM
artem(artem) used a health_drink 1-1-2021, 10:05:40 AM
artem(artem) used a health_drink 1-1-2021, 10:05:40 AM
artem(artem) used a health_drink 1-1-2021, 10:05:41 AM
artem(artem) used a health_drink 1-1-2021, 10:05:41 AM
artem(artem) used a health_drink 1-1-2021, 10:05:41 AM
artem(artem) used a health_drink 1-1-2021, 10:05:42 AM
artem(artem) used a health_drink 1-1-2021, 10:05:42 AM
artem(artem) used a health_drink 1-1-2021, 10:05:43 AM
artem(artem) used a health_drink 1-1-2021, 10:05:43 AM
artem(artem) used a health_drink 1-1-2021, 10:05:44 AM
artem(artem) used a health_drink 1-1-2021, 10:05:44 AM
artem(artem) used a health_drink 1-1-2021, 10:05:44 AM
artem(artem) used a health_drink 1-1-2021, 10:05:44 AM
artem(artem) used a health_drink 1-1-2021, 10:05:45 AM
artem(artem) used a health_drink 1-1-2021, 10:05:45 AM
artem(artem) used a health_drink 1-1-2021, 10:05:46 AM
artem(artem) used a health_drink 1-1-2021, 10:05:46 AM
artem(artem) used a health_drink 1-1-2021, 10:05:46 AM
artem(artem) used a health_drink 1-1-2021, 10:05:47 AM
artem(artem) used a health_drink 1-1-2021, 10:05:47 AM
artem(artem) used a health_drink 1-1-2021, 10:05:48 AM
artem(artem) used a health_drink 1-1-2021, 10:09:48 AM
artem(artem) used a health_drink 1-1-2021, 10:35:49 AM
artem(artem) used a health_drink 1-1-2021, 10:35:49 AM
artem(artem) used a health_drink 1-1-2021, 10:35:49 AM
artem(artem) used a health_drink 1-1-2021, 10:35:50 AM
artem(artem) used a health_drink 1-1-2021, 10:35:50 AM
artem(artem) used a health_drink 1-1-2021, 10:35:51 AM
artem(artem) used a health_drink 1-1-2021, 10:35:51 AM
artem(artem) used a health_drink 1-1-2021, 10:35:51 AM
artem(artem) used a health_drink 1-1-2021, 10:35:52 AM
artem(artem) used a health_drink 1-1-2021, 10:35:52 AM
artem(artem) used a health_drink 1-1-2021, 10:35:52 AM
artem(artem) used a health_drink 1-1-2021, 10:35:53 AM
artem(artem) used a health_drink 1-1-2021, 10:35:53 AM
artem(artem) used a health_drink 1-1-2021, 10:35:53 AM
artem(artem) used a health_drink 1-1-2021, 10:35:54 AM
artem(artem) used a health_drink 1-1-2021, 10:35:54 AM
artem(artem) used a health_drink 1-1-2021, 10:35:55 AM
artem(artem) used a health_drink 1-1-2021, 10:35:55 AM
artem(artem) used a health_drink 1-1-2021, 10:35:55 AM
artem(artem) used a health_drink 1-1-2021, 10:35:56 AM
artem(artem) used a health_drink 1-1-2021, 10:35:56 AM
artem(artem) used a health_drink 1-1-2021, 10:35:56 AM
artem(artem) used a health_drink 1-1-2021, 10:35:57 AM
artem(artem) used a health_drink 1-1-2021, 10:35:57 AM
artem(artem) used a health_drink 1-1-2021, 10:35:58 AM
artem(artem) used a health_drink 1-1-2021, 10:35:58 AM
artem(artem) used a health_drink 1-1-2021, 10:35:58 AM
artem(artem) used a health_drink 1-1-2021, 10:35:59 AM
artem(artem) used a health_drink 1-1-2021, 10:35:59 AM
artem(artem) used a health_drink 1-1-2021, 10:35:59 AM
artem(artem) used a health_drink 1-1-2021, 10:36:00 AM
artem(artem) used a health_drink 1-1-2021, 10:36:00 AM
artem(artem) used a health_drink 1-1-2021, 10:36:00 AM
artem(artem) used a health_drink 1-1-2021, 10:36:01 AM
artem(artem) used a health_drink 1-1-2021, 10:36:01 AM
artem(artem) used a health_drink 1-1-2021, 10:36:02 AM
artem(artem) used a health_drink 1-1-2021, 10:36:02 AM
artem(artem) used a health_drink 1-1-2021, 10:36:02 AM
artem(artem) used a health_drink 1-1-2021, 10:36:03 AM
artem(artem) used a health_drink 1-1-2021, 10:36:03 AM
artem(artem) used a health_drink 1-1-2021, 10:36:03 AM
artem(artem) used a health_drink 1-1-2021, 10:36:04 AM
artem(artem) used a health_drink 1-1-2021, 10:36:04 AM
artem(artem) used a health_drink 1-1-2021, 10:36:05 AM
artem(artem) used a health_drink 1-1-2021, 10:36:05 AM
artem(artem) used a health_drink 1-1-2021, 10:36:05 AM
artem(artem) used a health_drink 1-1-2021, 10:36:06 AM
artem(artem) used a health_drink 1-1-2021, 10:36:06 AM
artem(artem) used a health_drink 1-1-2021, 10:36:07 AM
artem(artem) used a health_drink 1-1-2021, 10:36:07 AM
artem(artem) used a health_drink 1-1-2021, 10:36:07 AM
artem(artem) used a health_drink 1-1-2021, 10:36:08 AM
artem(artem) used a health_drink 1-1-2021, 10:36:08 AM
artem(artem) used a health_drink 1-1-2021, 10:36:10 AM
artem(artem) used a health_drink 1-1-2021, 10:38:02 AM
artem(artem) used a health_drink 1-1-2021, 10:38:02 AM
artem(artem) used a health_drink 1-1-2021, 10:38:03 AM
artem(artem) used a health_drink 1-1-2021, 10:38:03 AM
artem(artem) used a health_drink 1-1-2021, 10:38:03 AM
artem(artem) used a health_drink 1-1-2021, 10:38:04 AM
artem(artem) used a health_drink 1-1-2021, 10:38:04 AM
artem(artem) used a health_drink 1-1-2021, 10:38:04 AM
artem(artem) used a health_drink 1-1-2021, 10:38:05 AM
artem(artem) used a health_drink 1-1-2021, 10:38:05 AM
artem(artem) used a health_drink 1-1-2021, 10:38:05 AM
artem(artem) used a health_drink 1-1-2021, 10:38:06 AM
artem(artem) used a health_drink 1-1-2021, 10:38:06 AM
artem(artem) used a health_drink 1-1-2021, 10:38:06 AM
artem(artem) used a health_drink 1-1-2021, 10:38:07 AM
artem(artem) used a health_drink 1-1-2021, 10:38:07 AM
artem(artem) used a health_drink 1-1-2021, 10:38:08 AM
artem(artem) used a health_drink 1-1-2021, 10:38:08 AM
artem(artem) used a health_drink 1-1-2021, 10:38:08 AM
artem(artem) used a health_drink 1-1-2021, 10:38:09 AM
artem(artem) used a health_drink 1-1-2021, 10:38:09 AM
artem(artem) used a health_drink 1-1-2021, 10:38:09 AM
artem(artem) used a health_drink 1-1-2021, 10:38:12 AM
artem(artem) used a health_drink 1-1-2021, 10:38:13 AM
artem(artem) used a health_drink 1-1-2021, 11:00:50 AM
artem(artem) used a health_drink 1-1-2021, 11:00:50 AM
artem(artem) used a health_drink 1-1-2021, 11:00:51 AM
artem(artem) used a health_drink 1-1-2021, 11:00:51 AM
artem(artem) used a health_drink 1-1-2021, 11:00:51 AM
artem(artem) used a health_drink 1-1-2021, 11:00:52 AM
artem(artem) used a health_drink 1-1-2021, 11:00:52 AM
artem(artem) used a health_drink 1-1-2021, 11:00:53 AM
artem(artem) used a health_drink 1-1-2021, 11:00:53 AM
artem(artem) used a health_drink 1-1-2021, 11:00:53 AM
artem(artem) used a health_drink 1-1-2021, 11:00:53 AM
artem(artem) used a health_drink 1-1-2021, 11:00:55 AM
artem(artem) used a health_drink 1-1-2021, 11:00:55 AM
artem(artem) used a health_drink 1-1-2021, 11:00:56 AM
artem(artem) used a health_drink 1-1-2021, 11:00:56 AM
artem(artem) used a health_drink 1-1-2021, 11:00:56 AM
artem(artem) used a health_drink 1-1-2021, 11:00:57 AM
artem(artem) used a health_drink 1-1-2021, 11:00:59 AM
artem(artem) used a health_drink 1-1-2021, 11:01:00 AM
artem(artem) used a health_drink 1-1-2021, 11:01:00 AM
artem(artem) used a health_drink 1-1-2021, 11:01:00 AM
artem(artem) used a health_drink 1-1-2021, 11:01:02 AM
artem(artem) used a health_drink 1-1-2021, 11:01:02 AM
artem(artem) used a health_drink 1-1-2021, 11:01:03 AM
artem(artem) used a health_drink 1-1-2021, 11:01:03 AM
artem(artem) used a health_drink 1-1-2021, 11:01:05 AM
artem(artem) used a health_drink 1-1-2021, 11:01:06 AM
artem(artem) used a health_drink 1-1-2021, 11:01:06 AM
artem(artem) used a health_drink 1-1-2021, 11:01:06 AM
artem(artem) used a health_drink 1-1-2021, 11:09:01 AM
artem(artem) used a health_drink 1-1-2021, 11:09:01 AM
artem(artem) used a health_drink 1-1-2021, 11:09:01 AM
artem(artem) used a health_drink 1-1-2021, 11:09:02 AM
artem(artem) used a health_drink 1-1-2021, 11:09:02 AM
artem(artem) used a health_drink 1-1-2021, 11:09:03 AM
artem(artem) used a health_drink 1-1-2021, 11:09:03 AM
artem(artem) used a health_drink 1-1-2021, 11:09:04 AM
artem(artem) used a health_drink 1-1-2021, 11:09:04 AM
artem(artem) used a health_drink 1-1-2021, 11:09:04 AM
artem(artem) used a health_drink 1-1-2021, 11:09:04 AM
artem(artem) used a health_drink 1-1-2021, 11:09:05 AM
artem(artem) used a health_drink 1-1-2021, 11:09:05 AM
artem(artem) used a health_drink 1-1-2021, 11:09:06 AM
artem(artem) used a health_drink 1-1-2021, 11:09:06 AM
artem(artem) used a health_drink 1-1-2021, 11:09:06 AM
artem(artem) used a health_drink 1-1-2021, 11:09:07 AM
artem(artem) used a health_drink 1-1-2021, 11:09:07 AM
artem(artem) used a health_drink 1-1-2021, 11:09:07 AM
artem(artem) used a health_drink 1-1-2021, 11:09:08 AM
artem(artem) used a health_drink 1-1-2021, 11:09:08 AM
artem(artem) used a health_drink 1-1-2021, 11:09:08 AM
artem(artem) used a health_drink 1-1-2021, 11:09:09 AM
artem(artem) used a health_drink 1-1-2021, 11:09:09 AM
artem(artem) used a health_drink 1-1-2021, 11:09:10 AM
artem(artem) used a health_drink 1-1-2021, 11:09:10 AM
artem(artem) used a health_drink 1-1-2021, 11:09:10 AM
artem(artem) used a health_drink 1-1-2021, 11:09:10 AM
artem(artem) used a health_drink 1-1-2021, 11:09:11 AM
artem(artem) used a health_drink 1-1-2021, 11:09:11 AM
artem(artem) used a health_drink 1-1-2021, 11:09:12 AM
artem(artem) used a health_drink 1-1-2021, 11:09:12 AM
artem(artem) used a health_drink 1-1-2021, 11:09:13 AM
artem(artem) used a health_drink 1-1-2021, 11:09:13 AM
artem(artem) used a health_drink 1-1-2021, 11:09:13 AM
artem(artem) used a health_drink 1-1-2021, 11:09:13 AM
artem(artem) used a health_drink 1-1-2021, 11:09:14 AM
artem(artem) used a health_drink 1-1-2021, 11:09:14 AM
artem(artem) used a health_drink 1-1-2021, 11:09:15 AM
artem(artem) used a health_drink 1-1-2021, 11:09:15 AM
artem(artem) used a health_drink 1-1-2021, 11:09:16 AM
artem(artem) used a health_drink 1-1-2021, 11:09:16 AM
artem(artem) used a health_drink 1-1-2021, 11:09:17 AM
artem(artem) used a health_drink 1-1-2021, 11:09:17 AM
artem(artem) used a health_drink 1-1-2021, 11:09:17 AM
artem(artem) used a health_drink 1-1-2021, 11:09:18 AM
artem(artem) used a health_drink 1-1-2021, 11:09:18 AM
artem(artem) used a health_drink 1-1-2021, 11:09:19 AM
artem(artem) used a health_drink 1-1-2021, 11:09:19 AM
artem(artem) used a health_drink 1-1-2021, 11:09:20 AM
artem(artem) used a health_drink 1-1-2021, 11:09:20 AM
artem(artem) used a health_drink 1-1-2021, 11:09:21 AM
artem(artem) used a health_drink 1-1-2021, 11:14:13 AM
artem(artem) used a health_drink 1-1-2021, 11:14:14 AM
artem(artem) used a health_drink 1-1-2021, 11:14:14 AM
artem(artem) used a health_drink 1-1-2021, 11:14:14 AM
artem(artem) used a health_drink 1-1-2021, 11:14:15 AM
artem(artem) used a health_drink 1-1-2021, 11:14:15 AM
artem(artem) used a health_drink 1-1-2021, 11:14:15 AM
artem(artem) used a health_drink 1-1-2021, 11:14:16 AM
artem(artem) used a health_drink 1-1-2021, 11:14:18 AM
artem(artem) used a health_drink 1-1-2021, 11:57:51 AM
artem(artem) used a health_drink 1-1-2021, 11:57:52 AM
artem(artem) used a health_drink 1-1-2021, 11:57:52 AM
artem(artem) used a health_drink 1-1-2021, 11:57:52 AM
artem(artem) used a health_drink 1-1-2021, 11:58:11 AM
artem(artem) used a health_drink 1-1-2021, 11:58:11 AM
artem(artem) used a health_drink 1-1-2021, 11:58:12 AM
artem(artem) used a health_drink 1-1-2021, 11:58:12 AM
artem(artem) used a health_drink 1-1-2021, 11:58:12 AM
artem(artem) used a health_drink 1-1-2021, 11:58:13 AM
artem(artem) used a health_drink 1-1-2021, 11:58:13 AM
artem(artem) used a health_drink 1-1-2021, 11:58:14 AM
artem(artem) used a health_drink 1-1-2021, 11:58:14 AM
artem(artem) used a health_drink 1-1-2021, 11:58:14 AM
artem(artem) used a health_drink 1-1-2021, 11:58:15 AM
artem(artem) used a health_drink 1-1-2021, 11:58:15 AM
artem(artem) used a health_drink 1-1-2021, 11:58:15 AM
artem(artem) used a health_drink 1-1-2021, 11:58:16 AM
artem(artem) used a health_drink 1-1-2021, 11:58:16 AM
artem(artem) used a health_drink 1-1-2021, 11:58:17 AM
artem(artem) used a health_drink 1-1-2021, 11:58:17 AM
artem(artem) used a health_drink 1-1-2021, 11:58:17 AM
artem(artem) used a health_drink 1-1-2021, 11:58:18 AM
artem(artem) used a health_drink 1-1-2021, 11:58:18 AM
artem(artem) used a health_drink 1-1-2021, 11:58:18 AM
artem(artem) used a health_drink 1-1-2021, 11:58:19 AM
artem(artem) used a health_drink 1-1-2021, 11:58:19 AM
artem(artem) used a health_drink 1-1-2021, 11:58:20 AM
artem(artem) used a health_drink 1-1-2021, 11:58:20 AM
artem(artem) used a health_drink 1-1-2021, 11:58:21 AM
artem(artem) used a health_drink 1-1-2021, 11:58:21 AM
artem(artem) used a health_drink 1-1-2021, 11:58:21 AM
artem(artem) used a health_drink 1-1-2021, 11:58:22 AM
artem(artem) used a health_drink 1-1-2021, 11:58:22 AM
artem(artem) used a health_drink 1-1-2021, 11:58:25 AM
artem(artem) used a health_drink 1-1-2021, 11:58:26 AM
artem(artem) used a health_drink 1-1-2021, 11:58:26 AM
artem(artem) used a health_drink 1-1-2021, 11:58:27 AM
artem(artem) used a health_drink 1-1-2021, 11:58:27 AM
artem(artem) used a health_drink 1-1-2021, 11:58:28 AM
artem(artem) used a health_drink 1-1-2021, 11:58:28 AM
artem(artem) used a health_drink 1-1-2021, 11:58:29 AM
artem(artem) used a health_drink 1-1-2021, 11:58:29 AM
artem(artem) used a health_drink 1-1-2021, 11:58:29 AM
artem(artem) used a health_drink 1-1-2021, 11:58:30 AM
artem(artem) used a health_drink 1-1-2021, 11:58:30 AM
artem(artem) used a health_drink 1-1-2021, 11:58:31 AM
artem(artem) used a health_drink 1-1-2021, 11:58:31 AM
artem(artem) used a health_drink 1-1-2021, 11:58:31 AM
artem(artem) used a health_drink 1-1-2021, 11:58:32 AM
artem(artem) used a health_drink 1-1-2021, 11:58:32 AM
artem(artem) used a health_drink 1-1-2021, 11:58:33 AM
artem(artem) used a health_drink 1-1-2021, 11:58:33 AM
artem(artem) used a health_drink 1-1-2021, 11:58:34 AM
artem(artem) used a health_drink 1-1-2021, 11:58:34 AM
artem(artem) used a health_drink 1-1-2021, 11:58:34 AM
artem(artem) used a health_drink 1-1-2021, 11:58:35 AM
artem(artem) used a health_drink 1-1-2021, 11:58:35 AM
artem(artem) used a health_drink 1-1-2021, 11:58:36 AM
artem(artem) used a armored_tank 1-1-2021, 11:59:06 AM
artem(artem) used a police_car 1-1-2021, 12:02:23 PM
artem(artem) used a armored_tank 1-1-2021, 12:02:49 PM
artem(artem) used a police_car 1-1-2021, 12:03:03 PM
artem(artem) used a police_car 1-1-2021, 12:04:04 PM
artem(artem) used a police_car 1-1-2021, 12:04:05 PM
artem(artem) used a police_car 1-1-2021, 12:04:05 PM
artem(artem) used a police_car 1-1-2021, 12:04:54 PM
artem(artem) used a health_drink 1-1-2021, 12:09:30 PM
artem(artem) used a health_drink 1-1-2021, 12:09:30 PM
artem(artem) used a health_drink 1-1-2021, 12:09:31 PM
artem(artem) used a health_drink 1-1-2021, 12:09:31 PM
artem(artem) used a health_drink 1-1-2021, 12:09:31 PM
artem(artem) used a health_drink 1-1-2021, 12:09:32 PM
artem(artem) used a health_drink 1-1-2021, 12:09:32 PM
artem(artem) used a health_drink 1-1-2021, 12:09:32 PM
artem(artem) used a police_car 1-1-2021, 12:20:31 PM
artem(artem) used a health_drink 1-1-2021, 12:21:30 PM
artem(artem) used a health_drink 1-1-2021, 12:21:30 PM
artem(artem) used a health_drink 1-1-2021, 12:21:31 PM
artem(artem) used a health_drink 1-1-2021, 12:21:31 PM
artem(artem) used a health_drink 1-1-2021, 12:21:31 PM
artem(artem) used a health_drink 1-1-2021, 12:21:32 PM
artem(artem) used a health_drink 1-1-2021, 12:21:32 PM
artem(artem) used a health_drink 1-1-2021, 12:21:32 PM
artem(artem) used a health_drink 1-1-2021, 12:21:33 PM
artem(artem) used a health_drink 1-1-2021, 12:21:33 PM
artem(artem) used a health_drink 1-1-2021, 12:21:33 PM
artem(artem) used a health_drink 1-1-2021, 12:21:34 PM
artem(artem) used a health_drink 1-1-2021, 12:21:34 PM
artem(artem) used a health_drink 1-1-2021, 12:21:34 PM
artem(artem) used a health_drink 1-1-2021, 12:21:35 PM
artem(artem) used a health_drink 1-1-2021, 12:21:35 PM
artem(artem) used a health_drink 1-1-2021, 12:21:36 PM
artem(artem) used a health_drink 1-1-2021, 12:21:36 PM
artem(artem) used a health_drink 1-1-2021, 12:21:36 PM
artem(artem) used a health_drink 1-1-2021, 12:21:36 PM
artem(artem) used a health_drink 1-1-2021, 12:21:37 PM
artem(artem) used a health_drink 1-1-2021, 12:21:37 PM
artem(artem) used a health_drink 1-1-2021, 12:21:38 PM
artem(artem) used a health_drink 1-1-2021, 12:21:38 PM
artem(artem) used a health_drink 1-1-2021, 12:21:38 PM
artem(artem) used a health_drink 1-1-2021, 12:21:39 PM
artem(artem) used a health_drink 1-1-2021, 12:21:39 PM
artem(artem) used a health_drink 1-1-2021, 12:21:39 PM
artem(artem) used a health_drink 1-1-2021, 12:21:40 PM
artem(artem) used a health_drink 1-1-2021, 12:21:40 PM
artem(artem) used a health_drink 1-1-2021, 12:21:40 PM
artem(artem) used a health_drink 1-1-2021, 12:21:41 PM
artem(artem) used a health_drink 1-1-2021, 12:21:41 PM
artem(artem) used a health_drink 1-1-2021, 12:21:41 PM
artem(artem) used a health_drink 1-1-2021, 12:21:42 PM
artem(artem) used a health_drink 1-1-2021, 12:21:42 PM
artem(artem) used a health_drink 1-1-2021, 12:21:43 PM
artem(artem) used a health_drink 1-1-2021, 12:21:43 PM
artem(artem) used a health_drink 1-1-2021, 12:21:43 PM
artem(artem) used a health_drink 1-1-2021, 12:21:43 PM
artem(artem) used a health_drink 1-1-2021, 12:21:44 PM
artem(artem) used a health_drink 1-1-2021, 12:21:44 PM
artem(artem) used a health_drink 1-1-2021, 12:21:45 PM
artem(artem) used a health_drink 1-1-2021, 12:21:45 PM
artem(artem) used a health_drink 1-1-2021, 12:21:45 PM
artem(artem) used a health_drink 1-1-2021, 12:21:46 PM
artem(artem) used a health_drink 1-1-2021, 12:21:46 PM
artem(artem) used a police_car 1-1-2021, 12:21:51 PM
artem(artem) used a police_car 1-1-2021, 12:21:57 PM
artem(artem) used a police_car 1-1-2021, 12:21:57 PM
artem(artem) used a armored_tank 1-1-2021, 12:23:37 PM
artem(artem) used a armored_tank 1-1-2021, 12:23:37 PM
artem(artem) used a police_car 1-1-2021, 12:28:20 PM
artem(artem) used a health_drink 1-1-2021, 12:29:07 PM
artem(artem) used a health_drink 1-1-2021, 12:29:10 PM
artem(artem) used a health_drink 1-1-2021, 12:29:11 PM
artem(artem) used a health_drink 1-1-2021, 12:29:12 PM
artem(artem) used a health_drink 1-1-2021, 12:29:12 PM
artem(artem) used a health_drink 1-1-2021, 12:29:12 PM
artem(artem) used a health_drink 1-1-2021, 12:29:13 PM
artem(artem) used a health_drink 1-1-2021, 12:29:13 PM
artem(artem) used a health_drink 1-1-2021, 12:29:14 PM
artem(artem) used a health_drink 1-1-2021, 12:29:14 PM
artem(artem) used a health_drink 1-1-2021, 12:29:14 PM
artem(artem) used a health_drink 1-1-2021, 12:29:15 PM
artem(artem) used a health_drink 1-1-2021, 12:29:15 PM
artem(artem) used a health_drink 1-1-2021, 12:29:16 PM
artem(artem) used a health_drink 1-1-2021, 12:29:16 PM
artem(artem) used a health_drink 1-1-2021, 12:29:16 PM
artem(artem) used a health_drink 1-1-2021, 12:29:17 PM
artem(artem) used a health_drink 1-1-2021, 12:29:17 PM
artem(artem) used a health_drink 1-1-2021, 12:29:17 PM
artem(artem) used a health_drink 1-1-2021, 12:29:18 PM
artem(artem) used a health_drink 1-1-2021, 12:29:18 PM
artem(artem) used a health_drink 1-1-2021, 12:29:19 PM
artem(artem) used a health_drink 1-1-2021, 12:29:19 PM
artem(artem) used a health_drink 1-1-2021, 12:29:19 PM
artem(artem) used a health_drink 1-1-2021, 12:29:20 PM
artem(artem) used a health_drink 1-1-2021, 12:29:20 PM
artem(artem) used a health_drink 1-1-2021, 12:29:20 PM
artem(artem) used a health_drink 1-1-2021, 12:29:21 PM
artem(artem) used a health_drink 1-1-2021, 12:29:21 PM
artem(artem) used a health_drink 1-1-2021, 12:29:22 PM
artem(artem) used a health_drink 1-1-2021, 12:29:22 PM
artem(artem) used a health_drink 1-1-2021, 12:29:22 PM
artem(artem) used a health_drink 1-1-2021, 12:29:23 PM
artem(artem) used a health_drink 1-1-2021, 12:29:23 PM
artem(artem) used a health_drink 1-1-2021, 12:29:24 PM
artem(artem) used a health_drink 1-1-2021, 12:29:24 PM
artem(artem) used a health_drink 1-1-2021, 12:29:24 PM
artem(artem) used a health_drink 1-1-2021, 12:29:25 PM
artem(artem) used a health_drink 1-1-2021, 12:29:25 PM
artem(artem) used a health_drink 1-1-2021, 12:29:26 PM
artem(artem) used a health_drink 1-1-2021, 12:29:26 PM
artem(artem) used a health_drink 1-1-2021, 12:29:26 PM
artem(artem) used a health_drink 1-1-2021, 12:29:27 PM
artem(artem) used a health_drink 1-1-2021, 12:29:27 PM
artem(artem) used a health_drink 1-1-2021, 12:29:28 PM
artem(artem) used a health_drink 1-1-2021, 12:29:28 PM
artem(artem) used a health_drink 1-1-2021, 12:29:28 PM
artem(artem) used a health_drink 1-1-2021, 12:29:29 PM
artem(artem) used a health_drink 1-1-2021, 12:29:29 PM
artem(artem) used a health_drink 1-1-2021, 12:29:30 PM
artem(artem) used a health_drink 1-1-2021, 12:29:30 PM
artem(artem) used a health_drink 1-1-2021, 12:29:30 PM
artem(artem) used a health_drink 1-1-2021, 12:29:31 PM
artem(artem) used a health_drink 1-1-2021, 12:29:32 PM
artem(artem) used a health_drink 1-1-2021, 12:29:32 PM
artem(artem) used a health_drink 1-1-2021, 12:29:33 PM
artem(artem) used a health_drink 1-1-2021, 12:29:33 PM
artem(artem) used a police_car 1-1-2021, 4:02:53 PM
artem(artem) used a police_car 1-1-2021, 4:02:57 PM
artem(artem) used a hand)grenade 1-1-2021, 4:06:22 PM
artem(artem) used a hand)grenade 1-1-2021, 4:06:25 PM
artem(artem) used a hand)grenade 1-1-2021, 4:06:26 PM
artem(artem) used a hand)grenade 1-1-2021, 4:06:26 PM
artem(artem) used a hand)grenade 1-1-2021, 4:06:27 PM
artem(artem) used a hand)grenade 1-1-2021, 4:06:27 PM
artem(artem) used a hand)grenade 1-1-2021, 4:06:29 PM
artem(artem) used a hand)grenade 1-1-2021, 4:06:29 PM
artem(artem) used a guided_missile 1-1-2021, 4:06:45 PM
artem(artem) used a storm_sniper 1-1-2021, 4:54:15 PM
artem(artem) used a storm_sniper 1-1-2021, 4:54:18 PM
artem(artem) used a health_drink 1-1-2021, 5:17:34 PM
artem(artem) used a health_drink 1-1-2021, 5:17:35 PM
artem(artem) used a health_drink 1-1-2021, 5:17:35 PM
artem(artem) used a health_drink 1-1-2021, 5:17:35 PM
artem(artem) used a health_drink 1-1-2021, 5:17:36 PM
artem(artem) used a sky_372_laser_machinegun 1-1-2021, 5:17:36 PM
artem(artem) used a sky_372_laser_machinegun 1-1-2021, 5:17:37 PM
artem(artem) used a sky_372_laser_machinegun 1-1-2021, 5:17:37 PM
artem(artem) used a sky_372_laser_machinegun 1-1-2021, 5:17:38 PM
artem(artem) used a sky_372_laser_machinegun 1-1-2021, 5:17:38 PM
artem(artem) used a sky_372_laser_machinegun 1-1-2021, 5:17:39 PM
artem(artem) used a sky_372_laser_machinegun 1-1-2021, 5:17:39 PM
artem(artem) used a sky_372_laser_machinegun 1-1-2021, 5:17:40 PM
artem(artem) used a health_drink 1-1-2021, 5:17:40 PM
artem(artem) used a health_drink 1-1-2021, 5:17:40 PM
artem(artem) used a health_drink 1-1-2021, 5:17:41 PM
artem(artem) used a health_drink 1-1-2021, 5:17:41 PM
artem(artem) used a health_drink 1-1-2021, 5:17:41 PM
artem(artem) used a health_drink 1-1-2021, 5:17:42 PM
artem(artem) used a health_drink 1-1-2021, 5:17:42 PM
artem(artem) used a shield 1-1-2021, 5:18:14 PM
artem(artem) used a shield 1-1-2021, 5:18:15 PM
artem(artem) used a shield 1-1-2021, 5:18:15 PM
artem(artem) used a shield 1-1-2021, 5:18:15 PM
artem(artem) used a shield 1-1-2021, 5:18:16 PM
artem(artem) used a shield 1-1-2021, 5:18:16 PM
artem(artem) used a health_drink 1-1-2021, 5:18:20 PM
artem(artem) used a health_drink 1-1-2021, 5:18:20 PM
artem(artem) used a health_drink 1-1-2021, 5:18:21 PM
artem(artem) used a health_drink 1-1-2021, 5:18:21 PM
artem(artem) used a health_drink 1-1-2021, 5:18:21 PM
artem(artem) used a health_drink 1-1-2021, 5:18:22 PM
artem(artem) used a health_drink 1-1-2021, 5:18:22 PM
artem(artem) used a health_drink 1-1-2021, 5:18:22 PM
artem(artem) used a health_drink 1-1-2021, 5:18:23 PM
artem(artem) used a health_drink 1-1-2021, 5:18:23 PM
artem(artem) used a health_drink 1-1-2021, 5:18:23 PM
artem(artem) used a health_drink 1-1-2021, 5:18:24 PM
artem(artem) used a health_drink 1-1-2021, 5:18:24 PM
artem(artem) used a health_drink 1-1-2021, 5:18:24 PM
artem(artem) used a health_drink 1-1-2021, 5:18:25 PM
artem(artem) used a health_drink 1-1-2021, 5:18:25 PM
artem(artem) used a health_drink 1-1-2021, 5:18:26 PM
artem(artem) used a health_drink 1-1-2021, 5:18:27 PM
artem(artem) used a health_drink 1-1-2021, 5:18:27 PM
artem(artem) used a health_drink 1-1-2021, 5:18:28 PM
artem(artem) used a health_drink 1-1-2021, 5:18:28 PM
artem(artem) used a health_drink 1-1-2021, 5:20:13 PM
artem(artem) used a health_drink 1-1-2021, 5:20:14 PM
artem(artem) used a health_drink 1-1-2021, 5:20:14 PM
artem(artem) used a health_drink 1-1-2021, 5:20:14 PM
artem(artem) used a health_drink 1-1-2021, 5:20:15 PM
artem(artem) used a health_drink 1-1-2021, 5:20:15 PM
artem(artem) used a health_drink 1-1-2021, 5:20:16 PM
artem(artem) used a health_drink 1-1-2021, 5:20:16 PM
artem(artem) used a health_drink 1-1-2021, 5:20:16 PM
artem(artem) used a health_drink 1-1-2021, 5:20:17 PM
artem(artem) used a health_drink 1-1-2021, 5:20:17 PM
artem(artem) used a health_drink 1-1-2021, 5:20:17 PM
artem(artem) used a health_drink 1-1-2021, 5:20:18 PM
artem(artem) used a health_drink 1-1-2021, 5:20:18 PM
artem(artem) used a health_drink 1-1-2021, 5:20:19 PM
artem(artem) used a health_drink 1-1-2021, 5:20:19 PM
artem(artem) used a health_drink 1-1-2021, 5:20:19 PM
artem(artem) used a health_drink 1-1-2021, 5:20:20 PM
artem(artem) used a health_drink 1-1-2021, 5:20:20 PM
artem(artem) used a health_drink 1-1-2021, 5:20:20 PM
artem(artem) used a health_drink 1-1-2021, 5:20:21 PM
artem(artem) used a health_drink 1-1-2021, 5:20:21 PM
artem(artem) used a health_drink 1-1-2021, 5:20:22 PM
artem(artem) used a health_drink 1-1-2021, 5:20:22 PM
artem(artem) used a health_drink 1-1-2021, 5:20:22 PM
artem(artem) used a health_drink 1-1-2021, 5:20:23 PM
artem(artem) used a health_drink 1-1-2021, 5:20:23 PM
artem(artem) used a health_drink 1-1-2021, 5:20:23 PM
artem(artem) used a health_drink 1-1-2021, 5:30:09 PM
artem(artem) used a health_drink 1-1-2021, 5:30:09 PM
artem(artem) used a health_drink 1-1-2021, 5:30:09 PM
artem(artem) used a health_drink 1-1-2021, 5:30:10 PM
artem(artem) used a health_drink 1-1-2021, 5:30:10 PM
artem(artem) used a health_drink 1-1-2021, 5:30:11 PM
artem(artem) used a health_drink 1-1-2021, 5:30:11 PM
artem(artem) used a health_drink 1-1-2021, 5:30:11 PM
artem(artem) used a health_drink 1-1-2021, 5:30:12 PM
artem(artem) used a health_drink 1-1-2021, 5:30:12 PM
artem(artem) used a health_drink 1-1-2021, 5:30:12 PM
artem(artem) used a health_drink 1-1-2021, 5:30:13 PM
artem(artem) used a health_drink 1-1-2021, 5:30:13 PM
artem(artem) used a health_drink 1-1-2021, 5:30:13 PM
artem(artem) used a health_drink 1-1-2021, 5:30:14 PM
artem(artem) used a health_drink 1-1-2021, 5:30:14 PM
artem(artem) used a health_drink 1-1-2021, 5:30:15 PM
artem(artem) used a health_drink 1-1-2021, 5:30:15 PM
artem(artem) used a health_drink 1-1-2021, 5:30:16 PM
artem(artem) used a health_drink 1-1-2021, 5:30:16 PM
artem(artem) used a health_drink 1-1-2021, 5:30:16 PM
artem(artem) used a health_drink 1-1-2021, 5:30:16 PM
artem(artem) used a health_drink 1-1-2021, 5:30:17 PM
artem(artem) used a health_drink 1-1-2021, 5:30:17 PM
artem(artem) used a health_drink 1-1-2021, 5:30:18 PM
artem(artem) used a health_drink 1-1-2021, 5:30:18 PM
artem(artem) used a health_drink 1-1-2021, 5:30:18 PM
artem(artem) used a health_drink 1-1-2021, 5:30:19 PM
artem(artem) used a health_drink 1-1-2021, 5:30:19 PM
artem(artem) used a health_drink 1-1-2021, 5:30:19 PM
artem(artem) used a health_drink 1-1-2021, 5:30:20 PM
artem(artem) used a health_drink 1-1-2021, 5:30:20 PM
artem(artem) used a health_drink 1-1-2021, 5:30:21 PM
artem(artem) used a health_drink 1-1-2021, 5:30:21 PM
artem(artem) used a health_drink 1-1-2021, 5:30:22 PM
artem(artem) used a health_drink 1-1-2021, 5:30:22 PM
artem(artem) used a health_drink 1-1-2021, 5:30:22 PM
artem(artem) used a health_drink 1-1-2021, 5:30:23 PM
artem(artem) used a health_drink 1-1-2021, 5:30:23 PM
artem(artem) used a health_drink 1-1-2021, 5:30:23 PM
artem(artem) used a health_drink 1-1-2021, 5:30:24 PM
artem(artem) used a health_drink 1-1-2021, 5:30:24 PM
artem(artem) used a health_drink 1-1-2021, 5:30:25 PM
artem(artem) used a health_drink 1-1-2021, 5:30:25 PM
artem(artem) used a health_drink 1-1-2021, 5:30:25 PM
artem(artem) used a health_drink 1-1-2021, 5:30:26 PM
artem(artem) used a health_drink 1-1-2021, 5:30:26 PM
artem(artem) used a health_drink 1-1-2021, 5:30:27 PM
artem(artem) used a health_drink 1-1-2021, 5:30:27 PM
artem(artem) used a storm_sniper 1-1-2021, 5:33:53 PM
artem(artem) used a storm_sniper 1-1-2021, 5:33:54 PM
artem(artem) used a pack_of_15_ammo_storm_sniper 1-1-2021, 5:34:04 PM
artem(artem) used a pack_of_15_ammo_storm_sniper 1-1-2021, 5:34:05 PM
artem(artem) used a pack_of_15_ammo_storm_sniper 1-1-2021, 5:34:06 PM
artem(artem) used a pack_of_15_ammo_storm_sniper 1-1-2021, 5:34:06 PM
artem(artem) used a pack_of_15_ammo_storm_sniper 1-1-2021, 5:34:07 PM
artem(artem) used a pack_of_15_ammo_storm_sniper 1-1-2021, 5:34:07 PM
artem(artem) used a pack_of_15_ammo_storm_sniper 1-1-2021, 5:34:08 PM
artem(artem) used a pack_of_15_ammo_storm_sniper 1-1-2021, 5:34:08 PM
artem(artem) used a pack_of_15_ammo_storm_sniper 1-1-2021, 5:34:08 PM
artem(artem) used a pack_of_15_ammo_storm_sniper 1-1-2021, 5:34:09 PM
artem(artem) used a pack_of_15_ammo_storm_sniper 1-1-2021, 5:34:09 PM
artem(artem) used a pack_of_15_ammo_storm_sniper 1-1-2021, 5:34:09 PM
artem(artem) used a pack_of_15_ammo_storm_sniper 1-1-2021, 5:34:09 PM
artem(artem) used a pack_of_15_ammo_storm_sniper 1-1-2021, 5:34:09 PM
artem(artem) used a pack_of_15_ammo_storm_sniper 1-1-2021, 5:34:09 PM
artem(artem) used a pack_of_15_ammo_storm_sniper 1-1-2021, 5:34:10 PM
artem(artem) used a pack_of_15_ammo_storm_sniper 1-1-2021, 5:34:10 PM
artem(artem) used a pack_of_15_ammo_storm_sniper 1-1-2021, 5:34:10 PM
artem(artem) used a pack_of_15_ammo_storm_sniper 1-1-2021, 5:34:10 PM
artem(artem) used a pack_of_15_ammo_storm_sniper 1-1-2021, 5:34:10 PM
artem(artem) used a pack_of_15_ammo_storm_sniper 1-1-2021, 5:34:10 PM
artem(artem) used a pack_of_15_ammo_storm_sniper 1-1-2021, 5:34:11 PM
artem(artem) used a pack_of_15_ammo_storm_sniper 1-1-2021, 5:34:11 PM
artem(artem) used a pack_of_15_ammo_storm_sniper 1-1-2021, 5:34:11 PM
artem(artem) used a pack_of_15_ammo_storm_sniper 1-1-2021, 5:34:11 PM
artem(artem) used a pack_of_15_ammo_storm_sniper 1-1-2021, 5:34:11 PM
artem(artem) used a pack_of_15_ammo_storm_sniper 1-1-2021, 5:34:11 PM
artem(artem) used a pack_of_15_ammo_storm_sniper 1-1-2021, 5:34:12 PM
artem(artem) used a pack_of_15_ammo_storm_sniper 1-1-2021, 5:34:12 PM
artem(artem) used a pack_of_15_ammo_storm_sniper 1-1-2021, 5:34:12 PM
artem(artem) used a pack_of_15_ammo_storm_sniper 1-1-2021, 5:34:12 PM
artem(artem) used a pack_of_15_ammo_storm_sniper 1-1-2021, 5:34:12 PM
artem(artem) used a pack_of_15_ammo_storm_sniper 1-1-2021, 5:34:13 PM
artem(artem) used a pack_of_15_ammo_storm_sniper 1-1-2021, 5:34:13 PM
artem(artem) used a pack_of_15_ammo_storm_sniper 1-1-2021, 5:34:13 PM
artem(artem) used a pack_of_15_ammo_storm_sniper 1-1-2021, 5:34:13 PM
artem(artem) used a pack_of_15_ammo_storm_sniper 1-1-2021, 5:34:14 PM
artem(artem) used a pack_of_15_ammo_storm_sniper 1-1-2021, 5:34:14 PM
artem(artem) used a pack_of_15_ammo_storm_sniper 1-1-2021, 5:34:16 PM
artem(artem) used a pack_of_15_ammo_storm_sniper 1-1-2021, 5:34:16 PM
artem(artem) used a pack_of_15_ammo_storm_sniper 1-1-2021, 5:34:17 PM
artem(artem) used a pack_of_15_ammo_storm_sniper 1-1-2021, 5:34:17 PM
artem(artem) used a pack_of_15_ammo_storm_sniper 1-1-2021, 5:34:17 PM
artem(artem) used a pack_of_15_ammo_storm_sniper 1-1-2021, 5:34:17 PM
artem(artem) used a pack_of_15_ammo_storm_sniper 1-1-2021, 5:34:17 PM
artem(artem) used a pack_of_15_ammo_storm_sniper 1-1-2021, 5:34:17 PM
artem(artem) used a pack_of_15_ammo_storm_sniper 1-1-2021, 5:34:17 PM
artem(artem) used a pack_of_15_ammo_storm_sniper 1-1-2021, 5:34:18 PM
artem(artem) used a pack_of_15_ammo_storm_sniper 1-1-2021, 5:34:18 PM
artem(artem) used a storm_sniper 1-1-2021, 5:34:35 PM
artem(artem) used a storm_sniper 1-1-2021, 5:34:36 PM
artem(artem) used a storm_sniper 1-1-2021, 5:34:39 PM
artem(artem) used a storm_sniper 1-1-2021, 5:35:46 PM
artem(artem) used a storm_sniper 1-1-2021, 5:35:50 PM
artem(artem) used a storm_sniper 1-1-2021, 5:35:50 PM
artem(artem) used a ammo_storm_sniper 1-1-2021, 5:35:59 PM
artem(artem) used a ammo_storm_sniper 1-1-2021, 5:36:00 PM
artem(artem) used a ammo_storm_sniper 1-1-2021, 5:36:01 PM
artem(artem) used a ammo_storm_sniper 1-1-2021, 5:36:02 PM
artem(artem) used a stun_dart 1-1-2021, 5:36:15 PM
artem(artem) used a turret 1-1-2021, 5:36:56 PM
artem(artem) used a concussive_grenade 1-1-2021, 5:39:43 PM
artem(artem) used a concussive_grenade 1-1-2021, 5:40:03 PM
artem(artem) used a concussive_grenade 1-1-2021, 5:40:06 PM
artem(artem) used a concussive_grenade 1-1-2021, 5:40:07 PM
artem(artem) used a concussive_grenade 1-1-2021, 5:40:08 PM
artem(artem) used a concussive_grenade 1-1-2021, 5:40:50 PM
artem(artem) used a concussive_grenade 1-1-2021, 5:41:20 PM
artem(artem) used a health_drink 1-1-2021, 5:51:07 PM
artem(artem) used a health_drink 1-1-2021, 5:51:07 PM
artem(artem) used a health_drink 1-1-2021, 5:51:07 PM
artem(artem) used a health_drink 1-1-2021, 5:51:08 PM
artem(artem) used a health_drink 1-1-2021, 5:51:08 PM
artem(artem) used a health_drink 1-1-2021, 5:51:08 PM
artem(artem) used a health_drink 1-1-2021, 5:51:09 PM
artem(artem) used a health_drink 1-1-2021, 5:51:09 PM
artem(artem) used a health_drink 1-1-2021, 5:51:09 PM
artem(artem) used a health_drink 1-1-2021, 5:51:10 PM
artem(artem) used a health_drink 1-1-2021, 5:51:10 PM
artem(artem) used a health_drink 1-1-2021, 5:51:11 PM
artem(artem) used a health_drink 1-1-2021, 5:51:11 PM
artem(artem) used a health_drink 1-1-2021, 5:51:11 PM
artem(artem) used a health_drink 1-1-2021, 5:51:12 PM
artem(artem) used a health_drink 1-1-2021, 5:51:12 PM
artem(artem) used a health_drink 1-1-2021, 5:51:13 PM
artem(artem) used a health_drink 1-1-2021, 5:51:13 PM
artem(artem) used a health_drink 1-1-2021, 5:51:13 PM
artem(artem) used a health_drink 1-1-2021, 5:51:13 PM
artem(artem) used a health_drink 1-1-2021, 5:51:14 PM
artem(artem) used a health_drink 1-1-2021, 5:51:14 PM
artem(artem) used a health_drink 1-1-2021, 5:51:14 PM
artem(artem) used a health_drink 1-1-2021, 5:51:15 PM
artem(artem) used a health_drink 1-1-2021, 5:51:15 PM
artem(artem) used a health_drink 1-1-2021, 5:51:16 PM
artem(artem) used a health_drink 1-1-2021, 5:51:16 PM
artem(artem) used a health_drink 1-1-2021, 5:51:16 PM
artem(artem) used a health_drink 1-1-2021, 5:51:16 PM
artem(artem) used a health_drink 1-1-2021, 5:51:17 PM
artem(artem) used a health_drink 1-1-2021, 5:51:17 PM
artem(artem) used a health_drink 1-1-2021, 5:51:18 PM
artem(artem) used a health_drink 1-1-2021, 5:51:18 PM
artem(artem) used a health_drink 1-1-2021, 5:51:18 PM
artem(artem) used a health_drink 1-1-2021, 5:51:19 PM
artem(artem) used a health_drink 1-1-2021, 5:51:19 PM
artem(artem) used a health_drink 1-1-2021, 5:51:19 PM
artem(artem) used a health_drink 1-1-2021, 5:51:20 PM
artem(artem) used a health_drink 1-1-2021, 5:51:20 PM
artem(artem) used a health_drink 1-1-2021, 5:51:21 PM
artem(artem) used a health_drink 1-1-2021, 5:51:21 PM
artem(artem) used a health_drink 1-1-2021, 5:51:21 PM
artem(artem) used a health_drink 1-1-2021, 5:51:22 PM
artem(artem) used a health_drink 1-1-2021, 5:51:22 PM
artem(artem) used a health_drink 1-1-2021, 5:51:23 PM
artem(artem) used a health_drink 1-1-2021, 5:51:23 PM
artem(artem) used a health_drink 1-1-2021, 5:51:23 PM
artem(artem) used a health_drink 1-1-2021, 5:51:24 PM
artem(artem) used a health_drink 1-1-2021, 5:51:24 PM
artem(artem) used a health_drink 1-1-2021, 5:51:25 PM
artem(artem) used a health_drink 1-1-2021, 5:51:28 PM
artem(artem) used a health_drink 1-1-2021, 5:51:29 PM
artem(artem) used a health_drink 1-1-2021, 5:51:29 PM
artem(artem) used a health_drink 1-1-2021, 5:51:29 PM
artem(artem) used a shield 1-1-2021, 5:51:30 PM
artem(artem) used a shield 1-1-2021, 5:51:31 PM
artem(artem) used a shield 1-1-2021, 5:51:31 PM
artem(artem) used a health_drink 1-1-2021, 6:02:28 PM
artem(artem) used a health_drink 1-1-2021, 6:02:28 PM
artem(artem) used a health_drink 1-1-2021, 6:02:29 PM
artem(artem) used a shield 1-1-2021, 6:02:38 PM
artem(artem) used a health_drink 1-1-2021, 6:06:43 PM
artem(artem) used a health_drink 1-1-2021, 6:06:43 PM
artem(artem) used a health_drink 1-1-2021, 6:06:44 PM
artem(artem) used a health_drink 1-1-2021, 6:06:44 PM
artem(artem) used a health_drink 1-1-2021, 6:06:45 PM
artem(artem) used a health_drink 1-1-2021, 6:06:45 PM
artem(artem) used a health_drink 1-1-2021, 6:06:45 PM
artem(artem) used a health_drink 1-1-2021, 6:06:46 PM
artem(artem) used a health_drink 1-1-2021, 6:06:46 PM
artem(artem) used a health_drink 1-1-2021, 6:06:46 PM
artem(artem) used a health_drink 1-1-2021, 6:06:47 PM
artem(artem) used a health_drink 1-1-2021, 6:06:47 PM
artem(artem) used a health_drink 1-1-2021, 6:06:47 PM
artem(artem) used a health_drink 1-1-2021, 6:06:48 PM
artem(artem) used a health_drink 1-1-2021, 6:06:48 PM
artem(artem) used a health_drink 1-1-2021, 6:06:48 PM
artem(artem) used a health_drink 1-1-2021, 6:06:49 PM
artem(artem) used a health_drink 1-1-2021, 6:06:49 PM
artem(artem) used a health_drink 1-1-2021, 6:06:49 PM
artem(artem) used a health_drink 1-1-2021, 6:06:50 PM
artem(artem) used a health_drink 1-1-2021, 6:06:50 PM
artem(artem) used a health_drink 1-1-2021, 6:06:50 PM
artem(artem) used a health_drink 1-1-2021, 6:06:51 PM
artem(artem) used a health_drink 1-1-2021, 6:06:51 PM
artem(artem) used a health_drink 1-1-2021, 6:06:52 PM
artem(artem) used a health_drink 1-1-2021, 6:06:52 PM
artem(artem) used a health_drink 1-1-2021, 6:06:52 PM
artem(artem) used a health_drink 1-1-2021, 6:06:53 PM
artem(artem) used a health_drink 1-1-2021, 6:06:53 PM
artem(artem) used a health_drink 1-1-2021, 6:06:53 PM
artem(artem) used a health_drink 1-1-2021, 6:06:54 PM
artem(artem) used a health_drink 1-1-2021, 6:06:54 PM
artem(artem) used a health_drink 1-1-2021, 6:06:54 PM
artem(artem) used a health_drink 1-1-2021, 6:06:55 PM
artem(artem) used a health_drink 1-1-2021, 6:06:55 PM
artem(artem) used a health_drink 1-1-2021, 6:06:56 PM
artem(artem) used a health_drink 1-1-2021, 6:06:56 PM
artem(artem) used a health_drink 1-1-2021, 6:06:56 PM
artem(artem) used a health_drink 1-1-2021, 6:06:56 PM
artem(artem) used a health_drink 1-1-2021, 6:06:57 PM
artem(artem) used a health_drink 1-1-2021, 6:06:57 PM
artem(artem) used a health_drink 1-1-2021, 6:06:58 PM
artem(artem) used a health_drink 1-1-2021, 6:06:58 PM
artem(artem) used a health_drink 1-1-2021, 6:06:58 PM
artem(artem) used a health_drink 1-1-2021, 6:06:59 PM
artem(artem) used a health_drink 1-1-2021, 6:06:59 PM
artem(artem) used a health_drink 1-1-2021, 6:07:00 PM
artem(artem) used a health_drink 1-1-2021, 6:07:00 PM
artem(artem) used a health_drink 1-1-2021, 6:07:00 PM
artem(artem) used a health_drink 1-1-2021, 6:07:01 PM
artem(artem) used a health_drink 1-1-2021, 6:07:01 PM
artem(artem) used a health_drink 1-1-2021, 6:07:01 PM
artem(artem) used a health_drink 1-1-2021, 6:07:02 PM
artem(artem) used a health_drink 1-1-2021, 6:07:02 PM
artem(artem) used a health_drink 1-1-2021, 6:07:02 PM
artem(artem) used a health_drink 1-1-2021, 6:07:03 PM
artem(artem) used a health_drink 1-1-2021, 6:07:03 PM
artem(artem) used a rocket_launcher 1-1-2021, 6:13:47 PM
artem(artem) used a rocket_launcher 1-1-2021, 6:13:52 PM
artem(artem) used a health_drink 1-1-2021, 7:24:33 PM
artem(artem) used a health_drink 1-1-2021, 7:24:33 PM
artem(artem) used a health_drink 1-1-2021, 7:24:33 PM
artem(artem) used a health_drink 1-1-2021, 7:24:33 PM
artem(artem) used a health_drink 1-1-2021, 7:24:34 PM
artem(artem) used a health_drink 1-1-2021, 7:24:34 PM
artem(artem) used a health_drink 1-1-2021, 7:24:35 PM
artem(artem) used a health_drink 1-1-2021, 7:24:35 PM
artem(artem) used a health_drink 1-1-2021, 7:24:35 PM
artem(artem) used a health_drink 1-1-2021, 7:24:36 PM
artem(artem) used a health_drink 1-1-2021, 7:24:36 PM
artem(artem) used a health_drink 1-1-2021, 7:24:36 PM
artem(artem) used a health_drink 1-1-2021, 7:24:36 PM
artem(artem) used a health_drink 1-1-2021, 7:24:37 PM
artem(artem) used a health_drink 1-1-2021, 7:24:37 PM
artem(artem) used a health_drink 1-1-2021, 7:24:37 PM
artem(artem) used a health_drink 1-1-2021, 7:24:39 PM
artem(artem) used a health_drink 1-1-2021, 7:24:39 PM
artem(artem) used a health_drink 1-1-2021, 7:24:39 PM
artem(artem) used a health_drink 1-1-2021, 7:24:40 PM
artem(artem) used a health_drink 1-1-2021, 7:24:40 PM
artem(artem) used a health_drink 1-1-2021, 7:24:41 PM
artem(artem) used a health_drink 1-1-2021, 7:24:41 PM
artem(artem) used a health_drink 1-1-2021, 7:24:41 PM
artem(artem) used a health_drink 1-1-2021, 7:24:42 PM
artem(artem) used a health_drink 1-1-2021, 7:24:42 PM
artem(artem) used a health_drink 1-1-2021, 7:24:42 PM
artem(artem) used a health_drink 1-1-2021, 7:24:43 PM
artem(artem) used a health_drink 1-1-2021, 7:24:43 PM
artem(artem) used a health_drink 1-1-2021, 7:24:45 PM
artem(artem) used a health_drink 1-1-2021, 7:24:45 PM
artem(artem) used a health_drink 1-1-2021, 7:24:45 PM
artem(artem) used a health_drink 1-1-2021, 7:24:46 PM
artem(artem) used a health_drink 1-1-2021, 7:24:46 PM
artem(artem) used a health_drink 1-1-2021, 7:24:47 PM
artem(artem) used a health_drink 1-1-2021, 7:24:47 PM
artem(artem) used a health_drink 1-1-2021, 7:24:47 PM
artem(artem) used a health_drink 1-1-2021, 7:24:48 PM
artem(artem) used a health_drink 1-1-2021, 7:24:48 PM
artem(artem) used a health_drink 1-1-2021, 7:24:49 PM
artem(artem) used a health_drink 1-1-2021, 7:24:49 PM
artem(artem) used a health_drink 1-1-2021, 7:24:49 PM
artem(artem) used a health_drink 1-1-2021, 7:24:50 PM
artem(artem) used a health_drink 1-1-2021, 7:24:50 PM
artem(artem) used a health_drink 1-1-2021, 7:24:50 PM
artem(artem) used a health_drink 1-1-2021, 7:24:51 PM
artem(artem) used a health_drink 1-1-2021, 7:24:51 PM
artem(artem) used a health_drink 1-1-2021, 7:24:52 PM
artem(artem) used a health_drink 1-1-2021, 7:24:52 PM
artem(artem) used a health_drink 1-1-2021, 7:24:52 PM
artem(artem) used a health_drink 1-1-2021, 7:24:52 PM
artem(artem) used a health_drink 1-1-2021, 7:24:53 PM
artem(artem) used a health_drink 1-1-2021, 7:24:53 PM
artem(artem) used a health_drink 1-1-2021, 7:24:54 PM
artem(artem) used a health_drink 1-1-2021, 7:24:54 PM
artem(artem) used a health_drink 1-1-2021, 7:24:55 PM
artem(artem) used a health_drink 1-1-2021, 7:24:55 PM
artem(artem) used a health_drink 1-1-2021, 7:24:55 PM
artem(artem) used a health_drink 1-1-2021, 7:24:56 PM
artem(artem) used a health_drink 1-1-2021, 7:24:56 PM
artem(artem) used a health_drink 1-1-2021, 7:24:56 PM
artem(artem) used a health_drink 1-1-2021, 7:24:57 PM
artem(artem) used a health_drink 1-1-2021, 7:24:57 PM
artem(artem) used a health_drink 1-1-2021, 7:24:58 PM
artem(artem) used a health_drink 1-1-2021, 7:24:58 PM
artem(artem) used a health_drink 1-1-2021, 7:24:59 PM
artem(artem) used a health_drink 1-1-2021, 7:24:59 PM
artem(artem) used a health_drink 1-1-2021, 7:25:00 PM
artem(artem) used a health_drink 1-1-2021, 7:25:00 PM
artem(artem) used a health_drink 1-1-2021, 7:25:00 PM
artem(artem) used a health_drink 1-1-2021, 7:25:01 PM
artem(artem) used a health_drink 1-1-2021, 7:25:01 PM
artem(artem) used a health_drink 1-1-2021, 7:25:02 PM
artem(artem) used a health_drink 1-1-2021, 7:25:02 PM
artem(artem) used a health_drink 1-1-2021, 7:25:02 PM
artem(artem) used a health_drink 1-1-2021, 7:25:03 PM
artem(artem) used a health_drink 1-1-2021, 7:25:03 PM
artem(artem) used a health_drink 1-1-2021, 7:25:04 PM
artem(artem) used a health_drink 1-1-2021, 7:25:04 PM
artem(artem) used a health_drink 1-1-2021, 7:25:05 PM
artem(artem) used a health_drink 1-1-2021, 7:25:05 PM
artem(artem) used a health_drink 1-1-2021, 7:25:06 PM
artem(artem) used a health_drink 1-1-2021, 7:25:06 PM
artem(artem) used a police_car 1-1-2021, 7:45:24 PM
artem(artem) used a police_car 1-1-2021, 7:45:29 PM
artem(artem) used a the_legendary_sword 1-1-2021, 7:54:34 PM
artem(artem) used a the_legendary_sword 1-1-2021, 7:54:39 PM
artem(artem) used a health_drink 1-1-2021, 7:55:11 PM
artem(artem) used a health_drink 1-1-2021, 7:55:11 PM
artem(artem) used a health_drink 1-1-2021, 7:55:12 PM
artem(artem) used a health_drink 1-1-2021, 7:55:12 PM
artem(artem) used a health_drink 1-1-2021, 7:55:12 PM
artem(artem) used a health_drink 1-1-2021, 7:55:13 PM
artem(artem) used a health_drink 1-1-2021, 7:55:13 PM
artem(artem) used a health_drink 1-1-2021, 7:55:14 PM
artem(artem) used a health_drink 1-1-2021, 7:55:14 PM
artem(artem) used a health_drink 1-1-2021, 7:55:15 PM
artem(artem) used a health_drink 1-1-2021, 7:55:15 PM
artem(artem) used a health_drink 1-1-2021, 7:55:16 PM
artem(artem) used a health_drink 1-1-2021, 7:55:16 PM
artem(artem) used a health_drink 1-1-2021, 7:55:17 PM
artem(artem) used a health_drink 1-1-2021, 7:55:17 PM
artem(artem) used a health_drink 1-1-2021, 7:55:18 PM
artem(artem) used a health_drink 1-1-2021, 7:55:18 PM
artem(artem) used a health_drink 1-1-2021, 7:55:18 PM
artem(artem) used a health_drink 1-1-2021, 7:55:19 PM
artem(artem) used a health_drink 1-1-2021, 7:55:19 PM
artem(artem) used a health_drink 1-1-2021, 7:55:20 PM
artem(artem) used a health_drink 1-1-2021, 7:55:20 PM
artem(artem) used a health_drink 1-1-2021, 7:55:21 PM
artem(artem) used a health_drink 1-1-2021, 7:55:22 PM
artem(artem) used a health_drink 1-1-2021, 7:55:22 PM
artem(artem) used a health_drink 1-1-2021, 7:55:23 PM
artem(artem) used a health_drink 1-1-2021, 7:55:23 PM
artem(artem) used a health_drink 1-1-2021, 7:55:24 PM
artem(artem) used a health_drink 1-1-2021, 7:55:24 PM
artem(artem) used a health_drink 1-1-2021, 7:55:25 PM
artem(artem) used a health_drink 1-1-2021, 7:55:25 PM
artem(artem) used a health_drink 1-1-2021, 7:55:25 PM
artem(artem) used a health_drink 1-1-2021, 7:55:26 PM
artem(artem) used a health_drink 1-1-2021, 7:55:26 PM
artem(artem) used a health_drink 1-1-2021, 7:55:27 PM
artem(artem) used a health_drink 1-1-2021, 7:55:27 PM
artem(artem) used a health_drink 1-1-2021, 7:55:28 PM
artem(artem) used a health_drink 1-1-2021, 7:55:28 PM
artem(artem) used a health_drink 1-1-2021, 7:55:29 PM
artem(artem) used a health_drink 1-1-2021, 7:58:07 PM
artem(artem) used a health_drink 1-1-2021, 7:58:08 PM
artem(artem) used a health_drink 1-1-2021, 7:58:08 PM
artem(artem) used a health_drink 1-1-2021, 7:58:08 PM
artem(artem) used a health_drink 1-1-2021, 7:58:09 PM
artem(artem) used a health_drink 1-1-2021, 7:58:09 PM
artem(artem) used a health_drink 1-1-2021, 7:58:10 PM
artem(artem) used a health_drink 1-1-2021, 7:58:10 PM
artem(artem) used a health_drink 1-1-2021, 7:58:10 PM
artem(artem) used a health_drink 1-1-2021, 7:58:10 PM
artem(artem) used a health_drink 1-1-2021, 7:58:11 PM
artem(artem) used a health_drink 1-1-2021, 7:58:11 PM
artem(artem) used a health_drink 1-1-2021, 7:58:12 PM
artem(artem) used a health_drink 1-1-2021, 7:58:12 PM
artem(artem) used a health_drink 1-1-2021, 7:58:13 PM
artem(artem) used a health_drink 1-1-2021, 7:58:13 PM
artem(artem) used a health_drink 1-1-2021, 7:58:13 PM
artem(artem) used a health_drink 1-1-2021, 7:58:14 PM
artem(artem) used a health_drink 1-1-2021, 7:58:14 PM
artem(artem) used a health_drink 1-1-2021, 7:58:15 PM
artem(artem) used a health_drink 1-1-2021, 7:58:15 PM
artem(artem) used a health_drink 1-1-2021, 7:58:16 PM
artem(artem) used a health_drink 1-1-2021, 7:58:16 PM
artem(artem) used a health_drink 1-1-2021, 7:58:17 PM
artem(artem) used a health_drink 1-1-2021, 7:58:17 PM
artem(artem) used a health_drink 1-1-2021, 7:58:17 PM
artem(artem) used a health_drink 1-1-2021, 7:58:21 PM
artem(artem) used a health_drink 1-1-2021, 7:58:21 PM
artem(artem) used a health_drink 1-1-2021, 7:58:22 PM
artem(artem) used a shield 1-1-2021, 7:58:23 PM
artem(artem) used a shield 1-1-2021, 7:58:23 PM
artem(artem) used a shield 1-1-2021, 7:58:24 PM
artem(artem) used a shield 1-1-2021, 7:58:24 PM
artem(artem) used a shield 1-1-2021, 7:58:25 PM
artem(artem) used a shield 1-1-2021, 7:58:27 PM
artem(artem) used a shield 1-1-2021, 7:58:28 PM
artem(artem) used a shield 1-1-2021, 7:58:28 PM
artem(artem) used a shield 1-1-2021, 7:58:29 PM
artem(artem) used a shield 1-1-2021, 7:58:30 PM
artem(artem) used a shield 1-1-2021, 7:58:31 PM
artem(artem) used a shield 1-1-2021, 7:58:31 PM
artem(artem) used a shield 1-1-2021, 7:58:32 PM
artem(artem) used a shield 1-1-2021, 7:58:32 PM
artem(artem) used a shield 1-1-2021, 7:58:32 PM
artem(artem) used a shield 1-1-2021, 7:58:32 PM
artem(artem) used a shield 1-1-2021, 7:58:33 PM
artem(artem) used a shield 1-1-2021, 7:58:33 PM
artem(artem) used a shield 1-1-2021, 7:58:34 PM
artem(artem) used a shield 1-1-2021, 7:58:34 PM
artem(artem) used a shield 1-1-2021, 7:58:35 PM
artem(artem) used a shield 1-1-2021, 7:58:35 PM
artem(artem) used a shield 1-1-2021, 7:58:36 PM
artem(artem) used a shield 1-1-2021, 7:58:36 PM
artem(artem) used a shield 1-1-2021, 7:58:36 PM
artem(artem) used a shield 1-1-2021, 7:58:37 PM
artem(artem) used a shield 1-1-2021, 7:58:37 PM
artem(artem) used a shield 1-1-2021, 7:58:38 PM
artem(artem) used a shield 1-1-2021, 7:58:38 PM
artem(artem) used a shield 1-1-2021, 7:58:38 PM
artem(artem) used a shield 1-1-2021, 7:58:39 PM
artem(artem) used a shield 1-1-2021, 7:58:39 PM
artem(artem) used a shield 1-1-2021, 7:58:39 PM
artem(artem) used a shield 1-1-2021, 7:58:40 PM
artem(artem) used a shield 1-1-2021, 7:58:40 PM
artem(artem) used a shield 1-1-2021, 7:58:40 PM
artem(artem) used a shield 1-1-2021, 7:58:41 PM
artem(artem) used a shield 1-1-2021, 7:58:41 PM
artem(artem) used a shield 1-1-2021, 7:58:41 PM
artem(artem) used a shield 1-1-2021, 7:58:42 PM
artem(artem) used a shield 1-1-2021, 7:58:42 PM
artem(artem) used a health_drink 1-1-2021, 7:59:52 PM
artem(artem) used a health_drink 1-1-2021, 7:59:52 PM
artem(artem) used a health_drink 1-1-2021, 7:59:53 PM
artem(artem) used a health_drink 1-1-2021, 7:59:53 PM
artem(artem) used a health_drink 1-1-2021, 7:59:54 PM
artem(artem) used a health_drink 1-1-2021, 7:59:54 PM
artem(artem) used a health_drink 1-1-2021, 7:59:55 PM
artem(artem) used a health_drink 1-1-2021, 7:59:55 PM
artem(artem) used a health_drink 1-1-2021, 7:59:55 PM
artem(artem) used a health_drink 1-1-2021, 7:59:56 PM
artem(artem) used a health_drink 1-1-2021, 7:59:56 PM
artem(artem) used a health_drink 1-1-2021, 7:59:56 PM
artem(artem) used a health_drink 1-1-2021, 7:59:57 PM
artem(artem) used a health_drink 1-1-2021, 7:59:57 PM
artem(artem) used a health_drink 1-1-2021, 7:59:58 PM
artem(artem) used a health_drink 1-1-2021, 7:59:58 PM
artem(artem) used a health_drink 1-1-2021, 7:59:59 PM
artem(artem) used a health_drink 1-1-2021, 8:00:00 PM
artem(artem) used a health_drink 1-1-2021, 8:00:00 PM
artem(artem) used a health_drink 1-1-2021, 8:00:01 PM
artem(artem) used a health_drink 1-1-2021, 8:00:01 PM
artem(artem) used a health_drink 1-1-2021, 8:00:02 PM
artem(artem) used a health_drink 1-1-2021, 8:00:02 PM
artem(artem) used a health_drink 1-1-2021, 8:00:02 PM
artem(artem) used a health_drink 1-1-2021, 8:00:03 PM
artem(artem) used a health_drink 1-1-2021, 8:00:03 PM
artem(artem) used a health_drink 1-1-2021, 8:00:03 PM
artem(artem) used a health_drink 1-1-2021, 8:00:04 PM
artem(artem) used a health_drink 1-1-2021, 8:00:04 PM
artem(artem) used a shield 1-1-2021, 8:00:05 PM
artem(artem) used a shield 1-1-2021, 8:00:05 PM
artem(artem) used a health_drink 1-1-2021, 8:00:38 PM
artem(artem) used a health_drink 1-1-2021, 8:00:38 PM
artem(artem) used a health_drink 1-1-2021, 8:00:38 PM
artem(artem) used a health_drink 1-1-2021, 8:00:39 PM
artem(artem) used a health_drink 1-1-2021, 8:00:39 PM
artem(artem) used a health_drink 1-1-2021, 8:00:40 PM
artem(artem) used a health_drink 1-1-2021, 8:00:40 PM
artem(artem) used a health_drink 1-1-2021, 8:00:40 PM
artem(artem) used a health_drink 1-1-2021, 8:00:41 PM
artem(artem) used a health_drink 1-1-2021, 8:00:41 PM
artem(artem) used a health_drink 1-1-2021, 8:00:41 PM
artem(artem) used a health_drink 1-1-2021, 8:00:42 PM
artem(artem) used a health_drink 1-1-2021, 8:01:05 PM
artem(artem) used a health_drink 1-1-2021, 8:01:06 PM
artem(artem) used a health_drink 1-1-2021, 8:01:06 PM
artem(artem) used a health_drink 1-1-2021, 8:01:06 PM
artem(artem) used a health_drink 1-1-2021, 8:01:07 PM
artem(artem) used a health_drink 1-1-2021, 8:01:07 PM
artem(artem) used a health_drink 1-1-2021, 8:01:08 PM
artem(artem) used a health_drink 1-1-2021, 8:01:08 PM
artem(artem) used a health_drink 1-1-2021, 8:01:08 PM
artem(artem) used a health_drink 1-1-2021, 8:01:10 PM
artem(artem) used a health_drink 1-1-2021, 8:01:10 PM
artem(artem) used a health_drink 1-1-2021, 8:01:10 PM
artem(artem) used a health_drink 1-1-2021, 8:01:11 PM
artem(artem) used a health_drink 1-1-2021, 8:01:11 PM
artem(artem) used a health_drink 1-1-2021, 8:01:11 PM
artem(artem) used a health_drink 1-1-2021, 8:01:12 PM
artem(artem) used a health_drink 1-1-2021, 8:01:12 PM
artem(artem) used a health_drink 1-1-2021, 8:01:13 PM
artem(artem) used a health_drink 1-1-2021, 8:01:13 PM
artem(artem) used a health_drink 1-1-2021, 8:01:13 PM
artem(artem) used a health_drink 1-1-2021, 8:01:14 PM
artem(artem) used a health_drink 1-1-2021, 8:01:14 PM
artem(artem) used a health_drink 1-1-2021, 8:01:14 PM
artem(artem) used a health_drink 1-1-2021, 8:01:15 PM
artem(artem) used a health_drink 1-1-2021, 8:01:15 PM
artem(artem) used a health_drink 1-1-2021, 8:01:16 PM
artem(artem) used a health_drink 1-1-2021, 8:01:16 PM
artem(artem) used a health_drink 1-1-2021, 8:01:16 PM
artem(artem) used a health_drink 1-1-2021, 8:01:17 PM
artem(artem) used a health_drink 1-1-2021, 8:01:17 PM
artem(artem) used a health_drink 1-1-2021, 8:01:18 PM
artem(artem) used a health_drink 1-1-2021, 8:01:18 PM
artem(artem) used a health_drink 1-1-2021, 8:01:18 PM
artem(artem) used a health_drink 1-1-2021, 8:01:19 PM
artem(artem) used a health_drink 1-1-2021, 8:01:19 PM
artem(artem) used a health_drink 1-1-2021, 8:01:20 PM
artem(artem) used a health_drink 1-1-2021, 8:01:20 PM
artem(artem) used a health_drink 1-1-2021, 8:01:20 PM
artem(artem) used a health_drink 1-1-2021, 8:01:21 PM
artem(artem) used a health_drink 1-1-2021, 8:01:21 PM
artem(artem) used a health_drink 1-1-2021, 8:01:22 PM
artem(artem) used a health_drink 1-1-2021, 8:01:22 PM
artem(artem) used a health_drink 1-1-2021, 8:01:23 PM
artem(artem) used a health_drink 1-1-2021, 8:01:23 PM
artem(artem) used a health_drink 1-1-2021, 8:01:23 PM
artem(artem) used a health_drink 1-1-2021, 8:01:24 PM
artem(artem) used a health_drink 1-1-2021, 8:01:24 PM
artem(artem) used a health_drink 1-1-2021, 8:01:25 PM
artem(artem) used a health_drink 1-1-2021, 8:01:25 PM
artem(artem) used a health_drink 1-1-2021, 8:01:26 PM
artem(artem) used a health_drink 1-1-2021, 8:01:26 PM
artem(artem) used a health_drink 1-1-2021, 8:01:26 PM
artem(artem) used a health_drink 1-1-2021, 8:01:27 PM
artem(artem) used a health_drink 1-1-2021, 8:01:27 PM
artem(artem) used a health_drink 1-1-2021, 8:01:28 PM
artem(artem) used a health_drink 1-1-2021, 8:01:28 PM
artem(artem) used a health_drink 1-1-2021, 8:01:28 PM
artem(artem) used a health_drink 1-1-2021, 8:01:29 PM
artem(artem) used a health_drink 1-1-2021, 8:01:29 PM
artem(artem) used a health_drink 1-1-2021, 8:01:30 PM
artem(artem) used a shield 1-1-2021, 8:01:30 PM
artem(artem) used a shield 1-1-2021, 8:01:31 PM
artem(artem) used a shield 1-1-2021, 8:01:31 PM
artem(artem) used a shield 1-1-2021, 8:01:32 PM
artem(artem) used a shield 1-1-2021, 8:01:32 PM
artem(artem) used a shield 1-1-2021, 8:01:33 PM
artem(artem) used a shield 1-1-2021, 8:01:33 PM
artem(artem) used a shield 1-1-2021, 8:01:33 PM
artem(artem) used a shield 1-1-2021, 8:01:34 PM
artem(artem) used a shield 1-1-2021, 8:01:37 PM
artem(artem) used a shield 1-1-2021, 8:01:38 PM
artem(artem) used a shield 1-1-2021, 8:01:38 PM
artem(artem) used a shield 1-1-2021, 8:01:39 PM
artem(artem) used a shield 1-1-2021, 8:01:39 PM
artem(artem) used a shield 1-1-2021, 8:01:39 PM
artem(artem) used a shield 1-1-2021, 8:01:40 PM
artem(artem) used a shield 1-1-2021, 8:01:43 PM
artem(artem) used a shield 1-1-2021, 8:01:44 PM
artem(artem) used a shield 1-1-2021, 8:01:44 PM
artem(artem) used a shield 1-1-2021, 8:01:44 PM
artem(artem) used a shield 1-1-2021, 8:01:45 PM
artem(artem) used a shield 1-1-2021, 8:01:45 PM
artem(artem) used a shield 1-1-2021, 8:01:45 PM
artem(artem) used a shield 1-1-2021, 8:01:45 PM
artem(artem) used a shield 1-1-2021, 8:01:45 PM
artem(artem) used a shield 1-1-2021, 8:01:46 PM
artem(artem) used a shield 1-1-2021, 8:01:46 PM
artem(artem) used a shield 1-1-2021, 8:01:47 PM
artem(artem) used a shield 1-1-2021, 8:01:47 PM
artem(artem) used a shield 1-1-2021, 8:01:47 PM
artem(artem) used a shield 1-1-2021, 8:01:48 PM
artem(artem) used a shield 1-1-2021, 8:01:48 PM
artem(artem) used a shield 1-1-2021, 8:01:49 PM
artem(artem) used a shield 1-1-2021, 8:01:49 PM
artem(artem) used a shield 1-1-2021, 8:01:49 PM
artem(artem) used a shield 1-1-2021, 8:01:50 PM
artem(artem) used a shield 1-1-2021, 8:01:50 PM
artem(artem) used a shield 1-1-2021, 8:01:50 PM
artem(artem) used a shield 1-1-2021, 8:01:51 PM
artem(artem) used a shield 1-1-2021, 8:01:51 PM
artem(artem) used a shield 1-1-2021, 8:01:51 PM
artem(artem) used a shield 1-1-2021, 8:01:52 PM
artem(artem) used a shield 1-1-2021, 8:01:52 PM
artem(artem) used a shield 1-1-2021, 8:01:52 PM
artem(artem) used a shield 1-1-2021, 8:01:53 PM
artem(artem) used a shield 1-1-2021, 8:01:53 PM
artem(artem) used a shield 1-1-2021, 8:01:54 PM
artem(artem) used a health_drink 1-1-2021, 8:02:03 PM
artem(artem) used a health_drink 1-1-2021, 8:02:04 PM
artem(artem) used a health_drink 1-1-2021, 8:02:05 PM
artem(artem) used a health_drink 1-1-2021, 8:02:05 PM
artem(artem) used a health_drink 1-1-2021, 8:03:03 PM
artem(artem) used a health_drink 1-1-2021, 8:03:03 PM
artem(artem) used a health_drink 1-1-2021, 8:03:04 PM
artem(artem) used a health_drink 1-1-2021, 8:03:04 PM
artem(artem) used a health_drink 1-1-2021, 8:03:04 PM
artem(artem) used a health_drink 1-1-2021, 8:03:07 PM
artem(artem) used a health_drink 1-1-2021, 8:03:07 PM
artem(artem) used a health_drink 1-1-2021, 8:03:07 PM
artem(artem) used a health_drink 1-1-2021, 8:03:08 PM
artem(artem) used a health_drink 1-1-2021, 8:03:08 PM
artem(artem) used a health_drink 1-1-2021, 8:03:09 PM
artem(artem) used a health_drink 1-1-2021, 8:03:09 PM
artem(artem) used a health_drink 1-1-2021, 8:03:09 PM
artem(artem) used a health_drink 1-1-2021, 8:03:10 PM
artem(artem) used a health_drink 1-1-2021, 8:03:10 PM
artem(artem) used a health_drink 1-1-2021, 8:03:10 PM
artem(artem) used a health_drink 1-1-2021, 8:03:11 PM
artem(artem) used a health_drink 1-1-2021, 8:03:11 PM
artem(artem) used a health_drink 1-1-2021, 8:03:11 PM
artem(artem) used a health_drink 1-1-2021, 8:03:12 PM
artem(artem) used a health_drink 1-1-2021, 8:03:12 PM
artem(artem) used a health_drink 1-1-2021, 8:03:13 PM
artem(artem) used a health_drink 1-1-2021, 8:03:13 PM
artem(artem) used a health_drink 1-1-2021, 8:03:13 PM
artem(artem) used a health_drink 1-1-2021, 8:03:14 PM
artem(artem) used a health_drink 1-1-2021, 8:03:14 PM
artem(artem) used a health_drink 1-1-2021, 8:03:14 PM
artem(artem) used a health_drink 1-1-2021, 8:03:20 PM
artem(artem) used a health_drink 1-1-2021, 8:03:20 PM
artem(artem) used a health_drink 1-1-2021, 8:03:20 PM
artem(artem) used a health_drink 1-1-2021, 8:03:21 PM
artem(artem) used a health_drink 1-1-2021, 8:03:21 PM
artem(artem) used a health_drink 1-1-2021, 8:03:21 PM
artem(artem) used a health_drink 1-1-2021, 8:03:23 PM
artem(artem) used a health_drink 1-1-2021, 8:03:23 PM
artem(artem) used a health_drink 1-1-2021, 8:03:23 PM
artem(artem) used a health_drink 1-1-2021, 8:03:24 PM
artem(artem) used a health_drink 1-1-2021, 8:03:27 PM
artem(artem) used a health_drink 1-1-2021, 8:03:27 PM
artem(artem) used a health_drink 1-1-2021, 8:03:27 PM
artem(artem) used a health_drink 1-1-2021, 8:03:27 PM
artem(artem) used a health_drink 1-1-2021, 8:03:28 PM
artem(artem) used a health_drink 1-1-2021, 8:03:28 PM
artem(artem) used a health_drink 1-1-2021, 8:03:30 PM
artem(artem) used a health_drink 1-1-2021, 8:03:30 PM
artem(artem) used a health_drink 1-1-2021, 8:03:30 PM
artem(artem) used a health_drink 1-1-2021, 8:03:31 PM
artem(artem) used a shield 1-1-2021, 8:03:32 PM
artem(artem) used a shield 1-1-2021, 8:03:32 PM
artem(artem) used a shield 1-1-2021, 8:03:33 PM
artem(artem) used a shield 1-1-2021, 8:03:33 PM
artem(artem) used a shield 1-1-2021, 8:03:36 PM
artem(artem) used a shield 1-1-2021, 8:03:36 PM
artem(artem) used a shield 1-1-2021, 8:03:37 PM
artem(artem) used a shield 1-1-2021, 8:03:37 PM
artem(artem) used a shield 1-1-2021, 8:03:38 PM
artem(artem) used a shield 1-1-2021, 8:03:38 PM
artem(artem) used a shield 1-1-2021, 8:03:38 PM
artem(artem) used a shield 1-1-2021, 8:03:39 PM
artem(artem) used a shield 1-1-2021, 8:03:40 PM
artem(artem) used a shield 1-1-2021, 8:03:40 PM
artem(artem) used a shield 1-1-2021, 8:03:41 PM
artem(artem) used a shield 1-1-2021, 8:03:43 PM
artem(artem) used a shield 1-1-2021, 8:03:44 PM
artem(artem) used a shield 1-1-2021, 8:03:44 PM
artem(artem) used a shield 1-1-2021, 8:03:45 PM
artem(artem) used a shield 1-1-2021, 8:03:45 PM
artem(artem) used a shield 1-1-2021, 8:03:45 PM
artem(artem) used a shield 1-1-2021, 8:03:46 PM
artem(artem) used a shield 1-1-2021, 8:03:46 PM
artem(artem) used a shield 1-1-2021, 8:03:46 PM
artem(artem) used a shield 1-1-2021, 8:03:47 PM
artem(artem) used a shield 1-1-2021, 8:03:47 PM
artem(artem) used a shield 1-1-2021, 8:03:47 PM
artem(artem) used a shield 1-1-2021, 8:03:48 PM
artem(artem) used a shield 1-1-2021, 8:03:48 PM
artem(artem) used a shield 1-1-2021, 8:03:48 PM
artem(artem) used a shield 1-1-2021, 8:03:48 PM
artem(artem) used a shield 1-1-2021, 8:03:49 PM
artem(artem) used a shield 1-1-2021, 8:03:49 PM
artem(artem) used a shield 1-1-2021, 8:03:50 PM
artem(artem) used a shield 1-1-2021, 8:03:50 PM
artem(artem) used a shield 1-1-2021, 8:03:50 PM
artem(artem) used a shield 1-1-2021, 8:03:51 PM
artem(artem) used a shield 1-1-2021, 8:03:51 PM
artem(artem) used a shield 1-1-2021, 8:03:51 PM
artem(artem) used a shield 1-1-2021, 8:03:52 PM
artem(artem) used a shield 1-1-2021, 8:03:52 PM
artem(artem) used a shield 1-1-2021, 8:03:52 PM
artem(artem) used a shield 1-1-2021, 8:03:53 PM
artem(artem) used a shield 1-1-2021, 8:03:53 PM
artem(artem) used a shield 1-1-2021, 8:03:53 PM
artem(artem) used a shield 1-1-2021, 8:03:54 PM
artem(artem) used a shield 1-1-2021, 8:03:54 PM
artem(artem) used a shield 1-1-2021, 8:03:54 PM
artem(artem) used a shield 1-1-2021, 8:03:55 PM
artem(artem) used a shield 1-1-2021, 8:03:55 PM
artem(artem) used a the_legendary_sword 1-1-2021, 8:04:09 PM
artem(artem) used a health_drink 1-1-2021, 8:04:55 PM
artem(artem) used a health_drink 1-1-2021, 8:04:55 PM
artem(artem) used a health_drink 1-1-2021, 8:04:56 PM
artem(artem) used a health_drink 1-1-2021, 8:04:57 PM
artem(artem) used a health_drink 1-1-2021, 8:04:57 PM
artem(artem) used a health_drink 1-1-2021, 8:04:57 PM
artem(artem) used a health_drink 1-1-2021, 8:04:58 PM
artem(artem) used a health_drink 1-1-2021, 8:04:59 PM
artem(artem) used a health_drink 1-1-2021, 8:04:59 PM
artem(artem) used a health_drink 1-1-2021, 8:04:59 PM
artem(artem) used a health_drink 1-1-2021, 8:05:00 PM
artem(artem) used a health_drink 1-1-2021, 8:05:00 PM
artem(artem) used a health_drink 1-1-2021, 8:05:01 PM
artem(artem) used a health_drink 1-1-2021, 8:05:29 PM
artem(artem) used a health_drink 1-1-2021, 8:05:29 PM
artem(artem) used a health_drink 1-1-2021, 8:05:40 PM
artem(artem) used a health_drink 1-1-2021, 8:05:40 PM
artem(artem) used a health_drink 1-1-2021, 8:05:40 PM
artem(artem) used a health_drink 1-1-2021, 8:05:41 PM
artem(artem) used a health_drink 1-1-2021, 8:05:41 PM
artem(artem) used a health_drink 1-1-2021, 8:05:42 PM
artem(artem) used a health_drink 1-1-2021, 8:05:42 PM
artem(artem) used a health_drink 1-1-2021, 8:05:42 PM
artem(artem) used a health_drink 1-1-2021, 8:05:43 PM
artem(artem) used a health_drink 1-1-2021, 8:05:43 PM
artem(artem) used a health_drink 1-1-2021, 8:05:43 PM
artem(artem) used a health_drink 1-1-2021, 8:05:45 PM
artem(artem) used a health_drink 1-1-2021, 8:05:46 PM
artem(artem) used a health_drink 1-1-2021, 8:05:46 PM
artem(artem) used a health_drink 1-1-2021, 8:05:46 PM
artem(artem) used a health_drink 1-1-2021, 8:05:47 PM
artem(artem) used a health_drink 1-1-2021, 8:05:47 PM
artem(artem) used a health_drink 1-1-2021, 8:05:49 PM
artem(artem) used a health_drink 1-1-2021, 8:05:49 PM
artem(artem) used a health_drink 1-1-2021, 8:05:49 PM
artem(artem) used a health_drink 1-1-2021, 8:05:49 PM
artem(artem) used a health_drink 1-1-2021, 8:05:56 PM
artem(artem) used a health_drink 1-1-2021, 8:05:57 PM
artem(artem) used a health_drink 1-1-2021, 8:05:57 PM
artem(artem) used a health_drink 1-1-2021, 8:05:57 PM
artem(artem) used a health_drink 1-1-2021, 8:05:58 PM
artem(artem) used a health_drink 1-1-2021, 8:05:58 PM
artem(artem) used a health_drink 1-1-2021, 8:05:59 PM
artem(artem) used a health_drink 1-1-2021, 8:06:00 PM
artem(artem) used a health_drink 1-1-2021, 8:06:00 PM
artem(artem) used a shield 1-1-2021, 8:06:02 PM
artem(artem) used a shield 1-1-2021, 8:06:02 PM
artem(artem) used a shield 1-1-2021, 8:06:04 PM
artem(artem) used a shield 1-1-2021, 8:06:05 PM
artem(artem) used a shield 1-1-2021, 8:06:05 PM
artem(artem) used a shield 1-1-2021, 8:06:05 PM
artem(artem) used a shield 1-1-2021, 8:06:07 PM
artem(artem) used a shield 1-1-2021, 8:06:08 PM
artem(artem) used a shield 1-1-2021, 8:06:08 PM
artem(artem) used a shield 1-1-2021, 8:06:08 PM
artem(artem) used a shield 1-1-2021, 8:06:09 PM
artem(artem) used a shield 1-1-2021, 8:06:09 PM
artem(artem) used a shield 1-1-2021, 8:06:10 PM
artem(artem) used a shield 1-1-2021, 8:06:10 PM
artem(artem) used a shield 1-1-2021, 8:06:10 PM
artem(artem) used a shield 1-1-2021, 8:06:11 PM
artem(artem) used a shield 1-1-2021, 8:06:11 PM
artem(artem) used a shield 1-1-2021, 8:06:12 PM
artem(artem) used a shield 1-1-2021, 8:06:12 PM
artem(artem) used a shield 1-1-2021, 8:06:13 PM
artem(artem) used a shield 1-1-2021, 8:06:15 PM
artem(artem) used a shield 1-1-2021, 8:06:15 PM
artem(artem) used a shield 1-1-2021, 8:06:16 PM
artem(artem) used a shield 1-1-2021, 8:06:16 PM
artem(artem) used a shield 1-1-2021, 8:06:17 PM
artem(artem) used a shield 1-1-2021, 8:06:17 PM
artem(artem) used a shield 1-1-2021, 8:06:17 PM
artem(artem) used a shield 1-1-2021, 8:06:17 PM
artem(artem) used a shield 1-1-2021, 8:06:18 PM
artem(artem) used a shield 1-1-2021, 8:06:18 PM
artem(artem) used a shield 1-1-2021, 8:06:19 PM
artem(artem) used a shield 1-1-2021, 8:06:19 PM
artem(artem) used a shield 1-1-2021, 8:06:19 PM
artem(artem) used a shield 1-1-2021, 8:06:20 PM
artem(artem) used a shield 1-1-2021, 8:06:21 PM
artem(artem) used a shield 1-1-2021, 8:06:21 PM
artem(artem) used a shield 1-1-2021, 8:06:21 PM
artem(artem) used a shield 1-1-2021, 8:06:21 PM
artem(artem) used a shield 1-1-2021, 8:06:22 PM
artem(artem) used a shield 1-1-2021, 8:06:22 PM
artem(artem) used a shield 1-1-2021, 8:06:23 PM
artem(artem) used a shield 1-1-2021, 8:06:23 PM
artem(artem) used a shield 1-1-2021, 8:06:24 PM
artem(artem) used a shield 1-1-2021, 8:06:24 PM
artem(artem) used a shield 1-1-2021, 8:06:24 PM
artem(artem) used a shield 1-1-2021, 8:06:25 PM
artem(artem) used a shield 1-1-2021, 8:06:25 PM
artem(artem) used a shield 1-1-2021, 8:06:25 PM
artem(artem) used a shield 1-1-2021, 8:06:25 PM
artem(artem) used a shield 1-1-2021, 8:06:26 PM
artem(artem) used a shield 1-1-2021, 8:06:26 PM
artem(artem) used a the_legendary_sword 1-1-2021, 8:06:53 PM
artem(artem) used a sky_372_laser_machinegun 1-1-2021, 8:07:14 PM
artem(artem) used a sky_372_laser_machinegun 1-1-2021, 8:07:15 PM
artem(artem) used a health_drink 1-1-2021, 8:08:10 PM
artem(artem) used a health_drink 1-1-2021, 8:08:10 PM
artem(artem) used a health_drink 1-1-2021, 8:08:10 PM
artem(artem) used a health_drink 1-1-2021, 8:08:11 PM
artem(artem) used a health_drink 1-1-2021, 8:08:11 PM
artem(artem) used a health_drink 1-1-2021, 8:08:12 PM
artem(artem) used a health_drink 1-1-2021, 8:08:12 PM
artem(artem) used a health_drink 1-1-2021, 8:08:12 PM
artem(artem) used a health_drink 1-1-2021, 8:08:13 PM
artem(artem) used a health_drink 1-1-2021, 8:08:14 PM
artem(artem) used a health_drink 1-1-2021, 8:08:14 PM
artem(artem) used a health_drink 1-1-2021, 8:08:14 PM
artem(artem) used a health_drink 1-1-2021, 8:08:15 PM
artem(artem) used a health_drink 1-1-2021, 8:08:17 PM
artem(artem) used a health_drink 1-1-2021, 8:08:17 PM
artem(artem) used a health_drink 1-1-2021, 8:08:17 PM
artem(artem) used a health_drink 1-1-2021, 8:08:18 PM
artem(artem) used a health_drink 1-1-2021, 8:08:18 PM
artem(artem) used a health_drink 1-1-2021, 8:08:18 PM
artem(artem) used a health_drink 1-1-2021, 8:08:19 PM
artem(artem) used a health_drink 1-1-2021, 8:08:19 PM
artem(artem) used a health_drink 1-1-2021, 8:08:19 PM
artem(artem) used a health_drink 1-1-2021, 8:08:20 PM
artem(artem) used a health_drink 1-1-2021, 8:08:20 PM
artem(artem) used a health_drink 1-1-2021, 8:08:20 PM
artem(artem) used a health_drink 1-1-2021, 8:08:21 PM
artem(artem) used a health_drink 1-1-2021, 8:08:21 PM
artem(artem) used a health_drink 1-1-2021, 8:08:22 PM
artem(artem) used a health_drink 1-1-2021, 8:08:22 PM
artem(artem) used a health_drink 1-1-2021, 8:08:22 PM
artem(artem) used a health_drink 1-1-2021, 8:08:23 PM
artem(artem) used a health_drink 1-1-2021, 8:08:23 PM
artem(artem) used a health_drink 1-1-2021, 8:08:23 PM
artem(artem) used a health_drink 1-1-2021, 8:08:24 PM
artem(artem) used a health_drink 1-1-2021, 8:08:24 PM
artem(artem) used a health_drink 1-1-2021, 8:08:24 PM
artem(artem) used a health_drink 1-1-2021, 8:08:25 PM
artem(artem) used a health_drink 1-1-2021, 8:08:25 PM
artem(artem) used a health_drink 1-1-2021, 8:08:26 PM
artem(artem) used a health_drink 1-1-2021, 8:08:26 PM
artem(artem) used a shield 1-1-2021, 8:08:29 PM
artem(artem) used a shield 1-1-2021, 8:08:29 PM
artem(artem) used a shield 1-1-2021, 8:08:32 PM
artem(artem) used a shield 1-1-2021, 8:08:32 PM
artem(artem) used a shield 1-1-2021, 8:08:32 PM
artem(artem) used a shield 1-1-2021, 8:08:33 PM
artem(artem) used a shield 1-1-2021, 8:08:33 PM
artem(artem) used a shield 1-1-2021, 8:08:33 PM
artem(artem) used a shield 1-1-2021, 8:08:36 PM
artem(artem) used a shield 1-1-2021, 8:08:36 PM
artem(artem) used a shield 1-1-2021, 8:08:36 PM
artem(artem) used a shield 1-1-2021, 8:08:37 PM
artem(artem) used a shield 1-1-2021, 8:08:37 PM
artem(artem) used a shield 1-1-2021, 8:08:38 PM
artem(artem) used a shield 1-1-2021, 8:08:38 PM
artem(artem) used a shield 1-1-2021, 8:08:38 PM
artem(artem) used a shield 1-1-2021, 8:08:39 PM
artem(artem) used a shield 1-1-2021, 8:08:39 PM
artem(artem) used a shield 1-1-2021, 8:08:40 PM
artem(artem) used a shield 1-1-2021, 8:08:40 PM
artem(artem) used a shield 1-1-2021, 8:08:40 PM
artem(artem) used a shield 1-1-2021, 8:08:41 PM
artem(artem) used a shield 1-1-2021, 8:08:41 PM
artem(artem) used a shield 1-1-2021, 8:08:41 PM
artem(artem) used a shield 1-1-2021, 8:08:43 PM
artem(artem) used a shield 1-1-2021, 8:08:44 PM
artem(artem) used a shield 1-1-2021, 8:08:44 PM
artem(artem) used a shield 1-1-2021, 8:08:44 PM
artem(artem) used a shield 1-1-2021, 8:08:44 PM
artem(artem) used a shield 1-1-2021, 8:08:44 PM
artem(artem) used a shield 1-1-2021, 8:08:45 PM
artem(artem) used a shield 1-1-2021, 8:08:46 PM
artem(artem) used a shield 1-1-2021, 8:08:46 PM
artem(artem) used a shield 1-1-2021, 8:08:46 PM
artem(artem) used a shield 1-1-2021, 8:08:47 PM
artem(artem) used a shield 1-1-2021, 8:08:47 PM
artem(artem) used a shield 1-1-2021, 8:08:47 PM
artem(artem) used a shield 1-1-2021, 8:08:48 PM
artem(artem) used a shield 1-1-2021, 8:08:48 PM
artem(artem) used a shield 1-1-2021, 8:08:48 PM
artem(artem) used a shield 1-1-2021, 8:08:49 PM
artem(artem) used a shield 1-1-2021, 8:08:49 PM
artem(artem) used a shield 1-1-2021, 8:08:49 PM
artem(artem) used a shield 1-1-2021, 8:08:50 PM
artem(artem) used a shield 1-1-2021, 8:08:59 PM
artem(artem) used a shield 1-1-2021, 8:08:59 PM
artem(artem) used a shield 1-1-2021, 8:08:59 PM
artem(artem) used a shield 1-1-2021, 8:09:00 PM
artem(artem) used a shield 1-1-2021, 8:09:00 PM
artem(artem) used a shield 1-1-2021, 8:09:00 PM
artem(artem) used a shield 1-1-2021, 8:09:01 PM
artem(artem) used a sky_372_laser_machinegun 1-1-2021, 8:09:32 PM
artem(artem) used a health_drink 1-1-2021, 8:10:38 PM
artem(artem) used a health_drink 1-1-2021, 8:10:39 PM
artem(artem) used a health_drink 1-1-2021, 8:10:45 PM
artem(artem) used a health_drink 1-1-2021, 8:10:45 PM
artem(artem) used a health_drink 1-1-2021, 8:10:58 PM
artem(artem) used a health_drink 1-1-2021, 8:10:58 PM
artem(artem) used a health_drink 1-1-2021, 8:10:58 PM
artem(artem) used a health_drink 1-1-2021, 8:10:59 PM
artem(artem) used a health_drink 1-1-2021, 8:10:59 PM
artem(artem) used a health_drink 1-1-2021, 8:11:00 PM
artem(artem) used a health_drink 1-1-2021, 8:11:00 PM
artem(artem) used a health_drink 1-1-2021, 8:11:00 PM
artem(artem) used a health_drink 1-1-2021, 8:11:01 PM
artem(artem) used a health_drink 1-1-2021, 8:11:02 PM
artem(artem) used a health_drink 1-1-2021, 8:11:02 PM
artem(artem) used a health_drink 1-1-2021, 8:11:03 PM
artem(artem) used a health_drink 1-1-2021, 8:11:03 PM
artem(artem) used a health_drink 1-1-2021, 8:11:04 PM
artem(artem) used a health_drink 1-1-2021, 8:11:04 PM
artem(artem) used a health_drink 1-1-2021, 8:11:04 PM
artem(artem) used a health_drink 1-1-2021, 8:11:05 PM
artem(artem) used a health_drink 1-1-2021, 8:11:05 PM
artem(artem) used a health_drink 1-1-2021, 8:11:05 PM
artem(artem) used a health_drink 1-1-2021, 8:11:06 PM
artem(artem) used a health_drink 1-1-2021, 8:11:06 PM
artem(artem) used a health_drink 1-1-2021, 8:11:06 PM
artem(artem) used a health_drink 1-1-2021, 8:11:07 PM
artem(artem) used a health_drink 1-1-2021, 8:11:07 PM
artem(artem) used a health_drink 1-1-2021, 8:11:08 PM
artem(artem) used a health_drink 1-1-2021, 8:11:10 PM
artem(artem) used a health_drink 1-1-2021, 8:11:10 PM
artem(artem) used a health_drink 1-1-2021, 8:11:11 PM
artem(artem) used a shield 1-1-2021, 8:11:12 PM
artem(artem) used a shield 1-1-2021, 8:11:12 PM
artem(artem) used a shield 1-1-2021, 8:11:13 PM
artem(artem) used a shield 1-1-2021, 8:11:15 PM
artem(artem) used a shield 1-1-2021, 8:11:15 PM
artem(artem) used a shield 1-1-2021, 8:11:16 PM
artem(artem) used a shield 1-1-2021, 8:11:17 PM
artem(artem) used a shield 1-1-2021, 8:11:17 PM
artem(artem) used a shield 1-1-2021, 8:11:18 PM
artem(artem) used a shield 1-1-2021, 8:11:18 PM
artem(artem) used a shield 1-1-2021, 8:11:18 PM
artem(artem) used a shield 1-1-2021, 8:11:19 PM
artem(artem) used a shield 1-1-2021, 8:11:25 PM
artem(artem) used a shield 1-1-2021, 8:11:25 PM
artem(artem) used a shield 1-1-2021, 8:11:25 PM
artem(artem) used a shield 1-1-2021, 8:11:26 PM
artem(artem) used a shield 1-1-2021, 8:11:26 PM
artem(artem) used a shield 1-1-2021, 8:11:26 PM
artem(artem) used a shield 1-1-2021, 8:11:27 PM
artem(artem) used a shield 1-1-2021, 8:11:27 PM
artem(artem) used a shield 1-1-2021, 8:11:28 PM
artem(artem) used a shield 1-1-2021, 8:11:28 PM
artem(artem) used a shield 1-1-2021, 8:11:29 PM
artem(artem) used a shield 1-1-2021, 8:11:29 PM
artem(artem) used a shield 1-1-2021, 8:11:29 PM
artem(artem) used a shield 1-1-2021, 8:11:29 PM
artem(artem) used a shield 1-1-2021, 8:11:30 PM
artem(artem) used a shield 1-1-2021, 8:11:30 PM
artem(artem) used a shield 1-1-2021, 8:11:30 PM
artem(artem) used a shield 1-1-2021, 8:11:33 PM
artem(artem) used a shield 1-1-2021, 8:11:34 PM
artem(artem) used a shield 1-1-2021, 8:11:36 PM
artem(artem) used a shield 1-1-2021, 8:11:39 PM
artem(artem) used a shield 1-1-2021, 8:11:40 PM
artem(artem) used a shield 1-1-2021, 8:11:41 PM
artem(artem) used a shield 1-1-2021, 8:11:41 PM
artem(artem) used a shield 1-1-2021, 8:11:41 PM
artem(artem) used a shield 1-1-2021, 8:11:41 PM
artem(artem) used a shield 1-1-2021, 8:11:42 PM
artem(artem) used a shield 1-1-2021, 8:11:42 PM
artem(artem) used a health_drink 1-1-2021, 8:12:48 PM
artem(artem) used a health_drink 1-1-2021, 8:12:48 PM
artem(artem) used a health_drink 1-1-2021, 8:12:48 PM
artem(artem) used a health_drink 1-1-2021, 8:12:50 PM
artem(artem) used a health_drink 1-1-2021, 8:12:51 PM
artem(artem) used a health_drink 1-1-2021, 8:12:51 PM
artem(artem) used a health_drink 1-1-2021, 8:12:51 PM
artem(artem) used a health_drink 1-1-2021, 8:12:52 PM
artem(artem) used a health_drink 1-1-2021, 8:12:52 PM
artem(artem) used a health_drink 1-1-2021, 8:12:54 PM
artem(artem) used a health_drink 1-1-2021, 8:12:54 PM
artem(artem) used a health_drink 1-1-2021, 8:12:54 PM
artem(artem) used a health_drink 1-1-2021, 8:12:55 PM
artem(artem) used a health_drink 1-1-2021, 8:12:55 PM
artem(artem) used a health_drink 1-1-2021, 8:12:56 PM
artem(artem) used a health_drink 1-1-2021, 8:12:56 PM
artem(artem) used a health_drink 1-1-2021, 8:12:57 PM
artem(artem) used a health_drink 1-1-2021, 8:12:57 PM
artem(artem) used a health_drink 1-1-2021, 8:12:58 PM
artem(artem) used a health_drink 1-1-2021, 8:12:58 PM
artem(artem) used a health_drink 1-1-2021, 8:12:58 PM
artem(artem) used a health_drink 1-1-2021, 8:12:58 PM
artem(artem) used a health_drink 1-1-2021, 8:12:59 PM
artem(artem) used a health_drink 1-1-2021, 8:12:59 PM
artem(artem) used a health_drink 1-1-2021, 8:13:00 PM
artem(artem) used a health_drink 1-1-2021, 8:13:00 PM
artem(artem) used a health_drink 1-1-2021, 8:13:01 PM
artem(artem) used a health_drink 1-1-2021, 8:13:01 PM
artem(artem) used a health_drink 1-1-2021, 8:13:01 PM
artem(artem) used a health_drink 1-1-2021, 8:13:06 PM
artem(artem) used a health_drink 1-1-2021, 8:13:06 PM
artem(artem) used a health_drink 1-1-2021, 8:13:06 PM
artem(artem) used a health_drink 1-1-2021, 8:13:07 PM
artem(artem) used a health_drink 1-1-2021, 8:13:08 PM
artem(artem) used a health_drink 1-1-2021, 8:13:08 PM
artem(artem) used a health_drink 1-1-2021, 8:13:09 PM
artem(artem) used a health_drink 1-1-2021, 8:13:09 PM
artem(artem) used a health_drink 1-1-2021, 8:13:10 PM
artem(artem) used a health_drink 1-1-2021, 8:13:10 PM
artem(artem) used a health_drink 1-1-2021, 8:13:10 PM
artem(artem) used a health_drink 1-1-2021, 8:13:11 PM
artem(artem) used a health_drink 1-1-2021, 8:13:12 PM
artem(artem) used a health_drink 1-1-2021, 8:13:12 PM
artem(artem) used a health_drink 1-1-2021, 8:13:12 PM
artem(artem) used a health_drink 1-1-2021, 8:13:13 PM
artem(artem) used a health_drink 1-1-2021, 8:13:13 PM
artem(artem) used a shield 1-1-2021, 8:13:14 PM
artem(artem) used a shield 1-1-2021, 8:13:14 PM
artem(artem) used a shield 1-1-2021, 8:13:17 PM
artem(artem) used a shield 1-1-2021, 8:13:18 PM
artem(artem) used a shield 1-1-2021, 8:13:18 PM
artem(artem) used a shield 1-1-2021, 8:13:18 PM
artem(artem) used a shield 1-1-2021, 8:13:19 PM
artem(artem) used a shield 1-1-2021, 8:13:19 PM
artem(artem) used a shield 1-1-2021, 8:13:20 PM
artem(artem) used a shield 1-1-2021, 8:13:20 PM
artem(artem) used a shield 1-1-2021, 8:13:23 PM
artem(artem) used a shield 1-1-2021, 8:13:24 PM
artem(artem) used a shield 1-1-2021, 8:13:24 PM
artem(artem) used a shield 1-1-2021, 8:13:24 PM
artem(artem) used a shield 1-1-2021, 8:13:25 PM
artem(artem) used a shield 1-1-2021, 8:13:25 PM
artem(artem) used a shield 1-1-2021, 8:13:26 PM
artem(artem) used a shield 1-1-2021, 8:13:26 PM
artem(artem) used a shield 1-1-2021, 8:13:26 PM
artem(artem) used a shield 1-1-2021, 8:13:27 PM
artem(artem) used a shield 1-1-2021, 8:13:27 PM
artem(artem) used a shield 1-1-2021, 8:13:28 PM
artem(artem) used a shield 1-1-2021, 8:13:28 PM
artem(artem) used a shield 1-1-2021, 8:13:28 PM
artem(artem) used a shield 1-1-2021, 8:13:29 PM
artem(artem) used a shield 1-1-2021, 8:13:29 PM
artem(artem) used a shield 1-1-2021, 8:13:30 PM
artem(artem) used a shield 1-1-2021, 8:13:30 PM
artem(artem) used a shield 1-1-2021, 8:13:30 PM
artem(artem) used a shield 1-1-2021, 8:13:31 PM
artem(artem) used a shield 1-1-2021, 8:13:31 PM
artem(artem) used a shield 1-1-2021, 8:13:31 PM
artem(artem) used a shield 1-1-2021, 8:13:32 PM
artem(artem) used a shield 1-1-2021, 8:13:32 PM
artem(artem) used a shield 1-1-2021, 8:13:32 PM
artem(artem) used a shield 1-1-2021, 8:13:32 PM
artem(artem) used a shield 1-1-2021, 8:13:33 PM
artem(artem) used a shield 1-1-2021, 8:13:33 PM
artem(artem) used a sky_372_laser_machinegun 1-1-2021, 8:14:13 PM
artem(artem) used a the_legendary_sword 1-1-2021, 8:15:27 PM