
tankist (tankist) said артём 1-1-2021, 3:55:32 PM
tankist (tankist) said иди сюда 1-1-2021, 3:55:38 PM
tankist (tankist) said в комнату влада 1-1-2021, 3:55:44 PM
tankist (tankist) said пороль вводи 1-1-2021, 3:56:35 PM
tankist (tankist) said best2007 1-1-2021, 3:56:45 PM
tankist (tankist) said best2007 1-1-2021, 3:57:11 PM
tankist (tankist) said hi 1-1-2021, 4:16:31 PM
tankist (tankist) said давид 1-1-2021, 4:16:49 PM
tankist (tankist) said плшли в тимтолк 1-1-2021, 4:17:03 PM
tankist (tankist) said пошли в тимтолк 1-1-2021, 4:17:54 PM
tankist (tankist) said oy 1-1-2021, 4:18:14 PM
tankist (tankist) said f 1-1-2021, 4:59:00 PM
tankist (tankist) said f 1-1-2021, 4:59:00 PM
tankist (tankist) said f 1-1-2021, 4:59:01 PM
tankist (tankist) said f 1-1-2021, 4:59:01 PM
tankist (tankist) said f 1-1-2021, 4:59:01 PM
tankist (tankist) said ff 1-1-2021, 4:59:01 PM
tankist (tankist) said f 1-1-2021, 4:59:01 PM
tankist (tankist) said f 1-1-2021, 4:59:02 PM
tankist (tankist) said f 1-1-2021, 4:59:02 PM
tankist (tankist) said f 1-1-2021, 4:59:02 PM
tankist (tankist) said f 1-1-2021, 4:59:03 PM