
stalker(stalker) used a coin 8-8-2020, 4:09:00 PM
stalker(stalker) used a beretta_nano_pocket_pistol 8-8-2020, 4:10:21 PM
stalker(stalker) used a pack_of_50_ammo_beretta_nano_pocket_pistol 8-8-2020, 4:10:24 PM
stalker(stalker) used a pack_of_50_ammo_beretta_nano_pocket_pistol 8-8-2020, 4:10:24 PM
stalker(stalker) used a pack_of_50_ammo_beretta_nano_pocket_pistol 8-8-2020, 4:10:24 PM
stalker(stalker) used a pack_of_50_ammo_beretta_nano_pocket_pistol 8-8-2020, 4:10:25 PM
stalker(stalker) used a pack_of_50_ammo_beretta_nano_pocket_pistol 8-8-2020, 4:10:25 PM
stalker(stalker) used a hand_cannon 8-8-2020, 4:22:18 PM
stalker(stalker) used a pack_of_4_ammo_hand_cannon 8-8-2020, 4:22:20 PM
stalker(stalker) used a pack_of_4_ammo_hand_cannon 8-8-2020, 4:22:20 PM
stalker(stalker) used a pack_of_4_ammo_hand_cannon 8-8-2020, 4:22:21 PM
stalker(stalker) used a pack_of_4_ammo_hand_cannon 8-8-2020, 4:22:21 PM
stalker(stalker) used a pack_of_4_ammo_hand_cannon 8-8-2020, 4:22:21 PM
stalker(stalker) used a pack_of_4_ammo_hand_cannon 8-8-2020, 4:22:21 PM
stalker(stalker) used a pack_of_4_ammo_hand_cannon 8-8-2020, 4:22:21 PM
stalker(stalker) used a pack_of_4_ammo_hand_cannon 8-8-2020, 4:22:21 PM
stalker(stalker) used a pack_of_4_ammo_hand_cannon 8-8-2020, 4:22:21 PM
stalker(stalker) used a pack_of_4_ammo_hand_cannon 8-8-2020, 4:22:22 PM
stalker(stalker) used a pack_of_300_ammo_nak_nk1000_decimater 8-8-2020, 4:22:34 PM
stalker(stalker) used a pack_of_300_ammo_nak_nk1000_decimater 8-8-2020, 4:22:35 PM
stalker(stalker) used a pack_of_300_ammo_nak_nk1000_decimater 8-8-2020, 4:22:35 PM
stalker(stalker) used a pack_of_300_ammo_nak_nk1000_decimater 8-8-2020, 4:22:35 PM
stalker(stalker) used a pack_of_300_ammo_nak_nk1000_decimater 8-8-2020, 4:22:35 PM
stalker(stalker) used a pack_of_300_ammo_nak_nk1000_decimater 8-8-2020, 4:22:35 PM
stalker(stalker) used a pack_of_300_ammo_nak_nk1000_decimater 8-8-2020, 4:22:36 PM
stalker(stalker) used a pack_of_300_ammo_nak_nk1000_decimater 8-8-2020, 4:22:36 PM
stalker(stalker) used a pack_of_300_ammo_nak_nk1000_decimater 8-8-2020, 4:22:36 PM
stalker(stalker) used a pack_of_300_ammo_nak_nk1000_decimater 8-8-2020, 4:22:36 PM
stalker(stalker) used a mlk_207_combat_rifle 8-8-2020, 4:23:39 PM
stalker(stalker) used a pack_of_60_ammo_mlk_207_combat_rifle 8-8-2020, 4:24:27 PM
stalker(stalker) used a pack_of_60_ammo_mlk_207_combat_rifle 8-8-2020, 4:24:27 PM
stalker(stalker) used a pack_of_60_ammo_mlk_207_combat_rifle 8-8-2020, 4:24:27 PM
stalker(stalker) used a pack_of_60_ammo_mlk_207_combat_rifle 8-8-2020, 4:24:27 PM
stalker(stalker) used a pack_of_60_ammo_mlk_207_combat_rifle 8-8-2020, 4:24:27 PM
stalker(stalker) used a pack_of_60_ammo_mlk_207_combat_rifle 8-8-2020, 4:24:27 PM
stalker(stalker) used a pack_of_60_ammo_mlk_207_combat_rifle 8-8-2020, 4:24:28 PM
stalker(stalker) used a pack_of_60_ammo_mlk_207_combat_rifle 8-8-2020, 4:24:28 PM
stalker(stalker) used a pack_of_60_ammo_mlk_207_combat_rifle 8-8-2020, 4:24:28 PM
stalker(stalker) used a pack_of_60_ammo_mlk_207_combat_rifle 8-8-2020, 4:24:28 PM
stalker(stalker) used a pack_of_60_ammo_mlk_207_combat_rifle 8-8-2020, 4:24:28 PM
stalker(stalker) used a pack_of_60_ammo_mlk_207_combat_rifle 8-8-2020, 4:24:28 PM
stalker(stalker) used a pack_of_60_ammo_mlk_207_combat_rifle 8-8-2020, 4:24:28 PM
stalker(stalker) used a pack_of_60_ammo_mlk_207_combat_rifle 8-8-2020, 4:24:29 PM
stalker(stalker) used a pack_of_60_ammo_mlk_207_combat_rifle 8-8-2020, 4:24:29 PM
stalker(stalker) used a pack_of_60_ammo_mlk_207_combat_rifle 8-8-2020, 4:24:29 PM
stalker(stalker) used a pack_of_60_ammo_mlk_207_combat_rifle 8-8-2020, 4:24:29 PM
stalker(stalker) used a pack_of_60_ammo_mlk_207_combat_rifle 8-8-2020, 4:24:29 PM
stalker(stalker) used a pack_of_60_ammo_mlk_207_combat_rifle 8-8-2020, 4:24:29 PM
stalker(stalker) used a pack_of_60_ammo_mlk_207_combat_rifle 8-8-2020, 4:24:30 PM
stalker(stalker) used a rpg7 8-8-2020, 4:25:24 PM
stalker(stalker) used a rpg7_ammo_pack 8-8-2020, 4:25:29 PM
stalker(stalker) used a rpg7_ammo_pack 8-8-2020, 4:25:29 PM
stalker(stalker) used a rpg7_ammo_pack 8-8-2020, 4:25:29 PM
stalker(stalker) used a rpg7_ammo_pack 8-8-2020, 4:25:29 PM
stalker(stalker) used a rpg7_ammo_pack 8-8-2020, 4:25:29 PM
stalker(stalker) used a rpg7_ammo_pack 8-8-2020, 4:25:30 PM
stalker(stalker) used a rpg7_ammo_pack 8-8-2020, 4:25:30 PM
stalker(stalker) used a rpg7_ammo_pack 8-8-2020, 4:25:30 PM
stalker(stalker) used a rpg7_ammo_pack 8-8-2020, 4:25:30 PM
stalker(stalker) used a rpg7_ammo_pack 8-8-2020, 4:25:30 PM
stalker(stalker) used a rpg7_ammo_pack 8-8-2020, 4:25:30 PM
stalker(stalker) used a rpg7_ammo_pack 8-8-2020, 4:25:30 PM
stalker(stalker) used a rpg7_ammo_pack 8-8-2020, 4:25:30 PM
stalker(stalker) used a rpg7_ammo_pack 8-8-2020, 4:25:30 PM
stalker(stalker) used a rpg7_ammo_pack 8-8-2020, 4:25:31 PM
stalker(stalker) used a rpg7_ammo_pack 8-8-2020, 4:25:31 PM
stalker(stalker) used a rpg7_ammo_pack 8-8-2020, 4:25:31 PM
stalker(stalker) used a rpg7_ammo_pack 8-8-2020, 4:25:31 PM
stalker(stalker) used a rpg7_ammo_pack 8-8-2020, 4:25:31 PM
stalker(stalker) used a rpg7_ammo_pack 8-8-2020, 4:25:31 PM
stalker(stalker) used a shield 8-8-2020, 4:28:47 PM
stalker(stalker) used a shield 8-8-2020, 4:28:48 PM
stalker(stalker) used a shield 8-8-2020, 4:28:48 PM
stalker(stalker) used a shield 8-8-2020, 4:28:48 PM
stalker(stalker) used a shield 8-8-2020, 4:28:48 PM
stalker(stalker) used a shield 8-8-2020, 4:28:48 PM
stalker(stalker) used a shield 8-8-2020, 4:28:49 PM
stalker(stalker) used a shield 8-8-2020, 4:28:49 PM
stalker(stalker) used a shield 8-8-2020, 4:28:49 PM
stalker(stalker) used a shield 8-8-2020, 4:28:49 PM
stalker(stalker) used a shield 8-8-2020, 4:28:49 PM
stalker(stalker) used a shield 8-8-2020, 4:28:49 PM
stalker(stalker) used a shield 8-8-2020, 4:28:50 PM
stalker(stalker) used a shield 8-8-2020, 4:28:50 PM
stalker(stalker) used a shield 8-8-2020, 4:28:50 PM
stalker(stalker) used a shield 8-8-2020, 4:28:50 PM
stalker(stalker) used a shield 8-8-2020, 4:28:50 PM
stalker(stalker) used a shield 8-8-2020, 4:28:50 PM
stalker(stalker) used a shield 8-8-2020, 4:28:51 PM
stalker(stalker) used a shield 8-8-2020, 4:28:51 PM
stalker(stalker) used a shield 8-8-2020, 4:28:51 PM
stalker(stalker) used a shield 8-8-2020, 4:28:51 PM
stalker(stalker) used a shield 8-8-2020, 4:28:51 PM
stalker(stalker) used a shield 8-8-2020, 4:28:52 PM
stalker(stalker) used a shield 8-8-2020, 4:28:52 PM
stalker(stalker) used a shield 8-8-2020, 4:28:52 PM
stalker(stalker) used a shield 8-8-2020, 4:28:52 PM
stalker(stalker) used a shield 8-8-2020, 4:28:52 PM
stalker(stalker) used a shield 8-8-2020, 4:28:52 PM
stalker(stalker) used a shield 8-8-2020, 4:28:53 PM
stalker(stalker) used a shield 8-8-2020, 4:28:53 PM
stalker(stalker) used a shield 8-8-2020, 4:28:53 PM
stalker(stalker) used a shield 8-8-2020, 4:28:54 PM
stalker(stalker) used a hand_grenade 8-8-2020, 4:29:21 PM
stalker(stalker) used a tk_ultra_health_potion 8-8-2020, 4:29:48 PM
stalker(stalker) used a shield 8-8-2020, 4:30:01 PM
stalker(stalker) used a shield 8-8-2020, 4:30:01 PM
stalker(stalker) used a shield 8-8-2020, 4:30:01 PM
stalker(stalker) used a shield 8-8-2020, 4:30:02 PM
stalker(stalker) used a shield 8-8-2020, 4:30:02 PM
stalker(stalker) used a shield 8-8-2020, 4:30:02 PM
stalker(stalker) used a shield 8-8-2020, 4:30:02 PM
stalker(stalker) used a shield 8-8-2020, 4:30:02 PM
stalker(stalker) used a shield 8-8-2020, 4:30:03 PM
stalker(stalker) used a shield 8-8-2020, 4:30:03 PM
stalker(stalker) used a shield 8-8-2020, 4:30:03 PM
stalker(stalker) used a shield 8-8-2020, 4:30:03 PM
stalker(stalker) used a shield 8-8-2020, 4:30:03 PM
stalker(stalker) used a shield 8-8-2020, 4:30:03 PM
stalker(stalker) used a shield 8-8-2020, 4:30:04 PM
stalker(stalker) used a shield 8-8-2020, 4:30:04 PM
stalker(stalker) used a shield 8-8-2020, 4:30:04 PM
stalker(stalker) used a shield 8-8-2020, 4:30:04 PM
stalker(stalker) used a shield 8-8-2020, 4:30:05 PM
stalker(stalker) used a shield 8-8-2020, 4:30:05 PM
stalker(stalker) used a shield 8-8-2020, 4:30:08 PM
stalker(stalker) used a shield 8-8-2020, 4:30:08 PM
stalker(stalker) used a shield 8-8-2020, 4:30:08 PM
stalker(stalker) used a shield 8-8-2020, 4:30:08 PM
stalker(stalker) used a shield 8-8-2020, 4:30:09 PM
stalker(stalker) used a shield 8-8-2020, 4:30:09 PM
stalker(stalker) used a shield 8-8-2020, 4:30:09 PM
stalker(stalker) used a shield 8-8-2020, 4:30:09 PM
stalker(stalker) used a tk_ultra_health_potion 8-8-2020, 4:30:09 PM
stalker(stalker) used a shield 8-8-2020, 4:30:09 PM
stalker(stalker) used a shield 8-8-2020, 4:30:10 PM
stalker(stalker) used a shield 8-8-2020, 4:30:10 PM
stalker(stalker) used a hand_grenade 8-8-2020, 4:30:23 PM
stalker(stalker) used a hand_grenade 8-8-2020, 4:30:23 PM
stalker(stalker) used a hand_grenade 8-8-2020, 4:30:25 PM
stalker(stalker) used a hand_grenade 8-8-2020, 4:30:25 PM
stalker(stalker) used a hand_grenade 8-8-2020, 4:30:26 PM
stalker(stalker) used a hand_grenade 8-8-2020, 4:30:27 PM
stalker(stalker) used a hand_grenade 8-8-2020, 4:30:29 PM
stalker(stalker) used a hand_grenade 8-8-2020, 4:30:34 PM
stalker(stalker) used a shield 8-8-2020, 4:30:35 PM
stalker(stalker) used a hand_grenade 8-8-2020, 4:30:39 PM
stalker(stalker) used a hand_grenade 8-8-2020, 4:30:40 PM
stalker(stalker) used a snowball 8-8-2020, 4:30:40 PM
stalker(stalker) used a hand_grenade 8-8-2020, 4:30:42 PM
stalker(stalker) used a hand_grenade 8-8-2020, 4:30:43 PM
stalker(stalker) used a hand_grenade 8-8-2020, 4:30:44 PM
stalker(stalker) used a hand_grenade 8-8-2020, 4:30:45 PM
stalker(stalker) used a snowball 8-8-2020, 4:30:45 PM
stalker(stalker) used a hand_grenade 8-8-2020, 4:30:46 PM
stalker(stalker) used a hand_grenade 8-8-2020, 4:30:46 PM
stalker(stalker) used a hand_grenade 8-8-2020, 4:30:46 PM
stalker(stalker) used a hand_grenade 8-8-2020, 4:30:46 PM
stalker(stalker) used a hand_grenade 8-8-2020, 4:30:47 PM
stalker(stalker) used a hand_grenade 8-8-2020, 4:30:47 PM
stalker(stalker) used a hand_grenade 8-8-2020, 4:30:47 PM
stalker(stalker) used a hand_grenade 8-8-2020, 4:30:47 PM
stalker(stalker) used a hand_grenade 8-8-2020, 4:30:47 PM
stalker(stalker) used a hand_grenade 8-8-2020, 4:30:47 PM
stalker(stalker) used a hand_grenade 8-8-2020, 4:30:48 PM
stalker(stalker) used a hand_grenade 8-8-2020, 4:30:48 PM
stalker(stalker) used a hand_grenade 8-8-2020, 4:30:48 PM
stalker(stalker) used a hand_grenade 8-8-2020, 4:30:48 PM
stalker(stalker) used a hand_grenade 8-8-2020, 4:30:48 PM
stalker(stalker) used a hand_grenade 8-8-2020, 4:30:49 PM
stalker(stalker) used a snowball 8-8-2020, 4:30:53 PM
stalker(stalker) used a snowball 8-8-2020, 4:30:53 PM
stalker(stalker) used a hand_grenade 8-8-2020, 4:30:54 PM
stalker(stalker) used a hand_grenade 8-8-2020, 4:30:54 PM
stalker(stalker) used a hand_grenade 8-8-2020, 4:30:54 PM
stalker(stalker) used a hand_grenade 8-8-2020, 4:30:54 PM
stalker(stalker) used a hand_grenade 8-8-2020, 4:30:55 PM
stalker(stalker) used a hand_grenade 8-8-2020, 4:30:55 PM
stalker(stalker) used a hand_grenade 8-8-2020, 4:30:55 PM
stalker(stalker) used a hand_grenade 8-8-2020, 4:30:55 PM
stalker(stalker) used a hand_grenade 8-8-2020, 4:30:55 PM
stalker(stalker) used a hand_grenade 8-8-2020, 4:30:55 PM
stalker(stalker) used a hand_grenade 8-8-2020, 4:30:56 PM
stalker(stalker) used a hand_grenade 8-8-2020, 4:30:56 PM
stalker(stalker) used a hand_grenade 8-8-2020, 4:30:56 PM
stalker(stalker) used a hand_grenade 8-8-2020, 4:30:56 PM
stalker(stalker) used a hand_grenade 8-8-2020, 4:30:56 PM
stalker(stalker) used a hand_grenade 8-8-2020, 4:30:56 PM
stalker(stalker) used a hand_grenade 8-8-2020, 4:30:57 PM
stalker(stalker) used a hand_grenade 8-8-2020, 4:30:57 PM
stalker(stalker) used a hand_grenade 8-8-2020, 4:30:57 PM
stalker(stalker) used a hand_grenade 8-8-2020, 4:30:57 PM
stalker(stalker) used a hand_grenade 8-8-2020, 4:30:57 PM
stalker(stalker) used a hand_grenade 8-8-2020, 4:30:58 PM
stalker(stalker) used a snowball 8-8-2020, 4:31:03 PM
stalker(stalker) used a snowball 8-8-2020, 4:31:09 PM
stalker(stalker) used a snowball 8-8-2020, 4:31:10 PM
stalker(stalker) used a hand_grenade 8-8-2020, 4:31:10 PM
stalker(stalker) used a snowball 8-8-2020, 4:31:16 PM
stalker(stalker) used a hand_grenade 8-8-2020, 4:31:18 PM
stalker(stalker) used a shield 8-8-2020, 4:31:43 PM
stalker(stalker) used a shield 8-8-2020, 4:31:44 PM
stalker(stalker) used a shield 8-8-2020, 4:31:44 PM
stalker(stalker) used a shield 8-8-2020, 4:31:44 PM
stalker(stalker) used a shield 8-8-2020, 4:31:44 PM
stalker(stalker) used a shield 8-8-2020, 4:31:44 PM
stalker(stalker) used a shield 8-8-2020, 4:31:44 PM
stalker(stalker) used a shield 8-8-2020, 4:31:45 PM
stalker(stalker) used a shield 8-8-2020, 4:31:45 PM
stalker(stalker) used a shield 8-8-2020, 4:31:45 PM
stalker(stalker) used a shield 8-8-2020, 4:31:45 PM
stalker(stalker) used a shield 8-8-2020, 4:31:45 PM
stalker(stalker) used a shield 8-8-2020, 4:31:45 PM
stalker(stalker) used a shield 8-8-2020, 4:31:45 PM
stalker(stalker) used a shield 8-8-2020, 4:31:46 PM
stalker(stalker) used a shield 8-8-2020, 4:31:46 PM
stalker(stalker) used a shield 8-8-2020, 4:31:46 PM
stalker(stalker) used a shield 8-8-2020, 4:31:46 PM
stalker(stalker) used a shield 8-8-2020, 4:31:46 PM
stalker(stalker) used a shield 8-8-2020, 4:31:47 PM
stalker(stalker) used a shield 8-8-2020, 4:31:47 PM
stalker(stalker) used a shield 8-8-2020, 4:31:47 PM
stalker(stalker) used a shield 8-8-2020, 4:31:47 PM
stalker(stalker) used a shield 8-8-2020, 4:31:47 PM
stalker(stalker) used a shield 8-8-2020, 4:31:47 PM
stalker(stalker) used a shield 8-8-2020, 4:31:48 PM
stalker(stalker) used a shield 8-8-2020, 4:31:48 PM
stalker(stalker) used a shield 8-8-2020, 4:31:48 PM
stalker(stalker) used a shield 8-8-2020, 4:31:48 PM
stalker(stalker) used a shield 8-8-2020, 4:31:49 PM
stalker(stalker) used a shield 8-8-2020, 4:31:49 PM
stalker(stalker) used a tk_ultra_health_potion 8-8-2020, 4:31:49 PM
stalker(stalker) used a tk_ultra_health_potion 8-8-2020, 4:32:01 PM
stalker(stalker) used a hand_grenade 8-8-2020, 4:32:16 PM
stalker(stalker) used a hand_grenade 8-8-2020, 4:32:18 PM
stalker(stalker) used a hand_grenade 8-8-2020, 4:32:20 PM
stalker(stalker) used a snowball 8-8-2020, 4:32:21 PM
stalker(stalker) used a hand_grenade 8-8-2020, 4:32:24 PM
stalker(stalker) used a hand_grenade 8-8-2020, 4:32:25 PM
stalker(stalker) used a guided_missile 8-8-2020, 4:32:25 PM
stalker(stalker) used a hand_grenade 8-8-2020, 4:32:30 PM
stalker(stalker) used a snowball 8-8-2020, 4:32:31 PM
stalker(stalker) used a hand_grenade 8-8-2020, 4:32:32 PM
stalker(stalker) used a shield 8-8-2020, 4:32:34 PM
stalker(stalker) used a hand_grenade 8-8-2020, 4:32:41 PM
stalker(stalker) used a hand_grenade 8-8-2020, 4:32:44 PM
stalker(stalker) used a hand_grenade 8-8-2020, 4:32:45 PM
stalker(stalker) used a hand_grenade 8-8-2020, 4:32:45 PM
stalker(stalker) used a hand_grenade 8-8-2020, 4:32:46 PM
stalker(stalker) used a hand_grenade 8-8-2020, 4:32:46 PM
stalker(stalker) used a hand_grenade 8-8-2020, 4:32:47 PM
stalker(stalker) used a hand_grenade 8-8-2020, 4:32:47 PM
stalker(stalker) used a hand_grenade 8-8-2020, 4:32:47 PM
stalker(stalker) used a hand_grenade 8-8-2020, 4:32:48 PM
stalker(stalker) used a hand_grenade 8-8-2020, 4:32:52 PM
stalker(stalker) used a hand_grenade 8-8-2020, 4:32:52 PM
stalker(stalker) used a hand_grenade 8-8-2020, 4:32:52 PM
stalker(stalker) used a hand_grenade 8-8-2020, 4:32:52 PM
stalker(stalker) used a hand_grenade 8-8-2020, 4:32:52 PM
stalker(stalker) used a hand_grenade 8-8-2020, 4:32:53 PM
stalker(stalker) used a hand_grenade 8-8-2020, 4:32:53 PM
stalker(stalker) used a shield 8-8-2020, 4:33:15 PM
stalker(stalker) used a shield 8-8-2020, 4:33:15 PM
stalker(stalker) used a shield 8-8-2020, 4:33:15 PM
stalker(stalker) used a shield 8-8-2020, 4:33:16 PM
stalker(stalker) used a shield 8-8-2020, 4:33:16 PM
stalker(stalker) used a shield 8-8-2020, 4:33:16 PM
stalker(stalker) used a shield 8-8-2020, 4:33:16 PM
stalker(stalker) used a shield 8-8-2020, 4:33:16 PM
stalker(stalker) used a shield 8-8-2020, 4:33:17 PM
stalker(stalker) used a shield 8-8-2020, 4:33:17 PM
stalker(stalker) used a shield 8-8-2020, 4:33:17 PM
stalker(stalker) used a shield 8-8-2020, 4:33:18 PM
stalker(stalker) used a shield 8-8-2020, 4:33:18 PM
stalker(stalker) used a shield 8-8-2020, 4:33:19 PM
stalker(stalker) used a shield 8-8-2020, 4:33:19 PM
stalker(stalker) used a shield 8-8-2020, 4:33:19 PM
stalker(stalker) used a shield 8-8-2020, 4:33:19 PM
stalker(stalker) used a shield 8-8-2020, 4:33:20 PM
stalker(stalker) used a shield 8-8-2020, 4:33:20 PM
stalker(stalker) used a shield 8-8-2020, 4:33:20 PM
stalker(stalker) used a shield 8-8-2020, 4:33:20 PM
stalker(stalker) used a shield 8-8-2020, 4:33:20 PM
stalker(stalker) used a shield 8-8-2020, 4:33:21 PM
stalker(stalker) used a shield 8-8-2020, 4:33:21 PM
stalker(stalker) used a shield 8-8-2020, 4:33:21 PM
stalker(stalker) used a shield 8-8-2020, 4:33:21 PM
stalker(stalker) used a shield 8-8-2020, 4:33:22 PM
stalker(stalker) used a shield 8-8-2020, 4:33:22 PM
stalker(stalker) used a shield 8-8-2020, 4:33:22 PM
stalker(stalker) used a shield 8-8-2020, 4:33:22 PM
stalker(stalker) used a shield 8-8-2020, 4:33:23 PM
stalker(stalker) used a shield 8-8-2020, 4:33:23 PM
stalker(stalker) used a tk_ultra_health_potion 8-8-2020, 4:33:23 PM
stalker(stalker) used a hand_grenade 8-8-2020, 4:33:28 PM
stalker(stalker) used a hand_grenade 8-8-2020, 4:33:28 PM
stalker(stalker) used a shield 8-8-2020, 4:33:49 PM
stalker(stalker) used a shield 8-8-2020, 4:33:49 PM
stalker(stalker) used a shield 8-8-2020, 4:33:49 PM
stalker(stalker) used a shield 8-8-2020, 4:33:49 PM
stalker(stalker) used a shield 8-8-2020, 4:33:49 PM
stalker(stalker) used a shield 8-8-2020, 4:33:50 PM
stalker(stalker) used a shield 8-8-2020, 4:33:50 PM
stalker(stalker) used a shield 8-8-2020, 4:33:50 PM
stalker(stalker) used a shield 8-8-2020, 4:33:50 PM
stalker(stalker) used a shield 8-8-2020, 4:33:50 PM
stalker(stalker) used a suicide_bomb 8-8-2020, 4:33:51 PM
stalker(stalker) used a shield 8-8-2020, 4:34:01 PM
stalker(stalker) used a shield 8-8-2020, 4:34:03 PM
stalker(stalker) used a shield 8-8-2020, 4:34:05 PM
stalker(stalker) used a shield 8-8-2020, 4:34:05 PM
stalker(stalker) used a shield 8-8-2020, 4:34:05 PM
stalker(stalker) used a shield 8-8-2020, 4:34:06 PM
stalker(stalker) used a shield 8-8-2020, 4:34:06 PM
stalker(stalker) used a shield 8-8-2020, 4:34:06 PM
stalker(stalker) used a shield 8-8-2020, 4:34:06 PM
stalker(stalker) used a shield 8-8-2020, 4:34:06 PM
stalker(stalker) used a shield 8-8-2020, 4:34:07 PM
stalker(stalker) used a shield 8-8-2020, 4:34:07 PM
stalker(stalker) used a shield 8-8-2020, 4:34:07 PM
stalker(stalker) used a shield 8-8-2020, 4:34:07 PM
stalker(stalker) used a shield 8-8-2020, 4:34:07 PM
stalker(stalker) used a shield 8-8-2020, 4:34:08 PM
stalker(stalker) used a shield 8-8-2020, 4:34:08 PM
stalker(stalker) used a shield 8-8-2020, 4:34:08 PM
stalker(stalker) used a shield 8-8-2020, 4:34:08 PM
stalker(stalker) used a shield 8-8-2020, 4:34:08 PM
stalker(stalker) used a shield 8-8-2020, 4:34:09 PM
stalker(stalker) used a shield 8-8-2020, 4:34:09 PM
stalker(stalker) used a shield 8-8-2020, 4:34:09 PM
stalker(stalker) used a shield 8-8-2020, 4:34:09 PM
stalker(stalker) used a shield 8-8-2020, 4:34:10 PM
stalker(stalker) used a shield 8-8-2020, 4:34:10 PM
stalker(stalker) used a shield 8-8-2020, 4:34:10 PM
stalker(stalker) used a shield 8-8-2020, 4:34:10 PM
stalker(stalker) used a shield 8-8-2020, 4:34:11 PM
stalker(stalker) used a shield 8-8-2020, 4:34:11 PM
stalker(stalker) used a tk_ultra_health_potion 8-8-2020, 4:34:15 PM
stalker(stalker) used a hand_grenade 8-8-2020, 4:34:45 PM
stalker(stalker) used a hand_grenade 8-8-2020, 4:34:45 PM
stalker(stalker) used a hand_grenade 8-8-2020, 4:34:45 PM
stalker(stalker) used a hand_grenade 8-8-2020, 4:34:46 PM
stalker(stalker) used a hand_grenade 8-8-2020, 4:34:46 PM
stalker(stalker) used a hand_grenade 8-8-2020, 4:34:46 PM
stalker(stalker) used a hand_grenade 8-8-2020, 4:34:46 PM
stalker(stalker) used a hand_grenade 8-8-2020, 4:34:46 PM
stalker(stalker) used a hand_grenade 8-8-2020, 4:34:46 PM
stalker(stalker) used a hand_grenade 8-8-2020, 4:34:47 PM
stalker(stalker) used a hand_grenade 8-8-2020, 4:34:47 PM
stalker(stalker) used a hand_grenade 8-8-2020, 4:34:47 PM
stalker(stalker) used a hand_grenade 8-8-2020, 4:34:47 PM
stalker(stalker) used a hand_grenade 8-8-2020, 4:34:47 PM
stalker(stalker) used a hand_grenade 8-8-2020, 4:34:47 PM
stalker(stalker) used a hand_grenade 8-8-2020, 4:34:48 PM
stalker(stalker) used a hand_grenade 8-8-2020, 4:34:48 PM
stalker(stalker) used a hand_grenade 8-8-2020, 4:34:48 PM
stalker(stalker) used a hand_grenade 8-8-2020, 4:34:48 PM
stalker(stalker) used a hand_grenade 8-8-2020, 4:34:48 PM
stalker(stalker) used a hand_grenade 8-8-2020, 4:34:50 PM
stalker(stalker) used a hand_grenade 8-8-2020, 4:34:50 PM
stalker(stalker) used a snowball 8-8-2020, 4:35:00 PM
stalker(stalker) used a shield 8-8-2020, 4:35:00 PM
stalker(stalker) used a shield 8-8-2020, 4:35:00 PM
stalker(stalker) used a shield 8-8-2020, 4:35:01 PM
stalker(stalker) used a shield 8-8-2020, 4:35:01 PM
stalker(stalker) used a shield 8-8-2020, 4:35:01 PM
stalker(stalker) used a shield 8-8-2020, 4:35:01 PM
stalker(stalker) used a shield 8-8-2020, 4:35:01 PM
stalker(stalker) used a shield 8-8-2020, 4:35:02 PM
stalker(stalker) used a shield 8-8-2020, 4:35:02 PM
stalker(stalker) used a shield 8-8-2020, 4:35:02 PM
stalker(stalker) used a shield 8-8-2020, 4:35:02 PM
stalker(stalker) used a shield 8-8-2020, 4:35:02 PM
stalker(stalker) used a shield 8-8-2020, 4:35:02 PM
stalker(stalker) used a shield 8-8-2020, 4:35:02 PM
stalker(stalker) used a shield 8-8-2020, 4:35:03 PM
stalker(stalker) used a shield 8-8-2020, 4:35:03 PM
stalker(stalker) used a shield 8-8-2020, 4:35:03 PM
stalker(stalker) used a shield 8-8-2020, 4:35:03 PM
stalker(stalker) used a shield 8-8-2020, 4:35:03 PM
stalker(stalker) used a shield 8-8-2020, 4:35:04 PM
stalker(stalker) used a shield 8-8-2020, 4:35:04 PM
stalker(stalker) used a shield 8-8-2020, 4:35:04 PM
stalker(stalker) used a shield 8-8-2020, 4:35:04 PM
stalker(stalker) used a shield 8-8-2020, 4:35:04 PM
stalker(stalker) used a shield 8-8-2020, 4:35:05 PM
stalker(stalker) used a shield 8-8-2020, 4:35:05 PM
stalker(stalker) used a shield 8-8-2020, 4:35:05 PM
stalker(stalker) used a tk_ultra_health_potion 8-8-2020, 4:35:05 PM
stalker(stalker) used a snowball 8-8-2020, 4:35:33 PM
stalker(stalker) used a shield 8-8-2020, 4:35:34 PM
stalker(stalker) used a shield 8-8-2020, 4:35:34 PM
stalker(stalker) used a shield 8-8-2020, 4:35:34 PM
stalker(stalker) used a shield 8-8-2020, 4:35:34 PM
stalker(stalker) used a shield 8-8-2020, 4:35:35 PM
stalker(stalker) used a shield 8-8-2020, 4:35:35 PM
stalker(stalker) used a shield 8-8-2020, 4:35:35 PM
stalker(stalker) used a shield 8-8-2020, 4:35:35 PM
stalker(stalker) used a shield 8-8-2020, 4:35:36 PM
stalker(stalker) used a shield 8-8-2020, 4:35:36 PM
stalker(stalker) used a shield 8-8-2020, 4:35:36 PM
stalker(stalker) used a shield 8-8-2020, 4:35:36 PM
stalker(stalker) used a shield 8-8-2020, 4:35:36 PM
stalker(stalker) used a shield 8-8-2020, 4:35:36 PM
stalker(stalker) used a shield 8-8-2020, 4:35:37 PM
stalker(stalker) used a shield 8-8-2020, 4:35:37 PM
stalker(stalker) used a shield 8-8-2020, 4:35:37 PM
stalker(stalker) used a shield 8-8-2020, 4:35:38 PM
stalker(stalker) used a shield 8-8-2020, 4:35:38 PM
stalker(stalker) used a shield 8-8-2020, 4:35:38 PM
stalker(stalker) used a shield 8-8-2020, 4:35:38 PM
stalker(stalker) used a tk_ultra_health_potion 8-8-2020, 4:35:38 PM
stalker(stalker) used a shield 8-8-2020, 4:35:38 PM
stalker(stalker) used a shield 8-8-2020, 4:35:39 PM
stalker(stalker) used a snowball 8-8-2020, 4:35:40 PM
stalker(stalker) used a snowball 8-8-2020, 4:35:41 PM
stalker(stalker) used a snowball 8-8-2020, 4:35:41 PM
stalker(stalker) used a snowball 8-8-2020, 4:35:42 PM
stalker(stalker) used a snowball 8-8-2020, 4:35:42 PM
stalker(stalker) used a snowball 8-8-2020, 4:35:42 PM
stalker(stalker) used a snowball 8-8-2020, 4:35:42 PM
stalker(stalker) used a snowball 8-8-2020, 4:35:43 PM
stalker(stalker) used a hand_grenade 8-8-2020, 4:35:43 PM
stalker(stalker) used a snowball 8-8-2020, 4:35:43 PM
stalker(stalker) used a hand_grenade 8-8-2020, 4:35:43 PM
stalker(stalker) used a snowball 8-8-2020, 4:35:43 PM
stalker(stalker) used a hand_grenade 8-8-2020, 4:35:43 PM
stalker(stalker) used a snowball 8-8-2020, 4:35:43 PM
stalker(stalker) used a hand_grenade 8-8-2020, 4:35:43 PM
stalker(stalker) used a snowball 8-8-2020, 4:35:43 PM
stalker(stalker) used a snowball 8-8-2020, 4:35:43 PM
stalker(stalker) used a hand_grenade 8-8-2020, 4:35:44 PM
stalker(stalker) used a hand_grenade 8-8-2020, 4:35:44 PM
stalker(stalker) used a hand_grenade 8-8-2020, 4:35:44 PM
stalker(stalker) used a hand_grenade 8-8-2020, 4:35:44 PM
stalker(stalker) used a hand_grenade 8-8-2020, 4:35:44 PM
stalker(stalker) used a hand_grenade 8-8-2020, 4:35:44 PM
stalker(stalker) used a hand_grenade 8-8-2020, 4:35:45 PM
stalker(stalker) used a hand_grenade 8-8-2020, 4:35:45 PM
stalker(stalker) used a hand_grenade 8-8-2020, 4:35:45 PM
stalker(stalker) used a hand_grenade 8-8-2020, 4:35:45 PM
stalker(stalker) used a snowball 8-8-2020, 4:35:45 PM
stalker(stalker) used a hand_grenade 8-8-2020, 4:35:45 PM
stalker(stalker) used a snowball 8-8-2020, 4:35:46 PM
stalker(stalker) used a hand_grenade 8-8-2020, 4:35:46 PM
stalker(stalker) used a snowball 8-8-2020, 4:35:46 PM
stalker(stalker) used a hand_grenade 8-8-2020, 4:35:46 PM
stalker(stalker) used a hand_grenade 8-8-2020, 4:35:46 PM
stalker(stalker) used a snowball 8-8-2020, 4:35:46 PM
stalker(stalker) used a hand_grenade 8-8-2020, 4:35:46 PM
stalker(stalker) used a snowball 8-8-2020, 4:35:46 PM
stalker(stalker) used a hand_grenade 8-8-2020, 4:35:47 PM
stalker(stalker) used a snowball 8-8-2020, 4:35:47 PM
stalker(stalker) used a hand_grenade 8-8-2020, 4:35:47 PM
stalker(stalker) used a hand_grenade 8-8-2020, 4:35:47 PM
stalker(stalker) used a hand_grenade 8-8-2020, 4:35:47 PM
stalker(stalker) used a hand_grenade 8-8-2020, 4:35:47 PM
stalker(stalker) used a hand_grenade 8-8-2020, 4:35:47 PM
stalker(stalker) used a hand_grenade 8-8-2020, 4:35:49 PM
stalker(stalker) used a shield 8-8-2020, 4:36:03 PM
stalker(stalker) used a shield 8-8-2020, 4:36:04 PM
stalker(stalker) used a shield 8-8-2020, 4:36:04 PM
stalker(stalker) used a shield 8-8-2020, 4:36:04 PM
stalker(stalker) used a shield 8-8-2020, 4:36:04 PM
stalker(stalker) used a shield 8-8-2020, 4:36:04 PM
stalker(stalker) used a shield 8-8-2020, 4:36:05 PM
stalker(stalker) used a shield 8-8-2020, 4:36:05 PM
stalker(stalker) used a shield 8-8-2020, 4:36:05 PM
stalker(stalker) used a shield 8-8-2020, 4:36:05 PM
stalker(stalker) used a shield 8-8-2020, 4:36:06 PM
stalker(stalker) used a shield 8-8-2020, 4:36:06 PM
stalker(stalker) used a shield 8-8-2020, 4:36:06 PM
stalker(stalker) used a shield 8-8-2020, 4:36:06 PM
stalker(stalker) used a shield 8-8-2020, 4:36:07 PM
stalker(stalker) used a shield 8-8-2020, 4:36:07 PM
stalker(stalker) used a shield 8-8-2020, 4:36:07 PM
stalker(stalker) used a shield 8-8-2020, 4:36:07 PM
stalker(stalker) used a shield 8-8-2020, 4:36:07 PM
stalker(stalker) used a shield 8-8-2020, 4:36:08 PM
stalker(stalker) used a shield 8-8-2020, 4:36:08 PM
stalker(stalker) used a shield 8-8-2020, 4:36:08 PM
stalker(stalker) used a shield 8-8-2020, 4:36:09 PM
stalker(stalker) used a tk_ultra_health_potion 8-8-2020, 4:36:11 PM
stalker(stalker) used a hand_grenade 8-8-2020, 4:36:14 PM
stalker(stalker) used a hand_grenade 8-8-2020, 4:36:15 PM
stalker(stalker) used a hand_grenade 8-8-2020, 4:36:15 PM
stalker(stalker) used a hand_grenade 8-8-2020, 4:36:15 PM
stalker(stalker) used a hand_grenade 8-8-2020, 4:36:15 PM
stalker(stalker) used a shield 8-8-2020, 4:36:25 PM
stalker(stalker) used a shield 8-8-2020, 4:36:25 PM
stalker(stalker) used a shield 8-8-2020, 4:36:26 PM
stalker(stalker) used a shield 8-8-2020, 4:36:26 PM
stalker(stalker) used a shield 8-8-2020, 4:36:26 PM
stalker(stalker) used a shield 8-8-2020, 4:36:27 PM
stalker(stalker) used a shield 8-8-2020, 4:36:27 PM
stalker(stalker) used a shield 8-8-2020, 4:36:27 PM
stalker(stalker) used a shield 8-8-2020, 4:36:27 PM
stalker(stalker) used a shield 8-8-2020, 4:36:27 PM
stalker(stalker) used a shield 8-8-2020, 4:36:27 PM
stalker(stalker) used a shield 8-8-2020, 4:36:28 PM
stalker(stalker) used a shield 8-8-2020, 4:36:28 PM
stalker(stalker) used a shield 8-8-2020, 4:36:28 PM
stalker(stalker) used a shield 8-8-2020, 4:36:28 PM
stalker(stalker) used a shield 8-8-2020, 4:36:28 PM
stalker(stalker) used a shield 8-8-2020, 4:36:28 PM
stalker(stalker) used a shield 8-8-2020, 4:36:29 PM
stalker(stalker) used a shield 8-8-2020, 4:36:29 PM
stalker(stalker) used a shield 8-8-2020, 4:36:29 PM
stalker(stalker) used a shield 8-8-2020, 4:36:29 PM
stalker(stalker) used a shield 8-8-2020, 4:36:29 PM
stalker(stalker) used a shield 8-8-2020, 4:36:29 PM
stalker(stalker) used a shield 8-8-2020, 4:36:30 PM
stalker(stalker) used a shield 8-8-2020, 4:36:30 PM
stalker(stalker) used a shield 8-8-2020, 4:36:30 PM
stalker(stalker) used a shield 8-8-2020, 4:36:30 PM
stalker(stalker) used a shield 8-8-2020, 4:36:30 PM
stalker(stalker) used a shield 8-8-2020, 4:36:31 PM
stalker(stalker) used a shield 8-8-2020, 4:36:31 PM
stalker(stalker) used a tk_ultra_health_potion 8-8-2020, 4:36:34 PM
stalker(stalker) used a warp_box 8-8-2020, 4:36:40 PM
stalker(stalker) used a shield 8-8-2020, 4:36:52 PM
stalker(stalker) used a warp_box 8-8-2020, 4:36:53 PM
stalker(stalker) used a tk_ultra_health_potion 8-8-2020, 4:36:54 PM
stalker(stalker) used a hand_grenade 8-8-2020, 4:37:04 PM
stalker(stalker) used a snowball 8-8-2020, 4:37:04 PM
stalker(stalker) used a snowball 8-8-2020, 4:37:05 PM
stalker(stalker) used a snowball 8-8-2020, 4:37:05 PM
stalker(stalker) used a snowball 8-8-2020, 4:37:05 PM
stalker(stalker) used a hand_grenade 8-8-2020, 4:37:05 PM
stalker(stalker) used a hand_grenade 8-8-2020, 4:37:06 PM
stalker(stalker) used a shield 8-8-2020, 4:37:16 PM
stalker(stalker) used a shield 8-8-2020, 4:37:16 PM
stalker(stalker) used a shield 8-8-2020, 4:37:17 PM
stalker(stalker) used a shield 8-8-2020, 4:37:17 PM
stalker(stalker) used a shield 8-8-2020, 4:37:17 PM
stalker(stalker) used a shield 8-8-2020, 4:37:17 PM
stalker(stalker) used a shield 8-8-2020, 4:37:18 PM
stalker(stalker) used a shield 8-8-2020, 4:37:18 PM
stalker(stalker) used a shield 8-8-2020, 4:37:18 PM
stalker(stalker) used a shield 8-8-2020, 4:37:18 PM
stalker(stalker) used a shield 8-8-2020, 4:37:19 PM
stalker(stalker) used a shield 8-8-2020, 4:37:19 PM
stalker(stalker) used a shield 8-8-2020, 4:37:19 PM
stalker(stalker) used a shield 8-8-2020, 4:37:19 PM
stalker(stalker) used a shield 8-8-2020, 4:37:19 PM
stalker(stalker) used a shield 8-8-2020, 4:37:20 PM
stalker(stalker) used a shield 8-8-2020, 4:37:20 PM
stalker(stalker) used a shield 8-8-2020, 4:37:20 PM
stalker(stalker) used a shield 8-8-2020, 4:37:20 PM
stalker(stalker) used a shield 8-8-2020, 4:37:20 PM
stalker(stalker) used a shield 8-8-2020, 4:37:20 PM
stalker(stalker) used a shield 8-8-2020, 4:37:21 PM
stalker(stalker) used a shield 8-8-2020, 4:37:21 PM
stalker(stalker) used a shield 8-8-2020, 4:37:21 PM
stalker(stalker) used a shield 8-8-2020, 4:37:21 PM
stalker(stalker) used a shield 8-8-2020, 4:37:21 PM
stalker(stalker) used a shield 8-8-2020, 4:37:21 PM
stalker(stalker) used a shield 8-8-2020, 4:37:22 PM
stalker(stalker) used a shield 8-8-2020, 4:37:22 PM
stalker(stalker) used a shield 8-8-2020, 4:37:22 PM
stalker(stalker) used a tk_ultra_health_potion 8-8-2020, 4:37:23 PM
stalker(stalker) used a hand_grenade 8-8-2020, 4:37:46 PM
stalker(stalker) used a hand_grenade 8-8-2020, 4:37:46 PM
stalker(stalker) used a snowball 8-8-2020, 4:37:46 PM
stalker(stalker) used a snowball 8-8-2020, 4:37:46 PM
stalker(stalker) used a hand_grenade 8-8-2020, 4:37:47 PM
stalker(stalker) used a hand_grenade 8-8-2020, 4:37:47 PM
stalker(stalker) used a shield 8-8-2020, 4:38:27 PM
stalker(stalker) used a shield 8-8-2020, 4:38:27 PM
stalker(stalker) used a shield 8-8-2020, 4:38:27 PM
stalker(stalker) used a shield 8-8-2020, 4:38:27 PM
stalker(stalker) used a shield 8-8-2020, 4:38:28 PM
stalker(stalker) used a shield 8-8-2020, 4:38:28 PM
stalker(stalker) used a shield 8-8-2020, 4:38:28 PM
stalker(stalker) used a shield 8-8-2020, 4:38:28 PM
stalker(stalker) used a shield 8-8-2020, 4:38:28 PM
stalker(stalker) used a shield 8-8-2020, 4:38:28 PM
stalker(stalker) used a shield 8-8-2020, 4:38:29 PM
stalker(stalker) used a shield 8-8-2020, 4:38:29 PM
stalker(stalker) used a shield 8-8-2020, 4:38:29 PM
stalker(stalker) used a shield 8-8-2020, 4:38:29 PM
stalker(stalker) used a shield 8-8-2020, 4:38:29 PM
stalker(stalker) used a shield 8-8-2020, 4:38:29 PM
stalker(stalker) used a shield 8-8-2020, 4:38:30 PM
stalker(stalker) used a shield 8-8-2020, 4:38:30 PM
stalker(stalker) used a shield 8-8-2020, 4:38:30 PM
stalker(stalker) used a shield 8-8-2020, 4:38:30 PM
stalker(stalker) used a shield 8-8-2020, 4:38:30 PM
stalker(stalker) used a shield 8-8-2020, 4:38:31 PM
stalker(stalker) used a shield 8-8-2020, 4:38:31 PM
stalker(stalker) used a shield 8-8-2020, 4:38:31 PM
stalker(stalker) used a shield 8-8-2020, 4:38:31 PM
stalker(stalker) used a shield 8-8-2020, 4:38:31 PM
stalker(stalker) used a shield 8-8-2020, 4:38:31 PM
stalker(stalker) used a shield 8-8-2020, 4:38:32 PM
stalker(stalker) used a tk_ultra_health_potion 8-8-2020, 4:38:32 PM
stalker(stalker) used a hand_grenade 8-8-2020, 4:38:38 PM
stalker(stalker) used a hand_grenade 8-8-2020, 4:38:39 PM
stalker(stalker) used a hand_grenade 8-8-2020, 4:38:39 PM
stalker(stalker) used a hand_grenade 8-8-2020, 4:38:40 PM
stalker(stalker) used a hand_grenade 8-8-2020, 4:38:40 PM
stalker(stalker) used a hand_grenade 8-8-2020, 4:38:40 PM
stalker(stalker) used a snowball 8-8-2020, 4:38:40 PM
stalker(stalker) used a hand_grenade 8-8-2020, 4:38:41 PM
stalker(stalker) used a hand_grenade 8-8-2020, 4:38:42 PM
stalker(stalker) used a hand_grenade 8-8-2020, 4:38:42 PM
stalker(stalker) used a hand_grenade 8-8-2020, 4:38:43 PM
stalker(stalker) used a hand_grenade 8-8-2020, 4:38:43 PM
stalker(stalker) used a hand_grenade 8-8-2020, 4:38:43 PM
stalker(stalker) used a hand_grenade 8-8-2020, 4:38:43 PM
stalker(stalker) used a hand_grenade 8-8-2020, 4:38:43 PM
stalker(stalker) used a hand_grenade 8-8-2020, 4:38:43 PM
stalker(stalker) used a hand_grenade 8-8-2020, 4:38:44 PM
stalker(stalker) used a hand_grenade 8-8-2020, 4:38:44 PM
stalker(stalker) used a shield 8-8-2020, 4:38:59 PM
stalker(stalker) used a shield 8-8-2020, 4:39:00 PM
stalker(stalker) used a shield 8-8-2020, 4:39:00 PM
stalker(stalker) used a shield 8-8-2020, 4:39:00 PM
stalker(stalker) used a shield 8-8-2020, 4:39:00 PM
stalker(stalker) used a shield 8-8-2020, 4:39:01 PM
stalker(stalker) used a shield 8-8-2020, 4:39:01 PM
stalker(stalker) used a shield 8-8-2020, 4:39:01 PM
stalker(stalker) used a shield 8-8-2020, 4:39:01 PM
stalker(stalker) used a shield 8-8-2020, 4:39:02 PM
stalker(stalker) used a shield 8-8-2020, 4:39:02 PM
stalker(stalker) used a shield 8-8-2020, 4:39:02 PM
stalker(stalker) used a shield 8-8-2020, 4:39:02 PM
stalker(stalker) used a shield 8-8-2020, 4:39:03 PM
stalker(stalker) used a shield 8-8-2020, 4:39:03 PM
stalker(stalker) used a shield 8-8-2020, 4:39:03 PM
stalker(stalker) used a shield 8-8-2020, 4:39:03 PM
stalker(stalker) used a shield 8-8-2020, 4:39:03 PM
stalker(stalker) used a shield 8-8-2020, 4:39:04 PM
stalker(stalker) used a shield 8-8-2020, 4:39:04 PM
stalker(stalker) used a shield 8-8-2020, 4:39:04 PM
stalker(stalker) used a shield 8-8-2020, 4:39:04 PM
stalker(stalker) used a shield 8-8-2020, 4:39:05 PM
stalker(stalker) used a shield 8-8-2020, 4:39:05 PM
stalker(stalker) used a shield 8-8-2020, 4:39:05 PM
stalker(stalker) used a shield 8-8-2020, 4:39:06 PM
stalker(stalker) used a shield 8-8-2020, 4:39:06 PM
stalker(stalker) used a shield 8-8-2020, 4:39:06 PM
stalker(stalker) used a shield 8-8-2020, 4:39:06 PM
stalker(stalker) used a shield 8-8-2020, 4:39:07 PM
stalker(stalker) used a shield 8-8-2020, 4:39:07 PM
stalker(stalker) used a shield 8-8-2020, 4:39:08 PM
stalker(stalker) used a shield 8-8-2020, 4:39:08 PM
stalker(stalker) used a tk_ultra_health_potion 8-8-2020, 4:39:10 PM
stalker(stalker) used a hand_grenade 8-8-2020, 4:39:14 PM
stalker(stalker) used a hand_grenade 8-8-2020, 4:39:15 PM
stalker(stalker) used a hand_grenade 8-8-2020, 4:39:15 PM
stalker(stalker) used a hand_grenade 8-8-2020, 4:39:15 PM
stalker(stalker) used a hand_grenade 8-8-2020, 4:39:15 PM
stalker(stalker) used a hand_grenade 8-8-2020, 4:39:15 PM
stalker(stalker) used a hand_grenade 8-8-2020, 4:39:15 PM
stalker(stalker) used a snowball 8-8-2020, 4:39:16 PM
stalker(stalker) used a shield 8-8-2020, 4:39:30 PM
stalker(stalker) used a shield 8-8-2020, 4:39:30 PM
stalker(stalker) used a shield 8-8-2020, 4:39:30 PM
stalker(stalker) used a shield 8-8-2020, 4:39:30 PM
stalker(stalker) used a shield 8-8-2020, 4:39:30 PM
stalker(stalker) used a shield 8-8-2020, 4:39:31 PM
stalker(stalker) used a shield 8-8-2020, 4:39:31 PM
stalker(stalker) used a shield 8-8-2020, 4:39:31 PM
stalker(stalker) used a shield 8-8-2020, 4:39:31 PM
stalker(stalker) used a shield 8-8-2020, 4:39:31 PM
stalker(stalker) used a shield 8-8-2020, 4:39:32 PM
stalker(stalker) used a shield 8-8-2020, 4:39:32 PM
stalker(stalker) used a shield 8-8-2020, 4:39:32 PM
stalker(stalker) used a shield 8-8-2020, 4:39:32 PM
stalker(stalker) used a shield 8-8-2020, 4:39:33 PM
stalker(stalker) used a shield 8-8-2020, 4:39:33 PM
stalker(stalker) used a shield 8-8-2020, 4:39:33 PM
stalker(stalker) used a shield 8-8-2020, 4:39:33 PM
stalker(stalker) used a shield 8-8-2020, 4:39:33 PM
stalker(stalker) used a shield 8-8-2020, 4:39:34 PM
stalker(stalker) used a shield 8-8-2020, 4:39:34 PM
stalker(stalker) used a shield 8-8-2020, 4:39:34 PM
stalker(stalker) used a tk_ultra_health_potion 8-8-2020, 4:39:36 PM
stalker(stalker) used a shield 8-8-2020, 4:39:53 PM
stalker(stalker) used a shield 8-8-2020, 4:39:53 PM
stalker(stalker) used a tk_ultra_health_potion 8-8-2020, 4:39:55 PM
stalker(stalker) used a hand_grenade 8-8-2020, 4:40:01 PM
stalker(stalker) used a shield 8-8-2020, 4:40:37 PM
stalker(stalker) used a shield 8-8-2020, 4:40:38 PM
stalker(stalker) used a hand_grenade 8-8-2020, 4:40:58 PM
stalker(stalker) used a snowball 8-8-2020, 4:40:59 PM
stalker(stalker) used a tk_ultra_health_potion 8-8-2020, 4:41:15 PM
stalker(stalker) used a shield 8-8-2020, 4:41:16 PM
stalker(stalker) used a snowball 8-8-2020, 4:41:43 PM
stalker(stalker) used a hand_grenade 8-8-2020, 4:41:43 PM
stalker(stalker) used a hand_grenade 8-8-2020, 4:41:43 PM
stalker(stalker) used a hand_grenade 8-8-2020, 4:41:44 PM
stalker(stalker) used a hand_grenade 8-8-2020, 4:41:44 PM
stalker(stalker) used a hand_grenade 8-8-2020, 4:41:44 PM
stalker(stalker) used a hand_grenade 8-8-2020, 4:41:44 PM
stalker(stalker) used a hand_grenade 8-8-2020, 4:41:45 PM
stalker(stalker) used a hand_grenade 8-8-2020, 4:41:46 PM
stalker(stalker) used a hand_grenade 8-8-2020, 4:41:46 PM
stalker(stalker) used a hand_grenade 8-8-2020, 4:41:46 PM
stalker(stalker) used a hand_grenade 8-8-2020, 4:41:46 PM
stalker(stalker) used a hand_grenade 8-8-2020, 4:41:46 PM
stalker(stalker) used a hand_grenade 8-8-2020, 4:41:46 PM
stalker(stalker) used a shield 8-8-2020, 4:42:03 PM
stalker(stalker) used a shield 8-8-2020, 4:42:03 PM
stalker(stalker) used a shield 8-8-2020, 4:42:04 PM
stalker(stalker) used a shield 8-8-2020, 4:42:04 PM
stalker(stalker) used a shield 8-8-2020, 4:42:04 PM
stalker(stalker) used a shield 8-8-2020, 4:42:04 PM
stalker(stalker) used a shield 8-8-2020, 4:42:04 PM
stalker(stalker) used a shield 8-8-2020, 4:42:05 PM
stalker(stalker) used a shield 8-8-2020, 4:42:05 PM
stalker(stalker) used a shield 8-8-2020, 4:42:05 PM
stalker(stalker) used a shield 8-8-2020, 4:42:05 PM
stalker(stalker) used a shield 8-8-2020, 4:42:06 PM
stalker(stalker) used a shield 8-8-2020, 4:42:06 PM
stalker(stalker) used a shield 8-8-2020, 4:42:06 PM
stalker(stalker) used a shield 8-8-2020, 4:42:06 PM
stalker(stalker) used a shield 8-8-2020, 4:42:07 PM
stalker(stalker) used a shield 8-8-2020, 4:42:07 PM
stalker(stalker) used a shield 8-8-2020, 4:42:07 PM
stalker(stalker) used a shield 8-8-2020, 4:42:07 PM
stalker(stalker) used a shield 8-8-2020, 4:42:07 PM
stalker(stalker) used a shield 8-8-2020, 4:42:08 PM
stalker(stalker) used a shield 8-8-2020, 4:42:08 PM
stalker(stalker) used a shield 8-8-2020, 4:42:08 PM
stalker(stalker) used a shield 8-8-2020, 4:42:08 PM
stalker(stalker) used a shield 8-8-2020, 4:42:08 PM
stalker(stalker) used a shield 8-8-2020, 4:42:09 PM
stalker(stalker) used a shield 8-8-2020, 4:42:09 PM
stalker(stalker) used a tk_ultra_health_potion 8-8-2020, 4:42:10 PM
stalker(stalker) used a hand_grenade 8-8-2020, 4:42:21 PM
stalker(stalker) used a hand_grenade 8-8-2020, 4:42:21 PM
stalker(stalker) used a hand_grenade 8-8-2020, 4:42:21 PM
stalker(stalker) used a hand_grenade 8-8-2020, 4:42:22 PM
stalker(stalker) used a hand_grenade 8-8-2020, 4:42:22 PM
stalker(stalker) used a hand_grenade 8-8-2020, 4:42:22 PM
stalker(stalker) used a hand_grenade 8-8-2020, 4:42:22 PM
stalker(stalker) used a shield 8-8-2020, 4:42:55 PM
stalker(stalker) used a shield 8-8-2020, 4:42:55 PM
stalker(stalker) used a shield 8-8-2020, 4:42:55 PM
stalker(stalker) used a shield 8-8-2020, 4:42:56 PM
stalker(stalker) used a shield 8-8-2020, 4:42:56 PM
stalker(stalker) used a shield 8-8-2020, 4:42:56 PM
stalker(stalker) used a shield 8-8-2020, 4:42:56 PM
stalker(stalker) used a shield 8-8-2020, 4:42:56 PM
stalker(stalker) used a shield 8-8-2020, 4:42:57 PM
stalker(stalker) used a shield 8-8-2020, 4:42:57 PM
stalker(stalker) used a shield 8-8-2020, 4:42:57 PM
stalker(stalker) used a shield 8-8-2020, 4:42:57 PM
stalker(stalker) used a shield 8-8-2020, 4:42:57 PM
stalker(stalker) used a shield 8-8-2020, 4:42:58 PM
stalker(stalker) used a shield 8-8-2020, 4:42:58 PM
stalker(stalker) used a shield 8-8-2020, 4:42:58 PM
stalker(stalker) used a shield 8-8-2020, 4:42:58 PM
stalker(stalker) used a shield 8-8-2020, 4:42:58 PM
stalker(stalker) used a shield 8-8-2020, 4:42:59 PM
stalker(stalker) used a shield 8-8-2020, 4:42:59 PM
stalker(stalker) used a shield 8-8-2020, 4:42:59 PM
stalker(stalker) used a shield 8-8-2020, 4:42:59 PM
stalker(stalker) used a shield 8-8-2020, 4:42:59 PM
stalker(stalker) used a shield 8-8-2020, 4:43:00 PM
stalker(stalker) used a shield 8-8-2020, 4:43:00 PM
stalker(stalker) used a shield 8-8-2020, 4:43:00 PM
stalker(stalker) used a shield 8-8-2020, 4:43:00 PM
stalker(stalker) used a shield 8-8-2020, 4:43:01 PM
stalker(stalker) used a shield 8-8-2020, 4:43:01 PM
stalker(stalker) used a shield 8-8-2020, 4:43:01 PM
stalker(stalker) used a shield 8-8-2020, 4:43:01 PM
stalker(stalker) used a shield 8-8-2020, 4:43:01 PM
stalker(stalker) used a shield 8-8-2020, 4:43:02 PM
stalker(stalker) used a tk_ultra_health_potion 8-8-2020, 4:43:03 PM
stalker(stalker) used a sky_436_mine 8-8-2020, 4:43:06 PM
stalker(stalker) used a hand_grenade 8-8-2020, 4:43:21 PM
stalker(stalker) used a hand_grenade 8-8-2020, 4:43:23 PM
stalker(stalker) used a hand_grenade 8-8-2020, 4:43:24 PM
stalker(stalker) used a snowball 8-8-2020, 4:43:28 PM
stalker(stalker) used a shield 8-8-2020, 4:43:30 PM
stalker(stalker) used a shield 8-8-2020, 4:43:30 PM
stalker(stalker) used a tk_ultra_health_potion 8-8-2020, 4:43:31 PM
stalker(stalker) used a hand_grenade 8-8-2020, 4:43:32 PM
stalker(stalker) used a hand_grenade 8-8-2020, 4:43:34 PM
stalker(stalker) used a hand_grenade 8-8-2020, 4:43:34 PM
stalker(stalker) used a hand_grenade 8-8-2020, 4:43:34 PM
stalker(stalker) used a sky_436_mine 8-8-2020, 4:43:47 PM
stalker(stalker) used a sky_436_mine 8-8-2020, 4:43:59 PM
stalker(stalker) used a sky_436_mine 8-8-2020, 4:43:59 PM
stalker(stalker) used a sky_436_mine 8-8-2020, 4:44:00 PM
stalker(stalker) used a sky_436_mine 8-8-2020, 4:44:20 PM
stalker(stalker) used a sky_436_mine 8-8-2020, 4:44:20 PM
stalker(stalker) used a sky_436_mine 8-8-2020, 4:45:17 PM
stalker(stalker) used a sky_436_mine 8-8-2020, 4:45:17 PM
stalker(stalker) used a shield 8-8-2020, 4:45:32 PM
stalker(stalker) used a shield 8-8-2020, 4:45:33 PM
stalker(stalker) used a shield 8-8-2020, 4:45:33 PM
stalker(stalker) used a shield 8-8-2020, 4:45:33 PM
stalker(stalker) used a shield 8-8-2020, 4:45:33 PM
stalker(stalker) used a shield 8-8-2020, 4:45:34 PM
stalker(stalker) used a shield 8-8-2020, 4:45:34 PM
stalker(stalker) used a shield 8-8-2020, 4:45:34 PM
stalker(stalker) used a shield 8-8-2020, 4:45:34 PM
stalker(stalker) used a shield 8-8-2020, 4:45:34 PM
stalker(stalker) used a shield 8-8-2020, 4:45:34 PM
stalker(stalker) used a shield 8-8-2020, 4:45:35 PM
stalker(stalker) used a shield 8-8-2020, 4:45:35 PM
stalker(stalker) used a shield 8-8-2020, 4:45:35 PM
stalker(stalker) used a shield 8-8-2020, 4:45:35 PM
stalker(stalker) used a shield 8-8-2020, 4:45:36 PM
stalker(stalker) used a shield 8-8-2020, 4:45:36 PM
stalker(stalker) used a shield 8-8-2020, 4:45:36 PM
stalker(stalker) used a shield 8-8-2020, 4:45:36 PM
stalker(stalker) used a shield 8-8-2020, 4:45:37 PM
stalker(stalker) used a shield 8-8-2020, 4:45:37 PM
stalker(stalker) used a shield 8-8-2020, 4:45:37 PM
stalker(stalker) used a shield 8-8-2020, 4:45:37 PM
stalker(stalker) used a shield 8-8-2020, 4:45:37 PM
stalker(stalker) used a shield 8-8-2020, 4:45:37 PM
stalker(stalker) used a shield 8-8-2020, 4:45:38 PM
stalker(stalker) used a shield 8-8-2020, 4:45:38 PM
stalker(stalker) used a shield 8-8-2020, 4:45:38 PM
stalker(stalker) used a shield 8-8-2020, 4:45:38 PM
stalker(stalker) used a shield 8-8-2020, 4:45:38 PM
stalker(stalker) used a shield 8-8-2020, 4:45:39 PM
stalker(stalker) used a tk_ultra_health_potion 8-8-2020, 4:45:40 PM
stalker(stalker) used a tk_ultra_health_potion 8-8-2020, 4:45:40 PM
stalker(stalker) used a hand_grenade 8-8-2020, 4:45:49 PM
stalker(stalker) used a hand_grenade 8-8-2020, 4:45:50 PM
stalker(stalker) used a hand_grenade 8-8-2020, 4:45:50 PM
stalker(stalker) used a hand_grenade 8-8-2020, 4:45:50 PM
stalker(stalker) used a hand_grenade 8-8-2020, 4:45:50 PM
stalker(stalker) used a hand_grenade 8-8-2020, 4:45:50 PM
stalker(stalker) used a hand_grenade 8-8-2020, 4:45:50 PM
stalker(stalker) used a hand_grenade 8-8-2020, 4:45:51 PM
stalker(stalker) used a hand_grenade 8-8-2020, 4:45:51 PM
stalker(stalker) used a hand_grenade 8-8-2020, 4:45:51 PM
stalker(stalker) used a hand_grenade 8-8-2020, 4:45:51 PM
stalker(stalker) used a hand_grenade 8-8-2020, 4:45:51 PM
stalker(stalker) used a hand_grenade 8-8-2020, 4:45:51 PM
stalker(stalker) used a shield 8-8-2020, 4:46:05 PM
stalker(stalker) used a shield 8-8-2020, 4:46:05 PM
stalker(stalker) used a shield 8-8-2020, 4:46:06 PM
stalker(stalker) used a shield 8-8-2020, 4:46:06 PM
stalker(stalker) used a shield 8-8-2020, 4:46:06 PM
stalker(stalker) used a shield 8-8-2020, 4:46:06 PM
stalker(stalker) used a shield 8-8-2020, 4:46:06 PM
stalker(stalker) used a shield 8-8-2020, 4:46:06 PM
stalker(stalker) used a shield 8-8-2020, 4:46:07 PM
stalker(stalker) used a shield 8-8-2020, 4:46:07 PM
stalker(stalker) used a shield 8-8-2020, 4:46:07 PM
stalker(stalker) used a shield 8-8-2020, 4:46:07 PM
stalker(stalker) used a shield 8-8-2020, 4:46:07 PM
stalker(stalker) used a shield 8-8-2020, 4:46:07 PM
stalker(stalker) used a shield 8-8-2020, 4:46:08 PM
stalker(stalker) used a shield 8-8-2020, 4:46:08 PM
stalker(stalker) used a shield 8-8-2020, 4:46:08 PM
stalker(stalker) used a shield 8-8-2020, 4:46:08 PM
stalker(stalker) used a shield 8-8-2020, 4:46:08 PM
stalker(stalker) used a shield 8-8-2020, 4:46:09 PM
stalker(stalker) used a shield 8-8-2020, 4:46:09 PM
stalker(stalker) used a shield 8-8-2020, 4:46:09 PM
stalker(stalker) used a shield 8-8-2020, 4:46:09 PM
stalker(stalker) used a shield 8-8-2020, 4:46:09 PM
stalker(stalker) used a shield 8-8-2020, 4:46:09 PM
stalker(stalker) used a shield 8-8-2020, 4:46:10 PM
stalker(stalker) used a shield 8-8-2020, 4:46:10 PM
stalker(stalker) used a shield 8-8-2020, 4:46:10 PM
stalker(stalker) used a shield 8-8-2020, 4:46:10 PM
stalker(stalker) used a shield 8-8-2020, 4:46:11 PM
stalker(stalker) used a tk_ultra_health_potion 8-8-2020, 4:46:11 PM
stalker(stalker) used a wirebomb 8-8-2020, 4:46:26 PM
stalker(stalker) used a wirebomb 8-8-2020, 4:46:27 PM
stalker(stalker) used a hand_grenade 8-8-2020, 4:46:29 PM
stalker(stalker) used a hand_grenade 8-8-2020, 4:46:30 PM
stalker(stalker) used a hand_grenade 8-8-2020, 4:46:30 PM
stalker(stalker) used a hand_grenade 8-8-2020, 4:46:30 PM
stalker(stalker) used a hand_grenade 8-8-2020, 4:46:30 PM
stalker(stalker) used a hand_grenade 8-8-2020, 4:46:30 PM
stalker(stalker) used a hand_grenade 8-8-2020, 4:46:30 PM
stalker(stalker) used a hand_grenade 8-8-2020, 4:46:31 PM
stalker(stalker) used a hand_grenade 8-8-2020, 4:46:31 PM
stalker(stalker) used a hand_grenade 8-8-2020, 4:46:31 PM
stalker(stalker) used a hand_grenade 8-8-2020, 4:46:31 PM
stalker(stalker) used a hand_grenade 8-8-2020, 4:46:31 PM
stalker(stalker) used a hand_grenade 8-8-2020, 4:46:31 PM
stalker(stalker) used a hand_grenade 8-8-2020, 4:46:32 PM
stalker(stalker) used a hand_grenade 8-8-2020, 4:46:32 PM
stalker(stalker) used a hand_grenade 8-8-2020, 4:46:32 PM
stalker(stalker) used a shield 8-8-2020, 4:46:52 PM
stalker(stalker) used a shield 8-8-2020, 4:46:52 PM
stalker(stalker) used a shield 8-8-2020, 4:46:53 PM
stalker(stalker) used a shield 8-8-2020, 4:46:53 PM
stalker(stalker) used a shield 8-8-2020, 4:46:53 PM
stalker(stalker) used a shield 8-8-2020, 4:46:53 PM
stalker(stalker) used a shield 8-8-2020, 4:46:53 PM
stalker(stalker) used a shield 8-8-2020, 4:46:53 PM
stalker(stalker) used a shield 8-8-2020, 4:46:54 PM
stalker(stalker) used a shield 8-8-2020, 4:46:54 PM
stalker(stalker) used a shield 8-8-2020, 4:46:54 PM
stalker(stalker) used a shield 8-8-2020, 4:46:54 PM
stalker(stalker) used a shield 8-8-2020, 4:46:54 PM
stalker(stalker) used a shield 8-8-2020, 4:46:55 PM
stalker(stalker) used a shield 8-8-2020, 4:46:55 PM
stalker(stalker) used a shield 8-8-2020, 4:46:56 PM
stalker(stalker) used a shield 8-8-2020, 4:46:56 PM
stalker(stalker) used a shield 8-8-2020, 4:46:56 PM
stalker(stalker) used a shield 8-8-2020, 4:46:56 PM
stalker(stalker) used a shield 8-8-2020, 4:46:56 PM
stalker(stalker) used a shield 8-8-2020, 4:46:57 PM
stalker(stalker) used a shield 8-8-2020, 4:46:57 PM
stalker(stalker) used a shield 8-8-2020, 4:46:57 PM
stalker(stalker) used a shield 8-8-2020, 4:46:57 PM
stalker(stalker) used a shield 8-8-2020, 4:46:58 PM
stalker(stalker) used a shield 8-8-2020, 4:46:58 PM
stalker(stalker) used a shield 8-8-2020, 4:46:58 PM
stalker(stalker) used a shield 8-8-2020, 4:46:58 PM
stalker(stalker) used a shield 8-8-2020, 4:46:58 PM
stalker(stalker) used a shield 8-8-2020, 4:46:59 PM
stalker(stalker) used a tk_ultra_health_potion 8-8-2020, 4:46:59 PM
stalker(stalker) used a hand_grenade 8-8-2020, 4:47:03 PM
stalker(stalker) used a hand_grenade 8-8-2020, 4:47:03 PM
stalker(stalker) used a hand_grenade 8-8-2020, 4:47:03 PM
stalker(stalker) used a hand_grenade 8-8-2020, 4:47:04 PM
stalker(stalker) used a hand_grenade 8-8-2020, 4:47:04 PM
stalker(stalker) used a hand_grenade 8-8-2020, 4:47:04 PM
stalker(stalker) used a hand_grenade 8-8-2020, 4:47:04 PM
stalker(stalker) used a hand_grenade 8-8-2020, 4:47:05 PM
stalker(stalker) used a hand_grenade 8-8-2020, 4:47:20 PM
stalker(stalker) used a hand_grenade 8-8-2020, 4:47:51 PM
stalker(stalker) used a snowball 8-8-2020, 4:47:53 PM