
killer3000(killer3000) used a tk_ultra_health_potion 1-22-2021, 7:21:34 AM
killer3000(killer3000) used a tk_ultra_health_potion 1-22-2021, 7:21:36 AM
killer3000(killer3000) used a tk_ultra_health_potion 1-22-2021, 7:21:37 AM
killer3000(killer3000) used a tk_ultra_health_potion 1-22-2021, 7:21:37 AM
killer3000(killer3000) used a storm_sniper 1-22-2021, 7:21:40 AM
killer3000(killer3000) used a health_drink 1-22-2021, 7:21:47 AM
killer3000(killer3000) used a health_drink 1-22-2021, 7:22:00 AM
killer3000(killer3000) used a tk_ultra_health_potion 1-22-2021, 9:06:28 AM
killer3000(killer3000) used a carrier_missile 1-22-2021, 9:06:42 AM
killer3000(killer3000) used a carrier_missile 1-22-2021, 9:06:48 AM
killer3000(killer3000) used a carrier_missile 1-22-2021, 9:06:48 AM
killer3000(killer3000) used a carrier_missile 1-22-2021, 9:07:17 AM
killer3000(killer3000) used a health_drink 1-22-2021, 9:07:40 AM
killer3000(killer3000) used a health_drink 1-22-2021, 9:07:40 AM
killer3000(killer3000) used a shield 1-22-2021, 9:08:09 AM
killer3000(killer3000) used a shield 1-22-2021, 9:08:09 AM
killer3000(killer3000) used a shield 1-22-2021, 9:08:09 AM
killer3000(killer3000) used a shield 1-22-2021, 9:08:09 AM
killer3000(killer3000) used a shield 1-22-2021, 9:08:12 AM
killer3000(killer3000) used a shield 1-22-2021, 9:08:13 AM
killer3000(killer3000) used a shield 1-22-2021, 9:08:13 AM
killer3000(killer3000) used a shield 1-22-2021, 9:08:13 AM
killer3000(killer3000) used a shield 1-22-2021, 9:08:13 AM
killer3000(killer3000) used a shield 1-22-2021, 9:08:14 AM
killer3000(killer3000) used a shield 1-22-2021, 9:08:14 AM
killer3000(killer3000) used a shield 1-22-2021, 9:08:14 AM
killer3000(killer3000) used a shield 1-22-2021, 9:08:15 AM
killer3000(killer3000) used a shield 1-22-2021, 9:08:15 AM
killer3000(killer3000) used a shield 1-22-2021, 9:08:15 AM
killer3000(killer3000) used a shield 1-22-2021, 9:08:15 AM
killer3000(killer3000) used a shield 1-22-2021, 9:08:15 AM
killer3000(killer3000) used a shield 1-22-2021, 9:08:18 AM
killer3000(killer3000) used a shield 1-22-2021, 9:08:19 AM
killer3000(killer3000) used a shield 1-22-2021, 9:08:19 AM
killer3000(killer3000) used a shield 1-22-2021, 9:08:20 AM
killer3000(killer3000) used a shield 1-22-2021, 9:08:20 AM
killer3000(killer3000) used a shield 1-22-2021, 9:08:21 AM
killer3000(killer3000) used a antibiotic_canister 1-22-2021, 9:09:45 AM
killer3000(killer3000) used a storm_sniper 1-22-2021, 9:11:16 AM
killer3000(killer3000) used a shield 1-22-2021, 9:11:53 AM
killer3000(killer3000) used a shield 1-22-2021, 9:11:53 AM
killer3000(killer3000) used a shield 1-22-2021, 9:11:53 AM
killer3000(killer3000) used a shield 1-22-2021, 9:11:53 AM
killer3000(killer3000) used a shield 1-22-2021, 9:11:54 AM
killer3000(killer3000) used a sky_436_mine 1-22-2021, 9:15:23 AM
killer3000(killer3000) used a tk_ultra_health_potion 1-22-2021, 9:16:07 AM
killer3000(killer3000) used a health_drink 1-22-2021, 9:16:09 AM
killer3000(killer3000) used a health_drink 1-22-2021, 9:16:15 AM
killer3000(killer3000) used a health_drink 1-22-2021, 9:16:16 AM
killer3000(killer3000) used a health_drink 1-22-2021, 9:16:37 AM
killer3000(killer3000) used a health_drink 1-22-2021, 9:16:45 AM
killer3000(killer3000) used a health_drink 1-22-2021, 9:17:33 AM
killer3000(killer3000) used a health_drink 1-22-2021, 9:17:33 AM
killer3000(killer3000) used a tk_ultra_health_potion 1-22-2021, 9:17:53 AM
killer3000(killer3000) used a tk_ultra_health_potion 1-22-2021, 9:17:54 AM
killer3000(killer3000) used a tk_ultra_health_potion 1-22-2021, 9:17:57 AM
killer3000(killer3000) used a tk_ultra_health_potion 1-22-2021, 9:18:00 AM
killer3000(killer3000) used a tk_ultra_health_potion 1-22-2021, 9:18:22 AM
killer3000(killer3000) used a tk_ultra_health_potion 1-22-2021, 9:18:22 AM
killer3000(killer3000) used a storm_sniper 1-22-2021, 9:18:35 AM
killer3000(killer3000) used a health_drink 1-22-2021, 9:18:39 AM
killer3000(killer3000) used a health_drink 1-22-2021, 9:18:53 AM
killer3000(killer3000) used a health_drink 1-22-2021, 9:18:54 AM
killer3000(killer3000) used a health_drink 1-22-2021, 9:19:12 AM
killer3000(killer3000) used a antibiotic 1-22-2021, 9:19:47 AM
killer3000(killer3000) used a gas_mask 1-22-2021, 9:23:30 AM
killer3000(killer3000) used a health_drink 1-22-2021, 9:23:39 AM
killer3000(killer3000) used a health_drink 1-22-2021, 9:23:39 AM
killer3000(killer3000) used a health_drink 1-22-2021, 9:24:23 AM
killer3000(killer3000) used a health_drink 1-22-2021, 9:24:30 AM
killer3000(killer3000) used a tk_ultra_health_potion 1-22-2021, 9:24:52 AM
killer3000(killer3000) used a tk_ultra_health_potion 1-22-2021, 9:25:04 AM
killer3000(killer3000) used a health_drink 1-22-2021, 9:25:07 AM
killer3000(killer3000) used a health_drink 1-22-2021, 9:25:08 AM
killer3000(killer3000) used a tk_ultra_health_potion 1-22-2021, 9:25:38 AM
killer3000(killer3000) used a tk_ultra_health_potion 1-22-2021, 9:25:38 AM
killer3000(killer3000) used a health_drink 1-22-2021, 9:25:46 AM
killer3000(killer3000) used a health_drink 1-22-2021, 9:25:47 AM
killer3000(killer3000) used a health_drink 1-22-2021, 9:26:07 AM
killer3000(killer3000) used a gas_mask 1-22-2021, 9:26:34 AM
killer3000(killer3000) used a frequency_scrambler 1-22-2021, 9:27:20 AM
killer3000(killer3000) used a gas_mask 1-22-2021, 9:27:51 AM
killer3000(killer3000) used a health_drink 1-22-2021, 9:28:05 AM
killer3000(killer3000) used a health_drink 1-22-2021, 9:28:05 AM
killer3000(killer3000) used a health_drink 1-22-2021, 9:28:17 AM
killer3000(killer3000) used a gas_mask 1-22-2021, 9:31:15 AM
killer3000(killer3000) used a gas_mask 1-22-2021, 9:31:15 AM
killer3000(killer3000) used a gas_mask 1-22-2021, 9:31:18 AM
killer3000(killer3000) used a tk_ultra_health_potion 1-22-2021, 9:31:30 AM
killer3000(killer3000) used a tk_ultra_health_potion 1-22-2021, 9:32:27 AM
killer3000(killer3000) used a health_drink 1-22-2021, 9:33:51 AM
killer3000(killer3000) used a health_drink 1-22-2021, 9:33:51 AM
killer3000(killer3000) used a health_drink 1-22-2021, 9:34:11 AM
killer3000(killer3000) used a health_drink 1-22-2021, 9:34:20 AM
killer3000(killer3000) used a health_drink 1-22-2021, 9:35:18 AM
killer3000(killer3000) used a mine 1-22-2021, 9:36:27 AM
killer3000(killer3000) used a mine 1-22-2021, 9:36:28 AM
killer3000(killer3000) used a mine 1-22-2021, 9:36:29 AM
killer3000(killer3000) used a mine 1-22-2021, 9:36:29 AM
killer3000(killer3000) used a mine 1-22-2021, 9:36:30 AM
killer3000(killer3000) used a mine 1-22-2021, 9:36:31 AM
killer3000(killer3000) used a mine 1-22-2021, 9:36:32 AM
killer3000(killer3000) used a mine 1-22-2021, 9:36:33 AM
killer3000(killer3000) used a mine 1-22-2021, 9:36:33 AM
killer3000(killer3000) used a mine 1-22-2021, 9:36:34 AM
killer3000(killer3000) used a mine 1-22-2021, 9:36:35 AM
killer3000(killer3000) used a mine 1-22-2021, 9:36:37 AM
killer3000(killer3000) used a mine 1-22-2021, 9:36:37 AM
killer3000(killer3000) used a mine 1-22-2021, 9:36:37 AM
killer3000(killer3000) used a mine 1-22-2021, 9:36:38 AM
killer3000(killer3000) used a mine 1-22-2021, 9:36:39 AM
killer3000(killer3000) used a mine 1-22-2021, 9:36:39 AM
killer3000(killer3000) used a mine 1-22-2021, 9:36:40 AM
killer3000(killer3000) used a mine 1-22-2021, 9:36:40 AM
killer3000(killer3000) used a mine 1-22-2021, 9:36:41 AM
killer3000(killer3000) used a shield 1-22-2021, 9:39:45 AM
killer3000(killer3000) used a shield 1-22-2021, 9:39:46 AM
killer3000(killer3000) used a shield 1-22-2021, 9:39:46 AM
killer3000(killer3000) used a shield 1-22-2021, 9:39:48 AM
killer3000(killer3000) used a shield 1-22-2021, 9:39:48 AM
killer3000(killer3000) used a shield 1-22-2021, 9:39:48 AM
killer3000(killer3000) used a shield 1-22-2021, 9:39:48 AM
killer3000(killer3000) used a shield 1-22-2021, 9:39:49 AM
killer3000(killer3000) used a shield 1-22-2021, 9:39:49 AM
killer3000(killer3000) used a shield 1-22-2021, 9:39:49 AM
killer3000(killer3000) used a shield 1-22-2021, 9:39:49 AM
killer3000(killer3000) used a shield 1-22-2021, 9:39:49 AM
killer3000(killer3000) used a shield 1-22-2021, 9:39:49 AM
killer3000(killer3000) used a shield 1-22-2021, 9:39:50 AM
killer3000(killer3000) used a shield 1-22-2021, 9:39:50 AM
killer3000(killer3000) used a shield 1-22-2021, 9:39:52 AM
killer3000(killer3000) used a shield 1-22-2021, 9:39:53 AM
killer3000(killer3000) used a gas_mask 1-22-2021, 9:42:08 AM
killer3000(killer3000) used a gas_mask 1-22-2021, 9:42:10 AM
killer3000(killer3000) used a gas_mask 1-22-2021, 9:42:34 AM
killer3000(killer3000) used a gas_mask 1-22-2021, 9:42:36 AM
killer3000(killer3000) used a guided_missile 1-22-2021, 9:43:32 AM
killer3000(killer3000) used a gas_mask 1-22-2021, 9:43:37 AM
killer3000(killer3000) used a health_drink 1-22-2021, 9:43:46 AM
killer3000(killer3000) used a health_drink 1-22-2021, 9:44:36 AM
killer3000(killer3000) used a storm_sniper 1-22-2021, 9:44:37 AM
killer3000(killer3000) used a throwing_star 1-22-2021, 9:44:56 AM
killer3000(killer3000) used a throwing_star 1-22-2021, 9:44:57 AM
killer3000(killer3000) used a throwing_star 1-22-2021, 9:44:58 AM
killer3000(killer3000) used a throwing_star 1-22-2021, 9:44:58 AM
killer3000(killer3000) used a throwing_star 1-22-2021, 9:44:58 AM
killer3000(killer3000) used a throwing_star 1-22-2021, 9:44:59 AM
killer3000(killer3000) used a throwing_star 1-22-2021, 9:44:59 AM
killer3000(killer3000) used a throwing_star 1-22-2021, 9:44:59 AM
killer3000(killer3000) used a throwing_star 1-22-2021, 9:44:59 AM
killer3000(killer3000) used a throwing_star 1-22-2021, 9:45:00 AM
killer3000(killer3000) used a throwing_star 1-22-2021, 9:45:00 AM
killer3000(killer3000) used a throwing_star 1-22-2021, 9:45:00 AM
killer3000(killer3000) used a throwing_star 1-22-2021, 9:45:01 AM
killer3000(killer3000) used a throwing_star 1-22-2021, 9:45:03 AM
killer3000(killer3000) used a throwing_star 1-22-2021, 9:45:03 AM
killer3000(killer3000) used a throwing_star 1-22-2021, 9:45:03 AM
killer3000(killer3000) used a throwing_star 1-22-2021, 9:45:04 AM
killer3000(killer3000) used a throwing_star 1-22-2021, 9:45:05 AM
killer3000(killer3000) used a throwing_star 1-22-2021, 9:45:06 AM
killer3000(killer3000) used a throwing_star 1-22-2021, 9:45:10 AM
killer3000(killer3000) used a throwing_star 1-22-2021, 9:45:11 AM
killer3000(killer3000) used a throwing_star 1-22-2021, 9:45:11 AM
killer3000(killer3000) used a throwing_star 1-22-2021, 9:45:11 AM
killer3000(killer3000) used a throwing_star 1-22-2021, 9:45:11 AM
killer3000(killer3000) used a throwing_star 1-22-2021, 9:45:11 AM
killer3000(killer3000) used a throwing_star 1-22-2021, 9:45:12 AM
killer3000(killer3000) used a throwing_star 1-22-2021, 9:45:12 AM
killer3000(killer3000) used a throwing_star 1-22-2021, 9:45:12 AM
killer3000(killer3000) used a throwing_star 1-22-2021, 9:45:12 AM
killer3000(killer3000) used a throwing_star 1-22-2021, 9:45:15 AM
killer3000(killer3000) used a throwing_star 1-22-2021, 9:45:15 AM
killer3000(killer3000) used a throwing_star 1-22-2021, 9:45:15 AM
killer3000(killer3000) used a throwing_star 1-22-2021, 9:45:15 AM
killer3000(killer3000) used a throwing_star 1-22-2021, 9:45:16 AM
killer3000(killer3000) used a throwing_star 1-22-2021, 9:45:16 AM
killer3000(killer3000) used a throwing_star 1-22-2021, 9:45:16 AM
killer3000(killer3000) used a throwing_star 1-22-2021, 9:45:16 AM
killer3000(killer3000) used a throwing_star 1-22-2021, 9:45:17 AM
killer3000(killer3000) used a throwing_star 1-22-2021, 9:45:17 AM
killer3000(killer3000) used a throwing_star 1-22-2021, 9:45:45 AM
killer3000(killer3000) used a throwing_star 1-22-2021, 9:45:45 AM
killer3000(killer3000) used a throwing_star 1-22-2021, 9:45:51 AM
killer3000(killer3000) used a throwing_star 1-22-2021, 9:45:52 AM
killer3000(killer3000) used a throwing_star 1-22-2021, 9:45:53 AM
killer3000(killer3000) used a throwing_star 1-22-2021, 9:45:54 AM
killer3000(killer3000) used a throwing_star 1-22-2021, 9:45:54 AM
killer3000(killer3000) used a throwing_star 1-22-2021, 9:45:58 AM
killer3000(killer3000) used a throwing_star 1-22-2021, 9:45:58 AM
killer3000(killer3000) used a throwing_star 1-22-2021, 9:46:02 AM
killer3000(killer3000) used a throwing_star 1-22-2021, 9:46:02 AM
killer3000(killer3000) used a throwing_star 1-22-2021, 9:46:02 AM
killer3000(killer3000) used a throwing_star 1-22-2021, 9:46:03 AM
killer3000(killer3000) used a throwing_star 1-22-2021, 9:46:03 AM
killer3000(killer3000) used a throwing_star 1-22-2021, 9:46:04 AM
killer3000(killer3000) used a throwing_star 1-22-2021, 9:46:04 AM
killer3000(killer3000) used a throwing_star 1-22-2021, 9:47:56 AM
killer3000(killer3000) used a throwing_star 1-22-2021, 9:47:59 AM
killer3000(killer3000) used a throwing_star 1-22-2021, 9:47:59 AM
killer3000(killer3000) used a throwing_star 1-22-2021, 9:47:59 AM
killer3000(killer3000) used a throwing_star 1-22-2021, 9:48:00 AM
killer3000(killer3000) used a throwing_star 1-22-2021, 9:48:00 AM
killer3000(killer3000) used a throwing_star 1-22-2021, 9:48:00 AM
killer3000(killer3000) used a throwing_star 1-22-2021, 9:48:01 AM
killer3000(killer3000) used a throwing_star 1-22-2021, 9:48:01 AM
killer3000(killer3000) used a throwing_star 1-22-2021, 9:48:02 AM
killer3000(killer3000) used a throwing_star 1-22-2021, 9:48:02 AM
killer3000(killer3000) used a throwing_star 1-22-2021, 9:48:02 AM
killer3000(killer3000) used a throwing_star 1-22-2021, 9:48:04 AM
killer3000(killer3000) used a throwing_star 1-22-2021, 9:48:05 AM
killer3000(killer3000) used a throwing_star 1-22-2021, 9:48:06 AM
killer3000(killer3000) used a throwing_star 1-22-2021, 9:48:10 AM
killer3000(killer3000) used a throwing_star 1-22-2021, 9:48:10 AM
killer3000(killer3000) used a throwing_star 1-22-2021, 9:48:10 AM
killer3000(killer3000) used a throwing_star 1-22-2021, 9:48:10 AM
killer3000(killer3000) used a throwing_star 1-22-2021, 9:48:11 AM
killer3000(killer3000) used a throwing_star 1-22-2021, 9:48:11 AM
killer3000(killer3000) used a throwing_star 1-22-2021, 9:48:35 AM
killer3000(killer3000) used a throwing_star 1-22-2021, 9:49:48 AM
killer3000(killer3000) used a throwing_star 1-22-2021, 9:49:48 AM
killer3000(killer3000) used a throwing_star 1-22-2021, 9:49:49 AM
killer3000(killer3000) used a throwing_star 1-22-2021, 9:49:49 AM
killer3000(killer3000) used a throwing_star 1-22-2021, 9:49:50 AM
killer3000(killer3000) used a throwing_star 1-22-2021, 9:49:50 AM
killer3000(killer3000) used a throwing_star 1-22-2021, 9:49:51 AM
killer3000(killer3000) used a gas_mask 1-22-2021, 9:51:10 AM
killer3000(killer3000) used a frequency_scrambler 1-22-2021, 9:51:31 AM
killer3000(killer3000) used a frequency_scrambler 1-22-2021, 9:51:32 AM
killer3000(killer3000) used a throwing_star 1-22-2021, 9:52:36 AM
killer3000(killer3000) used a throwing_star 1-22-2021, 9:52:36 AM
killer3000(killer3000) used a throwing_star 1-22-2021, 9:52:36 AM
killer3000(killer3000) used a shield 1-22-2021, 9:52:54 AM
killer3000(killer3000) used a shield 1-22-2021, 9:52:57 AM
killer3000(killer3000) used a shield 1-22-2021, 9:52:57 AM
killer3000(killer3000) used a shield 1-22-2021, 9:52:58 AM
killer3000(killer3000) used a shield 1-22-2021, 9:52:58 AM
killer3000(killer3000) used a shield 1-22-2021, 9:52:58 AM
killer3000(killer3000) used a shield 1-22-2021, 9:52:59 AM
killer3000(killer3000) used a shield 1-22-2021, 9:52:59 AM
killer3000(killer3000) used a shield 1-22-2021, 9:53:02 AM
killer3000(killer3000) used a shield 1-22-2021, 9:53:02 AM
killer3000(killer3000) used a shield 1-22-2021, 9:53:02 AM
killer3000(killer3000) used a shield 1-22-2021, 9:53:02 AM
killer3000(killer3000) used a shield 1-22-2021, 9:53:02 AM
killer3000(killer3000) used a shield 1-22-2021, 9:53:03 AM
killer3000(killer3000) used a shield 1-22-2021, 9:53:03 AM
killer3000(killer3000) used a shield 1-22-2021, 9:53:03 AM
killer3000(killer3000) used a shield 1-22-2021, 9:53:03 AM
killer3000(killer3000) used a shield 1-22-2021, 9:53:03 AM
killer3000(killer3000) used a shield 1-22-2021, 9:53:03 AM
killer3000(killer3000) used a shield 1-22-2021, 9:53:03 AM
killer3000(killer3000) used a shield 1-22-2021, 9:53:04 AM
killer3000(killer3000) used a shield 1-22-2021, 9:53:04 AM
killer3000(killer3000) used a shield 1-22-2021, 9:53:04 AM
killer3000(killer3000) used a shield 1-22-2021, 9:53:04 AM
killer3000(killer3000) used a shield 1-22-2021, 9:53:04 AM
killer3000(killer3000) used a shield 1-22-2021, 9:53:04 AM
killer3000(killer3000) used a shield 1-22-2021, 9:53:05 AM
killer3000(killer3000) used a shield 1-22-2021, 9:53:05 AM
killer3000(killer3000) used a shield 1-22-2021, 9:53:05 AM
killer3000(killer3000) used a shield 1-22-2021, 9:53:05 AM
killer3000(killer3000) used a shield 1-22-2021, 9:53:05 AM
killer3000(killer3000) used a shield 1-22-2021, 9:53:06 AM
killer3000(killer3000) used a gas_mask 1-22-2021, 9:54:58 AM
killer3000(killer3000) used a gas_mask 1-22-2021, 9:55:04 AM
killer3000(killer3000) used a gas_mask 1-22-2021, 9:55:50 AM
killer3000(killer3000) used a gas_mask 1-22-2021, 9:55:56 AM
killer3000(killer3000) used a gas_mask 1-22-2021, 9:56:12 AM
killer3000(killer3000) used a gas_mask 1-22-2021, 9:57:14 AM
killer3000(killer3000) used a gas_mask 1-22-2021, 9:57:16 AM
killer3000(killer3000) used a gas_mask 1-22-2021, 9:58:06 AM
killer3000(killer3000) used a gas_mask 1-22-2021, 9:58:56 AM
killer3000(killer3000) used a gas_mask 1-22-2021, 9:59:08 AM
killer3000(killer3000) used a gas_mask 1-22-2021, 9:59:10 AM
killer3000(killer3000) used a gas_mask 1-22-2021, 9:59:11 AM
killer3000(killer3000) used a gas_mask 1-22-2021, 9:59:47 AM
killer3000(killer3000) used a gas_mask 1-22-2021, 9:59:48 AM
killer3000(killer3000) used a gas_mask 1-22-2021, 9:59:58 AM
killer3000(killer3000) used a gas_mask 1-22-2021, 9:59:58 AM
killer3000(killer3000) used a gas_mask 1-22-2021, 9:59:58 AM
killer3000(killer3000) used a gas_mask 1-22-2021, 9:59:59 AM
killer3000(killer3000) used a aircraft 1-22-2021, 10:00:51 AM
killer3000(killer3000) used a gas_mask 1-22-2021, 10:01:30 AM
killer3000(killer3000) used a gas_mask 1-22-2021, 10:02:51 AM
killer3000(killer3000) used a gas_mask 1-22-2021, 10:03:13 AM
killer3000(killer3000) used a gas_mask 1-22-2021, 10:03:14 AM
killer3000(killer3000) used a gas_mask 1-22-2021, 10:03:34 AM
killer3000(killer3000) used a gas_mask 1-22-2021, 10:03:34 AM
killer3000(killer3000) used a gas_mask 1-22-2021, 10:03:35 AM
killer3000(killer3000) used a storm_sniper 1-22-2021, 10:04:48 AM
killer3000(killer3000) used a health_drink 1-22-2021, 10:04:53 AM
killer3000(killer3000) used a gas_mask 1-22-2021, 10:06:14 AM
killer3000(killer3000) used a gas_mask 1-22-2021, 10:06:16 AM
killer3000(killer3000) used a gas_mask 1-22-2021, 10:06:27 AM
killer3000(killer3000) used a gas_mask 1-22-2021, 10:07:39 AM
killer3000(killer3000) used a rocket_launcher 1-22-2021, 10:10:45 AM
killer3000(killer3000) used a tk_ultra_health_potion 1-22-2021, 10:11:28 AM
killer3000(killer3000) used a helicopter 1-22-2021, 10:11:43 AM
killer3000(killer3000) used a helicopter 1-22-2021, 10:11:43 AM
killer3000(killer3000) used a helicopter 1-22-2021, 10:11:44 AM
killer3000(killer3000) used a helicopter 1-22-2021, 10:11:46 AM
killer3000(killer3000) used a storm_sniper 1-22-2021, 10:11:51 AM
killer3000(killer3000) used a helicopter 1-22-2021, 10:11:52 AM
killer3000(killer3000) used a health_drink 1-22-2021, 10:11:54 AM
killer3000(killer3000) used a health_drink 1-22-2021, 10:11:54 AM
killer3000(killer3000) used a health_drink 1-22-2021, 10:12:53 AM
killer3000(killer3000) used a health_drink 1-22-2021, 10:14:52 AM
killer3000(killer3000) used a gas_mask 1-22-2021, 10:16:17 AM
killer3000(killer3000) used a gas_mask 1-22-2021, 10:16:18 AM
killer3000(killer3000) used a storm_sniper 1-22-2021, 10:18:21 AM
killer3000(killer3000) used a stp429_mini_missile 1-22-2021, 10:20:48 AM
killer3000(killer3000) used a stp429_mini_missile 1-22-2021, 10:20:57 AM
killer3000(killer3000) used a concussive_grenade 1-22-2021, 10:21:09 AM
killer3000(killer3000) used a concussive_grenade 1-22-2021, 10:21:12 AM
killer3000(killer3000) used a concussive_grenade 1-22-2021, 10:21:12 AM
killer3000(killer3000) used a concussive_grenade 1-22-2021, 10:21:17 AM
killer3000(killer3000) used a concussive_grenade 1-22-2021, 10:21:22 AM
killer3000(killer3000) used a concussive_grenade 1-22-2021, 10:21:22 AM
killer3000(killer3000) used a concussive_grenade 1-22-2021, 10:21:33 AM
killer3000(killer3000) used a tk_ultra_health_potion 1-22-2021, 10:22:48 AM
killer3000(killer3000) used a stp429_mini_missile 1-22-2021, 10:23:27 AM
killer3000(killer3000) used a health_drink 1-22-2021, 10:23:41 AM
killer3000(killer3000) used a health_drink 1-22-2021, 10:23:41 AM
killer3000(killer3000) used a tk_ultra_health_potion 1-22-2021, 10:24:03 AM
killer3000(killer3000) used a tk_ultra_health_potion 1-22-2021, 10:24:03 AM
killer3000(killer3000) used a health_drink 1-22-2021, 10:24:09 AM
killer3000(killer3000) used a health_drink 1-22-2021, 10:24:19 AM
killer3000(killer3000) used a health_drink 1-22-2021, 10:24:23 AM
killer3000(killer3000) used a missile_interceptor 1-22-2021, 10:24:56 AM
killer3000(killer3000) used a missile_interceptor 1-22-2021, 10:25:03 AM
killer3000(killer3000) used a missile_interceptor 1-22-2021, 10:25:54 AM
killer3000(killer3000) used a missile_interceptor 1-22-2021, 10:25:54 AM
killer3000(killer3000) used a missile_interceptor 1-22-2021, 10:26:07 AM
killer3000(killer3000) used a missile_interceptor 1-22-2021, 10:26:33 AM
killer3000(killer3000) used a missile_interceptor 1-22-2021, 10:26:45 AM
killer3000(killer3000) used a missile_interceptor 1-22-2021, 10:26:46 AM
killer3000(killer3000) used a missile_interceptor 1-22-2021, 10:26:57 AM
killer3000(killer3000) used a missile_interceptor 1-22-2021, 10:26:58 AM
killer3000(killer3000) used a missile_interceptor 1-22-2021, 10:27:18 AM
killer3000(killer3000) used a missile_interceptor 1-22-2021, 10:27:19 AM
killer3000(killer3000) used a missile_interceptor 1-22-2021, 10:27:29 AM
killer3000(killer3000) used a missile_interceptor 1-22-2021, 10:27:29 AM
killer3000(killer3000) used a missile_interceptor 1-22-2021, 10:27:35 AM
killer3000(killer3000) used a missile_interceptor 1-22-2021, 10:27:35 AM
killer3000(killer3000) used a missile_interceptor 1-22-2021, 10:27:42 AM
killer3000(killer3000) used a missile_interceptor 1-22-2021, 10:27:43 AM
killer3000(killer3000) used a missile_interceptor 1-22-2021, 10:27:51 AM
killer3000(killer3000) used a missile_interceptor 1-22-2021, 10:27:51 AM
killer3000(killer3000) used a missile_interceptor 1-22-2021, 10:28:00 AM
killer3000(killer3000) used a missile_interceptor 1-22-2021, 10:28:10 AM
killer3000(killer3000) used a missile_interceptor 1-22-2021, 10:28:11 AM
killer3000(killer3000) used a missile_interceptor 1-22-2021, 10:28:20 AM
killer3000(killer3000) used a missile_interceptor 1-22-2021, 10:28:27 AM
killer3000(killer3000) used a missile_interceptor 1-22-2021, 10:28:27 AM
killer3000(killer3000) used a missile_interceptor 1-22-2021, 10:28:47 AM
killer3000(killer3000) used a missile_interceptor 1-22-2021, 10:28:47 AM
killer3000(killer3000) used a health_drink 1-22-2021, 10:30:55 AM
killer3000(killer3000) used a health_drink 1-22-2021, 10:31:02 AM
killer3000(killer3000) used a storm_sniper 1-22-2021, 10:31:05 AM
killer3000(killer3000) used a health_drink 1-22-2021, 10:33:04 AM
killer3000(killer3000) used a throwing_star 1-22-2021, 10:33:10 AM
killer3000(killer3000) used a throwing_star 1-22-2021, 10:33:11 AM
killer3000(killer3000) used a throwing_star 1-22-2021, 10:33:11 AM
killer3000(killer3000) used a throwing_star 1-22-2021, 10:33:12 AM
killer3000(killer3000) used a air_canister 1-22-2021, 10:33:44 AM
killer3000(killer3000) used a air_canister 1-22-2021, 10:33:44 AM
killer3000(killer3000) used a air_canister 1-22-2021, 10:33:44 AM
killer3000(killer3000) used a air_canister 1-22-2021, 10:33:45 AM
killer3000(killer3000) used a air_canister 1-22-2021, 10:33:45 AM
killer3000(killer3000) used a tk_ultra_health_potion 1-22-2021, 10:33:59 AM
killer3000(killer3000) used a shield 1-22-2021, 10:34:38 AM
killer3000(killer3000) used a shield 1-22-2021, 10:34:38 AM
killer3000(killer3000) used a shield 1-22-2021, 10:34:38 AM
killer3000(killer3000) used a shield 1-22-2021, 10:34:38 AM
killer3000(killer3000) used a shield 1-22-2021, 10:34:39 AM
killer3000(killer3000) used a shield 1-22-2021, 10:34:39 AM
killer3000(killer3000) used a shield 1-22-2021, 10:34:39 AM
killer3000(killer3000) used a shield 1-22-2021, 10:34:40 AM
killer3000(killer3000) used a shield 1-22-2021, 10:34:40 AM
killer3000(killer3000) used a shield 1-22-2021, 10:34:40 AM
killer3000(killer3000) used a shield 1-22-2021, 10:34:40 AM
killer3000(killer3000) used a shield 1-22-2021, 10:34:41 AM
killer3000(killer3000) used a shield 1-22-2021, 10:34:41 AM
killer3000(killer3000) used a shield 1-22-2021, 10:34:42 AM
killer3000(killer3000) used a shield 1-22-2021, 10:34:42 AM
killer3000(killer3000) used a shield 1-22-2021, 10:34:42 AM
killer3000(killer3000) used a shield 1-22-2021, 10:34:43 AM
killer3000(killer3000) used a shield 1-22-2021, 10:34:43 AM
killer3000(killer3000) used a shield 1-22-2021, 10:34:46 AM
killer3000(killer3000) used a shield 1-22-2021, 10:34:46 AM
killer3000(killer3000) used a shield 1-22-2021, 10:34:46 AM
killer3000(killer3000) used a shield 1-22-2021, 10:34:47 AM
killer3000(killer3000) used a shield 1-22-2021, 10:34:47 AM
killer3000(killer3000) used a shield 1-22-2021, 10:34:47 AM
killer3000(killer3000) used a shield 1-22-2021, 10:34:47 AM
killer3000(killer3000) used a shield 1-22-2021, 10:34:48 AM
killer3000(killer3000) used a shield 1-22-2021, 10:34:48 AM
killer3000(killer3000) used a shield 1-22-2021, 10:34:51 AM
killer3000(killer3000) used a shield 1-22-2021, 10:34:51 AM
killer3000(killer3000) used a shield 1-22-2021, 10:34:51 AM
killer3000(killer3000) used a health_drink 1-22-2021, 10:34:56 AM
killer3000(killer3000) used a health_drink 1-22-2021, 10:34:56 AM
killer3000(killer3000) used a health_drink 1-22-2021, 10:35:02 AM
killer3000(killer3000) used a tk_ultra_health_potion 1-22-2021, 10:37:36 AM
killer3000(killer3000) used a shield 1-22-2021, 10:38:48 AM
killer3000(killer3000) used a shield 1-22-2021, 10:38:48 AM
killer3000(killer3000) used a shield 1-22-2021, 10:38:48 AM
killer3000(killer3000) used a shield 1-22-2021, 10:38:48 AM
killer3000(killer3000) used a shield 1-22-2021, 10:38:49 AM
killer3000(killer3000) used a shield 1-22-2021, 10:38:49 AM
killer3000(killer3000) used a shield 1-22-2021, 10:38:49 AM
killer3000(killer3000) used a shield 1-22-2021, 10:38:49 AM
killer3000(killer3000) used a shield 1-22-2021, 10:38:49 AM
killer3000(killer3000) used a shield 1-22-2021, 10:38:49 AM
killer3000(killer3000) used a shield 1-22-2021, 10:38:49 AM
killer3000(killer3000) used a shield 1-22-2021, 10:38:50 AM
killer3000(killer3000) used a shield 1-22-2021, 10:38:50 AM
killer3000(killer3000) used a shield 1-22-2021, 10:38:50 AM
killer3000(killer3000) used a shield 1-22-2021, 10:38:50 AM
killer3000(killer3000) used a shield 1-22-2021, 10:38:51 AM
killer3000(killer3000) used a shield 1-22-2021, 10:38:51 AM
killer3000(killer3000) used a shield 1-22-2021, 10:38:51 AM
killer3000(killer3000) used a shield 1-22-2021, 10:38:51 AM
killer3000(killer3000) used a shield 1-22-2021, 10:38:52 AM
killer3000(killer3000) used a shield 1-22-2021, 10:38:52 AM
killer3000(killer3000) used a shield 1-22-2021, 10:38:52 AM
killer3000(killer3000) used a shield 1-22-2021, 10:38:53 AM
killer3000(killer3000) used a shield 1-22-2021, 10:38:57 AM
killer3000(killer3000) used a shield 1-22-2021, 10:38:57 AM
killer3000(killer3000) used a shield 1-22-2021, 10:38:57 AM
killer3000(killer3000) used a shield 1-22-2021, 10:38:57 AM
killer3000(killer3000) used a shield 1-22-2021, 10:38:58 AM
killer3000(killer3000) used a shield 1-22-2021, 10:38:58 AM
killer3000(killer3000) used a health_drink 1-22-2021, 10:39:06 AM
killer3000(killer3000) used a health_drink 1-22-2021, 10:39:07 AM
killer3000(killer3000) used a health_drink 1-22-2021, 10:39:12 AM
killer3000(killer3000) used a tk_ultra_health_potion 1-22-2021, 10:39:53 AM
killer3000(killer3000) used a tk_ultra_health_potion 1-22-2021, 10:40:26 AM
killer3000(killer3000) used a concussive_grenade 1-22-2021, 10:42:28 AM
killer3000(killer3000) used a concussive_grenade 1-22-2021, 10:42:38 AM
killer3000(killer3000) used a tk_ultra_health_potion 1-22-2021, 10:43:00 AM
killer3000(killer3000) used a turret 1-22-2021, 10:43:18 AM
killer3000(killer3000) used a tk_ultra_health_potion 1-22-2021, 10:43:27 AM
killer3000(killer3000) used a tk_ultra_health_potion 1-22-2021, 10:43:28 AM
killer3000(killer3000) used a tk_ultra_health_potion 1-22-2021, 10:43:28 AM
killer3000(killer3000) used a tk_ultra_health_potion 1-22-2021, 10:43:29 AM
killer3000(killer3000) used a tk_ultra_health_potion 1-22-2021, 10:43:30 AM
killer3000(killer3000) used a tk_ultra_health_potion 1-22-2021, 10:43:33 AM
killer3000(killer3000) used a tk_ultra_health_potion 1-22-2021, 10:43:33 AM
killer3000(killer3000) used a turret 1-22-2021, 10:43:42 AM
killer3000(killer3000) used a tk_ultra_health_potion 1-22-2021, 10:44:55 AM
killer3000(killer3000) used a tk_ultra_health_potion 1-22-2021, 10:45:11 AM
killer3000(killer3000) used a tk_ultra_health_potion 1-22-2021, 10:45:12 AM
killer3000(killer3000) used a tk_ultra_health_potion 1-22-2021, 10:45:26 AM
killer3000(killer3000) used a tk_ultra_health_potion 1-22-2021, 10:45:26 AM
killer3000(killer3000) used a guided_missile 1-22-2021, 10:46:01 AM
killer3000(killer3000) used a guided_missile 1-22-2021, 10:46:13 AM
killer3000(killer3000) used a guided_missile 1-22-2021, 10:46:22 AM
killer3000(killer3000) used a guided_missile 1-22-2021, 10:46:29 AM
killer3000(killer3000) used a guided_missile 1-22-2021, 10:46:35 AM
killer3000(killer3000) used a guided_missile 1-22-2021, 10:46:47 AM
killer3000(killer3000) used a guided_missile 1-22-2021, 10:46:57 AM
killer3000(killer3000) used a guided_missile 1-22-2021, 10:47:06 AM
killer3000(killer3000) used a guided_missile 1-22-2021, 10:47:12 AM
killer3000(killer3000) used a guided_missile 1-22-2021, 10:47:16 AM
killer3000(killer3000) used a guided_missile 1-22-2021, 10:47:17 AM
killer3000(killer3000) used a guided_missile 1-22-2021, 10:47:18 AM
killer3000(killer3000) used a guided_missile 1-22-2021, 10:47:19 AM
killer3000(killer3000) used a guided_missile 1-22-2021, 10:47:29 AM
killer3000(killer3000) used a guided_missile 1-22-2021, 10:47:36 AM
killer3000(killer3000) used a guided_missile 1-22-2021, 10:47:47 AM
killer3000(killer3000) used a guided_missile 1-22-2021, 10:48:01 AM
killer3000(killer3000) used a guided_missile 1-22-2021, 10:48:07 AM
killer3000(killer3000) used a guided_missile 1-22-2021, 10:48:12 AM
killer3000(killer3000) used a guided_missile 1-22-2021, 10:48:14 AM
killer3000(killer3000) used a guided_missile 1-22-2021, 10:48:30 AM
killer3000(killer3000) used a tk_ultra_health_potion 1-22-2021, 10:48:39 AM
killer3000(killer3000) used a rocket_launcher 1-22-2021, 10:49:37 AM
killer3000(killer3000) used a storm_sniper 1-22-2021, 10:51:36 AM
killer3000(killer3000) used a rocket_launcher 1-22-2021, 10:51:38 AM
killer3000(killer3000) used a armored_tank 1-22-2021, 10:52:22 AM
killer3000(killer3000) used a rocket_launcher 1-22-2021, 10:53:21 AM
killer3000(killer3000) used a rocket_launcher 1-22-2021, 10:53:23 AM
killer3000(killer3000) used a warp_box 1-22-2021, 10:54:23 AM
killer3000(killer3000) used a warp_box 1-22-2021, 10:54:45 AM
killer3000(killer3000) used a barrett_m82_sniper_rifle 1-22-2021, 10:54:59 AM
killer3000(killer3000) used a rocket_launcher 1-22-2021, 10:55:19 AM
killer3000(killer3000) used a tk_ultra_health_potion 1-22-2021, 10:55:50 AM
killer3000(killer3000) used a storm_sniper 1-22-2021, 10:55:57 AM
killer3000(killer3000) used a tk_ultra_health_potion 1-22-2021, 10:57:33 AM
killer3000(killer3000) used a tk_ultra_health_potion 1-22-2021, 10:58:20 AM
killer3000(killer3000) used a tk_ultra_health_potion 1-22-2021, 11:00:10 AM
killer3000(killer3000) used a rocket_launcher 1-22-2021, 11:00:21 AM
killer3000(killer3000) used a warp_box 1-22-2021, 11:06:45 AM
killer3000(killer3000) used a storm_sniper 1-22-2021, 11:07:16 AM
killer3000(killer3000) used a air_canister 1-22-2021, 11:08:40 AM
killer3000(killer3000) used a carrier_missile 1-22-2021, 11:09:12 AM
killer3000(killer3000) used a carrier_missile 1-22-2021, 11:09:40 AM
killer3000(killer3000) used a air_canister 1-22-2021, 11:10:07 AM
killer3000(killer3000) used a item_grabber 1-22-2021, 11:11:58 AM
killer3000(killer3000) used a aircraft 1-22-2021, 11:14:32 AM
killer3000(killer3000) used a air_canister 1-22-2021, 11:16:03 AM
killer3000(killer3000) used a storm_sniper 1-22-2021, 12:08:32 PM
killer3000(killer3000) used a tk_ultra_health_potion 1-22-2021, 12:13:43 PM
killer3000(killer3000) used a tk_ultra_health_potion 1-22-2021, 12:14:10 PM
killer3000(killer3000) used a tk_ultra_health_potion 1-22-2021, 12:14:12 PM
killer3000(killer3000) used a tk_ultra_health_potion 1-22-2021, 12:14:12 PM
killer3000(killer3000) used a tk_ultra_health_potion 1-22-2021, 12:14:28 PM
killer3000(killer3000) used a storm_sniper 1-22-2021, 12:15:00 PM
killer3000(killer3000) used a gas_mask 1-22-2021, 12:16:09 PM
killer3000(killer3000) used a gas_mask 1-22-2021, 12:16:20 PM
killer3000(killer3000) used a gas_mask 1-22-2021, 12:16:21 PM
killer3000(killer3000) used a health_drink 1-22-2021, 12:16:41 PM
killer3000(killer3000) used a throwing_star 1-22-2021, 12:18:19 PM
killer3000(killer3000) used a gas_mask 1-22-2021, 12:18:29 PM
killer3000(killer3000) used a gas_mask 1-22-2021, 12:18:47 PM
killer3000(killer3000) used a gas_mask 1-22-2021, 12:19:27 PM
killer3000(killer3000) used a gas_mask 1-22-2021, 12:19:31 PM
killer3000(killer3000) used a gas_mask 1-22-2021, 12:20:06 PM
killer3000(killer3000) used a gas_mask 1-22-2021, 12:21:39 PM
killer3000(killer3000) used a gas_mask 1-22-2021, 12:22:35 PM
killer3000(killer3000) used a gas_mask 1-22-2021, 12:22:50 PM
killer3000(killer3000) used a gas_mask 1-22-2021, 12:23:38 PM
killer3000(killer3000) used a dead_wolf 1-22-2021, 12:29:05 PM
killer3000(killer3000) used a gas_mask 1-22-2021, 12:29:11 PM
killer3000(killer3000) used a gas_mask 1-22-2021, 12:30:31 PM
killer3000(killer3000) used a gas_mask 1-22-2021, 12:31:55 PM
killer3000(killer3000) used a tk_ultra_health_potion 1-22-2021, 12:34:15 PM
killer3000(killer3000) used a tk_ultra_health_potion 1-22-2021, 12:34:16 PM
killer3000(killer3000) used a tk_ultra_health_potion 1-22-2021, 12:35:51 PM
killer3000(killer3000) used a tk_ultra_health_potion 1-22-2021, 12:35:52 PM
killer3000(killer3000) used a crossbow 1-22-2021, 12:41:39 PM
killer3000(killer3000) used a crossbow 1-22-2021, 12:41:39 PM
killer3000(killer3000) used a storm_sniper 1-22-2021, 12:41:55 PM
killer3000(killer3000) used a fire_extinguisher 1-22-2021, 12:42:59 PM
killer3000(killer3000) used a health_drink 1-22-2021, 12:44:18 PM
killer3000(killer3000) used a gas_mask 1-22-2021, 12:44:23 PM
killer3000(killer3000) used a gas_mask 1-22-2021, 12:44:24 PM
killer3000(killer3000) used a gas_mask 1-22-2021, 12:44:25 PM
killer3000(killer3000) used a gas_mask 1-22-2021, 12:44:27 PM
killer3000(killer3000) used a gas_mask 1-22-2021, 12:44:28 PM
killer3000(killer3000) used a gas_mask 1-22-2021, 12:44:29 PM
killer3000(killer3000) used a gas_mask 1-22-2021, 12:45:42 PM
killer3000(killer3000) used a gas_mask 1-22-2021, 12:45:46 PM
killer3000(killer3000) used a gas_mask 1-22-2021, 12:45:50 PM
killer3000(killer3000) used a pack_of_10_remote_timebomb 1-22-2021, 12:51:05 PM
killer3000(killer3000) used a tk_ultra_health_potion 1-22-2021, 12:51:22 PM
killer3000(killer3000) used a rocket_launcher 1-22-2021, 12:53:27 PM
killer3000(killer3000) used a storm_sniper 1-22-2021, 12:55:26 PM
killer3000(killer3000) used a tk_ultra_health_potion 1-22-2021, 12:55:58 PM
killer3000(killer3000) used a tk_ultra_health_potion 1-22-2021, 1:37:05 PM
killer3000(killer3000) used a shield 1-22-2021, 1:46:11 PM
killer3000(killer3000) used a shield 1-22-2021, 1:46:11 PM
killer3000(killer3000) used a shield 1-22-2021, 1:46:12 PM
killer3000(killer3000) used a shield 1-22-2021, 1:46:12 PM
killer3000(killer3000) used a shield 1-22-2021, 1:46:12 PM
killer3000(killer3000) used a shield 1-22-2021, 1:46:12 PM
killer3000(killer3000) used a shield 1-22-2021, 1:46:12 PM
killer3000(killer3000) used a shield 1-22-2021, 1:46:13 PM
killer3000(killer3000) used a shield 1-22-2021, 1:46:13 PM
killer3000(killer3000) used a shield 1-22-2021, 1:46:13 PM
killer3000(killer3000) used a shield 1-22-2021, 1:46:13 PM
killer3000(killer3000) used a shield 1-22-2021, 1:46:14 PM
killer3000(killer3000) used a shield 1-22-2021, 1:46:14 PM
killer3000(killer3000) used a shield 1-22-2021, 1:46:14 PM
killer3000(killer3000) used a shield 1-22-2021, 1:46:14 PM
killer3000(killer3000) used a shield 1-22-2021, 1:46:14 PM
killer3000(killer3000) used a shield 1-22-2021, 1:46:15 PM
killer3000(killer3000) used a shield 1-22-2021, 1:46:15 PM
killer3000(killer3000) used a shield 1-22-2021, 1:46:15 PM
killer3000(killer3000) used a shield 1-22-2021, 1:46:15 PM
killer3000(killer3000) used a shield 1-22-2021, 1:46:16 PM
killer3000(killer3000) used a shield 1-22-2021, 1:46:16 PM
killer3000(killer3000) used a shield 1-22-2021, 1:46:17 PM
killer3000(killer3000) used a shield 1-22-2021, 1:46:17 PM
killer3000(killer3000) used a shield 1-22-2021, 1:46:17 PM
killer3000(killer3000) used a shield 1-22-2021, 1:46:18 PM
killer3000(killer3000) used a shield 1-22-2021, 1:46:18 PM
killer3000(killer3000) used a shield 1-22-2021, 1:46:18 PM
killer3000(killer3000) used a shield 1-22-2021, 1:46:18 PM
killer3000(killer3000) used a shield 1-22-2021, 1:46:18 PM
killer3000(killer3000) used a shield 1-22-2021, 1:46:19 PM
killer3000(killer3000) used a shield 1-22-2021, 1:46:19 PM
killer3000(killer3000) used a shield 1-22-2021, 1:46:19 PM
killer3000(killer3000) used a shield 1-22-2021, 1:46:20 PM
killer3000(killer3000) used a health_drink 1-22-2021, 1:46:26 PM
killer3000(killer3000) used a health_drink 1-22-2021, 1:46:30 PM
killer3000(killer3000) used a storm_sniper 1-22-2021, 1:46:43 PM
killer3000(killer3000) used a health_drink 1-22-2021, 1:47:37 PM
killer3000(killer3000) used a health_drink 1-22-2021, 1:47:41 PM
killer3000(killer3000) used a health_drink 1-22-2021, 1:47:48 PM
killer3000(killer3000) used a health_drink 1-22-2021, 1:47:51 PM
killer3000(killer3000) used a tk_ultra_health_potion 1-22-2021, 1:49:13 PM
killer3000(killer3000) used a tk_ultra_health_potion 1-22-2021, 1:49:13 PM
killer3000(killer3000) used a health_drink 1-22-2021, 1:49:56 PM
killer3000(killer3000) used a health_drink 1-22-2021, 1:50:02 PM
killer3000(killer3000) used a health_drink 1-22-2021, 1:50:05 PM
killer3000(killer3000) used a health_drink 1-22-2021, 1:50:07 PM
killer3000(killer3000) used a tk_ultra_health_potion 1-22-2021, 1:51:28 PM
killer3000(killer3000) used a health_drink 1-22-2021, 1:51:41 PM
killer3000(killer3000) used a health_drink 1-22-2021, 1:51:46 PM
killer3000(killer3000) used a health_drink 1-22-2021, 1:53:02 PM
killer3000(killer3000) used a health_drink 1-22-2021, 1:53:03 PM
killer3000(killer3000) used a tk_ultra_health_potion 1-22-2021, 1:55:27 PM
killer3000(killer3000) used a tk_ultra_health_potion 1-22-2021, 1:56:52 PM
killer3000(killer3000) used a stp429_mini_missile 1-22-2021, 1:58:08 PM
killer3000(killer3000) used a stp429_mini_missile 1-22-2021, 1:58:15 PM
killer3000(killer3000) used a tk_ultra_health_potion 1-22-2021, 1:59:20 PM
killer3000(killer3000) used a rocket_launcher 1-22-2021, 1:59:25 PM
killer3000(killer3000) used a tk_ultra_health_potion 1-22-2021, 2:00:43 PM
killer3000(killer3000) used a storm_sniper 1-22-2021, 2:01:23 PM
killer3000(killer3000) used a storm_sniper 1-22-2021, 2:01:24 PM
killer3000(killer3000) used a storm_sniper 1-22-2021, 2:01:26 PM
killer3000(killer3000) used a tk_ultra_health_potion 1-22-2021, 2:02:02 PM
killer3000(killer3000) used a rocket_launcher 1-22-2021, 2:02:08 PM
killer3000(killer3000) used a rocket_launcher 1-22-2021, 2:02:09 PM
killer3000(killer3000) used a rocket_launcher 1-22-2021, 2:02:10 PM
killer3000(killer3000) used a storm_sniper 1-22-2021, 2:02:36 PM
killer3000(killer3000) used a tk_ultra_health_potion 1-22-2021, 2:02:46 PM
killer3000(killer3000) used a tk_ultra_health_potion 1-22-2021, 2:02:46 PM
killer3000(killer3000) used a tk_ultra_health_potion 1-22-2021, 2:03:28 PM
killer3000(killer3000) used a hand_cannon 1-22-2021, 2:04:25 PM
killer3000(killer3000) used a tk_ultra_health_potion 1-22-2021, 2:04:33 PM
killer3000(killer3000) used a tk_ultra_health_potion 1-22-2021, 2:04:35 PM
killer3000(killer3000) used a storm_sniper 1-22-2021, 2:05:11 PM
killer3000(killer3000) used a tk_ultra_health_potion 1-22-2021, 2:13:42 PM
killer3000(killer3000) used a tk_ultra_health_potion 1-22-2021, 2:13:43 PM
killer3000(killer3000) used a storm_sniper 1-22-2021, 2:13:43 PM
killer3000(killer3000) used a empty_beer_bottle 1-22-2021, 2:14:36 PM
killer3000(killer3000) used a empty_beer_bottle 1-22-2021, 2:14:47 PM
killer3000(killer3000) used a empty_beer_bottle 1-22-2021, 2:14:51 PM
killer3000(killer3000) used a empty_beer_bottle 1-22-2021, 2:14:55 PM
killer3000(killer3000) used a empty_beer_bottle 1-22-2021, 2:14:58 PM
killer3000(killer3000) used a empty_beer_bottle 1-22-2021, 2:15:01 PM
killer3000(killer3000) used a empty_beer_bottle 1-22-2021, 2:15:04 PM
killer3000(killer3000) used a empty_beer_bottle 1-22-2021, 2:15:07 PM
killer3000(killer3000) used a empty_beer_bottle 1-22-2021, 2:15:09 PM
killer3000(killer3000) used a empty_beer_bottle 1-22-2021, 2:15:09 PM
killer3000(killer3000) used a empty_beer_bottle 1-22-2021, 2:15:10 PM
killer3000(killer3000) used a empty_beer_bottle 1-22-2021, 2:15:12 PM
killer3000(killer3000) used a empty_beer_bottle 1-22-2021, 2:15:15 PM
killer3000(killer3000) used a empty_beer_bottle 1-22-2021, 2:15:15 PM
killer3000(killer3000) used a tk_ultra_health_potion 1-22-2021, 2:18:32 PM
killer3000(killer3000) used a tk_ultra_health_potion 1-22-2021, 2:20:38 PM
killer3000(killer3000) used a tk_ultra_health_potion 1-22-2021, 2:20:38 PM
killer3000(killer3000) used a suicide_bomb 1-22-2021, 3:33:44 PM
killer3000(killer3000) used a gas_mask 1-22-2021, 3:35:39 PM
killer3000(killer3000) used a mega_suicider 1-22-2021, 3:36:39 PM
killer3000(killer3000) used a gas_mask 1-22-2021, 3:37:12 PM
killer3000(killer3000) used a tk_ultra_health_potion 1-22-2021, 3:38:33 PM
killer3000(killer3000) used a shield 1-22-2021, 3:38:46 PM
killer3000(killer3000) used a shield 1-22-2021, 3:38:47 PM
killer3000(killer3000) used a shield 1-22-2021, 3:38:47 PM
killer3000(killer3000) used a shield 1-22-2021, 3:38:53 PM
killer3000(killer3000) used a shield 1-22-2021, 3:38:53 PM
killer3000(killer3000) used a shield 1-22-2021, 3:38:55 PM
killer3000(killer3000) used a shield 1-22-2021, 3:38:55 PM
killer3000(killer3000) used a shield 1-22-2021, 3:38:55 PM
killer3000(killer3000) used a shield 1-22-2021, 3:38:55 PM
killer3000(killer3000) used a shield 1-22-2021, 3:38:56 PM
killer3000(killer3000) used a shield 1-22-2021, 3:38:56 PM
killer3000(killer3000) used a shield 1-22-2021, 3:38:56 PM
killer3000(killer3000) used a shield 1-22-2021, 3:38:57 PM
killer3000(killer3000) used a shield 1-22-2021, 3:38:59 PM
killer3000(killer3000) used a shield 1-22-2021, 3:38:59 PM
killer3000(killer3000) used a shield 1-22-2021, 3:38:59 PM
killer3000(killer3000) used a shield 1-22-2021, 3:38:59 PM
killer3000(killer3000) used a shield 1-22-2021, 3:39:00 PM
killer3000(killer3000) used a shield 1-22-2021, 3:39:00 PM
killer3000(killer3000) used a shield 1-22-2021, 3:39:00 PM
killer3000(killer3000) used a shield 1-22-2021, 3:39:00 PM
killer3000(killer3000) used a shield 1-22-2021, 3:39:00 PM
killer3000(killer3000) used a shield 1-22-2021, 3:39:01 PM
killer3000(killer3000) used a shield 1-22-2021, 3:39:01 PM
killer3000(killer3000) used a shield 1-22-2021, 3:39:01 PM
killer3000(killer3000) used a shield 1-22-2021, 3:39:01 PM
killer3000(killer3000) used a shield 1-22-2021, 3:39:01 PM
killer3000(killer3000) used a shield 1-22-2021, 3:39:02 PM
killer3000(killer3000) used a shield 1-22-2021, 3:39:02 PM
killer3000(killer3000) used a shield 1-22-2021, 3:39:02 PM
killer3000(killer3000) used a shield 1-22-2021, 3:39:15 PM
killer3000(killer3000) used a health_drink 1-22-2021, 3:39:22 PM
killer3000(killer3000) used a health_drink 1-22-2021, 3:39:25 PM
killer3000(killer3000) used a health_drink 1-22-2021, 3:39:40 PM
killer3000(killer3000) used a tk_ultra_health_potion 1-22-2021, 3:45:58 PM
killer3000(killer3000) used a tk_ultra_health_potion 1-22-2021, 3:46:58 PM
killer3000(killer3000) used a storm_sniper 1-22-2021, 3:51:56 PM