
magistral(ramil) used a storm_sniper 1-22-2021, 5:02:10 PM
magistral(ramil) used a pack_of_30_ammo_taser 1-22-2021, 5:02:57 PM
magistral(ramil) used a empty_beer_bottle 1-22-2021, 5:04:11 PM
magistral(ramil) used a empty_beer_bottle 1-22-2021, 5:04:11 PM
magistral(ramil) used a empty_beer_bottle 1-22-2021, 5:04:12 PM
magistral(ramil) used a empty_beer_bottle 1-22-2021, 5:04:12 PM
magistral(ramil) used a empty_beer_bottle 1-22-2021, 5:04:12 PM
magistral(ramil) used a empty_beer_bottle 1-22-2021, 5:04:12 PM
magistral(ramil) used a empty_beer_bottle 1-22-2021, 5:04:14 PM
magistral(ramil) used a empty_beer_bottle 1-22-2021, 5:04:14 PM
magistral(ramil) used a empty_beer_bottle 1-22-2021, 5:04:15 PM
magistral(ramil) used a empty_beer_bottle 1-22-2021, 5:04:15 PM
magistral(ramil) used a empty_beer_bottle 1-22-2021, 5:04:15 PM
magistral(ramil) used a bomb_defuser 1-22-2021, 5:05:17 PM
magistral(ramil) used a bomb_defuser 1-22-2021, 5:05:18 PM
magistral(ramil) used a health_drink 1-22-2021, 5:05:18 PM
magistral(ramil) used a shield 1-22-2021, 5:05:19 PM
magistral(ramil) used a missile_interceptor 1-22-2021, 5:05:20 PM
magistral(ramil) used a bomb_defuser 1-22-2021, 5:06:08 PM
magistral(ramil) used a bomb_defuser 1-22-2021, 5:06:08 PM
magistral(ramil) used a health_drink 1-22-2021, 5:06:09 PM
magistral(ramil) used a bomb_defuser 1-22-2021, 5:06:29 PM
magistral(ramil) used a bomb_defuser 1-22-2021, 5:06:29 PM
magistral(ramil) used a empty_beer_bottle 1-22-2021, 6:04:52 PM
magistral(ramil) used a empty_beer_bottle 1-22-2021, 6:04:53 PM
magistral(ramil) used a empty_beer_bottle 1-22-2021, 6:04:53 PM
magistral(ramil) used a empty_beer_bottle 1-22-2021, 6:04:53 PM
magistral(ramil) used a empty_beer_bottle 1-22-2021, 6:04:54 PM
magistral(ramil) used a empty_beer_bottle 1-22-2021, 6:04:54 PM
magistral(ramil) used a empty_beer_bottle 1-22-2021, 6:04:54 PM
magistral(ramil) used a empty_beer_bottle 1-22-2021, 6:04:54 PM
magistral(ramil) used a empty_beer_bottle 1-22-2021, 6:04:55 PM
magistral(ramil) used a empty_beer_bottle 1-22-2021, 6:04:55 PM
magistral(ramil) used a empty_beer_bottle 1-22-2021, 6:04:55 PM
magistral(ramil) used a empty_beer_bottle 1-22-2021, 6:04:55 PM
magistral(ramil) used a empty_beer_bottle 1-22-2021, 6:04:56 PM
magistral(ramil) used a empty_beer_bottle 1-22-2021, 6:04:58 PM
magistral(ramil) used a empty_beer_bottle 1-22-2021, 6:05:00 PM
magistral(ramil) used a empty_beer_bottle 1-22-2021, 6:05:00 PM
magistral(ramil) used a empty_beer_bottle 1-22-2021, 6:05:00 PM
magistral(ramil) used a empty_beer_bottle 1-22-2021, 6:05:01 PM
magistral(ramil) used a empty_beer_bottle 1-22-2021, 6:05:01 PM
magistral(ramil) used a empty_beer_bottle 1-22-2021, 6:05:01 PM
magistral(ramil) used a empty_beer_bottle 1-22-2021, 6:05:01 PM
magistral(ramil) used a empty_beer_bottle 1-22-2021, 6:05:01 PM
magistral(ramil) used a empty_beer_bottle 1-22-2021, 6:05:01 PM
magistral(ramil) used a empty_beer_bottle 1-22-2021, 6:05:02 PM
magistral(ramil) used a empty_beer_bottle 1-22-2021, 6:05:02 PM
magistral(ramil) used a empty_beer_bottle 1-22-2021, 6:05:02 PM
magistral(ramil) used a empty_beer_bottle 1-22-2021, 6:05:02 PM
magistral(ramil) used a empty_beer_bottle 1-22-2021, 6:05:02 PM
magistral(ramil) used a empty_beer_bottle 1-22-2021, 6:05:03 PM
magistral(ramil) used a empty_beer_bottle 1-22-2021, 6:05:03 PM
magistral(ramil) used a empty_beer_bottle 1-22-2021, 6:05:03 PM
magistral(ramil) used a empty_beer_bottle 1-22-2021, 6:05:03 PM
magistral(ramil) used a empty_beer_bottle 1-22-2021, 6:05:03 PM
magistral(ramil) used a empty_beer_bottle 1-22-2021, 6:05:08 PM
magistral(ramil) used a empty_beer_bottle 1-22-2021, 6:05:08 PM
magistral(ramil) used a empty_beer_bottle 1-22-2021, 6:05:21 PM
magistral(ramil) used a empty_beer_bottle 1-22-2021, 6:05:22 PM
magistral(ramil) used a empty_beer_bottle 1-22-2021, 6:05:22 PM
magistral(ramil) used a empty_beer_bottle 1-22-2021, 6:05:22 PM
magistral(ramil) used a empty_beer_bottle 1-22-2021, 6:05:23 PM
magistral(ramil) used a empty_beer_bottle 1-22-2021, 6:05:39 PM
magistral(ramil) used a empty_beer_bottle 1-22-2021, 6:05:49 PM
magistral(ramil) used a storm_sniper 1-22-2021, 6:51:13 PM
magistral(ramil) used a the_legendary_sword 1-22-2021, 6:51:42 PM
magistral(ramil) used a health_drink 1-22-2021, 6:52:02 PM
magistral(ramil) used a health_drink 1-22-2021, 6:52:02 PM
magistral(ramil) used a health_drink 1-22-2021, 6:52:03 PM
magistral(ramil) used a health_drink 1-22-2021, 6:52:06 PM
magistral(ramil) used a health_drink 1-22-2021, 6:52:06 PM
magistral(ramil) used a health_drink 1-22-2021, 6:52:09 PM
magistral(ramil) used a health_drink 1-22-2021, 6:52:10 PM
magistral(ramil) used a health_drink 1-22-2021, 6:52:12 PM
magistral(ramil) used a health_drink 1-22-2021, 6:52:13 PM
magistral(ramil) used a health_drink 1-22-2021, 6:52:14 PM
magistral(ramil) used a health_drink 1-22-2021, 6:52:15 PM
magistral(ramil) used a health_drink 1-22-2021, 6:52:15 PM
magistral(ramil) used a health_drink 1-22-2021, 6:52:18 PM
magistral(ramil) used a health_drink 1-22-2021, 6:52:19 PM
magistral(ramil) used a shield 1-22-2021, 6:52:35 PM
magistral(ramil) used a health_drink 1-22-2021, 6:52:35 PM
magistral(ramil) used a health_drink 1-22-2021, 6:52:36 PM
magistral(ramil) used a bomb_defuser 1-22-2021, 6:52:38 PM
magistral(ramil) used a health_drink 1-22-2021, 6:52:38 PM
magistral(ramil) used a shield 1-22-2021, 6:52:40 PM
magistral(ramil) used a shield 1-22-2021, 6:52:41 PM
magistral(ramil) used a shield 1-22-2021, 6:52:47 PM
magistral(ramil) used a shield 1-22-2021, 6:52:47 PM
magistral(ramil) used a health_drink 1-22-2021, 6:52:47 PM
magistral(ramil) used a health_drink 1-22-2021, 6:52:47 PM
magistral(ramil) used a health_drink 1-22-2021, 6:52:48 PM
magistral(ramil) used a health_drink 1-22-2021, 6:52:56 PM
magistral(ramil) used a health_drink 1-22-2021, 6:52:56 PM
magistral(ramil) used a health_drink 1-22-2021, 6:52:56 PM
magistral(ramil) used a health_drink 1-22-2021, 6:52:56 PM
magistral(ramil) used a health_drink 1-22-2021, 6:52:56 PM
magistral(ramil) used a guided_missile 1-22-2021, 6:52:57 PM
magistral(ramil) used a health_drink 1-22-2021, 6:53:03 PM
magistral(ramil) used a health_drink 1-22-2021, 6:53:03 PM
magistral(ramil) used a health_drink 1-22-2021, 6:53:05 PM
magistral(ramil) used a suicide_bomb 1-22-2021, 6:53:11 PM
magistral(ramil) used a suicide_bomb 1-22-2021, 6:53:12 PM
magistral(ramil) used a health_drink 1-22-2021, 6:53:17 PM
magistral(ramil) used a health_drink 1-22-2021, 6:53:17 PM
magistral(ramil) used a health_drink 1-22-2021, 6:53:25 PM
magistral(ramil) used a health_drink 1-22-2021, 6:53:29 PM
magistral(ramil) used a health_drink 1-22-2021, 6:53:29 PM
magistral(ramil) used a guided_missile 1-22-2021, 6:53:32 PM
magistral(ramil) used a missile_interceptor 1-22-2021, 6:53:36 PM
magistral(ramil) used a suicide_bomb 1-22-2021, 6:53:37 PM
magistral(ramil) used a carrier_missile 1-22-2021, 6:53:37 PM
magistral(ramil) used a suicide_bomb 1-22-2021, 6:53:37 PM
magistral(ramil) used a health_drink 1-22-2021, 6:53:48 PM
magistral(ramil) used a health_drink 1-22-2021, 6:53:48 PM
magistral(ramil) used a stp429_mini_missile 1-22-2021, 6:54:00 PM
magistral(ramil) used a throwing_star 1-22-2021, 6:54:01 PM
magistral(ramil) used a throwing_star 1-22-2021, 6:54:02 PM
magistral(ramil) used a throwing_star 1-22-2021, 6:54:02 PM
magistral(ramil) used a throwing_star 1-22-2021, 6:54:02 PM
magistral(ramil) used a throwing_star 1-22-2021, 6:54:02 PM
magistral(ramil) used a concussive_grenade 1-22-2021, 6:54:02 PM
magistral(ramil) used a concussive_grenade 1-22-2021, 6:54:02 PM
magistral(ramil) used a throwing_star 1-22-2021, 6:54:02 PM
magistral(ramil) used a concussive_grenade 1-22-2021, 6:54:02 PM
magistral(ramil) used a concussive_grenade 1-22-2021, 6:54:03 PM
magistral(ramil) used a throwing_star 1-22-2021, 6:54:03 PM
magistral(ramil) used a guided_missile 1-22-2021, 6:54:11 PM
magistral(ramil) used a missile_interceptor 1-22-2021, 6:54:13 PM
magistral(ramil) used a health_drink 1-22-2021, 6:54:22 PM
magistral(ramil) used a health_drink 1-22-2021, 6:54:23 PM
magistral(ramil) used a health_drink 1-22-2021, 6:54:23 PM
magistral(ramil) used a health_drink 1-22-2021, 6:54:27 PM
magistral(ramil) used a health_drink 1-22-2021, 6:54:27 PM
magistral(ramil) used a health_drink 1-22-2021, 6:54:27 PM
magistral(ramil) used a guided_missile 1-22-2021, 6:54:50 PM
magistral(ramil) used a missile_interceptor 1-22-2021, 6:54:53 PM
magistral(ramil) used a missile_interceptor 1-22-2021, 6:54:54 PM
magistral(ramil) used a throwing_star 1-22-2021, 6:55:07 PM
magistral(ramil) used a hand_grenade 1-22-2021, 6:55:07 PM
magistral(ramil) used a throwing_star 1-22-2021, 6:55:07 PM
magistral(ramil) used a throwing_star 1-22-2021, 6:55:07 PM
magistral(ramil) used a throwing_star 1-22-2021, 6:55:07 PM
magistral(ramil) used a throwing_star 1-22-2021, 6:55:07 PM
magistral(ramil) used a throwing_star 1-22-2021, 6:55:07 PM
magistral(ramil) used a throwing_star 1-22-2021, 6:55:07 PM
magistral(ramil) used a throwing_star 1-22-2021, 6:55:08 PM
magistral(ramil) used a hand_grenade 1-22-2021, 6:55:08 PM
magistral(ramil) used a hand_grenade 1-22-2021, 6:55:08 PM
magistral(ramil) used a throwing_star 1-22-2021, 6:55:08 PM
magistral(ramil) used a hand_grenade 1-22-2021, 6:55:08 PM
magistral(ramil) used a throwing_star 1-22-2021, 6:55:08 PM
magistral(ramil) used a hand_grenade 1-22-2021, 6:55:08 PM
magistral(ramil) used a throwing_star 1-22-2021, 6:55:08 PM
magistral(ramil) used a hand_grenade 1-22-2021, 6:55:08 PM
magistral(ramil) used a throwing_star 1-22-2021, 6:55:09 PM
magistral(ramil) used a hand_grenade 1-22-2021, 6:55:09 PM
magistral(ramil) used a throwing_star 1-22-2021, 6:55:09 PM
magistral(ramil) used a hand_grenade 1-22-2021, 6:55:09 PM
magistral(ramil) used a throwing_star 1-22-2021, 6:55:09 PM
magistral(ramil) used a hand_grenade 1-22-2021, 6:55:09 PM
magistral(ramil) used a throwing_star 1-22-2021, 6:55:09 PM
magistral(ramil) used a hand_grenade 1-22-2021, 6:55:09 PM
magistral(ramil) used a throwing_star 1-22-2021, 6:55:09 PM
magistral(ramil) used a hand_grenade 1-22-2021, 6:55:09 PM
magistral(ramil) used a throwing_star 1-22-2021, 6:55:09 PM
magistral(ramil) used a hand_grenade 1-22-2021, 6:55:09 PM
magistral(ramil) used a throwing_star 1-22-2021, 6:55:09 PM
magistral(ramil) used a hand_grenade 1-22-2021, 6:55:09 PM
magistral(ramil) used a hand_grenade 1-22-2021, 6:55:10 PM
magistral(ramil) used a throwing_star 1-22-2021, 6:55:10 PM
magistral(ramil) used a throwing_star 1-22-2021, 6:55:10 PM
magistral(ramil) used a hand_grenade 1-22-2021, 6:55:10 PM
magistral(ramil) used a throwing_star 1-22-2021, 6:55:10 PM
magistral(ramil) used a hand_grenade 1-22-2021, 6:55:10 PM
magistral(ramil) used a hand_grenade 1-22-2021, 6:55:10 PM
magistral(ramil) used a throwing_star 1-22-2021, 6:55:10 PM
magistral(ramil) used a throwing_star 1-22-2021, 6:55:10 PM
magistral(ramil) used a hand_grenade 1-22-2021, 6:55:10 PM
magistral(ramil) used a hand_grenade 1-22-2021, 6:55:10 PM
magistral(ramil) used a throwing_star 1-22-2021, 6:55:10 PM
magistral(ramil) used a throwing_star 1-22-2021, 6:55:11 PM
magistral(ramil) used a hand_grenade 1-22-2021, 6:55:11 PM
magistral(ramil) used a hand_grenade 1-22-2021, 6:55:11 PM
magistral(ramil) used a throwing_star 1-22-2021, 6:55:11 PM
magistral(ramil) used a throwing_star 1-22-2021, 6:55:11 PM
magistral(ramil) used a hand_grenade 1-22-2021, 6:55:11 PM
magistral(ramil) used a throwing_star 1-22-2021, 6:55:11 PM
magistral(ramil) used a hand_grenade 1-22-2021, 6:55:11 PM
magistral(ramil) used a throwing_star 1-22-2021, 6:55:11 PM
magistral(ramil) used a hand_grenade 1-22-2021, 6:55:11 PM
magistral(ramil) used a throwing_star 1-22-2021, 6:55:11 PM
magistral(ramil) used a hand_grenade 1-22-2021, 6:55:11 PM
magistral(ramil) used a health_drink 1-22-2021, 6:55:38 PM
magistral(ramil) used a bomb_defuser 1-22-2021, 6:55:38 PM
magistral(ramil) used a bomb_defuser 1-22-2021, 6:55:39 PM
magistral(ramil) used a shield 1-22-2021, 6:55:47 PM
magistral(ramil) used a shield 1-22-2021, 6:55:47 PM
magistral(ramil) used a shield 1-22-2021, 6:55:51 PM
magistral(ramil) used a shield 1-22-2021, 6:55:53 PM
magistral(ramil) used a shield 1-22-2021, 6:55:58 PM
magistral(ramil) used a shield 1-22-2021, 6:55:58 PM
magistral(ramil) used a shield 1-22-2021, 6:56:00 PM
magistral(ramil) used a shield 1-22-2021, 6:56:00 PM
magistral(ramil) used a shield 1-22-2021, 6:56:00 PM
magistral(ramil) used a shield 1-22-2021, 6:56:00 PM
magistral(ramil) used a shield 1-22-2021, 6:56:00 PM
magistral(ramil) used a shield 1-22-2021, 6:56:01 PM
magistral(ramil) used a shield 1-22-2021, 6:56:01 PM
magistral(ramil) used a shield 1-22-2021, 6:56:01 PM
magistral(ramil) used a shield 1-22-2021, 6:56:01 PM
magistral(ramil) used a shield 1-22-2021, 6:56:01 PM
magistral(ramil) used a shield 1-22-2021, 6:56:01 PM
magistral(ramil) used a shield 1-22-2021, 6:56:02 PM
magistral(ramil) used a shield 1-22-2021, 6:56:02 PM
magistral(ramil) used a shield 1-22-2021, 6:56:02 PM
magistral(ramil) used a shield 1-22-2021, 6:56:02 PM
magistral(ramil) used a shield 1-22-2021, 6:56:02 PM
magistral(ramil) used a shield 1-22-2021, 6:56:02 PM
magistral(ramil) used a shield 1-22-2021, 6:56:03 PM
magistral(ramil) used a shield 1-22-2021, 6:56:03 PM
magistral(ramil) used a shield 1-22-2021, 6:56:03 PM
magistral(ramil) used a shield 1-22-2021, 6:56:03 PM
magistral(ramil) used a shield 1-22-2021, 6:56:03 PM
magistral(ramil) used a shield 1-22-2021, 6:56:04 PM
magistral(ramil) used a shield 1-22-2021, 6:56:04 PM
magistral(ramil) used a shield 1-22-2021, 6:56:04 PM
magistral(ramil) used a shield 1-22-2021, 6:56:04 PM
magistral(ramil) used a shield 1-22-2021, 6:56:04 PM
magistral(ramil) used a shield 1-22-2021, 6:56:04 PM
magistral(ramil) used a shield 1-22-2021, 6:56:05 PM
magistral(ramil) used a throwing_star 1-22-2021, 6:56:16 PM
magistral(ramil) used a shield 1-22-2021, 6:56:17 PM
magistral(ramil) used a shield 1-22-2021, 6:56:18 PM
magistral(ramil) used a health_drink 1-22-2021, 6:56:18 PM
magistral(ramil) used a shield 1-22-2021, 6:56:19 PM
magistral(ramil) used a shield 1-22-2021, 6:56:19 PM
magistral(ramil) used a shield 1-22-2021, 6:56:22 PM
magistral(ramil) used a shield 1-22-2021, 6:56:22 PM
magistral(ramil) used a hand_grenade 1-22-2021, 6:56:30 PM
magistral(ramil) used a hand_grenade 1-22-2021, 6:56:31 PM
magistral(ramil) used a hand_grenade 1-22-2021, 6:56:31 PM
magistral(ramil) used a hand_grenade 1-22-2021, 6:56:31 PM
magistral(ramil) used a health_drink 1-22-2021, 6:56:33 PM
magistral(ramil) used a health_drink 1-22-2021, 6:56:33 PM
magistral(ramil) used a shield 1-22-2021, 6:56:34 PM
magistral(ramil) used a hand_grenade 1-22-2021, 6:56:39 PM
magistral(ramil) used a health_drink 1-22-2021, 6:56:43 PM
magistral(ramil) used a health_drink 1-22-2021, 6:56:43 PM
magistral(ramil) used a shield 1-22-2021, 6:56:43 PM
magistral(ramil) used a shield 1-22-2021, 6:56:44 PM
magistral(ramil) used a shield 1-22-2021, 6:56:44 PM
magistral(ramil) used a hand_grenade 1-22-2021, 6:56:48 PM
magistral(ramil) used a hand_grenade 1-22-2021, 6:56:48 PM
magistral(ramil) used a hand_grenade 1-22-2021, 6:56:48 PM
magistral(ramil) used a hand_grenade 1-22-2021, 6:56:48 PM
magistral(ramil) used a concussive_grenade 1-22-2021, 6:56:48 PM
magistral(ramil) used a throwing_star 1-22-2021, 6:56:49 PM
magistral(ramil) used a throwing_star 1-22-2021, 6:56:50 PM
magistral(ramil) used a throwing_star 1-22-2021, 6:56:51 PM
magistral(ramil) used a throwing_star 1-22-2021, 6:56:51 PM
magistral(ramil) used a throwing_star 1-22-2021, 6:56:51 PM
magistral(ramil) used a throwing_star 1-22-2021, 6:56:51 PM
magistral(ramil) used a throwing_star 1-22-2021, 6:56:52 PM
magistral(ramil) used a throwing_star 1-22-2021, 6:56:52 PM
magistral(ramil) used a throwing_star 1-22-2021, 6:56:52 PM
magistral(ramil) used a throwing_star 1-22-2021, 6:56:52 PM
magistral(ramil) used a throwing_star 1-22-2021, 6:56:52 PM
magistral(ramil) used a throwing_star 1-22-2021, 6:56:52 PM
magistral(ramil) used a throwing_star 1-22-2021, 6:56:53 PM
magistral(ramil) used a throwing_star 1-22-2021, 6:56:53 PM
magistral(ramil) used a throwing_star 1-22-2021, 6:56:53 PM
magistral(ramil) used a throwing_star 1-22-2021, 6:56:53 PM
magistral(ramil) used a throwing_star 1-22-2021, 6:56:53 PM
magistral(ramil) used a throwing_star 1-22-2021, 6:56:53 PM
magistral(ramil) used a throwing_star 1-22-2021, 6:56:54 PM
magistral(ramil) used a throwing_star 1-22-2021, 6:56:54 PM
magistral(ramil) used a throwing_star 1-22-2021, 6:56:54 PM
magistral(ramil) used a throwing_star 1-22-2021, 6:56:54 PM
magistral(ramil) used a throwing_star 1-22-2021, 6:56:54 PM
magistral(ramil) used a throwing_star 1-22-2021, 6:56:54 PM
magistral(ramil) used a throwing_star 1-22-2021, 6:56:54 PM
magistral(ramil) used a health_drink 1-22-2021, 6:56:59 PM
magistral(ramil) used a health_drink 1-22-2021, 6:57:00 PM
magistral(ramil) used a bomb_defuser 1-22-2021, 6:57:00 PM
magistral(ramil) used a health_drink 1-22-2021, 6:57:00 PM
magistral(ramil) used a health_drink 1-22-2021, 6:57:00 PM
magistral(ramil) used a health_drink 1-22-2021, 6:57:00 PM
magistral(ramil) used a shield 1-22-2021, 6:57:03 PM
magistral(ramil) used a shield 1-22-2021, 6:57:03 PM
magistral(ramil) used a throwing_star 1-22-2021, 6:57:12 PM
magistral(ramil) used a hand_grenade 1-22-2021, 6:57:12 PM
magistral(ramil) used a concussive_grenade 1-22-2021, 6:57:13 PM
magistral(ramil) used a concussive_grenade 1-22-2021, 6:57:14 PM
magistral(ramil) used a health_drink 1-22-2021, 6:57:20 PM
magistral(ramil) used a health_drink 1-22-2021, 6:57:20 PM
magistral(ramil) used a concussive_grenade 1-22-2021, 6:57:23 PM
magistral(ramil) used a suicide_bomb 1-22-2021, 6:57:30 PM
magistral(ramil) used a suicide_bomb 1-22-2021, 6:57:31 PM
magistral(ramil) used a suicide_bomb 1-22-2021, 6:57:31 PM
magistral(ramil) used a storm_sniper 1-22-2021, 7:03:27 PM
magistral(ramil) used a the_legendary_sword 1-22-2021, 7:03:31 PM
magistral(ramil) used a health_drink 1-22-2021, 7:03:32 PM
magistral(ramil) used a health_drink 1-22-2021, 7:03:33 PM
magistral(ramil) used a health_drink 1-22-2021, 7:03:33 PM
magistral(ramil) used a health_drink 1-22-2021, 7:03:33 PM
magistral(ramil) used a health_drink 1-22-2021, 7:03:34 PM
magistral(ramil) used a health_drink 1-22-2021, 7:03:34 PM
magistral(ramil) used a shield 1-22-2021, 7:03:34 PM
magistral(ramil) used a shield 1-22-2021, 7:03:35 PM
magistral(ramil) used a health_drink 1-22-2021, 7:03:46 PM
magistral(ramil) used a shield 1-22-2021, 7:03:46 PM
magistral(ramil) used a throwing_star 1-22-2021, 7:03:50 PM
magistral(ramil) used a throwing_star 1-22-2021, 7:03:50 PM
magistral(ramil) used a throwing_star 1-22-2021, 7:03:50 PM
magistral(ramil) used a throwing_star 1-22-2021, 7:03:50 PM
magistral(ramil) used a concussive_grenade 1-22-2021, 7:03:52 PM
magistral(ramil) used a concussive_grenade 1-22-2021, 7:03:53 PM
magistral(ramil) used a throwing_star 1-22-2021, 7:04:28 PM
magistral(ramil) used a throwing_star 1-22-2021, 7:04:28 PM
magistral(ramil) used a throwing_star 1-22-2021, 7:04:29 PM
magistral(ramil) used a throwing_star 1-22-2021, 7:04:29 PM
magistral(ramil) used a throwing_star 1-22-2021, 7:04:29 PM
magistral(ramil) used a throwing_star 1-22-2021, 7:04:29 PM
magistral(ramil) used a stp429_mini_missile 1-22-2021, 7:04:30 PM
magistral(ramil) used a stp429_mini_missile 1-22-2021, 7:04:31 PM
magistral(ramil) used a sky_436_mine 1-22-2021, 7:04:32 PM
magistral(ramil) used a throwing_star 1-22-2021, 7:04:43 PM
magistral(ramil) used a throwing_star 1-22-2021, 7:04:44 PM
magistral(ramil) used a throwing_star 1-22-2021, 7:04:44 PM
magistral(ramil) used a throwing_star 1-22-2021, 7:04:44 PM
magistral(ramil) used a concussive_grenade 1-22-2021, 7:04:44 PM
magistral(ramil) used a health_drink 1-22-2021, 7:04:49 PM
magistral(ramil) used a health_drink 1-22-2021, 7:04:50 PM
magistral(ramil) used a health_drink 1-22-2021, 7:04:50 PM
magistral(ramil) used a health_drink 1-22-2021, 7:04:53 PM
magistral(ramil) used a health_drink 1-22-2021, 7:04:53 PM
magistral(ramil) used a health_drink 1-22-2021, 7:04:54 PM
magistral(ramil) used a concussive_grenade 1-22-2021, 7:05:16 PM
magistral(ramil) used a concussive_grenade 1-22-2021, 7:05:16 PM
magistral(ramil) used a throwing_star 1-22-2021, 7:05:19 PM
magistral(ramil) used a throwing_star 1-22-2021, 7:05:19 PM
magistral(ramil) used a throwing_star 1-22-2021, 7:05:19 PM
magistral(ramil) used a throwing_star 1-22-2021, 7:05:20 PM
magistral(ramil) used a throwing_star 1-22-2021, 7:05:20 PM
magistral(ramil) used a throwing_star 1-22-2021, 7:05:20 PM
magistral(ramil) used a throwing_star 1-22-2021, 7:05:20 PM
magistral(ramil) used a throwing_star 1-22-2021, 7:05:20 PM
magistral(ramil) used a throwing_star 1-22-2021, 7:05:20 PM
magistral(ramil) used a throwing_star 1-22-2021, 7:05:21 PM
magistral(ramil) used a throwing_star 1-22-2021, 7:05:21 PM
magistral(ramil) used a throwing_star 1-22-2021, 7:05:21 PM
magistral(ramil) used a throwing_star 1-22-2021, 7:05:21 PM
magistral(ramil) used a throwing_star 1-22-2021, 7:05:21 PM
magistral(ramil) used a throwing_star 1-22-2021, 7:05:21 PM
magistral(ramil) used a throwing_star 1-22-2021, 7:05:22 PM
magistral(ramil) used a throwing_star 1-22-2021, 7:05:22 PM
magistral(ramil) used a throwing_star 1-22-2021, 7:05:22 PM
magistral(ramil) used a throwing_star 1-22-2021, 7:05:22 PM
magistral(ramil) used a throwing_star 1-22-2021, 7:05:22 PM
magistral(ramil) used a throwing_star 1-22-2021, 7:05:22 PM
magistral(ramil) used a throwing_star 1-22-2021, 7:05:23 PM
magistral(ramil) used a throwing_star 1-22-2021, 7:05:23 PM
magistral(ramil) used a throwing_star 1-22-2021, 7:05:23 PM
magistral(ramil) used a throwing_star 1-22-2021, 7:05:23 PM
magistral(ramil) used a throwing_star 1-22-2021, 7:05:23 PM
magistral(ramil) used a throwing_star 1-22-2021, 7:05:23 PM
magistral(ramil) used a health_drink 1-22-2021, 7:05:51 PM
magistral(ramil) used a health_drink 1-22-2021, 7:05:55 PM
magistral(ramil) used a health_drink 1-22-2021, 7:05:56 PM
magistral(ramil) used a health_drink 1-22-2021, 7:05:57 PM
magistral(ramil) used a health_drink 1-22-2021, 7:06:01 PM
magistral(ramil) used a shield 1-22-2021, 7:06:09 PM
magistral(ramil) used a shield 1-22-2021, 7:06:09 PM
magistral(ramil) used a shield 1-22-2021, 7:06:10 PM
magistral(ramil) used a shield 1-22-2021, 7:06:10 PM
magistral(ramil) used a shield 1-22-2021, 7:06:10 PM
magistral(ramil) used a shield 1-22-2021, 7:06:10 PM
magistral(ramil) used a shield 1-22-2021, 7:06:10 PM
magistral(ramil) used a shield 1-22-2021, 7:06:10 PM
magistral(ramil) used a shield 1-22-2021, 7:06:10 PM
magistral(ramil) used a shield 1-22-2021, 7:06:11 PM
magistral(ramil) used a shield 1-22-2021, 7:06:11 PM
magistral(ramil) used a shield 1-22-2021, 7:06:11 PM
magistral(ramil) used a shield 1-22-2021, 7:06:11 PM
magistral(ramil) used a shield 1-22-2021, 7:06:11 PM
magistral(ramil) used a shield 1-22-2021, 7:06:11 PM
magistral(ramil) used a shield 1-22-2021, 7:06:12 PM
magistral(ramil) used a shield 1-22-2021, 7:06:12 PM
magistral(ramil) used a shield 1-22-2021, 7:06:12 PM
magistral(ramil) used a shield 1-22-2021, 7:06:12 PM
magistral(ramil) used a shield 1-22-2021, 7:06:12 PM
magistral(ramil) used a shield 1-22-2021, 7:06:12 PM
magistral(ramil) used a shield 1-22-2021, 7:06:12 PM
magistral(ramil) used a shield 1-22-2021, 7:06:12 PM
magistral(ramil) used a health_drink 1-22-2021, 7:06:13 PM
magistral(ramil) used a shield 1-22-2021, 7:06:13 PM
magistral(ramil) used a shield 1-22-2021, 7:06:13 PM
magistral(ramil) used a shield 1-22-2021, 7:06:13 PM
magistral(ramil) used a shield 1-22-2021, 7:06:13 PM
magistral(ramil) used a shield 1-22-2021, 7:06:13 PM
magistral(ramil) used a shield 1-22-2021, 7:06:13 PM
magistral(ramil) used a health_drink 1-22-2021, 7:06:14 PM
magistral(ramil) used a health_drink 1-22-2021, 7:07:03 PM
magistral(ramil) used a pack_of_100_poisoned_small_projectile 1-22-2021, 9:13:03 PM
magistral(ramil) used a empty_beer_bottle 1-22-2021, 9:13:44 PM
magistral(ramil) used a empty_beer_bottle 1-22-2021, 9:13:44 PM
magistral(ramil) used a empty_beer_bottle 1-22-2021, 9:13:45 PM
magistral(ramil) used a empty_beer_bottle 1-22-2021, 9:13:45 PM
magistral(ramil) used a empty_beer_bottle 1-22-2021, 9:13:45 PM
magistral(ramil) used a empty_beer_bottle 1-22-2021, 9:13:45 PM
magistral(ramil) used a dead_bear 1-22-2021, 10:30:51 PM
magistral(ramil) used a dead_bear 1-22-2021, 10:30:51 PM
magistral(ramil) used a dead_bear 1-22-2021, 10:30:51 PM
magistral(ramil) used a dead_bear 1-22-2021, 10:30:51 PM
magistral(ramil) used a dead_bear 1-22-2021, 10:30:52 PM
magistral(ramil) used a dead_bear 1-22-2021, 10:30:52 PM
magistral(ramil) used a dead_bear 1-22-2021, 10:30:52 PM
magistral(ramil) used a dead_bear 1-22-2021, 10:30:52 PM
magistral(ramil) used a dead_bear 1-22-2021, 10:30:52 PM
magistral(ramil) used a dead_bear 1-22-2021, 10:30:52 PM
magistral(ramil) used a dead_bear 1-22-2021, 10:30:52 PM
magistral(ramil) used a dead_bear 1-22-2021, 10:30:53 PM
magistral(ramil) used a dead_bear 1-22-2021, 10:30:53 PM
magistral(ramil) used a dead_bear 1-22-2021, 10:30:53 PM
magistral(ramil) used a health_drink 1-22-2021, 10:32:35 PM
magistral(ramil) used a health_drink 1-22-2021, 10:32:35 PM
magistral(ramil) used a health_drink 1-22-2021, 10:32:59 PM
magistral(ramil) used a storm_sniper 1-22-2021, 10:37:32 PM
magistral(ramil) used a hand_grenade 1-22-2021, 10:38:01 PM
magistral(ramil) used a hand_grenade 1-22-2021, 10:38:02 PM
magistral(ramil) used a hand_grenade 1-22-2021, 10:38:02 PM
magistral(ramil) used a hand_grenade 1-22-2021, 10:38:02 PM
magistral(ramil) used a hand_grenade 1-22-2021, 10:38:02 PM
magistral(ramil) used a hand_grenade 1-22-2021, 10:38:02 PM
magistral(ramil) used a hand_grenade 1-22-2021, 10:38:02 PM
magistral(ramil) used a hand_grenade 1-22-2021, 10:38:03 PM
magistral(ramil) used a hand_grenade 1-22-2021, 10:38:03 PM
magistral(ramil) used a hand_grenade 1-22-2021, 10:38:03 PM
magistral(ramil) used a throwing_star 1-22-2021, 10:38:03 PM
magistral(ramil) used a throwing_star 1-22-2021, 10:38:03 PM
magistral(ramil) used a hand_grenade 1-22-2021, 10:38:03 PM
magistral(ramil) used a throwing_star 1-22-2021, 10:38:03 PM
magistral(ramil) used a hand_grenade 1-22-2021, 10:38:03 PM
magistral(ramil) used a throwing_star 1-22-2021, 10:38:03 PM
magistral(ramil) used a hand_grenade 1-22-2021, 10:38:03 PM
magistral(ramil) used a hand_grenade 1-22-2021, 10:38:04 PM
magistral(ramil) used a throwing_star 1-22-2021, 10:38:04 PM
magistral(ramil) used a throwing_star 1-22-2021, 10:38:04 PM
magistral(ramil) used a hand_grenade 1-22-2021, 10:38:04 PM
magistral(ramil) used a hand_grenade 1-22-2021, 10:38:04 PM
magistral(ramil) used a throwing_star 1-22-2021, 10:38:04 PM
magistral(ramil) used a hand_grenade 1-22-2021, 10:38:04 PM
magistral(ramil) used a throwing_star 1-22-2021, 10:38:04 PM
magistral(ramil) used a hand_grenade 1-22-2021, 10:38:04 PM
magistral(ramil) used a throwing_star 1-22-2021, 10:38:04 PM
magistral(ramil) used a hand_grenade 1-22-2021, 10:38:04 PM
magistral(ramil) used a throwing_star 1-22-2021, 10:38:04 PM
magistral(ramil) used a hand_grenade 1-22-2021, 10:38:04 PM
magistral(ramil) used a throwing_star 1-22-2021, 10:38:04 PM
magistral(ramil) used a hand_grenade 1-22-2021, 10:38:05 PM
magistral(ramil) used a throwing_star 1-22-2021, 10:38:05 PM
magistral(ramil) used a guided_missile 1-22-2021, 10:38:08 PM
magistral(ramil) used a guided_missile 1-22-2021, 10:38:10 PM
magistral(ramil) used a throwing_star 1-22-2021, 10:38:36 PM
magistral(ramil) used a concussive_grenade 1-22-2021, 10:39:24 PM
magistral(ramil) used a hand_grenade 1-22-2021, 10:39:24 PM
magistral(ramil) used a concussive_grenade 1-22-2021, 10:39:24 PM
magistral(ramil) used a guided_missile 1-22-2021, 10:39:36 PM
magistral(ramil) used a guided_missile 1-22-2021, 10:39:40 PM