
rathee (rathee) said bro 1-22-2021, 9:49:26 AM
rathee (rathee) said s 1-22-2021, 9:49:33 AM
rathee (rathee) said wate bro 1-22-2021, 9:49:46 AM
rathee (rathee) said i dont have both 1-22-2021, 9:49:58 AM
rathee (rathee) said if any one come there 1-22-2021, 9:56:52 AM
rathee (rathee) said current location: dangerous place 1-22-2021, 9:57:10 AM
rathee (rathee) said congratulations, you've got 545792coins! 1-22-2021, 11:32:25 AM
rathee (rathee) said 7320 health, 437 shielded shots. 1-22-2021, 11:38:25 AM
rathee (rathee) said player harrypotter just stamped the dangerous place map, congratulations! 1-22-2021, 1:03:06 PM
rathee (rathee) said almost over! just a little more! 1-22-2021, 4:23:27 PM
rathee (rathee) said any one come there 1-22-2021, 4:28:29 PM
rathee (rathee) said current location: just one advice, dont jump! 1-22-2021, 4:39:59 PM
rathee (rathee) said guys 1-22-2021, 4:40:47 PM
rathee (rathee) said hello guys 1-22-2021, 4:41:24 PM
rathee (rathee) said prashanth 1-22-2021, 4:41:43 PM
rathee (rathee) said any body cras this map 1-22-2021, 4:42:02 PM
rathee (rathee) said press enter to open the hatch. 1-22-2021, 5:16:01 PM
rathee (rathee) said congratulations, you've got a storm_sniper and the_legendary_sword! 1-22-2021, 5:16:17 PM
rathee (rathee) said storm_sniper, 1 1-22-2021, 5:19:04 PM
rathee (rathee) said the_legendary_sword, 1 1-22-2021, 5:19:13 PM