
Ryder1 (Ryder1) said aa 1-22-2021, 12:16:54 AM
Ryder1 (Ryder1) said hi 1-22-2021, 3:03:23 AM
Ryder1 (Ryder1) said lol 1-22-2021, 4:06:21 AM
Ryder1 (Ryder1) said afsdkjl; 1-22-2021, 4:21:58 AM
Ryder1 (Ryder1) said hi 1-22-2021, 5:07:56 AM
Ryder1 (Ryder1) said the hell? 1-22-2021, 5:08:12 AM
Ryder1 (Ryder1) said wahts rong witht eh store 1-22-2021, 5:08:25 AM
Ryder1 (Ryder1) said the hell? 1-22-2021, 5:08:36 AM
Ryder1 (Ryder1) said come see what my thing is doing 1-22-2021, 5:08:44 AM
Ryder1 (Ryder1) said here it 1-22-2021, 5:09:16 AM
Ryder1 (Ryder1) said suicide 1-22-2021, 5:09:27 AM
Ryder1 (Ryder1) said no not in the store! 1-22-2021, 5:09:35 AM
Ryder1 (Ryder1) said give one? 1-22-2021, 5:09:51 AM
Ryder1 (Ryder1) said k 1-22-2021, 5:10:09 AM
Ryder1 (Ryder1) said cccahahah it ses you ne 1-22-2021, 5:11:02 AM
Ryder1 (Ryder1) said the hell? 1-22-2021, 5:11:40 AM
Ryder1 (Ryder1) said thanks 1-22-2021, 5:11:50 AM
Ryder1 (Ryder1) said brb 1-22-2021, 5:16:41 AM
Ryder1 (Ryder1) said back 1-22-2021, 5:18:34 AM
Ryder1 (Ryder1) said crap 1-22-2021, 5:21:06 AM
Ryder1 (Ryder1) said aaaa 1-22-2021, 5:21:13 AM
Ryder1 (Ryder1) said yeee 1-22-2021, 5:21:33 AM
Ryder1 (Ryder1) said dammit 1-22-2021, 5:24:22 AM
Ryder1 (Ryder1) said stund 1-22-2021, 5:24:25 AM
Ryder1 (Ryder1) said dun1 1-22-2021, 5:24:54 AM
Ryder1 (Ryder1) said gn 1-22-2021, 5:39:12 AM
Ryder1 (Ryder1) said good night 1-22-2021, 5:39:15 AM
Ryder1 (Ryder1) said gn now 1-22-2021, 5:39:39 AM