
bolgelo(grand father) used a shield 1-24-2021, 11:36:46 AM
bolgelo(grand father) used a shield 1-24-2021, 11:36:46 AM
bolgelo(grand father) used a health_drink 1-24-2021, 11:36:47 AM
bolgelo(grand father) used a health_drink 1-24-2021, 11:36:51 AM
bolgelo(grand father) used a health_drink 1-24-2021, 11:36:52 AM
bolgelo(grand father) used a health_drink 1-24-2021, 11:36:58 AM
bolgelo(grand father) used a health_drink 1-24-2021, 11:36:58 AM
bolgelo(grand father) used a health_drink 1-24-2021, 11:37:03 AM
bolgelo(grand father) used a health_drink 1-24-2021, 11:37:03 AM
bolgelo(grand father) used a health_drink 1-24-2021, 11:37:06 AM
bolgelo(grand father) used a health_drink 1-24-2021, 11:37:06 AM
bolgelo(grand father) used a health_drink 1-24-2021, 11:37:06 AM
bolgelo(grand father) used a health_drink 1-24-2021, 11:37:10 AM
bolgelo(grand father) used a health_drink 1-24-2021, 11:37:10 AM
bolgelo(grand father) used a rocket_launcher 1-24-2021, 11:37:23 AM
bolgelo(grand father) used a shield 1-24-2021, 11:37:59 AM
bolgelo(grand father) used a shield 1-24-2021, 11:37:59 AM
bolgelo(grand father) used a shield 1-24-2021, 11:37:59 AM
bolgelo(grand father) used a shield 1-24-2021, 11:37:59 AM
bolgelo(grand father) used a shield 1-24-2021, 11:37:59 AM
bolgelo(grand father) used a shield 1-24-2021, 11:37:59 AM
bolgelo(grand father) used a shield 1-24-2021, 11:37:59 AM
bolgelo(grand father) used a shield 1-24-2021, 11:37:59 AM
bolgelo(grand father) used a shield 1-24-2021, 11:38:00 AM
bolgelo(grand father) used a shield 1-24-2021, 11:38:00 AM
bolgelo(grand father) used a shield 1-24-2021, 11:38:00 AM
bolgelo(grand father) used a shield 1-24-2021, 11:38:00 AM
bolgelo(grand father) used a shield 1-24-2021, 11:38:00 AM
bolgelo(grand father) used a shield 1-24-2021, 11:38:00 AM
bolgelo(grand father) used a shield 1-24-2021, 11:38:00 AM
bolgelo(grand father) used a shield 1-24-2021, 11:38:01 AM
bolgelo(grand father) used a shield 1-24-2021, 11:38:01 AM
bolgelo(grand father) used a shield 1-24-2021, 11:38:01 AM
bolgelo(grand father) used a shield 1-24-2021, 11:38:01 AM
bolgelo(grand father) used a shield 1-24-2021, 11:38:01 AM
bolgelo(grand father) used a shield 1-24-2021, 11:38:01 AM
bolgelo(grand father) used a shield 1-24-2021, 11:38:01 AM
bolgelo(grand father) used a shield 1-24-2021, 11:38:02 AM
bolgelo(grand father) used a shield 1-24-2021, 11:38:02 AM
bolgelo(grand father) used a shield 1-24-2021, 11:38:02 AM
bolgelo(grand father) used a shield 1-24-2021, 11:38:02 AM
bolgelo(grand father) used a shield 1-24-2021, 11:38:02 AM
bolgelo(grand father) used a shield 1-24-2021, 11:38:02 AM
bolgelo(grand father) used a shield 1-24-2021, 11:38:02 AM
bolgelo(grand father) used a shield 1-24-2021, 11:38:03 AM
bolgelo(grand father) used a shield 1-24-2021, 11:38:03 AM
bolgelo(grand father) used a health_drink 1-24-2021, 11:38:03 AM
bolgelo(grand father) used a health_drink 1-24-2021, 11:38:03 AM
bolgelo(grand father) used a shield 1-24-2021, 11:38:20 AM
bolgelo(grand father) used a health_drink 1-24-2021, 11:38:20 AM
bolgelo(grand father) used a health_drink 1-24-2021, 11:38:20 AM
bolgelo(grand father) used a health_drink 1-24-2021, 11:38:27 AM
bolgelo(grand father) used a health_drink 1-24-2021, 11:38:27 AM
bolgelo(grand father) used a health_drink 1-24-2021, 11:38:30 AM
bolgelo(grand father) used a health_drink 1-24-2021, 11:38:30 AM
bolgelo(grand father) used a health_drink 1-24-2021, 11:38:33 AM
bolgelo(grand father) used a health_drink 1-24-2021, 11:38:33 AM
bolgelo(grand father) used a health_drink 1-24-2021, 11:38:36 AM
bolgelo(grand father) used a health_drink 1-24-2021, 11:38:36 AM
bolgelo(grand father) used a health_drink 1-24-2021, 11:38:36 AM
bolgelo(grand father) used a health_drink 1-24-2021, 11:38:41 AM
bolgelo(grand father) used a health_drink 1-24-2021, 11:38:41 AM
bolgelo(grand father) used a nuclear_bomb 1-24-2021, 11:39:58 AM
bolgelo(grand father) used a invisibility_shield 1-24-2021, 11:40:53 AM
bolgelo(grand father) used a invisibility_shield 1-24-2021, 11:40:53 AM
bolgelo(grand father) used a invisibility_shield 1-24-2021, 11:40:54 AM
bolgelo(grand father) used a invisibility_shield 1-24-2021, 11:41:06 AM
bolgelo(grand father) used a shield 1-24-2021, 11:41:09 AM
bolgelo(grand father) used a shield 1-24-2021, 11:41:09 AM
bolgelo(grand father) used a shield 1-24-2021, 11:41:09 AM
bolgelo(grand father) used a shield 1-24-2021, 11:41:09 AM
bolgelo(grand father) used a shield 1-24-2021, 11:41:10 AM
bolgelo(grand father) used a shield 1-24-2021, 11:41:10 AM
bolgelo(grand father) used a shield 1-24-2021, 11:41:10 AM
bolgelo(grand father) used a shield 1-24-2021, 11:41:10 AM
bolgelo(grand father) used a shield 1-24-2021, 11:41:10 AM
bolgelo(grand father) used a shield 1-24-2021, 11:41:10 AM
bolgelo(grand father) used a shield 1-24-2021, 11:41:10 AM
bolgelo(grand father) used a shield 1-24-2021, 11:41:11 AM
bolgelo(grand father) used a shield 1-24-2021, 11:41:11 AM
bolgelo(grand father) used a shield 1-24-2021, 11:41:11 AM
bolgelo(grand father) used a shield 1-24-2021, 11:41:11 AM
bolgelo(grand father) used a shield 1-24-2021, 11:41:11 AM
bolgelo(grand father) used a shield 1-24-2021, 11:41:12 AM
bolgelo(grand father) used a shield 1-24-2021, 11:41:12 AM
bolgelo(grand father) used a shield 1-24-2021, 11:41:12 AM
bolgelo(grand father) used a shield 1-24-2021, 11:41:12 AM
bolgelo(grand father) used a shield 1-24-2021, 11:41:12 AM
bolgelo(grand father) used a shield 1-24-2021, 11:41:12 AM
bolgelo(grand father) used a shield 1-24-2021, 11:41:12 AM
bolgelo(grand father) used a shield 1-24-2021, 11:41:12 AM
bolgelo(grand father) used a shield 1-24-2021, 11:41:13 AM
bolgelo(grand father) used a shield 1-24-2021, 11:41:13 AM
bolgelo(grand father) used a shield 1-24-2021, 11:41:13 AM
bolgelo(grand father) used a shield 1-24-2021, 11:41:13 AM
bolgelo(grand father) used a shield 1-24-2021, 11:41:13 AM
bolgelo(grand father) used a shield 1-24-2021, 11:41:13 AM
bolgelo(grand father) used a shield 1-24-2021, 11:41:13 AM
bolgelo(grand father) used a shield 1-24-2021, 11:41:14 AM
bolgelo(grand father) used a shield 1-24-2021, 11:41:14 AM
bolgelo(grand father) used a shield 1-24-2021, 11:41:32 AM
bolgelo(grand father) used a shield 1-24-2021, 11:41:32 AM
bolgelo(grand father) used a health_drink 1-24-2021, 11:41:33 AM
bolgelo(grand father) used a health_drink 1-24-2021, 11:41:33 AM
bolgelo(grand father) used a health_drink 1-24-2021, 11:41:36 AM
bolgelo(grand father) used a health_drink 1-24-2021, 11:41:36 AM
bolgelo(grand father) used a health_drink 1-24-2021, 11:41:36 AM
bolgelo(grand father) used a health_drink 1-24-2021, 11:41:44 AM
bolgelo(grand father) used a health_drink 1-24-2021, 11:41:44 AM
bolgelo(grand father) used a health_drink 1-24-2021, 11:41:48 AM
bolgelo(grand father) used a health_drink 1-24-2021, 11:41:48 AM
bolgelo(grand father) used a health_drink 1-24-2021, 11:41:48 AM
bolgelo(grand father) used a health_drink 1-24-2021, 11:42:04 AM
bolgelo(grand father) used a health_drink 1-24-2021, 11:42:08 AM
bolgelo(grand father) used a health_drink 1-24-2021, 11:42:09 AM
bolgelo(grand father) used a health_drink 1-24-2021, 11:42:12 AM
bolgelo(grand father) used a health_drink 1-24-2021, 11:42:12 AM
bolgelo(grand father) used a health_drink 1-24-2021, 11:42:12 AM
bolgelo(grand father) used a health_drink 1-24-2021, 11:42:16 AM
bolgelo(grand father) used a health_drink 1-24-2021, 11:42:18 AM
bolgelo(grand father) used a health_drink 1-24-2021, 11:42:18 AM
bolgelo(grand father) used a health_drink 1-24-2021, 11:42:19 AM
bolgelo(grand father) used a health_drink 1-24-2021, 11:42:19 AM
bolgelo(grand father) used a health_drink 1-24-2021, 11:42:22 AM
bolgelo(grand father) used a health_drink 1-24-2021, 11:42:22 AM
bolgelo(grand father) used a shield 1-24-2021, 11:43:19 AM
bolgelo(grand father) used a shield 1-24-2021, 11:43:19 AM
bolgelo(grand father) used a health_drink 1-24-2021, 11:43:20 AM
bolgelo(grand father) used a invisibility_shield 1-24-2021, 11:43:41 AM
bolgelo(grand father) used a the_legendary_sword 1-24-2021, 11:43:53 AM
bolgelo(grand father) used a shield 1-24-2021, 12:07:47 PM
bolgelo(grand father) used a shield 1-24-2021, 12:07:47 PM
bolgelo(grand father) used a shield 1-24-2021, 12:07:47 PM
bolgelo(grand father) used a shield 1-24-2021, 12:07:47 PM
bolgelo(grand father) used a shield 1-24-2021, 12:07:47 PM
bolgelo(grand father) used a shield 1-24-2021, 12:07:47 PM
bolgelo(grand father) used a shield 1-24-2021, 12:07:48 PM
bolgelo(grand father) used a shield 1-24-2021, 12:07:48 PM
bolgelo(grand father) used a shield 1-24-2021, 12:07:48 PM
bolgelo(grand father) used a shield 1-24-2021, 12:07:48 PM
bolgelo(grand father) used a shield 1-24-2021, 12:07:48 PM
bolgelo(grand father) used a shield 1-24-2021, 12:07:48 PM
bolgelo(grand father) used a shield 1-24-2021, 12:07:48 PM
bolgelo(grand father) used a shield 1-24-2021, 12:07:48 PM
bolgelo(grand father) used a shield 1-24-2021, 12:07:49 PM
bolgelo(grand father) used a shield 1-24-2021, 12:07:49 PM
bolgelo(grand father) used a shield 1-24-2021, 12:07:49 PM
bolgelo(grand father) used a shield 1-24-2021, 12:07:49 PM
bolgelo(grand father) used a shield 1-24-2021, 12:07:49 PM
bolgelo(grand father) used a shield 1-24-2021, 12:07:49 PM
bolgelo(grand father) used a shield 1-24-2021, 12:07:49 PM
bolgelo(grand father) used a shield 1-24-2021, 12:07:50 PM
bolgelo(grand father) used a shield 1-24-2021, 12:07:50 PM
bolgelo(grand father) used a shield 1-24-2021, 12:07:50 PM
bolgelo(grand father) used a shield 1-24-2021, 12:07:50 PM
bolgelo(grand father) used a shield 1-24-2021, 12:07:51 PM
bolgelo(grand father) used a shield 1-24-2021, 12:07:51 PM
bolgelo(grand father) used a shield 1-24-2021, 12:07:51 PM
bolgelo(grand father) used a shield 1-24-2021, 12:07:51 PM
bolgelo(grand father) used a shield 1-24-2021, 12:07:52 PM
bolgelo(grand father) used a health_drink 1-24-2021, 12:07:52 PM
bolgelo(grand father) used a shield 1-24-2021, 12:08:08 PM
bolgelo(grand father) used a shield 1-24-2021, 12:08:09 PM
bolgelo(grand father) used a health_drink 1-24-2021, 12:08:09 PM
bolgelo(grand father) used a health_drink 1-24-2021, 12:08:12 PM
bolgelo(grand father) used a health_drink 1-24-2021, 12:08:12 PM
bolgelo(grand father) used a health_drink 1-24-2021, 12:08:12 PM
bolgelo(grand father) used a shield 1-24-2021, 12:09:31 PM
bolgelo(grand father) used a shield 1-24-2021, 12:09:31 PM
bolgelo(grand father) used a health_drink 1-24-2021, 12:09:31 PM
bolgelo(grand father) used a health_drink 1-24-2021, 12:09:31 PM
bolgelo(grand father) used a health_drink 1-24-2021, 12:09:36 PM
bolgelo(grand father) used a health_drink 1-24-2021, 12:09:36 PM
bolgelo(grand father) used a health_drink 1-24-2021, 12:09:39 PM
bolgelo(grand father) used a health_drink 1-24-2021, 12:09:40 PM
bolgelo(grand father) used a health_drink 1-24-2021, 12:09:40 PM
bolgelo(grand father) used a health_drink 1-24-2021, 12:09:49 PM
bolgelo(grand father) used a health_drink 1-24-2021, 12:09:54 PM
bolgelo(grand father) used a health_drink 1-24-2021, 12:09:54 PM
bolgelo(grand father) used a health_drink 1-24-2021, 12:09:58 PM
bolgelo(grand father) used a health_drink 1-24-2021, 12:09:58 PM
bolgelo(grand father) used a health_drink 1-24-2021, 12:10:02 PM
bolgelo(grand father) used a health_drink 1-24-2021, 12:10:05 PM
bolgelo(grand father) used a health_drink 1-24-2021, 12:10:05 PM
bolgelo(grand father) used a storm_sniper 1-24-2021, 12:10:18 PM
bolgelo(grand father) used a the_legendary_sword 1-24-2021, 12:10:20 PM
bolgelo(grand father) used a the_legendary_sword 1-24-2021, 12:10:21 PM
bolgelo(grand father) used a the_legendary_sword 1-24-2021, 12:10:21 PM
bolgelo(grand father) used a the_legendary_sword 1-24-2021, 12:10:21 PM
bolgelo(grand father) used a the_legendary_sword 1-24-2021, 12:10:22 PM
bolgelo(grand father) used a shield 1-24-2021, 12:10:31 PM
bolgelo(grand father) used a shield 1-24-2021, 12:10:31 PM
bolgelo(grand father) used a health_drink 1-24-2021, 12:10:32 PM
bolgelo(grand father) used a health_drink 1-24-2021, 12:10:36 PM
bolgelo(grand father) used a snowball 1-24-2021, 12:11:18 PM
bolgelo(grand father) used a hand_grenade 1-24-2021, 12:11:19 PM
bolgelo(grand father) used a snowball 1-24-2021, 12:11:19 PM
bolgelo(grand father) used a hand_grenade 1-24-2021, 12:11:19 PM
bolgelo(grand father) used a snowball 1-24-2021, 12:11:19 PM
bolgelo(grand father) used a hand_grenade 1-24-2021, 12:11:19 PM
bolgelo(grand father) used a snowball 1-24-2021, 12:11:19 PM
bolgelo(grand father) used a hand_grenade 1-24-2021, 12:11:19 PM
bolgelo(grand father) used a shield 1-24-2021, 12:23:30 PM
bolgelo(grand father) used a shield 1-24-2021, 12:23:31 PM
bolgelo(grand father) used a shield 1-24-2021, 12:23:31 PM
bolgelo(grand father) used a shield 1-24-2021, 12:23:31 PM
bolgelo(grand father) used a hand_grenade 1-24-2021, 12:23:47 PM
bolgelo(grand father) used a hand_grenade 1-24-2021, 12:23:47 PM
bolgelo(grand father) used a hand_grenade 1-24-2021, 12:23:48 PM
bolgelo(grand father) used a hand_grenade 1-24-2021, 12:23:48 PM
bolgelo(grand father) used a hand_grenade 1-24-2021, 12:23:48 PM
bolgelo(grand father) used a hand_grenade 1-24-2021, 12:23:48 PM
bolgelo(grand father) used a hand_grenade 1-24-2021, 12:23:48 PM
bolgelo(grand father) used a hand_grenade 1-24-2021, 12:23:48 PM
bolgelo(grand father) used a hand_grenade 1-24-2021, 12:23:49 PM
bolgelo(grand father) used a hand_grenade 1-24-2021, 12:23:49 PM
bolgelo(grand father) used a hand_grenade 1-24-2021, 12:23:49 PM
bolgelo(grand father) used a hand_grenade 1-24-2021, 12:23:49 PM
bolgelo(grand father) used a hand_grenade 1-24-2021, 12:23:49 PM
bolgelo(grand father) used a hand_grenade 1-24-2021, 12:23:49 PM
bolgelo(grand father) used a hand_grenade 1-24-2021, 12:23:49 PM
bolgelo(grand father) used a hand_grenade 1-24-2021, 12:23:49 PM
bolgelo(grand father) used a hand_grenade 1-24-2021, 12:23:49 PM
bolgelo(grand father) used a hand_grenade 1-24-2021, 12:23:50 PM
bolgelo(grand father) used a hand_grenade 1-24-2021, 12:23:50 PM
bolgelo(grand father) used a hand_grenade 1-24-2021, 12:23:50 PM
bolgelo(grand father) used a hand_grenade 1-24-2021, 12:23:50 PM
bolgelo(grand father) used a hand_grenade 1-24-2021, 12:23:50 PM
bolgelo(grand father) used a hand_grenade 1-24-2021, 12:23:50 PM
bolgelo(grand father) used a hand_grenade 1-24-2021, 12:23:50 PM
bolgelo(grand father) used a hand_grenade 1-24-2021, 12:23:50 PM
bolgelo(grand father) used a hand_grenade 1-24-2021, 12:23:50 PM
bolgelo(grand father) used a hand_grenade 1-24-2021, 12:23:51 PM
bolgelo(grand father) used a hand_grenade 1-24-2021, 12:23:51 PM
bolgelo(grand father) used a hand_grenade 1-24-2021, 12:23:51 PM
bolgelo(grand father) used a hand_grenade 1-24-2021, 12:23:52 PM
bolgelo(grand father) used a hand_grenade 1-24-2021, 12:23:52 PM
bolgelo(grand father) used a hand_grenade 1-24-2021, 12:23:52 PM
bolgelo(grand father) used a hand_grenade 1-24-2021, 12:23:52 PM
bolgelo(grand father) used a hand_grenade 1-24-2021, 12:23:53 PM
bolgelo(grand father) used a hand_grenade 1-24-2021, 12:23:54 PM
bolgelo(grand father) used a hand_grenade 1-24-2021, 12:23:55 PM
bolgelo(grand father) used a hand_grenade 1-24-2021, 12:23:55 PM
bolgelo(grand father) used a hand_grenade 1-24-2021, 12:23:55 PM
bolgelo(grand father) used a hand_grenade 1-24-2021, 12:23:56 PM
bolgelo(grand father) used a hand_grenade 1-24-2021, 12:24:36 PM
bolgelo(grand father) used a hand_grenade 1-24-2021, 12:24:36 PM
bolgelo(grand father) used a hand_grenade 1-24-2021, 12:24:36 PM
bolgelo(grand father) used a hand_grenade 1-24-2021, 12:24:37 PM
bolgelo(grand father) used a hand_grenade 1-24-2021, 12:24:37 PM
bolgelo(grand father) used a hand_grenade 1-24-2021, 12:24:37 PM
bolgelo(grand father) used a hand_grenade 1-24-2021, 12:24:37 PM
bolgelo(grand father) used a hand_grenade 1-24-2021, 12:24:37 PM
bolgelo(grand father) used a hand_grenade 1-24-2021, 12:24:38 PM
bolgelo(grand father) used a hand_grenade 1-24-2021, 12:24:38 PM
bolgelo(grand father) used a hand_grenade 1-24-2021, 12:24:45 PM
bolgelo(grand father) used a hand_grenade 1-24-2021, 12:24:45 PM
bolgelo(grand father) used a hand_grenade 1-24-2021, 12:24:46 PM
bolgelo(grand father) used a hand_grenade 1-24-2021, 12:24:46 PM
bolgelo(grand father) used a hand_grenade 1-24-2021, 12:24:46 PM
bolgelo(grand father) used a hand_grenade 1-24-2021, 12:24:46 PM
bolgelo(grand father) used a hand_grenade 1-24-2021, 12:24:46 PM
bolgelo(grand father) used a hand_grenade 1-24-2021, 12:24:47 PM
bolgelo(grand father) used a hand_grenade 1-24-2021, 12:24:47 PM
bolgelo(grand father) used a hand_grenade 1-24-2021, 12:24:47 PM
bolgelo(grand father) used a hand_grenade 1-24-2021, 12:24:47 PM
bolgelo(grand father) used a hand_grenade 1-24-2021, 12:24:48 PM
bolgelo(grand father) used a hand_grenade 1-24-2021, 12:24:48 PM
bolgelo(grand father) used a hand_grenade 1-24-2021, 12:24:48 PM
bolgelo(grand father) used a hand_grenade 1-24-2021, 12:24:48 PM
bolgelo(grand father) used a hand_grenade 1-24-2021, 12:24:48 PM
bolgelo(grand father) used a hand_grenade 1-24-2021, 12:24:48 PM
bolgelo(grand father) used a hand_grenade 1-24-2021, 12:24:49 PM
bolgelo(grand father) used a hand_grenade 1-24-2021, 12:24:49 PM
bolgelo(grand father) used a hand_grenade 1-24-2021, 12:24:50 PM
bolgelo(grand father) used a hand_grenade 1-24-2021, 12:24:50 PM
bolgelo(grand father) used a hand_grenade 1-24-2021, 12:24:50 PM
bolgelo(grand father) used a hand_grenade 1-24-2021, 12:24:50 PM
bolgelo(grand father) used a hand_grenade 1-24-2021, 12:24:50 PM
bolgelo(grand father) used a hand_grenade 1-24-2021, 12:24:51 PM
bolgelo(grand father) used a hand_grenade 1-24-2021, 12:24:51 PM
bolgelo(grand father) used a hand_grenade 1-24-2021, 12:24:51 PM
bolgelo(grand father) used a hand_grenade 1-24-2021, 12:24:51 PM
bolgelo(grand father) used a hand_grenade 1-24-2021, 12:24:51 PM
bolgelo(grand father) used a hand_grenade 1-24-2021, 12:24:51 PM
bolgelo(grand father) used a hand_grenade 1-24-2021, 12:24:52 PM
bolgelo(grand father) used a hand_grenade 1-24-2021, 12:24:52 PM
bolgelo(grand father) used a hand_grenade 1-24-2021, 12:24:52 PM
bolgelo(grand father) used a hand_grenade 1-24-2021, 12:24:52 PM
bolgelo(grand father) used a hand_grenade 1-24-2021, 12:24:53 PM
bolgelo(grand father) used a hand_grenade 1-24-2021, 12:24:53 PM
bolgelo(grand father) used a hand_grenade 1-24-2021, 12:24:53 PM
bolgelo(grand father) used a hand_grenade 1-24-2021, 12:24:53 PM
bolgelo(grand father) used a hand_grenade 1-24-2021, 12:24:54 PM
bolgelo(grand father) used a hand_grenade 1-24-2021, 12:24:58 PM
bolgelo(grand father) used a hand_grenade 1-24-2021, 12:24:58 PM
bolgelo(grand father) used a hand_grenade 1-24-2021, 12:24:58 PM
bolgelo(grand father) used a hand_grenade 1-24-2021, 12:24:59 PM
bolgelo(grand father) used a hand_grenade 1-24-2021, 12:24:59 PM
bolgelo(grand father) used a hand_grenade 1-24-2021, 12:24:59 PM
bolgelo(grand father) used a hand_grenade 1-24-2021, 12:24:59 PM
bolgelo(grand father) used a hand_grenade 1-24-2021, 12:24:59 PM
bolgelo(grand father) used a hand_grenade 1-24-2021, 12:25:00 PM
bolgelo(grand father) used a hand_grenade 1-24-2021, 12:25:00 PM
bolgelo(grand father) used a hand_grenade 1-24-2021, 12:25:00 PM
bolgelo(grand father) used a hand_grenade 1-24-2021, 12:25:00 PM
bolgelo(grand father) used a hand_grenade 1-24-2021, 12:25:00 PM
bolgelo(grand father) used a hand_grenade 1-24-2021, 12:25:00 PM
bolgelo(grand father) used a hand_grenade 1-24-2021, 12:25:00 PM
bolgelo(grand father) used a hand_grenade 1-24-2021, 12:25:01 PM
bolgelo(grand father) used a hand_grenade 1-24-2021, 12:25:01 PM
bolgelo(grand father) used a hand_grenade 1-24-2021, 12:25:01 PM
bolgelo(grand father) used a hand_grenade 1-24-2021, 12:25:01 PM
bolgelo(grand father) used a hand_grenade 1-24-2021, 12:25:02 PM
bolgelo(grand father) used a hand_grenade 1-24-2021, 12:25:02 PM
bolgelo(grand father) used a hand_grenade 1-24-2021, 12:25:02 PM
bolgelo(grand father) used a hand_grenade 1-24-2021, 12:25:06 PM
bolgelo(grand father) used a hand_grenade 1-24-2021, 12:25:06 PM
bolgelo(grand father) used a hand_grenade 1-24-2021, 12:25:06 PM
bolgelo(grand father) used a hand_grenade 1-24-2021, 12:25:06 PM
bolgelo(grand father) used a hand_grenade 1-24-2021, 12:25:07 PM
bolgelo(grand father) used a hand_grenade 1-24-2021, 12:25:07 PM
bolgelo(grand father) used a hand_grenade 1-24-2021, 12:25:07 PM
bolgelo(grand father) used a hand_grenade 1-24-2021, 12:25:07 PM
bolgelo(grand father) used a hand_grenade 1-24-2021, 12:25:07 PM
bolgelo(grand father) used a hand_grenade 1-24-2021, 12:25:08 PM
bolgelo(grand father) used a hand_grenade 1-24-2021, 12:25:08 PM
bolgelo(grand father) used a hand_grenade 1-24-2021, 12:25:08 PM
bolgelo(grand father) used a hand_grenade 1-24-2021, 12:25:08 PM
bolgelo(grand father) used a hand_grenade 1-24-2021, 12:25:08 PM
bolgelo(grand father) used a hand_grenade 1-24-2021, 12:25:09 PM
bolgelo(grand father) used a hand_grenade 1-24-2021, 12:25:09 PM
bolgelo(grand father) used a hand_grenade 1-24-2021, 12:25:09 PM
bolgelo(grand father) used a hand_grenade 1-24-2021, 12:25:09 PM
bolgelo(grand father) used a hand_grenade 1-24-2021, 12:25:09 PM
bolgelo(grand father) used a hand_grenade 1-24-2021, 12:25:09 PM
bolgelo(grand father) used a hand_grenade 1-24-2021, 12:25:10 PM
bolgelo(grand father) used a hand_grenade 1-24-2021, 12:25:10 PM
bolgelo(grand father) used a hand_grenade 1-24-2021, 12:25:10 PM
bolgelo(grand father) used a hand_grenade 1-24-2021, 12:25:10 PM
bolgelo(grand father) used a hand_grenade 1-24-2021, 12:25:10 PM
bolgelo(grand father) used a hand_grenade 1-24-2021, 12:25:11 PM
bolgelo(grand father) used a hand_grenade 1-24-2021, 12:25:11 PM
bolgelo(grand father) used a hand_grenade 1-24-2021, 12:25:11 PM
bolgelo(grand father) used a hand_grenade 1-24-2021, 12:25:11 PM
bolgelo(grand father) used a hand_grenade 1-24-2021, 12:25:11 PM
bolgelo(grand father) used a hand_grenade 1-24-2021, 12:25:11 PM
bolgelo(grand father) used a hand_grenade 1-24-2021, 12:25:12 PM
bolgelo(grand father) used a hand_grenade 1-24-2021, 12:25:12 PM
bolgelo(grand father) used a hand_grenade 1-24-2021, 12:25:12 PM
bolgelo(grand father) used a hand_grenade 1-24-2021, 12:25:20 PM
bolgelo(grand father) used a hand_grenade 1-24-2021, 12:25:20 PM
bolgelo(grand father) used a hand_grenade 1-24-2021, 12:25:20 PM
bolgelo(grand father) used a hand_grenade 1-24-2021, 12:25:20 PM
bolgelo(grand father) used a hand_grenade 1-24-2021, 12:25:21 PM
bolgelo(grand father) used a hand_grenade 1-24-2021, 12:25:21 PM
bolgelo(grand father) used a hand_grenade 1-24-2021, 12:25:21 PM
bolgelo(grand father) used a hand_grenade 1-24-2021, 12:25:22 PM
bolgelo(grand father) used a hand_grenade 1-24-2021, 12:25:22 PM
bolgelo(grand father) used a hand_grenade 1-24-2021, 12:25:22 PM
bolgelo(grand father) used a hand_grenade 1-24-2021, 12:25:22 PM
bolgelo(grand father) used a hand_grenade 1-24-2021, 12:25:22 PM
bolgelo(grand father) used a hand_grenade 1-24-2021, 12:25:23 PM
bolgelo(grand father) used a hand_grenade 1-24-2021, 12:25:27 PM
bolgelo(grand father) used a hand_grenade 1-24-2021, 12:25:27 PM
bolgelo(grand father) used a hand_grenade 1-24-2021, 12:25:27 PM
bolgelo(grand father) used a hand_grenade 1-24-2021, 12:25:27 PM
bolgelo(grand father) used a hand_grenade 1-24-2021, 12:25:28 PM
bolgelo(grand father) used a hand_grenade 1-24-2021, 12:25:28 PM
bolgelo(grand father) used a hand_grenade 1-24-2021, 12:25:29 PM
bolgelo(grand father) used a hand_grenade 1-24-2021, 12:25:29 PM
bolgelo(grand father) used a hand_grenade 1-24-2021, 12:25:29 PM
bolgelo(grand father) used a hand_grenade 1-24-2021, 12:25:29 PM
bolgelo(grand father) used a hand_grenade 1-24-2021, 12:25:32 PM
bolgelo(grand father) used a hand_grenade 1-24-2021, 12:25:32 PM
bolgelo(grand father) used a hand_grenade 1-24-2021, 12:25:32 PM
bolgelo(grand father) used a hand_grenade 1-24-2021, 12:25:32 PM
bolgelo(grand father) used a hand_grenade 1-24-2021, 12:25:33 PM
bolgelo(grand father) used a hand_grenade 1-24-2021, 12:25:33 PM
bolgelo(grand father) used a hand_grenade 1-24-2021, 12:25:33 PM
bolgelo(grand father) used a hand_grenade 1-24-2021, 12:25:33 PM
bolgelo(grand father) used a hand_grenade 1-24-2021, 12:25:34 PM
bolgelo(grand father) used a hand_grenade 1-24-2021, 12:25:34 PM
bolgelo(grand father) used a hand_grenade 1-24-2021, 12:25:34 PM
bolgelo(grand father) used a hand_grenade 1-24-2021, 12:25:34 PM
bolgelo(grand father) used a hand_grenade 1-24-2021, 12:25:35 PM
bolgelo(grand father) used a hand_grenade 1-24-2021, 12:25:35 PM
bolgelo(grand father) used a hand_grenade 1-24-2021, 12:25:35 PM
bolgelo(grand father) used a hand_grenade 1-24-2021, 12:25:35 PM
bolgelo(grand father) used a hand_grenade 1-24-2021, 12:25:35 PM
bolgelo(grand father) used a hand_grenade 1-24-2021, 12:25:35 PM
bolgelo(grand father) used a hand_grenade 1-24-2021, 12:25:36 PM
bolgelo(grand father) used a hand_grenade 1-24-2021, 12:25:36 PM
bolgelo(grand father) used a hand_grenade 1-24-2021, 12:25:36 PM
bolgelo(grand father) used a hand_grenade 1-24-2021, 12:25:36 PM
bolgelo(grand father) used a hand_grenade 1-24-2021, 12:25:36 PM
bolgelo(grand father) used a hand_grenade 1-24-2021, 12:25:36 PM
bolgelo(grand father) used a hand_grenade 1-24-2021, 12:25:36 PM
bolgelo(grand father) used a hand_grenade 1-24-2021, 12:25:37 PM
bolgelo(grand father) used a hand_grenade 1-24-2021, 12:25:37 PM
bolgelo(grand father) used a hand_grenade 1-24-2021, 12:25:38 PM
bolgelo(grand father) used a hand_grenade 1-24-2021, 12:25:38 PM
bolgelo(grand father) used a hand_grenade 1-24-2021, 12:25:38 PM
bolgelo(grand father) used a hand_grenade 1-24-2021, 12:25:39 PM
bolgelo(grand father) used a hand_grenade 1-24-2021, 12:25:41 PM
bolgelo(grand father) used a hand_grenade 1-24-2021, 12:25:41 PM
bolgelo(grand father) used a hand_grenade 1-24-2021, 12:25:42 PM
bolgelo(grand father) used a hand_grenade 1-24-2021, 12:25:42 PM
bolgelo(grand father) used a hand_grenade 1-24-2021, 12:25:42 PM
bolgelo(grand father) used a hand_grenade 1-24-2021, 12:25:42 PM
bolgelo(grand father) used a hand_grenade 1-24-2021, 12:25:42 PM
bolgelo(grand father) used a hand_grenade 1-24-2021, 12:25:43 PM
bolgelo(grand father) used a hand_grenade 1-24-2021, 12:25:43 PM
bolgelo(grand father) used a hand_grenade 1-24-2021, 12:25:43 PM
bolgelo(grand father) used a hand_grenade 1-24-2021, 12:25:43 PM
bolgelo(grand father) used a hand_grenade 1-24-2021, 12:25:43 PM
bolgelo(grand father) used a hand_grenade 1-24-2021, 12:25:43 PM
bolgelo(grand father) used a hand_grenade 1-24-2021, 12:25:44 PM
bolgelo(grand father) used a hand_grenade 1-24-2021, 12:25:44 PM
bolgelo(grand father) used a hand_grenade 1-24-2021, 12:25:44 PM
bolgelo(grand father) used a hand_grenade 1-24-2021, 12:25:44 PM
bolgelo(grand father) used a hand_grenade 1-24-2021, 12:25:44 PM
bolgelo(grand father) used a hand_grenade 1-24-2021, 12:25:44 PM
bolgelo(grand father) used a hand_grenade 1-24-2021, 12:25:45 PM
bolgelo(grand father) used a hand_grenade 1-24-2021, 12:25:45 PM
bolgelo(grand father) used a hand_grenade 1-24-2021, 12:25:45 PM
bolgelo(grand father) used a hand_grenade 1-24-2021, 12:25:45 PM
bolgelo(grand father) used a hand_grenade 1-24-2021, 12:25:45 PM
bolgelo(grand father) used a hand_grenade 1-24-2021, 12:25:46 PM
bolgelo(grand father) used a hand_grenade 1-24-2021, 12:25:46 PM
bolgelo(grand father) used a hand_grenade 1-24-2021, 12:25:46 PM
bolgelo(grand father) used a hand_grenade 1-24-2021, 12:25:46 PM
bolgelo(grand father) used a hand_grenade 1-24-2021, 12:25:46 PM
bolgelo(grand father) used a hand_grenade 1-24-2021, 12:25:46 PM
bolgelo(grand father) used a hand_grenade 1-24-2021, 12:25:47 PM
bolgelo(grand father) used a hand_grenade 1-24-2021, 12:25:47 PM
bolgelo(grand father) used a hand_grenade 1-24-2021, 12:25:47 PM
bolgelo(grand father) used a hand_grenade 1-24-2021, 12:25:47 PM
bolgelo(grand father) used a hand_grenade 1-24-2021, 12:25:47 PM
bolgelo(grand father) used a hand_grenade 1-24-2021, 12:25:47 PM
bolgelo(grand father) used a hand_grenade 1-24-2021, 12:25:47 PM
bolgelo(grand father) used a hand_grenade 1-24-2021, 12:25:47 PM
bolgelo(grand father) used a hand_grenade 1-24-2021, 12:25:47 PM
bolgelo(grand father) used a hand_grenade 1-24-2021, 12:25:49 PM
bolgelo(grand father) used a hand_grenade 1-24-2021, 12:25:49 PM
bolgelo(grand father) used a hand_grenade 1-24-2021, 12:25:49 PM
bolgelo(grand father) used a hand_grenade 1-24-2021, 12:25:49 PM
bolgelo(grand father) used a hand_grenade 1-24-2021, 12:25:49 PM
bolgelo(grand father) used a hand_grenade 1-24-2021, 12:25:50 PM
bolgelo(grand father) used a hand_grenade 1-24-2021, 12:25:53 PM
bolgelo(grand father) used a hand_grenade 1-24-2021, 12:25:53 PM
bolgelo(grand father) used a hand_grenade 1-24-2021, 12:25:53 PM
bolgelo(grand father) used a hand_grenade 1-24-2021, 12:25:53 PM
bolgelo(grand father) used a hand_grenade 1-24-2021, 12:25:53 PM
bolgelo(grand father) used a hand_grenade 1-24-2021, 12:25:54 PM
bolgelo(grand father) used a hand_grenade 1-24-2021, 12:25:54 PM
bolgelo(grand father) used a hand_grenade 1-24-2021, 12:25:54 PM
bolgelo(grand father) used a hand_grenade 1-24-2021, 12:25:54 PM
bolgelo(grand father) used a hand_grenade 1-24-2021, 12:25:54 PM
bolgelo(grand father) used a hand_grenade 1-24-2021, 12:25:54 PM
bolgelo(grand father) used a hand_grenade 1-24-2021, 12:25:55 PM
bolgelo(grand father) used a hand_grenade 1-24-2021, 12:25:55 PM
bolgelo(grand father) used a hand_grenade 1-24-2021, 12:25:55 PM
bolgelo(grand father) used a hand_grenade 1-24-2021, 12:25:55 PM
bolgelo(grand father) used a hand_grenade 1-24-2021, 12:25:55 PM
bolgelo(grand father) used a hand_grenade 1-24-2021, 12:25:55 PM
bolgelo(grand father) used a hand_grenade 1-24-2021, 12:25:56 PM
bolgelo(grand father) used a hand_grenade 1-24-2021, 12:25:56 PM
bolgelo(grand father) used a hand_grenade 1-24-2021, 12:25:56 PM
bolgelo(grand father) used a hand_grenade 1-24-2021, 12:25:56 PM
bolgelo(grand father) used a hand_grenade 1-24-2021, 12:25:56 PM
bolgelo(grand father) used a hand_grenade 1-24-2021, 12:25:56 PM
bolgelo(grand father) used a hand_grenade 1-24-2021, 12:25:56 PM
bolgelo(grand father) used a hand_grenade 1-24-2021, 12:25:57 PM
bolgelo(grand father) used a hand_grenade 1-24-2021, 12:25:57 PM
bolgelo(grand father) used a hand_grenade 1-24-2021, 12:25:57 PM
bolgelo(grand father) used a hand_grenade 1-24-2021, 12:25:57 PM
bolgelo(grand father) used a hand_grenade 1-24-2021, 12:25:57 PM
bolgelo(grand father) used a hand_grenade 1-24-2021, 12:25:58 PM
bolgelo(grand father) used a hand_grenade 1-24-2021, 12:25:58 PM
bolgelo(grand father) used a hand_grenade 1-24-2021, 12:25:58 PM
bolgelo(grand father) used a hand_grenade 1-24-2021, 12:25:59 PM
bolgelo(grand father) used a hand_grenade 1-24-2021, 12:25:59 PM
bolgelo(grand father) used a hand_grenade 1-24-2021, 12:25:59 PM
bolgelo(grand father) used a hand_grenade 1-24-2021, 12:25:59 PM
bolgelo(grand father) used a hand_grenade 1-24-2021, 12:25:59 PM
bolgelo(grand father) used a hand_grenade 1-24-2021, 12:26:00 PM
bolgelo(grand father) used a hand_grenade 1-24-2021, 12:26:00 PM
bolgelo(grand father) used a hand_grenade 1-24-2021, 12:26:02 PM
bolgelo(grand father) used a hand_grenade 1-24-2021, 12:26:03 PM
bolgelo(grand father) used a hand_grenade 1-24-2021, 12:26:04 PM
bolgelo(grand father) used a hand_grenade 1-24-2021, 12:26:04 PM
bolgelo(grand father) used a hand_grenade 1-24-2021, 12:26:04 PM
bolgelo(grand father) used a hand_grenade 1-24-2021, 12:26:04 PM
bolgelo(grand father) used a hand_grenade 1-24-2021, 12:26:04 PM
bolgelo(grand father) used a hand_grenade 1-24-2021, 12:26:05 PM
bolgelo(grand father) used a hand_grenade 1-24-2021, 12:26:05 PM
bolgelo(grand father) used a hand_grenade 1-24-2021, 12:26:05 PM
bolgelo(grand father) used a hand_grenade 1-24-2021, 12:26:05 PM
bolgelo(grand father) used a hand_grenade 1-24-2021, 12:26:06 PM
bolgelo(grand father) used a hand_grenade 1-24-2021, 12:26:06 PM
bolgelo(grand father) used a hand_grenade 1-24-2021, 12:26:06 PM
bolgelo(grand father) used a hand_grenade 1-24-2021, 12:26:06 PM
bolgelo(grand father) used a hand_grenade 1-24-2021, 12:26:06 PM
bolgelo(grand father) used a hand_grenade 1-24-2021, 12:26:06 PM
bolgelo(grand father) used a hand_grenade 1-24-2021, 12:26:07 PM
bolgelo(grand father) used a hand_grenade 1-24-2021, 12:26:07 PM
bolgelo(grand father) used a hand_grenade 1-24-2021, 12:26:08 PM
bolgelo(grand father) used a hand_grenade 1-24-2021, 12:26:08 PM
bolgelo(grand father) used a hand_grenade 1-24-2021, 12:26:09 PM
bolgelo(grand father) used a hand_grenade 1-24-2021, 12:26:09 PM
bolgelo(grand father) used a hand_grenade 1-24-2021, 12:26:09 PM
bolgelo(grand father) used a hand_grenade 1-24-2021, 12:26:09 PM
bolgelo(grand father) used a hand_grenade 1-24-2021, 12:26:09 PM
bolgelo(grand father) used a hand_grenade 1-24-2021, 12:26:10 PM
bolgelo(grand father) used a hand_grenade 1-24-2021, 12:26:10 PM
bolgelo(grand father) used a hand_grenade 1-24-2021, 12:26:10 PM
bolgelo(grand father) used a hand_grenade 1-24-2021, 12:26:10 PM
bolgelo(grand father) used a hand_grenade 1-24-2021, 12:26:10 PM
bolgelo(grand father) used a hand_grenade 1-24-2021, 12:26:11 PM
bolgelo(grand father) used a hand_grenade 1-24-2021, 12:26:11 PM
bolgelo(grand father) used a hand_grenade 1-24-2021, 12:26:11 PM
bolgelo(grand father) used a hand_grenade 1-24-2021, 12:26:11 PM
bolgelo(grand father) used a hand_grenade 1-24-2021, 12:26:12 PM
bolgelo(grand father) used a hand_grenade 1-24-2021, 12:27:20 PM
bolgelo(grand father) used a hand_grenade 1-24-2021, 12:27:20 PM
bolgelo(grand father) used a the_legendary_sword 1-24-2021, 12:27:22 PM
bolgelo(grand father) used a hand_grenade 1-24-2021, 12:27:30 PM
bolgelo(grand father) used a hand_grenade 1-24-2021, 12:27:30 PM
bolgelo(grand father) used a hand_grenade 1-24-2021, 12:27:31 PM
bolgelo(grand father) used a hand_grenade 1-24-2021, 12:27:31 PM
bolgelo(grand father) used a hand_grenade 1-24-2021, 12:27:31 PM
bolgelo(grand father) used a hand_grenade 1-24-2021, 12:27:31 PM
bolgelo(grand father) used a hand_grenade 1-24-2021, 12:27:31 PM
bolgelo(grand father) used a hand_grenade 1-24-2021, 12:27:32 PM
bolgelo(grand father) used a hand_grenade 1-24-2021, 12:27:32 PM
bolgelo(grand father) used a hand_grenade 1-24-2021, 12:27:32 PM
bolgelo(grand father) used a hand_grenade 1-24-2021, 12:27:32 PM
bolgelo(grand father) used a hand_grenade 1-24-2021, 12:27:32 PM
bolgelo(grand father) used a hand_grenade 1-24-2021, 12:27:33 PM
bolgelo(grand father) used a hand_grenade 1-24-2021, 12:27:33 PM
bolgelo(grand father) used a hand_grenade 1-24-2021, 12:27:33 PM
bolgelo(grand father) used a hand_grenade 1-24-2021, 12:27:33 PM
bolgelo(grand father) used a hand_grenade 1-24-2021, 12:27:33 PM
bolgelo(grand father) used a hand_grenade 1-24-2021, 12:27:33 PM
bolgelo(grand father) used a hand_grenade 1-24-2021, 12:27:34 PM
bolgelo(grand father) used a hand_grenade 1-24-2021, 12:27:34 PM
bolgelo(grand father) used a hand_grenade 1-24-2021, 12:27:34 PM
bolgelo(grand father) used a hand_grenade 1-24-2021, 12:27:38 PM
bolgelo(grand father) used a hand_grenade 1-24-2021, 12:27:39 PM
bolgelo(grand father) used a hand_grenade 1-24-2021, 12:27:39 PM
bolgelo(grand father) used a hand_grenade 1-24-2021, 12:27:39 PM
bolgelo(grand father) used a hand_grenade 1-24-2021, 12:27:39 PM
bolgelo(grand father) used a hand_grenade 1-24-2021, 12:27:39 PM
bolgelo(grand father) used a hand_grenade 1-24-2021, 12:27:39 PM
bolgelo(grand father) used a hand_grenade 1-24-2021, 12:27:40 PM
bolgelo(grand father) used a hand_grenade 1-24-2021, 12:27:40 PM
bolgelo(grand father) used a hand_grenade 1-24-2021, 12:27:40 PM
bolgelo(grand father) used a hand_grenade 1-24-2021, 12:27:40 PM
bolgelo(grand father) used a hand_grenade 1-24-2021, 12:27:41 PM
bolgelo(grand father) used a hand_grenade 1-24-2021, 12:27:41 PM
bolgelo(grand father) used a hand_grenade 1-24-2021, 12:27:41 PM
bolgelo(grand father) used a hand_grenade 1-24-2021, 12:27:41 PM
bolgelo(grand father) used a hand_grenade 1-24-2021, 12:27:41 PM
bolgelo(grand father) used a hand_grenade 1-24-2021, 12:27:42 PM
bolgelo(grand father) used a hand_grenade 1-24-2021, 12:27:42 PM
bolgelo(grand father) used a hand_grenade 1-24-2021, 12:27:42 PM
bolgelo(grand father) used a hand_grenade 1-24-2021, 12:27:42 PM
bolgelo(grand father) used a hand_grenade 1-24-2021, 12:27:42 PM
bolgelo(grand father) used a hand_grenade 1-24-2021, 12:27:42 PM
bolgelo(grand father) used a hand_grenade 1-24-2021, 12:27:43 PM
bolgelo(grand father) used a hand_grenade 1-24-2021, 12:27:43 PM
bolgelo(grand father) used a hand_grenade 1-24-2021, 12:27:43 PM
bolgelo(grand father) used a hand_grenade 1-24-2021, 12:27:43 PM
bolgelo(grand father) used a hand_grenade 1-24-2021, 12:27:43 PM
bolgelo(grand father) used a hand_grenade 1-24-2021, 12:27:44 PM
bolgelo(grand father) used a shield 1-24-2021, 12:27:45 PM
bolgelo(grand father) used a shield 1-24-2021, 12:27:46 PM
bolgelo(grand father) used a shield 1-24-2021, 12:27:46 PM
bolgelo(grand father) used a shield 1-24-2021, 12:27:46 PM
bolgelo(grand father) used a shield 1-24-2021, 12:27:46 PM
bolgelo(grand father) used a shield 1-24-2021, 12:27:46 PM
bolgelo(grand father) used a shield 1-24-2021, 12:27:46 PM
bolgelo(grand father) used a shield 1-24-2021, 12:27:46 PM
bolgelo(grand father) used a shield 1-24-2021, 12:27:46 PM
bolgelo(grand father) used a shield 1-24-2021, 12:27:47 PM
bolgelo(grand father) used a shield 1-24-2021, 12:27:47 PM
bolgelo(grand father) used a shield 1-24-2021, 12:27:47 PM
bolgelo(grand father) used a shield 1-24-2021, 12:27:47 PM
bolgelo(grand father) used a shield 1-24-2021, 12:27:47 PM
bolgelo(grand father) used a shield 1-24-2021, 12:27:47 PM
bolgelo(grand father) used a shield 1-24-2021, 12:27:47 PM
bolgelo(grand father) used a shield 1-24-2021, 12:27:48 PM
bolgelo(grand father) used a shield 1-24-2021, 12:27:48 PM
bolgelo(grand father) used a shield 1-24-2021, 12:27:48 PM
bolgelo(grand father) used a shield 1-24-2021, 12:27:48 PM
bolgelo(grand father) used a shield 1-24-2021, 12:27:48 PM
bolgelo(grand father) used a shield 1-24-2021, 12:27:48 PM
bolgelo(grand father) used a shield 1-24-2021, 12:27:48 PM
bolgelo(grand father) used a shield 1-24-2021, 12:27:48 PM
bolgelo(grand father) used a shield 1-24-2021, 12:27:48 PM
bolgelo(grand father) used a shield 1-24-2021, 12:27:49 PM
bolgelo(grand father) used a shield 1-24-2021, 12:27:49 PM
bolgelo(grand father) used a shield 1-24-2021, 12:27:49 PM
bolgelo(grand father) used a shield 1-24-2021, 12:27:49 PM
bolgelo(grand father) used a shield 1-24-2021, 12:27:49 PM
bolgelo(grand father) used a shield 1-24-2021, 12:27:49 PM
bolgelo(grand father) used a health_drink 1-24-2021, 12:27:50 PM
bolgelo(grand father) used a health_drink 1-24-2021, 12:27:50 PM
bolgelo(grand father) used a health_drink 1-24-2021, 12:27:54 PM
bolgelo(grand father) used a health_drink 1-24-2021, 12:27:54 PM
bolgelo(grand father) used a health_drink 1-24-2021, 12:27:57 PM
bolgelo(grand father) used a health_drink 1-24-2021, 12:27:57 PM
bolgelo(grand father) used a health_drink 1-24-2021, 12:28:00 PM
bolgelo(grand father) used a health_drink 1-24-2021, 12:28:00 PM
bolgelo(grand father) used a health_drink 1-24-2021, 12:28:04 PM
bolgelo(grand father) used a health_drink 1-24-2021, 12:28:04 PM
bolgelo(grand father) used a hand_grenade 1-24-2021, 12:28:05 PM
bolgelo(grand father) used a hand_grenade 1-24-2021, 12:28:06 PM
bolgelo(grand father) used a hand_grenade 1-24-2021, 12:28:06 PM
bolgelo(grand father) used a hand_grenade 1-24-2021, 12:28:06 PM
bolgelo(grand father) used a hand_grenade 1-24-2021, 12:28:06 PM
bolgelo(grand father) used a hand_grenade 1-24-2021, 12:28:06 PM
bolgelo(grand father) used a hand_grenade 1-24-2021, 12:28:06 PM
bolgelo(grand father) used a hand_grenade 1-24-2021, 12:28:07 PM
bolgelo(grand father) used a hand_grenade 1-24-2021, 12:28:07 PM
bolgelo(grand father) used a hand_grenade 1-24-2021, 12:28:07 PM
bolgelo(grand father) used a hand_grenade 1-24-2021, 12:28:07 PM
bolgelo(grand father) used a hand_grenade 1-24-2021, 12:28:07 PM
bolgelo(grand father) used a hand_grenade 1-24-2021, 12:28:08 PM
bolgelo(grand father) used a hand_grenade 1-24-2021, 12:28:08 PM
bolgelo(grand father) used a hand_grenade 1-24-2021, 12:28:08 PM
bolgelo(grand father) used a hand_grenade 1-24-2021, 12:28:11 PM
bolgelo(grand father) used a hand_grenade 1-24-2021, 12:28:11 PM
bolgelo(grand father) used a hand_grenade 1-24-2021, 12:28:11 PM
bolgelo(grand father) used a hand_grenade 1-24-2021, 12:28:11 PM
bolgelo(grand father) used a hand_grenade 1-24-2021, 12:28:11 PM
bolgelo(grand father) used a hand_grenade 1-24-2021, 12:28:11 PM
bolgelo(grand father) used a hand_grenade 1-24-2021, 12:28:12 PM
bolgelo(grand father) used a hand_grenade 1-24-2021, 12:28:12 PM
bolgelo(grand father) used a hand_grenade 1-24-2021, 12:28:12 PM
bolgelo(grand father) used a hand_grenade 1-24-2021, 12:28:12 PM
bolgelo(grand father) used a hand_grenade 1-24-2021, 12:28:12 PM
bolgelo(grand father) used a hand_grenade 1-24-2021, 12:28:12 PM
bolgelo(grand father) used a hand_grenade 1-24-2021, 12:28:14 PM
bolgelo(grand father) used a hand_grenade 1-24-2021, 12:28:14 PM
bolgelo(grand father) used a hand_grenade 1-24-2021, 12:28:14 PM
bolgelo(grand father) used a hand_grenade 1-24-2021, 12:28:14 PM
bolgelo(grand father) used a hand_grenade 1-24-2021, 12:28:15 PM
bolgelo(grand father) used a hand_grenade 1-24-2021, 12:28:15 PM
bolgelo(grand father) used a hand_grenade 1-24-2021, 12:28:15 PM
bolgelo(grand father) used a hand_grenade 1-24-2021, 12:28:15 PM
bolgelo(grand father) used a hand_grenade 1-24-2021, 12:28:15 PM
bolgelo(grand father) used a hand_grenade 1-24-2021, 12:28:16 PM
bolgelo(grand father) used a hand_grenade 1-24-2021, 12:28:16 PM
bolgelo(grand father) used a hand_grenade 1-24-2021, 12:28:16 PM
bolgelo(grand father) used a hand_grenade 1-24-2021, 12:28:16 PM
bolgelo(grand father) used a hand_grenade 1-24-2021, 12:28:16 PM
bolgelo(grand father) used a hand_grenade 1-24-2021, 12:28:16 PM
bolgelo(grand father) used a hand_grenade 1-24-2021, 12:28:17 PM
bolgelo(grand father) used a hand_grenade 1-24-2021, 12:28:17 PM
bolgelo(grand father) used a hand_grenade 1-24-2021, 12:28:17 PM
bolgelo(grand father) used a hand_grenade 1-24-2021, 12:28:17 PM
bolgelo(grand father) used a hand_grenade 1-24-2021, 12:28:17 PM
bolgelo(grand father) used a hand_grenade 1-24-2021, 12:28:17 PM
bolgelo(grand father) used a hand_grenade 1-24-2021, 12:28:18 PM
bolgelo(grand father) used a hand_grenade 1-24-2021, 12:28:22 PM
bolgelo(grand father) used a hand_grenade 1-24-2021, 12:28:22 PM
bolgelo(grand father) used a hand_grenade 1-24-2021, 12:28:23 PM
bolgelo(grand father) used a hand_grenade 1-24-2021, 12:28:23 PM
bolgelo(grand father) used a hand_grenade 1-24-2021, 12:28:23 PM
bolgelo(grand father) used a hand_grenade 1-24-2021, 12:28:23 PM
bolgelo(grand father) used a hand_grenade 1-24-2021, 12:28:23 PM
bolgelo(grand father) used a hand_grenade 1-24-2021, 12:28:23 PM
bolgelo(grand father) used a hand_grenade 1-24-2021, 12:28:24 PM
bolgelo(grand father) used a hand_grenade 1-24-2021, 12:28:24 PM
bolgelo(grand father) used a hand_grenade 1-24-2021, 12:28:24 PM
bolgelo(grand father) used a hand_grenade 1-24-2021, 12:28:24 PM
bolgelo(grand father) used a hand_grenade 1-24-2021, 12:28:24 PM
bolgelo(grand father) used a hand_grenade 1-24-2021, 12:28:25 PM
bolgelo(grand father) used a hand_grenade 1-24-2021, 12:28:25 PM
bolgelo(grand father) used a hand_grenade 1-24-2021, 12:28:25 PM
bolgelo(grand father) used a hand_grenade 1-24-2021, 12:28:25 PM
bolgelo(grand father) used a hand_grenade 1-24-2021, 12:28:25 PM
bolgelo(grand father) used a hand_grenade 1-24-2021, 12:28:25 PM
bolgelo(grand father) used a hand_grenade 1-24-2021, 12:28:26 PM
bolgelo(grand father) used a hand_grenade 1-24-2021, 12:28:26 PM
bolgelo(grand father) used a hand_grenade 1-24-2021, 12:28:26 PM
bolgelo(grand father) used a hand_grenade 1-24-2021, 12:28:26 PM
bolgelo(grand father) used a hand_grenade 1-24-2021, 12:28:26 PM
bolgelo(grand father) used a hand_grenade 1-24-2021, 12:28:26 PM
bolgelo(grand father) used a hand_grenade 1-24-2021, 12:28:27 PM
bolgelo(grand father) used a hand_grenade 1-24-2021, 12:28:27 PM
bolgelo(grand father) used a hand_grenade 1-24-2021, 12:28:27 PM
bolgelo(grand father) used a hand_grenade 1-24-2021, 12:28:27 PM
bolgelo(grand father) used a hand_grenade 1-24-2021, 12:28:27 PM
bolgelo(grand father) used a hand_grenade 1-24-2021, 12:28:28 PM
bolgelo(grand father) used a hand_grenade 1-24-2021, 12:28:28 PM
bolgelo(grand father) used a hand_grenade 1-24-2021, 12:28:28 PM
bolgelo(grand father) used a hand_grenade 1-24-2021, 12:28:28 PM
bolgelo(grand father) used a hand_grenade 1-24-2021, 12:28:28 PM
bolgelo(grand father) used a hand_grenade 1-24-2021, 12:28:28 PM
bolgelo(grand father) used a hand_grenade 1-24-2021, 12:28:29 PM
bolgelo(grand father) used a hand_grenade 1-24-2021, 12:28:29 PM
bolgelo(grand father) used a hand_grenade 1-24-2021, 12:28:29 PM
bolgelo(grand father) used a hand_grenade 1-24-2021, 12:28:29 PM
bolgelo(grand father) used a hand_grenade 1-24-2021, 12:28:30 PM
bolgelo(grand father) used a hand_grenade 1-24-2021, 12:28:30 PM
bolgelo(grand father) used a hand_grenade 1-24-2021, 12:28:30 PM
bolgelo(grand father) used a hand_grenade 1-24-2021, 12:28:31 PM
bolgelo(grand father) used a hand_grenade 1-24-2021, 12:28:31 PM
bolgelo(grand father) used a hand_grenade 1-24-2021, 12:28:31 PM
bolgelo(grand father) used a hand_grenade 1-24-2021, 12:28:31 PM
bolgelo(grand father) used a hand_grenade 1-24-2021, 12:28:32 PM
bolgelo(grand father) used a hand_grenade 1-24-2021, 12:28:32 PM
bolgelo(grand father) used a hand_grenade 1-24-2021, 12:28:32 PM
bolgelo(grand father) used a hand_grenade 1-24-2021, 12:28:32 PM
bolgelo(grand father) used a hand_grenade 1-24-2021, 12:28:32 PM
bolgelo(grand father) used a hand_grenade 1-24-2021, 12:28:33 PM
bolgelo(grand father) used a hand_grenade 1-24-2021, 12:28:33 PM
bolgelo(grand father) used a hand_grenade 1-24-2021, 12:28:33 PM
bolgelo(grand father) used a hand_grenade 1-24-2021, 12:28:33 PM
bolgelo(grand father) used a hand_grenade 1-24-2021, 12:28:37 PM
bolgelo(grand father) used a hand_grenade 1-24-2021, 12:28:38 PM
bolgelo(grand father) used a hand_grenade 1-24-2021, 12:28:38 PM
bolgelo(grand father) used a hand_grenade 1-24-2021, 12:28:38 PM
bolgelo(grand father) used a hand_grenade 1-24-2021, 12:28:38 PM
bolgelo(grand father) used a hand_grenade 1-24-2021, 12:28:38 PM
bolgelo(grand father) used a hand_grenade 1-24-2021, 12:28:39 PM
bolgelo(grand father) used a hand_grenade 1-24-2021, 12:28:39 PM
bolgelo(grand father) used a hand_grenade 1-24-2021, 12:28:39 PM
bolgelo(grand father) used a hand_grenade 1-24-2021, 12:28:39 PM
bolgelo(grand father) used a hand_grenade 1-24-2021, 12:28:39 PM
bolgelo(grand father) used a hand_grenade 1-24-2021, 12:28:40 PM
bolgelo(grand father) used a hand_grenade 1-24-2021, 12:28:40 PM
bolgelo(grand father) used a hand_grenade 1-24-2021, 12:28:40 PM
bolgelo(grand father) used a hand_grenade 1-24-2021, 12:28:41 PM
bolgelo(grand father) used a hand_grenade 1-24-2021, 12:28:41 PM
bolgelo(grand father) used a hand_grenade 1-24-2021, 12:28:41 PM
bolgelo(grand father) used a hand_grenade 1-24-2021, 12:28:41 PM
bolgelo(grand father) used a hand_grenade 1-24-2021, 12:28:41 PM
bolgelo(grand father) used a hand_grenade 1-24-2021, 12:28:42 PM
bolgelo(grand father) used a hand_grenade 1-24-2021, 12:28:42 PM
bolgelo(grand father) used a hand_grenade 1-24-2021, 12:28:42 PM
bolgelo(grand father) used a shield 1-24-2021, 12:28:43 PM
bolgelo(grand father) used a shield 1-24-2021, 12:28:43 PM
bolgelo(grand father) used a shield 1-24-2021, 12:28:43 PM
bolgelo(grand father) used a shield 1-24-2021, 12:28:44 PM
bolgelo(grand father) used a shield 1-24-2021, 12:28:44 PM
bolgelo(grand father) used a shield 1-24-2021, 12:28:44 PM
bolgelo(grand father) used a shield 1-24-2021, 12:28:44 PM
bolgelo(grand father) used a shield 1-24-2021, 12:28:44 PM
bolgelo(grand father) used a shield 1-24-2021, 12:28:44 PM
bolgelo(grand father) used a shield 1-24-2021, 12:28:44 PM
bolgelo(grand father) used a shield 1-24-2021, 12:28:45 PM
bolgelo(grand father) used a shield 1-24-2021, 12:28:45 PM
bolgelo(grand father) used a shield 1-24-2021, 12:28:45 PM
bolgelo(grand father) used a shield 1-24-2021, 12:28:45 PM
bolgelo(grand father) used a shield 1-24-2021, 12:28:45 PM
bolgelo(grand father) used a shield 1-24-2021, 12:28:45 PM
bolgelo(grand father) used a shield 1-24-2021, 12:28:45 PM
bolgelo(grand father) used a shield 1-24-2021, 12:28:46 PM
bolgelo(grand father) used a shield 1-24-2021, 12:28:46 PM
bolgelo(grand father) used a shield 1-24-2021, 12:28:46 PM
bolgelo(grand father) used a shield 1-24-2021, 12:28:46 PM
bolgelo(grand father) used a shield 1-24-2021, 12:28:46 PM
bolgelo(grand father) used a shield 1-24-2021, 12:28:46 PM
bolgelo(grand father) used a shield 1-24-2021, 12:28:46 PM
bolgelo(grand father) used a shield 1-24-2021, 12:28:46 PM
bolgelo(grand father) used a shield 1-24-2021, 12:28:47 PM
bolgelo(grand father) used a shield 1-24-2021, 12:28:47 PM
bolgelo(grand father) used a shield 1-24-2021, 12:28:47 PM
bolgelo(grand father) used a shield 1-24-2021, 12:28:47 PM
bolgelo(grand father) used a health_drink 1-24-2021, 12:28:47 PM
bolgelo(grand father) used a health_drink 1-24-2021, 12:28:47 PM
bolgelo(grand father) used a health_drink 1-24-2021, 12:28:49 PM
bolgelo(grand father) used a health_drink 1-24-2021, 12:28:49 PM
bolgelo(grand father) used a health_drink 1-24-2021, 12:28:49 PM
bolgelo(grand father) used a health_drink 1-24-2021, 12:28:50 PM
bolgelo(grand father) used a health_drink 1-24-2021, 12:28:50 PM
bolgelo(grand father) used a health_drink 1-24-2021, 12:28:50 PM
bolgelo(grand father) used a health_drink 1-24-2021, 12:28:50 PM
bolgelo(grand father) used a health_drink 1-24-2021, 12:28:57 PM
bolgelo(grand father) used a health_drink 1-24-2021, 12:28:57 PM
bolgelo(grand father) used a health_drink 1-24-2021, 12:29:01 PM
bolgelo(grand father) used a health_drink 1-24-2021, 12:29:01 PM
bolgelo(grand father) used a the_legendary_sword 1-24-2021, 12:30:31 PM
bolgelo(grand father) used a hand_grenade 1-24-2021, 12:33:41 PM
bolgelo(grand father) used a hand_grenade 1-24-2021, 12:33:41 PM
bolgelo(grand father) used a hand_grenade 1-24-2021, 12:33:41 PM
bolgelo(grand father) used a hand_grenade 1-24-2021, 12:33:41 PM
bolgelo(grand father) used a hand_grenade 1-24-2021, 12:33:42 PM
bolgelo(grand father) used a hand_grenade 1-24-2021, 12:33:42 PM
bolgelo(grand father) used a hand_grenade 1-24-2021, 12:33:42 PM
bolgelo(grand father) used a hand_grenade 1-24-2021, 12:33:42 PM
bolgelo(grand father) used a hand_grenade 1-24-2021, 12:33:43 PM
bolgelo(grand father) used a hand_grenade 1-24-2021, 12:33:43 PM
bolgelo(grand father) used a hand_grenade 1-24-2021, 12:33:43 PM
bolgelo(grand father) used a hand_grenade 1-24-2021, 12:33:43 PM
bolgelo(grand father) used a hand_grenade 1-24-2021, 12:33:46 PM
bolgelo(grand father) used a hand_grenade 1-24-2021, 12:33:46 PM
bolgelo(grand father) used a hand_grenade 1-24-2021, 12:33:46 PM
bolgelo(grand father) used a hand_grenade 1-24-2021, 12:33:46 PM
bolgelo(grand father) used a hand_grenade 1-24-2021, 12:33:47 PM
bolgelo(grand father) used a hand_grenade 1-24-2021, 12:33:47 PM
bolgelo(grand father) used a hand_grenade 1-24-2021, 12:33:47 PM
bolgelo(grand father) used a hand_grenade 1-24-2021, 12:33:47 PM
bolgelo(grand father) used a hand_grenade 1-24-2021, 12:33:47 PM
bolgelo(grand father) used a hand_grenade 1-24-2021, 12:33:48 PM
bolgelo(grand father) used a hand_grenade 1-24-2021, 12:33:48 PM
bolgelo(grand father) used a hand_grenade 1-24-2021, 12:33:48 PM
bolgelo(grand father) used a hand_grenade 1-24-2021, 12:33:48 PM
bolgelo(grand father) used a hand_grenade 1-24-2021, 12:33:48 PM
bolgelo(grand father) used a hand_grenade 1-24-2021, 12:33:49 PM
bolgelo(grand father) used a hand_grenade 1-24-2021, 12:33:49 PM
bolgelo(grand father) used a hand_grenade 1-24-2021, 12:33:49 PM
bolgelo(grand father) used a hand_grenade 1-24-2021, 12:33:49 PM
bolgelo(grand father) used a hand_grenade 1-24-2021, 12:33:50 PM
bolgelo(grand father) used a hand_grenade 1-24-2021, 12:33:50 PM
bolgelo(grand father) used a hand_grenade 1-24-2021, 12:33:50 PM
bolgelo(grand father) used a health_drink 1-24-2021, 12:33:50 PM
bolgelo(grand father) used a health_drink 1-24-2021, 12:33:50 PM
bolgelo(grand father) used a hand_grenade 1-24-2021, 12:33:51 PM
bolgelo(grand father) used a hand_grenade 1-24-2021, 12:33:51 PM
bolgelo(grand father) used a hand_grenade 1-24-2021, 12:33:54 PM
bolgelo(grand father) used a hand_grenade 1-24-2021, 12:33:54 PM
bolgelo(grand father) used a hand_grenade 1-24-2021, 12:33:55 PM
bolgelo(grand father) used a hand_grenade 1-24-2021, 12:33:55 PM
bolgelo(grand father) used a hand_grenade 1-24-2021, 12:33:55 PM
bolgelo(grand father) used a hand_grenade 1-24-2021, 12:33:55 PM
bolgelo(grand father) used a hand_grenade 1-24-2021, 12:33:55 PM
bolgelo(grand father) used a hand_grenade 1-24-2021, 12:33:55 PM
bolgelo(grand father) used a hand_grenade 1-24-2021, 12:33:56 PM
bolgelo(grand father) used a hand_grenade 1-24-2021, 12:33:56 PM
bolgelo(grand father) used a hand_grenade 1-24-2021, 12:33:56 PM
bolgelo(grand father) used a hand_grenade 1-24-2021, 12:33:56 PM
bolgelo(grand father) used a hand_grenade 1-24-2021, 12:33:56 PM
bolgelo(grand father) used a hand_grenade 1-24-2021, 12:33:57 PM
bolgelo(grand father) used a hand_grenade 1-24-2021, 12:33:57 PM
bolgelo(grand father) used a hand_grenade 1-24-2021, 12:33:57 PM
bolgelo(grand father) used a hand_grenade 1-24-2021, 12:33:57 PM
bolgelo(grand father) used a hand_grenade 1-24-2021, 12:33:57 PM
bolgelo(grand father) used a hand_grenade 1-24-2021, 12:33:58 PM
bolgelo(grand father) used a hand_grenade 1-24-2021, 12:33:58 PM
bolgelo(grand father) used a hand_grenade 1-24-2021, 12:33:58 PM
bolgelo(grand father) used a hand_grenade 1-24-2021, 12:33:58 PM
bolgelo(grand father) used a hand_grenade 1-24-2021, 12:34:02 PM
bolgelo(grand father) used a hand_grenade 1-24-2021, 12:34:02 PM
bolgelo(grand father) used a hand_grenade 1-24-2021, 12:34:02 PM
bolgelo(grand father) used a hand_grenade 1-24-2021, 12:34:02 PM
bolgelo(grand father) used a hand_grenade 1-24-2021, 12:34:02 PM
bolgelo(grand father) used a hand_grenade 1-24-2021, 12:34:02 PM
bolgelo(grand father) used a hand_grenade 1-24-2021, 12:34:03 PM
bolgelo(grand father) used a hand_grenade 1-24-2021, 12:34:03 PM
bolgelo(grand father) used a hand_grenade 1-24-2021, 12:34:03 PM
bolgelo(grand father) used a hand_grenade 1-24-2021, 12:34:03 PM
bolgelo(grand father) used a hand_grenade 1-24-2021, 12:34:03 PM
bolgelo(grand father) used a hand_grenade 1-24-2021, 12:34:04 PM
bolgelo(grand father) used a hand_grenade 1-24-2021, 12:34:04 PM
bolgelo(grand father) used a hand_grenade 1-24-2021, 12:34:04 PM
bolgelo(grand father) used a hand_grenade 1-24-2021, 12:34:04 PM
bolgelo(grand father) used a hand_grenade 1-24-2021, 12:34:05 PM
bolgelo(grand father) used a hand_grenade 1-24-2021, 12:34:05 PM
bolgelo(grand father) used a hand_grenade 1-24-2021, 12:34:05 PM
bolgelo(grand father) used a hand_grenade 1-24-2021, 12:34:06 PM
bolgelo(grand father) used a hand_grenade 1-24-2021, 12:34:06 PM
bolgelo(grand father) used a hand_grenade 1-24-2021, 12:34:06 PM
bolgelo(grand father) used a hand_grenade 1-24-2021, 12:34:07 PM
bolgelo(grand father) used a hand_grenade 1-24-2021, 12:34:07 PM
bolgelo(grand father) used a hand_grenade 1-24-2021, 12:34:07 PM
bolgelo(grand father) used a hand_grenade 1-24-2021, 12:34:07 PM
bolgelo(grand father) used a hand_grenade 1-24-2021, 12:34:08 PM
bolgelo(grand father) used a hand_grenade 1-24-2021, 12:34:09 PM
bolgelo(grand father) used a wood 1-24-2021, 1:03:57 PM
bolgelo(grand father) used a the_legendary_sword 1-24-2021, 1:05:44 PM
bolgelo(grand father) used a rocket_launcher 1-24-2021, 1:05:59 PM
bolgelo(grand father) used a wood 1-24-2021, 1:06:38 PM
bolgelo(grand father) used a wood 1-24-2021, 1:13:09 PM
bolgelo(grand father) used a wood 1-24-2021, 1:13:16 PM
bolgelo(grand father) used a wood 1-24-2021, 1:13:22 PM
bolgelo(grand father) used a wood 1-24-2021, 1:13:25 PM
bolgelo(grand father) used a wood 1-24-2021, 1:13:34 PM
bolgelo(grand father) used a wood 1-24-2021, 1:13:50 PM
bolgelo(grand father) used a wood 1-24-2021, 1:13:59 PM
bolgelo(grand father) used a wood 1-24-2021, 1:14:00 PM
bolgelo(grand father) used a warp_box 1-24-2021, 1:15:56 PM
bolgelo(grand father) used a wood 1-24-2021, 1:16:01 PM
bolgelo(grand father) used a bike 1-24-2021, 1:57:48 PM
bolgelo(grand father) used a bike 1-24-2021, 1:57:49 PM
bolgelo(grand father) used a bike 1-24-2021, 1:57:49 PM
bolgelo(grand father) used a bike 1-24-2021, 1:57:49 PM
bolgelo(grand father) used a bike 1-24-2021, 1:57:49 PM
bolgelo(grand father) used a bike 1-24-2021, 1:57:49 PM
bolgelo(grand father) used a bike 1-24-2021, 1:57:50 PM
bolgelo(grand father) used a bike 1-24-2021, 1:57:50 PM
bolgelo(grand father) used a bike 1-24-2021, 1:57:50 PM
bolgelo(grand father) used a bike 1-24-2021, 1:57:50 PM
bolgelo(grand father) used a bike 1-24-2021, 1:57:50 PM
bolgelo(grand father) used a bike 1-24-2021, 1:57:50 PM
bolgelo(grand father) used a bike 1-24-2021, 1:57:50 PM
bolgelo(grand father) used a bike 1-24-2021, 1:57:51 PM
bolgelo(grand father) used a bike 1-24-2021, 1:57:51 PM
bolgelo(grand father) used a bike 1-24-2021, 1:57:51 PM
bolgelo(grand father) used a bike 1-24-2021, 1:57:51 PM
bolgelo(grand father) used a bike 1-24-2021, 1:57:51 PM
bolgelo(grand father) used a bike 1-24-2021, 1:57:51 PM
bolgelo(grand father) used a bike 1-24-2021, 1:57:51 PM
bolgelo(grand father) used a bike 1-24-2021, 1:57:51 PM
bolgelo(grand father) used a bike 1-24-2021, 1:57:52 PM
bolgelo(grand father) used a bike 1-24-2021, 1:57:52 PM
bolgelo(grand father) used a bike 1-24-2021, 1:57:52 PM
bolgelo(grand father) used a bike 1-24-2021, 1:57:52 PM
bolgelo(grand father) used a bike 1-24-2021, 1:57:52 PM
bolgelo(grand father) used a bike 1-24-2021, 1:57:52 PM
bolgelo(grand father) used a bike 1-24-2021, 1:57:52 PM
bolgelo(grand father) used a bike 1-24-2021, 1:57:52 PM
bolgelo(grand father) used a bike 1-24-2021, 1:57:53 PM
bolgelo(grand father) used a bike 1-24-2021, 1:57:53 PM
bolgelo(grand father) used a bike 1-24-2021, 1:57:53 PM
bolgelo(grand father) used a bike 1-24-2021, 1:57:53 PM
bolgelo(grand father) used a bike 1-24-2021, 1:57:53 PM
bolgelo(grand father) used a bike 1-24-2021, 1:57:53 PM
bolgelo(grand father) used a bike 1-24-2021, 1:57:54 PM
bolgelo(grand father) used a bike 1-24-2021, 1:57:54 PM
bolgelo(grand father) used a bike 1-24-2021, 1:57:54 PM
bolgelo(grand father) used a bike 1-24-2021, 1:57:54 PM
bolgelo(grand father) used a bike 1-24-2021, 1:57:54 PM
bolgelo(grand father) used a bike 1-24-2021, 1:57:54 PM
bolgelo(grand father) used a bike 1-24-2021, 1:57:54 PM
bolgelo(grand father) used a bike 1-24-2021, 1:57:54 PM
bolgelo(grand father) used a bike 1-24-2021, 1:57:54 PM
bolgelo(grand father) used a bike 1-24-2021, 1:57:55 PM
bolgelo(grand father) used a bike 1-24-2021, 1:57:55 PM
bolgelo(grand father) used a bike 1-24-2021, 1:57:55 PM
bolgelo(grand father) used a bike 1-24-2021, 1:57:55 PM
bolgelo(grand father) used a bike 1-24-2021, 1:57:55 PM
bolgelo(grand father) used a bike 1-24-2021, 1:57:55 PM
bolgelo(grand father) used a bike 1-24-2021, 1:57:55 PM
bolgelo(grand father) used a bike 1-24-2021, 1:57:55 PM
bolgelo(grand father) used a bike 1-24-2021, 1:57:56 PM
bolgelo(grand father) used a bike 1-24-2021, 1:57:56 PM
bolgelo(grand father) used a bike 1-24-2021, 1:57:56 PM
bolgelo(grand father) used a bike 1-24-2021, 1:57:56 PM
bolgelo(grand father) used a bike 1-24-2021, 1:57:56 PM
bolgelo(grand father) used a bike 1-24-2021, 1:57:56 PM
bolgelo(grand father) used a bike 1-24-2021, 1:57:56 PM
bolgelo(grand father) used a bike 1-24-2021, 1:57:57 PM
bolgelo(grand father) used a bike 1-24-2021, 1:57:57 PM
bolgelo(grand father) used a bike 1-24-2021, 1:57:57 PM
bolgelo(grand father) used a bike 1-24-2021, 1:57:57 PM
bolgelo(grand father) used a bike 1-24-2021, 1:57:57 PM
bolgelo(grand father) used a bike 1-24-2021, 1:57:57 PM
bolgelo(grand father) used a bike 1-24-2021, 1:57:57 PM
bolgelo(grand father) used a bike 1-24-2021, 1:57:57 PM
bolgelo(grand father) used a bike 1-24-2021, 1:57:58 PM
bolgelo(grand father) used a bike 1-24-2021, 1:57:58 PM
bolgelo(grand father) used a bike 1-24-2021, 1:57:58 PM
bolgelo(grand father) used a bike 1-24-2021, 1:57:58 PM
bolgelo(grand father) used a bike 1-24-2021, 1:57:58 PM
bolgelo(grand father) used a bike 1-24-2021, 1:57:58 PM
bolgelo(grand father) used a bike 1-24-2021, 1:57:58 PM
bolgelo(grand father) used a bike 1-24-2021, 1:57:59 PM
bolgelo(grand father) used a bike 1-24-2021, 1:57:59 PM
bolgelo(grand father) used a bike 1-24-2021, 1:57:59 PM
bolgelo(grand father) used a bike 1-24-2021, 1:57:59 PM
bolgelo(grand father) used a bike 1-24-2021, 1:57:59 PM
bolgelo(grand father) used a bike 1-24-2021, 1:57:59 PM
bolgelo(grand father) used a bike 1-24-2021, 1:57:59 PM
bolgelo(grand father) used a bike 1-24-2021, 1:57:59 PM
bolgelo(grand father) used a bike 1-24-2021, 1:58:00 PM
bolgelo(grand father) used a bike 1-24-2021, 1:58:00 PM
bolgelo(grand father) used a bike 1-24-2021, 1:58:00 PM
bolgelo(grand father) used a bike 1-24-2021, 1:58:00 PM
bolgelo(grand father) used a bike 1-24-2021, 1:58:00 PM
bolgelo(grand father) used a bike 1-24-2021, 1:58:00 PM
bolgelo(grand father) used a bike 1-24-2021, 1:58:00 PM
bolgelo(grand father) used a bike 1-24-2021, 1:58:00 PM
bolgelo(grand father) used a bike 1-24-2021, 1:58:01 PM
bolgelo(grand father) used a bike 1-24-2021, 1:58:01 PM
bolgelo(grand father) used a bike 1-24-2021, 1:58:01 PM
bolgelo(grand father) used a bike 1-24-2021, 1:58:01 PM
bolgelo(grand father) used a bike 1-24-2021, 1:58:01 PM
bolgelo(grand father) used a bike 1-24-2021, 1:58:01 PM
bolgelo(grand father) used a bike 1-24-2021, 1:58:01 PM
bolgelo(grand father) used a bike 1-24-2021, 1:58:01 PM
bolgelo(grand father) used a bike 1-24-2021, 1:58:02 PM
bolgelo(grand father) used a bike 1-24-2021, 1:58:02 PM
bolgelo(grand father) used a bike 1-24-2021, 1:58:02 PM
bolgelo(grand father) used a bike 1-24-2021, 1:58:02 PM
bolgelo(grand father) used a bike 1-24-2021, 1:58:02 PM
bolgelo(grand father) used a bike 1-24-2021, 1:58:02 PM
bolgelo(grand father) used a bike 1-24-2021, 1:58:02 PM
bolgelo(grand father) used a bike 1-24-2021, 1:58:03 PM
bolgelo(grand father) used a bike 1-24-2021, 1:58:03 PM
bolgelo(grand father) used a bike 1-24-2021, 1:58:03 PM
bolgelo(grand father) used a bike 1-24-2021, 1:58:03 PM
bolgelo(grand father) used a bike 1-24-2021, 1:58:03 PM
bolgelo(grand father) used a bike 1-24-2021, 1:58:03 PM
bolgelo(grand father) used a bike 1-24-2021, 1:58:03 PM
bolgelo(grand father) used a bike 1-24-2021, 1:58:04 PM
bolgelo(grand father) used a bike 1-24-2021, 1:58:04 PM
bolgelo(grand father) used a bike 1-24-2021, 1:58:04 PM
bolgelo(grand father) used a bike 1-24-2021, 1:58:04 PM
bolgelo(grand father) used a bike 1-24-2021, 1:58:04 PM
bolgelo(grand father) used a bike 1-24-2021, 1:58:04 PM
bolgelo(grand father) used a bike 1-24-2021, 1:58:04 PM
bolgelo(grand father) used a bike 1-24-2021, 1:58:05 PM
bolgelo(grand father) used a bike 1-24-2021, 1:58:05 PM
bolgelo(grand father) used a bike 1-24-2021, 1:58:05 PM
bolgelo(grand father) used a bike 1-24-2021, 1:58:05 PM
bolgelo(grand father) used a bike 1-24-2021, 1:58:05 PM
bolgelo(grand father) used a bike 1-24-2021, 1:58:05 PM
bolgelo(grand father) used a bike 1-24-2021, 1:58:05 PM
bolgelo(grand father) used a bike 1-24-2021, 1:58:06 PM
bolgelo(grand father) used a bike 1-24-2021, 1:58:06 PM
bolgelo(grand father) used a bike 1-24-2021, 1:58:06 PM
bolgelo(grand father) used a bike 1-24-2021, 1:58:06 PM
bolgelo(grand father) used a bike 1-24-2021, 1:58:06 PM
bolgelo(grand father) used a bike 1-24-2021, 1:58:06 PM
bolgelo(grand father) used a mega_suicider 1-24-2021, 1:58:08 PM
bolgelo(grand father) used a mega_suicider 1-24-2021, 1:58:12 PM
bolgelo(grand father) used a mega_suicider 1-24-2021, 1:58:16 PM
bolgelo(grand father) used a mega_suicider 1-24-2021, 1:58:20 PM
bolgelo(grand father) used a music_box 1-24-2021, 1:58:36 PM
bolgelo(grand father) used a milk 1-24-2021, 1:58:44 PM
bolgelo(grand father) used a milk 1-24-2021, 1:59:01 PM
bolgelo(grand father) used a milk 1-24-2021, 1:59:01 PM
bolgelo(grand father) used a milk 1-24-2021, 1:59:01 PM
bolgelo(grand father) used a milk 1-24-2021, 1:59:02 PM
bolgelo(grand father) used a milk 1-24-2021, 1:59:02 PM
bolgelo(grand father) used a milk 1-24-2021, 1:59:02 PM
bolgelo(grand father) used a milk 1-24-2021, 1:59:04 PM
bolgelo(grand father) used a milk 1-24-2021, 1:59:05 PM
bolgelo(grand father) used a milk 1-24-2021, 1:59:06 PM
bolgelo(grand father) used a milk 1-24-2021, 1:59:06 PM
bolgelo(grand father) used a milk 1-24-2021, 1:59:06 PM
bolgelo(grand father) used a milk 1-24-2021, 1:59:07 PM
bolgelo(grand father) used a milk 1-24-2021, 1:59:14 PM
bolgelo(grand father) used a milk 1-24-2021, 1:59:15 PM
bolgelo(grand father) used a milk 1-24-2021, 1:59:15 PM
bolgelo(grand father) used a milk 1-24-2021, 1:59:24 PM
bolgelo(grand father) used a milk 1-24-2021, 1:59:24 PM
bolgelo(grand father) used a milk 1-24-2021, 1:59:29 PM
bolgelo(grand father) used a milk 1-24-2021, 1:59:31 PM
bolgelo(grand father) used a milk 1-24-2021, 1:59:31 PM
bolgelo(grand father) used a milk 1-24-2021, 1:59:36 PM
bolgelo(grand father) used a milk 1-24-2021, 1:59:36 PM
bolgelo(grand father) used a colla 1-24-2021, 1:59:58 PM
bolgelo(grand father) used a colla 1-24-2021, 1:59:58 PM
bolgelo(grand father) used a colla 1-24-2021, 1:59:58 PM
bolgelo(grand father) used a colla 1-24-2021, 1:59:58 PM
bolgelo(grand father) used a colla 1-24-2021, 1:59:59 PM
bolgelo(grand father) used a colla 1-24-2021, 1:59:59 PM
bolgelo(grand father) used a colla 1-24-2021, 1:59:59 PM
bolgelo(grand father) used a colla 1-24-2021, 1:59:59 PM
bolgelo(grand father) used a colla 1-24-2021, 1:59:59 PM
bolgelo(grand father) used a colla 1-24-2021, 1:59:59 PM
bolgelo(grand father) used a music_box 1-24-2021, 2:01:25 PM
bolgelo(grand father) used a cola 1-24-2021, 2:01:35 PM
bolgelo(grand father) used a cola 1-24-2021, 2:01:40 PM
bolgelo(grand father) used a cola 1-24-2021, 2:01:41 PM
bolgelo(grand father) used a cola 1-24-2021, 2:01:47 PM
bolgelo(grand father) used a cola 1-24-2021, 2:01:58 PM
bolgelo(grand father) used a cola 1-24-2021, 2:01:58 PM
bolgelo(grand father) used a cola 1-24-2021, 2:02:09 PM
bolgelo(grand father) used a cola 1-24-2021, 2:02:16 PM
bolgelo(grand father) used a cola 1-24-2021, 2:02:20 PM
bolgelo(grand father) used a cola 1-24-2021, 2:02:21 PM
bolgelo(grand father) used a cola 1-24-2021, 2:02:32 PM
bolgelo(grand father) used a cola 1-24-2021, 2:02:32 PM
bolgelo(grand father) used a cola 1-24-2021, 2:02:54 PM
bolgelo(grand father) used a cola 1-24-2021, 2:03:05 PM
bolgelo(grand father) used a cola 1-24-2021, 2:03:05 PM
bolgelo(grand father) used a milk 1-24-2021, 2:04:13 PM
bolgelo(grand father) used a music_box 1-24-2021, 2:04:38 PM
bolgelo(grand father) used a cola 1-24-2021, 2:04:43 PM
bolgelo(grand father) used a music_box 1-24-2021, 2:05:54 PM
bolgelo(grand father) used a cola 1-24-2021, 2:06:12 PM
bolgelo(grand father) used a cola 1-24-2021, 2:06:13 PM
bolgelo(grand father) used a cola 1-24-2021, 2:06:23 PM
bolgelo(grand father) used a cola 1-24-2021, 2:06:33 PM
bolgelo(grand father) used a cola 1-24-2021, 2:06:33 PM
bolgelo(grand father) used a cola 1-24-2021, 2:06:34 PM
bolgelo(grand father) used a cola 1-24-2021, 2:06:39 PM
bolgelo(grand father) used a cola 1-24-2021, 2:06:40 PM
bolgelo(grand father) used a cola 1-24-2021, 2:06:40 PM
bolgelo(grand father) used a cola 1-24-2021, 2:06:40 PM
bolgelo(grand father) used a open_beer_bottle 1-24-2021, 2:06:43 PM
bolgelo(grand father) used a open_beer_bottle 1-24-2021, 2:06:43 PM
bolgelo(grand father) used a open_beer_bottle 1-24-2021, 2:06:44 PM
bolgelo(grand father) used a open_beer_bottle 1-24-2021, 2:06:44 PM
bolgelo(grand father) used a open_beer_bottle 1-24-2021, 2:06:44 PM
bolgelo(grand father) used a open_beer_bottle 1-24-2021, 2:06:45 PM
bolgelo(grand father) used a open_beer_bottle 1-24-2021, 2:06:45 PM
bolgelo(grand father) used a open_beer_bottle 1-24-2021, 2:06:46 PM
bolgelo(grand father) used a open_beer_bottle 1-24-2021, 2:06:46 PM
bolgelo(grand father) used a open_beer_bottle 1-24-2021, 2:06:47 PM
bolgelo(grand father) used a open_beer_bottle 1-24-2021, 2:06:47 PM
bolgelo(grand father) used a open_beer_bottle 1-24-2021, 2:06:47 PM
bolgelo(grand father) used a open_beer_bottle 1-24-2021, 2:06:48 PM
bolgelo(grand father) used a open_beer_bottle 1-24-2021, 2:06:48 PM
bolgelo(grand father) used a open_beer_bottle 1-24-2021, 2:06:49 PM
bolgelo(grand father) used a open_beer_bottle 1-24-2021, 2:06:49 PM
bolgelo(grand father) used a open_beer_bottle 1-24-2021, 2:06:49 PM
bolgelo(grand father) used a open_beer_bottle 1-24-2021, 2:06:50 PM
bolgelo(grand father) used a open_beer_bottle 1-24-2021, 2:06:50 PM
bolgelo(grand father) used a open_beer_bottle 1-24-2021, 2:06:51 PM
bolgelo(grand father) used a open_beer_bottle 1-24-2021, 2:06:51 PM
bolgelo(grand father) used a open_beer_bottle 1-24-2021, 2:06:51 PM
bolgelo(grand father) used a open_beer_bottle 1-24-2021, 2:06:56 PM
bolgelo(grand father) used a open_beer_bottle 1-24-2021, 2:06:56 PM
bolgelo(grand father) used a open_beer_bottle 1-24-2021, 2:06:57 PM
bolgelo(grand father) used a open_beer_bottle 1-24-2021, 2:06:57 PM
bolgelo(grand father) used a music_box 1-24-2021, 2:07:01 PM
bolgelo(grand father) used a open_beer_bottle 1-24-2021, 2:07:03 PM
bolgelo(grand father) used a open_beer_bottle 1-24-2021, 2:07:03 PM
bolgelo(grand father) used a open_beer_bottle 1-24-2021, 2:07:04 PM
bolgelo(grand father) used a open_beer_bottle 1-24-2021, 2:07:04 PM
bolgelo(grand father) used a open_beer_bottle 1-24-2021, 2:07:05 PM
bolgelo(grand father) used a open_beer_bottle 1-24-2021, 2:07:05 PM
bolgelo(grand father) used a open_beer_bottle 1-24-2021, 2:07:06 PM
bolgelo(grand father) used a milk 1-24-2021, 2:07:43 PM
bolgelo(grand father) used a milk 1-24-2021, 2:07:48 PM
bolgelo(grand father) used a milk 1-24-2021, 2:07:49 PM
bolgelo(grand father) used a milk 1-24-2021, 2:07:49 PM
bolgelo(grand father) used a milk 1-24-2021, 2:07:49 PM
bolgelo(grand father) used a milk 1-24-2021, 2:07:50 PM
bolgelo(grand father) used a milk 1-24-2021, 2:07:50 PM
bolgelo(grand father) used a milk 1-24-2021, 2:07:51 PM
bolgelo(grand father) used a milk 1-24-2021, 2:07:51 PM
bolgelo(grand father) used a milk 1-24-2021, 2:07:52 PM
bolgelo(grand father) used a milk 1-24-2021, 2:07:52 PM
bolgelo(grand father) used a milk 1-24-2021, 2:07:53 PM
bolgelo(grand father) used a milk 1-24-2021, 2:08:05 PM
bolgelo(grand father) used a music_box 1-24-2021, 2:08:20 PM
bolgelo(grand father) used a raisin 1-24-2021, 2:08:54 PM
bolgelo(grand father) used a raisin 1-24-2021, 2:08:56 PM
bolgelo(grand father) used a raisin 1-24-2021, 2:08:57 PM
bolgelo(grand father) used a raisin 1-24-2021, 2:09:00 PM
bolgelo(grand father) used a raisin 1-24-2021, 2:09:03 PM
bolgelo(grand father) used a raisin 1-24-2021, 2:09:03 PM
bolgelo(grand father) used a raisin 1-24-2021, 2:09:04 PM
bolgelo(grand father) used a raisin 1-24-2021, 2:09:04 PM
bolgelo(grand father) used a raisin 1-24-2021, 2:09:05 PM
bolgelo(grand father) used a raisin 1-24-2021, 2:09:05 PM
bolgelo(grand father) used a food 1-24-2021, 2:09:17 PM
bolgelo(grand father) used a food 1-24-2021, 2:09:18 PM
bolgelo(grand father) used a food 1-24-2021, 2:09:18 PM
bolgelo(grand father) used a food 1-24-2021, 2:09:18 PM
bolgelo(grand father) used a food 1-24-2021, 2:09:18 PM
bolgelo(grand father) used a chocolate_bar 1-24-2021, 2:09:56 PM
bolgelo(grand father) used a chocolate_bar 1-24-2021, 2:09:57 PM
bolgelo(grand father) used a chocolate_bar 1-24-2021, 2:09:59 PM
bolgelo(grand father) used a chocolate_bar 1-24-2021, 2:10:00 PM
bolgelo(grand father) used a chocolate_bar 1-24-2021, 2:10:00 PM
bolgelo(grand father) used a chocolate_bar 1-24-2021, 2:10:00 PM
bolgelo(grand father) used a chocolate_bar 1-24-2021, 2:10:00 PM
bolgelo(grand father) used a chocolate_bar 1-24-2021, 2:10:00 PM
bolgelo(grand father) used a chocolate_bar 1-24-2021, 2:10:03 PM
bolgelo(grand father) used a chocolate_bar 1-24-2021, 2:10:04 PM
bolgelo(grand father) used a shield 1-24-2021, 2:10:06 PM
bolgelo(grand father) used a shield 1-24-2021, 2:10:07 PM
bolgelo(grand father) used a shield 1-24-2021, 2:10:07 PM
bolgelo(grand father) used a shield 1-24-2021, 2:10:07 PM
bolgelo(grand father) used a shield 1-24-2021, 2:10:07 PM
bolgelo(grand father) used a shield 1-24-2021, 2:10:07 PM
bolgelo(grand father) used a shield 1-24-2021, 2:10:08 PM
bolgelo(grand father) used a shield 1-24-2021, 2:10:08 PM
bolgelo(grand father) used a health_drink 1-24-2021, 2:10:08 PM
bolgelo(grand father) used a health_drink 1-24-2021, 2:10:08 PM
bolgelo(grand father) used a health_drink 1-24-2021, 2:10:17 PM
bolgelo(grand father) used a health_drink 1-24-2021, 2:10:17 PM
bolgelo(grand father) used a shield 1-24-2021, 2:10:24 PM
bolgelo(grand father) used a health_drink 1-24-2021, 2:10:25 PM
bolgelo(grand father) used a health_drink 1-24-2021, 2:10:26 PM
bolgelo(grand father) used a health_drink 1-24-2021, 2:10:32 PM
bolgelo(grand father) used a health_drink 1-24-2021, 2:10:33 PM
bolgelo(grand father) used a health_drink 1-24-2021, 2:10:46 PM
bolgelo(grand father) used a health_drink 1-24-2021, 2:10:47 PM
bolgelo(grand father) used a health_drink 1-24-2021, 2:10:49 PM
bolgelo(grand father) used a health_drink 1-24-2021, 2:10:49 PM
bolgelo(grand father) used a health_drink 1-24-2021, 2:10:50 PM
bolgelo(grand father) used a health_drink 1-24-2021, 2:10:54 PM
bolgelo(grand father) used a health_drink 1-24-2021, 2:10:58 PM
bolgelo(grand father) used a health_drink 1-24-2021, 2:10:58 PM
bolgelo(grand father) used a music_box 1-24-2021, 2:11:20 PM
bolgelo(grand father) used a bike 1-24-2021, 2:11:35 PM
bolgelo(grand father) used a bike 1-24-2021, 2:11:35 PM
bolgelo(grand father) used a bike 1-24-2021, 2:11:35 PM
bolgelo(grand father) used a bike 1-24-2021, 2:11:36 PM
bolgelo(grand father) used a bike 1-24-2021, 2:11:36 PM
bolgelo(grand father) used a bike 1-24-2021, 2:11:36 PM
bolgelo(grand father) used a bike 1-24-2021, 2:11:36 PM
bolgelo(grand father) used a bike 1-24-2021, 2:11:37 PM
bolgelo(grand father) used a bike 1-24-2021, 2:11:37 PM
bolgelo(grand father) used a bike 1-24-2021, 2:11:37 PM
bolgelo(grand father) used a bike 1-24-2021, 2:11:38 PM
bolgelo(grand father) used a bike 1-24-2021, 2:11:38 PM
bolgelo(grand father) used a bike 1-24-2021, 2:11:41 PM
bolgelo(grand father) used a bike 1-24-2021, 2:11:41 PM
bolgelo(grand father) used a bike 1-24-2021, 2:11:41 PM
bolgelo(grand father) used a bike 1-24-2021, 2:11:41 PM
bolgelo(grand father) used a bike 1-24-2021, 2:11:41 PM
bolgelo(grand father) used a bike 1-24-2021, 2:11:41 PM
bolgelo(grand father) used a bike 1-24-2021, 2:11:41 PM
bolgelo(grand father) used a bike 1-24-2021, 2:11:42 PM
bolgelo(grand father) used a bike 1-24-2021, 2:11:42 PM
bolgelo(grand father) used a bike 1-24-2021, 2:11:42 PM
bolgelo(grand father) used a bike 1-24-2021, 2:11:42 PM
bolgelo(grand father) used a bike 1-24-2021, 2:11:42 PM
bolgelo(grand father) used a bike 1-24-2021, 2:11:42 PM
bolgelo(grand father) used a bike 1-24-2021, 2:11:43 PM
bolgelo(grand father) used a bike 1-24-2021, 2:11:43 PM
bolgelo(grand father) used a bike 1-24-2021, 2:11:44 PM
bolgelo(grand father) used a bike 1-24-2021, 2:11:46 PM
bolgelo(grand father) used a bike 1-24-2021, 2:11:48 PM
bolgelo(grand father) used a bike 1-24-2021, 2:11:50 PM
bolgelo(grand father) used a bike 1-24-2021, 2:11:51 PM
bolgelo(grand father) used a bike 1-24-2021, 2:11:51 PM
bolgelo(grand father) used a bike 1-24-2021, 2:11:53 PM
bolgelo(grand father) used a bike 1-24-2021, 2:11:53 PM
bolgelo(grand father) used a bike 1-24-2021, 2:11:55 PM
bolgelo(grand father) used a bike 1-24-2021, 2:11:55 PM
bolgelo(grand father) used a bike 1-24-2021, 2:11:56 PM
bolgelo(grand father) used a bike 1-24-2021, 2:11:58 PM
bolgelo(grand father) used a bike 1-24-2021, 2:11:59 PM
bolgelo(grand father) used a bike 1-24-2021, 2:12:01 PM
bolgelo(grand father) used a bike 1-24-2021, 2:12:03 PM
bolgelo(grand father) used a bike 1-24-2021, 2:12:03 PM
bolgelo(grand father) used a bike 1-24-2021, 2:12:04 PM
bolgelo(grand father) used a bike 1-24-2021, 2:12:04 PM
bolgelo(grand father) used a bike 1-24-2021, 2:12:06 PM
bolgelo(grand father) used a bike 1-24-2021, 2:12:07 PM
bolgelo(grand father) used a bike 1-24-2021, 2:12:08 PM
bolgelo(grand father) used a bike 1-24-2021, 2:12:09 PM
bolgelo(grand father) used a bike 1-24-2021, 2:12:10 PM
bolgelo(grand father) used a bike 1-24-2021, 2:12:11 PM
bolgelo(grand father) used a bike 1-24-2021, 2:12:12 PM
bolgelo(grand father) used a bike 1-24-2021, 2:12:31 PM
bolgelo(grand father) used a bike 1-24-2021, 2:12:34 PM
bolgelo(grand father) used a bike 1-24-2021, 2:12:34 PM
bolgelo(grand father) used a bike 1-24-2021, 2:12:34 PM
bolgelo(grand father) used a bike 1-24-2021, 2:12:34 PM
bolgelo(grand father) used a bike 1-24-2021, 2:12:36 PM
bolgelo(grand father) used a bike 1-24-2021, 2:12:37 PM
bolgelo(grand father) used a bike 1-24-2021, 2:12:39 PM
bolgelo(grand father) used a bike 1-24-2021, 2:12:41 PM
bolgelo(grand father) used a bike 1-24-2021, 2:12:42 PM
bolgelo(grand father) used a bike 1-24-2021, 2:12:44 PM
bolgelo(grand father) used a bike 1-24-2021, 2:12:46 PM
bolgelo(grand father) used a bike 1-24-2021, 2:12:47 PM
bolgelo(grand father) used a bike 1-24-2021, 2:12:49 PM
bolgelo(grand father) used a bike 1-24-2021, 2:12:52 PM
bolgelo(grand father) used a bike 1-24-2021, 2:12:54 PM
bolgelo(grand father) used a music_box 1-24-2021, 2:26:10 PM