
killer3000 (killer3000) sent /lchat yes 1-24-2021, 6:45:30 AM
killer3000 (killer3000) sent /lchat where? 1-24-2021, 6:45:55 AM
killer3000 (killer3000) sent /lchat oh 1-24-2021, 6:46:04 AM
killer3000 (killer3000) sent /lchat np 1-24-2021, 6:46:08 AM
killer3000 (killer3000) sent /lchat now we all have these weppens  1-24-2021, 6:46:23 AM
killer3000 (killer3000) sent /lchat yes 1-24-2021, 6:46:32 AM
killer3000 (killer3000) sent /lchat chalange map? 1-24-2021, 6:46:43 AM
killer3000 (killer3000) sent /lchat i will get for roflgamer as whel 1-24-2021, 6:46:57 AM
killer3000 (killer3000) sent /lchat np 1-24-2021, 6:47:16 AM
killer3000 (killer3000) sent /lchat thanks 1-24-2021, 6:47:31 AM
killer3000 (killer3000) sent /lchat ohohoh 1-24-2021, 6:48:11 AM
killer3000 (killer3000) sent /lchat 9 % 1-24-2021, 6:48:19 AM
killer3000 (killer3000) sent /lchat that is all so for robots 1-24-2021, 6:52:51 AM
killer3000 (killer3000) sent /suicide 1-24-2021, 6:59:53 AM
killer3000 (killer3000) sent /t wich 1-24-2021, 7:05:41 AM
killer3000 (killer3000) sent /t 2021 1-24-2021, 7:05:49 AM
killer3000 (killer3000) sent /t ok 1-24-2021, 7:06:05 AM
killer3000 (killer3000) sent /r yes 1-24-2021, 7:08:06 AM
killer3000 (killer3000) sent /teampass 2021 1-24-2021, 7:08:14 AM
killer3000 (killer3000) sent /r yes? 1-24-2021, 7:08:20 AM
killer3000 (killer3000) sent /r ok? 1-24-2021, 7:08:57 AM
killer3000 (killer3000) sent /r wait i will buy 1-24-2021, 7:09:33 AM
killer3000 (killer3000) sent /r oh 1-24-2021, 7:10:05 AM
killer3000 (killer3000) sent /r coin, 74551 1-24-2021, 7:10:26 AM
killer3000 (killer3000) sent /r ahaha 1-24-2021, 7:10:39 AM
killer3000 (killer3000) sent /r ok 1-24-2021, 7:10:51 AM
killer3000 (killer3000) sent /r mane 1-24-2021, 7:11:31 AM
killer3000 (killer3000) sent /r ok 1-24-2021, 7:12:27 AM
killer3000 (killer3000) sent /r from computer? 1-24-2021, 7:14:28 AM
killer3000 (killer3000) sent /r or try / teamshelt 1-24-2021, 7:14:48 AM
killer3000 (killer3000) sent /r oho 1-24-2021, 7:16:46 AM
killer3000 (killer3000) sent /lchat ok 1-24-2021, 7:19:58 AM
killer3000 (killer3000) sent /lchat waw teja 1-24-2021, 7:22:29 AM
killer3000 (killer3000) sent /t hey athee bro 1-24-2021, 7:22:36 AM
killer3000 (killer3000) sent /lchat i am back 1-24-2021, 7:39:56 AM
killer3000 (killer3000) sent /lchat hey athee bro, how do i runn that sorce on localhost 1-24-2021, 7:41:03 AM
killer3000 (killer3000) sent /lchat yes 1-24-2021, 7:41:24 AM
killer3000 (killer3000) sent /lchat yes 1-24-2021, 7:41:36 AM
killer3000 (killer3000) sent /lchat yes 1-24-2021, 7:41:41 AM
killer3000 (killer3000) sent /lchat haahah 1-24-2021, 7:41:51 AM
killer3000 (killer3000) sent /lchat yes bro 1-24-2021, 7:42:08 AM
killer3000 (killer3000) sent /lchat why another? 1-24-2021, 7:42:50 AM
killer3000 (killer3000) sent /lchat oh 1-24-2021, 7:43:00 AM
killer3000 (killer3000) sent /lchat in net.bgt right? 1-24-2021, 7:43:12 AM
killer3000 (killer3000) sent /lchat ok 1-24-2021, 7:43:34 AM
killer3000 (killer3000) sent /lchat oh 1-24-2021, 7:44:03 AM
killer3000 (killer3000) sent /lchat we need to open them on notepad right? 1-24-2021, 7:44:38 AM
killer3000 (killer3000) sent /lchat no 1-24-2021, 7:44:42 AM
killer3000 (killer3000) sent /lchat doing 1-24-2021, 7:45:52 AM
killer3000 (killer3000) sent /lchat helth orb 1-24-2021, 7:45:59 AM
killer3000 (killer3000) sent /lchat ahahaha 1-24-2021, 7:48:33 AM
killer3000 (killer3000) sent /lchat lol 1-24-2021, 7:49:29 AM
killer3000 (killer3000) sent /lchat yes 1-24-2021, 7:49:35 AM
killer3000 (killer3000) sent /lchat wich 1-24-2021, 7:49:47 AM
killer3000 (killer3000) sent /lchat no 1-24-2021, 7:49:54 AM
killer3000 (killer3000) sent /lchat ahaha 1-24-2021, 7:50:38 AM
killer3000 (killer3000) sent /lchat ahaha 1-24-2021, 7:50:58 AM
killer3000 (killer3000) sent /lchat wait 1-24-2021, 7:51:06 AM
killer3000 (killer3000) sent /lchat ahah cool 1-24-2021, 7:51:47 AM
killer3000 (killer3000) sent /lchat zolfighter? 1-24-2021, 7:52:35 AM
killer3000 (killer3000) sent /lchat aaa 1-24-2021, 7:52:41 AM
killer3000 (killer3000) sent /lchat yes 1-24-2021, 7:53:06 AM
killer3000 (killer3000) sent /lchat ahahaha 1-24-2021, 7:53:13 AM
killer3000 (killer3000) sent /lchat mas bomb 1-24-2021, 7:53:24 AM
killer3000 (killer3000) sent /lchat ahaha 1-24-2021, 7:53:50 AM
killer3000 (killer3000) sent /lchat ahaha 1-24-2021, 7:54:26 AM
killer3000 (killer3000) sent /lchat ohoh 1-24-2021, 7:54:43 AM
killer3000 (killer3000) sent /lchat why 1-24-2021, 7:54:52 AM
killer3000 (killer3000) sent /lchat ok 1-24-2021, 7:55:13 AM
killer3000 (killer3000) sent /lchat yes 1-24-2021, 7:55:33 AM
killer3000 (killer3000) sent /lchat police car 1-24-2021, 7:55:56 AM
killer3000 (killer3000) sent /lchat you have 619 air. this should last you about 36 minutes and 6 seconds 1-24-2021, 7:57:18 AM
killer3000 (killer3000) sent /t loooooool 1-24-2021, 7:58:57 AM
killer3000 (killer3000) sent /t hey roflgamer? 1-24-2021, 7:59:08 AM
killer3000 (killer3000) sent /t do you have sword and storm sniper? 1-24-2021, 7:59:26 AM
killer3000 (killer3000) sent /t ok i'll get for ya 1-24-2021, 7:59:40 AM
killer3000 (killer3000) sent /t yep 1-24-2021, 8:00:07 AM
killer3000 (killer3000) sent /t and i have given to teja and anil 1-24-2021, 8:00:19 AM
killer3000 (killer3000) sent /t i will get for you as whel 1-24-2021, 8:00:28 AM
killer3000 (killer3000) sent /t np 1-24-2021, 8:00:39 AM
killer3000 (killer3000) sent /lchat i am here 1-24-2021, 8:02:36 AM
killer3000 (killer3000) sent /lchat i know 1-24-2021, 8:02:52 AM
killer3000 (killer3000) sent /lchat ahaha 1-24-2021, 8:03:27 AM
killer3000 (killer3000) sent /lchat yes 1-24-2021, 8:03:36 AM
killer3000 (killer3000) sent /lchat oh shit i don't have mask 1-24-2021, 8:04:09 AM
killer3000 (killer3000) sent /lchat shit 1-24-2021, 8:04:15 AM
killer3000 (killer3000) sent /lchat shit 1-24-2021, 8:04:18 AM
killer3000 (killer3000) sent /lchat athee bro 1-24-2021, 8:04:24 AM
killer3000 (killer3000) sent /lchat athee bro 1-24-2021, 8:04:32 AM
killer3000 (killer3000) sent /lchat i have given my mask to athee 1-24-2021, 8:04:50 AM
killer3000 (killer3000) sent /lchat yesterday 1-24-2021, 8:04:53 AM
killer3000 (killer3000) sent /lchat shit 1-24-2021, 8:04:57 AM
killer3000 (killer3000) sent /lchat athee 1-24-2021, 8:05:11 AM
killer3000 (killer3000) sent /lchat i have given my mask to you yester day 1-24-2021, 8:05:29 AM
killer3000 (killer3000) sent /lchat give me looooooool 1-24-2021, 8:05:41 AM
killer3000 (killer3000) sent /lchat i don't have 1-24-2021, 8:05:48 AM
killer3000 (killer3000) sent /t same 1-24-2021, 8:05:57 AM
killer3000 (killer3000) sent /lchat no mask rofl 1-24-2021, 8:10:52 AM
killer3000 (killer3000) sent /lchat shush radio 1-24-2021, 8:12:36 AM
killer3000 (killer3000) sent /t lol how? 1-24-2021, 8:15:09 AM
killer3000 (killer3000) sent /t almost over! just a little more! 1-24-2021, 8:19:14 AM
killer3000 (killer3000) sent /t current location: just one advice, dont jump! 1-24-2021, 8:19:46 AM
killer3000 (killer3000) sent /t 1 1-24-2021, 8:21:27 AM
killer3000 (killer3000) sent /t 2 1-24-2021, 8:21:31 AM
killer3000 (killer3000) sent /t go 1-24-2021, 8:21:37 AM
killer3000 (killer3000) sent /t congratulations, you've got a storm_sniper and the_legendary_sword! 1-24-2021, 8:21:49 AM
killer3000 (killer3000) sent /t now i have 2 1-24-2021, 8:22:05 AM
killer3000 (killer3000) sent /t this is for roflgamer 1-24-2021, 8:22:22 AM
killer3000 (killer3000) sent /t ahaha 1-24-2021, 8:22:45 AM
killer3000 (killer3000) sent /t me to 1-24-2021, 8:22:52 AM
killer3000 (killer3000) sent /lchat np bro 1-24-2021, 8:23:48 AM
killer3000 (killer3000) sent /lchat yes 1-24-2021, 8:26:18 AM
killer3000 (killer3000) sent /lchat where 1-24-2021, 8:26:42 AM
killer3000 (killer3000) sent /lchat i don't no that chalange 1-24-2021, 8:27:02 AM
killer3000 (killer3000) sent /t it is ok loooooool 1-24-2021, 3:13:40 PM
killer3000 (killer3000) sent /lchat yeah 1-24-2021, 3:14:40 PM
killer3000 (killer3000) sent /lchat ahaha 1-24-2021, 3:16:26 PM
killer3000 (killer3000) sent /t atheeeeeee atheeeeeeeeee atheeeeeeeeeeeeeeeeeeeeeeeeeeeeeeee 1-24-2021, 3:21:08 PM
killer3000 (killer3000) sent /t now stop 1-24-2021, 3:21:25 PM
killer3000 (killer3000) sent /t we are luzing points you kids 1-24-2021, 3:21:41 PM
killer3000 (killer3000) sent /t good 1-24-2021, 3:22:30 PM
killer3000 (killer3000) sent /t waw 1-24-2021, 3:23:03 PM
killer3000 (killer3000) sent /t nice nice 1-24-2021, 3:23:41 PM
killer3000 (killer3000) sent /t what it means 1-24-2021, 3:24:02 PM
killer3000 (killer3000) sent /t oh 1-24-2021, 3:24:16 PM
killer3000 (killer3000) sent /t done, problem fixed 1-24-2021, 3:24:51 PM
killer3000 (killer3000) sent /t looooooooool 1-24-2021, 3:24:55 PM
killer3000 (killer3000) sent /t yes 1-24-2021, 3:25:06 PM
killer3000 (killer3000) sent /t now 1 because i have given to friends 1-24-2021, 3:25:36 PM
killer3000 (killer3000) sent /t both 1 1 1-24-2021, 3:25:50 PM
killer3000 (killer3000) sent /t yes 1-24-2021, 3:25:54 PM
killer3000 (killer3000) sent /t mygolu aalu 1-24-2021, 3:26:12 PM
killer3000 (killer3000) sent /t ahaha 1-24-2021, 3:26:14 PM
killer3000 (killer3000) sent /t who cairs about him 1-24-2021, 3:26:35 PM
killer3000 (killer3000) sent /t better not ask me 1-24-2021, 3:26:56 PM
killer3000 (killer3000) sent /t do you know the full thing anil? 1-24-2021, 3:28:05 PM
killer3000 (killer3000) sent /t yeah 1-24-2021, 3:28:43 PM
killer3000 (killer3000) sent /t siko 1-24-2021, 3:28:53 PM
killer3000 (killer3000) sent /t yeah? 1-24-2021, 3:29:13 PM
killer3000 (killer3000) sent /t he's kind of my friend 1-24-2021, 3:29:31 PM
killer3000 (killer3000) sent /t but lol do you wana know what he prankd all  1-24-2021, 3:29:59 PM
killer3000 (killer3000) sent /t he give us tts movies and sed that he created 1-24-2021, 3:30:23 PM
killer3000 (killer3000) sent /t but he didnt 1-24-2021, 3:30:29 PM
killer3000 (killer3000) sent /t a american guy 1-24-2021, 3:30:56 PM
killer3000 (killer3000) sent /t there is lot of channels on youtube 1-24-2021, 3:31:18 PM
killer3000 (killer3000) sent /t how 1-24-2021, 3:31:22 PM
killer3000 (killer3000) sent /t those are big 1-24-2021, 3:31:36 PM
killer3000 (killer3000) sent /t why 1-24-2021, 3:31:44 PM
killer3000 (killer3000) sent /t oh 1-24-2021, 3:32:14 PM
killer3000 (killer3000) sent /t or go to thomson office studios prds 1-24-2021, 3:32:44 PM
killer3000 (killer3000) sent /t roflrofl 1-24-2021, 3:33:13 PM
killer3000 (killer3000) sent /t he's game? 1-24-2021, 3:33:45 PM
killer3000 (killer3000) sent /t oh 1-24-2021, 3:34:06 PM
killer3000 (killer3000) sent /t both hostels 1-24-2021, 3:34:12 PM
killer3000 (killer3000) sent /t if my schools will open then same with me 1-24-2021, 3:35:17 PM
killer3000 (killer3000) sent /sell 1-24-2021, 3:35:54 PM
killer3000 (killer3000) sent /sell 1-24-2021, 3:36:11 PM
killer3000 (killer3000) sent /t string[] guns={"crossbow","ML7TinyMG","mk48","s&w_model66_revolver","famas","cannon","FRNTAssaultRifle","barrett_m82_sniper_rifle","cannon","mp5_machine_pistol","dragunovp_sniper","s&w_model66_revolver","mlk_203_combat_pistol","barrett_m82_sniper_rifle","stp106_long_barreled_pistol","m2browning","strong_machinegun","ml_Automatic_machinegun","m29_sniper_rifle","shotgun","ak47_assault_rifle","beretta_m9_pistol","beretta_m1951_machine_pistol","beretta_nano_pocket_pistol","blz83_portable_machine_gun","browning_high_power_bda_handgun","browning_m2_heavy_50_cal_machinegun","colt_ar_15_assault_rifle","colt_python_revolver","cop_357_derringer_pistol","crt43_automatic_shotgun","glock_17_pistol","m4a1_assault_rifle","m16_assault_rifle","m24_sniper_rifle","m134_minigun","m1208_shotgun","mlk_207_combat_rifle","modern_sub_machine_gun_carbine","nak_nk1000_decimater","ruger_security_6_revolver","saiga_12_5_round_shotgun","sig_p226_combat_pistol","sky_28_laser","sky_127_laser_handgun","stp_s84q_automatic_suppressed_pistol"," 1-24-2021, 3:44:02 PM
killer3000 (killer3000) sent /t athee bro 1-24-2021, 3:44:27 PM
killer3000 (killer3000) sent /t why this src has 2 serwers 1-24-2021, 3:44:39 PM
killer3000 (killer3000) sent /t serwer and serwer b 1-24-2021, 3:44:50 PM
killer3000 (killer3000) sent /t oh 1-24-2021, 3:45:11 PM
killer3000 (killer3000) sent /t oh 1-24-2021, 3:45:19 PM
killer3000 (killer3000) sent /t how to runn the serwer for all 1-24-2021, 3:45:37 PM
killer3000 (killer3000) sent /t oh 1-24-2021, 3:45:59 PM
killer3000 (killer3000) sent /t  but 6.5 does not has vps right? 1-24-2021, 3:46:44 PM
killer3000 (killer3000) sent /t thats what i am asking  1-24-2021, 3:47:28 PM
killer3000 (killer3000) sent /t oh 1-24-2021, 3:47:53 PM
killer3000 (killer3000) sent /t loooooooool 1-24-2021, 3:50:40 PM
killer3000 (killer3000) sent /t string[] newbitems={"antibiotic","antibiotic_pack","mini_antibiotic_pack","antibiotic_pack","tk_ultra_health_potion","health_drink"};
 1-24-2021, 3:51:43 PM
killer3000 (killer3000) sent /t this thing has these? wa 1-24-2021, 3:51:55 PM
killer3000 (killer3000) sent /r 2021 1-24-2021, 3:58:23 PM
killer3000 (killer3000) sent /t hey athee ahaha? 1-24-2021, 3:59:22 PM
killer3000 (killer3000) sent /t i thing i did localhost but it is not leting my account ajajaahaha] 1-24-2021, 4:00:02 PM
killer3000 (killer3000) sent /t pingpong.bgt  32 of 45pingpong.bgt  32 of 45? 1-24-2021, 4:01:03 PM
killer3000 (killer3000) sent /t ahaha 1-24-2021, 4:01:05 PM
killer3000 (killer3000) sent /t athee 1-24-2021, 4:03:12 PM
killer3000 (killer3000) sent /t i did localhost but it is not creating player 1-24-2021, 4:03:38 PM
killer3000 (killer3000) sent /t 1 1-24-2021, 4:15:27 PM
killer3000 (killer3000) sent /t 2 1-24-2021, 4:15:32 PM
killer3000 (killer3000) sent /t 3 1-24-2021, 4:15:35 PM
killer3000 (killer3000) sent /t congratulations, you've got a storm_sniper and the_legendary_sword! 1-24-2021, 4:15:48 PM
killer3000 (killer3000) sent /lchat haaaaahaha 1-24-2021, 4:17:12 PM
killer3000 (killer3000) sent /lchat aalu is boxing? wao? 1-24-2021, 4:17:46 PM
killer3000 (killer3000) sent /lchat haaaahahaha 1-24-2021, 4:18:14 PM
killer3000 (killer3000) sent /lchat haaaaaahahha 1-24-2021, 4:18:35 PM
killer3000 (killer3000) sent /lchat haaaaaahahahaha 1-24-2021, 4:18:56 PM
killer3000 (killer3000) sent /lchat haaaahaha 1-24-2021, 4:19:10 PM
killer3000 (killer3000) sent /lchat haahahaha 1-24-2021, 4:19:31 PM
killer3000 (killer3000) sent /lchat haahahaha 1-24-2021, 4:20:33 PM
killer3000 (killer3000) sent /lchat calhlhlhlhlhlhlhlhlhlhhllhlhlhl? 1-24-2021, 4:20:42 PM
killer3000 (killer3000) sent /where athee 1-24-2021, 4:21:55 PM
killer3000 (killer3000) sent /lchat haa 1-24-2021, 4:22:19 PM
killer3000 (killer3000) sent /suicide 1-24-2021, 4:25:08 PM
killer3000 (killer3000) sent /t yes 1-24-2021, 4:28:58 PM
killer3000 (killer3000) sent /t lol 1-24-2021, 4:29:22 PM
killer3000 (killer3000) sent /t what 1-24-2021, 4:30:34 PM
killer3000 (killer3000) sent /t lol i was raeading tunmi's post 1-24-2021, 4:35:48 PM
killer3000 (killer3000) sent /t tunmi13 s post on form 1-24-2021, 4:36:11 PM
killer3000 (killer3000) sent /t whel, i am on the beta but i do not no that where to get the new update 1-24-2021, 4:36:47 PM
killer3000 (killer3000) sent /t he sed maybe 1-24-2021, 4:37:03 PM
killer3000 (killer3000) sent /t athee bro do you know where he give new updates? 1-24-2021, 4:37:38 PM
killer3000 (killer3000) sent /t i joind the beta, but that clynt is ould 1-24-2021, 4:38:19 PM
killer3000 (killer3000) sent /where athee 1-24-2021, 4:38:41 PM
killer3000 (killer3000) sent /lchat lets go there 1-24-2021, 4:39:10 PM
killer3000 (killer3000) sent /t hello brhrhrhrhrhrhrhrhrhrhrhrhrhrhro 1-24-2021, 4:39:25 PM
killer3000 (killer3000) sent /lchat ok 1-24-2021, 4:40:28 PM
killer3000 (killer3000) sent /lchat lets go 1-24-2021, 4:40:54 PM
killer3000 (killer3000) sent /t come 1-24-2021, 4:42:12 PM
killer3000 (killer3000) sent /lchat aagaya oi 1-24-2021, 4:42:36 PM
killer3000 (killer3000) sent /t come teja 1-24-2021, 4:44:03 PM
killer3000 (killer3000) sent /lchat oi chalain kaya 1-24-2021, 4:44:33 PM
killer3000 (killer3000) sent /lchat now where 1-24-2021, 4:48:45 PM
killer3000 (killer3000) sent /lchat you have 776 air. this should last you about 45 minutes and 16 seconds 1-24-2021, 4:51:22 PM
killer3000 (killer3000) sent /lchat aa gaya 1-24-2021, 4:51:56 PM
killer3000 (killer3000) sent /lchat where is the way 1-24-2021, 4:53:58 PM
killer3000 (killer3000) sent /lchat tell 1-24-2021, 4:54:18 PM
killer3000 (killer3000) sent /lchat 7, 89, 215.  1-24-2021, 4:56:00 PM
killer3000 (killer3000) sent /lchat 7, 89, 215.  1-24-2021, 4:56:02 PM
killer3000 (killer3000) sent /t workd 1-24-2021, 4:57:49 PM
killer3000 (killer3000) sent /t i am now in the next  1-24-2021, 4:58:14 PM
killer3000 (killer3000) sent /lchat waw 1-24-2021, 4:58:42 PM
killer3000 (killer3000) sent /lchat no 1-24-2021, 4:59:36 PM
killer3000 (killer3000) sent /t we reechd 1-24-2021, 5:00:18 PM
killer3000 (killer3000) sent /lchat clyming 1-24-2021, 5:00:46 PM
killer3000 (killer3000) sent /lchat use sword 1-24-2021, 5:00:55 PM
killer3000 (killer3000) sent /lchat daiing  1-24-2021, 5:01:53 PM
killer3000 (killer3000) sent /t oi i am coming 1-24-2021, 5:04:10 PM
killer3000 (killer3000) sent /lchat wait 1-24-2021, 5:05:15 PM
killer3000 (killer3000) sent /lchat lol why? 1-24-2021, 5:06:03 PM
killer3000 (killer3000) sent /lchat kaya huva beta 1-24-2021, 5:07:33 PM
killer3000 (killer3000) sent /lchat loooooooooooool 1-24-2021, 5:07:39 PM
killer3000 (killer3000) sent //////////////// 1-24-2021, 5:08:05 PM
killer3000 (killer3000) sent /lchat dam dam dam dam 1-24-2021, 5:08:26 PM
killer3000 (killer3000) sent /where anil 1-24-2021, 5:08:35 PM
killer3000 (killer3000) sent /lchat anil? 1-24-2021, 5:08:39 PM
killer3000 (killer3000) sent /lchat what sorry 1-24-2021, 5:08:55 PM
killer3000 (killer3000) sent /lchat you broke the rules of potato comunity, you will going to b a somosa 1-24-2021, 5:09:39 PM
killer3000 (killer3000) sent /lchat aaajajajahaha 1-24-2021, 5:09:55 PM
killer3000 (killer3000) sent /lchat anu 1-24-2021, 5:10:09 PM
killer3000 (killer3000) sent /lchat haha 1-24-2021, 5:10:11 PM
killer3000 (killer3000) sent /lchat my kachori 1-24-2021, 5:10:18 PM
killer3000 (killer3000) sent /lchat ahaha 1-24-2021, 5:10:20 PM
killer3000 (killer3000) sent /t rofl now? 1-24-2021, 5:10:34 PM
killer3000 (killer3000) sent /t bord bord bord bord bord bord  bord bord 1-24-2021, 5:10:52 PM
killer3000 (killer3000) sent /t hey roflgamer? lets go to tt 1-24-2021, 5:11:21 PM
killer3000 (killer3000) sent /t ok 1-24-2021, 5:11:34 PM
killer3000 (killer3000) sent /t comhmhmhmhmhmhmhmhmhmhmhmhmhmhmhmhmhmhmhme? 1-24-2021, 5:11:55 PM
killer3000 (killer3000) sent /t vPublic: TeamTalk 5 Official Server (UK) 1-24-2021, 5:12:11 PM
killer3000 (killer3000) sent /t ok 1-24-2021, 5:12:49 PM
killer3000 (killer3000) sent /t join 1-24-2021, 5:13:54 PM
killer3000 (killer3000) sent /t pass is tk 1-24-2021, 5:13:59 PM
killer3000 (killer3000) sent /t tk 1-24-2021, 5:14:13 PM
killer3000 (killer3000) sent /t tk 1-24-2021, 5:15:56 PM
killer3000 (killer3000) sent /t with out spais 1-24-2021, 5:16:06 PM
killer3000 (killer3000) sent /t OK  button 1-24-2021, 5:17:31 PM
killer3000 (killer3000) sent /t rong lol 1-24-2021, 5:17:55 PM
killer3000 (killer3000) sent /t roflgamer you create 1-24-2021, 5:18:02 PM
killer3000 (killer3000) sent /t join rofl 1-24-2021, 5:18:31 PM
killer3000 (killer3000) sent /t channel is rofl 1-24-2021, 5:18:39 PM
killer3000 (killer3000) sent /t pass is tk 1-24-2021, 5:18:45 PM
killer3000 (killer3000) sent /t yes 1-24-2021, 5:21:30 PM
killer3000 (killer3000) sent /lchat heheeehee 1-24-2021, 5:34:15 PM
killer3000 (killer3000) sent /lchat hehehehee 1-24-2021, 5:34:27 PM
killer3000 (killer3000) sent /lchat i wan a good builhlhlhllhlhhllding gamhmhmhmhmhmhmhmhme? 1-24-2021, 5:35:33 PM
killer3000 (killer3000) sent /lchat now i can do this 1-24-2021, 5:36:32 PM
killer3000 (killer3000) sent /lchat almost over! just a little more! 1-24-2021, 5:39:23 PM
killer3000 (killer3000) sent /lchat ahahaha boom 1-24-2021, 5:40:05 PM
killer3000 (killer3000) sent /lchat hahaha 1-24-2021, 5:40:09 PM
killer3000 (killer3000) sent /lchat ahaha] 1-24-2021, 5:40:24 PM
killer3000 (killer3000) sent /gnsubmit 25 1-24-2021, 5:40:46 PM
killer3000 (killer3000) sent /lchat come baby come 1-24-2021, 5:42:01 PM
killer3000 (killer3000) sent /lchat hehehe 1-24-2021, 5:42:07 PM
killer3000 (killer3000) sent /lchat ahaha 1-24-2021, 5:42:15 PM
killer3000 (killer3000) sent /lchat this time i will dai ahaha 1-24-2021, 5:42:35 PM
killer3000 (killer3000) sent /t caling? 1-24-2021, 5:43:02 PM
killer3000 (killer3000) sent /t ok 1-24-2021, 5:43:06 PM
killer3000 (killer3000) sent /t wait 1-24-2021, 5:43:16 PM
killer3000 (killer3000) sent /t i will close lapy 1-24-2021, 5:43:25 PM