
major (major) sent /vote now 1-24-2021, 8:22:54 AM
major (major) sent /lchat turn of mask 1-24-2021, 8:23:01 AM
major (major) sent /lchat turn off mask 1-24-2021, 8:23:09 AM
major (major) sent /lchat what bro? 1-24-2021, 8:23:23 AM
major (major) sent /lchat yeah 1-24-2021, 8:25:34 AM
major (major) sent /lchat prashant 1-24-2021, 8:26:15 AM
major (major) sent /lchat how to jump 2 times a 1-24-2021, 8:26:31 AM
major (major) sent /lchat weapon challenge 1-24-2021, 8:26:47 AM
major (major) sent /lchat 2 times frunt and 1 time right 1-24-2021, 8:26:59 AM
major (major) sent /lchat newbie major:   2 times frunt and 1 time right 1-24-2021, 8:27:09 AM
major (major) sent /t prashant  1-24-2021, 8:30:06 AM
major (major) sent /lchat hello prashant 1-24-2021, 8:30:22 AM
major (major) sent /lchat prashant 2 times frunt 1 times right 1-24-2021, 8:31:02 AM
major (major) sent /lchat one time 1-24-2021, 8:31:08 AM
major (major) sent /pm prashant hay  1-24-2021, 8:32:02 AM
major (major) sent /r you are in team with to accounts? 1-24-2021, 8:32:13 AM
major (major) sent /lchat prashant is part of the masters team 1-24-2021, 8:32:32 AM
major (major) sent /r prashant is part of the masters team 1-24-2021, 8:32:38 AM
major (major) sent /r oh 1-24-2021, 8:33:01 AM
major (major) sent /members 1-24-2021, 8:33:15 AM
major (major) sent /lchat ware? 1-24-2021, 8:33:35 AM
major (major) sent /lchat prashant? 1-24-2021, 8:33:48 AM
major (major) sent /lchat is this your name 1-24-2021, 8:36:46 AM
major (major) sent /lchat fump 1-24-2021, 8:37:27 AM
major (major) sent /lchat jump 1-24-2021, 8:37:30 AM
major (major) sent /lchat 2 times right one time frunt jump 1-24-2021, 8:37:47 AM
major (major) sent /pm mrido sorry  1-24-2021, 8:37:59 AM
major (major) sent /pm mrido 2 times frunt 1 time right  1-24-2021, 8:38:13 AM
major (major) sent /pm mrido let us try? 1-24-2021, 8:38:49 AM
major (major) sent /lchat 2 times frumt 1 time right 1-24-2021, 8:38:59 AM
major (major) sent /lchat now try to seee 1-24-2021, 8:39:16 AM
major (major) sent /lchat way? * 1-24-2021, 8:39:44 AM
major (major) sent /lchat tellllllllllllllll how to jump slow 1-24-2021, 8:42:30 AM
major (major) sent /lchat shell i use kannen? 1-24-2021, 8:42:39 AM
major (major) sent /lchat why 1-24-2021, 8:42:47 AM
major (major) sent /lchat then  1-24-2021, 8:43:14 AM
major (major) sent /lchat rofl 1-24-2021, 8:43:32 AM
major (major) sent /lchat nice? 1-24-2021, 8:43:59 AM
major (major) sent /lchat rofl 1-24-2021, 8:44:10 AM
major (major) sent /lchat rofl 1-24-2021, 8:45:00 AM
major (major) sent /lchat what 1-24-2021, 8:45:19 AM
major (major) sent /lchat tell 1-24-2021, 8:45:34 AM
major (major) sent /lchat how to jump slwo 1-24-2021, 8:45:43 AM
major (major) sent /pm mrido rofl  1-24-2021, 8:47:14 AM
major (major) sent /suicide 1-24-2021, 8:47:53 AM
major (major) sent /lchat rofl 1-24-2021, 8:50:04 AM
major (major) sent /suicide 1-24-2021, 9:08:40 AM
major (major) sent /lchat 418 health, 0 shielded shots. 1-24-2021, 9:12:20 AM
major (major) sent /cancelauction 1-24-2021, 9:13:32 AM
major (major) sent /cancelauction 1-24-2021, 9:13:46 AM
major (major) sent /cancelauction 1-24-2021, 9:16:10 AM
major (major) sent /cancelauction 1-24-2021, 9:18:26 AM
major (major) sent /cancelauction 1-24-2021, 9:18:49 AM
major (major) sent /cancelauction 1-24-2021, 9:25:37 AM
major (major) sent /bid 3 1-24-2021, 9:27:05 AM
major (major) sent /bid 61 1-24-2021, 9:27:19 AM
major (major) sent /r ware? 1-24-2021, 9:33:02 AM
major (major) sent /r ware  1-24-2021, 9:35:06 AM
major (major) sent /r wich map 1-24-2021, 9:35:16 AM
major (major) sent /r if i die? 1-24-2021, 9:35:22 AM
major (major) sent /r wich map 1-24-2021, 9:35:43 AM
major (major) sent /r K 1-24-2021, 9:35:51 AM
major (major) sent /r but you hd placed sky mines? 1-24-2021, 9:36:02 AM
major (major) sent /r K 1-24-2021, 9:36:18 AM
major (major) sent /r k waite 1-24-2021, 9:36:22 AM
major (major) sent /pm anil need help? 1-24-2021, 9:37:47 AM
major (major) sent /r  why? 1-24-2021, 9:38:15 AM
major (major) sent /r what you want to destroy 1-24-2021, 9:38:32 AM
major (major) sent /r rofl 1-24-2021, 9:38:45 AM
major (major) sent /pm anil hay 1-24-2021, 9:38:54 AM
major (major) sent /r need help 1-24-2021, 9:39:00 AM
major (major) sent /r need help 1-24-2021, 9:39:06 AM
major (major) sent /r yeah 1-24-2021, 9:39:29 AM
major (major) sent /r i will give items from this account you should give me back 1-24-2021, 9:39:48 AM
major (major) sent /suicide 1-24-2021, 9:40:51 AM
major (major) sent /r cumming waite  1-24-2021, 9:42:21 AM
major (major) sent /r making some coins 1-24-2021, 9:42:25 AM
major (major) sent /r rofl 1-24-2021, 9:42:58 AM
major (major) sent /suicide 1-24-2021, 9:43:39 AM
major (major) sent /r pass to old main map at 30, 0, 0 1-24-2021, 9:45:36 AM
major (major) sent /lchat waite anil 1-24-2021, 9:45:47 AM
major (major) sent /r k  1-24-2021, 9:47:17 AM
major (major) sent /pm anil hay 1-24-2021, 9:47:22 AM
major (major) sent /pm blindgamers14 tell 1-24-2021, 9:47:56 AM
major (major) sent /shem 1-24-2021, 9:48:12 AM
major (major) sent /mesh 1-24-2021, 9:48:14 AM
major (major) sent /me sh 1-24-2021, 9:48:19 AM
major (major) sent /shem 1-24-2021, 9:48:24 AM
major (major) sent /me ware 1-24-2021, 9:48:35 AM
major (major) sent /me ware 1-24-2021, 9:48:39 AM
major (major) sent /r waite i wil ask  1-24-2021, 9:50:11 AM
major (major) sent /r not now later i will cum rofl 1-24-2021, 9:50:42 AM
major (major) sent /lchat the zz shelter belonging to blindgamers14 with 10000000 health is streight behind, 6 feet away.  1-24-2021, 9:51:15 AM
major (major) sent /lchat the zz shelter belonging to blindgamers14 with 10000000 health is streight behind, 6 feet away.  1-24-2021, 9:51:20 AM
major (major) sent /lchat the zz shelter belonging to blindgamers14 with 10000000 health is streight behind, 6 feet away.  1-24-2021, 9:51:28 AM
major (major) sent /pm blindgamers14 hay 1-24-2021, 9:51:34 AM
major (major) sent /pm blindgamers14 10 million helth 1-24-2021, 9:51:42 AM
major (major) sent /r newbie major:   the zz shelter belonging to blindgamers14 with 10000000 health is streight behind, 6 feet away.  1-24-2021, 9:51:54 AM
major (major) sent /r nice 1-24-2021, 9:52:04 AM
major (major) sent /r hello 1-24-2021, 9:52:14 AM
major (major) sent /pm sgamer tell  1-24-2021, 9:58:33 AM
major (major) sent /pm sgamer what all you did 1-24-2021, 9:58:40 AM
major (major) sent /r game 1-24-2021, 9:58:59 AM
major (major) sent /r what all you did 1-24-2021, 9:59:06 AM
major (major) sent /r oh 1-24-2021, 9:59:44 AM
major (major) sent /r edit that files  1-24-2021, 10:00:05 AM
major (major) sent /r team system should be like in this game 1-24-2021, 10:00:33 AM
major (major) sent /r we should not keep any animals  1-24-2021, 10:01:03 AM
major (major) sent /r no animals and no robots 1-24-2021, 10:01:16 AM
major (major) sent /r it will create so much of lag 1-24-2021, 10:01:27 AM
major (major) sent /r our game should be with out lag 1-24-2021, 10:01:49 AM
major (major) sent /r why? 1-24-2021, 10:02:13 AM
major (major) sent /r and we should not  keep nember system 1-24-2021, 10:02:35 AM
major (major) sent /r like 1-24-2021, 10:02:40 AM
major (major) sent /r you are level 25 with 76528 experience. your next level requireds 1597 experience 1-24-2021, 10:02:43 AM
major (major) sent /r it should not be there 1-24-2021, 10:02:54 AM
major (major) sent /r only rinkes 1-24-2021, 10:03:09 AM
major (major) sent /r tell 1-24-2021, 10:03:44 AM
major (major) sent /r k 1-24-2021, 10:04:03 AM
major (major) sent /r when we kill a player we should get 1 million dollars or some thing like that 1-24-2021, 10:04:44 AM
major (major) sent /r salman 1-24-2021, 10:05:01 AM
major (major) sent /r when we kill a player we should get 1  million dollars 1-24-2021, 10:05:28 AM
major (major) sent /r how much 1-24-2021, 10:05:36 AM
major (major) sent /r 500000? 1-24-2021, 10:05:44 AM
major (major) sent /r no i am saying that remove animals and   keep when we kill a player we should get 1 million 1-24-2021, 10:06:16 AM
major (major) sent /r bolo? 1-24-2021, 10:07:41 AM
major (major) sent /r khasay hay? 1-24-2021, 10:07:48 AM
major (major) sent /cancelauction 1-24-2021, 10:08:29 AM