
ramil(ramil) used a stp429_mini_missile 9-25-2020, 9:20:20 PM
ramil(ramil) used a stp429_mini_missile 9-25-2020, 9:20:20 PM
ramil(ramil) used a stp429_mini_missile 9-25-2020, 9:20:20 PM
ramil(ramil) used a stp429_mini_missile 9-25-2020, 9:20:30 PM
ramil(ramil) used a stp429_mini_missile 9-25-2020, 9:20:30 PM
ramil(ramil) used a stp429_mini_missile 9-25-2020, 9:20:30 PM
ramil(ramil) used a stp429_mini_missile 9-25-2020, 9:20:30 PM
ramil(ramil) used a stp429_mini_missile 9-25-2020, 9:20:31 PM
ramil(ramil) used a stp429_mini_missile 9-25-2020, 9:20:31 PM
ramil(ramil) used a stp429_mini_missile 9-25-2020, 9:20:31 PM
ramil(ramil) used a stp429_mini_missile 9-25-2020, 9:20:31 PM
ramil(ramil) used a stp429_mini_missile 9-25-2020, 9:20:32 PM
ramil(ramil) used a stp429_mini_missile 9-25-2020, 9:20:32 PM
ramil(ramil) used a stp429_mini_missile 9-25-2020, 9:20:32 PM
ramil(ramil) used a stp429_mini_missile 9-25-2020, 9:20:32 PM
ramil(ramil) used a stp429_mini_missile 9-25-2020, 9:20:32 PM
ramil(ramil) used a stp429_mini_missile 9-25-2020, 9:21:34 PM
ramil(ramil) used a stp429_mini_missile 9-25-2020, 9:21:34 PM
ramil(ramil) used a stp429_mini_missile 9-25-2020, 9:21:35 PM
ramil(ramil) used a stp429_mini_missile 9-25-2020, 9:21:35 PM
ramil(ramil) used a stp429_mini_missile 9-25-2020, 9:21:35 PM
ramil(ramil) used a stp429_mini_missile 9-25-2020, 9:21:56 PM
ramil(ramil) used a stp429_mini_missile 9-25-2020, 9:21:56 PM
ramil(ramil) used a stp429_mini_missile 9-25-2020, 9:21:57 PM
ramil(ramil) used a stp429_mini_missile 9-25-2020, 9:21:57 PM
ramil(ramil) used a stp429_mini_missile 9-25-2020, 9:21:57 PM
ramil(ramil) used a stp429_mini_missile 9-25-2020, 9:21:57 PM
ramil(ramil) used a stp429_mini_missile 9-25-2020, 9:21:57 PM
ramil(ramil) used a stp429_mini_missile 9-25-2020, 9:21:57 PM
ramil(ramil) used a stp429_mini_missile 9-25-2020, 9:21:58 PM
ramil(ramil) used a stp429_mini_missile 9-25-2020, 9:21:58 PM
ramil(ramil) used a stp429_mini_missile 9-25-2020, 9:21:58 PM
ramil(ramil) used a stp429_mini_missile 9-25-2020, 9:21:58 PM
ramil(ramil) used a stp429_mini_missile 9-25-2020, 9:21:58 PM
ramil(ramil) used a stp429_mini_missile 9-25-2020, 9:21:58 PM
ramil(ramil) used a stp429_mini_missile 9-25-2020, 9:21:58 PM
ramil(ramil) used a stp429_mini_missile 9-25-2020, 9:22:01 PM
ramil(ramil) used a stp429_mini_missile 9-25-2020, 9:22:01 PM
ramil(ramil) used a stp429_mini_missile 9-25-2020, 9:22:02 PM
ramil(ramil) used a stp429_mini_missile 9-25-2020, 9:22:02 PM
ramil(ramil) used a stp429_mini_missile 9-25-2020, 9:22:02 PM
ramil(ramil) used a stp429_mini_missile 9-25-2020, 9:22:02 PM
ramil(ramil) used a stp429_mini_missile 9-25-2020, 9:22:02 PM
ramil(ramil) used a stp429_mini_missile 9-25-2020, 9:22:10 PM
ramil(ramil) used a stp429_mini_missile 9-25-2020, 9:22:11 PM
ramil(ramil) used a stp429_mini_missile 9-25-2020, 9:22:21 PM
ramil(ramil) used a stp429_mini_missile 9-25-2020, 9:22:21 PM
ramil(ramil) used a stp429_mini_missile 9-25-2020, 9:22:22 PM
ramil(ramil) used a stp429_mini_missile 9-25-2020, 9:22:22 PM
ramil(ramil) used a stp429_mini_missile 9-25-2020, 9:22:23 PM
ramil(ramil) used a stp429_mini_missile 9-25-2020, 9:22:23 PM
ramil(ramil) used a stp429_mini_missile 9-25-2020, 9:22:24 PM
ramil(ramil) used a stp429_mini_missile 9-25-2020, 9:22:24 PM
ramil(ramil) used a stp429_mini_missile 9-25-2020, 9:22:24 PM
ramil(ramil) used a hand_grenade 9-25-2020, 9:22:37 PM
ramil(ramil) used a stp429_mini_missile 9-25-2020, 9:22:56 PM
ramil(ramil) used a stp429_mini_missile 9-25-2020, 9:22:56 PM
ramil(ramil) used a stp429_mini_missile 9-25-2020, 9:22:56 PM
ramil(ramil) used a stp429_mini_missile 9-25-2020, 9:22:56 PM
ramil(ramil) used a stp429_mini_missile 9-25-2020, 9:22:56 PM
ramil(ramil) used a stp429_mini_missile 9-25-2020, 9:22:57 PM
ramil(ramil) used a stp429_mini_missile 9-25-2020, 9:22:57 PM
ramil(ramil) used a stp429_mini_missile 9-25-2020, 9:22:57 PM
ramil(ramil) used a stp429_mini_missile 9-25-2020, 9:22:57 PM
ramil(ramil) used a stp429_mini_missile 9-25-2020, 9:22:57 PM
ramil(ramil) used a stp429_mini_missile 9-25-2020, 9:22:57 PM
ramil(ramil) used a stp429_mini_missile 9-25-2020, 9:22:58 PM
ramil(ramil) used a stp429_mini_missile 9-25-2020, 9:22:58 PM
ramil(ramil) used a stp429_mini_missile 9-25-2020, 9:22:58 PM
ramil(ramil) used a stp429_mini_missile 9-25-2020, 9:23:16 PM
ramil(ramil) used a stp429_mini_missile 9-25-2020, 9:23:16 PM
ramil(ramil) used a stp429_mini_missile 9-25-2020, 9:23:16 PM
ramil(ramil) used a stp429_mini_missile 9-25-2020, 9:23:16 PM
ramil(ramil) used a health_orb 9-25-2020, 9:23:36 PM
ramil(ramil) used a antibiotic 9-25-2020, 9:23:46 PM
ramil(ramil) used a antibiotic 9-25-2020, 9:23:46 PM