
Alfina (Alfina) said Shit 1-26-2021, 6:42:54 AM
Alfina (Alfina) said you have 10 of 10 ammo in your ags30, and you have 90 bullets remaining 1-26-2021, 6:44:42 AM
Alfina (Alfina) said Whats the range of this weapon? 1-26-2021, 6:45:02 AM
Alfina (Alfina) said I can't run fast? 1-26-2021, 6:48:41 AM
Alfina (Alfina) said How to run fast? 1-26-2021, 6:49:40 AM
Alfina (Alfina) said Look at me 1-26-2021, 6:49:53 AM
Alfina (Alfina) said I'm holding the arow keys right now 1-26-2021, 6:50:15 AM
Alfina (Alfina) said But it moves slow only 1-26-2021, 6:50:25 AM
Alfina (Alfina) said you have 10 of 10 ammo in your ags30, and you have 590 bullets remaining 1-26-2021, 6:50:37 AM
Alfina (Alfina) said this 1-26-2021, 6:50:39 AM
Alfina (Alfina) said Oho 1-26-2021, 6:50:49 AM
Alfina (Alfina) said Yes 1-26-2021, 6:51:12 AM
Alfina (Alfina) said Come to main. Let us fight 1-26-2021, 6:51:22 AM
Alfina (Alfina) said What? 1-26-2021, 6:51:49 AM
Alfina (Alfina) said Shit 1-26-2021, 6:52:57 AM
Alfina (Alfina) said Hahahaha 1-26-2021, 6:55:08 AM
Alfina (Alfina) said Some of my friends told me when someone killed me in this game, I would loose of my inventary stuff. But now that is not happening> 1-26-2021, 6:56:22 AM
Alfina (Alfina) said Oh, How many tk games are here? 1-26-2021, 6:57:01 AM
Alfina (Alfina) said Is that game also like this? 1-26-2021, 6:57:18 AM
Alfina (Alfina) said Where can I get that game? 1-26-2021, 6:57:38 AM
Alfina (Alfina) said Wait there I'm coming 1-26-2021, 6:58:29 AM
Alfina (Alfina) said to fight with you 1-26-2021, 6:58:37 AM
Alfina (Alfina) said haha 1-26-2021, 7:05:56 AM
Alfina (Alfina) said How to handle the weapons? 1-26-2021, 7:06:12 AM
Alfina (Alfina) said This gmae is slightly difficult for me? 1-26-2021, 7:06:27 AM
Alfina (Alfina) said game 1-26-2021, 7:06:32 AM
Alfina (Alfina) said Can't move fast, Can't reload fast, can't complete the challenge maps, Can't jump fast. 1-26-2021, 7:07:29 AM
Alfina (Alfina) said pack_of_10_antibiotic, 1 1-26-2021, 7:08:52 AM
Alfina (Alfina) said Whats the use of this? 1-26-2021, 7:09:00 AM
Alfina (Alfina) said Oh ok 1-26-2021, 7:09:16 AM
Alfina (Alfina) said Ok 1-26-2021, 7:09:46 AM
Alfina (Alfina) said your message has been sent to the admins. 1-26-2021, 7:10:39 AM
Alfina (Alfina) said Ask them to add the automatic walking desaible mode 1-26-2021, 7:11:07 AM
Alfina (Alfina) said Are you able to jump in a quick succession? 1-26-2021, 7:12:06 AM
Alfina (Alfina) said Yes 1-26-2021, 7:12:14 AM
Alfina (Alfina) said oh 1-26-2021, 7:12:24 AM
Alfina (Alfina) said I can jump here. But can't jump while I'm running 1-26-2021, 7:12:54 AM
Alfina (Alfina) said I press several times but can jump only one time 1-26-2021, 7:13:53 AM
Alfina (Alfina) said What? 1-26-2021, 7:14:03 AM
Alfina (Alfina) said Look at me, Now I'm going to jump 5 tyles 1-26-2021, 7:15:03 AM
Alfina (Alfina) said haha 1-26-2021, 7:15:11 AM
Alfina (Alfina) said Moves 9 tyles 1-26-2021, 7:15:21 AM
Alfina (Alfina) said I don't know, This is the problem which I am facing while crossing the challenge maps 1-26-2021, 7:15:51 AM
Alfina (Alfina) said Again jump 5 tyles only 1-26-2021, 7:16:15 AM
Alfina (Alfina) said Which keyboad you are using? 1-26-2021, 7:16:32 AM
Alfina (Alfina) said Either laptop keyboad or external keyboad? 1-26-2021, 7:16:51 AM
Alfina (Alfina) said Me also using that 1-26-2021, 7:17:11 AM
Alfina (Alfina) said Hilo 1-26-2021, 7:18:00 AM
Alfina (Alfina) said prashant has changed their nickname to keriminati 1-26-2021, 7:22:32 AM
Alfina (Alfina) said Rofl 1-26-2021, 7:22:45 AM
Alfina (Alfina) said Haa! 1-26-2021, 7:24:34 AM
Alfina (Alfina) said Nothing is understandable for me 1-26-2021, 7:24:46 AM
Alfina (Alfina) said the best player is blindgamers14 with 311 kils! 1-26-2021, 7:25:57 AM
Alfina (Alfina) said general commands. spaces should be used to separate parameters. 1-26-2021, 7:28:53 AM
Alfina (Alfina) said recent changes. last updated on 12/26/2018, 12:35 pm central standard time 1-26-2021, 7:30:09 AM
Alfina (Alfina) said Admins and developers are from which country? 1-26-2021, 7:30:29 AM
Alfina (Alfina) said Oh 1-26-2021, 7:30:57 AM
Alfina (Alfina) said How to creat team 1-26-2021, 7:31:24 AM
Alfina (Alfina) said player alfina just stamped the stun grenade map, congratulations.! 1-26-2021, 2:25:31 PM
Alfina (Alfina) said Oh no! 1-26-2021, 2:29:12 PM
Alfina (Alfina) said Can't go out from here? 1-26-2021, 2:29:22 PM
Alfina (Alfina) said current location: press enter to get your reward 1-26-2021, 2:29:41 PM
Alfina (Alfina) said done 1-26-2021, 2:30:49 PM
Alfina (Alfina) said Wow! 1-26-2021, 3:00:29 PM
Alfina (Alfina) said congratulations, you've got 467222coins! 1-26-2021, 3:00:55 PM
Alfina (Alfina) said bye 1-26-2021, 3:00:59 PM