
best_nagibator (best_nagibator) said a 9-3-2020, 1:17:39 PM
best_nagibator (best_nagibator) said v/robotinfo 9-3-2020, 2:53:00 PM
best_nagibator (best_nagibator) said v 9-3-2020, 3:05:42 PM
best_nagibator (best_nagibator) said valentin 9-3-2020, 4:49:49 PM
best_nagibator (best_nagibator) said да не чего 9-3-2020, 4:53:49 PM
best_nagibator (best_nagibator) said zalp 9-3-2020, 5:44:13 PM
best_nagibator (best_nagibator) said с зульфикара 9-3-2020, 5:44:41 PM
best_nagibator (best_nagibator) said или с нак тк 9-3-2020, 5:45:17 PM
best_nagibator (best_nagibator) said ой накнк 9-3-2020, 5:45:23 PM
best_nagibator (best_nagibator) said я профи потому- что 9-3-2020, 5:46:44 PM
best_nagibator (best_nagibator) said .ыудд 9-3-2020, 5:49:56 PM
best_nagibator (best_nagibator) said valentin 9-3-2020, 5:51:35 PM
best_nagibator (best_nagibator) said valentin 9-3-2020, 5:52:45 PM
best_nagibator (best_nagibator) said держи 9-3-2020, 7:02:55 PM
best_nagibator (best_nagibator) said .ишв 20 9-3-2020, 7:03:14 PM
best_nagibator (best_nagibator) said ручные гранаты нужны 9-3-2020, 7:04:36 PM
best_nagibator (best_nagibator) said 12000000 9-3-2020, 7:05:37 PM
best_nagibator (best_nagibator) said было 9-3-2020, 7:05:45 PM
best_nagibator (best_nagibator) said патрон купи к оружию 9-3-2020, 7:06:09 PM
best_nagibator (best_nagibator) said короче слышишь где враг и танцуй влево вправо и бей шифт энтер 9-3-2020, 7:07:11 PM
best_nagibator (best_nagibator) said и отходи на зад 9-3-2020, 7:07:21 PM
best_nagibator (best_nagibator) said тебе надо качаться нв кириддовской карте 9-3-2020, 7:07:40 PM
best_nagibator (best_nagibator) said ой 9-3-2020, 7:07:50 PM
best_nagibator (best_nagibator) said http://modified-games.ru/hvr/hvr.zip 9-3-2020, 7:08:42 PM
best_nagibator (best_nagibator) said новая 9-3-2020, 7:09:16 PM
best_nagibator (best_nagibator) said иди на 25 25 0 9-3-2020, 7:09:59 PM
best_nagibator (best_nagibator) said там кириллы роботы 9-3-2020, 7:10:06 PM
best_nagibator (best_nagibator) said бей их с ручных гранат. 9-3-2020, 7:10:17 PM
best_nagibator (best_nagibator) said ой 9-3-2020, 7:10:46 PM
best_nagibator (best_nagibator) said молоток 9-3-2020, 7:11:58 PM
best_nagibator (best_nagibator) said подхилься 9-3-2020, 7:13:10 PM
best_nagibator (best_nagibator) said антибиотиков выпий. 9-3-2020, 7:13:20 PM
best_nagibator (best_nagibator) said купи патрны к оружию 9-3-2020, 7:15:27 PM
best_nagibator (best_nagibator) said на 0 10 9-3-2020, 7:15:33 PM
best_nagibator (best_nagibator) said стой на нулях с зульфикаром и гаси роботов 9-3-2020, 7:19:15 PM
best_nagibator (best_nagibator) said потом сменишь зульфикар на кулаки и подбери бабки после роботов 9-3-2020, 7:20:00 PM
best_nagibator (best_nagibator) said перезаряди винтовку 9-3-2020, 7:21:20 PM
best_nagibator (best_nagibator) said ты есть в тт 9-3-2020, 7:24:38 PM
best_nagibator (best_nagibator) said на каком портале 9-3-2020, 7:24:52 PM
best_nagibator (best_nagibator) said гикие земли 9-3-2020, 7:25:06 PM
best_nagibator (best_nagibator) said знаешь пароль от какой-нибудь приватной комнаты 9-3-2020, 7:25:27 PM
best_nagibator (best_nagibator) said босса надо с канана гасить 9-3-2020, 7:27:55 PM
best_nagibator (best_nagibator) said bjjjjjfff 9-3-2020, 7:29:06 PM
best_nagibator (best_nagibator) said пошли на гикие земли 9-3-2020, 7:30:05 PM
best_nagibator (best_nagibator) said пошли на гикие замли 9-3-2020, 7:31:33 PM
best_nagibator (best_nagibator) said заходи на земли 9-3-2020, 7:35:03 PM
best_nagibator (best_nagibator) said bjjjjjfff 9-3-2020, 7:51:27 PM
best_nagibator (best_nagibator) said нужна оружка 9-3-2020, 8:04:44 PM
best_nagibator (best_nagibator) said далер оружки хош 9-3-2020, 8:05:17 PM
best_nagibator (best_nagibator) said .ссылку давал же 9-3-2020, 8:05:33 PM
best_nagibator (best_nagibator) said патроны купи к оружке 9-3-2020, 8:10:16 PM
best_nagibator (best_nagibator) said красава. 9-3-2020, 8:16:37 PM