
best_nagibator (best_nagibator) sent /sell 9-3-2020, 11:33:18 AM
best_nagibator (best_nagibator) sent /robotinfo 9-3-2020, 11:34:32 AM
best_nagibator (best_nagibator) sent /robotinfo 9-3-2020, 11:40:09 AM
best_nagibator (best_nagibator) sent /robotinfo 9-3-2020, 11:52:46 AM
best_nagibator (best_nagibator) sent /robotinfo 9-3-2020, 11:55:28 AM
best_nagibator (best_nagibator) sent /suicide 9-3-2020, 12:19:38 PM
best_nagibator (best_nagibator) sent /sell 9-3-2020, 12:19:56 PM
best_nagibator (best_nagibator) sent /sell 9-3-2020, 12:20:12 PM
best_nagibator (best_nagibator) sent //sell 9-3-2020, 12:20:25 PM
best_nagibator (best_nagibator) sent /sekk 9-3-2020, 12:20:30 PM
best_nagibator (best_nagibator) sent /sell 9-3-2020, 12:20:33 PM
best_nagibator (best_nagibator) sent /sell 9-3-2020, 12:20:48 PM
best_nagibator (best_nagibator) sent /sell 9-3-2020, 12:21:02 PM
best_nagibator (best_nagibator) sent /sell 9-3-2020, 12:21:26 PM
best_nagibator (best_nagibator) sent /sell 9-3-2020, 12:21:36 PM
best_nagibator (best_nagibator) sent /sell 9-3-2020, 12:21:45 PM
best_nagibator (best_nagibator) sent /sell 9-3-2020, 12:22:11 PM
best_nagibator (best_nagibator) sent /sell 9-3-2020, 12:22:20 PM
best_nagibator (best_nagibator) sent /sell 9-3-2020, 12:22:33 PM
best_nagibator (best_nagibator) sent /sell 9-3-2020, 12:22:38 PM
best_nagibator (best_nagibator) sent /sell 9-3-2020, 12:22:51 PM
best_nagibator (best_nagibator) sent /sell 9-3-2020, 12:23:12 PM
best_nagibator (best_nagibator) sent /sell 9-3-2020, 12:23:21 PM
best_nagibator (best_nagibator) sent /sell 9-3-2020, 12:23:37 PM
best_nagibator (best_nagibator) sent /sell 9-3-2020, 12:25:34 PM
best_nagibator (best_nagibator) sent /sell 9-3-2020, 12:25:52 PM
best_nagibator (best_nagibator) sent /sell 9-3-2020, 12:26:28 PM
best_nagibator (best_nagibator) sent /sell 9-3-2020, 12:26:46 PM
best_nagibator (best_nagibator) sent /sell 9-3-2020, 12:27:05 PM
best_nagibator (best_nagibator) sent /sell 9-3-2020, 12:27:17 PM
best_nagibator (best_nagibator) sent /sell 9-3-2020, 12:49:30 PM
best_nagibator (best_nagibator) sent /suicide 9-3-2020, 12:51:22 PM
best_nagibator (best_nagibator) sent /sell 9-3-2020, 12:54:31 PM
best_nagibator (best_nagibator) sent /sell 9-3-2020, 12:57:03 PM
best_nagibator (best_nagibator) sent /sell 9-3-2020, 12:57:18 PM
best_nagibator (best_nagibator) sent /sell 9-3-2020, 12:57:54 PM
best_nagibator (best_nagibator) sent /afk 9-3-2020, 1:12:54 PM
best_nagibator (best_nagibator) sent /inv 9-3-2020, 1:12:58 PM
best_nagibator (best_nagibator) sent /robotinfo 9-3-2020, 1:31:07 PM
best_nagibator (best_nagibator) sent /robotinfo 9-3-2020, 1:31:34 PM
best_nagibator (best_nagibator) sent /robotinfo 9-3-2020, 1:31:45 PM
best_nagibator (best_nagibator) sent /robotinfo 9-3-2020, 1:31:59 PM
best_nagibator (best_nagibator) sent /robotinfo 9-3-2020, 1:32:06 PM
best_nagibator (best_nagibator) sent /robotinfo 9-3-2020, 1:32:11 PM
best_nagibator (best_nagibator) sent /robotinfo 9-3-2020, 1:33:55 PM
best_nagibator (best_nagibator) sent /robotinfo 9-3-2020, 1:37:19 PM
best_nagibator (best_nagibator) sent /robotinfo 9-3-2020, 1:37:24 PM
best_nagibator (best_nagibator) sent /robotinfo 9-3-2020, 1:37:54 PM
best_nagibator (best_nagibator) sent /robotinfo 9-3-2020, 1:40:39 PM
best_nagibator (best_nagibator) sent /robotinfo 9-3-2020, 1:40:43 PM
best_nagibator (best_nagibator) sent /sell 9-3-2020, 2:27:36 PM
best_nagibator (best_nagibator) sent /robotinfo 9-3-2020, 2:34:00 PM
best_nagibator (best_nagibator) sent /robotinfo 9-3-2020, 2:38:25 PM
best_nagibator (best_nagibator) sent /robotinfo 9-3-2020, 2:39:09 PM
best_nagibator (best_nagibator) sent /robotinfo 9-3-2020, 2:46:39 PM
best_nagibator (best_nagibator) sent /robotinfo 9-3-2020, 2:46:41 PM
best_nagibator (best_nagibator) sent /robotinfo 9-3-2020, 2:46:46 PM
best_nagibator (best_nagibator) sent /robotinfo 9-3-2020, 2:46:51 PM
best_nagibator (best_nagibator) sent /robotinfo 9-3-2020, 2:46:59 PM
best_nagibator (best_nagibator) sent /robotinfo 9-3-2020, 2:47:55 PM
best_nagibator (best_nagibator) sent /robotinfo 9-3-2020, 2:50:51 PM
best_nagibator (best_nagibator) sent /robotinfo 9-3-2020, 2:50:52 PM
best_nagibator (best_nagibator) sent /robotinfo 9-3-2020, 2:53:02 PM
best_nagibator (best_nagibator) sent /robotinfo 9-3-2020, 2:54:08 PM
best_nagibator (best_nagibator) sent /robotinfo 9-3-2020, 2:54:21 PM
best_nagibator (best_nagibator) sent /robotinfo 9-3-2020, 2:54:28 PM
best_nagibator (best_nagibator) sent /robotinfo 9-3-2020, 2:54:45 PM
best_nagibator (best_nagibator) sent /robotinfo 9-3-2020, 2:55:46 PM
best_nagibator (best_nagibator) sent /robotinfo 9-3-2020, 2:55:54 PM
best_nagibator (best_nagibator) sent /robotinfo 9-3-2020, 2:56:51 PM
best_nagibator (best_nagibator) sent /robotinfo 9-3-2020, 2:57:06 PM
best_nagibator (best_nagibator) sent /robotinfo 9-3-2020, 2:57:33 PM
best_nagibator (best_nagibator) sent /robotinfo 9-3-2020, 2:57:50 PM
best_nagibator (best_nagibator) sent /robotinfo 9-3-2020, 2:58:51 PM
best_nagibator (best_nagibator) sent /robotinfo 9-3-2020, 3:01:35 PM
best_nagibator (best_nagibator) sent /robotinfo 9-3-2020, 3:01:44 PM
best_nagibator (best_nagibator) sent /robotinfo 9-3-2020, 3:02:07 PM
best_nagibator (best_nagibator) sent /robotinfo 9-3-2020, 3:02:13 PM
best_nagibator (best_nagibator) sent /robotinfo 9-3-2020, 3:02:35 PM
best_nagibator (best_nagibator) sent /robotinfo 9-3-2020, 3:03:02 PM
best_nagibator (best_nagibator) sent /robotinfo 9-3-2020, 3:05:19 PM
best_nagibator (best_nagibator) sent /robotinfo 9-3-2020, 3:05:43 PM
best_nagibator (best_nagibator) sent /robotinfo 9-3-2020, 3:06:04 PM
best_nagibator (best_nagibator) sent /robotinfo 9-3-2020, 3:06:47 PM
best_nagibator (best_nagibator) sent /robotinfo 9-3-2020, 3:06:59 PM
best_nagibator (best_nagibator) sent /robotinfo 9-3-2020, 3:07:10 PM
best_nagibator (best_nagibator) sent /robotinfo 9-3-2020, 3:07:21 PM
best_nagibator (best_nagibator) sent /robotinfo 9-3-2020, 3:07:32 PM
best_nagibator (best_nagibator) sent /robotinfo 9-3-2020, 3:09:03 PM
best_nagibator (best_nagibator) sent /robotinfo 9-3-2020, 3:10:03 PM
best_nagibator (best_nagibator) sent /robotinfo 9-3-2020, 3:10:19 PM
best_nagibator (best_nagibator) sent /robotinfo 9-3-2020, 3:10:55 PM
best_nagibator (best_nagibator) sent /sell 9-3-2020, 3:13:17 PM
best_nagibator (best_nagibator) sent /sell 9-3-2020, 3:17:03 PM
best_nagibator (best_nagibator) sent /sell 9-3-2020, 3:17:24 PM
best_nagibator (best_nagibator) sent /teammumbers 9-3-2020, 3:18:01 PM
best_nagibator (best_nagibator) sent /teannombers 9-3-2020, 3:18:10 PM
best_nagibator (best_nagibator) sent /help 9-3-2020, 3:18:12 PM
best_nagibator (best_nagibator) sent /changes 9-3-2020, 3:18:28 PM
best_nagibator (best_nagibator) sent /submit 20 9-3-2020, 3:18:49 PM
best_nagibator (best_nagibator) sent /request 9-3-2020, 3:19:17 PM
best_nagibator (best_nagibator) sent /help 9-3-2020, 3:19:21 PM
best_nagibator (best_nagibator) sent /events 9-3-2020, 3:19:34 PM
best_nagibator (best_nagibator) sent /help 9-3-2020, 3:19:38 PM
best_nagibator (best_nagibator) sent /beacon 9-3-2020, 3:20:17 PM
best_nagibator (best_nagibator) sent /beacon 9-3-2020, 3:20:25 PM
best_nagibator (best_nagibator) sent /beacon 9-3-2020, 3:20:35 PM
best_nagibator (best_nagibator) sent /becon 9-3-2020, 3:20:41 PM
best_nagibator (best_nagibator) sent /beacon 9-3-2020, 3:20:45 PM
best_nagibator (best_nagibator) sent /help 9-3-2020, 3:20:51 PM
best_nagibator (best_nagibator) sent /members 9-3-2020, 3:21:14 PM
best_nagibator (best_nagibator) sent /help 9-3-2020, 3:21:19 PM
best_nagibator (best_nagibator) sent /transfer homuyayzer 6 9-3-2020, 3:23:44 PM
best_nagibator (best_nagibator) sent /help 9-3-2020, 3:23:48 PM
best_nagibator (best_nagibator) sent /transfer 9-3-2020, 3:27:01 PM
best_nagibator (best_nagibator) sent /transfer 9-3-2020, 3:27:02 PM
best_nagibator (best_nagibator) sent /robotinfo 9-3-2020, 3:27:37 PM
best_nagibator (best_nagibator) sent /robotinfo 9-3-2020, 3:28:09 PM
best_nagibator (best_nagibator) sent /afk 9-3-2020, 3:29:05 PM
best_nagibator (best_nagibator) sent /where /robotinfo 9-3-2020, 3:38:45 PM
best_nagibator (best_nagibator) sent /where valentin 9-3-2020, 3:38:53 PM
best_nagibator (best_nagibator) sent /where valentin 9-3-2020, 3:39:21 PM
best_nagibator (best_nagibator) sent /where valentin 9-3-2020, 3:40:28 PM
best_nagibator (best_nagibator) sent /where valentin 9-3-2020, 3:41:59 PM
best_nagibator (best_nagibator) sent /where valentin 9-3-2020, 3:43:33 PM
best_nagibator (best_nagibator) sent /where valentin 9-3-2020, 3:43:45 PM
best_nagibator (best_nagibator) sent /bid 1000 9-3-2020, 3:48:10 PM
best_nagibator (best_nagibator) sent /canceblbid 9-3-2020, 3:48:33 PM
best_nagibator (best_nagibator) sent /cancel_bid 9-3-2020, 3:48:38 PM
best_nagibator (best_nagibator) sent /bid 4000 9-3-2020, 3:48:42 PM
best_nagibator (best_nagibator) sent /bid 200 9-3-2020, 3:49:41 PM
best_nagibator (best_nagibator) sent /bid 300 9-3-2020, 3:50:49 PM
best_nagibator (best_nagibator) sent /where  sergeant valentin: ?? ?? ?????? ?? ???? ? ???? ?????? 9-3-2020, 3:57:48 PM
best_nagibator (best_nagibator) sent /where vlad222 9-3-2020, 3:57:54 PM
best_nagibator (best_nagibator) sent /where valentin 9-3-2020, 3:58:02 PM
best_nagibator (best_nagibator) sent /where vlad222 9-3-2020, 4:02:07 PM
best_nagibator (best_nagibator) sent /where valentin 9-3-2020, 4:04:25 PM
best_nagibator (best_nagibator) sent /where valentin 9-3-2020, 4:06:18 PM
best_nagibator (best_nagibator) sent /where valentin 9-3-2020, 4:07:26 PM
best_nagibator (best_nagibator) sent /where valentin 9-3-2020, 4:09:08 PM
best_nagibator (best_nagibator) sent /where valentin 9-3-2020, 4:13:51 PM
best_nagibator (best_nagibator) sent /robotinfo 9-3-2020, 4:49:53 PM
best_nagibator (best_nagibator) sent /where valentin 9-3-2020, 4:53:07 PM
best_nagibator (best_nagibator) sent /where valentin 9-3-2020, 4:56:10 PM
best_nagibator (best_nagibator) sent /robotinfo 9-3-2020, 5:03:23 PM
best_nagibator (best_nagibator) sent /sell 9-3-2020, 5:04:36 PM
best_nagibator (best_nagibator) sent /afk 9-3-2020, 5:07:41 PM
best_nagibator (best_nagibator) sent /robotinfo 9-3-2020, 5:52:54 PM
best_nagibator (best_nagibator) sent /robotinfo 9-3-2020, 5:53:19 PM
best_nagibator (best_nagibator) sent /robotinfo 9-3-2020, 5:53:45 PM
best_nagibator (best_nagibator) sent /robotinfo 9-3-2020, 5:53:51 PM
best_nagibator (best_nagibator) sent /robotinfo 9-3-2020, 5:54:02 PM
best_nagibator (best_nagibator) sent /robotinfo 9-3-2020, 5:54:34 PM
best_nagibator (best_nagibator) sent /robotinfo 9-3-2020, 5:54:41 PM
best_nagibator (best_nagibator) sent /robotinfo 9-3-2020, 5:55:16 PM
best_nagibator (best_nagibator) sent /robotinfo 9-3-2020, 5:55:40 PM
best_nagibator (best_nagibator) sent /robotinfo 9-3-2020, 6:00:02 PM
best_nagibator (best_nagibator) sent /robotinfo 9-3-2020, 6:00:08 PM
best_nagibator (best_nagibator) sent /robotinfo 9-3-2020, 6:00:11 PM
best_nagibator (best_nagibator) sent /robotinfo 9-3-2020, 6:03:39 PM
best_nagibator (best_nagibator) sent /robotinfo 9-3-2020, 6:52:50 PM
best_nagibator (best_nagibator) sent /robotinfo 9-3-2020, 6:53:31 PM
best_nagibator (best_nagibator) sent /robotinfo 9-3-2020, 6:53:38 PM
best_nagibator (best_nagibator) sent /robotinfo 9-3-2020, 6:53:41 PM
best_nagibator (best_nagibator) sent /robotinfo 9-3-2020, 6:54:15 PM
best_nagibator (best_nagibator) sent /robotinfo 9-3-2020, 6:57:59 PM
best_nagibator (best_nagibator) sent /robotinfo 9-3-2020, 6:58:01 PM
best_nagibator (best_nagibator) sent /robotinfo 9-3-2020, 6:58:02 PM
best_nagibator (best_nagibator) sent /robotinfo 9-3-2020, 6:58:04 PM
best_nagibator (best_nagibator) sent /robotinfo 9-3-2020, 6:58:06 PM
best_nagibator (best_nagibator) sent /robotinfo 9-3-2020, 6:58:08 PM
best_nagibator (best_nagibator) sent /robotinfo 9-3-2020, 6:58:12 PM
best_nagibator (best_nagibator) sent /bid 20 9-3-2020, 7:03:22 PM
best_nagibator (best_nagibator) sent /robotinfo 9-3-2020, 7:16:31 PM
best_nagibator (best_nagibator) sent /robotinfo 9-3-2020, 7:16:35 PM
best_nagibator (best_nagibator) sent /robotinfo 9-3-2020, 7:16:37 PM
best_nagibator (best_nagibator) sent /robotinfo 9-3-2020, 7:16:38 PM
best_nagibator (best_nagibator) sent /robotinfo 9-3-2020, 7:16:44 PM
best_nagibator (best_nagibator) sent /sell 9-3-2020, 7:18:00 PM
best_nagibator (best_nagibator) sent /robotinfo 9-3-2020, 7:22:33 PM
best_nagibator (best_nagibator) sent /where /robotinfo 9-3-2020, 7:26:45 PM
best_nagibator (best_nagibator) sent /robotinfo 9-3-2020, 7:26:58 PM
best_nagibator (best_nagibator) sent /where bjjjjjfff 9-3-2020, 7:27:11 PM
best_nagibator (best_nagibator) sent /robotinfo 9-3-2020, 7:29:18 PM
best_nagibator (best_nagibator) sent /pm bjjjjjfff пошли на гикие земли. 9-3-2020, 7:38:58 PM
best_nagibator (best_nagibator) sent /robotinfo 9-3-2020, 7:51:33 PM
best_nagibator (best_nagibator) sent /robotinfo 9-3-2020, 7:51:37 PM
best_nagibator (best_nagibator) sent /robotinfo 9-3-2020, 7:51:39 PM
best_nagibator (best_nagibator) sent /robotinfo 9-3-2020, 7:52:12 PM
best_nagibator (best_nagibator) sent /suicide 9-3-2020, 9:47:37 PM
best_nagibator (best_nagibator) sent /sell 9-3-2020, 10:23:31 PM
best_nagibator (best_nagibator) sent /sell 9-3-2020, 10:23:41 PM
best_nagibator (best_nagibator) sent /sell 9-3-2020, 10:24:00 PM
best_nagibator (best_nagibator) sent /sell 9-3-2020, 10:24:25 PM
best_nagibator (best_nagibator) sent /sell 9-3-2020, 10:24:34 PM
best_nagibator (best_nagibator) sent /sell 9-3-2020, 10:25:06 PM
best_nagibator (best_nagibator) sent /sell 9-3-2020, 10:25:24 PM
best_nagibator (best_nagibator) sent /sell 9-3-2020, 10:25:46 PM
best_nagibator (best_nagibator) sent /sell 9-3-2020, 10:26:19 PM
best_nagibator (best_nagibator) sent /sell 9-3-2020, 10:26:29 PM