
franklin(franklin) used a health_drink 12-31-2020, 2:00:32 PM
franklin(franklin) used a health_drink 12-31-2020, 2:00:37 PM
franklin(franklin) used a health_drink 12-31-2020, 2:00:57 PM
franklin(franklin) used a health_drink 12-31-2020, 2:00:58 PM
franklin(franklin) used a health_drink 12-31-2020, 2:00:58 PM
franklin(franklin) used a health_drink 12-31-2020, 2:03:15 PM
franklin(franklin) used a health_drink 12-31-2020, 2:03:15 PM
franklin(franklin) used a health_drink 12-31-2020, 2:03:16 PM
franklin(franklin) used a health_drink 12-31-2020, 2:03:16 PM
franklin(franklin) used a health_drink 12-31-2020, 2:03:32 PM
franklin(franklin) used a health_drink 12-31-2020, 2:03:32 PM
franklin(franklin) used a health_drink 12-31-2020, 2:03:32 PM
franklin(franklin) used a health_drink 12-31-2020, 2:03:55 PM
franklin(franklin) used a health_drink 12-31-2020, 2:03:55 PM
franklin(franklin) used a health_drink 12-31-2020, 2:03:55 PM
franklin(franklin) used a health_drink 12-31-2020, 2:04:06 PM
franklin(franklin) used a health_drink 12-31-2020, 2:04:06 PM
franklin(franklin) used a health_drink 12-31-2020, 2:04:06 PM
franklin(franklin) used a health_drink 12-31-2020, 2:04:12 PM
franklin(franklin) used a health_drink 12-31-2020, 2:04:12 PM
franklin(franklin) used a health_drink 12-31-2020, 2:04:12 PM
franklin(franklin) used a health_drink 12-31-2020, 2:04:13 PM
franklin(franklin) used a health_drink 12-31-2020, 2:04:13 PM
franklin(franklin) used a health_drink 12-31-2020, 2:04:16 PM
franklin(franklin) used a health_drink 12-31-2020, 2:04:17 PM
franklin(franklin) used a health_drink 12-31-2020, 2:04:17 PM
franklin(franklin) used a health_drink 12-31-2020, 2:04:25 PM
franklin(franklin) used a health_drink 12-31-2020, 2:04:25 PM
franklin(franklin) used a health_drink 12-31-2020, 2:04:38 PM
franklin(franklin) used a health_drink 12-31-2020, 2:05:01 PM
franklin(franklin) used a health_drink 12-31-2020, 2:05:26 PM
franklin(franklin) used a health_drink 12-31-2020, 2:16:57 PM
franklin(franklin) used a health_drink 12-31-2020, 2:17:03 PM
franklin(franklin) used a health_drink 12-31-2020, 2:17:06 PM
franklin(franklin) used a health_drink 12-31-2020, 2:17:06 PM
franklin(franklin) used a health_drink 12-31-2020, 2:17:06 PM
franklin(franklin) used a health_drink 12-31-2020, 2:17:10 PM
franklin(franklin) used a health_drink 12-31-2020, 2:17:10 PM
franklin(franklin) used a health_drink 12-31-2020, 2:17:11 PM
franklin(franklin) used a health_drink 12-31-2020, 2:17:14 PM
franklin(franklin) used a health_drink 12-31-2020, 2:17:14 PM
franklin(franklin) used a health_drink 12-31-2020, 2:17:14 PM
franklin(franklin) used a health_drink 12-31-2020, 2:17:17 PM
franklin(franklin) used a health_drink 12-31-2020, 2:17:17 PM
franklin(franklin) used a health_drink 12-31-2020, 2:17:20 PM
franklin(franklin) used a health_drink 12-31-2020, 2:17:20 PM
franklin(franklin) used a health_drink 12-31-2020, 2:17:22 PM
franklin(franklin) used a health_drink 12-31-2020, 2:17:22 PM
franklin(franklin) used a health_drink 12-31-2020, 2:17:24 PM
franklin(franklin) used a health_drink 12-31-2020, 2:17:24 PM
franklin(franklin) used a shield 12-31-2020, 2:17:26 PM
franklin(franklin) used a shield 12-31-2020, 2:17:26 PM
franklin(franklin) used a shield 12-31-2020, 2:17:27 PM
franklin(franklin) used a shield 12-31-2020, 2:17:27 PM
franklin(franklin) used a health_drink 12-31-2020, 2:18:57 PM
franklin(franklin) used a health_drink 12-31-2020, 2:19:23 PM
franklin(franklin) used a health_drink 12-31-2020, 2:19:25 PM
franklin(franklin) used a health_drink 12-31-2020, 2:19:26 PM
franklin(franklin) used a health_drink 12-31-2020, 2:19:26 PM
franklin(franklin) used a open_beer_bottle 12-31-2020, 2:19:48 PM
franklin(franklin) used a open_beer_bottle 12-31-2020, 2:19:48 PM
franklin(franklin) used a open_beer_bottle 12-31-2020, 2:19:48 PM
franklin(franklin) used a open_beer_bottle 12-31-2020, 2:19:49 PM
franklin(franklin) used a open_beer_bottle 12-31-2020, 2:19:50 PM
franklin(franklin) used a open_beer_bottle 12-31-2020, 2:19:50 PM
franklin(franklin) used a open_beer_bottle 12-31-2020, 2:19:50 PM
franklin(franklin) used a open_beer_bottle 12-31-2020, 2:19:51 PM
franklin(franklin) used a open_beer_bottle 12-31-2020, 2:19:51 PM
franklin(franklin) used a open_beer_bottle 12-31-2020, 2:19:51 PM
franklin(franklin) used a open_beer_bottle 12-31-2020, 2:19:51 PM
franklin(franklin) used a open_beer_bottle 12-31-2020, 2:19:52 PM
franklin(franklin) used a open_beer_bottle 12-31-2020, 2:19:52 PM
franklin(franklin) used a open_beer_bottle 12-31-2020, 2:19:53 PM
franklin(franklin) used a open_beer_bottle 12-31-2020, 2:19:53 PM
franklin(franklin) used a open_beer_bottle 12-31-2020, 2:19:53 PM
franklin(franklin) used a open_beer_bottle 12-31-2020, 2:19:53 PM
franklin(franklin) used a open_beer_bottle 12-31-2020, 2:19:54 PM
franklin(franklin) used a open_beer_bottle 12-31-2020, 2:19:54 PM
franklin(franklin) used a open_beer_bottle 12-31-2020, 2:19:54 PM
franklin(franklin) used a open_beer_bottle 12-31-2020, 2:19:55 PM
franklin(franklin) used a open_beer_bottle 12-31-2020, 2:19:57 PM
franklin(franklin) used a open_beer_bottle 12-31-2020, 2:19:57 PM
franklin(franklin) used a open_beer_bottle 12-31-2020, 2:19:57 PM
franklin(franklin) used a open_beer_bottle 12-31-2020, 2:19:58 PM
franklin(franklin) used a open_beer_bottle 12-31-2020, 2:19:58 PM
franklin(franklin) used a open_beer_bottle 12-31-2020, 2:19:58 PM
franklin(franklin) used a open_beer_bottle 12-31-2020, 2:19:59 PM
franklin(franklin) used a open_beer_bottle 12-31-2020, 2:19:59 PM
franklin(franklin) used a open_beer_bottle 12-31-2020, 2:19:59 PM
franklin(franklin) used a open_beer_bottle 12-31-2020, 2:20:00 PM
franklin(franklin) used a open_beer_bottle 12-31-2020, 2:20:00 PM
franklin(franklin) used a open_beer_bottle 12-31-2020, 2:20:00 PM
franklin(franklin) used a open_beer_bottle 12-31-2020, 2:20:01 PM
franklin(franklin) used a open_beer_bottle 12-31-2020, 2:20:01 PM
franklin(franklin) used a open_beer_bottle 12-31-2020, 2:20:02 PM
franklin(franklin) used a open_beer_bottle 12-31-2020, 2:20:02 PM
franklin(franklin) used a open_beer_bottle 12-31-2020, 2:20:02 PM
franklin(franklin) used a open_beer_bottle 12-31-2020, 2:20:03 PM
franklin(franklin) used a open_beer_bottle 12-31-2020, 2:22:04 PM
franklin(franklin) used a open_beer_bottle 12-31-2020, 2:22:04 PM
franklin(franklin) used a open_beer_bottle 12-31-2020, 2:22:05 PM
franklin(franklin) used a open_beer_bottle 12-31-2020, 2:22:05 PM
franklin(franklin) used a open_beer_bottle 12-31-2020, 2:22:05 PM
franklin(franklin) used a open_beer_bottle 12-31-2020, 2:22:06 PM
franklin(franklin) used a open_beer_bottle 12-31-2020, 2:22:06 PM
franklin(franklin) used a open_beer_bottle 12-31-2020, 2:22:06 PM
franklin(franklin) used a open_beer_bottle 12-31-2020, 2:22:07 PM
franklin(franklin) used a open_beer_bottle 12-31-2020, 2:22:07 PM
franklin(franklin) used a open_beer_bottle 12-31-2020, 2:22:07 PM
franklin(franklin) used a open_beer_bottle 12-31-2020, 2:22:08 PM
franklin(franklin) used a open_beer_bottle 12-31-2020, 2:22:08 PM
franklin(franklin) used a open_beer_bottle 12-31-2020, 2:22:16 PM
franklin(franklin) used a open_beer_bottle 12-31-2020, 2:22:16 PM
franklin(franklin) used a open_beer_bottle 12-31-2020, 2:22:16 PM
franklin(franklin) used a open_beer_bottle 12-31-2020, 2:22:16 PM
franklin(franklin) used a open_beer_bottle 12-31-2020, 2:22:16 PM
franklin(franklin) used a open_beer_bottle 12-31-2020, 2:22:17 PM
franklin(franklin) used a open_beer_bottle 12-31-2020, 2:22:17 PM
franklin(franklin) used a open_beer_bottle 12-31-2020, 2:22:17 PM
franklin(franklin) used a open_beer_bottle 12-31-2020, 2:22:18 PM
franklin(franklin) used a open_beer_bottle 12-31-2020, 2:22:18 PM
franklin(franklin) used a open_beer_bottle 12-31-2020, 2:22:18 PM
franklin(franklin) used a open_beer_bottle 12-31-2020, 2:22:19 PM
franklin(franklin) used a open_beer_bottle 12-31-2020, 2:22:19 PM
franklin(franklin) used a open_beer_bottle 12-31-2020, 2:22:19 PM
franklin(franklin) used a open_beer_bottle 12-31-2020, 2:22:20 PM
franklin(franklin) used a open_beer_bottle 12-31-2020, 2:22:20 PM
franklin(franklin) used a open_beer_bottle 12-31-2020, 2:22:20 PM
franklin(franklin) used a open_beer_bottle 12-31-2020, 2:22:21 PM
franklin(franklin) used a open_beer_bottle 12-31-2020, 2:22:21 PM
franklin(franklin) used a open_beer_bottle 12-31-2020, 2:22:21 PM
franklin(franklin) used a open_beer_bottle 12-31-2020, 2:22:22 PM
franklin(franklin) used a open_beer_bottle 12-31-2020, 2:22:22 PM
franklin(franklin) used a open_beer_bottle 12-31-2020, 2:22:22 PM
franklin(franklin) used a open_beer_bottle 12-31-2020, 2:22:23 PM
franklin(franklin) used a open_beer_bottle 12-31-2020, 2:22:23 PM
franklin(franklin) used a open_beer_bottle 12-31-2020, 2:22:23 PM
franklin(franklin) used a open_beer_bottle 12-31-2020, 2:22:24 PM
franklin(franklin) used a open_beer_bottle 12-31-2020, 2:22:24 PM
franklin(franklin) used a open_beer_bottle 12-31-2020, 2:22:33 PM
franklin(franklin) used a open_beer_bottle 12-31-2020, 2:23:17 PM
franklin(franklin) used a open_beer_bottle 12-31-2020, 2:24:51 PM
franklin(franklin) used a open_beer_bottle 12-31-2020, 2:24:52 PM
franklin(franklin) used a open_beer_bottle 12-31-2020, 2:24:55 PM
franklin(franklin) used a open_beer_bottle 12-31-2020, 2:24:55 PM
franklin(franklin) used a open_beer_bottle 12-31-2020, 2:24:55 PM
franklin(franklin) used a open_beer_bottle 12-31-2020, 2:24:56 PM
franklin(franklin) used a open_beer_bottle 12-31-2020, 2:24:57 PM
franklin(franklin) used a open_beer_bottle 12-31-2020, 2:24:59 PM
franklin(franklin) used a open_beer_bottle 12-31-2020, 2:24:59 PM
franklin(franklin) used a open_beer_bottle 12-31-2020, 2:25:01 PM
franklin(franklin) used a open_beer_bottle 12-31-2020, 2:25:01 PM
franklin(franklin) used a open_beer_bottle 12-31-2020, 2:25:01 PM
franklin(franklin) used a health_drink 12-31-2020, 2:28:50 PM
franklin(franklin) used a health_drink 12-31-2020, 2:28:52 PM
franklin(franklin) used a health_drink 12-31-2020, 2:28:52 PM
franklin(franklin) used a health_drink 12-31-2020, 2:28:53 PM
franklin(franklin) used a health_drink 12-31-2020, 2:28:53 PM
franklin(franklin) used a health_drink 12-31-2020, 2:28:54 PM
franklin(franklin) used a health_drink 12-31-2020, 2:28:56 PM
franklin(franklin) used a health_drink 12-31-2020, 2:28:57 PM
franklin(franklin) used a health_drink 12-31-2020, 2:28:57 PM
franklin(franklin) used a health_drink 12-31-2020, 2:29:17 PM
franklin(franklin) used a nuclear_bomb 12-31-2020, 2:43:13 PM
franklin(franklin) used a health_drink 12-31-2020, 2:49:02 PM
franklin(franklin) used a health_drink 12-31-2020, 2:49:02 PM
franklin(franklin) used a health_drink 12-31-2020, 2:49:02 PM
franklin(franklin) used a health_drink 12-31-2020, 2:49:02 PM
franklin(franklin) used a health_drink 12-31-2020, 2:49:03 PM
franklin(franklin) used a health_drink 12-31-2020, 2:49:03 PM
franklin(franklin) used a health_drink 12-31-2020, 2:49:03 PM
franklin(franklin) used a health_drink 12-31-2020, 2:49:11 PM
franklin(franklin) used a health_drink 12-31-2020, 2:49:38 PM
franklin(franklin) used a health_drink 12-31-2020, 2:49:38 PM
franklin(franklin) used a health_drink 12-31-2020, 3:01:41 PM
franklin(franklin) used a health_drink 12-31-2020, 3:02:56 PM
franklin(franklin) used a health_drink 12-31-2020, 3:06:55 PM
franklin(franklin) used a health_drink 12-31-2020, 3:07:41 PM
franklin(franklin) used a health_drink 12-31-2020, 3:07:41 PM
franklin(franklin) used a health_drink 12-31-2020, 3:07:41 PM
franklin(franklin) used a health_drink 12-31-2020, 3:08:13 PM
franklin(franklin) used a health_drink 12-31-2020, 3:08:14 PM
franklin(franklin) used a health_drink 12-31-2020, 3:08:14 PM
franklin(franklin) used a health_drink 12-31-2020, 3:14:13 PM
franklin(franklin) used a health_drink 12-31-2020, 3:14:26 PM
franklin(franklin) used a health_drink 12-31-2020, 3:14:26 PM
franklin(franklin) used a open_beer_bottle 12-31-2020, 3:16:31 PM
franklin(franklin) used a open_beer_bottle 12-31-2020, 3:16:32 PM
franklin(franklin) used a open_beer_bottle 12-31-2020, 3:16:32 PM
franklin(franklin) used a open_beer_bottle 12-31-2020, 3:16:32 PM
franklin(franklin) used a open_beer_bottle 12-31-2020, 3:16:33 PM
franklin(franklin) used a open_beer_bottle 12-31-2020, 3:16:33 PM
franklin(franklin) used a open_beer_bottle 12-31-2020, 3:16:33 PM
franklin(franklin) used a open_beer_bottle 12-31-2020, 3:16:33 PM
franklin(franklin) used a open_beer_bottle 12-31-2020, 3:16:34 PM
franklin(franklin) used a open_beer_bottle 12-31-2020, 3:16:34 PM
franklin(franklin) used a open_beer_bottle 12-31-2020, 3:16:35 PM
franklin(franklin) used a open_beer_bottle 12-31-2020, 3:16:35 PM
franklin(franklin) used a open_beer_bottle 12-31-2020, 3:16:35 PM
franklin(franklin) used a open_beer_bottle 12-31-2020, 3:16:36 PM
franklin(franklin) used a open_beer_bottle 12-31-2020, 3:16:36 PM
franklin(franklin) used a open_beer_bottle 12-31-2020, 3:16:36 PM
franklin(franklin) used a open_beer_bottle 12-31-2020, 3:16:37 PM
franklin(franklin) used a open_beer_bottle 12-31-2020, 3:16:37 PM
franklin(franklin) used a open_beer_bottle 12-31-2020, 3:16:37 PM
franklin(franklin) used a open_beer_bottle 12-31-2020, 3:16:38 PM
franklin(franklin) used a open_beer_bottle 12-31-2020, 3:16:38 PM
franklin(franklin) used a open_beer_bottle 12-31-2020, 3:16:38 PM
franklin(franklin) used a open_beer_bottle 12-31-2020, 3:16:39 PM
franklin(franklin) used a open_beer_bottle 12-31-2020, 3:16:39 PM
franklin(franklin) used a open_beer_bottle 12-31-2020, 3:16:39 PM
franklin(franklin) used a open_beer_bottle 12-31-2020, 3:16:40 PM
franklin(franklin) used a open_beer_bottle 12-31-2020, 3:16:40 PM
franklin(franklin) used a shield 12-31-2020, 3:16:45 PM
franklin(franklin) used a shield 12-31-2020, 3:16:45 PM
franklin(franklin) used a shield 12-31-2020, 3:16:46 PM
franklin(franklin) used a shield 12-31-2020, 3:16:46 PM
franklin(franklin) used a shield 12-31-2020, 3:16:46 PM
franklin(franklin) used a shield 12-31-2020, 3:16:47 PM
franklin(franklin) used a shield 12-31-2020, 3:16:47 PM
franklin(franklin) used a shield 12-31-2020, 3:16:47 PM
franklin(franklin) used a shield 12-31-2020, 3:16:47 PM
franklin(franklin) used a shield 12-31-2020, 3:16:47 PM
franklin(franklin) used a shield 12-31-2020, 3:16:48 PM
franklin(franklin) used a shield 12-31-2020, 3:16:48 PM
franklin(franklin) used a shield 12-31-2020, 3:16:48 PM
franklin(franklin) used a shield 12-31-2020, 3:16:48 PM
franklin(franklin) used a shield 12-31-2020, 3:16:48 PM
franklin(franklin) used a shield 12-31-2020, 3:16:48 PM
franklin(franklin) used a shield 12-31-2020, 3:16:48 PM
franklin(franklin) used a shield 12-31-2020, 3:16:48 PM
franklin(franklin) used a shield 12-31-2020, 3:16:48 PM
franklin(franklin) used a shield 12-31-2020, 3:16:48 PM
franklin(franklin) used a shield 12-31-2020, 3:16:49 PM
franklin(franklin) used a shield 12-31-2020, 3:16:49 PM
franklin(franklin) used a shield 12-31-2020, 3:16:49 PM
franklin(franklin) used a shield 12-31-2020, 3:16:49 PM
franklin(franklin) used a shield 12-31-2020, 3:16:49 PM
franklin(franklin) used a shield 12-31-2020, 3:16:50 PM
franklin(franklin) used a shield 12-31-2020, 3:16:51 PM
franklin(franklin) used a shield 12-31-2020, 3:16:51 PM
franklin(franklin) used a health_drink 12-31-2020, 3:16:52 PM
franklin(franklin) used a the_legendary_sword 12-31-2020, 3:18:31 PM
franklin(franklin) used a wood_pack 12-31-2020, 3:20:19 PM
franklin(franklin) used a wood_pack 12-31-2020, 3:20:19 PM
franklin(franklin) used a wood_pack 12-31-2020, 3:20:19 PM
franklin(franklin) used a wood_pack 12-31-2020, 3:20:19 PM
franklin(franklin) used a wood_pack 12-31-2020, 3:20:19 PM
franklin(franklin) used a wood_pack 12-31-2020, 3:20:20 PM
franklin(franklin) used a wood_pack 12-31-2020, 3:20:20 PM
franklin(franklin) used a wood_pack 12-31-2020, 3:20:20 PM
franklin(franklin) used a wood_pack 12-31-2020, 3:20:20 PM
franklin(franklin) used a wood_pack 12-31-2020, 3:20:20 PM
franklin(franklin) used a wood_pack 12-31-2020, 3:20:20 PM
franklin(franklin) used a wood_pack 12-31-2020, 3:20:20 PM
franklin(franklin) used a wood_pack 12-31-2020, 3:20:20 PM
franklin(franklin) used a wood_pack 12-31-2020, 3:20:20 PM
franklin(franklin) used a wood_pack 12-31-2020, 3:20:20 PM
franklin(franklin) used a wood_pack 12-31-2020, 3:20:21 PM
franklin(franklin) used a wood_pack 12-31-2020, 3:20:21 PM
franklin(franklin) used a wood_pack 12-31-2020, 3:20:21 PM
franklin(franklin) used a wood_pack 12-31-2020, 3:20:21 PM
franklin(franklin) used a wood_pack 12-31-2020, 3:20:22 PM
franklin(franklin) used a wood_pack 12-31-2020, 3:20:22 PM
franklin(franklin) used a wood_pack 12-31-2020, 3:20:22 PM
franklin(franklin) used a wood_pack 12-31-2020, 3:20:22 PM
franklin(franklin) used a wood_pack 12-31-2020, 3:20:22 PM
franklin(franklin) used a wood_pack 12-31-2020, 3:20:23 PM
franklin(franklin) used a wood_pack 12-31-2020, 3:20:23 PM
franklin(franklin) used a wood_pack 12-31-2020, 3:20:23 PM
franklin(franklin) used a wood_pack 12-31-2020, 3:20:23 PM
franklin(franklin) used a wood_pack 12-31-2020, 3:20:23 PM
franklin(franklin) used a wood_pack 12-31-2020, 3:20:23 PM
franklin(franklin) used a wood_pack 12-31-2020, 3:20:23 PM
franklin(franklin) used a wood_pack 12-31-2020, 3:20:23 PM
franklin(franklin) used a wood_pack 12-31-2020, 3:20:23 PM
franklin(franklin) used a wood_pack 12-31-2020, 3:20:23 PM
franklin(franklin) used a storm_sniper 12-31-2020, 3:20:32 PM
franklin(franklin) used a pack_of_15_ammo_storm_sniper 12-31-2020, 3:21:11 PM
franklin(franklin) used a pack_of_15_ammo_storm_sniper 12-31-2020, 3:21:12 PM
franklin(franklin) used a pack_of_15_ammo_storm_sniper 12-31-2020, 3:21:12 PM
franklin(franklin) used a pack_of_15_ammo_storm_sniper 12-31-2020, 3:21:12 PM
franklin(franklin) used a pack_of_15_ammo_storm_sniper 12-31-2020, 3:21:12 PM
franklin(franklin) used a pack_of_15_ammo_storm_sniper 12-31-2020, 3:21:12 PM
franklin(franklin) used a pack_of_15_ammo_storm_sniper 12-31-2020, 3:21:12 PM
franklin(franklin) used a pack_of_15_ammo_storm_sniper 12-31-2020, 3:21:12 PM
franklin(franklin) used a pack_of_15_ammo_storm_sniper 12-31-2020, 3:21:13 PM
franklin(franklin) used a pack_of_15_ammo_storm_sniper 12-31-2020, 3:21:13 PM
franklin(franklin) used a pack_of_15_ammo_storm_sniper 12-31-2020, 3:21:13 PM
franklin(franklin) used a pack_of_15_ammo_storm_sniper 12-31-2020, 3:21:13 PM
franklin(franklin) used a pack_of_15_ammo_storm_sniper 12-31-2020, 3:21:13 PM
franklin(franklin) used a pack_of_15_ammo_storm_sniper 12-31-2020, 3:21:13 PM
franklin(franklin) used a pack_of_15_ammo_storm_sniper 12-31-2020, 3:21:13 PM
franklin(franklin) used a pack_of_15_ammo_storm_sniper 12-31-2020, 3:21:13 PM
franklin(franklin) used a pack_of_15_ammo_storm_sniper 12-31-2020, 3:21:14 PM
franklin(franklin) used a pack_of_15_ammo_storm_sniper 12-31-2020, 3:21:14 PM
franklin(franklin) used a pack_of_15_ammo_storm_sniper 12-31-2020, 3:21:14 PM
franklin(franklin) used a pack_of_15_ammo_storm_sniper 12-31-2020, 3:21:14 PM
franklin(franklin) used a pack_of_15_ammo_storm_sniper 12-31-2020, 3:21:14 PM
franklin(franklin) used a pack_of_15_ammo_storm_sniper 12-31-2020, 3:21:14 PM
franklin(franklin) used a pack_of_15_ammo_storm_sniper 12-31-2020, 3:21:14 PM
franklin(franklin) used a pack_of_15_ammo_storm_sniper 12-31-2020, 3:21:15 PM
franklin(franklin) used a pack_of_15_ammo_storm_sniper 12-31-2020, 3:21:15 PM
franklin(franklin) used a pack_of_15_ammo_storm_sniper 12-31-2020, 3:21:15 PM
franklin(franklin) used a pack_of_15_ammo_storm_sniper 12-31-2020, 3:21:15 PM
franklin(franklin) used a pack_of_15_ammo_storm_sniper 12-31-2020, 3:21:15 PM
franklin(franklin) used a pack_of_15_ammo_storm_sniper 12-31-2020, 3:21:15 PM
franklin(franklin) used a pack_of_15_ammo_storm_sniper 12-31-2020, 3:21:15 PM
franklin(franklin) used a pack_of_15_ammo_storm_sniper 12-31-2020, 3:21:16 PM
franklin(franklin) used a pack_of_15_ammo_storm_sniper 12-31-2020, 3:21:16 PM
franklin(franklin) used a pack_of_15_ammo_storm_sniper 12-31-2020, 3:21:16 PM
franklin(franklin) used a pack_of_15_ammo_storm_sniper 12-31-2020, 3:21:16 PM
franklin(franklin) used a pack_of_15_ammo_storm_sniper 12-31-2020, 3:21:16 PM
franklin(franklin) used a pack_of_15_ammo_storm_sniper 12-31-2020, 3:21:16 PM
franklin(franklin) used a pack_of_15_ammo_storm_sniper 12-31-2020, 3:21:17 PM
franklin(franklin) used a pack_of_15_ammo_storm_sniper 12-31-2020, 3:21:18 PM
franklin(franklin) used a pack_of_15_ammo_storm_sniper 12-31-2020, 3:21:18 PM
franklin(franklin) used a pack_of_15_ammo_storm_sniper 12-31-2020, 3:21:18 PM
franklin(franklin) used a pack_of_15_ammo_storm_sniper 12-31-2020, 3:21:18 PM
franklin(franklin) used a pack_of_15_ammo_storm_sniper 12-31-2020, 3:21:18 PM
franklin(franklin) used a pack_of_15_ammo_storm_sniper 12-31-2020, 3:21:19 PM
franklin(franklin) used a pack_of_15_ammo_storm_sniper 12-31-2020, 3:21:19 PM
franklin(franklin) used a pack_of_15_ammo_storm_sniper 12-31-2020, 3:21:19 PM
franklin(franklin) used a pack_of_15_ammo_storm_sniper 12-31-2020, 3:21:19 PM
franklin(franklin) used a pack_of_15_ammo_storm_sniper 12-31-2020, 3:21:20 PM
franklin(franklin) used a pack_of_15_ammo_storm_sniper 12-31-2020, 3:21:20 PM
franklin(franklin) used a pack_of_15_ammo_storm_sniper 12-31-2020, 3:21:20 PM
franklin(franklin) used a pack_of_15_ammo_storm_sniper 12-31-2020, 3:21:23 PM
franklin(franklin) used a pack_of_15_ammo_storm_sniper 12-31-2020, 3:21:23 PM
franklin(franklin) used a pack_of_15_ammo_storm_sniper 12-31-2020, 3:21:23 PM
franklin(franklin) used a pack_of_15_ammo_storm_sniper 12-31-2020, 3:21:23 PM
franklin(franklin) used a pack_of_15_ammo_storm_sniper 12-31-2020, 3:21:23 PM
franklin(franklin) used a pack_of_15_ammo_storm_sniper 12-31-2020, 3:21:24 PM
franklin(franklin) used a pack_of_15_ammo_storm_sniper 12-31-2020, 3:21:24 PM
franklin(franklin) used a pack_of_15_ammo_storm_sniper 12-31-2020, 3:21:24 PM
franklin(franklin) used a pack_of_15_ammo_storm_sniper 12-31-2020, 3:21:24 PM
franklin(franklin) used a pack_of_15_ammo_storm_sniper 12-31-2020, 3:21:24 PM
franklin(franklin) used a pack_of_15_ammo_storm_sniper 12-31-2020, 3:21:24 PM
franklin(franklin) used a pack_of_15_ammo_storm_sniper 12-31-2020, 3:21:25 PM
franklin(franklin) used a pack_of_15_ammo_storm_sniper 12-31-2020, 3:21:25 PM
franklin(franklin) used a pack_of_15_ammo_storm_sniper 12-31-2020, 3:21:25 PM
franklin(franklin) used a pack_of_15_ammo_storm_sniper 12-31-2020, 3:21:25 PM
franklin(franklin) used a pack_of_15_ammo_storm_sniper 12-31-2020, 3:21:25 PM
franklin(franklin) used a pack_of_15_ammo_storm_sniper 12-31-2020, 3:21:25 PM
franklin(franklin) used a pack_of_15_ammo_storm_sniper 12-31-2020, 3:21:25 PM
franklin(franklin) used a pack_of_15_ammo_storm_sniper 12-31-2020, 3:21:25 PM
franklin(franklin) used a pack_of_15_ammo_storm_sniper 12-31-2020, 3:21:26 PM
franklin(franklin) used a pack_of_15_ammo_storm_sniper 12-31-2020, 3:21:26 PM
franklin(franklin) used a pack_of_15_ammo_storm_sniper 12-31-2020, 3:21:26 PM
franklin(franklin) used a pack_of_15_ammo_storm_sniper 12-31-2020, 3:21:26 PM
franklin(franklin) used a pack_of_15_ammo_storm_sniper 12-31-2020, 3:21:26 PM
franklin(franklin) used a pack_of_15_ammo_storm_sniper 12-31-2020, 3:21:26 PM
franklin(franklin) used a pack_of_15_ammo_storm_sniper 12-31-2020, 3:21:26 PM
franklin(franklin) used a pack_of_15_ammo_storm_sniper 12-31-2020, 3:21:26 PM
franklin(franklin) used a pack_of_15_ammo_storm_sniper 12-31-2020, 3:21:26 PM
franklin(franklin) used a pack_of_15_ammo_storm_sniper 12-31-2020, 3:21:27 PM
franklin(franklin) used a pack_of_15_ammo_storm_sniper 12-31-2020, 3:21:27 PM
franklin(franklin) used a pack_of_15_ammo_storm_sniper 12-31-2020, 3:21:27 PM
franklin(franklin) used a pack_of_15_ammo_storm_sniper 12-31-2020, 3:21:27 PM
franklin(franklin) used a pack_of_15_ammo_storm_sniper 12-31-2020, 3:21:27 PM
franklin(franklin) used a pack_of_15_ammo_storm_sniper 12-31-2020, 3:21:27 PM
franklin(franklin) used a pack_of_15_ammo_storm_sniper 12-31-2020, 3:21:27 PM
franklin(franklin) used a pack_of_15_ammo_storm_sniper 12-31-2020, 3:21:27 PM
franklin(franklin) used a pack_of_15_ammo_storm_sniper 12-31-2020, 3:21:28 PM
franklin(franklin) used a pack_of_15_ammo_storm_sniper 12-31-2020, 3:21:28 PM
franklin(franklin) used a pack_of_15_ammo_storm_sniper 12-31-2020, 3:21:28 PM
franklin(franklin) used a pack_of_15_ammo_storm_sniper 12-31-2020, 3:21:28 PM
franklin(franklin) used a pack_of_15_ammo_storm_sniper 12-31-2020, 3:21:28 PM
franklin(franklin) used a pack_of_15_ammo_storm_sniper 12-31-2020, 3:21:28 PM
franklin(franklin) used a pack_of_15_ammo_storm_sniper 12-31-2020, 3:21:28 PM
franklin(franklin) used a pack_of_15_ammo_storm_sniper 12-31-2020, 3:21:29 PM
franklin(franklin) used a pack_of_15_ammo_storm_sniper 12-31-2020, 3:21:29 PM
franklin(franklin) used a pack_of_15_ammo_storm_sniper 12-31-2020, 3:21:29 PM
franklin(franklin) used a pack_of_15_ammo_storm_sniper 12-31-2020, 3:21:29 PM
franklin(franklin) used a pack_of_15_ammo_storm_sniper 12-31-2020, 3:21:29 PM
franklin(franklin) used a pack_of_15_ammo_storm_sniper 12-31-2020, 3:21:29 PM
franklin(franklin) used a pack_of_15_ammo_storm_sniper 12-31-2020, 3:21:30 PM
franklin(franklin) used a pack_of_15_ammo_storm_sniper 12-31-2020, 3:21:33 PM
franklin(franklin) used a storm_sniper 12-31-2020, 3:23:02 PM
franklin(franklin) used a health_drink 12-31-2020, 3:24:00 PM
franklin(franklin) used a health_drink 12-31-2020, 3:24:00 PM
franklin(franklin) used a health_drink 12-31-2020, 3:24:05 PM
franklin(franklin) used a health_drink 12-31-2020, 3:24:06 PM
franklin(franklin) used a health_drink 12-31-2020, 3:24:06 PM
franklin(franklin) used a the_legendary_sword 12-31-2020, 3:24:28 PM
franklin(franklin) used a health_drink 12-31-2020, 3:26:47 PM
franklin(franklin) used a health_drink 12-31-2020, 3:27:13 PM
franklin(franklin) used a health_drink 12-31-2020, 3:27:13 PM
franklin(franklin) used a health_drink 12-31-2020, 3:27:13 PM
franklin(franklin) used a shield 12-31-2020, 3:27:14 PM
franklin(franklin) used a shield 12-31-2020, 3:27:16 PM
franklin(franklin) used a shield 12-31-2020, 3:27:16 PM
franklin(franklin) used a shield 12-31-2020, 3:27:29 PM
franklin(franklin) used a shield 12-31-2020, 3:27:29 PM
franklin(franklin) used a health_drink 12-31-2020, 3:27:32 PM
franklin(franklin) used a health_drink 12-31-2020, 3:27:32 PM
franklin(franklin) used a health_drink 12-31-2020, 3:27:35 PM
franklin(franklin) used a health_drink 12-31-2020, 3:27:35 PM
franklin(franklin) used a health_drink 12-31-2020, 3:27:35 PM
franklin(franklin) used a health_drink 12-31-2020, 3:27:38 PM
franklin(franklin) used a health_drink 12-31-2020, 3:27:41 PM
franklin(franklin) used a health_drink 12-31-2020, 3:27:44 PM
franklin(franklin) used a health_drink 12-31-2020, 3:27:44 PM
franklin(franklin) used a health_drink 12-31-2020, 3:27:44 PM
franklin(franklin) used a health_drink 12-31-2020, 3:27:45 PM
franklin(franklin) used a health_drink 12-31-2020, 3:27:46 PM
franklin(franklin) used a health_drink 12-31-2020, 3:27:46 PM
franklin(franklin) used a health_drink 12-31-2020, 3:27:51 PM
franklin(franklin) used a health_drink 12-31-2020, 3:27:51 PM
franklin(franklin) used a health_drink 12-31-2020, 3:27:51 PM
franklin(franklin) used a health_drink 12-31-2020, 3:27:53 PM
franklin(franklin) used a health_drink 12-31-2020, 3:27:53 PM
franklin(franklin) used a health_drink 12-31-2020, 3:27:54 PM
franklin(franklin) used a health_drink 12-31-2020, 3:27:54 PM
franklin(franklin) used a health_drink 12-31-2020, 3:27:54 PM
franklin(franklin) used a health_drink 12-31-2020, 3:27:57 PM
franklin(franklin) used a health_drink 12-31-2020, 3:27:57 PM
franklin(franklin) used a health_drink 12-31-2020, 3:27:58 PM
franklin(franklin) used a health_drink 12-31-2020, 3:28:01 PM
franklin(franklin) used a health_drink 12-31-2020, 3:28:03 PM
franklin(franklin) used a health_drink 12-31-2020, 3:28:06 PM
franklin(franklin) used a health_drink 12-31-2020, 3:28:06 PM
franklin(franklin) used a shield 12-31-2020, 3:28:08 PM
franklin(franklin) used a shield 12-31-2020, 3:28:08 PM
franklin(franklin) used a shield 12-31-2020, 3:28:09 PM
franklin(franklin) used a shield 12-31-2020, 3:28:14 PM
franklin(franklin) used a shield 12-31-2020, 3:28:15 PM
franklin(franklin) used a shield 12-31-2020, 3:28:15 PM
franklin(franklin) used a shield 12-31-2020, 3:28:15 PM
franklin(franklin) used a shield 12-31-2020, 3:28:15 PM
franklin(franklin) used a shield 12-31-2020, 3:28:15 PM
franklin(franklin) used a shield 12-31-2020, 3:28:16 PM
franklin(franklin) used a shield 12-31-2020, 3:28:18 PM
franklin(franklin) used a shield 12-31-2020, 3:28:18 PM
franklin(franklin) used a shield 12-31-2020, 3:28:18 PM
franklin(franklin) used a shield 12-31-2020, 3:28:18 PM
franklin(franklin) used a shield 12-31-2020, 3:28:18 PM
franklin(franklin) used a shield 12-31-2020, 3:28:19 PM
franklin(franklin) used a shield 12-31-2020, 3:28:19 PM
franklin(franklin) used a shield 12-31-2020, 3:28:19 PM
franklin(franklin) used a shield 12-31-2020, 3:28:19 PM
franklin(franklin) used a shield 12-31-2020, 3:28:19 PM
franklin(franklin) used a shield 12-31-2020, 3:28:20 PM
franklin(franklin) used a shield 12-31-2020, 3:28:20 PM
franklin(franklin) used a shield 12-31-2020, 3:28:20 PM
franklin(franklin) used a shield 12-31-2020, 3:28:20 PM
franklin(franklin) used a shield 12-31-2020, 3:28:20 PM
franklin(franklin) used a shield 12-31-2020, 3:28:20 PM
franklin(franklin) used a shield 12-31-2020, 3:28:21 PM
franklin(franklin) used a shield 12-31-2020, 3:28:21 PM
franklin(franklin) used a shield 12-31-2020, 3:28:21 PM
franklin(franklin) used a shield 12-31-2020, 3:28:22 PM
franklin(franklin) used a shield 12-31-2020, 3:28:22 PM
franklin(franklin) used a shield 12-31-2020, 3:28:22 PM
franklin(franklin) used a shield 12-31-2020, 3:28:22 PM
franklin(franklin) used a shield 12-31-2020, 3:28:22 PM
franklin(franklin) used a shield 12-31-2020, 3:28:23 PM
franklin(franklin) used a shield 12-31-2020, 3:28:23 PM
franklin(franklin) used a shield 12-31-2020, 3:28:23 PM
franklin(franklin) used a shield 12-31-2020, 3:28:23 PM
franklin(franklin) used a shield 12-31-2020, 3:28:23 PM
franklin(franklin) used a shield 12-31-2020, 3:28:23 PM
franklin(franklin) used a shield 12-31-2020, 3:28:23 PM
franklin(franklin) used a shield 12-31-2020, 3:28:23 PM
franklin(franklin) used a shield 12-31-2020, 3:28:24 PM
franklin(franklin) used a shield 12-31-2020, 3:28:24 PM
franklin(franklin) used a shield 12-31-2020, 3:28:24 PM
franklin(franklin) used a shield 12-31-2020, 3:28:24 PM
franklin(franklin) used a shield 12-31-2020, 3:28:24 PM
franklin(franklin) used a shield 12-31-2020, 3:28:25 PM
franklin(franklin) used a shield 12-31-2020, 3:28:25 PM
franklin(franklin) used a shield 12-31-2020, 3:28:25 PM
franklin(franklin) used a shield 12-31-2020, 3:28:25 PM
franklin(franklin) used a shield 12-31-2020, 3:28:25 PM
franklin(franklin) used a shield 12-31-2020, 3:28:25 PM
franklin(franklin) used a shield 12-31-2020, 3:28:25 PM
franklin(franklin) used a shield 12-31-2020, 3:28:26 PM
franklin(franklin) used a shield 12-31-2020, 3:28:26 PM
franklin(franklin) used a shield 12-31-2020, 3:28:26 PM
franklin(franklin) used a shield 12-31-2020, 3:28:26 PM
franklin(franklin) used a shield 12-31-2020, 3:28:26 PM
franklin(franklin) used a shield 12-31-2020, 3:28:27 PM
franklin(franklin) used a shield 12-31-2020, 3:28:27 PM
franklin(franklin) used a health_drink 12-31-2020, 3:28:48 PM
franklin(franklin) used a health_drink 12-31-2020, 3:28:48 PM
franklin(franklin) used a shield 12-31-2020, 3:29:08 PM
franklin(franklin) used a shield 12-31-2020, 3:29:08 PM
franklin(franklin) used a shield 12-31-2020, 3:29:08 PM
franklin(franklin) used a shield 12-31-2020, 3:29:08 PM
franklin(franklin) used a health_drink 12-31-2020, 3:29:09 PM
franklin(franklin) used a health_drink 12-31-2020, 3:29:09 PM
franklin(franklin) used a health_drink 12-31-2020, 3:29:10 PM
franklin(franklin) used a health_drink 12-31-2020, 3:29:16 PM
franklin(franklin) used a health_drink 12-31-2020, 3:29:17 PM
franklin(franklin) used a health_drink 12-31-2020, 3:29:19 PM
franklin(franklin) used a health_drink 12-31-2020, 3:29:19 PM
franklin(franklin) used a health_drink 12-31-2020, 3:29:20 PM
franklin(franklin) used a health_drink 12-31-2020, 3:29:20 PM
franklin(franklin) used a health_drink 12-31-2020, 3:29:22 PM
franklin(franklin) used a health_drink 12-31-2020, 3:29:22 PM
franklin(franklin) used a health_drink 12-31-2020, 3:29:22 PM
franklin(franklin) used a health_drink 12-31-2020, 3:29:23 PM
franklin(franklin) used a health_drink 12-31-2020, 3:29:23 PM
franklin(franklin) used a health_drink 12-31-2020, 3:29:23 PM
franklin(franklin) used a health_drink 12-31-2020, 3:30:56 PM
franklin(franklin) used a shield 12-31-2020, 3:30:59 PM
franklin(franklin) used a shield 12-31-2020, 3:31:00 PM
franklin(franklin) used a shield 12-31-2020, 3:31:00 PM
franklin(franklin) used a health_drink 12-31-2020, 3:31:10 PM
franklin(franklin) used a health_drink 12-31-2020, 3:31:10 PM
franklin(franklin) used a health_drink 12-31-2020, 3:31:10 PM
franklin(franklin) used a shield 12-31-2020, 3:31:12 PM
franklin(franklin) used a shield 12-31-2020, 3:31:12 PM
franklin(franklin) used a shield 12-31-2020, 3:31:13 PM
franklin(franklin) used a shield 12-31-2020, 3:31:30 PM
franklin(franklin) used a shield 12-31-2020, 3:31:30 PM
franklin(franklin) used a shield 12-31-2020, 3:31:31 PM
franklin(franklin) used a shield 12-31-2020, 3:31:31 PM
franklin(franklin) used a shield 12-31-2020, 3:31:31 PM
franklin(franklin) used a shield 12-31-2020, 3:31:31 PM
franklin(franklin) used a shield 12-31-2020, 3:31:31 PM
franklin(franklin) used a shield 12-31-2020, 3:31:32 PM
franklin(franklin) used a shield 12-31-2020, 3:31:32 PM
franklin(franklin) used a shield 12-31-2020, 3:31:32 PM
franklin(franklin) used a shield 12-31-2020, 3:31:32 PM
franklin(franklin) used a shield 12-31-2020, 3:31:32 PM
franklin(franklin) used a shield 12-31-2020, 3:31:32 PM
franklin(franklin) used a shield 12-31-2020, 3:31:32 PM
franklin(franklin) used a shield 12-31-2020, 3:31:33 PM
franklin(franklin) used a shield 12-31-2020, 3:31:33 PM
franklin(franklin) used a shield 12-31-2020, 3:31:33 PM
franklin(franklin) used a shield 12-31-2020, 3:31:33 PM
franklin(franklin) used a shield 12-31-2020, 3:31:33 PM
franklin(franklin) used a shield 12-31-2020, 3:31:33 PM
franklin(franklin) used a shield 12-31-2020, 3:31:33 PM
franklin(franklin) used a shield 12-31-2020, 3:31:34 PM
franklin(franklin) used a shield 12-31-2020, 3:31:34 PM
franklin(franklin) used a shield 12-31-2020, 3:31:34 PM
franklin(franklin) used a shield 12-31-2020, 3:31:34 PM
franklin(franklin) used a shield 12-31-2020, 3:31:34 PM
franklin(franklin) used a shield 12-31-2020, 3:31:34 PM
franklin(franklin) used a shield 12-31-2020, 3:31:34 PM
franklin(franklin) used a shield 12-31-2020, 3:31:34 PM
franklin(franklin) used a shield 12-31-2020, 3:31:34 PM
franklin(franklin) used a shield 12-31-2020, 3:31:35 PM
franklin(franklin) used a shield 12-31-2020, 3:31:35 PM
franklin(franklin) used a shield 12-31-2020, 3:31:59 PM
franklin(franklin) used a health_drink 12-31-2020, 3:32:00 PM