
rider (rider) said hiiiiiiiii 12-31-2020, 12:34:43 AM
rider (rider) said hi 12-31-2020, 12:34:56 AM
rider (rider) said шо там 12-31-2020, 12:35:05 AM
rider (rider) said олег 12-31-2020, 12:35:07 AM
rider (rider) said давай 12-31-2020, 12:35:13 AM
rider (rider) said давай! Покажи мастер класс! 12-31-2020, 12:35:25 AM
rider (rider) said а вот предстафь как мы проходили 12-31-2020, 12:35:52 AM
rider (rider) said ой 12-31-2020, 12:35:54 AM
rider (rider) said ага 12-31-2020, 12:36:02 AM
rider (rider) said вот тот же вопрос! Какого нахуй хуя я уже 2 дня блядь здыхаю сука на этой ёбаной карте нахуй! 12-31-2020, 12:38:32 AM
rider (rider) said нет  12-31-2020, 12:38:55 AM
rider (rider) said нет! 12-31-2020, 12:38:57 AM
rider (rider) said пиздец переёбаный нахуй блядь сука 12-31-2020, 12:41:15 AM
rider (rider) said ебучий, мировой пиздоблядский пиздец 12-31-2020, 12:41:31 AM
rider (rider) said пиздоебанутый нахуй пиздец 12-31-2020, 12:41:48 AM
rider (rider) said сукаааааааааааа ебаааааааааааааааааать 12-31-2020, 12:45:37 AM
rider (rider) said пиздоебанутоблядскодолбоебический пиздец 12-31-2020, 12:45:55 AM
rider (rider) said в передоправо 12-31-2020, 12:46:40 AM
rider (rider) said смхе 12-31-2020, 12:47:08 AM
rider (rider) said смех 12-31-2020, 12:47:10 AM
rider (rider) said каккккаааааааааааааааааааааакккк 12-31-2020, 12:47:49 AM
rider (rider) said пиздоебанутодолбоебическосложный 12-31-2020, 12:48:15 AM
rider (rider) said яфдз 12-31-2020, 2:38:09 PM
rider (rider) said zalp 12-31-2020, 2:38:14 PM
rider (rider) said uuuuuu 12-31-2020, 2:38:55 PM
rider (rider) said lool 12-31-2020, 2:38:57 PM
rider (rider) said oy 12-31-2020, 2:39:03 PM
rider (rider) said ooyoyoyoy 12-31-2020, 2:39:09 PM
rider (rider) said каким образом! 12-31-2020, 3:00:08 PM
rider (rider) said каким нахуй образом! 12-31-2020, 3:00:14 PM
rider (rider) said блядь но не хуем же 12-31-2020, 3:00:37 PM
rider (rider) said смех 12-31-2020, 3:00:44 PM
rider (rider) said слова 12-31-2020, 3:01:08 PM
rider (rider) said ой 12-31-2020, 3:01:10 PM
rider (rider) said смотрим мать нашаъ 12-31-2020, 3:01:37 PM
rider (rider) said ой 12-31-2020, 3:01:40 PM
rider (rider) said   12-31-2020, 4:54:16 PM
rider (rider) said   12-31-2020, 4:54:16 PM
rider (rider) said рш 12-31-2020, 4:56:21 PM
rider (rider) said hi 12-31-2020, 4:56:23 PM
rider (rider) said КАМЕРОЙ ЩУПАЙ 12-31-2020, 5:48:41 PM
rider (rider) said А 12-31-2020, 5:48:49 PM
rider (rider) said ПРЫЖОК И В ПРАВО ДО 30 12-31-2020, 5:48:56 PM