
Igrok (Igrok) sent /bid 7 2-16-2021, 12:38:45 PM
Igrok (Igrok) sent /bid 200000 2-16-2021, 12:48:38 PM
Igrok (Igrok) sent /bid 2000000 2-16-2021, 12:50:10 PM
Igrok (Igrok) sent /bid 2000000 2-16-2021, 12:52:06 PM
Igrok (Igrok) sent /bid 200 2-16-2021, 12:53:01 PM
Igrok (Igrok) sent /bid 2 2-16-2021, 12:53:09 PM
Igrok (Igrok) sent /bid 4 2-16-2021, 12:53:26 PM
Igrok (Igrok) sent /bid 300 2-16-2021, 12:53:43 PM
Igrok (Igrok) sent /bid 200000 2-16-2021, 12:56:25 PM
Igrok (Igrok) sent /bid 200000 2-16-2021, 12:57:19 PM
Igrok (Igrok) sent /bid 200000 2-16-2021, 1:27:02 PM
Igrok (Igrok) sent /bid 200000 2-16-2021, 1:27:10 PM
Igrok (Igrok) sent /bid 7 2-16-2021, 1:30:49 PM
Igrok (Igrok) sent /bid 7 2-16-2021, 1:30:57 PM
Igrok (Igrok) sent /bid800 2-16-2021, 1:31:20 PM
Igrok (Igrok) sent /bid 200000 2-16-2021, 1:36:24 PM
Igrok (Igrok) sent /bid 7 2-16-2021, 1:37:57 PM
Igrok (Igrok) sent /bid 2000000 2-16-2021, 1:38:07 PM
Igrok (Igrok) sent /bid 2000000 2-16-2021, 1:38:19 PM
Igrok (Igrok) sent /bid 9 2-16-2021, 1:39:16 PM
Igrok (Igrok) sent /bid 30000 2-16-2021, 1:39:33 PM
Igrok (Igrok) sent /bid 200000 2-16-2021, 1:39:49 PM
Igrok (Igrok) sent /bid 200000 3 2-16-2021, 1:40:23 PM
Igrok (Igrok) sent /bid300000 2-16-2021, 1:40:36 PM
Igrok (Igrok) sent /bid9 2-16-2021, 1:42:05 PM
Igrok (Igrok) sent /bid900000 2-16-2021, 1:42:24 PM
Igrok (Igrok) sent /bid9000 2-16-2021, 1:42:33 PM
Igrok (Igrok) sent /bid900 2-16-2021, 1:42:40 PM
Igrok (Igrok) sent /bid 900 2-16-2021, 1:42:48 PM
Igrok (Igrok) sent /suicide 2-16-2021, 1:57:53 PM
Igrok (Igrok) sent /bid 1000000 2-16-2021, 4:17:13 PM
Igrok (Igrok) sent /bid 1000000 2-16-2021, 4:17:37 PM
Igrok (Igrok) sent /sell 2-16-2021, 4:49:57 PM