
langga (langga) sent /s3 2-16-2021, 6:00:14 AM
langga (langga) sent /pm mrido hai 2-16-2021, 6:09:43 AM
langga (langga) sent /r bantu aku 2-16-2021, 6:09:52 AM
langga (langga) sent /reply kamu punya robot? 2-16-2021, 6:10:20 AM
langga (langga) sent /reply itu buat apa? 2-16-2021, 6:10:38 AM
langga (langga) sent /reply cara dapetin nya gimana? 2-16-2021, 6:11:18 AM
langga (langga) sent /bid 111 2-16-2021, 6:17:28 AM
langga (langga) sent /cancelauction 2-16-2021, 6:17:31 AM
langga (langga) sent /bid 111 2-16-2021, 6:17:33 AM
langga (langga) sent /pm mrido hai 2-16-2021, 6:18:22 AM
langga (langga) sent /go 20200 2-16-2021, 6:18:37 AM
langga (langga) sent /pm mrido hai 2-16-2021, 6:18:50 AM
langga (langga) sent /reply nama team kamu apa. sama pasword nya apa? 2-16-2021, 6:19:14 AM
langga (langga) sent /help 2-16-2021, 6:20:52 AM
langga (langga) sent /jointeam roflkiller windows11 2-16-2021, 6:21:56 AM
langga (langga) sent /jointeam roflkiller windows11 2-16-2021, 6:23:19 AM
langga (langga) sent /jointeam roflkillerwindows11 2-16-2021, 6:24:31 AM
langga (langga) sent /jointeam roflkiller windows11 2-16-2021, 6:25:00 AM
langga (langga) sent /jointeam roflkiller windows11 2-16-2021, 6:25:51 AM
langga (langga) sent /pm mrido pasword nya salah 2-16-2021, 6:27:41 AM
langga (langga) sent /jointeam roflkiller windows11 2-16-2021, 6:28:40 AM
langga (langga) sent /t lol 2-16-2021, 6:28:50 AM
langga (langga) sent /gnsubmit e 2-16-2021, 6:29:21 AM
langga (langga) sent /gnsubmit 1 2-16-2021, 6:29:27 AM
langga (langga) sent /dddddd 2-16-2021, 6:29:33 AM
langga (langga) sent /members 2-16-2021, 6:29:50 AM
langga (langga) sent /t hai 2-16-2021, 6:31:18 AM
langga (langga) sent /t hai 2-16-2021, 8:33:03 AM
langga (langga) sent /lchat hai 2-16-2021, 8:35:30 AM
langga (langga) sent /help 2-16-2021, 8:35:42 AM
langga (langga) sent /cancelauction 2-16-2021, 8:38:56 AM
langga (langga) sent /s1 2-16-2021, 8:40:51 AM
langga (langga) sent /s1 2-16-2021, 8:46:03 AM
langga (langga) sent /bid 130 2-16-2021, 8:47:56 AM
langga (langga) sent /bid 233 2-16-2021, 8:48:02 AM
langga (langga) sent /bid i 2-16-2021, 8:56:17 AM
langga (langga) sent /cancelbid kkkkkkkkkkkkkkkkkkkkkkkkjqw;eljqwlekjw;lkej;lwjelqke; 2-16-2021, 9:00:20 AM