
yummyballs (yummyballs) sent /t hi 2-16-2021, 5:45:48 AM
yummyballs (yummyballs) sent /t lol 2-16-2021, 5:46:15 AM
yummyballs (yummyballs) sent /t where is it 2-16-2021, 5:47:05 AM
yummyballs (yummyballs) sent /t you cant put a turit i zelp i just tryed 2-16-2021, 5:55:55 AM
yummyballs (yummyballs) sent /t what is the trick? 2-16-2021, 5:56:14 AM
yummyballs (yummyballs) sent /t oh ok 2-16-2021, 5:56:26 AM
yummyballs (yummyballs) sent /t how do i place the turit 2-16-2021, 5:58:17 AM
yummyballs (yummyballs) sent /t i am in aircraft 2-16-2021, 5:58:24 AM
yummyballs (yummyballs) sent /t no tell me 2-16-2021, 5:58:45 AM
yummyballs (yummyballs) sent /t i want to know how not you just doing it lol 2-16-2021, 5:58:56 AM
yummyballs (yummyballs) sent /t how 2-16-2021, 5:59:15 AM
yummyballs (yummyballs) sent /t you cant make the air craft go down i think 2-16-2021, 5:59:37 AM
yummyballs (yummyballs) sent /t ok now what 2-16-2021, 6:00:20 AM
yummyballs (yummyballs) sent /t oh lol 2-16-2021, 6:00:37 AM
yummyballs (yummyballs) sent /t thats dum it does not shoot the bots lol 2-16-2021, 6:01:30 AM
yummyballs (yummyballs) sent /t will it shoot the bots? 2-16-2021, 6:03:03 AM
yummyballs (yummyballs) sent /t oh ok 2-16-2021, 6:03:25 AM
yummyballs (yummyballs) sent /suicide 2-16-2021, 6:06:23 AM
yummyballs (yummyballs) sent /t i tryed to place a turit in the store but it did not work oh well 2-16-2021, 6:07:20 AM
yummyballs (yummyballs) sent /suicide 2-16-2021, 6:07:50 AM
yummyballs (yummyballs) sent /suicide 2-16-2021, 6:07:53 AM
yummyballs (yummyballs) sent /t dam i cant suicide in a air craft 2-16-2021, 6:08:01 AM
yummyballs (yummyballs) sent /t oh crap i forgot to by gigded missels oh well 2-16-2021, 6:11:22 AM
yummyballs (yummyballs) sent /t can you come up here and give me some missels thanks 2-16-2021, 6:11:47 AM
yummyballs (yummyballs) sent /t i will met you at the bottim of the tower 2-16-2021, 6:11:59 AM
yummyballs (yummyballs) sent /bid 6565 2-16-2021, 6:12:09 AM
yummyballs (yummyballs) sent /t ok 2-16-2021, 6:20:42 AM
yummyballs (yummyballs) sent /t i wunder if he knows it is me 2-16-2021, 6:23:25 AM
yummyballs (yummyballs) sent /t lol 2-16-2021, 6:23:29 AM
yummyballs (yummyballs) sent /t no i am kind of anoyed at him he made a team which was so anoying on silaks tk 2-16-2021, 6:23:44 AM
yummyballs (yummyballs) sent /t lets try kill that team 2-16-2021, 6:23:54 AM
yummyballs (yummyballs) sent /t na silaks tk is kind of boring 2-16-2021, 6:24:13 AM
yummyballs (yummyballs) sent /t na he is better than me so thats my ownly chanse lol 2-16-2021, 6:30:42 AM
yummyballs (yummyballs) sent /t hi 2-16-2021, 6:31:22 AM
yummyballs (yummyballs) sent /pm jacks hiiii 2-16-2021, 6:36:12 AM
yummyballs (yummyballs) sent /t dont give him it 2-16-2021, 6:47:01 AM
yummyballs (yummyballs) sent /t look out 2-16-2021, 6:47:10 AM
yummyballs (yummyballs) sent /t oh crap 2-16-2021, 6:47:25 AM
yummyballs (yummyballs) sent /t sorry 2-16-2021, 6:47:29 AM
yummyballs (yummyballs) sent /t uoops 2-16-2021, 6:47:36 AM
yummyballs (yummyballs) sent /t oh well 2-16-2021, 6:47:38 AM
yummyballs (yummyballs) sent /t forgot you wer part of ourer team 2-16-2021, 6:47:48 AM
yummyballs (yummyballs) sent /t i sent a bom to the new team member but i forgot he was part of ourer team sorry man 2-16-2021, 6:48:17 AM
yummyballs (yummyballs) sent /t come here new team member i will give you coins to make up 2-16-2021, 6:48:50 AM
yummyballs (yummyballs) sent /members 2-16-2021, 6:48:57 AM
yummyballs (yummyballs) sent /members 2-16-2021, 6:49:00 AM
yummyballs (yummyballs) sent /t why did you sell that to him 2-16-2021, 6:49:09 AM
yummyballs (yummyballs) sent /t why 2-16-2021, 6:51:02 AM
yummyballs (yummyballs) sent /t all good 2-16-2021, 6:51:08 AM
yummyballs (yummyballs) sent /t brb 2-16-2021, 6:51:39 AM
yummyballs (yummyballs) sent /members 2-16-2021, 7:36:29 AM
yummyballs (yummyballs) sent /t wiat what? 2-16-2021, 7:36:42 AM
yummyballs (yummyballs) sent /members 2-16-2021, 7:36:45 AM
yummyballs (yummyballs) sent /t did jacks join? 2-16-2021, 7:36:56 AM
yummyballs (yummyballs) sent /members 2-16-2021, 7:37:08 AM
yummyballs (yummyballs) sent /t there are 3 online members in your team and there are 4 offline members. online members: jacks, yummyballs,  and mrido. offline members: alfina, naver, langga, and tsunami 2-16-2021, 7:37:18 AM
yummyballs (yummyballs) sent /t hahaha lol hi jacks 2-16-2021, 7:37:25 AM
yummyballs (yummyballs) sent /t why is he not replying? lol 2-16-2021, 7:37:44 AM
yummyballs (yummyballs) sent /t i am lawson  2-16-2021, 7:37:51 AM
yummyballs (yummyballs) sent /t btw 2-16-2021, 7:37:54 AM
yummyballs (yummyballs) sent /t i have to acounts 2-16-2021, 7:38:00 AM
yummyballs (yummyballs) sent /t yummyballs team coms: i have to acounts 2-16-2021, 7:38:12 AM
yummyballs (yummyballs) sent /t lol 2-16-2021, 7:38:38 AM
yummyballs (yummyballs) sent /nickname blind_streams 2-16-2021, 7:38:55 AM
blind_streams (yummyballs) sent /t lol 2-16-2021, 7:39:04 AM
blind_streams (yummyballs) sent /t what/ 2-16-2021, 7:39:10 AM
blind_streams (yummyballs) sent /t i dont know i have had trubil with streaming and stuf  2-16-2021, 7:39:28 AM
blind_streams (yummyballs) sent /t does any one have a team talk server? 2-16-2021, 7:40:17 AM
blind_streams (yummyballs) sent /t uk tt? 2-16-2021, 7:40:42 AM
blind_streams (yummyballs) sent /t is that a public server? 2-16-2021, 7:40:53 AM
blind_streams (yummyballs) sent /t hold on  2-16-2021, 7:41:55 AM
blind_streams (yummyballs) sent /t which chanil 2-16-2021, 7:42:50 AM
blind_streams (yummyballs) sent /members 2-16-2021, 8:41:55 AM
blind_streams (yummyballs) sent /t hi 2-16-2021, 8:42:00 AM
blind_streams (yummyballs) sent /where AnhSon 2-16-2021, 8:43:48 AM
blind_streams (yummyballs) sent /suicide 2-16-2021, 8:43:52 AM
blind_streams (yummyballs) sent /t kill hin 2-16-2021, 8:47:57 AM
blind_streams (yummyballs) sent /t which team? 2-16-2021, 8:48:52 AM
blind_streams (yummyballs) sent /t hi 2-16-2021, 8:50:20 AM
blind_streams (yummyballs) sent /t ok but if you fail 2-16-2021, 8:50:33 AM
blind_streams (yummyballs) sent /t ok 2-16-2021, 8:50:45 AM
blind_streams (yummyballs) sent /where AnhSon 2-16-2021, 8:51:21 AM
blind_streams (yummyballs) sent /t anhson, (anhson), is on map main 2-16-2021, 8:51:26 AM
blind_streams (yummyballs) sent /t i dont have any 2-16-2021, 8:52:39 AM
blind_streams (yummyballs) sent /t this is a difrint acount 2-16-2021, 8:52:50 AM
blind_streams (yummyballs) sent /t lol 2-16-2021, 8:52:58 AM
blind_streams (yummyballs) sent /t wow 2-16-2021, 8:53:07 AM
blind_streams (yummyballs) sent /bid 5000000 2-16-2021, 8:58:48 AM
blind_streams (yummyballs) sent /bid 30000000 2-16-2021, 8:58:56 AM
blind_streams (yummyballs) sent /bid 40000000 2-16-2021, 8:59:14 AM
blind_streams (yummyballs) sent /bid 50000000 2-16-2021, 8:59:35 AM
blind_streams (yummyballs) sent /t fine 2-16-2021, 8:59:45 AM
blind_streams (yummyballs) sent /bid 70000000 2-16-2021, 9:00:06 AM
blind_streams (yummyballs) sent /t uoops sorry 2-16-2021, 9:00:24 AM
blind_streams (yummyballs) sent /t reflexes 2-16-2021, 9:00:29 AM
blind_streams (yummyballs) sent /t i forgot you wanted that one 2-16-2021, 9:00:39 AM
blind_streams (yummyballs) sent /t oh ok  2-16-2021, 9:01:25 AM
blind_streams (yummyballs) sent /t naaaaaaaaaa 2-16-2021, 9:01:42 AM
blind_streams (yummyballs) sent /t oh ok i thought you died 2-16-2021, 9:02:11 AM
blind_streams (yummyballs) sent /t why 2-16-2021, 9:02:27 AM
blind_streams (yummyballs) sent /t i dont want to go off line 2-16-2021, 9:02:35 AM
blind_streams (yummyballs) sent /t oh ok 2-16-2021, 9:02:41 AM
blind_streams (yummyballs) sent /t kick from team 2-16-2021, 9:02:54 AM
blind_streams (yummyballs) sent /t if he does not go off line 2-16-2021, 9:03:00 AM
blind_streams (yummyballs) sent /t ok kick 2-16-2021, 9:03:09 AM
blind_streams (yummyballs) sent /t kick him now 2-16-2021, 9:03:16 AM
blind_streams (yummyballs) sent /members 2-16-2021, 9:03:24 AM
blind_streams (yummyballs) sent /t ok good 2-16-2021, 9:03:28 AM
blind_streams (yummyballs) sent /t finaly 2-16-2021, 9:03:48 AM
blind_streams (yummyballs) sent /teams 2-16-2021, 9:04:41 AM
blind_streams (yummyballs) sent /t hay which team is antson in? 2-16-2021, 9:05:12 AM
blind_streams (yummyballs) sent /t how many points do they have 2-16-2021, 9:05:33 AM
blind_streams (yummyballs) sent /bid 200 2-16-2021, 9:05:43 AM
blind_streams (yummyballs) sent /bid 1000 2-16-2021, 9:05:56 AM
blind_streams (yummyballs) sent /bid 1000 2-16-2021, 9:06:03 AM
blind_streams (yummyballs) sent /teams 2-16-2021, 9:06:09 AM
blind_streams (yummyballs) sent /bid 3000 2-16-2021, 9:06:32 AM
blind_streams (yummyballs) sent /t i wanted a kill lol 2-16-2021, 9:06:47 AM
blind_streams (yummyballs) sent /t ok you can have hi 2-16-2021, 9:07:00 AM
blind_streams (yummyballs) sent /bid 50000 2-16-2021, 9:07:08 AM
blind_streams (yummyballs) sent /t him 2-16-2021, 9:07:13 AM
blind_streams (yummyballs) sent /t lol 2-16-2021, 9:07:20 AM
blind_streams (yummyballs) sent /bid 60000 2-16-2021, 9:07:36 AM
blind_streams (yummyballs) sent /bid 60002 2-16-2021, 9:07:57 AM
blind_streams (yummyballs) sent /t i dont have 2-16-2021, 9:08:03 AM
blind_streams (yummyballs) sent /bid 10000000 2-16-2021, 9:08:30 AM
blind_streams (yummyballs) sent /bid 1 2-16-2021, 9:09:29 AM
blind_streams (yummyballs) sent /bid 13000000 2-16-2021, 9:09:36 AM
blind_streams (yummyballs) sent /bid 100 2-16-2021, 9:10:44 AM
blind_streams (yummyballs) sent /bid 100 2-16-2021, 9:10:52 AM
blind_streams (yummyballs) sent /bid 1000 2-16-2021, 9:11:07 AM
blind_streams (yummyballs) sent /bid 106 2-16-2021, 9:11:17 AM
blind_streams (yummyballs) sent /bid 106 2-16-2021, 9:11:24 AM
blind_streams (yummyballs) sent /bid 1000 2-16-2021, 9:11:32 AM
blind_streams (yummyballs) sent /bid 1000 2-16-2021, 9:11:46 AM
blind_streams (yummyballs) sent /bid 50000 2-16-2021, 9:12:10 AM
blind_streams (yummyballs) sent /bid 50000 2-16-2021, 9:12:23 AM
blind_streams (yummyballs) sent /bid 2000000 2-16-2021, 9:12:56 AM
blind_streams (yummyballs) sent /t oh crap sorry i thought he bet you 2-16-2021, 9:13:10 AM
blind_streams (yummyballs) sent /bid 100000000 2-16-2021, 9:14:31 AM
blind_streams (yummyballs) sent /cancelbid y 2-16-2021, 9:14:34 AM
blind_streams (yummyballs) sent /bid 1000000000 2-16-2021, 9:14:50 AM
blind_streams (yummyballs) sent /t how are you doing that 2-16-2021, 9:15:32 AM
blind_streams (yummyballs) sent /t how 2-16-2021, 9:15:45 AM
blind_streams (yummyballs) sent /bid 100000000 2-16-2021, 9:16:01 AM
blind_streams (yummyballs) sent /cancelbid y 2-16-2021, 9:16:13 AM
blind_streams (yummyballs) sent /t how 2-16-2021, 9:16:41 AM
blind_streams (yummyballs) sent /bid 200 2-16-2021, 9:17:31 AM
blind_streams (yummyballs) sent /bid 20000 2-16-2021, 9:17:52 AM
blind_streams (yummyballs) sent /bid 3000000 2-16-2021, 9:18:03 AM
blind_streams (yummyballs) sent /t how are you doing that 2-16-2021, 9:18:23 AM
blind_streams (yummyballs) sent /t please tell me 2-16-2021, 9:18:28 AM
blind_streams (yummyballs) sent /t i want to join in 2-16-2021, 9:18:31 AM
blind_streams (yummyballs) sent /bid 2 2-16-2021, 9:18:49 AM
blind_streams (yummyballs) sent /cancelbid y 2-16-2021, 9:18:56 AM
blind_streams (yummyballs) sent /cancelbid y 2-16-2021, 9:18:58 AM
blind_streams (yummyballs) sent /bid 2 2-16-2021, 9:19:03 AM
blind_streams (yummyballs) sent /t you must bid greater than something something something 2-16-2021, 9:19:17 AM
blind_streams (yummyballs) sent /bid 13 2-16-2021, 9:19:27 AM
blind_streams (yummyballs) sent /bid 1000 2-16-2021, 9:19:40 AM
blind_streams (yummyballs) sent /bid 2000 2-16-2021, 9:19:45 AM
blind_streams (yummyballs) sent /bid 2000 2-16-2021, 9:19:49 AM
blind_streams (yummyballs) sent /bid 3000 2-16-2021, 9:19:53 AM
blind_streams (yummyballs) sent /cancelbid y 2-16-2021, 9:19:58 AM
blind_streams (yummyballs) sent /cancelbid y 2-16-2021, 9:19:59 AM
blind_streams (yummyballs) sent /cancelbid y 2-16-2021, 9:20:00 AM
blind_streams (yummyballs) sent /cancelbid y 2-16-2021, 9:20:01 AM
blind_streams (yummyballs) sent /cancelbid y 2-16-2021, 9:20:01 AM
blind_streams (yummyballs) sent /cancelbid y 2-16-2021, 9:20:02 AM
blind_streams (yummyballs) sent /cancelbid y 2-16-2021, 9:20:04 AM
blind_streams (yummyballs) sent /cancelbid y 2-16-2021, 9:20:05 AM
blind_streams (yummyballs) sent /cancelbid y 2-16-2021, 9:20:06 AM
blind_streams (yummyballs) sent /cancelbid y 2-16-2021, 9:20:07 AM
blind_streams (yummyballs) sent /cancelbid y 2-16-2021, 9:20:09 AM
blind_streams (yummyballs) sent /cancelbid y 2-16-2021, 9:20:15 AM
blind_streams (yummyballs) sent /t wiat so do i bit twice? 2-16-2021, 9:20:23 AM
blind_streams (yummyballs) sent /t like do i bid twice in a roe then cansil it 2-16-2021, 9:20:34 AM
blind_streams (yummyballs) sent /bid 30000000 2-16-2021, 9:20:52 AM
blind_streams (yummyballs) sent /bid 40000000 2-16-2021, 9:20:58 AM
blind_streams (yummyballs) sent /cancelbid y 2-16-2021, 9:21:00 AM
blind_streams (yummyballs) sent /cancelbid y 2-16-2021, 9:21:01 AM
blind_streams (yummyballs) sent /cancelbid y 2-16-2021, 9:21:02 AM
blind_streams (yummyballs) sent /cancelbid y 2-16-2021, 9:21:03 AM
blind_streams (yummyballs) sent /cancelbid y 2-16-2021, 9:21:03 AM
blind_streams (yummyballs) sent /cancelbid y 2-16-2021, 9:21:04 AM
blind_streams (yummyballs) sent /cancelbid y 2-16-2021, 9:21:05 AM
blind_streams (yummyballs) sent /cancelbid y 2-16-2021, 9:21:07 AM
blind_streams (yummyballs) sent /cancelbid y 2-16-2021, 9:21:29 AM
blind_streams (yummyballs) sent /cancelbid y 2-16-2021, 9:21:30 AM
blind_streams (yummyballs) sent /cancelbid y 2-16-2021, 9:21:31 AM
blind_streams (yummyballs) sent /cancelbid y 2-16-2021, 9:21:32 AM
blind_streams (yummyballs) sent /cancelbid y 2-16-2021, 9:21:36 AM
blind_streams (yummyballs) sent /cancelbid y 2-16-2021, 9:21:37 AM
blind_streams (yummyballs) sent /cancelbid y 2-16-2021, 9:21:38 AM
blind_streams (yummyballs) sent /cancelbid y 2-16-2021, 9:21:39 AM
blind_streams (yummyballs) sent /cancelbid y 2-16-2021, 9:21:40 AM
blind_streams (yummyballs) sent /cancelbid y\ 2-16-2021, 9:21:41 AM
blind_streams (yummyballs) sent /cancelbid y 2-16-2021, 9:21:43 AM
blind_streams (yummyballs) sent /cancelbid y 2-16-2021, 9:21:44 AM
blind_streams (yummyballs) sent /cancelbid y 2-16-2021, 9:21:44 AM
blind_streams (yummyballs) sent /cancelbid y 2-16-2021, 9:21:45 AM
blind_streams (yummyballs) sent /cancelbid y 2-16-2021, 9:21:45 AM
blind_streams (yummyballs) sent /cancelbid y 2-16-2021, 9:21:45 AM
blind_streams (yummyballs) sent /cancelbid y 2-16-2021, 9:21:46 AM
blind_streams (yummyballs) sent /cancelbid y 2-16-2021, 9:21:46 AM
blind_streams (yummyballs) sent /cancelbid y 2-16-2021, 9:21:46 AM
blind_streams (yummyballs) sent /cancelbid y 2-16-2021, 9:21:47 AM
blind_streams (yummyballs) sent /cancelbid y 2-16-2021, 9:21:47 AM
blind_streams (yummyballs) sent /cancelbid y 2-16-2021, 9:21:48 AM
blind_streams (yummyballs) sent /cancelbid y 2-16-2021, 9:21:48 AM
blind_streams (yummyballs) sent /cancelbid y 2-16-2021, 9:21:48 AM
blind_streams (yummyballs) sent /cancelbid ky 2-16-2021, 9:21:49 AM
blind_streams (yummyballs) sent /cancelbid y 2-16-2021, 9:21:49 AM
blind_streams (yummyballs) sent /t ok how do i cansel all my bids? 2-16-2021, 9:22:00 AM
blind_streams (yummyballs) sent /t nice lol 2-16-2021, 9:22:36 AM
blind_streams (yummyballs) sent /where komil 2-16-2021, 9:23:30 AM
blind_streams (yummyballs) sent /giftsell 2-16-2021, 9:26:01 AM
blind_streams (yummyballs) sent /sell 2-16-2021, 9:26:06 AM
blind_streams (yummyballs) sent /bid 2 2-16-2021, 9:28:01 AM
blind_streams (yummyballs) sent /bid 1000 2-16-2021, 9:28:13 AM
blind_streams (yummyballs) sent /bid 1000 2-16-2021, 9:28:18 AM
blind_streams (yummyballs) sent /t hay no 2-16-2021, 9:28:30 AM
blind_streams (yummyballs) sent /t ok well if you get it please give me one 2-16-2021, 9:28:40 AM
blind_streams (yummyballs) sent /t ok thanks 2-16-2021, 9:28:46 AM
blind_streams (yummyballs) sent /t i bet he will cansel it 2-16-2021, 9:28:55 AM
blind_streams (yummyballs) sent /t wow he did not 2-16-2021, 9:29:00 AM
blind_streams (yummyballs) sent /t you have 0 of 10 ammo in your cyanide_pistol, and you have 0 bullets remaining 2-16-2021, 9:29:24 AM
blind_streams (yummyballs) sent /t got any amoe and where do you get amoe from 2-16-2021, 9:29:33 AM
blind_streams (yummyballs) sent /t hanks 2-16-2021, 9:31:16 AM
blind_streams (yummyballs) sent /t i know right 2-16-2021, 9:32:18 AM
blind_streams (yummyballs) sent /t how 2-16-2021, 9:33:04 AM
blind_streams (yummyballs) sent /newbie 2-16-2021, 9:33:08 AM
blind_streams (yummyballs) sent /newbie 2-16-2021, 9:33:10 AM
blind_streams (yummyballs) sent /t why am i not leaving up 2-16-2021, 9:33:52 AM
blind_streams (yummyballs) sent /t how do you get thoughs arection things 2-16-2021, 9:34:10 AM
blind_streams (yummyballs) sent /t ok hold on 2-16-2021, 9:34:20 AM
blind_streams (yummyballs) sent /t is that how many leavil yu need 2-16-2021, 9:34:51 AM
blind_streams (yummyballs) sent /t hi 2-16-2021, 9:38:03 AM
blind_streams (yummyballs) sent /members 2-16-2021, 9:38:07 AM
blind_streams (yummyballs) sent /t lol 2-16-2021, 9:39:03 AM
blind_streams (yummyballs) sent /t nope dont have 2-16-2021, 9:39:10 AM
blind_streams (yummyballs) sent /t lol 2-16-2021, 9:39:26 AM
blind_streams (yummyballs) sent /t is any of them on line? 2-16-2021, 9:39:53 AM
blind_streams (yummyballs) sent /t who is on line and part of there team 2-16-2021, 9:40:20 AM
blind_streams (yummyballs) sent /t where is he 2-16-2021, 9:40:43 AM
blind_streams (yummyballs) sent /t i do have 2-16-2021, 9:42:12 AM
blind_streams (yummyballs) sent /t lol 2-16-2021, 9:42:19 AM
blind_streams (yummyballs) sent /t you have 10 of 10 ammo in your cyanide_pistol, and you have 1170 bullets remaining 2-16-2021, 9:42:28 AM
blind_streams (yummyballs) sent /t the fuck 2-16-2021, 9:45:51 AM
blind_streams (yummyballs) sent /t sorry 2-16-2021, 9:45:58 AM
blind_streams (yummyballs) sent /t because of my videoe maybe 2-16-2021, 9:46:53 AM
blind_streams (yummyballs) sent /t wow thanks 2-16-2021, 9:47:43 AM
blind_streams (yummyballs) sent /t how 2-16-2021, 9:49:55 AM
blind_streams (yummyballs) sent /t how are you doing that 2-16-2021, 9:50:01 AM
blind_streams (yummyballs) sent /t what do i do once in aircraft? 2-16-2021, 9:50:28 AM
blind_streams (yummyballs) sent /t ok worked it out 2-16-2021, 9:50:55 AM
blind_streams (yummyballs) sent /t lol nice 2-16-2021, 9:51:54 AM
blind_streams (yummyballs) sent /where phamhoangminh 2-16-2021, 9:52:41 AM
blind_streams (yummyballs) sent /suicide 2-16-2021, 9:52:47 AM
blind_streams (yummyballs) sent /suicide 2-16-2021, 9:52:51 AM
blind_streams (yummyballs) sent /t i shot him with my gun 2-16-2021, 9:54:25 AM
blind_streams (yummyballs) sent /t why did it not work 2-16-2021, 9:54:29 AM
blind_streams (yummyballs) sent /t lol 2-16-2021, 9:55:09 AM
blind_streams (yummyballs) sent /t how many points cm have 2-16-2021, 9:55:14 AM
blind_streams (yummyballs) sent /t oh never mind 2-16-2021, 9:55:26 AM
blind_streams (yummyballs) sent /t uoops sorry lo 2-16-2021, 9:55:36 AM
blind_streams (yummyballs) sent /t lol 2-16-2021, 9:55:39 AM
blind_streams (yummyballs) sent /teams 2-16-2021, 9:55:43 AM
blind_streams (yummyballs) sent /teams 2-16-2021, 9:56:16 AM
blind_streams (yummyballs) sent /teams 2-16-2021, 9:56:27 AM
blind_streams (yummyballs) sent /teams 2-16-2021, 9:56:34 AM
blind_streams (yummyballs) sent /teams 2-16-2021, 9:56:43 AM
blind_streams (yummyballs) sent /t ok  2-16-2021, 9:56:50 AM
blind_streams (yummyballs) sent /teams 2-16-2021, 9:56:52 AM
blind_streams (yummyballs) sent /t we have to kill there team 2-16-2021, 9:57:26 AM
blind_streams (yummyballs) sent /where phamhoangminh 2-16-2021, 9:57:33 AM
blind_streams (yummyballs) sent /t it ownly has 2000 points 2-16-2021, 9:57:43 AM
blind_streams (yummyballs) sent /where phamhoangminh 2-16-2021, 9:58:47 AM
blind_streams (yummyballs) sent /where phamhoangminh 2-16-2021, 9:58:50 AM
blind_streams (yummyballs) sent /t stop 2-16-2021, 9:59:46 AM
blind_streams (yummyballs) sent /t no crap he is getting points 2-16-2021, 10:00:32 AM
blind_streams (yummyballs) sent /teams 2-16-2021, 10:01:45 AM
blind_streams (yummyballs) sent /t oh crap is there any other players in that team that are on line? 2-16-2021, 10:02:25 AM
blind_streams (yummyballs) sent /t oh crap 2-16-2021, 10:02:39 AM
blind_streams (yummyballs) sent /t we cant kill it well it might run out of points 2-16-2021, 10:02:48 AM
blind_streams (yummyballs) sent /t ok 2-16-2021, 10:03:21 AM
blind_streams (yummyballs) sent /t wait what? 2-16-2021, 10:03:46 AM
blind_streams (yummyballs) sent /where AnhSon 2-16-2021, 10:04:17 AM
blind_streams (yummyballs) sent /t wow 2-16-2021, 10:04:36 AM
blind_streams (yummyballs) sent /t can you kill him 2-16-2021, 10:05:00 AM
blind_streams (yummyballs) sent /t oh yes yes yes 2-16-2021, 10:05:24 AM
blind_streams (yummyballs) sent /t oh crap lol 2-16-2021, 10:08:07 AM
blind_streams (yummyballs) sent /t ok i will let you fight him 2-16-2021, 10:08:23 AM