
dmitriy(dmitriy) used a coin 9-6-2020, 8:26:07 AM
dmitriy(dmitriy) used a coin 9-6-2020, 8:26:12 AM
dmitriy(dmitriy) used a coin 9-6-2020, 8:26:13 AM
dmitriy(dmitriy) used a coin 9-6-2020, 8:26:15 AM
dmitriy(dmitriy) used a coin 9-6-2020, 8:26:18 AM
dmitriy(dmitriy) used a coin 9-6-2020, 8:26:26 AM
dmitriy(dmitriy) used a coin 9-6-2020, 8:26:28 AM
dmitriy(dmitriy) used a coin 9-6-2020, 8:26:30 AM
dmitriy(dmitriy) used a coin 9-6-2020, 8:26:32 AM
dmitriy(dmitriy) used a coin 9-6-2020, 8:26:34 AM
dmitriy(dmitriy) used a coin 9-6-2020, 8:26:36 AM
dmitriy(dmitriy) used a coin 9-6-2020, 8:26:39 AM
dmitriy(dmitriy) used a coin 9-6-2020, 8:26:41 AM
dmitriy(dmitriy) used a coin 9-6-2020, 8:26:46 AM
dmitriy(dmitriy) used a coin 9-6-2020, 8:26:57 AM
dmitriy(dmitriy) used a health_drink 9-6-2020, 8:27:56 AM
dmitriy(dmitriy) used a health_drink 9-6-2020, 8:27:56 AM
dmitriy(dmitriy) used a health_drink 9-6-2020, 8:28:19 AM
dmitriy(dmitriy) used a health_drink 9-6-2020, 8:28:19 AM
dmitriy(dmitriy) used a health_drink 9-6-2020, 8:28:19 AM
dmitriy(dmitriy) used a health_drink 9-6-2020, 8:28:24 AM
dmitriy(dmitriy) used a health_drink 9-6-2020, 8:28:24 AM
dmitriy(dmitriy) used a health_drink 9-6-2020, 8:28:25 AM
dmitriy(dmitriy) used a concussive_grenade 9-6-2020, 8:28:52 AM
dmitriy(dmitriy) used a wood 9-6-2020, 8:29:38 AM
dmitriy(dmitriy) used a cannon 9-6-2020, 8:30:58 AM
dmitriy(dmitriy) used a missile_interceptor 9-6-2020, 8:32:05 AM
dmitriy(dmitriy) used a missile_interceptor 9-6-2020, 8:32:06 AM
dmitriy(dmitriy) used a missile_interceptor 9-6-2020, 8:32:07 AM
dmitriy(dmitriy) used a missile_interceptor 9-6-2020, 8:32:08 AM
dmitriy(dmitriy) used a carrier_missile 9-6-2020, 8:35:02 AM
dmitriy(dmitriy) used a hand_grenade 9-6-2020, 10:17:33 AM
dmitriy(dmitriy) used a hand_grenade 9-6-2020, 10:17:36 AM
dmitriy(dmitriy) used a hand_grenade 9-6-2020, 10:17:37 AM
dmitriy(dmitriy) used a hand_grenade 9-6-2020, 10:17:37 AM
dmitriy(dmitriy) used a health_drink 9-6-2020, 10:21:03 AM
dmitriy(dmitriy) used a health_drink 9-6-2020, 10:21:03 AM
dmitriy(dmitriy) used a aircraft 9-6-2020, 10:21:09 AM
dmitriy(dmitriy) used a aircraft 9-6-2020, 10:21:09 AM
dmitriy(dmitriy) used a wood 9-6-2020, 10:26:53 AM
dmitriy(dmitriy) used a carrier_missile 9-6-2020, 10:35:11 AM
dmitriy(dmitriy) used a sticky_bomb 9-6-2020, 9:14:00 PM
dmitriy(dmitriy) used a pipe_bomb 9-6-2020, 9:14:15 PM
dmitriy(dmitriy) used a pipe_bomb 9-6-2020, 9:14:21 PM
dmitriy(dmitriy) used a pipe_bomb 9-6-2020, 9:14:22 PM
dmitriy(dmitriy) used a pipe_bomb 9-6-2020, 9:14:22 PM
dmitriy(dmitriy) used a pipe_bomb 9-6-2020, 9:14:22 PM
dmitriy(dmitriy) used a pipe_bomb 9-6-2020, 9:14:23 PM
dmitriy(dmitriy) used a pipe_bomb 9-6-2020, 9:14:23 PM
dmitriy(dmitriy) used a pipe_bomb 9-6-2020, 9:14:23 PM
dmitriy(dmitriy) used a pipe_bomb 9-6-2020, 9:14:23 PM
dmitriy(dmitriy) used a pipe_bomb 9-6-2020, 9:14:32 PM
dmitriy(dmitriy) used a pipe_bomb 9-6-2020, 9:14:33 PM
dmitriy(dmitriy) used a pipe_bomb 9-6-2020, 9:14:33 PM
dmitriy(dmitriy) used a pipe_bomb 9-6-2020, 9:14:33 PM
dmitriy(dmitriy) used a pipe_bomb 9-6-2020, 9:14:33 PM
dmitriy(dmitriy) used a pipe_bomb 9-6-2020, 9:14:33 PM
dmitriy(dmitriy) used a pipe_bomb 9-6-2020, 9:14:34 PM
dmitriy(dmitriy) used a pipe_bomb 9-6-2020, 9:14:34 PM
dmitriy(dmitriy) used a pipe_bomb 9-6-2020, 9:14:34 PM
dmitriy(dmitriy) used a pipe_bomb 9-6-2020, 9:14:34 PM
dmitriy(dmitriy) used a pipe_bomb 9-6-2020, 9:14:34 PM
dmitriy(dmitriy) used a pipe_bomb 9-6-2020, 9:14:35 PM
dmitriy(dmitriy) used a pipe_bomb 9-6-2020, 9:14:35 PM
dmitriy(dmitriy) used a pipe_bomb 9-6-2020, 9:14:35 PM
dmitriy(dmitriy) used a pipe_bomb 9-6-2020, 9:14:35 PM
dmitriy(dmitriy) used a pipe_bomb 9-6-2020, 9:14:35 PM
dmitriy(dmitriy) used a pipe_bomb 9-6-2020, 9:14:36 PM
dmitriy(dmitriy) used a pipe_bomb 9-6-2020, 9:14:36 PM
dmitriy(dmitriy) used a pipe_bomb 9-6-2020, 9:14:36 PM
dmitriy(dmitriy) used a pipe_bomb 9-6-2020, 9:14:36 PM
dmitriy(dmitriy) used a pipe_bomb 9-6-2020, 9:14:36 PM
dmitriy(dmitriy) used a pipe_bomb 9-6-2020, 9:14:36 PM
dmitriy(dmitriy) used a pipe_bomb 9-6-2020, 9:14:37 PM
dmitriy(dmitriy) used a pipe_bomb 9-6-2020, 9:14:37 PM
dmitriy(dmitriy) used a pipe_bomb 9-6-2020, 9:14:37 PM
dmitriy(dmitriy) used a pipe_bomb 9-6-2020, 9:14:37 PM
dmitriy(dmitriy) used a pipe_bomb 9-6-2020, 9:14:38 PM
dmitriy(dmitriy) used a pipe_bomb 9-6-2020, 9:14:38 PM
dmitriy(dmitriy) used a pipe_bomb 9-6-2020, 9:14:38 PM
dmitriy(dmitriy) used a pipe_bomb 9-6-2020, 9:14:38 PM
dmitriy(dmitriy) used a pipe_bomb 9-6-2020, 9:14:38 PM
dmitriy(dmitriy) used a pipe_bomb 9-6-2020, 9:14:39 PM
dmitriy(dmitriy) used a pipe_bomb 9-6-2020, 9:14:39 PM