
darkfrent logged in. 9-6-2020, 12:56:00 AM
kofeman logged in. 9-6-2020, 1:05:51 AM
death: gorilla just blasted kofeman away! 9-6-2020, 1:06:40 AM
death: oy, where'd gorilla go. Do you happen to know, kofeman? 9-6-2020, 1:06:43 AM
darkfrent disconnected 9-6-2020, 1:06:58 AM
death: kofeman is so happy because he killed cat on zalp! 9-6-2020, 1:08:03 AM
death: gravaty just finished pulling the corpse of boxer to the ground of the zalp map, and we can thank kofeman for the help!  9-6-2020, 1:08:17 AM
death: Anybody knows why robocop died? I know! robocop got owned by kofeman! Where? On zalp! 9-6-2020, 1:08:27 AM
death: dog was turned to pulp by kofeman 9-6-2020, 1:08:32 AM
death: kofeman just beat the shit out of nurse 9-6-2020, 1:08:34 AM
death: A new corpse of fireball is flying on zalp, because kofeman made this to happen! 9-6-2020, 1:08:53 AM
death: Rest  in piece, dentist. We'll sure miss you, guess we can thank kofeman for what they did. 9-6-2020, 1:09:12 AM
death: OK, let's see what else Amphibian can do for kofeman on zalp. I saw he killed them! 9-6-2020, 1:09:28 AM
death: Amphibian died. Why? Because kofeman owned them on zalp. 9-6-2020, 1:09:33 AM
kofeman disconnected 9-6-2020, 1:09:44 AM
darkfrent logged in. 9-6-2020, 2:55:19 AM
darkfrent disconnected 9-6-2020, 3:05:55 AM
dmitriy logged in. 9-6-2020, 8:04:45 AM
server notification: The dmitriy shelter has been created! 9-6-2020, 8:29:53 AM
dmitriy disconnected 9-6-2020, 8:35:53 AM
gleb logged in. 9-6-2020, 8:39:47 AM
gleb disconnected 9-6-2020, 8:57:05 AM
gleb logged in. 9-6-2020, 8:57:08 AM
Lordral logged in. 9-6-2020, 8:58:43 AM
Lordral disconnected 9-6-2020, 8:59:25 AM
dragon logged in. 9-6-2020, 9:12:24 AM
dragon lost connection 9-6-2020, 9:13:32 AM
franklin logged in. 9-6-2020, 9:21:16 AM
nikita-k logged in. 9-6-2020, 9:22:14 AM
franklin disconnected 9-6-2020, 9:25:11 AM
franklin logged in. 9-6-2020, 9:25:13 AM
nikita-k (nikita-k) said ehehehehh 9-6-2020, 9:28:29 AM
franklin (franklin) said а где он был! 9-6-2020, 9:28:45 AM
nikita-k (nikita-k) said сразу 3 на battles 9-6-2020, 9:28:58 AM
franklin (franklin) said бггг 9-6-2020, 9:29:09 AM
nikita-k (nikita-k) said the frends shelter belonging to yarina with 44431 health is in front and very slightly off to the left, 18 feet away. the gleb shelter belonging to gleb with 1799046 health is behind and very slightly to the left, 25 feet away.  9-6-2020, 9:29:48 AM
franklin (franklin) said валить! 9-6-2020, 9:29:55 AM
franklin (franklin) said бггг 9-6-2020, 9:29:59 AM
nikita-k (nikita-k) said 3 9-6-2020, 9:30:30 AM
nikita-k (nikita-k) said 2 9-6-2020, 9:30:31 AM
nikita-k (nikita-k) said 1 9-6-2020, 9:30:31 AM
death: gleb really made a mess of nikita-k's throwing_star on the underground chamber map.  9-6-2020, 9:30:36 AM
nikita-k (nikita-k) said roflflflfflfl 9-6-2020, 9:30:42 AM
franklin (franklin) said смех 9-6-2020, 9:30:48 AM
nikita-k (nikita-k) said замечательно! 9-6-2020, 9:30:54 AM
gleb (gleb) said НУ И ЗАЧЕМ 9-6-2020, 9:30:58 AM
franklin (franklin) said а што бы было 9-6-2020, 9:31:11 AM
gleb (gleb) said А ЕСЛИ Я ТВОЙ ДОМ РАЗЛАМАЮ 9-6-2020, 9:31:18 AM
nikita-k (nikita-k) said ну я их просто нашёл 9-6-2020, 9:31:20 AM
death: heavy hammer just used the grounds of the underground chamber map to teach nikita-k a very important lesson!  9-6-2020, 9:31:25 AM
franklin (franklin) said найдёш? 9-6-2020, 9:31:33 AM
gleb (gleb) said .КОНЕЧНО ТАК И ПОВЕРЮ 9-6-2020, 9:31:39 AM
death: franklin died. Why? Because heavy hammer owned them on palace on the clouds. 9-6-2020, 9:32:11 AM
gleb (gleb) said .ТЫ СКОРЕЕ ВСЕГО ВОСПОЛЬЗОВАЛСЯ командой shelter list 9-6-2020, 9:32:42 AM
franklin (franklin) said а так можна было? 9-6-2020, 9:33:02 AM
nikita-k (nikita-k) said нет 9-6-2020, 9:33:44 AM
nikita-k (nikita-k) said просто нашёл 9-6-2020, 9:34:03 AM
franklin (franklin) said ммда обычным юзерам такое недоступно 9-6-2020, 9:34:10 AM
nikita-k (nikita-k) said угу 9-6-2020, 9:34:16 AM
nikita-k (nikita-k) said только /shelters 9-6-2020, 9:34:23 AM
nikita-k (nikita-k) said there are 5 shelters 9-6-2020, 9:34:28 AM
gleb (gleb) said как читать чат 9-6-2020, 9:34:40 AM
franklin (franklin) said there are 5 shelters 9-6-2020, 9:34:45 AM
franklin (franklin) said а где и когда не смех 9-6-2020, 9:34:55 AM
nikita-k (nikita-k) said точка и запятая, с шифтом в начало и в конец 9-6-2020, 9:34:57 AM
franklin (franklin) said блин думаю где бы так шелтер построить што бы никто не поломал 9-6-2020, 9:35:39 AM
nikita-k (nikita-k) said heh 9-6-2020, 9:35:45 AM
franklin (franklin) said nuclear bomb: you have 2. 4 of 129 9-6-2020, 9:36:50 AM
nikita-k (nikita-k) said nuclear_bomb, 100084 9-6-2020, 9:36:58 AM
nikita-k (nikita-k) said xxxd 9-6-2020, 9:37:01 AM
franklin (franklin) said ух бггг и ты ими не пользуешся смех 9-6-2020, 9:37:13 AM
franklin (franklin) said у меня было больше я по продавал 9-6-2020, 9:37:24 AM
nikita-k (nikita-k) said нв  ногдм иользвю 9-6-2020, 9:37:27 AM
nikita-k (nikita-k) said иногда пользую 9-6-2020, 9:38:09 AM
nikita-k disconnected 9-6-2020, 9:38:45 AM
death: There's a light at the end of the tunnel gleb, actually, fuck that. franklin's hand_grenade ran you down. Sor'r'r'r'r'r'r'r'r'r'ry 9-6-2020, 9:43:15 AM
franklin (franklin) said 3 9-6-2020, 9:43:47 AM
franklin (franklin) said 2 9-6-2020, 9:43:49 AM
franklin (franklin) said 1 9-6-2020, 9:43:50 AM
franklin (franklin) said the gleb_2 shelter belonging to gleb with 1347373 health is in front and slightly off to the left, 13 feet away.  9-6-2020, 9:44:33 AM
franklin disconnected 9-6-2020, 9:50:22 AM
franklin logged in. 9-6-2020, 9:50:32 AM
franklin disconnected 9-6-2020, 9:51:28 AM
franklin logged in. 9-6-2020, 10:13:20 AM
franklin disconnected 9-6-2020, 10:13:35 AM
dmitriy logged in. 9-6-2020, 10:15:37 AM
dmitriy (dmitriy) said go to old main.map 9-6-2020, 10:17:52 AM
server notification: The dima shelter has been created! 9-6-2020, 10:27:07 AM
Yarina logged in. 9-6-2020, 10:29:58 AM
dmitriy (dmitriy) said zalp 9-6-2020, 10:30:05 AM
Yarina (Yarina) said zalp 9-6-2020, 10:30:12 AM
death: Yarina was nuked out of existance by heavy hammer 9-6-2020, 10:30:34 AM
dmitriy disconnected 9-6-2020, 10:37:54 AM
vlad222 logged in. 9-6-2020, 10:38:52 AM
vlad222 disconnected 9-6-2020, 10:41:20 AM
Yarina disconnected 9-6-2020, 10:49:32 AM
Yarina logged in. 9-6-2020, 11:03:22 AM
Yarina disconnected 9-6-2020, 11:03:42 AM
darkfrent logged in. 9-6-2020, 11:13:32 AM
darkfrent (darkfrent) said hi gleb 9-6-2020, 11:13:55 AM
death: darkfrent takes their last breath as heavy hammer blasts them in the face one last time. Brutallity! 9-6-2020, 11:14:09 AM
Yarina logged in. 9-6-2020, 11:19:06 AM
darkfrent disconnected 9-6-2020, 11:31:43 AM
darkfrent logged in. 9-6-2020, 11:31:49 AM
darkfrent disconnected 9-6-2020, 11:35:28 AM
darkfrent logged in. 9-6-2020, 11:42:58 AM
death: He shoots, he scores! darkfrent's testicles went flying through the hoops on map border of the river. darkfrent's suicide bomb stands tall with quite the sinical smile. 9-6-2020, 11:43:24 AM
gleb (gleb) said ddd 9-6-2020, 11:46:23 AM
death: He shoots, he scores! gleb's aircraft's testicles went flying through the hoops on map battlefield. darkfrent's hand_grenade stands tall with quite the sinical smile. 9-6-2020, 11:52:09 AM
death: gleb was obliterated by the explosion of their aircraft 9-6-2020, 11:52:09 AM
gleb disconnected 9-6-2020, 11:52:16 AM
death: Yarina's hand_grenade just gave Yarina's helicopter 23 what for! 9-6-2020, 11:52:31 AM
death: Yarina's hand_grenade just gave darkfrent's aircraft what for! 9-6-2020, 11:52:36 AM
death: Anybody knows why darkfrent died? I know! darkfrent got owned by Yarina's hand_grenade! Where? On battlefield! 9-6-2020, 11:52:38 AM
death: darkfrent just got annihilated by Yarina's hand_grenade 9-6-2020, 11:53:00 AM
death: darkfrent's suicide bomb is so happy because he killed Yarina on battlefield! 9-6-2020, 11:53:18 AM
death: darkfrent was nuked out of existance by darkfrent's suicide bomb 9-6-2020, 11:53:18 AM
Yarina disconnected 9-6-2020, 11:53:54 AM
death: Yarina just got bashed by darkfrent's suicide bomb on the store map 9-6-2020, 11:53:54 AM
darkfrent disconnected 9-6-2020, 11:54:47 AM
franklin logged in. 9-6-2020, 12:03:05 PM
ali logged in. 9-6-2020, 12:04:03 PM
ali (ali) said o.o.o.o.o.o 9-6-2020, 12:04:11 PM
ali (ali) said hi hi 9-6-2020, 12:04:17 PM
franklin (franklin) said die.die.die.die.die.die 9-6-2020, 12:04:21 PM
Yarina logged in. 9-6-2020, 12:05:11 PM
ali (ali) said рш 9-6-2020, 12:05:30 PM
ali (ali) said привет 9-6-2020, 12:05:32 PM
Yarina (Yarina) said всем hi 9-6-2020, 12:05:32 PM
franklin (franklin) said бггг 9-6-2020, 12:05:41 PM
ali (ali) said go to main 9-6-2020, 12:05:55 PM
death: franklin's hand_grenade just completely and totally pulvarized ali over here! 9-6-2020, 12:08:01 PM
Yarina disconnected 9-6-2020, 12:08:08 PM
bolgelo logged in. 9-6-2020, 12:09:33 PM
bolgelo (bolgelo) said ahahaah 9-6-2020, 12:09:40 PM
franklin (franklin) said вали ево! 9-6-2020, 12:09:49 PM
in team leaders, bolgelo (bolgelo) said time to kill ali 9-6-2020, 12:09:53 PM
in team leaders, franklin (franklin) said я уже 9-6-2020, 12:10:03 PM
death: Well, ali doesn't exist anymore. Looks to be that bolgelo's rpg7 has ultimate victory. Clean up on main  9-6-2020, 12:11:00 PM
bolgelo (bolgelo) said done 9-6-2020, 12:11:05 PM
ali disconnected 9-6-2020, 12:11:15 PM
bolgelo (bolgelo) said ahaha 9-6-2020, 12:11:17 PM
ali logged in. 9-6-2020, 12:11:20 PM
franklin (franklin) said ahahahahahahhaha 9-6-2020, 12:11:21 PM
bolgelo (bolgelo) said newbie 9-6-2020, 12:11:21 PM
franklin (franklin) said oyyyyyyyyy 9-6-2020, 12:11:31 PM
bolgelo (bolgelo) said :D 9-6-2020, 12:11:36 PM
ali (ali) said no, not in the store! 9-6-2020, 12:11:42 PM
bolgelo (bolgelo) said okay 9-6-2020, 12:11:48 PM
bolgelo (bolgelo) said :D :D :D 9-6-2020, 12:11:56 PM
ali (ali) said мой перс падает  9-6-2020, 12:12:06 PM
bolgelo (bolgelo) said наверно пришёл идеи плагиатить 9-6-2020, 12:12:12 PM
ali (ali) said где админи 9-6-2020, 12:12:12 PM
franklin (franklin) said ну по крайни мере не лагает так как у тебя 9-6-2020, 12:12:24 PM
bolgelo (bolgelo) said lolololol 9-6-2020, 12:12:25 PM
ali (ali) said олег, да пашёл ты. 9-6-2020, 12:12:25 PM
bolgelo (bolgelo) said куда? 9-6-2020, 12:12:30 PM
bolgelo (bolgelo) said что qt уже нету? 9-6-2020, 12:12:36 PM
ali (ali) said долбанутый, малыш, иди пей свой молоко 9-6-2020, 12:12:46 PM
bolgelo (bolgelo) said свой? 9-6-2020, 12:12:52 PM
bolgelo (bolgelo) said ты снач говорить научись 9-6-2020, 12:13:01 PM
ali (ali) said есьт есть, и будит, это не тк который всегда зокрывается. 9-6-2020, 12:13:11 PM
bolgelo (bolgelo) said хаха 9-6-2020, 12:13:16 PM
ali disconnected 9-6-2020, 12:13:20 PM
franklin (franklin) said aaa этот жывёт 9-6-2020, 12:13:22 PM
franklin (franklin) said бггг 9-6-2020, 12:13:25 PM
bolgelo (bolgelo) said ебанат 9-6-2020, 12:13:28 PM
bolgelo (bolgelo) said придурок 9-6-2020, 12:13:32 PM
franklin (franklin) said оййййй 9-6-2020, 12:13:36 PM
franklin (franklin) said бггг 9-6-2020, 12:13:49 PM
bolgelo (bolgelo) said сука ебаная чтоб тебе сервак досмерти задосили али ебанько 9-6-2020, 12:13:56 PM
franklin (franklin) said я могу устроить, только надо как то вику уговорить 9-6-2020, 12:14:10 PM
bolgelo (bolgelo) said хэх 9-6-2020, 12:14:16 PM
bolgelo (bolgelo) said ты снач научись 9-6-2020, 12:14:20 PM
bolgelo (bolgelo) said ща приду 9-6-2020, 12:14:26 PM
franklin (franklin) said кого 9-6-2020, 12:14:27 PM
franklin (franklin) said ага 9-6-2020, 12:14:30 PM
bolgelo (bolgelo) said ща иди в тт я ща приду через 5 мин 9-6-2020, 12:14:36 PM
bolgelo disconnected 9-6-2020, 12:14:38 PM
shoma logged in. 9-6-2020, 12:20:05 PM
shoma (shoma) said привет 9-6-2020, 12:20:25 PM
shoma (shoma) said как дела 9-6-2020, 12:20:28 PM
franklin (franklin) said hi 9-6-2020, 12:20:29 PM
franklin (franklin) said жыву пока 9-6-2020, 12:20:35 PM
franklin (franklin) said тебе понравилось вчира? 9-6-2020, 12:20:43 PM
franklin (franklin) said смех 9-6-2020, 12:20:46 PM
shoma (shoma) said а чё hvr не работает 9-6-2020, 12:20:59 PM
franklin (franklin) said незнаю 9-6-2020, 12:21:04 PM
franklin (franklin) said потому што винни дура 9-6-2020, 12:21:09 PM
franklin disconnected 9-6-2020, 12:21:36 PM
shoma disconnected 9-6-2020, 12:21:44 PM
gleb logged in. 9-6-2020, 12:22:51 PM
gleb disconnected 9-6-2020, 12:23:17 PM
gleb logged in. 9-6-2020, 12:23:24 PM
gleb disconnected 9-6-2020, 12:24:05 PM
Yarina logged in. 9-6-2020, 12:25:35 PM
Yarina disconnected 9-6-2020, 12:27:54 PM
vadimka logged in. 9-6-2020, 12:37:12 PM
vadimka disconnected 9-6-2020, 12:37:23 PM
darkfrent logged in. 9-6-2020, 12:40:25 PM
darkfrent lost connection 9-6-2020, 12:42:35 PM
darkfrent logged in. 9-6-2020, 12:50:20 PM
darkfrent disconnected 9-6-2020, 12:51:12 PM
darkfrent logged in. 9-6-2020, 1:04:37 PM
darkfrent disconnected 9-6-2020, 1:04:47 PM
bjjjjjfff logged in. 9-6-2020, 2:00:27 PM
death: coyote was just obliterated by the force of bjjjjjfff on cage 9-6-2020, 2:01:06 PM
death: I think I just saw goat's corpse flying as bjjjjjfff owned them on cage. 9-6-2020, 2:01:13 PM
death: bear's head was blown apart and now bjjjjjfff plays basketball today on map cage, up for a game? 9-6-2020, 2:01:20 PM
death: You know that particular element in physics where velocity increases as you fall? yeah, dog learned that really fuckin quick, and we can thank bjjjjjfff. 9-6-2020, 2:01:22 PM
death: lion just put the smack down on bjjjjjfff 9-6-2020, 2:01:25 PM
death: The cage map is full now with lion's guts as bjjjjjfff owned them! 9-6-2020, 2:01:31 PM
death: bjjjjjfff just put the smack down on kirill1 9-6-2020, 2:05:26 PM
death: bjjjjjfff just gave kirill4 what for! 9-6-2020, 2:05:32 PM
death: Rest  in piece, kirill4. We'll sure miss you, guess we can thank bjjjjjfff for what they did. 9-6-2020, 2:05:37 PM
gleb logged in. 9-6-2020, 2:05:40 PM
darkfrent logged in. 9-6-2020, 2:05:44 PM
darkfrent disconnected 9-6-2020, 2:06:08 PM
darkfrent logged in. 9-6-2020, 2:06:15 PM
death: bjjjjjfff, I believe kirillboss had something to say. 9-6-2020, 2:06:17 PM
death: bjjjjjfff is so happy because he killed kirillboss on kirill'smain_room! 9-6-2020, 2:06:22 PM
darkfrent disconnected 9-6-2020, 2:06:28 PM
darkfrent logged in. 9-6-2020, 2:06:35 PM
darkfrent disconnected 9-6-2020, 2:06:44 PM
bjjjjjfff disconnected 9-6-2020, 2:06:58 PM
death: kirillboss laughs mockingly at the dying form of bjjjjjfff on store 9-6-2020, 2:06:58 PM
bjjjjjfff logged in. 9-6-2020, 2:07:06 PM
darkfrent logged in. 9-6-2020, 2:07:21 PM
bjjjjjfff disconnected 9-6-2020, 2:08:00 PM
darkfrent disconnected 9-6-2020, 2:08:14 PM
bjjjjjfff logged in. 9-6-2020, 2:08:25 PM
death: manager was turned to pulp by bjjjjjfff 9-6-2020, 2:08:39 PM
death: gravaty just finished pulling the corpse of gangster to the ground of the zalp map, and we can thank bjjjjjfff for the help!  9-6-2020, 2:08:46 PM
death: OK, let's see what else gorilla can do for bjjjjjfff on zalp. I saw he killed them! 9-6-2020, 2:08:56 PM
death: a bloody corpse of gorilla now lies on map zalp, thanks to bjjjjjfff 9-6-2020, 2:08:57 PM
bjjjjjfff disconnected 9-6-2020, 2:09:33 PM
gleb (gleb) said ааааааа 9-6-2020, 2:10:07 PM
vladon logged in. 9-6-2020, 2:10:15 PM
vladon disconnected 9-6-2020, 2:10:45 PM
gleb disconnected 9-6-2020, 2:11:34 PM
bjjjjjfff logged in. 9-6-2020, 2:20:30 PM
death: a bloody corpse of helicopter now lies on map zalp, thanks to bjjjjjfff 9-6-2020, 2:24:21 PM
death: and the deathly scream of car pierces the air as bjjjjjfff finishes them off! 9-6-2020, 2:24:28 PM
death: Breaking news! Today, bjjjjjfff killed sniper so easy on zalp! isn't it a good news? 9-6-2020, 2:24:41 PM
death: Is there a doctor on the mapzalp? gorilla has no paulse. Oh, there isn't? Okay. bjjjjjfff laughs. 9-6-2020, 2:24:47 PM
death: ownage! bjjjjjfff managed to escape by killing robocop on the map zalp 9-6-2020, 2:24:54 PM
death: Oh flapjacks, zalp looks like a big bloody mess. bjjjjjfff definitely pushed hard to use psychiatrist's remains as a deceration 9-6-2020, 2:25:57 PM
death: Another one bites the dust! nurse, have fun, I'm sure bjjjjjfff is 9-6-2020, 2:26:09 PM
death: bluedragon just blew bjjjjjfff's brains out. Somebody get a mo 9-6-2020, 2:26:26 PM
death: Stop crying, bear! Go kill bjjjjjfff! 9-6-2020, 2:28:19 PM
death: hunter was given what was coming to them, thank you bjjjjjfff! 9-6-2020, 2:28:26 PM
death: Is there a doctor on the mapzalp? grandpa has no paulse. Oh, there isn't? Okay. bjjjjjfff laughs. 9-6-2020, 2:28:44 PM
death: Oops? Man down! That man is pan. bjjjjjfff isn't so kind on zalp. 9-6-2020, 2:28:54 PM
death: bjjjjjfff just mauled cockroach 9-6-2020, 2:29:04 PM
death: gravaty just finished pulling the corpse of monster to the ground of the zalp map, and we can thank bjjjjjfff for the help!  9-6-2020, 2:29:24 PM
death: bjjjjjfff laughs mockingly at the dying form of trainer on zalp 9-6-2020, 2:29:41 PM
death: gravaty just finished pulling the corpse of baibydragon to the ground of the zalp map, and we can thank bjjjjjfff for the help!  9-6-2020, 2:30:08 PM
death: bjjjjjfff just condemned glider to hell! 9-6-2020, 2:30:14 PM
death: leopard just got their ass handed to them on a platter, happily served by bjjjjjfff 9-6-2020, 2:30:43 PM
death: a bloody corpse of tushkano now lies on map zalp, thanks to bjjjjjfff 9-6-2020, 2:30:53 PM
death: Another one bites the dust, grandpa, you will be greatly missed on zalp. 9-6-2020, 2:31:11 PM
death: Oops? Man down! That man is bjjjjjfff. lion isn't so kind on zalp. 9-6-2020, 2:31:16 PM
death: bjjjjjfff just condemned boxer to hell! 9-6-2020, 2:33:49 PM
death: the boxing map now contains loads of guts from bjjjjjfff, thanks to trainer.  9-6-2020, 2:33:53 PM
kofeman logged in. 9-6-2020, 2:39:19 PM
kofeman disconnected 9-6-2020, 2:39:34 PM
darkfrent logged in. 9-6-2020, 2:44:30 PM
vadimka logged in. 9-6-2020, 2:44:41 PM
vadimka (vadimka) said zalp 9-6-2020, 2:44:44 PM
darkfrent (darkfrent) said dy 9-6-2020, 2:44:46 PM
bjjjjjfff (bjjjjjfff) said привет дайте частотны скрембль я купулю за 4000000 9-6-2020, 2:45:22 PM
darkfrent (darkfrent) said vadimkavadimkavadimkavadimkavadimkavadimkavadimkavadimka 9-6-2020, 2:46:28 PM
death: darkfrent's aircraft takes their last breath as vadimka's hand_grenade blasts them in the face one last time. Brutallity! 9-6-2020, 2:46:29 PM
death: vadimka's hand_grenade just gave  darkfrent a royal beating 9-6-2020, 2:46:31 PM
trapper666 logged in. 9-6-2020, 2:47:23 PM
death: Is there a doctor on the mapmain? darkfrent's aircraft has no paulse. Oh, there isn't? Okay. vadimka's hand_cannon laughs. 9-6-2020, 2:47:40 PM
death: There's a light at the end of the tunnel darkfrent, actually, fuck that. vadimka's hand_cannon ran you down. Sor'r'r'r'r'r'r'r'r'r'ry 9-6-2020, 2:47:45 PM
death: a bloody corpse of dog now lies on map main, thanks to vadimka 9-6-2020, 2:47:57 PM
death: and the deathly scream of bjjjjjfff pierces the air as bjjjjjfff's bullet bomb finishes them off! 9-6-2020, 2:48:53 PM
death: Man? what's this! vadimka died? No! He's my friend! Or what... I mean, he's darkfrent's armored tank's friend! But I still can't believe looking at how he killed them on main. 9-6-2020, 2:49:37 PM
death: a bloody corpse of trainer now lies on map boxing, thanks to bjjjjjfff 9-6-2020, 2:50:25 PM
death: because of the villany of bjjjjjfff, boxer will no longer have a beating heart again, because it is broken on the boxing map.  9-6-2020, 2:50:38 PM
death: bjjjjjfff laughs mockingly at the dying form of trainer on boxing 9-6-2020, 2:50:39 PM
death: darkfrent just used the grounds of the main map to teach fireball a very important lesson!  9-6-2020, 2:50:48 PM
death: Rest  in piece, boxer. We'll sure miss you, guess we can thank bjjjjjfff for what they did. 9-6-2020, 2:50:49 PM
death: boxer has been terminated by bjjjjjfff 9-6-2020, 2:51:16 PM
death: bjjjjjfff just mauled trainer 9-6-2020, 2:51:18 PM
death: bjjjjjfff just totaled boxer's ass on boxing 9-6-2020, 2:51:40 PM
death: boxer was given what was coming to them, thank you bjjjjjfff! 9-6-2020, 2:51:50 PM
death: trainer, You have a murderer on line 1, go ahead bjjjjjfff  9-6-2020, 2:52:01 PM
death: vadimka just totaled welder's ass on main 9-6-2020, 2:52:02 PM
death: because of the villany of bjjjjjfff, boxer will no longer have a beating heart again, because it is broken on the boxing map.  9-6-2020, 2:52:12 PM
death: trapper666 just got creamed by the laws of gravity 9-6-2020, 2:52:16 PM
death: bjjjjjfff just put trainer 6 feet under on boxing 9-6-2020, 2:52:22 PM
death: Anybody knows why boxer died? I know! boxer got owned by bjjjjjfff! Where? On boxing! 9-6-2020, 2:52:28 PM
death: Another one bites the dust, nurse, you will be greatly missed on main. 9-6-2020, 2:52:29 PM
death: because of the villany of bjjjjjfff, trainer will no longer have a beating heart again, because it is broken on the boxing map.  9-6-2020, 2:52:36 PM
death: oy, where'd trainer go. Do you happen to know, bjjjjjfff? 9-6-2020, 2:52:45 PM
death: boxer was nuked out of existance by bjjjjjfff 9-6-2020, 2:52:51 PM
death: polarbear was nuked out of existance by darkfrent 9-6-2020, 2:52:54 PM
death: boxing smells pretty dank. trainer needs a proper barrial by bjjjjjfff 9-6-2020, 2:52:56 PM
death: because of the villany of bjjjjjfff, boxer will no longer have a beating heart again, because it is broken on the boxing map.  9-6-2020, 2:53:07 PM
death: tushkano was nuked off the map main by darkfrent 9-6-2020, 2:53:10 PM
death: trainer was nuked off the map boxing by bjjjjjfff 9-6-2020, 2:53:15 PM
death: boxing smells pretty dank. boxer needs a proper barrial by bjjjjjfff 9-6-2020, 2:53:17 PM
death: trainer died. Why? Because bjjjjjfff owned them on boxing. 9-6-2020, 2:53:21 PM
death: oy, where'd trapper666 go. Do you happen to know, vadimka's missile? 9-6-2020, 2:53:21 PM
death: bjjjjjfff was just obliterated by the force of boxer on boxing 9-6-2020, 2:53:26 PM
death: Man? what's this! fly died? No! He's my friend! Or what... I mean, he's vadimka's friend! But I still can't believe looking at how he killed them on main. 9-6-2020, 2:53:29 PM
death: darkfrent's armored_tank's head was blown apart and now vadimka's modern_sub_machine_gun_carbine plays basketball today on map main, up for a game? 9-6-2020, 2:53:37 PM
death: darkfrent was obliterated by the explosion of their armored_tank 9-6-2020, 2:53:37 PM
death: gravaty just finished pulling the corpse of kirill2 to the ground of the kirill's_world map, and we can thank bjjjjjfff for the help!  9-6-2020, 2:54:29 PM
death: kirill4 just used the grounds of the kirill's_world map to teach bjjjjjfff a very important lesson!  9-6-2020, 2:54:32 PM
death: Rest  in piece, kirill4. We'll sure miss you, guess we can thank bjjjjjfff for what they did. 9-6-2020, 2:54:34 PM
Yarina logged in. 9-6-2020, 2:54:56 PM
death: OK, let's see what else vadimka can do for psychiatrist on main. I saw he killed them! 9-6-2020, 2:55:48 PM
death: bjjjjjfff just blasted hunter away! 9-6-2020, 2:56:55 PM
death: Stop crying, gangster! Go kill bjjjjjfff! 9-6-2020, 2:57:09 PM
death: A new corpse of robot is flying on zalp, because bjjjjjfff made this to happen! 9-6-2020, 2:57:48 PM
death: bjjjjjfff just gave excavator what for! 9-6-2020, 2:58:30 PM
death: metallurgist just royally kicked bjjjjjfff's ass 9-6-2020, 2:58:37 PM
death: Well, darkfrent doesn't exist anymore. Looks to be that lion has ultimate victory. Clean up on main  9-6-2020, 2:59:20 PM
Yarina lost connection 9-6-2020, 2:59:36 PM
death: bjjjjjfff just totaled dragonfly's ass on zalp 9-6-2020, 2:59:41 PM
death: lion just used the grounds of the main map to teach vadimka a very important lesson!  9-6-2020, 2:59:44 PM
death: the zalp map now contains loads of guts from bjjjjjfff, thanks to Amphibian.  9-6-2020, 3:00:05 PM
death: A pool of red reminder liquid now forms under Amphibian's corpse. bjjjjjfff has the credibility for their demise.  9-6-2020, 3:00:10 PM
death: oy, where'd vadimka go. Do you happen to know, vadimka's suicide bomb? 9-6-2020, 3:01:46 PM
death: vadimka's suicide bomb just put the smack down on trapper666 9-6-2020, 3:02:29 PM
death: oy, where'd bjjjjjfff's helicopter 54 go. Do you happen to know, darkfrent's hand_grenade? 9-6-2020, 3:03:20 PM
death: trapper666 really made a mess of vadimka's missile on the main map.  9-6-2020, 3:03:32 PM
death: A new corpse of darkfrent is flying on a tall center tower stairs, because darkfrent's sky 436 mine made this to happen! 9-6-2020, 3:04:05 PM
death: bjjjjjfff just got their ass handed to them on a platter, happily served by bjjjjjfff's rocket 9-6-2020, 3:04:07 PM
death: Oh flapjacks, main looks like a big bloody mess. vadimka's hand_cannon definitely pushed hard to use darkfrent's remains as a deceration 9-6-2020, 3:05:20 PM
death: trapper666 just got bashed by darkfrent's hand_cannon on the main map 9-6-2020, 3:06:01 PM
kofeman logged in. 9-6-2020, 3:06:22 PM
death: Another one bites the dust! bjjjjjfff, have fun, I'm sure vadimka's missile is 9-6-2020, 3:06:34 PM
death: Well, vadimka doesn't exist anymore. Looks to be that darkfrent's suicide bomb has ultimate victory. Clean up on main  9-6-2020, 3:07:50 PM
bjjjjjfff (bjjjjjfff) said почему я немогу использват управлаемуюракету 9-6-2020, 3:07:56 PM
vadimka (vadimka) said ggg 9-6-2020, 3:08:03 PM
death: and splat goes kofeman, with vadimka's hand_cannon standing over them with quite the smile 9-6-2020, 3:09:04 PM
death: a bloody corpse of trapper666 now lies on map main, thanks to trapper666's rocket 9-6-2020, 3:09:43 PM
bjjjjjfff (bjjjjjfff) said rfr 9-6-2020, 3:09:58 PM
death: darkfrent's helicopter 28 takes their last breath as vadimka's hand_grenade blasts them in the face one last time. Brutallity! 9-6-2020, 3:10:03 PM
death: trapper666 was totaled by vadimka's hand_cannon on map main 9-6-2020, 3:11:04 PM
death: Man? what's this! kofeman died? No! He's my friend! Or what... I mean, he's vadimka's missile's friend! But I still can't believe looking at how he killed them on main. 9-6-2020, 3:12:03 PM
bjjjjjfff (bjjjjjfff) said как кинутрокету 9-6-2020, 3:12:05 PM
death: and splat goes bjjjjjfff, with bjjjjjfff's rocket standing over them with quite the smile 9-6-2020, 3:12:19 PM
death: lion was owned by trapper666's rocket on main 9-6-2020, 3:13:04 PM
server notification: The 112222 shelter has been created! 9-6-2020, 3:13:14 PM
death: vadimka really made a mess of darkfrent's hand_grenade on the main map.  9-6-2020, 3:13:42 PM
kofeman lost connection 9-6-2020, 3:13:53 PM
death: bjjjjjfff was turned to pulp by fireball 9-6-2020, 3:14:14 PM
bjjjjjfff disconnected 9-6-2020, 3:14:35 PM
kofeman logged in. 9-6-2020, 3:14:47 PM
death: and the deathly scream of kofeman pierces the air as the laws of gravity finishes them off! 9-6-2020, 3:14:51 PM
kofeman disconnected 9-6-2020, 3:15:26 PM
death: trapper666 was turned to pulp by vadimka's suicide bomb 9-6-2020, 3:16:37 PM
bjjjjjfff logged in. 9-6-2020, 3:16:51 PM
death: and the deathly scream of darkfrent's aircraft pierces the air as vadimka's rpg finishes them off! 9-6-2020, 3:17:32 PM
death: darkfrent's sky 436 mine just totaled darkfrent's ass on main 9-6-2020, 3:17:32 PM
death: He shoots, he scores! trapper666's testicles went flying through the hoops on map main. vadimka's rpg7 stands tall with quite the sinical smile. 9-6-2020, 3:17:51 PM
death: Oops? Man down! That man is darkfrent's aircraft. vadimka's hand_grenade isn't so kind on main. 9-6-2020, 3:18:38 PM
death: oy, where'd darkfrent go. Do you happen to know, vadimka's hand_grenade? 9-6-2020, 3:18:39 PM
death: trapper666 takes their last breath as darkfrent's hand_grenade blasts them in the face one last time. Brutallity! 9-6-2020, 3:19:28 PM
death: Damn, darkfrent's hand_grenade, that was quite a vicious display of violence towards bjjjjjfff 9-6-2020, 3:20:09 PM
death: darkfrent's hand_grenade just completely and totally pulvarized trapper666 over here! 9-6-2020, 3:20:32 PM
death: and the deathly scream of darkfrent's aircraft pierces the air as bjjjjjfff's hand_grenade finishes them off! 9-6-2020, 3:21:01 PM
death: darkfrent was obliterated by the explosion of their aircraft 9-6-2020, 3:21:01 PM
death: Stay clear of main, bjjjjjfff has begun decaying. Thanks vadimka's rpg7 9-6-2020, 3:21:20 PM
death: darkfrent's hand_grenade just mauled trapper666 9-6-2020, 3:21:56 PM
death: Anybody knows why fireball died? I know! fireball got owned by darkfrent! Where? On main! 9-6-2020, 3:22:12 PM
death: Oops? Man down! That man is bjjjjjfff. darkfrent's hand_grenade isn't so kind on main. 9-6-2020, 3:22:23 PM
trapper666 disconnected 9-6-2020, 3:22:28 PM
trapper666 logged in. 9-6-2020, 3:22:31 PM
death: and the deathly scream of darkfrent's aircraft pierces the air as vadimka's hand_cannon finishes them off! 9-6-2020, 3:23:11 PM
death: vadimka's hand_grenade is so happy because he killed darkfrent's aircraft on main! 9-6-2020, 3:23:14 PM
death: darkfrent was obliterated by the explosion of their aircraft 9-6-2020, 3:23:14 PM
death: vadimka's hand_grenade just blasted bjjjjjfff's helicopter 14 away! 9-6-2020, 3:24:00 PM
death: You know that particular element in physics where velocity increases as you fall? yeah, trapper666 learned that really fuckin quick, and we can thank bjjjjjfff's small projectile . 9-6-2020, 3:24:28 PM
death: main smells pretty dank. vadimka needs a proper barrial by darkfrent's mass bomb 9-6-2020, 3:24:51 PM
death: dentist died. Why? Because darkfrent's mass bomb owned them on main. 9-6-2020, 3:24:52 PM
death: the laws of gravity just completely and totally pulvarized trapper666 over here! 9-6-2020, 3:26:16 PM
death: vadimka's suicide bomb just beat the shit out of darkfrent's aircraft 9-6-2020, 3:26:18 PM
death: bjjjjjfff's helicopter 92 takes their last breath as vadimka's hand_grenade blasts them in the face one last time. Brutallity! 9-6-2020, 3:26:54 PM
death: surgeon just got bashed by darkfrent on the main map 9-6-2020, 3:27:28 PM
death: vadimka's hand_grenade is so happy because he killed bjjjjjfff's helicopter 79 on main! 9-6-2020, 3:28:09 PM
death: darkfrent's aircraft's head was blown apart and now vadimka's hand_grenade plays basketball today on map main, up for a game? 9-6-2020, 3:28:36 PM
death: darkfrent got fucked up by vadimka's hand_grenade on main. 9-6-2020, 3:28:37 PM
death: bjjjjjfff's aircraft was owned by vadimka's rpg on main 9-6-2020, 3:29:01 PM
death: vadimka's rpg7 just gave bjjjjjfff's helicopter 60 what for! 9-6-2020, 3:29:16 PM
death: bjjjjjfff was given what was coming to them, thank you trapper666's missile! 9-6-2020, 3:29:37 PM
death: I think I just saw darkfrent's aircraft's corpse flying as vadimka's hand_grenade owned them on main. 9-6-2020, 3:29:58 PM
death: darkfrent was obliterated by the explosion of their aircraft 9-6-2020, 3:29:58 PM
darkfrent (darkfrent) said dhgasfdghfrewaerstdfghjbnvcxzdxcnbvgfdsewasrgfhbjnvcxdzsrtfgyuhjkl 9-6-2020, 3:30:08 PM
bjjjjjfff (bjjjjjfff) said как можно испольщовать ракету 9-6-2020, 3:30:22 PM
darkfrent disconnected 9-6-2020, 3:30:35 PM
bjjjjjfff (bjjjjjfff) said кто скады тдам 14999999 9-6-2020, 3:30:42 PM
death: vadimka's suicide bomb just completely and totally pulvarized trapper666 over here! 9-6-2020, 3:31:07 PM
death: bjjjjjfff just got their ass handed to them on a platter, happily served by darkfrent's mine 9-6-2020, 3:31:23 PM
death: gravaty just finished pulling the corpse of trapper666 to the ground of the main map, and we can thank vadimka's hand_grenade for the help!  9-6-2020, 3:32:22 PM
vadimka disconnected 9-6-2020, 3:32:46 PM
death: A pool of red reminder liquid now forms under vadimka's corpse. trapper666's motion bomb has the credibility for their demise.  9-6-2020, 3:32:46 PM
death: trapper666 laughs mockingly at the dying form of storekeeper on main 9-6-2020, 3:33:27 PM
death: bjjjjjfff's cannon laughs mockingly at the dying form of trapper666's robot 3 on main 9-6-2020, 3:34:04 PM
death: trapper666 was nuked out of existance by darkfrent's sky 436 mine 9-6-2020, 3:34:34 PM
death: trapper666 just got creamed by bjjjjjfff's robot 34 9-6-2020, 3:35:16 PM
death: Stop crying, trapper666's robot 73! Go kill bjjjjjfff's cannon! 9-6-2020, 3:35:54 PM
death: bjjjjjfff just put the smack down on flamethrower 9-6-2020, 3:36:29 PM
death: bjjjjjfff's helicopter 22 just blew trapper666's brains out. Somebody get a mo 9-6-2020, 3:36:30 PM
death: Oh flapjacks, main looks like a big bloody mess. bjjjjjfff's cannon definitely pushed hard to use trapper666's robot 72's remains as a deceration 9-6-2020, 3:37:03 PM
death: bjjjjjfff's helicopter 22 is so happy because he killed trapper666 on main! 9-6-2020, 3:37:10 PM
death: trapper666's hand_cannon is so happy because he killed bjjjjjfff's helicopter 22 on main! 9-6-2020, 3:38:11 PM
death: bjjjjjfff's robot 34 was totaled by trapper666's hand_cannon on map main 9-6-2020, 3:38:29 PM
death: main smells pretty dank. trapper666's robot 69 needs a proper barrial by trapper666's hand_cannon 9-6-2020, 3:39:13 PM
franklin logged in. 9-6-2020, 3:39:42 PM
trapper666 (trapper666) said hi 9-6-2020, 3:39:48 PM
franklin (franklin) said duuuuuuuuuuuuuuuuuraaaaaaa 9-6-2020, 3:39:56 PM
franklin (franklin) said oy 9-6-2020, 3:39:58 PM
death: rocketlauncher was just obliterated by the force of bjjjjjfff on main 9-6-2020, 3:40:05 PM
death: Well, trapper666 doesn't exist anymore. Looks to be that bjjjjjfff's cannon has ultimate victory. Clean up on main  9-6-2020, 3:40:18 PM
trapper666 disconnected 9-6-2020, 3:40:30 PM
franklin (franklin) said уу ещо 1 придурок с пушкой 9-6-2020, 3:40:43 PM
bjjjjjfff (bjjjjjfff) said иди 9-6-2020, 3:40:54 PM
bjjjjjfff (bjjjjjfff) said суда 9-6-2020, 3:40:58 PM
franklin (franklin) said ok suchechka 9-6-2020, 3:41:13 PM
death: franklin just used the grounds of the zalp map to teach zombie a very important lesson!  9-6-2020, 3:42:09 PM
death: The main map is full now with bjjjjjfff's guts as gun owned them! 9-6-2020, 3:42:30 PM
franklin (franklin) said вперёд! 9-6-2020, 3:42:46 PM
franklin (franklin) said ай понятно, нубище по типу  вадимки и валдоса 9-6-2020, 3:43:19 PM
franklin disconnected 9-6-2020, 3:43:19 PM
vadimka logged in. 9-6-2020, 3:52:04 PM
vadimka disconnected 9-6-2020, 3:52:31 PM
vlad222 logged in. 9-6-2020, 4:09:51 PM
vlad222 (vlad222) said f 9-6-2020, 4:09:59 PM
vadimka logged in. 9-6-2020, 4:10:09 PM
vlad222 disconnected 9-6-2020, 4:10:30 PM
vlad222 logged in. 9-6-2020, 4:10:34 PM
death: darkfrent's sky 436 mine killed vlad222 on near the tall tall center tower, wich is going upp to the sky. 9-6-2020, 4:14:01 PM
death: the laws of gravity just blasted vlad222 away! 9-6-2020, 4:14:05 PM
death: vadimka just gave robocop what for! 9-6-2020, 4:14:33 PM
death: and the deathly scream of bjjjjjfff pierces the air as vadimka's hand_grenade finishes them off! 9-6-2020, 4:16:59 PM
death: He shoots, he scores! bjjjjjfff's helicopter 42's testicles went flying through the hoops on map main. vadimka's hand_grenade stands tall with quite the sinical smile. 9-6-2020, 4:17:51 PM
darkfrent logged in. 9-6-2020, 4:18:00 PM
death: Anybody knows why bjjjjjfff died? I know! bjjjjjfff got owned by vadimka's hand_grenade! Where? On main! 9-6-2020, 4:18:26 PM
death: darkfrent takes their last breath as vadimka's rpg7 blasts them in the face one last time. Brutallity! 9-6-2020, 4:19:17 PM
death: oy, where'd bjjjjjfff's helicopter 10 go. Do you happen to know, vadimka's hand_grenade? 9-6-2020, 4:20:01 PM
death: and splat goes vlad222, with bjjjjjfff's missile standing over them with quite the smile 9-6-2020, 4:20:17 PM
death: vlad222 was nuked out of existance by bjjjjjfff's missile 9-6-2020, 4:21:42 PM
death: Oops? Man down! That man is bjjjjjfff's aircraft. vadimka's suicide bomb isn't so kind on main. 9-6-2020, 4:21:45 PM
death: bjjjjjfff was obliterated by the explosion of their aircraft 9-6-2020, 4:21:45 PM
death: bjjjjjfff's helicopter 33 just got annihilated by vadimka's hand_grenade 9-6-2020, 4:22:13 PM
death: and the deathly scream of vlad222's robot 76 pierces the air as dead battery finishes them off! 9-6-2020, 4:23:02 PM
death: vlad222's modern_sub_machine_gun_carbine killed bjjjjjfff's helicopter 40 on main. 9-6-2020, 4:23:39 PM
death: main smells pretty dank. darkfrent needs a proper barrial by bjjjjjfff's missile 9-6-2020, 4:24:38 PM
death: dead battery just condemned vlad222's robot 91 to hell! 9-6-2020, 4:24:56 PM
death: vadimka's hand_grenade just put bjjjjjfff's helicopter 77 6 feet under on main 9-6-2020, 4:25:17 PM
death: vadimka's aircraft just got bashed by darkfrent's hand_grenade on the main map 9-6-2020, 4:26:00 PM
death: vadimka got fucked up by darkfrent's hand_grenade on main. 9-6-2020, 4:26:02 PM
death: and the deathly scream of bjjjjjfff's helicopter 64 pierces the air as darkfrent's hand_grenade finishes them off! 9-6-2020, 4:27:16 PM
death: You know that particular element in physics where velocity increases as you fall? yeah, bjjjjjfff's aircraft learned that really fuckin quick, and we can thank darkfrent's hand_grenade. 9-6-2020, 4:27:17 PM
death: fireball just gave bjjjjjfff what for! 9-6-2020, 4:27:21 PM
death: A new freshly killed blood of darkfrent's aircraft lies now on main, thanks vadimka's hand_cannon! 9-6-2020, 4:27:54 PM
death: darkfrent was obliterated by the explosion of their aircraft 9-6-2020, 4:27:54 PM
death: Stay clear of main, bjjjjjfff's helicopter 4 has begun decaying. Thanks vlad222's modern_sub_machine_gun_carbine 9-6-2020, 4:28:35 PM
vlad222 disconnected 9-6-2020, 4:28:44 PM
death: bjjjjjfff's missile laughs mockingly at the dying form of vlad222 on main 9-6-2020, 4:28:44 PM
death: Is there a doctor on the mapmain? darkfrent's aircraft has no paulse. Oh, there isn't? Okay. vadimka's hand_grenade laughs. 9-6-2020, 4:29:56 PM
death: darkfrent has been terminated by vadimka's hand_grenade 9-6-2020, 4:29:57 PM
darkfrent disconnected 9-6-2020, 4:30:04 PM
death: vadimka's hand_grenade just used the grounds of the main map to teach bjjjjjfff's helicopter 91 a very important lesson!  9-6-2020, 4:30:33 PM
death: bjjjjjfff's helicopter 42 has been terminated by vadimka's hand_grenade 9-6-2020, 4:31:14 PM
death: fireball killed bjjjjjfff on main. 9-6-2020, 4:33:02 PM
bjjjjjfff disconnected 9-6-2020, 4:33:29 PM
bjjjjjfff logged in. 9-6-2020, 4:33:32 PM
death: vadimka's aircraft got fucked up by vadimka's suicide bomb on main. 9-6-2020, 4:34:13 PM
death: vadimka, You have a murderer on line 1, go ahead vadimka's sky 436 mine  9-6-2020, 4:34:49 PM
death: A pool of red reminder liquid now forms under fireball's corpse. sky 436 mine has the credibility for their demise.  9-6-2020, 4:34:50 PM
vadimka disconnected 9-6-2020, 4:34:55 PM
death: Damn, bjjjjjfff, that was quite a vicious display of violence towards kirill4 9-6-2020, 4:35:46 PM
death: Somebody call 9 1 1, oh wait, rain check. bjjjjjfff gives no shits. Peace out, kirill3 9-6-2020, 4:36:04 PM
death: kirill3 just got bashed by bjjjjjfff on the kirill's_world map 9-6-2020, 4:36:20 PM
death: kirill2 died. Why? Because bjjjjjfff owned them on kirill's_world. 9-6-2020, 4:36:52 PM
death: kirill1, You have a murderer on line 1, go ahead bjjjjjfff  9-6-2020, 4:37:01 PM
death: Another one bites the dust! bjjjjjfff, have fun, I'm sure kirill4 is 9-6-2020, 4:37:16 PM
death: He shoots, he scores! Amphibian's testicles went flying through the hoops on map secret_house. bjjjjjfff stands tall with quite the sinical smile. 9-6-2020, 4:40:25 PM
death: bjjjjjfff just used the grounds of the secret_house map to teach robocop a very important lesson!  9-6-2020, 4:40:51 PM
death: Somebody call 9 1 1, oh wait, rain check. bjjjjjfff gives no shits. Peace out, Amphibian 9-6-2020, 4:41:42 PM
death: Rest  in piece, Amphibian. We'll sure miss you, guess we can thank bjjjjjfff for what they did. 9-6-2020, 4:43:11 PM
death: bjjjjjfff just used the grounds of the secret_house map to teach Amphibian a very important lesson!  9-6-2020, 4:44:02 PM
death: and the deathly scream of bjjjjjfff pierces the air as Amphibian finishes them off! 9-6-2020, 4:47:42 PM
bjjjjjfff (bjjjjjfff) said .. 9-6-2020, 4:48:44 PM
death: a bloody corpse of boxer now lies on map boxing, thanks to bjjjjjfff 9-6-2020, 4:50:39 PM
death: bjjjjjfff just put boxer 6 feet under on boxing 9-6-2020, 4:50:39 PM
death: Rest  in piece, boxer. We'll sure miss you, guess we can thank bjjjjjfff for what they did. 9-6-2020, 4:50:54 PM
death: I think I just saw boxer's corpse flying as bjjjjjfff owned them on boxing. 9-6-2020, 4:51:25 PM
death: bjjjjjfff just completely and totally pulvarized boxer over here! 9-6-2020, 4:51:29 PM
death: You know that particular element in physics where velocity increases as you fall? yeah, boxer learned that really fuckin quick, and we can thank bjjjjjfff. 9-6-2020, 4:51:38 PM
death: bjjjjjfff just royally kicked boxer's ass 9-6-2020, 4:51:44 PM
death: ownage! boxer managed to escape by killing bjjjjjfff on the map boxing 9-6-2020, 4:51:45 PM
death: Another one bites the dust! boxer, have fun, I'm sure bjjjjjfff is 9-6-2020, 4:51:51 PM
death: Stop crying, trainer! Go kill bjjjjjfff! 9-6-2020, 4:51:56 PM
death: bjjjjjfff just put the smack down on boxer 9-6-2020, 4:52:03 PM
death: Somebody call 9 1 1, oh wait, rain check. bjjjjjfff gives no shits. Peace out, boxer 9-6-2020, 4:52:32 PM
death: boxer was turned to pulp by bjjjjjfff 9-6-2020, 4:52:37 PM
death: bjjjjjfff just neutralized boxer 9-6-2020, 4:52:37 PM
death: trainer was nuked off the map boxing by bjjjjjfff 9-6-2020, 4:52:47 PM
death: trainer was just obliterated by the force of bjjjjjfff on boxing 9-6-2020, 4:52:51 PM
death: bjjjjjfff just put the smack down on boxer 9-6-2020, 4:52:59 PM
death: because of the villany of bjjjjjfff, boxer will no longer have a beating heart again, because it is broken on the boxing map.  9-6-2020, 4:53:06 PM
death: Stay clear of boxing, trainer has begun decaying. Thanks bjjjjjfff 9-6-2020, 4:53:18 PM
death: trainer just got creamed by bjjjjjfff 9-6-2020, 4:53:55 PM
death: trainer takes their last breath as bjjjjjfff blasts them in the face one last time. Brutallity! 9-6-2020, 4:53:55 PM
death: boxer, You have a murderer on line 1, go ahead bjjjjjfff  9-6-2020, 4:54:04 PM
death: trainer was given what was coming to them, thank you bjjjjjfff! 9-6-2020, 4:54:09 PM
death: bjjjjjfff is so happy because he killed trainer on boxing! 9-6-2020, 4:54:14 PM
death: because of the villany of bjjjjjfff, trainer will no longer have a beating heart again, because it is broken on the boxing map.  9-6-2020, 4:54:18 PM
death: boxer was nuked off the map boxing by bjjjjjfff 9-6-2020, 4:54:24 PM
death: Another one bites the dust! boxer, have fun, I'm sure bjjjjjfff is 9-6-2020, 4:54:30 PM
death: trainer was nuked out of existance by bjjjjjfff 9-6-2020, 4:54:41 PM
death: bjjjjjfff just put the smack down on boxer 9-6-2020, 4:54:45 PM
death: bjjjjjfff just beat the shit out of boxer 9-6-2020, 4:55:00 PM
death: boxer just got bashed by bjjjjjfff on the boxing map 9-6-2020, 4:55:12 PM
death: boxer just got creamed by bjjjjjfff 9-6-2020, 4:55:12 PM
death: bjjjjjfff laughs mockingly at the dying form of trainer on boxing 9-6-2020, 4:55:17 PM
death: There's a light at the end of the tunnel boxer, actually, fuck that. bjjjjjfff ran you down. Sor'r'r'r'r'r'r'r'r'r'ry 9-6-2020, 4:55:26 PM
death: Rest  in piece, boxer. We'll sure miss you, guess we can thank bjjjjjfff for what they did. 9-6-2020, 4:55:32 PM
death: a bloody corpse of boxer now lies on map boxing, thanks to bjjjjjfff 9-6-2020, 4:55:37 PM
death: ownage! boxer managed to escape by killing bjjjjjfff on the map boxing 9-6-2020, 4:55:41 PM
death: Damn, bjjjjjfff, that was quite a vicious display of violence towards boxer 9-6-2020, 4:55:55 PM
death: bjjjjjfff just royally kicked boxer's ass 9-6-2020, 4:56:00 PM
death: Somebody call 9 1 1, oh wait, rain check. bjjjjjfff gives no shits. Peace out, boxer 9-6-2020, 4:56:05 PM
death: a bloody corpse of boxer now lies on map boxing, thanks to bjjjjjfff 9-6-2020, 4:56:12 PM
death: ownage! boxer managed to escape by killing bjjjjjfff on the map boxing 9-6-2020, 4:56:13 PM
death: trainer was turned to pulp by bjjjjjfff 9-6-2020, 4:56:24 PM
death: trainer was given what was coming to them, thank you bjjjjjfff! 9-6-2020, 4:56:37 PM
death: bjjjjjfff just beat the shit out of trainer 9-6-2020, 4:56:45 PM
death: Man? what's this! boxer died? No! He's my friend! Or what... I mean, he's bjjjjjfff's friend! But I still can't believe looking at how he killed them on boxing. 9-6-2020, 4:56:56 PM
death: Another one bites the dust, boxer, you will be greatly missed on boxing. 9-6-2020, 4:56:57 PM
death: boxer was given what was coming to them, thank you bjjjjjfff! 9-6-2020, 4:56:58 PM
death: bjjjjjfff just royally kicked trainer's ass 9-6-2020, 4:57:08 PM
death: trainer died. Why? Because bjjjjjfff owned them on boxing. 9-6-2020, 4:57:13 PM
death: You know that particular element in physics where velocity increases as you fall? yeah, boxer learned that really fuckin quick, and we can thank bjjjjjfff. 9-6-2020, 4:57:18 PM
death: bjjjjjfff just put the smack down on trainer 9-6-2020, 4:57:26 PM
death: trainer just got creamed by bjjjjjfff 9-6-2020, 4:57:35 PM
death: and splat goes trainer, with bjjjjjfff standing over them with quite the smile 9-6-2020, 4:57:38 PM
death: bjjjjjfff is so happy because he killed trainer on boxing! 9-6-2020, 4:57:54 PM
death: A new corpse of boxer is flying on boxing, because bjjjjjfff made this to happen! 9-6-2020, 4:58:01 PM
death: boxer was nuked off the map boxing by bjjjjjfff 9-6-2020, 4:58:05 PM
death: The boxing map is full now with boxer's guts as bjjjjjfff owned them! 9-6-2020, 4:58:06 PM
death: bjjjjjfff just totaled boxer's ass on boxing 9-6-2020, 4:58:13 PM
death: bjjjjjfff just completely and totally pulvarized boxer over here! 9-6-2020, 4:58:21 PM
death: bjjjjjfff just royally kicked boxer's ass 9-6-2020, 4:58:27 PM
death: You know that particular element in physics where velocity increases as you fall? yeah, trainer learned that really fuckin quick, and we can thank bjjjjjfff. 9-6-2020, 4:58:41 PM
death: Another one bites the dust! boxer, have fun, I'm sure bjjjjjfff is 9-6-2020, 4:58:41 PM
death: boxer was turned to pulp by bjjjjjfff 9-6-2020, 4:58:55 PM
death: boxer was owned by bjjjjjfff on boxing 9-6-2020, 4:59:11 PM
death: boxer was turned to pulp by bjjjjjfff 9-6-2020, 4:59:14 PM
death: bjjjjjfff just beat the shit out of boxer 9-6-2020, 4:59:27 PM
death: trainer got fucked up by bjjjjjfff on boxing. 9-6-2020, 4:59:32 PM
death: Damn, bjjjjjfff, that was quite a vicious display of violence towards boxer 9-6-2020, 4:59:38 PM
death: Somebody call 9 1 1, oh wait, rain check. bjjjjjfff gives no shits. Peace out, boxer 9-6-2020, 4:59:44 PM
death: Damn, bjjjjjfff, that was quite a vicious display of violence towards boxer 9-6-2020, 4:59:50 PM
death: There's a light at the end of the tunnel trainer, actually, fuck that. bjjjjjfff ran you down. Sor'r'r'r'r'r'r'r'r'r'ry 9-6-2020, 5:00:00 PM
death: Well, trainer doesn't exist anymore. Looks to be that bjjjjjfff has ultimate victory. Clean up on boxing  9-6-2020, 5:00:01 PM
death: Oh flapjacks, boxing looks like a big bloody mess. bjjjjjfff definitely pushed hard to use boxer's remains as a deceration 9-6-2020, 5:00:07 PM
death: boxer, I believe bjjjjjfff had something to say. 9-6-2020, 5:00:13 PM
death: the boxing map now contains loads of guts from boxer, thanks to bjjjjjfff.  9-6-2020, 5:00:26 PM
death: bjjjjjfff is so happy because he killed boxer on boxing! 9-6-2020, 5:00:27 PM
death: Stay clear of boxing, boxer has begun decaying. Thanks bjjjjjfff 9-6-2020, 5:00:38 PM
death: a bloody corpse of trainer now lies on map boxing, thanks to bjjjjjfff 9-6-2020, 5:00:40 PM
death: trainer has been terminated by bjjjjjfff 9-6-2020, 5:00:40 PM
death: A new freshly killed blood of boxer lies now on boxing, thanks bjjjjjfff! 9-6-2020, 5:00:55 PM
death: bjjjjjfff just put boxer 6 feet under on boxing 9-6-2020, 5:01:07 PM
death: boxer was just obliterated by the force of bjjjjjfff on boxing 9-6-2020, 5:01:13 PM
death: boxer has been terminated by bjjjjjfff 9-6-2020, 5:01:14 PM
death: A new freshly killed blood of boxer lies now on boxing, thanks bjjjjjfff! 9-6-2020, 5:01:19 PM
death: boxer was given what was coming to them, thank you bjjjjjfff! 9-6-2020, 5:01:25 PM
death: trainer was turned to pulp by bjjjjjfff 9-6-2020, 5:01:31 PM
death: OK, let's see what else bjjjjjfff can do for boxer on boxing. I saw he killed them! 9-6-2020, 5:01:38 PM
death: boxer just got bashed by bjjjjjfff on the boxing map 9-6-2020, 5:01:45 PM
death: boxer is so happy because he killed bjjjjjfff on boxing! 9-6-2020, 5:01:49 PM
death: bjjjjjfff just got bashed by kirill4 on the kirill's_world map 9-6-2020, 5:02:54 PM
death: kirill4 just got creamed by bjjjjjfff 9-6-2020, 5:02:56 PM
death: bjjjjjfff was nuked out of existance by kirill4 9-6-2020, 5:05:01 PM
death: kirill4 just got bashed by bjjjjjfff on the kirill's_world map 9-6-2020, 5:05:06 PM
death: kirill4 was just obliterated by the force of bjjjjjfff on kirill's_world 9-6-2020, 5:06:52 PM
death: kirill2 died. Why? Because bjjjjjfff owned them on kirill's_world. 9-6-2020, 5:07:22 PM
death: gravaty just finished pulling the corpse of kirill2 to the ground of the kirill's_world map, and we can thank bjjjjjfff for the help!  9-6-2020, 5:07:36 PM
death: kirill2, You have a murderer on line 1, go ahead bjjjjjfff  9-6-2020, 5:07:43 PM
death: bjjjjjfff just condemned kirill1 to hell! 9-6-2020, 5:07:44 PM
death: bjjjjjfff just gave  kirill3 a royal beating 9-6-2020, 5:07:58 PM
death: OK, let's see what else bjjjjjfff can do for kirill4 on kirill's_world. I saw he killed them! 9-6-2020, 5:08:07 PM
death: bjjjjjfff just condemned kirill4 to hell! 9-6-2020, 5:08:15 PM
death: bjjjjjfff, I believe kirill3 had something to say. 9-6-2020, 5:08:20 PM
death: kirill4 was nuked out of existance by bjjjjjfff 9-6-2020, 5:08:21 PM
death: and the deathly scream of kirill3 pierces the air as bjjjjjfff finishes them off! 9-6-2020, 5:08:21 PM
bjjjjjfff (bjjjjjfff) said \ 9-6-2020, 5:08:46 PM
death: bjjjjjfff just completely and totally pulvarized kirill1 over here! 9-6-2020, 5:11:00 PM
death: bjjjjjfff just blasted kirill1 away! 9-6-2020, 5:11:12 PM
death: bjjjjjfff just gave  kirill2 a royal beating 9-6-2020, 5:12:07 PM
death: Is there a doctor on the mapkirill's_world? kirill1 has no paulse. Oh, there isn't? Okay. bjjjjjfff laughs. 9-6-2020, 5:12:16 PM
death: kirill3 has been terminated by bjjjjjfff 9-6-2020, 5:12:20 PM
death: bjjjjjfff just gave kirill3 what for! 9-6-2020, 5:12:29 PM
death: bjjjjjfff just condemned kirill3 to hell! 9-6-2020, 5:12:33 PM
death: the kirill's_world map now contains loads of guts from kirill2, thanks to bjjjjjfff.  9-6-2020, 5:12:40 PM
death: bjjjjjfff just blew kirill4's brains out. Somebody get a mo 9-6-2020, 5:13:09 PM
death: bjjjjjfff got fucked up by kirill3 on kirill's_world. 9-6-2020, 5:13:10 PM
death: bjjjjjfff just condemned kirill1 to hell! 9-6-2020, 5:13:10 PM
death: A pool of red reminder liquid now forms under kirill3's corpse. bjjjjjfff has the credibility for their demise.  9-6-2020, 5:13:11 PM
darkfrent logged in. 9-6-2020, 5:13:20 PM
bjjjjjfff disconnected 9-6-2020, 5:13:24 PM
bjjjjjfff logged in. 9-6-2020, 5:14:06 PM
bolgelo logged in. 9-6-2020, 5:20:22 PM
bolgelo disconnected 9-6-2020, 5:20:32 PM
pyspil logged in. 9-6-2020, 5:23:04 PM
death: pyspil's head was blown apart and now heavy hammer plays basketball today on map zalp, up for a game? 9-6-2020, 5:24:13 PM
pyspil lost connection 9-6-2020, 5:24:47 PM
pyspil logged in. 9-6-2020, 5:25:09 PM
Yarina logged in. 9-6-2020, 5:28:18 PM
pyspil (pyspil) said suicide 9-6-2020, 5:29:23 PM
death: heavy hammer just blasted pyspil away! 9-6-2020, 5:29:26 PM
pyspil disconnected 9-6-2020, 5:29:34 PM
franklin logged in. 9-6-2020, 5:29:46 PM
franklin disconnected 9-6-2020, 5:30:26 PM
darkfrent sent a Pm to Yarina:  go tu v verh 9-6-2020, 5:35:48 PM
Rinat logged in. 9-6-2020, 5:36:24 PM
death: A new freshly killed blood of Rinat lies now on weapon store, thanks the laws of gravity! 9-6-2020, 5:36:28 PM
death: Stay clear of cage, goat has begun decaying. Thanks Rinat 9-6-2020, 5:39:03 PM
death: Rinat just blasted dog away! 9-6-2020, 5:39:07 PM
death: Rinat just beat the shit out of goat 9-6-2020, 5:39:12 PM
death: Rinat just royally kicked dog's ass 9-6-2020, 5:39:19 PM
death: oy, where'd polarbear go. Do you happen to know, Rinat? 9-6-2020, 5:39:22 PM
death: Rinat just condemned coyote to hell! 9-6-2020, 5:39:25 PM
death: He shoots, he scores! hunter's testicles went flying through the hoops on map cage. Rinat stands tall with quite the sinical smile. 9-6-2020, 5:39:34 PM
death: because of the villany of leopard, Rinat will no longer have a beating heart again, because it is broken on the cage map.  9-6-2020, 5:39:48 PM
death: Rinat just beat the shit out of leopard 9-6-2020, 5:39:53 PM
server notification: The korokrokrprkrokorpkropkroprkoprkorpokropkrokprokropkropkpr shelter has been created! 9-6-2020, 5:42:51 PM
death: Rinat just neutralized boar 9-6-2020, 5:42:52 PM
death: Oh flapjacks, cage looks like a big bloody mess. leopard definitely pushed hard to use Rinat's remains as a deceration 9-6-2020, 5:43:41 PM
death: You know that particular element in physics where velocity increases as you fall? yeah, leopard learned that really fuckin quick, and we can thank Rinat. 9-6-2020, 5:43:47 PM
Rinat disconnected 9-6-2020, 5:44:11 PM
server notification: The frends shelter has been created! 9-6-2020, 5:44:51 PM
death: Oh flapjacks, frends looks like a big bloody mess. heavy hammer definitely pushed hard to use Yarina's remains as a deceration 9-6-2020, 5:46:24 PM
Yarina disconnected 9-6-2020, 5:46:49 PM
bolgelo logged in. 9-6-2020, 5:49:35 PM
bolgelo disconnected 9-6-2020, 5:49:43 PM
death: bjjjjjfff just completely and totally pulvarized tank over here! 9-6-2020, 5:58:51 PM
death: the zalp map now contains loads of guts from dragonfly, thanks to bjjjjjfff.  9-6-2020, 6:00:11 PM
death: OK, let's see what else bjjjjjfff can do for psycho on zalp. I saw he killed them! 9-6-2020, 6:00:22 PM
death: rat died. Why? Because bjjjjjfff owned them on zalp. 9-6-2020, 6:00:34 PM
death: polarbear takes their last breath as bjjjjjfff blasts them in the face one last time. Brutallity! 9-6-2020, 6:00:50 PM
death: bjjjjjfff just blasted zombie away! 9-6-2020, 6:01:14 PM
death: He shoots, he scores! bjjjjjfff's testicles went flying through the hoops on map zalp. sniper stands tall with quite the sinical smile. 9-6-2020, 6:01:27 PM
death: The kirill's_world map is full now with kirill4's guts as bjjjjjfff owned them! 9-6-2020, 6:02:29 PM
death: because of the villany of bjjjjjfff, kirill4 will no longer have a beating heart again, because it is broken on the kirill's_world map.  9-6-2020, 6:02:46 PM
death: bjjjjjfff just put the smack down on kirill2 9-6-2020, 6:02:56 PM
death: ownage! kirill2 managed to escape by killing bjjjjjfff on the map kirill's_world 9-6-2020, 6:03:11 PM
death: Stay clear of kirill's_world, kirill1 has begun decaying. Thanks bjjjjjfff 9-6-2020, 6:03:29 PM
death: kirill3 just used the grounds of the kirill's_world map to teach bjjjjjfff a very important lesson!  9-6-2020, 6:03:46 PM
death: Man? what's this! kirill3 died? No! He's my friend! Or what... I mean, he's bjjjjjfff's friend! But I still can't believe looking at how he killed them on kirill's_world. 9-6-2020, 6:04:53 PM
death: kirill3 got fucked up by bjjjjjfff on kirill's_world. 9-6-2020, 6:05:32 PM
death: You know that particular element in physics where velocity increases as you fall? yeah, kirill1 learned that really fuckin quick, and we can thank bjjjjjfff. 9-6-2020, 6:05:40 PM
death: A new corpse of bjjjjjfff is flying on kirill's_world, because kirill1 made this to happen! 9-6-2020, 6:05:48 PM
Yarina logged in. 9-6-2020, 6:05:56 PM
bjjjjjfff (bjjjjjfff) said дай пожалуюста притиагиватель я дам моенет 9-6-2020, 6:07:51 PM
bjjjjjfff (bjjjjjfff) said дай 45 я да монет 12000000 9-6-2020, 6:08:37 PM
Yarina (Yarina) said нету 9-6-2020, 6:08:47 PM
bjjjjjfff (bjjjjjfff) said накакуюкарту  9-6-2020, 6:09:05 PM
Yarina disconnected 9-6-2020, 6:09:29 PM
death: oy, where'd bjjjjjfff go. Do you happen to know, gorilla? 9-6-2020, 6:10:47 PM
death: bjjjjjfff just beat the shit out of gorilla 9-6-2020, 6:10:49 PM
death: polarbear was nuked out of existance by bjjjjjfff 9-6-2020, 6:11:37 PM
death: boar was nuked out of existance by bjjjjjfff 9-6-2020, 6:11:44 PM
death: Rest  in piece, boar. We'll sure miss you, guess we can thank bjjjjjfff for what they did. 9-6-2020, 6:11:53 PM
death: bjjjjjfff just got bashed by lion on the cage map 9-6-2020, 6:12:02 PM
death: ownage! boxer managed to escape by killing bjjjjjfff on the map boxing 9-6-2020, 6:13:41 PM
death: trainer just gave bjjjjjfff what for! 9-6-2020, 6:13:42 PM
gleb logged in. 9-6-2020, 6:13:56 PM
trapper666 logged in. 9-6-2020, 6:14:25 PM
Yarina logged in. 9-6-2020, 6:14:39 PM
bjjjjjfff disconnected 9-6-2020, 6:14:44 PM
trapper666 (trapper666) said ярина привет 9-6-2020, 6:15:15 PM
Yarina (Yarina) said hi 9-6-2020, 6:15:48 PM
Yarina disconnected 9-6-2020, 6:15:59 PM
Yarina logged in. 9-6-2020, 6:16:11 PM
gleb (gleb) said .меня трисет в низведанной области что мне делать 9-6-2020, 6:16:41 PM
gleb disconnected 9-6-2020, 6:17:21 PM
trapper666 lost connection 9-6-2020, 6:17:29 PM
gleb logged in. 9-6-2020, 6:17:30 PM
Yarina disconnected 9-6-2020, 6:17:32 PM
Yarina logged in. 9-6-2020, 6:17:51 PM
Yarina disconnected 9-6-2020, 6:17:58 PM
trapper666 logged in. 9-6-2020, 6:18:01 PM
Yarina logged in. 9-6-2020, 6:18:08 PM
Yarina disconnected 9-6-2020, 6:19:25 PM
kirill logged in. 9-6-2020, 6:20:24 PM
Yarina logged in. 9-6-2020, 6:20:31 PM
death: because of the villany of soldier, trapper666 will no longer have a beating heart again, because it is broken on the main map.  9-6-2020, 6:20:50 PM
kirill disconnected 9-6-2020, 6:20:53 PM
Yarina disconnected 9-6-2020, 6:21:07 PM
Yarina logged in. 9-6-2020, 6:21:16 PM
death: fly just royally kicked trapper666's ass 9-6-2020, 6:21:45 PM
death: trapper666's helicopter 65 takes their last breath as trapper666's crt43_automatic_shotgun blasts them in the face one last time. Brutallity! 9-6-2020, 6:25:31 PM
death: darkfrent takes their last breath as the laws of gravity blasts them in the face one last time. Brutallity! 9-6-2020, 6:29:21 PM
death: trapper666 just got creamed by the laws of gravity 9-6-2020, 6:31:09 PM
death: darkfrent, I believe the laws of gravity had something to say. 9-6-2020, 6:32:27 PM
death: He shoots, he scores! wolf's testicles went flying through the hoops on map zalp. trapper666 stands tall with quite the sinical smile. 9-6-2020, 6:32:34 PM
death: There's a light at the end of the tunnel trainer, actually, fuck that. trapper666 ran you down. Sor'r'r'r'r'r'r'r'r'r'ry 9-6-2020, 6:32:36 PM
death: trapper666's remote gun 85 has expired! 9-6-2020, 6:33:31 PM
death: monster just put trapper666 6 feet under on zalp 9-6-2020, 6:33:50 PM
death: monster just got bashed by trapper666 on the zalp map 9-6-2020, 6:33:51 PM
death: Breaking news! Today, trapper666 killed harvester so easy on zalp! isn't it a good news? 9-6-2020, 6:35:19 PM
death: Stop crying, flamethrower! Go kill trapper666! 9-6-2020, 6:35:42 PM
death: boar was just obliterated by the force of trapper666 on zalp 9-6-2020, 6:35:59 PM
death: manager was owned by trapper666 on zalp 9-6-2020, 6:36:13 PM
death: rocketlauncher just got bashed by trapper666 on the zalp map 9-6-2020, 6:36:19 PM
death: trapper666 just neutralized goat 9-6-2020, 6:36:22 PM
death: trapper666 just put the smack down on boar 9-6-2020, 6:36:41 PM
death: Anybody knows why trapper666 died? I know! trapper666 got owned by gorilla! Where? On zalp! 9-6-2020, 6:37:08 PM
death: trapper666 just totaled gorilla's ass on zalp 9-6-2020, 6:37:11 PM
death: He shoots, he scores! dog's testicles went flying through the hoops on map zalp. trapper666 stands tall with quite the sinical smile. 9-6-2020, 6:37:43 PM
darkfrent disconnected 9-6-2020, 6:37:56 PM
death: The zalp map is full now with trapper666's guts as dentist owned them! 9-6-2020, 6:37:58 PM
darkfrent logged in. 9-6-2020, 6:38:03 PM
trapper666 disconnected 9-6-2020, 6:38:08 PM
death: the laws of gravity just totaled Yarina's ass on Uncharted Nothingness 9-6-2020, 6:44:38 PM
death: the laws of gravity laughs mockingly at the dying form of darkfrent on Uncharted Nothingness 9-6-2020, 6:44:55 PM
death: the laws of gravity just condemned gleb to hell! 9-6-2020, 6:46:11 PM
gleb disconnected 9-6-2020, 6:46:23 PM
Yarina disconnected 9-6-2020, 6:47:53 PM
darkfrent disconnected 9-6-2020, 6:47:56 PM
trapper666 logged in. 9-6-2020, 6:55:12 PM
death: You know that particular element in physics where velocity increases as you fall? yeah, goat learned that really fuckin quick, and we can thank trapper666. 9-6-2020, 6:56:58 PM
death: ownage! trapper666 managed to escape by killing Amphibian on the map zalp 9-6-2020, 6:57:06 PM
death: trapper666 just put snake 6 feet under on zalp 9-6-2020, 6:57:47 PM
death: trapper666, I believe dragonfly had something to say. 9-6-2020, 6:58:00 PM
death: A new corpse of trapper666 is flying on zalp, because zombie made this to happen! 9-6-2020, 6:58:36 PM
death: trapper666 just neutralized zombie 9-6-2020, 6:58:37 PM
death: trapper666 is so happy because he killed rat on zalp! 9-6-2020, 6:59:23 PM
death: welder was turned to pulp by trapper666 9-6-2020, 6:59:32 PM
death: trapper666 just totaled hunter's ass on zalp 9-6-2020, 7:00:05 PM
death: Man? what's this! trapper666 died? No! He's my friend! Or what... I mean, he's gorilla's friend! But I still can't believe looking at how he killed them on zalp. 9-6-2020, 7:00:15 PM
death: soldier just used the grounds of the zalp map to teach trapper666 a very important lesson!  9-6-2020, 7:00:52 PM
death: trapper666 was turned to pulp by boar 9-6-2020, 7:01:42 PM
darkfrent logged in. 9-6-2020, 7:03:05 PM
death: Breaking news! Today, trapper666 killed train so easy on zalp! isn't it a good news? 9-6-2020, 7:03:29 PM
darkfrent disconnected 9-6-2020, 7:03:54 PM
death: doctor, You have a murderer on line 1, go ahead trapper666  9-6-2020, 7:03:55 PM
death: securityguard just got their ass handed to them on a platter, happily served by trapper666 9-6-2020, 7:04:47 PM
death: A new corpse of mosquito is flying on zalp, because trapper666 made this to happen! 9-6-2020, 7:04:54 PM
death: robocop has been terminated by trapper666 9-6-2020, 7:05:05 PM
death: patient's head was blown apart and now trapper666 plays basketball today on map zalp, up for a game? 9-6-2020, 7:05:22 PM
death: gravaty just finished pulling the corpse of polarbear to the ground of the zalp map, and we can thank trapper666 for the help!  9-6-2020, 7:05:35 PM
death: trapper666 just mauled dog 9-6-2020, 7:05:43 PM
death: trapper666 just blasted worm away! 9-6-2020, 7:05:55 PM
death: Amphibian just used the grounds of the zalp map to teach trapper666 a very important lesson!  9-6-2020, 7:06:17 PM
death: trapper666 killed robot on zalp. 9-6-2020, 7:08:00 PM
death: trapper666 just totaled pan's ass on zalp 9-6-2020, 7:08:25 PM
death: A new corpse of polarbear is flying on zalp, because trapper666 made this to happen! 9-6-2020, 7:08:31 PM
death: and the deathly scream of fly pierces the air as trapper666 finishes them off! 9-6-2020, 7:08:43 PM
death: zalp smells pretty dank. fly needs a proper barrial by trapper666 9-6-2020, 7:09:15 PM
death: Stop crying, flamethrower! Go kill trapper666! 9-6-2020, 7:09:26 PM
death: Oh flapjacks, zalp looks like a big bloody mess. trapper666 definitely pushed hard to use polarbear's remains as a deceration 9-6-2020, 7:09:39 PM
death: ownage! boar managed to escape by killing trapper666 on the map zalp 9-6-2020, 7:09:51 PM
death: the zalp map now contains loads of guts from trainer, thanks to trapper666.  9-6-2020, 7:10:05 PM
death: A pool of red reminder liquid now forms under excavator's corpse. trapper666 has the credibility for their demise.  9-6-2020, 7:10:10 PM
death: leopard just got bashed by trapper666 on the zalp map 9-6-2020, 7:10:18 PM
death: moth, You have a murderer on line 1, go ahead trapper666  9-6-2020, 7:10:40 PM
death: nurse has been terminated by trapper666 9-6-2020, 7:10:44 PM
death: Is there a doctor on the mapzalp? doctor has no paulse. Oh, there isn't? Okay. trapper666 laughs. 9-6-2020, 7:11:12 PM
death: trapper666, I believe Amphibian had something to say. 9-6-2020, 7:11:35 PM
death: Breaking news! Today, trapper666 killed Amphibian so easy on zalp! isn't it a good news? 9-6-2020, 7:11:38 PM
trapper666 disconnected 9-6-2020, 7:11:47 PM
gleb logged in. 9-6-2020, 7:22:41 PM
Yarina logged in. 9-6-2020, 7:23:29 PM
darkfrent logged in. 9-6-2020, 7:23:29 PM
death: gleb was turned to pulp by the laws of gravity 9-6-2020, 7:27:56 PM
death: and the deathly scream of Yarina pierces the air as the laws of gravity finishes them off! 9-6-2020, 7:29:31 PM
death: Yarina was just obliterated by the force of the laws of gravity on Uncharted Nothingness 9-6-2020, 7:32:43 PM
death: ownage! Yarina managed to escape by killing the laws of gravity on the map hidden warp point 9-6-2020, 7:35:22 PM
server notification: The gleb shelter has been created! 9-6-2020, 7:42:08 PM
trapper666 logged in. 9-6-2020, 7:47:47 PM
death: nurse just got their ass handed to them on a platter, happily served by trapper666 9-6-2020, 7:49:24 PM
death: lion was nuked off the map zalp by trapper666 9-6-2020, 7:49:47 PM
death: oy, where'd lion go. Do you happen to know, trapper666? 9-6-2020, 7:50:04 PM
death: He shoots, he scores! bear's testicles went flying through the hoops on map zalp. trapper666 stands tall with quite the sinical smile. 9-6-2020, 7:50:11 PM
death: Anybody knows why doctor died? I know! doctor got owned by trapper666! Where? On zalp! 9-6-2020, 7:50:38 PM
death: leopard just got bashed by trapper666 on the zalp map 9-6-2020, 7:50:58 PM
death: dragon just got their ass handed to them on a platter, happily served by trapper666 9-6-2020, 7:51:05 PM
death: Damn, trapper666, that was quite a vicious display of violence towards boxer 9-6-2020, 7:51:15 PM
death: trapper666 just put the smack down on boxer 9-6-2020, 7:51:28 PM
death: car died. Why? Because trapper666 owned them on zalp. 9-6-2020, 7:51:37 PM
death: ownage! securityguard managed to escape by killing trapper666 on the map zalp 9-6-2020, 7:51:54 PM
death: A new corpse of leopard is flying on zalp, because trapper666 made this to happen! 9-6-2020, 7:52:06 PM
death: Is there a doctor on the mapzalp? coyote has no paulse. Oh, there isn't? Okay. trapper666 laughs. 9-6-2020, 7:52:11 PM
death: trapper666 has been terminated by tank 9-6-2020, 7:52:35 PM
death: Well, tank doesn't exist anymore. Looks to be that trapper666 has ultimate victory. Clean up on zalp  9-6-2020, 7:52:39 PM
death: The zalp map is full now with dog's guts as trapper666 owned them! 9-6-2020, 7:53:04 PM
death: gleb's modern_sub_machine_gun_carbine just blew Yarina's brains out. Somebody get a mo 9-6-2020, 7:53:12 PM
death: excavator just gave  trapper666 a royal beating 9-6-2020, 7:53:27 PM
gleb disconnected 9-6-2020, 7:57:11 PM
gleb logged in. 9-6-2020, 7:57:14 PM
darkfrent disconnected 9-6-2020, 7:57:25 PM
darkfrent logged in. 9-6-2020, 7:57:31 PM
death: Stay clear of main, robocop has begun decaying. Thanks barricade bomb 9-6-2020, 7:57:57 PM
stronger logged in. 9-6-2020, 7:58:49 PM
death: gleb's modern_sub_machine_gun_carbine just totaled darkfrent's ass on roof 9-6-2020, 7:59:08 PM
stronger (stronger) said залп 9-6-2020, 7:59:09 PM
trapper666 (trapper666) said zalp 9-6-2020, 7:59:17 PM
Yarina (Yarina) said ага 9-6-2020, 7:59:20 PM
darkfrent (darkfrent) said suca 9-6-2020, 7:59:20 PM
trapper666 (trapper666) said gde suca 9-6-2020, 7:59:36 PM
death: the laws of gravity just neutralized trapper666 9-6-2020, 8:00:29 PM
trapper666 (trapper666) said народ. вы на складе? 9-6-2020, 8:01:11 PM
Yarina (Yarina) said нет 9-6-2020, 8:01:15 PM
darkfrent (darkfrent) said ni 9-6-2020, 8:01:15 PM
darkfrent (darkfrent) said no 9-6-2020, 8:01:18 PM
death: mosquito really made a mess of stronger on the zalp map.  9-6-2020, 8:03:14 PM
darkfrent logged in. 9-6-2020, 8:03:14 PM
death: Well, dentist doesn't exist anymore. Looks to be that stronger has ultimate victory. Clean up on zalp  9-6-2020, 8:03:43 PM
death: A new freshly killed blood of Yarina lies now on door out of this shelter, thanks gleb's modern_sub_machine_gun_carbine! 9-6-2020, 8:03:47 PM
death: robot just got bashed by stronger on the zalp map 9-6-2020, 8:04:10 PM
death: stronger, I believe bear had something to say. 9-6-2020, 8:04:29 PM
death: Oh flapjacks, zalp looks like a big bloody mess. stronger definitely pushed hard to use bear's remains as a deceration 9-6-2020, 8:04:35 PM
death: a giant platform in the sky smells pretty dank. gleb needs a proper barrial by darkfrent's hand_grenade 9-6-2020, 8:05:33 PM
death: stronger just got bashed by boar on the zalp map 9-6-2020, 8:06:08 PM
death: I think I just saw boar's corpse flying as stronger owned them on zalp. 9-6-2020, 8:06:10 PM
death: gleb's modern_sub_machine_gun_carbine just gave  Yarina's robot 54 a royal beating 9-6-2020, 8:06:17 PM
death: trapper666 just got their ass handed to them on a platter, happily served by darkfrent's sky 436 mine 9-6-2020, 8:08:08 PM
trapper666 (trapper666) said блядь. по налаживали мин нахуй 9-6-2020, 8:08:55 PM
darkfrent (darkfrent) said where  9-6-2020, 8:09:05 PM
darkfrent (darkfrent) said pliz invizibilitie 9-6-2020, 8:09:33 PM
darkfrent (darkfrent) said дайте на аукыион 9-6-2020, 8:09:50 PM
Lordral logged in. 9-6-2020, 8:09:54 PM
darkfrent lost connection 9-6-2020, 8:09:58 PM
trapper666 (trapper666) said прив 9-6-2020, 8:10:05 PM
Yarina (Yarina) said hi 9-6-2020, 8:10:11 PM
trapper666 (trapper666) said ярина ты в хвр есть? 9-6-2020, 8:10:38 PM
Yarina (Yarina) said нет 9-6-2020, 8:10:42 PM
Lordral (Lordral) said xtks 9-6-2020, 8:10:45 PM
Lordral (Lordral) said челы 9-6-2020, 8:10:51 PM
Lordral (Lordral) said го файтиться в ринге 9-6-2020, 8:10:57 PM
trapper666 (trapper666) said ок 9-6-2020, 8:11:05 PM
death: trapper666 just got creamed by heavy hammer 9-6-2020, 8:11:13 PM
Lordral (Lordral) said пока, нахй 9-6-2020, 8:11:24 PM
stronger disconnected 9-6-2020, 8:11:33 PM
Lordral (Lordral) said на любом оружии 9-6-2020, 8:11:34 PM
stronger logged in. 9-6-2020, 8:11:36 PM
Lordral (Lordral) said сиськи 9-6-2020, 8:11:42 PM
trapper666 (trapper666) said на холодняке плис 9-6-2020, 8:12:02 PM
Lordral (Lordral) said ок 9-6-2020, 8:12:07 PM
darkfrent logged in. 9-6-2020, 8:12:50 PM
trapper666 (trapper666) said goo 9-6-2020, 8:13:14 PM
death: trainer laughs mockingly at the dying form of stronger on boxing 9-6-2020, 8:14:39 PM
Lordral disconnected 9-6-2020, 8:15:28 PM
stronger disconnected 9-6-2020, 8:15:33 PM
death: Stay clear of roof, Yarina has begun decaying. Thanks darkfrent's hand_grenade 9-6-2020, 8:16:01 PM
death: gleb just got bashed by darkfrent's mine on the gleb map 9-6-2020, 8:16:12 PM
stronger logged in. 9-6-2020, 8:16:35 PM
trapper666 (trapper666) said stronger 9-6-2020, 8:16:43 PM
trapper666 (trapper666) said иди сюда 9-6-2020, 8:16:55 PM
trapper666 (trapper666) said ау 9-6-2020, 8:17:22 PM
death: Yarina, I believe gleb's modern_sub_machine_gun_carbine had something to say. 9-6-2020, 8:17:38 PM
trapper666 (trapper666) said серый 9-6-2020, 8:18:01 PM
trapper666 (trapper666) said стронгер 9-6-2020, 8:19:17 PM
stronger (stronger) said шо 9-6-2020, 8:19:30 PM
stronger (stronger) said блин  9-6-2020, 8:19:36 PM
trapper666 (trapper666) said иди на ринг 9-6-2020, 8:19:38 PM
stronger (stronger) said чат не читается  9-6-2020, 8:19:45 PM
death: gleb's modern_sub_machine_gun_carbine just condemned darkfrent's armored_tank to hell! 9-6-2020, 8:19:51 PM
death: gleb's modern_sub_machine_gun_carbine just blew darkfrent's brains out. Somebody get a mo 9-6-2020, 8:19:51 PM
trapper666 (trapper666) said на ринг иди 9-6-2020, 8:20:01 PM
death: gleb's hand_cannon just mauled Yarina 9-6-2020, 8:20:40 PM
death: gleb, I believe darkfrent's hand_grenade had something to say. 9-6-2020, 8:21:05 PM
death: trainer was owned by stronger on boxing 9-6-2020, 8:21:06 PM
death: trainer just got annihilated by stronger 9-6-2020, 8:21:06 PM
death: trainer really made a mess of stronger on the boxing map.  9-6-2020, 8:21:06 PM
trapper666 disconnected 9-6-2020, 8:22:40 PM
death: trapper666's turret 194's head was blown apart and now dead battery plays basketball today on map boxing, up for a game? 9-6-2020, 8:22:40 PM
death: dead battery just totaled trapper666's turret 264's ass on boxing 9-6-2020, 8:22:40 PM
death: Yarina takes their last breath as gleb's hand_cannon blasts them in the face one last time. Brutallity! 9-6-2020, 8:23:15 PM
death: The zalp map is full now with surgeon's guts as stronger owned them! 9-6-2020, 8:25:32 PM
death: stronger killed excavator on zalp. 9-6-2020, 8:25:49 PM
death: The zalp map is full now with dentist's guts as stronger owned them! 9-6-2020, 8:25:52 PM
death: gleb, You have a murderer on line 1, go ahead darkfrent's sky 436 mine  9-6-2020, 8:25:57 PM
death: the laws of gravity killed Yarina on Uncharted Nothingness. 9-6-2020, 8:26:08 PM
death: I think I just saw coyote's corpse flying as stronger owned them on zalp. 9-6-2020, 8:26:14 PM
death: pan, I believe stronger had something to say. 9-6-2020, 8:27:00 PM
death: boxer was nuked off the map zalp by stronger 9-6-2020, 8:27:19 PM
death: darkfrent's armored_tank was turned to pulp by Yarina's suicide bomb 9-6-2020, 8:27:44 PM
death: darkfrent was obliterated by the explosion of their armored_tank 9-6-2020, 8:27:44 PM
death: Oh flapjacks, zalp looks like a big bloody mess. stronger definitely pushed hard to use cat's remains as a deceration 9-6-2020, 8:27:45 PM
darkfrent (darkfrent) said suuuuuuuucaaaaaaaaa 9-6-2020, 8:28:04 PM
death: flamethrower just got creamed by stronger 9-6-2020, 8:28:07 PM
death: trainer takes their last breath as stronger blasts them in the face one last time. Brutallity! 9-6-2020, 8:28:18 PM
death: gravaty just finished pulling the corpse of stronger to the ground of the zalp map, and we can thank sniper for the help!  9-6-2020, 8:28:42 PM
stronger disconnected 9-6-2020, 8:28:49 PM
stronger logged in. 9-6-2020, 8:29:25 PM
death: Rest  in piece, Yarina. We'll sure miss you, guess we can thank darkfrent's hand_grenade for what they did. 9-6-2020, 8:29:55 PM
stronger disconnected 9-6-2020, 8:30:43 PM
trapper666 logged in. 9-6-2020, 8:31:40 PM
franklin logged in. 9-6-2020, 8:31:52 PM
trapper666 (trapper666) said fraank 9-6-2020, 8:32:01 PM
trapper666 (trapper666) said hi 9-6-2020, 8:32:05 PM
franklin (franklin) said шо 9-6-2020, 8:32:06 PM
franklin (franklin) said ага 9-6-2020, 8:32:10 PM
trapper666 (trapper666) said шо злой 9-6-2020, 8:32:20 PM
death: oy, where'd gleb go. Do you happen to know, gleb's rocket? 9-6-2020, 8:32:23 PM
franklin (franklin) said не злой 9-6-2020, 8:32:28 PM
death: trapper666 just used the grounds of the boxing map to teach boxer a very important lesson!  9-6-2020, 8:32:39 PM
death: trapper666 just blew boxer's brains out. Somebody get a mo 9-6-2020, 8:32:39 PM
death: ownage! boxer managed to escape by killing trapper666 on the map boxing 9-6-2020, 8:32:40 PM
franklin (franklin) said you in tt? 9-6-2020, 8:32:43 PM
death: I think I just saw trainer's corpse flying as trapper666 owned them on boxing. 9-6-2020, 8:32:48 PM
franklin (franklin) said dura trapper! 9-6-2020, 8:32:56 PM
death: trapper666 just blasted boxer away! 9-6-2020, 8:32:59 PM
death: boxer's head was blown apart and now trapper666 plays basketball today on map boxing, up for a game? 9-6-2020, 8:33:00 PM
death: boxing smells pretty dank. trainer needs a proper barrial by trapper666 9-6-2020, 8:33:10 PM
death: Another one bites the dust! boxer, have fun, I'm sure trapper666 is 9-6-2020, 8:33:20 PM
trapper666 (trapper666) said иду 9-6-2020, 8:33:25 PM
death: and splat goes boxer, with trapper666 standing over them with quite the smile 9-6-2020, 8:33:30 PM
death: OK, let's see what else trapper666 can do for boxer on boxing. I saw he killed them! 9-6-2020, 8:33:31 PM
death: boxer just got their ass handed to them on a platter, happily served by trapper666 9-6-2020, 8:33:39 PM
franklin (franklin) said fuck 9-6-2020, 8:33:39 PM
death: Damn, trapper666, that was quite a vicious display of violence towards boxer 9-6-2020, 8:33:48 PM
death: Damn, trapper666, that was quite a vicious display of violence towards boxer 9-6-2020, 8:33:48 PM
death: trapper666, You have a murderer on line 1, go ahead boxer  9-6-2020, 8:33:56 PM
darkfrent disconnected 9-6-2020, 8:34:01 PM
darkfrent logged in. 9-6-2020, 8:34:07 PM
death: gravaty just finished pulling the corpse of darkfrent to the ground of the a narrow staircase map, and we can thank darkfrent's sky 436 mine for the help!  9-6-2020, 8:34:46 PM
trapper666 disconnected 9-6-2020, 8:35:18 PM
death: Yarina just got bashed by darkfrent's hand_grenade on the Uncharted Nothingness map 9-6-2020, 8:35:24 PM
franklin disconnected 9-6-2020, 8:35:34 PM
death: the Uncharted Nothingness map now contains loads of guts from gleb's aircraft, thanks to darkfrent's hand_grenade.  9-6-2020, 8:36:11 PM
death: ownage! gleb managed to escape by killing darkfrent's hand_grenade on the map parking lot 9-6-2020, 8:36:18 PM
death: a bloody corpse of Yarina now lies on map Uncharted Nothingness, thanks to darkfrent's hand_grenade 9-6-2020, 8:37:12 PM
death: darkfrent's aircraft was just obliterated by the force of gleb's nuclear bomb on Illinois parkway 9-6-2020, 8:37:52 PM
death: A new corpse of gleb is flying on Illinois parkway, because gleb's nuclear bomb made this to happen! 9-6-2020, 8:37:52 PM
darkfrent (darkfrent) said sfdghj 9-6-2020, 8:38:07 PM
death: Yarina's nuclear bomb just gave darkfrent's aircraft what for! 9-6-2020, 8:38:46 PM
death: oy, where'd Yarina go. Do you happen to know, Yarina's nuclear bomb? 9-6-2020, 8:38:46 PM
death: gleb, You have a murderer on line 1, go ahead Yarina's nuclear bomb  9-6-2020, 8:38:46 PM
death: A pool of red reminder liquid now forms under gleb's corpse. darkfrent's hand_grenade has the credibility for their demise.  9-6-2020, 8:40:01 PM
death: Stop crying, gleb! Go kill darkfrent's hand_grenade! 9-6-2020, 8:40:21 PM
death: darkfrent's hand_grenade just blasted gleb away! 9-6-2020, 8:40:51 PM
death: gleb's head was blown apart and now darkfrent's hand_grenade plays basketball today on map pass to old main map, up for a game? 9-6-2020, 8:41:41 PM
death: gleb has been terminated by darkfrent's hand_grenade 9-6-2020, 8:42:21 PM
death: Somebody call 9 1 1, oh wait, rain check. darkfrent's hand_grenade gives no shits. Peace out, gleb 9-6-2020, 8:42:55 PM
death: A new freshly killed blood of gleb lies now on Illinois parkway, thanks darkfrent's hand_grenade! 9-6-2020, 8:43:17 PM
death: Rest  in piece, bear. We'll sure miss you, guess we can thank gleb for what they did. 9-6-2020, 8:43:55 PM
death: gleb just beat the shit out of hunter 9-6-2020, 8:44:01 PM
death: gleb just blasted gorilla away! 9-6-2020, 8:44:10 PM
death: gleb just put the smack down on polarbear 9-6-2020, 8:44:22 PM
death: A new freshly killed blood of bear lies now on cage, thanks gleb! 9-6-2020, 8:44:26 PM
death: lion was totaled by gleb on map cage 9-6-2020, 8:45:14 PM
death: The cage map is full now with leopard's guts as gleb owned them! 9-6-2020, 8:45:25 PM
death: gleb just totaled coyote's ass on cage 9-6-2020, 8:45:30 PM
death: bear, I believe gleb had something to say. 9-6-2020, 8:45:36 PM
death: Oops? Man down! That man is polarbear. gleb isn't so kind on cage. 9-6-2020, 8:45:43 PM
death: gleb just blew coyote's brains out. Somebody get a mo 9-6-2020, 8:45:47 PM
death: and the deathly scream of gleb pierces the air as polarbear finishes them off! 9-6-2020, 8:45:48 PM
death: gleb just condemned polarbear to hell! 9-6-2020, 8:46:57 PM
death: coyote takes their last breath as gleb blasts them in the face one last time. Brutallity! 9-6-2020, 8:47:01 PM
death: goat, You have a murderer on line 1, go ahead gleb  9-6-2020, 8:47:08 PM
death: Oh flapjacks, cage looks like a big bloody mess. gleb definitely pushed hard to use rabbit's remains as a deceration 9-6-2020, 8:47:12 PM
death: ownage! gorilla managed to escape by killing gleb on the map cage 9-6-2020, 8:47:19 PM
death: coyote was just obliterated by the force of gleb on cage 9-6-2020, 8:47:28 PM
death: gleb was given what was coming to them, thank you leopard! 9-6-2020, 8:47:34 PM
death: Oops? Man down! That man is gleb. the laws of gravity isn't so kind on Illinois parkway. 9-6-2020, 8:49:06 PM
death: Yarina, I believe gleb's fists had something to say. 9-6-2020, 8:51:15 PM
death: gleb died. Why? Because Yarina's fists owned them on safe zone. 9-6-2020, 8:53:29 PM
death: Yarina just got annihilated by darkfrent's feet 9-6-2020, 8:53:52 PM
death: A pool of red reminder liquid now forms under darkfrent's corpse. gleb's modern_sub_machine_gun_carbine has the credibility for their demise.  9-6-2020, 8:55:35 PM
death: gleb's feet just totaled Yarina's ass on safe zone 9-6-2020, 8:56:27 PM
Yarina disconnected 9-6-2020, 8:57:14 PM
death: gleb got fucked up by darkfrent's hand_grenade on safe zone. 9-6-2020, 8:58:58 PM
death: darkfrent was nuked out of existance by gleb's hand_cannon 9-6-2020, 8:59:16 PM
death: darkfrent has been terminated by gleb's hand_cannon 9-6-2020, 8:59:41 PM
death: leopard, You have a murderer on line 1, go ahead darkfrent  9-6-2020, 9:00:15 PM
death: gleb was just obliterated by the force of the laws of gravity on cage 9-6-2020, 9:00:21 PM
gleb disconnected 9-6-2020, 9:00:32 PM
darkfrent disconnected 9-6-2020, 9:01:01 PM
gleb logged in. 9-6-2020, 9:12:10 PM
dmitriy logged in. 9-6-2020, 9:12:38 PM
trapper666 logged in. 9-6-2020, 9:13:08 PM
dmitriy disconnected 9-6-2020, 9:14:42 PM
death: and the deathly scream of bear pierces the air as gleb finishes them off! 9-6-2020, 9:15:29 PM
death: gleb just put the smack down on wolf 9-6-2020, 9:15:34 PM
death: a bloody corpse of gleb now lies on map cage, thanks to leopard 9-6-2020, 9:15:36 PM
death: leopard just got their ass handed to them on a platter, happily served by gleb 9-6-2020, 9:15:40 PM
death: lion is so happy because he killed gleb on cage! 9-6-2020, 9:16:10 PM
death: gleb laughs mockingly at the dying form of dog on main 9-6-2020, 9:16:45 PM
franklin logged in. 9-6-2020, 9:17:01 PM
death: gleb was owned by trapper666's robot 90 on main 9-6-2020, 9:17:15 PM
gleb disconnected 9-6-2020, 9:17:22 PM
death: Breaking news! Today, dead battery killed trapper666's robot 90 so easy on main! isn't it a good news? 9-6-2020, 9:18:43 PM
death: harvester got fucked up by trapper666 on main. 9-6-2020, 9:19:07 PM
death: trapper666 just got bashed by franklin's armored tank on the main map 9-6-2020, 9:20:20 PM
death: franklin's suicide bomb just mauled trapper666 9-6-2020, 9:22:22 PM
death: main smells pretty dank. dragonfly needs a proper barrial by franklin 9-6-2020, 9:22:43 PM
death: pan was nuked off the map main by franklin 9-6-2020, 9:24:44 PM
death: trapper666's tank, You have a murderer on line 1, go ahead franklin's rocket  9-6-2020, 9:25:11 PM
death: trapper666 was obliterated by the explosion of their tank 9-6-2020, 9:25:11 PM
death: oy, where'd welder go. Do you happen to know, franklin? 9-6-2020, 9:25:41 PM
death: gun died. Why? Because franklin owned them on main. 9-6-2020, 9:25:59 PM
death: dentist just got their ass handed to them on a platter, happily served by franklin 9-6-2020, 9:26:03 PM
death: You know that particular element in physics where velocity increases as you fall? yeah, cat learned that really fuckin quick, and we can thank franklin. 9-6-2020, 9:26:05 PM
death: franklin just used the grounds of the main map to teach glider a very important lesson!  9-6-2020, 9:26:07 PM
death: Rest  in piece, grandpa. We'll sure miss you, guess we can thank franklin for what they did. 9-6-2020, 9:26:09 PM
death: You know that particular element in physics where velocity increases as you fall? yeah, polarbear learned that really fuckin quick, and we can thank franklin. 9-6-2020, 9:26:12 PM
death: He shoots, he scores! hunter's testicles went flying through the hoops on map main. franklin stands tall with quite the sinical smile. 9-6-2020, 9:26:16 PM
death: snake was nuked out of existance by franklin 9-6-2020, 9:26:22 PM
death: main smells pretty dank. tushkano needs a proper barrial by franklin 9-6-2020, 9:26:25 PM
death: Oh flapjacks, main looks like a big bloody mess. franklin definitely pushed hard to use psycho's remains as a deceration 9-6-2020, 9:26:28 PM
death: gun's head was blown apart and now franklin plays basketball today on map main, up for a game? 9-6-2020, 9:26:32 PM
death: There's a light at the end of the tunnel trainer, actually, fuck that. franklin ran you down. Sor'r'r'r'r'r'r'r'r'r'ry 9-6-2020, 9:26:34 PM
death: glider, You have a murderer on line 1, go ahead franklin  9-6-2020, 9:26:37 PM
death: snake was owned by franklin on main 9-6-2020, 9:26:39 PM
death: flamethrower was owned by franklin on main 9-6-2020, 9:26:41 PM
death: Breaking news! Today, franklin killed robot so easy on main! isn't it a good news? 9-6-2020, 9:26:44 PM
death: horse, I believe franklin had something to say. 9-6-2020, 9:26:47 PM
death: cockroach has been terminated by franklin 9-6-2020, 9:26:59 PM
death: and splat goes train, with franklin standing over them with quite the smile 9-6-2020, 9:27:03 PM
death: franklin's hand_grenade just gave trapper666's robot 93 what for! 9-6-2020, 9:27:17 PM
death: oy, where'd trapper666 go. Do you happen to know, darkfrent's sky 436 mine? 9-6-2020, 9:27:46 PM
death: and splat goes fly, with sky 436 mine standing over them with quite the smile 9-6-2020, 9:27:47 PM
death: trapper666 was given what was coming to them, thank you franklin's missile! 9-6-2020, 9:28:36 PM
death: fly was owned by franklin's rocket on main 9-6-2020, 9:28:54 PM
death: and the deathly scream of surgeon pierces the air as franklin's rocket finishes them off! 9-6-2020, 9:29:08 PM
death: trapper666 was totaled by darkfrent's sky 436 mine on map a tall center tower stairs 9-6-2020, 9:30:23 PM
death: trapper666's mass bomb just mauled trapper666 9-6-2020, 9:31:08 PM
death: A pool of red reminder liquid now forms under trapper666's corpse. trapper666's mass bomb has the credibility for their demise.  9-6-2020, 9:32:16 PM
franklin (franklin) said fuck! 9-6-2020, 9:32:52 PM
death: patient just blew trapper666's brains out. Somebody get a mo 9-6-2020, 9:33:18 PM
death: franklin's rocket just condemned trapper666's aircraft to hell! 9-6-2020, 9:35:10 PM
death: trapper666 was obliterated by the explosion of their aircraft 9-6-2020, 9:35:10 PM
death: and splat goes patient, with trapper666 standing over them with quite the smile 9-6-2020, 9:37:12 PM
death: franklin just put welder 6 feet under on main 9-6-2020, 9:37:31 PM
death: hunter just got creamed by franklin 9-6-2020, 9:37:46 PM
death: trapper666 just blew psycho's brains out. Somebody get a mo 9-6-2020, 9:39:18 PM
death: trapper666's missile just beat the shit out of franklin 9-6-2020, 9:39:39 PM
death: Stop crying, trapper666! Go kill franklin's nuclear bomb! 9-6-2020, 9:40:49 PM
death: trapper666 was given what was coming to them, thank you franklin's missile! 9-6-2020, 9:42:10 PM
death: main smells pretty dank. franklin's helicopter 30 needs a proper barrial by trapper666's modern_sub_machine_gun_carbine 9-6-2020, 9:43:35 PM
death: trapper666 just neutralized car 9-6-2020, 9:43:54 PM
death: trapper666 just got creamed by franklin's missile 9-6-2020, 9:45:14 PM
Yarina logged in. 9-6-2020, 9:46:22 PM
Yarina disconnected 9-6-2020, 9:46:28 PM
death: A new freshly killed blood of soldier lies now on main, thanks trapper666! 9-6-2020, 9:46:53 PM
death: darkfrent's mine just blasted trapper666 away! 9-6-2020, 9:47:41 PM
death: and splat goes rat, with franklin standing over them with quite the smile 9-6-2020, 9:48:06 PM
death: A pool of red reminder liquid now forms under trapper666's corpse. the laws of gravity has the credibility for their demise.  9-6-2020, 9:49:10 PM
death: A new freshly killed blood of trapper666 lies now on main, thanks darkfrent's mine! 9-6-2020, 9:51:15 PM
death: main smells pretty dank. trapper666 needs a proper barrial by trapper666's mass bomb 9-6-2020, 9:52:09 PM
death: franklin's turret 683 was nuked out of existance by dead battery 9-6-2020, 9:53:55 PM
death: Oops? Man down! That man is trapper666. darkfrent's sky 436 mine isn't so kind on stairs. 9-6-2020, 9:55:54 PM
death: darkfrent's sky 436 mine laughs mockingly at the dying form of franklin on hallways 9-6-2020, 9:55:54 PM
death: franklin has been terminated by darkfrent's sky 436 mine 9-6-2020, 9:56:29 PM
death: Anybody knows why trapper666's robot 50 died? I know! trapper666's robot 50 got owned by franklin's modern_sub_machine_gun_carbine! Where? On main! 9-6-2020, 9:57:02 PM
death: trapper666 is so happy because he killed psycho on main! 9-6-2020, 9:57:24 PM
death: gravaty just finished pulling the corpse of trapper666 to the ground of the main map, and we can thank helicopter for the help!  9-6-2020, 9:58:13 PM
death: trapper666 takes their last breath as the laws of gravity blasts them in the face one last time. Brutallity! 9-6-2020, 9:59:26 PM
death: You know that particular element in physics where velocity increases as you fall? yeah, helicopter learned that really fuckin quick, and we can thank franklin. 9-6-2020, 9:59:59 PM
death: the main map now contains loads of guts from trapper666, thanks to the laws of gravity.  9-6-2020, 10:00:24 PM
death: Somebody call 9 1 1, oh wait, rain check. franklin's robot 25 gives no shits. Peace out, trapper666 9-6-2020, 10:01:46 PM
death: Somebody call 9 1 1, oh wait, rain check. franklin gives no shits. Peace out, worm 9-6-2020, 10:02:44 PM
death: franklin was totaled by the laws of gravity on map main 9-6-2020, 10:03:11 PM
death: trapper666 just got their ass handed to them on a platter, happily served by franklin's robot 25 9-6-2020, 10:03:34 PM
death: main smells pretty dank. trapper666 needs a proper barrial by franklin's ultrabomb 9-6-2020, 10:04:24 PM
death: dead battery just mauled franklin's robot 25 9-6-2020, 10:04:24 PM
death: trapper666's helicopter 100, I believe franklin's hand_grenade had something to say. 9-6-2020, 10:07:01 PM
death: franklin takes their last breath as the laws of gravity blasts them in the face one last time. Brutallity! 9-6-2020, 10:08:03 PM
death: franklin's suicide bomb laughs mockingly at the dying form of trapper666 on main 9-6-2020, 10:09:06 PM
trapper666 (trapper666) said durochka 9-6-2020, 10:09:35 PM
franklin (franklin) said you 9-6-2020, 10:09:39 PM
Yarina logged in. 9-6-2020, 10:09:40 PM
franklin (franklin) said hey! 9-6-2020, 10:09:47 PM
Yarina disconnected 9-6-2020, 10:09:48 PM
franklin (franklin) said die! 9-6-2020, 10:09:52 PM
franklin (franklin) said триппер 9-6-2020, 10:10:00 PM
death: Well, trapper666 doesn't exist anymore. Looks to be that robot has ultimate victory. Clean up on main  9-6-2020, 10:11:55 PM
death: OK, let's see what else robot can do for trapper666 on main. I saw he killed them! 9-6-2020, 10:16:25 PM
trapper666 lost connection 9-6-2020, 10:17:16 PM
franklin disconnected 9-6-2020, 10:18:56 PM
death: trapper666 just mauled robot 9-6-2020, 10:18:58 PM
valentin logged in. 9-6-2020, 10:23:48 PM
death: Another one bites the dust! kirill4, have fun, I'm sure valentin is 9-6-2020, 10:28:59 PM
death: kirill4 has been terminated by valentin 9-6-2020, 10:29:13 PM
death: valentin just beat the shit out of kirill2 9-6-2020, 10:29:30 PM
death: Somebody call 9 1 1, oh wait, rain check. valentin gives no shits. Peace out, kirill1 9-6-2020, 10:29:31 PM
death: A new freshly killed blood of kirill4 lies now on kirill's_world, thanks valentin! 9-6-2020, 10:29:44 PM
death: and splat goes kirill1, with valentin standing over them with quite the smile 9-6-2020, 10:29:51 PM
death: kirill2 just got annihilated by valentin 9-6-2020, 10:29:58 PM
death: valentin just totaled kirill3's ass on kirill's_world 9-6-2020, 10:30:03 PM
death: kirill4, You have a murderer on line 1, go ahead valentin  9-6-2020, 10:30:21 PM
death: Rest  in piece, kirill4. We'll sure miss you, guess we can thank valentin for what they did. 9-6-2020, 10:30:25 PM
death: oy, where'd kirill3 go. Do you happen to know, valentin? 9-6-2020, 10:30:29 PM
death: valentin just put the smack down on kirill2 9-6-2020, 10:30:39 PM
death: kirill3, You have a murderer on line 1, go ahead valentin  9-6-2020, 10:30:45 PM
death: kirill4 really made a mess of valentin on the kirill's_world map.  9-6-2020, 10:30:51 PM
death: because of the villany of valentin, kirill4 will no longer have a beating heart again, because it is broken on the kirill's_world map.  9-6-2020, 10:31:11 PM
death: kirill3 has been terminated by valentin 9-6-2020, 10:31:19 PM
death: valentin just beat the shit out of kirill2 9-6-2020, 10:31:43 PM
death: valentin just put kirill1 6 feet under on kirill's_world 9-6-2020, 10:31:52 PM
death: Somebody call 9 1 1, oh wait, rain check. valentin gives no shits. Peace out, kirill4 9-6-2020, 10:31:59 PM
death: Anybody knows why kirill1 died? I know! kirill1 got owned by valentin! Where? On kirill's_world! 9-6-2020, 10:32:10 PM
death: OK, let's see what else valentin can do for kirill2 on kirill's_world. I saw he killed them! 9-6-2020, 10:32:14 PM
death: kirill4's head was blown apart and now valentin plays basketball today on map kirill's_world, up for a game? 9-6-2020, 10:32:34 PM
death: Oops? Man down! That man is kirill2. valentin isn't so kind on kirill's_world. 9-6-2020, 10:32:58 PM
death: kirill3 died. Why? Because valentin owned them on kirill's_world. 9-6-2020, 10:33:00 PM
death: kirill3 was nuked out of existance by valentin 9-6-2020, 10:33:11 PM
death: Rest  in piece, kirill4. We'll sure miss you, guess we can thank valentin for what they did. 9-6-2020, 10:33:21 PM
death: kirill2 was nuked out of existance by valentin 9-6-2020, 10:33:34 PM
death: Breaking news! Today, valentin killed kirill2 so easy on kirill's_world! isn't it a good news? 9-6-2020, 10:33:41 PM
death: kirill2 was totaled by valentin on map kirill's_world 9-6-2020, 10:33:46 PM
death: Man? what's this! kirill3 died? No! He's my friend! Or what... I mean, he's valentin's friend! But I still can't believe looking at how he killed them on kirill's_world. 9-6-2020, 10:34:01 PM
death: I think I just saw kirill2's corpse flying as valentin owned them on kirill's_world. 9-6-2020, 10:34:03 PM
death: valentin just completely and totally pulvarized kirill1 over here! 9-6-2020, 10:34:16 PM
death: oy, where'd valentin go. Do you happen to know, kirill3? 9-6-2020, 10:34:33 PM
valentin disconnected 9-6-2020, 10:35:10 PM
darkfrent logged in. 9-6-2020, 11:12:03 PM
death: Oops? Man down! That man is darkfrent. darkfrent's bullet bomb isn't so kind on safe zone. 9-6-2020, 11:15:15 PM
darkfrent disconnected 9-6-2020, 11:15:38 PM
Rinat logged in. 9-6-2020, 11:41:50 PM
death: Rinat was just obliterated by the force of wolf on cage 9-6-2020, 11:42:37 PM
death: wolf just got annihilated by Rinat 9-6-2020, 11:42:41 PM
Olegan logged in. 9-6-2020, 11:48:18 PM
death: A new corpse of coyote is flying on cage, because Rinat made this to happen! 9-6-2020, 11:48:26 PM
death: rabbit really made a mess of Rinat on the cage map.  9-6-2020, 11:48:32 PM
death: He shoots, he scores! rabbit's testicles went flying through the hoops on map cage. Rinat stands tall with quite the sinical smile. 9-6-2020, 11:48:34 PM
death: You know that particular element in physics where velocity increases as you fall? yeah, wolf learned that really fuckin quick, and we can thank Rinat. 9-6-2020, 11:49:11 PM
death: Rinat just put dog 6 feet under on cage 9-6-2020, 11:49:21 PM
death: coyote's head was blown apart and now Rinat plays basketball today on map cage, up for a game? 9-6-2020, 11:49:24 PM
death: glider just totaled Olegan's ass on zalp 9-6-2020, 11:50:06 PM
death: Rinat just condemned bear to hell! 9-6-2020, 11:50:06 PM
death: Rinat is so happy because he killed coyote on cage! 9-6-2020, 11:50:28 PM
death: hunter, You have a murderer on line 1, go ahead Rinat  9-6-2020, 11:51:34 PM
death: Olegan was just obliterated by the force of manager on zalp 9-6-2020, 11:51:35 PM
death: Rinat was given what was coming to them, thank you lion! 9-6-2020, 11:51:41 PM
Rinat disconnected 9-6-2020, 11:51:49 PM
death: You know that particular element in physics where velocity increases as you fall? yeah, Olegan learned that really fuckin quick, and we can thank pan. 9-6-2020, 11:54:11 PM
death: zombie just beat the shit out of Olegan 9-6-2020, 11:55:53 PM
death: a bloody corpse of zombie now lies on map zalp, thanks to Olegan 9-6-2020, 11:55:56 PM
death: Olegan died. Why? Because psycho owned them on zalp. 9-6-2020, 11:59:14 PM
Olegan disconnected 9-6-2020, 11:59:32 PM