
vadimka(vadimka) used a modern_sub_machine_gun_carbine 9-6-2020, 2:45:11 PM
vadimka(vadimka) used a hand_cannon 9-6-2020, 2:45:20 PM
vadimka(vadimka) used a cannon 9-6-2020, 2:45:24 PM
vadimka(vadimka) used a cannon 9-6-2020, 2:45:24 PM
vadimka(vadimka) used a cannon 9-6-2020, 2:45:25 PM
vadimka(vadimka) used a rpg7 9-6-2020, 2:45:42 PM
vadimka(vadimka) used a rocket_launcher 9-6-2020, 2:45:51 PM
vadimka(vadimka) used a hand_grenade 9-6-2020, 2:46:28 PM
vadimka(vadimka) used a hand_grenade 9-6-2020, 2:46:28 PM
vadimka(vadimka) used a hand_grenade 9-6-2020, 2:46:28 PM
vadimka(vadimka) used a hand_grenade 9-6-2020, 2:46:28 PM
vadimka(vadimka) used a hand_grenade 9-6-2020, 2:46:28 PM
vadimka(vadimka) used a hand_grenade 9-6-2020, 2:46:29 PM
vadimka(vadimka) used a hand_grenade 9-6-2020, 2:46:29 PM
vadimka(vadimka) used a hand_grenade 9-6-2020, 2:46:29 PM
vadimka(vadimka) used a hand_grenade 9-6-2020, 2:46:29 PM
vadimka(vadimka) used a hand_grenade 9-6-2020, 2:46:30 PM
vadimka(vadimka) used a hand_grenade 9-6-2020, 2:46:30 PM
vadimka(vadimka) used a hand_grenade 9-6-2020, 2:46:31 PM
vadimka(vadimka) used a hand_grenade 9-6-2020, 2:46:31 PM
vadimka(vadimka) used a hand_grenade 9-6-2020, 2:46:31 PM
vadimka(vadimka) used a health_drink 9-6-2020, 2:46:58 PM
vadimka(vadimka) used a health_drink 9-6-2020, 2:47:04 PM
vadimka(vadimka) used a guided_missile 9-6-2020, 2:47:13 PM
vadimka(vadimka) used a guided_missile 9-6-2020, 2:47:14 PM
vadimka(vadimka) used a hand_grenade 9-6-2020, 2:47:46 PM
vadimka(vadimka) used a hand_grenade 9-6-2020, 2:47:47 PM
vadimka(vadimka) used a hand_grenade 9-6-2020, 2:47:55 PM
vadimka(vadimka) used a hand_grenade 9-6-2020, 2:47:56 PM
vadimka(vadimka) used a hand_grenade 9-6-2020, 2:47:56 PM
vadimka(vadimka) used a hand_grenade 9-6-2020, 2:47:56 PM
vadimka(vadimka) used a hand_grenade 9-6-2020, 2:47:56 PM
vadimka(vadimka) used a hand_grenade 9-6-2020, 2:47:56 PM
vadimka(vadimka) used a hand_grenade 9-6-2020, 2:47:56 PM
vadimka(vadimka) used a hand_grenade 9-6-2020, 2:47:57 PM
vadimka(vadimka) used a hand_grenade 9-6-2020, 2:47:57 PM
vadimka(vadimka) used a shield 9-6-2020, 2:48:00 PM
vadimka(vadimka) used a shield 9-6-2020, 2:48:01 PM
vadimka(vadimka) used a shield 9-6-2020, 2:48:01 PM
vadimka(vadimka) used a shield 9-6-2020, 2:48:01 PM
vadimka(vadimka) used a shield 9-6-2020, 2:48:01 PM
vadimka(vadimka) used a shield 9-6-2020, 2:48:01 PM
vadimka(vadimka) used a shield 9-6-2020, 2:48:01 PM
vadimka(vadimka) used a shield 9-6-2020, 2:48:02 PM
vadimka(vadimka) used a shield 9-6-2020, 2:48:02 PM
vadimka(vadimka) used a shield 9-6-2020, 2:48:02 PM
vadimka(vadimka) used a shield 9-6-2020, 2:48:02 PM
vadimka(vadimka) used a shield 9-6-2020, 2:48:02 PM
vadimka(vadimka) used a shield 9-6-2020, 2:48:02 PM
vadimka(vadimka) used a shield 9-6-2020, 2:48:03 PM
vadimka(vadimka) used a shield 9-6-2020, 2:48:03 PM
vadimka(vadimka) used a shield 9-6-2020, 2:48:03 PM
vadimka(vadimka) used a shield 9-6-2020, 2:48:03 PM
vadimka(vadimka) used a shield 9-6-2020, 2:48:03 PM
vadimka(vadimka) used a shield 9-6-2020, 2:48:04 PM
vadimka(vadimka) used a shield 9-6-2020, 2:48:04 PM
vadimka(vadimka) used a shield 9-6-2020, 2:48:04 PM
vadimka(vadimka) used a shield 9-6-2020, 2:48:04 PM
vadimka(vadimka) used a shield 9-6-2020, 2:48:04 PM
vadimka(vadimka) used a shield 9-6-2020, 2:48:05 PM
vadimka(vadimka) used a shield 9-6-2020, 2:48:05 PM
vadimka(vadimka) used a shield 9-6-2020, 2:48:05 PM
vadimka(vadimka) used a shield 9-6-2020, 2:48:05 PM
vadimka(vadimka) used a health_drink 9-6-2020, 2:48:09 PM
vadimka(vadimka) used a health_drink 9-6-2020, 2:48:09 PM
vadimka(vadimka) used a health_drink 9-6-2020, 2:48:15 PM
vadimka(vadimka) used a hand_grenade 9-6-2020, 2:48:58 PM
vadimka(vadimka) used a hand_grenade 9-6-2020, 2:48:59 PM
vadimka(vadimka) used a hand_grenade 9-6-2020, 2:48:59 PM
vadimka(vadimka) used a health_drink 9-6-2020, 2:49:17 PM
vadimka(vadimka) used a health_drink 9-6-2020, 2:49:17 PM
vadimka(vadimka) used a hand_grenade 9-6-2020, 2:49:35 PM
vadimka(vadimka) used a hand_grenade 9-6-2020, 2:49:35 PM
vadimka(vadimka) used a shield 9-6-2020, 2:49:43 PM
vadimka(vadimka) used a shield 9-6-2020, 2:49:44 PM
vadimka(vadimka) used a shield 9-6-2020, 2:49:44 PM
vadimka(vadimka) used a shield 9-6-2020, 2:49:44 PM
vadimka(vadimka) used a shield 9-6-2020, 2:49:44 PM
vadimka(vadimka) used a health_drink 9-6-2020, 2:49:46 PM
vadimka(vadimka) used a health_drink 9-6-2020, 2:49:46 PM
vadimka(vadimka) used a health_drink 9-6-2020, 2:50:05 PM
vadimka(vadimka) used a health_drink 9-6-2020, 2:50:05 PM
vadimka(vadimka) used a health_drink 9-6-2020, 2:50:08 PM
vadimka(vadimka) used a health_drink 9-6-2020, 2:50:08 PM
vadimka(vadimka) used a health_drink 9-6-2020, 2:50:12 PM
vadimka(vadimka) used a health_drink 9-6-2020, 2:50:12 PM
vadimka(vadimka) used a health_drink 9-6-2020, 2:50:15 PM
vadimka(vadimka) used a health_drink 9-6-2020, 2:50:17 PM
vadimka(vadimka) used a health_drink 9-6-2020, 2:50:17 PM
vadimka(vadimka) used a concussive_grenade 9-6-2020, 2:50:25 PM
vadimka(vadimka) used a guided_missile 9-6-2020, 2:50:40 PM
vadimka(vadimka) used a concussive_grenade 9-6-2020, 2:50:46 PM
vadimka(vadimka) used a guided_missile 9-6-2020, 2:50:49 PM
vadimka(vadimka) used a guided_missile 9-6-2020, 2:50:54 PM
vadimka(vadimka) used a guided_missile 9-6-2020, 2:50:55 PM
vadimka(vadimka) used a guided_missile 9-6-2020, 2:50:55 PM
vadimka(vadimka) used a guided_missile 9-6-2020, 2:51:02 PM
vadimka(vadimka) used a guided_missile 9-6-2020, 2:51:26 PM
vadimka(vadimka) used a guided_missile 9-6-2020, 2:51:31 PM
vadimka(vadimka) used a guided_missile 9-6-2020, 2:51:31 PM
vadimka(vadimka) used a guided_missile 9-6-2020, 2:51:32 PM
vadimka(vadimka) used a guided_missile 9-6-2020, 2:51:32 PM
vadimka(vadimka) used a guided_missile 9-6-2020, 2:51:34 PM
vadimka(vadimka) used a guided_missile 9-6-2020, 2:51:49 PM
vadimka(vadimka) used a hand_grenade 9-6-2020, 2:52:01 PM
vadimka(vadimka) used a hand_grenade 9-6-2020, 2:52:02 PM
vadimka(vadimka) used a hand_grenade 9-6-2020, 2:52:02 PM
vadimka(vadimka) used a hand_grenade 9-6-2020, 2:52:02 PM
vadimka(vadimka) used a hand_grenade 9-6-2020, 2:52:02 PM
vadimka(vadimka) used a hand_grenade 9-6-2020, 2:52:02 PM
vadimka(vadimka) used a hand_grenade 9-6-2020, 2:52:03 PM
vadimka(vadimka) used a hand_grenade 9-6-2020, 2:52:04 PM
vadimka(vadimka) used a hand_grenade 9-6-2020, 2:52:04 PM
vadimka(vadimka) used a hand_grenade 9-6-2020, 2:52:04 PM
vadimka(vadimka) used a hand_grenade 9-6-2020, 2:52:04 PM
vadimka(vadimka) used a hand_grenade 9-6-2020, 2:52:04 PM
vadimka(vadimka) used a hand_grenade 9-6-2020, 2:52:08 PM
vadimka(vadimka) used a hand_grenade 9-6-2020, 2:52:09 PM
vadimka(vadimka) used a hand_grenade 9-6-2020, 2:52:14 PM
vadimka(vadimka) used a hand_grenade 9-6-2020, 2:52:26 PM
vadimka(vadimka) used a hand_grenade 9-6-2020, 2:52:26 PM
vadimka(vadimka) used a hand_grenade 9-6-2020, 2:52:26 PM
vadimka(vadimka) used a hand_grenade 9-6-2020, 2:52:27 PM
vadimka(vadimka) used a hand_grenade 9-6-2020, 2:52:28 PM
vadimka(vadimka) used a hand_grenade 9-6-2020, 2:52:28 PM
vadimka(vadimka) used a hand_grenade 9-6-2020, 2:52:28 PM
vadimka(vadimka) used a hand_grenade 9-6-2020, 2:52:28 PM
vadimka(vadimka) used a hand_grenade 9-6-2020, 2:52:29 PM
vadimka(vadimka) used a hand_grenade 9-6-2020, 2:52:29 PM
vadimka(vadimka) used a hand_grenade 9-6-2020, 2:52:29 PM
vadimka(vadimka) used a hand_grenade 9-6-2020, 2:52:29 PM
vadimka(vadimka) used a hand_grenade 9-6-2020, 2:52:29 PM
vadimka(vadimka) used a hand_grenade 9-6-2020, 2:52:29 PM
vadimka(vadimka) used a hand_grenade 9-6-2020, 2:52:30 PM
vadimka(vadimka) used a health_drink 9-6-2020, 2:52:33 PM
vadimka(vadimka) used a health_drink 9-6-2020, 2:52:33 PM
vadimka(vadimka) used a concussive_grenade 9-6-2020, 2:52:40 PM
vadimka(vadimka) used a health_drink 9-6-2020, 2:52:42 PM
vadimka(vadimka) used a health_drink 9-6-2020, 2:52:42 PM
vadimka(vadimka) used a health_drink 9-6-2020, 2:52:46 PM
vadimka(vadimka) used a health_drink 9-6-2020, 2:52:46 PM
vadimka(vadimka) used a shield 9-6-2020, 2:52:55 PM
vadimka(vadimka) used a shield 9-6-2020, 2:52:55 PM
vadimka(vadimka) used a shield 9-6-2020, 2:52:56 PM
vadimka(vadimka) used a shield 9-6-2020, 2:52:56 PM
vadimka(vadimka) used a shield 9-6-2020, 2:52:58 PM
vadimka(vadimka) used a shield 9-6-2020, 2:52:58 PM
vadimka(vadimka) used a shield 9-6-2020, 2:52:58 PM
vadimka(vadimka) used a shield 9-6-2020, 2:52:59 PM
vadimka(vadimka) used a shield 9-6-2020, 2:52:59 PM
vadimka(vadimka) used a shield 9-6-2020, 2:53:00 PM
vadimka(vadimka) used a shield 9-6-2020, 2:53:00 PM
vadimka(vadimka) used a shield 9-6-2020, 2:53:00 PM
vadimka(vadimka) used a shield 9-6-2020, 2:53:01 PM
vadimka(vadimka) used a shield 9-6-2020, 2:53:01 PM
vadimka(vadimka) used a shield 9-6-2020, 2:53:01 PM
vadimka(vadimka) used a shield 9-6-2020, 2:53:01 PM
vadimka(vadimka) used a shield 9-6-2020, 2:53:02 PM
vadimka(vadimka) used a shield 9-6-2020, 2:53:02 PM
vadimka(vadimka) used a shield 9-6-2020, 2:53:02 PM
vadimka(vadimka) used a shield 9-6-2020, 2:53:02 PM
vadimka(vadimka) used a shield 9-6-2020, 2:53:02 PM
vadimka(vadimka) used a shield 9-6-2020, 2:53:02 PM
vadimka(vadimka) used a shield 9-6-2020, 2:53:03 PM
vadimka(vadimka) used a shield 9-6-2020, 2:53:03 PM
vadimka(vadimka) used a shield 9-6-2020, 2:53:03 PM
vadimka(vadimka) used a health_drink 9-6-2020, 2:53:04 PM
vadimka(vadimka) used a health_drink 9-6-2020, 2:53:04 PM
vadimka(vadimka) used a guided_missile 9-6-2020, 2:53:10 PM
vadimka(vadimka) used a guided_missile 9-6-2020, 2:53:14 PM
vadimka(vadimka) used a guided_missile 9-6-2020, 2:53:15 PM
vadimka(vadimka) used a guided_missile 9-6-2020, 2:53:16 PM
vadimka(vadimka) used a guided_missile 9-6-2020, 2:53:17 PM
vadimka(vadimka) used a hand_grenade 9-6-2020, 2:53:26 PM
vadimka(vadimka) used a hand_grenade 9-6-2020, 2:53:26 PM
vadimka(vadimka) used a hand_grenade 9-6-2020, 2:53:27 PM
vadimka(vadimka) used a hand_grenade 9-6-2020, 2:53:28 PM
vadimka(vadimka) used a hand_grenade 9-6-2020, 2:53:28 PM
vadimka(vadimka) used a hand_grenade 9-6-2020, 2:53:28 PM
vadimka(vadimka) used a hand_grenade 9-6-2020, 2:53:29 PM
vadimka(vadimka) used a hand_grenade 9-6-2020, 2:53:29 PM
vadimka(vadimka) used a hand_grenade 9-6-2020, 2:53:29 PM
vadimka(vadimka) used a hand_grenade 9-6-2020, 2:53:29 PM
vadimka(vadimka) used a hand_grenade 9-6-2020, 2:53:30 PM
vadimka(vadimka) used a hand_grenade 9-6-2020, 2:53:30 PM
vadimka(vadimka) used a hand_grenade 9-6-2020, 2:53:30 PM
vadimka(vadimka) used a hand_grenade 9-6-2020, 2:53:30 PM
vadimka(vadimka) used a hand_grenade 9-6-2020, 2:53:30 PM
vadimka(vadimka) used a hand_grenade 9-6-2020, 2:53:31 PM
vadimka(vadimka) used a hand_grenade 9-6-2020, 2:53:31 PM
vadimka(vadimka) used a hand_grenade 9-6-2020, 2:53:31 PM
vadimka(vadimka) used a hand_grenade 9-6-2020, 2:53:31 PM
vadimka(vadimka) used a hand_grenade 9-6-2020, 2:53:33 PM
vadimka(vadimka) used a hand_grenade 9-6-2020, 2:53:34 PM
vadimka(vadimka) used a hand_grenade 9-6-2020, 2:53:34 PM
vadimka(vadimka) used a hand_grenade 9-6-2020, 2:53:35 PM
vadimka(vadimka) used a hand_grenade 9-6-2020, 2:53:35 PM
vadimka(vadimka) used a hand_grenade 9-6-2020, 2:53:36 PM
vadimka(vadimka) used a hand_grenade 9-6-2020, 2:53:36 PM
vadimka(vadimka) used a hand_grenade 9-6-2020, 2:53:36 PM
vadimka(vadimka) used a hand_grenade 9-6-2020, 2:53:36 PM
vadimka(vadimka) used a hand_grenade 9-6-2020, 2:53:36 PM
vadimka(vadimka) used a hand_grenade 9-6-2020, 2:53:36 PM
vadimka(vadimka) used a hand_grenade 9-6-2020, 2:53:37 PM
vadimka(vadimka) used a hand_grenade 9-6-2020, 2:53:37 PM
vadimka(vadimka) used a hand_grenade 9-6-2020, 2:53:37 PM
vadimka(vadimka) used a hand_grenade 9-6-2020, 2:53:37 PM
vadimka(vadimka) used a hand_grenade 9-6-2020, 2:53:37 PM
vadimka(vadimka) used a hand_grenade 9-6-2020, 2:53:37 PM
vadimka(vadimka) used a hand_grenade 9-6-2020, 2:53:38 PM
vadimka(vadimka) used a hand_grenade 9-6-2020, 2:53:38 PM
vadimka(vadimka) used a hand_grenade 9-6-2020, 2:53:38 PM
vadimka(vadimka) used a hand_grenade 9-6-2020, 2:53:38 PM
vadimka(vadimka) used a hand_grenade 9-6-2020, 2:53:38 PM
vadimka(vadimka) used a hand_grenade 9-6-2020, 2:53:38 PM
vadimka(vadimka) used a hand_grenade 9-6-2020, 2:53:38 PM
vadimka(vadimka) used a hand_grenade 9-6-2020, 2:53:39 PM
vadimka(vadimka) used a hand_grenade 9-6-2020, 2:53:39 PM
vadimka(vadimka) used a hand_grenade 9-6-2020, 2:53:39 PM
vadimka(vadimka) used a hand_grenade 9-6-2020, 2:53:39 PM
vadimka(vadimka) used a shield 9-6-2020, 2:53:43 PM
vadimka(vadimka) used a shield 9-6-2020, 2:53:44 PM
vadimka(vadimka) used a shield 9-6-2020, 2:53:46 PM
vadimka(vadimka) used a shield 9-6-2020, 2:53:46 PM
vadimka(vadimka) used a shield 9-6-2020, 2:53:46 PM
vadimka(vadimka) used a shield 9-6-2020, 2:53:47 PM
vadimka(vadimka) used a shield 9-6-2020, 2:53:47 PM
vadimka(vadimka) used a concussive_grenade 9-6-2020, 2:53:49 PM
vadimka(vadimka) used a concussive_grenade 9-6-2020, 2:53:50 PM
vadimka(vadimka) used a shield 9-6-2020, 2:53:52 PM
vadimka(vadimka) used a shield 9-6-2020, 2:53:52 PM
vadimka(vadimka) used a shield 9-6-2020, 2:53:52 PM
vadimka(vadimka) used a shield 9-6-2020, 2:53:53 PM
vadimka(vadimka) used a shield 9-6-2020, 2:53:53 PM
vadimka(vadimka) used a shield 9-6-2020, 2:53:53 PM
vadimka(vadimka) used a shield 9-6-2020, 2:53:53 PM
vadimka(vadimka) used a shield 9-6-2020, 2:53:53 PM
vadimka(vadimka) used a shield 9-6-2020, 2:53:54 PM
vadimka(vadimka) used a shield 9-6-2020, 2:53:54 PM
vadimka(vadimka) used a health_drink 9-6-2020, 2:53:54 PM
vadimka(vadimka) used a health_drink 9-6-2020, 2:53:55 PM
vadimka(vadimka) used a hand_grenade 9-6-2020, 2:54:21 PM
vadimka(vadimka) used a health_drink 9-6-2020, 2:54:24 PM
vadimka(vadimka) used a health_drink 9-6-2020, 2:54:24 PM
vadimka(vadimka) used a health_drink 9-6-2020, 2:54:31 PM
vadimka(vadimka) used a health_drink 9-6-2020, 2:54:31 PM
vadimka(vadimka) used a hand_grenade 9-6-2020, 2:54:46 PM
vadimka(vadimka) used a hand_grenade 9-6-2020, 2:54:46 PM
vadimka(vadimka) used a hand_grenade 9-6-2020, 2:54:59 PM
vadimka(vadimka) used a hand_grenade 9-6-2020, 2:54:59 PM
vadimka(vadimka) used a carrier_missile 9-6-2020, 2:55:34 PM
vadimka(vadimka) used a hand_grenade 9-6-2020, 2:55:49 PM
vadimka(vadimka) used a hand_grenade 9-6-2020, 2:55:50 PM
vadimka(vadimka) used a guided_missile 9-6-2020, 2:55:59 PM
vadimka(vadimka) used a missile_interceptor 9-6-2020, 2:56:47 PM
vadimka(vadimka) used a missile_interceptor 9-6-2020, 2:57:00 PM
vadimka(vadimka) used a guided_missile 9-6-2020, 2:57:16 PM
vadimka(vadimka) used a health_drink 9-6-2020, 2:57:17 PM
vadimka(vadimka) used a health_drink 9-6-2020, 2:57:17 PM
vadimka(vadimka) used a carrier_missile 9-6-2020, 2:57:27 PM
vadimka(vadimka) used a missile_interceptor 9-6-2020, 2:57:43 PM
vadimka(vadimka) used a missile_interceptor 9-6-2020, 2:58:01 PM
vadimka(vadimka) used a health_drink 9-6-2020, 2:58:04 PM
vadimka(vadimka) used a health_drink 9-6-2020, 2:58:05 PM
vadimka(vadimka) used a health_drink 9-6-2020, 2:58:10 PM
vadimka(vadimka) used a health_drink 9-6-2020, 2:58:10 PM
vadimka(vadimka) used a health_drink 9-6-2020, 2:58:20 PM
vadimka(vadimka) used a health_drink 9-6-2020, 2:58:20 PM
vadimka(vadimka) used a carrier_missile 9-6-2020, 2:58:22 PM
vadimka(vadimka) used a missile_interceptor 9-6-2020, 2:58:28 PM
vadimka(vadimka) used a health_drink 9-6-2020, 2:58:30 PM
vadimka(vadimka) used a health_drink 9-6-2020, 2:58:30 PM
vadimka(vadimka) used a health_drink 9-6-2020, 2:58:32 PM
vadimka(vadimka) used a missile_interceptor 9-6-2020, 2:58:34 PM
vadimka(vadimka) used a health_drink 9-6-2020, 2:58:38 PM
vadimka(vadimka) used a health_drink 9-6-2020, 2:58:38 PM
vadimka(vadimka) used a missile_interceptor 9-6-2020, 2:58:41 PM
vadimka(vadimka) used a hand_grenade 9-6-2020, 2:58:42 PM
vadimka(vadimka) used a hand_grenade 9-6-2020, 2:58:42 PM
vadimka(vadimka) used a hand_grenade 9-6-2020, 2:58:43 PM
vadimka(vadimka) used a hand_grenade 9-6-2020, 2:58:43 PM
vadimka(vadimka) used a hand_grenade 9-6-2020, 2:58:43 PM
vadimka(vadimka) used a hand_grenade 9-6-2020, 2:58:44 PM
vadimka(vadimka) used a hand_grenade 9-6-2020, 2:58:44 PM
vadimka(vadimka) used a hand_grenade 9-6-2020, 2:58:44 PM
vadimka(vadimka) used a hand_grenade 9-6-2020, 2:58:44 PM
vadimka(vadimka) used a hand_grenade 9-6-2020, 2:58:44 PM
vadimka(vadimka) used a hand_grenade 9-6-2020, 2:58:45 PM
vadimka(vadimka) used a hand_grenade 9-6-2020, 2:58:45 PM
vadimka(vadimka) used a hand_grenade 9-6-2020, 2:58:45 PM
vadimka(vadimka) used a hand_grenade 9-6-2020, 2:58:45 PM
vadimka(vadimka) used a hand_grenade 9-6-2020, 2:58:45 PM
vadimka(vadimka) used a hand_grenade 9-6-2020, 2:58:45 PM
vadimka(vadimka) used a hand_grenade 9-6-2020, 2:58:46 PM
vadimka(vadimka) used a missile_interceptor 9-6-2020, 2:58:50 PM
vadimka(vadimka) used a missile_interceptor 9-6-2020, 2:58:50 PM
vadimka(vadimka) used a hand_grenade 9-6-2020, 2:58:57 PM
vadimka(vadimka) used a hand_grenade 9-6-2020, 2:58:57 PM
vadimka(vadimka) used a hand_grenade 9-6-2020, 2:58:57 PM
vadimka(vadimka) used a hand_grenade 9-6-2020, 2:58:57 PM
vadimka(vadimka) used a hand_grenade 9-6-2020, 2:58:57 PM
vadimka(vadimka) used a missile_interceptor 9-6-2020, 2:58:59 PM
vadimka(vadimka) used a hand_grenade 9-6-2020, 2:59:03 PM
vadimka(vadimka) used a hand_grenade 9-6-2020, 2:59:04 PM
vadimka(vadimka) used a hand_grenade 9-6-2020, 2:59:04 PM
vadimka(vadimka) used a health_drink 9-6-2020, 2:59:09 PM
vadimka(vadimka) used a health_drink 9-6-2020, 2:59:10 PM
vadimka(vadimka) used a missile_interceptor 9-6-2020, 2:59:11 PM
vadimka(vadimka) used a health_drink 9-6-2020, 2:59:14 PM
vadimka(vadimka) used a health_drink 9-6-2020, 2:59:14 PM
vadimka(vadimka) used a health_drink 9-6-2020, 2:59:19 PM
vadimka(vadimka) used a health_drink 9-6-2020, 2:59:19 PM
vadimka(vadimka) used a health_drink 9-6-2020, 2:59:22 PM
vadimka(vadimka) used a health_drink 9-6-2020, 2:59:22 PM
vadimka(vadimka) used a missile_interceptor 9-6-2020, 2:59:27 PM
vadimka(vadimka) used a health_drink 9-6-2020, 2:59:29 PM
vadimka(vadimka) used a health_drink 9-6-2020, 2:59:30 PM
vadimka(vadimka) used a shield 9-6-2020, 2:59:31 PM
vadimka(vadimka) used a shield 9-6-2020, 2:59:32 PM
vadimka(vadimka) used a carrier_missile 9-6-2020, 2:59:35 PM
vadimka(vadimka) used a missile_interceptor 9-6-2020, 2:59:36 PM
vadimka(vadimka) used a shield 9-6-2020, 2:59:51 PM
vadimka(vadimka) used a shield 9-6-2020, 2:59:52 PM
vadimka(vadimka) used a shield 9-6-2020, 2:59:52 PM
vadimka(vadimka) used a shield 9-6-2020, 2:59:52 PM
vadimka(vadimka) used a shield 9-6-2020, 2:59:52 PM
vadimka(vadimka) used a shield 9-6-2020, 2:59:52 PM
vadimka(vadimka) used a shield 9-6-2020, 2:59:52 PM
vadimka(vadimka) used a shield 9-6-2020, 2:59:53 PM
vadimka(vadimka) used a shield 9-6-2020, 2:59:53 PM
vadimka(vadimka) used a shield 9-6-2020, 3:00:08 PM
vadimka(vadimka) used a shield 9-6-2020, 3:00:08 PM
vadimka(vadimka) used a shield 9-6-2020, 3:00:08 PM
vadimka(vadimka) used a shield 9-6-2020, 3:00:08 PM
vadimka(vadimka) used a shield 9-6-2020, 3:00:08 PM
vadimka(vadimka) used a shield 9-6-2020, 3:00:09 PM
vadimka(vadimka) used a shield 9-6-2020, 3:00:09 PM
vadimka(vadimka) used a shield 9-6-2020, 3:00:09 PM
vadimka(vadimka) used a shield 9-6-2020, 3:00:11 PM
vadimka(vadimka) used a shield 9-6-2020, 3:00:11 PM
vadimka(vadimka) used a shield 9-6-2020, 3:00:12 PM
vadimka(vadimka) used a shield 9-6-2020, 3:00:12 PM
vadimka(vadimka) used a shield 9-6-2020, 3:00:12 PM
vadimka(vadimka) used a shield 9-6-2020, 3:00:12 PM
vadimka(vadimka) used a shield 9-6-2020, 3:00:13 PM
vadimka(vadimka) used a shield 9-6-2020, 3:00:13 PM
vadimka(vadimka) used a shield 9-6-2020, 3:00:13 PM
vadimka(vadimka) used a shield 9-6-2020, 3:00:13 PM
vadimka(vadimka) used a shield 9-6-2020, 3:00:13 PM
vadimka(vadimka) used a shield 9-6-2020, 3:00:14 PM
vadimka(vadimka) used a health_drink 9-6-2020, 3:00:19 PM
vadimka(vadimka) used a health_drink 9-6-2020, 3:00:19 PM
vadimka(vadimka) used a health_drink 9-6-2020, 3:00:20 PM
vadimka(vadimka) used a health_drink 9-6-2020, 3:00:26 PM
vadimka(vadimka) used a health_drink 9-6-2020, 3:00:26 PM
vadimka(vadimka) used a health_drink 9-6-2020, 3:00:26 PM
vadimka(vadimka) used a health_drink 9-6-2020, 3:00:30 PM
vadimka(vadimka) used a health_drink 9-6-2020, 3:00:31 PM
vadimka(vadimka) used a health_drink 9-6-2020, 3:00:34 PM
vadimka(vadimka) used a health_drink 9-6-2020, 3:00:34 PM
vadimka(vadimka) used a health_drink 9-6-2020, 3:00:37 PM
vadimka(vadimka) used a health_drink 9-6-2020, 3:00:37 PM
vadimka(vadimka) used a health_drink 9-6-2020, 3:00:47 PM
vadimka(vadimka) used a health_drink 9-6-2020, 3:00:47 PM
vadimka(vadimka) used a health_drink 9-6-2020, 3:00:51 PM
vadimka(vadimka) used a health_drink 9-6-2020, 3:00:51 PM
vadimka(vadimka) used a health_drink 9-6-2020, 3:01:08 PM
vadimka(vadimka) used a health_drink 9-6-2020, 3:01:08 PM
vadimka(vadimka) used a cyanide_pistol 9-6-2020, 3:01:13 PM
vadimka(vadimka) used a suicide_bomb 9-6-2020, 3:01:45 PM
vadimka(vadimka) used a suicide_bomb 9-6-2020, 3:01:46 PM
vadimka(vadimka) used a health_drink 9-6-2020, 3:01:53 PM
vadimka(vadimka) used a health_drink 9-6-2020, 3:01:53 PM
vadimka(vadimka) used a carrier_missile 9-6-2020, 3:02:06 PM
vadimka(vadimka) used a health_drink 9-6-2020, 3:02:19 PM
vadimka(vadimka) used a health_drink 9-6-2020, 3:02:19 PM
vadimka(vadimka) used a health_drink 9-6-2020, 3:02:34 PM
vadimka(vadimka) used a health_drink 9-6-2020, 3:02:35 PM
vadimka(vadimka) used a health_drink 9-6-2020, 3:02:39 PM
vadimka(vadimka) used a health_drink 9-6-2020, 3:02:39 PM
vadimka(vadimka) used a missile_interceptor 9-6-2020, 3:03:00 PM
vadimka(vadimka) used a concussive_grenade 9-6-2020, 3:03:05 PM
vadimka(vadimka) used a guided_missile 9-6-2020, 3:03:08 PM
vadimka(vadimka) used a guided_missile 9-6-2020, 3:03:13 PM
vadimka(vadimka) used a guided_missile 9-6-2020, 3:03:14 PM
vadimka(vadimka) used a guided_missile 9-6-2020, 3:03:14 PM
vadimka(vadimka) used a guided_missile 9-6-2020, 3:03:15 PM
vadimka(vadimka) used a missile_interceptor 9-6-2020, 3:03:22 PM
vadimka(vadimka) used a health_drink 9-6-2020, 3:03:24 PM
vadimka(vadimka) used a health_drink 9-6-2020, 3:03:24 PM
vadimka(vadimka) used a health_drink 9-6-2020, 3:03:25 PM
vadimka(vadimka) used a health_drink 9-6-2020, 3:03:25 PM
vadimka(vadimka) used a health_drink 9-6-2020, 3:03:26 PM
vadimka(vadimka) used a health_drink 9-6-2020, 3:03:26 PM
vadimka(vadimka) used a guided_missile 9-6-2020, 3:03:26 PM
vadimka(vadimka) used a health_drink 9-6-2020, 3:03:30 PM
vadimka(vadimka) used a health_drink 9-6-2020, 3:03:31 PM
vadimka(vadimka) used a health_drink 9-6-2020, 3:03:46 PM
vadimka(vadimka) used a health_drink 9-6-2020, 3:03:46 PM
vadimka(vadimka) used a guided_missile 9-6-2020, 3:03:47 PM
vadimka(vadimka) used a concussive_grenade 9-6-2020, 3:04:27 PM
vadimka(vadimka) used a guided_missile 9-6-2020, 3:04:32 PM
vadimka(vadimka) used a health_drink 9-6-2020, 3:04:36 PM
vadimka(vadimka) used a guided_missile 9-6-2020, 3:04:38 PM
vadimka(vadimka) used a guided_missile 9-6-2020, 3:04:38 PM
vadimka(vadimka) used a guided_missile 9-6-2020, 3:04:39 PM
vadimka(vadimka) used a hand_grenade 9-6-2020, 3:05:17 PM
vadimka(vadimka) used a hand_grenade 9-6-2020, 3:05:17 PM
vadimka(vadimka) used a concussive_grenade 9-6-2020, 3:06:00 PM
vadimka(vadimka) used a guided_missile 9-6-2020, 3:06:03 PM
vadimka(vadimka) used a guided_missile 9-6-2020, 3:06:11 PM
vadimka(vadimka) used a hand_grenade 9-6-2020, 3:06:29 PM
vadimka(vadimka) used a hand_grenade 9-6-2020, 3:06:29 PM
vadimka(vadimka) used a hand_grenade 9-6-2020, 3:06:29 PM
vadimka(vadimka) used a concussive_grenade 9-6-2020, 3:06:54 PM
vadimka(vadimka) used a concussive_grenade 9-6-2020, 3:06:54 PM
vadimka(vadimka) used a guided_missile 9-6-2020, 3:06:59 PM
vadimka(vadimka) used a guided_missile 9-6-2020, 3:07:04 PM
vadimka(vadimka) used a guided_missile 9-6-2020, 3:07:05 PM
vadimka(vadimka) used a guided_missile 9-6-2020, 3:07:05 PM
vadimka(vadimka) used a guided_missile 9-6-2020, 3:07:06 PM
vadimka(vadimka) used a guided_missile 9-6-2020, 3:07:06 PM
vadimka(vadimka) used a hand_grenade 9-6-2020, 3:07:42 PM
vadimka(vadimka) used a hand_grenade 9-6-2020, 3:07:42 PM
vadimka(vadimka) used a hand_grenade 9-6-2020, 3:07:42 PM
vadimka(vadimka) used a hand_grenade 9-6-2020, 3:07:42 PM
vadimka(vadimka) used a hand_grenade 9-6-2020, 3:07:42 PM
vadimka(vadimka) used a hand_grenade 9-6-2020, 3:07:43 PM
vadimka(vadimka) used a hand_grenade 9-6-2020, 3:07:43 PM
vadimka(vadimka) used a hand_grenade 9-6-2020, 3:07:43 PM
vadimka(vadimka) used a hand_grenade 9-6-2020, 3:07:44 PM
vadimka(vadimka) used a hand_grenade 9-6-2020, 3:07:44 PM
vadimka(vadimka) used a hand_grenade 9-6-2020, 3:07:44 PM
vadimka(vadimka) used a hand_grenade 9-6-2020, 3:07:45 PM
vadimka(vadimka) used a hand_grenade 9-6-2020, 3:07:45 PM
vadimka(vadimka) used a hand_grenade 9-6-2020, 3:07:45 PM
vadimka(vadimka) used a hand_grenade 9-6-2020, 3:07:45 PM
vadimka(vadimka) used a hand_grenade 9-6-2020, 3:07:45 PM
vadimka(vadimka) used a hand_grenade 9-6-2020, 3:07:46 PM
vadimka(vadimka) used a hand_grenade 9-6-2020, 3:07:46 PM
vadimka(vadimka) used a hand_grenade 9-6-2020, 3:07:46 PM
vadimka(vadimka) used a hand_grenade 9-6-2020, 3:07:46 PM
vadimka(vadimka) used a hand_grenade 9-6-2020, 3:07:46 PM
vadimka(vadimka) used a hand_grenade 9-6-2020, 3:07:47 PM
vadimka(vadimka) used a hand_grenade 9-6-2020, 3:07:47 PM
vadimka(vadimka) used a hand_grenade 9-6-2020, 3:07:47 PM
vadimka(vadimka) used a hand_grenade 9-6-2020, 3:07:47 PM
vadimka(vadimka) used a hand_grenade 9-6-2020, 3:07:48 PM
vadimka(vadimka) used a hand_grenade 9-6-2020, 3:07:48 PM
vadimka(vadimka) used a hand_grenade 9-6-2020, 3:07:48 PM
vadimka(vadimka) used a hand_grenade 9-6-2020, 3:07:48 PM
vadimka(vadimka) used a hand_grenade 9-6-2020, 3:07:48 PM
vadimka(vadimka) used a hand_grenade 9-6-2020, 3:07:49 PM
vadimka(vadimka) used a hand_grenade 9-6-2020, 3:07:49 PM
vadimka(vadimka) used a health_drink 9-6-2020, 3:08:00 PM
vadimka(vadimka) used a health_drink 9-6-2020, 3:08:00 PM
vadimka(vadimka) used a health_drink 9-6-2020, 3:08:06 PM
vadimka(vadimka) used a health_drink 9-6-2020, 3:08:06 PM
vadimka(vadimka) used a health_drink 9-6-2020, 3:08:10 PM
vadimka(vadimka) used a health_drink 9-6-2020, 3:08:11 PM
vadimka(vadimka) used a health_drink 9-6-2020, 3:09:08 PM
vadimka(vadimka) used a health_drink 9-6-2020, 3:09:08 PM
vadimka(vadimka) used a health_drink 9-6-2020, 3:09:11 PM
vadimka(vadimka) used a health_drink 9-6-2020, 3:09:11 PM
vadimka(vadimka) used a health_drink 9-6-2020, 3:09:11 PM
vadimka(vadimka) used a health_drink 9-6-2020, 3:09:12 PM
vadimka(vadimka) used a hand_grenade 9-6-2020, 3:10:02 PM
vadimka(vadimka) used a hand_grenade 9-6-2020, 3:10:02 PM
vadimka(vadimka) used a hand_grenade 9-6-2020, 3:10:03 PM
vadimka(vadimka) used a hand_grenade 9-6-2020, 3:10:03 PM
vadimka(vadimka) used a hand_grenade 9-6-2020, 3:10:03 PM
vadimka(vadimka) used a hand_grenade 9-6-2020, 3:10:03 PM
vadimka(vadimka) used a hand_grenade 9-6-2020, 3:10:03 PM
vadimka(vadimka) used a hand_grenade 9-6-2020, 3:10:04 PM
vadimka(vadimka) used a hand_grenade 9-6-2020, 3:10:04 PM
vadimka(vadimka) used a hand_grenade 9-6-2020, 3:10:04 PM
vadimka(vadimka) used a hand_grenade 9-6-2020, 3:11:10 PM
vadimka(vadimka) used a hand_grenade 9-6-2020, 3:11:11 PM
vadimka(vadimka) used a hand_grenade 9-6-2020, 3:11:11 PM
vadimka(vadimka) used a hand_grenade 9-6-2020, 3:11:11 PM
vadimka(vadimka) used a hand_grenade 9-6-2020, 3:11:11 PM
vadimka(vadimka) used a wirebomb 9-6-2020, 3:11:13 PM
vadimka(vadimka) used a concussive_grenade 9-6-2020, 3:11:14 PM
vadimka(vadimka) used a health_drink 9-6-2020, 3:11:17 PM
vadimka(vadimka) used a health_drink 9-6-2020, 3:11:17 PM
vadimka(vadimka) used a health_drink 9-6-2020, 3:11:23 PM
vadimka(vadimka) used a health_drink 9-6-2020, 3:11:23 PM
vadimka(vadimka) used a concussive_grenade 9-6-2020, 3:11:25 PM
vadimka(vadimka) used a concussive_grenade 9-6-2020, 3:11:30 PM
vadimka(vadimka) used a guided_missile 9-6-2020, 3:11:44 PM
vadimka(vadimka) used a guided_missile 9-6-2020, 3:11:50 PM
vadimka(vadimka) used a guided_missile 9-6-2020, 3:11:50 PM
vadimka(vadimka) used a guided_missile 9-6-2020, 3:11:51 PM
vadimka(vadimka) used a guided_missile 9-6-2020, 3:11:51 PM
vadimka(vadimka) used a guided_missile 9-6-2020, 3:11:51 PM
vadimka(vadimka) used a guided_missile 9-6-2020, 3:11:52 PM
vadimka(vadimka) used a guided_missile 9-6-2020, 3:11:58 PM
vadimka(vadimka) used a guided_missile 9-6-2020, 3:11:59 PM
vadimka(vadimka) used a hand_grenade 9-6-2020, 3:12:12 PM
vadimka(vadimka) used a hand_grenade 9-6-2020, 3:12:12 PM
vadimka(vadimka) used a hand_grenade 9-6-2020, 3:12:12 PM
vadimka(vadimka) used a hand_grenade 9-6-2020, 3:12:13 PM
vadimka(vadimka) used a hand_grenade 9-6-2020, 3:12:13 PM
vadimka(vadimka) used a hand_grenade 9-6-2020, 3:12:13 PM
vadimka(vadimka) used a wirebomb 9-6-2020, 3:12:14 PM
vadimka(vadimka) used a wirebomb 9-6-2020, 3:12:14 PM
vadimka(vadimka) used a concussive_grenade 9-6-2020, 3:12:15 PM
vadimka(vadimka) used a concussive_grenade 9-6-2020, 3:12:15 PM
vadimka(vadimka) used a shield 9-6-2020, 3:12:25 PM
vadimka(vadimka) used a shield 9-6-2020, 3:12:25 PM
vadimka(vadimka) used a shield 9-6-2020, 3:12:26 PM
vadimka(vadimka) used a shield 9-6-2020, 3:12:28 PM
vadimka(vadimka) used a shield 9-6-2020, 3:12:28 PM
vadimka(vadimka) used a shield 9-6-2020, 3:12:28 PM
vadimka(vadimka) used a shield 9-6-2020, 3:12:29 PM
vadimka(vadimka) used a shield 9-6-2020, 3:12:29 PM
vadimka(vadimka) used a shield 9-6-2020, 3:12:29 PM
vadimka(vadimka) used a shield 9-6-2020, 3:12:30 PM
vadimka(vadimka) used a shield 9-6-2020, 3:12:30 PM
vadimka(vadimka) used a shield 9-6-2020, 3:12:31 PM
vadimka(vadimka) used a shield 9-6-2020, 3:12:33 PM
vadimka(vadimka) used a shield 9-6-2020, 3:12:33 PM
vadimka(vadimka) used a shield 9-6-2020, 3:12:33 PM
vadimka(vadimka) used a shield 9-6-2020, 3:12:34 PM
vadimka(vadimka) used a shield 9-6-2020, 3:12:34 PM
vadimka(vadimka) used a shield 9-6-2020, 3:12:34 PM
vadimka(vadimka) used a shield 9-6-2020, 3:12:34 PM
vadimka(vadimka) used a shield 9-6-2020, 3:12:34 PM
vadimka(vadimka) used a shield 9-6-2020, 3:12:34 PM
vadimka(vadimka) used a shield 9-6-2020, 3:12:35 PM
vadimka(vadimka) used a shield 9-6-2020, 3:12:35 PM
vadimka(vadimka) used a shield 9-6-2020, 3:12:35 PM
vadimka(vadimka) used a shield 9-6-2020, 3:12:35 PM
vadimka(vadimka) used a shield 9-6-2020, 3:12:38 PM
vadimka(vadimka) used a shield 9-6-2020, 3:12:38 PM
vadimka(vadimka) used a shield 9-6-2020, 3:12:38 PM
vadimka(vadimka) used a shield 9-6-2020, 3:12:39 PM
vadimka(vadimka) used a shield 9-6-2020, 3:12:39 PM
vadimka(vadimka) used a shield 9-6-2020, 3:12:39 PM
vadimka(vadimka) used a shield 9-6-2020, 3:12:39 PM
vadimka(vadimka) used a concussive_grenade 9-6-2020, 3:12:41 PM
vadimka(vadimka) used a concussive_grenade 9-6-2020, 3:12:42 PM
vadimka(vadimka) used a concussive_grenade 9-6-2020, 3:12:48 PM
vadimka(vadimka) used a concussive_grenade 9-6-2020, 3:12:48 PM
vadimka(vadimka) used a shield 9-6-2020, 3:12:51 PM
vadimka(vadimka) used a shield 9-6-2020, 3:12:52 PM
vadimka(vadimka) used a guided_missile 9-6-2020, 3:12:53 PM
vadimka(vadimka) used a shield 9-6-2020, 3:12:57 PM
vadimka(vadimka) used a shield 9-6-2020, 3:12:57 PM
vadimka(vadimka) used a concussive_grenade 9-6-2020, 3:13:00 PM
vadimka(vadimka) used a concussive_grenade 9-6-2020, 3:13:01 PM
vadimka(vadimka) used a shield 9-6-2020, 3:13:05 PM
vadimka(vadimka) used a guided_missile 9-6-2020, 3:13:06 PM
vadimka(vadimka) used a shield 9-6-2020, 3:13:17 PM
vadimka(vadimka) used a shield 9-6-2020, 3:13:17 PM
vadimka(vadimka) used a shield 9-6-2020, 3:13:18 PM
vadimka(vadimka) used a shield 9-6-2020, 3:13:18 PM
vadimka(vadimka) used a shield 9-6-2020, 3:13:19 PM
vadimka(vadimka) used a shield 9-6-2020, 3:13:19 PM
vadimka(vadimka) used a shield 9-6-2020, 3:13:19 PM
vadimka(vadimka) used a shield 9-6-2020, 3:13:19 PM
vadimka(vadimka) used a shield 9-6-2020, 3:13:19 PM
vadimka(vadimka) used a shield 9-6-2020, 3:13:19 PM
vadimka(vadimka) used a shield 9-6-2020, 3:13:20 PM
vadimka(vadimka) used a shield 9-6-2020, 3:13:20 PM
vadimka(vadimka) used a shield 9-6-2020, 3:13:23 PM
vadimka(vadimka) used a shield 9-6-2020, 3:13:24 PM
vadimka(vadimka) used a shield 9-6-2020, 3:13:24 PM
vadimka(vadimka) used a shield 9-6-2020, 3:13:24 PM
vadimka(vadimka) used a shield 9-6-2020, 3:13:24 PM
vadimka(vadimka) used a shield 9-6-2020, 3:13:24 PM
vadimka(vadimka) used a shield 9-6-2020, 3:13:24 PM
vadimka(vadimka) used a shield 9-6-2020, 3:13:25 PM
vadimka(vadimka) used a shield 9-6-2020, 3:13:25 PM
vadimka(vadimka) used a shield 9-6-2020, 3:13:25 PM
vadimka(vadimka) used a shield 9-6-2020, 3:13:25 PM
vadimka(vadimka) used a shield 9-6-2020, 3:13:25 PM
vadimka(vadimka) used a shield 9-6-2020, 3:13:25 PM
vadimka(vadimka) used a shield 9-6-2020, 3:13:26 PM
vadimka(vadimka) used a shield 9-6-2020, 3:13:26 PM
vadimka(vadimka) used a shield 9-6-2020, 3:13:26 PM
vadimka(vadimka) used a shield 9-6-2020, 3:13:28 PM
vadimka(vadimka) used a shield 9-6-2020, 3:13:28 PM
vadimka(vadimka) used a shield 9-6-2020, 3:13:28 PM
vadimka(vadimka) used a shield 9-6-2020, 3:13:28 PM
vadimka(vadimka) used a shield 9-6-2020, 3:13:29 PM
vadimka(vadimka) used a hand_grenade 9-6-2020, 3:13:37 PM
vadimka(vadimka) used a hand_grenade 9-6-2020, 3:13:38 PM
vadimka(vadimka) used a hand_grenade 9-6-2020, 3:13:38 PM
vadimka(vadimka) used a hand_grenade 9-6-2020, 3:13:38 PM
vadimka(vadimka) used a hand_grenade 9-6-2020, 3:13:38 PM
vadimka(vadimka) used a hand_grenade 9-6-2020, 3:13:38 PM
vadimka(vadimka) used a hand_grenade 9-6-2020, 3:13:38 PM
vadimka(vadimka) used a hand_grenade 9-6-2020, 3:13:39 PM
vadimka(vadimka) used a hand_grenade 9-6-2020, 3:13:39 PM
vadimka(vadimka) used a hand_grenade 9-6-2020, 3:13:39 PM
vadimka(vadimka) used a hand_grenade 9-6-2020, 3:13:39 PM
vadimka(vadimka) used a hand_grenade 9-6-2020, 3:13:39 PM
vadimka(vadimka) used a hand_grenade 9-6-2020, 3:13:39 PM
vadimka(vadimka) used a hand_grenade 9-6-2020, 3:13:39 PM
vadimka(vadimka) used a hand_grenade 9-6-2020, 3:13:40 PM
vadimka(vadimka) used a hand_grenade 9-6-2020, 3:13:40 PM
vadimka(vadimka) used a hand_grenade 9-6-2020, 3:13:40 PM
vadimka(vadimka) used a hand_grenade 9-6-2020, 3:13:40 PM
vadimka(vadimka) used a hand_grenade 9-6-2020, 3:13:40 PM
vadimka(vadimka) used a hand_grenade 9-6-2020, 3:13:40 PM
vadimka(vadimka) used a hand_grenade 9-6-2020, 3:13:41 PM
vadimka(vadimka) used a hand_grenade 9-6-2020, 3:13:41 PM
vadimka(vadimka) used a hand_grenade 9-6-2020, 3:13:41 PM
vadimka(vadimka) used a hand_grenade 9-6-2020, 3:13:41 PM
vadimka(vadimka) used a hand_grenade 9-6-2020, 3:13:41 PM
vadimka(vadimka) used a hand_grenade 9-6-2020, 3:13:41 PM
vadimka(vadimka) used a hand_grenade 9-6-2020, 3:13:42 PM
vadimka(vadimka) used a hand_grenade 9-6-2020, 3:13:42 PM
vadimka(vadimka) used a hand_grenade 9-6-2020, 3:13:42 PM
vadimka(vadimka) used a hand_grenade 9-6-2020, 3:13:42 PM
vadimka(vadimka) used a health_drink 9-6-2020, 3:13:51 PM
vadimka(vadimka) used a health_drink 9-6-2020, 3:13:51 PM
vadimka(vadimka) used a shield 9-6-2020, 3:14:02 PM
vadimka(vadimka) used a shield 9-6-2020, 3:14:02 PM
vadimka(vadimka) used a shield 9-6-2020, 3:14:03 PM
vadimka(vadimka) used a shield 9-6-2020, 3:14:06 PM
vadimka(vadimka) used a shield 9-6-2020, 3:14:06 PM
vadimka(vadimka) used a shield 9-6-2020, 3:14:10 PM
vadimka(vadimka) used a shield 9-6-2020, 3:14:10 PM
vadimka(vadimka) used a shield 9-6-2020, 3:14:10 PM
vadimka(vadimka) used a shield 9-6-2020, 3:14:11 PM
vadimka(vadimka) used a shield 9-6-2020, 3:14:11 PM
vadimka(vadimka) used a shield 9-6-2020, 3:14:11 PM
vadimka(vadimka) used a shield 9-6-2020, 3:14:11 PM
vadimka(vadimka) used a shield 9-6-2020, 3:14:11 PM
vadimka(vadimka) used a shield 9-6-2020, 3:14:12 PM
vadimka(vadimka) used a shield 9-6-2020, 3:14:12 PM
vadimka(vadimka) used a shield 9-6-2020, 3:14:12 PM
vadimka(vadimka) used a shield 9-6-2020, 3:14:12 PM
vadimka(vadimka) used a shield 9-6-2020, 3:14:12 PM
vadimka(vadimka) used a shield 9-6-2020, 3:14:13 PM
vadimka(vadimka) used a shield 9-6-2020, 3:14:13 PM
vadimka(vadimka) used a shield 9-6-2020, 3:14:13 PM
vadimka(vadimka) used a shield 9-6-2020, 3:14:13 PM
vadimka(vadimka) used a shield 9-6-2020, 3:14:13 PM
vadimka(vadimka) used a shield 9-6-2020, 3:14:14 PM
vadimka(vadimka) used a shield 9-6-2020, 3:14:14 PM
vadimka(vadimka) used a shield 9-6-2020, 3:14:14 PM
vadimka(vadimka) used a shield 9-6-2020, 3:14:14 PM
vadimka(vadimka) used a shield 9-6-2020, 3:14:14 PM
vadimka(vadimka) used a shield 9-6-2020, 3:14:15 PM
vadimka(vadimka) used a shield 9-6-2020, 3:14:15 PM
vadimka(vadimka) used a shield 9-6-2020, 3:14:15 PM
vadimka(vadimka) used a shield 9-6-2020, 3:14:15 PM
vadimka(vadimka) used a shield 9-6-2020, 3:14:15 PM
vadimka(vadimka) used a shield 9-6-2020, 3:14:16 PM
vadimka(vadimka) used a shield 9-6-2020, 3:14:16 PM
vadimka(vadimka) used a shield 9-6-2020, 3:14:16 PM
vadimka(vadimka) used a health_drink 9-6-2020, 3:14:20 PM
vadimka(vadimka) used a health_drink 9-6-2020, 3:14:20 PM
vadimka(vadimka) used a health_drink 9-6-2020, 3:14:57 PM
vadimka(vadimka) used a health_drink 9-6-2020, 3:14:57 PM
vadimka(vadimka) used a carrier_missile 9-6-2020, 3:15:50 PM
vadimka(vadimka) used a hand_grenade 9-6-2020, 3:15:53 PM
vadimka(vadimka) used a hand_grenade 9-6-2020, 3:15:53 PM
vadimka(vadimka) used a hand_grenade 9-6-2020, 3:15:53 PM
vadimka(vadimka) used a hand_grenade 9-6-2020, 3:15:53 PM
vadimka(vadimka) used a hand_grenade 9-6-2020, 3:15:53 PM
vadimka(vadimka) used a carrier_missile 9-6-2020, 3:16:14 PM
vadimka(vadimka) used a health_drink 9-6-2020, 3:16:34 PM
vadimka(vadimka) used a health_drink 9-6-2020, 3:16:34 PM
vadimka(vadimka) used a health_drink 9-6-2020, 3:16:41 PM
vadimka(vadimka) used a health_drink 9-6-2020, 3:16:42 PM
vadimka(vadimka) used a hand_grenade 9-6-2020, 3:17:15 PM
vadimka(vadimka) used a hand_grenade 9-6-2020, 3:17:48 PM
vadimka(vadimka) used a hand_grenade 9-6-2020, 3:17:48 PM
vadimka(vadimka) used a hand_grenade 9-6-2020, 3:17:49 PM
vadimka(vadimka) used a hand_grenade 9-6-2020, 3:17:49 PM
vadimka(vadimka) used a hand_grenade 9-6-2020, 3:17:49 PM
vadimka(vadimka) used a hand_grenade 9-6-2020, 3:17:49 PM
vadimka(vadimka) used a hand_grenade 9-6-2020, 3:17:49 PM
vadimka(vadimka) used a hand_grenade 9-6-2020, 3:17:50 PM
vadimka(vadimka) used a hand_grenade 9-6-2020, 3:17:50 PM
vadimka(vadimka) used a hand_grenade 9-6-2020, 3:17:50 PM
vadimka(vadimka) used a hand_grenade 9-6-2020, 3:17:50 PM
vadimka(vadimka) used a hand_grenade 9-6-2020, 3:17:50 PM
vadimka(vadimka) used a hand_grenade 9-6-2020, 3:17:50 PM
vadimka(vadimka) used a hand_grenade 9-6-2020, 3:17:51 PM
vadimka(vadimka) used a hand_grenade 9-6-2020, 3:17:51 PM
vadimka(vadimka) used a hand_grenade 9-6-2020, 3:18:38 PM
vadimka(vadimka) used a hand_grenade 9-6-2020, 3:18:38 PM
vadimka(vadimka) used a hand_grenade 9-6-2020, 3:18:38 PM
vadimka(vadimka) used a hand_grenade 9-6-2020, 3:18:39 PM
vadimka(vadimka) used a hand_grenade 9-6-2020, 3:18:39 PM
vadimka(vadimka) used a hand_grenade 9-6-2020, 3:18:39 PM
vadimka(vadimka) used a hand_grenade 9-6-2020, 3:18:39 PM
vadimka(vadimka) used a hand_grenade 9-6-2020, 3:18:39 PM
vadimka(vadimka) used a hand_grenade 9-6-2020, 3:18:39 PM
vadimka(vadimka) used a shield 9-6-2020, 3:18:49 PM
vadimka(vadimka) used a shield 9-6-2020, 3:18:50 PM
vadimka(vadimka) used a shield 9-6-2020, 3:18:54 PM
vadimka(vadimka) used a shield 9-6-2020, 3:18:54 PM
vadimka(vadimka) used a shield 9-6-2020, 3:18:55 PM
vadimka(vadimka) used a shield 9-6-2020, 3:18:55 PM
vadimka(vadimka) used a shield 9-6-2020, 3:18:55 PM
vadimka(vadimka) used a shield 9-6-2020, 3:18:55 PM
vadimka(vadimka) used a shield 9-6-2020, 3:18:59 PM
vadimka(vadimka) used a shield 9-6-2020, 3:19:00 PM
vadimka(vadimka) used a shield 9-6-2020, 3:19:00 PM
vadimka(vadimka) used a shield 9-6-2020, 3:19:00 PM
vadimka(vadimka) used a shield 9-6-2020, 3:19:00 PM
vadimka(vadimka) used a shield 9-6-2020, 3:19:00 PM
vadimka(vadimka) used a shield 9-6-2020, 3:19:00 PM
vadimka(vadimka) used a shield 9-6-2020, 3:19:01 PM
vadimka(vadimka) used a shield 9-6-2020, 3:19:01 PM
vadimka(vadimka) used a shield 9-6-2020, 3:19:01 PM
vadimka(vadimka) used a shield 9-6-2020, 3:19:01 PM
vadimka(vadimka) used a shield 9-6-2020, 3:19:01 PM
vadimka(vadimka) used a shield 9-6-2020, 3:19:01 PM
vadimka(vadimka) used a shield 9-6-2020, 3:19:02 PM
vadimka(vadimka) used a shield 9-6-2020, 3:19:02 PM
vadimka(vadimka) used a armored_tank 9-6-2020, 3:19:57 PM
vadimka(vadimka) used a hand_grenade 9-6-2020, 3:22:53 PM
vadimka(vadimka) used a hand_grenade 9-6-2020, 3:23:00 PM
vadimka(vadimka) used a hand_grenade 9-6-2020, 3:23:00 PM
vadimka(vadimka) used a hand_grenade 9-6-2020, 3:23:00 PM
vadimka(vadimka) used a hand_grenade 9-6-2020, 3:23:13 PM
vadimka(vadimka) used a hand_grenade 9-6-2020, 3:23:14 PM
vadimka(vadimka) used a hand_grenade 9-6-2020, 3:23:14 PM
vadimka(vadimka) used a hand_grenade 9-6-2020, 3:23:14 PM
vadimka(vadimka) used a hand_grenade 9-6-2020, 3:23:14 PM
vadimka(vadimka) used a hand_grenade 9-6-2020, 3:23:14 PM
vadimka(vadimka) used a hand_grenade 9-6-2020, 3:23:14 PM
vadimka(vadimka) used a hand_grenade 9-6-2020, 3:23:14 PM
vadimka(vadimka) used a hand_grenade 9-6-2020, 3:23:15 PM
vadimka(vadimka) used a hand_grenade 9-6-2020, 3:23:15 PM
vadimka(vadimka) used a hand_grenade 9-6-2020, 3:23:15 PM
vadimka(vadimka) used a hand_grenade 9-6-2020, 3:23:15 PM
vadimka(vadimka) used a hand_grenade 9-6-2020, 3:23:15 PM
vadimka(vadimka) used a hand_grenade 9-6-2020, 3:23:15 PM
vadimka(vadimka) used a hand_grenade 9-6-2020, 3:23:20 PM
vadimka(vadimka) used a shield 9-6-2020, 3:23:28 PM
vadimka(vadimka) used a shield 9-6-2020, 3:23:28 PM
vadimka(vadimka) used a shield 9-6-2020, 3:23:28 PM
vadimka(vadimka) used a shield 9-6-2020, 3:23:29 PM
vadimka(vadimka) used a shield 9-6-2020, 3:23:29 PM
vadimka(vadimka) used a shield 9-6-2020, 3:23:29 PM
vadimka(vadimka) used a shield 9-6-2020, 3:23:29 PM
vadimka(vadimka) used a shield 9-6-2020, 3:23:29 PM
vadimka(vadimka) used a shield 9-6-2020, 3:23:29 PM
vadimka(vadimka) used a shield 9-6-2020, 3:23:30 PM
vadimka(vadimka) used a shield 9-6-2020, 3:23:30 PM
vadimka(vadimka) used a shield 9-6-2020, 3:23:30 PM
vadimka(vadimka) used a shield 9-6-2020, 3:23:30 PM
vadimka(vadimka) used a shield 9-6-2020, 3:23:30 PM
vadimka(vadimka) used a shield 9-6-2020, 3:23:31 PM
vadimka(vadimka) used a shield 9-6-2020, 3:23:31 PM
vadimka(vadimka) used a shield 9-6-2020, 3:23:31 PM
vadimka(vadimka) used a shield 9-6-2020, 3:23:31 PM
vadimka(vadimka) used a shield 9-6-2020, 3:23:31 PM
vadimka(vadimka) used a shield 9-6-2020, 3:23:32 PM
vadimka(vadimka) used a shield 9-6-2020, 3:23:32 PM
vadimka(vadimka) used a shield 9-6-2020, 3:23:32 PM
vadimka(vadimka) used a shield 9-6-2020, 3:23:32 PM
vadimka(vadimka) used a shield 9-6-2020, 3:23:33 PM
vadimka(vadimka) used a shield 9-6-2020, 3:23:33 PM
vadimka(vadimka) used a shield 9-6-2020, 3:23:33 PM
vadimka(vadimka) used a shield 9-6-2020, 3:23:33 PM
vadimka(vadimka) used a shield 9-6-2020, 3:23:34 PM
vadimka(vadimka) used a hand_grenade 9-6-2020, 3:23:53 PM
vadimka(vadimka) used a hand_grenade 9-6-2020, 3:23:55 PM
vadimka(vadimka) used a hand_grenade 9-6-2020, 3:23:56 PM
vadimka(vadimka) used a hand_grenade 9-6-2020, 3:23:56 PM
vadimka(vadimka) used a hand_grenade 9-6-2020, 3:23:56 PM
vadimka(vadimka) used a hand_grenade 9-6-2020, 3:23:57 PM
vadimka(vadimka) used a hand_grenade 9-6-2020, 3:23:57 PM
vadimka(vadimka) used a hand_grenade 9-6-2020, 3:23:59 PM
vadimka(vadimka) used a hand_grenade 9-6-2020, 3:23:59 PM
vadimka(vadimka) used a hand_grenade 9-6-2020, 3:23:59 PM
vadimka(vadimka) used a hand_grenade 9-6-2020, 3:24:00 PM
vadimka(vadimka) used a hand_grenade 9-6-2020, 3:24:00 PM
vadimka(vadimka) used a hand_grenade 9-6-2020, 3:24:00 PM
vadimka(vadimka) used a hand_grenade 9-6-2020, 3:24:00 PM
vadimka(vadimka) used a hand_grenade 9-6-2020, 3:24:00 PM
vadimka(vadimka) used a shield 9-6-2020, 3:24:04 PM
vadimka(vadimka) used a shield 9-6-2020, 3:24:04 PM
vadimka(vadimka) used a shield 9-6-2020, 3:24:04 PM
vadimka(vadimka) used a shield 9-6-2020, 3:24:05 PM
vadimka(vadimka) used a shield 9-6-2020, 3:24:05 PM
vadimka(vadimka) used a hand_grenade 9-6-2020, 3:24:18 PM
vadimka(vadimka) used a hand_grenade 9-6-2020, 3:24:18 PM
vadimka(vadimka) used a hand_grenade 9-6-2020, 3:24:19 PM
vadimka(vadimka) used a hand_grenade 9-6-2020, 3:24:19 PM
vadimka(vadimka) used a hand_grenade 9-6-2020, 3:24:19 PM
vadimka(vadimka) used a hand_grenade 9-6-2020, 3:24:19 PM
vadimka(vadimka) used a health_drink 9-6-2020, 3:24:22 PM
vadimka(vadimka) used a health_drink 9-6-2020, 3:24:22 PM
vadimka(vadimka) used a health_drink 9-6-2020, 3:24:22 PM
vadimka(vadimka) used a hand_grenade 9-6-2020, 3:24:46 PM
vadimka(vadimka) used a hand_grenade 9-6-2020, 3:24:46 PM
vadimka(vadimka) used a shield 9-6-2020, 3:24:56 PM
vadimka(vadimka) used a health_drink 9-6-2020, 3:24:57 PM
vadimka(vadimka) used a health_drink 9-6-2020, 3:24:57 PM
vadimka(vadimka) used a carrier_missile 9-6-2020, 3:26:01 PM
vadimka(vadimka) used a hand_grenade 9-6-2020, 3:26:15 PM
vadimka(vadimka) used a hand_grenade 9-6-2020, 3:26:16 PM
vadimka(vadimka) used a hand_grenade 9-6-2020, 3:26:16 PM
vadimka(vadimka) used a hand_grenade 9-6-2020, 3:26:16 PM
vadimka(vadimka) used a hand_grenade 9-6-2020, 3:26:16 PM
vadimka(vadimka) used a hand_grenade 9-6-2020, 3:26:17 PM
vadimka(vadimka) used a hand_grenade 9-6-2020, 3:26:52 PM
vadimka(vadimka) used a hand_grenade 9-6-2020, 3:26:52 PM
vadimka(vadimka) used a hand_grenade 9-6-2020, 3:26:52 PM
vadimka(vadimka) used a hand_grenade 9-6-2020, 3:26:52 PM
vadimka(vadimka) used a hand_grenade 9-6-2020, 3:26:53 PM
vadimka(vadimka) used a hand_grenade 9-6-2020, 3:26:53 PM
vadimka(vadimka) used a hand_grenade 9-6-2020, 3:26:53 PM
vadimka(vadimka) used a hand_grenade 9-6-2020, 3:26:53 PM
vadimka(vadimka) used a hand_grenade 9-6-2020, 3:26:53 PM
vadimka(vadimka) used a hand_grenade 9-6-2020, 3:26:54 PM
vadimka(vadimka) used a hand_grenade 9-6-2020, 3:26:54 PM
vadimka(vadimka) used a hand_grenade 9-6-2020, 3:26:54 PM
vadimka(vadimka) used a hand_grenade 9-6-2020, 3:26:54 PM
vadimka(vadimka) used a hand_grenade 9-6-2020, 3:26:54 PM
vadimka(vadimka) used a shield 9-6-2020, 3:26:57 PM
vadimka(vadimka) used a shield 9-6-2020, 3:26:57 PM
vadimka(vadimka) used a shield 9-6-2020, 3:26:57 PM
vadimka(vadimka) used a shield 9-6-2020, 3:26:58 PM
vadimka(vadimka) used a shield 9-6-2020, 3:26:58 PM
vadimka(vadimka) used a health_drink 9-6-2020, 3:26:58 PM
vadimka(vadimka) used a health_drink 9-6-2020, 3:26:59 PM
vadimka(vadimka) used a health_drink 9-6-2020, 3:27:07 PM
vadimka(vadimka) used a health_drink 9-6-2020, 3:27:07 PM
vadimka(vadimka) used a armored_tank 9-6-2020, 3:27:24 PM
vadimka(vadimka) used a carrier_missile 9-6-2020, 3:28:02 PM
vadimka(vadimka) used a hand_grenade 9-6-2020, 3:28:09 PM
vadimka(vadimka) used a hand_grenade 9-6-2020, 3:28:09 PM
vadimka(vadimka) used a hand_grenade 9-6-2020, 3:28:24 PM
vadimka(vadimka) used a hand_grenade 9-6-2020, 3:28:24 PM
vadimka(vadimka) used a hand_grenade 9-6-2020, 3:28:24 PM
vadimka(vadimka) used a hand_grenade 9-6-2020, 3:28:35 PM
vadimka(vadimka) used a hand_grenade 9-6-2020, 3:28:36 PM
vadimka(vadimka) used a hand_grenade 9-6-2020, 3:28:36 PM
vadimka(vadimka) used a hand_grenade 9-6-2020, 3:28:36 PM
vadimka(vadimka) used a hand_grenade 9-6-2020, 3:28:36 PM
vadimka(vadimka) used a hand_grenade 9-6-2020, 3:28:37 PM
vadimka(vadimka) used a hand_grenade 9-6-2020, 3:28:37 PM
vadimka(vadimka) used a hand_grenade 9-6-2020, 3:28:37 PM
vadimka(vadimka) used a hand_grenade 9-6-2020, 3:28:37 PM
vadimka(vadimka) used a hand_grenade 9-6-2020, 3:28:37 PM
vadimka(vadimka) used a hand_grenade 9-6-2020, 3:28:37 PM
vadimka(vadimka) used a hand_grenade 9-6-2020, 3:28:37 PM
vadimka(vadimka) used a hand_grenade 9-6-2020, 3:28:38 PM
vadimka(vadimka) used a missile_interceptor 9-6-2020, 3:28:43 PM
vadimka(vadimka) used a missile_interceptor 9-6-2020, 3:28:44 PM
vadimka(vadimka) used a hand_grenade 9-6-2020, 3:29:04 PM
vadimka(vadimka) used a hand_grenade 9-6-2020, 3:29:04 PM
vadimka(vadimka) used a hand_grenade 9-6-2020, 3:29:05 PM
vadimka(vadimka) used a hand_grenade 9-6-2020, 3:29:44 PM
vadimka(vadimka) used a hand_grenade 9-6-2020, 3:29:44 PM
vadimka(vadimka) used a hand_grenade 9-6-2020, 3:29:44 PM
vadimka(vadimka) used a hand_grenade 9-6-2020, 3:29:44 PM
vadimka(vadimka) used a hand_grenade 9-6-2020, 3:29:44 PM
vadimka(vadimka) used a hand_grenade 9-6-2020, 3:29:44 PM
vadimka(vadimka) used a hand_grenade 9-6-2020, 3:29:58 PM
vadimka(vadimka) used a hand_grenade 9-6-2020, 3:29:58 PM
vadimka(vadimka) used a hand_grenade 9-6-2020, 3:29:58 PM
vadimka(vadimka) used a hand_grenade 9-6-2020, 3:29:58 PM
vadimka(vadimka) used a hand_grenade 9-6-2020, 3:29:58 PM
vadimka(vadimka) used a hand_grenade 9-6-2020, 3:29:59 PM
vadimka(vadimka) used a hand_grenade 9-6-2020, 3:29:59 PM
vadimka(vadimka) used a health_drink 9-6-2020, 3:30:12 PM
vadimka(vadimka) used a health_drink 9-6-2020, 3:30:12 PM
vadimka(vadimka) used a missile_interceptor 9-6-2020, 3:30:27 PM
vadimka(vadimka) used a carrier_missile 9-6-2020, 3:30:31 PM
vadimka(vadimka) used a missile_interceptor 9-6-2020, 3:31:03 PM
vadimka(vadimka) used a aircraft 9-6-2020, 3:31:45 PM
vadimka(vadimka) used a hand_grenade 9-6-2020, 3:32:19 PM
vadimka(vadimka) used a hand_grenade 9-6-2020, 3:32:20 PM
vadimka(vadimka) used a hand_grenade 9-6-2020, 3:32:22 PM
vadimka(vadimka) used a hand_grenade 9-6-2020, 3:32:22 PM
vadimka(vadimka) used a hand_grenade 9-6-2020, 3:32:22 PM
vadimka(vadimka) used a hand_grenade 9-6-2020, 3:32:22 PM
vadimka(vadimka) used a hand_grenade 9-6-2020, 3:32:22 PM
vadimka(vadimka) used a hand_grenade 9-6-2020, 3:32:23 PM
vadimka(vadimka) used a hand_grenade 9-6-2020, 3:32:23 PM
vadimka(vadimka) used a hand_grenade 9-6-2020, 3:32:23 PM
vadimka(vadimka) used a hand_grenade 9-6-2020, 3:32:23 PM
vadimka(vadimka) used a hand_grenade 9-6-2020, 3:32:23 PM
vadimka(vadimka) used a health_drink 9-6-2020, 3:32:25 PM
vadimka(vadimka) used a health_drink 9-6-2020, 3:32:25 PM
vadimka(vadimka) used a health_drink 9-6-2020, 3:32:26 PM
vadimka(vadimka) used a health_drink 9-6-2020, 3:32:26 PM
vadimka(vadimka) used a health_drink 9-6-2020, 3:32:28 PM
vadimka(vadimka) used a health_drink 9-6-2020, 3:32:28 PM
vadimka(vadimka) used a health_drink 9-6-2020, 3:32:38 PM
vadimka(vadimka) used a health_drink 9-6-2020, 3:32:39 PM
vadimka(vadimka) used a health_drink 9-6-2020, 3:32:42 PM
vadimka(vadimka) used a health_drink 9-6-2020, 3:32:42 PM
vadimka(vadimka) used a health_drink 9-6-2020, 4:11:11 PM
vadimka(vadimka) used a health_drink 9-6-2020, 4:11:15 PM
vadimka(vadimka) used a health_drink 9-6-2020, 4:11:16 PM
vadimka(vadimka) used a health_drink 9-6-2020, 4:11:18 PM
vadimka(vadimka) used a health_drink 9-6-2020, 4:11:18 PM
vadimka(vadimka) used a health_drink 9-6-2020, 4:11:19 PM
vadimka(vadimka) used a health_drink 9-6-2020, 4:11:19 PM
vadimka(vadimka) used a health_drink 9-6-2020, 4:11:25 PM
vadimka(vadimka) used a modern_sub_machine_gun_carbine 9-6-2020, 4:11:34 PM
vadimka(vadimka) used a health_drink 9-6-2020, 4:11:37 PM
vadimka(vadimka) used a health_drink 9-6-2020, 4:11:38 PM
vadimka(vadimka) used a health_drink 9-6-2020, 4:11:40 PM
vadimka(vadimka) used a health_drink 9-6-2020, 4:11:41 PM
vadimka(vadimka) used a hand_cannon 9-6-2020, 4:11:49 PM
vadimka(vadimka) used a cannon 9-6-2020, 4:12:00 PM
vadimka(vadimka) used a rpg7 9-6-2020, 4:12:12 PM
vadimka(vadimka) used a rocket_launcher 9-6-2020, 4:12:22 PM
vadimka(vadimka) used a cyanide_pistol 9-6-2020, 4:12:32 PM
vadimka(vadimka) used a cyanide_pistol 9-6-2020, 4:12:57 PM
vadimka(vadimka) used a hand_grenade 9-6-2020, 4:14:27 PM
vadimka(vadimka) used a hand_grenade 9-6-2020, 4:14:27 PM
vadimka(vadimka) used a hand_grenade 9-6-2020, 4:14:27 PM
vadimka(vadimka) used a hand_grenade 9-6-2020, 4:14:27 PM
vadimka(vadimka) used a hand_grenade 9-6-2020, 4:14:27 PM
vadimka(vadimka) used a hand_grenade 9-6-2020, 4:14:27 PM
vadimka(vadimka) used a hand_grenade 9-6-2020, 4:14:27 PM
vadimka(vadimka) used a hand_grenade 9-6-2020, 4:14:28 PM
vadimka(vadimka) used a hand_grenade 9-6-2020, 4:14:30 PM
vadimka(vadimka) used a hand_grenade 9-6-2020, 4:14:30 PM
vadimka(vadimka) used a hand_grenade 9-6-2020, 4:14:31 PM
vadimka(vadimka) used a hand_grenade 9-6-2020, 4:14:31 PM
vadimka(vadimka) used a hand_grenade 9-6-2020, 4:14:31 PM
vadimka(vadimka) used a hand_grenade 9-6-2020, 4:14:31 PM
vadimka(vadimka) used a hand_grenade 9-6-2020, 4:14:31 PM
vadimka(vadimka) used a hand_grenade 9-6-2020, 4:14:31 PM
vadimka(vadimka) used a hand_grenade 9-6-2020, 4:14:32 PM
vadimka(vadimka) used a hand_grenade 9-6-2020, 4:14:32 PM
vadimka(vadimka) used a hand_grenade 9-6-2020, 4:14:32 PM
vadimka(vadimka) used a hand_grenade 9-6-2020, 4:14:32 PM
vadimka(vadimka) used a hand_grenade 9-6-2020, 4:14:32 PM
vadimka(vadimka) used a hand_grenade 9-6-2020, 4:14:32 PM
vadimka(vadimka) used a hand_grenade 9-6-2020, 4:14:32 PM
vadimka(vadimka) used a hand_grenade 9-6-2020, 4:14:33 PM
vadimka(vadimka) used a hand_grenade 9-6-2020, 4:14:33 PM
vadimka(vadimka) used a hand_grenade 9-6-2020, 4:14:33 PM
vadimka(vadimka) used a hand_grenade 9-6-2020, 4:14:33 PM
vadimka(vadimka) used a shield 9-6-2020, 4:14:38 PM
vadimka(vadimka) used a shield 9-6-2020, 4:14:38 PM
vadimka(vadimka) used a health_drink 9-6-2020, 4:14:39 PM
vadimka(vadimka) used a health_drink 9-6-2020, 4:14:39 PM
vadimka(vadimka) used a shield 9-6-2020, 4:14:44 PM
vadimka(vadimka) used a shield 9-6-2020, 4:14:44 PM
vadimka(vadimka) used a shield 9-6-2020, 4:14:47 PM
vadimka(vadimka) used a shield 9-6-2020, 4:14:48 PM
vadimka(vadimka) used a shield 9-6-2020, 4:14:50 PM
vadimka(vadimka) used a shield 9-6-2020, 4:14:50 PM
vadimka(vadimka) used a shield 9-6-2020, 4:14:54 PM
vadimka(vadimka) used a shield 9-6-2020, 4:14:55 PM
vadimka(vadimka) used a shield 9-6-2020, 4:14:56 PM
vadimka(vadimka) used a shield 9-6-2020, 4:14:57 PM
vadimka(vadimka) used a shield 9-6-2020, 4:14:57 PM
vadimka(vadimka) used a shield 9-6-2020, 4:14:57 PM
vadimka(vadimka) used a shield 9-6-2020, 4:14:57 PM
vadimka(vadimka) used a shield 9-6-2020, 4:14:57 PM
vadimka(vadimka) used a shield 9-6-2020, 4:14:57 PM
vadimka(vadimka) used a shield 9-6-2020, 4:14:58 PM
vadimka(vadimka) used a shield 9-6-2020, 4:14:58 PM
vadimka(vadimka) used a shield 9-6-2020, 4:14:58 PM
vadimka(vadimka) used a shield 9-6-2020, 4:14:58 PM
vadimka(vadimka) used a shield 9-6-2020, 4:14:59 PM
vadimka(vadimka) used a shield 9-6-2020, 4:14:59 PM
vadimka(vadimka) used a shield 9-6-2020, 4:14:59 PM
vadimka(vadimka) used a shield 9-6-2020, 4:14:59 PM
vadimka(vadimka) used a shield 9-6-2020, 4:14:59 PM
vadimka(vadimka) used a shield 9-6-2020, 4:14:59 PM
vadimka(vadimka) used a shield 9-6-2020, 4:15:00 PM
vadimka(vadimka) used a shield 9-6-2020, 4:15:00 PM
vadimka(vadimka) used a shield 9-6-2020, 4:15:00 PM
vadimka(vadimka) used a shield 9-6-2020, 4:15:00 PM
vadimka(vadimka) used a shield 9-6-2020, 4:15:00 PM
vadimka(vadimka) used a shield 9-6-2020, 4:15:01 PM
vadimka(vadimka) used a shield 9-6-2020, 4:15:01 PM
vadimka(vadimka) used a shield 9-6-2020, 4:15:01 PM
vadimka(vadimka) used a shield 9-6-2020, 4:15:01 PM
vadimka(vadimka) used a shield 9-6-2020, 4:15:02 PM
vadimka(vadimka) used a shield 9-6-2020, 4:15:02 PM
vadimka(vadimka) used a health_drink 9-6-2020, 4:15:02 PM
vadimka(vadimka) used a hand_grenade 9-6-2020, 4:15:11 PM
vadimka(vadimka) used a hand_grenade 9-6-2020, 4:15:11 PM
vadimka(vadimka) used a hand_grenade 9-6-2020, 4:15:12 PM
vadimka(vadimka) used a hand_grenade 9-6-2020, 4:15:12 PM
vadimka(vadimka) used a hand_grenade 9-6-2020, 4:15:12 PM
vadimka(vadimka) used a hand_grenade 9-6-2020, 4:15:12 PM
vadimka(vadimka) used a hand_grenade 9-6-2020, 4:15:12 PM
vadimka(vadimka) used a health_drink 9-6-2020, 4:15:23 PM
vadimka(vadimka) used a health_drink 9-6-2020, 4:15:23 PM
vadimka(vadimka) used a health_drink 9-6-2020, 4:15:47 PM
vadimka(vadimka) used a health_drink 9-6-2020, 4:15:47 PM
vadimka(vadimka) used a health_drink 9-6-2020, 4:15:59 PM
vadimka(vadimka) used a health_drink 9-6-2020, 4:15:59 PM
vadimka(vadimka) used a hand_grenade 9-6-2020, 4:16:58 PM
vadimka(vadimka) used a hand_grenade 9-6-2020, 4:16:58 PM
vadimka(vadimka) used a hand_grenade 9-6-2020, 4:16:58 PM
vadimka(vadimka) used a hand_grenade 9-6-2020, 4:16:59 PM
vadimka(vadimka) used a hand_grenade 9-6-2020, 4:16:59 PM
vadimka(vadimka) used a hand_grenade 9-6-2020, 4:16:59 PM
vadimka(vadimka) used a hand_grenade 9-6-2020, 4:16:59 PM
vadimka(vadimka) used a hand_grenade 9-6-2020, 4:16:59 PM
vadimka(vadimka) used a hand_grenade 9-6-2020, 4:17:42 PM
vadimka(vadimka) used a health_drink 9-6-2020, 4:17:43 PM
vadimka(vadimka) used a health_drink 9-6-2020, 4:17:43 PM
vadimka(vadimka) used a health_drink 9-6-2020, 4:17:44 PM
vadimka(vadimka) used a health_drink 9-6-2020, 4:17:44 PM
vadimka(vadimka) used a health_drink 9-6-2020, 4:17:44 PM
vadimka(vadimka) used a health_drink 9-6-2020, 4:17:45 PM
vadimka(vadimka) used a health_drink 9-6-2020, 4:17:45 PM
vadimka(vadimka) used a hand_grenade 9-6-2020, 4:17:51 PM
vadimka(vadimka) used a hand_grenade 9-6-2020, 4:17:51 PM
vadimka(vadimka) used a shield 9-6-2020, 4:17:54 PM
vadimka(vadimka) used a shield 9-6-2020, 4:17:54 PM
vadimka(vadimka) used a shield 9-6-2020, 4:17:55 PM
vadimka(vadimka) used a health_drink 9-6-2020, 4:17:59 PM
vadimka(vadimka) used a shield 9-6-2020, 4:17:59 PM
vadimka(vadimka) used a shield 9-6-2020, 4:18:00 PM
vadimka(vadimka) used a shield 9-6-2020, 4:18:00 PM
vadimka(vadimka) used a shield 9-6-2020, 4:18:00 PM
vadimka(vadimka) used a shield 9-6-2020, 4:18:00 PM
vadimka(vadimka) used a hand_grenade 9-6-2020, 4:18:07 PM
vadimka(vadimka) used a hand_grenade 9-6-2020, 4:18:08 PM
vadimka(vadimka) used a hand_grenade 9-6-2020, 4:18:08 PM
vadimka(vadimka) used a hand_grenade 9-6-2020, 4:18:08 PM
vadimka(vadimka) used a hand_grenade 9-6-2020, 4:18:08 PM
vadimka(vadimka) used a hand_grenade 9-6-2020, 4:18:08 PM
vadimka(vadimka) used a hand_grenade 9-6-2020, 4:18:08 PM
vadimka(vadimka) used a hand_grenade 9-6-2020, 4:18:09 PM
vadimka(vadimka) used a hand_grenade 9-6-2020, 4:18:09 PM
vadimka(vadimka) used a hand_grenade 9-6-2020, 4:18:09 PM
vadimka(vadimka) used a hand_grenade 9-6-2020, 4:18:09 PM
vadimka(vadimka) used a hand_grenade 9-6-2020, 4:18:09 PM
vadimka(vadimka) used a hand_grenade 9-6-2020, 4:18:09 PM
vadimka(vadimka) used a hand_grenade 9-6-2020, 4:18:10 PM
vadimka(vadimka) used a hand_grenade 9-6-2020, 4:18:12 PM
vadimka(vadimka) used a hand_grenade 9-6-2020, 4:18:12 PM
vadimka(vadimka) used a hand_grenade 9-6-2020, 4:18:12 PM
vadimka(vadimka) used a hand_grenade 9-6-2020, 4:18:12 PM
vadimka(vadimka) used a hand_grenade 9-6-2020, 4:18:12 PM
vadimka(vadimka) used a hand_grenade 9-6-2020, 4:18:12 PM
vadimka(vadimka) used a hand_grenade 9-6-2020, 4:18:13 PM
vadimka(vadimka) used a hand_grenade 9-6-2020, 4:18:13 PM
vadimka(vadimka) used a hand_grenade 9-6-2020, 4:18:13 PM
vadimka(vadimka) used a hand_grenade 9-6-2020, 4:18:13 PM
vadimka(vadimka) used a hand_grenade 9-6-2020, 4:18:13 PM
vadimka(vadimka) used a hand_grenade 9-6-2020, 4:18:14 PM
vadimka(vadimka) used a hand_grenade 9-6-2020, 4:18:14 PM
vadimka(vadimka) used a hand_grenade 9-6-2020, 4:18:14 PM
vadimka(vadimka) used a hand_grenade 9-6-2020, 4:18:14 PM
vadimka(vadimka) used a hand_grenade 9-6-2020, 4:18:14 PM
vadimka(vadimka) used a hand_grenade 9-6-2020, 4:18:15 PM
vadimka(vadimka) used a hand_grenade 9-6-2020, 4:18:15 PM
vadimka(vadimka) used a hand_grenade 9-6-2020, 4:18:15 PM
vadimka(vadimka) used a hand_grenade 9-6-2020, 4:18:15 PM
vadimka(vadimka) used a hand_grenade 9-6-2020, 4:18:15 PM
vadimka(vadimka) used a hand_grenade 9-6-2020, 4:18:16 PM
vadimka(vadimka) used a hand_grenade 9-6-2020, 4:18:16 PM
vadimka(vadimka) used a hand_grenade 9-6-2020, 4:18:16 PM
vadimka(vadimka) used a hand_grenade 9-6-2020, 4:18:16 PM
vadimka(vadimka) used a hand_grenade 9-6-2020, 4:18:16 PM
vadimka(vadimka) used a hand_grenade 9-6-2020, 4:18:17 PM
vadimka(vadimka) used a hand_grenade 9-6-2020, 4:18:17 PM
vadimka(vadimka) used a hand_grenade 9-6-2020, 4:18:21 PM
vadimka(vadimka) used a hand_grenade 9-6-2020, 4:18:21 PM
vadimka(vadimka) used a hand_grenade 9-6-2020, 4:18:22 PM
vadimka(vadimka) used a hand_grenade 9-6-2020, 4:18:22 PM
vadimka(vadimka) used a hand_grenade 9-6-2020, 4:18:22 PM
vadimka(vadimka) used a hand_grenade 9-6-2020, 4:18:22 PM
vadimka(vadimka) used a hand_grenade 9-6-2020, 4:18:22 PM
vadimka(vadimka) used a hand_grenade 9-6-2020, 4:18:23 PM
vadimka(vadimka) used a hand_grenade 9-6-2020, 4:18:23 PM
vadimka(vadimka) used a hand_grenade 9-6-2020, 4:18:23 PM
vadimka(vadimka) used a hand_grenade 9-6-2020, 4:18:23 PM
vadimka(vadimka) used a hand_grenade 9-6-2020, 4:18:23 PM
vadimka(vadimka) used a hand_grenade 9-6-2020, 4:18:24 PM
vadimka(vadimka) used a hand_grenade 9-6-2020, 4:18:24 PM
vadimka(vadimka) used a hand_grenade 9-6-2020, 4:18:24 PM
vadimka(vadimka) used a hand_grenade 9-6-2020, 4:18:24 PM
vadimka(vadimka) used a hand_grenade 9-6-2020, 4:18:24 PM
vadimka(vadimka) used a hand_grenade 9-6-2020, 4:18:25 PM
vadimka(vadimka) used a hand_grenade 9-6-2020, 4:18:25 PM
vadimka(vadimka) used a hand_grenade 9-6-2020, 4:18:25 PM
vadimka(vadimka) used a hand_grenade 9-6-2020, 4:18:25 PM
vadimka(vadimka) used a hand_grenade 9-6-2020, 4:18:25 PM
vadimka(vadimka) used a hand_grenade 9-6-2020, 4:18:26 PM
vadimka(vadimka) used a hand_grenade 9-6-2020, 4:18:26 PM
vadimka(vadimka) used a hand_grenade 9-6-2020, 4:18:26 PM
vadimka(vadimka) used a hand_grenade 9-6-2020, 4:18:26 PM
vadimka(vadimka) used a hand_grenade 9-6-2020, 4:19:33 PM
vadimka(vadimka) used a hand_grenade 9-6-2020, 4:19:34 PM
vadimka(vadimka) used a hand_grenade 9-6-2020, 4:19:34 PM
vadimka(vadimka) used a hand_grenade 9-6-2020, 4:19:34 PM
vadimka(vadimka) used a hand_grenade 9-6-2020, 4:19:34 PM
vadimka(vadimka) used a hand_grenade 9-6-2020, 4:19:34 PM
vadimka(vadimka) used a hand_grenade 9-6-2020, 4:19:35 PM
vadimka(vadimka) used a hand_grenade 9-6-2020, 4:19:35 PM
vadimka(vadimka) used a hand_grenade 9-6-2020, 4:19:39 PM
vadimka(vadimka) used a hand_grenade 9-6-2020, 4:19:39 PM
vadimka(vadimka) used a hand_grenade 9-6-2020, 4:19:39 PM
vadimka(vadimka) used a hand_grenade 9-6-2020, 4:19:39 PM
vadimka(vadimka) used a hand_grenade 9-6-2020, 4:19:40 PM
vadimka(vadimka) used a hand_grenade 9-6-2020, 4:19:40 PM
vadimka(vadimka) used a hand_grenade 9-6-2020, 4:19:40 PM
vadimka(vadimka) used a hand_grenade 9-6-2020, 4:19:40 PM
vadimka(vadimka) used a hand_grenade 9-6-2020, 4:19:40 PM
vadimka(vadimka) used a hand_grenade 9-6-2020, 4:19:40 PM
vadimka(vadimka) used a hand_grenade 9-6-2020, 4:19:41 PM
vadimka(vadimka) used a hand_grenade 9-6-2020, 4:19:41 PM
vadimka(vadimka) used a hand_grenade 9-6-2020, 4:19:41 PM
vadimka(vadimka) used a hand_grenade 9-6-2020, 4:19:41 PM
vadimka(vadimka) used a hand_grenade 9-6-2020, 4:19:41 PM
vadimka(vadimka) used a hand_grenade 9-6-2020, 4:19:41 PM
vadimka(vadimka) used a hand_grenade 9-6-2020, 4:19:42 PM
vadimka(vadimka) used a hand_grenade 9-6-2020, 4:19:42 PM
vadimka(vadimka) used a hand_grenade 9-6-2020, 4:19:42 PM
vadimka(vadimka) used a hand_grenade 9-6-2020, 4:19:42 PM
vadimka(vadimka) used a hand_grenade 9-6-2020, 4:19:42 PM
vadimka(vadimka) used a hand_grenade 9-6-2020, 4:19:42 PM
vadimka(vadimka) used a hand_grenade 9-6-2020, 4:19:43 PM
vadimka(vadimka) used a hand_grenade 9-6-2020, 4:19:43 PM
vadimka(vadimka) used a hand_grenade 9-6-2020, 4:19:43 PM
vadimka(vadimka) used a hand_grenade 9-6-2020, 4:19:48 PM
vadimka(vadimka) used a hand_grenade 9-6-2020, 4:19:49 PM
vadimka(vadimka) used a hand_grenade 9-6-2020, 4:19:49 PM
vadimka(vadimka) used a hand_grenade 9-6-2020, 4:19:49 PM
vadimka(vadimka) used a hand_grenade 9-6-2020, 4:19:49 PM
vadimka(vadimka) used a hand_grenade 9-6-2020, 4:19:49 PM
vadimka(vadimka) used a hand_grenade 9-6-2020, 4:19:50 PM
vadimka(vadimka) used a hand_grenade 9-6-2020, 4:19:50 PM
vadimka(vadimka) used a hand_grenade 9-6-2020, 4:19:50 PM
vadimka(vadimka) used a hand_grenade 9-6-2020, 4:19:50 PM
vadimka(vadimka) used a hand_grenade 9-6-2020, 4:19:50 PM
vadimka(vadimka) used a hand_grenade 9-6-2020, 4:19:50 PM
vadimka(vadimka) used a hand_grenade 9-6-2020, 4:19:51 PM
vadimka(vadimka) used a hand_grenade 9-6-2020, 4:19:51 PM
vadimka(vadimka) used a hand_grenade 9-6-2020, 4:19:51 PM
vadimka(vadimka) used a hand_grenade 9-6-2020, 4:19:51 PM
vadimka(vadimka) used a hand_grenade 9-6-2020, 4:19:51 PM
vadimka(vadimka) used a hand_grenade 9-6-2020, 4:19:52 PM
vadimka(vadimka) used a hand_grenade 9-6-2020, 4:19:52 PM
vadimka(vadimka) used a hand_grenade 9-6-2020, 4:19:52 PM
vadimka(vadimka) used a hand_grenade 9-6-2020, 4:19:52 PM
vadimka(vadimka) used a hand_grenade 9-6-2020, 4:19:52 PM
vadimka(vadimka) used a hand_grenade 9-6-2020, 4:19:53 PM
vadimka(vadimka) used a hand_grenade 9-6-2020, 4:19:53 PM
vadimka(vadimka) used a hand_grenade 9-6-2020, 4:19:55 PM
vadimka(vadimka) used a hand_grenade 9-6-2020, 4:19:55 PM
vadimka(vadimka) used a hand_grenade 9-6-2020, 4:19:56 PM
vadimka(vadimka) used a hand_grenade 9-6-2020, 4:19:56 PM
vadimka(vadimka) used a hand_grenade 9-6-2020, 4:20:00 PM
vadimka(vadimka) used a hand_grenade 9-6-2020, 4:20:00 PM
vadimka(vadimka) used a hand_grenade 9-6-2020, 4:20:00 PM
vadimka(vadimka) used a hand_grenade 9-6-2020, 4:20:00 PM
vadimka(vadimka) used a hand_grenade 9-6-2020, 4:20:01 PM
vadimka(vadimka) used a hand_grenade 9-6-2020, 4:20:01 PM
vadimka(vadimka) used a hand_grenade 9-6-2020, 4:20:01 PM
vadimka(vadimka) used a hand_grenade 9-6-2020, 4:20:01 PM
vadimka(vadimka) used a hand_grenade 9-6-2020, 4:20:01 PM
vadimka(vadimka) used a hand_grenade 9-6-2020, 4:20:02 PM
vadimka(vadimka) used a hand_grenade 9-6-2020, 4:20:02 PM
vadimka(vadimka) used a hand_grenade 9-6-2020, 4:20:02 PM
vadimka(vadimka) used a hand_grenade 9-6-2020, 4:20:02 PM
vadimka(vadimka) used a shield 9-6-2020, 4:20:13 PM
vadimka(vadimka) used a shield 9-6-2020, 4:20:13 PM
vadimka(vadimka) used a shield 9-6-2020, 4:20:13 PM
vadimka(vadimka) used a shield 9-6-2020, 4:20:13 PM
vadimka(vadimka) used a shield 9-6-2020, 4:20:14 PM
vadimka(vadimka) used a shield 9-6-2020, 4:20:14 PM
vadimka(vadimka) used a missile_interceptor 9-6-2020, 4:20:41 PM
vadimka(vadimka) used a missile_interceptor 9-6-2020, 4:20:56 PM
vadimka(vadimka) used a carrier_missile 9-6-2020, 4:21:12 PM
vadimka(vadimka) used a missile_interceptor 9-6-2020, 4:21:41 PM
vadimka(vadimka) used a hand_grenade 9-6-2020, 4:22:13 PM
vadimka(vadimka) used a hand_grenade 9-6-2020, 4:22:13 PM
vadimka(vadimka) used a hand_grenade 9-6-2020, 4:22:14 PM
vadimka(vadimka) used a hand_grenade 9-6-2020, 4:22:14 PM
vadimka(vadimka) used a hand_grenade 9-6-2020, 4:22:14 PM
vadimka(vadimka) used a hand_grenade 9-6-2020, 4:22:14 PM
vadimka(vadimka) used a hand_grenade 9-6-2020, 4:22:14 PM
vadimka(vadimka) used a hand_grenade 9-6-2020, 4:22:15 PM
vadimka(vadimka) used a hand_grenade 9-6-2020, 4:22:15 PM
vadimka(vadimka) used a hand_grenade 9-6-2020, 4:22:16 PM
vadimka(vadimka) used a hand_grenade 9-6-2020, 4:22:16 PM
vadimka(vadimka) used a hand_grenade 9-6-2020, 4:22:16 PM
vadimka(vadimka) used a hand_grenade 9-6-2020, 4:22:18 PM
vadimka(vadimka) used a hand_grenade 9-6-2020, 4:22:18 PM
vadimka(vadimka) used a hand_grenade 9-6-2020, 4:22:18 PM
vadimka(vadimka) used a hand_grenade 9-6-2020, 4:22:18 PM
vadimka(vadimka) used a hand_grenade 9-6-2020, 4:22:18 PM
vadimka(vadimka) used a hand_grenade 9-6-2020, 4:22:19 PM
vadimka(vadimka) used a hand_grenade 9-6-2020, 4:22:19 PM
vadimka(vadimka) used a hand_grenade 9-6-2020, 4:22:19 PM
vadimka(vadimka) used a hand_grenade 9-6-2020, 4:22:19 PM
vadimka(vadimka) used a hand_grenade 9-6-2020, 4:22:19 PM
vadimka(vadimka) used a hand_grenade 9-6-2020, 4:22:20 PM
vadimka(vadimka) used a hand_grenade 9-6-2020, 4:22:20 PM
vadimka(vadimka) used a hand_grenade 9-6-2020, 4:22:20 PM
vadimka(vadimka) used a hand_grenade 9-6-2020, 4:22:20 PM
vadimka(vadimka) used a hand_grenade 9-6-2020, 4:22:20 PM
vadimka(vadimka) used a hand_grenade 9-6-2020, 4:22:20 PM
vadimka(vadimka) used a hand_grenade 9-6-2020, 4:22:21 PM
vadimka(vadimka) used a hand_grenade 9-6-2020, 4:22:21 PM
vadimka(vadimka) used a hand_grenade 9-6-2020, 4:22:21 PM
vadimka(vadimka) used a hand_grenade 9-6-2020, 4:22:21 PM
vadimka(vadimka) used a hand_grenade 9-6-2020, 4:22:21 PM
vadimka(vadimka) used a hand_grenade 9-6-2020, 4:22:23 PM
vadimka(vadimka) used a hand_grenade 9-6-2020, 4:22:24 PM
vadimka(vadimka) used a shield 9-6-2020, 4:22:26 PM
vadimka(vadimka) used a shield 9-6-2020, 4:22:26 PM
vadimka(vadimka) used a shield 9-6-2020, 4:22:26 PM
vadimka(vadimka) used a aircraft 9-6-2020, 4:23:28 PM
vadimka(vadimka) used a missile_interceptor 9-6-2020, 4:24:01 PM
vadimka(vadimka) used a missile_interceptor 9-6-2020, 4:24:19 PM
vadimka(vadimka) used a carrier_missile 9-6-2020, 4:24:24 PM
vadimka(vadimka) used a hand_grenade 9-6-2020, 4:24:49 PM
vadimka(vadimka) used a missile_interceptor 9-6-2020, 4:25:15 PM
vadimka(vadimka) used a hand_grenade 9-6-2020, 4:25:17 PM
vadimka(vadimka) used a hand_grenade 9-6-2020, 4:25:17 PM
vadimka(vadimka) used a missile_interceptor 9-6-2020, 4:25:29 PM
vadimka(vadimka) used a health_drink 9-6-2020, 4:25:32 PM
vadimka(vadimka) used a health_drink 9-6-2020, 4:25:32 PM
vadimka(vadimka) used a health_drink 9-6-2020, 4:25:34 PM
vadimka(vadimka) used a health_drink 9-6-2020, 4:25:35 PM
vadimka(vadimka) used a health_drink 9-6-2020, 4:25:35 PM
vadimka(vadimka) used a aircraft 9-6-2020, 4:25:38 PM
vadimka(vadimka) used a missile_interceptor 9-6-2020, 4:25:44 PM
vadimka(vadimka) used a missile_interceptor 9-6-2020, 4:25:45 PM
vadimka(vadimka) used a hand_grenade 9-6-2020, 4:26:02 PM
vadimka(vadimka) used a hand_grenade 9-6-2020, 4:26:02 PM
vadimka(vadimka) used a hand_grenade 9-6-2020, 4:26:02 PM
vadimka(vadimka) used a hand_grenade 9-6-2020, 4:26:02 PM
vadimka(vadimka) used a shield 9-6-2020, 4:26:12 PM
vadimka(vadimka) used a shield 9-6-2020, 4:26:12 PM
vadimka(vadimka) used a shield 9-6-2020, 4:26:12 PM
vadimka(vadimka) used a shield 9-6-2020, 4:26:12 PM
vadimka(vadimka) used a shield 9-6-2020, 4:26:12 PM
vadimka(vadimka) used a shield 9-6-2020, 4:26:12 PM
vadimka(vadimka) used a shield 9-6-2020, 4:26:13 PM
vadimka(vadimka) used a shield 9-6-2020, 4:26:13 PM
vadimka(vadimka) used a shield 9-6-2020, 4:26:13 PM
vadimka(vadimka) used a shield 9-6-2020, 4:26:13 PM
vadimka(vadimka) used a shield 9-6-2020, 4:26:13 PM
vadimka(vadimka) used a shield 9-6-2020, 4:26:13 PM
vadimka(vadimka) used a shield 9-6-2020, 4:26:14 PM
vadimka(vadimka) used a shield 9-6-2020, 4:26:14 PM
vadimka(vadimka) used a shield 9-6-2020, 4:26:14 PM
vadimka(vadimka) used a shield 9-6-2020, 4:26:14 PM
vadimka(vadimka) used a shield 9-6-2020, 4:26:14 PM
vadimka(vadimka) used a shield 9-6-2020, 4:26:15 PM
vadimka(vadimka) used a shield 9-6-2020, 4:26:15 PM
vadimka(vadimka) used a shield 9-6-2020, 4:26:15 PM
vadimka(vadimka) used a shield 9-6-2020, 4:26:15 PM
vadimka(vadimka) used a shield 9-6-2020, 4:26:15 PM
vadimka(vadimka) used a shield 9-6-2020, 4:26:16 PM
vadimka(vadimka) used a shield 9-6-2020, 4:26:16 PM
vadimka(vadimka) used a shield 9-6-2020, 4:26:16 PM
vadimka(vadimka) used a shield 9-6-2020, 4:26:16 PM
vadimka(vadimka) used a shield 9-6-2020, 4:26:16 PM
vadimka(vadimka) used a shield 9-6-2020, 4:26:17 PM
vadimka(vadimka) used a shield 9-6-2020, 4:26:17 PM
vadimka(vadimka) used a shield 9-6-2020, 4:26:17 PM
vadimka(vadimka) used a shield 9-6-2020, 4:26:17 PM
vadimka(vadimka) used a shield 9-6-2020, 4:26:18 PM
vadimka(vadimka) used a health_drink 9-6-2020, 4:26:18 PM
vadimka(vadimka) used a health_drink 9-6-2020, 4:26:18 PM
vadimka(vadimka) used a health_drink 9-6-2020, 4:26:25 PM
vadimka(vadimka) used a health_drink 9-6-2020, 4:26:25 PM
vadimka(vadimka) used a carrier_missile 9-6-2020, 4:26:47 PM
vadimka(vadimka) used a missile_interceptor 9-6-2020, 4:27:00 PM
vadimka(vadimka) used a hand_grenade 9-6-2020, 4:28:09 PM
vadimka(vadimka) used a hand_grenade 9-6-2020, 4:28:09 PM
vadimka(vadimka) used a hand_grenade 9-6-2020, 4:28:09 PM
vadimka(vadimka) used a hand_grenade 9-6-2020, 4:28:10 PM
vadimka(vadimka) used a hand_grenade 9-6-2020, 4:28:10 PM
vadimka(vadimka) used a hand_grenade 9-6-2020, 4:28:10 PM
vadimka(vadimka) used a hand_grenade 9-6-2020, 4:28:10 PM
vadimka(vadimka) used a hand_grenade 9-6-2020, 4:28:10 PM
vadimka(vadimka) used a hand_grenade 9-6-2020, 4:28:10 PM
vadimka(vadimka) used a hand_grenade 9-6-2020, 4:28:11 PM
vadimka(vadimka) used a hand_grenade 9-6-2020, 4:28:11 PM
vadimka(vadimka) used a hand_grenade 9-6-2020, 4:28:11 PM
vadimka(vadimka) used a hand_grenade 9-6-2020, 4:28:11 PM
vadimka(vadimka) used a hand_grenade 9-6-2020, 4:28:11 PM
vadimka(vadimka) used a hand_grenade 9-6-2020, 4:28:11 PM
vadimka(vadimka) used a hand_grenade 9-6-2020, 4:28:12 PM
vadimka(vadimka) used a hand_grenade 9-6-2020, 4:28:12 PM
vadimka(vadimka) used a hand_grenade 9-6-2020, 4:28:12 PM
vadimka(vadimka) used a hand_grenade 9-6-2020, 4:28:12 PM
vadimka(vadimka) used a hand_grenade 9-6-2020, 4:28:12 PM
vadimka(vadimka) used a hand_grenade 9-6-2020, 4:28:13 PM
vadimka(vadimka) used a hand_grenade 9-6-2020, 4:28:13 PM
vadimka(vadimka) used a hand_grenade 9-6-2020, 4:28:13 PM
vadimka(vadimka) used a hand_grenade 9-6-2020, 4:28:13 PM
vadimka(vadimka) used a hand_grenade 9-6-2020, 4:28:15 PM
vadimka(vadimka) used a hand_grenade 9-6-2020, 4:28:15 PM
vadimka(vadimka) used a hand_grenade 9-6-2020, 4:28:16 PM
vadimka(vadimka) used a hand_grenade 9-6-2020, 4:29:28 PM
vadimka(vadimka) used a hand_grenade 9-6-2020, 4:29:28 PM
vadimka(vadimka) used a hand_grenade 9-6-2020, 4:29:29 PM
vadimka(vadimka) used a health_drink 9-6-2020, 4:29:37 PM
vadimka(vadimka) used a health_drink 9-6-2020, 4:29:38 PM
vadimka(vadimka) used a health_drink 9-6-2020, 4:29:38 PM
vadimka(vadimka) used a health_drink 9-6-2020, 4:29:39 PM
vadimka(vadimka) used a health_drink 9-6-2020, 4:29:39 PM
vadimka(vadimka) used a health_drink 9-6-2020, 4:29:39 PM
vadimka(vadimka) used a health_drink 9-6-2020, 4:29:40 PM
vadimka(vadimka) used a missile_interceptor 9-6-2020, 4:29:47 PM
vadimka(vadimka) used a hand_grenade 9-6-2020, 4:29:53 PM
vadimka(vadimka) used a hand_grenade 9-6-2020, 4:29:53 PM
vadimka(vadimka) used a hand_grenade 9-6-2020, 4:29:53 PM
vadimka(vadimka) used a hand_grenade 9-6-2020, 4:29:56 PM
vadimka(vadimka) used a hand_grenade 9-6-2020, 4:29:56 PM
vadimka(vadimka) used a hand_grenade 9-6-2020, 4:29:56 PM
vadimka(vadimka) used a hand_grenade 9-6-2020, 4:29:56 PM
vadimka(vadimka) used a hand_grenade 9-6-2020, 4:29:56 PM
vadimka(vadimka) used a hand_grenade 9-6-2020, 4:29:57 PM
vadimka(vadimka) used a hand_grenade 9-6-2020, 4:29:57 PM
vadimka(vadimka) used a hand_grenade 9-6-2020, 4:29:57 PM
vadimka(vadimka) used a hand_grenade 9-6-2020, 4:29:57 PM
vadimka(vadimka) used a hand_grenade 9-6-2020, 4:29:57 PM
vadimka(vadimka) used a hand_grenade 9-6-2020, 4:29:58 PM
vadimka(vadimka) used a hand_grenade 9-6-2020, 4:29:58 PM
vadimka(vadimka) used a hand_grenade 9-6-2020, 4:29:58 PM
vadimka(vadimka) used a hand_grenade 9-6-2020, 4:29:58 PM
vadimka(vadimka) used a hand_grenade 9-6-2020, 4:29:58 PM
vadimka(vadimka) used a hand_grenade 9-6-2020, 4:29:58 PM
vadimka(vadimka) used a missile_interceptor 9-6-2020, 4:30:02 PM
vadimka(vadimka) used a missile_interceptor 9-6-2020, 4:30:15 PM
vadimka(vadimka) used a missile_interceptor 9-6-2020, 4:30:21 PM
vadimka(vadimka) used a missile_interceptor 9-6-2020, 4:30:25 PM
vadimka(vadimka) used a missile_interceptor 9-6-2020, 4:30:27 PM
vadimka(vadimka) used a health_drink 9-6-2020, 4:30:29 PM
vadimka(vadimka) used a health_drink 9-6-2020, 4:30:29 PM
vadimka(vadimka) used a health_drink 9-6-2020, 4:30:30 PM
vadimka(vadimka) used a hand_grenade 9-6-2020, 4:30:31 PM
vadimka(vadimka) used a hand_grenade 9-6-2020, 4:30:31 PM
vadimka(vadimka) used a hand_grenade 9-6-2020, 4:30:32 PM
vadimka(vadimka) used a hand_grenade 9-6-2020, 4:30:32 PM
vadimka(vadimka) used a hand_grenade 9-6-2020, 4:30:32 PM
vadimka(vadimka) used a hand_grenade 9-6-2020, 4:30:33 PM
vadimka(vadimka) used a hand_grenade 9-6-2020, 4:30:33 PM
vadimka(vadimka) used a hand_grenade 9-6-2020, 4:30:33 PM
vadimka(vadimka) used a health_drink 9-6-2020, 4:30:34 PM
vadimka(vadimka) used a health_drink 9-6-2020, 4:30:34 PM
vadimka(vadimka) used a missile_interceptor 9-6-2020, 4:30:35 PM
vadimka(vadimka) used a health_drink 9-6-2020, 4:30:37 PM
vadimka(vadimka) used a health_drink 9-6-2020, 4:30:37 PM
vadimka(vadimka) used a health_drink 9-6-2020, 4:30:38 PM
vadimka(vadimka) used a health_drink 9-6-2020, 4:30:38 PM
vadimka(vadimka) used a health_drink 9-6-2020, 4:30:41 PM
vadimka(vadimka) used a health_drink 9-6-2020, 4:30:41 PM
vadimka(vadimka) used a hand_grenade 9-6-2020, 4:30:46 PM
vadimka(vadimka) used a health_drink 9-6-2020, 4:30:50 PM
vadimka(vadimka) used a missile_interceptor 9-6-2020, 4:30:57 PM
vadimka(vadimka) used a missile_interceptor 9-6-2020, 4:30:59 PM
vadimka(vadimka) used a health_drink 9-6-2020, 4:31:01 PM
vadimka(vadimka) used a health_drink 9-6-2020, 4:31:01 PM
vadimka(vadimka) used a health_drink 9-6-2020, 4:31:02 PM
vadimka(vadimka) used a health_drink 9-6-2020, 4:31:03 PM
vadimka(vadimka) used a missile_interceptor 9-6-2020, 4:31:05 PM
vadimka(vadimka) used a missile_interceptor 9-6-2020, 4:31:10 PM
vadimka(vadimka) used a hand_grenade 9-6-2020, 4:31:14 PM
vadimka(vadimka) used a hand_grenade 9-6-2020, 4:31:14 PM
vadimka(vadimka) used a hand_grenade 9-6-2020, 4:31:14 PM
vadimka(vadimka) used a hand_grenade 9-6-2020, 4:31:14 PM
vadimka(vadimka) used a hand_grenade 9-6-2020, 4:31:14 PM
vadimka(vadimka) used a hand_grenade 9-6-2020, 4:31:15 PM
vadimka(vadimka) used a hand_grenade 9-6-2020, 4:31:15 PM
vadimka(vadimka) used a hand_grenade 9-6-2020, 4:31:15 PM
vadimka(vadimka) used a hand_grenade 9-6-2020, 4:31:15 PM
vadimka(vadimka) used a missile_interceptor 9-6-2020, 4:31:16 PM
vadimka(vadimka) used a wirebomb 9-6-2020, 4:31:16 PM
vadimka(vadimka) used a hand_grenade 9-6-2020, 4:31:18 PM
vadimka(vadimka) used a hand_grenade 9-6-2020, 4:31:18 PM
vadimka(vadimka) used a hand_grenade 9-6-2020, 4:31:18 PM
vadimka(vadimka) used a shield 9-6-2020, 4:31:20 PM
vadimka(vadimka) used a shield 9-6-2020, 4:31:20 PM
vadimka(vadimka) used a shield 9-6-2020, 4:31:20 PM
vadimka(vadimka) used a shield 9-6-2020, 4:31:21 PM
vadimka(vadimka) used a shield 9-6-2020, 4:31:21 PM
vadimka(vadimka) used a aircraft 9-6-2020, 4:31:39 PM
vadimka(vadimka) used a missile_interceptor 9-6-2020, 4:31:49 PM
vadimka(vadimka) used a missile_interceptor 9-6-2020, 4:31:50 PM
vadimka(vadimka) used a missile_interceptor 9-6-2020, 4:31:56 PM
vadimka(vadimka) used a missile_interceptor 9-6-2020, 4:31:57 PM
vadimka(vadimka) used a hand_grenade 9-6-2020, 4:31:59 PM
vadimka(vadimka) used a missile_interceptor 9-6-2020, 4:32:34 PM
vadimka(vadimka) used a missile_interceptor 9-6-2020, 4:32:35 PM
vadimka(vadimka) used a missile_interceptor 9-6-2020, 4:32:40 PM
vadimka(vadimka) used a missile_interceptor 9-6-2020, 4:32:41 PM
vadimka(vadimka) used a hand_grenade 9-6-2020, 4:33:01 PM
vadimka(vadimka) used a hand_grenade 9-6-2020, 4:33:18 PM
vadimka(vadimka) used a hand_grenade 9-6-2020, 4:33:26 PM
vadimka(vadimka) used a hand_grenade 9-6-2020, 4:33:26 PM
vadimka(vadimka) used a hand_grenade 9-6-2020, 4:33:26 PM
vadimka(vadimka) used a hand_grenade 9-6-2020, 4:33:26 PM
vadimka(vadimka) used a hand_grenade 9-6-2020, 4:33:27 PM
vadimka(vadimka) used a hand_grenade 9-6-2020, 4:33:27 PM
vadimka(vadimka) used a hand_grenade 9-6-2020, 4:33:52 PM
vadimka(vadimka) used a hand_grenade 9-6-2020, 4:33:53 PM
vadimka(vadimka) used a aircraft 9-6-2020, 4:34:06 PM
vadimka(vadimka) used a guided_missile 9-6-2020, 4:34:07 PM
vadimka(vadimka) used a suicide_bomb 9-6-2020, 4:34:12 PM
vadimka(vadimka) used a suicide_bomb 9-6-2020, 4:34:13 PM
vadimka(vadimka) used a suicide_bomb 9-6-2020, 4:34:13 PM
vadimka(vadimka) used a suicide_bomb 9-6-2020, 4:34:13 PM
vadimka(vadimka) used a health_drink 9-6-2020, 4:34:24 PM
vadimka(vadimka) used a health_drink 9-6-2020, 4:34:24 PM
vadimka(vadimka) used a health_drink 9-6-2020, 4:34:29 PM
vadimka(vadimka) used a health_drink 9-6-2020, 4:34:29 PM
vadimka(vadimka) used a health_drink 9-6-2020, 4:34:35 PM
vadimka(vadimka) used a health_drink 9-6-2020, 4:34:35 PM
vadimka(vadimka) used a health_drink 9-6-2020, 4:34:38 PM
vadimka(vadimka) used a health_drink 9-6-2020, 4:34:38 PM
vadimka(vadimka) used a health_drink 9-6-2020, 4:34:40 PM
vadimka(vadimka) used a health_drink 9-6-2020, 4:34:41 PM
vadimka(vadimka) used a health_drink 9-6-2020, 4:34:41 PM
vadimka(vadimka) used a health_drink 9-6-2020, 4:34:41 PM
vadimka(vadimka) used a sky_436_mine 9-6-2020, 4:34:43 PM