
best(best) used a hand_grenade 8-11-2020, 12:44:47 PM
best(best) used a hand_grenade 8-11-2020, 12:44:47 PM
best(best) used a shield 8-11-2020, 12:44:50 PM
best(best) used a shield 8-11-2020, 12:44:50 PM
best(best) used a tk_ultra_health_potion 8-11-2020, 12:44:53 PM
best(best) used a tk_ultra_health_potion 8-11-2020, 12:44:53 PM
best(best) used a tk_ultra_health_potion 8-11-2020, 12:44:53 PM
best(best) used a tk_ultra_health_potion 8-11-2020, 12:45:29 PM
best(best) used a tk_ultra_health_potion 8-11-2020, 12:45:29 PM
best(best) used a tk_ultra_health_potion 8-11-2020, 12:47:00 PM
best(best) used a tk_ultra_health_potion 8-11-2020, 12:47:00 PM
best(best) used a tk_ultra_health_potion 8-11-2020, 12:47:01 PM
best(best) used a tk_ultra_health_potion 8-11-2020, 12:47:02 PM
best(best) used a tk_ultra_health_potion 8-11-2020, 12:47:03 PM
best(best) used a tk_ultra_health_potion 8-11-2020, 12:47:05 PM
best(best) used a tk_ultra_health_potion 8-11-2020, 12:47:05 PM
best(best) used a tk_ultra_health_potion 8-11-2020, 12:47:06 PM
best(best) used a tk_ultra_health_potion 8-11-2020, 12:47:09 PM
best(best) used a tk_ultra_health_potion 8-11-2020, 12:47:09 PM
best(best) used a tk_ultra_health_potion 8-11-2020, 12:47:32 PM
best(best) used a tk_ultra_health_potion 8-11-2020, 12:47:32 PM
best(best) used a tk_ultra_health_potion 8-11-2020, 12:47:33 PM
best(best) used a tk_ultra_health_potion 8-11-2020, 12:47:33 PM
best(best) used a tk_ultra_health_potion 8-11-2020, 12:47:52 PM
best(best) used a tk_ultra_health_potion 8-11-2020, 12:47:52 PM
best(best) used a tk_ultra_health_potion 8-11-2020, 12:48:18 PM
best(best) used a tk_ultra_health_potion 8-11-2020, 12:48:19 PM
best(best) used a tk_ultra_health_potion 8-11-2020, 12:48:19 PM
best(best) used a tk_ultra_health_potion 8-11-2020, 12:48:20 PM
best(best) used a tk_ultra_health_potion 8-11-2020, 12:48:20 PM
best(best) used a tk_ultra_health_potion 8-11-2020, 12:48:21 PM
best(best) used a tk_ultra_health_potion 8-11-2020, 12:48:22 PM
best(best) used a tk_ultra_health_potion 8-11-2020, 12:48:27 PM
best(best) used a tk_ultra_health_potion 8-11-2020, 12:49:39 PM
best(best) used a tk_ultra_health_potion 8-11-2020, 12:49:39 PM
best(best) used a hand_grenade 8-11-2020, 12:49:42 PM
best(best) used a tk_ultra_health_potion 8-11-2020, 12:50:00 PM
best(best) used a tk_ultra_health_potion 8-11-2020, 12:50:00 PM
best(best) used a tk_ultra_health_potion 8-11-2020, 12:50:01 PM
best(best) used a tk_ultra_health_potion 8-11-2020, 12:50:01 PM
best(best) used a tk_ultra_health_potion 8-11-2020, 12:50:01 PM
best(best) used a tk_ultra_health_potion 8-11-2020, 12:50:23 PM
best(best) used a tk_ultra_health_potion 8-11-2020, 12:50:23 PM
best(best) used a tk_ultra_health_potion 8-11-2020, 12:52:12 PM
best(best) used a tk_ultra_health_potion 8-11-2020, 12:52:13 PM
best(best) used a tk_ultra_health_potion 8-11-2020, 12:53:27 PM
best(best) used a tk_ultra_health_potion 8-11-2020, 12:53:27 PM
best(best) used a tk_ultra_health_potion 8-11-2020, 12:54:21 PM
best(best) used a tk_ultra_health_potion 8-11-2020, 12:54:21 PM
best(best) used a hand_grenade 8-11-2020, 12:56:09 PM
best(best) used a tk_ultra_health_potion 8-11-2020, 12:57:32 PM
best(best) used a tk_ultra_health_potion 8-11-2020, 12:57:33 PM
best(best) used a hand_grenade 8-11-2020, 12:57:48 PM
best(best) used a hand_grenade 8-11-2020, 12:57:49 PM
best(best) used a hand_grenade 8-11-2020, 12:57:50 PM
best(best) used a hand_grenade 8-11-2020, 12:57:50 PM
best(best) used a hand_grenade 8-11-2020, 12:57:50 PM
best(best) used a hand_grenade 8-11-2020, 12:57:50 PM
best(best) used a hand_grenade 8-11-2020, 12:57:51 PM
best(best) used a hand_grenade 8-11-2020, 12:57:51 PM
best(best) used a hand_grenade 8-11-2020, 12:57:51 PM
best(best) used a hand_grenade 8-11-2020, 12:57:51 PM
best(best) used a hand_grenade 8-11-2020, 12:57:51 PM
best(best) used a hand_grenade 8-11-2020, 1:00:42 PM
best(best) used a hand_grenade 8-11-2020, 1:00:43 PM
best(best) used a hand_grenade 8-11-2020, 1:00:44 PM
best(best) used a hand_grenade 8-11-2020, 1:02:43 PM
best(best) used a tk_ultra_health_potion 8-11-2020, 1:02:51 PM
best(best) used a tk_ultra_health_potion 8-11-2020, 1:02:51 PM
best(best) used a suicide_bomb 8-11-2020, 1:04:33 PM
best(best) used a suicide_bomb 8-11-2020, 1:04:33 PM
best(best) used a suicide_bomb 8-11-2020, 1:04:35 PM
best(best) used a tk_ultra_health_potion 8-11-2020, 1:04:53 PM
best(best) used a tk_ultra_health_potion 8-11-2020, 1:04:53 PM
best(best) used a hand_grenade 8-11-2020, 1:06:33 PM
best(best) used a timebomb 8-11-2020, 1:09:18 PM
best(best) used a timebomb 8-11-2020, 1:09:18 PM
best(best) used a timebomb 8-11-2020, 1:09:18 PM
best(best) used a timebomb 8-11-2020, 1:09:18 PM
best(best) used a timebomb 8-11-2020, 1:09:19 PM
best(best) used a timebomb 8-11-2020, 1:09:19 PM
best(best) used a timebomb 8-11-2020, 1:09:19 PM
best(best) used a timebomb 8-11-2020, 1:09:19 PM
best(best) used a timebomb 8-11-2020, 1:09:20 PM
best(best) used a timebomb 8-11-2020, 1:09:20 PM
best(best) used a timebomb 8-11-2020, 1:09:20 PM
best(best) used a timebomb 8-11-2020, 1:09:20 PM
best(best) used a timebomb 8-11-2020, 1:09:21 PM
best(best) used a timebomb 8-11-2020, 1:09:21 PM
best(best) used a timebomb 8-11-2020, 1:09:22 PM
best(best) used a timebomb 8-11-2020, 1:09:22 PM
best(best) used a timebomb 8-11-2020, 1:09:22 PM
best(best) used a timebomb 8-11-2020, 1:09:23 PM
best(best) used a timebomb 8-11-2020, 1:09:23 PM
best(best) used a timebomb 8-11-2020, 1:09:24 PM
best(best) used a timebomb 8-11-2020, 1:09:24 PM
best(best) used a timebomb 8-11-2020, 1:09:24 PM
best(best) used a timebomb 8-11-2020, 1:09:25 PM
best(best) used a timebomb 8-11-2020, 1:09:25 PM
best(best) used a timebomb 8-11-2020, 1:09:25 PM
best(best) used a timebomb 8-11-2020, 1:09:25 PM
best(best) used a timebomb 8-11-2020, 1:09:26 PM
best(best) used a timebomb 8-11-2020, 1:09:26 PM
best(best) used a timebomb 8-11-2020, 1:09:27 PM
best(best) used a timebomb 8-11-2020, 1:09:27 PM
best(best) used a timebomb 8-11-2020, 1:09:27 PM
best(best) used a timebomb 8-11-2020, 1:09:27 PM
best(best) used a timebomb 8-11-2020, 1:09:28 PM
best(best) used a timebomb 8-11-2020, 1:09:28 PM
best(best) used a timebomb 8-11-2020, 1:09:28 PM
best(best) used a timebomb 8-11-2020, 1:09:28 PM
best(best) used a timebomb 8-11-2020, 1:09:29 PM
best(best) used a timebomb 8-11-2020, 1:09:29 PM
best(best) used a timebomb 8-11-2020, 1:09:29 PM
best(best) used a timebomb 8-11-2020, 1:09:30 PM
best(best) used a timebomb 8-11-2020, 1:09:30 PM
best(best) used a timebomb 8-11-2020, 1:09:30 PM
best(best) used a timebomb 8-11-2020, 1:09:31 PM
best(best) used a timebomb 8-11-2020, 1:09:31 PM
best(best) used a timebomb 8-11-2020, 1:09:31 PM
best(best) used a timebomb 8-11-2020, 1:09:53 PM
best(best) used a timebomb 8-11-2020, 1:09:53 PM
best(best) used a timebomb 8-11-2020, 1:09:54 PM
best(best) used a timebomb 8-11-2020, 1:09:54 PM
best(best) used a timebomb 8-11-2020, 1:09:54 PM
best(best) used a timebomb 8-11-2020, 1:09:54 PM
best(best) used a timebomb 8-11-2020, 1:09:55 PM
best(best) used a timebomb 8-11-2020, 1:09:55 PM
best(best) used a timebomb 8-11-2020, 1:09:55 PM
best(best) used a timebomb 8-11-2020, 1:09:55 PM
best(best) used a timebomb 8-11-2020, 1:09:56 PM
best(best) used a timebomb 8-11-2020, 1:09:56 PM
best(best) used a timebomb 8-11-2020, 1:09:56 PM
best(best) used a timebomb 8-11-2020, 1:09:57 PM
best(best) used a timebomb 8-11-2020, 1:09:57 PM
best(best) used a timebomb 8-11-2020, 1:09:57 PM
best(best) used a timebomb 8-11-2020, 1:09:58 PM
best(best) used a timebomb 8-11-2020, 1:09:58 PM
best(best) used a timebomb 8-11-2020, 1:09:58 PM
best(best) used a timebomb 8-11-2020, 1:09:59 PM
best(best) used a timebomb 8-11-2020, 1:09:59 PM
best(best) used a timebomb 8-11-2020, 1:10:00 PM
best(best) used a timebomb 8-11-2020, 1:10:00 PM
best(best) used a timebomb 8-11-2020, 1:10:00 PM
best(best) used a timebomb 8-11-2020, 1:10:00 PM
best(best) used a timebomb 8-11-2020, 1:10:01 PM
best(best) used a timebomb 8-11-2020, 1:10:01 PM
best(best) used a timebomb 8-11-2020, 1:10:02 PM
best(best) used a timebomb 8-11-2020, 1:10:03 PM
best(best) used a timebomb 8-11-2020, 1:10:03 PM
best(best) used a timebomb 8-11-2020, 1:10:03 PM
best(best) used a timebomb 8-11-2020, 1:10:04 PM
best(best) used a timebomb 8-11-2020, 1:10:04 PM
best(best) used a timebomb 8-11-2020, 1:10:05 PM
best(best) used a timebomb 8-11-2020, 1:10:05 PM
best(best) used a timebomb 8-11-2020, 1:10:05 PM
best(best) used a timebomb 8-11-2020, 1:10:05 PM
best(best) used a shield 8-11-2020, 1:10:36 PM
best(best) used a shield 8-11-2020, 1:10:36 PM
best(best) used a shield 8-11-2020, 1:10:36 PM
best(best) used a shield 8-11-2020, 1:10:36 PM
best(best) used a shield 8-11-2020, 1:10:37 PM
best(best) used a shield 8-11-2020, 1:10:37 PM
best(best) used a shield 8-11-2020, 1:10:37 PM
best(best) used a shield 8-11-2020, 1:10:37 PM
best(best) used a shield 8-11-2020, 1:10:37 PM
best(best) used a shield 8-11-2020, 1:10:37 PM
best(best) used a shield 8-11-2020, 1:10:38 PM
best(best) used a shield 8-11-2020, 1:10:38 PM
best(best) used a shield 8-11-2020, 1:10:38 PM
best(best) used a shield 8-11-2020, 1:10:38 PM
best(best) used a shield 8-11-2020, 1:10:38 PM
best(best) used a shield 8-11-2020, 1:10:39 PM
best(best) used a shield 8-11-2020, 1:10:39 PM
best(best) used a tk_ultra_health_potion 8-11-2020, 1:10:43 PM
best(best) used a tk_ultra_health_potion 8-11-2020, 1:10:44 PM
best(best) used a hand_grenade 8-11-2020, 1:12:28 PM
best(best) used a hand_grenade 8-11-2020, 1:12:37 PM
best(best) used a hand_grenade 8-11-2020, 1:12:37 PM