
vladon(vladon) used a police_car 8-11-2020, 7:17:19 AM
vladon(vladon) used a health_drink 8-11-2020, 7:21:03 AM
vladon(vladon) used a health_drink 8-11-2020, 7:21:04 AM
vladon(vladon) used a health_drink 8-11-2020, 7:21:04 AM
vladon(vladon) used a health_drink 8-11-2020, 7:21:06 AM
vladon(vladon) used a health_drink 8-11-2020, 7:21:07 AM
vladon(vladon) used a health_drink 8-11-2020, 7:21:07 AM
vladon(vladon) used a health_drink 8-11-2020, 7:21:09 AM
vladon(vladon) used a health_drink 8-11-2020, 7:21:09 AM
vladon(vladon) used a health_drink 8-11-2020, 7:21:09 AM
vladon(vladon) used a health_drink 8-11-2020, 7:21:10 AM
vladon(vladon) used a health_drink 8-11-2020, 7:21:10 AM
vladon(vladon) used a health_drink 8-11-2020, 7:21:10 AM
vladon(vladon) used a health_drink 8-11-2020, 7:21:11 AM
vladon(vladon) used a health_drink 8-11-2020, 7:21:11 AM
vladon(vladon) used a health_drink 8-11-2020, 7:21:12 AM
vladon(vladon) used a health_drink 8-11-2020, 7:21:12 AM
vladon(vladon) used a health_drink 8-11-2020, 7:21:12 AM
vladon(vladon) used a health_drink 8-11-2020, 7:21:13 AM
vladon(vladon) used a health_drink 8-11-2020, 7:21:13 AM
vladon(vladon) used a health_drink 8-11-2020, 7:21:13 AM
vladon(vladon) used a health_drink 8-11-2020, 7:21:13 AM
vladon(vladon) used a health_drink 8-11-2020, 7:21:14 AM
vladon(vladon) used a health_drink 8-11-2020, 7:21:14 AM
vladon(vladon) used a health_drink 8-11-2020, 7:21:14 AM
vladon(vladon) used a health_drink 8-11-2020, 7:21:15 AM
vladon(vladon) used a health_drink 8-11-2020, 7:21:15 AM
vladon(vladon) used a health_drink 8-11-2020, 7:21:15 AM
vladon(vladon) used a health_drink 8-11-2020, 7:21:16 AM
vladon(vladon) used a health_drink 8-11-2020, 7:21:16 AM
vladon(vladon) used a health_drink 8-11-2020, 7:21:17 AM
vladon(vladon) used a health_drink 8-11-2020, 7:21:17 AM
vladon(vladon) used a cannon 8-11-2020, 7:22:33 AM
vladon(vladon) used a hand_cannon 8-11-2020, 7:22:43 AM
vladon(vladon) used a pack_of_4_ammo_hand_cannon 8-11-2020, 7:23:06 AM
vladon(vladon) used a pack_of_4_ammo_hand_cannon 8-11-2020, 7:23:06 AM
vladon(vladon) used a pack_of_4_ammo_hand_cannon 8-11-2020, 7:23:06 AM
vladon(vladon) used a pack_of_4_ammo_hand_cannon 8-11-2020, 7:23:07 AM
vladon(vladon) used a pack_of_4_ammo_hand_cannon 8-11-2020, 7:23:07 AM
vladon(vladon) used a pack_of_4_ammo_hand_cannon 8-11-2020, 7:23:09 AM
vladon(vladon) used a pack_of_4_ammo_hand_cannon 8-11-2020, 7:23:09 AM
vladon(vladon) used a pack_of_4_ammo_hand_cannon 8-11-2020, 7:23:10 AM
vladon(vladon) used a pack_of_4_ammo_hand_cannon 8-11-2020, 7:23:10 AM
vladon(vladon) used a pack_of_4_ammo_hand_cannon 8-11-2020, 7:23:10 AM
vladon(vladon) used a pack_of_4_ammo_hand_cannon 8-11-2020, 7:23:10 AM
vladon(vladon) used a pack_of_4_ammo_hand_cannon 8-11-2020, 7:23:11 AM
vladon(vladon) used a pack_of_4_ammo_hand_cannon 8-11-2020, 7:23:11 AM
vladon(vladon) used a pack_of_4_ammo_hand_cannon 8-11-2020, 7:23:11 AM
vladon(vladon) used a pack_of_4_ammo_hand_cannon 8-11-2020, 7:23:11 AM
vladon(vladon) used a pack_of_4_ammo_hand_cannon 8-11-2020, 7:23:11 AM
vladon(vladon) used a pack_of_4_ammo_hand_cannon 8-11-2020, 7:23:12 AM
vladon(vladon) used a pack_of_4_ammo_hand_cannon 8-11-2020, 7:23:12 AM
vladon(vladon) used a pack_of_4_ammo_hand_cannon 8-11-2020, 7:23:12 AM
vladon(vladon) used a pack_of_4_ammo_hand_cannon 8-11-2020, 7:23:12 AM
vladon(vladon) used a pack_of_4_ammo_hand_cannon 8-11-2020, 7:23:12 AM
vladon(vladon) used a pack_of_4_ammo_hand_cannon 8-11-2020, 7:23:13 AM
vladon(vladon) used a pack_of_4_ammo_hand_cannon 8-11-2020, 7:23:13 AM
vladon(vladon) used a pack_of_4_ammo_hand_cannon 8-11-2020, 7:23:13 AM
vladon(vladon) used a pack_of_4_ammo_hand_cannon 8-11-2020, 7:23:13 AM
vladon(vladon) used a pack_of_4_ammo_hand_cannon 8-11-2020, 7:23:13 AM
vladon(vladon) used a pack_of_4_ammo_hand_cannon 8-11-2020, 7:23:13 AM
vladon(vladon) used a pack_of_4_ammo_hand_cannon 8-11-2020, 7:23:14 AM
vladon(vladon) used a pack_of_4_ammo_hand_cannon 8-11-2020, 7:23:14 AM
vladon(vladon) used a pack_of_4_ammo_hand_cannon 8-11-2020, 7:23:14 AM
vladon(vladon) used a pack_of_4_ammo_hand_cannon 8-11-2020, 7:23:14 AM
vladon(vladon) used a pack_of_4_ammo_hand_cannon 8-11-2020, 7:23:14 AM
vladon(vladon) used a pack_of_4_ammo_hand_cannon 8-11-2020, 7:23:15 AM
vladon(vladon) used a pack_of_4_ammo_hand_cannon 8-11-2020, 7:23:15 AM
vladon(vladon) used a pack_of_4_ammo_hand_cannon 8-11-2020, 7:23:15 AM
vladon(vladon) used a pack_of_4_ammo_hand_cannon 8-11-2020, 7:23:15 AM
vladon(vladon) used a pack_of_4_ammo_hand_cannon 8-11-2020, 7:23:16 AM
vladon(vladon) used a pack_of_4_ammo_hand_cannon 8-11-2020, 7:23:16 AM
vladon(vladon) used a pack_of_4_ammo_hand_cannon 8-11-2020, 7:23:16 AM
vladon(vladon) used a pack_of_4_ammo_hand_cannon 8-11-2020, 7:23:16 AM
vladon(vladon) used a pack_of_4_ammo_hand_cannon 8-11-2020, 7:23:17 AM
vladon(vladon) used a pack_of_4_ammo_hand_cannon 8-11-2020, 7:23:17 AM
vladon(vladon) used a pack_of_4_ammo_hand_cannon 8-11-2020, 7:23:17 AM
vladon(vladon) used a pack_of_4_ammo_hand_cannon 8-11-2020, 7:23:18 AM
vladon(vladon) used a pack_of_4_ammo_hand_cannon 8-11-2020, 7:23:18 AM
vladon(vladon) used a pack_of_4_ammo_hand_cannon 8-11-2020, 7:23:18 AM
vladon(vladon) used a pack_of_4_ammo_hand_cannon 8-11-2020, 7:23:28 AM
vladon(vladon) used a pack_of_4_ammo_hand_cannon 8-11-2020, 7:23:29 AM
vladon(vladon) used a pack_of_4_ammo_hand_cannon 8-11-2020, 7:23:29 AM
vladon(vladon) used a pack_of_4_ammo_hand_cannon 8-11-2020, 7:23:29 AM
vladon(vladon) used a pack_of_4_ammo_hand_cannon 8-11-2020, 7:23:30 AM
vladon(vladon) used a pack_of_4_ammo_hand_cannon 8-11-2020, 7:23:30 AM
vladon(vladon) used a pack_of_4_ammo_hand_cannon 8-11-2020, 7:23:30 AM
vladon(vladon) used a pack_of_4_ammo_hand_cannon 8-11-2020, 7:23:30 AM
vladon(vladon) used a pack_of_4_ammo_hand_cannon 8-11-2020, 7:23:31 AM
vladon(vladon) used a pack_of_4_ammo_hand_cannon 8-11-2020, 7:23:31 AM
vladon(vladon) used a pack_of_4_ammo_hand_cannon 8-11-2020, 7:23:31 AM
vladon(vladon) used a pack_of_4_ammo_hand_cannon 8-11-2020, 7:23:31 AM
vladon(vladon) used a pack_of_4_ammo_hand_cannon 8-11-2020, 7:23:32 AM
vladon(vladon) used a pack_of_4_ammo_hand_cannon 8-11-2020, 7:23:32 AM
vladon(vladon) used a pack_of_4_ammo_hand_cannon 8-11-2020, 7:23:32 AM
vladon(vladon) used a pack_of_4_ammo_hand_cannon 8-11-2020, 7:23:33 AM
vladon(vladon) used a pack_of_4_ammo_hand_cannon 8-11-2020, 7:23:33 AM
vladon(vladon) used a pack_of_4_ammo_hand_cannon 8-11-2020, 7:23:33 AM
vladon(vladon) used a pack_of_4_ammo_hand_cannon 8-11-2020, 7:23:34 AM
vladon(vladon) used a pack_of_4_ammo_hand_cannon 8-11-2020, 7:23:34 AM
vladon(vladon) used a pack_of_4_ammo_hand_cannon 8-11-2020, 7:23:34 AM
vladon(vladon) used a pack_of_4_ammo_hand_cannon 8-11-2020, 7:23:34 AM
vladon(vladon) used a pack_of_4_ammo_hand_cannon 8-11-2020, 7:23:34 AM
vladon(vladon) used a pack_of_4_ammo_hand_cannon 8-11-2020, 7:23:35 AM
vladon(vladon) used a pack_of_4_ammo_hand_cannon 8-11-2020, 7:23:35 AM
vladon(vladon) used a pack_of_4_ammo_hand_cannon 8-11-2020, 7:23:35 AM
vladon(vladon) used a pack_of_4_ammo_hand_cannon 8-11-2020, 7:23:35 AM
vladon(vladon) used a pack_of_4_ammo_hand_cannon 8-11-2020, 7:23:35 AM
vladon(vladon) used a pack_of_4_ammo_hand_cannon 8-11-2020, 7:23:36 AM
vladon(vladon) used a pack_of_4_ammo_hand_cannon 8-11-2020, 7:23:36 AM
vladon(vladon) used a pack_of_4_ammo_hand_cannon 8-11-2020, 7:23:36 AM
vladon(vladon) used a pack_of_4_ammo_hand_cannon 8-11-2020, 7:23:36 AM
vladon(vladon) used a pack_of_4_ammo_hand_cannon 8-11-2020, 7:23:36 AM
vladon(vladon) used a pack_of_4_ammo_hand_cannon 8-11-2020, 7:23:37 AM
vladon(vladon) used a pack_of_4_ammo_hand_cannon 8-11-2020, 7:23:37 AM
vladon(vladon) used a pack_of_4_ammo_hand_cannon 8-11-2020, 7:23:37 AM
vladon(vladon) used a pack_of_4_ammo_hand_cannon 8-11-2020, 7:23:37 AM
vladon(vladon) used a pack_of_4_ammo_hand_cannon 8-11-2020, 7:23:37 AM
vladon(vladon) used a pack_of_4_ammo_hand_cannon 8-11-2020, 7:23:38 AM
vladon(vladon) used a pack_of_4_ammo_hand_cannon 8-11-2020, 7:23:38 AM
vladon(vladon) used a pack_of_4_ammo_hand_cannon 8-11-2020, 7:23:38 AM
vladon(vladon) used a pack_of_4_ammo_hand_cannon 8-11-2020, 7:23:38 AM
vladon(vladon) used a pack_of_4_ammo_hand_cannon 8-11-2020, 7:23:38 AM
vladon(vladon) used a pack_of_4_ammo_hand_cannon 8-11-2020, 7:23:39 AM
vladon(vladon) used a pack_of_4_ammo_hand_cannon 8-11-2020, 7:23:39 AM
vladon(vladon) used a pack_of_4_ammo_hand_cannon 8-11-2020, 7:23:39 AM
vladon(vladon) used a pack_of_4_ammo_hand_cannon 8-11-2020, 7:23:39 AM
vladon(vladon) used a pack_of_4_ammo_hand_cannon 8-11-2020, 7:23:40 AM
vladon(vladon) used a pack_of_4_ammo_hand_cannon 8-11-2020, 7:23:40 AM
vladon(vladon) used a pack_of_4_ammo_hand_cannon 8-11-2020, 7:23:40 AM
vladon(vladon) used a pack_of_4_ammo_hand_cannon 8-11-2020, 7:23:40 AM
vladon(vladon) used a pack_of_4_ammo_hand_cannon 8-11-2020, 7:23:40 AM
vladon(vladon) used a pack_of_4_ammo_hand_cannon 8-11-2020, 7:23:41 AM
vladon(vladon) used a pack_of_4_ammo_hand_cannon 8-11-2020, 7:23:41 AM
vladon(vladon) used a pack_of_4_ammo_hand_cannon 8-11-2020, 7:23:41 AM
vladon(vladon) used a pack_of_4_ammo_hand_cannon 8-11-2020, 7:23:41 AM
vladon(vladon) used a pack_of_4_ammo_hand_cannon 8-11-2020, 7:23:41 AM
vladon(vladon) used a pack_of_4_ammo_hand_cannon 8-11-2020, 7:23:42 AM
vladon(vladon) used a pack_of_4_ammo_hand_cannon 8-11-2020, 7:23:42 AM
vladon(vladon) used a pack_of_4_ammo_hand_cannon 8-11-2020, 7:23:42 AM
vladon(vladon) used a pack_of_4_ammo_hand_cannon 8-11-2020, 7:23:42 AM
vladon(vladon) used a pack_of_4_ammo_hand_cannon 8-11-2020, 7:23:42 AM
vladon(vladon) used a pack_of_4_ammo_hand_cannon 8-11-2020, 7:23:43 AM
vladon(vladon) used a pack_of_4_ammo_hand_cannon 8-11-2020, 7:23:43 AM
vladon(vladon) used a pack_of_4_ammo_hand_cannon 8-11-2020, 7:23:43 AM
vladon(vladon) used a pack_of_4_ammo_hand_cannon 8-11-2020, 7:23:43 AM
vladon(vladon) used a pack_of_4_ammo_hand_cannon 8-11-2020, 7:23:44 AM
vladon(vladon) used a pack_of_4_ammo_hand_cannon 8-11-2020, 7:23:44 AM
vladon(vladon) used a pack_of_4_ammo_hand_cannon 8-11-2020, 7:23:44 AM
vladon(vladon) used a pack_of_4_ammo_hand_cannon 8-11-2020, 7:23:44 AM
vladon(vladon) used a pack_of_4_ammo_hand_cannon 8-11-2020, 7:23:45 AM
vladon(vladon) used a pack_of_4_ammo_hand_cannon 8-11-2020, 7:23:45 AM
vladon(vladon) used a pack_of_4_ammo_hand_cannon 8-11-2020, 7:23:45 AM
vladon(vladon) used a pack_of_4_ammo_hand_cannon 8-11-2020, 7:23:45 AM
vladon(vladon) used a pack_of_4_ammo_hand_cannon 8-11-2020, 7:23:45 AM
vladon(vladon) used a pack_of_4_ammo_hand_cannon 8-11-2020, 7:23:46 AM
vladon(vladon) used a pack_of_4_ammo_hand_cannon 8-11-2020, 7:23:46 AM
vladon(vladon) used a pack_of_4_ammo_hand_cannon 8-11-2020, 7:23:46 AM
vladon(vladon) used a pack_of_4_ammo_hand_cannon 8-11-2020, 7:23:46 AM
vladon(vladon) used a pack_of_4_ammo_hand_cannon 8-11-2020, 7:23:46 AM
vladon(vladon) used a pack_of_4_ammo_hand_cannon 8-11-2020, 7:23:47 AM
vladon(vladon) used a pack_of_4_ammo_hand_cannon 8-11-2020, 7:23:47 AM
vladon(vladon) used a pack_of_4_ammo_hand_cannon 8-11-2020, 7:23:47 AM
vladon(vladon) used a pack_of_4_ammo_hand_cannon 8-11-2020, 7:23:47 AM
vladon(vladon) used a pack_of_4_ammo_hand_cannon 8-11-2020, 7:23:48 AM
vladon(vladon) used a pack_of_4_ammo_hand_cannon 8-11-2020, 7:23:48 AM
vladon(vladon) used a pack_of_4_ammo_hand_cannon 8-11-2020, 7:23:48 AM
vladon(vladon) used a pack_of_4_ammo_hand_cannon 8-11-2020, 7:23:48 AM
vladon(vladon) used a pack_of_4_ammo_hand_cannon 8-11-2020, 7:23:49 AM
vladon(vladon) used a pack_of_4_ammo_hand_cannon 8-11-2020, 7:23:49 AM
vladon(vladon) used a pack_of_4_ammo_hand_cannon 8-11-2020, 7:23:49 AM
vladon(vladon) used a pack_of_4_ammo_hand_cannon 8-11-2020, 7:23:49 AM
vladon(vladon) used a pack_of_4_ammo_hand_cannon 8-11-2020, 7:23:49 AM
vladon(vladon) used a pack_of_4_ammo_hand_cannon 8-11-2020, 7:23:50 AM
vladon(vladon) used a pack_of_4_ammo_hand_cannon 8-11-2020, 7:23:50 AM
vladon(vladon) used a pack_of_4_ammo_hand_cannon 8-11-2020, 7:23:50 AM
vladon(vladon) used a pack_of_4_ammo_hand_cannon 8-11-2020, 7:23:50 AM
vladon(vladon) used a pack_of_4_ammo_hand_cannon 8-11-2020, 7:23:50 AM
vladon(vladon) used a pack_of_4_ammo_hand_cannon 8-11-2020, 7:23:51 AM
vladon(vladon) used a pack_of_4_ammo_hand_cannon 8-11-2020, 7:23:51 AM
vladon(vladon) used a pack_of_4_ammo_hand_cannon 8-11-2020, 7:23:51 AM
vladon(vladon) used a pack_of_4_ammo_hand_cannon 8-11-2020, 7:23:51 AM
vladon(vladon) used a pack_of_4_ammo_hand_cannon 8-11-2020, 7:23:52 AM
vladon(vladon) used a pack_of_4_ammo_hand_cannon 8-11-2020, 7:23:52 AM
vladon(vladon) used a pack_of_4_ammo_hand_cannon 8-11-2020, 7:23:52 AM
vladon(vladon) used a pack_of_4_ammo_hand_cannon 8-11-2020, 7:23:52 AM
vladon(vladon) used a pack_of_4_ammo_hand_cannon 8-11-2020, 7:23:52 AM
vladon(vladon) used a pack_of_4_ammo_hand_cannon 8-11-2020, 7:23:53 AM
vladon(vladon) used a pack_of_4_ammo_hand_cannon 8-11-2020, 7:23:53 AM
vladon(vladon) used a pack_of_4_ammo_hand_cannon 8-11-2020, 7:23:53 AM
vladon(vladon) used a pack_of_4_ammo_hand_cannon 8-11-2020, 7:23:53 AM
vladon(vladon) used a pack_of_4_ammo_hand_cannon 8-11-2020, 7:23:53 AM
vladon(vladon) used a pack_of_4_ammo_hand_cannon 8-11-2020, 7:23:54 AM
vladon(vladon) used a pack_of_4_ammo_hand_cannon 8-11-2020, 7:23:54 AM
vladon(vladon) used a pack_of_4_ammo_hand_cannon 8-11-2020, 7:23:54 AM
vladon(vladon) used a pack_of_4_ammo_hand_cannon 8-11-2020, 7:23:54 AM
vladon(vladon) used a pack_of_4_ammo_hand_cannon 8-11-2020, 7:23:54 AM
vladon(vladon) used a pack_of_4_ammo_hand_cannon 8-11-2020, 7:23:54 AM
vladon(vladon) used a pack_of_4_ammo_hand_cannon 8-11-2020, 7:23:55 AM
vladon(vladon) used a pack_of_4_ammo_hand_cannon 8-11-2020, 7:23:55 AM
vladon(vladon) used a pack_of_4_ammo_hand_cannon 8-11-2020, 7:23:55 AM
vladon(vladon) used a pack_of_4_ammo_hand_cannon 8-11-2020, 7:23:55 AM
vladon(vladon) used a pack_of_4_ammo_hand_cannon 8-11-2020, 7:23:55 AM
vladon(vladon) used a pack_of_4_ammo_hand_cannon 8-11-2020, 7:23:56 AM
vladon(vladon) used a pack_of_4_ammo_hand_cannon 8-11-2020, 7:23:56 AM
vladon(vladon) used a pack_of_4_ammo_hand_cannon 8-11-2020, 7:23:56 AM
vladon(vladon) used a pack_of_4_ammo_hand_cannon 8-11-2020, 7:23:56 AM
vladon(vladon) used a pack_of_4_ammo_hand_cannon 8-11-2020, 7:23:56 AM
vladon(vladon) used a pack_of_4_ammo_hand_cannon 8-11-2020, 7:23:57 AM
vladon(vladon) used a pack_of_4_ammo_hand_cannon 8-11-2020, 7:23:57 AM
vladon(vladon) used a pack_of_4_ammo_hand_cannon 8-11-2020, 7:23:57 AM
vladon(vladon) used a pack_of_4_ammo_hand_cannon 8-11-2020, 7:23:57 AM
vladon(vladon) used a pack_of_4_ammo_hand_cannon 8-11-2020, 7:23:57 AM
vladon(vladon) used a pack_of_4_ammo_hand_cannon 8-11-2020, 7:23:58 AM
vladon(vladon) used a pack_of_4_ammo_hand_cannon 8-11-2020, 7:23:58 AM
vladon(vladon) used a pack_of_4_ammo_hand_cannon 8-11-2020, 7:23:58 AM
vladon(vladon) used a pack_of_4_ammo_hand_cannon 8-11-2020, 7:23:58 AM
vladon(vladon) used a pack_of_4_ammo_hand_cannon 8-11-2020, 7:23:58 AM
vladon(vladon) used a pack_of_4_ammo_hand_cannon 8-11-2020, 7:23:58 AM
vladon(vladon) used a pack_of_4_ammo_hand_cannon 8-11-2020, 7:23:59 AM
vladon(vladon) used a pack_of_4_ammo_hand_cannon 8-11-2020, 7:23:59 AM
vladon(vladon) used a pack_of_4_ammo_hand_cannon 8-11-2020, 7:23:59 AM
vladon(vladon) used a pack_of_4_ammo_hand_cannon 8-11-2020, 7:23:59 AM
vladon(vladon) used a pack_of_4_ammo_hand_cannon 8-11-2020, 7:24:00 AM
vladon(vladon) used a pack_of_4_ammo_hand_cannon 8-11-2020, 7:24:00 AM
vladon(vladon) used a pack_of_4_ammo_hand_cannon 8-11-2020, 7:24:00 AM
vladon(vladon) used a pack_of_4_ammo_hand_cannon 8-11-2020, 7:24:00 AM
vladon(vladon) used a pack_of_4_ammo_hand_cannon 8-11-2020, 7:24:03 AM
vladon(vladon) used a pack_of_4_ammo_hand_cannon 8-11-2020, 7:24:03 AM
vladon(vladon) used a pack_of_4_ammo_hand_cannon 8-11-2020, 7:24:03 AM
vladon(vladon) used a pack_of_4_ammo_hand_cannon 8-11-2020, 7:24:03 AM
vladon(vladon) used a shield 8-11-2020, 7:24:05 AM
vladon(vladon) used a shield 8-11-2020, 7:24:05 AM
vladon(vladon) used a shield 8-11-2020, 7:24:05 AM
vladon(vladon) used a shield 8-11-2020, 7:24:06 AM
vladon(vladon) used a shield 8-11-2020, 7:24:06 AM
vladon(vladon) used a shield 8-11-2020, 7:24:06 AM
vladon(vladon) used a shield 8-11-2020, 7:24:07 AM
vladon(vladon) used a shield 8-11-2020, 7:24:07 AM
vladon(vladon) used a shield 8-11-2020, 7:24:07 AM
vladon(vladon) used a shield 8-11-2020, 7:24:08 AM
vladon(vladon) used a shield 8-11-2020, 7:24:08 AM
vladon(vladon) used a shield 8-11-2020, 7:24:09 AM
vladon(vladon) used a shield 8-11-2020, 7:24:09 AM
vladon(vladon) used a shield 8-11-2020, 7:24:10 AM
vladon(vladon) used a shield 8-11-2020, 7:24:10 AM
vladon(vladon) used a shield 8-11-2020, 7:24:11 AM
vladon(vladon) used a shield 8-11-2020, 7:24:11 AM
vladon(vladon) used a shield 8-11-2020, 7:24:12 AM
vladon(vladon) used a shield 8-11-2020, 7:24:12 AM
vladon(vladon) used a shield 8-11-2020, 7:24:12 AM
vladon(vladon) used a shield 8-11-2020, 7:24:13 AM
vladon(vladon) used a shield 8-11-2020, 7:24:13 AM
vladon(vladon) used a shield 8-11-2020, 7:24:14 AM
vladon(vladon) used a shield 8-11-2020, 7:24:14 AM
vladon(vladon) used a shield 8-11-2020, 7:24:14 AM
vladon(vladon) used a shield 8-11-2020, 7:24:15 AM
vladon(vladon) used a shield 8-11-2020, 7:24:15 AM
vladon(vladon) used a shield 8-11-2020, 7:24:16 AM
vladon(vladon) used a pack_of_4_ammo_hand_cannon 8-11-2020, 7:24:17 AM
vladon(vladon) used a pack_of_4_ammo_hand_cannon 8-11-2020, 7:24:17 AM
vladon(vladon) used a pack_of_4_ammo_hand_cannon 8-11-2020, 7:24:17 AM
vladon(vladon) used a pack_of_4_ammo_hand_cannon 8-11-2020, 7:24:18 AM
vladon(vladon) used a pack_of_4_ammo_hand_cannon 8-11-2020, 7:24:18 AM
vladon(vladon) used a pack_of_4_ammo_hand_cannon 8-11-2020, 7:24:18 AM
vladon(vladon) used a pack_of_4_ammo_hand_cannon 8-11-2020, 7:24:18 AM
vladon(vladon) used a pack_of_4_ammo_hand_cannon 8-11-2020, 7:24:19 AM
vladon(vladon) used a pack_of_4_ammo_hand_cannon 8-11-2020, 7:24:19 AM
vladon(vladon) used a pack_of_4_ammo_hand_cannon 8-11-2020, 7:24:19 AM
vladon(vladon) used a pack_of_4_ammo_hand_cannon 8-11-2020, 7:24:19 AM
vladon(vladon) used a pack_of_4_ammo_hand_cannon 8-11-2020, 7:24:19 AM
vladon(vladon) used a pack_of_4_ammo_hand_cannon 8-11-2020, 7:24:20 AM
vladon(vladon) used a pack_of_4_ammo_hand_cannon 8-11-2020, 7:24:20 AM
vladon(vladon) used a pack_of_4_ammo_hand_cannon 8-11-2020, 7:24:20 AM
vladon(vladon) used a pack_of_4_ammo_hand_cannon 8-11-2020, 7:24:20 AM
vladon(vladon) used a pack_of_4_ammo_hand_cannon 8-11-2020, 7:24:20 AM
vladon(vladon) used a pack_of_4_ammo_hand_cannon 8-11-2020, 7:24:21 AM
vladon(vladon) used a pack_of_4_ammo_hand_cannon 8-11-2020, 7:24:21 AM
vladon(vladon) used a pack_of_4_ammo_hand_cannon 8-11-2020, 7:24:21 AM
vladon(vladon) used a pack_of_4_ammo_hand_cannon 8-11-2020, 7:24:21 AM
vladon(vladon) used a pack_of_4_ammo_hand_cannon 8-11-2020, 7:24:21 AM
vladon(vladon) used a pack_of_4_ammo_hand_cannon 8-11-2020, 7:24:22 AM
vladon(vladon) used a pack_of_4_ammo_hand_cannon 8-11-2020, 7:24:22 AM
vladon(vladon) used a pack_of_4_ammo_hand_cannon 8-11-2020, 7:24:22 AM
vladon(vladon) used a pack_of_4_ammo_hand_cannon 8-11-2020, 7:24:22 AM
vladon(vladon) used a pack_of_4_ammo_hand_cannon 8-11-2020, 7:24:23 AM
vladon(vladon) used a pack_of_4_ammo_hand_cannon 8-11-2020, 7:24:23 AM
vladon(vladon) used a pack_of_4_ammo_hand_cannon 8-11-2020, 7:24:23 AM
vladon(vladon) used a pack_of_4_ammo_hand_cannon 8-11-2020, 7:24:23 AM
vladon(vladon) used a pack_of_4_ammo_hand_cannon 8-11-2020, 7:24:23 AM
vladon(vladon) used a pack_of_4_ammo_hand_cannon 8-11-2020, 7:24:24 AM
vladon(vladon) used a pack_of_4_ammo_hand_cannon 8-11-2020, 7:24:24 AM
vladon(vladon) used a pack_of_4_ammo_hand_cannon 8-11-2020, 7:24:24 AM
vladon(vladon) used a pack_of_4_ammo_hand_cannon 8-11-2020, 7:24:24 AM
vladon(vladon) used a pack_of_4_ammo_hand_cannon 8-11-2020, 7:24:24 AM
vladon(vladon) used a pack_of_4_ammo_hand_cannon 8-11-2020, 7:24:25 AM
vladon(vladon) used a pack_of_4_ammo_hand_cannon 8-11-2020, 7:24:25 AM
vladon(vladon) used a pack_of_4_ammo_hand_cannon 8-11-2020, 7:24:25 AM
vladon(vladon) used a pack_of_4_ammo_hand_cannon 8-11-2020, 7:24:25 AM
vladon(vladon) used a pack_of_4_ammo_hand_cannon 8-11-2020, 7:24:26 AM
vladon(vladon) used a pack_of_4_ammo_hand_cannon 8-11-2020, 7:24:26 AM
vladon(vladon) used a pack_of_4_ammo_hand_cannon 8-11-2020, 7:24:26 AM
vladon(vladon) used a pack_of_4_ammo_hand_cannon 8-11-2020, 7:24:26 AM
vladon(vladon) used a pack_of_4_ammo_hand_cannon 8-11-2020, 7:24:26 AM
vladon(vladon) used a pack_of_4_ammo_hand_cannon 8-11-2020, 7:24:27 AM
vladon(vladon) used a pack_of_4_ammo_hand_cannon 8-11-2020, 7:24:27 AM
vladon(vladon) used a pack_of_4_ammo_hand_cannon 8-11-2020, 7:24:27 AM
vladon(vladon) used a pack_of_4_ammo_hand_cannon 8-11-2020, 7:24:27 AM
vladon(vladon) used a pack_of_4_ammo_hand_cannon 8-11-2020, 7:24:27 AM
vladon(vladon) used a pack_of_4_ammo_hand_cannon 8-11-2020, 7:24:28 AM
vladon(vladon) used a pack_of_4_ammo_hand_cannon 8-11-2020, 7:24:28 AM
vladon(vladon) used a pack_of_4_ammo_hand_cannon 8-11-2020, 7:24:28 AM
vladon(vladon) used a pack_of_4_ammo_hand_cannon 8-11-2020, 7:24:28 AM
vladon(vladon) used a pack_of_4_ammo_hand_cannon 8-11-2020, 7:24:28 AM
vladon(vladon) used a pack_of_4_ammo_hand_cannon 8-11-2020, 7:24:28 AM
vladon(vladon) used a pack_of_4_ammo_hand_cannon 8-11-2020, 7:24:29 AM
vladon(vladon) used a pack_of_4_ammo_hand_cannon 8-11-2020, 7:24:29 AM
vladon(vladon) used a pack_of_4_ammo_hand_cannon 8-11-2020, 7:24:29 AM
vladon(vladon) used a pack_of_4_ammo_hand_cannon 8-11-2020, 7:24:29 AM
vladon(vladon) used a pack_of_4_ammo_hand_cannon 8-11-2020, 7:24:29 AM
vladon(vladon) used a pack_of_4_ammo_hand_cannon 8-11-2020, 7:24:30 AM
vladon(vladon) used a pack_of_4_ammo_hand_cannon 8-11-2020, 7:24:30 AM
vladon(vladon) used a pack_of_4_ammo_hand_cannon 8-11-2020, 7:24:30 AM
vladon(vladon) used a pack_of_4_ammo_hand_cannon 8-11-2020, 7:24:30 AM
vladon(vladon) used a pack_of_4_ammo_hand_cannon 8-11-2020, 7:24:31 AM
vladon(vladon) used a pack_of_4_ammo_hand_cannon 8-11-2020, 7:24:31 AM
vladon(vladon) used a pack_of_4_ammo_hand_cannon 8-11-2020, 7:24:31 AM
vladon(vladon) used a pack_of_4_ammo_hand_cannon 8-11-2020, 7:24:31 AM
vladon(vladon) used a pack_of_4_ammo_hand_cannon 8-11-2020, 7:24:31 AM
vladon(vladon) used a pack_of_4_ammo_hand_cannon 8-11-2020, 7:24:32 AM
vladon(vladon) used a pack_of_4_ammo_hand_cannon 8-11-2020, 7:24:32 AM
vladon(vladon) used a pack_of_4_ammo_hand_cannon 8-11-2020, 7:24:32 AM
vladon(vladon) used a pack_of_4_ammo_hand_cannon 8-11-2020, 7:24:32 AM
vladon(vladon) used a pack_of_4_ammo_hand_cannon 8-11-2020, 7:24:33 AM
vladon(vladon) used a pack_of_4_ammo_hand_cannon 8-11-2020, 7:24:33 AM
vladon(vladon) used a pack_of_4_ammo_hand_cannon 8-11-2020, 7:24:33 AM
vladon(vladon) used a pack_of_4_ammo_hand_cannon 8-11-2020, 7:24:34 AM
vladon(vladon) used a pack_of_4_ammo_hand_cannon 8-11-2020, 7:24:34 AM
vladon(vladon) used a pack_of_4_ammo_hand_cannon 8-11-2020, 7:24:34 AM
vladon(vladon) used a pack_of_4_ammo_hand_cannon 8-11-2020, 7:24:34 AM
vladon(vladon) used a pack_of_4_ammo_hand_cannon 8-11-2020, 7:24:34 AM
vladon(vladon) used a pack_of_4_ammo_hand_cannon 8-11-2020, 7:24:35 AM
vladon(vladon) used a pack_of_4_ammo_hand_cannon 8-11-2020, 7:24:35 AM
vladon(vladon) used a pack_of_4_ammo_hand_cannon 8-11-2020, 7:24:35 AM
vladon(vladon) used a pack_of_4_ammo_hand_cannon 8-11-2020, 7:24:35 AM
vladon(vladon) used a pack_of_4_ammo_hand_cannon 8-11-2020, 7:24:35 AM
vladon(vladon) used a pack_of_4_ammo_hand_cannon 8-11-2020, 7:24:36 AM
vladon(vladon) used a pack_of_4_ammo_hand_cannon 8-11-2020, 7:24:36 AM
vladon(vladon) used a pack_of_4_ammo_hand_cannon 8-11-2020, 7:24:36 AM
vladon(vladon) used a pack_of_4_ammo_hand_cannon 8-11-2020, 7:24:36 AM
vladon(vladon) used a pack_of_4_ammo_hand_cannon 8-11-2020, 7:24:36 AM
vladon(vladon) used a pack_of_4_ammo_hand_cannon 8-11-2020, 7:24:37 AM
vladon(vladon) used a pack_of_4_ammo_hand_cannon 8-11-2020, 7:24:37 AM
vladon(vladon) used a pack_of_4_ammo_hand_cannon 8-11-2020, 7:24:37 AM
vladon(vladon) used a pack_of_4_ammo_hand_cannon 8-11-2020, 7:24:37 AM
vladon(vladon) used a pack_of_4_ammo_hand_cannon 8-11-2020, 7:24:38 AM
vladon(vladon) used a pack_of_4_ammo_hand_cannon 8-11-2020, 7:24:38 AM
vladon(vladon) used a pack_of_4_ammo_hand_cannon 8-11-2020, 7:24:38 AM
vladon(vladon) used a pack_of_4_ammo_hand_cannon 8-11-2020, 7:24:38 AM
vladon(vladon) used a pack_of_4_ammo_hand_cannon 8-11-2020, 7:24:38 AM
vladon(vladon) used a pack_of_4_ammo_hand_cannon 8-11-2020, 7:24:39 AM
vladon(vladon) used a pack_of_4_ammo_hand_cannon 8-11-2020, 7:24:39 AM
vladon(vladon) used a pack_of_4_ammo_hand_cannon 8-11-2020, 7:24:39 AM
vladon(vladon) used a pack_of_4_ammo_hand_cannon 8-11-2020, 7:24:39 AM
vladon(vladon) used a pack_of_4_ammo_hand_cannon 8-11-2020, 7:24:39 AM
vladon(vladon) used a pack_of_4_ammo_hand_cannon 8-11-2020, 7:24:40 AM
vladon(vladon) used a pack_of_4_ammo_hand_cannon 8-11-2020, 7:24:40 AM
vladon(vladon) used a pack_of_4_ammo_hand_cannon 8-11-2020, 7:24:40 AM
vladon(vladon) used a pack_of_4_ammo_hand_cannon 8-11-2020, 7:24:40 AM
vladon(vladon) used a pack_of_4_ammo_hand_cannon 8-11-2020, 7:24:40 AM
vladon(vladon) used a pack_of_4_ammo_hand_cannon 8-11-2020, 7:24:41 AM
vladon(vladon) used a pack_of_4_ammo_hand_cannon 8-11-2020, 7:24:41 AM
vladon(vladon) used a pack_of_4_ammo_hand_cannon 8-11-2020, 7:24:41 AM
vladon(vladon) used a pack_of_4_ammo_hand_cannon 8-11-2020, 7:24:41 AM
vladon(vladon) used a pack_of_4_ammo_hand_cannon 8-11-2020, 7:24:42 AM
vladon(vladon) used a pack_of_4_ammo_hand_cannon 8-11-2020, 7:24:42 AM
vladon(vladon) used a pack_of_4_ammo_hand_cannon 8-11-2020, 7:24:42 AM
vladon(vladon) used a pack_of_4_ammo_hand_cannon 8-11-2020, 7:24:42 AM
vladon(vladon) used a pack_of_4_ammo_hand_cannon 8-11-2020, 7:24:43 AM
vladon(vladon) used a pack_of_4_ammo_hand_cannon 8-11-2020, 7:24:43 AM
vladon(vladon) used a pack_of_4_ammo_hand_cannon 8-11-2020, 7:24:43 AM
vladon(vladon) used a pack_of_4_ammo_hand_cannon 8-11-2020, 7:24:43 AM
vladon(vladon) used a pack_of_4_ammo_hand_cannon 8-11-2020, 7:24:43 AM
vladon(vladon) used a pack_of_4_ammo_hand_cannon 8-11-2020, 7:24:44 AM
vladon(vladon) used a pack_of_4_ammo_hand_cannon 8-11-2020, 7:24:44 AM
vladon(vladon) used a pack_of_4_ammo_hand_cannon 8-11-2020, 7:24:44 AM
vladon(vladon) used a pack_of_4_ammo_hand_cannon 8-11-2020, 7:24:44 AM
vladon(vladon) used a pack_of_4_ammo_hand_cannon 8-11-2020, 7:24:44 AM
vladon(vladon) used a pack_of_4_ammo_hand_cannon 8-11-2020, 7:24:45 AM
vladon(vladon) used a pack_of_4_ammo_hand_cannon 8-11-2020, 7:24:45 AM
vladon(vladon) used a pack_of_4_ammo_hand_cannon 8-11-2020, 7:24:45 AM
vladon(vladon) used a pack_of_4_ammo_hand_cannon 8-11-2020, 7:24:45 AM
vladon(vladon) used a pack_of_4_ammo_hand_cannon 8-11-2020, 7:24:46 AM
vladon(vladon) used a pack_of_4_ammo_hand_cannon 8-11-2020, 7:24:46 AM
vladon(vladon) used a pack_of_4_ammo_hand_cannon 8-11-2020, 7:24:46 AM
vladon(vladon) used a pack_of_4_ammo_hand_cannon 8-11-2020, 7:24:46 AM
vladon(vladon) used a pack_of_4_ammo_hand_cannon 8-11-2020, 7:24:46 AM
vladon(vladon) used a pack_of_4_ammo_hand_cannon 8-11-2020, 7:24:47 AM
vladon(vladon) used a pack_of_4_ammo_hand_cannon 8-11-2020, 7:24:47 AM
vladon(vladon) used a pack_of_4_ammo_hand_cannon 8-11-2020, 7:24:47 AM
vladon(vladon) used a pack_of_4_ammo_hand_cannon 8-11-2020, 7:24:47 AM
vladon(vladon) used a pack_of_4_ammo_hand_cannon 8-11-2020, 7:24:47 AM
vladon(vladon) used a pack_of_4_ammo_hand_cannon 8-11-2020, 7:24:48 AM
vladon(vladon) used a pack_of_4_ammo_hand_cannon 8-11-2020, 7:24:48 AM
vladon(vladon) used a pack_of_4_ammo_hand_cannon 8-11-2020, 7:24:48 AM
vladon(vladon) used a pack_of_4_ammo_hand_cannon 8-11-2020, 7:24:48 AM
vladon(vladon) used a pack_of_4_ammo_hand_cannon 8-11-2020, 7:24:49 AM
vladon(vladon) used a pack_of_4_ammo_hand_cannon 8-11-2020, 7:24:49 AM
vladon(vladon) used a pack_of_4_ammo_hand_cannon 8-11-2020, 7:24:49 AM
vladon(vladon) used a pack_of_4_ammo_hand_cannon 8-11-2020, 7:24:49 AM
vladon(vladon) used a pack_of_4_ammo_hand_cannon 8-11-2020, 7:24:49 AM
vladon(vladon) used a pack_of_4_ammo_hand_cannon 8-11-2020, 7:24:50 AM
vladon(vladon) used a pack_of_4_ammo_hand_cannon 8-11-2020, 7:24:50 AM
vladon(vladon) used a pack_of_4_ammo_hand_cannon 8-11-2020, 7:24:51 AM
vladon(vladon) used a pack_of_4_ammo_hand_cannon 8-11-2020, 7:24:51 AM
vladon(vladon) used a pack_of_4_ammo_hand_cannon 8-11-2020, 7:24:51 AM
vladon(vladon) used a pack_of_4_ammo_hand_cannon 8-11-2020, 7:24:51 AM
vladon(vladon) used a pack_of_4_ammo_hand_cannon 8-11-2020, 7:24:51 AM
vladon(vladon) used a pack_of_4_ammo_hand_cannon 8-11-2020, 7:24:52 AM
vladon(vladon) used a pack_of_4_ammo_hand_cannon 8-11-2020, 7:24:52 AM
vladon(vladon) used a pack_of_4_ammo_hand_cannon 8-11-2020, 7:24:52 AM
vladon(vladon) used a pack_of_4_ammo_hand_cannon 8-11-2020, 7:24:52 AM
vladon(vladon) used a pack_of_4_ammo_hand_cannon 8-11-2020, 7:24:53 AM
vladon(vladon) used a pack_of_4_ammo_hand_cannon 8-11-2020, 7:24:53 AM
vladon(vladon) used a pack_of_4_ammo_hand_cannon 8-11-2020, 7:24:53 AM
vladon(vladon) used a pack_of_4_ammo_hand_cannon 8-11-2020, 7:24:53 AM
vladon(vladon) used a pack_of_4_ammo_hand_cannon 8-11-2020, 7:24:53 AM
vladon(vladon) used a pack_of_4_ammo_hand_cannon 8-11-2020, 7:24:54 AM
vladon(vladon) used a pack_of_4_ammo_hand_cannon 8-11-2020, 7:24:54 AM
vladon(vladon) used a pack_of_4_ammo_hand_cannon 8-11-2020, 7:24:54 AM
vladon(vladon) used a pack_of_4_ammo_hand_cannon 8-11-2020, 7:24:54 AM
vladon(vladon) used a pack_of_4_ammo_hand_cannon 8-11-2020, 7:24:55 AM
vladon(vladon) used a pack_of_4_ammo_hand_cannon 8-11-2020, 7:24:55 AM
vladon(vladon) used a pack_of_4_ammo_hand_cannon 8-11-2020, 7:24:55 AM
vladon(vladon) used a pack_of_4_ammo_hand_cannon 8-11-2020, 7:24:55 AM
vladon(vladon) used a pack_of_4_ammo_hand_cannon 8-11-2020, 7:24:55 AM
vladon(vladon) used a pack_of_4_ammo_hand_cannon 8-11-2020, 7:24:56 AM
vladon(vladon) used a pack_of_4_ammo_hand_cannon 8-11-2020, 7:24:56 AM
vladon(vladon) used a pack_of_4_ammo_hand_cannon 8-11-2020, 7:24:56 AM
vladon(vladon) used a pack_of_4_ammo_hand_cannon 8-11-2020, 7:24:56 AM
vladon(vladon) used a pack_of_4_ammo_hand_cannon 8-11-2020, 7:24:57 AM
vladon(vladon) used a pack_of_4_ammo_hand_cannon 8-11-2020, 7:24:57 AM
vladon(vladon) used a pack_of_4_ammo_hand_cannon 8-11-2020, 7:24:57 AM
vladon(vladon) used a pack_of_4_ammo_hand_cannon 8-11-2020, 7:24:57 AM
vladon(vladon) used a pack_of_4_ammo_hand_cannon 8-11-2020, 7:24:57 AM
vladon(vladon) used a pack_of_4_ammo_hand_cannon 8-11-2020, 7:24:58 AM
vladon(vladon) used a pack_of_4_ammo_hand_cannon 8-11-2020, 7:24:58 AM
vladon(vladon) used a pack_of_4_ammo_hand_cannon 8-11-2020, 7:24:58 AM
vladon(vladon) used a pack_of_4_ammo_hand_cannon 8-11-2020, 7:24:58 AM
vladon(vladon) used a pack_of_4_ammo_hand_cannon 8-11-2020, 7:24:58 AM
vladon(vladon) used a pack_of_4_ammo_hand_cannon 8-11-2020, 7:24:59 AM
vladon(vladon) used a pack_of_4_ammo_hand_cannon 8-11-2020, 7:24:59 AM
vladon(vladon) used a pack_of_4_ammo_hand_cannon 8-11-2020, 7:24:59 AM
vladon(vladon) used a pack_of_4_ammo_hand_cannon 8-11-2020, 7:24:59 AM
vladon(vladon) used a pack_of_4_ammo_hand_cannon 8-11-2020, 7:24:59 AM
vladon(vladon) used a pack_of_4_ammo_hand_cannon 8-11-2020, 7:25:00 AM
vladon(vladon) used a pack_of_4_ammo_hand_cannon 8-11-2020, 7:25:00 AM
vladon(vladon) used a pack_of_4_ammo_hand_cannon 8-11-2020, 7:25:00 AM
vladon(vladon) used a pack_of_4_ammo_hand_cannon 8-11-2020, 7:25:00 AM
vladon(vladon) used a pack_of_4_ammo_hand_cannon 8-11-2020, 7:25:00 AM
vladon(vladon) used a pack_of_4_ammo_hand_cannon 8-11-2020, 7:25:01 AM
vladon(vladon) used a pack_of_4_ammo_hand_cannon 8-11-2020, 7:25:01 AM
vladon(vladon) used a pack_of_4_ammo_hand_cannon 8-11-2020, 7:25:01 AM
vladon(vladon) used a pack_of_4_ammo_hand_cannon 8-11-2020, 7:25:01 AM
vladon(vladon) used a pack_of_4_ammo_hand_cannon 8-11-2020, 7:25:01 AM
vladon(vladon) used a pack_of_4_ammo_hand_cannon 8-11-2020, 7:25:02 AM
vladon(vladon) used a pack_of_4_ammo_hand_cannon 8-11-2020, 7:25:02 AM
vladon(vladon) used a pack_of_4_ammo_hand_cannon 8-11-2020, 7:25:02 AM
vladon(vladon) used a pack_of_4_ammo_hand_cannon 8-11-2020, 7:25:02 AM
vladon(vladon) used a pack_of_4_ammo_hand_cannon 8-11-2020, 7:25:12 AM
vladon(vladon) used a pack_of_4_ammo_hand_cannon 8-11-2020, 7:25:12 AM
vladon(vladon) used a pack_of_4_ammo_hand_cannon 8-11-2020, 7:25:12 AM
vladon(vladon) used a pack_of_4_ammo_hand_cannon 8-11-2020, 7:25:12 AM
vladon(vladon) used a pack_of_4_ammo_hand_cannon 8-11-2020, 7:25:12 AM
vladon(vladon) used a pack_of_4_ammo_hand_cannon 8-11-2020, 7:25:13 AM
vladon(vladon) used a pack_of_4_ammo_hand_cannon 8-11-2020, 7:25:13 AM
vladon(vladon) used a pack_of_4_ammo_hand_cannon 8-11-2020, 7:25:13 AM
vladon(vladon) used a pack_of_4_ammo_hand_cannon 8-11-2020, 7:25:13 AM
vladon(vladon) used a pack_of_4_ammo_hand_cannon 8-11-2020, 7:25:13 AM
vladon(vladon) used a pack_of_4_ammo_hand_cannon 8-11-2020, 7:25:14 AM
vladon(vladon) used a pack_of_4_ammo_hand_cannon 8-11-2020, 7:25:14 AM
vladon(vladon) used a pack_of_4_ammo_hand_cannon 8-11-2020, 7:25:14 AM
vladon(vladon) used a pack_of_4_ammo_hand_cannon 8-11-2020, 7:25:14 AM
vladon(vladon) used a pack_of_4_ammo_hand_cannon 8-11-2020, 7:25:14 AM
vladon(vladon) used a pack_of_4_ammo_hand_cannon 8-11-2020, 7:25:15 AM
vladon(vladon) used a pack_of_4_ammo_hand_cannon 8-11-2020, 7:25:15 AM
vladon(vladon) used a pack_of_4_ammo_hand_cannon 8-11-2020, 7:25:15 AM
vladon(vladon) used a pack_of_4_ammo_hand_cannon 8-11-2020, 7:25:15 AM
vladon(vladon) used a pack_of_4_ammo_hand_cannon 8-11-2020, 7:25:16 AM
vladon(vladon) used a pack_of_4_ammo_hand_cannon 8-11-2020, 7:25:16 AM
vladon(vladon) used a pack_of_4_ammo_hand_cannon 8-11-2020, 7:25:16 AM
vladon(vladon) used a frequency_scrambler 8-11-2020, 7:25:22 AM
vladon(vladon) used a armored_tank 8-11-2020, 7:25:46 AM
vladon(vladon) used a item_grabber 8-11-2020, 7:27:32 AM
vladon(vladon) used a cyanide_pistol 8-11-2020, 7:28:48 AM
vladon(vladon) used a shield 8-11-2020, 7:29:13 AM
vladon(vladon) used a gas_mask 8-11-2020, 7:29:15 AM
vladon(vladon) used a gas_mask 8-11-2020, 7:29:16 AM
vladon(vladon) used a nuclear_bomb 8-11-2020, 7:29:17 AM
vladon(vladon) used a armored_tank 8-11-2020, 7:29:25 AM
vladon(vladon) used a nuclear_bomb 8-11-2020, 7:29:31 AM
vladon(vladon) used a nuclear_bomb 8-11-2020, 7:29:34 AM
vladon(vladon) used a pack_of_4_ammo_hand_cannon 8-11-2020, 7:29:37 AM
vladon(vladon) used a pack_of_4_ammo_hand_cannon 8-11-2020, 7:29:38 AM
vladon(vladon) used a pack_of_4_ammo_hand_cannon 8-11-2020, 7:29:38 AM
vladon(vladon) used a pack_of_4_ammo_hand_cannon 8-11-2020, 7:29:38 AM
vladon(vladon) used a stp429_mini_missile 8-11-2020, 7:29:43 AM
vladon(vladon) used a health_drink 8-11-2020, 7:31:15 AM
vladon(vladon) used a health_drink 8-11-2020, 7:31:16 AM
vladon(vladon) used a suicide_bomb 8-11-2020, 7:31:20 AM
vladon(vladon) used a suicide_bomb 8-11-2020, 7:31:49 AM
vladon(vladon) used a nuclear_bomb 8-11-2020, 7:32:10 AM
vladon(vladon) used a shield 8-11-2020, 9:25:40 AM
vladon(vladon) used a shield 8-11-2020, 9:25:40 AM
vladon(vladon) used a gas_mask 8-11-2020, 9:25:41 AM
vladon(vladon) used a gas_mask 8-11-2020, 9:25:42 AM
vladon(vladon) used a health_drink 8-11-2020, 9:25:43 AM
vladon(vladon) used a health_drink 8-11-2020, 9:25:43 AM
vladon(vladon) used a health_drink 8-11-2020, 9:25:53 AM
vladon(vladon) used a health_drink 8-11-2020, 9:25:54 AM
vladon(vladon) used a health_drink 8-11-2020, 9:25:54 AM
vladon(vladon) used a health_drink 8-11-2020, 9:25:55 AM
vladon(vladon) used a health_drink 8-11-2020, 9:25:58 AM
vladon(vladon) used a health_drink 8-11-2020, 9:25:58 AM
vladon(vladon) used a health_drink 8-11-2020, 9:25:58 AM
vladon(vladon) used a health_drink 8-11-2020, 9:25:59 AM
vladon(vladon) used a health_drink 8-11-2020, 9:25:59 AM
vladon(vladon) used a health_drink 8-11-2020, 9:25:59 AM
vladon(vladon) used a health_drink 8-11-2020, 9:26:00 AM
vladon(vladon) used a health_drink 8-11-2020, 9:26:03 AM
vladon(vladon) used a health_drink 8-11-2020, 9:26:08 AM
vladon(vladon) used a health_drink 8-11-2020, 9:26:11 AM
vladon(vladon) used a health_drink 8-11-2020, 9:26:12 AM
vladon(vladon) used a item_grabber 8-11-2020, 9:29:51 AM
vladon(vladon) used a health_drink 8-11-2020, 9:32:00 AM
vladon(vladon) used a health_drink 8-11-2020, 9:32:00 AM
vladon(vladon) used a health_drink 8-11-2020, 9:32:01 AM
vladon(vladon) used a shield 8-11-2020, 9:33:03 AM
vladon(vladon) used a gas_mask 8-11-2020, 9:33:04 AM
vladon(vladon) used a health_drink 8-11-2020, 9:33:13 AM
vladon(vladon) used a health_drink 8-11-2020, 9:33:13 AM
vladon(vladon) used a health_drink 8-11-2020, 9:33:20 AM
vladon(vladon) used a health_drink 8-11-2020, 9:33:21 AM
vladon(vladon) used a gas_mask 8-11-2020, 9:36:14 AM
vladon(vladon) used a gas_mask 8-11-2020, 9:36:34 AM
vladon(vladon) used a gas_mask 8-11-2020, 9:36:34 AM
vladon(vladon) used a gas_mask 8-11-2020, 9:36:41 AM
vladon(vladon) used a gas_mask 8-11-2020, 9:38:02 AM
vladon(vladon) used a gas_mask 8-11-2020, 9:38:03 AM
vladon(vladon) used a gas_mask 8-11-2020, 9:38:04 AM
vladon(vladon) used a health_drink 8-11-2020, 9:38:44 AM
vladon(vladon) used a health_drink 8-11-2020, 9:38:44 AM
vladon(vladon) used a health_drink 8-11-2020, 9:38:45 AM
vladon(vladon) used a health_drink 8-11-2020, 9:38:52 AM
vladon(vladon) used a health_drink 8-11-2020, 9:38:52 AM
vladon(vladon) used a health_drink 8-11-2020, 9:38:53 AM
vladon(vladon) used a health_drink 8-11-2020, 9:38:53 AM
vladon(vladon) used a health_drink 8-11-2020, 9:38:55 AM
vladon(vladon) used a health_drink 8-11-2020, 9:38:55 AM
vladon(vladon) used a health_drink 8-11-2020, 9:38:56 AM
vladon(vladon) used a health_drink 8-11-2020, 9:38:56 AM
vladon(vladon) used a health_drink 8-11-2020, 9:38:56 AM
vladon(vladon) used a health_drink 8-11-2020, 9:38:57 AM
vladon(vladon) used a health_drink 8-11-2020, 9:38:57 AM
vladon(vladon) used a health_drink 8-11-2020, 9:39:00 AM
vladon(vladon) used a health_drink 8-11-2020, 9:39:00 AM
vladon(vladon) used a health_drink 8-11-2020, 9:39:00 AM
vladon(vladon) used a health_drink 8-11-2020, 9:39:01 AM
vladon(vladon) used a health_drink 8-11-2020, 9:39:03 AM
vladon(vladon) used a health_drink 8-11-2020, 9:39:03 AM
vladon(vladon) used a health_drink 8-11-2020, 9:39:04 AM
vladon(vladon) used a health_drink 8-11-2020, 9:39:04 AM
vladon(vladon) used a health_drink 8-11-2020, 9:39:08 AM
vladon(vladon) used a health_drink 8-11-2020, 9:39:09 AM
vladon(vladon) used a health_drink 8-11-2020, 9:39:17 AM
vladon(vladon) used a health_drink 8-11-2020, 9:39:18 AM
vladon(vladon) used a health_drink 8-11-2020, 9:39:19 AM
vladon(vladon) used a health_drink 8-11-2020, 9:39:19 AM
vladon(vladon) used a health_drink 8-11-2020, 9:39:20 AM
vladon(vladon) used a health_drink 8-11-2020, 9:39:22 AM
vladon(vladon) used a health_drink 8-11-2020, 9:39:23 AM
vladon(vladon) used a health_drink 8-11-2020, 9:39:23 AM
vladon(vladon) used a health_drink 8-11-2020, 9:39:26 AM
vladon(vladon) used a health_drink 8-11-2020, 9:39:26 AM
vladon(vladon) used a health_drink 8-11-2020, 9:39:27 AM
vladon(vladon) used a health_drink 8-11-2020, 9:39:31 AM
vladon(vladon) used a health_drink 8-11-2020, 9:39:31 AM
vladon(vladon) used a health_drink 8-11-2020, 9:39:31 AM
vladon(vladon) used a health_drink 8-11-2020, 9:39:32 AM
vladon(vladon) used a health_drink 8-11-2020, 9:39:34 AM
vladon(vladon) used a health_drink 8-11-2020, 9:39:34 AM
vladon(vladon) used a health_drink 8-11-2020, 9:39:35 AM
vladon(vladon) used a health_drink 8-11-2020, 9:41:27 AM
vladon(vladon) used a health_drink 8-11-2020, 9:41:27 AM
vladon(vladon) used a cyanide_pistol 8-11-2020, 9:41:31 AM
vladon(vladon) used a health_drink 8-11-2020, 9:42:11 AM
vladon(vladon) used a health_drink 8-11-2020, 9:42:12 AM
vladon(vladon) used a health_drink 8-11-2020, 9:42:14 AM
vladon(vladon) used a health_drink 8-11-2020, 9:42:15 AM
vladon(vladon) used a health_drink 8-11-2020, 9:42:15 AM
vladon(vladon) used a health_drink 8-11-2020, 9:42:15 AM
vladon(vladon) used a health_drink 8-11-2020, 9:42:16 AM
vladon(vladon) used a health_drink 8-11-2020, 9:42:16 AM
vladon(vladon) used a health_drink 8-11-2020, 9:42:17 AM
vladon(vladon) used a health_drink 8-11-2020, 9:42:17 AM
vladon(vladon) used a health_drink 8-11-2020, 9:42:17 AM
vladon(vladon) used a health_drink 8-11-2020, 9:42:18 AM
vladon(vladon) used a health_drink 8-11-2020, 9:42:18 AM
vladon(vladon) used a health_drink 8-11-2020, 9:42:18 AM
vladon(vladon) used a health_drink 8-11-2020, 9:42:19 AM
vladon(vladon) used a health_drink 8-11-2020, 9:42:19 AM
vladon(vladon) used a health_drink 8-11-2020, 9:42:19 AM
vladon(vladon) used a health_drink 8-11-2020, 9:42:20 AM
vladon(vladon) used a health_drink 8-11-2020, 9:42:20 AM
vladon(vladon) used a health_drink 8-11-2020, 9:42:21 AM
vladon(vladon) used a health_drink 8-11-2020, 9:42:21 AM
vladon(vladon) used a health_drink 8-11-2020, 9:42:21 AM
vladon(vladon) used a health_drink 8-11-2020, 9:42:22 AM
vladon(vladon) used a health_drink 8-11-2020, 9:42:22 AM
vladon(vladon) used a health_drink 8-11-2020, 9:42:22 AM
vladon(vladon) used a health_drink 8-11-2020, 9:42:26 AM
vladon(vladon) used a health_drink 8-11-2020, 9:42:29 AM
vladon(vladon) used a health_drink 8-11-2020, 9:42:29 AM
vladon(vladon) used a health_drink 8-11-2020, 9:42:32 AM
vladon(vladon) used a health_drink 8-11-2020, 9:42:32 AM
vladon(vladon) used a health_drink 8-11-2020, 9:42:33 AM
vladon(vladon) used a timebomb 8-11-2020, 9:42:49 AM
vladon(vladon) used a health_drink 8-11-2020, 9:42:55 AM
vladon(vladon) used a health_drink 8-11-2020, 9:42:56 AM
vladon(vladon) used a fire_extinguisher 8-11-2020, 9:42:59 AM
vladon(vladon) used a health_drink 8-11-2020, 9:43:01 AM
vladon(vladon) used a health_drink 8-11-2020, 9:43:01 AM
vladon(vladon) used a shield 8-11-2020, 9:43:06 AM
vladon(vladon) used a shield 8-11-2020, 9:43:07 AM
vladon(vladon) used a shield 8-11-2020, 9:43:07 AM
vladon(vladon) used a shield 8-11-2020, 9:43:08 AM
vladon(vladon) used a shield 8-11-2020, 9:43:08 AM
vladon(vladon) used a robocop 8-11-2020, 10:01:19 AM
vladon(vladon) used a health_drink 8-11-2020, 10:03:30 AM
vladon(vladon) used a health_drink 8-11-2020, 10:03:30 AM
vladon(vladon) used a health_drink 8-11-2020, 10:03:30 AM
vladon(vladon) used a health_drink 8-11-2020, 10:03:35 AM
vladon(vladon) used a health_drink 8-11-2020, 10:03:36 AM
vladon(vladon) used a health_drink 8-11-2020, 10:03:36 AM
vladon(vladon) used a cannon 8-11-2020, 10:03:48 AM
vladon(vladon) used a health_drink 8-11-2020, 10:03:56 AM
vladon(vladon) used a health_drink 8-11-2020, 10:03:56 AM
vladon(vladon) used a health_drink 8-11-2020, 10:04:01 AM
vladon(vladon) used a health_drink 8-11-2020, 10:04:01 AM
vladon(vladon) used a health_drink 8-11-2020, 10:04:04 AM
vladon(vladon) used a shield 8-11-2020, 10:04:06 AM
vladon(vladon) used a shield 8-11-2020, 10:04:07 AM
vladon(vladon) used a shield 8-11-2020, 10:04:07 AM
vladon(vladon) used a shield 8-11-2020, 10:04:07 AM
vladon(vladon) used a shield 8-11-2020, 10:04:08 AM
vladon(vladon) used a shield 8-11-2020, 10:04:08 AM
vladon(vladon) used a shield 8-11-2020, 10:04:09 AM
vladon(vladon) used a shield 8-11-2020, 10:04:09 AM
vladon(vladon) used a shield 8-11-2020, 10:04:09 AM
vladon(vladon) used a shield 8-11-2020, 10:04:10 AM
vladon(vladon) used a shield 8-11-2020, 10:04:10 AM
vladon(vladon) used a shield 8-11-2020, 10:04:11 AM
vladon(vladon) used a shield 8-11-2020, 10:04:11 AM
vladon(vladon) used a shield 8-11-2020, 10:04:11 AM
vladon(vladon) used a shield 8-11-2020, 10:04:12 AM
vladon(vladon) used a shield 8-11-2020, 10:04:12 AM
vladon(vladon) used a shield 8-11-2020, 10:04:13 AM
vladon(vladon) used a shield 8-11-2020, 10:04:13 AM
vladon(vladon) used a shield 8-11-2020, 10:04:14 AM
vladon(vladon) used a shield 8-11-2020, 10:04:14 AM
vladon(vladon) used a shield 8-11-2020, 10:04:15 AM
vladon(vladon) used a shield 8-11-2020, 10:04:15 AM
vladon(vladon) used a shield 8-11-2020, 10:04:16 AM
vladon(vladon) used a shield 8-11-2020, 10:04:16 AM
vladon(vladon) used a shield 8-11-2020, 10:04:16 AM
vladon(vladon) used a shield 8-11-2020, 10:04:17 AM
vladon(vladon) used a shield 8-11-2020, 10:04:17 AM
vladon(vladon) used a shield 8-11-2020, 10:04:18 AM
vladon(vladon) used a gas_mask 8-11-2020, 10:04:30 AM
vladon(vladon) used a gas_mask 8-11-2020, 10:04:31 AM
vladon(vladon) used a shield 8-11-2020, 10:04:31 AM
vladon(vladon) used a shield 8-11-2020, 10:04:32 AM
vladon(vladon) used a shield 8-11-2020, 10:04:32 AM
vladon(vladon) used a shield 8-11-2020, 10:04:32 AM
vladon(vladon) used a shield 8-11-2020, 10:04:33 AM
vladon(vladon) used a shield 8-11-2020, 10:04:33 AM
vladon(vladon) used a shield 8-11-2020, 10:04:33 AM
vladon(vladon) used a shield 8-11-2020, 10:04:34 AM
vladon(vladon) used a shield 8-11-2020, 10:04:34 AM
vladon(vladon) used a shield 8-11-2020, 10:04:34 AM
vladon(vladon) used a shield 8-11-2020, 10:04:35 AM
vladon(vladon) used a shield 8-11-2020, 10:04:35 AM
vladon(vladon) used a shield 8-11-2020, 10:04:35 AM
vladon(vladon) used a shield 8-11-2020, 10:04:35 AM
vladon(vladon) used a shield 8-11-2020, 10:04:36 AM
vladon(vladon) used a shield 8-11-2020, 10:04:36 AM
vladon(vladon) used a shield 8-11-2020, 10:04:37 AM
vladon(vladon) used a shield 8-11-2020, 10:04:37 AM
vladon(vladon) used a shield 8-11-2020, 10:04:37 AM
vladon(vladon) used a shield 8-11-2020, 10:04:38 AM
vladon(vladon) used a shield 8-11-2020, 10:04:38 AM
vladon(vladon) used a shield 8-11-2020, 10:04:38 AM
vladon(vladon) used a shield 8-11-2020, 10:04:39 AM
vladon(vladon) used a shield 8-11-2020, 10:04:39 AM
vladon(vladon) used a shield 8-11-2020, 10:04:40 AM
vladon(vladon) used a shield 8-11-2020, 10:04:40 AM
vladon(vladon) used a shield 8-11-2020, 10:04:40 AM
vladon(vladon) used a shield 8-11-2020, 10:04:41 AM
vladon(vladon) used a tk_ultra_health_potion 8-11-2020, 10:04:41 AM
vladon(vladon) used a tk_ultra_health_potion 8-11-2020, 10:04:42 AM
vladon(vladon) used a health_drink 8-11-2020, 10:04:45 AM
vladon(vladon) used a health_drink 8-11-2020, 10:04:46 AM
vladon(vladon) used a health_drink 8-11-2020, 10:04:54 AM
vladon(vladon) used a health_drink 8-11-2020, 10:04:59 AM
vladon(vladon) used a health_drink 8-11-2020, 10:04:59 AM
vladon(vladon) used a tk_ultra_health_potion 8-11-2020, 10:05:46 AM
vladon(vladon) used a nuclear_bomb 8-11-2020, 10:05:47 AM
vladon(vladon) used a helicopter 8-11-2020, 10:06:42 AM
vladon(vladon) used a shield 8-11-2020, 10:08:25 AM
vladon(vladon) used a shield 8-11-2020, 10:08:26 AM
vladon(vladon) used a shield 8-11-2020, 10:08:26 AM
vladon(vladon) used a shield 8-11-2020, 10:08:26 AM
vladon(vladon) used a shield 8-11-2020, 10:08:26 AM
vladon(vladon) used a shield 8-11-2020, 10:08:27 AM
vladon(vladon) used a poison_dart 8-11-2020, 10:10:20 AM
vladon(vladon) used a poison_dart 8-11-2020, 10:10:23 AM
vladon(vladon) used a poison_dart 8-11-2020, 10:10:44 AM
vladon(vladon) used a poison_dart 8-11-2020, 10:11:16 AM
vladon(vladon) used a poison_dart 8-11-2020, 10:11:17 AM
vladon(vladon) used a helicopter 8-11-2020, 10:12:49 AM
vladon(vladon) used a hand_cannon 8-11-2020, 10:14:49 AM
vladon(vladon) used a shield 8-11-2020, 10:14:51 AM
vladon(vladon) used a shield 8-11-2020, 10:14:51 AM
vladon(vladon) used a shield 8-11-2020, 10:14:51 AM
vladon(vladon) used a shield 8-11-2020, 10:14:52 AM
vladon(vladon) used a shield 8-11-2020, 10:14:52 AM
vladon(vladon) used a shield 8-11-2020, 10:14:52 AM
vladon(vladon) used a shield 8-11-2020, 10:14:53 AM
vladon(vladon) used a hand_cannon 8-11-2020, 10:16:21 AM
vladon(vladon) used a shield 8-11-2020, 10:16:27 AM
vladon(vladon) used a shield 8-11-2020, 10:16:27 AM
vladon(vladon) used a shield 8-11-2020, 10:16:28 AM
vladon(vladon) used a shield 8-11-2020, 10:16:28 AM
vladon(vladon) used a shield 8-11-2020, 10:16:29 AM
vladon(vladon) used a shield 8-11-2020, 10:16:29 AM
vladon(vladon) used a shield 8-11-2020, 10:16:29 AM
vladon(vladon) used a shield 8-11-2020, 10:16:29 AM
vladon(vladon) used a shield 8-11-2020, 10:16:30 AM
vladon(vladon) used a shield 8-11-2020, 10:16:30 AM
vladon(vladon) used a shield 8-11-2020, 10:16:30 AM
vladon(vladon) used a shield 8-11-2020, 10:16:30 AM
vladon(vladon) used a shield 8-11-2020, 10:16:31 AM
vladon(vladon) used a shield 8-11-2020, 10:16:31 AM
vladon(vladon) used a shield 8-11-2020, 10:16:32 AM
vladon(vladon) used a shield 8-11-2020, 10:16:32 AM
vladon(vladon) used a shield 8-11-2020, 10:16:32 AM
vladon(vladon) used a shield 8-11-2020, 10:16:33 AM
vladon(vladon) used a shield 8-11-2020, 10:16:33 AM
vladon(vladon) used a shield 8-11-2020, 10:16:33 AM
vladon(vladon) used a shield 8-11-2020, 10:16:34 AM
vladon(vladon) used a health_drink 8-11-2020, 10:18:46 AM
vladon(vladon) used a health_drink 8-11-2020, 10:18:46 AM
vladon(vladon) used a health_drink 8-11-2020, 10:18:47 AM
vladon(vladon) used a health_drink 8-11-2020, 10:18:47 AM
vladon(vladon) used a health_drink 8-11-2020, 10:19:56 AM
vladon(vladon) used a health_drink 8-11-2020, 10:19:56 AM
vladon(vladon) used a health_drink 8-11-2020, 10:19:56 AM
vladon(vladon) used a health_drink 8-11-2020, 10:19:57 AM
vladon(vladon) used a health_drink 8-11-2020, 10:19:59 AM
vladon(vladon) used a health_drink 8-11-2020, 10:19:59 AM
vladon(vladon) used a health_drink 8-11-2020, 10:20:00 AM
vladon(vladon) used a health_drink 8-11-2020, 10:20:02 AM
vladon(vladon) used a health_drink 8-11-2020, 10:20:02 AM
vladon(vladon) used a health_drink 8-11-2020, 10:20:06 AM
vladon(vladon) used a health_drink 8-11-2020, 10:20:06 AM
vladon(vladon) used a poison_dart 8-11-2020, 10:20:09 AM
vladon(vladon) used a health_drink 8-11-2020, 10:20:10 AM
vladon(vladon) used a health_drink 8-11-2020, 10:20:13 AM
vladon(vladon) used a health_drink 8-11-2020, 10:20:16 AM
vladon(vladon) used a health_drink 8-11-2020, 10:20:21 AM
vladon(vladon) used a health_drink 8-11-2020, 10:20:28 AM
vladon(vladon) used a shield 8-11-2020, 10:20:48 AM
vladon(vladon) used a shield 8-11-2020, 10:20:49 AM
vladon(vladon) used a shield 8-11-2020, 10:20:49 AM
vladon(vladon) used a missile_interceptor 8-11-2020, 7:01:20 PM
vladon(vladon) used a missile_interceptor 8-11-2020, 7:01:21 PM
vladon(vladon) used a missile_interceptor 8-11-2020, 7:01:22 PM
vladon(vladon) used a missile_interceptor 8-11-2020, 7:01:23 PM
vladon(vladon) used a missile_interceptor 8-11-2020, 7:01:24 PM
vladon(vladon) used a missile_interceptor 8-11-2020, 7:01:25 PM
vladon(vladon) used a missile_interceptor 8-11-2020, 7:01:26 PM