
blindgamer123(blindgamer123) used a pack_of_10_ammo_barrett_m82_sniper_rifle 2-17-2021, 1:56:34 AM
blindgamer123(blindgamer123) used a barrett_m82_sniper_rifle 2-17-2021, 1:56:37 AM
blindgamer123(blindgamer123) used a ammo_sniper 2-17-2021, 1:56:41 AM
blindgamer123(blindgamer123) used a ammo_sniper 2-17-2021, 1:56:42 AM
blindgamer123(blindgamer123) used a rpg7 2-17-2021, 1:57:21 AM
blindgamer123(blindgamer123) used a awp 2-17-2021, 1:57:27 AM
blindgamer123(blindgamer123) used a shield 2-17-2021, 1:57:43 AM
blindgamer123(blindgamer123) used a shield 2-17-2021, 1:57:43 AM
blindgamer123(blindgamer123) used a shield 2-17-2021, 1:57:44 AM
blindgamer123(blindgamer123) used a tk_ultra_health_potion 2-17-2021, 1:57:48 AM
blindgamer123(blindgamer123) used a tk_ultra_health_potion 2-17-2021, 1:57:48 AM
blindgamer123(blindgamer123) used a str_301_long_barreled_machine_pistol 2-17-2021, 1:57:57 AM
blindgamer123(blindgamer123) used a sniper 2-17-2021, 1:58:11 AM
blindgamer123(blindgamer123) used a crt43_automatic_shotgun 2-17-2021, 1:58:18 AM
blindgamer123(blindgamer123) used a tk_ultra_health_potion 2-17-2021, 2:02:11 AM
blindgamer123(blindgamer123) used a tk_ultra_health_potion 2-17-2021, 2:02:12 AM
blindgamer123(blindgamer123) used a glock_17_pistol 2-17-2021, 2:02:47 AM
blindgamer123(blindgamer123) used a tk_ultra_health_potion 2-17-2021, 2:03:02 AM
blindgamer123(blindgamer123) used a sky_436_mine 2-17-2021, 2:05:25 AM
blindgamer123(blindgamer123) used a sky_436_mine 2-17-2021, 2:05:31 AM
blindgamer123(blindgamer123) used a pack_of_6_ammo_gp30 2-17-2021, 2:09:06 AM
blindgamer123(blindgamer123) used a pack_of_6_ammo_gp30 2-17-2021, 2:09:06 AM
blindgamer123(blindgamer123) used a pack_of_6_ammo_gp30 2-17-2021, 2:09:06 AM
blindgamer123(blindgamer123) used a pack_of_6_ammo_gp30 2-17-2021, 2:09:07 AM
blindgamer123(blindgamer123) used a pack_of_6_ammo_gp30 2-17-2021, 2:09:07 AM
blindgamer123(blindgamer123) used a pack_of_6_ammo_gp30 2-17-2021, 2:09:07 AM
blindgamer123(blindgamer123) used a pack_of_6_ammo_gp30 2-17-2021, 2:09:07 AM
blindgamer123(blindgamer123) used a pack_of_6_ammo_gp30 2-17-2021, 2:09:07 AM
blindgamer123(blindgamer123) used a pack_of_6_ammo_gp30 2-17-2021, 2:09:07 AM
blindgamer123(blindgamer123) used a pack_of_6_ammo_gp30 2-17-2021, 2:09:08 AM
blindgamer123(blindgamer123) used a pack_of_6_ammo_gp30 2-17-2021, 2:09:08 AM
blindgamer123(blindgamer123) used a pack_of_6_ammo_gp30 2-17-2021, 2:09:08 AM
blindgamer123(blindgamer123) used a pack_of_6_ammo_gp30 2-17-2021, 2:09:08 AM
blindgamer123(blindgamer123) used a pack_of_6_ammo_gp30 2-17-2021, 2:09:08 AM
blindgamer123(blindgamer123) used a pack_of_6_ammo_gp30 2-17-2021, 2:09:09 AM
blindgamer123(blindgamer123) used a pack_of_6_ammo_gp30 2-17-2021, 2:09:09 AM
blindgamer123(blindgamer123) used a pack_of_6_ammo_gp30 2-17-2021, 2:09:09 AM
blindgamer123(blindgamer123) used a pack_of_6_ammo_gp30 2-17-2021, 2:09:09 AM
blindgamer123(blindgamer123) used a pack_of_20_ammo_m79_grenade_launcher 2-17-2021, 2:09:12 AM
blindgamer123(blindgamer123) used a pack_of_20_ammo_m79_grenade_launcher 2-17-2021, 2:09:12 AM
blindgamer123(blindgamer123) used a pack_of_20_ammo_m79_grenade_launcher 2-17-2021, 2:09:13 AM
blindgamer123(blindgamer123) used a pack_of_20_ammo_m79_grenade_launcher 2-17-2021, 2:09:13 AM
blindgamer123(blindgamer123) used a pack_of_20_ammo_m79_grenade_launcher 2-17-2021, 2:09:13 AM
blindgamer123(blindgamer123) used a pack_of_20_ammo_m79_grenade_launcher 2-17-2021, 2:09:13 AM
blindgamer123(blindgamer123) used a pack_of_20_ammo_m79_grenade_launcher 2-17-2021, 2:09:13 AM
blindgamer123(blindgamer123) used a pack_of_20_ammo_m79_grenade_launcher 2-17-2021, 2:09:13 AM
blindgamer123(blindgamer123) used a pack_of_20_ammo_m79_grenade_launcher 2-17-2021, 2:09:14 AM
blindgamer123(blindgamer123) used a pack_of_20_ammo_m79_grenade_launcher 2-17-2021, 2:09:14 AM
blindgamer123(blindgamer123) used a pack_of_20_ammo_m79_grenade_launcher 2-17-2021, 2:09:14 AM
blindgamer123(blindgamer123) used a gp30 2-17-2021, 2:09:18 AM
blindgamer123(blindgamer123) used a m79_grenade_launcher 2-17-2021, 2:09:25 AM
blindgamer123(blindgamer123) used a tk_ultra_health_potion 2-17-2021, 2:09:57 AM
blindgamer123(blindgamer123) used a tk_ultra_health_potion 2-17-2021, 2:09:57 AM
blindgamer123(blindgamer123) used a shield 2-17-2021, 2:10:06 AM
blindgamer123(blindgamer123) used a shield 2-17-2021, 2:10:07 AM
blindgamer123(blindgamer123) used a shield 2-17-2021, 2:10:07 AM
blindgamer123(blindgamer123) used a shield 2-17-2021, 2:10:10 AM
blindgamer123(blindgamer123) used a shield 2-17-2021, 2:10:13 AM
blindgamer123(blindgamer123) used a shield 2-17-2021, 2:10:14 AM
blindgamer123(blindgamer123) used a shield 2-17-2021, 2:10:16 AM
blindgamer123(blindgamer123) used a shield 2-17-2021, 2:10:16 AM
blindgamer123(blindgamer123) used a shield 2-17-2021, 2:10:17 AM
blindgamer123(blindgamer123) used a shield 2-17-2021, 2:10:17 AM
blindgamer123(blindgamer123) used a shield 2-17-2021, 2:10:17 AM
blindgamer123(blindgamer123) used a shield 2-17-2021, 2:10:18 AM
blindgamer123(blindgamer123) used a shield 2-17-2021, 2:10:18 AM
blindgamer123(blindgamer123) used a shield 2-17-2021, 2:10:18 AM
blindgamer123(blindgamer123) used a shield 2-17-2021, 2:10:18 AM
blindgamer123(blindgamer123) used a shield 2-17-2021, 2:10:19 AM
blindgamer123(blindgamer123) used a shield 2-17-2021, 2:10:19 AM
blindgamer123(blindgamer123) used a shield 2-17-2021, 2:10:19 AM
blindgamer123(blindgamer123) used a shield 2-17-2021, 2:10:19 AM
blindgamer123(blindgamer123) used a shield 2-17-2021, 2:10:20 AM
blindgamer123(blindgamer123) used a shield 2-17-2021, 2:10:20 AM
blindgamer123(blindgamer123) used a shield 2-17-2021, 2:10:20 AM
blindgamer123(blindgamer123) used a shield 2-17-2021, 2:10:20 AM
blindgamer123(blindgamer123) used a shield 2-17-2021, 2:10:20 AM
blindgamer123(blindgamer123) used a shield 2-17-2021, 2:10:21 AM
blindgamer123(blindgamer123) used a shield 2-17-2021, 2:10:21 AM
blindgamer123(blindgamer123) used a shield 2-17-2021, 2:10:21 AM
blindgamer123(blindgamer123) used a shield 2-17-2021, 2:10:21 AM
blindgamer123(blindgamer123) used a shield 2-17-2021, 2:10:22 AM
blindgamer123(blindgamer123) used a shield 2-17-2021, 2:10:22 AM
blindgamer123(blindgamer123) used a shield 2-17-2021, 2:10:22 AM
blindgamer123(blindgamer123) used a shield 2-17-2021, 2:10:22 AM
blindgamer123(blindgamer123) used a shield 2-17-2021, 2:10:23 AM
blindgamer123(blindgamer123) used a shield 2-17-2021, 2:10:23 AM
blindgamer123(blindgamer123) used a shield 2-17-2021, 2:10:23 AM
blindgamer123(blindgamer123) used a shield 2-17-2021, 2:10:23 AM
blindgamer123(blindgamer123) used a shield 2-17-2021, 2:10:24 AM