
istek(fucking bitching WhatsApp) used a flair 2-17-2021, 8:30:35 PM
istek(fucking bitching WhatsApp) used a flair 2-17-2021, 8:30:51 PM
istek(fucking bitching WhatsApp) used a flair 2-17-2021, 8:30:51 PM
istek(fucking bitching WhatsApp) used a flair 2-17-2021, 8:30:53 PM
istek(fucking bitching WhatsApp) used a flair 2-17-2021, 8:30:53 PM
istek(fucking bitching WhatsApp) used a flair 2-17-2021, 8:30:55 PM
istek(fighter3) used a spiked_chain_mace 2-17-2021, 8:58:26 PM
istek(fighter3) used a tk_ultra_health_potion 2-17-2021, 8:58:50 PM
istek(fighter3) used a suicide_bomb 2-17-2021, 9:01:39 PM
istek(fighter3) used a suicide_bomb 2-17-2021, 9:01:56 PM
istek(fighter3) used a suicide_bomb 2-17-2021, 9:01:56 PM
istek(fighter3) used a suicide_bomb 2-17-2021, 9:02:02 PM
istek(fighter3) used a suicide_bomb 2-17-2021, 9:02:03 PM
istek(fighter3) used a suicide_bomb 2-17-2021, 9:02:11 PM
istek(fighter3) used a suicide_bomb 2-17-2021, 9:02:12 PM
istek(fighter3) used a suicide_bomb 2-17-2021, 9:02:30 PM
istek(fighter3) used a suicide_bomb 2-17-2021, 9:02:30 PM
istek(fighter3) used a suicide_bomb 2-17-2021, 9:02:38 PM
istek(fighter3) used a suicide_bomb 2-17-2021, 9:02:38 PM
istek(fighter3) used a suicide_bomb 2-17-2021, 9:02:41 PM
istek(fighter3) used a stone 2-17-2021, 9:02:46 PM
istek(fighter3) used a stone 2-17-2021, 9:02:47 PM
istek(fighter3) used a stone 2-17-2021, 9:02:47 PM
istek(fighter3) used a stone 2-17-2021, 9:02:47 PM
istek(fighter3) used a stone 2-17-2021, 9:02:47 PM
istek(fighter3) used a stone 2-17-2021, 9:02:47 PM
istek(fighter3) used a stone 2-17-2021, 9:02:47 PM
istek(fighter3) used a empty_beer_bottle 2-17-2021, 9:02:50 PM
istek(fighter3) used a empty_beer_bottle 2-17-2021, 9:02:50 PM
istek(fighter3) used a empty_beer_bottle 2-17-2021, 9:02:51 PM
istek(fighter3) used a empty_beer_bottle 2-17-2021, 9:02:51 PM
istek(fighter3) used a empty_beer_bottle 2-17-2021, 9:02:51 PM
istek(fighter3) used a empty_beer_bottle 2-17-2021, 9:02:51 PM
istek(fighter3) used a empty_beer_bottle 2-17-2021, 9:02:52 PM
istek(fighter3) used a empty_beer_bottle 2-17-2021, 9:02:54 PM
istek(fighter3) used a empty_beer_bottle 2-17-2021, 9:02:54 PM
istek(fighter3) used a empty_beer_bottle 2-17-2021, 9:02:56 PM
istek(fighter3) used a empty_beer_bottle 2-17-2021, 9:02:56 PM
istek(fighter3) used a empty_beer_bottle 2-17-2021, 9:02:56 PM
istek(fighter3) used a empty_beer_bottle 2-17-2021, 9:02:57 PM
istek(fighter3) used a empty_beer_bottle 2-17-2021, 9:02:57 PM
istek(fighter3) used a empty_beer_bottle 2-17-2021, 9:02:57 PM
istek(fighter3) used a empty_beer_bottle 2-17-2021, 9:02:58 PM
istek(fighter3) used a empty_beer_bottle 2-17-2021, 9:02:58 PM
istek(fighter3) used a empty_beer_bottle 2-17-2021, 9:02:59 PM
istek(fighter3) used a empty_beer_bottle 2-17-2021, 9:03:00 PM
istek(fighter3) used a empty_beer_bottle 2-17-2021, 9:03:00 PM
istek(fighter3) used a empty_beer_bottle 2-17-2021, 9:03:00 PM
istek(fighter3) used a empty_beer_bottle 2-17-2021, 9:03:00 PM
istek(fighter3) used a empty_beer_bottle 2-17-2021, 9:03:00 PM
istek(fighter3) used a empty_beer_bottle 2-17-2021, 9:03:02 PM
istek(fighter3) used a empty_beer_bottle 2-17-2021, 9:03:03 PM
istek(fighter3) used a empty_beer_bottle 2-17-2021, 9:03:03 PM
istek(fighter3) used a empty_beer_bottle 2-17-2021, 9:03:03 PM
istek(fighter3) used a empty_beer_bottle 2-17-2021, 9:03:09 PM
istek(fighter3) used a empty_beer_bottle 2-17-2021, 9:03:09 PM
istek(fighter3) used a empty_beer_bottle 2-17-2021, 9:03:10 PM
istek(fighter3) used a empty_beer_bottle 2-17-2021, 9:03:11 PM
istek(fighter3) used a empty_beer_bottle 2-17-2021, 9:03:11 PM
istek(fighter3) used a empty_beer_bottle 2-17-2021, 9:03:12 PM
istek(fighter3) used a empty_beer_bottle 2-17-2021, 9:03:12 PM
istek(fighter3) used a empty_beer_bottle 2-17-2021, 9:03:13 PM
istek(fighter3) used a empty_beer_bottle 2-17-2021, 9:03:13 PM
istek(fighter3) used a empty_beer_bottle 2-17-2021, 9:03:13 PM
istek(fighter3) used a empty_beer_bottle 2-17-2021, 9:03:13 PM
istek(fighter3) used a empty_beer_bottle 2-17-2021, 9:03:14 PM
istek(fighter3) used a empty_beer_bottle 2-17-2021, 9:03:14 PM
istek(fighter3) used a empty_beer_bottle 2-17-2021, 9:03:14 PM
istek(fighter3) used a empty_beer_bottle 2-17-2021, 9:03:15 PM
istek(fighter3) used a empty_beer_bottle 2-17-2021, 9:03:16 PM
istek(fighter3) used a empty_beer_bottle 2-17-2021, 9:03:16 PM
istek(fighter3) used a empty_beer_bottle 2-17-2021, 9:03:16 PM
istek(fighter3) used a empty_beer_bottle 2-17-2021, 9:03:17 PM
istek(fighter3) used a empty_beer_bottle 2-17-2021, 9:03:17 PM
istek(fighter3) used a empty_beer_bottle 2-17-2021, 9:03:18 PM
istek(fighter3) used a empty_beer_bottle 2-17-2021, 9:03:18 PM
istek(fighter3) used a empty_beer_bottle 2-17-2021, 9:03:18 PM
istek(fighter3) used a empty_beer_bottle 2-17-2021, 9:03:18 PM
istek(fighter3) used a empty_beer_bottle 2-17-2021, 9:03:18 PM
istek(fighter3) used a empty_beer_bottle 2-17-2021, 9:03:19 PM
istek(fighter3) used a empty_beer_bottle 2-17-2021, 9:03:20 PM
istek(fighter3) used a empty_beer_bottle 2-17-2021, 9:03:20 PM
istek(fighter3) used a empty_beer_bottle 2-17-2021, 9:03:21 PM
istek(fighter3) used a empty_beer_bottle 2-17-2021, 9:03:21 PM
istek(fighter3) used a empty_beer_bottle 2-17-2021, 9:03:21 PM
istek(fighter3) used a empty_beer_bottle 2-17-2021, 9:03:23 PM
istek(fighter3) used a empty_beer_bottle 2-17-2021, 9:03:24 PM
istek(fighter3) used a empty_beer_bottle 2-17-2021, 9:03:24 PM
istek(fighter3) used a empty_beer_bottle 2-17-2021, 9:03:25 PM
istek(fighter3) used a empty_beer_bottle 2-17-2021, 9:03:26 PM
istek(fighter3) used a empty_beer_bottle 2-17-2021, 9:03:26 PM
istek(fighter3) used a empty_beer_bottle 2-17-2021, 9:03:26 PM
istek(fighter3) used a empty_beer_bottle 2-17-2021, 9:03:26 PM
istek(fighter3) used a empty_beer_bottle 2-17-2021, 9:03:27 PM
istek(fighter3) used a empty_beer_bottle 2-17-2021, 9:03:30 PM
istek(fighter3) used a empty_beer_bottle 2-17-2021, 9:03:30 PM
istek(fighter3) used a empty_beer_bottle 2-17-2021, 9:03:30 PM
istek(fighter3) used a empty_beer_bottle 2-17-2021, 9:03:31 PM
istek(fighter3) used a empty_beer_bottle 2-17-2021, 9:03:31 PM
istek(fighter3) used a empty_beer_bottle 2-17-2021, 9:03:32 PM
istek(fighter3) used a empty_beer_bottle 2-17-2021, 9:03:32 PM
istek(fighter3) used a empty_beer_bottle 2-17-2021, 9:03:32 PM
istek(fighter3) used a empty_beer_bottle 2-17-2021, 9:03:33 PM
istek(fighter3) used a empty_beer_bottle 2-17-2021, 9:03:33 PM
istek(fighter3) used a empty_beer_bottle 2-17-2021, 9:03:34 PM
istek(fighter3) used a empty_beer_bottle 2-17-2021, 9:03:35 PM
istek(fighter3) used a empty_beer_bottle 2-17-2021, 9:03:35 PM
istek(fighter3) used a empty_beer_bottle 2-17-2021, 9:03:35 PM
istek(fighter3) used a empty_beer_bottle 2-17-2021, 9:03:35 PM
istek(fighter3) used a empty_beer_bottle 2-17-2021, 9:03:36 PM
istek(fighter3) used a empty_beer_bottle 2-17-2021, 9:03:36 PM
istek(fighter3) used a empty_beer_bottle 2-17-2021, 9:03:36 PM
istek(fighter3) used a empty_beer_bottle 2-17-2021, 9:03:37 PM
istek(fighter3) used a empty_beer_bottle 2-17-2021, 9:03:37 PM
istek(fighter3) used a empty_beer_bottle 2-17-2021, 9:03:37 PM
istek(fighter3) used a empty_beer_bottle 2-17-2021, 9:03:37 PM
istek(fighter3) used a empty_beer_bottle 2-17-2021, 9:03:37 PM
istek(fighter3) used a empty_beer_bottle 2-17-2021, 9:03:38 PM
istek(fighter3) used a empty_beer_bottle 2-17-2021, 9:03:38 PM
istek(fighter3) used a small_projectile 2-17-2021, 9:03:42 PM
istek(fighter3) used a small_projectile 2-17-2021, 9:03:42 PM
istek(fighter3) used a small_projectile 2-17-2021, 9:03:42 PM
istek(fighter3) used a small_projectile 2-17-2021, 9:03:43 PM
istek(fighter3) used a small_projectile 2-17-2021, 9:03:44 PM
istek(fighter3) used a small_projectile 2-17-2021, 9:03:45 PM
istek(fighter3) used a empty_beer_bottle 2-17-2021, 9:03:56 PM
istek(fighter3) used a empty_beer_bottle 2-17-2021, 9:04:02 PM
istek(fighter3) used a empty_beer_bottle 2-17-2021, 9:04:04 PM
istek(fighter3) used a empty_beer_bottle 2-17-2021, 9:04:05 PM
istek(fighter3) used a empty_beer_bottle 2-17-2021, 9:04:05 PM
istek(fighter3) used a empty_beer_bottle 2-17-2021, 9:04:05 PM
istek(fighter3) used a empty_beer_bottle 2-17-2021, 9:04:07 PM
istek(fighter3) used a empty_beer_bottle 2-17-2021, 9:04:08 PM
istek(fighter3) used a empty_beer_bottle 2-17-2021, 9:04:08 PM
istek(fighter3) used a empty_beer_bottle 2-17-2021, 9:04:08 PM
istek(fighter3) used a empty_beer_bottle 2-17-2021, 9:04:09 PM
istek(fighter3) used a empty_beer_bottle 2-17-2021, 9:04:09 PM
istek(fighter3) used a empty_beer_bottle 2-17-2021, 9:04:10 PM
istek(fighter3) used a empty_beer_bottle 2-17-2021, 9:04:11 PM
istek(fighter3) used a empty_beer_bottle 2-17-2021, 9:04:12 PM
istek(fighter3) used a empty_beer_bottle 2-17-2021, 9:04:12 PM
istek(fighter3) used a empty_beer_bottle 2-17-2021, 9:04:12 PM
istek(fighter3) used a empty_beer_bottle 2-17-2021, 9:04:14 PM
istek(fighter3) used a empty_beer_bottle 2-17-2021, 9:04:15 PM
istek(fighter3) used a empty_beer_bottle 2-17-2021, 9:04:16 PM
istek(fighter3) used a empty_beer_bottle 2-17-2021, 9:04:16 PM
istek(fighter3) used a empty_beer_bottle 2-17-2021, 9:04:17 PM
istek(fighter3) used a empty_beer_bottle 2-17-2021, 9:04:18 PM
istek(fighter3) used a empty_beer_bottle 2-17-2021, 9:04:18 PM
istek(fighter3) used a empty_beer_bottle 2-17-2021, 9:04:18 PM
istek(fighter3) used a empty_beer_bottle 2-17-2021, 9:04:18 PM
istek(fighter3) used a empty_beer_bottle 2-17-2021, 9:04:19 PM
istek(fighter3) used a empty_beer_bottle 2-17-2021, 9:04:19 PM
istek(fighter3) used a empty_beer_bottle 2-17-2021, 9:04:19 PM
istek(fighter3) used a mass_bomb 2-17-2021, 9:05:25 PM
istek(fighter3) used a mass_bomb 2-17-2021, 9:05:26 PM
istek(fighter3) used a guided_missile 2-17-2021, 9:05:35 PM
istek(fighter3) used a guided_missile 2-17-2021, 9:05:36 PM
istek(fighter3) used a empty_beer_bottle 2-17-2021, 9:05:40 PM
istek(fighter3) used a empty_beer_bottle 2-17-2021, 9:05:41 PM
istek(fighter3) used a empty_beer_bottle 2-17-2021, 9:05:52 PM
istek(fighter3) used a bottle_bomb 2-17-2021, 9:06:14 PM
istek(fighter3) used a bottle_bomb 2-17-2021, 9:06:15 PM
istek(fighter3) used a bottle_bomb 2-17-2021, 9:06:15 PM
istek(fighter3) used a bullet_bomb 2-17-2021, 9:06:18 PM
istek(fighter3) used a hand_grenade 2-17-2021, 9:06:21 PM
istek(fighter3) used a flair 2-17-2021, 9:06:34 PM
istek(fighter3) used a flair 2-17-2021, 9:06:34 PM
istek(fighter3) used a flair 2-17-2021, 9:06:34 PM
istek(fighter3) used a flair 2-17-2021, 9:06:34 PM
istek(fighter3) used a flair 2-17-2021, 9:06:34 PM
istek(fighter3) used a flair 2-17-2021, 9:06:35 PM
istek(fighter3) used a flair 2-17-2021, 9:07:12 PM
istek(fighter3) used a cyanide_pistol 2-17-2021, 9:07:16 PM
istek(fighter3) used a hand_cannon 2-17-2021, 9:07:26 PM
istek(fighter3) used a storm_sniper 2-17-2021, 9:07:37 PM
istek(fighter3) used a tk_ultra_health_potion 2-17-2021, 9:07:45 PM
istek(fighter3) used a tk_ultra_health_potion 2-17-2021, 9:07:45 PM
istek(fighter3) used a tk_ultra_health_potion 2-17-2021, 9:08:00 PM
istek(fighter3) used a tk_ultra_health_potion 2-17-2021, 9:08:50 PM
istek(fighter3) used a storm_sniper 2-17-2021, 9:09:01 PM
istek(fighter3) used a storm_sniper 2-17-2021, 9:09:01 PM
istek(fighter3) used a tk_ultra_health_potion 2-17-2021, 9:09:03 PM
istek(fighter3) used a storm_sniper 2-17-2021, 9:09:37 PM
istek(fighter3) used a storm_sniper 2-17-2021, 9:09:37 PM
istek(fighter3) used a storm_sniper 2-17-2021, 9:09:38 PM
istek(fighter3) used a storm_sniper 2-17-2021, 9:09:45 PM
istek(fighter3) used a tk_ultra_health_potion 2-17-2021, 9:11:43 PM
istek(fighter3) used a spiked_bat 2-17-2021, 9:11:56 PM
istek(fighter3) used a storm_sniper 2-17-2021, 9:12:19 PM
istek(fighter3) used a mine 2-17-2021, 10:18:47 PM
istek(fighter3) used a mine 2-17-2021, 10:18:47 PM
istek(fighter3) used a mine 2-17-2021, 10:18:48 PM
istek(fighter3) used a mine 2-17-2021, 10:18:48 PM
istek(fighter3) used a mine 2-17-2021, 10:18:50 PM
istek(fighter3) used a mine 2-17-2021, 10:18:50 PM