
shishimanoo242 (shishimanoo242) sent /s43 2-17-2021, 5:01:18 PM
shishimanoo242 (shishimanoo242) sent /admintell i need sum helth drink 2-17-2021, 5:13:32 PM
shishimanoo242 (shishimanoo242) sent /admintell i need sum helth drink 2-17-2021, 5:14:03 PM
shishimanoo242 (shishimanoo242) sent /admintell aur need sum t k daulers 2-17-2021, 5:15:08 PM
shishimanoo242 (shishimanoo242) sent /pm  shamsiddin i need sum helth drink 2-17-2021, 6:12:53 PM
shishimanoo242 (shishimanoo242) sent /pm  shamsiddin i need more 2-17-2021, 6:13:29 PM
shishimanoo242 (shishimanoo242) sent /pm  shamsiddin aur need t k dauler 2-17-2021, 6:13:52 PM
shishimanoo242 (shishimanoo242) sent /pm  shamsiddin i need  t k daulers 2-17-2021, 6:15:11 PM
shishimanoo242 (shishimanoo242) sent /s47 2-17-2021, 6:16:12 PM
shishimanoo242 (shishimanoo242) sent /lchat i need sum helth drinsk 2-17-2021, 6:23:58 PM
shishimanoo242 (shishimanoo242) sent /lchat i need sum helth drink 2-17-2021, 6:26:08 PM
shishimanoo242 (shishimanoo242) sent /lchat  i need sum t  k daulers 2-17-2021, 6:27:10 PM
shishimanoo242 (shishimanoo242) sent /nickname doreamon423 2-17-2021, 6:30:30 PM
doreamon423 (shishimanoo242) sent /bid 66 2-17-2021, 6:35:15 PM
doreamon423 (shishimanoo242) sent /cancelauction 2-17-2021, 7:27:28 PM
doreamon423 (shishimanoo242) sent /admintell i need sum helth drinks 2-17-2021, 7:56:24 PM
doreamon423 (shishimanoo242) sent /admintell i need sum helth drinks 2-17-2021, 7:57:03 PM
doreamon423 (shishimanoo242) sent /gnsubmit 23 2-17-2021, 8:23:47 PM
doreamon423 (shishimanoo242) sent /gnsubmit 32 2-17-2021, 8:24:08 PM
doreamon423 (shishimanoo242) sent /gnsubmit 23 2-17-2021, 8:24:12 PM
doreamon423 (shishimanoo242) sent /gnsubmit 23 2-17-2021, 8:24:16 PM
doreamon423 (shishimanoo242) sent /admintell i need sum helth drink 2-17-2021, 8:26:00 PM
doreamon423 (shishimanoo242) sent /s6 2-17-2021, 8:30:30 PM
doreamon423 (shishimanoo242) sent /s7 2-17-2021, 8:33:07 PM
doreamon423 (shishimanoo242) sent /gnsubmit 11 2-17-2021, 8:48:29 PM