
blind_streams (yummyballs) sent /t hi 2-17-2021, 5:49:54 AM
blind_streams (yummyballs) sent /t lol 2-17-2021, 5:50:05 AM
blind_streams (yummyballs) sent /t lol 2-17-2021, 5:50:50 AM
blind_streams (yummyballs) sent /t ok 2-17-2021, 5:52:23 AM
blind_streams (yummyballs) sent /t nope 2-17-2021, 5:52:36 AM
blind_streams (yummyballs) sent /t wtf 2-17-2021, 5:53:49 AM
blind_streams (yummyballs) sent /t there is just a sound here 2-17-2021, 5:53:54 AM
blind_streams (yummyballs) sent /where AnhSon 2-17-2021, 5:54:10 AM
blind_streams (yummyballs) sent /t anhson, (anhson), is on map oldmain 2-17-2021, 5:54:15 AM
blind_streams (yummyballs) sent /t wowo yay 2-17-2021, 5:58:44 AM
blind_streams (yummyballs) sent /t ok 2-17-2021, 5:59:44 AM
blind_streams (yummyballs) sent /t lol 2-17-2021, 6:02:19 AM
blind_streams (yummyballs) sent /t lol 2-17-2021, 6:03:35 AM
blind_streams (yummyballs) sent /t this is so fun 2-17-2021, 6:07:31 AM
blind_streams (yummyballs) sent /t wow that was fast 2-17-2021, 6:07:51 AM
blind_streams (yummyballs) sent /t lol same here 2-17-2021, 6:08:14 AM
blind_streams (yummyballs) sent /t oxtion fight inviter 2-17-2021, 6:08:26 AM
blind_streams (yummyballs) sent /t same here lol 2-17-2021, 6:08:38 AM
blind_streams (yummyballs) sent /t i wish every one would come back though 2-17-2021, 6:08:47 AM
blind_streams (yummyballs) sent /where phamhoangminh 2-17-2021, 6:08:55 AM
blind_streams (yummyballs) sent /where AnhSon 2-17-2021, 6:09:08 AM
blind_streams (yummyballs) sent /where PhamHungVuong 2-17-2021, 6:09:13 AM
blind_streams (yummyballs) sent /t they are all in store 2-17-2021, 6:09:28 AM
blind_streams (yummyballs) sent /t it would be funny if they all teamed up 2-17-2021, 6:09:35 AM
blind_streams (yummyballs) sent /t he tryed to use a sored on me lol 2-17-2021, 6:11:01 AM
blind_streams (yummyballs) sent /t wow 2-17-2021, 6:11:35 AM
blind_streams (yummyballs) sent /t one what 2-17-2021, 6:11:43 AM
blind_streams (yummyballs) sent /lchat one what 2-17-2021, 6:11:48 AM
blind_streams (yummyballs) sent /lchat he was hiding in the stake house 2-17-2021, 6:11:55 AM
blind_streams (yummyballs) sent /lchat so my cannen could not even hit him and he still suicided lol 2-17-2021, 6:12:07 AM
blind_streams (yummyballs) sent /lchat how funny 2-17-2021, 6:12:14 AM
blind_streams (yummyballs) sent /t i dont think we should there 2-17-2021, 6:13:32 AM
blind_streams (yummyballs) sent /t they will all be hiding with bear bottil 2-17-2021, 6:13:40 AM
blind_streams (yummyballs) sent /t hay shoot that lolol 2-17-2021, 6:14:15 AM
blind_streams (yummyballs) sent /t my copter coming for you 2-17-2021, 6:14:39 AM
blind_streams (yummyballs) sent /t uoops neer mind 2-17-2021, 6:14:44 AM
blind_streams (yummyballs) sent /where phamhoangminh 2-17-2021, 6:15:05 AM
blind_streams (yummyballs) sent /t nope 2-17-2021, 6:15:10 AM
blind_streams (yummyballs) sent /where PhamHungVuong 2-17-2021, 6:15:16 AM
blind_streams (yummyballs) sent /where AnhSon 2-17-2021, 6:15:22 AM
blind_streams (yummyballs) sent /t wow you can make a shelter in the bar? 2-17-2021, 6:16:37 AM
blind_streams (yummyballs) sent /t where is it 2-17-2021, 6:17:01 AM
blind_streams (yummyballs) sent /t you cant shoot in bar 2-17-2021, 6:17:12 AM
blind_streams (yummyballs) sent /t ok lets go how should we get off this map? 2-17-2021, 6:17:29 AM
blind_streams (yummyballs) sent /t suicide bomb? 2-17-2021, 6:17:40 AM
blind_streams (yummyballs) sent /t how did you get out of here 2-17-2021, 6:17:52 AM
blind_streams (yummyballs) sent /suicide 2-17-2021, 6:18:07 AM
blind_streams (yummyballs) sent /t where shelter 2-17-2021, 6:20:37 AM
blind_streams (yummyballs) sent /t you cant kill it 2-17-2021, 6:21:09 AM
blind_streams (yummyballs) sent /t never mind 2-17-2021, 6:21:19 AM
blind_streams (yummyballs) sent /t lol 2-17-2021, 6:21:40 AM
blind_streams (yummyballs) sent /where AnhSon 2-17-2021, 6:21:59 AM
blind_streams (yummyballs) sent /where PhamHungVuong 2-17-2021, 6:22:06 AM
blind_streams (yummyballs) sent /where phamhoangminh 2-17-2021, 6:22:11 AM
blind_streams (yummyballs) sent /t lol they all hiding on store 2-17-2021, 6:22:24 AM
blind_streams (yummyballs) sent /t i could make a shelter lol 2-17-2021, 6:22:42 AM
blind_streams (yummyballs) sent /t but get heeps of wood for it 2-17-2021, 6:22:55 AM
blind_streams (yummyballs) sent /t ok lol 2-17-2021, 6:23:01 AM
blind_streams (yummyballs) sent /t come 2-17-2021, 6:24:25 AM
blind_streams (yummyballs) sent /t ok 2-17-2021, 6:25:52 AM
blind_streams (yummyballs) sent /t what should we do about them? 2-17-2021, 6:26:27 AM
blind_streams (yummyballs) sent /t any idears? 2-17-2021, 6:26:44 AM
blind_streams (yummyballs) sent /t do you have? 2-17-2021, 6:26:55 AM
blind_streams (yummyballs) sent /t how do we get 2-17-2021, 6:27:07 AM
blind_streams (yummyballs) sent /t well we might be here for a while 2-17-2021, 6:27:25 AM
blind_streams (yummyballs) sent /t we could go in at the same time 2-17-2021, 6:28:02 AM
blind_streams (yummyballs) sent /t na that wouldint work 2-17-2021, 6:28:09 AM
blind_streams (yummyballs) sent /t yup 2-17-2021, 6:28:25 AM
blind_streams (yummyballs) sent /t lol if they build another shelter? 2-17-2021, 6:28:39 AM
blind_streams (yummyballs) sent /t that will be so funny 2-17-2021, 6:28:46 AM
blind_streams (yummyballs) sent /t uooo a new pirson to kill 2-17-2021, 6:29:03 AM
blind_streams (yummyballs) sent /t we could go now 2-17-2021, 6:29:51 AM
blind_streams (yummyballs) sent /t there will ownly be to 2-17-2021, 6:29:56 AM
blind_streams (yummyballs) sent /nickname pikkil rick 2-17-2021, 6:32:26 AM
pikkil rick (yummyballs) sent /nickname blind_streams 2-17-2021, 6:33:49 AM
pikkil rick (yummyballs) sent /where PhamHungVuong 2-17-2021, 6:33:56 AM
pikkil rick (yummyballs) sent /where AnhSon 2-17-2021, 6:34:03 AM
pikkil rick (yummyballs) sent /t ok  2-17-2021, 6:37:11 AM
pikkil rick (yummyballs) sent /t ok ok fine 2-17-2021, 6:39:31 AM
pikkil rick (yummyballs) sent /t main 2-17-2021, 6:39:44 AM
pikkil rick (yummyballs) sent /members 2-17-2021, 6:39:51 AM
pikkil rick (yummyballs) sent /t i wont shoot you this time i swear 2-17-2021, 6:40:13 AM
pikkil rick (yummyballs) sent /t ka boom boom 2-17-2021, 6:40:31 AM
pikkil rick (yummyballs) sent /t i love how you call him a thing lol 2-17-2021, 6:40:49 AM
pikkil rick (yummyballs) sent /t it is grea 2-17-2021, 6:40:56 AM
pikkil rick (yummyballs) sent /t great 2-17-2021, 6:41:05 AM
pikkil rick (yummyballs) sent /t is there a shelter? 2-17-2021, 6:41:26 AM
pikkil rick (yummyballs) sent /cancelauction 2-17-2021, 6:41:35 AM
pikkil rick (yummyballs) sent /t did you suicide? 2-17-2021, 6:42:22 AM
pikkil rick (yummyballs) sent /t uoops 2-17-2021, 6:44:11 AM
pikkil rick (yummyballs) sent /t roflgamer's rpg7 just blew pilot2020's brains out on zalp. somebody get a mo 2-17-2021, 6:44:15 AM
pikkil rick (yummyballs) sent /suicide 2-17-2021, 6:44:39 AM
pikkil rick (yummyballs) sent /t m o t d 2-17-2021, 6:47:13 AM
pikkil rick (yummyballs) sent /t messege of day 2-17-2021, 6:47:28 AM
pikkil rick (yummyballs) sent /t f 4 2-17-2021, 6:47:37 AM
pikkil rick (yummyballs) sent /t lol 2-17-2021, 6:48:06 AM
pikkil rick (yummyballs) sent /t a fler 2-17-2021, 6:48:16 AM
pikkil rick (yummyballs) sent /t hold on  2-17-2021, 6:49:42 AM
pikkil rick (yummyballs) sent /t should i make on in the bar? 2-17-2021, 6:49:53 AM
pikkil rick (yummyballs) sent /t where? 2-17-2021, 6:50:02 AM
pikkil rick (yummyballs) sent /t ok hold on  2-17-2021, 6:50:11 AM
pikkil rick (yummyballs) sent /t wait 2-17-2021, 6:51:27 AM
pikkil rick (yummyballs) sent /t should i build it on a tower? 2-17-2021, 6:51:36 AM
pikkil rick (yummyballs) sent /t ok coming 2-17-2021, 6:51:49 AM
pikkil rick (yummyballs) sent /t come out of there 2-17-2021, 6:52:36 AM
pikkil rick (yummyballs) sent /t so i can track you 2-17-2021, 6:52:45 AM
pikkil rick (yummyballs) sent /t why cant i add would to this shelter 2-17-2021, 6:55:01 AM
pikkil rick (yummyballs) sent /t mrido 2-17-2021, 6:55:13 AM
pikkil rick (yummyballs) sent /t why? 2-17-2021, 6:55:17 AM
pikkil rick (yummyballs) sent /t ourer team leader 2-17-2021, 6:55:22 AM
pikkil rick (yummyballs) sent /t and i am yummyballs or pikkil rick 2-17-2021, 6:55:34 AM
pikkil rick (yummyballs) sent /t lol 2-17-2021, 6:55:39 AM
pikkil rick (yummyballs) sent /t all good lol 2-17-2021, 6:55:55 AM
pikkil rick (yummyballs) sent /t you will tell with team members the beeping sound they make is difrint to people we are fighting 2-17-2021, 6:56:25 AM
pikkil rick (yummyballs) sent /t the shelter is a team shelter 2-17-2021, 6:56:41 AM
pikkil rick (yummyballs) sent /members 2-17-2021, 6:56:47 AM
pikkil rick (yummyballs) sent /lchat why mrido 2-17-2021, 6:57:11 AM
pikkil rick (yummyballs) sent /lchat oh ok  2-17-2021, 6:57:24 AM
pikkil rick (yummyballs) sent /lchat hold on i want to do the same 2-17-2021, 6:57:35 AM
pikkil rick (yummyballs) sent /t hay do you have any ledgindeary sordes> 2-17-2021, 6:58:16 AM
pikkil rick (yummyballs) sent /t ok 2-17-2021, 6:58:22 AM
pikkil rick (yummyballs) sent /lchat is that what you wnated 2-17-2021, 6:58:49 AM
pikkil rick (yummyballs) sent /lchat mrido why cant i add wood to this shelter 2-17-2021, 7:00:08 AM
pikkil rick (yummyballs) sent /lchat wow 2-17-2021, 7:00:16 AM
pikkil rick (yummyballs) sent /lchat oh what fun 2-17-2021, 7:00:55 AM
pikkil rick (yummyballs) sent /lchat shooting a gun 2-17-2021, 7:01:00 AM
pikkil rick (yummyballs) sent /t oh my gosh does shooting in here take helf? 2-17-2021, 7:01:18 AM
pikkil rick (yummyballs) sent /lchat nope it does not 2-17-2021, 7:01:38 AM
pikkil rick (yummyballs) sent /lchat nice 2-17-2021, 7:01:56 AM
pikkil rick (yummyballs) sent /t uooo i want an ax 2-17-2021, 7:02:22 AM
pikkil rick (yummyballs) sent /pm mrido lol when you take money from the shelter it says you can get minies of somthing lolol 2-17-2021, 7:03:54 AM
pikkil rick (yummyballs) sent /reply yup 2-17-2021, 7:04:18 AM
pikkil rick (yummyballs) sent /lchat there no one out there how sad 2-17-2021, 7:04:41 AM
pikkil rick (yummyballs) sent /where AnhSon 2-17-2021, 7:04:46 AM
pikkil rick (yummyballs) sent /lchat mrido mrido mrido 2-17-2021, 7:04:54 AM
pikkil rick (yummyballs) sent /lchat they are back on olld main 2-17-2021, 7:05:06 AM
pikkil rick (yummyballs) sent /lchat old main 2-17-2021, 7:05:11 AM
pikkil rick (yummyballs) sent /where PhamHungVuong 2-17-2021, 7:05:18 AM
pikkil rick (yummyballs) sent /lchat phamhungvuong, (vietnamese), is on map oldmain 2-17-2021, 7:05:22 AM
pikkil rick (yummyballs) sent /lchat lets go 2-17-2021, 7:05:32 AM
pikkil rick (yummyballs) sent /lchat your what? 2-17-2021, 7:05:39 AM
pikkil rick (yummyballs) sent /lchat oh ok sorry 2-17-2021, 7:05:46 AM
pikkil rick (yummyballs) sent /lchat here you go 2-17-2021, 7:05:50 AM
pikkil rick (yummyballs) sent /lchat what is in that 2-17-2021, 7:06:09 AM
pikkil rick (yummyballs) sent /lchat what did you get 2-17-2021, 7:06:17 AM
pikkil rick (yummyballs) sent /lchat ok cool lol 2-17-2021, 7:06:32 AM
pikkil rick (yummyballs) sent /lchat how should we get to old main 2-17-2021, 7:06:39 AM
pikkil rick (yummyballs) sent /lchat but there all on old main 2-17-2021, 7:06:53 AM
pikkil rick (yummyballs) sent /t i am going to suicide bomb 2-17-2021, 7:07:44 AM
pikkil rick (yummyballs) sent /lchat wait do you want to come sunarmey? 2-17-2021, 7:07:55 AM
pikkil rick (yummyballs) sent /suicide 2-17-2021, 7:08:06 AM
pikkil rick (yummyballs) sent /t noo he went off line 2-17-2021, 7:08:59 AM
pikkil rick (yummyballs) sent /t oh well 2-17-2021, 7:09:08 AM
pikkil rick (yummyballs) sent /where v 2-17-2021, 7:09:17 AM
pikkil rick (yummyballs) sent /where AnhSon 2-17-2021, 7:09:20 AM
pikkil rick (yummyballs) sent /where Doston 2-17-2021, 7:09:26 AM
pikkil rick (yummyballs) sent /t dam dam dam 2-17-2021, 7:10:59 AM
pikkil rick (yummyballs) sent /t you cant use remote time bomb in store any more 2-17-2021, 7:11:08 AM
pikkil rick (yummyballs) sent /t and now the admins will know it is me 2-17-2021, 7:11:19 AM
pikkil rick (yummyballs) sent /t because they made shor the time bomb controler can not be used in store 2-17-2021, 7:11:36 AM
pikkil rick (yummyballs) sent /t and the controler does not work from other maps 2-17-2021, 7:11:44 AM
pikkil rick (yummyballs) sent /t what do you mean? 2-17-2021, 7:12:04 AM
pikkil rick (yummyballs) sent /t ok try make bomb go off in store 2-17-2021, 7:12:39 AM
pikkil rick (yummyballs) sent /t what should we do 2-17-2021, 7:13:29 AM
pikkil rick (yummyballs) sent /t yup 2-17-2021, 7:14:02 AM
pikkil rick (yummyballs) sent /t oh well 2-17-2021, 7:14:05 AM
pikkil rick (yummyballs) sent /t we could try remote bomb but i dout that would be much better 2-17-2021, 7:14:21 AM
pikkil rick (yummyballs) sent /where PhamHungVuong 2-17-2021, 7:14:46 AM
pikkil rick (yummyballs) sent /t he killed him self to avoid me 2-17-2021, 7:15:49 AM
pikkil rick (yummyballs) sent /t i have remote time bomb controle 2-17-2021, 7:16:47 AM
pikkil rick (yummyballs) sent /t nope 2-17-2021, 7:16:58 AM
pikkil rick (yummyballs) sent /t try doing remote bomb in store 2-17-2021, 7:17:07 AM
pikkil rick (yummyballs) sent /t crap 2-17-2021, 7:17:26 AM
pikkil rick (yummyballs) sent /t oh well 2-17-2021, 7:17:29 AM
pikkil rick (yummyballs) sent /suicide 2-17-2021, 7:19:14 AM
pikkil rick (yummyballs) sent /t wait what i will chek it out 2-17-2021, 7:22:37 AM
pikkil rick (yummyballs) sent /t oh it is fine he is my team mate on another tk 2-17-2021, 7:23:50 AM
pikkil rick (yummyballs) sent /t he is cool  2-17-2021, 7:24:01 AM
pikkil rick (yummyballs) sent /t kind of 2-17-2021, 7:24:05 AM
pikkil rick (yummyballs) sent /where mrido 2-17-2021, 7:26:22 AM
pikkil rick (yummyballs) sent /t how do you want help? 2-17-2021, 7:26:33 AM
pikkil rick (yummyballs) sent /t oh never mind lol 2-17-2021, 7:26:45 AM
pikkil rick (yummyballs) sent /t where do you get remote bomb controler 2-17-2021, 7:33:57 AM
pikkil rick (yummyballs) sent /pm maxy hi 2-17-2021, 7:39:46 AM
pikkil rick (yummyballs) sent /pm maxy do you know how to hack?  2-17-2021, 7:39:53 AM
pikkil rick (yummyballs) sent /pm maxy i want to learn but dont know where to start 2-17-2021, 7:40:05 AM
pikkil rick (yummyballs) sent /reply yes blind gamer or lawson awesome 2-17-2021, 7:40:32 AM
pikkil rick (yummyballs) sent /reply you know me 2-17-2021, 7:40:38 AM
pikkil rick (yummyballs) sent /where maxgamer 2-17-2021, 7:49:17 AM
pikkil rick (yummyballs) sent /t uoops 2-17-2021, 7:52:32 AM
pikkil rick (yummyballs) sent /t crap he got it 2-17-2021, 7:52:37 AM
pikkil rick (yummyballs) sent /t i was trying to get that much 2-17-2021, 7:52:51 AM
pikkil rick (yummyballs) sent /t coin, 1577719154 2-17-2021, 7:53:20 AM
pikkil rick (yummyballs) sent /t coin, 2077719154 2-17-2021, 7:54:29 AM
pikkil rick (yummyballs) sent /t i know i know i will put some back 2-17-2021, 7:54:48 AM
pikkil rick (yummyballs) sent /myshelter 2-17-2021, 7:56:20 AM
pikkil rick (yummyballs) sent /myshelters 2-17-2021, 7:56:24 AM
pikkil rick (yummyballs) sent /t how many coins do you have? 2-17-2021, 7:57:46 AM
pikkil rick (yummyballs) sent /t lol i have more 2-17-2021, 7:58:03 AM
pikkil rick (yummyballs) sent /t coin, 2077719154 2-17-2021, 7:58:08 AM
pikkil rick (yummyballs) sent /suicide 2-17-2021, 7:58:15 AM
pikkil rick (yummyballs) sent /t oh crap 2-17-2021, 7:58:26 AM
pikkil rick (yummyballs) sent /t how should i get rid of it 2-17-2021, 7:58:34 AM
pikkil rick (yummyballs) sent /t should i just give it to some randim? 2-17-2021, 7:58:45 AM
pikkil rick (yummyballs) sent /t i might give it to this randim 2-17-2021, 7:59:02 AM
pikkil rick (yummyballs) sent /t ok come here 2-17-2021, 7:59:19 AM
pikkil rick (yummyballs) sent /t coin, 2077719154 2-17-2021, 7:59:44 AM
pikkil rick (yummyballs) sent /t ok  2-17-2021, 7:59:54 AM
pikkil rick (yummyballs) sent /lchat how you both feeling to day 2-17-2021, 8:00:06 AM
pikkil rick (yummyballs) sent /lchat want some money 2-17-2021, 8:00:11 AM
pikkil rick (yummyballs) sent /bid 2000000000 2-17-2021, 8:00:35 AM
pikkil rick (yummyballs) sent /t i want thoughs bombs 2-17-2021, 8:00:53 AM
pikkil rick (yummyballs) sent /t ok  2-17-2021, 8:00:56 AM
pikkil rick (yummyballs) sent /cancelbid y 2-17-2021, 8:01:00 AM
pikkil rick (yummyballs) sent /t ok you must give me 10 though 2-17-2021, 8:01:07 AM
pikkil rick (yummyballs) sent /t awesome 2-17-2021, 8:01:17 AM
pikkil rick (yummyballs) sent /t should i by it? 2-17-2021, 8:02:14 AM
pikkil rick (yummyballs) sent /t ok 2-17-2021, 8:02:20 AM
pikkil rick (yummyballs) sent /bid 2000000000 2-17-2021, 8:02:51 AM
pikkil rick (yummyballs) sent /t ok 2-17-2021, 8:03:05 AM
pikkil rick (yummyballs) sent /t nope come to store 2-17-2021, 8:03:34 AM
pikkil rick (yummyballs) sent /t wiat ok 2-17-2021, 8:03:49 AM
pikkil rick (yummyballs) sent /teamshelters 2-17-2021, 8:03:52 AM
pikkil rick (yummyballs) sent /t wiat 2-17-2021, 8:04:24 AM
pikkil rick (yummyballs) sent /t why 2-17-2021, 8:04:56 AM
pikkil rick (yummyballs) sent /t i am on main now lol 2-17-2021, 8:04:59 AM
pikkil rick (yummyballs) sent /t met you in shelter so i can get more money 2-17-2021, 8:05:22 AM
pikkil rick (yummyballs) sent /lchat just get more 2-17-2021, 8:07:44 AM
pikkil rick (yummyballs) sent /where AnhSon 2-17-2021, 8:10:08 AM
pikkil rick (yummyballs) sent /t i gave you 1000000000 coins 2-17-2021, 8:12:50 AM
pikkil rick (yummyballs) sent /t come here 2-17-2021, 8:13:15 AM
pikkil rick (yummyballs) sent /t that enuf? 2-17-2021, 8:13:47 AM
pikkil rick (yummyballs) sent /bid 1000000 2-17-2021, 8:16:31 AM
pikkil rick (yummyballs) sent /t kill him lol 2-17-2021, 8:18:36 AM
pikkil rick (yummyballs) sent /nickname discord 2-17-2021, 8:21:16 AM
discord (yummyballs) sent /pm blindgamers14 what chanil pass 2-17-2021, 8:50:21 AM
discord (yummyballs) sent /members 2-17-2021, 9:34:10 AM
discord (yummyballs) sent /pm vblindgamers14 hi i got the sound working i think that audio thing changed a setting 2-17-2021, 9:34:38 AM
discord (yummyballs) sent /pm blindgamers14 i think that audio thing changed somthing 2-17-2021, 9:34:46 AM
discord (yummyballs) sent /pm blindgamers14 how do i remove the installmint and you can help me set it up right? 2-17-2021, 9:34:59 AM
discord (yummyballs) sent /reply i did not know how to change it back 2-17-2021, 9:35:20 AM
discord (yummyballs) sent /reply hoste nvdaremote.com key 12345 2-17-2021, 9:36:17 AM
discord (yummyballs) sent /nickname i_o_s 2-17-2021, 9:37:00 AM
i_o_s (yummyballs) sent /reply ok do what you need now  2-17-2021, 9:37:11 AM
i_o_s (yummyballs) sent /reply why are you not doing anything? lol 2-17-2021, 9:37:44 AM
i_o_s (yummyballs) sent /reply ok 2-17-2021, 9:37:56 AM
i_o_s (yummyballs) sent /reply oh crap 2-17-2021, 9:48:19 AM
i_o_s (yummyballs) sent /reply what should i do  2-17-2021, 9:48:26 AM
i_o_s (yummyballs) sent /reply yup 2-17-2021, 9:48:49 AM
i_o_s (yummyballs) sent /reply but it might be in my start file 2-17-2021, 9:49:43 AM
i_o_s (yummyballs) sent /pm dj_mux went offline hay 2-17-2021, 9:52:25 AM
i_o_s (yummyballs) sent /pm the day is starting! hi 2-17-2021, 9:52:29 AM
i_o_s (yummyballs) sent /pm Clipboard pushed hi 2-17-2021, 9:52:38 AM
i_o_s (yummyballs) sent /pm krokodailtop hi 2-17-2021, 9:52:52 AM
i_o_s (yummyballs) sent /lchat inglish? 2-17-2021, 9:53:15 AM
i_o_s (yummyballs) sent /lchat do you speak inglish? 2-17-2021, 9:53:22 AM
i_o_s (yummyballs) sent /lchat never mind  2-17-2021, 9:53:31 AM
i_o_s (yummyballs) sent /pm blindgamers14 what should i do 2-17-2021, 9:53:52 AM
i_o_s (yummyballs) sent /pm blindgamers14 i dont want it turning on every time  2-17-2021, 9:54:18 AM
i_o_s (yummyballs) sent /pm blindgamers14 i start  my computer 2-17-2021, 9:54:26 AM
i_o_s (yummyballs) sent /where Simba 2-17-2021, 9:54:40 AM
i_o_s (yummyballs) sent /members 2-17-2021, 9:54:47 AM
i_o_s (yummyballs) sent /reply i dont want that audio in put thing starting every time i start my computer 2-17-2021, 9:55:12 AM
i_o_s (yummyballs) sent /reply are you shor you cant set it up? 2-17-2021, 9:55:26 AM
i_o_s (yummyballs) sent /where Doston 2-17-2021, 9:56:00 AM
i_o_s (yummyballs) sent /where komil 2-17-2021, 9:56:08 AM
i_o_s (yummyballs) sent /where doraemon423 2-17-2021, 9:56:25 AM
i_o_s (yummyballs) sent /pm blindgamers14 how do i remove that audio in put thing from start up folder 2-17-2021, 9:56:58 AM
i_o_s (yummyballs) sent /members 2-17-2021, 9:57:32 AM
i_o_s (yummyballs) sent /team shelter 2-17-2021, 9:57:52 AM
i_o_s (yummyballs) sent /teamshelters 2-17-2021, 9:57:55 AM
i_o_s (yummyballs) sent /lchat that is my team shelter 2-17-2021, 9:58:41 AM
i_o_s (yummyballs) sent /lchat i wont 2-17-2021, 9:58:53 AM
i_o_s (yummyballs) sent /t should i kill this shelter 2-17-2021, 10:10:03 AM
i_o_s (yummyballs) sent /t it not team shelter 2-17-2021, 10:10:09 AM
i_o_s (yummyballs) sent /t 0 0 60 2-17-2021, 10:10:27 AM
i_o_s (yummyballs) sent /t yup 2-17-2021, 10:10:35 AM
i_o_s (yummyballs) sent /t why is it not team shelter 2-17-2021, 10:10:39 AM
i_o_s (yummyballs) sent /t and why did you let other not team in there 2-17-2021, 10:10:47 AM
i_o_s (yummyballs) sent /t you let othre team in there and they were hiding there 2-17-2021, 10:11:15 AM
i_o_s (yummyballs) sent /reply should i kill his pirsonal shelter? 2-17-2021, 10:11:39 AM
i_o_s (yummyballs) sent /reply ourer shelter was all ready killed 2-17-2021, 10:12:27 AM
i_o_s (yummyballs) sent /reply not by me 2-17-2021, 10:12:31 AM
i_o_s (yummyballs) sent /reply i am killing his shelter 2-17-2021, 10:12:37 AM
i_o_s (yummyballs) sent /members 2-17-2021, 10:28:00 AM
i_o_s (yummyballs) sent /t hi 2-17-2021, 10:28:03 AM
i_o_s (yummyballs) sent /bid 7777 2-17-2021, 10:29:36 AM
i_o_s (yummyballs) sent /bid 9999 2-17-2021, 10:29:54 AM
i_o_s (yummyballs) sent /bid 20000 2-17-2021, 10:30:15 AM
i_o_s (yummyballs) sent /t stop lornching thoughs 2-17-2021, 10:30:24 AM
i_o_s (yummyballs) sent /t it just goes for team mates 2-17-2021, 10:30:31 AM
i_o_s (yummyballs) sent /t then again keep lornching thoughs 2-17-2021, 10:30:45 AM
i_o_s (yummyballs) sent /t it is fun shooting them down 2-17-2021, 10:30:51 AM
i_o_s (yummyballs) sent /suicide 2-17-2021, 10:32:31 AM
i_o_s (yummyballs) sent /t i wanted to get to store 2-17-2021, 10:32:59 AM
i_o_s (yummyballs) sent /where Doston 2-17-2021, 10:33:10 AM
i_o_s (yummyballs) sent /t i hope i made back my points 2-17-2021, 10:33:51 AM
i_o_s (yummyballs) sent /t zelp 2-17-2021, 10:34:08 AM
i_o_s (yummyballs) sent /t what do you mean 2-17-2021, 10:34:29 AM
i_o_s (yummyballs) sent /where Doston 2-17-2021, 10:38:47 AM
i_o_s (yummyballs) sent /t go. to. zelp 2-17-2021, 10:42:06 AM
i_o_s (yummyballs) sent /t ok  2-17-2021, 10:43:03 AM
i_o_s (yummyballs) sent /t ok by by  2-17-2021, 10:43:51 AM