
best(zalp) used a tk_ultra_health_potion 9-2-2020, 1:54:48 PM
best(zalp) used a tk_ultra_health_potion 9-2-2020, 1:54:48 PM
best(zalp) used a hand_grenade 9-2-2020, 1:55:04 PM
best(zalp) used a hand_grenade 9-2-2020, 1:55:04 PM
best(zalp) used a hand_grenade 9-2-2020, 1:55:04 PM
best(zalp) used a hand_grenade 9-2-2020, 1:55:05 PM
best(zalp) used a hand_grenade 9-2-2020, 1:55:05 PM
best(zalp) used a hand_grenade 9-2-2020, 1:55:05 PM
best(zalp) used a hand_grenade 9-2-2020, 1:55:05 PM
best(zalp) used a hand_grenade 9-2-2020, 1:55:07 PM
best(zalp) used a hand_grenade 9-2-2020, 1:55:07 PM
best(zalp) used a hand_grenade 9-2-2020, 1:55:07 PM
best(zalp) used a hand_grenade 9-2-2020, 1:55:08 PM
best(zalp) used a hand_grenade 9-2-2020, 1:55:08 PM
best(zalp) used a hand_grenade 9-2-2020, 1:55:08 PM
best(zalp) used a hand_grenade 9-2-2020, 1:55:08 PM
best(zalp) used a hand_grenade 9-2-2020, 1:55:08 PM
best(zalp) used a hand_grenade 9-2-2020, 1:55:09 PM
best(zalp) used a hand_grenade 9-2-2020, 1:55:09 PM
best(zalp) used a hand_grenade 9-2-2020, 1:55:09 PM
best(zalp) used a hand_grenade 9-2-2020, 1:55:10 PM
best(zalp) used a hand_grenade 9-2-2020, 1:55:10 PM
best(zalp) used a hand_grenade 9-2-2020, 1:55:10 PM
best(zalp) used a hand_grenade 9-2-2020, 1:55:10 PM
best(zalp) used a hand_grenade 9-2-2020, 1:55:10 PM
best(zalp) used a hand_grenade 9-2-2020, 1:55:10 PM
best(zalp) used a hand_grenade 9-2-2020, 1:55:11 PM
best(zalp) used a hand_grenade 9-2-2020, 1:55:11 PM
best(zalp) used a hand_grenade 9-2-2020, 1:55:11 PM
best(zalp) used a hand_grenade 9-2-2020, 1:55:11 PM
best(zalp) used a hand_grenade 9-2-2020, 1:55:11 PM
best(zalp) used a hand_grenade 9-2-2020, 1:55:11 PM
best(zalp) used a hand_grenade 9-2-2020, 1:55:12 PM
best(zalp) used a hand_grenade 9-2-2020, 1:55:13 PM
best(zalp) used a hand_grenade 9-2-2020, 1:55:13 PM
best(zalp) used a hand_grenade 9-2-2020, 1:55:13 PM
best(zalp) used a hand_grenade 9-2-2020, 1:55:14 PM
best(zalp) used a hand_grenade 9-2-2020, 1:55:14 PM
best(zalp) used a hand_grenade 9-2-2020, 1:55:14 PM
best(zalp) used a hand_grenade 9-2-2020, 1:55:14 PM
best(zalp) used a hand_grenade 9-2-2020, 1:55:15 PM
best(zalp) used a hand_grenade 9-2-2020, 1:55:15 PM
best(zalp) used a hand_grenade 9-2-2020, 1:55:15 PM
best(zalp) used a hand_grenade 9-2-2020, 1:55:15 PM
best(zalp) used a hand_grenade 9-2-2020, 1:55:15 PM
best(zalp) used a hand_grenade 9-2-2020, 1:55:15 PM
best(zalp) used a hand_grenade 9-2-2020, 1:55:16 PM
best(zalp) used a hand_grenade 9-2-2020, 1:55:16 PM
best(zalp) used a hand_grenade 9-2-2020, 1:55:16 PM
best(zalp) used a hand_grenade 9-2-2020, 1:55:16 PM
best(zalp) used a hand_grenade 9-2-2020, 1:55:16 PM
best(zalp) used a hand_grenade 9-2-2020, 1:55:17 PM
best(zalp) used a hand_grenade 9-2-2020, 1:55:17 PM
best(zalp) used a hand_grenade 9-2-2020, 1:55:17 PM
best(zalp) used a hand_grenade 9-2-2020, 1:55:19 PM
best(zalp) used a hand_grenade 9-2-2020, 1:55:19 PM
best(zalp) used a hand_grenade 9-2-2020, 1:55:19 PM
best(zalp) used a hand_grenade 9-2-2020, 1:55:19 PM
best(zalp) used a hand_grenade 9-2-2020, 1:55:20 PM
best(zalp) used a hand_grenade 9-2-2020, 1:55:20 PM
best(zalp) used a hand_grenade 9-2-2020, 1:55:20 PM
best(zalp) used a hand_grenade 9-2-2020, 1:55:20 PM
best(zalp) used a hand_grenade 9-2-2020, 1:55:20 PM
best(zalp) used a hand_grenade 9-2-2020, 1:55:21 PM
best(zalp) used a hand_grenade 9-2-2020, 1:55:21 PM
best(zalp) used a hand_grenade 9-2-2020, 1:55:22 PM
best(zalp) used a hand_grenade 9-2-2020, 1:55:23 PM
best(zalp) used a hand_grenade 9-2-2020, 1:55:23 PM
best(zalp) used a hand_grenade 9-2-2020, 1:55:23 PM
best(zalp) used a hand_grenade 9-2-2020, 1:55:23 PM
best(zalp) used a hand_grenade 9-2-2020, 1:55:23 PM
best(zalp) used a hand_grenade 9-2-2020, 1:55:24 PM
best(zalp) used a hand_grenade 9-2-2020, 1:55:24 PM
best(zalp) used a hand_grenade 9-2-2020, 1:55:24 PM
best(zalp) used a hand_grenade 9-2-2020, 1:55:24 PM
best(zalp) used a hand_grenade 9-2-2020, 1:55:24 PM
best(zalp) used a hand_grenade 9-2-2020, 1:55:24 PM
best(zalp) used a hand_grenade 9-2-2020, 1:55:25 PM
best(zalp) used a hand_grenade 9-2-2020, 1:55:25 PM
best(zalp) used a hand_grenade 9-2-2020, 1:55:25 PM
best(zalp) used a hand_grenade 9-2-2020, 1:55:25 PM
best(zalp) used a hand_grenade 9-2-2020, 1:55:25 PM
best(zalp) used a hand_grenade 9-2-2020, 1:55:26 PM
best(zalp) used a hand_grenade 9-2-2020, 1:55:26 PM
best(zalp) used a hand_grenade 9-2-2020, 1:55:26 PM
best(zalp) used a hand_grenade 9-2-2020, 1:55:26 PM
best(zalp) used a hand_grenade 9-2-2020, 1:55:26 PM
best(zalp) used a hand_grenade 9-2-2020, 1:55:26 PM
best(zalp) used a hand_grenade 9-2-2020, 1:55:27 PM
best(zalp) used a hand_grenade 9-2-2020, 1:55:27 PM
best(zalp) used a hand_grenade 9-2-2020, 1:55:28 PM
best(zalp) used a hand_grenade 9-2-2020, 1:55:28 PM
best(zalp) used a hand_grenade 9-2-2020, 1:55:29 PM
best(zalp) used a hand_grenade 9-2-2020, 1:55:29 PM
best(zalp) used a hand_grenade 9-2-2020, 1:55:29 PM
best(zalp) used a hand_grenade 9-2-2020, 1:55:29 PM
best(zalp) used a hand_grenade 9-2-2020, 1:55:29 PM
best(zalp) used a hand_grenade 9-2-2020, 1:55:30 PM
best(zalp) used a hand_grenade 9-2-2020, 1:55:30 PM
best(zalp) used a hand_grenade 9-2-2020, 1:55:30 PM
best(zalp) used a hand_grenade 9-2-2020, 1:55:30 PM
best(zalp) used a hand_grenade 9-2-2020, 1:55:30 PM
best(zalp) used a hand_grenade 9-2-2020, 1:55:31 PM
best(zalp) used a hand_grenade 9-2-2020, 1:55:31 PM
best(zalp) used a hand_grenade 9-2-2020, 1:55:31 PM
best(zalp) used a hand_grenade 9-2-2020, 1:55:31 PM
best(zalp) used a hand_grenade 9-2-2020, 1:55:31 PM
best(zalp) used a hand_grenade 9-2-2020, 1:55:32 PM
best(zalp) used a hand_grenade 9-2-2020, 1:55:32 PM
best(zalp) used a hand_grenade 9-2-2020, 1:55:32 PM
best(zalp) used a hand_grenade 9-2-2020, 1:55:34 PM
best(zalp) used a hand_grenade 9-2-2020, 1:55:34 PM
best(zalp) used a hand_grenade 9-2-2020, 1:55:55 PM
best(zalp) used a hand_grenade 9-2-2020, 1:55:58 PM
best(zalp) used a hand_grenade 9-2-2020, 1:55:58 PM
best(zalp) used a hand_grenade 9-2-2020, 1:55:59 PM
best(zalp) used a hand_grenade 9-2-2020, 1:55:59 PM
best(zalp) used a hand_grenade 9-2-2020, 1:55:59 PM
best(zalp) used a hand_grenade 9-2-2020, 1:55:59 PM
best(zalp) used a hand_grenade 9-2-2020, 1:55:59 PM
best(zalp) used a hand_grenade 9-2-2020, 1:56:01 PM
best(zalp) used a hand_grenade 9-2-2020, 1:56:01 PM
best(zalp) used a hand_grenade 9-2-2020, 1:56:01 PM
best(zalp) used a hand_grenade 9-2-2020, 1:56:01 PM
best(zalp) used a hand_grenade 9-2-2020, 1:56:01 PM
best(zalp) used a hand_grenade 9-2-2020, 1:56:02 PM
best(zalp) used a hand_grenade 9-2-2020, 1:56:02 PM
best(zalp) used a hand_grenade 9-2-2020, 1:56:02 PM
best(zalp) used a hand_grenade 9-2-2020, 1:56:03 PM
best(zalp) used a hand_grenade 9-2-2020, 1:56:03 PM
best(zalp) used a hand_grenade 9-2-2020, 1:56:03 PM
best(zalp) used a hand_grenade 9-2-2020, 1:56:03 PM
best(zalp) used a hand_grenade 9-2-2020, 1:56:03 PM
best(zalp) used a hand_grenade 9-2-2020, 1:56:03 PM
best(zalp) used a hand_grenade 9-2-2020, 1:56:04 PM
best(zalp) used a hand_grenade 9-2-2020, 1:56:04 PM
best(zalp) used a hand_grenade 9-2-2020, 1:56:04 PM
best(zalp) used a hand_grenade 9-2-2020, 1:56:04 PM
best(zalp) used a hand_grenade 9-2-2020, 1:56:04 PM
best(zalp) used a hand_grenade 9-2-2020, 1:56:05 PM
best(zalp) used a hand_grenade 9-2-2020, 1:56:05 PM
best(zalp) used a hand_grenade 9-2-2020, 1:56:05 PM
best(zalp) used a hand_grenade 9-2-2020, 1:56:05 PM
best(zalp) used a hand_grenade 9-2-2020, 1:56:05 PM
best(zalp) used a hand_grenade 9-2-2020, 1:56:06 PM
best(zalp) used a hand_grenade 9-2-2020, 1:56:06 PM
best(zalp) used a hand_grenade 9-2-2020, 1:56:06 PM
best(zalp) used a hand_grenade 9-2-2020, 1:56:06 PM
best(zalp) used a hand_grenade 9-2-2020, 1:56:07 PM
best(zalp) used a hand_grenade 9-2-2020, 1:56:07 PM
best(zalp) used a hand_grenade 9-2-2020, 1:56:07 PM
best(zalp) used a hand_grenade 9-2-2020, 1:56:08 PM
best(zalp) used a hand_grenade 9-2-2020, 1:56:12 PM
best(zalp) used a hand_grenade 9-2-2020, 1:56:13 PM
best(zalp) used a hand_grenade 9-2-2020, 1:56:13 PM
best(zalp) used a hand_grenade 9-2-2020, 1:56:13 PM
best(zalp) used a hand_grenade 9-2-2020, 1:56:13 PM
best(zalp) used a hand_grenade 9-2-2020, 1:56:13 PM
best(zalp) used a hand_grenade 9-2-2020, 1:56:13 PM
best(zalp) used a hand_grenade 9-2-2020, 1:56:14 PM
best(zalp) used a hand_grenade 9-2-2020, 1:56:14 PM
best(zalp) used a hand_grenade 9-2-2020, 1:56:14 PM
best(zalp) used a hand_grenade 9-2-2020, 1:56:14 PM
best(zalp) used a hand_grenade 9-2-2020, 1:56:14 PM
best(zalp) used a hand_grenade 9-2-2020, 1:56:15 PM
best(zalp) used a hand_grenade 9-2-2020, 1:56:15 PM
best(zalp) used a hand_grenade 9-2-2020, 1:56:15 PM
best(zalp) used a hand_grenade 9-2-2020, 1:56:15 PM
best(zalp) used a hand_grenade 9-2-2020, 1:56:15 PM
best(zalp) used a hand_grenade 9-2-2020, 1:56:15 PM
best(zalp) used a hand_grenade 9-2-2020, 1:56:16 PM
best(zalp) used a hand_grenade 9-2-2020, 1:56:16 PM
best(zalp) used a hand_grenade 9-2-2020, 1:56:16 PM
best(zalp) used a hand_grenade 9-2-2020, 1:56:16 PM
best(zalp) used a hand_grenade 9-2-2020, 1:56:16 PM
best(zalp) used a hand_grenade 9-2-2020, 1:56:17 PM
best(zalp) used a hand_grenade 9-2-2020, 1:56:17 PM
best(zalp) used a shield 9-2-2020, 1:56:28 PM
best(zalp) used a shield 9-2-2020, 1:56:28 PM
best(zalp) used a shield 9-2-2020, 1:56:28 PM
best(zalp) used a shield 9-2-2020, 1:56:28 PM
best(zalp) used a shield 9-2-2020, 1:56:28 PM
best(zalp) used a shield 9-2-2020, 1:56:29 PM
best(zalp) used a shield 9-2-2020, 1:56:29 PM
best(zalp) used a shield 9-2-2020, 1:56:29 PM
best(zalp) used a shield 9-2-2020, 1:56:29 PM
best(zalp) used a shield 9-2-2020, 1:56:29 PM
best(zalp) used a shield 9-2-2020, 1:56:29 PM
best(zalp) used a shield 9-2-2020, 1:56:30 PM
best(zalp) used a shield 9-2-2020, 1:56:30 PM
best(zalp) used a shield 9-2-2020, 1:56:31 PM
best(zalp) used a shield 9-2-2020, 1:56:31 PM
best(zalp) used a shield 9-2-2020, 1:56:31 PM
best(zalp) used a shield 9-2-2020, 1:56:31 PM
best(zalp) used a shield 9-2-2020, 1:56:31 PM
best(zalp) used a shield 9-2-2020, 1:56:32 PM
best(zalp) used a shield 9-2-2020, 1:56:32 PM
best(zalp) used a shield 9-2-2020, 1:56:32 PM
best(zalp) used a shield 9-2-2020, 1:56:32 PM
best(zalp) used a shield 9-2-2020, 1:56:32 PM
best(zalp) used a shield 9-2-2020, 1:56:32 PM
best(zalp) used a shield 9-2-2020, 1:56:33 PM
best(zalp) used a shield 9-2-2020, 1:56:33 PM
best(zalp) used a hand_grenade 9-2-2020, 1:56:45 PM
best(zalp) used a hand_grenade 9-2-2020, 1:56:47 PM
best(zalp) used a hand_grenade 9-2-2020, 1:56:47 PM
best(zalp) used a hand_grenade 9-2-2020, 1:56:47 PM
best(zalp) used a hand_grenade 9-2-2020, 1:56:52 PM
best(zalp) used a hand_grenade 9-2-2020, 1:56:52 PM
best(zalp) used a hand_grenade 9-2-2020, 1:56:52 PM
best(zalp) used a hand_grenade 9-2-2020, 1:56:52 PM
best(zalp) used a hand_grenade 9-2-2020, 1:56:53 PM
best(zalp) used a hand_grenade 9-2-2020, 1:56:55 PM
best(zalp) used a hand_grenade 9-2-2020, 1:56:55 PM
best(zalp) used a hand_grenade 9-2-2020, 1:56:55 PM
best(zalp) used a hand_grenade 9-2-2020, 1:56:55 PM
best(zalp) used a hand_grenade 9-2-2020, 1:56:56 PM
best(zalp) used a hand_grenade 9-2-2020, 1:56:56 PM
best(zalp) used a hand_grenade 9-2-2020, 1:56:57 PM
best(zalp) used a hand_grenade 9-2-2020, 1:56:58 PM
best(zalp) used a hand_grenade 9-2-2020, 1:56:58 PM
best(zalp) used a hand_grenade 9-2-2020, 1:56:58 PM
best(zalp) used a hand_grenade 9-2-2020, 1:56:58 PM
best(zalp) used a hand_grenade 9-2-2020, 1:56:58 PM
best(zalp) used a hand_grenade 9-2-2020, 1:56:59 PM
best(zalp) used a hand_grenade 9-2-2020, 1:56:59 PM
best(zalp) used a hand_grenade 9-2-2020, 1:56:59 PM
best(zalp) used a hand_grenade 9-2-2020, 1:56:59 PM
best(zalp) used a hand_grenade 9-2-2020, 1:56:59 PM
best(zalp) used a hand_grenade 9-2-2020, 1:57:00 PM
best(zalp) used a hand_grenade 9-2-2020, 1:57:00 PM
best(zalp) used a hand_grenade 9-2-2020, 1:57:00 PM
best(zalp) used a hand_grenade 9-2-2020, 1:57:00 PM
best(zalp) used a hand_grenade 9-2-2020, 1:57:01 PM
best(zalp) used a hand_grenade 9-2-2020, 1:57:01 PM
best(zalp) used a hand_grenade 9-2-2020, 1:57:01 PM
best(zalp) used a hand_grenade 9-2-2020, 1:57:01 PM
best(zalp) used a hand_grenade 9-2-2020, 1:57:01 PM
best(zalp) used a hand_grenade 9-2-2020, 1:57:02 PM
best(zalp) used a hand_grenade 9-2-2020, 1:57:02 PM
best(zalp) used a hand_grenade 9-2-2020, 1:57:02 PM
best(zalp) used a hand_grenade 9-2-2020, 1:57:02 PM
best(zalp) used a hand_grenade 9-2-2020, 1:57:02 PM
best(zalp) used a hand_grenade 9-2-2020, 1:57:04 PM
best(zalp) used a hand_grenade 9-2-2020, 1:57:04 PM
best(zalp) used a hand_grenade 9-2-2020, 1:57:04 PM
best(zalp) used a hand_grenade 9-2-2020, 1:57:05 PM
best(zalp) used a hand_grenade 9-2-2020, 1:57:05 PM
best(zalp) used a hand_grenade 9-2-2020, 1:57:05 PM
best(zalp) used a hand_grenade 9-2-2020, 1:57:05 PM
best(zalp) used a hand_grenade 9-2-2020, 1:57:05 PM
best(zalp) used a hand_grenade 9-2-2020, 1:57:06 PM
best(zalp) used a hand_grenade 9-2-2020, 1:57:06 PM
best(zalp) used a hand_grenade 9-2-2020, 1:57:06 PM
best(zalp) used a hand_grenade 9-2-2020, 1:57:06 PM
best(zalp) used a hand_grenade 9-2-2020, 1:57:06 PM
best(zalp) used a hand_grenade 9-2-2020, 1:57:07 PM
best(zalp) used a hand_grenade 9-2-2020, 1:57:07 PM
best(zalp) used a hand_grenade 9-2-2020, 1:57:07 PM
best(zalp) used a hand_grenade 9-2-2020, 1:57:07 PM
best(zalp) used a hand_grenade 9-2-2020, 1:57:07 PM
best(zalp) used a hand_grenade 9-2-2020, 1:57:07 PM
best(zalp) used a hand_grenade 9-2-2020, 1:57:08 PM
best(zalp) used a hand_grenade 9-2-2020, 1:57:08 PM
best(zalp) used a hand_grenade 9-2-2020, 1:57:08 PM
best(zalp) used a hand_grenade 9-2-2020, 1:57:08 PM
best(zalp) used a hand_grenade 9-2-2020, 1:57:09 PM
best(zalp) used a hand_grenade 9-2-2020, 1:57:09 PM
best(zalp) used a hand_grenade 9-2-2020, 1:57:11 PM
best(zalp) used a hand_grenade 9-2-2020, 1:57:11 PM
best(zalp) used a hand_grenade 9-2-2020, 1:57:11 PM
best(zalp) used a hand_grenade 9-2-2020, 1:57:11 PM
best(zalp) used a hand_grenade 9-2-2020, 1:57:16 PM
best(zalp) used a hand_grenade 9-2-2020, 1:57:16 PM
best(zalp) used a hand_grenade 9-2-2020, 1:57:16 PM
best(zalp) used a hand_grenade 9-2-2020, 1:57:16 PM
best(zalp) used a hand_grenade 9-2-2020, 1:57:18 PM
best(zalp) used a hand_grenade 9-2-2020, 1:57:18 PM
best(zalp) used a hand_grenade 9-2-2020, 1:57:19 PM
best(zalp) used a hand_grenade 9-2-2020, 1:57:19 PM
best(zalp) used a hand_grenade 9-2-2020, 1:57:19 PM
best(zalp) used a hand_grenade 9-2-2020, 1:57:21 PM
best(zalp) used a hand_grenade 9-2-2020, 1:57:21 PM
best(zalp) used a hand_grenade 9-2-2020, 1:57:22 PM
best(zalp) used a hand_grenade 9-2-2020, 1:57:22 PM
best(zalp) used a hand_grenade 9-2-2020, 1:57:22 PM
best(zalp) used a hand_grenade 9-2-2020, 1:57:22 PM
best(zalp) used a hand_grenade 9-2-2020, 1:57:22 PM
best(zalp) used a hand_grenade 9-2-2020, 1:57:22 PM
best(zalp) used a hand_grenade 9-2-2020, 1:57:23 PM
best(zalp) used a hand_grenade 9-2-2020, 1:57:23 PM
best(zalp) used a hand_grenade 9-2-2020, 1:57:23 PM
best(zalp) used a hand_grenade 9-2-2020, 1:57:23 PM
best(zalp) used a hand_grenade 9-2-2020, 1:57:23 PM
best(zalp) used a hand_grenade 9-2-2020, 1:57:24 PM
best(zalp) used a hand_grenade 9-2-2020, 1:57:24 PM
best(zalp) used a hand_grenade 9-2-2020, 1:57:24 PM
best(zalp) used a hand_grenade 9-2-2020, 1:57:24 PM
best(zalp) used a hand_grenade 9-2-2020, 1:57:24 PM
best(zalp) used a hand_grenade 9-2-2020, 1:57:25 PM
best(zalp) used a hand_grenade 9-2-2020, 1:57:25 PM
best(zalp) used a hand_grenade 9-2-2020, 1:57:25 PM
best(zalp) used a hand_grenade 9-2-2020, 1:57:25 PM
best(zalp) used a hand_grenade 9-2-2020, 1:57:27 PM
best(zalp) used a hand_grenade 9-2-2020, 1:57:27 PM
best(zalp) used a hand_grenade 9-2-2020, 1:57:27 PM
best(zalp) used a hand_grenade 9-2-2020, 1:57:27 PM
best(zalp) used a hand_grenade 9-2-2020, 1:57:28 PM
best(zalp) used a hand_grenade 9-2-2020, 1:57:28 PM
best(zalp) used a hand_grenade 9-2-2020, 1:57:29 PM
best(zalp) used a hand_grenade 9-2-2020, 1:57:29 PM
best(zalp) used a hand_grenade 9-2-2020, 1:57:29 PM
best(zalp) used a hand_grenade 9-2-2020, 1:57:30 PM
best(zalp) used a hand_grenade 9-2-2020, 1:57:30 PM
best(zalp) used a hand_grenade 9-2-2020, 1:57:30 PM
best(zalp) used a hand_grenade 9-2-2020, 1:57:33 PM
best(zalp) used a hand_grenade 9-2-2020, 1:57:33 PM
best(zalp) used a hand_grenade 9-2-2020, 1:57:33 PM
best(zalp) used a hand_grenade 9-2-2020, 1:57:33 PM
best(zalp) used a hand_grenade 9-2-2020, 1:57:33 PM
best(zalp) used a hand_grenade 9-2-2020, 1:57:34 PM
best(zalp) used a hand_grenade 9-2-2020, 1:57:34 PM
best(zalp) used a hand_grenade 9-2-2020, 1:57:34 PM
best(zalp) used a hand_grenade 9-2-2020, 1:57:34 PM
best(zalp) used a hand_grenade 9-2-2020, 1:57:34 PM
best(zalp) used a hand_grenade 9-2-2020, 1:57:34 PM
best(zalp) used a hand_grenade 9-2-2020, 1:57:35 PM
best(zalp) used a hand_grenade 9-2-2020, 1:57:35 PM
best(zalp) used a hand_grenade 9-2-2020, 1:57:35 PM
best(zalp) used a hand_grenade 9-2-2020, 1:57:35 PM
best(zalp) used a hand_grenade 9-2-2020, 1:57:35 PM
best(zalp) used a hand_grenade 9-2-2020, 1:57:36 PM
best(zalp) used a hand_grenade 9-2-2020, 1:57:36 PM
best(zalp) used a hand_grenade 9-2-2020, 1:57:36 PM
best(zalp) used a hand_grenade 9-2-2020, 1:57:38 PM
best(zalp) used a hand_grenade 9-2-2020, 1:57:39 PM
best(zalp) used a hand_grenade 9-2-2020, 1:57:39 PM
best(zalp) used a hand_grenade 9-2-2020, 1:57:39 PM
best(zalp) used a hand_grenade 9-2-2020, 1:57:39 PM
best(zalp) used a hand_grenade 9-2-2020, 1:57:39 PM
best(zalp) used a hand_grenade 9-2-2020, 1:57:41 PM
best(zalp) used a hand_grenade 9-2-2020, 1:57:41 PM
best(zalp) used a hand_grenade 9-2-2020, 1:57:41 PM
best(zalp) used a hand_grenade 9-2-2020, 1:57:41 PM
best(zalp) used a hand_grenade 9-2-2020, 1:57:42 PM
best(zalp) used a hand_grenade 9-2-2020, 1:57:43 PM
best(zalp) used a hand_grenade 9-2-2020, 1:57:43 PM
best(zalp) used a hand_grenade 9-2-2020, 1:57:43 PM
best(zalp) used a hand_grenade 9-2-2020, 1:57:44 PM
best(zalp) used a hand_grenade 9-2-2020, 1:57:44 PM
best(zalp) used a hand_grenade 9-2-2020, 1:57:44 PM
best(zalp) used a hand_grenade 9-2-2020, 1:57:44 PM
best(zalp) used a hand_grenade 9-2-2020, 1:57:44 PM
best(zalp) used a hand_grenade 9-2-2020, 1:57:45 PM
best(zalp) used a hand_grenade 9-2-2020, 1:57:45 PM
best(zalp) used a hand_grenade 9-2-2020, 1:57:45 PM
best(zalp) used a hand_grenade 9-2-2020, 1:57:45 PM
best(zalp) used a hand_grenade 9-2-2020, 1:57:46 PM
best(zalp) used a hand_grenade 9-2-2020, 1:57:46 PM
best(zalp) used a hand_grenade 9-2-2020, 1:57:46 PM
best(zalp) used a hand_grenade 9-2-2020, 1:57:46 PM
best(zalp) used a hand_grenade 9-2-2020, 1:57:46 PM
best(zalp) used a hand_grenade 9-2-2020, 1:57:47 PM
best(zalp) used a hand_grenade 9-2-2020, 1:57:47 PM
best(zalp) used a hand_grenade 9-2-2020, 1:57:47 PM
best(zalp) used a hand_grenade 9-2-2020, 1:57:47 PM
best(zalp) used a hand_grenade 9-2-2020, 1:57:47 PM
best(zalp) used a hand_grenade 9-2-2020, 1:57:48 PM
best(zalp) used a hand_grenade 9-2-2020, 1:57:48 PM
best(zalp) used a hand_grenade 9-2-2020, 1:57:48 PM
best(zalp) used a hand_grenade 9-2-2020, 1:57:48 PM
best(zalp) used a hand_grenade 9-2-2020, 1:57:48 PM
best(zalp) used a hand_grenade 9-2-2020, 1:57:49 PM
best(zalp) used a hand_grenade 9-2-2020, 1:57:49 PM
best(zalp) used a hand_grenade 9-2-2020, 1:57:49 PM
best(zalp) used a hand_grenade 9-2-2020, 1:57:49 PM
best(zalp) used a hand_grenade 9-2-2020, 1:57:49 PM
best(zalp) used a hand_grenade 9-2-2020, 1:57:50 PM
best(zalp) used a hand_grenade 9-2-2020, 1:57:50 PM
best(zalp) used a hand_grenade 9-2-2020, 1:57:50 PM
best(zalp) used a hand_grenade 9-2-2020, 1:57:50 PM
best(zalp) used a hand_grenade 9-2-2020, 1:57:50 PM
best(zalp) used a hand_grenade 9-2-2020, 1:57:50 PM
best(zalp) used a hand_grenade 9-2-2020, 1:57:51 PM
best(zalp) used a hand_grenade 9-2-2020, 1:57:51 PM
best(zalp) used a hand_grenade 9-2-2020, 1:57:51 PM
best(zalp) used a hand_grenade 9-2-2020, 1:57:51 PM
best(zalp) used a hand_grenade 9-2-2020, 1:57:51 PM
best(zalp) used a hand_grenade 9-2-2020, 1:57:52 PM
best(zalp) used a hand_grenade 9-2-2020, 1:57:52 PM
best(zalp) used a hand_grenade 9-2-2020, 1:57:52 PM
best(zalp) used a hand_grenade 9-2-2020, 1:57:52 PM
best(zalp) used a hand_grenade 9-2-2020, 1:57:52 PM
best(zalp) used a hand_grenade 9-2-2020, 1:57:53 PM
best(zalp) used a hand_grenade 9-2-2020, 1:57:53 PM
best(zalp) used a hand_grenade 9-2-2020, 1:57:53 PM
best(zalp) used a hand_grenade 9-2-2020, 1:57:53 PM
best(zalp) used a hand_grenade 9-2-2020, 1:57:54 PM
best(zalp) used a hand_grenade 9-2-2020, 1:57:54 PM
best(zalp) used a hand_grenade 9-2-2020, 1:57:54 PM
best(zalp) used a hand_grenade 9-2-2020, 1:57:54 PM
best(zalp) used a hand_grenade 9-2-2020, 1:57:54 PM
best(zalp) used a hand_grenade 9-2-2020, 1:57:55 PM
best(zalp) used a hand_grenade 9-2-2020, 1:57:55 PM
best(zalp) used a hand_grenade 9-2-2020, 1:57:55 PM
best(zalp) used a hand_grenade 9-2-2020, 1:57:55 PM
best(zalp) used a hand_grenade 9-2-2020, 1:57:55 PM
best(zalp) used a hand_grenade 9-2-2020, 1:57:55 PM
best(zalp) used a hand_grenade 9-2-2020, 1:57:56 PM
best(zalp) used a hand_grenade 9-2-2020, 1:57:56 PM
best(zalp) used a hand_grenade 9-2-2020, 1:57:56 PM
best(zalp) used a hand_grenade 9-2-2020, 1:57:56 PM
best(zalp) used a hand_grenade 9-2-2020, 1:57:57 PM
best(zalp) used a hand_grenade 9-2-2020, 1:57:57 PM
best(zalp) used a hand_grenade 9-2-2020, 1:57:57 PM
best(zalp) used a hand_grenade 9-2-2020, 1:57:57 PM
best(zalp) used a hand_grenade 9-2-2020, 1:57:59 PM
best(zalp) used a hand_grenade 9-2-2020, 1:57:59 PM
best(zalp) used a hand_grenade 9-2-2020, 1:57:59 PM
best(zalp) used a hand_grenade 9-2-2020, 1:57:59 PM
best(zalp) used a hand_grenade 9-2-2020, 1:58:00 PM
best(zalp) used a hand_grenade 9-2-2020, 1:58:00 PM
best(zalp) used a hand_grenade 9-2-2020, 1:58:00 PM
best(zalp) used a hand_grenade 9-2-2020, 1:58:00 PM
best(zalp) used a hand_grenade 9-2-2020, 1:58:01 PM
best(zalp) used a hand_grenade 9-2-2020, 1:58:01 PM
best(zalp) used a hand_grenade 9-2-2020, 1:58:01 PM
best(zalp) used a hand_grenade 9-2-2020, 1:58:02 PM
best(zalp) used a hand_grenade 9-2-2020, 1:58:02 PM
best(zalp) used a hand_grenade 9-2-2020, 1:58:02 PM
best(zalp) used a hand_grenade 9-2-2020, 1:58:03 PM
best(zalp) used a hand_grenade 9-2-2020, 1:58:03 PM
best(zalp) used a hand_grenade 9-2-2020, 1:58:03 PM
best(zalp) used a hand_grenade 9-2-2020, 1:58:03 PM
best(zalp) used a hand_grenade 9-2-2020, 1:58:03 PM
best(zalp) used a hand_grenade 9-2-2020, 1:58:04 PM
best(zalp) used a hand_grenade 9-2-2020, 1:58:04 PM
best(zalp) used a hand_grenade 9-2-2020, 1:58:04 PM
best(zalp) used a hand_grenade 9-2-2020, 1:58:04 PM
best(zalp) used a hand_grenade 9-2-2020, 1:58:04 PM
best(zalp) used a hand_grenade 9-2-2020, 1:58:05 PM
best(zalp) used a hand_grenade 9-2-2020, 1:58:05 PM
best(zalp) used a hand_grenade 9-2-2020, 1:58:05 PM
best(zalp) used a hand_grenade 9-2-2020, 1:58:05 PM
best(zalp) used a hand_grenade 9-2-2020, 1:58:05 PM
best(zalp) used a hand_grenade 9-2-2020, 1:58:06 PM
best(zalp) used a hand_grenade 9-2-2020, 1:58:06 PM
best(zalp) used a hand_grenade 9-2-2020, 1:58:06 PM
best(zalp) used a hand_grenade 9-2-2020, 1:58:07 PM
best(zalp) used a hand_grenade 9-2-2020, 1:58:07 PM
best(zalp) used a hand_grenade 9-2-2020, 1:58:07 PM
best(zalp) used a hand_grenade 9-2-2020, 1:58:08 PM
best(zalp) used a hand_grenade 9-2-2020, 1:58:08 PM
best(zalp) used a hand_grenade 9-2-2020, 1:58:08 PM
best(zalp) used a hand_grenade 9-2-2020, 1:58:08 PM
best(zalp) used a hand_grenade 9-2-2020, 1:58:08 PM
best(zalp) used a hand_grenade 9-2-2020, 1:58:09 PM
best(zalp) used a hand_grenade 9-2-2020, 1:58:09 PM
best(zalp) used a hand_grenade 9-2-2020, 1:58:09 PM
best(zalp) used a hand_grenade 9-2-2020, 1:58:09 PM
best(zalp) used a hand_grenade 9-2-2020, 1:58:09 PM
best(zalp) used a hand_grenade 9-2-2020, 1:58:09 PM
best(zalp) used a hand_grenade 9-2-2020, 1:58:09 PM
best(zalp) used a hand_grenade 9-2-2020, 1:58:10 PM
best(zalp) used a hand_grenade 9-2-2020, 1:58:10 PM
best(zalp) used a hand_grenade 9-2-2020, 1:58:10 PM
best(zalp) used a hand_grenade 9-2-2020, 1:58:10 PM
best(zalp) used a hand_grenade 9-2-2020, 1:58:10 PM
best(zalp) used a hand_grenade 9-2-2020, 1:58:11 PM
best(zalp) used a hand_grenade 9-2-2020, 1:58:11 PM
best(zalp) used a hand_grenade 9-2-2020, 1:58:11 PM
best(zalp) used a hand_grenade 9-2-2020, 1:58:11 PM
best(zalp) used a hand_grenade 9-2-2020, 1:58:12 PM
best(zalp) used a hand_grenade 9-2-2020, 1:58:12 PM
best(zalp) used a hand_grenade 9-2-2020, 1:58:12 PM
best(zalp) used a hand_grenade 9-2-2020, 1:58:12 PM
best(zalp) used a hand_grenade 9-2-2020, 1:58:12 PM
best(zalp) used a hand_grenade 9-2-2020, 1:58:13 PM
best(zalp) used a hand_grenade 9-2-2020, 1:58:13 PM
best(zalp) used a hand_grenade 9-2-2020, 1:58:13 PM
best(zalp) used a hand_grenade 9-2-2020, 1:58:14 PM
best(zalp) used a hand_grenade 9-2-2020, 1:58:14 PM
best(zalp) used a hand_grenade 9-2-2020, 1:58:14 PM
best(zalp) used a hand_grenade 9-2-2020, 1:58:14 PM
best(zalp) used a hand_grenade 9-2-2020, 1:58:15 PM
best(zalp) used a hand_grenade 9-2-2020, 1:58:15 PM
best(zalp) used a hand_grenade 9-2-2020, 1:58:15 PM
best(zalp) used a hand_grenade 9-2-2020, 1:58:15 PM
best(zalp) used a hand_grenade 9-2-2020, 1:58:15 PM
best(zalp) used a hand_grenade 9-2-2020, 1:58:16 PM
best(zalp) used a hand_grenade 9-2-2020, 1:58:16 PM
best(zalp) used a hand_grenade 9-2-2020, 1:58:18 PM
best(zalp) used a hand_grenade 9-2-2020, 1:58:18 PM
best(zalp) used a hand_grenade 9-2-2020, 1:58:18 PM
best(zalp) used a hand_grenade 9-2-2020, 1:58:18 PM
best(zalp) used a hand_grenade 9-2-2020, 1:58:18 PM
best(zalp) used a hand_grenade 9-2-2020, 1:58:19 PM
best(zalp) used a hand_grenade 9-2-2020, 1:58:19 PM
best(zalp) used a hand_grenade 9-2-2020, 1:58:19 PM
best(zalp) used a hand_grenade 9-2-2020, 1:58:19 PM
best(zalp) used a hand_grenade 9-2-2020, 1:58:20 PM
best(zalp) used a hand_grenade 9-2-2020, 1:58:20 PM
best(zalp) used a hand_grenade 9-2-2020, 1:58:20 PM
best(zalp) used a hand_grenade 9-2-2020, 1:58:20 PM
best(zalp) used a hand_grenade 9-2-2020, 1:58:20 PM
best(zalp) used a hand_grenade 9-2-2020, 1:58:21 PM
best(zalp) used a hand_grenade 9-2-2020, 1:58:21 PM
best(zalp) used a hand_grenade 9-2-2020, 1:58:21 PM
best(zalp) used a hand_grenade 9-2-2020, 1:58:21 PM
best(zalp) used a hand_grenade 9-2-2020, 1:58:21 PM
best(zalp) used a hand_grenade 9-2-2020, 1:58:23 PM
best(zalp) used a hand_grenade 9-2-2020, 1:58:23 PM
best(zalp) used a hand_grenade 9-2-2020, 1:58:23 PM
best(zalp) used a hand_grenade 9-2-2020, 1:58:24 PM
best(zalp) used a hand_grenade 9-2-2020, 1:58:24 PM
best(zalp) used a hand_grenade 9-2-2020, 1:58:24 PM
best(zalp) used a hand_grenade 9-2-2020, 1:58:24 PM
best(zalp) used a hand_grenade 9-2-2020, 1:58:24 PM
best(zalp) used a hand_grenade 9-2-2020, 1:58:25 PM
best(zalp) used a hand_grenade 9-2-2020, 1:58:25 PM
best(zalp) used a hand_grenade 9-2-2020, 1:58:25 PM
best(zalp) used a hand_grenade 9-2-2020, 1:58:25 PM
best(zalp) used a hand_grenade 9-2-2020, 1:58:25 PM
best(zalp) used a hand_grenade 9-2-2020, 1:58:26 PM
best(zalp) used a hand_grenade 9-2-2020, 1:58:26 PM
best(zalp) used a hand_grenade 9-2-2020, 1:58:26 PM
best(zalp) used a hand_grenade 9-2-2020, 1:58:26 PM
best(zalp) used a hand_grenade 9-2-2020, 1:58:26 PM
best(zalp) used a hand_grenade 9-2-2020, 1:58:26 PM
best(zalp) used a hand_grenade 9-2-2020, 1:58:27 PM
best(zalp) used a hand_grenade 9-2-2020, 1:58:28 PM
best(zalp) used a hand_grenade 9-2-2020, 1:58:28 PM
best(zalp) used a hand_grenade 9-2-2020, 1:58:29 PM
best(zalp) used a hand_grenade 9-2-2020, 1:58:29 PM
best(zalp) used a hand_grenade 9-2-2020, 1:58:29 PM
best(zalp) used a hand_grenade 9-2-2020, 1:58:31 PM
best(zalp) used a hand_grenade 9-2-2020, 1:58:31 PM
best(zalp) used a hand_grenade 9-2-2020, 1:58:31 PM
best(zalp) used a hand_grenade 9-2-2020, 1:58:31 PM
best(zalp) used a hand_grenade 9-2-2020, 1:58:31 PM
best(zalp) used a hand_grenade 9-2-2020, 1:58:33 PM
best(zalp) used a hand_grenade 9-2-2020, 1:58:33 PM
best(zalp) used a hand_grenade 9-2-2020, 1:58:33 PM
best(zalp) used a hand_grenade 9-2-2020, 1:58:33 PM
best(zalp) used a hand_grenade 9-2-2020, 1:58:33 PM
best(zalp) used a hand_grenade 9-2-2020, 1:58:35 PM
best(zalp) used a hand_grenade 9-2-2020, 1:58:35 PM
best(zalp) used a hand_grenade 9-2-2020, 1:58:35 PM
best(zalp) used a hand_grenade 9-2-2020, 1:58:36 PM
best(zalp) used a hand_grenade 9-2-2020, 1:58:36 PM
best(zalp) used a hand_grenade 9-2-2020, 1:58:36 PM
best(zalp) used a hand_grenade 9-2-2020, 1:58:36 PM
best(zalp) used a hand_grenade 9-2-2020, 1:58:37 PM
best(zalp) used a hand_grenade 9-2-2020, 1:58:37 PM
best(zalp) used a hand_grenade 9-2-2020, 1:58:45 PM
best(zalp) used a hand_grenade 9-2-2020, 1:58:45 PM
best(zalp) used a hand_grenade 9-2-2020, 1:58:45 PM
best(zalp) used a hand_grenade 9-2-2020, 1:58:46 PM
best(zalp) used a hand_grenade 9-2-2020, 1:58:46 PM
best(zalp) used a hand_grenade 9-2-2020, 1:58:46 PM
best(zalp) used a hand_grenade 9-2-2020, 1:58:46 PM
best(zalp) used a hand_grenade 9-2-2020, 1:58:46 PM
best(zalp) used a hand_grenade 9-2-2020, 1:58:47 PM
best(zalp) used a hand_grenade 9-2-2020, 1:58:47 PM
best(zalp) used a hand_grenade 9-2-2020, 1:58:47 PM
best(zalp) used a hand_grenade 9-2-2020, 1:58:47 PM
best(zalp) used a hand_grenade 9-2-2020, 1:58:47 PM
best(zalp) used a hand_grenade 9-2-2020, 1:58:48 PM
best(zalp) used a hand_grenade 9-2-2020, 1:58:48 PM
best(zalp) used a hand_grenade 9-2-2020, 1:58:48 PM
best(zalp) used a hand_grenade 9-2-2020, 1:58:48 PM
best(zalp) used a hand_grenade 9-2-2020, 1:58:48 PM
best(zalp) used a hand_grenade 9-2-2020, 1:58:49 PM
best(zalp) used a hand_grenade 9-2-2020, 1:58:49 PM
best(zalp) used a hand_grenade 9-2-2020, 1:58:49 PM
best(zalp) used a shield 9-2-2020, 1:59:00 PM
best(zalp) used a shield 9-2-2020, 1:59:00 PM
best(zalp) used a shield 9-2-2020, 1:59:01 PM
best(zalp) used a shield 9-2-2020, 1:59:01 PM
best(zalp) used a shield 9-2-2020, 1:59:01 PM
best(zalp) used a shield 9-2-2020, 1:59:02 PM
best(zalp) used a tk_ultra_health_potion 9-2-2020, 1:59:06 PM
best(zalp) used a tk_ultra_health_potion 9-2-2020, 1:59:06 PM
best(zalp) used a tk_ultra_health_potion 9-2-2020, 1:59:06 PM
best(zalp) used a tk_ultra_health_potion 9-2-2020, 1:59:07 PM
best(zalp) used a tk_ultra_health_potion 9-2-2020, 1:59:08 PM
best(zalp) used a tk_ultra_health_potion 9-2-2020, 1:59:08 PM
best(zalp) used a tk_ultra_health_potion 9-2-2020, 1:59:09 PM
best(zalp) used a tk_ultra_health_potion 9-2-2020, 1:59:09 PM
best(zalp) used a pipe_bomb 9-2-2020, 1:59:17 PM
best(zalp) used a pipe_bomb 9-2-2020, 1:59:17 PM
best(zalp) used a pipe_bomb 9-2-2020, 1:59:18 PM
best(zalp) used a pipe_bomb 9-2-2020, 1:59:18 PM
best(zalp) used a pipe_bomb 9-2-2020, 1:59:18 PM
best(zalp) used a tk_ultra_health_potion 9-2-2020, 1:59:28 PM
best(zalp) used a tk_ultra_health_potion 9-2-2020, 1:59:28 PM
best(zalp) used a tk_ultra_health_potion 9-2-2020, 1:59:29 PM
best(zalp) used a shield 9-2-2020, 1:59:31 PM
best(zalp) used a shield 9-2-2020, 1:59:31 PM
best(zalp) used a shield 9-2-2020, 1:59:31 PM
best(zalp) used a shield 9-2-2020, 1:59:32 PM
best(zalp) used a shield 9-2-2020, 1:59:32 PM
best(zalp) used a shield 9-2-2020, 1:59:34 PM
best(zalp) used a shield 9-2-2020, 1:59:34 PM
best(zalp) used a shield 9-2-2020, 1:59:34 PM
best(zalp) used a shield 9-2-2020, 1:59:35 PM
best(zalp) used a shield 9-2-2020, 1:59:35 PM
best(zalp) used a shield 9-2-2020, 1:59:36 PM
best(zalp) used a shield 9-2-2020, 1:59:36 PM
best(zalp) used a shield 9-2-2020, 1:59:36 PM
best(zalp) used a shield 9-2-2020, 1:59:37 PM
best(zalp) used a shield 9-2-2020, 1:59:37 PM
best(zalp) used a shield 9-2-2020, 1:59:37 PM
best(zalp) used a shield 9-2-2020, 1:59:38 PM
best(zalp) used a shield 9-2-2020, 1:59:38 PM
best(zalp) used a shield 9-2-2020, 1:59:39 PM
best(zalp) used a shield 9-2-2020, 1:59:39 PM
best(zalp) used a shield 9-2-2020, 1:59:39 PM
best(zalp) used a shield 9-2-2020, 1:59:40 PM
best(zalp) used a shield 9-2-2020, 1:59:40 PM
best(zalp) used a shield 9-2-2020, 1:59:41 PM
best(zalp) used a shield 9-2-2020, 1:59:41 PM
best(zalp) used a shield 9-2-2020, 1:59:42 PM
best(zalp) used a shield 9-2-2020, 1:59:42 PM
best(zalp) used a shield 9-2-2020, 1:59:42 PM
best(zalp) used a shield 9-2-2020, 1:59:44 PM
best(zalp) used a shield 9-2-2020, 1:59:44 PM
best(zalp) used a shield 9-2-2020, 1:59:44 PM
best(zalp) used a shield 9-2-2020, 1:59:44 PM
best(zalp) used a shield 9-2-2020, 1:59:45 PM
best(zalp) used a shield 9-2-2020, 1:59:45 PM
best(zalp) used a shield 9-2-2020, 1:59:45 PM
best(zalp) used a shield 9-2-2020, 1:59:45 PM
best(zalp) used a shield 9-2-2020, 1:59:45 PM
best(zalp) used a shield 9-2-2020, 1:59:45 PM
best(zalp) used a shield 9-2-2020, 1:59:46 PM
best(zalp) used a shield 9-2-2020, 1:59:46 PM
best(zalp) used a shield 9-2-2020, 1:59:46 PM
best(zalp) used a shield 9-2-2020, 1:59:46 PM
best(zalp) used a shield 9-2-2020, 1:59:46 PM
best(zalp) used a shield 9-2-2020, 1:59:47 PM
best(zalp) used a shield 9-2-2020, 1:59:47 PM
best(zalp) used a shield 9-2-2020, 1:59:47 PM
best(zalp) used a shield 9-2-2020, 1:59:47 PM
best(zalp) used a shield 9-2-2020, 1:59:47 PM
best(zalp) used a shield 9-2-2020, 1:59:47 PM
best(zalp) used a shield 9-2-2020, 1:59:48 PM
best(zalp) used a shield 9-2-2020, 1:59:48 PM
best(zalp) used a shield 9-2-2020, 1:59:48 PM
best(zalp) used a shield 9-2-2020, 1:59:48 PM
best(zalp) used a shield 9-2-2020, 1:59:48 PM
best(zalp) used a shield 9-2-2020, 1:59:48 PM
best(zalp) used a shield 9-2-2020, 1:59:49 PM
best(zalp) used a shield 9-2-2020, 1:59:49 PM
best(zalp) used a hand_grenade 9-2-2020, 2:00:12 PM
best(zalp) used a hand_grenade 9-2-2020, 2:00:12 PM
best(zalp) used a hand_grenade 9-2-2020, 2:00:12 PM
best(zalp) used a hand_grenade 9-2-2020, 2:00:13 PM
best(zalp) used a hand_grenade 9-2-2020, 2:00:13 PM
best(zalp) used a hand_grenade 9-2-2020, 2:00:13 PM
best(zalp) used a hand_grenade 9-2-2020, 2:00:14 PM
best(zalp) used a hand_grenade 9-2-2020, 2:00:14 PM
best(zalp) used a hand_grenade 9-2-2020, 2:00:14 PM
best(zalp) used a hand_grenade 9-2-2020, 2:00:14 PM
best(zalp) used a hand_grenade 9-2-2020, 2:00:14 PM
best(zalp) used a hand_grenade 9-2-2020, 2:00:15 PM
best(zalp) used a hand_grenade 9-2-2020, 2:00:15 PM
best(zalp) used a hand_grenade 9-2-2020, 2:00:15 PM
best(zalp) used a hand_grenade 9-2-2020, 2:00:16 PM
best(zalp) used a hand_grenade 9-2-2020, 2:00:16 PM
best(zalp) used a hand_grenade 9-2-2020, 2:00:16 PM
best(zalp) used a hand_grenade 9-2-2020, 2:00:18 PM
best(zalp) used a hand_grenade 9-2-2020, 2:00:18 PM
best(zalp) used a hand_grenade 9-2-2020, 2:00:18 PM
best(zalp) used a hand_grenade 9-2-2020, 2:00:18 PM
best(zalp) used a hand_grenade 9-2-2020, 2:00:21 PM
best(zalp) used a hand_grenade 9-2-2020, 2:00:21 PM
best(zalp) used a hand_grenade 9-2-2020, 2:00:21 PM
best(zalp) used a hand_grenade 9-2-2020, 2:00:21 PM
best(zalp) used a hand_grenade 9-2-2020, 2:00:22 PM
best(zalp) used a hand_grenade 9-2-2020, 2:00:22 PM
best(zalp) used a hand_grenade 9-2-2020, 2:00:23 PM
best(zalp) used a hand_grenade 9-2-2020, 2:00:25 PM
best(zalp) used a hand_grenade 9-2-2020, 2:00:25 PM
best(zalp) used a hand_grenade 9-2-2020, 2:00:25 PM
best(zalp) used a hand_grenade 9-2-2020, 2:00:25 PM
best(zalp) used a hand_grenade 9-2-2020, 2:00:26 PM
best(zalp) used a hand_grenade 9-2-2020, 2:00:26 PM
best(zalp) used a hand_grenade 9-2-2020, 2:00:27 PM
best(zalp) used a hand_grenade 9-2-2020, 2:00:28 PM
best(zalp) used a hand_grenade 9-2-2020, 2:00:28 PM
best(zalp) used a hand_grenade 9-2-2020, 2:00:28 PM
best(zalp) used a hand_grenade 9-2-2020, 2:00:28 PM
best(zalp) used a hand_grenade 9-2-2020, 2:00:28 PM
best(zalp) used a hand_grenade 9-2-2020, 2:00:28 PM
best(zalp) used a hand_grenade 9-2-2020, 2:00:29 PM
best(zalp) used a hand_grenade 9-2-2020, 2:00:29 PM
best(zalp) used a hand_grenade 9-2-2020, 2:00:29 PM
best(zalp) used a hand_grenade 9-2-2020, 2:00:29 PM
best(zalp) used a hand_grenade 9-2-2020, 2:00:29 PM
best(zalp) used a hand_grenade 9-2-2020, 2:00:30 PM
best(zalp) used a hand_grenade 9-2-2020, 2:00:30 PM
best(zalp) used a hand_grenade 9-2-2020, 2:00:30 PM
best(zalp) used a hand_grenade 9-2-2020, 2:00:30 PM
best(zalp) used a hand_grenade 9-2-2020, 2:00:31 PM
best(zalp) used a hand_grenade 9-2-2020, 2:00:31 PM
best(zalp) used a hand_grenade 9-2-2020, 2:00:32 PM
best(zalp) used a hand_grenade 9-2-2020, 2:00:33 PM
best(zalp) used a hand_grenade 9-2-2020, 2:00:33 PM
best(zalp) used a hand_grenade 9-2-2020, 2:00:34 PM
best(zalp) used a hand_grenade 9-2-2020, 2:00:34 PM
best(zalp) used a hand_grenade 9-2-2020, 2:00:34 PM
best(zalp) used a hand_grenade 9-2-2020, 2:00:34 PM
best(zalp) used a hand_grenade 9-2-2020, 2:00:35 PM
best(zalp) used a hand_grenade 9-2-2020, 2:00:35 PM
best(zalp) used a hand_grenade 9-2-2020, 2:00:35 PM
best(zalp) used a hand_grenade 9-2-2020, 2:00:35 PM
best(zalp) used a hand_grenade 9-2-2020, 2:00:36 PM
best(zalp) used a hand_grenade 9-2-2020, 2:00:36 PM
best(zalp) used a hand_grenade 9-2-2020, 2:00:36 PM
best(zalp) used a hand_grenade 9-2-2020, 2:00:36 PM
best(zalp) used a hand_grenade 9-2-2020, 2:00:36 PM
best(zalp) used a hand_grenade 9-2-2020, 2:00:37 PM
best(zalp) used a hand_grenade 9-2-2020, 2:00:39 PM
best(zalp) used a hand_grenade 9-2-2020, 2:00:39 PM
best(zalp) used a hand_grenade 9-2-2020, 2:00:39 PM
best(zalp) used a hand_grenade 9-2-2020, 2:00:40 PM
best(zalp) used a hand_grenade 9-2-2020, 2:00:40 PM
best(zalp) used a hand_grenade 9-2-2020, 2:00:40 PM
best(zalp) used a hand_grenade 9-2-2020, 2:00:40 PM
best(zalp) used a hand_grenade 9-2-2020, 2:00:41 PM
best(zalp) used a hand_grenade 9-2-2020, 2:00:41 PM
best(zalp) used a hand_grenade 9-2-2020, 2:00:41 PM
best(zalp) used a hand_grenade 9-2-2020, 2:00:41 PM
best(zalp) used a hand_grenade 9-2-2020, 2:00:41 PM
best(zalp) used a hand_grenade 9-2-2020, 2:00:42 PM
best(zalp) used a hand_grenade 9-2-2020, 2:00:42 PM
best(zalp) used a hand_grenade 9-2-2020, 2:00:42 PM
best(zalp) used a hand_grenade 9-2-2020, 2:00:42 PM
best(zalp) used a hand_grenade 9-2-2020, 2:00:44 PM
best(zalp) used a hand_grenade 9-2-2020, 2:00:44 PM
best(zalp) used a hand_grenade 9-2-2020, 2:00:44 PM
best(zalp) used a hand_grenade 9-2-2020, 2:00:44 PM
best(zalp) used a hand_grenade 9-2-2020, 2:00:45 PM
best(zalp) used a hand_grenade 9-2-2020, 2:00:45 PM
best(zalp) used a hand_grenade 9-2-2020, 2:00:46 PM
best(zalp) used a hand_grenade 9-2-2020, 2:00:46 PM
best(zalp) used a hand_grenade 9-2-2020, 2:00:46 PM
best(zalp) used a hand_grenade 9-2-2020, 2:00:46 PM
best(zalp) used a hand_grenade 9-2-2020, 2:00:46 PM
best(zalp) used a hand_grenade 9-2-2020, 2:00:47 PM
best(zalp) used a hand_grenade 9-2-2020, 2:00:47 PM
best(zalp) used a hand_grenade 9-2-2020, 2:00:48 PM
best(zalp) used a hand_grenade 9-2-2020, 2:00:48 PM
best(zalp) used a hand_grenade 9-2-2020, 2:00:48 PM
best(zalp) used a hand_grenade 9-2-2020, 2:00:48 PM
best(zalp) used a hand_grenade 9-2-2020, 2:00:49 PM
best(zalp) used a hand_grenade 9-2-2020, 2:00:49 PM
best(zalp) used a hand_grenade 9-2-2020, 2:00:50 PM
best(zalp) used a hand_grenade 9-2-2020, 2:00:50 PM
best(zalp) used a hand_grenade 9-2-2020, 2:00:50 PM
best(zalp) used a hand_grenade 9-2-2020, 2:00:50 PM
best(zalp) used a hand_grenade 9-2-2020, 2:00:50 PM
best(zalp) used a hand_grenade 9-2-2020, 2:00:50 PM
best(zalp) used a hand_grenade 9-2-2020, 2:00:51 PM
best(zalp) used a hand_grenade 9-2-2020, 2:00:51 PM
best(zalp) used a hand_grenade 9-2-2020, 2:00:51 PM
best(zalp) used a hand_grenade 9-2-2020, 2:00:51 PM
best(zalp) used a hand_grenade 9-2-2020, 2:00:51 PM
best(zalp) used a hand_grenade 9-2-2020, 2:00:52 PM
best(zalp) used a hand_grenade 9-2-2020, 2:00:52 PM
best(zalp) used a hand_grenade 9-2-2020, 2:00:52 PM
best(zalp) used a hand_grenade 9-2-2020, 2:00:52 PM
best(zalp) used a hand_grenade 9-2-2020, 2:00:53 PM
best(zalp) used a hand_grenade 9-2-2020, 2:00:53 PM
best(zalp) used a hand_grenade 9-2-2020, 2:00:53 PM
best(zalp) used a hand_grenade 9-2-2020, 2:00:53 PM
best(zalp) used a hand_grenade 9-2-2020, 2:00:53 PM
best(zalp) used a hand_grenade 9-2-2020, 2:00:54 PM
best(zalp) used a hand_grenade 9-2-2020, 2:00:54 PM
best(zalp) used a hand_grenade 9-2-2020, 2:00:54 PM
best(zalp) used a hand_grenade 9-2-2020, 2:00:54 PM
best(zalp) used a hand_grenade 9-2-2020, 2:00:54 PM
best(zalp) used a hand_grenade 9-2-2020, 2:00:54 PM
best(zalp) used a hand_grenade 9-2-2020, 2:00:55 PM
best(zalp) used a hand_grenade 9-2-2020, 2:00:55 PM
best(zalp) used a hand_grenade 9-2-2020, 2:00:55 PM
best(zalp) used a hand_grenade 9-2-2020, 2:00:55 PM
best(zalp) used a hand_grenade 9-2-2020, 2:00:55 PM
best(zalp) used a hand_grenade 9-2-2020, 2:00:56 PM
best(zalp) used a hand_grenade 9-2-2020, 2:00:56 PM
best(zalp) used a hand_grenade 9-2-2020, 2:00:56 PM
best(zalp) used a hand_grenade 9-2-2020, 2:00:56 PM
best(zalp) used a hand_grenade 9-2-2020, 2:00:56 PM
best(zalp) used a hand_grenade 9-2-2020, 2:00:57 PM
best(zalp) used a hand_grenade 9-2-2020, 2:00:57 PM
best(zalp) used a hand_grenade 9-2-2020, 2:00:57 PM
best(zalp) used a hand_grenade 9-2-2020, 2:00:57 PM
best(zalp) used a hand_grenade 9-2-2020, 2:00:58 PM
best(zalp) used a hand_grenade 9-2-2020, 2:00:58 PM
best(zalp) used a hand_grenade 9-2-2020, 2:00:58 PM
best(zalp) used a hand_grenade 9-2-2020, 2:00:58 PM
best(zalp) used a hand_grenade 9-2-2020, 2:00:58 PM
best(zalp) used a hand_grenade 9-2-2020, 2:00:59 PM
best(zalp) used a hand_grenade 9-2-2020, 2:00:59 PM
best(zalp) used a hand_grenade 9-2-2020, 2:00:59 PM
best(zalp) used a hand_grenade 9-2-2020, 2:00:59 PM
best(zalp) used a hand_grenade 9-2-2020, 2:00:59 PM
best(zalp) used a hand_grenade 9-2-2020, 2:01:00 PM
best(zalp) used a hand_grenade 9-2-2020, 2:01:00 PM
best(zalp) used a hand_grenade 9-2-2020, 2:01:00 PM
best(zalp) used a hand_grenade 9-2-2020, 2:01:00 PM
best(zalp) used a hand_grenade 9-2-2020, 2:01:00 PM
best(zalp) used a hand_grenade 9-2-2020, 2:01:00 PM
best(zalp) used a hand_grenade 9-2-2020, 2:01:01 PM
best(zalp) used a hand_grenade 9-2-2020, 2:01:01 PM
best(zalp) used a hand_grenade 9-2-2020, 2:01:01 PM
best(zalp) used a hand_grenade 9-2-2020, 2:01:01 PM
best(zalp) used a hand_grenade 9-2-2020, 2:01:02 PM
best(zalp) used a hand_grenade 9-2-2020, 2:01:02 PM
best(zalp) used a hand_grenade 9-2-2020, 2:01:02 PM
best(zalp) used a hand_grenade 9-2-2020, 2:01:02 PM
best(zalp) used a hand_grenade 9-2-2020, 2:01:02 PM
best(zalp) used a hand_grenade 9-2-2020, 2:01:03 PM
best(zalp) used a hand_grenade 9-2-2020, 2:01:04 PM
best(zalp) used a hand_grenade 9-2-2020, 2:01:04 PM
best(zalp) used a hand_grenade 9-2-2020, 2:01:05 PM
best(zalp) used a hand_grenade 9-2-2020, 2:01:05 PM
best(zalp) used a hand_grenade 9-2-2020, 2:01:05 PM
best(zalp) used a hand_grenade 9-2-2020, 2:01:05 PM
best(zalp) used a hand_grenade 9-2-2020, 2:01:05 PM
best(zalp) used a hand_grenade 9-2-2020, 2:01:05 PM
best(zalp) used a hand_grenade 9-2-2020, 2:01:06 PM
best(zalp) used a hand_grenade 9-2-2020, 2:01:06 PM
best(zalp) used a hand_grenade 9-2-2020, 2:01:06 PM
best(zalp) used a hand_grenade 9-2-2020, 2:01:06 PM
best(zalp) used a hand_grenade 9-2-2020, 2:01:06 PM
best(zalp) used a hand_grenade 9-2-2020, 2:01:07 PM
best(zalp) used a hand_grenade 9-2-2020, 2:01:07 PM
best(zalp) used a hand_grenade 9-2-2020, 2:01:07 PM
best(zalp) used a hand_grenade 9-2-2020, 2:01:07 PM
best(zalp) used a hand_grenade 9-2-2020, 2:01:07 PM
best(zalp) used a hand_grenade 9-2-2020, 2:01:08 PM
best(zalp) used a hand_grenade 9-2-2020, 2:01:08 PM
best(zalp) used a hand_grenade 9-2-2020, 2:01:08 PM
best(zalp) used a hand_grenade 9-2-2020, 2:01:08 PM
best(zalp) used a hand_grenade 9-2-2020, 2:01:08 PM
best(zalp) used a hand_grenade 9-2-2020, 2:01:08 PM
best(zalp) used a hand_grenade 9-2-2020, 2:01:10 PM
best(zalp) used a hand_grenade 9-2-2020, 2:01:10 PM
best(zalp) used a hand_grenade 9-2-2020, 2:01:10 PM
best(zalp) used a hand_grenade 9-2-2020, 2:01:11 PM
best(zalp) used a hand_grenade 9-2-2020, 2:01:11 PM
best(zalp) used a hand_grenade 9-2-2020, 2:01:11 PM
best(zalp) used a hand_grenade 9-2-2020, 2:01:11 PM
best(zalp) used a hand_grenade 9-2-2020, 2:01:11 PM
best(zalp) used a hand_grenade 9-2-2020, 2:01:11 PM
best(zalp) used a hand_grenade 9-2-2020, 2:01:12 PM
best(zalp) used a hand_grenade 9-2-2020, 2:01:12 PM
best(zalp) used a hand_grenade 9-2-2020, 2:01:12 PM
best(zalp) used a hand_grenade 9-2-2020, 2:01:12 PM
best(zalp) used a hand_grenade 9-2-2020, 2:01:12 PM
best(zalp) used a hand_grenade 9-2-2020, 2:01:13 PM
best(zalp) used a hand_grenade 9-2-2020, 2:01:13 PM
best(zalp) used a hand_grenade 9-2-2020, 2:01:13 PM
best(zalp) used a hand_grenade 9-2-2020, 2:01:13 PM
best(zalp) used a hand_grenade 9-2-2020, 2:01:13 PM
best(zalp) used a hand_grenade 9-2-2020, 2:01:14 PM
best(zalp) used a hand_grenade 9-2-2020, 2:01:14 PM
best(zalp) used a hand_grenade 9-2-2020, 2:01:14 PM
best(zalp) used a hand_grenade 9-2-2020, 2:01:14 PM
best(zalp) used a hand_grenade 9-2-2020, 2:01:14 PM
best(zalp) used a hand_grenade 9-2-2020, 2:01:14 PM
best(zalp) used a hand_grenade 9-2-2020, 2:01:16 PM
best(zalp) used a hand_grenade 9-2-2020, 2:01:16 PM
best(zalp) used a hand_grenade 9-2-2020, 2:01:16 PM
best(zalp) used a hand_grenade 9-2-2020, 2:01:17 PM
best(zalp) used a hand_grenade 9-2-2020, 2:01:17 PM
best(zalp) used a hand_grenade 9-2-2020, 2:01:17 PM
best(zalp) used a hand_grenade 9-2-2020, 2:01:17 PM
best(zalp) used a hand_grenade 9-2-2020, 2:01:17 PM
best(zalp) used a hand_grenade 9-2-2020, 2:01:18 PM
best(zalp) used a hand_grenade 9-2-2020, 2:01:18 PM
best(zalp) used a hand_grenade 9-2-2020, 2:01:18 PM
best(zalp) used a hand_grenade 9-2-2020, 2:01:18 PM
best(zalp) used a hand_grenade 9-2-2020, 2:01:18 PM
best(zalp) used a hand_grenade 9-2-2020, 2:01:18 PM
best(zalp) used a hand_grenade 9-2-2020, 2:01:19 PM
best(zalp) used a hand_grenade 9-2-2020, 2:01:19 PM
best(zalp) used a hand_grenade 9-2-2020, 2:01:19 PM
best(zalp) used a hand_grenade 9-2-2020, 2:01:19 PM
best(zalp) used a hand_grenade 9-2-2020, 2:01:19 PM
best(zalp) used a hand_grenade 9-2-2020, 2:01:20 PM
best(zalp) used a hand_grenade 9-2-2020, 2:01:20 PM
best(zalp) used a hand_grenade 9-2-2020, 2:01:20 PM
best(zalp) used a hand_grenade 9-2-2020, 2:01:20 PM
best(zalp) used a hand_grenade 9-2-2020, 2:01:20 PM
best(zalp) used a hand_grenade 9-2-2020, 2:01:20 PM
best(zalp) used a hand_grenade 9-2-2020, 2:01:21 PM
best(zalp) used a hand_grenade 9-2-2020, 2:01:21 PM
best(zalp) used a hand_grenade 9-2-2020, 2:01:21 PM
best(zalp) used a hand_grenade 9-2-2020, 2:01:21 PM
best(zalp) used a hand_grenade 9-2-2020, 2:01:23 PM
best(zalp) used a hand_grenade 9-2-2020, 2:01:23 PM
best(zalp) used a hand_grenade 9-2-2020, 2:01:23 PM
best(zalp) used a hand_grenade 9-2-2020, 2:01:23 PM
best(zalp) used a hand_grenade 9-2-2020, 2:01:23 PM
best(zalp) used a hand_grenade 9-2-2020, 2:01:24 PM
best(zalp) used a hand_grenade 9-2-2020, 2:01:24 PM
best(zalp) used a hand_grenade 9-2-2020, 2:01:24 PM
best(zalp) used a hand_grenade 9-2-2020, 2:01:24 PM
best(zalp) used a hand_grenade 9-2-2020, 2:01:24 PM
best(zalp) used a hand_grenade 9-2-2020, 2:01:25 PM
best(zalp) used a hand_grenade 9-2-2020, 2:01:26 PM
best(zalp) used a hand_grenade 9-2-2020, 2:01:27 PM
best(zalp) used a hand_grenade 9-2-2020, 2:01:27 PM
best(zalp) used a hand_grenade 9-2-2020, 2:01:27 PM
best(zalp) used a hand_grenade 9-2-2020, 2:01:27 PM
best(zalp) used a hand_grenade 9-2-2020, 2:01:27 PM
best(zalp) used a hand_grenade 9-2-2020, 2:01:28 PM
best(zalp) used a hand_grenade 9-2-2020, 2:01:28 PM
best(zalp) used a hand_grenade 9-2-2020, 2:01:28 PM
best(zalp) used a hand_grenade 9-2-2020, 2:01:28 PM
best(zalp) used a hand_grenade 9-2-2020, 2:01:29 PM
best(zalp) used a hand_grenade 9-2-2020, 2:01:29 PM
best(zalp) used a hand_grenade 9-2-2020, 2:01:29 PM
best(zalp) used a hand_grenade 9-2-2020, 2:01:29 PM
best(zalp) used a hand_grenade 9-2-2020, 2:01:29 PM
best(zalp) used a hand_grenade 9-2-2020, 2:01:29 PM
best(zalp) used a hand_grenade 9-2-2020, 2:01:30 PM
best(zalp) used a hand_grenade 9-2-2020, 2:01:30 PM
best(zalp) used a hand_grenade 9-2-2020, 2:01:30 PM
best(zalp) used a hand_grenade 9-2-2020, 2:01:30 PM
best(zalp) used a hand_grenade 9-2-2020, 2:01:30 PM
best(zalp) used a hand_grenade 9-2-2020, 2:01:30 PM
best(zalp) used a hand_grenade 9-2-2020, 2:01:30 PM
best(zalp) used a hand_grenade 9-2-2020, 2:01:31 PM
best(zalp) used a hand_grenade 9-2-2020, 2:01:31 PM
best(zalp) used a hand_grenade 9-2-2020, 2:01:31 PM
best(zalp) used a hand_grenade 9-2-2020, 2:01:31 PM
best(zalp) used a hand_grenade 9-2-2020, 2:01:32 PM
best(zalp) used a hand_grenade 9-2-2020, 2:01:32 PM
best(zalp) used a hand_grenade 9-2-2020, 2:01:32 PM
best(zalp) used a hand_grenade 9-2-2020, 2:01:32 PM
best(zalp) used a hand_grenade 9-2-2020, 2:01:32 PM
best(zalp) used a hand_grenade 9-2-2020, 2:01:32 PM
best(zalp) used a hand_grenade 9-2-2020, 2:01:33 PM
best(zalp) used a hand_grenade 9-2-2020, 2:01:33 PM
best(zalp) used a hand_grenade 9-2-2020, 2:01:34 PM
best(zalp) used a hand_grenade 9-2-2020, 2:01:34 PM
best(zalp) used a hand_grenade 9-2-2020, 2:01:35 PM
best(zalp) used a hand_grenade 9-2-2020, 2:01:35 PM
best(zalp) used a hand_grenade 9-2-2020, 2:01:35 PM
best(zalp) used a hand_grenade 9-2-2020, 2:01:35 PM
best(zalp) used a hand_grenade 9-2-2020, 2:01:35 PM
best(zalp) used a hand_grenade 9-2-2020, 2:01:36 PM
best(zalp) used a hand_grenade 9-2-2020, 2:01:36 PM
best(zalp) used a hand_grenade 9-2-2020, 2:01:36 PM
best(zalp) used a hand_grenade 9-2-2020, 2:01:36 PM
best(zalp) used a hand_grenade 9-2-2020, 2:01:36 PM
best(zalp) used a hand_grenade 9-2-2020, 2:01:37 PM
best(zalp) used a hand_grenade 9-2-2020, 2:01:37 PM
best(zalp) used a hand_grenade 9-2-2020, 2:01:37 PM
best(zalp) used a hand_grenade 9-2-2020, 2:01:37 PM
best(zalp) used a hand_grenade 9-2-2020, 2:01:37 PM
best(zalp) used a hand_grenade 9-2-2020, 2:01:38 PM
best(zalp) used a hand_grenade 9-2-2020, 2:01:38 PM
best(zalp) used a hand_grenade 9-2-2020, 2:01:38 PM
best(zalp) used a hand_grenade 9-2-2020, 2:01:38 PM
best(zalp) used a hand_grenade 9-2-2020, 2:01:38 PM
best(zalp) used a hand_grenade 9-2-2020, 2:01:39 PM
best(zalp) used a hand_grenade 9-2-2020, 2:01:39 PM
best(zalp) used a hand_grenade 9-2-2020, 2:01:39 PM
best(zalp) used a hand_grenade 9-2-2020, 2:01:39 PM
best(zalp) used a hand_grenade 9-2-2020, 2:01:39 PM
best(zalp) used a hand_grenade 9-2-2020, 2:01:40 PM
best(zalp) used a hand_grenade 9-2-2020, 2:01:40 PM
best(zalp) used a hand_grenade 9-2-2020, 2:01:40 PM
best(zalp) used a hand_grenade 9-2-2020, 2:01:40 PM
best(zalp) used a hand_grenade 9-2-2020, 2:01:40 PM
best(zalp) used a hand_grenade 9-2-2020, 2:01:42 PM
best(zalp) used a hand_grenade 9-2-2020, 2:01:42 PM
best(zalp) used a hand_grenade 9-2-2020, 2:01:43 PM
best(zalp) used a hand_grenade 9-2-2020, 2:01:43 PM
best(zalp) used a hand_grenade 9-2-2020, 2:01:43 PM
best(zalp) used a hand_grenade 9-2-2020, 2:01:43 PM
best(zalp) used a hand_grenade 9-2-2020, 2:01:43 PM
best(zalp) used a hand_grenade 9-2-2020, 2:01:44 PM
best(zalp) used a hand_grenade 9-2-2020, 2:01:44 PM
best(zalp) used a hand_grenade 9-2-2020, 2:01:44 PM
best(zalp) used a hand_grenade 9-2-2020, 2:01:44 PM
best(zalp) used a hand_grenade 9-2-2020, 2:01:44 PM
best(zalp) used a hand_grenade 9-2-2020, 2:01:45 PM
best(zalp) used a hand_grenade 9-2-2020, 2:01:45 PM
best(zalp) used a hand_grenade 9-2-2020, 2:01:45 PM
best(zalp) used a hand_grenade 9-2-2020, 2:01:47 PM
best(zalp) used a hand_grenade 9-2-2020, 2:01:47 PM
best(zalp) used a hand_grenade 9-2-2020, 2:01:47 PM
best(zalp) used a hand_grenade 9-2-2020, 2:01:47 PM
best(zalp) used a hand_grenade 9-2-2020, 2:01:48 PM
best(zalp) used a hand_grenade 9-2-2020, 2:01:48 PM
best(zalp) used a hand_grenade 9-2-2020, 2:01:48 PM
best(zalp) used a hand_grenade 9-2-2020, 2:01:48 PM
best(zalp) used a hand_grenade 9-2-2020, 2:01:50 PM
best(zalp) used a hand_grenade 9-2-2020, 2:01:50 PM
best(zalp) used a hand_grenade 9-2-2020, 2:01:50 PM
best(zalp) used a hand_grenade 9-2-2020, 2:01:50 PM
best(zalp) used a hand_grenade 9-2-2020, 2:01:51 PM
best(zalp) used a hand_grenade 9-2-2020, 2:01:51 PM
best(zalp) used a hand_grenade 9-2-2020, 2:01:52 PM
best(zalp) used a hand_grenade 9-2-2020, 2:01:52 PM
best(zalp) used a hand_grenade 9-2-2020, 2:01:52 PM
best(zalp) used a hand_grenade 9-2-2020, 2:01:54 PM
best(zalp) used a hand_grenade 9-2-2020, 2:01:54 PM
best(zalp) used a hand_grenade 9-2-2020, 2:01:54 PM
best(zalp) used a hand_grenade 9-2-2020, 2:01:54 PM
best(zalp) used a hand_grenade 9-2-2020, 2:01:54 PM
best(zalp) used a hand_grenade 9-2-2020, 2:01:54 PM
best(zalp) used a hand_grenade 9-2-2020, 2:01:55 PM
best(zalp) used a hand_grenade 9-2-2020, 2:01:55 PM
best(zalp) used a hand_grenade 9-2-2020, 2:01:55 PM
best(zalp) used a hand_grenade 9-2-2020, 2:01:55 PM
best(zalp) used a hand_grenade 9-2-2020, 2:01:55 PM
best(zalp) used a hand_grenade 9-2-2020, 2:01:56 PM
best(zalp) used a hand_grenade 9-2-2020, 2:01:56 PM
best(zalp) used a hand_grenade 9-2-2020, 2:01:56 PM
best(zalp) used a hand_grenade 9-2-2020, 2:01:56 PM
best(zalp) used a hand_grenade 9-2-2020, 2:01:56 PM
best(zalp) used a hand_grenade 9-2-2020, 2:01:57 PM
best(zalp) used a hand_grenade 9-2-2020, 2:01:57 PM
best(zalp) used a hand_grenade 9-2-2020, 2:01:57 PM
best(zalp) used a hand_grenade 9-2-2020, 2:01:57 PM
best(zalp) used a hand_grenade 9-2-2020, 2:01:57 PM
best(zalp) used a hand_grenade 9-2-2020, 2:01:58 PM
best(zalp) used a hand_grenade 9-2-2020, 2:01:58 PM
best(zalp) used a hand_grenade 9-2-2020, 2:01:58 PM
best(zalp) used a hand_grenade 9-2-2020, 2:01:58 PM
best(zalp) used a hand_grenade 9-2-2020, 2:01:58 PM
best(zalp) used a hand_grenade 9-2-2020, 2:01:59 PM
best(zalp) used a hand_grenade 9-2-2020, 2:02:00 PM
best(zalp) used a hand_grenade 9-2-2020, 2:02:00 PM
best(zalp) used a hand_grenade 9-2-2020, 2:02:01 PM
best(zalp) used a hand_grenade 9-2-2020, 2:02:01 PM
best(zalp) used a hand_grenade 9-2-2020, 2:02:01 PM
best(zalp) used a hand_grenade 9-2-2020, 2:02:01 PM
best(zalp) used a hand_grenade 9-2-2020, 2:02:01 PM
best(zalp) used a hand_grenade 9-2-2020, 2:02:03 PM
best(zalp) used a hand_grenade 9-2-2020, 2:02:03 PM
best(zalp) used a hand_grenade 9-2-2020, 2:02:04 PM
best(zalp) used a hand_grenade 9-2-2020, 2:02:04 PM
best(zalp) used a hand_grenade 9-2-2020, 2:02:04 PM
best(zalp) used a hand_grenade 9-2-2020, 2:02:04 PM
best(zalp) used a hand_grenade 9-2-2020, 2:02:05 PM
best(zalp) used a hand_grenade 9-2-2020, 2:02:05 PM
best(zalp) used a hand_grenade 9-2-2020, 2:02:05 PM
best(zalp) used a hand_grenade 9-2-2020, 2:02:07 PM
best(zalp) used a hand_grenade 9-2-2020, 2:02:08 PM
best(zalp) used a hand_grenade 9-2-2020, 2:02:08 PM
best(zalp) used a hand_grenade 9-2-2020, 2:02:08 PM
best(zalp) used a hand_grenade 9-2-2020, 2:02:08 PM
best(zalp) used a hand_grenade 9-2-2020, 2:02:08 PM
best(zalp) used a hand_grenade 9-2-2020, 2:02:08 PM
best(zalp) used a hand_grenade 9-2-2020, 2:02:09 PM
best(zalp) used a hand_grenade 9-2-2020, 2:02:09 PM
best(zalp) used a hand_grenade 9-2-2020, 2:02:09 PM
best(zalp) used a hand_grenade 9-2-2020, 2:02:09 PM
best(zalp) used a hand_grenade 9-2-2020, 2:02:09 PM
best(zalp) used a hand_grenade 9-2-2020, 2:02:10 PM
best(zalp) used a hand_grenade 9-2-2020, 2:02:10 PM
best(zalp) used a hand_grenade 9-2-2020, 2:02:10 PM
best(zalp) used a hand_grenade 9-2-2020, 2:02:10 PM
best(zalp) used a hand_grenade 9-2-2020, 2:02:10 PM
best(zalp) used a hand_grenade 9-2-2020, 2:02:11 PM
best(zalp) used a hand_grenade 9-2-2020, 2:02:11 PM
best(zalp) used a hand_grenade 9-2-2020, 2:02:11 PM
best(zalp) used a hand_grenade 9-2-2020, 2:02:11 PM
best(zalp) used a hand_grenade 9-2-2020, 2:02:11 PM
best(zalp) used a shield 9-2-2020, 2:02:19 PM
best(zalp) used a shield 9-2-2020, 2:02:19 PM
best(zalp) used a shield 9-2-2020, 2:02:19 PM
best(zalp) used a shield 9-2-2020, 2:02:19 PM
best(zalp) used a shield 9-2-2020, 2:02:20 PM
best(zalp) used a shield 9-2-2020, 2:02:20 PM
best(zalp) used a shield 9-2-2020, 2:02:20 PM
best(zalp) used a shield 9-2-2020, 2:02:20 PM
best(zalp) used a shield 9-2-2020, 2:02:20 PM
best(zalp) used a shield 9-2-2020, 2:02:20 PM
best(zalp) used a shield 9-2-2020, 2:02:21 PM
best(zalp) used a shield 9-2-2020, 2:02:21 PM
best(zalp) used a shield 9-2-2020, 2:02:21 PM
best(zalp) used a shield 9-2-2020, 2:02:21 PM
best(zalp) used a shield 9-2-2020, 2:02:21 PM
best(zalp) used a shield 9-2-2020, 2:02:21 PM
best(zalp) used a shield 9-2-2020, 2:02:22 PM
best(zalp) used a shield 9-2-2020, 2:02:22 PM
best(zalp) used a shield 9-2-2020, 2:02:22 PM
best(zalp) used a shield 9-2-2020, 2:02:22 PM
best(zalp) used a shield 9-2-2020, 2:02:22 PM
best(zalp) used a shield 9-2-2020, 2:02:22 PM
best(zalp) used a shield 9-2-2020, 2:02:23 PM
best(zalp) used a shield 9-2-2020, 2:02:23 PM
best(zalp) used a shield 9-2-2020, 2:02:23 PM
best(zalp) used a shield 9-2-2020, 2:02:23 PM
best(zalp) used a shield 9-2-2020, 2:02:24 PM
best(zalp) used a shield 9-2-2020, 2:02:24 PM
best(zalp) used a tank 9-2-2020, 2:02:28 PM
best(zalp) used a tk_ultra_health_potion 9-2-2020, 2:02:44 PM
best(zalp) used a tk_ultra_health_potion 9-2-2020, 2:02:44 PM
best(zalp) used a tk_ultra_health_potion 9-2-2020, 2:02:44 PM
best(zalp) used a hand_grenade 9-2-2020, 2:03:04 PM
best(zalp) used a hand_grenade 9-2-2020, 2:03:05 PM
best(zalp) used a hand_grenade 9-2-2020, 2:03:05 PM
best(zalp) used a hand_grenade 9-2-2020, 2:03:06 PM
best(zalp) used a hand_grenade 9-2-2020, 2:03:06 PM
best(zalp) used a hand_grenade 9-2-2020, 2:03:06 PM
best(zalp) used a hand_grenade 9-2-2020, 2:03:06 PM
best(zalp) used a hand_grenade 9-2-2020, 2:03:06 PM
best(zalp) used a hand_grenade 9-2-2020, 2:03:06 PM
best(zalp) used a hand_grenade 9-2-2020, 2:03:07 PM
best(zalp) used a hand_grenade 9-2-2020, 2:03:07 PM
best(zalp) used a hand_grenade 9-2-2020, 2:03:07 PM
best(zalp) used a hand_grenade 9-2-2020, 2:03:08 PM
best(zalp) used a hand_grenade 9-2-2020, 2:03:08 PM
best(zalp) used a hand_grenade 9-2-2020, 2:03:08 PM
best(zalp) used a hand_grenade 9-2-2020, 2:03:09 PM
best(zalp) used a hand_grenade 9-2-2020, 2:03:09 PM
best(zalp) used a hand_grenade 9-2-2020, 2:03:09 PM
best(zalp) used a hand_grenade 9-2-2020, 2:03:09 PM
best(zalp) used a hand_grenade 9-2-2020, 2:03:09 PM
best(zalp) used a hand_grenade 9-2-2020, 2:03:59 PM
best(zalp) used a hand_grenade 9-2-2020, 2:03:59 PM
best(zalp) used a hand_grenade 9-2-2020, 2:04:00 PM
best(zalp) used a hand_grenade 9-2-2020, 2:04:00 PM
best(zalp) used a hand_grenade 9-2-2020, 2:05:28 PM
best(zalp) used a hand_grenade 9-2-2020, 2:05:29 PM
best(zalp) used a tk_ultra_health_potion 9-2-2020, 2:05:35 PM
best(zalp) used a tk_ultra_health_potion 9-2-2020, 2:05:35 PM
best(zalp) used a rocket_launcher 9-2-2020, 2:06:14 PM
best(zalp) used a rocket_launcher 9-2-2020, 2:06:50 PM
best(zalp) used a rocket_launcher 9-2-2020, 2:06:50 PM
best(zalp) used a hand_grenade 9-2-2020, 2:07:03 PM
best(zalp) used a hand_grenade 9-2-2020, 2:07:03 PM
best(zalp) used a tk_ultra_health_potion 9-2-2020, 2:07:37 PM
best(zalp) used a tk_ultra_health_potion 9-2-2020, 2:07:37 PM