
Ryder1 logged in. 1-26-2021, 1:07:12 AM
blindgamers14 logged in. 1-26-2021, 4:08:29 AM
blindgamers14 logged in. 1-26-2021, 4:09:39 AM
blindgamers14 logged in. 1-26-2021, 4:24:03 AM
blindgamers14 logged in. 1-26-2021, 4:30:26 AM
blindgamers14 logged in. 1-26-2021, 4:57:06 AM
Igrok logged in. 1-26-2021, 5:17:07 AM
Igrok logged in. 1-26-2021, 5:29:10 AM
blindgamers14 logged in. 1-26-2021, 5:32:17 AM
Igrok logged in. 1-26-2021, 5:35:02 AM
Igrok logged in. 1-26-2021, 5:40:10 AM
Igrok logged in. 1-26-2021, 6:04:03 AM
blindgamers14 logged in. 1-26-2021, 6:19:29 AM
Alfina logged in. 1-26-2021, 6:25:58 AM
Alfina logged in. 1-26-2021, 6:26:43 AM
Igrok logged in. 1-26-2021, 6:28:09 AM
fust-killer logged in. 1-26-2021, 6:40:00 AM
blindgamers14 logged in. 1-26-2021, 6:48:20 AM
blindgamers14 logged in. 1-26-2021, 6:51:49 AM
Alfina logged in. 1-26-2021, 6:54:10 AM
prashant logged in. 1-26-2021, 7:17:16 AM
anil logged in. 1-26-2021, 7:18:19 AM
anil logged in. 1-26-2021, 7:27:54 AM
killer3000 logged in. 1-26-2021, 7:45:46 AM
fust-killer logged in. 1-26-2021, 7:46:33 AM
rathee logged in. 1-26-2021, 8:14:49 AM
blindgamers14 logged in. 1-26-2021, 8:28:55 AM
anil logged in. 1-26-2021, 8:35:10 AM
superAtacker logged in. 1-26-2021, 8:57:52 AM
Killercross logged in. 1-26-2021, 9:28:12 AM
blindgamers14 logged in. 1-26-2021, 9:36:10 AM
Killercross logged in. 1-26-2021, 9:36:23 AM
blindgamers14 logged in. 1-26-2021, 9:39:18 AM
sgamer logged in. 1-26-2021, 9:42:44 AM
anil logged in. 1-26-2021, 9:56:28 AM
blindgamers14 logged in. 1-26-2021, 10:01:38 AM
Killercross logged in. 1-26-2021, 10:03:42 AM
blindgamers14 logged in. 1-26-2021, 10:06:27 AM
major logged in. 1-26-2021, 10:14:29 AM
sgamer logged in. 1-26-2021, 10:27:28 AM
rathee logged in. 1-26-2021, 10:31:22 AM
sgamer logged in. 1-26-2021, 10:35:08 AM
Killercross logged in. 1-26-2021, 10:37:40 AM
major logged in. 1-26-2021, 11:00:27 AM
Killercross logged in. 1-26-2021, 11:01:05 AM
blindgamers14 logged in. 1-26-2021, 11:07:31 AM
teja logged in. 1-26-2021, 11:10:42 AM
blindgamers14 logged in. 1-26-2021, 11:34:14 AM
blindgamers14 logged in. 1-26-2021, 11:50:58 AM
teja logged in. 1-26-2021, 12:11:36 PM
blindgamers14 logged in. 1-26-2021, 12:21:17 PM
vishnu logged in. 1-26-2021, 12:21:57 PM
blindgamers14 logged in. 1-26-2021, 12:45:00 PM
blindgamers14 logged in. 1-26-2021, 12:49:49 PM
blindgamers14 logged in. 1-26-2021, 12:53:55 PM
tsunami logged in. 1-26-2021, 1:13:36 PM
vishnu logged in. 1-26-2021, 1:29:16 PM
anil logged in. 1-26-2021, 1:29:48 PM
teja logged in. 1-26-2021, 2:01:26 PM
Alfina logged in. 1-26-2021, 2:08:14 PM
karatl logged in. 1-26-2021, 2:20:43 PM
tsunami logged in. 1-26-2021, 2:21:04 PM
vishnu logged in. 1-26-2021, 2:40:33 PM
Alfina logged in. 1-26-2021, 2:59:01 PM
hamidali logged in. 1-26-2021, 3:22:23 PM
naver logged in. 1-26-2021, 3:33:01 PM
Igrok logged in. 1-26-2021, 3:36:38 PM
Stainer logged in. 1-26-2021, 3:49:28 PM
blindgamers14 logged in. 1-26-2021, 3:51:06 PM
blindgamers14 logged in. 1-26-2021, 3:51:25 PM
anil logged in. 1-26-2021, 3:57:36 PM
abid logged in. 1-26-2021, 4:26:01 PM
anil logged in. 1-26-2021, 4:32:48 PM
sgamer logged in. 1-26-2021, 4:34:39 PM
rathee logged in. 1-26-2021, 4:38:27 PM
anil logged in. 1-26-2021, 4:44:03 PM
mihail logged in. 1-26-2021, 4:54:08 PM
karatl logged in. 1-26-2021, 5:05:17 PM
blindgamers14 logged in. 1-26-2021, 5:17:10 PM
stepman logged in. 1-26-2021, 5:18:23 PM
abid logged in. 1-26-2021, 5:19:41 PM
mrido logged in. 1-26-2021, 5:20:06 PM
blindgamers14 logged in. 1-26-2021, 5:27:32 PM
blindgamers14 logged in. 1-26-2021, 5:28:52 PM
stepman logged in. 1-26-2021, 5:42:02 PM
rathee logged in. 1-26-2021, 5:58:49 PM
minzaw logged in. 1-26-2021, 6:01:01 PM
stepman logged in. 1-26-2021, 6:11:33 PM
stepman logged in. 1-26-2021, 6:15:42 PM
laid logged in. 1-26-2021, 6:39:36 PM
sgamer logged in. 1-26-2021, 6:39:46 PM
laid logged in. 1-26-2021, 6:55:00 PM
laid logged in. 1-26-2021, 6:58:11 PM
laid logged in. 1-26-2021, 7:00:28 PM
laid logged in. 1-26-2021, 7:03:09 PM
laid logged in. 1-26-2021, 7:08:30 PM
laid logged in. 1-26-2021, 7:12:13 PM
Simba logged in. 1-26-2021, 7:12:14 PM
nikita-k logged in. 1-26-2021, 7:17:54 PM
anil logged in. 1-26-2021, 7:21:44 PM
anil logged in. 1-26-2021, 7:23:37 PM
stepman logged in. 1-26-2021, 7:34:26 PM
laid logged in. 1-26-2021, 7:48:23 PM
Ryder1 logged in. 1-26-2021, 8:01:05 PM
laid logged in. 1-26-2021, 8:07:28 PM
nikita-k logged in. 1-26-2021, 8:16:37 PM
istek logged in. 1-26-2021, 8:27:06 PM
istek logged in. 1-26-2021, 8:35:01 PM
sgamer logged in. 1-26-2021, 8:36:56 PM
istek logged in. 1-26-2021, 9:17:16 PM
dark-night logged in. 1-26-2021, 9:36:58 PM
dark-night logged in. 1-26-2021, 9:50:11 PM
dark-night logged in. 1-26-2021, 9:50:33 PM
nikita-k logged in. 1-26-2021, 10:40:43 PM
Lordral logged in. 1-26-2021, 10:41:09 PM