
killer3000 (killer3000) sent /lchat k 1-26-2021, 7:46:07 AM
killer3000 (killer3000) sent /lchat ok 1-26-2021, 7:46:28 AM
killer3000 (killer3000) sent /lchat lets go 1-26-2021, 7:46:32 AM
killer3000 (killer3000) sent /lchat you have 794 air. this should last you about 46 minutes and 19 seconds 1-26-2021, 7:46:36 AM
killer3000 (killer3000) sent /lchat ok 1-26-2021, 7:47:14 AM
killer3000 (killer3000) sent /lchat ok 1-26-2021, 7:48:43 AM
killer3000 (killer3000) sent /t ok 1-26-2021, 7:49:44 AM
killer3000 (killer3000) sent /t use sword there ok? 1-26-2021, 7:49:58 AM
killer3000 (killer3000) sent /lchat oho? 1-26-2021, 7:50:04 AM
killer3000 (killer3000) sent /lchat cannen is ok 1-26-2021, 7:51:20 AM
killer3000 (killer3000) sent /lchat track me 1-26-2021, 7:52:20 AM
killer3000 (killer3000) sent /lchat come 1-26-2021, 7:54:09 AM
killer3000 (killer3000) sent /lchat from water 1-26-2021, 7:54:20 AM
killer3000 (killer3000) sent /lchat come? 1-26-2021, 7:54:40 AM
killer3000 (killer3000) sent /lchat help help 1-26-2021, 7:55:03 AM
killer3000 (killer3000) sent /lchat leave him and come 1-26-2021, 7:55:17 AM
killer3000 (killer3000) sent /t you dead 1-26-2021, 7:55:41 AM
killer3000 (killer3000) sent /lchat hi 1-26-2021, 7:58:36 AM
killer3000 (killer3000) sent /lchat come 1-26-2021, 8:01:03 AM
killer3000 (killer3000) sent /lchat up 1-26-2021, 8:03:43 AM
killer3000 (killer3000) sent /lchat yes 1-26-2021, 8:05:10 AM
killer3000 (killer3000) sent /lchat why? 1-26-2021, 8:06:18 AM
killer3000 (killer3000) sent /lchat oh 1-26-2021, 8:07:05 AM
killer3000 (killer3000) sent /lchat here 1-26-2021, 8:08:38 AM
killer3000 (killer3000) sent /lchat here 1-26-2021, 8:09:56 AM
killer3000 (killer3000) sent /lchat here 1-26-2021, 8:10:02 AM
killer3000 (killer3000) sent /lchat come from the water  1-26-2021, 8:10:18 AM
killer3000 (killer3000) sent /lchat this 1-26-2021, 8:10:38 AM
killer3000 (killer3000) sent /lchat come right 1-26-2021, 8:10:57 AM
killer3000 (killer3000) sent /lchat clyme 1-26-2021, 8:11:25 AM
killer3000 (killer3000) sent /lchat no mask 1-26-2021, 8:11:44 AM
killer3000 (killer3000) sent /lchat waw 1-26-2021, 8:13:39 AM
killer3000 (killer3000) sent /lchat agagahahaha 1-26-2021, 8:14:01 AM
killer3000 (killer3000) sent /lchat doun 1-26-2021, 8:15:02 AM
killer3000 (killer3000) sent /lchat come 1-26-2021, 8:15:15 AM
killer3000 (killer3000) sent /lchat here 1-26-2021, 8:15:26 AM
killer3000 (killer3000) sent /lchat from back i thing 1-26-2021, 8:16:29 AM
killer3000 (killer3000) sent /lchat oh nice 1-26-2021, 8:16:45 AM
killer3000 (killer3000) sent /lchat hmm 1-26-2021, 8:17:33 AM
killer3000 (killer3000) sent /lchat tank time 1-26-2021, 8:17:37 AM
killer3000 (killer3000) sent /lchat haha 1-26-2021, 8:17:58 AM
killer3000 (killer3000) sent /lchat current location: uncharted area 1-26-2021, 8:18:23 AM
killer3000 (killer3000) sent /lchat ok 1-26-2021, 8:19:18 AM
killer3000 (killer3000) sent /lchat roflrofl 1-26-2021, 8:20:58 AM
killer3000 (killer3000) sent /lchat uhhhhhhhhh 1-26-2021, 8:21:40 AM
killer3000 (killer3000) sent /lchat yep 1-26-2021, 8:22:07 AM