
zumarrafi (zumarrafi) sent /newbie 2-15-2021, 6:12:36 AM
zumarrafi (zumarrafi) sent /newbie 2-15-2021, 6:13:48 AM
zumarrafi (zumarrafi) sent /newbie 2-15-2021, 6:17:12 AM
zumarrafi (zumarrafi) sent /bid 1000 2-15-2021, 6:19:41 AM
zumarrafi (zumarrafi) sent /bid 1000 2-15-2021, 6:19:50 AM
zumarrafi (zumarrafi) sent /admins 2-15-2021, 6:20:39 AM
zumarrafi (zumarrafi) sent /newbie 2-15-2021, 6:23:01 AM
zumarrafi (zumarrafi) sent /changes 2-15-2021, 6:24:44 AM
zumarrafi (zumarrafi) sent /suicide 2-15-2021, 6:25:22 AM
zumarrafi (zumarrafi) sent /lchat test 2-15-2021, 7:01:26 AM
zumarrafi (zumarrafi) sent /lchat give me coin, rofl 2-15-2021, 7:01:40 AM
zumarrafi (zumarrafi) sent /staff 2-15-2021, 7:03:16 AM
zumarrafi (zumarrafi) sent /staff 2-15-2021, 7:03:29 AM
zumarrafi (zumarrafi) sent /admins 2-15-2021, 7:11:07 AM
zumarrafi (zumarrafi) sent /nickname super gamer 2-15-2021, 7:11:40 AM
super gamer (zumarrafi) sent /lchat lolololol 2-15-2021, 7:12:49 AM
super gamer (zumarrafi) sent /lchat how open social menu? 2-15-2021, 7:14:51 AM
super gamer (zumarrafi) sent /s11 2-15-2021, 7:15:20 AM
super gamer (zumarrafi) sent /s56 2-15-2021, 7:15:28 AM
super gamer (zumarrafi) sent /lchat roflflflflf 2-15-2021, 7:15:34 AM
super gamer (zumarrafi) sent /s44 2-15-2021, 7:15:51 AM
super gamer (zumarrafi) sent /lchat lololol 2-15-2021, 7:16:24 AM
super gamer (zumarrafi) sent /help 2-15-2021, 7:23:44 AM
super gamer (zumarrafi) sent /events 2-15-2021, 7:24:00 AM
super gamer (zumarrafi) sent /afk 2-15-2021, 7:35:18 AM
super gamer (zumarrafi) sent /suicide 2-15-2021, 7:49:58 AM
super gamer (zumarrafi) sent /lchat jahaha 2-15-2021, 8:07:20 AM
super gamer (zumarrafi) sent /admins 2-15-2021, 1:41:10 PM
super gamer (zumarrafi) sent /admins 2-15-2021, 3:37:55 PM
super gamer (zumarrafi) sent /lchat jahahahahaha tas stw 2-15-2021, 3:50:12 PM
super gamer (zumarrafi) sent /lchat sound stw 2-15-2021, 3:50:17 PM
super gamer (zumarrafi) sent /suicide 2-15-2021, 4:01:37 PM
super gamer (zumarrafi) sent /suicide 2-15-2021, 4:27:45 PM
super gamer (zumarrafi) sent /suicide 2-15-2021, 4:49:21 PM
super gamer (zumarrafi) sent /pm mrido pernah kesini ga? 2-15-2021, 4:52:32 PM
super gamer (zumarrafi) sent /lchat itu ga dapat coin ya? 2-15-2021, 4:53:52 PM
super gamer (zumarrafi) sent /lchat berapa? 2-15-2021, 4:54:10 PM
super gamer (zumarrafi) sent /lchat lagi ah, hehehhee 2-15-2021, 4:54:44 PM
super gamer (zumarrafi) sent /lchat seru kayaknya 2-15-2021, 4:54:56 PM
super gamer (zumarrafi) sent /r ini gampang kayaknya 2-15-2021, 4:56:18 PM
super gamer (zumarrafi) sent /r keren ini, roflflflf 2-15-2021, 5:00:58 PM
super gamer (zumarrafi) sent /pm mrido itu setrum terus kananku lol 2-15-2021, 5:08:40 PM
super gamer (zumarrafi) sent /r itu setrum aja ituuuu 2-15-2021, 5:09:54 PM
super gamer (zumarrafi) sent /suicide 2-15-2021, 5:12:22 PM
super gamer (zumarrafi) sent /suicide 2-15-2021, 5:15:49 PM
super gamer (zumarrafi) sent /r pernah ke weapon challenge ga? 2-15-2021, 5:31:01 PM
super gamer (zumarrafi) sent /suicide 2-15-2021, 5:34:57 PM
super gamer (zumarrafi) sent /admins 2-15-2021, 7:21:29 PM
super gamer (zumarrafi) sent /s14 2-15-2021, 7:22:11 PM