
darkfrent (darkfrent) said vot 8-25-2020, 12:03:50 AM
darkfrent (darkfrent) said vot 8-25-2020, 12:03:58 AM
darkfrent (darkfrent) said не как 8-25-2020, 12:04:23 AM
darkfrent (darkfrent) said 346 8-25-2020, 12:04:30 AM
darkfrent (darkfrent) said go tu main 8-25-2020, 12:50:37 AM
darkfrent (darkfrent) said о rider 8-25-2020, 1:22:18 AM
darkfrent (darkfrent) said го по дюэлимся 8-25-2020, 1:22:28 AM
darkfrent (darkfrent) said что то не спиться хах 8-25-2020, 1:22:37 AM
darkfrent (darkfrent) said короче 8-25-2020, 1:23:00 AM
darkfrent (darkfrent) said план такой 8-25-2020, 1:23:04 AM
darkfrent (darkfrent) said сейчас все идут на батл филд 8-25-2020, 1:23:17 AM
darkfrent (darkfrent) said и дуэлимся чисто на холодном до последнего победителя 8-25-2020, 1:23:48 AM
darkfrent (darkfrent) said последний получает 5000000 8-25-2020, 1:24:10 AM
darkfrent (darkfrent) said 5 30 8-25-2020, 1:24:35 AM
darkfrent (darkfrent) said так ещё 8-25-2020, 1:25:06 AM
darkfrent (darkfrent) said перезаходить нельзя 8-25-2020, 1:25:14 AM
darkfrent (darkfrent) said через 3 мин начинаем 8-25-2020, 1:25:35 AM
darkfrent (darkfrent) said 5 30 0 8-25-2020, 1:25:40 AM
darkfrent (darkfrent) said го 4 30 0 8-25-2020, 1:26:19 AM
darkfrent (darkfrent) said ой 5 8-25-2020, 1:26:23 AM
darkfrent (darkfrent) said stronger в перёд до конца 8-25-2020, 1:26:42 AM
darkfrent (darkfrent) said розминка прошла успешно 8-25-2020, 1:27:34 AM
darkfrent (darkfrent) said короче раз 2 3 го 8-25-2020, 1:27:41 AM
darkfrent (darkfrent) said твою мать это хто 8-25-2020, 1:28:12 AM
darkfrent (darkfrent) said на холодноооооом 8-25-2020, 1:28:15 AM
darkfrent (darkfrent) said ща 8-25-2020, 1:28:19 AM
darkfrent (darkfrent) said го 8-25-2020, 1:28:49 AM
darkfrent (darkfrent) said бббб 8-25-2020, 1:29:35 AM
darkfrent (darkfrent) said ок 5000000 твои стой там 8-25-2020, 1:29:57 AM
darkfrent (darkfrent) said cnjqqq 8-25-2020, 1:30:16 AM
darkfrent (darkfrent) said стой  8-25-2020, 1:30:33 AM
darkfrent (darkfrent) said да не махай 8-25-2020, 1:30:48 AM
darkfrent (darkfrent) said 5 30 0 8-25-2020, 1:31:00 AM
darkfrent (darkfrent) said да 8-25-2020, 1:31:16 AM
darkfrent (darkfrent) said энтр 8-25-2020, 1:31:19 AM
darkfrent (darkfrent) said lf 8-25-2020, 1:32:08 AM
darkfrent (darkfrent) said da 8-25-2020, 1:32:11 AM
darkfrent (darkfrent) said ястреб стой не махай деньги дам 8-25-2020, 1:33:50 AM
darkfrent (darkfrent) said da 8-25-2020, 1:34:52 AM
darkfrent (darkfrent) said aaaaaaaa 8-25-2020, 1:35:01 AM
darkfrent (darkfrent) said daaaaaa 8-25-2020, 1:36:58 AM
darkfrent (darkfrent) said 5000000 есть 8-25-2020, 1:37:16 AM
darkfrent (darkfrent) said не ну мы типа на 5000000 играли 8-25-2020, 1:37:45 AM
darkfrent (darkfrent) said выиграл 8-25-2020, 1:39:28 AM
darkfrent (darkfrent) said stronger ты мне 5000000 должен 8-25-2020, 1:39:44 AM
darkfrent (darkfrent) said я отдал 8-25-2020, 1:39:55 AM
darkfrent (darkfrent) said where 8-25-2020, 1:43:16 AM