
supergamer (supergamer) said hi 1-8-2021, 7:01:18 PM
supergamer (supergamer) said should i leave? 1-8-2021, 7:01:25 PM
supergamer (supergamer) said wjy 1-8-2021, 7:01:35 PM
supergamer (supergamer) said wheres the best place to get coins? 1-8-2021, 7:02:27 PM
supergamer (supergamer) said zalp maps, whats that? 1-8-2021, 7:03:02 PM
supergamer (supergamer) said where are they anyways 1-8-2021, 7:03:06 PM
supergamer (supergamer) said oo 1-8-2021, 7:03:24 PM
supergamer (supergamer) said cool thingy 1-8-2021, 7:03:27 PM
supergamer (supergamer) said yay, die all garbage! 1-8-2021, 7:04:21 PM
supergamer (supergamer) said thats good and congrats, but give them to me now 1-8-2021, 7:08:29 PM
supergamer (supergamer) said lol 1-8-2021, 7:09:03 PM
supergamer (supergamer) said thanks 1-8-2021, 7:09:04 PM
supergamer (supergamer) said should i give m back to you? 1-8-2021, 7:09:19 PM
supergamer (supergamer) said wow you're cheating, i should report you to the developer of this game 1-8-2021, 7:09:47 PM
supergamer (supergamer) said thank you. your request has been sent. 1-8-2021, 7:11:43 PM
supergamer (supergamer) said gives a lot of damage? I think the better word would be has, or something like this 1-8-2021, 7:13:46 PM
supergamer (supergamer) said but k 1-8-2021, 7:13:52 PM
supergamer (supergamer) said wait what, i just bought it 1-8-2021, 7:17:40 PM
supergamer (supergamer) said oo, its back! 1-8-2021, 7:17:57 PM
supergamer (supergamer) said is there any way i can track kirills around me? 1-8-2021, 7:21:47 PM
supergamer (supergamer) said good 1-8-2021, 7:21:57 PM
supergamer (supergamer) said ? 1-8-2021, 7:38:09 PM
supergamer (supergamer) said wait but how to get to the second level of this challenge? 1-8-2021, 7:45:50 PM
supergamer (supergamer) said aa 1-8-2021, 7:46:22 PM
supergamer (supergamer) said lol, congrats! 1-8-2021, 8:15:41 PM
supergamer (supergamer) said i know 1-8-2021, 8:19:46 PM
supergamer (supergamer) said i accidentaly pressed page down 1-8-2021, 8:19:54 PM
supergamer (supergamer) said baaaam 1-8-2021, 8:21:11 PM
supergamer (supergamer) said good luck! 1-8-2021, 8:26:55 PM
supergamer (supergamer) said may they kill you asap! 1-8-2021, 8:27:00 PM
supergamer (supergamer) said lol i liked the stun grenade thingy 1-8-2021, 8:33:25 PM
supergamer (supergamer) said is that storm sniper any good? 1-8-2021, 8:33:58 PM
supergamer (supergamer) said erm hmm but where to get ammos for it? 1-8-2021, 8:34:47 PM
supergamer (supergamer) said yes, they have another name thats why i got slightly confused 1-8-2021, 8:36:09 PM
supergamer (supergamer) said gotta try it probably 1-8-2021, 8:56:08 PM
supergamer (supergamer) said ok 1-8-2021, 8:59:24 PM
supergamer (supergamer) said ok but what i get for it 1-8-2021, 8:59:44 PM
supergamer (supergamer) said hahahaa 1-8-2021, 9:15:34 PM
supergamer (supergamer) said i am better than you all, noobs 1-8-2021, 9:17:15 PM
supergamer (supergamer) said till you ban me though 1-8-2021, 9:17:25 PM
supergamer (supergamer) said wow this thing is pretty hard 1-8-2021, 9:19:32 PM
supergamer (supergamer) said what about making the key that'll tell you only the distance? 1-8-2021, 9:21:42 PM
supergamer (supergamer) said bye bye 1-8-2021, 9:30:55 PM
supergamer (supergamer) said bye bye 1-8-2021, 9:40:41 PM