
zalper (zalper) said €€€€€€ 8-13-2020, 5:14:17 AM
zalper (zalper) said €€€ 8-13-2020, 6:44:50 AM
zalper (zalper) said € 8-13-2020, 6:44:53 AM
zalper (zalper) said € 8-13-2020, 6:45:00 AM
zalper (zalper) said killer 8-13-2020, 7:39:15 AM
zalper (zalper) said аааа 8-13-2020, 8:41:47 AM
zalper (zalper) said это € кол€н 8-13-2020, 8:47:38 AM
zalper (zalper) said нет 8-13-2020, 8:47:57 AM
zalper (zalper) said кол€н 8-13-2020, 8:48:12 AM
zalper (zalper) said ана 8-13-2020, 8:48:32 AM
zalper (zalper) said tk_ultra_health_potion, 19971 8-13-2020, 8:49:54 AM
zalper (zalper) said смотри 8-13-2020, 8:50:53 AM
zalper (zalper) said coin, 1394704684 8-13-2020, 8:50:59 AM
zalper (zalper) said это правдо 8-13-2020, 8:51:36 AM
zalper (zalper) said coin, 1394704684 8-13-2020, 8:51:40 AM
zalper (zalper) said гг 8-13-2020, 8:52:00 AM
zalper (zalper) said нет 8-13-2020, 8:52:24 AM
zalper (zalper) said дима 8-13-2020, 8:59:05 AM
zalper (zalper) said coin, 1394855414 8-13-2020, 9:35:38 AM
zalper (zalper) said tk_ultra_health_potion, 19966 8-13-2020, 9:36:36 AM
zalper (zalper) said макс 8-13-2020, 9:41:33 AM
zalper (zalper) said Flammia 8-13-2020, 9:46:34 AM
zalper (zalper) said што 8-13-2020, 9:47:16 AM
zalper (zalper) said item_grabber, 99998 8-13-2020, 9:48:32 AM
zalper (zalper) said ты шо твориш 8-13-2020, 9:52:48 AM
zalper (zalper) said item_grabber, 99998 8-13-2020, 9:53:02 AM
zalper (zalper) said Yarina 8-13-2020, 9:53:25 AM
zalper (zalper) said угадай кто пишит 8-13-2020, 9:54:17 AM
zalper (zalper) said coin, 1394860177 8-13-2020, 9:55:18 AM
zalper (zalper) said хорошо 8-13-2020, 10:14:46 AM
zalper (zalper) said чЄ 8-13-2020, 10:16:46 AM
zalper (zalper) said шо 8-13-2020, 10:56:20 AM
zalper (zalper) said так € кол€н 8-13-2020, 10:56:50 AM
zalper (zalper) said ага 8-13-2020, 10:57:11 AM
zalper (zalper) said coin, 1396627916 8-13-2020, 10:58:22 AM
zalper (zalper) said €€ 8-13-2020, 11:02:19 AM
zalper (zalper) said you are level 100 with 1226833 experience. your next level requireds 23167 experience 8-13-2020, 11:03:09 AM
zalper (zalper) said item_grabber, 99998 8-13-2020, 11:05:40 AM
zalper (zalper) said шо 8-13-2020, 11:06:02 AM
zalper (zalper) said frequency_scrambler, 49998 8-13-2020, 11:09:13 AM
zalper (zalper) said ага 8-13-2020, 11:10:40 AM
zalper (zalper) said air_canister, 100000 8-13-2020, 11:11:44 AM
zalper (zalper) said гы 8-13-2020, 11:12:10 AM
zalper (zalper) said a random gift has been given out. the recipient, randomly chosen, was nikita-k, and they have received turret 8-13-2020, 11:16:14 AM
zalper (zalper) said дима дал 8-13-2020, 11:17:18 AM
zalper (zalper) said привет 8-13-2020, 11:18:36 AM
zalper (zalper) said чЄ хто делает 8-13-2020, 11:19:22 AM
zalper (zalper) said ой 8-13-2020, 11:20:19 AM
zalper (zalper) said где ты досьтигаеш 8-13-2020, 11:22:19 AM
zalper (zalper) said ой 8-13-2020, 11:23:06 AM
zalper (zalper) said а € пойду на залп 8-13-2020, 11:23:53 AM
zalper (zalper) said уууууууууууууууу 8-13-2020, 11:24:11 AM
zalper (zalper) said ЄЄЄЄЄЄЄ 8-13-2020, 11:24:40 AM
zalper (zalper) said ууууу 8-13-2020, 11:24:59 AM
zalper (zalper) said точный пездец 8-13-2020, 11:25:47 AM
zalper (zalper) said а кто после солдата 8-13-2020, 11:27:12 AM
zalper (zalper) said аааааа 8-13-2020, 11:29:00 AM
zalper (zalper) said скоро прейду 8-13-2020, 11:34:26 AM
zalper (zalper) said € 8-13-2020, 11:55:32 AM
zalper (zalper) said € 8-13-2020, 11:55:54 AM
zalper (zalper) said залп 8-13-2020, 12:00:40 PM
zalper (zalper) said куда 8-13-2020, 12:01:00 PM
zalper (zalper) said ок 8-13-2020, 12:01:24 PM
zalper (zalper) said €€ 8-13-2020, 12:02:31 PM
zalper (zalper) said залп 8-13-2020, 12:02:57 PM
zalper (zalper) said €€€€€€ 8-13-2020, 1:17:11 PM
zalper (zalper) said привет 8-13-2020, 1:26:00 PM
zalper (zalper) said ага 8-13-2020, 3:06:56 PM
zalper (zalper) said залп 8-13-2020, 3:42:25 PM
zalper (zalper) said и шо 8-13-2020, 3:44:31 PM
zalper (zalper) said ну 8-13-2020, 3:44:50 PM
zalper (zalper) said оооо 8-13-2020, 3:49:47 PM
zalper (zalper) said шо 8-13-2020, 3:51:35 PM