
kofeman(kofeman) used a shield 9-6-2020, 1:06:03 AM
kofeman(kofeman) used a shield 9-6-2020, 1:06:03 AM
kofeman(kofeman) used a shield 9-6-2020, 1:06:03 AM
kofeman(kofeman) used a shield 9-6-2020, 1:06:04 AM
kofeman(kofeman) used a shield 9-6-2020, 1:06:04 AM
kofeman(kofeman) used a shield 9-6-2020, 1:06:04 AM
kofeman(kofeman) used a shield 9-6-2020, 1:06:04 AM
kofeman(kofeman) used a shield 9-6-2020, 1:06:04 AM
kofeman(kofeman) used a shield 9-6-2020, 1:06:04 AM
kofeman(kofeman) used a shield 9-6-2020, 1:06:05 AM
kofeman(kofeman) used a shield 9-6-2020, 1:06:05 AM
kofeman(kofeman) used a shield 9-6-2020, 1:06:05 AM
kofeman(kofeman) used a shield 9-6-2020, 1:06:05 AM
kofeman(kofeman) used a shield 9-6-2020, 1:06:05 AM
kofeman(kofeman) used a shield 9-6-2020, 1:06:05 AM
kofeman(kofeman) used a shield 9-6-2020, 1:06:05 AM
kofeman(kofeman) used a shield 9-6-2020, 1:06:06 AM
kofeman(kofeman) used a shield 9-6-2020, 1:06:06 AM
kofeman(kofeman) used a shield 9-6-2020, 1:06:06 AM
kofeman(kofeman) used a shield 9-6-2020, 1:06:06 AM
kofeman(kofeman) used a shield 9-6-2020, 1:06:06 AM
kofeman(kofeman) used a hand_grenade 9-6-2020, 1:06:14 AM
kofeman(kofeman) used a hand_grenade 9-6-2020, 1:06:29 AM
kofeman(kofeman) used a hand_grenade 9-6-2020, 1:06:30 AM
kofeman(kofeman) used a hand_grenade 9-6-2020, 1:06:30 AM
kofeman(kofeman) used a hand_grenade 9-6-2020, 1:06:31 AM
kofeman(kofeman) used a hand_grenade 9-6-2020, 1:06:31 AM
kofeman(kofeman) used a hand_grenade 9-6-2020, 1:06:35 AM
kofeman(kofeman) used a hand_grenade 9-6-2020, 1:06:36 AM
kofeman(kofeman) used a hand_grenade 9-6-2020, 1:06:37 AM
kofeman(kofeman) used a hand_grenade 9-6-2020, 1:06:37 AM
kofeman(kofeman) used a hand_grenade 9-6-2020, 1:06:38 AM
kofeman(kofeman) used a hand_grenade 9-6-2020, 1:06:38 AM
kofeman(kofeman) used a hand_grenade 9-6-2020, 1:06:38 AM
kofeman(kofeman) used a hand_grenade 9-6-2020, 1:06:39 AM
kofeman(kofeman) used a hand_grenade 9-6-2020, 1:06:40 AM
kofeman(kofeman) used a hand_grenade 9-6-2020, 1:06:40 AM
kofeman(kofeman) used a hand_grenade 9-6-2020, 1:06:40 AM
kofeman(kofeman) used a hand_grenade 9-6-2020, 1:06:40 AM
kofeman(kofeman) used a health_drink 9-6-2020, 1:06:55 AM
kofeman(kofeman) used a health_drink 9-6-2020, 1:07:00 AM
kofeman(kofeman) used a health_drink 9-6-2020, 1:07:03 AM
kofeman(kofeman) used a health_drink 9-6-2020, 1:07:06 AM
kofeman(kofeman) used a shield 9-6-2020, 1:07:25 AM
kofeman(kofeman) used a shield 9-6-2020, 1:07:25 AM
kofeman(kofeman) used a shield 9-6-2020, 1:07:25 AM
kofeman(kofeman) used a shield 9-6-2020, 1:07:25 AM
kofeman(kofeman) used a shield 9-6-2020, 1:07:26 AM
kofeman(kofeman) used a shield 9-6-2020, 1:07:26 AM
kofeman(kofeman) used a shield 9-6-2020, 1:07:26 AM
kofeman(kofeman) used a shield 9-6-2020, 1:07:26 AM
kofeman(kofeman) used a shield 9-6-2020, 1:07:26 AM
kofeman(kofeman) used a shield 9-6-2020, 1:07:27 AM
kofeman(kofeman) used a hand_grenade 9-6-2020, 1:07:34 AM
kofeman(kofeman) used a hand_grenade 9-6-2020, 1:07:52 AM
kofeman(kofeman) used a hand_grenade 9-6-2020, 1:07:59 AM
kofeman(kofeman) used a hand_grenade 9-6-2020, 1:08:02 AM
kofeman(kofeman) used a hand_grenade 9-6-2020, 1:08:03 AM
kofeman(kofeman) used a hand_grenade 9-6-2020, 1:08:03 AM
kofeman(kofeman) used a hand_grenade 9-6-2020, 1:08:03 AM
kofeman(kofeman) used a hand_grenade 9-6-2020, 1:08:05 AM
kofeman(kofeman) used a hand_grenade 9-6-2020, 1:08:05 AM
kofeman(kofeman) used a hand_grenade 9-6-2020, 1:08:06 AM
kofeman(kofeman) used a hand_grenade 9-6-2020, 1:08:06 AM
kofeman(kofeman) used a hand_grenade 9-6-2020, 1:08:07 AM
kofeman(kofeman) used a hand_grenade 9-6-2020, 1:08:07 AM
kofeman(kofeman) used a hand_grenade 9-6-2020, 1:08:11 AM
kofeman(kofeman) used a hand_grenade 9-6-2020, 1:08:11 AM
kofeman(kofeman) used a hand_grenade 9-6-2020, 1:08:14 AM
kofeman(kofeman) used a hand_grenade 9-6-2020, 1:08:14 AM
kofeman(kofeman) used a hand_grenade 9-6-2020, 1:08:14 AM
kofeman(kofeman) used a hand_grenade 9-6-2020, 1:08:15 AM
kofeman(kofeman) used a hand_grenade 9-6-2020, 1:08:15 AM
kofeman(kofeman) used a hand_grenade 9-6-2020, 1:08:15 AM
kofeman(kofeman) used a hand_grenade 9-6-2020, 1:08:15 AM
kofeman(kofeman) used a hand_grenade 9-6-2020, 1:08:16 AM
kofeman(kofeman) used a hand_grenade 9-6-2020, 1:08:16 AM
kofeman(kofeman) used a hand_grenade 9-6-2020, 1:08:16 AM
kofeman(kofeman) used a hand_grenade 9-6-2020, 1:08:19 AM
kofeman(kofeman) used a hand_grenade 9-6-2020, 1:08:21 AM
kofeman(kofeman) used a hand_grenade 9-6-2020, 1:08:22 AM
kofeman(kofeman) used a hand_grenade 9-6-2020, 1:08:23 AM
kofeman(kofeman) used a hand_grenade 9-6-2020, 1:08:23 AM
kofeman(kofeman) used a hand_grenade 9-6-2020, 1:08:25 AM
kofeman(kofeman) used a hand_grenade 9-6-2020, 1:08:26 AM
kofeman(kofeman) used a hand_grenade 9-6-2020, 1:08:29 AM
kofeman(kofeman) used a hand_grenade 9-6-2020, 1:08:30 AM
kofeman(kofeman) used a hand_grenade 9-6-2020, 1:08:30 AM
kofeman(kofeman) used a hand_grenade 9-6-2020, 1:08:30 AM
kofeman(kofeman) used a hand_grenade 9-6-2020, 1:08:30 AM
kofeman(kofeman) used a hand_grenade 9-6-2020, 1:08:31 AM
kofeman(kofeman) used a hand_grenade 9-6-2020, 1:08:31 AM
kofeman(kofeman) used a hand_grenade 9-6-2020, 1:08:31 AM
kofeman(kofeman) used a hand_grenade 9-6-2020, 1:08:33 AM
kofeman(kofeman) used a hand_grenade 9-6-2020, 1:08:34 AM
kofeman(kofeman) used a hand_grenade 9-6-2020, 1:08:35 AM
kofeman(kofeman) used a hand_grenade 9-6-2020, 1:08:39 AM
kofeman(kofeman) used a hand_grenade 9-6-2020, 1:08:39 AM
kofeman(kofeman) used a hand_grenade 9-6-2020, 1:08:40 AM
kofeman(kofeman) used a hand_grenade 9-6-2020, 1:08:40 AM
kofeman(kofeman) used a hand_grenade 9-6-2020, 1:08:40 AM
kofeman(kofeman) used a hand_grenade 9-6-2020, 1:08:41 AM
kofeman(kofeman) used a hand_grenade 9-6-2020, 1:08:42 AM
kofeman(kofeman) used a hand_grenade 9-6-2020, 1:08:42 AM
kofeman(kofeman) used a hand_grenade 9-6-2020, 1:08:42 AM
kofeman(kofeman) used a hand_grenade 9-6-2020, 1:08:43 AM
kofeman(kofeman) used a hand_grenade 9-6-2020, 1:08:43 AM
kofeman(kofeman) used a hand_grenade 9-6-2020, 1:08:43 AM
kofeman(kofeman) used a hand_grenade 9-6-2020, 1:08:44 AM
kofeman(kofeman) used a hand_grenade 9-6-2020, 1:08:44 AM
kofeman(kofeman) used a hand_grenade 9-6-2020, 1:08:44 AM
kofeman(kofeman) used a hand_grenade 9-6-2020, 1:08:44 AM
kofeman(kofeman) used a hand_grenade 9-6-2020, 1:08:45 AM
kofeman(kofeman) used a hand_grenade 9-6-2020, 1:08:45 AM
kofeman(kofeman) used a hand_grenade 9-6-2020, 1:08:45 AM
kofeman(kofeman) used a hand_grenade 9-6-2020, 1:08:46 AM
kofeman(kofeman) used a hand_grenade 9-6-2020, 1:08:46 AM
kofeman(kofeman) used a hand_grenade 9-6-2020, 1:08:46 AM
kofeman(kofeman) used a hand_grenade 9-6-2020, 1:08:47 AM
kofeman(kofeman) used a hand_grenade 9-6-2020, 1:08:47 AM
kofeman(kofeman) used a hand_grenade 9-6-2020, 1:08:47 AM
kofeman(kofeman) used a hand_grenade 9-6-2020, 1:08:48 AM
kofeman(kofeman) used a hand_grenade 9-6-2020, 1:08:48 AM
kofeman(kofeman) used a hand_grenade 9-6-2020, 1:08:48 AM
kofeman(kofeman) used a hand_grenade 9-6-2020, 1:08:48 AM
kofeman(kofeman) used a hand_grenade 9-6-2020, 1:08:48 AM
kofeman(kofeman) used a hand_grenade 9-6-2020, 1:08:49 AM
kofeman(kofeman) used a hand_grenade 9-6-2020, 1:08:49 AM
kofeman(kofeman) used a hand_grenade 9-6-2020, 1:08:49 AM
kofeman(kofeman) used a hand_grenade 9-6-2020, 1:08:49 AM
kofeman(kofeman) used a hand_grenade 9-6-2020, 1:08:49 AM
kofeman(kofeman) used a hand_grenade 9-6-2020, 1:08:50 AM
kofeman(kofeman) used a hand_grenade 9-6-2020, 1:08:50 AM
kofeman(kofeman) used a hand_grenade 9-6-2020, 1:08:50 AM
kofeman(kofeman) used a hand_grenade 9-6-2020, 1:08:50 AM
kofeman(kofeman) used a hand_grenade 9-6-2020, 1:08:50 AM
kofeman(kofeman) used a hand_grenade 9-6-2020, 1:08:51 AM
kofeman(kofeman) used a hand_grenade 9-6-2020, 1:08:51 AM
kofeman(kofeman) used a hand_grenade 9-6-2020, 1:08:51 AM
kofeman(kofeman) used a hand_grenade 9-6-2020, 1:08:51 AM
kofeman(kofeman) used a hand_grenade 9-6-2020, 1:08:52 AM
kofeman(kofeman) used a hand_grenade 9-6-2020, 1:08:52 AM
kofeman(kofeman) used a hand_grenade 9-6-2020, 1:08:52 AM
kofeman(kofeman) used a hand_grenade 9-6-2020, 1:08:52 AM
kofeman(kofeman) used a hand_grenade 9-6-2020, 1:08:53 AM
kofeman(kofeman) used a hand_grenade 9-6-2020, 1:08:53 AM
kofeman(kofeman) used a hand_grenade 9-6-2020, 1:08:55 AM
kofeman(kofeman) used a hand_grenade 9-6-2020, 1:08:55 AM
kofeman(kofeman) used a hand_grenade 9-6-2020, 1:09:11 AM
kofeman(kofeman) used a hand_grenade 9-6-2020, 1:09:11 AM
kofeman(kofeman) used a hand_grenade 9-6-2020, 1:09:11 AM
kofeman(kofeman) used a hand_grenade 9-6-2020, 1:09:17 AM
kofeman(kofeman) used a hand_grenade 9-6-2020, 1:09:19 AM
kofeman(kofeman) used a hand_grenade 9-6-2020, 1:09:19 AM
kofeman(kofeman) used a hand_grenade 9-6-2020, 1:09:20 AM
kofeman(kofeman) used a hand_grenade 9-6-2020, 1:09:20 AM
kofeman(kofeman) used a hand_grenade 9-6-2020, 1:09:20 AM
kofeman(kofeman) used a hand_grenade 9-6-2020, 1:09:21 AM
kofeman(kofeman) used a hand_grenade 9-6-2020, 1:09:21 AM
kofeman(kofeman) used a hand_grenade 9-6-2020, 1:09:21 AM
kofeman(kofeman) used a hand_grenade 9-6-2020, 1:09:22 AM
kofeman(kofeman) used a hand_grenade 9-6-2020, 1:09:22 AM
kofeman(kofeman) used a hand_grenade 9-6-2020, 1:09:22 AM
kofeman(kofeman) used a hand_grenade 9-6-2020, 1:09:23 AM
kofeman(kofeman) used a hand_grenade 9-6-2020, 1:09:24 AM
kofeman(kofeman) used a hand_grenade 9-6-2020, 1:09:24 AM
kofeman(kofeman) used a hand_grenade 9-6-2020, 1:09:24 AM
kofeman(kofeman) used a hand_grenade 9-6-2020, 1:09:24 AM
kofeman(kofeman) used a hand_grenade 9-6-2020, 1:09:25 AM
kofeman(kofeman) used a hand_grenade 9-6-2020, 1:09:25 AM
kofeman(kofeman) used a hand_grenade 9-6-2020, 1:09:25 AM
kofeman(kofeman) used a hand_grenade 9-6-2020, 1:09:25 AM
kofeman(kofeman) used a hand_grenade 9-6-2020, 1:09:26 AM
kofeman(kofeman) used a hand_grenade 9-6-2020, 1:09:26 AM
kofeman(kofeman) used a hand_grenade 9-6-2020, 1:09:26 AM
kofeman(kofeman) used a hand_grenade 9-6-2020, 1:09:26 AM
kofeman(kofeman) used a hand_grenade 9-6-2020, 1:09:27 AM
kofeman(kofeman) used a hand_grenade 9-6-2020, 1:09:27 AM
kofeman(kofeman) used a hand_grenade 9-6-2020, 1:09:27 AM
kofeman(kofeman) used a health_drink 9-6-2020, 3:06:30 PM
kofeman(kofeman) used a health_drink 9-6-2020, 3:06:32 PM
kofeman(kofeman) used a health_drink 9-6-2020, 3:06:34 PM
kofeman(kofeman) used a health_drink 9-6-2020, 3:06:37 PM
kofeman(kofeman) used a health_drink 9-6-2020, 3:06:39 PM
kofeman(kofeman) used a health_drink 9-6-2020, 3:06:40 PM
kofeman(kofeman) used a health_drink 9-6-2020, 3:06:42 PM
kofeman(kofeman) used a shield 9-6-2020, 3:06:59 PM
kofeman(kofeman) used a shield 9-6-2020, 3:06:59 PM
kofeman(kofeman) used a shield 9-6-2020, 3:06:59 PM
kofeman(kofeman) used a shield 9-6-2020, 3:06:59 PM
kofeman(kofeman) used a shield 9-6-2020, 3:06:59 PM
kofeman(kofeman) used a shield 9-6-2020, 3:06:59 PM
kofeman(kofeman) used a shield 9-6-2020, 3:07:00 PM
kofeman(kofeman) used a shield 9-6-2020, 3:07:00 PM
kofeman(kofeman) used a shield 9-6-2020, 3:07:00 PM
kofeman(kofeman) used a shield 9-6-2020, 3:07:00 PM
kofeman(kofeman) used a shield 9-6-2020, 3:07:00 PM
kofeman(kofeman) used a shield 9-6-2020, 3:07:01 PM
kofeman(kofeman) used a shield 9-6-2020, 3:07:01 PM
kofeman(kofeman) used a shield 9-6-2020, 3:07:01 PM
kofeman(kofeman) used a shield 9-6-2020, 3:07:01 PM
kofeman(kofeman) used a shield 9-6-2020, 3:07:01 PM
kofeman(kofeman) used a shield 9-6-2020, 3:07:02 PM
kofeman(kofeman) used a shield 9-6-2020, 3:07:02 PM
kofeman(kofeman) used a shield 9-6-2020, 3:07:02 PM
kofeman(kofeman) used a shield 9-6-2020, 3:07:02 PM
kofeman(kofeman) used a shield 9-6-2020, 3:07:02 PM
kofeman(kofeman) used a shield 9-6-2020, 3:07:02 PM
kofeman(kofeman) used a shield 9-6-2020, 3:07:03 PM
kofeman(kofeman) used a shield 9-6-2020, 3:07:03 PM
kofeman(kofeman) used a shield 9-6-2020, 3:07:03 PM
kofeman(kofeman) used a shield 9-6-2020, 3:07:03 PM
kofeman(kofeman) used a shield 9-6-2020, 3:07:03 PM
kofeman(kofeman) used a shield 9-6-2020, 3:07:03 PM
kofeman(kofeman) used a shield 9-6-2020, 3:07:04 PM
kofeman(kofeman) used a missile_interceptor 9-6-2020, 3:07:06 PM
kofeman(kofeman) used a missile_interceptor 9-6-2020, 3:07:40 PM
kofeman(kofeman) used a missile_interceptor 9-6-2020, 3:07:44 PM
kofeman(kofeman) used a guided_missile 9-6-2020, 3:08:35 PM
kofeman(kofeman) used a shield 9-6-2020, 3:09:40 PM
kofeman(kofeman) used a shield 9-6-2020, 3:09:40 PM
kofeman(kofeman) used a shield 9-6-2020, 3:09:40 PM
kofeman(kofeman) used a shield 9-6-2020, 3:09:40 PM
kofeman(kofeman) used a shield 9-6-2020, 3:09:40 PM
kofeman(kofeman) used a shield 9-6-2020, 3:09:40 PM
kofeman(kofeman) used a shield 9-6-2020, 3:09:41 PM
kofeman(kofeman) used a shield 9-6-2020, 3:09:41 PM
kofeman(kofeman) used a shield 9-6-2020, 3:09:41 PM
kofeman(kofeman) used a shield 9-6-2020, 3:09:41 PM
kofeman(kofeman) used a shield 9-6-2020, 3:09:41 PM
kofeman(kofeman) used a shield 9-6-2020, 3:09:41 PM
kofeman(kofeman) used a shield 9-6-2020, 3:09:42 PM
kofeman(kofeman) used a shield 9-6-2020, 3:09:42 PM
kofeman(kofeman) used a shield 9-6-2020, 3:09:42 PM
kofeman(kofeman) used a shield 9-6-2020, 3:09:42 PM
kofeman(kofeman) used a shield 9-6-2020, 3:09:42 PM
kofeman(kofeman) used a shield 9-6-2020, 3:09:42 PM
kofeman(kofeman) used a shield 9-6-2020, 3:09:43 PM
kofeman(kofeman) used a shield 9-6-2020, 3:09:43 PM
kofeman(kofeman) used a shield 9-6-2020, 3:09:43 PM
kofeman(kofeman) used a shield 9-6-2020, 3:09:43 PM
kofeman(kofeman) used a shield 9-6-2020, 3:09:43 PM
kofeman(kofeman) used a shield 9-6-2020, 3:09:43 PM
kofeman(kofeman) used a shield 9-6-2020, 3:09:44 PM
kofeman(kofeman) used a shield 9-6-2020, 3:09:44 PM
kofeman(kofeman) used a shield 9-6-2020, 3:09:44 PM
kofeman(kofeman) used a shield 9-6-2020, 3:09:44 PM
kofeman(kofeman) used a shield 9-6-2020, 3:09:45 PM
kofeman(kofeman) used a hand_grenade 9-6-2020, 3:09:57 PM
kofeman(kofeman) used a hand_grenade 9-6-2020, 3:10:31 PM
kofeman(kofeman) used a hand_grenade 9-6-2020, 3:10:36 PM
kofeman(kofeman) used a hand_grenade 9-6-2020, 3:10:40 PM
kofeman(kofeman) used a hand_grenade 9-6-2020, 3:10:40 PM
kofeman(kofeman) used a hand_grenade 9-6-2020, 3:10:41 PM
kofeman(kofeman) used a hand_grenade 9-6-2020, 3:10:41 PM
kofeman(kofeman) used a hand_grenade 9-6-2020, 3:10:42 PM
kofeman(kofeman) used a hand_grenade 9-6-2020, 3:10:46 PM
kofeman(kofeman) used a hand_grenade 9-6-2020, 3:10:48 PM
kofeman(kofeman) used a hand_grenade 9-6-2020, 3:10:51 PM
kofeman(kofeman) used a hand_grenade 9-6-2020, 3:10:52 PM
kofeman(kofeman) used a hand_grenade 9-6-2020, 3:10:52 PM
kofeman(kofeman) used a hand_grenade 9-6-2020, 3:10:53 PM
kofeman(kofeman) used a hand_grenade 9-6-2020, 3:10:57 PM
kofeman(kofeman) used a hand_grenade 9-6-2020, 3:10:57 PM
kofeman(kofeman) used a hand_grenade 9-6-2020, 3:11:00 PM
kofeman(kofeman) used a hand_grenade 9-6-2020, 3:11:10 PM
kofeman(kofeman) used a hand_grenade 9-6-2020, 3:11:11 PM
kofeman(kofeman) used a hand_grenade 9-6-2020, 3:11:35 PM
kofeman(kofeman) used a hand_grenade 9-6-2020, 3:11:36 PM
kofeman(kofeman) used a hand_grenade 9-6-2020, 3:11:36 PM
kofeman(kofeman) used a hand_grenade 9-6-2020, 3:11:47 PM
kofeman(kofeman) used a hand_grenade 9-6-2020, 3:11:48 PM
kofeman(kofeman) used a guided_missile 9-6-2020, 3:12:03 PM
kofeman(kofeman) used a hand_grenade 9-6-2020, 3:12:22 PM
kofeman(kofeman) used a hand_grenade 9-6-2020, 3:12:23 PM
kofeman(kofeman) used a hand_grenade 9-6-2020, 3:12:34 PM
kofeman(kofeman) used a hand_grenade 9-6-2020, 3:12:34 PM
kofeman(kofeman) used a missile_interceptor 9-6-2020, 3:12:35 PM
kofeman(kofeman) used a hand_grenade 9-6-2020, 3:12:45 PM
kofeman(kofeman) used a hand_grenade 9-6-2020, 3:12:45 PM
kofeman(kofeman) used a hand_grenade 9-6-2020, 3:12:46 PM
kofeman(kofeman) used a hand_grenade 9-6-2020, 3:12:46 PM
kofeman(kofeman) used a hand_grenade 9-6-2020, 3:12:46 PM
kofeman(kofeman) used a hand_grenade 9-6-2020, 3:12:47 PM
kofeman(kofeman) used a hand_grenade 9-6-2020, 3:12:47 PM
kofeman(kofeman) used a hand_grenade 9-6-2020, 3:12:47 PM
kofeman(kofeman) used a missile_interceptor 9-6-2020, 3:13:02 PM
kofeman(kofeman) used a hand_grenade 9-6-2020, 3:13:24 PM
kofeman(kofeman) used a hand_grenade 9-6-2020, 3:13:26 PM
kofeman(kofeman) used a hand_grenade 9-6-2020, 3:13:31 PM
kofeman(kofeman) used a hand_grenade 9-6-2020, 3:13:32 PM
kofeman(kofeman) used a hand_grenade 9-6-2020, 3:13:32 PM