
spay(spay) used a wood_pack 8-24-2020, 12:07:24 AM
spay(spay) used a wood_pack 8-24-2020, 12:07:25 AM
spay(spay) used a wood_pack 8-24-2020, 12:07:26 AM
spay(spay) used a wood_pack 8-24-2020, 12:07:26 AM
spay(spay) used a wood_pack 8-24-2020, 12:07:26 AM
spay(spay) used a pack_of_30_ammo_taser 8-24-2020, 12:11:59 AM
spay(spay) used a pack_of_30_ammo_taser 8-24-2020, 12:11:59 AM
spay(spay) used a pack_of_30_ammo_taser 8-24-2020, 12:11:59 AM
spay(spay) used a pack_of_30_ammo_taser 8-24-2020, 12:11:59 AM
spay(spay) used a cannon 8-24-2020, 12:12:03 AM
spay(spay) used a nak_nk1000_decimater 8-24-2020, 12:12:10 AM
spay(spay) used a nak_nk1000_decimater 8-24-2020, 12:12:12 AM
spay(spay) used a shotgun_ammo_pack 8-24-2020, 12:12:19 AM
spay(spay) used a shotgun_ammo_pack 8-24-2020, 12:12:20 AM
spay(spay) used a shotgun_ammo_pack 8-24-2020, 12:12:20 AM
spay(spay) used a shotgun_ammo_pack 8-24-2020, 12:12:20 AM
spay(spay) used a shotgun_ammo_pack 8-24-2020, 12:12:20 AM
spay(spay) used a shotgun_ammo_pack 8-24-2020, 12:12:20 AM
spay(spay) used a shotgun_ammo_pack 8-24-2020, 12:12:20 AM
spay(spay) used a shotgun_ammo_pack 8-24-2020, 12:12:21 AM
spay(spay) used a shotgun_ammo_pack 8-24-2020, 12:12:21 AM
spay(spay) used a shotgun_ammo_pack 8-24-2020, 12:12:21 AM
spay(spay) used a shotgun_ammo_pack 8-24-2020, 12:12:21 AM
spay(spay) used a shotgun_ammo_pack 8-24-2020, 12:12:21 AM
spay(spay) used a shotgun_ammo_pack 8-24-2020, 12:12:21 AM
spay(spay) used a shotgun_ammo_pack 8-24-2020, 12:12:22 AM
spay(spay) used a shotgun_ammo_pack 8-24-2020, 12:12:22 AM
spay(spay) used a shotgun_ammo_pack 8-24-2020, 12:12:24 AM
spay(spay) used a shotgun_ammo_pack 8-24-2020, 12:12:24 AM
spay(spay) used a shotgun_ammo_pack 8-24-2020, 12:12:25 AM
spay(spay) used a shotgun_ammo_pack 8-24-2020, 12:12:26 AM
spay(spay) used a shotgun_ammo_pack 8-24-2020, 12:12:26 AM
spay(spay) used a shotgun_ammo_pack 8-24-2020, 12:12:26 AM
spay(spay) used a shotgun_ammo_pack 8-24-2020, 12:12:26 AM
spay(spay) used a shotgun_ammo_pack 8-24-2020, 12:12:26 AM
spay(spay) used a shotgun_ammo_pack 8-24-2020, 12:12:27 AM
spay(spay) used a shotgun_ammo_pack 8-24-2020, 12:12:27 AM
spay(spay) used a shotgun_ammo_pack 8-24-2020, 12:12:27 AM
spay(spay) used a shotgun_ammo_pack 8-24-2020, 12:12:27 AM
spay(spay) used a spear 8-24-2020, 12:12:32 AM
spay(spay) used a bullet_bomb_locator 8-24-2020, 12:12:34 AM
spay(spay) used a throwing_star 8-24-2020, 12:12:36 AM
spay(spay) used a zulfikar 8-24-2020, 12:12:39 AM
spay(spay) used a stp429_mini_missile 8-24-2020, 12:13:22 AM
spay(spay) used a colt_ar_15_assault_rifle 8-24-2020, 12:13:26 AM
spay(spay) used a ammo_crossbow 8-24-2020, 12:13:36 AM
spay(spay) used a ammo_crossbow 8-24-2020, 12:13:36 AM
spay(spay) used a ammo_beretta_m1951_machine_pistol 8-24-2020, 12:13:39 AM
spay(spay) used a stone 8-24-2020, 12:13:42 AM
spay(spay) used a ammo_m79_grenade_launcher 8-24-2020, 12:14:10 AM
spay(spay) used a antibiotic_canister 8-24-2020, 12:14:13 AM
spay(spay) used a pack_of_20_ammo_m79_grenade_launcher 8-24-2020, 12:14:21 AM
spay(spay) used a pack_of_20_ammo_m79_grenade_launcher 8-24-2020, 12:14:22 AM
spay(spay) used a pack_of_20_ammo_m79_grenade_launcher 8-24-2020, 12:14:22 AM
spay(spay) used a pack_of_20_ammo_m79_grenade_launcher 8-24-2020, 12:14:22 AM
spay(spay) used a pack_of_20_ammo_m79_grenade_launcher 8-24-2020, 12:14:23 AM
spay(spay) used a pack_of_20_ammo_m79_grenade_launcher 8-24-2020, 12:14:23 AM
spay(spay) used a pack_of_20_ammo_m79_grenade_launcher 8-24-2020, 12:14:23 AM
spay(spay) used a pack_of_20_ammo_m79_grenade_launcher 8-24-2020, 12:14:24 AM
spay(spay) used a pack_of_20_ammo_m79_grenade_launcher 8-24-2020, 12:14:24 AM
spay(spay) used a pack_of_20_ammo_m79_grenade_launcher 8-24-2020, 12:14:24 AM
spay(spay) used a pack_of_20_ammo_m79_grenade_launcher 8-24-2020, 12:14:24 AM
spay(spay) used a pack_of_20_ammo_m79_grenade_launcher 8-24-2020, 12:14:25 AM
spay(spay) used a pack_of_20_ammo_m79_grenade_launcher 8-24-2020, 12:14:25 AM
spay(spay) used a pack_of_20_ammo_m79_grenade_launcher 8-24-2020, 12:14:25 AM
spay(spay) used a pack_of_20_ammo_m79_grenade_launcher 8-24-2020, 12:14:25 AM
spay(spay) used a pack_of_20_ammo_m79_grenade_launcher 8-24-2020, 12:14:25 AM
spay(spay) used a pack_of_20_ammo_m79_grenade_launcher 8-24-2020, 12:14:25 AM
spay(spay) used a pack_of_20_ammo_m79_grenade_launcher 8-24-2020, 12:14:25 AM
spay(spay) used a pack_of_20_ammo_m79_grenade_launcher 8-24-2020, 12:14:26 AM
spay(spay) used a pack_of_20_ammo_m79_grenade_launcher 8-24-2020, 12:14:26 AM
spay(spay) used a pack_of_20_ammo_m79_grenade_launcher 8-24-2020, 12:14:26 AM
spay(spay) used a pack_of_20_ammo_m79_grenade_launcher 8-24-2020, 12:14:26 AM
spay(spay) used a pack_of_20_ammo_m79_grenade_launcher 8-24-2020, 12:14:26 AM
spay(spay) used a pack_of_20_ammo_m79_grenade_launcher 8-24-2020, 12:14:27 AM
spay(spay) used a pack_of_20_ammo_m79_grenade_launcher 8-24-2020, 12:14:27 AM
spay(spay) used a pack_of_20_ammo_m79_grenade_launcher 8-24-2020, 12:14:27 AM
spay(spay) used a pack_of_20_ammo_m79_grenade_launcher 8-24-2020, 12:14:27 AM
spay(spay) used a pack_of_20_ammo_m79_grenade_launcher 8-24-2020, 12:14:28 AM
spay(spay) used a pack_of_20_ammo_m79_grenade_launcher 8-24-2020, 12:14:28 AM
spay(spay) used a pack_of_20_ammo_m79_grenade_launcher 8-24-2020, 12:14:28 AM
spay(spay) used a pack_of_20_ammo_m79_grenade_launcher 8-24-2020, 12:14:28 AM
spay(spay) used a pack_of_20_ammo_m79_grenade_launcher 8-24-2020, 12:14:28 AM
spay(spay) used a pack_of_20_ammo_m79_grenade_launcher 8-24-2020, 12:14:28 AM
spay(spay) used a pack_of_20_ammo_m79_grenade_launcher 8-24-2020, 12:14:28 AM
spay(spay) used a pack_of_20_ammo_m79_grenade_launcher 8-24-2020, 12:14:29 AM
spay(spay) used a fnminimilight 8-24-2020, 12:14:33 AM
spay(spay) used a gp30 8-24-2020, 12:15:02 AM
spay(spay) used a ammo_pistol 8-24-2020, 12:15:12 AM
spay(spay) used a small_dagger 8-24-2020, 12:15:16 AM
spay(spay) used a ammo_hand_cannon 8-24-2020, 12:15:31 AM
spay(spay) used a pack_of_5_barricade_bomb 8-24-2020, 12:15:42 AM
spay(spay) used a gauss_ammo_pack 8-24-2020, 12:15:47 AM
spay(spay) used a gauss_ammo_pack 8-24-2020, 12:15:47 AM
spay(spay) used a gauss_ammo_pack 8-24-2020, 12:15:47 AM
spay(spay) used a gauss_ammo_pack 8-24-2020, 12:15:47 AM
spay(spay) used a gauss_ammo_pack 8-24-2020, 12:15:47 AM
spay(spay) used a gauss_ammo_pack 8-24-2020, 12:15:48 AM
spay(spay) used a gauss_ammo_pack 8-24-2020, 12:15:48 AM
spay(spay) used a gauss_ammo_pack 8-24-2020, 12:15:48 AM
spay(spay) used a gauss_ammo_pack 8-24-2020, 12:15:48 AM
spay(spay) used a gauss_ammo_pack 8-24-2020, 12:15:48 AM
spay(spay) used a gauss_ammo_pack 8-24-2020, 12:15:48 AM
spay(spay) used a gauss_ammo_pack 8-24-2020, 12:15:49 AM
spay(spay) used a gauss_ammo_pack 8-24-2020, 12:15:49 AM
spay(spay) used a gauss_ammo_pack 8-24-2020, 12:15:49 AM
spay(spay) used a gauss_ammo_pack 8-24-2020, 12:15:49 AM
spay(spay) used a gauss_ammo_pack 8-24-2020, 12:15:49 AM
spay(spay) used a gauss_ammo_pack 8-24-2020, 12:15:49 AM
spay(spay) used a gauss_ammo_pack 8-24-2020, 12:15:50 AM
spay(spay) used a gauss_ammo_pack 8-24-2020, 12:15:50 AM
spay(spay) used a gauss_ammo_pack 8-24-2020, 12:15:50 AM
spay(spay) used a gauss_ammo_pack 8-24-2020, 12:15:50 AM
spay(spay) used a gauss_ammo_pack 8-24-2020, 12:15:50 AM
spay(spay) used a gauss_ammo_pack 8-24-2020, 12:15:51 AM
spay(spay) used a gauss_ammo_pack 8-24-2020, 12:15:51 AM
spay(spay) used a gauss_ammo_pack 8-24-2020, 12:15:51 AM
spay(spay) used a gauss_ammo_pack 8-24-2020, 12:15:51 AM
spay(spay) used a gauss_ammo_pack 8-24-2020, 12:15:51 AM
spay(spay) used a gauss_ammo_pack 8-24-2020, 12:15:51 AM
spay(spay) used a gauss_ammo_pack 8-24-2020, 12:15:52 AM
spay(spay) used a gauss_ammo_pack 8-24-2020, 12:15:52 AM
spay(spay) used a gauss_ammo_pack 8-24-2020, 12:15:52 AM
spay(spay) used a gauss_ammo_pack 8-24-2020, 12:15:52 AM
spay(spay) used a pack_of_30_ammo_nak_nk1000_decimater 8-24-2020, 12:15:55 AM
spay(spay) used a pack_of_30_ammo_nak_nk1000_decimater 8-24-2020, 12:15:55 AM
spay(spay) used a pack_of_30_ammo_nak_nk1000_decimater 8-24-2020, 12:15:55 AM
spay(spay) used a pack_of_30_ammo_nak_nk1000_decimater 8-24-2020, 12:15:55 AM
spay(spay) used a pack_of_30_ammo_nak_nk1000_decimater 8-24-2020, 12:15:55 AM
spay(spay) used a ammo_awp 8-24-2020, 12:15:58 AM
spay(spay) used a pack_of_30_ammo_crt43_automatic_shotgun 8-24-2020, 12:16:04 AM
spay(spay) used a pack_of_30_ammo_crt43_automatic_shotgun 8-24-2020, 12:16:04 AM
spay(spay) used a pack_of_30_ammo_crt43_automatic_shotgun 8-24-2020, 12:16:05 AM
spay(spay) used a pack_of_30_ammo_crt43_automatic_shotgun 8-24-2020, 12:16:05 AM
spay(spay) used a pack_of_30_ammo_crt43_automatic_shotgun 8-24-2020, 12:16:05 AM
spay(spay) used a pack_of_30_ammo_crt43_automatic_shotgun 8-24-2020, 12:16:05 AM
spay(spay) used a pack_of_30_ammo_crt43_automatic_shotgun 8-24-2020, 12:16:05 AM
spay(spay) used a pack_of_30_ammo_crt43_automatic_shotgun 8-24-2020, 12:16:05 AM
spay(spay) used a pack_of_30_ammo_crt43_automatic_shotgun 8-24-2020, 12:16:05 AM
spay(spay) used a pack_of_30_ammo_crt43_automatic_shotgun 8-24-2020, 12:16:06 AM
spay(spay) used a pack_of_30_ammo_crt43_automatic_shotgun 8-24-2020, 12:16:06 AM
spay(spay) used a pack_of_30_ammo_crt43_automatic_shotgun 8-24-2020, 12:16:06 AM
spay(spay) used a pack_of_30_ammo_crt43_automatic_shotgun 8-24-2020, 12:16:06 AM
spay(spay) used a pack_of_30_ammo_crt43_automatic_shotgun 8-24-2020, 12:16:06 AM
spay(spay) used a pack_of_30_ammo_crt43_automatic_shotgun 8-24-2020, 12:16:06 AM
spay(spay) used a pack_of_30_ammo_crt43_automatic_shotgun 8-24-2020, 12:16:07 AM
spay(spay) used a pack_of_30_ammo_crt43_automatic_shotgun 8-24-2020, 12:16:07 AM
spay(spay) used a pack_of_30_ammo_crt43_automatic_shotgun 8-24-2020, 12:16:07 AM
spay(spay) used a pack_of_30_ammo_crt43_automatic_shotgun 8-24-2020, 12:16:07 AM
spay(spay) used a pack_of_30_ammo_crt43_automatic_shotgun 8-24-2020, 12:16:07 AM
spay(spay) used a pack_of_30_ammo_crt43_automatic_shotgun 8-24-2020, 12:16:07 AM
spay(spay) used a pack_of_30_ammo_crt43_automatic_shotgun 8-24-2020, 12:16:07 AM
spay(spay) used a pack_of_30_ammo_crt43_automatic_shotgun 8-24-2020, 12:16:08 AM
spay(spay) used a pack_of_30_ammo_crt43_automatic_shotgun 8-24-2020, 12:16:08 AM
spay(spay) used a pack_of_30_ammo_crt43_automatic_shotgun 8-24-2020, 12:16:08 AM
spay(spay) used a pack_of_30_ammo_crt43_automatic_shotgun 8-24-2020, 12:16:08 AM
spay(spay) used a pack_of_30_ammo_crt43_automatic_shotgun 8-24-2020, 12:16:08 AM
spay(spay) used a pack_of_30_ammo_crt43_automatic_shotgun 8-24-2020, 12:16:08 AM
spay(spay) used a pack_of_30_ammo_crt43_automatic_shotgun 8-24-2020, 12:16:08 AM
spay(spay) used a pack_of_30_ammo_crt43_automatic_shotgun 8-24-2020, 12:16:09 AM
spay(spay) used a pack_of_30_ammo_crt43_automatic_shotgun 8-24-2020, 12:16:09 AM
spay(spay) used a pack_of_30_ammo_crt43_automatic_shotgun 8-24-2020, 12:16:09 AM
spay(spay) used a pack_of_30_ammo_crt43_automatic_shotgun 8-24-2020, 12:16:09 AM
spay(spay) used a pack_of_30_ammo_crt43_automatic_shotgun 8-24-2020, 12:16:09 AM
spay(spay) used a pack_of_30_ammo_crt43_automatic_shotgun 8-24-2020, 12:16:10 AM
spay(spay) used a pack_of_30_ammo_crt43_automatic_shotgun 8-24-2020, 12:16:10 AM
spay(spay) used a pack_of_30_ammo_crt43_automatic_shotgun 8-24-2020, 12:16:10 AM
spay(spay) used a pack_of_30_ammo_crt43_automatic_shotgun 8-24-2020, 12:16:10 AM
spay(spay) used a pack_of_30_ammo_crt43_automatic_shotgun 8-24-2020, 12:16:10 AM
spay(spay) used a pack_of_30_ammo_crt43_automatic_shotgun 8-24-2020, 12:16:10 AM
spay(spay) used a pack_of_30_ammo_crt43_automatic_shotgun 8-24-2020, 12:16:10 AM
spay(spay) used a pack_of_30_ammo_crt43_automatic_shotgun 8-24-2020, 12:16:11 AM
spay(spay) used a pack_of_30_ammo_crt43_automatic_shotgun 8-24-2020, 12:16:11 AM
spay(spay) used a pack_of_30_ammo_crt43_automatic_shotgun 8-24-2020, 12:16:11 AM
spay(spay) used a pack_of_30_ammo_crt43_automatic_shotgun 8-24-2020, 12:16:11 AM
spay(spay) used a pack_of_30_ammo_crt43_automatic_shotgun 8-24-2020, 12:16:11 AM
spay(spay) used a pack_of_30_ammo_crt43_automatic_shotgun 8-24-2020, 12:16:11 AM
spay(spay) used a pack_of_30_ammo_crt43_automatic_shotgun 8-24-2020, 12:16:11 AM
spay(spay) used a pack_of_30_ammo_crt43_automatic_shotgun 8-24-2020, 12:16:12 AM
spay(spay) used a pack_of_30_ammo_crt43_automatic_shotgun 8-24-2020, 12:16:12 AM
spay(spay) used a pack_of_30_ammo_crt43_automatic_shotgun 8-24-2020, 12:16:12 AM
spay(spay) used a pack_of_30_ammo_crt43_automatic_shotgun 8-24-2020, 12:16:12 AM
spay(spay) used a pack_of_30_ammo_crt43_automatic_shotgun 8-24-2020, 12:16:12 AM
spay(spay) used a pack_of_30_ammo_crt43_automatic_shotgun 8-24-2020, 12:16:12 AM
spay(spay) used a pack_of_30_ammo_crt43_automatic_shotgun 8-24-2020, 12:16:13 AM
spay(spay) used a pack_of_30_ammo_crt43_automatic_shotgun 8-24-2020, 12:16:13 AM
spay(spay) used a taser 8-24-2020, 12:16:14 AM
spay(spay) used a rpg7_ammo_pack 8-24-2020, 12:16:21 AM
spay(spay) used a rpg7_ammo_pack 8-24-2020, 12:16:21 AM
spay(spay) used a rpg7_ammo_pack 8-24-2020, 12:16:21 AM
spay(spay) used a rpg7_ammo_pack 8-24-2020, 12:16:22 AM
spay(spay) used a rpg7_ammo_pack 8-24-2020, 12:16:22 AM
spay(spay) used a rpg7_ammo_pack 8-24-2020, 12:16:22 AM
spay(spay) used a rpg7_ammo_pack 8-24-2020, 12:16:22 AM
spay(spay) used a rpg7_ammo_pack 8-24-2020, 12:16:22 AM
spay(spay) used a rpg7_ammo_pack 8-24-2020, 12:16:22 AM
spay(spay) used a rpg7_ammo_pack 8-24-2020, 12:16:22 AM
spay(spay) used a rpg7_ammo_pack 8-24-2020, 12:16:23 AM
spay(spay) used a rpg7_ammo_pack 8-24-2020, 12:16:23 AM
spay(spay) used a rpg7_ammo_pack 8-24-2020, 12:16:23 AM
spay(spay) used a rpg7_ammo_pack 8-24-2020, 12:16:23 AM
spay(spay) used a police_car 8-24-2020, 12:16:27 AM
spay(spay) used a mine 8-24-2020, 12:16:31 AM
spay(spay) used a stun_dart 8-24-2020, 12:16:34 AM
spay(spay) used a glock_17_pistol 8-24-2020, 12:16:39 AM
spay(spay) used a ammo_crt43_automatic_shotgun 8-24-2020, 12:16:49 AM
spay(spay) used a ultrabomb 8-24-2020, 12:16:52 AM
spay(spay) used a antibiotic 8-24-2020, 12:16:57 AM
spay(spay) used a tank 8-24-2020, 12:17:02 AM
spay(spay) used a warp_box 8-24-2020, 12:17:04 AM
spay(spay) used a awp_ammo_pack 8-24-2020, 12:17:06 AM
spay(spay) used a awp_ammo_pack 8-24-2020, 12:17:07 AM
spay(spay) used a awp_ammo_pack 8-24-2020, 12:17:07 AM
spay(spay) used a awp_ammo_pack 8-24-2020, 12:17:07 AM
spay(spay) used a awp_ammo_pack 8-24-2020, 12:17:07 AM
spay(spay) used a awp_ammo_pack 8-24-2020, 12:17:07 AM
spay(spay) used a awp_ammo_pack 8-24-2020, 12:17:07 AM
spay(spay) used a awp_ammo_pack 8-24-2020, 12:17:08 AM
spay(spay) used a open_beer_bottle 8-24-2020, 12:17:12 AM
spay(spay) used a open_beer_bottle 8-24-2020, 12:17:13 AM
spay(spay) used a open_beer_bottle 8-24-2020, 12:17:13 AM
spay(spay) used a open_beer_bottle 8-24-2020, 12:17:15 AM
spay(spay) used a open_beer_bottle 8-24-2020, 12:17:17 AM
spay(spay) used a open_beer_bottle 8-24-2020, 12:17:19 AM
spay(spay) used a open_beer_bottle 8-24-2020, 12:17:20 AM
spay(spay) used a open_beer_bottle 8-24-2020, 12:17:20 AM
spay(spay) used a open_beer_bottle 8-24-2020, 12:17:21 AM
spay(spay) used a open_beer_bottle 8-24-2020, 12:17:21 AM
spay(spay) used a open_beer_bottle 8-24-2020, 12:17:22 AM
spay(spay) used a open_beer_bottle 8-24-2020, 12:17:22 AM
spay(spay) used a open_beer_bottle 8-24-2020, 12:17:22 AM
spay(spay) used a open_beer_bottle 8-24-2020, 12:17:23 AM
spay(spay) used a open_beer_bottle 8-24-2020, 12:17:23 AM
spay(spay) used a open_beer_bottle 8-24-2020, 12:17:24 AM
spay(spay) used a open_beer_bottle 8-24-2020, 12:17:27 AM
spay(spay) used a open_beer_bottle 8-24-2020, 12:17:30 AM
spay(spay) used a open_beer_bottle 8-24-2020, 12:17:37 AM
spay(spay) used a open_beer_bottle 8-24-2020, 12:18:00 AM
spay(spay) used a open_beer_bottle 8-24-2020, 12:18:08 AM
spay(spay) used a open_beer_bottle 8-24-2020, 12:18:57 AM
spay(spay) used a open_beer_bottle 8-24-2020, 12:19:34 AM
spay(spay) used a open_beer_bottle 8-24-2020, 12:19:34 AM
spay(spay) used a open_beer_bottle 8-24-2020, 12:19:34 AM
spay(spay) used a open_beer_bottle 8-24-2020, 12:19:35 AM
spay(spay) used a open_beer_bottle 8-24-2020, 12:19:37 AM
spay(spay) used a open_beer_bottle 8-24-2020, 12:19:40 AM
spay(spay) used a open_beer_bottle 8-24-2020, 12:19:41 AM
spay(spay) used a open_beer_bottle 8-24-2020, 12:19:42 AM
spay(spay) used a open_beer_bottle 8-24-2020, 12:19:45 AM
spay(spay) used a open_beer_bottle 8-24-2020, 12:19:47 AM
spay(spay) used a open_beer_bottle 8-24-2020, 12:19:49 AM
spay(spay) used a open_beer_bottle 8-24-2020, 12:19:49 AM
spay(spay) used a open_beer_bottle 8-24-2020, 12:19:50 AM
spay(spay) used a open_beer_bottle 8-24-2020, 12:19:50 AM
spay(spay) used a open_beer_bottle 8-24-2020, 12:20:00 AM
spay(spay) used a open_beer_bottle 8-24-2020, 12:20:00 AM
spay(spay) used a open_beer_bottle 8-24-2020, 12:20:01 AM
spay(spay) used a open_beer_bottle 8-24-2020, 12:20:08 AM
spay(spay) used a open_beer_bottle 8-24-2020, 12:20:08 AM
spay(spay) used a open_beer_bottle 8-24-2020, 12:20:09 AM
spay(spay) used a open_beer_bottle 8-24-2020, 12:20:11 AM
spay(spay) used a open_beer_bottle 8-24-2020, 12:20:47 AM
spay(spay) used a open_beer_bottle 8-24-2020, 12:21:47 AM
spay(spay) used a open_beer_bottle 8-24-2020, 12:22:14 AM
spay(spay) used a open_beer_bottle 8-24-2020, 12:22:18 AM
spay(spay) used a open_beer_bottle 8-24-2020, 12:22:19 AM
spay(spay) used a open_beer_bottle 8-24-2020, 12:22:29 AM
spay(spay) used a open_beer_bottle 8-24-2020, 12:22:29 AM
spay(spay) used a open_beer_bottle 8-24-2020, 12:22:40 AM
spay(spay) used a open_beer_bottle 8-24-2020, 12:22:56 AM
spay(spay) used a open_beer_bottle 8-24-2020, 12:23:07 AM
spay(spay) used a open_beer_bottle 8-24-2020, 12:23:25 AM
spay(spay) used a open_beer_bottle 8-24-2020, 12:24:01 AM
spay(spay) used a open_beer_bottle 8-24-2020, 12:24:06 AM
spay(spay) used a open_beer_bottle 8-24-2020, 12:24:25 AM
spay(spay) used a open_beer_bottle 8-24-2020, 12:25:39 AM
spay(spay) used a shield 8-24-2020, 12:27:57 AM
spay(spay) used a shield 8-24-2020, 12:27:58 AM
spay(spay) used a shield 8-24-2020, 12:27:58 AM
spay(spay) used a shield 8-24-2020, 12:27:58 AM
spay(spay) used a shield 8-24-2020, 12:27:58 AM
spay(spay) used a shield 8-24-2020, 12:27:58 AM
spay(spay) used a shield 8-24-2020, 12:27:58 AM
spay(spay) used a shield 8-24-2020, 12:27:58 AM
spay(spay) used a shield 8-24-2020, 12:27:59 AM
spay(spay) used a shield 8-24-2020, 12:27:59 AM
spay(spay) used a shield 8-24-2020, 12:27:59 AM
spay(spay) used a shield 8-24-2020, 12:27:59 AM
spay(spay) used a shield 8-24-2020, 12:27:59 AM
spay(spay) used a shield 8-24-2020, 12:27:59 AM
spay(spay) used a shield 8-24-2020, 12:27:59 AM
spay(spay) used a shield 8-24-2020, 12:28:00 AM
spay(spay) used a shield 8-24-2020, 12:28:00 AM
spay(spay) used a shield 8-24-2020, 12:28:00 AM
spay(spay) used a shield 8-24-2020, 12:28:00 AM
spay(spay) used a shield 8-24-2020, 12:28:00 AM
spay(spay) used a shield 8-24-2020, 12:28:00 AM
spay(spay) used a shield 8-24-2020, 12:28:01 AM
spay(spay) used a shield 8-24-2020, 12:28:01 AM
spay(spay) used a shield 8-24-2020, 12:28:01 AM
spay(spay) used a shield 8-24-2020, 12:28:01 AM
spay(spay) used a shield 8-24-2020, 12:28:02 AM
spay(spay) used a tk_ultra_health_potion 8-24-2020, 12:28:08 AM
spay(spay) used a tk_ultra_health_potion 8-24-2020, 12:28:08 AM
spay(spay) used a tk_ultra_health_potion 8-24-2020, 12:28:57 AM
spay(spay) used a throwing_star 8-24-2020, 12:30:52 AM
spay(spay) used a throwing_star 8-24-2020, 12:30:59 AM
spay(spay) used a throwing_star 8-24-2020, 12:31:02 AM
spay(spay) used a throwing_star 8-24-2020, 12:31:04 AM
spay(spay) used a throwing_star 8-24-2020, 12:31:04 AM
spay(spay) used a throwing_star 8-24-2020, 12:31:04 AM
spay(spay) used a throwing_star 8-24-2020, 12:31:04 AM
spay(spay) used a throwing_star 8-24-2020, 12:31:05 AM
spay(spay) used a throwing_star 8-24-2020, 12:31:05 AM
spay(spay) used a throwing_star 8-24-2020, 12:31:05 AM
spay(spay) used a throwing_star 8-24-2020, 12:31:13 AM
spay(spay) used a throwing_star 8-24-2020, 12:31:13 AM
spay(spay) used a throwing_star 8-24-2020, 12:31:13 AM
spay(spay) used a throwing_star 8-24-2020, 12:31:14 AM
spay(spay) used a throwing_star 8-24-2020, 12:31:14 AM
spay(spay) used a throwing_star 8-24-2020, 12:31:14 AM
spay(spay) used a throwing_star 8-24-2020, 12:31:14 AM
spay(spay) used a throwing_star 8-24-2020, 12:31:47 AM
spay(spay) used a throwing_star 8-24-2020, 12:31:56 AM
spay(spay) used a throwing_star 8-24-2020, 12:31:56 AM
spay(spay) used a throwing_star 8-24-2020, 12:31:57 AM
spay(spay) used a throwing_star 8-24-2020, 12:31:57 AM
spay(spay) used a throwing_star 8-24-2020, 12:31:57 AM
spay(spay) used a throwing_star 8-24-2020, 12:31:57 AM
spay(spay) used a throwing_star 8-24-2020, 12:31:57 AM
spay(spay) used a throwing_star 8-24-2020, 12:31:57 AM
spay(spay) used a throwing_star 8-24-2020, 12:32:00 AM
spay(spay) used a throwing_star 8-24-2020, 12:32:00 AM
spay(spay) used a throwing_star 8-24-2020, 12:32:01 AM
spay(spay) used a throwing_star 8-24-2020, 12:32:01 AM
spay(spay) used a throwing_star 8-24-2020, 12:32:01 AM
spay(spay) used a throwing_star 8-24-2020, 12:32:01 AM
spay(spay) used a throwing_star 8-24-2020, 12:32:01 AM
spay(spay) used a throwing_star 8-24-2020, 12:32:02 AM
spay(spay) used a throwing_star 8-24-2020, 12:32:02 AM
spay(spay) used a throwing_star 8-24-2020, 12:32:02 AM
spay(spay) used a throwing_star 8-24-2020, 12:32:03 AM
spay(spay) used a throwing_star 8-24-2020, 12:32:07 AM
spay(spay) used a throwing_star 8-24-2020, 12:32:07 AM
spay(spay) used a throwing_star 8-24-2020, 12:32:07 AM
spay(spay) used a throwing_star 8-24-2020, 12:32:08 AM
spay(spay) used a throwing_star 8-24-2020, 12:32:08 AM
spay(spay) used a throwing_star 8-24-2020, 12:32:08 AM
spay(spay) used a throwing_star 8-24-2020, 12:32:08 AM
spay(spay) used a throwing_star 8-24-2020, 12:32:08 AM
spay(spay) used a throwing_star 8-24-2020, 12:32:08 AM
spay(spay) used a throwing_star 8-24-2020, 12:32:09 AM
spay(spay) used a throwing_star 8-24-2020, 12:32:09 AM
spay(spay) used a throwing_star 8-24-2020, 12:32:09 AM
spay(spay) used a throwing_star 8-24-2020, 12:32:10 AM
spay(spay) used a throwing_star 8-24-2020, 12:32:10 AM
spay(spay) used a throwing_star 8-24-2020, 12:32:13 AM
spay(spay) used a throwing_star 8-24-2020, 12:32:13 AM
spay(spay) used a throwing_star 8-24-2020, 12:32:15 AM
spay(spay) used a throwing_star 8-24-2020, 12:32:15 AM
spay(spay) used a throwing_star 8-24-2020, 12:32:15 AM
spay(spay) used a throwing_star 8-24-2020, 12:32:15 AM
spay(spay) used a throwing_star 8-24-2020, 12:32:15 AM
spay(spay) used a throwing_star 8-24-2020, 12:32:16 AM
spay(spay) used a throwing_star 8-24-2020, 12:32:16 AM
spay(spay) used a throwing_star 8-24-2020, 12:32:16 AM
spay(spay) used a throwing_star 8-24-2020, 12:32:16 AM
spay(spay) used a throwing_star 8-24-2020, 12:32:16 AM
spay(spay) used a throwing_star 8-24-2020, 12:32:17 AM
spay(spay) used a throwing_star 8-24-2020, 12:32:17 AM
spay(spay) used a throwing_star 8-24-2020, 12:32:20 AM
spay(spay) used a throwing_star 8-24-2020, 12:32:20 AM
spay(spay) used a throwing_star 8-24-2020, 12:32:20 AM
spay(spay) used a throwing_star 8-24-2020, 12:32:20 AM
spay(spay) used a throwing_star 8-24-2020, 12:32:36 AM
spay(spay) used a throwing_star 8-24-2020, 12:34:22 AM
spay(spay) used a throwing_star 8-24-2020, 12:34:58 AM
spay(spay) used a throwing_star 8-24-2020, 12:35:08 AM
spay(spay) used a modern_sub_machine_gun_carbine 8-24-2020, 12:35:27 AM
spay(spay) used a modern_sub_machine_gun_carbine 8-24-2020, 12:35:28 AM
spay(spay) used a modern_sub_machine_gun_carbine 8-24-2020, 12:35:31 AM
spay(spay) used a shield 8-24-2020, 12:35:40 AM
spay(spay) used a shield 8-24-2020, 12:35:40 AM
spay(spay) used a tk_ultra_health_potion 8-24-2020, 12:35:45 AM
spay(spay) used a hand_grenade 8-24-2020, 12:36:19 AM
spay(spay) used a hand_grenade 8-24-2020, 12:36:32 AM
spay(spay) used a hand_grenade 8-24-2020, 12:36:32 AM
spay(spay) used a hand_grenade 8-24-2020, 12:36:32 AM
spay(spay) used a hand_grenade 8-24-2020, 12:36:32 AM
spay(spay) used a hand_grenade 8-24-2020, 12:36:32 AM
spay(spay) used a hand_grenade 8-24-2020, 12:36:33 AM
spay(spay) used a hand_grenade 8-24-2020, 12:36:34 AM
spay(spay) used a hand_grenade 8-24-2020, 12:36:34 AM
spay(spay) used a hand_grenade 8-24-2020, 12:36:34 AM
spay(spay) used a hand_grenade 8-24-2020, 12:36:35 AM
spay(spay) used a hand_grenade 8-24-2020, 12:36:35 AM
spay(spay) used a hand_grenade 8-24-2020, 12:36:36 AM
spay(spay) used a hand_grenade 8-24-2020, 12:36:36 AM
spay(spay) used a hand_grenade 8-24-2020, 12:36:36 AM
spay(spay) used a hand_grenade 8-24-2020, 12:36:39 AM
spay(spay) used a hand_grenade 8-24-2020, 12:36:39 AM
spay(spay) used a hand_grenade 8-24-2020, 12:36:39 AM
spay(spay) used a hand_grenade 8-24-2020, 12:36:39 AM
spay(spay) used a hand_grenade 8-24-2020, 12:36:44 AM
spay(spay) used a hand_grenade 8-24-2020, 12:36:45 AM
spay(spay) used a hand_grenade 8-24-2020, 12:36:45 AM
spay(spay) used a hand_grenade 8-24-2020, 12:36:45 AM
spay(spay) used a hand_grenade 8-24-2020, 12:36:45 AM
spay(spay) used a hand_grenade 8-24-2020, 12:36:45 AM
spay(spay) used a hand_grenade 8-24-2020, 12:36:45 AM
spay(spay) used a hand_grenade 8-24-2020, 12:36:46 AM
spay(spay) used a hand_grenade 8-24-2020, 12:36:46 AM
spay(spay) used a zulfikar 8-24-2020, 2:52:16 PM
spay(spay) used a cannon 8-24-2020, 2:52:40 PM
spay(spay) used a modern_sub_machine_gun_carbine 8-24-2020, 2:52:59 PM
spay(spay) used a modern_sub_machine_gun_carbine 8-24-2020, 2:53:01 PM
spay(spay) used a shield 8-24-2020, 2:53:23 PM
spay(spay) used a shield 8-24-2020, 2:53:23 PM
spay(spay) used a shield 8-24-2020, 2:53:23 PM
spay(spay) used a shield 8-24-2020, 2:53:23 PM
spay(spay) used a shield 8-24-2020, 2:53:23 PM
spay(spay) used a shield 8-24-2020, 2:53:23 PM
spay(spay) used a shield 8-24-2020, 2:53:23 PM
spay(spay) used a shield 8-24-2020, 2:53:24 PM
spay(spay) used a shield 8-24-2020, 2:53:24 PM
spay(spay) used a shield 8-24-2020, 2:53:24 PM
spay(spay) used a shield 8-24-2020, 2:53:24 PM
spay(spay) used a shield 8-24-2020, 2:53:25 PM
spay(spay) used a tk_ultra_health_potion 8-24-2020, 2:53:30 PM
spay(spay) used a shield 8-24-2020, 2:54:38 PM
spay(spay) used a shield 8-24-2020, 2:54:38 PM
spay(spay) used a shield 8-24-2020, 2:54:38 PM
spay(spay) used a shield 8-24-2020, 2:54:38 PM
spay(spay) used a shield 8-24-2020, 2:54:38 PM
spay(spay) used a shield 8-24-2020, 2:54:38 PM
spay(spay) used a shield 8-24-2020, 2:54:39 PM
spay(spay) used a shield 8-24-2020, 2:54:39 PM
spay(spay) used a shield 8-24-2020, 2:54:39 PM
spay(spay) used a shield 8-24-2020, 2:54:39 PM
spay(spay) used a shield 8-24-2020, 2:54:39 PM
spay(spay) used a shield 8-24-2020, 2:54:39 PM
spay(spay) used a shield 8-24-2020, 2:54:39 PM
spay(spay) used a shield 8-24-2020, 2:54:39 PM
spay(spay) used a shield 8-24-2020, 2:54:40 PM
spay(spay) used a shield 8-24-2020, 2:54:40 PM
spay(spay) used a shield 8-24-2020, 2:54:40 PM
spay(spay) used a shield 8-24-2020, 2:54:40 PM
spay(spay) used a shield 8-24-2020, 2:54:40 PM
spay(spay) used a shield 8-24-2020, 2:54:40 PM
spay(spay) used a shield 8-24-2020, 2:54:41 PM
spay(spay) used a shield 8-24-2020, 2:54:41 PM
spay(spay) used a shield 8-24-2020, 2:54:41 PM
spay(spay) used a shield 8-24-2020, 2:54:41 PM
spay(spay) used a shield 8-24-2020, 2:54:41 PM
spay(spay) used a shield 8-24-2020, 2:54:41 PM
spay(spay) used a shield 8-24-2020, 2:54:41 PM
spay(spay) used a shield 8-24-2020, 2:54:42 PM
spay(spay) used a shield 8-24-2020, 2:54:42 PM
spay(spay) used a shield 8-24-2020, 2:57:42 PM
spay(spay) used a shield 8-24-2020, 2:57:43 PM
spay(spay) used a shield 8-24-2020, 2:57:43 PM
spay(spay) used a shield 8-24-2020, 2:57:43 PM
spay(spay) used a shield 8-24-2020, 2:57:43 PM
spay(spay) used a shield 8-24-2020, 2:57:43 PM
spay(spay) used a shield 8-24-2020, 2:57:43 PM
spay(spay) used a shield 8-24-2020, 2:57:44 PM
spay(spay) used a shield 8-24-2020, 2:57:44 PM
spay(spay) used a shield 8-24-2020, 2:57:44 PM
spay(spay) used a shield 8-24-2020, 2:57:44 PM
spay(spay) used a shield 8-24-2020, 2:57:44 PM
spay(spay) used a shield 8-24-2020, 2:57:47 PM
spay(spay) used a shield 8-24-2020, 2:57:48 PM
spay(spay) used a shield 8-24-2020, 2:57:48 PM
spay(spay) used a shield 8-24-2020, 2:57:48 PM
spay(spay) used a shield 8-24-2020, 2:57:48 PM
spay(spay) used a shield 8-24-2020, 2:57:48 PM
spay(spay) used a shield 8-24-2020, 2:57:48 PM
spay(spay) used a shield 8-24-2020, 2:57:49 PM
spay(spay) used a shield 8-24-2020, 2:57:49 PM
spay(spay) used a shield 8-24-2020, 2:57:49 PM
spay(spay) used a tk_ultra_health_potion 8-24-2020, 2:57:57 PM
spay(spay) used a tk_ultra_health_potion 8-24-2020, 2:57:57 PM
spay(spay) used a turret 8-24-2020, 2:59:30 PM
spay(spay) used a nuclear_bomb 8-24-2020, 3:01:06 PM
spay(spay) used a hand_grenade 8-24-2020, 3:03:42 PM
spay(spay) used a shield 8-24-2020, 3:04:31 PM
spay(spay) used a shield 8-24-2020, 3:04:31 PM
spay(spay) used a shield 8-24-2020, 3:04:31 PM
spay(spay) used a shield 8-24-2020, 3:04:31 PM
spay(spay) used a shield 8-24-2020, 3:04:31 PM
spay(spay) used a shield 8-24-2020, 3:04:31 PM
spay(spay) used a shield 8-24-2020, 3:04:31 PM
spay(spay) used a shield 8-24-2020, 3:04:32 PM
spay(spay) used a shield 8-24-2020, 3:04:32 PM
spay(spay) used a shield 8-24-2020, 3:04:33 PM
spay(spay) used a tk_ultra_health_potion 8-24-2020, 3:04:38 PM
spay(spay) used a throwing_star 8-24-2020, 3:04:55 PM
spay(spay) used a throwing_star 8-24-2020, 3:04:56 PM
spay(spay) used a throwing_star 8-24-2020, 3:04:56 PM
spay(spay) used a throwing_star 8-24-2020, 3:04:56 PM
spay(spay) used a throwing_star 8-24-2020, 3:05:19 PM
spay(spay) used a throwing_star 8-24-2020, 3:05:20 PM
spay(spay) used a throwing_star 8-24-2020, 3:05:20 PM
spay(spay) used a throwing_star 8-24-2020, 3:05:20 PM
spay(spay) used a throwing_star 8-24-2020, 3:05:21 PM
spay(spay) used a throwing_star 8-24-2020, 3:05:24 PM
spay(spay) used a throwing_star 8-24-2020, 3:05:25 PM
spay(spay) used a throwing_star 8-24-2020, 3:05:27 PM
spay(spay) used a throwing_star 8-24-2020, 3:05:55 PM
spay(spay) used a throwing_star 8-24-2020, 3:05:56 PM
spay(spay) used a throwing_star 8-24-2020, 3:05:57 PM
spay(spay) used a throwing_star 8-24-2020, 3:06:03 PM
spay(spay) used a small_dagger 8-24-2020, 5:52:55 PM
spay(spay) used a steal_warhammer 8-24-2020, 5:54:55 PM
spay(spay) used a zulfikar 8-24-2020, 5:56:31 PM