
vadimka (vadimka) sent /where david 8-24-2020, 9:00:06 AM
vadimka (vadimka) sent /where shoma 8-24-2020, 9:14:01 AM
vadimka (vadimka) sent /where david 8-24-2020, 9:14:28 AM
vadimka (vadimka) sent /suicicde 8-24-2020, 9:15:20 AM
vadimka (vadimka) sent /teamleave 8-24-2020, 9:19:01 AM
vadimka (vadimka) sent /jointeam 1 2 8-24-2020, 9:19:12 AM
vadimka (vadimka) sent /teamleave 8-24-2020, 9:22:58 AM
vadimka (vadimka) sent /jointeam 2 1 8-24-2020, 9:23:10 AM
vadimka (vadimka) sent /afk 8-24-2020, 9:28:00 AM
vadimka (vadimka) sent /inv 8-24-2020, 9:28:09 AM
vadimka (vadimka) sent /where david 8-24-2020, 9:29:45 AM
vadimka (vadimka) sent /team go 8-24-2020, 9:29:54 AM
vadimka (vadimka) sent /help 8-24-2020, 9:30:00 AM
vadimka (vadimka) sent /teamc zzz 8-24-2020, 9:31:34 AM
vadimka (vadimka) sent /team go 8-24-2020, 9:31:41 AM
vadimka (vadimka) sent /help 8-24-2020, 9:32:02 AM
vadimka (vadimka) sent /t <message>, sends a message to your team. 8-24-2020, 9:32:20 AM
vadimka (vadimka) sent /t gi' 8-24-2020, 9:32:34 AM
vadimka (vadimka) sent /t go 8-24-2020, 9:32:49 AM
vadimka (vadimka) sent /t tualet 8-24-2020, 9:32:57 AM
vadimka (vadimka) sent /t ok 8-24-2020, 9:33:09 AM
vadimka (vadimka) sent /t goooooooooooooooooooooooooooooooooooooooooooooooo 8-24-2020, 9:33:18 AM
vadimka (vadimka) sent /t go 8-24-2020, 9:42:11 AM
vadimka (vadimka) sent /sell 8-24-2020, 10:17:02 AM
vadimka (vadimka) sent /teamleave 8-24-2020, 10:21:46 AM
vadimka (vadimka) sent /jointeam 1 2 8-24-2020, 10:21:53 AM
vadimka (vadimka) sent /sell 8-24-2020, 10:22:30 AM
vadimka (vadimka) sent /bid 223 8-24-2020, 10:22:44 AM
vadimka (vadimka) sent /sell 8-24-2020, 10:23:19 AM
vadimka (vadimka) sent /sell 8-24-2020, 10:24:01 AM
vadimka (vadimka) sent /bid 1233 8-24-2020, 10:24:11 AM
vadimka (vadimka) sent /sell 8-24-2020, 10:24:45 AM
vadimka (vadimka) sent /where Zurik 8-24-2020, 10:24:59 AM
vadimka (vadimka) sent /where david 8-24-2020, 10:41:31 AM
vadimka (vadimka) sent /where ramil 8-24-2020, 10:45:14 AM
vadimka (vadimka) sent /jointeam 1 2 8-24-2020, 10:48:09 AM
vadimka (vadimka) sent /join 2 1 8-24-2020, 10:48:24 AM
vadimka (vadimka) sent /jointeam 2 1 8-24-2020, 10:48:30 AM
vadimka (vadimka) sent /where Zurik 8-24-2020, 10:55:53 AM
vadimka (vadimka) sent /where kirill 8-24-2020, 10:56:35 AM
vadimka (vadimka) sent /where Zurik 8-24-2020, 11:04:42 AM
vadimka (vadimka) sent /bid 500002 8-24-2020, 11:09:59 AM
vadimka (vadimka) sent /bid 600001 8-24-2020, 11:10:19 AM
vadimka (vadimka) sent /bid 600001 8-24-2020, 11:14:38 AM
vadimka (vadimka) sent /sell 8-24-2020, 11:27:11 AM
vadimka (vadimka) sent /pm kirill кирилл дай пожа скрамплеров 8-24-2020, 11:28:17 AM
vadimka (vadimka) sent /suicide 8-24-2020, 11:36:17 AM
vadimka (vadimka) sent /where ramil 8-24-2020, 11:43:44 AM
vadimka (vadimka) sent /where kirill 8-24-2020, 11:43:51 AM
vadimka (vadimka) sent /teams 8-24-2020, 11:58:10 AM
vadimka (vadimka) sent /admins 8-24-2020, 12:03:33 PM
vadimka (vadimka) sent /suicide 8-24-2020, 12:10:42 PM
vadimka (vadimka) sent /lchat     8-24-2020, 12:16:47 PM
vadimka (vadimka) sent /where david 8-24-2020, 12:56:32 PM
vadimka (vadimka) sent /bid 2 8-24-2020, 1:03:00 PM
vadimka (vadimka) sent /bid 4 8-24-2020, 1:03:09 PM
vadimka (vadimka) sent /canselbid 8-24-2020, 1:03:34 PM
vadimka (vadimka) sent /cansel bid 8-24-2020, 1:03:42 PM
vadimka (vadimka) sent /help 8-24-2020, 1:03:56 PM
vadimka (vadimka) sent /help 8-24-2020, 1:04:27 PM
vadimka (vadimka) sent /where Vlados 8-24-2020, 1:04:57 PM
vadimka (vadimka) sent /where Igrik 8-24-2020, 1:05:06 PM
vadimka (vadimka) sent /where Igrik 8-24-2020, 1:16:07 PM
vadimka (vadimka) sent /where darkfrent 8-24-2020, 1:16:19 PM
vadimka (vadimka) sent /where Vlados 8-24-2020, 1:25:10 PM
vadimka (vadimka) sent /where Vlados 8-24-2020, 1:28:06 PM
vadimka (vadimka) sent /where Vlados 8-24-2020, 1:29:49 PM
vadimka (vadimka) sent /bid 7 8-24-2020, 1:38:17 PM
vadimka (vadimka) sent /bid 126 8-24-2020, 1:39:05 PM
vadimka (vadimka) sent /bid 11 8-24-2020, 1:43:48 PM
vadimka (vadimka) sent /bid 191 8-24-2020, 1:46:50 PM
vadimka (vadimka) sent /bid 101 8-24-2020, 1:47:11 PM
vadimka (vadimka) sent /bid 2 8-24-2020, 1:59:54 PM
vadimka (vadimka) sent /bid 555556\ 8-24-2020, 2:00:20 PM
vadimka (vadimka) sent /bid 2 8-24-2020, 2:02:24 PM
vadimka (vadimka) sent /bid 6 8-24-2020, 2:02:38 PM
vadimka (vadimka) sent /bid 8 8-24-2020, 2:02:47 PM
vadimka (vadimka) sent /bid 11 8-24-2020, 2:06:50 PM
vadimka (vadimka) sent /where david\ 8-24-2020, 2:15:42 PM
vadimka (vadimka) sent /where david 8-24-2020, 2:15:44 PM
vadimka (vadimka) sent /where david 8-24-2020, 2:16:51 PM
vadimka (vadimka) sent /where david 8-24-2020, 2:17:14 PM
vadimka (vadimka) sent /where Vlados 8-24-2020, 2:18:26 PM
vadimka (vadimka) sent /teamshelters 8-24-2020, 2:43:37 PM
vadimka (vadimka) sent /where Vlados 8-24-2020, 2:52:26 PM
vadimka (vadimka) sent /where Vlados 8-24-2020, 3:14:48 PM
vadimka (vadimka) sent /where Vlados 8-24-2020, 3:20:12 PM
vadimka (vadimka) sent /robotinfo 8-24-2020, 3:27:03 PM
vadimka (vadimka) sent /sell 8-24-2020, 3:41:26 PM
vadimka (vadimka) sent /teamleave 8-24-2020, 4:01:25 PM
vadimka (vadimka) sent /jointeam 2 1 8-24-2020, 4:01:36 PM
vadimka (vadimka) sent /where david 8-24-2020, 4:09:47 PM
vadimka (vadimka) sent /where david 8-24-2020, 4:12:39 PM
vadimka (vadimka) sent /where bolgelo 8-24-2020, 4:13:40 PM
vadimka (vadimka) sent /suicide 8-24-2020, 4:17:45 PM
vadimka (vadimka) sent /teamleave 8-24-2020, 4:18:43 PM
vadimka (vadimka) sent /joinnteam killers 10.10.2007 8-24-2020, 4:19:46 PM
vadimka (vadimka) sent /jointeam killers 10102007 8-24-2020, 4:20:12 PM
vadimka (vadimka) sent /jointeam killers 123123445544 8-24-2020, 4:21:09 PM
vadimka (vadimka) sent /suicide 8-24-2020, 4:30:52 PM
vadimka (vadimka) sent /suicide 8-24-2020, 4:32:45 PM
vadimka (vadimka) sent /where bolgelo 8-24-2020, 4:46:02 PM
vadimka (vadimka) sent /where ramil 8-24-2020, 4:50:39 PM
vadimka (vadimka) sent /where darkfrent 8-24-2020, 4:51:42 PM
vadimka (vadimka) sent /where darkfrent 8-24-2020, 4:52:18 PM
vadimka (vadimka) sent /where ramil 8-24-2020, 4:52:34 PM
vadimka (vadimka) sent /teams 8-24-2020, 5:05:27 PM
vadimka (vadimka) sent /teamchelters 8-24-2020, 5:27:54 PM
vadimka (vadimka) sent /teamshelters 8-24-2020, 5:28:08 PM
vadimka (vadimka) sent /team leave 8-24-2020, 5:28:23 PM
vadimka (vadimka) sent /teamleave 8-24-2020, 5:28:30 PM
vadimka (vadimka) sent /jointeam 2 1 8-24-2020, 5:28:40 PM
vadimka (vadimka) sent /teamshelters 8-24-2020, 5:28:49 PM
vadimka (vadimka) sent /teamleave 8-24-2020, 5:28:57 PM
vadimka (vadimka) sent /jointeam killers 123123445544 8-24-2020, 5:29:13 PM
vadimka (vadimka) sent /shelters 8-24-2020, 5:29:24 PM
vadimka (vadimka) sent /t олег бл€ть ахуевший пидорас 8-24-2020, 5:30:33 PM
vadimka (vadimka) sent /t yes 8-24-2020, 5:31:16 PM
vadimka (vadimka) sent /t доказона что они пидоры 8-24-2020, 5:32:40 PM
vadimka (vadimka) sent /t smeh 8-24-2020, 5:33:03 PM
vadimka (vadimka) sent /suicide 8-24-2020, 5:33:18 PM
vadimka (vadimka) sent /t дайте мне пожа айтемграберы 8-24-2020, 6:24:03 PM
vadimka (vadimka) sent /where david 8-24-2020, 6:43:17 PM
vadimka (vadimka) sent /t crt43 automatic shotgun. costs 200000 coins. description. crt43 automatic shotgun. you can buy 45 8-24-2020, 6:44:09 PM
vadimka (vadimka) sent /suuicide 8-24-2020, 6:45:48 PM
vadimka (vadimka) sent /suicidew 8-24-2020, 6:46:05 PM
vadimka (vadimka) sent /suicide 8-24-2020, 6:46:12 PM
vadimka (vadimka) sent /teamleave 8-24-2020, 6:53:22 PM
vadimka (vadimka) sent /jointeam killers 123123445544 8-24-2020, 6:55:00 PM
vadimka (vadimka) sent /teamleave 8-24-2020, 6:59:08 PM
vadimka (vadimka) sent /jointeam killers 123123445544 8-24-2020, 6:59:20 PM
vadimka (vadimka) sent /where dima 8-24-2020, 7:02:55 PM
vadimka (vadimka) sent /bid 2 8-24-2020, 7:06:03 PM
vadimka (vadimka) sent /where Vlados 8-24-2020, 7:13:17 PM
vadimka (vadimka) sent /where Vlados 8-24-2020, 7:18:45 PM
vadimka (vadimka) sent /teamshelters 8-24-2020, 7:28:06 PM
vadimka (vadimka) sent /where Vlados 8-24-2020, 7:29:42 PM
vadimka (vadimka) sent /where Vlados 8-24-2020, 7:59:49 PM
vadimka (vadimka) sent /admns 8-24-2020, 8:16:32 PM
vadimka (vadimka) sent /admins 8-24-2020, 8:16:37 PM
vadimka (vadimka) sent /bilder 8-24-2020, 8:16:46 PM
vadimka (vadimka) sent /where darkfrent 8-24-2020, 8:40:49 PM
vadimka (vadimka) sent /where darkfrent 8-24-2020, 8:41:12 PM
vadimka (vadimka) sent /where darkfrent 8-24-2020, 8:41:18 PM
vadimka (vadimka) sent /where kirill 8-24-2020, 8:41:27 PM
vadimka (vadimka) sent /suicide 8-24-2020, 8:41:41 PM
vadimka (vadimka) sent /where kirill 8-24-2020, 8:48:14 PM
vadimka (vadimka) sent /teamleave 8-24-2020, 8:48:23 PM
vadimka (vadimka) sent /robotinfo 8-24-2020, 8:53:07 PM
vadimka (vadimka) sent /pm darkfrent darkfrent 8-24-2020, 9:10:47 PM
vadimka (vadimka) sent /pm darkfrent как ты встал на высоту дес€ть у кирилла боса 8-24-2020, 9:11:36 PM
vadimka (vadimka) sent /where dima 8-24-2020, 9:11:54 PM
vadimka (vadimka) sent /pm dima незнаешь как даркфренд у кирила боса зашЄл на высоту дес€ть 8-24-2020, 9:12:52 PM
vadimka (vadimka) sent /where darkfrent 8-24-2020, 9:13:22 PM
vadimka (vadimka) sent /jointeam killers 123123445544 8-24-2020, 9:14:39 PM
vadimka (vadimka) sent /where Vlados 8-24-2020, 9:14:53 PM
vadimka (vadimka) sent /suicide 8-24-2020, 9:17:34 PM
vadimka (vadimka) sent /teamleave 8-24-2020, 9:18:28 PM
vadimka (vadimka) sent /where darkfrent 8-24-2020, 9:36:46 PM
vadimka (vadimka) sent /where kirill 8-24-2020, 9:37:44 PM
vadimka (vadimka) sent /where darkfrent 8-24-2020, 9:37:59 PM
vadimka (vadimka) sent /where darkfrent 8-24-2020, 9:40:19 PM
vadimka (vadimka) sent /jointeam killers 123123445544 8-24-2020, 9:40:47 PM
vadimka (vadimka) sent /where dima 8-24-2020, 9:44:40 PM
vadimka (vadimka) sent /where dima 8-24-2020, 9:52:21 PM
vadimka (vadimka) sent /t вы хде в тимтоке или нет 8-24-2020, 9:55:47 PM
vadimka (vadimka) sent /t жалко 8-24-2020, 9:56:13 PM
vadimka (vadimka) sent /t хто хочет поху€рить боса 8-24-2020, 9:56:43 PM
vadimka (vadimka) sent /t kirila 8-24-2020, 9:56:57 PM
vadimka (vadimka) sent /t dima 8-24-2020, 9:57:12 PM
vadimka (vadimka) sent /t go 8-24-2020, 9:57:27 PM
vadimka (vadimka) sent /t pochemu 8-24-2020, 9:57:47 PM
vadimka (vadimka) sent /t uuuuuuuuuuuuuuuuuuuuuuuuuuuuuuuu 8-24-2020, 9:58:11 PM
vadimka (vadimka) sent /teamleave 8-24-2020, 10:00:41 PM
vadimka (vadimka) sent /jointeam killers 123123445544 8-24-2020, 10:00:44 PM
vadimka (vadimka) sent /t смэх 8-24-2020, 10:01:17 PM
vadimka (vadimka) sent /t ладно просто 8-24-2020, 10:02:22 PM
vadimka (vadimka) sent /t прости 8-24-2020, 10:02:33 PM
vadimka (vadimka) sent /where vladon 8-24-2020, 10:04:30 PM
vadimka (vadimka) sent /where dima 8-24-2020, 10:04:52 PM
vadimka (vadimka) sent /t а как пройти в сикретный дом 8-24-2020, 10:05:16 PM
vadimka (vadimka) sent /where dima 8-24-2020, 10:07:39 PM
vadimka (vadimka) sent /where vladon 8-24-2020, 10:08:00 PM
vadimka (vadimka) sent /suicide 8-24-2020, 10:08:06 PM
vadimka (vadimka) sent /pm darkfrent  8-24-2020, 10:08:23 PM
vadimka (vadimka) sent /pm darkfrent подскажи пожа как попасть в сикретный дом 8-24-2020, 10:08:50 PM
vadimka (vadimka) sent /pm darkfrent sikrethouse 8-24-2020, 10:09:33 PM
vadimka (vadimka) sent /pm darkfrentdarkfrent а как в неЄ попасть 8-24-2020, 10:10:30 PM
vadimka (vadimka) sent /pm darkfrent а как в неЄ попасть 8-24-2020, 10:10:48 PM
vadimka (vadimka) sent /pm darkfrent pleaze no kill 8-24-2020, 10:11:28 PM
vadimka (vadimka) sent /where vladon 8-24-2020, 10:12:04 PM
vadimka (vadimka) sent /pm darkfrent pleaze kill dima sheltr sikrethouse 100 0 0 8-24-2020, 10:13:49 PM
vadimka (vadimka) sent /teamleave 8-24-2020, 10:14:18 PM
vadimka (vadimka) sent /suicidee 8-24-2020, 10:15:02 PM
vadimka (vadimka) sent /suicide 8-24-2020, 10:15:05 PM
vadimka (vadimka) sent /jointeam killers 123123445544 8-24-2020, 10:15:25 PM
vadimka (vadimka) sent /teamleave 8-24-2020, 10:17:04 PM
vadimka (vadimka) sent /jointeam killers 123123445544 8-24-2020, 10:18:45 PM
vadimka (vadimka) sent /suicide 8-24-2020, 10:29:45 PM