
roflgamer (blindgamers14) said b 2-10-2021, 7:07:57 AM
roflgamer (blindgamers14) said wat 2-10-2021, 7:08:06 AM
roflgamer (blindgamers14) said o k? 2-10-2021, 7:08:22 AM
roflgamer (blindgamers14) said hi, and Welcome to City Mass! Type /help to see the commands you can use on the server. Type /rules to know the current rules. Current server version is: 2.593type /changes to know the changes. The message of the day is:  woqw! we are 35 total players now! thank you guys, thanks very much. 2-10-2021, 7:08:55 AM
roflgamer (blindgamers14) said Player sgamer  Just came online. 2-10-2021, 7:09:09 AM
roflgamer (blindgamers14) said hey 2-10-2021, 7:35:02 AM
roflgamer (blindgamers14) said you have 0 of 5 ammo in your zulfikar, and you have 160 bullets remaining 2-10-2021, 7:48:38 AM
roflgamer (blindgamers14) said only1 2-10-2021, 7:49:14 AM
roflgamer (blindgamers14) said rofl sorry hehehh 2-10-2021, 7:49:41 AM
roflgamer (blindgamers14) said not see 2-10-2021, 7:49:44 AM
roflgamer (blindgamers14) said this zulfikar 2-10-2021, 7:50:50 AM
roflgamer (blindgamers14) said zulfikar, 1 2-10-2021, 7:51:02 AM
roflgamer (blindgamers14) said can you give me on oter account 2-10-2021, 7:51:24 AM
roflgamer (blindgamers14) said my second hahah 2-10-2021, 7:51:30 AM
roflgamer (blindgamers14) said my second acc hehehh 2-10-2021, 7:51:46 AM
roflgamer (blindgamers14) said asdfasdfasdffdas 2-10-2021, 7:51:48 AM
roflgamer (blindgamers14) said pack of 20 ammo zulfikar. costs 30000 coins. description. a pack of ammo for a zulfikar. you can buy 37403 2-10-2021, 7:52:51 AM
roflgamer (blindgamers14) said 1 2-10-2021, 7:53:15 AM
roflgamer (blindgamers14) said yes 2-10-2021, 7:54:08 AM
roflgamer (blindgamers14) said you have 2 of 5 ammo in your zulfikar, and you have 2375 bullets remaining 2-10-2021, 7:55:06 AM
roflgamer (blindgamers14) said so long time reloading 2-10-2021, 7:56:11 AM
roflgamer (blindgamers14) said oh no i dieing 2-10-2021, 7:56:57 AM
roflgamer (blindgamers14) said 394, 499, 80. 2-10-2021, 7:57:09 AM
roflgamer (blindgamers14) said lets fight 2-10-2021, 7:58:18 AM
roflgamer (blindgamers14) said hahahahh 2-10-2021, 8:00:18 AM
roflgamer (blindgamers14) said you are the best player with 1021 kills? 2-10-2021, 8:00:42 AM
roflgamer (blindgamers14) said wait restart cliont 2-10-2021, 8:01:14 AM
roflgamer (blindgamers14) said what team 2-10-2021, 8:03:07 AM
roflgamer (blindgamers14) said meh, you can't join all team 2-10-2021, 8:03:25 AM
roflgamer (blindgamers14) said only 1  2-10-2021, 8:03:28 AM
roflgamer (blindgamers14) said go join rofl hahahh 2-10-2021, 8:03:52 AM
roflgamer (blindgamers14) said lkajsdflkj 2-10-2021, 8:03:54 AM
roflgamer (blindgamers14) said this game team system is buggy 2-10-2021, 8:04:15 AM
roflgamer (blindgamers14) said there are 2 online members in your team and there are 6 offline members. online members: sgamer,  and blindgamers14. offline members: killercross, teja, killer3000, awesome, killercross, and athee 2-10-2021, 8:04:24 AM
roflgamer (blindgamers14) said there are 2 player with same name here 2-10-2021, 8:04:42 AM
roflgamer (blindgamers14) said what 2-10-2021, 8:09:07 AM
roflgamer (blindgamers14) said f10 2-10-2021, 8:09:21 AM
roflgamer (blindgamers14) said the store is streight behind, 0 feet away. 2-10-2021, 8:09:40 AM
roflgamer (blindgamers14) said 10000 suicide_bombs have been added to the shopping cart
what would you like to do now? 2-10-2021, 8:10:42 AM
roflgamer (blindgamers14) said total price is 7500000 coins. press enter to checkout 2-10-2021, 8:10:56 AM
roflgamer (blindgamers14) said the store is streight in front, 0 feet away. the w shelter belonging to blindgamers14 with 100000 health is streight in front, 1 feet away. 2-10-2021, 8:11:09 AM
roflgamer (blindgamers14) said roflflfll 2-10-2021, 8:11:57 AM
roflgamer (blindgamers14) said how many teampoint gain 2-10-2021, 8:12:05 AM
roflgamer (blindgamers14) said lakdjsf 2-10-2021, 8:12:08 AM
roflgamer (blindgamers14) said where is my sikmen 2-10-2021, 8:12:40 AM
roflgamer (blindgamers14) said shipment a5hz9j7 2-10-2021, 8:13:31 AM
roflgamer (blindgamers14) said bid 2-10-2021, 8:13:41 AM
roflgamer (blindgamers14) said there are 10000suicide bomb theh 2-10-2021, 8:13:52 AM
roflgamer (blindgamers14) said shipment contains 10000 suicide_bomb 2-10-2021, 8:14:59 AM
roflgamer (blindgamers14) said rofl hehehh 2-10-2021, 8:15:59 AM
roflgamer (blindgamers14) said ahahahhahahh 2-10-2021, 8:16:17 AM
roflgamer (blindgamers14) said what ha 2-10-2021, 8:17:05 AM
roflgamer (blindgamers14) said boomb! 2-10-2021, 8:18:09 AM
roflgamer (blindgamers14) said rofl 2-10-2021, 8:18:21 AM
roflgamer (blindgamers14) said rofl 2-10-2021, 8:18:35 AM
roflgamer (blindgamers14) said sory heheh 2-10-2021, 8:18:44 AM
roflgamer (blindgamers14) said roofl 2-10-2021, 8:19:22 AM
roflgamer (blindgamers14) said you can create new heheh 2-10-2021, 8:19:39 AM
roflgamer (blindgamers14) said mask off 2-10-2021, 8:21:26 AM
roflgamer (blindgamers14) said yes mask off hh 2-10-2021, 8:21:41 AM
roflgamer (blindgamers14) said BAD SAPI VOICE 2-10-2021, 10:50:23 AM
roflgamer (blindgamers14) said HA, STW WELCOME SOUNDS 2-10-2021, 10:51:03 AM
roflgamer (blindgamers14) said what 2-10-2021, 2:34:17 PM
roflgamer (blindgamers14) said Skype  document  ? 2-10-2021, 2:35:30 PM
roflgamer (blindgamers14) said My info, Active  button 2-10-2021, 2:35:45 PM
roflgamer (blindgamers14) said 1302 health, 500 shielded shots. 2-10-2021, 4:41:46 PM
roflgamer (blindgamers14) said no no 2-10-2021, 4:50:23 PM
roflgamer (blindgamers14) said cyanide_pistol, 1 2-10-2021, 4:50:34 PM
roflgamer (blindgamers14) said to go to the boxing ring, press enter 2-10-2021, 4:53:14 PM
roflgamer (blindgamers14) said roofl 2-10-2021, 4:56:03 PM
roflgamer (blindgamers14) said the restroom is full now with shamsiddin's guts as roflgamer's cyanide_pistol owned them! 2-10-2021, 4:56:10 PM
roflgamer (blindgamers14) said ok 2-10-2021, 4:56:24 PM
roflgamer (blindgamers14) said poizen pistol 2-10-2021, 4:56:50 PM
roflgamer (blindgamers14) said only 1  2-10-2021, 4:57:05 PM
roflgamer (blindgamers14) said with what 2-10-2021, 4:58:10 PM
roflgamer (blindgamers14) said New notification from Skype, tunmi13 (main) in "Bloodstorm", emanuel, lets put this in an analogy for you to better understand it. you have a. Skype. . Text Input Reply  window 2-10-2021, 4:58:23 PM
roflgamer (blindgamers14) said roofl 2-10-2021, 4:58:26 PM
roflgamer (blindgamers14) said bloodstorm group still acti 2-10-2021, 4:58:44 PM
roflgamer (blindgamers14) said activ 2-10-2021, 4:58:47 PM
roflgamer (blindgamers14) said s, New notification from Skype, tunmi13 (main) in "Bloodstorm", emanuel, lets put this in an analogy for you to better understand it. you have a. Skype. . Text Input Reply  window 2-10-2021, 4:59:02 PM
roflgamer (blindgamers14) said yes 2-10-2021, 4:59:19 PM
roflgamer (blindgamers14) said nope 2-10-2021, 4:59:28 PM
roflgamer (blindgamers14) said message of the day: <html>
<head><title>404 Not Found</title></head>
<body>
<center><h1>404 Not Found</h1></center>
<hr><center>openresty</center>
</body>
</html> 2-10-2021, 4:59:38 PM
roflgamer (blindgamers14) said Bloodstorm, version 7.1.0 2-10-2021, 4:59:53 PM
roflgamer (blindgamers14) said give what 2-10-2021, 5:00:12 PM
roflgamer (blindgamers14) said no link 2-10-2021, 5:00:55 PM
roflgamer (blindgamers14) said that game is down 2-10-2021, 5:01:02 PM
roflgamer (blindgamers14) said tunmi close that projec i think 2-10-2021, 5:01:15 PM
roflgamer (blindgamers14) said yes 2-10-2021, 5:03:59 PM
roflgamer (blindgamers14) said its dead 2-10-2021, 5:04:21 PM
roflgamer (blindgamers14) said dont kno 2-10-2021, 5:04:39 PM
roflgamer (blindgamers14) said hahahh 2-10-2021, 5:05:53 PM
roflgamer (blindgamers14) said the laws of gravity just completely and totally pulvarized shamsiddin over intricate cave system! 2-10-2021, 5:06:03 PM
roflgamer (blindgamers14) said cave4 2-10-2021, 5:07:10 PM
roflgamer (blindgamers14) said i knoo 2-10-2021, 5:07:29 PM
roflgamer (blindgamers14) said Damn, roflgamer's poison dart, that was quite a vicious display of violence towards shamsiddin?, but worst of all, you done it on entrance to the toilet! 2-10-2021, 5:11:19 PM
roflgamer (blindgamers14) said rofl 2-10-2021, 5:11:25 PM
roflgamer (blindgamers14) said roofl 2-10-2021, 5:14:02 PM
roflgamer (blindgamers14) said ll 2-10-2021, 5:15:35 PM
roflgamer (blindgamers14) said where 2-10-2021, 5:15:44 PM
roflgamer (blindgamers14) said mujiklar with 6 members and 3 kills and 1824 points, leader dj_mux.  2-10-2021, 5:16:18 PM
roflgamer (blindgamers14) said hahahahh 2-10-2021, 5:16:22 PM
roflgamer (blindgamers14) said run out of point 2-10-2021, 5:16:29 PM
roflgamer (blindgamers14) said chosing bad fighter to join team is a bad idea 2-10-2021, 5:17:00 PM