
elijah(elijah) used a tk_ultra_health_potion 2-10-2021, 5:55:35 PM
elijah(rockstar99) used a turret 2-10-2021, 6:04:12 PM
elijah(rockstar99) used a turret 2-10-2021, 6:04:15 PM
elijah(rockstar99) used a turret 2-10-2021, 6:04:54 PM
elijah(rockstar99) used a turret 2-10-2021, 6:06:10 PM
elijah(rockstar99) used a gp30 2-10-2021, 6:07:22 PM
elijah(rockstar99) used a long_sword 2-10-2021, 6:07:28 PM
elijah(rockstar99) used a mlk_207_combat_rifle 2-10-2021, 6:07:30 PM
elijah(rockstar99) used a health_orb 2-10-2021, 6:09:33 PM
elijah(rockstar99) used a health_orb 2-10-2021, 6:09:36 PM
elijah(rockstar99) used a health_orb 2-10-2021, 6:09:36 PM
elijah(rockstar99) used a health_orb 2-10-2021, 6:09:37 PM
elijah(rockstar99) used a health_orb 2-10-2021, 6:09:40 PM
elijah(rockstar99) used a gp30 2-10-2021, 6:09:45 PM
elijah(rockstar99) used a tk_ultra_health_potion 2-10-2021, 6:10:02 PM
elijah(rockstar99) used a tk_ultra_health_potion 2-10-2021, 6:10:04 PM
elijah(rockstar99) used a tk_ultra_health_potion 2-10-2021, 6:10:05 PM
elijah(rockstar99) used a tk_ultra_health_potion 2-10-2021, 6:10:17 PM
elijah(rockstar99) used a tk_ultra_health_potion 2-10-2021, 6:10:18 PM
elijah(rockstar99) used a shield 2-10-2021, 6:11:44 PM
elijah(rockstar99) used a shield 2-10-2021, 6:11:44 PM
elijah(rockstar99) used a shield 2-10-2021, 6:11:45 PM
elijah(rockstar99) used a shield 2-10-2021, 6:11:45 PM
elijah(rockstar99) used a shield 2-10-2021, 6:11:45 PM
elijah(rockstar99) used a shield 2-10-2021, 6:11:45 PM
elijah(rockstar99) used a shield 2-10-2021, 6:11:45 PM
elijah(rockstar99) used a shield 2-10-2021, 6:11:45 PM
elijah(rockstar99) used a shield 2-10-2021, 6:11:46 PM
elijah(rockstar99) used a shield 2-10-2021, 6:11:46 PM
elijah(rockstar99) used a shield 2-10-2021, 6:11:47 PM
elijah(rockstar99) used a shield 2-10-2021, 6:11:47 PM
elijah(rockstar99) used a shield 2-10-2021, 6:11:48 PM
elijah(rockstar99) used a shield 2-10-2021, 6:11:48 PM
elijah(rockstar99) used a shield 2-10-2021, 6:11:49 PM
elijah(rockstar99) used a shield 2-10-2021, 6:11:49 PM
elijah(rockstar99) used a shield 2-10-2021, 6:11:50 PM
elijah(rockstar99) used a shield 2-10-2021, 6:11:50 PM
elijah(rockstar99) used a shield 2-10-2021, 6:11:50 PM
elijah(rockstar99) used a shield 2-10-2021, 6:11:51 PM
elijah(rockstar99) used a shield 2-10-2021, 6:11:51 PM
elijah(rockstar99) used a tk_ultra_health_potion 2-10-2021, 6:13:12 PM
elijah(rockstar99) used a empty_pack 2-10-2021, 6:28:13 PM
elijah(rockstar99) used a gp30 2-10-2021, 6:29:55 PM
elijah(rockstar99) used a long_sword 2-10-2021, 6:30:00 PM
elijah(rockstar99) used a long_sword 2-10-2021, 6:30:01 PM
elijah(rockstar99) used a long_sword 2-10-2021, 6:30:02 PM
elijah(rockstar99) used a mlk_207_combat_rifle 2-10-2021, 6:30:04 PM
elijah(rockstar99) used a rpg7 2-10-2021, 6:30:05 PM
elijah(rockstar99) used a tk_ultra_health_potion 2-10-2021, 6:33:14 PM
elijah(rockstar99) used a turret 2-10-2021, 6:35:49 PM
elijah(rockstar99) used a tk_ultra_health_potion 2-10-2021, 6:36:25 PM
elijah(rockstar99) used a tk_ultra_health_potion 2-10-2021, 6:39:44 PM
elijah(rockstar99) used a gp30 2-10-2021, 6:43:02 PM
elijah(rockstar99) used a gp30 2-10-2021, 6:43:07 PM
elijah(rockstar99) used a long_sword 2-10-2021, 6:43:20 PM
elijah(rockstar99) used a tk_ultra_health_potion 2-10-2021, 6:43:29 PM
elijah(rockstar99) used a wood_pack 2-10-2021, 6:44:03 PM
elijah(rockstar99) used a wood_pack 2-10-2021, 6:44:03 PM
elijah(rockstar99) used a wood_pack 2-10-2021, 6:44:03 PM
elijah(rockstar99) used a wood_pack 2-10-2021, 6:44:04 PM
elijah(rockstar99) used a wood_pack 2-10-2021, 6:44:04 PM
elijah(rockstar99) used a tk_ultra_health_potion 2-10-2021, 6:45:12 PM
elijah(rockstar99) used a tk_ultra_health_potion 2-10-2021, 6:45:14 PM
elijah(rockstar99) used a tk_ultra_health_potion 2-10-2021, 6:45:57 PM
elijah(rockstar99) used a mlk_207_combat_rifle 2-10-2021, 6:46:07 PM
elijah(rockstar99) used a tk_ultra_health_potion 2-10-2021, 6:47:04 PM
elijah(rockstar99) used a shield 2-10-2021, 6:49:03 PM
elijah(rockstar99) used a shield 2-10-2021, 6:49:03 PM
elijah(rockstar99) used a shield 2-10-2021, 6:49:03 PM
elijah(rockstar99) used a shield 2-10-2021, 6:49:03 PM
elijah(rockstar99) used a shield 2-10-2021, 6:49:04 PM
elijah(rockstar99) used a shield 2-10-2021, 6:49:04 PM
elijah(rockstar99) used a shield 2-10-2021, 6:49:04 PM
elijah(rockstar99) used a shield 2-10-2021, 6:49:04 PM
elijah(rockstar99) used a shield 2-10-2021, 6:49:05 PM
elijah(rockstar99) used a modern_sub_machine_gun_carbine 2-10-2021, 6:51:16 PM
elijah(rockstar99) used a invisibility_shield 2-10-2021, 6:51:30 PM
elijah(rockstar99) used a modern_sub_machine_gun_carbine 2-10-2021, 6:51:49 PM
elijah(rockstar99) used a gp30 2-10-2021, 6:51:51 PM
elijah(rockstar99) used a mlk_207_combat_rifle 2-10-2021, 6:51:53 PM
elijah(rockstar99) used a modern_sub_machine_gun_carbine 2-10-2021, 6:53:16 PM
elijah(rockstar99) used a turret 2-10-2021, 6:55:30 PM