
faraj(faraj) bought 1 snipers 2-10-2021, 9:51:42 AM
faraj(faraj) bought 50 sniper_ammo_packs 2-10-2021, 9:52:17 AM
faraj(faraj) bought 24 tk_ultra_health_potions 2-10-2021, 9:57:58 AM
faraj(faraj) bought 10 antibiotic_packs 2-10-2021, 9:58:05 AM
faraj(faraj) bought 45 shields 2-10-2021, 9:58:59 AM
faraj(faraj) bought 1 shields 2-10-2021, 9:59:04 AM
faraj(faraj) bought 1 steal_warhammers 2-10-2021, 10:02:12 AM
faraj(faraj) bought 116 shields 2-10-2021, 10:02:35 AM
faraj(faraj) bought 1 stp21_handguns 2-10-2021, 10:08:40 AM
faraj(faraj) bought 1 tk_ultra_health_potions 2-10-2021, 10:17:50 AM
faraj(faraj) bought 19 tk_ultra_health_potions 2-10-2021, 10:17:56 AM
faraj(faraj) bought 1 hand_cannons 2-10-2021, 11:25:20 AM
faraj(faraj) bought 1 awps 2-10-2021, 11:25:27 AM
faraj(faraj) bought 1 crt43_automatic_shotguns 2-10-2021, 11:25:47 AM
faraj(faraj) bought 1 beretta_nano_pocket_pistols 2-10-2021, 11:25:56 AM
faraj(faraj) bought 1 beretta_m1951_machine_pistols 2-10-2021, 11:25:59 AM
faraj(faraj) bought 1 glock_17_pistols 2-10-2021, 11:26:06 AM
faraj(faraj) bought 1 barrett_m82_sniper_rifles 2-10-2021, 11:27:29 AM
faraj(faraj) bought 1 glock_17_pistols 2-10-2021, 11:28:13 AM
faraj(faraj) bought 1 str_301_long_barreled_machine_pistols 2-10-2021, 11:28:51 AM
faraj(faraj) bought 50 awp_ammo_packs 2-10-2021, 11:30:59 AM
faraj(faraj) bought 10 pack_of_10_ammo_barrett_m82_sniper_rifles 2-10-2021, 11:31:42 AM
faraj(faraj) bought 27 pack_of_4_ammo_hand_cannons 2-10-2021, 11:32:13 AM
faraj(faraj) bought 1 tasers 2-10-2021, 11:40:03 PM
faraj(faraj) bought 100 taser_ammo_packs 2-10-2021, 11:40:15 PM
faraj(faraj) bought 50 pack_of_4_ammo_hand_cannons 2-10-2021, 11:42:04 PM
faraj(faraj) bought 33 awp_ammo_packs 2-10-2021, 11:42:35 PM
faraj(faraj) bought 100 pack_of_80_ammo_str_301_long_barreled_machine_pistols 2-10-2021, 11:44:28 PM
faraj(faraj) bought 100 pack_of_30_ammo_crt43_automatic_shotguns 2-10-2021, 11:45:41 PM
faraj(faraj) bought 1 shotguns 2-10-2021, 11:46:14 PM
faraj(faraj) bought 100 shotgun_ammo_packs 2-10-2021, 11:47:28 PM
faraj(faraj) bought 21 pack_of_10_ammo_barrett_m82_sniper_rifles 2-10-2021, 11:48:25 PM
faraj(faraj) bought 5 pack_of_20_ammo_beretta_m1951_machine_pistols 2-10-2021, 11:49:32 PM
faraj(faraj) bought 100 pack_of_20_ammo_beretta_m1951_machine_pistols 2-10-2021, 11:50:38 PM