
hamidali(hamidali) used a antibiotic 2-10-2021, 2:27:28 PM
hamidali(hamidali) used a shield 2-10-2021, 2:28:46 PM
hamidali(hamidali) used a shield 2-10-2021, 2:28:47 PM
hamidali(hamidali) used a shield 2-10-2021, 2:28:47 PM
hamidali(hamidali) used a shield 2-10-2021, 2:28:48 PM
hamidali(hamidali) used a the_legendary_sword 2-10-2021, 2:32:34 PM
hamidali(hamidali) used a antibiotic 2-10-2021, 2:32:36 PM
hamidali(hamidali) used a antibiotic 2-10-2021, 2:32:36 PM
hamidali(hamidali) used a antibiotic 2-10-2021, 2:33:19 PM
hamidali(hamidali) used a antibiotic 2-10-2021, 2:34:33 PM
hamidali(hamidali) used a antibiotic 2-10-2021, 2:34:33 PM
hamidali(hamidali) used a antibiotic 2-10-2021, 2:39:32 PM
hamidali(hamidali) used a tk_ultra_health_potion 2-10-2021, 2:39:38 PM
hamidali(hamidali) used a hand_cannon 2-10-2021, 2:39:51 PM
hamidali(hamidali) used a antibiotic 2-10-2021, 2:40:10 PM
hamidali(hamidali) used a antibiotic 2-10-2021, 2:41:23 PM
hamidali(hamidali) used a antibiotic 2-10-2021, 2:41:23 PM
hamidali(hamidali) used a storm_sniper 2-10-2021, 2:45:15 PM
hamidali(hamidali) used a wood 2-10-2021, 2:48:38 PM
hamidali(hamidali) used a warp_box 2-10-2021, 2:52:01 PM
hamidali(hamidali) used a warp_box 2-10-2021, 2:52:12 PM
hamidali(hamidali) used a warp_box 2-10-2021, 2:52:28 PM
hamidali(hamidali) used a antibiotic 2-10-2021, 2:52:49 PM
hamidali(hamidali) used a wood 2-10-2021, 2:54:03 PM
hamidali(hamidali) used a wood 2-10-2021, 2:54:08 PM
hamidali(hamidali) used a wood 2-10-2021, 2:54:10 PM
hamidali(hamidali) used a wood 2-10-2021, 2:54:11 PM
hamidali(hamidali) used a wood 2-10-2021, 2:54:11 PM
hamidali(hamidali) used a wood 2-10-2021, 2:54:12 PM
hamidali(hamidali) used a pack_of_15_stone 2-10-2021, 2:56:15 PM