
krokodailtop(krokodailtop) used a health_drink 2-10-2021, 11:40:57 AM
krokodailtop(krokodailtop) used a health_drink 2-10-2021, 11:40:58 AM
krokodailtop(krokodailtop) used a shield 2-10-2021, 11:41:00 AM
krokodailtop(krokodailtop) used a shield 2-10-2021, 11:41:00 AM
krokodailtop(krokodailtop) used a shield 2-10-2021, 11:41:01 AM
krokodailtop(krokodailtop) used a robot 2-10-2021, 11:41:02 AM
krokodailtop(krokodailtop) used a robot 2-10-2021, 11:41:03 AM
krokodailtop(krokodailtop) used a tk_ultra_health_potion 2-10-2021, 11:41:04 AM
krokodailtop(krokodailtop) used a empty_beer_bottle 2-10-2021, 11:41:06 AM
krokodailtop(krokodailtop) used a empty_beer_bottle 2-10-2021, 11:41:06 AM
krokodailtop(krokodailtop) used a empty_beer_bottle 2-10-2021, 11:41:07 AM
krokodailtop(krokodailtop) used a empty_beer_bottle 2-10-2021, 11:41:07 AM
krokodailtop(krokodailtop) used a empty_beer_bottle 2-10-2021, 11:41:07 AM
krokodailtop(krokodailtop) used a empty_beer_bottle 2-10-2021, 11:41:08 AM
krokodailtop(krokodailtop) used a empty_beer_bottle 2-10-2021, 11:41:08 AM
krokodailtop(krokodailtop) used a empty_beer_bottle 2-10-2021, 11:41:08 AM
krokodailtop(krokodailtop) used a empty_beer_bottle 2-10-2021, 11:41:09 AM
krokodailtop(krokodailtop) used a empty_beer_bottle 2-10-2021, 11:41:09 AM
krokodailtop(krokodailtop) used a empty_beer_bottle 2-10-2021, 11:41:09 AM
krokodailtop(krokodailtop) used a empty_beer_bottle 2-10-2021, 11:41:10 AM
krokodailtop(krokodailtop) used a empty_beer_bottle 2-10-2021, 11:41:10 AM
krokodailtop(krokodailtop) used a empty_beer_bottle 2-10-2021, 11:41:10 AM
krokodailtop(krokodailtop) used a empty_beer_bottle 2-10-2021, 11:41:10 AM
krokodailtop(krokodailtop) used a armored_tank 2-10-2021, 5:38:21 PM
krokodailtop(krokodailtop) used a hand_cannon 2-10-2021, 5:47:03 PM
krokodailtop(krokodailtop) used a air_canister 2-10-2021, 5:48:13 PM
krokodailtop(krokodailtop) used a gauss 2-10-2021, 5:49:39 PM
krokodailtop(krokodailtop) used a helicopter 2-10-2021, 5:51:42 PM
krokodailtop(krokodailtop) used a helicopter 2-10-2021, 5:52:03 PM
krokodailtop(krokodailtop) used a helicopter 2-10-2021, 5:52:04 PM
krokodailtop(krokodailtop) used a helicopter 2-10-2021, 5:52:04 PM
krokodailtop(krokodailtop) used a robot 2-10-2021, 5:52:08 PM
krokodailtop(krokodailtop) used a shield 2-10-2021, 5:52:10 PM
krokodailtop(krokodailtop) used a shield 2-10-2021, 5:52:11 PM
krokodailtop(krokodailtop) used a shield 2-10-2021, 5:52:12 PM
krokodailtop(krokodailtop) used a shield 2-10-2021, 5:52:12 PM
krokodailtop(krokodailtop) used a shield 2-10-2021, 5:52:13 PM
krokodailtop(krokodailtop) used a shield 2-10-2021, 5:52:13 PM
krokodailtop(krokodailtop) used a shield 2-10-2021, 5:52:13 PM
krokodailtop(krokodailtop) used a shield 2-10-2021, 5:52:14 PM
krokodailtop(krokodailtop) used a shield 2-10-2021, 5:52:14 PM
krokodailtop(krokodailtop) used a shield 2-10-2021, 5:52:15 PM
krokodailtop(krokodailtop) used a shield 2-10-2021, 5:52:15 PM
krokodailtop(krokodailtop) used a shield 2-10-2021, 5:52:15 PM
krokodailtop(krokodailtop) used a shield 2-10-2021, 5:52:16 PM
krokodailtop(krokodailtop) used a shield 2-10-2021, 5:52:17 PM
krokodailtop(krokodailtop) used a shield 2-10-2021, 5:52:17 PM
krokodailtop(krokodailtop) used a shield 2-10-2021, 5:52:17 PM
krokodailtop(krokodailtop) used a shield 2-10-2021, 5:52:18 PM
krokodailtop(krokodailtop) used a tk_ultra_health_potion 2-10-2021, 5:52:19 PM
krokodailtop(krokodailtop) used a tk_ultra_health_potion 2-10-2021, 5:52:20 PM
krokodailtop(krokodailtop) used a tk_ultra_health_potion 2-10-2021, 5:53:23 PM
krokodailtop(krokodailtop) used a shield 2-10-2021, 5:53:24 PM
krokodailtop(krokodailtop) used a shield 2-10-2021, 5:53:24 PM
krokodailtop(krokodailtop) used a shield 2-10-2021, 5:53:24 PM
krokodailtop(krokodailtop) used a tk_ultra_health_potion 2-10-2021, 5:54:11 PM
krokodailtop(krokodailtop) used a tk_ultra_health_potion 2-10-2021, 5:54:11 PM
krokodailtop(krokodailtop) used a barrett_m82_sniper_rifle 2-10-2021, 5:56:48 PM
krokodailtop(krokodailtop) used a rpg7 2-10-2021, 5:56:52 PM
krokodailtop(krokodailtop) used a rocket_launcher 2-10-2021, 5:56:57 PM
krokodailtop(krokodailtop) used a shotgun 2-10-2021, 5:57:02 PM
krokodailtop(krokodailtop) used a knife 2-10-2021, 5:57:18 PM
krokodailtop(krokodailtop) used a str_32_pump_action_shotgun 2-10-2021, 5:57:27 PM
krokodailtop(krokodailtop) used a pack_of_4_ammo_hand_cannon 2-10-2021, 6:01:12 PM
krokodailtop(krokodailtop) used a pack_of_4_ammo_hand_cannon 2-10-2021, 6:01:12 PM
krokodailtop(krokodailtop) used a pack_of_4_ammo_hand_cannon 2-10-2021, 6:01:12 PM
krokodailtop(krokodailtop) used a pack_of_4_ammo_hand_cannon 2-10-2021, 6:01:12 PM
krokodailtop(krokodailtop) used a pack_of_4_ammo_hand_cannon 2-10-2021, 6:01:12 PM
krokodailtop(krokodailtop) used a pack_of_4_ammo_hand_cannon 2-10-2021, 6:01:13 PM
krokodailtop(krokodailtop) used a pack_of_4_ammo_hand_cannon 2-10-2021, 6:01:13 PM
krokodailtop(krokodailtop) used a pack_of_4_ammo_hand_cannon 2-10-2021, 6:01:13 PM
krokodailtop(krokodailtop) used a pack_of_4_ammo_hand_cannon 2-10-2021, 6:01:13 PM
krokodailtop(krokodailtop) used a pack_of_4_ammo_hand_cannon 2-10-2021, 6:01:13 PM
krokodailtop(krokodailtop) used a pack_of_4_ammo_hand_cannon 2-10-2021, 6:01:14 PM
krokodailtop(krokodailtop) used a pack_of_4_ammo_hand_cannon 2-10-2021, 6:01:14 PM
krokodailtop(krokodailtop) used a pack_of_4_ammo_hand_cannon 2-10-2021, 6:01:14 PM
krokodailtop(krokodailtop) used a pack_of_4_ammo_hand_cannon 2-10-2021, 6:01:14 PM
krokodailtop(krokodailtop) used a pack_of_4_ammo_hand_cannon 2-10-2021, 6:01:14 PM
krokodailtop(krokodailtop) used a pack_of_4_ammo_hand_cannon 2-10-2021, 6:01:14 PM
krokodailtop(krokodailtop) used a pack_of_4_ammo_hand_cannon 2-10-2021, 6:01:14 PM
krokodailtop(krokodailtop) used a pack_of_4_ammo_hand_cannon 2-10-2021, 6:01:15 PM
krokodailtop(krokodailtop) used a pack_of_4_ammo_hand_cannon 2-10-2021, 6:01:15 PM
krokodailtop(krokodailtop) used a pack_of_4_ammo_hand_cannon 2-10-2021, 6:01:15 PM
krokodailtop(krokodailtop) used a pack_of_4_ammo_hand_cannon 2-10-2021, 6:01:15 PM
krokodailtop(krokodailtop) used a pack_of_4_ammo_hand_cannon 2-10-2021, 6:01:15 PM
krokodailtop(krokodailtop) used a pack_of_4_ammo_hand_cannon 2-10-2021, 6:01:15 PM
krokodailtop(krokodailtop) used a pack_of_4_ammo_hand_cannon 2-10-2021, 6:01:16 PM
krokodailtop(krokodailtop) used a pack_of_4_ammo_hand_cannon 2-10-2021, 6:01:16 PM
krokodailtop(krokodailtop) used a pack_of_4_ammo_hand_cannon 2-10-2021, 6:01:16 PM
krokodailtop(krokodailtop) used a pack_of_4_ammo_hand_cannon 2-10-2021, 6:01:16 PM
krokodailtop(krokodailtop) used a pack_of_4_ammo_hand_cannon 2-10-2021, 6:01:16 PM
krokodailtop(krokodailtop) used a pack_of_4_ammo_hand_cannon 2-10-2021, 6:01:16 PM
krokodailtop(krokodailtop) used a pack_of_4_ammo_hand_cannon 2-10-2021, 6:01:16 PM
krokodailtop(krokodailtop) used a pack_of_4_ammo_hand_cannon 2-10-2021, 6:01:17 PM
krokodailtop(krokodailtop) used a pack_of_4_ammo_hand_cannon 2-10-2021, 6:01:17 PM
krokodailtop(krokodailtop) used a pack_of_4_ammo_hand_cannon 2-10-2021, 6:01:17 PM
krokodailtop(krokodailtop) used a pack_of_4_ammo_hand_cannon 2-10-2021, 6:01:17 PM
krokodailtop(krokodailtop) used a pack_of_4_ammo_hand_cannon 2-10-2021, 6:01:17 PM
krokodailtop(krokodailtop) used a pack_of_4_ammo_hand_cannon 2-10-2021, 6:01:18 PM
krokodailtop(krokodailtop) used a pack_of_4_ammo_hand_cannon 2-10-2021, 6:01:18 PM
krokodailtop(krokodailtop) used a pack_of_4_ammo_hand_cannon 2-10-2021, 6:01:18 PM
krokodailtop(krokodailtop) used a pack_of_4_ammo_hand_cannon 2-10-2021, 6:01:18 PM
krokodailtop(krokodailtop) used a pack_of_4_ammo_hand_cannon 2-10-2021, 6:01:18 PM
krokodailtop(krokodailtop) used a pack_of_4_ammo_hand_cannon 2-10-2021, 6:01:18 PM
krokodailtop(krokodailtop) used a pack_of_4_ammo_hand_cannon 2-10-2021, 6:01:18 PM
krokodailtop(krokodailtop) used a pack_of_4_ammo_hand_cannon 2-10-2021, 6:01:19 PM
krokodailtop(krokodailtop) used a pack_of_4_ammo_hand_cannon 2-10-2021, 6:01:19 PM
krokodailtop(krokodailtop) used a pack_of_4_ammo_hand_cannon 2-10-2021, 6:01:19 PM
krokodailtop(krokodailtop) used a pack_of_4_ammo_hand_cannon 2-10-2021, 6:01:19 PM
krokodailtop(krokodailtop) used a pack_of_4_ammo_hand_cannon 2-10-2021, 6:01:20 PM
krokodailtop(krokodailtop) used a pack_of_4_ammo_hand_cannon 2-10-2021, 6:01:20 PM
krokodailtop(krokodailtop) used a pack_of_4_ammo_hand_cannon 2-10-2021, 6:01:20 PM
krokodailtop(krokodailtop) used a pack_of_4_ammo_hand_cannon 2-10-2021, 6:01:20 PM
krokodailtop(krokodailtop) used a pack_of_4_ammo_hand_cannon 2-10-2021, 6:01:20 PM
krokodailtop(krokodailtop) used a pack_of_4_ammo_hand_cannon 2-10-2021, 6:01:21 PM
krokodailtop(krokodailtop) used a pack_of_4_ammo_hand_cannon 2-10-2021, 6:01:21 PM
krokodailtop(krokodailtop) used a pack_of_4_ammo_hand_cannon 2-10-2021, 6:01:21 PM
krokodailtop(krokodailtop) used a pack_of_4_ammo_hand_cannon 2-10-2021, 6:01:21 PM
krokodailtop(krokodailtop) used a pack_of_4_ammo_hand_cannon 2-10-2021, 6:01:21 PM
krokodailtop(krokodailtop) used a pack_of_4_ammo_hand_cannon 2-10-2021, 6:01:21 PM
krokodailtop(krokodailtop) used a pack_of_4_ammo_hand_cannon 2-10-2021, 6:01:22 PM
krokodailtop(krokodailtop) used a pack_of_4_ammo_hand_cannon 2-10-2021, 6:01:29 PM
krokodailtop(krokodailtop) used a pack_of_4_ammo_hand_cannon 2-10-2021, 6:01:29 PM
krokodailtop(krokodailtop) used a pack_of_4_ammo_hand_cannon 2-10-2021, 6:01:29 PM
krokodailtop(krokodailtop) used a pack_of_4_ammo_hand_cannon 2-10-2021, 6:01:29 PM
krokodailtop(krokodailtop) used a pack_of_4_ammo_hand_cannon 2-10-2021, 6:01:29 PM
krokodailtop(krokodailtop) used a pack_of_4_ammo_hand_cannon 2-10-2021, 6:01:29 PM
krokodailtop(krokodailtop) used a pack_of_4_ammo_hand_cannon 2-10-2021, 6:01:30 PM
krokodailtop(krokodailtop) used a pack_of_4_ammo_hand_cannon 2-10-2021, 6:01:30 PM
krokodailtop(krokodailtop) used a pack_of_4_ammo_hand_cannon 2-10-2021, 6:01:30 PM
krokodailtop(krokodailtop) used a pack_of_4_ammo_hand_cannon 2-10-2021, 6:01:30 PM
krokodailtop(krokodailtop) used a pack_of_4_ammo_hand_cannon 2-10-2021, 6:01:30 PM
krokodailtop(krokodailtop) used a pack_of_4_ammo_hand_cannon 2-10-2021, 6:01:31 PM
krokodailtop(krokodailtop) used a pack_of_4_ammo_hand_cannon 2-10-2021, 6:01:31 PM
krokodailtop(krokodailtop) used a pack_of_4_ammo_hand_cannon 2-10-2021, 6:01:31 PM
krokodailtop(krokodailtop) used a pack_of_4_ammo_hand_cannon 2-10-2021, 6:01:31 PM
krokodailtop(krokodailtop) used a pack_of_4_ammo_hand_cannon 2-10-2021, 6:01:31 PM
krokodailtop(krokodailtop) used a pack_of_4_ammo_hand_cannon 2-10-2021, 6:01:31 PM
krokodailtop(krokodailtop) used a pack_of_4_ammo_hand_cannon 2-10-2021, 6:01:32 PM
krokodailtop(krokodailtop) used a pack_of_4_ammo_hand_cannon 2-10-2021, 6:01:32 PM
krokodailtop(krokodailtop) used a pack_of_4_ammo_hand_cannon 2-10-2021, 6:01:32 PM
krokodailtop(krokodailtop) used a pack_of_4_ammo_hand_cannon 2-10-2021, 6:01:32 PM
krokodailtop(krokodailtop) used a pack_of_4_ammo_hand_cannon 2-10-2021, 6:01:32 PM
krokodailtop(krokodailtop) used a pack_of_4_ammo_hand_cannon 2-10-2021, 6:01:32 PM
krokodailtop(krokodailtop) used a pack_of_4_ammo_hand_cannon 2-10-2021, 6:01:33 PM
krokodailtop(krokodailtop) used a pack_of_4_ammo_hand_cannon 2-10-2021, 6:01:33 PM
krokodailtop(krokodailtop) used a pack_of_4_ammo_hand_cannon 2-10-2021, 6:01:33 PM
krokodailtop(krokodailtop) used a pack_of_4_ammo_hand_cannon 2-10-2021, 6:01:33 PM
krokodailtop(krokodailtop) used a pack_of_4_ammo_hand_cannon 2-10-2021, 6:01:33 PM
krokodailtop(krokodailtop) used a pack_of_4_ammo_hand_cannon 2-10-2021, 6:01:33 PM
krokodailtop(krokodailtop) used a pack_of_4_ammo_hand_cannon 2-10-2021, 6:01:34 PM
krokodailtop(krokodailtop) used a pack_of_4_ammo_hand_cannon 2-10-2021, 6:01:34 PM
krokodailtop(krokodailtop) used a pack_of_4_ammo_hand_cannon 2-10-2021, 6:01:34 PM
krokodailtop(krokodailtop) used a pack_of_4_ammo_hand_cannon 2-10-2021, 6:01:34 PM
krokodailtop(krokodailtop) used a pack_of_4_ammo_hand_cannon 2-10-2021, 6:01:35 PM
krokodailtop(krokodailtop) used a pack_of_4_ammo_hand_cannon 2-10-2021, 6:01:35 PM
krokodailtop(krokodailtop) used a pack_of_4_ammo_hand_cannon 2-10-2021, 6:01:35 PM
krokodailtop(krokodailtop) used a pack_of_4_ammo_hand_cannon 2-10-2021, 6:01:36 PM
krokodailtop(krokodailtop) used a pack_of_4_ammo_hand_cannon 2-10-2021, 6:01:36 PM
krokodailtop(krokodailtop) used a pack_of_4_ammo_hand_cannon 2-10-2021, 6:01:36 PM
krokodailtop(krokodailtop) used a pack_of_4_ammo_hand_cannon 2-10-2021, 6:01:36 PM
krokodailtop(krokodailtop) used a pack_of_4_ammo_hand_cannon 2-10-2021, 6:01:36 PM
krokodailtop(krokodailtop) used a pack_of_4_ammo_hand_cannon 2-10-2021, 6:01:36 PM
krokodailtop(krokodailtop) used a pack_of_4_ammo_hand_cannon 2-10-2021, 6:01:36 PM
krokodailtop(krokodailtop) used a pack_of_4_ammo_hand_cannon 2-10-2021, 6:01:37 PM
krokodailtop(krokodailtop) used a pack_of_4_ammo_hand_cannon 2-10-2021, 6:01:37 PM
krokodailtop(krokodailtop) used a pack_of_4_ammo_hand_cannon 2-10-2021, 6:01:37 PM
krokodailtop(krokodailtop) used a pack_of_4_ammo_hand_cannon 2-10-2021, 6:01:37 PM
krokodailtop(krokodailtop) used a pack_of_4_ammo_hand_cannon 2-10-2021, 6:01:38 PM
krokodailtop(krokodailtop) used a pack_of_4_ammo_hand_cannon 2-10-2021, 6:01:38 PM
krokodailtop(krokodailtop) used a pack_of_4_ammo_hand_cannon 2-10-2021, 6:01:38 PM
krokodailtop(krokodailtop) used a pack_of_4_ammo_hand_cannon 2-10-2021, 6:01:38 PM
krokodailtop(krokodailtop) used a pack_of_4_ammo_hand_cannon 2-10-2021, 6:01:39 PM
krokodailtop(krokodailtop) used a pack_of_4_ammo_hand_cannon 2-10-2021, 6:01:39 PM
krokodailtop(krokodailtop) used a pack_of_4_ammo_hand_cannon 2-10-2021, 6:01:39 PM
krokodailtop(krokodailtop) used a pack_of_4_ammo_hand_cannon 2-10-2021, 6:01:39 PM
krokodailtop(krokodailtop) used a pack_of_4_ammo_hand_cannon 2-10-2021, 6:01:39 PM
krokodailtop(krokodailtop) used a pack_of_4_ammo_hand_cannon 2-10-2021, 6:01:44 PM
krokodailtop(krokodailtop) used a pack_of_4_ammo_hand_cannon 2-10-2021, 6:01:45 PM
krokodailtop(krokodailtop) used a pack_of_4_ammo_hand_cannon 2-10-2021, 6:01:45 PM
krokodailtop(krokodailtop) used a pack_of_4_ammo_hand_cannon 2-10-2021, 6:01:45 PM
krokodailtop(krokodailtop) used a pack_of_4_ammo_hand_cannon 2-10-2021, 6:01:45 PM
krokodailtop(krokodailtop) used a pack_of_4_ammo_hand_cannon 2-10-2021, 6:01:45 PM
krokodailtop(krokodailtop) used a pack_of_4_ammo_hand_cannon 2-10-2021, 6:01:45 PM
krokodailtop(krokodailtop) used a pack_of_4_ammo_hand_cannon 2-10-2021, 6:01:45 PM
krokodailtop(krokodailtop) used a pack_of_4_ammo_hand_cannon 2-10-2021, 6:01:45 PM
krokodailtop(krokodailtop) used a pack_of_4_ammo_hand_cannon 2-10-2021, 6:01:46 PM
krokodailtop(krokodailtop) used a pack_of_4_ammo_hand_cannon 2-10-2021, 6:01:46 PM
krokodailtop(krokodailtop) used a pack_of_4_ammo_hand_cannon 2-10-2021, 6:01:46 PM
krokodailtop(krokodailtop) used a pack_of_4_ammo_hand_cannon 2-10-2021, 6:01:46 PM
krokodailtop(krokodailtop) used a pack_of_4_ammo_hand_cannon 2-10-2021, 6:01:47 PM
krokodailtop(krokodailtop) used a pack_of_4_ammo_hand_cannon 2-10-2021, 6:01:47 PM
krokodailtop(krokodailtop) used a pack_of_4_ammo_hand_cannon 2-10-2021, 6:01:47 PM
krokodailtop(krokodailtop) used a pack_of_4_ammo_hand_cannon 2-10-2021, 6:01:47 PM
krokodailtop(krokodailtop) used a pack_of_4_ammo_hand_cannon 2-10-2021, 6:01:47 PM
krokodailtop(krokodailtop) used a pack_of_4_ammo_hand_cannon 2-10-2021, 6:01:47 PM
krokodailtop(krokodailtop) used a pack_of_4_ammo_hand_cannon 2-10-2021, 6:01:48 PM
krokodailtop(krokodailtop) used a pack_of_4_ammo_hand_cannon 2-10-2021, 6:01:49 PM
krokodailtop(krokodailtop) used a pack_of_4_ammo_hand_cannon 2-10-2021, 6:01:49 PM
krokodailtop(krokodailtop) used a pack_of_4_ammo_hand_cannon 2-10-2021, 6:01:49 PM
krokodailtop(krokodailtop) used a pack_of_4_ammo_hand_cannon 2-10-2021, 6:01:50 PM
krokodailtop(krokodailtop) used a pack_of_4_ammo_hand_cannon 2-10-2021, 6:01:50 PM
krokodailtop(krokodailtop) used a pack_of_4_ammo_hand_cannon 2-10-2021, 6:01:50 PM
krokodailtop(krokodailtop) used a pack_of_4_ammo_hand_cannon 2-10-2021, 6:01:50 PM
krokodailtop(krokodailtop) used a pack_of_4_ammo_hand_cannon 2-10-2021, 6:01:50 PM
krokodailtop(krokodailtop) used a pack_of_4_ammo_hand_cannon 2-10-2021, 6:01:51 PM
krokodailtop(krokodailtop) used a pack_of_4_ammo_hand_cannon 2-10-2021, 6:01:51 PM
krokodailtop(krokodailtop) used a pack_of_4_ammo_hand_cannon 2-10-2021, 6:01:51 PM
krokodailtop(krokodailtop) used a pack_of_4_ammo_hand_cannon 2-10-2021, 6:01:51 PM
krokodailtop(krokodailtop) used a pack_of_4_ammo_hand_cannon 2-10-2021, 6:01:51 PM
krokodailtop(krokodailtop) used a pack_of_4_ammo_hand_cannon 2-10-2021, 6:01:51 PM
krokodailtop(krokodailtop) used a pack_of_4_ammo_hand_cannon 2-10-2021, 6:01:52 PM
krokodailtop(krokodailtop) used a pack_of_4_ammo_hand_cannon 2-10-2021, 6:01:52 PM
krokodailtop(krokodailtop) used a pack_of_4_ammo_hand_cannon 2-10-2021, 6:01:52 PM
krokodailtop(krokodailtop) used a pack_of_4_ammo_hand_cannon 2-10-2021, 6:01:52 PM
krokodailtop(krokodailtop) used a pack_of_4_ammo_hand_cannon 2-10-2021, 6:01:52 PM
krokodailtop(krokodailtop) used a pack_of_4_ammo_hand_cannon 2-10-2021, 6:01:53 PM
krokodailtop(krokodailtop) used a pack_of_4_ammo_hand_cannon 2-10-2021, 6:01:53 PM
krokodailtop(krokodailtop) used a pack_of_4_ammo_hand_cannon 2-10-2021, 6:01:53 PM
krokodailtop(krokodailtop) used a pack_of_4_ammo_hand_cannon 2-10-2021, 6:01:53 PM
krokodailtop(krokodailtop) used a pack_of_4_ammo_hand_cannon 2-10-2021, 6:01:53 PM
krokodailtop(krokodailtop) used a pack_of_4_ammo_hand_cannon 2-10-2021, 6:01:54 PM
krokodailtop(krokodailtop) used a pack_of_4_ammo_hand_cannon 2-10-2021, 6:01:54 PM
krokodailtop(krokodailtop) used a pack_of_4_ammo_hand_cannon 2-10-2021, 6:01:54 PM
krokodailtop(krokodailtop) used a pack_of_4_ammo_hand_cannon 2-10-2021, 6:01:54 PM
krokodailtop(krokodailtop) used a pack_of_4_ammo_hand_cannon 2-10-2021, 6:01:54 PM
krokodailtop(krokodailtop) used a pack_of_4_ammo_hand_cannon 2-10-2021, 6:01:55 PM
krokodailtop(krokodailtop) used a pack_of_4_ammo_hand_cannon 2-10-2021, 6:01:55 PM
krokodailtop(krokodailtop) used a pack_of_4_ammo_hand_cannon 2-10-2021, 6:01:55 PM
krokodailtop(krokodailtop) used a pack_of_4_ammo_hand_cannon 2-10-2021, 6:01:55 PM
krokodailtop(krokodailtop) used a pack_of_4_ammo_hand_cannon 2-10-2021, 6:01:55 PM
krokodailtop(krokodailtop) used a pack_of_4_ammo_hand_cannon 2-10-2021, 6:01:55 PM
krokodailtop(krokodailtop) used a pack_of_4_ammo_hand_cannon 2-10-2021, 6:01:56 PM
krokodailtop(krokodailtop) used a pack_of_4_ammo_hand_cannon 2-10-2021, 6:01:56 PM
krokodailtop(krokodailtop) used a pack_of_4_ammo_hand_cannon 2-10-2021, 6:01:56 PM
krokodailtop(krokodailtop) used a pack_of_4_ammo_hand_cannon 2-10-2021, 6:01:56 PM
krokodailtop(krokodailtop) used a pack_of_4_ammo_hand_cannon 2-10-2021, 6:01:56 PM
krokodailtop(krokodailtop) used a pack_of_4_ammo_hand_cannon 2-10-2021, 6:01:56 PM
krokodailtop(krokodailtop) used a pack_of_4_ammo_hand_cannon 2-10-2021, 6:01:57 PM
krokodailtop(krokodailtop) used a pack_of_4_ammo_hand_cannon 2-10-2021, 6:01:57 PM
krokodailtop(krokodailtop) used a pack_of_4_ammo_hand_cannon 2-10-2021, 6:01:57 PM
krokodailtop(krokodailtop) used a pack_of_4_ammo_hand_cannon 2-10-2021, 6:01:57 PM
krokodailtop(krokodailtop) used a pack_of_4_ammo_hand_cannon 2-10-2021, 6:02:02 PM
krokodailtop(krokodailtop) used a pack_of_4_ammo_hand_cannon 2-10-2021, 6:02:03 PM
krokodailtop(krokodailtop) used a pack_of_4_ammo_hand_cannon 2-10-2021, 6:02:03 PM
krokodailtop(krokodailtop) used a pack_of_4_ammo_hand_cannon 2-10-2021, 6:02:03 PM
krokodailtop(krokodailtop) used a pack_of_4_ammo_hand_cannon 2-10-2021, 6:02:04 PM
krokodailtop(krokodailtop) used a pack_of_4_ammo_hand_cannon 2-10-2021, 6:02:04 PM
krokodailtop(krokodailtop) used a pack_of_4_ammo_hand_cannon 2-10-2021, 6:02:04 PM
krokodailtop(krokodailtop) used a pack_of_4_ammo_hand_cannon 2-10-2021, 6:02:05 PM
krokodailtop(krokodailtop) used a mlk_207_combat_rifle 2-10-2021, 6:02:56 PM
krokodailtop(krokodailtop) used a open_beer_bottle 2-10-2021, 6:07:20 PM
krokodailtop(krokodailtop) used a open_beer_bottle 2-10-2021, 6:07:20 PM
krokodailtop(krokodailtop) used a open_beer_bottle 2-10-2021, 6:07:21 PM
krokodailtop(krokodailtop) used a open_beer_bottle 2-10-2021, 6:07:21 PM
krokodailtop(krokodailtop) used a open_beer_bottle 2-10-2021, 6:07:22 PM
krokodailtop(krokodailtop) used a open_beer_bottle 2-10-2021, 6:07:22 PM
krokodailtop(krokodailtop) used a open_beer_bottle 2-10-2021, 6:07:23 PM
krokodailtop(krokodailtop) used a open_beer_bottle 2-10-2021, 6:07:24 PM
krokodailtop(krokodailtop) used a open_beer_bottle 2-10-2021, 6:07:25 PM
krokodailtop(krokodailtop) used a open_beer_bottle 2-10-2021, 6:07:25 PM
krokodailtop(krokodailtop) used a open_beer_bottle 2-10-2021, 6:07:26 PM
krokodailtop(krokodailtop) used a open_beer_bottle 2-10-2021, 6:07:26 PM
krokodailtop(krokodailtop) used a open_beer_bottle 2-10-2021, 6:07:27 PM
krokodailtop(krokodailtop) used a open_beer_bottle 2-10-2021, 6:07:27 PM
krokodailtop(krokodailtop) used a open_beer_bottle 2-10-2021, 6:07:28 PM
krokodailtop(krokodailtop) used a open_beer_bottle 2-10-2021, 6:07:28 PM
krokodailtop(krokodailtop) used a open_beer_bottle 2-10-2021, 6:07:28 PM
krokodailtop(krokodailtop) used a open_beer_bottle 2-10-2021, 6:07:29 PM
krokodailtop(krokodailtop) used a open_beer_bottle 2-10-2021, 6:07:29 PM
krokodailtop(krokodailtop) used a open_beer_bottle 2-10-2021, 6:07:30 PM
krokodailtop(krokodailtop) used a open_beer_bottle 2-10-2021, 6:07:30 PM
krokodailtop(krokodailtop) used a open_beer_bottle 2-10-2021, 6:07:31 PM
krokodailtop(krokodailtop) used a open_beer_bottle 2-10-2021, 6:07:31 PM
krokodailtop(krokodailtop) used a open_beer_bottle 2-10-2021, 6:07:31 PM
krokodailtop(krokodailtop) used a open_beer_bottle 2-10-2021, 6:07:32 PM
krokodailtop(krokodailtop) used a open_beer_bottle 2-10-2021, 6:07:32 PM
krokodailtop(krokodailtop) used a open_beer_bottle 2-10-2021, 6:07:33 PM
krokodailtop(krokodailtop) used a open_beer_bottle 2-10-2021, 6:07:33 PM
krokodailtop(krokodailtop) used a open_beer_bottle 2-10-2021, 6:07:33 PM
krokodailtop(krokodailtop) used a open_beer_bottle 2-10-2021, 6:07:34 PM
krokodailtop(krokodailtop) used a open_beer_bottle 2-10-2021, 6:07:35 PM
krokodailtop(krokodailtop) used a open_beer_bottle 2-10-2021, 6:07:36 PM
krokodailtop(krokodailtop) used a health_drink 2-10-2021, 6:07:53 PM
krokodailtop(krokodailtop) used a health_drink 2-10-2021, 6:07:53 PM
krokodailtop(krokodailtop) used a shield 2-10-2021, 6:07:54 PM
krokodailtop(krokodailtop) used a shield 2-10-2021, 6:07:55 PM
krokodailtop(krokodailtop) used a empty_beer_bottle 2-10-2021, 6:07:56 PM
krokodailtop(krokodailtop) used a empty_beer_bottle 2-10-2021, 6:07:56 PM
krokodailtop(krokodailtop) used a empty_beer_bottle 2-10-2021, 6:07:56 PM
krokodailtop(krokodailtop) used a empty_beer_bottle 2-10-2021, 6:07:57 PM
krokodailtop(krokodailtop) used a empty_beer_bottle 2-10-2021, 6:07:57 PM
krokodailtop(krokodailtop) used a empty_beer_bottle 2-10-2021, 6:07:57 PM
krokodailtop(krokodailtop) used a empty_beer_bottle 2-10-2021, 6:07:57 PM
krokodailtop(krokodailtop) used a empty_beer_bottle 2-10-2021, 6:08:00 PM
krokodailtop(krokodailtop) used a empty_beer_bottle 2-10-2021, 6:08:02 PM
krokodailtop(krokodailtop) used a shield 2-10-2021, 6:09:59 PM
krokodailtop(krokodailtop) used a shield 2-10-2021, 6:09:59 PM
krokodailtop(krokodailtop) used a shield 2-10-2021, 6:10:00 PM
krokodailtop(krokodailtop) used a shield 2-10-2021, 6:10:00 PM
krokodailtop(krokodailtop) used a shield 2-10-2021, 6:10:00 PM
krokodailtop(krokodailtop) used a shield 2-10-2021, 6:10:01 PM
krokodailtop(krokodailtop) used a shield 2-10-2021, 6:10:01 PM
krokodailtop(krokodailtop) used a shield 2-10-2021, 6:10:01 PM
krokodailtop(krokodailtop) used a shield 2-10-2021, 6:10:02 PM
krokodailtop(krokodailtop) used a shield 2-10-2021, 6:10:02 PM
krokodailtop(krokodailtop) used a empty_beer_bottle 2-10-2021, 6:10:02 PM
krokodailtop(krokodailtop) used a shield 2-10-2021, 6:10:03 PM
krokodailtop(krokodailtop) used a shield 2-10-2021, 6:10:03 PM
krokodailtop(krokodailtop) used a shield 2-10-2021, 6:10:03 PM
krokodailtop(krokodailtop) used a shield 2-10-2021, 6:10:04 PM
krokodailtop(krokodailtop) used a shield 2-10-2021, 6:10:04 PM
krokodailtop(krokodailtop) used a shield 2-10-2021, 6:10:04 PM
krokodailtop(krokodailtop) used a shield 2-10-2021, 6:10:04 PM
krokodailtop(krokodailtop) used a shield 2-10-2021, 6:10:05 PM
krokodailtop(krokodailtop) used a shield 2-10-2021, 6:10:05 PM
krokodailtop(krokodailtop) used a shield 2-10-2021, 6:10:05 PM
krokodailtop(krokodailtop) used a shield 2-10-2021, 6:10:06 PM
krokodailtop(krokodailtop) used a shield 2-10-2021, 6:10:06 PM
krokodailtop(krokodailtop) used a shield 2-10-2021, 6:10:06 PM
krokodailtop(krokodailtop) used a shield 2-10-2021, 6:10:07 PM
krokodailtop(krokodailtop) used a shield 2-10-2021, 6:10:07 PM
krokodailtop(krokodailtop) used a shield 2-10-2021, 6:10:07 PM
krokodailtop(krokodailtop) used a shield 2-10-2021, 6:10:08 PM
krokodailtop(krokodailtop) used a shield 2-10-2021, 6:10:08 PM
krokodailtop(krokodailtop) used a shield 2-10-2021, 6:10:08 PM
krokodailtop(krokodailtop) used a shield 2-10-2021, 6:10:08 PM
krokodailtop(krokodailtop) used a shield 2-10-2021, 6:10:09 PM
krokodailtop(krokodailtop) used a shield 2-10-2021, 6:10:09 PM
krokodailtop(krokodailtop) used a empty_beer_bottle 2-10-2021, 6:10:18 PM
krokodailtop(krokodailtop) used a empty_beer_bottle 2-10-2021, 6:10:19 PM
krokodailtop(krokodailtop) used a empty_beer_bottle 2-10-2021, 6:10:19 PM
krokodailtop(krokodailtop) used a empty_beer_bottle 2-10-2021, 6:10:19 PM
krokodailtop(krokodailtop) used a empty_beer_bottle 2-10-2021, 6:10:19 PM
krokodailtop(krokodailtop) used a empty_beer_bottle 2-10-2021, 6:10:20 PM
krokodailtop(krokodailtop) used a empty_beer_bottle 2-10-2021, 6:10:20 PM
krokodailtop(krokodailtop) used a empty_beer_bottle 2-10-2021, 6:10:20 PM
krokodailtop(krokodailtop) used a empty_beer_bottle 2-10-2021, 6:10:21 PM
krokodailtop(krokodailtop) used a empty_beer_bottle 2-10-2021, 6:10:21 PM
krokodailtop(krokodailtop) used a empty_beer_bottle 2-10-2021, 6:10:21 PM
krokodailtop(krokodailtop) used a empty_beer_bottle 2-10-2021, 6:10:21 PM
krokodailtop(krokodailtop) used a empty_beer_bottle 2-10-2021, 6:10:22 PM
krokodailtop(krokodailtop) used a empty_beer_bottle 2-10-2021, 6:10:22 PM
krokodailtop(krokodailtop) used a empty_beer_bottle 2-10-2021, 6:10:23 PM
krokodailtop(krokodailtop) used a empty_beer_bottle 2-10-2021, 6:10:23 PM
krokodailtop(krokodailtop) used a empty_beer_bottle 2-10-2021, 6:10:24 PM
krokodailtop(krokodailtop) used a empty_beer_bottle 2-10-2021, 6:10:24 PM
krokodailtop(krokodailtop) used a empty_beer_bottle 2-10-2021, 6:10:24 PM
krokodailtop(krokodailtop) used a empty_beer_bottle 2-10-2021, 6:10:25 PM
krokodailtop(krokodailtop) used a empty_beer_bottle 2-10-2021, 6:10:25 PM
krokodailtop(krokodailtop) used a empty_beer_bottle 2-10-2021, 6:10:26 PM
krokodailtop(krokodailtop) used a empty_beer_bottle 2-10-2021, 6:10:26 PM
krokodailtop(krokodailtop) used a empty_beer_bottle 2-10-2021, 6:10:33 PM
krokodailtop(krokodailtop) used a empty_beer_bottle 2-10-2021, 6:10:34 PM
krokodailtop(krokodailtop) used a empty_beer_bottle 2-10-2021, 6:10:34 PM
krokodailtop(krokodailtop) used a empty_beer_bottle 2-10-2021, 6:10:34 PM
krokodailtop(krokodailtop) used a empty_beer_bottle 2-10-2021, 6:10:35 PM
krokodailtop(krokodailtop) used a empty_beer_bottle 2-10-2021, 6:10:35 PM
krokodailtop(krokodailtop) used a empty_beer_bottle 2-10-2021, 6:10:35 PM
krokodailtop(krokodailtop) used a empty_beer_bottle 2-10-2021, 6:10:35 PM
krokodailtop(krokodailtop) used a empty_beer_bottle 2-10-2021, 6:11:00 PM
krokodailtop(krokodailtop) used a empty_beer_bottle 2-10-2021, 6:11:00 PM
krokodailtop(krokodailtop) used a empty_beer_bottle 2-10-2021, 6:11:00 PM
krokodailtop(krokodailtop) used a empty_beer_bottle 2-10-2021, 6:11:00 PM
krokodailtop(krokodailtop) used a empty_beer_bottle 2-10-2021, 6:11:01 PM
krokodailtop(krokodailtop) used a empty_beer_bottle 2-10-2021, 6:11:01 PM
krokodailtop(krokodailtop) used a empty_beer_bottle 2-10-2021, 6:11:02 PM
krokodailtop(krokodailtop) used a empty_beer_bottle 2-10-2021, 6:11:02 PM
krokodailtop(krokodailtop) used a empty_beer_bottle 2-10-2021, 6:11:02 PM
krokodailtop(krokodailtop) used a empty_beer_bottle 2-10-2021, 6:11:03 PM
krokodailtop(krokodailtop) used a empty_beer_bottle 2-10-2021, 6:11:03 PM
krokodailtop(krokodailtop) used a empty_beer_bottle 2-10-2021, 6:11:03 PM
krokodailtop(krokodailtop) used a empty_beer_bottle 2-10-2021, 6:11:03 PM
krokodailtop(krokodailtop) used a empty_beer_bottle 2-10-2021, 6:11:15 PM
krokodailtop(krokodailtop) used a empty_beer_bottle 2-10-2021, 6:11:15 PM
krokodailtop(krokodailtop) used a empty_beer_bottle 2-10-2021, 6:11:15 PM
krokodailtop(krokodailtop) used a empty_beer_bottle 2-10-2021, 6:11:16 PM
krokodailtop(krokodailtop) used a empty_beer_bottle 2-10-2021, 6:11:16 PM
krokodailtop(krokodailtop) used a empty_beer_bottle 2-10-2021, 6:11:16 PM
krokodailtop(krokodailtop) used a empty_beer_bottle 2-10-2021, 6:11:17 PM
krokodailtop(krokodailtop) used a empty_beer_bottle 2-10-2021, 6:11:17 PM
krokodailtop(krokodailtop) used a empty_beer_bottle 2-10-2021, 6:11:17 PM
krokodailtop(krokodailtop) used a empty_beer_bottle 2-10-2021, 6:11:18 PM
krokodailtop(krokodailtop) used a empty_beer_bottle 2-10-2021, 6:11:18 PM
krokodailtop(krokodailtop) used a empty_beer_bottle 2-10-2021, 6:11:18 PM
krokodailtop(krokodailtop) used a empty_beer_bottle 2-10-2021, 6:11:23 PM
krokodailtop(krokodailtop) used a empty_beer_bottle 2-10-2021, 6:11:23 PM
krokodailtop(krokodailtop) used a empty_beer_bottle 2-10-2021, 6:11:23 PM
krokodailtop(krokodailtop) used a empty_beer_bottle 2-10-2021, 6:11:24 PM
krokodailtop(krokodailtop) used a empty_beer_bottle 2-10-2021, 6:11:24 PM
krokodailtop(krokodailtop) used a empty_beer_bottle 2-10-2021, 6:11:24 PM
krokodailtop(krokodailtop) used a empty_beer_bottle 2-10-2021, 6:11:25 PM
krokodailtop(krokodailtop) used a empty_beer_bottle 2-10-2021, 6:11:25 PM
krokodailtop(krokodailtop) used a empty_beer_bottle 2-10-2021, 6:11:26 PM
krokodailtop(krokodailtop) used a empty_beer_bottle 2-10-2021, 6:11:26 PM
krokodailtop(krokodailtop) used a empty_beer_bottle 2-10-2021, 6:11:27 PM
krokodailtop(krokodailtop) used a empty_beer_bottle 2-10-2021, 6:11:27 PM
krokodailtop(krokodailtop) used a empty_beer_bottle 2-10-2021, 6:11:27 PM
krokodailtop(krokodailtop) used a empty_beer_bottle 2-10-2021, 6:11:27 PM
krokodailtop(krokodailtop) used a empty_beer_bottle 2-10-2021, 6:11:28 PM
krokodailtop(krokodailtop) used a empty_beer_bottle 2-10-2021, 6:11:28 PM
krokodailtop(krokodailtop) used a empty_beer_bottle 2-10-2021, 6:11:28 PM
krokodailtop(krokodailtop) used a empty_beer_bottle 2-10-2021, 6:11:29 PM
krokodailtop(krokodailtop) used a empty_beer_bottle 2-10-2021, 6:11:29 PM
krokodailtop(krokodailtop) used a empty_beer_bottle 2-10-2021, 6:11:30 PM
krokodailtop(krokodailtop) used a empty_beer_bottle 2-10-2021, 6:11:30 PM
krokodailtop(krokodailtop) used a empty_beer_bottle 2-10-2021, 6:11:30 PM
krokodailtop(krokodailtop) used a empty_beer_bottle 2-10-2021, 6:11:31 PM
krokodailtop(krokodailtop) used a empty_beer_bottle 2-10-2021, 6:11:31 PM
krokodailtop(krokodailtop) used a empty_beer_bottle 2-10-2021, 6:11:31 PM
krokodailtop(krokodailtop) used a empty_beer_bottle 2-10-2021, 6:11:31 PM
krokodailtop(krokodailtop) used a empty_beer_bottle 2-10-2021, 6:11:32 PM
krokodailtop(krokodailtop) used a empty_beer_bottle 2-10-2021, 6:11:32 PM
krokodailtop(krokodailtop) used a empty_beer_bottle 2-10-2021, 6:11:32 PM
krokodailtop(krokodailtop) used a empty_beer_bottle 2-10-2021, 6:11:33 PM
krokodailtop(krokodailtop) used a empty_beer_bottle 2-10-2021, 6:11:33 PM
krokodailtop(krokodailtop) used a empty_beer_bottle 2-10-2021, 6:11:33 PM
krokodailtop(krokodailtop) used a empty_beer_bottle 2-10-2021, 6:11:40 PM
krokodailtop(krokodailtop) used a empty_beer_bottle 2-10-2021, 6:11:40 PM
krokodailtop(krokodailtop) used a empty_beer_bottle 2-10-2021, 6:11:40 PM
krokodailtop(krokodailtop) used a empty_beer_bottle 2-10-2021, 6:11:41 PM
krokodailtop(krokodailtop) used a empty_beer_bottle 2-10-2021, 6:11:41 PM
krokodailtop(krokodailtop) used a empty_beer_bottle 2-10-2021, 6:11:41 PM
krokodailtop(krokodailtop) used a empty_beer_bottle 2-10-2021, 6:11:42 PM
krokodailtop(krokodailtop) used a empty_beer_bottle 2-10-2021, 6:11:42 PM
krokodailtop(krokodailtop) used a empty_beer_bottle 2-10-2021, 6:12:11 PM
krokodailtop(krokodailtop) used a empty_beer_bottle 2-10-2021, 6:12:11 PM
krokodailtop(krokodailtop) used a empty_beer_bottle 2-10-2021, 6:12:12 PM
krokodailtop(krokodailtop) used a empty_beer_bottle 2-10-2021, 6:12:12 PM
krokodailtop(krokodailtop) used a empty_beer_bottle 2-10-2021, 6:12:12 PM
krokodailtop(krokodailtop) used a empty_beer_bottle 2-10-2021, 6:12:13 PM
krokodailtop(krokodailtop) used a empty_beer_bottle 2-10-2021, 6:12:13 PM
krokodailtop(krokodailtop) used a empty_beer_bottle 2-10-2021, 6:12:13 PM
krokodailtop(krokodailtop) used a empty_beer_bottle 2-10-2021, 6:12:13 PM
krokodailtop(krokodailtop) used a empty_beer_bottle 2-10-2021, 6:12:14 PM
krokodailtop(krokodailtop) used a empty_beer_bottle 2-10-2021, 6:12:14 PM
krokodailtop(krokodailtop) used a empty_beer_bottle 2-10-2021, 6:12:14 PM
krokodailtop(krokodailtop) used a empty_beer_bottle 2-10-2021, 6:12:15 PM
krokodailtop(krokodailtop) used a empty_beer_bottle 2-10-2021, 6:12:15 PM
krokodailtop(krokodailtop) used a empty_beer_bottle 2-10-2021, 6:12:15 PM
krokodailtop(krokodailtop) used a empty_beer_bottle 2-10-2021, 6:12:16 PM
krokodailtop(krokodailtop) used a empty_beer_bottle 2-10-2021, 6:12:16 PM
krokodailtop(krokodailtop) used a empty_beer_bottle 2-10-2021, 6:12:16 PM
krokodailtop(krokodailtop) used a empty_beer_bottle 2-10-2021, 6:12:17 PM
krokodailtop(krokodailtop) used a empty_beer_bottle 2-10-2021, 6:12:17 PM
krokodailtop(krokodailtop) used a empty_beer_bottle 2-10-2021, 6:12:17 PM
krokodailtop(krokodailtop) used a empty_beer_bottle 2-10-2021, 6:12:18 PM
krokodailtop(krokodailtop) used a empty_beer_bottle 2-10-2021, 6:12:22 PM
krokodailtop(krokodailtop) used a empty_beer_bottle 2-10-2021, 6:12:23 PM
krokodailtop(krokodailtop) used a empty_beer_bottle 2-10-2021, 6:12:24 PM
krokodailtop(krokodailtop) used a empty_beer_bottle 2-10-2021, 6:12:24 PM
krokodailtop(krokodailtop) used a empty_beer_bottle 2-10-2021, 6:12:24 PM
krokodailtop(krokodailtop) used a empty_beer_bottle 2-10-2021, 6:12:25 PM
krokodailtop(krokodailtop) used a empty_beer_bottle 2-10-2021, 6:12:25 PM
krokodailtop(krokodailtop) used a empty_beer_bottle 2-10-2021, 6:12:26 PM
krokodailtop(krokodailtop) used a empty_beer_bottle 2-10-2021, 6:12:32 PM
krokodailtop(krokodailtop) used a empty_beer_bottle 2-10-2021, 6:12:32 PM
krokodailtop(krokodailtop) used a empty_beer_bottle 2-10-2021, 6:12:33 PM
krokodailtop(krokodailtop) used a empty_beer_bottle 2-10-2021, 6:12:33 PM
krokodailtop(krokodailtop) used a empty_beer_bottle 2-10-2021, 6:12:34 PM
krokodailtop(krokodailtop) used a empty_beer_bottle 2-10-2021, 6:12:34 PM
krokodailtop(krokodailtop) used a empty_beer_bottle 2-10-2021, 6:12:34 PM
krokodailtop(krokodailtop) used a empty_beer_bottle 2-10-2021, 6:12:46 PM
krokodailtop(krokodailtop) used a empty_beer_bottle 2-10-2021, 6:12:46 PM
krokodailtop(krokodailtop) used a empty_beer_bottle 2-10-2021, 6:12:46 PM
krokodailtop(krokodailtop) used a empty_beer_bottle 2-10-2021, 6:12:47 PM
krokodailtop(krokodailtop) used a empty_beer_bottle 2-10-2021, 6:12:47 PM
krokodailtop(krokodailtop) used a empty_beer_bottle 2-10-2021, 6:12:47 PM
krokodailtop(krokodailtop) used a empty_beer_bottle 2-10-2021, 6:12:47 PM
krokodailtop(krokodailtop) used a empty_beer_bottle 2-10-2021, 6:12:48 PM
krokodailtop(krokodailtop) used a empty_beer_bottle 2-10-2021, 6:12:48 PM
krokodailtop(krokodailtop) used a empty_beer_bottle 2-10-2021, 6:12:48 PM
krokodailtop(krokodailtop) used a empty_beer_bottle 2-10-2021, 6:12:49 PM
krokodailtop(krokodailtop) used a empty_beer_bottle 2-10-2021, 6:12:49 PM
krokodailtop(krokodailtop) used a empty_beer_bottle 2-10-2021, 6:12:49 PM
krokodailtop(krokodailtop) used a empty_beer_bottle 2-10-2021, 6:12:50 PM
krokodailtop(krokodailtop) used a empty_beer_bottle 2-10-2021, 6:12:50 PM
krokodailtop(krokodailtop) used a empty_beer_bottle 2-10-2021, 6:12:50 PM
krokodailtop(krokodailtop) used a empty_beer_bottle 2-10-2021, 6:12:50 PM
krokodailtop(krokodailtop) used a empty_beer_bottle 2-10-2021, 6:12:51 PM
krokodailtop(krokodailtop) used a empty_beer_bottle 2-10-2021, 6:12:51 PM
krokodailtop(krokodailtop) used a empty_beer_bottle 2-10-2021, 6:12:51 PM
krokodailtop(krokodailtop) used a empty_beer_bottle 2-10-2021, 6:12:51 PM
krokodailtop(krokodailtop) used a empty_beer_bottle 2-10-2021, 6:12:52 PM
krokodailtop(krokodailtop) used a empty_beer_bottle 2-10-2021, 6:12:52 PM
krokodailtop(krokodailtop) used a empty_beer_bottle 2-10-2021, 6:12:52 PM
krokodailtop(krokodailtop) used a empty_beer_bottle 2-10-2021, 6:12:53 PM
krokodailtop(krokodailtop) used a empty_beer_bottle 2-10-2021, 6:12:53 PM
krokodailtop(krokodailtop) used a empty_beer_bottle 2-10-2021, 6:12:53 PM
krokodailtop(krokodailtop) used a empty_beer_bottle 2-10-2021, 6:12:53 PM
krokodailtop(krokodailtop) used a empty_beer_bottle 2-10-2021, 6:12:53 PM
krokodailtop(krokodailtop) used a empty_beer_bottle 2-10-2021, 6:12:54 PM
krokodailtop(krokodailtop) used a empty_beer_bottle 2-10-2021, 6:12:54 PM
krokodailtop(krokodailtop) used a empty_beer_bottle 2-10-2021, 6:12:54 PM
krokodailtop(krokodailtop) used a empty_beer_bottle 2-10-2021, 6:12:55 PM
krokodailtop(krokodailtop) used a empty_beer_bottle 2-10-2021, 6:12:55 PM
krokodailtop(krokodailtop) used a empty_beer_bottle 2-10-2021, 6:12:55 PM
krokodailtop(krokodailtop) used a empty_beer_bottle 2-10-2021, 6:12:55 PM
krokodailtop(krokodailtop) used a empty_beer_bottle 2-10-2021, 6:12:55 PM
krokodailtop(krokodailtop) used a empty_beer_bottle 2-10-2021, 6:12:56 PM
krokodailtop(krokodailtop) used a empty_beer_bottle 2-10-2021, 6:12:56 PM
krokodailtop(krokodailtop) used a empty_beer_bottle 2-10-2021, 6:12:56 PM
krokodailtop(krokodailtop) used a empty_beer_bottle 2-10-2021, 6:12:56 PM
krokodailtop(krokodailtop) used a empty_beer_bottle 2-10-2021, 6:12:56 PM
krokodailtop(krokodailtop) used a empty_beer_bottle 2-10-2021, 6:12:57 PM
krokodailtop(krokodailtop) used a empty_beer_bottle 2-10-2021, 6:12:57 PM
krokodailtop(krokodailtop) used a empty_beer_bottle 2-10-2021, 6:12:57 PM
krokodailtop(krokodailtop) used a tk_ultra_health_potion 2-10-2021, 6:13:19 PM
krokodailtop(krokodailtop) used a coin 2-10-2021, 6:15:00 PM
krokodailtop(krokodailtop) used a coin 2-10-2021, 6:15:01 PM
krokodailtop(krokodailtop) used a coin 2-10-2021, 6:15:02 PM
krokodailtop(krokodailtop) used a coin 2-10-2021, 6:15:03 PM
krokodailtop(krokodailtop) used a coin 2-10-2021, 6:15:05 PM