
stalker(stalker) used a hand_cannon 8-21-2020, 4:55:49 PM
stalker(stalker) used a mlk_207_combat_rifle 8-21-2020, 4:56:05 PM
stalker(stalker) used a modern_sub_machine_gun_carbine 8-21-2020, 4:56:09 PM
stalker(stalker) used a pack_of_10_ammo_barrett_m82_sniper_rifle 8-21-2020, 4:57:25 PM
stalker(stalker) used a pack_of_10_ammo_barrett_m82_sniper_rifle 8-21-2020, 4:57:25 PM
stalker(stalker) used a pack_of_10_ammo_barrett_m82_sniper_rifle 8-21-2020, 4:57:25 PM
stalker(stalker) used a pack_of_10_ammo_barrett_m82_sniper_rifle 8-21-2020, 4:57:25 PM
stalker(stalker) used a pack_of_10_ammo_barrett_m82_sniper_rifle 8-21-2020, 4:57:26 PM
stalker(stalker) used a pack_of_10_ammo_barrett_m82_sniper_rifle 8-21-2020, 4:57:26 PM
stalker(stalker) used a pack_of_10_ammo_barrett_m82_sniper_rifle 8-21-2020, 4:57:26 PM
stalker(stalker) used a pack_of_10_ammo_barrett_m82_sniper_rifle 8-21-2020, 4:57:26 PM
stalker(stalker) used a pack_of_10_ammo_barrett_m82_sniper_rifle 8-21-2020, 4:57:26 PM
stalker(stalker) used a pack_of_10_ammo_barrett_m82_sniper_rifle 8-21-2020, 4:57:27 PM
stalker(stalker) used a pack_of_10_ammo_barrett_m82_sniper_rifle 8-21-2020, 4:57:27 PM
stalker(stalker) used a pack_of_10_ammo_barrett_m82_sniper_rifle 8-21-2020, 4:57:27 PM
stalker(stalker) used a pack_of_10_ammo_barrett_m82_sniper_rifle 8-21-2020, 4:57:27 PM
stalker(stalker) used a pack_of_10_ammo_barrett_m82_sniper_rifle 8-21-2020, 4:57:28 PM
stalker(stalker) used a pack_of_10_ammo_barrett_m82_sniper_rifle 8-21-2020, 4:57:28 PM
stalker(stalker) used a pack_of_10_ammo_barrett_m82_sniper_rifle 8-21-2020, 4:57:28 PM
stalker(stalker) used a pack_of_10_ammo_barrett_m82_sniper_rifle 8-21-2020, 4:57:28 PM
stalker(stalker) used a pack_of_10_ammo_barrett_m82_sniper_rifle 8-21-2020, 4:57:28 PM
stalker(stalker) used a pack_of_10_ammo_barrett_m82_sniper_rifle 8-21-2020, 4:57:28 PM
stalker(stalker) used a pack_of_10_ammo_barrett_m82_sniper_rifle 8-21-2020, 4:57:29 PM
stalker(stalker) used a pack_of_10_ammo_barrett_m82_sniper_rifle 8-21-2020, 4:57:29 PM
stalker(stalker) used a pack_of_10_ammo_barrett_m82_sniper_rifle 8-21-2020, 4:57:29 PM
stalker(stalker) used a pack_of_10_ammo_barrett_m82_sniper_rifle 8-21-2020, 4:57:29 PM
stalker(stalker) used a pack_of_10_ammo_barrett_m82_sniper_rifle 8-21-2020, 4:57:29 PM
stalker(stalker) used a pack_of_10_ammo_barrett_m82_sniper_rifle 8-21-2020, 4:57:29 PM
stalker(stalker) used a pack_of_10_ammo_barrett_m82_sniper_rifle 8-21-2020, 4:57:30 PM
stalker(stalker) used a pack_of_10_ammo_barrett_m82_sniper_rifle 8-21-2020, 4:57:30 PM
stalker(stalker) used a pack_of_10_ammo_barrett_m82_sniper_rifle 8-21-2020, 4:57:30 PM
stalker(stalker) used a pack_of_10_ammo_barrett_m82_sniper_rifle 8-21-2020, 4:57:31 PM
stalker(stalker) used a pack_of_10_ammo_barrett_m82_sniper_rifle 8-21-2020, 4:57:31 PM
stalker(stalker) used a pack_of_10_ammo_barrett_m82_sniper_rifle 8-21-2020, 4:57:31 PM
stalker(stalker) used a pack_of_10_ammo_barrett_m82_sniper_rifle 8-21-2020, 4:57:31 PM
stalker(stalker) used a pack_of_10_ammo_barrett_m82_sniper_rifle 8-21-2020, 4:57:31 PM
stalker(stalker) used a pack_of_10_ammo_barrett_m82_sniper_rifle 8-21-2020, 4:57:31 PM
stalker(stalker) used a pack_of_10_ammo_barrett_m82_sniper_rifle 8-21-2020, 4:57:31 PM
stalker(stalker) used a pack_of_10_ammo_barrett_m82_sniper_rifle 8-21-2020, 4:57:32 PM
stalker(stalker) used a pack_of_10_ammo_barrett_m82_sniper_rifle 8-21-2020, 4:57:32 PM
stalker(stalker) used a pack_of_10_ammo_barrett_m82_sniper_rifle 8-21-2020, 4:57:32 PM
stalker(stalker) used a pack_of_10_ammo_barrett_m82_sniper_rifle 8-21-2020, 4:57:32 PM
stalker(stalker) used a pack_of_10_ammo_barrett_m82_sniper_rifle 8-21-2020, 4:57:32 PM
stalker(stalker) used a pack_of_10_ammo_barrett_m82_sniper_rifle 8-21-2020, 4:57:32 PM
stalker(stalker) used a pack_of_10_ammo_barrett_m82_sniper_rifle 8-21-2020, 4:57:32 PM
stalker(stalker) used a pack_of_10_ammo_barrett_m82_sniper_rifle 8-21-2020, 4:57:33 PM
stalker(stalker) used a pack_of_10_ammo_barrett_m82_sniper_rifle 8-21-2020, 4:57:33 PM
stalker(stalker) used a pack_of_10_ammo_barrett_m82_sniper_rifle 8-21-2020, 4:57:33 PM
stalker(stalker) used a pack_of_10_ammo_barrett_m82_sniper_rifle 8-21-2020, 4:57:33 PM
stalker(stalker) used a pack_of_10_ammo_barrett_m82_sniper_rifle 8-21-2020, 4:57:33 PM
stalker(stalker) used a pack_of_10_ammo_barrett_m82_sniper_rifle 8-21-2020, 4:57:34 PM
stalker(stalker) used a pack_of_10_ammo_barrett_m82_sniper_rifle 8-21-2020, 4:57:34 PM
stalker(stalker) used a pack_of_10_ammo_barrett_m82_sniper_rifle 8-21-2020, 4:57:35 PM
stalker(stalker) used a pack_of_10_ammo_barrett_m82_sniper_rifle 8-21-2020, 4:57:35 PM
stalker(stalker) used a pack_of_10_ammo_barrett_m82_sniper_rifle 8-21-2020, 4:57:35 PM
stalker(stalker) used a pack_of_10_ammo_barrett_m82_sniper_rifle 8-21-2020, 4:57:35 PM
stalker(stalker) used a pack_of_10_ammo_barrett_m82_sniper_rifle 8-21-2020, 4:57:35 PM
stalker(stalker) used a pack_of_10_ammo_barrett_m82_sniper_rifle 8-21-2020, 4:57:35 PM
stalker(stalker) used a pack_of_10_ammo_barrett_m82_sniper_rifle 8-21-2020, 4:57:36 PM
stalker(stalker) used a pack_of_10_ammo_barrett_m82_sniper_rifle 8-21-2020, 4:57:36 PM
stalker(stalker) used a pack_of_10_ammo_barrett_m82_sniper_rifle 8-21-2020, 4:57:36 PM
stalker(stalker) used a pack_of_10_ammo_barrett_m82_sniper_rifle 8-21-2020, 4:57:36 PM
stalker(stalker) used a pack_of_10_ammo_barrett_m82_sniper_rifle 8-21-2020, 4:57:36 PM
stalker(stalker) used a pack_of_10_ammo_barrett_m82_sniper_rifle 8-21-2020, 4:57:36 PM
stalker(stalker) used a pack_of_10_ammo_barrett_m82_sniper_rifle 8-21-2020, 4:57:36 PM
stalker(stalker) used a pack_of_10_ammo_barrett_m82_sniper_rifle 8-21-2020, 4:57:37 PM
stalker(stalker) used a pack_of_10_ammo_barrett_m82_sniper_rifle 8-21-2020, 4:57:37 PM
stalker(stalker) used a pack_of_10_ammo_barrett_m82_sniper_rifle 8-21-2020, 4:57:37 PM
stalker(stalker) used a pack_of_10_ammo_barrett_m82_sniper_rifle 8-21-2020, 4:57:37 PM
stalker(stalker) used a pack_of_10_ammo_barrett_m82_sniper_rifle 8-21-2020, 4:57:37 PM
stalker(stalker) used a pack_of_10_ammo_barrett_m82_sniper_rifle 8-21-2020, 4:57:37 PM
stalker(stalker) used a pack_of_10_ammo_barrett_m82_sniper_rifle 8-21-2020, 4:57:37 PM
stalker(stalker) used a pack_of_10_ammo_barrett_m82_sniper_rifle 8-21-2020, 4:57:38 PM
stalker(stalker) used a pack_of_10_ammo_barrett_m82_sniper_rifle 8-21-2020, 4:57:38 PM
stalker(stalker) used a pack_of_10_ammo_barrett_m82_sniper_rifle 8-21-2020, 4:57:38 PM
stalker(stalker) used a pack_of_10_ammo_barrett_m82_sniper_rifle 8-21-2020, 4:57:38 PM
stalker(stalker) used a pack_of_10_ammo_barrett_m82_sniper_rifle 8-21-2020, 4:57:38 PM
stalker(stalker) used a pack_of_10_ammo_barrett_m82_sniper_rifle 8-21-2020, 4:57:38 PM
stalker(stalker) used a pack_of_10_ammo_barrett_m82_sniper_rifle 8-21-2020, 4:57:39 PM
stalker(stalker) used a pack_of_10_ammo_barrett_m82_sniper_rifle 8-21-2020, 4:57:39 PM
stalker(stalker) used a pack_of_10_ammo_barrett_m82_sniper_rifle 8-21-2020, 4:57:39 PM
stalker(stalker) used a pack_of_10_ammo_barrett_m82_sniper_rifle 8-21-2020, 4:57:39 PM
stalker(stalker) used a pack_of_10_ammo_barrett_m82_sniper_rifle 8-21-2020, 4:57:39 PM
stalker(stalker) used a pack_of_100_ammo_modern_sub_machine_gun_carbine 8-21-2020, 4:57:44 PM
stalker(stalker) used a pack_of_100_ammo_modern_sub_machine_gun_carbine 8-21-2020, 4:57:45 PM
stalker(stalker) used a pack_of_100_ammo_modern_sub_machine_gun_carbine 8-21-2020, 4:57:45 PM
stalker(stalker) used a pack_of_100_ammo_modern_sub_machine_gun_carbine 8-21-2020, 4:57:45 PM
stalker(stalker) used a pack_of_100_ammo_modern_sub_machine_gun_carbine 8-21-2020, 4:57:45 PM
stalker(stalker) used a pack_of_100_ammo_modern_sub_machine_gun_carbine 8-21-2020, 4:57:45 PM
stalker(stalker) used a pack_of_100_ammo_modern_sub_machine_gun_carbine 8-21-2020, 4:57:45 PM
stalker(stalker) used a pack_of_100_ammo_modern_sub_machine_gun_carbine 8-21-2020, 4:57:45 PM
stalker(stalker) used a pack_of_100_ammo_modern_sub_machine_gun_carbine 8-21-2020, 4:57:46 PM
stalker(stalker) used a pack_of_100_ammo_modern_sub_machine_gun_carbine 8-21-2020, 4:57:47 PM
stalker(stalker) used a pack_of_100_ammo_modern_sub_machine_gun_carbine 8-21-2020, 4:57:47 PM
stalker(stalker) used a pack_of_100_ammo_modern_sub_machine_gun_carbine 8-21-2020, 4:57:47 PM
stalker(stalker) used a pack_of_100_ammo_modern_sub_machine_gun_carbine 8-21-2020, 4:57:47 PM
stalker(stalker) used a pack_of_100_ammo_modern_sub_machine_gun_carbine 8-21-2020, 4:57:47 PM
stalker(stalker) used a pack_of_100_ammo_modern_sub_machine_gun_carbine 8-21-2020, 4:57:47 PM
stalker(stalker) used a pack_of_100_ammo_modern_sub_machine_gun_carbine 8-21-2020, 4:57:47 PM
stalker(stalker) used a pack_of_100_ammo_modern_sub_machine_gun_carbine 8-21-2020, 4:57:48 PM
stalker(stalker) used a pack_of_100_ammo_modern_sub_machine_gun_carbine 8-21-2020, 4:57:48 PM
stalker(stalker) used a pack_of_100_ammo_modern_sub_machine_gun_carbine 8-21-2020, 4:57:48 PM
stalker(stalker) used a pack_of_100_ammo_modern_sub_machine_gun_carbine 8-21-2020, 4:57:48 PM
stalker(stalker) used a pack_of_100_ammo_modern_sub_machine_gun_carbine 8-21-2020, 4:57:48 PM
stalker(stalker) used a pack_of_100_ammo_modern_sub_machine_gun_carbine 8-21-2020, 4:57:48 PM
stalker(stalker) used a pack_of_100_ammo_modern_sub_machine_gun_carbine 8-21-2020, 4:57:48 PM
stalker(stalker) used a pack_of_100_ammo_modern_sub_machine_gun_carbine 8-21-2020, 4:57:48 PM
stalker(stalker) used a pack_of_100_ammo_modern_sub_machine_gun_carbine 8-21-2020, 4:57:49 PM
stalker(stalker) used a pack_of_100_ammo_modern_sub_machine_gun_carbine 8-21-2020, 4:57:49 PM
stalker(stalker) used a pack_of_100_ammo_modern_sub_machine_gun_carbine 8-21-2020, 4:57:49 PM
stalker(stalker) used a pack_of_100_ammo_modern_sub_machine_gun_carbine 8-21-2020, 4:57:49 PM
stalker(stalker) used a pack_of_100_ammo_modern_sub_machine_gun_carbine 8-21-2020, 4:57:49 PM
stalker(stalker) used a pack_of_100_ammo_modern_sub_machine_gun_carbine 8-21-2020, 4:57:49 PM
stalker(stalker) used a pack_of_100_ammo_modern_sub_machine_gun_carbine 8-21-2020, 4:57:49 PM
stalker(stalker) used a pack_of_100_ammo_modern_sub_machine_gun_carbine 8-21-2020, 4:57:49 PM
stalker(stalker) used a pack_of_100_ammo_modern_sub_machine_gun_carbine 8-21-2020, 4:57:49 PM
stalker(stalker) used a pack_of_100_ammo_modern_sub_machine_gun_carbine 8-21-2020, 4:57:50 PM
stalker(stalker) used a pack_of_100_ammo_modern_sub_machine_gun_carbine 8-21-2020, 4:57:50 PM
stalker(stalker) used a pack_of_100_ammo_modern_sub_machine_gun_carbine 8-21-2020, 4:57:50 PM
stalker(stalker) used a pack_of_100_ammo_modern_sub_machine_gun_carbine 8-21-2020, 4:57:50 PM
stalker(stalker) used a shield 8-21-2020, 4:58:07 PM
stalker(stalker) used a shield 8-21-2020, 4:58:08 PM
stalker(stalker) used a shield 8-21-2020, 4:58:12 PM
stalker(stalker) used a shield 8-21-2020, 4:58:12 PM
stalker(stalker) used a shield 8-21-2020, 4:58:13 PM
stalker(stalker) used a shield 8-21-2020, 4:58:13 PM
stalker(stalker) used a shield 8-21-2020, 4:58:14 PM
stalker(stalker) used a shield 8-21-2020, 4:58:14 PM
stalker(stalker) used a shield 8-21-2020, 4:58:15 PM
stalker(stalker) used a shield 8-21-2020, 4:58:15 PM
stalker(stalker) used a shield 8-21-2020, 4:58:15 PM
stalker(stalker) used a shield 8-21-2020, 4:58:15 PM
stalker(stalker) used a shield 8-21-2020, 4:58:16 PM
stalker(stalker) used a shield 8-21-2020, 4:58:16 PM
stalker(stalker) used a shield 8-21-2020, 4:58:16 PM
stalker(stalker) used a shield 8-21-2020, 4:58:17 PM
stalker(stalker) used a shield 8-21-2020, 4:58:17 PM
stalker(stalker) used a shield 8-21-2020, 4:58:17 PM
stalker(stalker) used a shield 8-21-2020, 4:58:17 PM
stalker(stalker) used a shield 8-21-2020, 4:58:19 PM
stalker(stalker) used a shield 8-21-2020, 4:58:19 PM
stalker(stalker) used a shield 8-21-2020, 4:58:19 PM
stalker(stalker) used a shield 8-21-2020, 4:58:19 PM
stalker(stalker) used a shield 8-21-2020, 4:58:20 PM
stalker(stalker) used a shield 8-21-2020, 4:58:20 PM
stalker(stalker) used a shield 8-21-2020, 4:58:20 PM
stalker(stalker) used a shield 8-21-2020, 4:58:20 PM
stalker(stalker) used a tk_ultra_health_potion 8-21-2020, 4:58:22 PM
stalker(stalker) used a tk_ultra_health_potion 8-21-2020, 4:58:22 PM
stalker(stalker) used a barrett_m82_sniper_rifle 8-21-2020, 4:59:23 PM
stalker(stalker) used a shield 8-21-2020, 5:04:23 PM
stalker(stalker) used a tk_ultra_health_potion 8-21-2020, 5:04:24 PM
stalker(stalker) used a shield 8-21-2020, 5:04:25 PM
stalker(stalker) used a shield 8-21-2020, 5:04:25 PM
stalker(stalker) used a mlk_207_combat_rifle 8-21-2020, 5:04:52 PM
stalker(stalker) used a hand_cannon 8-21-2020, 5:05:00 PM
stalker(stalker) used a shield 8-21-2020, 5:05:15 PM
stalker(stalker) used a shield 8-21-2020, 5:05:16 PM
stalker(stalker) used a shield 8-21-2020, 5:05:17 PM
stalker(stalker) used a shield 8-21-2020, 5:05:17 PM
stalker(stalker) used a shield 8-21-2020, 5:05:18 PM
stalker(stalker) used a shield 8-21-2020, 5:05:18 PM
stalker(stalker) used a shield 8-21-2020, 5:05:18 PM
stalker(stalker) used a shield 8-21-2020, 5:05:18 PM
stalker(stalker) used a shield 8-21-2020, 5:05:18 PM
stalker(stalker) used a shield 8-21-2020, 5:05:19 PM
stalker(stalker) used a shield 8-21-2020, 5:05:19 PM
stalker(stalker) used a shield 8-21-2020, 5:09:48 PM
stalker(stalker) used a snowball 8-21-2020, 5:10:27 PM
stalker(stalker) used a snowball 8-21-2020, 5:10:31 PM
stalker(stalker) used a snowball 8-21-2020, 5:10:31 PM
stalker(stalker) used a snowball 8-21-2020, 5:10:31 PM
stalker(stalker) used a snowball 8-21-2020, 5:10:32 PM
stalker(stalker) used a snowball 8-21-2020, 5:10:32 PM
stalker(stalker) used a snowball 8-21-2020, 5:10:32 PM
stalker(stalker) used a snowball 8-21-2020, 5:10:33 PM
stalker(stalker) used a hand_grenade 8-21-2020, 5:10:33 PM
stalker(stalker) used a hand_grenade 8-21-2020, 5:10:33 PM
stalker(stalker) used a hand_grenade 8-21-2020, 5:10:34 PM
stalker(stalker) used a hand_grenade 8-21-2020, 5:10:34 PM
stalker(stalker) used a hand_grenade 8-21-2020, 5:10:34 PM
stalker(stalker) used a snowball 8-21-2020, 5:10:35 PM
stalker(stalker) used a hand_grenade 8-21-2020, 5:10:35 PM
stalker(stalker) used a hand_grenade 8-21-2020, 5:10:36 PM
stalker(stalker) used a snowball 8-21-2020, 5:10:36 PM
stalker(stalker) used a snowball 8-21-2020, 5:10:36 PM
stalker(stalker) used a hand_grenade 8-21-2020, 5:10:36 PM
stalker(stalker) used a hand_grenade 8-21-2020, 5:10:36 PM
stalker(stalker) used a snowball 8-21-2020, 5:10:37 PM
stalker(stalker) used a hand_grenade 8-21-2020, 5:10:37 PM
stalker(stalker) used a snowball 8-21-2020, 5:10:37 PM
stalker(stalker) used a hand_grenade 8-21-2020, 5:10:37 PM
stalker(stalker) used a snowball 8-21-2020, 5:10:37 PM
stalker(stalker) used a snowball 8-21-2020, 5:10:37 PM
stalker(stalker) used a hand_grenade 8-21-2020, 5:10:37 PM
stalker(stalker) used a hand_grenade 8-21-2020, 5:10:37 PM
stalker(stalker) used a snowball 8-21-2020, 5:10:37 PM
stalker(stalker) used a hand_grenade 8-21-2020, 5:10:38 PM
stalker(stalker) used a snowball 8-21-2020, 5:10:38 PM
stalker(stalker) used a hand_grenade 8-21-2020, 5:10:38 PM
stalker(stalker) used a snowball 8-21-2020, 5:10:38 PM
stalker(stalker) used a hand_grenade 8-21-2020, 5:10:38 PM
stalker(stalker) used a hand_grenade 8-21-2020, 5:10:38 PM
stalker(stalker) used a hand_grenade 8-21-2020, 5:10:38 PM
stalker(stalker) used a snowball 8-21-2020, 5:10:38 PM
stalker(stalker) used a hand_grenade 8-21-2020, 5:10:39 PM
stalker(stalker) used a snowball 8-21-2020, 5:10:39 PM
stalker(stalker) used a hand_grenade 8-21-2020, 5:10:39 PM
stalker(stalker) used a snowball 8-21-2020, 5:10:39 PM
stalker(stalker) used a hand_grenade 8-21-2020, 5:10:39 PM
stalker(stalker) used a snowball 8-21-2020, 5:10:39 PM
stalker(stalker) used a snowball 8-21-2020, 5:10:39 PM
stalker(stalker) used a hand_grenade 8-21-2020, 5:10:39 PM
stalker(stalker) used a snowball 8-21-2020, 5:10:39 PM
stalker(stalker) used a hand_grenade 8-21-2020, 5:10:40 PM
stalker(stalker) used a hand_grenade 8-21-2020, 5:10:40 PM
stalker(stalker) used a snowball 8-21-2020, 5:10:40 PM
stalker(stalker) used a hand_grenade 8-21-2020, 5:10:40 PM
stalker(stalker) used a snowball 8-21-2020, 5:10:40 PM
stalker(stalker) used a snowball 8-21-2020, 5:10:40 PM
stalker(stalker) used a hand_grenade 8-21-2020, 5:10:41 PM
stalker(stalker) used a snowball 8-21-2020, 5:10:41 PM
stalker(stalker) used a hand_grenade 8-21-2020, 5:10:41 PM
stalker(stalker) used a snowball 8-21-2020, 5:10:41 PM
stalker(stalker) used a hand_grenade 8-21-2020, 5:10:41 PM
stalker(stalker) used a snowball 8-21-2020, 5:10:41 PM
stalker(stalker) used a snowball 8-21-2020, 5:10:41 PM
stalker(stalker) used a hand_grenade 8-21-2020, 5:10:42 PM
stalker(stalker) used a snowball 8-21-2020, 5:10:42 PM
stalker(stalker) used a hand_grenade 8-21-2020, 5:10:42 PM
stalker(stalker) used a snowball 8-21-2020, 5:10:42 PM
stalker(stalker) used a snowball 8-21-2020, 5:10:42 PM
stalker(stalker) used a snowball 8-21-2020, 5:10:42 PM
stalker(stalker) used a snowball 8-21-2020, 5:11:03 PM
stalker(stalker) used a snowball 8-21-2020, 5:11:11 PM
stalker(stalker) used a snowball 8-21-2020, 5:11:11 PM
stalker(stalker) used a snowball 8-21-2020, 5:11:11 PM
stalker(stalker) used a snowball 8-21-2020, 5:11:11 PM
stalker(stalker) used a snowball 8-21-2020, 5:11:11 PM
stalker(stalker) used a snowball 8-21-2020, 5:11:11 PM
stalker(stalker) used a hand_grenade 8-21-2020, 5:11:12 PM
stalker(stalker) used a snowball 8-21-2020, 5:11:12 PM
stalker(stalker) used a snowball 8-21-2020, 5:11:13 PM
stalker(stalker) used a hand_grenade 8-21-2020, 5:11:13 PM
stalker(stalker) used a snowball 8-21-2020, 5:11:13 PM
stalker(stalker) used a snowball 8-21-2020, 5:11:13 PM
stalker(stalker) used a hand_grenade 8-21-2020, 5:11:13 PM
stalker(stalker) used a shield 8-21-2020, 5:13:20 PM
stalker(stalker) used a shield 8-21-2020, 5:14:23 PM
stalker(stalker) used a shield 8-21-2020, 5:14:24 PM
stalker(stalker) used a shield 8-21-2020, 5:14:24 PM
stalker(stalker) used a shield 8-21-2020, 5:14:24 PM
stalker(stalker) used a shield 8-21-2020, 5:14:24 PM
stalker(stalker) used a shield 8-21-2020, 5:14:24 PM
stalker(stalker) used a shield 8-21-2020, 5:14:25 PM
stalker(stalker) used a shield 8-21-2020, 5:14:25 PM
stalker(stalker) used a shield 8-21-2020, 5:14:25 PM
stalker(stalker) used a shield 8-21-2020, 5:14:26 PM
stalker(stalker) used a shield 8-21-2020, 5:14:26 PM
stalker(stalker) used a shield 8-21-2020, 5:14:26 PM
stalker(stalker) used a shield 8-21-2020, 5:14:27 PM
stalker(stalker) used a shield 8-21-2020, 5:14:27 PM
stalker(stalker) used a shield 8-21-2020, 5:14:27 PM
stalker(stalker) used a shield 8-21-2020, 5:14:28 PM
stalker(stalker) used a shield 8-21-2020, 5:14:28 PM
stalker(stalker) used a shield 8-21-2020, 5:14:28 PM
stalker(stalker) used a shield 8-21-2020, 5:14:28 PM
stalker(stalker) used a shield 8-21-2020, 5:14:28 PM
stalker(stalker) used a shield 8-21-2020, 5:14:29 PM
stalker(stalker) used a shield 8-21-2020, 5:14:29 PM
stalker(stalker) used a shield 8-21-2020, 5:14:29 PM
stalker(stalker) used a shield 8-21-2020, 5:14:30 PM
stalker(stalker) used a shield 8-21-2020, 5:14:30 PM
stalker(stalker) used a tk_ultra_health_potion 8-21-2020, 5:14:31 PM
stalker(stalker) used a tk_ultra_health_potion 8-21-2020, 5:14:32 PM
stalker(stalker) used a hand_grenade 8-21-2020, 5:14:41 PM
stalker(stalker) used a snowball 8-21-2020, 5:14:41 PM
stalker(stalker) used a hand_grenade 8-21-2020, 5:14:41 PM
stalker(stalker) used a snowball 8-21-2020, 5:14:42 PM
stalker(stalker) used a hand_grenade 8-21-2020, 5:14:42 PM
stalker(stalker) used a snowball 8-21-2020, 5:14:42 PM
stalker(stalker) used a hand_grenade 8-21-2020, 5:14:42 PM
stalker(stalker) used a snowball 8-21-2020, 5:14:42 PM
stalker(stalker) used a hand_grenade 8-21-2020, 5:14:42 PM
stalker(stalker) used a snowball 8-21-2020, 5:14:42 PM
stalker(stalker) used a hand_grenade 8-21-2020, 5:14:42 PM
stalker(stalker) used a snowball 8-21-2020, 5:14:42 PM
stalker(stalker) used a hand_grenade 8-21-2020, 5:14:42 PM
stalker(stalker) used a snowball 8-21-2020, 5:14:43 PM
stalker(stalker) used a hand_grenade 8-21-2020, 5:14:43 PM
stalker(stalker) used a snowball 8-21-2020, 5:14:43 PM
stalker(stalker) used a hand_grenade 8-21-2020, 5:14:49 PM
stalker(stalker) used a hand_grenade 8-21-2020, 5:14:49 PM
stalker(stalker) used a snowball 8-21-2020, 5:14:49 PM
stalker(stalker) used a hand_grenade 8-21-2020, 5:14:49 PM
stalker(stalker) used a snowball 8-21-2020, 5:14:49 PM
stalker(stalker) used a hand_grenade 8-21-2020, 5:14:50 PM
stalker(stalker) used a snowball 8-21-2020, 5:14:50 PM
stalker(stalker) used a hand_grenade 8-21-2020, 5:14:50 PM
stalker(stalker) used a snowball 8-21-2020, 5:14:50 PM
stalker(stalker) used a hand_grenade 8-21-2020, 5:14:51 PM
stalker(stalker) used a snowball 8-21-2020, 5:14:51 PM
stalker(stalker) used a snowball 8-21-2020, 5:14:51 PM
stalker(stalker) used a hand_grenade 8-21-2020, 5:14:51 PM
stalker(stalker) used a snowball 8-21-2020, 5:14:51 PM
stalker(stalker) used a hand_grenade 8-21-2020, 5:14:51 PM
stalker(stalker) used a snowball 8-21-2020, 5:14:51 PM
stalker(stalker) used a snowball 8-21-2020, 5:14:51 PM
stalker(stalker) used a hand_grenade 8-21-2020, 5:14:52 PM
stalker(stalker) used a snowball 8-21-2020, 5:14:52 PM
stalker(stalker) used a hand_grenade 8-21-2020, 5:14:52 PM
stalker(stalker) used a snowball 8-21-2020, 5:14:52 PM
stalker(stalker) used a hand_grenade 8-21-2020, 5:14:52 PM
stalker(stalker) used a snowball 8-21-2020, 5:14:52 PM
stalker(stalker) used a hand_grenade 8-21-2020, 5:14:52 PM
stalker(stalker) used a hand_grenade 8-21-2020, 5:14:52 PM
stalker(stalker) used a snowball 8-21-2020, 5:14:53 PM
stalker(stalker) used a hand_grenade 8-21-2020, 5:14:53 PM
stalker(stalker) used a snowball 8-21-2020, 5:14:53 PM
stalker(stalker) used a hand_grenade 8-21-2020, 5:14:53 PM
stalker(stalker) used a snowball 8-21-2020, 5:14:53 PM
stalker(stalker) used a hand_grenade 8-21-2020, 5:14:53 PM
stalker(stalker) used a hand_grenade 8-21-2020, 5:14:53 PM
stalker(stalker) used a snowball 8-21-2020, 5:14:53 PM
stalker(stalker) used a snowball 8-21-2020, 5:14:53 PM
stalker(stalker) used a hand_grenade 8-21-2020, 5:14:54 PM
stalker(stalker) used a snowball 8-21-2020, 5:14:54 PM
stalker(stalker) used a hand_grenade 8-21-2020, 5:14:54 PM
stalker(stalker) used a snowball 8-21-2020, 5:14:54 PM
stalker(stalker) used a hand_grenade 8-21-2020, 5:14:54 PM
stalker(stalker) used a snowball 8-21-2020, 5:14:55 PM
stalker(stalker) used a hand_grenade 8-21-2020, 5:14:55 PM
stalker(stalker) used a hand_grenade 8-21-2020, 5:15:01 PM
stalker(stalker) used a snowball 8-21-2020, 5:15:01 PM
stalker(stalker) used a snowball 8-21-2020, 5:15:01 PM
stalker(stalker) used a snowball 8-21-2020, 5:15:01 PM
stalker(stalker) used a hand_grenade 8-21-2020, 5:15:01 PM
stalker(stalker) used a snowball 8-21-2020, 5:15:01 PM
stalker(stalker) used a snowball 8-21-2020, 5:15:02 PM
stalker(stalker) used a hand_grenade 8-21-2020, 5:15:02 PM
stalker(stalker) used a snowball 8-21-2020, 5:15:02 PM
stalker(stalker) used a hand_grenade 8-21-2020, 5:15:02 PM
stalker(stalker) used a snowball 8-21-2020, 5:15:02 PM
stalker(stalker) used a hand_grenade 8-21-2020, 5:15:05 PM
stalker(stalker) used a hand_grenade 8-21-2020, 5:15:05 PM
stalker(stalker) used a hand_grenade 8-21-2020, 5:15:05 PM
stalker(stalker) used a snowball 8-21-2020, 5:15:05 PM
stalker(stalker) used a hand_grenade 8-21-2020, 5:15:05 PM
stalker(stalker) used a hand_grenade 8-21-2020, 5:15:06 PM
stalker(stalker) used a snowball 8-21-2020, 5:15:06 PM
stalker(stalker) used a snowball 8-21-2020, 5:15:06 PM
stalker(stalker) used a hand_grenade 8-21-2020, 5:15:06 PM
stalker(stalker) used a snowball 8-21-2020, 5:15:06 PM
stalker(stalker) used a snowball 8-21-2020, 5:15:06 PM
stalker(stalker) used a snowball 8-21-2020, 5:15:07 PM
stalker(stalker) used a hand_grenade 8-21-2020, 5:15:07 PM
stalker(stalker) used a snowball 8-21-2020, 5:15:07 PM
stalker(stalker) used a hand_grenade 8-21-2020, 5:15:07 PM
stalker(stalker) used a snowball 8-21-2020, 5:15:07 PM
stalker(stalker) used a hand_grenade 8-21-2020, 5:15:08 PM
stalker(stalker) used a hand_grenade 8-21-2020, 5:15:08 PM
stalker(stalker) used a snowball 8-21-2020, 5:15:08 PM
stalker(stalker) used a hand_grenade 8-21-2020, 5:15:08 PM
stalker(stalker) used a snowball 8-21-2020, 5:15:08 PM
stalker(stalker) used a hand_grenade 8-21-2020, 5:15:08 PM
stalker(stalker) used a snowball 8-21-2020, 5:15:08 PM
stalker(stalker) used a hand_grenade 8-21-2020, 5:15:08 PM
stalker(stalker) used a snowball 8-21-2020, 5:15:08 PM
stalker(stalker) used a hand_grenade 8-21-2020, 5:15:08 PM
stalker(stalker) used a hand_grenade 8-21-2020, 5:15:09 PM
stalker(stalker) used a hand_grenade 8-21-2020, 5:15:09 PM
stalker(stalker) used a hand_grenade 8-21-2020, 5:15:09 PM
stalker(stalker) used a hand_grenade 8-21-2020, 5:15:09 PM
stalker(stalker) used a hand_grenade 8-21-2020, 5:15:13 PM
stalker(stalker) used a hand_grenade 8-21-2020, 5:15:21 PM
stalker(stalker) used a snowball 8-21-2020, 5:15:21 PM
stalker(stalker) used a snowball 8-21-2020, 5:15:21 PM
stalker(stalker) used a snowball 8-21-2020, 5:15:21 PM
stalker(stalker) used a hand_grenade 8-21-2020, 5:15:21 PM
stalker(stalker) used a snowball 8-21-2020, 5:15:22 PM
stalker(stalker) used a hand_grenade 8-21-2020, 5:15:22 PM
stalker(stalker) used a snowball 8-21-2020, 5:15:22 PM
stalker(stalker) used a hand_grenade 8-21-2020, 5:15:29 PM
stalker(stalker) used a hand_grenade 8-21-2020, 5:15:29 PM
stalker(stalker) used a hand_grenade 8-21-2020, 5:15:29 PM
stalker(stalker) used a hand_grenade 8-21-2020, 5:15:29 PM
stalker(stalker) used a hand_grenade 8-21-2020, 5:15:30 PM
stalker(stalker) used a hand_grenade 8-21-2020, 5:15:31 PM
stalker(stalker) used a hand_grenade 8-21-2020, 5:15:31 PM
stalker(stalker) used a hand_grenade 8-21-2020, 5:15:31 PM
stalker(stalker) used a hand_grenade 8-21-2020, 5:15:31 PM
stalker(stalker) used a hand_grenade 8-21-2020, 5:15:32 PM
stalker(stalker) used a hand_grenade 8-21-2020, 5:15:32 PM
stalker(stalker) used a hand_grenade 8-21-2020, 5:15:33 PM
stalker(stalker) used a hand_grenade 8-21-2020, 5:15:33 PM
stalker(stalker) used a hand_grenade 8-21-2020, 5:15:51 PM
stalker(stalker) used a snowball 8-21-2020, 5:15:53 PM
stalker(stalker) used a hand_grenade 8-21-2020, 5:15:54 PM
stalker(stalker) used a hand_grenade 8-21-2020, 5:15:54 PM
stalker(stalker) used a snowball 8-21-2020, 5:15:54 PM
stalker(stalker) used a hand_grenade 8-21-2020, 5:15:54 PM
stalker(stalker) used a snowball 8-21-2020, 5:15:54 PM
stalker(stalker) used a hand_grenade 8-21-2020, 5:15:54 PM
stalker(stalker) used a snowball 8-21-2020, 5:15:54 PM
stalker(stalker) used a hand_grenade 8-21-2020, 5:15:55 PM
stalker(stalker) used a snowball 8-21-2020, 5:15:55 PM
stalker(stalker) used a hand_grenade 8-21-2020, 5:15:55 PM
stalker(stalker) used a snowball 8-21-2020, 5:15:55 PM
stalker(stalker) used a hand_grenade 8-21-2020, 5:15:55 PM
stalker(stalker) used a snowball 8-21-2020, 5:15:55 PM
stalker(stalker) used a hand_grenade 8-21-2020, 5:16:12 PM
stalker(stalker) used a hand_grenade 8-21-2020, 5:16:13 PM
stalker(stalker) used a hand_grenade 8-21-2020, 5:16:13 PM
stalker(stalker) used a shield 8-21-2020, 5:16:57 PM
stalker(stalker) used a shield 8-21-2020, 5:16:59 PM
stalker(stalker) used a shield 8-21-2020, 5:16:59 PM
stalker(stalker) used a shield 8-21-2020, 5:17:00 PM
stalker(stalker) used a shield 8-21-2020, 5:17:00 PM
stalker(stalker) used a shield 8-21-2020, 5:17:00 PM
stalker(stalker) used a shield 8-21-2020, 5:17:00 PM
stalker(stalker) used a shield 8-21-2020, 5:17:01 PM
stalker(stalker) used a shield 8-21-2020, 5:17:01 PM
stalker(stalker) used a shield 8-21-2020, 5:17:01 PM
stalker(stalker) used a shield 8-21-2020, 5:17:01 PM
stalker(stalker) used a shield 8-21-2020, 5:17:02 PM
stalker(stalker) used a shield 8-21-2020, 5:17:02 PM
stalker(stalker) used a shield 8-21-2020, 5:17:02 PM
stalker(stalker) used a shield 8-21-2020, 5:17:02 PM
stalker(stalker) used a shield 8-21-2020, 5:17:03 PM
stalker(stalker) used a shield 8-21-2020, 5:17:03 PM
stalker(stalker) used a shield 8-21-2020, 5:17:03 PM
stalker(stalker) used a shield 8-21-2020, 5:17:03 PM
stalker(stalker) used a shield 8-21-2020, 5:17:04 PM
stalker(stalker) used a shield 8-21-2020, 5:17:04 PM
stalker(stalker) used a shield 8-21-2020, 5:17:04 PM
stalker(stalker) used a shield 8-21-2020, 5:17:04 PM
stalker(stalker) used a shield 8-21-2020, 5:17:05 PM
stalker(stalker) used a shield 8-21-2020, 5:17:05 PM
stalker(stalker) used a shield 8-21-2020, 5:17:05 PM
stalker(stalker) used a shield 8-21-2020, 5:17:05 PM
stalker(stalker) used a shield 8-21-2020, 5:17:06 PM
stalker(stalker) used a shield 8-21-2020, 5:17:06 PM
stalker(stalker) used a shield 8-21-2020, 5:17:06 PM
stalker(stalker) used a shield 8-21-2020, 5:17:07 PM
stalker(stalker) used a tk_ultra_health_potion 8-21-2020, 5:17:07 PM
stalker(stalker) used a hand_grenade 8-21-2020, 5:17:35 PM
stalker(stalker) used a snowball 8-21-2020, 5:17:37 PM
stalker(stalker) used a hand_grenade 8-21-2020, 5:17:37 PM
stalker(stalker) used a hand_grenade 8-21-2020, 5:17:39 PM
stalker(stalker) used a hand_grenade 8-21-2020, 5:17:39 PM
stalker(stalker) used a snowball 8-21-2020, 5:17:39 PM
stalker(stalker) used a hand_grenade 8-21-2020, 5:17:39 PM
stalker(stalker) used a snowball 8-21-2020, 5:17:39 PM
stalker(stalker) used a snowball 8-21-2020, 5:17:39 PM
stalker(stalker) used a hand_grenade 8-21-2020, 5:17:40 PM
stalker(stalker) used a snowball 8-21-2020, 5:17:40 PM
stalker(stalker) used a hand_grenade 8-21-2020, 5:17:40 PM
stalker(stalker) used a snowball 8-21-2020, 5:17:40 PM
stalker(stalker) used a hand_grenade 8-21-2020, 5:17:40 PM
stalker(stalker) used a hand_grenade 8-21-2020, 5:17:40 PM
stalker(stalker) used a snowball 8-21-2020, 5:17:40 PM
stalker(stalker) used a hand_grenade 8-21-2020, 5:17:40 PM
stalker(stalker) used a snowball 8-21-2020, 5:17:41 PM
stalker(stalker) used a hand_grenade 8-21-2020, 5:17:41 PM
stalker(stalker) used a snowball 8-21-2020, 5:17:41 PM
stalker(stalker) used a hand_grenade 8-21-2020, 5:17:41 PM
stalker(stalker) used a hand_grenade 8-21-2020, 5:17:42 PM
stalker(stalker) used a hand_grenade 8-21-2020, 5:17:42 PM
stalker(stalker) used a hand_grenade 8-21-2020, 5:17:42 PM
stalker(stalker) used a hand_grenade 8-21-2020, 5:17:42 PM
stalker(stalker) used a hand_grenade 8-21-2020, 5:17:42 PM
stalker(stalker) used a snowball 8-21-2020, 5:17:48 PM
stalker(stalker) used a hand_grenade 8-21-2020, 5:17:48 PM
stalker(stalker) used a hand_grenade 8-21-2020, 5:17:48 PM
stalker(stalker) used a snowball 8-21-2020, 5:17:48 PM
stalker(stalker) used a hand_grenade 8-21-2020, 5:17:48 PM
stalker(stalker) used a snowball 8-21-2020, 5:17:49 PM
stalker(stalker) used a hand_grenade 8-21-2020, 5:17:49 PM
stalker(stalker) used a snowball 8-21-2020, 5:17:49 PM
stalker(stalker) used a hand_grenade 8-21-2020, 5:17:49 PM
stalker(stalker) used a hand_grenade 8-21-2020, 5:17:49 PM
stalker(stalker) used a snowball 8-21-2020, 5:17:49 PM
stalker(stalker) used a hand_grenade 8-21-2020, 5:17:50 PM
stalker(stalker) used a hand_grenade 8-21-2020, 5:17:50 PM
stalker(stalker) used a snowball 8-21-2020, 5:17:50 PM
stalker(stalker) used a hand_grenade 8-21-2020, 5:17:50 PM
stalker(stalker) used a snowball 8-21-2020, 5:17:50 PM
stalker(stalker) used a hand_grenade 8-21-2020, 5:17:51 PM
stalker(stalker) used a hand_grenade 8-21-2020, 5:17:51 PM
stalker(stalker) used a hand_grenade 8-21-2020, 5:17:52 PM
stalker(stalker) used a hand_grenade 8-21-2020, 5:17:52 PM
stalker(stalker) used a hand_grenade 8-21-2020, 5:17:52 PM
stalker(stalker) used a hand_grenade 8-21-2020, 5:17:52 PM
stalker(stalker) used a shield 8-21-2020, 5:18:31 PM
stalker(stalker) used a pack_of_10_ammo_rocket_launcher 8-21-2020, 5:18:45 PM
stalker(stalker) used a pack_of_10_ammo_rocket_launcher 8-21-2020, 5:18:45 PM
stalker(stalker) used a pack_of_10_ammo_rocket_launcher 8-21-2020, 5:18:45 PM
stalker(stalker) used a pack_of_10_ammo_rocket_launcher 8-21-2020, 5:18:45 PM
stalker(stalker) used a pack_of_10_ammo_rocket_launcher 8-21-2020, 5:18:45 PM
stalker(stalker) used a pack_of_10_ammo_rocket_launcher 8-21-2020, 5:18:45 PM
stalker(stalker) used a pack_of_10_ammo_rocket_launcher 8-21-2020, 5:18:46 PM
stalker(stalker) used a pack_of_10_ammo_rocket_launcher 8-21-2020, 5:18:46 PM
stalker(stalker) used a pack_of_10_ammo_rocket_launcher 8-21-2020, 5:18:46 PM
stalker(stalker) used a pack_of_10_ammo_rocket_launcher 8-21-2020, 5:18:46 PM
stalker(stalker) used a pack_of_10_ammo_rocket_launcher 8-21-2020, 5:18:46 PM
stalker(stalker) used a pack_of_10_ammo_rocket_launcher 8-21-2020, 5:18:47 PM
stalker(stalker) used a pack_of_10_ammo_rocket_launcher 8-21-2020, 5:18:47 PM
stalker(stalker) used a pack_of_10_ammo_rocket_launcher 8-21-2020, 5:18:47 PM
stalker(stalker) used a pack_of_10_ammo_rocket_launcher 8-21-2020, 5:18:47 PM
stalker(stalker) used a pack_of_10_ammo_rocket_launcher 8-21-2020, 5:18:48 PM
stalker(stalker) used a pack_of_10_ammo_rocket_launcher 8-21-2020, 5:18:48 PM
stalker(stalker) used a pack_of_10_ammo_rocket_launcher 8-21-2020, 5:18:48 PM
stalker(stalker) used a pack_of_10_ammo_rocket_launcher 8-21-2020, 5:18:48 PM
stalker(stalker) used a pack_of_10_ammo_rocket_launcher 8-21-2020, 5:18:48 PM
stalker(stalker) used a pack_of_10_ammo_rocket_launcher 8-21-2020, 5:18:48 PM
stalker(stalker) used a pack_of_10_ammo_rocket_launcher 8-21-2020, 5:18:48 PM
stalker(stalker) used a pack_of_10_ammo_rocket_launcher 8-21-2020, 5:18:48 PM
stalker(stalker) used a pack_of_10_ammo_rocket_launcher 8-21-2020, 5:18:48 PM
stalker(stalker) used a pack_of_10_ammo_rocket_launcher 8-21-2020, 5:18:49 PM
stalker(stalker) used a pack_of_10_ammo_rocket_launcher 8-21-2020, 5:18:49 PM
stalker(stalker) used a pack_of_10_ammo_rocket_launcher 8-21-2020, 5:18:49 PM
stalker(stalker) used a pack_of_10_ammo_rocket_launcher 8-21-2020, 5:18:49 PM
stalker(stalker) used a pack_of_10_ammo_rocket_launcher 8-21-2020, 5:18:49 PM
stalker(stalker) used a pack_of_10_ammo_rocket_launcher 8-21-2020, 5:18:50 PM
stalker(stalker) used a pack_of_10_ammo_rocket_launcher 8-21-2020, 5:18:50 PM
stalker(stalker) used a pack_of_10_ammo_rocket_launcher 8-21-2020, 5:18:50 PM
stalker(stalker) used a pack_of_10_ammo_rocket_launcher 8-21-2020, 5:18:50 PM
stalker(stalker) used a pack_of_10_ammo_rocket_launcher 8-21-2020, 5:18:50 PM
stalker(stalker) used a pack_of_10_ammo_rocket_launcher 8-21-2020, 5:18:50 PM
stalker(stalker) used a pack_of_10_ammo_rocket_launcher 8-21-2020, 5:18:50 PM
stalker(stalker) used a pack_of_10_ammo_rocket_launcher 8-21-2020, 5:18:50 PM
stalker(stalker) used a pack_of_10_ammo_rocket_launcher 8-21-2020, 5:18:51 PM
stalker(stalker) used a pack_of_10_ammo_rocket_launcher 8-21-2020, 5:18:51 PM
stalker(stalker) used a pack_of_10_ammo_rocket_launcher 8-21-2020, 5:18:51 PM
stalker(stalker) used a pack_of_10_ammo_rocket_launcher 8-21-2020, 5:18:51 PM
stalker(stalker) used a pack_of_10_ammo_rocket_launcher 8-21-2020, 5:18:51 PM
stalker(stalker) used a pack_of_10_ammo_rocket_launcher 8-21-2020, 5:18:52 PM
stalker(stalker) used a pack_of_10_ammo_rocket_launcher 8-21-2020, 5:18:52 PM
stalker(stalker) used a pack_of_10_ammo_rocket_launcher 8-21-2020, 5:18:52 PM
stalker(stalker) used a pack_of_10_ammo_rocket_launcher 8-21-2020, 5:18:52 PM
stalker(stalker) used a pack_of_10_ammo_rocket_launcher 8-21-2020, 5:18:52 PM
stalker(stalker) used a pack_of_10_ammo_rocket_launcher 8-21-2020, 5:18:52 PM
stalker(stalker) used a pack_of_10_ammo_rocket_launcher 8-21-2020, 5:18:52 PM
stalker(stalker) used a pack_of_10_ammo_rocket_launcher 8-21-2020, 5:18:52 PM
stalker(stalker) used a pack_of_10_ammo_rocket_launcher 8-21-2020, 5:18:53 PM
stalker(stalker) used a pack_of_10_ammo_rocket_launcher 8-21-2020, 5:18:53 PM
stalker(stalker) used a pack_of_10_ammo_rocket_launcher 8-21-2020, 5:18:53 PM
stalker(stalker) used a pack_of_10_ammo_rocket_launcher 8-21-2020, 5:18:53 PM
stalker(stalker) used a pack_of_10_ammo_rocket_launcher 8-21-2020, 5:18:53 PM
stalker(stalker) used a pack_of_10_ammo_rocket_launcher 8-21-2020, 5:18:53 PM
stalker(stalker) used a pack_of_10_ammo_rocket_launcher 8-21-2020, 5:18:54 PM
stalker(stalker) used a pack_of_10_ammo_rocket_launcher 8-21-2020, 5:18:54 PM
stalker(stalker) used a pack_of_10_ammo_rocket_launcher 8-21-2020, 5:18:54 PM
stalker(stalker) used a pack_of_10_ammo_rocket_launcher 8-21-2020, 5:18:54 PM
stalker(stalker) used a pack_of_10_ammo_rocket_launcher 8-21-2020, 5:18:54 PM
stalker(stalker) used a pack_of_10_ammo_rocket_launcher 8-21-2020, 5:18:54 PM
stalker(stalker) used a pack_of_10_ammo_rocket_launcher 8-21-2020, 5:18:55 PM
stalker(stalker) used a pack_of_10_ammo_rocket_launcher 8-21-2020, 5:18:55 PM
stalker(stalker) used a pack_of_10_ammo_rocket_launcher 8-21-2020, 5:18:55 PM
stalker(stalker) used a pack_of_10_ammo_rocket_launcher 8-21-2020, 5:18:55 PM
stalker(stalker) used a pack_of_10_ammo_rocket_launcher 8-21-2020, 5:18:56 PM
stalker(stalker) used a pack_of_10_ammo_rocket_launcher 8-21-2020, 5:18:56 PM
stalker(stalker) used a pack_of_10_ammo_rocket_launcher 8-21-2020, 5:18:56 PM
stalker(stalker) used a pack_of_10_ammo_rocket_launcher 8-21-2020, 5:18:56 PM
stalker(stalker) used a pack_of_10_ammo_rocket_launcher 8-21-2020, 5:18:56 PM
stalker(stalker) used a pack_of_10_ammo_rocket_launcher 8-21-2020, 5:18:56 PM
stalker(stalker) used a pack_of_10_ammo_rocket_launcher 8-21-2020, 5:18:57 PM
stalker(stalker) used a pack_of_10_ammo_rocket_launcher 8-21-2020, 5:18:57 PM
stalker(stalker) used a pack_of_10_ammo_rocket_launcher 8-21-2020, 5:18:57 PM
stalker(stalker) used a pack_of_10_ammo_rocket_launcher 8-21-2020, 5:18:57 PM
stalker(stalker) used a pack_of_10_ammo_rocket_launcher 8-21-2020, 5:18:58 PM
stalker(stalker) used a pack_of_10_ammo_rocket_launcher 8-21-2020, 5:18:58 PM
stalker(stalker) used a rocket_launcher 8-21-2020, 5:19:08 PM
stalker(stalker) used a hand_grenade 8-21-2020, 5:19:11 PM
stalker(stalker) used a snowball 8-21-2020, 5:19:11 PM
stalker(stalker) used a hand_grenade 8-21-2020, 5:19:12 PM
stalker(stalker) used a hand_grenade 8-21-2020, 5:19:15 PM
stalker(stalker) used a snowball 8-21-2020, 5:19:15 PM
stalker(stalker) used a hand_grenade 8-21-2020, 5:19:15 PM
stalker(stalker) used a snowball 8-21-2020, 5:19:15 PM
stalker(stalker) used a snowball 8-21-2020, 5:19:16 PM
stalker(stalker) used a hand_grenade 8-21-2020, 5:19:16 PM
stalker(stalker) used a snowball 8-21-2020, 5:19:16 PM
stalker(stalker) used a hand_grenade 8-21-2020, 5:19:16 PM
stalker(stalker) used a snowball 8-21-2020, 5:19:16 PM
stalker(stalker) used a hand_grenade 8-21-2020, 5:19:16 PM
stalker(stalker) used a snowball 8-21-2020, 5:19:16 PM
stalker(stalker) used a hand_grenade 8-21-2020, 5:19:16 PM
stalker(stalker) used a hand_grenade 8-21-2020, 5:19:16 PM
stalker(stalker) used a snowball 8-21-2020, 5:19:16 PM
stalker(stalker) used a snowball 8-21-2020, 5:19:17 PM
stalker(stalker) used a shield 8-21-2020, 5:19:46 PM
stalker(stalker) used a shield 8-21-2020, 5:19:46 PM
stalker(stalker) used a shield 8-21-2020, 5:19:46 PM
stalker(stalker) used a shield 8-21-2020, 5:19:47 PM
stalker(stalker) used a shield 8-21-2020, 5:19:47 PM
stalker(stalker) used a shield 8-21-2020, 5:19:47 PM
stalker(stalker) used a shield 8-21-2020, 5:19:47 PM
stalker(stalker) used a shield 8-21-2020, 5:19:47 PM
stalker(stalker) used a shield 8-21-2020, 5:19:48 PM
stalker(stalker) used a shield 8-21-2020, 5:19:48 PM
stalker(stalker) used a shield 8-21-2020, 5:19:48 PM
stalker(stalker) used a shield 8-21-2020, 5:19:49 PM
stalker(stalker) used a shield 8-21-2020, 5:19:49 PM
stalker(stalker) used a shield 8-21-2020, 5:19:49 PM
stalker(stalker) used a shield 8-21-2020, 5:19:49 PM
stalker(stalker) used a shield 8-21-2020, 5:19:50 PM
stalker(stalker) used a shield 8-21-2020, 5:19:50 PM
stalker(stalker) used a shield 8-21-2020, 5:19:50 PM
stalker(stalker) used a shield 8-21-2020, 5:19:51 PM
stalker(stalker) used a shield 8-21-2020, 5:19:51 PM
stalker(stalker) used a shield 8-21-2020, 5:19:51 PM
stalker(stalker) used a shield 8-21-2020, 5:19:52 PM
stalker(stalker) used a shield 8-21-2020, 5:19:52 PM
stalker(stalker) used a shield 8-21-2020, 5:19:52 PM
stalker(stalker) used a shield 8-21-2020, 5:19:52 PM
stalker(stalker) used a shield 8-21-2020, 5:19:53 PM
stalker(stalker) used a shield 8-21-2020, 5:19:53 PM
stalker(stalker) used a shield 8-21-2020, 5:19:54 PM
stalker(stalker) used a tk_ultra_health_potion 8-21-2020, 5:19:54 PM
stalker(stalker) used a hand_grenade 8-21-2020, 5:20:32 PM
stalker(stalker) used a hand_grenade 8-21-2020, 5:20:33 PM
stalker(stalker) used a hand_grenade 8-21-2020, 5:20:34 PM