
stronger(stronger) used a pack_of_100_ammo_m16_assault_rifle 8-21-2020, 11:24:10 PM
stronger(stronger) used a pack_of_100_ammo_m16_assault_rifle 8-21-2020, 11:24:15 PM
stronger(stronger) used a pack_of_100_ammo_m16_assault_rifle 8-21-2020, 11:24:17 PM
stronger(stronger) used a pack_of_100_ammo_m16_assault_rifle 8-21-2020, 11:24:18 PM
stronger(stronger) used a pack_of_100_ammo_m16_assault_rifle 8-21-2020, 11:24:19 PM
stronger(stronger) used a pack_of_100_ammo_m16_assault_rifle 8-21-2020, 11:24:19 PM
stronger(stronger) used a pack_of_100_ammo_m16_assault_rifle 8-21-2020, 11:24:20 PM
stronger(stronger) used a pack_of_100_ammo_m16_assault_rifle 8-21-2020, 11:24:20 PM
stronger(stronger) used a pack_of_100_ammo_m16_assault_rifle 8-21-2020, 11:24:21 PM
stronger(stronger) used a pack_of_100_ammo_m16_assault_rifle 8-21-2020, 11:24:21 PM
stronger(stronger) used a m16_assault_rifle 8-21-2020, 11:24:53 PM
stronger(stronger) used a shield 8-21-2020, 11:33:06 PM
stronger(stronger) used a shield 8-21-2020, 11:33:07 PM
stronger(stronger) used a shield 8-21-2020, 11:33:08 PM
stronger(stronger) used a shield 8-21-2020, 11:33:08 PM
stronger(stronger) used a shield 8-21-2020, 11:33:09 PM
stronger(stronger) used a shield 8-21-2020, 11:33:09 PM
stronger(stronger) used a shield 8-21-2020, 11:33:10 PM
stronger(stronger) used a shield 8-21-2020, 11:33:10 PM
stronger(stronger) used a shield 8-21-2020, 11:33:11 PM
stronger(stronger) used a shield 8-21-2020, 11:33:11 PM
stronger(stronger) used a shield 8-21-2020, 11:33:12 PM
stronger(stronger) used a shield 8-21-2020, 11:33:13 PM
stronger(stronger) used a shield 8-21-2020, 11:33:13 PM
stronger(stronger) used a shield 8-21-2020, 11:33:14 PM
stronger(stronger) used a shield 8-21-2020, 11:33:14 PM
stronger(stronger) used a shield 8-21-2020, 11:33:15 PM
stronger(stronger) used a shield 8-21-2020, 11:33:15 PM
stronger(stronger) used a shield 8-21-2020, 11:33:15 PM
stronger(stronger) used a shield 8-21-2020, 11:33:15 PM
stronger(stronger) used a shield 8-21-2020, 11:33:16 PM
stronger(stronger) used a antibiotic_pack 8-21-2020, 11:58:09 PM
stronger(stronger) used a antibiotic_pack 8-21-2020, 11:58:12 PM
stronger(stronger) used a antibiotic_pack 8-21-2020, 11:58:13 PM
stronger(stronger) used a antibiotic_pack 8-21-2020, 11:58:14 PM
stronger(stronger) used a antibiotic_pack 8-21-2020, 11:58:15 PM
stronger(stronger) used a antibiotic_pack 8-21-2020, 11:58:16 PM
stronger(stronger) used a antibiotic_pack 8-21-2020, 11:58:17 PM
stronger(stronger) used a antibiotic_pack 8-21-2020, 11:58:17 PM
stronger(stronger) used a antibiotic_pack 8-21-2020, 11:58:18 PM
stronger(stronger) used a antibiotic_pack 8-21-2020, 11:58:19 PM
stronger(stronger) used a antibiotic 8-21-2020, 11:58:48 PM
stronger(stronger) used a antibiotic 8-21-2020, 11:58:53 PM
stronger(stronger) used a antibiotic 8-21-2020, 11:59:10 PM
stronger(stronger) used a antibiotic 8-21-2020, 11:59:36 PM
stronger(stronger) used a antibiotic 8-21-2020, 11:59:47 PM
stronger(stronger) used a antibiotic 8-21-2020, 11:59:50 PM