
nikita-k (nikita-k) sent /chars 8-20-2020, 9:52:03 AM
nikita-k (nikita-k) sent /banned 8-20-2020, 9:53:35 AM
nikita-k (nikita-k) sent /teams 8-20-2020, 9:53:54 AM
nikita-k (nikita-k) sent /inv 8-20-2020, 10:00:19 AM
nikita-k (nikita-k) sent /changemymap cage 8-20-2020, 10:00:40 AM
nikita-k (nikita-k) sent /rawmap 8-20-2020, 10:00:45 AM
nikita-k (nikita-k) sent /rawdata mapname:cage
maxx:20
maxy:20
maxz:200
tile:0:20:0:20:0:0:clay
zone:0:20:0:20:0:200:cage
noitems:0:20:0:20:0:200::guided_missile:aircraft:sticky_bomb:pipe_bomb:warp_box:antibiotic:police_car:gp30:robot:shield:security_bomb:helicopter:throwing_star:tk_ultra_health_potion:rocket_launcher:stp429_mini_missile:hand_cannon:mass_bomb:mine:motion_bomb:suicide_bomb
robots:0:20:0:20:0:0:1:1000:lion,bear,wolf,polarbear,coyote,hunter,dog,rabbit,boar,goat,gorilla,leopard
src:0:20:0:20:0:20:birds4.ogg
tile:0:20:0:20:20:20:cement3
zone:0:20:0:20:20:50:safe zone
travelpoint:10:10:10:10:20:20:cage:10:10:0:time started, show me how long you can be a live here!
zone:10:10:10:10:20:30:door to cage!:trackme
tile:10:10:10:10:20:20:marble1 8-20-2020, 10:02:01 AM
nikita-k (nikita-k) sent /inv 8-20-2020, 10:02:14 AM
nikita-k (nikita-k) sent /suicide 8-20-2020, 10:02:16 AM
nikita-k (nikita-k) sent /inv 8-20-2020, 10:03:04 AM
nikita-k (nikita-k) sent /inv 8-20-2020, 10:03:07 AM
nikita-k (nikita-k) sent /r кто передал 8-20-2020, 10:04:45 AM
nikita-k (nikita-k) sent /r ok 8-20-2020, 10:05:02 AM
nikita-k (nikita-k) sent /maps 8-20-2020, 10:11:34 AM
nikita-k (nikita-k) sent /rawmap 8-20-2020, 10:22:55 AM
nikita-k (nikita-k) sent /rawmap 8-20-2020, 10:23:02 AM
nikita-k (nikita-k) sent /rawdata mapname:store
maxx:30
maxy:30
maxz:30
tile:0:30:0:30:0:0:wood3
zone:0:30:0:30:0:30:store
src:0:30:0:30:0:30:supermarket.ogg
tile:0:0:0:0:0:0:beam
zone:0:0:0:0:0:15:weapon store:trackme
tile:0:0:10:10:0:0:beam
zone:0:0:10:10:0:15:ammo store:trackme
tile:10:10:10:10:0:0:beam
zone:10:10:10:10:0:15:explosive store:trackme
tile:0:0:20:20:0:0:beam
zone:0:0:20:20:0:15:misc store:trackme
tile:10:10:20:20:0:0:beam
zone:10:10:20:20:0:15:medical store:trackme
tile:20:20:10:10:0:0:beam
zone:20:20:10:10:0:15:vehicle store:trackme
tile:20:20:0:0:0:0:beam
zone:20:20:0:0:0:15:melee weapons store:trackme
tile:15:15:15:15:0:0:diamond
zone:15:15:15:15:0:15:put a coin!:trackme
tile:10:10:0:0:0:0:plywood
zone:10:10:0:0:0:15:exit to the main:trackme
zone:30:30:30:30:0:15:to go to the boxing ring, press enter:trackme
travelpoint:30:30:30:30:0:10:boxing:1:1:40:moved
zone:0:0:30:30:0:15:door to the cage of the angry and hungry animals, it looks like a really dangerous place, be very carefull entering this:trackme
travelpoint:0:0:30:30:0:10:cage:0:0:20:good luck, try to survive here!
vending_machine:20:20:0
tile:20:20:20:20:0:0:beam
zone:20:20:20:20:0:15:vending machine:trackme
zone:15:15:30:30:0:15:to go on the zalp map, press enter:trackme
travelpoint:15:15:30:30:0:10:zalp:25:25:0:good luck to surviv!
/travelpoint:0:30:0:30:30:50:store:15:15:0:done
/travelpoint:30:30:11:11:0:10:balls:0:150:100:moved
noitems:0:30:0:30:0:30:wirebomb:motion_bomb:mine:stun_dart:remote_timebomb:remote_bomb:security_bomb:remote_gun:timebomb:barricade_bomb:health_dart:suicide_bomb:mass_bomb:bottle_bomb:impact_bomb:guided_missile:ultrabomb:bottle_bomb:carrier_missile:bullet_bomb:stun_grenade:sticky_bomb:grenade:robot:helicopter:pipe_bomb:snowball:small_projectile:tasing_small_projectile:stp429_mini_missile:throwing_star:poison_dart:sky_436_mine:warp_box:bomb_defuser:health_orb:poisoned_small_projectile:robocop:missile_interceptor:nuclear_bomb:stone:concussive_grenade:turret:hand_grenade:hipersound_bomb
travelpoint:30:30:0:0:0:10:oldmain:250:250:0:moved
zone:30:30:0:0:0:10:pass to old main map:trackme
zone:5:5:0:0:0:0:pornohub vidios now enable!
zone:5:5:0:0:0:0:store
tile:0:30:0:30:0:0:bare
tile:0:30:0:30:0:0:stone2
tile:10:10:0:0:0:0:vent
tile:10:10:10:10:10:10:plywood
tile:0:0:0:0:0:0:beam
tile:0:0:10:10:0:0:beam
tile:0:0:20:20:0:0:beam
tile:10:10:20:20:0:0:beam
tile:10:10:10:10:0:0:beam
tile:20:20:10:10:0:0:beam
tile:20:20:20:20:0:0:beam
tile:20:20:0:0:0:0:beam
tile:10:10:0:0:0:0:plywood
tile:15:15:15:15:0:0:diamond
travelpoint:5:5:30:30:0:0:battles:0:0:0:ok
zone:5:5:30:30:0:5:pass to the battlefield:trackme
fightingstate:0
tile:0:30:0:30:0:0:wood
tile:0:30:0:30:0:0:wood3
tile:20:20:0:0:0:0:beam
tile:10:10:0:0:0:0:plywood
tile:0:0:0:0:0:0:beam
tile:0:0:10:10:0:0:beam
tile:0:0:20:20:0:0:beam
tile:10:10:20:20:0:0:beam
tile:10:10:10:10:0:0:beam
tile:20:20:10:10:0:0:beam
tile:20:20:20:20:0:0:beam
tile:15:15:15:15:0:0:diamond
tile:10:10:0:0:0:0:marble1 8-20-2020, 10:23:33 AM
nikita-k (nikita-k) sent /reboot 8-20-2020, 10:24:37 AM
nikita-k (nikita-k) sent /rawmap 8-20-2020, 10:27:27 AM
nikita-k (nikita-k) sent /rawdata mapname:store
maxx:30
maxy:30
maxz:30
tile:0:30:0:30:0:0:wood3
zone:0:30:0:30:0:30:store
src:0:30:0:30:0:30:supermarket.ogg
tile:0:0:0:0:0:0:beam
zone:0:0:0:0:0:15:weapon store:trackme
tile:0:0:10:10:0:0:beam
zone:0:0:10:10:0:15:ammo store:trackme
tile:10:10:10:10:0:0:beam
zone:10:10:10:10:0:15:explosive store:trackme
tile:0:0:20:20:0:0:beam
zone:0:0:20:20:0:15:misc store:trackme
tile:10:10:20:20:0:0:beam
zone:10:10:20:20:0:15:medical store:trackme
tile:20:20:10:10:0:0:beam
zone:20:20:10:10:0:15:vehicle store:trackme
tile:20:20:0:0:0:0:beam
zone:20:20:0:0:0:15:melee weapons store:trackme
tile:15:15:15:15:0:0:diamond
zone:15:15:15:15:0:15:put a coin!:trackme
tile:10:10:0:0:0:0:plywood
zone:10:10:0:0:0:15:exit to the main:trackme
zone:30:30:30:30:0:15:to go to the boxing ring, press enter:trackme
travelpoint:30:30:30:30:0:10:boxing:1:1:40:moved
zone:0:0:30:30:0:15:door to the cage of the angry and hungry animals, it looks like a really dangerous place, be very carefull entering this:trackme
travelpoint:0:0:30:30:0:10:cage:0:0:20:good luck, try to survive here!
vending_machine:20:20:0
tile:20:20:20:20:0:0:beam
zone:20:20:20:20:0:15:vending machine:trackme
zone:15:15:30:30:0:15:to go on the zalp map, press enter:trackme
travelpoint:15:15:30:30:0:10:zalp:25:25:0:good luck to surviv!
/travelpoint:0:30:0:30:30:50:store:15:15:0:done
/travelpoint:30:30:11:11:0:10:balls:0:150:100:moved
noitems:0:30:0:30:0:30:wirebomb:motion_bomb:mine:stun_dart:remote_timebomb:remote_bomb:security_bomb:remote_gun:timebomb:barricade_bomb:health_dart:suicide_bomb:mass_bomb:bottle_bomb:impact_bomb:guided_missile:ultrabomb:bottle_bomb:carrier_missile:bullet_bomb:stun_grenade:sticky_bomb:grenade:robot:helicopter:pipe_bomb:snowball:small_projectile:tasing_small_projectile:stp429_mini_missile:throwing_star:poison_dart:sky_436_mine:warp_box:bomb_defuser:health_orb:poisoned_small_projectile:robocop:missile_interceptor:nuclear_bomb:stone:concussive_grenade:turret:hand_grenade:hipersound_bomb
travelpoint:30:30:0:0:0:10:oldmain:250:250:0:moved
zone:30:30:0:0:0:10:pass to old main map:trackme
zone:5:5:0:0:0:0:pornohub vidios now enable!
zone:5:5:0:0:0:0:store
tile:0:30:0:30:0:0:bare
tile:0:30:0:30:0:0:stone2
tile:10:10:0:0:0:0:vent
tile:10:10:10:10:10:10:plywood
tile:0:0:0:0:0:0:beam
tile:0:0:10:10:0:0:beam
tile:0:0:20:20:0:0:beam
tile:10:10:20:20:0:0:beam
tile:10:10:10:10:0:0:beam
tile:20:20:10:10:0:0:beam
tile:20:20:20:20:0:0:beam
tile:20:20:0:0:0:0:beam
tile:10:10:0:0:0:0:plywood
tile:15:15:15:15:0:0:diamond
travelpoint:5:5:30:30:0:0:battles:0:0:0:ok
zone:5:5:30:30:0:5:pass to the battlefield:trackme
fightingstate:0
tile:0:30:0:30:0:0:wood
tile:0:30:0:30:0:0:wood3
tile:20:20:0:0:0:0:beam
tile:10:10:0:0:0:0:plywood
tile:0:0:0:0:0:0:beam
tile:0:0:10:10:0:0:beam
tile:0:0:20:20:0:0:beam
tile:10:10:20:20:0:0:beam
tile:10:10:10:10:0:0:beam
tile:20:20:10:10:0:0:beam
tile:20:20:20:20:0:0:beam
tile:15:15:15:15:0:0:diamond
tile:10:10:0:0:0:0:marble1
jplayer:15:15:0 8-20-2020, 10:28:09 AM
nikita-k (nikita-k) sent /chars 8-20-2020, 10:29:23 AM
nikita-k (nikita-k) sent /enablerobots 8-20-2020, 10:30:22 AM
nikita-k (nikita-k) sent /notify ¬ клетке по€вились новые роботы:  абан, овца, горила, и леопард. 8-20-2020, 10:31:19 AM
nikita-k (nikita-k) sent /lchat di 8-20-2020, 10:33:33 AM
nikita-k (nikita-k) sent /lchat die 8-20-2020, 10:33:35 AM
nikita-k (nikita-k) sent /compimfo Igrik 8-20-2020, 10:33:59 AM
nikita-k (nikita-k) sent /compinfo Igrik 8-20-2020, 10:34:08 AM
nikita-k (nikita-k) sent /pm Igrik «ачем вчера надо было заходить на аккаунт влада? 8-20-2020, 10:34:42 AM
nikita-k (nikita-k) sent /r а ладно, сор€н 8-20-2020, 10:36:50 AM
nikita-k (nikita-k) sent /r сколько надо 8-20-2020, 10:38:14 AM
nikita-k (nikita-k) sent /r хот€ тут с монетами проблемм вообще не вижу 8-20-2020, 10:38:30 AM
nikita-k (nikita-k) sent /invforce bolgelo 8-20-2020, 10:40:32 AM
nikita-k (nikita-k) sent /inv 8-20-2020, 10:42:13 AM
nikita-k (nikita-k) sent /changemymap lern 8-20-2020, 10:42:24 AM
nikita-k (nikita-k) sent /rawmap 8-20-2020, 10:42:36 AM
nikita-k (nikita-k) sent /rawdata mapname:lern
maxx:100
maxy:100
maxz:100
tile:0:100:0:100:0:0:grass
amb:0:100:0:100:0:13:amb2.ogg
src:0:6:0:8:5:5:amb3.ogg
zone:0:0:0:0:0:0:to enter the store press enter:trackme
travelpoint:0:0:0:0:0:0:store:0:0:5:to enter the store press enter
zone:0:100:0:100:0:100:fun lawn
tile:0:50:0:0:0:0:dirt
tile:15:30:15:50:0:0:swimming
amb:15:30:15:50:0:0:birds29.ogg
zone:15:30:15:50:0:0:small pond
src:15:30:15:50:0:0:birds31.ogg
src:0:0:0:0:0:0:bighall.ogg
src:0:0:50:50:0:0:entrance.ogg
travelpoint:0:0:50:50:0:0:zalp:5:10:0:to die and press enter
zone:0:0:50:50:0:0:to die and press enter:trackme
tile:10:10:10:10:0:17:branch
robots:0:100:0:100:0:0:3:5000:robocop,goat,cat,dog,fly,horse,mosquito,rabbit 8-20-2020, 10:44:52 AM
nikita-k (nikita-k) sent /enablerobots 8-20-2020, 10:44:56 AM
nikita-k (nikita-k) sent /inv 8-20-2020, 10:44:59 AM
nikita-k (nikita-k) sent /suicide 8-20-2020, 10:45:02 AM
nikita-k (nikita-k) sent /r постараюсь 8-20-2020, 10:46:37 AM
nikita-k (nikita-k) sent /r просто можно отойти от плеира 8-20-2020, 10:50:23 AM
nikita-k (nikita-k) sent /warnpublic начало через 5 минут. ¬аша цель, бегать по карте 200 на 200 клеток, файтитьс€, разбивать коробки и сундуки, заробатывать койны, и наслаждатьс€! 8-20-2020, 10:52:41 AM
nikita-k (nikita-k) sent /r потом написано будет 8-20-2020, 10:53:27 AM
nikita-k (nikita-k) sent /sethealth bolgelo 0 8-20-2020, 10:53:38 AM
nikita-k (nikita-k) sent /newevent fighting_for_box's 8-20-2020, 10:54:10 AM
nikita-k (nikita-k) sent /eventset 4215 map=event2 8-20-2020, 10:54:24 AM
nikita-k (nikita-k) sent /eventset 4215 can_keep_inventory=1 8-20-2020, 10:54:52 AM
nikita-k (nikita-k) sent /eventset 4215 can_leave=1 8-20-2020, 10:55:04 AM
nikita-k (nikita-k) sent /enablerobots 8-20-2020, 10:56:12 AM
nikita-k (nikita-k) sent /launchevent 4215 8-20-2020, 10:56:58 AM
nikita-k (nikita-k) sent /joinevent 4215 8-20-2020, 10:57:31 AM
nikita-k (nikita-k) sent /inv 8-20-2020, 10:57:45 AM
nikita-k (nikita-k) sent /invforce bolgelo 8-20-2020, 10:58:20 AM
nikita-k (nikita-k) sent /endevent 4215 8-20-2020, 10:59:10 AM
nikita-k (nikita-k) sent /newevent fighting_for_box's 8-20-2020, 10:59:41 AM
nikita-k (nikita-k) sent /eventset 1356 map=event 8-20-2020, 10:59:57 AM
nikita-k (nikita-k) sent /eventset 1356 can_keep_inventory=1 8-20-2020, 11:00:27 AM
nikita-k (nikita-k) sent /eventset 1356 joinx=5 8-20-2020, 11:00:41 AM
nikita-k (nikita-k) sent /eventset 1356 joiny=5 8-20-2020, 11:00:48 AM
nikita-k (nikita-k) sent /eventinfo 1356 8-20-2020, 11:00:54 AM
nikita-k (nikita-k) sent /launchevent 1356 8-20-2020, 11:01:08 AM
nikita-k (nikita-k) sent /joinevent 1356 8-20-2020, 11:01:26 AM
nikita-k (nikita-k) sent /give nikita-k zulfikar 1 8-20-2020, 11:02:11 AM
nikita-k (nikita-k) sent /rawmap 8-20-2020, 11:02:42 AM
nikita-k (nikita-k) sent /rawdata mapname:event
maxx:10
maxy:10
maxz:100
tile:0:10:0:10:0:0:tile
tile:0:10:0:10:0:0:concrete
zone:0:10:0:10:0:100:start area
zone:0:10:10:10:0:100:press enter:trackme
amb:0:10:0:10:0:100:amb6.ogg
fightingstate:0
noitems:0:30:0:30:0:30:wirebomb:motion_bomb:mine:stun_dart:remote_timebomb:remote_bomb:security_bomb:remote_gun:timebomb:barricade_bomb:health_dart:suicide_bomb:mass_bomb:bottle_bomb:impact_bomb:guided_missile:ultrabomb:bottle_bomb:carrier_missile:bullet_bomb:stun_grenade:sticky_bomb:grenade:robot:helicopter:pipe_bomb:snowball:small_projectile:tasing_small_projectile:stp429_mini_missile:throwing_star:poison_dart:sky_436_mine:warp_box:bomb_defuser:health_orb:poisoned_small_projectile:robocop:missile_interceptor:nuclear_bomb:hand_grenade:stone:concussive_grenade:turret:hipersound_bomb

travelpoint:0:10:10:10:0:0:event2:50:50:9:die 8-20-2020, 11:03:01 AM
nikita-k (nikita-k) sent /joinevent 1356 8-20-2020, 11:03:43 AM
nikita-k (nikita-k) sent /rawmap 8-20-2020, 11:08:13 AM
nikita-k (nikita-k) sent /rawdata mapname:event
maxx:10
maxy:10
maxz:100
tile:0:10:0:10:0:0:tile
tile:0:10:0:10:0:0:concrete
zone:0:10:0:10:0:100:start area
zone:0:10:10:10:0:100:press enter:trackme
amb:0:10:0:10:0:100:amb6.ogg
fightingstate:0
noitems:0:30:0:30:0:30:wirebomb:motion_bomb:mine:stun_dart:remote_timebomb:remote_bomb:security_bomb:remote_gun:timebomb:barricade_bomb:health_dart:suicide_bomb:mass_bomb:bottle_bomb:impact_bomb:guided_missile:ultrabomb:bottle_bomb:carrier_missile:bullet_bomb:stun_grenade:sticky_bomb:grenade:robot:helicopter:pipe_bomb:snowball:small_projectile:tasing_small_projectile:stp429_mini_missile:throwing_star:poison_dart:sky_436_mine:warp_box:bomb_defuser:health_orb:poisoned_small_projectile:robocop:missile_interceptor:nuclear_bomb:hand_grenade:stone:concussive_grenade:turret:hipersound_bomb:zulfikar

travelpoint:0:10:10:10:0:0:event2:50:50:9:die 8-20-2020, 11:08:27 AM
nikita-k (nikita-k) sent /inv 8-20-2020, 11:08:30 AM
nikita-k (nikita-k) sent /rawmap 8-20-2020, 11:08:35 AM
nikita-k (nikita-k) sent /rawdata mapname:event2
maxx:200
maxy:200
maxz:200
tile:0:100:0:100:0:0:tile
tile:0:100:0:100:0:0:metal5
zone:0:1000:0:1000:0:100:arena
tile:0:200:0:200:0:0:grass3
src:0:200:0:200:0:10:birds15.ogg
robots:0:200:0:200:0:0:3:5000:mortal,chest,metalbox,woodbox
src:0:200:0:200:-20:-20:jloop24.ogg
noitems:0:200:0:200:0:200:zulfikar 8-20-2020, 11:09:36 AM
nikita-k (nikita-k) sent /inv 8-20-2020, 11:09:45 AM
nikita-k (nikita-k) sent /leaveevent 1356 8-20-2020, 11:11:27 AM
nikita-k (nikita-k) sent /reboot 8-20-2020, 11:21:47 AM
nikita-k (nikita-k) sent /joinevent 1356 8-20-2020, 11:22:10 AM
nikita-k (nikita-k) sent /newevent fighting-for-box's 8-20-2020, 11:22:40 AM
nikita-k (nikita-k) sent /eventset 5194 map=event 8-20-2020, 11:22:54 AM
nikita-k (nikita-k) sent /eventset 5194 can_keep_inventory=1 8-20-2020, 11:23:12 AM
nikita-k (nikita-k) sent /eventset 5194 joinx=5 8-20-2020, 11:23:24 AM
nikita-k (nikita-k) sent /eventset 5194 joiny=5 8-20-2020, 11:23:34 AM
nikita-k (nikita-k) sent /launchevent 5194 8-20-2020, 11:23:46 AM
nikita-k (nikita-k) sent /joinevent 5194 8-20-2020, 11:24:15 AM
nikita-k (nikita-k) sent /inv 8-20-2020, 11:24:31 AM
nikita-k (nikita-k) sent /enablerobots 8-20-2020, 11:24:56 AM
nikita-k (nikita-k) sent /inv 8-20-2020, 11:26:23 AM
nikita-k (nikita-k) sent /suicide 8-20-2020, 11:26:33 AM
nikita-k (nikita-k) sent /rawmap 8-20-2020, 11:26:47 AM
nikita-k (nikita-k) sent /rawdata mapname:event
maxx:10
maxy:10
maxz:100
tile:0:10:0:10:0:0:tile
tile:0:10:0:10:0:0:concrete
zone:0:10:0:10:0:100:start area
zone:0:10:0:10:0:100:press enter:trackme
amb:0:10:0:10:0:100:amb6.ogg
fightingstate:0
noitems:0:30:0:30:0:30:wirebomb:motion_bomb:mine:stun_dart:remote_timebomb:remote_bomb:security_bomb:remote_gun:timebomb:barricade_bomb:health_dart:suicide_bomb:mass_bomb:bottle_bomb:impact_bomb:guided_missile:ultrabomb:bottle_bomb:carrier_missile:bullet_bomb:stun_grenade:sticky_bomb:grenade:robot:helicopter:pipe_bomb:snowball:small_projectile:tasing_small_projectile:stp429_mini_missile:throwing_star:poison_dart:sky_436_mine:warp_box:bomb_defuser:health_orb:poisoned_small_projectile:robocop:missile_interceptor:nuclear_bomb:hand_grenade:stone:concussive_grenade:turret:hipersound_bomb:zulfikar

travelpoint:0:10:0:10:0:0:event2:50:50:9:die 8-20-2020, 11:27:25 AM
nikita-k (nikita-k) sent /inv 8-20-2020, 11:27:59 AM
nikita-k (nikita-k) sent /rawdata mapname:event
maxx:10
maxy:10
maxz:100
tile:0:10:0:10:0:0:tile
tile:0:10:0:10:0:0:concrete
zone:0:10:0:10:0:100:start area
zone:0:0:10:10:0:100:press enter:trackme
amb:0:10:0:10:0:100:amb6.ogg
fightingstate:0
noitems:0:30:0:30:0:30:wirebomb:motion_bomb:mine:stun_dart:remote_timebomb:remote_bomb:security_bomb:remote_gun:timebomb:barricade_bomb:health_dart:suicide_bomb:mass_bomb:bottle_bomb:impact_bomb:guided_missile:ultrabomb:bottle_bomb:carrier_missile:bullet_bomb:stun_grenade:sticky_bomb:grenade:robot:helicopter:pipe_bomb:snowball:small_projectile:tasing_small_projectile:stp429_mini_missile:throwing_star:poison_dart:sky_436_mine:warp_box:bomb_defuser:health_orb:poisoned_small_projectile:robocop:missile_interceptor:nuclear_bomb:hand_grenade:stone:concussive_grenade:turret:hipersound_bomb:zulfikar:turret

travelpoint:0:0:10:10:0:0:event2:50:50:9:die 8-20-2020, 11:29:32 AM
nikita-k (nikita-k) sent /inv 8-20-2020, 11:29:56 AM
nikita-k (nikita-k) sent /inv 8-20-2020, 11:29:58 AM
nikita-k (nikita-k) sent /robotinfo 8-20-2020, 11:34:49 AM
nikita-k (nikita-k) sent /warnpublic в 12.00 event заканчиваетс€ 8-20-2020, 11:43:41 AM
nikita-k (nikita-k) sent /tempban ramil 1 8-20-2020, 11:49:35 AM
nikita-k (nikita-k) sent /endevent 9156 8-20-2020, 11:50:14 AM
nikita-k (nikita-k) sent /events 8-20-2020, 11:50:18 AM
nikita-k (nikita-k) sent /endevent 5194 8-20-2020, 11:50:33 AM
nikita-k (nikita-k) sent /inv 8-20-2020, 11:50:35 AM
nikita-k (nikita-k) sent /chars 8-20-2020, 11:57:47 AM
nikita-k (nikita-k) sent /inv 8-20-2020, 12:23:16 PM
nikita-k (nikita-k) sent /changemymap cklad 8-20-2020, 12:23:23 PM
nikita-k (nikita-k) sent /changemymap sklad 8-20-2020, 12:23:30 PM
nikita-k (nikita-k) sent /rawmap 8-20-2020, 12:23:38 PM
nikita-k (nikita-k) sent /rawdata mapname:sklad
maxx:50
maxy:50
maxz:50
tile:0:50:0:50:0:0:metal1
src:0:50:0:50:0:50:corridor.ogg
tile:0:0:0:50:0:50:wallmetal9
tile:0:50:0:0:0:50:wallmetal9
tile:50:50:0:50:0:50:wallmetal9
tile:0:50:50:50:0:50:wallmedaldebris
tile:0:50:50:50:0:50:wallmetal9
tile:1:49:49:49:0:25:metal2
tile:1:49:1:48:25:25:metal1
ispawn:1:49:1:48:25:25:3000:1:fnminimilight:cannon:sky_28_laser:small_dagger:spear:knife:hammer:glock_17_pistol:stp106_long_barreled_pistol:cyanide_pistol:colt_ar_15_assault_rifle:nak_nk1000_decimater:beretta_m1951_machine_pistol:zulfikar:sky_286_laser_pistol:sky_372_laser_machinegun:sky_386_laser_assault_rifle:sky_429_laser_shotgun
ispawn:1:49:1:48:0:0:15000:5:pack_of_30_ammo_fnminimilight:pack_of_30_ammo_sky_28_laser:pack_of_30_ammo_glock_17_pistol:pack_of_30_ammo_stp106_long_barreled_pistol:pack_of_30_ammo_cyanide_pistol:pack_of_30_ammo_colt_ar_15_assault_rifle:pack_of_30_ammo_nak_nk1000_decimater:pack_of_30_ammo_beretta_m1951_machine_pistol:pack_of_30_ammo_crossbow:pack_of_30_ammo_sniper:pack_of_30_ammo_mlk_207_combat_rifle:pack_of_30_ammo_cop_357_derringer_pistol:pack_of_30_ammo_sig_p226_combat_pistol:pack_of_30_ammo_taser:pack_of_30_ammo_modern_sub_machine_gun_carbine:pack_of_30_ammo_gauss:pack_of_30_ammo_m79_grenade_launcher:pack_of_30_ammo_str_301_long_barreled_machine_pistol:pack_of_30_ammo_shotgun:pack_of_30_ammo_stp21_handgun:pack_of_30_ammo_beretta_nano_pocket_pistol:pack_of_30_ammo_ags30
travelpoint:20:30:1:1:0:0:cave6:45:24:0:you open the gate and go out into the fresh air
zone:0:50:0:50:0:50:warehouse
tile:0:50:0:50:50:50:roof3
zone:20:30:1:1:0:10:gate
tile:20:30:0:0:0:10:wallgate
robots:1:49:1:49:0:0:1:10000:cockroach,dog,hunter,securityguard,rabbit
 8-20-2020, 12:24:21 PM
nikita-k (nikita-k) sent /inv 8-20-2020, 12:24:27 PM
nikita-k (nikita-k) sent /suicide 8-20-2020, 12:24:30 PM
nikita-k (nikita-k) sent /r zalp 8-20-2020, 12:29:48 PM
nikita-k (nikita-k) sent /inv 8-20-2020, 12:30:03 PM
nikita-k (nikita-k) sent /moveplayer nikita-k franklin 8-20-2020, 12:30:17 PM
nikita-k (nikita-k) sent /lchat работает всЄ 8-20-2020, 12:30:46 PM
nikita-k (nikita-k) sent /lchat go 8-20-2020, 12:31:01 PM
nikita-k (nikita-k) sent /move franklin 10 9 10 8-20-2020, 12:32:17 PM
nikita-k (nikita-k) sent /lchat попробуй выйти 8-20-2020, 12:32:48 PM
nikita-k (nikita-k) sent /lchat эт € мувнул 8-20-2020, 12:32:54 PM
nikita-k (nikita-k) sent /lchat хех 8-20-2020, 12:32:57 PM
nikita-k (nikita-k) sent /inv 8-20-2020, 12:33:12 PM
nikita-k (nikita-k) sent /suicide 8-20-2020, 12:33:14 PM
nikita-k (nikita-k) sent /teampoints 8-20-2020, 12:36:54 PM
nikita-k (nikita-k) sent /give Zurik coin 2000000 8-20-2020, 12:39:16 PM
nikita-k (nikita-k) sent /tempban Zurik 5 8-20-2020, 12:51:12 PM
nikita-k (nikita-k) sent /banned 8-20-2020, 12:51:53 PM
nikita-k (nikita-k) sent /tempbans 8-20-2020, 12:52:00 PM
nikita-k (nikita-k) sent /tempbans 8-20-2020, 12:54:54 PM
nikita-k (nikita-k) sent /robotinfo 8-20-2020, 1:00:19 PM
nikita-k (nikita-k) sent /chars 8-20-2020, 1:25:30 PM
nikita-k (nikita-k) sent /help 8-20-2020, 1:27:28 PM
nikita-k (nikita-k) sent /bestplayer 8-20-2020, 1:27:56 PM
nikita-k (nikita-k) sent /shelters 8-20-2020, 1:28:05 PM
nikita-k (nikita-k) sent /teams 8-20-2020, 1:28:09 PM
nikita-k (nikita-k) sent /countbombs 8-20-2020, 1:28:54 PM
nikita-k (nikita-k) sent /maps 8-20-2020, 1:30:50 PM
nikita-k (nikita-k) sent /events 8-20-2020, 1:31:33 PM
nikita-k (nikita-k) sent /votes 8-20-2020, 1:31:39 PM
nikita-k (nikita-k) sent /vote yes 8-20-2020, 1:31:44 PM
nikita-k (nikita-k) sent /votes 8-20-2020, 1:31:57 PM
nikita-k (nikita-k) sent /clearvotes 8-20-2020, 1:32:07 PM
nikita-k (nikita-k) sent /votes 8-20-2020, 1:32:34 PM
nikita-k (nikita-k) sent /shelterlist 8-20-2020, 1:33:33 PM
nikita-k (nikita-k) sent /newvote 8-20-2020, 1:34:45 PM
nikita-k (nikita-k) sent /votelist 8-20-2020, 1:36:35 PM
nikita-k (nikita-k) sent /points 8-20-2020, 1:37:42 PM
nikita-k (nikita-k) sent /updatetools 8-20-2020, 1:38:04 PM
nikita-k (nikita-k) sent /move spay 0 0 100 8-20-2020, 1:46:31 PM
nikita-k (nikita-k) sent /move spay 0 0 -100 8-20-2020, 1:51:34 PM
nikita-k (nikita-k) sent /move spay -20 -20 -100 8-20-2020, 1:51:48 PM
nikita-k (nikita-k) sent /move spay -20 -20 2000000000 8-20-2020, 1:52:08 PM
nikita-k (nikita-k) sent /inv 8-20-2020, 1:54:51 PM
nikita-k (nikita-k) sent /changemymap cage 8-20-2020, 1:55:01 PM
nikita-k (nikita-k) sent /rawmap 8-20-2020, 1:55:20 PM
nikita-k (nikita-k) sent /rawdata mapname:cage
maxx:25
maxy:25
maxz:200
tile:0:25:0:25:0:0:clay
zone:0:25:0:25:0:200:cage
noitems:0:25:0:25:0:200::guided_missile:aircraft:sticky_bomb:pipe_bomb:warp_box:antibiotic:police_car:gp30:robot:shield:security_bomb:helicopter:throwing_star:tk_ultra_health_potion:rocket_launcher:stp429_mini_missile:hand_cannon:mass_bomb:mine:motion_bomb:suicide_bomb
robots:0:25:0:25:0:0:1:1000:lion,bear,wolf,polarbear,coyote,hunter,dog,rabbit,boar,goat,gorilla,leopard
src:0:25:0:25:0:50:birds4.ogg
tile:0:25:0:25:40:40:cement3
zone:0:25:0:25:40:50:safe zone
travelpoint:10:10:10:10:40:40:cage:10:10:0:time started, show me how long you can be a live here!
zone:10:10:10:10:40:50:door to cage!:trackme
tile:10:10:10:10:40:40:marble1 8-20-2020, 1:57:06 PM
nikita-k (nikita-k) sent /rawmap 8-20-2020, 1:57:49 PM
nikita-k (nikita-k) sent /suicide 8-20-2020, 1:58:36 PM
nikita-k (nikita-k) sent /inv 8-20-2020, 1:58:42 PM
nikita-k (nikita-k) sent /rawmap 8-20-2020, 1:58:45 PM
nikita-k (nikita-k) sent /rawdata mapname:store
maxx:30
maxy:30
maxz:30
tile:0:30:0:30:0:0:wood3
zone:0:30:0:30:0:30:store
src:0:30:0:30:0:30:supermarket.ogg
tile:0:0:0:0:0:0:beam
zone:0:0:0:0:0:15:weapon store:trackme
tile:0:0:10:10:0:0:beam
zone:0:0:10:10:0:15:ammo store:trackme
tile:10:10:10:10:0:0:beam
zone:10:10:10:10:0:15:explosive store:trackme
tile:0:0:20:20:0:0:beam
zone:0:0:20:20:0:15:misc store:trackme
tile:10:10:20:20:0:0:beam
zone:10:10:20:20:0:15:medical store:trackme
tile:20:20:10:10:0:0:beam
zone:20:20:10:10:0:15:vehicle store:trackme
tile:20:20:0:0:0:0:beam
zone:20:20:0:0:0:15:melee weapons store:trackme
tile:15:15:15:15:0:0:diamond
zone:15:15:15:15:0:15:put a coin!:trackme
tile:10:10:0:0:0:0:plywood
zone:10:10:0:0:0:15:exit to the main:trackme
zone:30:30:30:30:0:15:to go to the boxing ring, press enter:trackme
travelpoint:30:30:30:30:0:10:boxing:1:1:40:moved
zone:0:0:30:30:0:15:door to the cage of the angry and hungry animals, it looks like a really dangerous place, be very carefull entering this:trackme
travelpoint:0:0:30:30:0:10:cage:0:0:40:good luck, try to survive here!
vending_machine:20:20:0
tile:20:20:20:20:0:0:beam
zone:20:20:20:20:0:15:vending machine:trackme
zone:15:15:30:30:0:15:to go on the zalp map, press enter:trackme
travelpoint:15:15:30:30:0:10:zalp:25:25:0:good luck to surviv!
/travelpoint:0:30:0:30:30:50:store:15:15:0:done
/travelpoint:30:30:11:11:0:10:balls:0:150:100:moved
noitems:0:30:0:30:0:30:wirebomb:motion_bomb:mine:stun_dart:remote_timebomb:remote_bomb:security_bomb:remote_gun:timebomb:barricade_bomb:health_dart:suicide_bomb:mass_bomb:bottle_bomb:impact_bomb:guided_missile:ultrabomb:bottle_bomb:carrier_missile:bullet_bomb:stun_grenade:sticky_bomb:grenade:robot:helicopter:pipe_bomb:snowball:small_projectile:tasing_small_projectile:stp429_mini_missile:throwing_star:poison_dart:sky_436_mine:warp_box:bomb_defuser:health_orb:poisoned_small_projectile:robocop:missile_interceptor:nuclear_bomb:stone:concussive_grenade:turret:hand_grenade:hipersound_bomb
travelpoint:30:30:0:0:0:10:oldmain:250:250:0:moved
zone:30:30:0:0:0:10:pass to old main map:trackme
zone:5:5:0:0:0:0:pornohub vidios now enable!
zone:5:5:0:0:0:0:store
tile:0:30:0:30:0:0:bare
tile:0:30:0:30:0:0:stone2
tile:10:10:0:0:0:0:vent
tile:10:10:10:10:10:10:plywood
tile:0:0:0:0:0:0:beam
tile:0:0:10:10:0:0:beam
tile:0:0:20:20:0:0:beam
tile:10:10:20:20:0:0:beam
tile:10:10:10:10:0:0:beam
tile:20:20:10:10:0:0:beam
tile:20:20:20:20:0:0:beam
tile:20:20:0:0:0:0:beam
tile:10:10:0:0:0:0:plywood
tile:15:15:15:15:0:0:diamond
travelpoint:5:5:30:30:0:0:battles:0:0:0:ok
zone:5:5:30:30:0:5:pass to the battlefield:trackme
fightingstate:0
tile:0:30:0:30:0:0:wood
tile:0:30:0:30:0:0:wood3
tile:20:20:0:0:0:0:beam
tile:10:10:0:0:0:0:plywood
tile:0:0:0:0:0:0:beam
tile:0:0:10:10:0:0:beam
tile:0:0:20:20:0:0:beam
tile:10:10:20:20:0:0:beam
tile:10:10:10:10:0:0:beam
tile:20:20:10:10:0:0:beam
tile:20:20:20:20:0:0:beam
tile:15:15:15:15:0:0:diamond
tile:10:10:0:0:0:0:marble1
jplayer:15:15:0 8-20-2020, 1:59:51 PM
nikita-k (nikita-k) sent /notify подн€л savezone в клетке с 20 до 40 8-20-2020, 2:00:47 PM
nikita-k (nikita-k) sent /move nikita-k 0 0 0 8-20-2020, 2:08:45 PM
nikita-k (nikita-k) sent /chars 8-20-2020, 2:37:32 PM
nikita-k (nikita-k) sent /hideme 8-20-2020, 2:38:27 PM
nikita-k (nikita-k) sent /chat hi 8-20-2020, 2:38:52 PM
nikita-k (nikita-k) sent /chat die 8-20-2020, 2:39:00 PM
nikita-k (nikita-k) sent /unhideme 8-20-2020, 2:39:57 PM
nikita-k (nikita-k) sent /mass_invasion 8-20-2020, 2:43:03 PM
nikita-k (nikita-k) sent /wire_invasion 8-20-2020, 2:47:31 PM
nikita-k (nikita-k) sent /chars 8-20-2020, 6:24:52 PM
nikita-k (nikita-k) sent /chars 8-20-2020, 6:30:53 PM
nikita-k (nikita-k) sent /chars 8-20-2020, 7:16:43 PM
nikita-k (nikita-k) sent /chars 8-20-2020, 7:34:51 PM
nikita-k (nikita-k) sent /enablerobots 8-20-2020, 7:36:41 PM
nikita-k (nikita-k) sent /changemymap lern 8-20-2020, 7:38:28 PM
nikita-k (nikita-k) sent /rawmap 8-20-2020, 7:38:40 PM
nikita-k (nikita-k) sent /enablerobots 8-20-2020, 7:39:44 PM
nikita-k (nikita-k) sent /robotimfo 8-20-2020, 7:40:11 PM
nikita-k (nikita-k) sent /robotinfo 8-20-2020, 7:40:17 PM
nikita-k (nikita-k) sent /suicide 8-20-2020, 7:41:40 PM
nikita-k (nikita-k) sent /chars 8-20-2020, 7:43:15 PM
nikita-k (nikita-k) sent /enablerobots 8-20-2020, 9:13:52 PM
nikita-k (nikita-k) sent /reboot 8-20-2020, 9:28:39 PM
nikita-k (nikita-k) sent /newmotd Ќова€ верси€ the killer, 1.97.9! ƒобавил 13 новых песен в jplayer.
новые мобы, 4  ирилла! —пециально дл€ них, будет построина карта мир  ириллов, зайти туда можно из магазина! ”дачного  ириллаубивани€!
»зменил звуки попадани€ по персонажу.
 8-20-2020, 9:43:07 PM
nikita-k (nikita-k) sent /addtomotd ѕри€тной игры! 8-20-2020, 9:43:19 PM
nikita-k (nikita-k) sent /chars 8-20-2020, 9:43:23 PM
nikita-k (nikita-k) sent /maps 8-20-2020, 9:46:04 PM
nikita-k (nikita-k) sent /enablerobots 8-20-2020, 9:47:37 PM
nikita-k (nikita-k) sent /chars 8-20-2020, 9:47:52 PM
nikita-k (nikita-k) sent /admingun 8-20-2020, 9:49:13 PM
nikita-k (nikita-k) sent /reboot 8-20-2020, 9:50:43 PM
nikita-k (nikita-k) sent /enablerobots 8-20-2020, 9:51:16 PM
nikita-k (nikita-k) sent /robots 8-20-2020, 9:51:24 PM
nikita-k (nikita-k) sent /changemymap justtest 8-20-2020, 9:51:47 PM
nikita-k (nikita-k) sent /changemymap just_test 8-20-2020, 9:51:54 PM
nikita-k (nikita-k) sent /rawmap 8-20-2020, 9:52:00 PM
nikita-k (nikita-k) sent /changemap darkfrent just_test 8-20-2020, 9:52:40 PM
nikita-k (nikita-k) sent /invforce darkfrent 8-20-2020, 9:52:43 PM
nikita-k (nikita-k) sent /rawdata mapname:just_test
maxx:30
maxy:30
maxz:100
tile:0:30:0:30:0:0:grass
amb:0:100:0:100:0:100:amb2.ogg
robots:0:30:0:30:0:0:1:1000:kirill1,kirill2,kirill3,kirill4 8-20-2020, 9:53:54 PM
nikita-k (nikita-k) sent /admingun 8-20-2020, 9:54:03 PM
nikita-k (nikita-k) sent /changemymap just_test 8-20-2020, 9:54:42 PM
nikita-k (nikita-k) sent /coins 8-20-2020, 9:56:08 PM
nikita-k (nikita-k) sent /changemymap just_test 8-20-2020, 9:56:15 PM
nikita-k (nikita-k) sent /changemymap just_test 8-20-2020, 9:56:52 PM
nikita-k (nikita-k) sent /sethealthdarkfrent 0 8-20-2020, 9:58:38 PM
nikita-k (nikita-k) sent /sethealth darkfrent 0 8-20-2020, 9:58:54 PM
nikita-k (nikita-k) sent /invforce darkfrent 8-20-2020, 9:59:00 PM
nikita-k (nikita-k) sent /changemymap just_test 8-20-2020, 10:04:07 PM
nikita-k (nikita-k) sent /changemymap just_test 8-20-2020, 10:05:08 PM
nikita-k (nikita-k) sent /builders 8-20-2020, 10:07:18 PM
nikita-k (nikita-k) sent /r всмысле, не пон€л.  ака€ рега? 8-20-2020, 10:15:51 PM
nikita-k (nikita-k) sent /r так востонавливать не сложно 8-20-2020, 10:16:39 PM
nikita-k (nikita-k) sent /r health drink 8-20-2020, 10:17:09 PM
nikita-k (nikita-k) sent /r например 8-20-2020, 10:17:18 PM
nikita-k (nikita-k) sent /garbage 8-20-2020, 10:17:31 PM
nikita-k (nikita-k) sent /r /joinevent пробел и id 8-20-2020, 10:18:47 PM
nikita-k (nikita-k) sent /help 8-20-2020, 10:19:36 PM
nikita-k (nikita-k) sent /r каким образом? хех 8-20-2020, 10:22:25 PM
nikita-k (nikita-k) sent /r € даже не знаю 8-20-2020, 10:22:33 PM
nikita-k (nikita-k) sent /r чего мне не хвотает только, это того, что € не очень хорошо знаю bgt 8-20-2020, 10:23:03 PM
nikita-k (nikita-k) sent /r да не нужно 8-20-2020, 10:23:28 PM
nikita-k (nikita-k) sent /r ну у мен€ звуков так то около 600 гб, но почему бы и нет 8-20-2020, 10:24:31 PM
nikita-k (nikita-k) sent /r в вк часто бываю 8-20-2020, 10:25:39 PM
nikita-k (nikita-k) sent /intmaps 8-20-2020, 10:26:30 PM
nikita-k (nikita-k) sent /r ну лазерный дробовик есть, на складе 8-20-2020, 10:26:48 PM
nikita-k (nikita-k) sent /r на main есть домик, там в туалете проход в первую пищеру, всего 6 пещер, после них, склад 8-20-2020, 10:28:20 PM
nikita-k (nikita-k) sent /r ok 8-20-2020, 10:29:45 PM
nikita-k (nikita-k) sent /r € знаю! 8-20-2020, 10:33:02 PM
nikita-k (nikita-k) sent /r порусски нельз€ фразы писать 8-20-2020, 10:33:14 PM
nikita-k (nikita-k) sent /r переведу их на англ завтра 8-20-2020, 10:33:24 PM
nikita-k (nikita-k) sent /r завтра всЄ будет 8-20-2020, 10:35:05 PM