
athee (athee) sent /teamleave 1-19-2021, 9:44:01 AM
athee (athee) sent /s57 1-19-2021, 9:49:12 AM
athee (athee) sent /s54 1-19-2021, 9:49:22 AM
athee (athee) sent /s52 1-19-2021, 9:49:30 AM
athee (athee) sent /s45 1-19-2021, 9:49:59 AM
athee (athee) sent /s45 1-19-2021, 9:50:50 AM
athee (athee) sent /lchat what 1-19-2021, 9:51:04 AM
athee (athee) sent /lchat jump 1-19-2021, 9:52:25 AM
athee (athee) sent /lchat use camera 1-19-2021, 9:52:33 AM
athee (athee) sent /lchat jump correctly 1-19-2021, 9:52:58 AM
athee (athee) sent /lchat use camera 1-19-2021, 9:53:04 AM
athee (athee) sent /lchat jemsel bro 1-19-2021, 9:54:50 AM
athee (athee) sent /lchat copy who? 1-19-2021, 9:55:21 AM
athee (athee) sent /lchat you are level 38 with 178337 experience. your next level requireds 2163 experience 1-19-2021, 9:55:43 AM
athee (athee) sent /lchat your next level requireds 2163 experience 1-19-2021, 9:55:48 AM
athee (athee) sent /cancelauction 1-19-2021, 9:55:52 AM
athee (athee) sent /lchat no auction to cancel 1-19-2021, 9:55:55 AM
athee (athee) sent /lchat shielded tsunami is below, streight off to the right, 9 feet away.  1-19-2021, 9:56:06 AM
athee (athee) sent /lchat coin, 1394921 1-19-2021, 9:57:06 AM
athee (athee) sent /lchat machi 1-19-2021, 9:59:43 AM
athee (athee) sent /lchat po 1-19-2021, 9:59:49 AM
athee (athee) sent /lchat wait da 1-19-2021, 10:00:05 AM
athee (athee) sent /lchat s 1-19-2021, 10:03:18 AM
athee (athee) sent /lchat tell bro 1-19-2021, 10:03:24 AM
athee (athee) sent /lchat k 1-19-2021, 10:03:30 AM
athee (athee) sent /lchat 1, 32, 20.  1-19-2021, 10:04:11 AM
athee (athee) sent /lchat s 1-19-2021, 10:04:56 AM
athee (athee) sent /lchat what facing 1-19-2021, 10:09:19 AM
athee (athee) sent /lchat frent 2 jump 1-19-2021, 10:09:34 AM
athee (athee) sent /lchat here 1-19-2021, 10:10:00 AM
athee (athee) sent /lchat jump frent 2 1-19-2021, 10:10:14 AM
athee (athee) sent /lchat call me 1-19-2021, 10:10:39 AM
athee (athee) sent /lchat o kk 1-19-2021, 10:10:54 AM
athee (athee) sent /s49 1-19-2021, 10:11:27 AM
athee (athee) sent /lchat below, streight off to the right (49 tiles away)  in dangerous place at 0, 1, 0 1-19-2021, 10:11:46 AM
athee (athee) sent /lchat slow 1-19-2021, 10:11:56 AM
athee (athee) sent /s52 1-19-2021, 10:13:22 AM
athee (athee) sent /s4 1-19-2021, 10:13:34 AM
athee (athee) sent /s6 1-19-2021, 10:13:53 AM
athee (athee) sent /lchat wait machi 1-19-2021, 10:16:02 AM
athee (athee) sent /lchat ava pokattum 1-19-2021, 10:16:33 AM
athee (athee) sent /lchat wait 1-19-2021, 10:17:06 AM
athee (athee) sent /lchat what bro 1-19-2021, 10:17:42 AM
athee (athee) sent /lchat wait coming bro 1-19-2021, 10:18:03 AM
athee (athee) sent /lchat s 1-19-2021, 10:18:41 AM
athee (athee) sent /lchat waiting for rathee 1-19-2021, 10:19:00 AM
athee (athee) sent /lchat jemsel bro 1-19-2021, 10:19:17 AM
athee (athee) sent /lchat your facing 1-19-2021, 10:19:25 AM
athee (athee) sent /lchat jump then left and up aro first check camera 1-19-2021, 10:20:06 AM
athee (athee) sent /lchat jemsel bro did u got that 1-19-2021, 10:20:57 AM
athee (athee) sent /lchat bro what u did here 1 32 20 1-19-2021, 10:21:43 AM
athee (athee) sent /lchat facing 1-19-2021, 10:22:16 AM
athee (athee) sent /lchat below, streight off to the right (8 tiles away)  in dangerous place at 0, 33, 9 1-19-2021, 10:22:45 AM
athee (athee) sent /lchat wao 1-19-2021, 10:23:03 AM
athee (athee) sent /lchat nice 1-19-2021, 10:23:10 AM
athee (athee) sent /lchat jump 5 frent 1-19-2021, 10:23:20 AM
athee (athee) sent /lchat nice wait 1-19-2021, 10:23:33 AM
athee (athee) sent /lchat now jump then right 1-19-2021, 10:23:57 AM
athee (athee) sent /lchat like 0 29 1-19-2021, 10:24:04 AM
athee (athee) sent /lchat wait guys 1-19-2021, 10:24:37 AM
athee (athee) sent /lchat s 1-19-2021, 10:24:42 AM
athee (athee) sent /bid 5001 1-19-2021, 10:27:09 AM
athee (athee) sent /lchat bro min 1 1-19-2021, 10:29:24 AM
athee (athee) sent /lchat minium 1 dollar 1-19-2021, 10:29:53 AM
athee (athee) sent /lchat coin 1-19-2021, 10:29:57 AM
athee (athee) sent /lchat s 1-19-2021, 10:30:41 AM
athee (athee) sent /r wait 1-19-2021, 10:30:52 AM
athee (athee) sent /lchat o 1-19-2021, 10:31:38 AM
athee (athee) sent /lchat 10 1-19-2021, 10:31:54 AM
athee (athee) sent /lchat 12 1-19-2021, 10:31:58 AM
athee (athee) sent /lchat 14, 15 1-19-2021, 10:32:11 AM
athee (athee) sent /lchat jemsel bro 1-19-2021, 10:32:47 AM
athee (athee) sent /lchat track me 1-19-2021, 10:32:52 AM
athee (athee) sent /lchat rathee 1-19-2021, 10:33:11 AM
athee (athee) sent /lchat rathee 1-19-2021, 10:34:16 AM
athee (athee) sent /lchat rathee track me 1-19-2021, 10:34:28 AM
athee (athee) sent /lchat s u have to jump here 1-19-2021, 10:34:48 AM
athee (athee) sent /r 7 jump frent 1-19-2021, 10:35:40 AM
athee (athee) sent /lchat rathee 1-19-2021, 10:36:20 AM
athee (athee) sent /lchat haha 1-19-2021, 10:45:13 AM
athee (athee) sent /lchat jemsel bro 1-19-2021, 10:47:39 AM
athee (athee) sent /lchat i found unother nice waw 1-19-2021, 10:47:52 AM
athee (athee) sent /lchat way 1-19-2021, 10:47:57 AM
athee (athee) sent /lchat wait onesec 1-19-2021, 10:48:16 AM
athee (athee) sent /lchat glitch 1-19-2021, 10:49:43 AM
athee (athee) sent /lchat s 1-19-2021, 10:56:35 AM
athee (athee) sent /lchat krish 1-19-2021, 11:03:44 AM
athee (athee) sent /lchat 0, 90, 0.  1-19-2021, 11:03:50 AM
athee (athee) sent /lchat krish guide me 1-19-2021, 11:07:37 AM
athee (athee) sent /lchat now 1-19-2021, 11:09:03 AM
athee (athee) sent /lchat now 1-19-2021, 11:10:23 AM
athee (athee) sent /lchat k 1-19-2021, 11:10:48 AM
athee (athee) sent /statclear 1-19-2021, 11:13:57 AM
athee (athee) sent /jointeam masters killer3000 1-19-2021, 11:21:53 AM
athee (athee) sent /lchat o 1-19-2021, 11:25:15 AM
athee (athee) sent /lchat s 1-19-2021, 11:43:22 AM
athee (athee) sent /lchat s bro 1-19-2021, 11:43:53 AM
athee (athee) sent /lchat tracking  sgamer 1-19-2021, 11:44:14 AM
athee (athee) sent /s1 1-19-2021, 11:44:29 AM
athee (athee) sent /r ok bro 1-19-2021, 11:44:42 AM
athee (athee) sent /r s 1-19-2021, 11:45:00 AM
athee (athee) sent /r divine has given you 1 the_legendary_swords! 1-19-2021, 11:45:20 AM
athee (athee) sent /r ok bro 1-19-2021, 11:45:25 AM
athee (athee) sent /r bro come 1-19-2021, 11:49:12 AM
athee (athee) sent /r now i am going to bs 1-19-2021, 11:49:53 AM
athee (athee) sent /r just fun bro 1-19-2021, 11:50:16 AM
athee (athee) sent /r o 1-19-2021, 11:50:29 AM
athee (athee) sent /r who bro 1-19-2021, 11:52:25 AM
athee (athee) sent /r ha i also come 1-19-2021, 11:52:47 AM
athee (athee) sent /r where is hhe bro 1-19-2021, 11:53:07 AM
athee (athee) sent /r he 1-19-2021, 11:53:13 AM
athee (athee) sent /gnsubmit 12 1-19-2021, 11:56:03 AM
athee (athee) sent /lchat no bro 1-19-2021, 12:51:21 PM
athee (athee) sent /lchat hi 1-19-2021, 12:54:37 PM
athee (athee) sent /bid 12 1-19-2021, 12:54:43 PM
athee (athee) sent /lchat what is that bro 1-19-2021, 12:54:53 PM
athee (athee) sent /s5 1-19-2021, 1:12:26 PM
athee (athee) sent /lchat ha 1-19-2021, 4:20:18 PM
athee (athee) sent /lchat guys i want aircraft 1-19-2021, 4:27:33 PM
athee (athee) sent /bid 2 1-19-2021, 4:27:47 PM
athee (athee) sent /lchat s 1-19-2021, 4:28:00 PM
athee (athee) sent /lchat s 1-19-2021, 4:28:06 PM
athee (athee) sent /lchat what bro 1-19-2021, 4:28:14 PM
athee (athee) sent /lchat no bro i have 1-19-2021, 4:28:43 PM
athee (athee) sent /lchat s bro track me 1-19-2021, 4:29:41 PM
athee (athee) sent /lchat i am flying 1-19-2021, 4:29:50 PM
athee (athee) sent /lchat flying 1-19-2021, 4:30:00 PM
athee (athee) sent /lchat anil bro 1-19-2021, 4:34:05 PM
athee (athee) sent /lchat 250, 250, 200.  1-19-2021, 4:34:11 PM
athee (athee) sent /lchat s 1-19-2021, 4:34:31 PM
athee (athee) sent /lchat no 1-19-2021, 4:35:23 PM
athee (athee) sent /r s bro 1-19-2021, 4:39:17 PM
athee (athee) sent /r y bro 1-19-2021, 4:39:30 PM
athee (athee) sent /r hey bro 1-19-2021, 4:39:59 PM
athee (athee) sent /r what is this 1-19-2021, 4:40:04 PM
athee (athee) sent /r we are friends no 1-19-2021, 4:40:17 PM
athee (athee) sent /r no bro 1-19-2021, 4:42:20 PM
athee (athee) sent /r bro wait i will show u one weapon 1-19-2021, 4:43:07 PM
athee (athee) sent /r coming bro 1-19-2021, 4:43:56 PM
athee (athee) sent /r don't attack me 1-19-2021, 4:44:17 PM
athee (athee) sent /lchat haha 1-19-2021, 4:50:19 PM
athee (athee) sent /lchat s bro 1-19-2021, 4:51:27 PM
athee (athee) sent /lchat ok bro 1-19-2021, 4:51:50 PM
athee (athee) sent /lchat s bro 1-19-2021, 4:53:17 PM
athee (athee) sent /lchat no only bombs bro 1-19-2021, 4:53:35 PM
athee (athee) sent /lchat bro check your health 1-19-2021, 4:54:00 PM
athee (athee) sent /lchat ss bro 1-19-2021, 4:54:08 PM
athee (athee) sent /lchat barricade 1-19-2021, 4:54:28 PM
athee (athee) sent /lchat how much health it takes 1-19-2021, 4:54:45 PM
athee (athee) sent /lchat bomb_defuser, 43 1-19-2021, 4:55:14 PM
athee (athee) sent /lchat k 1-19-2021, 4:55:20 PM
athee (athee) sent /lchat health dart? 1-19-2021, 4:55:42 PM
athee (athee) sent /lchat s 1-19-2021, 4:55:50 PM
athee (athee) sent /lchat 97381 health, 500 shielded shots. 1-19-2021, 4:56:01 PM
athee (athee) sent /lchat stun dart 1-19-2021, 4:56:20 PM
athee (athee) sent /lchat empty bottle bro 1-19-2021, 4:56:57 PM
athee (athee) sent /lchat bro 1-19-2021, 4:57:08 PM
athee (athee) sent /lchat no 1-19-2021, 4:57:14 PM
athee (athee) sent /lchat s brooooooooooooooooooooooo 1-19-2021, 4:57:36 PM
athee (athee) sent /lchat tt? 1-19-2021, 4:57:45 PM
athee (athee) sent /lchat what help 1-19-2021, 4:57:56 PM
athee (athee) sent /lchat yeah i no 1-19-2021, 4:58:04 PM
athee (athee) sent /lchat ok i will tell u 1-19-2021, 4:58:51 PM
athee (athee) sent /lchat from where 1-19-2021, 4:59:43 PM
athee (athee) sent /lchat which server 1-19-2021, 4:59:51 PM
athee (athee) sent /r s bro i can understand 1-19-2021, 5:19:46 PM
athee (athee) sent /r bro 1-19-2021, 5:20:59 PM
athee (athee) sent /r could u give ur nvda remote 1-19-2021, 5:21:17 PM
athee (athee) sent /r key 1-19-2021, 5:21:28 PM
athee (athee) sent /r bro 1-19-2021, 5:26:13 PM
athee (athee) sent /r i want details 1-19-2021, 5:26:25 PM
athee (athee) sent /r server adress port and user name and password 1-19-2021, 5:26:45 PM
athee (athee) sent /r no bro 1-19-2021, 5:27:09 PM
athee (athee) sent /r server adress 1-19-2021, 5:27:27 PM
athee (athee) sent /r where is that ttfile 1-19-2021, 5:27:37 PM
athee (athee) sent /r done bro your in the server root channel 1-19-2021, 5:30:03 PM
athee (athee) sent /pm killer3000 done bro your in the root channel of the server 1-19-2021, 5:30:27 PM
athee (athee) sent /r bro i am not sure 1-19-2021, 5:31:06 PM
athee (athee) sent /r i will cheak and let u np 1-19-2021, 5:31:23 PM
athee (athee) sent /r wait bro 1-19-2021, 5:31:35 PM
athee (athee) sent /r bro 1-19-2021, 5:32:37 PM
athee (athee) sent /r users sub menu 1-19-2021, 5:32:46 PM
athee (athee) sent /r then advance 1-19-2021, 5:32:57 PM
athee (athee) sent /r there media volume 1-19-2021, 5:33:08 PM