
athee(athee) used a pack_of_20_missile_interceptor 1-19-2021, 9:56:16 AM
athee(athee) used a poison_dart 1-19-2021, 9:56:23 AM
athee(athee) used a poison_dart 1-19-2021, 9:56:26 AM
athee(athee) used a pipe_bomb 1-19-2021, 9:56:34 AM
athee(athee) used a antibiotic 1-19-2021, 11:10:16 AM
athee(athee) used a antibiotic 1-19-2021, 11:10:56 AM
athee(athee) used a antibiotic 1-19-2021, 11:20:23 AM
athee(athee) used a sniper 1-19-2021, 11:20:41 AM
athee(athee) used a antibiotic 1-19-2021, 11:20:46 AM
athee(athee) used a antibiotic 1-19-2021, 11:20:53 AM
athee(athee) used a antibiotic 1-19-2021, 11:21:33 AM
athee(athee) used a antibiotic 1-19-2021, 11:21:56 AM
athee(athee) used a antibiotic 1-19-2021, 11:22:22 AM
athee(athee) used a antibiotic 1-19-2021, 11:23:01 AM
athee(athee) used a steal_warhammer 1-19-2021, 11:24:21 AM
athee(athee) used a shield 1-19-2021, 11:24:26 AM
athee(athee) used a shield 1-19-2021, 11:24:27 AM
athee(athee) used a shield 1-19-2021, 11:24:27 AM
athee(athee) used a shield 1-19-2021, 11:24:27 AM
athee(athee) used a shield 1-19-2021, 11:24:28 AM
athee(athee) used a shield 1-19-2021, 11:24:28 AM
athee(athee) used a shield 1-19-2021, 11:24:28 AM
athee(athee) used a shield 1-19-2021, 11:24:29 AM
athee(athee) used a shield 1-19-2021, 11:24:30 AM
athee(athee) used a shield 1-19-2021, 11:24:30 AM
athee(athee) used a shield 1-19-2021, 11:24:30 AM
athee(athee) used a shield 1-19-2021, 11:24:30 AM
athee(athee) used a shield 1-19-2021, 11:24:31 AM
athee(athee) used a shield 1-19-2021, 11:24:31 AM
athee(athee) used a shield 1-19-2021, 11:24:31 AM
athee(athee) used a shield 1-19-2021, 11:24:32 AM
athee(athee) used a shield 1-19-2021, 11:24:32 AM
athee(athee) used a shield 1-19-2021, 11:24:33 AM
athee(athee) used a shield 1-19-2021, 11:24:33 AM
athee(athee) used a shield 1-19-2021, 11:24:33 AM
athee(athee) used a shield 1-19-2021, 11:24:33 AM
athee(athee) used a shield 1-19-2021, 11:24:34 AM
athee(athee) used a shield 1-19-2021, 11:24:34 AM
athee(athee) used a shield 1-19-2021, 11:24:35 AM
athee(athee) used a shield 1-19-2021, 11:24:35 AM
athee(athee) used a shield 1-19-2021, 11:24:35 AM
athee(athee) used a shield 1-19-2021, 11:24:35 AM
athee(athee) used a shield 1-19-2021, 11:24:36 AM
athee(athee) used a shield 1-19-2021, 11:24:36 AM
athee(athee) used a shield 1-19-2021, 11:24:36 AM
athee(athee) used a shield 1-19-2021, 11:24:36 AM
athee(athee) used a shield 1-19-2021, 11:24:37 AM
athee(athee) used a shield 1-19-2021, 11:24:37 AM
athee(athee) used a antibiotic 1-19-2021, 11:24:54 AM
athee(athee) used a antibiotic 1-19-2021, 11:24:59 AM
athee(athee) used a antibiotic 1-19-2021, 11:25:27 AM
athee(athee) used a antibiotic 1-19-2021, 11:25:27 AM
athee(athee) used a tk_ultra_health_potion 1-19-2021, 11:27:26 AM
athee(athee) used a health_drink 1-19-2021, 11:27:31 AM
athee(athee) used a antibiotic 1-19-2021, 11:27:41 AM
athee(athee) used a antibiotic 1-19-2021, 11:27:52 AM
athee(athee) used a antibiotic 1-19-2021, 11:27:53 AM
athee(athee) used a frequency_scrambler 1-19-2021, 11:28:35 AM
athee(athee) used a frequency_scrambler 1-19-2021, 11:29:06 AM
athee(athee) used a frequency_scrambler 1-19-2021, 11:29:17 AM
athee(athee) used a frequency_scrambler 1-19-2021, 11:29:18 AM
athee(athee) used a frequency_scrambler 1-19-2021, 11:29:21 AM
athee(athee) used a frequency_scrambler 1-19-2021, 11:29:56 AM
athee(athee) used a frequency_scrambler 1-19-2021, 11:29:57 AM
athee(athee) used a frequency_scrambler 1-19-2021, 11:30:27 AM
athee(athee) used a frequency_scrambler 1-19-2021, 11:30:59 AM
athee(athee) used a frequency_scrambler 1-19-2021, 11:31:36 AM
athee(athee) used a frequency_scrambler 1-19-2021, 11:31:52 AM
athee(athee) used a frequency_scrambler 1-19-2021, 11:32:00 AM
athee(athee) used a frequency_scrambler 1-19-2021, 11:32:01 AM
athee(athee) used a frequency_scrambler 1-19-2021, 11:32:01 AM
athee(athee) used a frequency_scrambler 1-19-2021, 11:33:02 AM
athee(athee) used a shield 1-19-2021, 11:35:04 AM
athee(athee) used a shield 1-19-2021, 11:35:04 AM
athee(athee) used a shield 1-19-2021, 11:35:05 AM
athee(athee) used a shield 1-19-2021, 11:35:05 AM
athee(athee) used a shield 1-19-2021, 11:35:05 AM
athee(athee) used a shield 1-19-2021, 11:35:06 AM
athee(athee) used a shield 1-19-2021, 11:35:06 AM
athee(athee) used a shield 1-19-2021, 11:35:06 AM
athee(athee) used a shield 1-19-2021, 11:35:06 AM
athee(athee) used a shield 1-19-2021, 11:35:07 AM
athee(athee) used a shield 1-19-2021, 11:35:07 AM
athee(athee) used a shield 1-19-2021, 11:35:07 AM
athee(athee) used a shield 1-19-2021, 11:35:07 AM
athee(athee) used a shield 1-19-2021, 11:35:08 AM
athee(athee) used a shield 1-19-2021, 11:35:08 AM
athee(athee) used a shield 1-19-2021, 11:35:09 AM
athee(athee) used a shield 1-19-2021, 11:35:09 AM
athee(athee) used a shield 1-19-2021, 11:35:09 AM
athee(athee) used a shield 1-19-2021, 11:35:09 AM
athee(athee) used a shield 1-19-2021, 11:35:10 AM
athee(athee) used a shield 1-19-2021, 11:35:10 AM
athee(athee) used a shield 1-19-2021, 11:35:10 AM
athee(athee) used a shield 1-19-2021, 11:35:11 AM
athee(athee) used a shield 1-19-2021, 11:35:11 AM
athee(athee) used a shield 1-19-2021, 11:35:11 AM
athee(athee) used a shield 1-19-2021, 11:35:12 AM
athee(athee) used a shield 1-19-2021, 11:35:12 AM
athee(athee) used a shield 1-19-2021, 11:35:12 AM
athee(athee) used a shield 1-19-2021, 11:35:12 AM
athee(athee) used a shield 1-19-2021, 11:35:13 AM
athee(athee) used a shield 1-19-2021, 11:35:13 AM
athee(athee) used a shield 1-19-2021, 11:35:13 AM
athee(athee) used a tk_ultra_health_potion 1-19-2021, 11:35:18 AM
athee(athee) used a health_drink 1-19-2021, 11:35:27 AM
athee(athee) used a health_drink 1-19-2021, 11:35:33 AM
athee(athee) used a antibiotic 1-19-2021, 11:35:40 AM
athee(athee) used a antibiotic 1-19-2021, 11:36:01 AM
athee(athee) used a tk_ultra_health_potion 1-19-2021, 11:37:26 AM
athee(athee) used a health_drink 1-19-2021, 11:37:31 AM
athee(athee) used a health_drink 1-19-2021, 11:37:36 AM
athee(athee) used a shield 1-19-2021, 11:37:42 AM
athee(athee) used a shield 1-19-2021, 11:37:42 AM
athee(athee) used a shield 1-19-2021, 11:37:43 AM
athee(athee) used a shield 1-19-2021, 11:37:43 AM
athee(athee) used a shield 1-19-2021, 11:37:44 AM
athee(athee) used a shield 1-19-2021, 11:38:05 AM
athee(athee) used a shield 1-19-2021, 11:38:06 AM
athee(athee) used a shield 1-19-2021, 11:38:06 AM
athee(athee) used a shield 1-19-2021, 11:38:07 AM
athee(athee) used a shield 1-19-2021, 11:38:07 AM
athee(athee) used a shield 1-19-2021, 11:38:08 AM
athee(athee) used a shield 1-19-2021, 11:38:08 AM
athee(athee) used a shield 1-19-2021, 11:38:08 AM
athee(athee) used a shield 1-19-2021, 11:38:08 AM
athee(athee) used a shield 1-19-2021, 11:38:09 AM
athee(athee) used a shield 1-19-2021, 11:38:09 AM
athee(athee) used a shield 1-19-2021, 11:38:10 AM
athee(athee) used a shield 1-19-2021, 11:38:10 AM
athee(athee) used a shield 1-19-2021, 11:38:10 AM
athee(athee) used a shield 1-19-2021, 11:38:11 AM
athee(athee) used a shield 1-19-2021, 11:38:11 AM
athee(athee) used a shield 1-19-2021, 11:38:11 AM
athee(athee) used a shield 1-19-2021, 11:38:12 AM
athee(athee) used a shield 1-19-2021, 11:38:12 AM
athee(athee) used a shield 1-19-2021, 11:38:12 AM
athee(athee) used a shield 1-19-2021, 11:38:12 AM
athee(athee) used a shield 1-19-2021, 11:38:13 AM
athee(athee) used a shield 1-19-2021, 11:38:13 AM
athee(athee) used a shield 1-19-2021, 11:38:14 AM
athee(athee) used a shield 1-19-2021, 11:38:14 AM
athee(athee) used a shield 1-19-2021, 11:38:14 AM
athee(athee) used a shield 1-19-2021, 11:38:15 AM
athee(athee) used a shield 1-19-2021, 11:38:15 AM
athee(athee) used a shield 1-19-2021, 11:38:15 AM
athee(athee) used a shield 1-19-2021, 11:38:16 AM
athee(athee) used a shield 1-19-2021, 11:39:10 AM
athee(athee) used a shield 1-19-2021, 11:39:24 AM
athee(athee) used a shield 1-19-2021, 11:39:29 AM
athee(athee) used a shield 1-19-2021, 11:39:41 AM
athee(athee) used a shield 1-19-2021, 11:42:17 AM
athee(athee) used a shield 1-19-2021, 11:42:17 AM
athee(athee) used a shield 1-19-2021, 11:42:18 AM
athee(athee) used a shield 1-19-2021, 11:42:18 AM
athee(athee) used a shield 1-19-2021, 11:42:18 AM
athee(athee) used a shield 1-19-2021, 11:42:19 AM
athee(athee) used a shield 1-19-2021, 11:42:19 AM
athee(athee) used a shield 1-19-2021, 11:42:19 AM
athee(athee) used a shield 1-19-2021, 11:42:20 AM
athee(athee) used a shield 1-19-2021, 11:42:20 AM
athee(athee) used a shield 1-19-2021, 11:42:20 AM
athee(athee) used a shield 1-19-2021, 11:42:21 AM
athee(athee) used a shield 1-19-2021, 11:42:21 AM
athee(athee) used a shield 1-19-2021, 11:42:21 AM
athee(athee) used a shield 1-19-2021, 11:42:21 AM
athee(athee) used a shield 1-19-2021, 11:42:22 AM
athee(athee) used a shield 1-19-2021, 11:42:22 AM
athee(athee) used a shield 1-19-2021, 11:42:23 AM
athee(athee) used a shield 1-19-2021, 11:42:23 AM
athee(athee) used a shield 1-19-2021, 11:42:24 AM
athee(athee) used a shield 1-19-2021, 11:42:24 AM
athee(athee) used a shield 1-19-2021, 11:42:24 AM
athee(athee) used a shield 1-19-2021, 11:42:24 AM
athee(athee) used a shield 1-19-2021, 11:42:25 AM
athee(athee) used a shield 1-19-2021, 11:42:25 AM
athee(athee) used a shield 1-19-2021, 11:42:25 AM
athee(athee) used a shield 1-19-2021, 11:42:26 AM
athee(athee) used a shield 1-19-2021, 11:42:26 AM
athee(athee) used a shield 1-19-2021, 11:42:26 AM
athee(athee) used a tk_ultra_health_potion 1-19-2021, 11:42:39 AM
athee(athee) used a health_drink 1-19-2021, 11:42:43 AM
athee(athee) used a health_drink 1-19-2021, 11:42:48 AM
athee(athee) used a the_legendary_sword 1-19-2021, 11:45:31 AM
athee(athee) used a antibiotic 1-19-2021, 11:45:59 AM
athee(athee) used a antibiotic 1-19-2021, 11:46:37 AM
athee(athee) used a antibiotic 1-19-2021, 11:46:47 AM
athee(athee) used a antibiotic 1-19-2021, 11:46:55 AM
athee(athee) used a antibiotic 1-19-2021, 11:46:56 AM
athee(athee) used a antibiotic 1-19-2021, 11:47:09 AM
athee(athee) used a antibiotic 1-19-2021, 11:47:25 AM
athee(athee) used a shield 1-19-2021, 11:48:42 AM
athee(athee) used a shield 1-19-2021, 11:48:43 AM
athee(athee) used a shield 1-19-2021, 11:48:43 AM
athee(athee) used a shield 1-19-2021, 11:48:43 AM
athee(athee) used a tk_ultra_health_potion 1-19-2021, 11:48:51 AM
athee(athee) used a storm_sniper 1-19-2021, 11:50:41 AM
athee(athee) used a storm_sniper 1-19-2021, 11:50:48 AM
athee(athee) used a storm_sniper 1-19-2021, 11:50:59 AM
athee(athee) used a storm_sniper 1-19-2021, 11:50:59 AM
athee(athee) used a storm_sniper 1-19-2021, 11:50:59 AM
athee(athee) used a storm_sniper 1-19-2021, 11:51:00 AM
athee(athee) used a storm_sniper 1-19-2021, 11:51:00 AM
athee(athee) used a storm_sniper 1-19-2021, 11:51:01 AM
athee(athee) used a storm_sniper 1-19-2021, 11:51:01 AM
athee(athee) used a storm_sniper 1-19-2021, 11:51:01 AM
athee(athee) used a storm_sniper 1-19-2021, 11:51:03 AM
athee(athee) used a storm_sniper 1-19-2021, 11:51:03 AM
athee(athee) used a storm_sniper 1-19-2021, 11:51:04 AM
athee(athee) used a tk_ultra_health_potion 1-19-2021, 11:51:14 AM
athee(athee) used a health_orb 1-19-2021, 11:51:29 AM
athee(athee) used a health_drink 1-19-2021, 11:51:40 AM
athee(athee) used a pack_of_10_ammo_storm_sniper 1-19-2021, 11:51:56 AM
athee(athee) used a pack_of_10_ammo_storm_sniper 1-19-2021, 11:51:57 AM
athee(athee) used a pack_of_10_ammo_storm_sniper 1-19-2021, 11:51:58 AM
athee(athee) used a pack_of_10_ammo_storm_sniper 1-19-2021, 11:51:59 AM
athee(athee) used a antibiotic 1-19-2021, 11:52:10 AM
athee(athee) used a shield 1-19-2021, 11:52:33 AM
athee(athee) used a shield 1-19-2021, 11:52:33 AM
athee(athee) used a shield 1-19-2021, 11:52:33 AM
athee(athee) used a shield 1-19-2021, 11:52:33 AM
athee(athee) used a shield 1-19-2021, 11:52:35 AM
athee(athee) used a shield 1-19-2021, 11:52:35 AM
athee(athee) used a shield 1-19-2021, 11:52:35 AM
athee(athee) used a shield 1-19-2021, 11:52:35 AM
athee(athee) used a shield 1-19-2021, 11:52:36 AM
athee(athee) used a shield 1-19-2021, 11:52:36 AM
athee(athee) used a shield 1-19-2021, 11:52:37 AM
athee(athee) used a shield 1-19-2021, 11:52:37 AM
athee(athee) used a shield 1-19-2021, 11:52:37 AM
athee(athee) used a shield 1-19-2021, 11:52:48 AM
athee(athee) used a shield 1-19-2021, 11:52:48 AM
athee(athee) used a shield 1-19-2021, 11:52:49 AM
athee(athee) used a shield 1-19-2021, 11:52:49 AM
athee(athee) used a shield 1-19-2021, 11:52:49 AM
athee(athee) used a shield 1-19-2021, 11:52:50 AM
athee(athee) used a shield 1-19-2021, 11:52:50 AM
athee(athee) used a shield 1-19-2021, 11:52:50 AM
athee(athee) used a shield 1-19-2021, 11:52:51 AM
athee(athee) used a shield 1-19-2021, 11:52:51 AM
athee(athee) used a shield 1-19-2021, 11:52:51 AM
athee(athee) used a shield 1-19-2021, 11:52:51 AM
athee(athee) used a shield 1-19-2021, 11:52:52 AM
athee(athee) used a shield 1-19-2021, 11:52:53 AM
athee(athee) used a shield 1-19-2021, 11:52:53 AM
athee(athee) used a shield 1-19-2021, 11:52:53 AM
athee(athee) used a shield 1-19-2021, 11:54:59 AM
athee(athee) used a shield 1-19-2021, 11:54:59 AM
athee(athee) used a shield 1-19-2021, 11:55:00 AM
athee(athee) used a shield 1-19-2021, 11:55:00 AM
athee(athee) used a shield 1-19-2021, 11:55:00 AM
athee(athee) used a shield 1-19-2021, 11:55:00 AM
athee(athee) used a shield 1-19-2021, 11:55:01 AM
athee(athee) used a shield 1-19-2021, 11:55:01 AM
athee(athee) used a shield 1-19-2021, 11:55:02 AM
athee(athee) used a shield 1-19-2021, 11:55:03 AM
athee(athee) used a shield 1-19-2021, 11:55:03 AM
athee(athee) used a shield 1-19-2021, 11:55:03 AM
athee(athee) used a shield 1-19-2021, 11:55:04 AM
athee(athee) used a shield 1-19-2021, 11:55:04 AM
athee(athee) used a shield 1-19-2021, 11:55:04 AM
athee(athee) used a shield 1-19-2021, 11:55:05 AM
athee(athee) used a shield 1-19-2021, 11:55:06 AM
athee(athee) used a shield 1-19-2021, 11:55:06 AM
athee(athee) used a shield 1-19-2021, 11:55:06 AM
athee(athee) used a shield 1-19-2021, 11:55:07 AM
athee(athee) used a shield 1-19-2021, 11:55:07 AM
athee(athee) used a shield 1-19-2021, 11:55:07 AM
athee(athee) used a shield 1-19-2021, 11:55:08 AM
athee(athee) used a shield 1-19-2021, 11:55:08 AM
athee(athee) used a shield 1-19-2021, 11:55:09 AM
athee(athee) used a shield 1-19-2021, 11:55:09 AM
athee(athee) used a shield 1-19-2021, 11:55:10 AM
athee(athee) used a shield 1-19-2021, 11:55:10 AM
athee(athee) used a shield 1-19-2021, 11:55:10 AM
athee(athee) used a shield 1-19-2021, 11:55:11 AM
athee(athee) used a shield 1-19-2021, 11:55:11 AM
athee(athee) used a tk_ultra_health_potion 1-19-2021, 11:55:19 AM
athee(athee) used a health_drink 1-19-2021, 11:55:30 AM
athee(athee) used a health_drink 1-19-2021, 11:55:30 AM
athee(athee) used a health_drink 1-19-2021, 11:55:34 AM
athee(athee) used a health_drink 1-19-2021, 11:55:37 AM
athee(athee) used a poisoned_small_projectile 1-19-2021, 11:56:07 AM
athee(athee) used a poisoned_small_projectile 1-19-2021, 11:56:14 AM
athee(athee) used a poisoned_small_projectile 1-19-2021, 11:56:15 AM
athee(athee) used a poisoned_small_projectile 1-19-2021, 11:56:15 AM
athee(athee) used a poisoned_small_projectile 1-19-2021, 11:57:02 AM
athee(athee) used a poisoned_small_projectile 1-19-2021, 11:57:03 AM
athee(athee) used a poisoned_small_projectile 1-19-2021, 11:57:03 AM
athee(athee) used a poisoned_small_projectile 1-19-2021, 11:57:07 AM
athee(athee) used a poisoned_small_projectile 1-19-2021, 11:57:08 AM
athee(athee) used a poisoned_small_projectile 1-19-2021, 11:57:08 AM
athee(athee) used a poisoned_small_projectile 1-19-2021, 11:57:09 AM
athee(athee) used a shield 1-19-2021, 11:57:37 AM
athee(athee) used a shield 1-19-2021, 11:57:37 AM
athee(athee) used a shield 1-19-2021, 11:57:37 AM
athee(athee) used a shield 1-19-2021, 11:57:38 AM
athee(athee) used a shield 1-19-2021, 11:57:38 AM
athee(athee) used a shield 1-19-2021, 11:57:38 AM
athee(athee) used a shield 1-19-2021, 11:57:39 AM
athee(athee) used a shield 1-19-2021, 11:57:39 AM
athee(athee) used a shield 1-19-2021, 11:57:39 AM
athee(athee) used a shield 1-19-2021, 11:57:40 AM
athee(athee) used a shield 1-19-2021, 11:57:40 AM
athee(athee) used a shield 1-19-2021, 11:57:40 AM
athee(athee) used a shield 1-19-2021, 11:57:41 AM
athee(athee) used a shield 1-19-2021, 11:57:41 AM
athee(athee) used a shield 1-19-2021, 11:57:42 AM
athee(athee) used a shield 1-19-2021, 11:57:42 AM
athee(athee) used a shield 1-19-2021, 11:57:42 AM
athee(athee) used a shield 1-19-2021, 11:57:42 AM
athee(athee) used a shield 1-19-2021, 11:57:42 AM
athee(athee) used a shield 1-19-2021, 11:57:42 AM
athee(athee) used a shield 1-19-2021, 11:57:42 AM
athee(athee) used a shield 1-19-2021, 11:57:42 AM
athee(athee) used a shield 1-19-2021, 11:57:43 AM
athee(athee) used a shield 1-19-2021, 11:57:43 AM
athee(athee) used a shield 1-19-2021, 11:57:44 AM
athee(athee) used a shield 1-19-2021, 11:57:44 AM
athee(athee) used a shield 1-19-2021, 11:57:44 AM
athee(athee) used a shield 1-19-2021, 11:57:45 AM
athee(athee) used a shield 1-19-2021, 11:57:46 AM
athee(athee) used a shield 1-19-2021, 11:57:47 AM
athee(athee) used a shield 1-19-2021, 11:57:47 AM
athee(athee) used a shield 1-19-2021, 12:53:22 PM
athee(athee) used a shield 1-19-2021, 12:53:23 PM
athee(athee) used a shield 1-19-2021, 12:53:23 PM
athee(athee) used a tk_ultra_health_potion 1-19-2021, 12:53:32 PM
athee(athee) used a tk_ultra_health_potion 1-19-2021, 12:53:32 PM
athee(athee) used a health_drink 1-19-2021, 12:53:45 PM
athee(athee) used a health_drink 1-19-2021, 12:53:49 PM
athee(athee) used a storm_sniper 1-19-2021, 12:53:58 PM
athee(athee) used a poisoned_small_projectile 1-19-2021, 12:55:55 PM
athee(athee) used a poisoned_small_projectile 1-19-2021, 12:57:50 PM
athee(athee) used a poisoned_small_projectile 1-19-2021, 12:58:22 PM
athee(athee) used a rpg7_ammo_pack 1-19-2021, 1:04:20 PM
athee(athee) used a rpg7_ammo_pack 1-19-2021, 1:04:21 PM
athee(athee) used a rpg7_ammo_pack 1-19-2021, 1:04:21 PM
athee(athee) used a rpg7_ammo_pack 1-19-2021, 1:04:22 PM
athee(athee) used a rpg7_ammo_pack 1-19-2021, 1:04:23 PM
athee(athee) used a rpg7_ammo_pack 1-19-2021, 1:04:24 PM
athee(athee) used a rpg7_ammo_pack 1-19-2021, 1:04:24 PM
athee(athee) used a rpg7_ammo_pack 1-19-2021, 1:04:25 PM
athee(athee) used a rpg7_ammo_pack 1-19-2021, 1:04:28 PM
athee(athee) used a rpg7_ammo_pack 1-19-2021, 1:04:30 PM
athee(athee) used a robot 1-19-2021, 1:04:46 PM
athee(athee) used a shield 1-19-2021, 1:08:08 PM
athee(athee) used a shield 1-19-2021, 1:08:09 PM
athee(athee) used a shield 1-19-2021, 1:08:09 PM
athee(athee) used a shield 1-19-2021, 1:08:10 PM
athee(athee) used a shield 1-19-2021, 1:08:10 PM
athee(athee) used a shield 1-19-2021, 1:08:10 PM
athee(athee) used a shield 1-19-2021, 1:08:11 PM
athee(athee) used a antibiotic 1-19-2021, 1:08:18 PM
athee(athee) used a antibiotic 1-19-2021, 1:09:00 PM
athee(athee) used a antibiotic 1-19-2021, 1:09:30 PM
athee(athee) used a antibiotic 1-19-2021, 1:10:02 PM
athee(athee) used a antibiotic 1-19-2021, 1:10:33 PM
athee(athee) used a antibiotic 1-19-2021, 1:11:47 PM
athee(athee) used a antibiotic 1-19-2021, 1:12:07 PM
athee(athee) used a antibiotic 1-19-2021, 1:12:12 PM
athee(athee) used a antibiotic 1-19-2021, 1:12:19 PM
athee(athee) used a antibiotic 1-19-2021, 1:13:28 PM
athee(athee) used a health_drink 1-19-2021, 1:13:35 PM
athee(athee) used a health_drink 1-19-2021, 1:13:42 PM
athee(athee) used a health_drink 1-19-2021, 1:13:43 PM
athee(athee) used a health_drink 1-19-2021, 1:14:12 PM
athee(athee) used a health_drink 1-19-2021, 1:14:13 PM
athee(athee) used a shield 1-19-2021, 4:19:59 PM
athee(athee) used a antibiotic 1-19-2021, 4:20:44 PM
athee(athee) used a antibiotic 1-19-2021, 4:21:20 PM
athee(athee) used a antibiotic 1-19-2021, 4:21:58 PM
athee(athee) used a antibiotic 1-19-2021, 4:21:59 PM
athee(athee) used a antibiotic 1-19-2021, 4:22:11 PM
athee(athee) used a antibiotic 1-19-2021, 4:22:37 PM
athee(athee) used a antibiotic 1-19-2021, 4:22:38 PM
athee(athee) used a antibiotic 1-19-2021, 4:22:45 PM
athee(athee) used a antibiotic 1-19-2021, 4:22:51 PM
athee(athee) used a antibiotic 1-19-2021, 4:22:53 PM
athee(athee) used a antibiotic 1-19-2021, 4:23:15 PM
athee(athee) used a antibiotic 1-19-2021, 4:23:15 PM
athee(athee) used a antibiotic 1-19-2021, 4:23:59 PM
athee(athee) used a antibiotic 1-19-2021, 4:24:00 PM
athee(athee) used a antibiotic 1-19-2021, 4:24:16 PM
athee(athee) used a antibiotic 1-19-2021, 4:24:23 PM
athee(athee) used a antibiotic 1-19-2021, 4:24:28 PM
athee(athee) used a antibiotic 1-19-2021, 4:25:02 PM
athee(athee) used a antibiotic 1-19-2021, 4:25:02 PM
athee(athee) used a antibiotic 1-19-2021, 4:25:30 PM
athee(athee) used a antibiotic 1-19-2021, 4:25:58 PM
athee(athee) used a antibiotic 1-19-2021, 4:26:35 PM
athee(athee) used a antibiotic 1-19-2021, 4:26:56 PM
athee(athee) used a antibiotic 1-19-2021, 4:27:51 PM
athee(athee) used a antibiotic 1-19-2021, 4:27:52 PM
athee(athee) used a antibiotic 1-19-2021, 4:28:16 PM
athee(athee) used a aircraft 1-19-2021, 4:28:28 PM
athee(athee) used a aircraft 1-19-2021, 4:29:12 PM
athee(athee) used a antibiotic 1-19-2021, 4:29:24 PM
athee(athee) used a antibiotic 1-19-2021, 4:30:10 PM
athee(athee) used a antibiotic 1-19-2021, 4:30:12 PM
athee(athee) used a antibiotic 1-19-2021, 4:33:42 PM
athee(athee) used a antibiotic 1-19-2021, 4:34:18 PM
athee(athee) used a antibiotic 1-19-2021, 4:34:36 PM
athee(athee) used a shield 1-19-2021, 4:34:49 PM
athee(athee) used a shield 1-19-2021, 4:34:49 PM
athee(athee) used a shield 1-19-2021, 4:34:49 PM
athee(athee) used a shield 1-19-2021, 4:34:50 PM
athee(athee) used a shield 1-19-2021, 4:34:50 PM
athee(athee) used a shield 1-19-2021, 4:34:50 PM
athee(athee) used a shield 1-19-2021, 4:34:51 PM
athee(athee) used a shield 1-19-2021, 4:34:51 PM
athee(athee) used a shield 1-19-2021, 4:34:51 PM
athee(athee) used a shield 1-19-2021, 4:34:52 PM
athee(athee) used a shield 1-19-2021, 4:34:52 PM
athee(athee) used a shield 1-19-2021, 4:34:54 PM
athee(athee) used a shield 1-19-2021, 4:34:54 PM
athee(athee) used a shield 1-19-2021, 4:34:54 PM
athee(athee) used a shield 1-19-2021, 4:34:54 PM
athee(athee) used a shield 1-19-2021, 4:34:54 PM
athee(athee) used a shield 1-19-2021, 4:34:54 PM
athee(athee) used a shield 1-19-2021, 4:34:54 PM
athee(athee) used a shield 1-19-2021, 4:34:54 PM
athee(athee) used a shield 1-19-2021, 4:34:54 PM
athee(athee) used a shield 1-19-2021, 4:34:54 PM
athee(athee) used a shield 1-19-2021, 4:34:55 PM
athee(athee) used a shield 1-19-2021, 4:34:56 PM
athee(athee) used a shield 1-19-2021, 4:34:56 PM
athee(athee) used a shield 1-19-2021, 4:34:57 PM
athee(athee) used a shield 1-19-2021, 4:34:57 PM
athee(athee) used a shield 1-19-2021, 4:34:58 PM
athee(athee) used a shield 1-19-2021, 4:34:58 PM
athee(athee) used a shield 1-19-2021, 4:34:59 PM
athee(athee) used a antibiotic 1-19-2021, 4:35:06 PM
athee(athee) used a antibiotic 1-19-2021, 4:35:19 PM
athee(athee) used a shield 1-19-2021, 4:36:00 PM
athee(athee) used a shield 1-19-2021, 4:36:00 PM
athee(athee) used a shield 1-19-2021, 4:36:01 PM
athee(athee) used a shield 1-19-2021, 4:36:02 PM
athee(athee) used a shield 1-19-2021, 4:36:02 PM
athee(athee) used a shield 1-19-2021, 4:36:02 PM
athee(athee) used a shield 1-19-2021, 4:36:03 PM
athee(athee) used a shield 1-19-2021, 4:36:03 PM
athee(athee) used a shield 1-19-2021, 4:36:04 PM
athee(athee) used a shield 1-19-2021, 4:36:04 PM
athee(athee) used a shield 1-19-2021, 4:36:04 PM
athee(athee) used a shield 1-19-2021, 4:36:05 PM
athee(athee) used a shield 1-19-2021, 4:36:05 PM
athee(athee) used a shield 1-19-2021, 4:36:06 PM
athee(athee) used a shield 1-19-2021, 4:36:06 PM
athee(athee) used a shield 1-19-2021, 4:36:07 PM
athee(athee) used a shield 1-19-2021, 4:36:07 PM
athee(athee) used a shield 1-19-2021, 4:36:08 PM
athee(athee) used a shield 1-19-2021, 4:36:08 PM
athee(athee) used a shield 1-19-2021, 4:36:09 PM
athee(athee) used a shield 1-19-2021, 4:36:09 PM
athee(athee) used a shield 1-19-2021, 4:36:10 PM
athee(athee) used a shield 1-19-2021, 4:36:10 PM
athee(athee) used a shield 1-19-2021, 4:36:10 PM
athee(athee) used a shield 1-19-2021, 4:36:11 PM
athee(athee) used a shield 1-19-2021, 4:36:11 PM
athee(athee) used a storm_sniper 1-19-2021, 4:36:22 PM
athee(athee) used a storm_sniper 1-19-2021, 4:36:32 PM
athee(athee) used a antibiotic_canister 1-19-2021, 4:36:37 PM
athee(athee) used a antibiotic 1-19-2021, 4:36:44 PM
athee(athee) used a antibiotic 1-19-2021, 4:36:59 PM
athee(athee) used a tk_ultra_health_potion 1-19-2021, 4:37:09 PM
athee(athee) used a health_orb 1-19-2021, 4:37:20 PM
athee(athee) used a health_orb 1-19-2021, 4:37:25 PM
athee(athee) used a health_orb 1-19-2021, 4:37:31 PM
athee(athee) used a health_orb 1-19-2021, 4:37:33 PM
athee(athee) used a health_orb 1-19-2021, 4:37:34 PM
athee(athee) used a health_orb 1-19-2021, 4:37:36 PM
athee(athee) used a health_orb 1-19-2021, 4:37:39 PM
athee(athee) used a health_orb 1-19-2021, 4:37:42 PM
athee(athee) used a antibiotic 1-19-2021, 4:38:17 PM
athee(athee) used a antibiotic 1-19-2021, 4:38:28 PM
athee(athee) used a antibiotic 1-19-2021, 4:38:56 PM
athee(athee) used a antibiotic 1-19-2021, 4:38:57 PM
athee(athee) used a antibiotic 1-19-2021, 4:39:33 PM
athee(athee) used a taser 1-19-2021, 4:41:27 PM
athee(athee) used a shield 1-19-2021, 4:42:54 PM
athee(athee) used a shield 1-19-2021, 4:43:13 PM
athee(athee) used a shield 1-19-2021, 4:43:14 PM
athee(athee) used a shield 1-19-2021, 4:43:15 PM
athee(athee) used a shield 1-19-2021, 4:43:15 PM
athee(athee) used a shield 1-19-2021, 4:43:15 PM
athee(athee) used a shield 1-19-2021, 4:43:15 PM
athee(athee) used a shield 1-19-2021, 4:43:16 PM
athee(athee) used a shield 1-19-2021, 4:43:16 PM
athee(athee) used a shield 1-19-2021, 4:43:18 PM
athee(athee) used a shield 1-19-2021, 4:43:18 PM
athee(athee) used a shield 1-19-2021, 4:43:19 PM
athee(athee) used a shield 1-19-2021, 4:43:19 PM
athee(athee) used a shield 1-19-2021, 4:43:19 PM
athee(athee) used a shield 1-19-2021, 4:43:20 PM
athee(athee) used a shield 1-19-2021, 4:43:20 PM
athee(athee) used a shield 1-19-2021, 4:43:20 PM
athee(athee) used a shield 1-19-2021, 4:43:21 PM
athee(athee) used a shield 1-19-2021, 4:43:21 PM
athee(athee) used a shield 1-19-2021, 4:43:21 PM
athee(athee) used a shield 1-19-2021, 4:43:22 PM
athee(athee) used a shield 1-19-2021, 4:43:22 PM
athee(athee) used a shield 1-19-2021, 4:43:22 PM
athee(athee) used a shield 1-19-2021, 4:43:23 PM
athee(athee) used a shield 1-19-2021, 4:43:23 PM
athee(athee) used a shield 1-19-2021, 4:43:24 PM
athee(athee) used a shield 1-19-2021, 4:43:24 PM
athee(athee) used a shield 1-19-2021, 4:43:24 PM
athee(athee) used a shield 1-19-2021, 4:43:25 PM
athee(athee) used a shield 1-19-2021, 4:43:25 PM
athee(athee) used a shield 1-19-2021, 4:43:25 PM
athee(athee) used a tk_ultra_health_potion 1-19-2021, 4:43:32 PM
athee(athee) used a tk_ultra_health_potion 1-19-2021, 4:43:36 PM
athee(athee) used a health_drink 1-19-2021, 4:43:41 PM
athee(athee) used a health_drink 1-19-2021, 4:43:44 PM
athee(athee) used a antibiotic 1-19-2021, 4:43:51 PM
athee(athee) used a antibiotic 1-19-2021, 4:44:24 PM
athee(athee) used a antibiotic 1-19-2021, 4:44:35 PM
athee(athee) used a antibiotic 1-19-2021, 4:45:27 PM
athee(athee) used a long_sword 1-19-2021, 4:46:26 PM
athee(athee) used a taser 1-19-2021, 4:47:07 PM
athee(athee) used a long_sword 1-19-2021, 4:49:47 PM
athee(athee) used a long_sword 1-19-2021, 4:49:47 PM
athee(athee) used a long_sword 1-19-2021, 4:49:47 PM
athee(athee) used a long_sword 1-19-2021, 4:49:48 PM
athee(athee) used a long_sword 1-19-2021, 4:49:48 PM
athee(athee) used a shield 1-19-2021, 4:50:32 PM
athee(athee) used a shield 1-19-2021, 4:50:32 PM
athee(athee) used a shield 1-19-2021, 4:50:33 PM
athee(athee) used a antibiotic 1-19-2021, 4:50:47 PM
athee(athee) used a taser 1-19-2021, 4:50:55 PM
athee(athee) used a barricade_bomb 1-19-2021, 4:52:42 PM
athee(athee) used a barricade_bomb 1-19-2021, 4:53:02 PM
athee(athee) used a antibiotic 1-19-2021, 4:53:50 PM
athee(athee) used a stun_dart 1-19-2021, 4:56:13 PM
athee(athee) used a empty_beer_bottle 1-19-2021, 4:56:37 PM