
pandey(pandey) used a empty_pack 1-19-2021, 6:51:00 AM
pandey(pandey) used a empty_beer_bottle 1-19-2021, 6:51:08 AM
pandey(pandey) used a empty_beer_bottle 1-19-2021, 6:51:09 AM
pandey(pandey) used a empty_beer_bottle 1-19-2021, 6:51:11 AM
pandey(pandey) used a empty_beer_bottle 1-19-2021, 6:51:30 AM
pandey(pandey) used a empty_beer_bottle 1-19-2021, 6:51:32 AM
pandey(pandey) used a broken_rifle 1-19-2021, 6:52:07 AM
pandey(pandey) used a empty_pack 1-19-2021, 6:52:13 AM
pandey(pandey) used a empty_beer_bottle 1-19-2021, 6:52:27 AM
pandey(pandey) used a empty_beer_bottle 1-19-2021, 6:52:28 AM
pandey(pandey) used a empty_beer_bottle 1-19-2021, 6:52:29 AM
pandey(pandey) used a empty_beer_bottle 1-19-2021, 6:52:29 AM
pandey(pandey) used a empty_beer_bottle 1-19-2021, 6:52:29 AM
pandey(pandey) used a empty_beer_bottle 1-19-2021, 6:52:30 AM
pandey(pandey) used a empty_beer_bottle 1-19-2021, 6:52:30 AM
pandey(pandey) used a empty_beer_bottle 1-19-2021, 6:52:30 AM
pandey(pandey) used a empty_beer_bottle 1-19-2021, 6:52:30 AM
pandey(pandey) used a empty_beer_bottle 1-19-2021, 6:52:31 AM
pandey(pandey) used a empty_beer_bottle 1-19-2021, 6:52:31 AM
pandey(pandey) used a empty_beer_bottle 1-19-2021, 6:52:31 AM
pandey(pandey) used a empty_beer_bottle 1-19-2021, 6:52:32 AM
pandey(pandey) used a empty_beer_bottle 1-19-2021, 6:52:32 AM
pandey(pandey) used a empty_beer_bottle 1-19-2021, 6:52:32 AM
pandey(pandey) used a empty_beer_bottle 1-19-2021, 6:52:33 AM
pandey(pandey) used a empty_beer_bottle 1-19-2021, 6:52:33 AM
pandey(pandey) used a empty_beer_bottle 1-19-2021, 6:52:33 AM
pandey(pandey) used a empty_beer_bottle 1-19-2021, 6:52:33 AM
pandey(pandey) used a empty_beer_bottle 1-19-2021, 6:52:34 AM
pandey(pandey) used a empty_beer_bottle 1-19-2021, 6:52:34 AM
pandey(pandey) used a empty_beer_bottle 1-19-2021, 6:52:35 AM
pandey(pandey) used a empty_beer_bottle 1-19-2021, 6:52:35 AM
pandey(pandey) used a empty_beer_bottle 1-19-2021, 6:52:35 AM
pandey(pandey) used a empty_beer_bottle 1-19-2021, 6:52:35 AM
pandey(pandey) used a empty_beer_bottle 1-19-2021, 6:52:36 AM
pandey(pandey) used a empty_beer_bottle 1-19-2021, 6:52:36 AM
pandey(pandey) used a empty_beer_bottle 1-19-2021, 6:52:36 AM
pandey(pandey) used a empty_beer_bottle 1-19-2021, 6:52:37 AM
pandey(pandey) used a empty_beer_bottle 1-19-2021, 6:52:37 AM
pandey(pandey) used a empty_beer_bottle 1-19-2021, 6:52:37 AM
pandey(pandey) used a empty_beer_bottle 1-19-2021, 6:52:38 AM
pandey(pandey) used a empty_beer_bottle 1-19-2021, 6:52:38 AM
pandey(pandey) used a empty_beer_bottle 1-19-2021, 6:52:38 AM
pandey(pandey) used a empty_beer_bottle 1-19-2021, 6:52:38 AM
pandey(pandey) used a empty_beer_bottle 1-19-2021, 6:52:39 AM
pandey(pandey) used a empty_beer_bottle 1-19-2021, 6:52:39 AM
pandey(pandey) used a empty_beer_bottle 1-19-2021, 6:52:39 AM
pandey(pandey) used a empty_beer_bottle 1-19-2021, 6:52:39 AM
pandey(pandey) used a empty_beer_bottle 1-19-2021, 6:52:40 AM
pandey(pandey) used a empty_beer_bottle 1-19-2021, 6:52:40 AM
pandey(pandey) used a empty_beer_bottle 1-19-2021, 6:52:41 AM
pandey(pandey) used a empty_beer_bottle 1-19-2021, 6:52:41 AM
pandey(pandey) used a empty_beer_bottle 1-19-2021, 6:52:41 AM
pandey(pandey) used a empty_beer_bottle 1-19-2021, 6:52:41 AM
pandey(pandey) used a empty_beer_bottle 1-19-2021, 6:52:42 AM
pandey(pandey) used a empty_beer_bottle 1-19-2021, 6:52:42 AM
pandey(pandey) used a empty_beer_bottle 1-19-2021, 6:52:42 AM
pandey(pandey) used a empty_beer_bottle 1-19-2021, 6:52:43 AM
pandey(pandey) used a empty_beer_bottle 1-19-2021, 6:52:43 AM
pandey(pandey) used a ammo_shotgun 1-19-2021, 6:52:52 AM
pandey(pandey) used a ammo_shotgun 1-19-2021, 6:52:52 AM
pandey(pandey) used a pistol 1-19-2021, 6:53:59 AM
pandey(pandey) used a pistol 1-19-2021, 6:54:01 AM
pandey(pandey) used a police_car 1-19-2021, 6:54:14 AM