
divine (sgamer) sent /t a 1-19-2021, 10:56:55 AM
divine (sgamer) sent /cancelauction 1-19-2021, 11:01:07 AM
divine (sgamer) sent /lchat o 1-19-2021, 11:19:34 AM
divine (sgamer) sent /lchat bro 1-19-2021, 11:20:10 AM
divine (sgamer) sent /lchat now 1-19-2021, 11:25:13 AM
divine (sgamer) sent /lchat bro 1-19-2021, 11:43:25 AM
divine (sgamer) sent /lchat  athee bro  1-19-2021, 11:43:44 AM
divine (sgamer) sent /pm  athee i will give you my sorte for some time ok ? 1-19-2021, 11:44:36 AM
divine (sgamer) sent /r you up level  1-19-2021, 11:44:54 AM
divine (sgamer) sent /r ok 1-19-2021, 11:45:18 AM
divine (sgamer) sent /r ok 1-19-2021, 11:45:30 AM
divine (sgamer) sent /r go on zalp 1-19-2021, 11:45:42 AM
divine (sgamer) sent /t a 1-19-2021, 11:48:38 AM
divine (sgamer) sent /r bro 1-19-2021, 11:49:06 AM
divine (sgamer) sent /r y you left masters 1-19-2021, 11:49:13 AM
divine (sgamer) sent /r tell 1-19-2021, 11:49:31 AM
divine (sgamer) sent /r ha 1-19-2021, 11:49:46 AM
divine (sgamer) sent /r and 1-19-2021, 11:50:00 AM
divine (sgamer) sent /r i will give you my sniper for some time  1-19-2021, 11:50:20 AM
divine (sgamer) sent /r wait 1-19-2021, 11:50:45 AM
divine (sgamer) sent /r ha 1-19-2021, 11:51:46 AM
divine (sgamer) sent /r i will kill him  1-19-2021, 11:52:18 AM
divine (sgamer) sent /r Rey 1-19-2021, 11:52:37 AM
divine (sgamer) sent /r ha 1-19-2021, 11:53:12 AM
divine (sgamer) sent /r i kill fim  1-19-2021, 11:53:19 AM
divine (sgamer) sent /r anybody knows why rey died? i know! rey got owned by divine's the_legendary_sword! where? on zalp! 1-19-2021, 11:53:33 AM
divine (sgamer) sent /gnsubmit 13' 1-19-2021, 11:56:03 AM
divine (sgamer) sent /lchat hi 1-19-2021, 12:54:42 PM
divine (sgamer) sent /cancelauction 1-19-2021, 12:54:45 PM
divine (sgamer) sent /lchat jha 1-19-2021, 12:55:28 PM
divine (sgamer) sent /lchat side 1-19-2021, 12:55:31 PM
divine (sgamer) sent /lchat ok wa 1-19-2021, 12:56:00 PM
divine (sgamer) sent /lchat wait 1-19-2021, 12:56:02 PM
divine (sgamer) sent /lchat jha bro  1-19-2021, 12:57:05 PM
divine (sgamer) sent /lchat bro  1-19-2021, 12:57:14 PM
divine (sgamer) sent /suicide 1-19-2021, 1:16:01 PM
divine (sgamer) sent /suicide 1-19-2021, 1:54:06 PM
divine (sgamer) sent /help 1-19-2021, 1:55:43 PM
divine (sgamer) sent /teampass salman 1-19-2021, 2:44:06 PM
divine (sgamer) sent /////////////////////////////////////////////// 1-19-2021, 2:48:53 PM
divine (sgamer) sent /SH 1-19-2021, 2:50:12 PM
divine (sgamer) sent /pm elijah  i want  some aytens  1-19-2021, 3:51:30 PM
divine (sgamer) sent /r some  itmes  1-19-2021, 3:52:50 PM
divine (sgamer) sent /r coines  1-19-2021, 3:52:58 PM
divine (sgamer) sent /r ha 1-19-2021, 3:53:10 PM
divine (sgamer) sent /r O 1-19-2021, 3:53:26 PM
divine (sgamer) sent /r jinios t k  1-19-2021, 3:53:32 PM
divine (sgamer) sent /r not  this t k  1-19-2021, 3:53:45 PM
divine (sgamer) sent /r ha 1-19-2021, 3:53:51 PM
divine (sgamer) sent /r sea coin, 36590672 1-19-2021, 3:53:59 PM
divine (sgamer) sent /r ok 1-19-2021, 3:54:06 PM
divine (sgamer) sent /r when  1-19-2021, 3:54:20 PM
divine (sgamer) sent /cancelauction 1-19-2021, 4:03:43 PM
divine (sgamer) sent /cancelauction 1-19-2021, 4:04:21 PM
divine (sgamer) sent /bestplayer 1-19-2021, 4:07:30 PM
divine (sgamer) sent /cancelauction 1-19-2021, 4:08:42 PM
divine (sgamer) sent /lchat wait there 1-19-2021, 4:16:33 PM
divine (sgamer) sent /lchat ok 1-19-2021, 4:16:54 PM
divine (sgamer) sent /lchat wait 1-19-2021, 4:16:58 PM
divine (sgamer) sent /lchat item successfully sent 1-19-2021, 4:17:08 PM
divine (sgamer) sent /lchat you get that  1-19-2021, 4:17:22 PM
divine (sgamer) sent /lchat anil  1-19-2021, 4:17:29 PM
divine (sgamer) sent /lchat o 1-19-2021, 4:18:36 PM
divine (sgamer) sent /lchat how 1-19-2021, 4:18:39 PM
divine (sgamer) sent /lchat i am coming wait 1-19-2021, 4:18:48 PM
divine (sgamer) sent /lchat jhahahah 1-19-2021, 4:18:57 PM
divine (sgamer) sent /lchat give anil 1-19-2021, 4:19:02 PM
divine (sgamer) sent /lchat anil  1-19-2021, 4:19:16 PM
divine (sgamer) sent /lchat o 1-19-2021, 4:20:09 PM
divine (sgamer) sent /lchat my pak  1-19-2021, 4:20:13 PM
divine (sgamer) sent /lchat my pak 1-19-2021, 4:20:21 PM
divine (sgamer) sent /lchat hahah 1-19-2021, 4:23:53 PM
divine (sgamer) sent /lchat yar 1-19-2021, 4:24:16 PM
divine (sgamer) sent /lchat athee bro ded  1-19-2021, 4:29:49 PM
divine (sgamer) sent /lchat masters  staff_sergeant divine: staff_sergeant divine:   athee bro ded  1-19-2021, 4:30:07 PM
divine (sgamer) sent /pm athee bro  1-19-2021, 4:39:08 PM
divine (sgamer) sent /r sorry  1-19-2021, 4:39:24 PM
divine (sgamer) sent /r i killed you  1-19-2021, 4:39:49 PM
divine (sgamer) sent /r tell 1-19-2021, 4:40:12 PM
divine (sgamer) sent /r which 1-19-2021, 4:40:14 PM
divine (sgamer) sent /r yes 1-19-2021, 4:40:29 PM
divine (sgamer) sent /teamleave 1-19-2021, 4:41:29 PM
divine (sgamer) sent /r ha 1-19-2021, 4:41:59 PM
divine (sgamer) sent /r you use sniper 1-19-2021, 4:42:10 PM
divine (sgamer) sent /r y 1-19-2021, 4:42:26 PM
divine (sgamer) sent /r ok 1-19-2021, 4:43:15 PM
divine (sgamer) sent /r come and show 1-19-2021, 4:43:45 PM
divine (sgamer) sent /r ko 1-19-2021, 4:44:05 PM
divine (sgamer) sent /r ok 1-19-2021, 4:44:26 PM
divine (sgamer) sent /pm killer3000  pass cheng maat krna  1-19-2021, 4:46:01 PM
divine (sgamer) sent /lchat o 1-19-2021, 4:46:22 PM
divine (sgamer) sent /lchat ha 1-19-2021, 4:46:27 PM
divine (sgamer) sent /lchat dont 1-19-2021, 4:49:48 PM
divine (sgamer) sent /lchat dont 1-19-2021, 4:49:55 PM
divine (sgamer) sent /lchat hahahh 1-19-2021, 4:50:13 PM
divine (sgamer) sent /lchat athee bro 1-19-2021, 4:51:19 PM
divine (sgamer) sent /lchat wait 1-19-2021, 4:51:44 PM
divine (sgamer) sent /lchat athee bro  1-19-2021, 4:53:12 PM
divine (sgamer) sent /lchat dont kill  1-19-2021, 4:53:22 PM
divine (sgamer) sent /lchat i want to test 1-19-2021, 4:53:28 PM
divine (sgamer) sent /lchat no 1-19-2021, 4:53:47 PM
divine (sgamer) sent /lchat i eant  1-19-2021, 4:53:52 PM
divine (sgamer) sent /lchat want to test  1-19-2021, 4:54:02 PM
divine (sgamer) sent /lchat which bom is this  1-19-2021, 4:54:18 PM
divine (sgamer) sent /lchat hahah 1-19-2021, 4:55:01 PM
divine (sgamer) sent /lchat wait 1-19-2021, 4:55:05 PM
divine (sgamer) sent /lchat wait 1-19-2021, 4:55:13 PM
divine (sgamer) sent /lchat hahah 1-19-2021, 4:55:20 PM
divine (sgamer) sent /lchat ha 1-19-2021, 4:55:32 PM
divine (sgamer) sent /lchat health_dart, 1-19-2021, 4:55:45 PM
divine (sgamer) sent /lchat yes 1-19-2021, 4:55:53 PM
divine (sgamer) sent /lchat wait 1-19-2021, 4:55:56 PM
divine (sgamer) sent /lchat ha 1-19-2021, 4:56:09 PM
divine (sgamer) sent /lchat ok 1-19-2021, 4:56:59 PM
divine (sgamer) sent /lchat o 1-19-2021, 5:00:10 PM
divine (sgamer) sent /lchat run 1-19-2021, 5:00:12 PM
divine (sgamer) sent /lchat run 1-19-2021, 5:00:14 PM
divine (sgamer) sent /lchat sorry 1-19-2021, 5:00:17 PM
divine (sgamer) sent /lchat hi 1-19-2021, 5:26:39 PM
divine (sgamer) sent /r k 1-19-2021, 5:29:52 PM
divine (sgamer) sent /pm athee bro  1-19-2021, 5:30:00 PM
divine (sgamer) sent /r ok 1-19-2021, 5:30:10 PM
divine (sgamer) sent /r how to down  1-19-2021, 5:30:20 PM
divine (sgamer) sent /r walyoum  1-19-2021, 5:30:26 PM
divine (sgamer) sent /r tell 1-19-2021, 5:30:51 PM
divine (sgamer) sent /r tell jost 1-19-2021, 5:31:19 PM
divine (sgamer) sent /r just 1-19-2021, 5:31:24 PM
divine (sgamer) sent /r ok 1-19-2021, 5:31:40 PM
divine (sgamer) sent /r tell 1-19-2021, 5:32:30 PM
divine (sgamer) sent /r tell 1-19-2021, 5:32:44 PM
divine (sgamer) sent /r ok 1-19-2021, 5:33:18 PM
divine (sgamer) sent /r wait 1-19-2021, 5:33:20 PM
divine (sgamer) sent /bid w 1-19-2021, 5:38:41 PM
divine (sgamer) sent /pm killer3000h 1-19-2021, 5:44:15 PM
divine (sgamer) sent /pm killer3000 h  1-19-2021, 5:44:23 PM
divine (sgamer) sent /lchat alt + page down 1-19-2021, 6:02:46 PM
divine (sgamer) sent /lchat ah 1-19-2021, 6:03:06 PM
divine (sgamer) sent /lchat rofl 1-19-2021, 6:03:56 PM
divine (sgamer) sent /lchat wait 1-19-2021, 6:05:25 PM
divine (sgamer) sent /suicide 1-19-2021, 6:07:55 PM
divine (sgamer) sent /lchat rok 1-19-2021, 6:08:12 PM
divine (sgamer) sent /lchat ali 1-19-2021, 6:08:17 PM
divine (sgamer) sent /lchat rok 1-19-2021, 6:08:18 PM
divine (sgamer) sent /suicide 1-19-2021, 6:09:19 PM
divine (sgamer) sent /lchat bacha  1-19-2021, 6:11:47 PM
divine (sgamer) sent /lchat ali ko bula 1-19-2021, 6:11:56 PM
divine (sgamer) sent /suicide 1-19-2021, 6:38:56 PM
divine (sgamer) sent /lchat hello 1-19-2021, 6:40:38 PM
divine (sgamer) sent /cancelauction 1-19-2021, 6:43:04 PM
divine (sgamer) sent /pm ashish where are you  1-19-2021, 6:44:14 PM
divine (sgamer) sent /r what 1-19-2021, 6:44:41 PM
divine (sgamer) sent /r what 1-19-2021, 6:44:46 PM
divine (sgamer) sent /lchat what 1-19-2021, 6:45:46 PM
divine (sgamer) sent /lchat download 1-19-2021, 6:45:50 PM
divine (sgamer) sent /lchat suonds 1-19-2021, 6:45:54 PM