
divine (sgamer) said hi 1-19-2021, 10:50:21 AM
divine (sgamer) said krish come to main  1-19-2021, 10:51:27 AM
divine (sgamer) said y 1-19-2021, 10:51:38 AM
divine (sgamer) said all the best  1-19-2021, 10:52:33 AM
divine (sgamer) said best of luck  1-19-2021, 10:52:57 AM
divine (sgamer) said 6 1-19-2021, 10:53:07 AM
divine (sgamer) said ha 1-19-2021, 10:53:14 AM
divine (sgamer) said ins 1-19-2021, 10:53:24 AM
divine (sgamer) said jenyeos  1-19-2021, 10:53:43 AM
divine (sgamer) said n k  1-19-2021, 10:53:51 AM
divine (sgamer) said this 1  1-19-2021, 10:54:05 AM
divine (sgamer) said haha dont know  1-19-2021, 10:54:32 AM
divine (sgamer) said no n k  1-19-2021, 10:54:51 AM
divine (sgamer) said you sea logo  1-19-2021, 10:55:01 AM
divine (sgamer) said yes 1-19-2021, 10:55:07 AM
divine (sgamer) said tk  28 of 36 1-19-2021, 10:55:21 AM
divine (sgamer) said release  3 of 3 1-19-2021, 10:55:32 AM
divine (sgamer) said this t k is down  1-19-2021, 10:55:57 AM
divine (sgamer) said and 1 is  blind zone.eu 1-19-2021, 10:56:19 AM
divine (sgamer) said Skype  14 of 36 1-19-2021, 10:57:12 AM
divine (sgamer) said friends come on t k  1-19-2021, 10:59:07 AM
divine (sgamer) said Message sent.  1-19-2021, 10:59:11 AM
divine (sgamer) said this  1-19-2021, 10:59:29 AM
divine (sgamer) said Gangsters, group chat, friends come on t k , 1:29 PM, No new messages, selected  button 1-19-2021, 10:59:39 AM
divine (sgamer) said ha 1-19-2021, 10:59:50 AM
divine (sgamer) said ha 1-19-2021, 11:00:15 AM
divine (sgamer) said guided_missile, 19044 1-19-2021, 11:01:57 AM
divine (sgamer) said New notification from Skype, nature is greate in "Gangsters", ,  window 1-19-2021, 11:02:08 AM
divine (sgamer) said shield, 382417 1-19-2021, 11:04:23 AM
divine (sgamer) said open_beer_bottle, 14578 1-19-2021, 11:04:40 AM
divine (sgamer) said robot, 4515 1-19-2021, 11:04:57 AM
divine (sgamer) said hand_grenade, 1348880 1-19-2021, 11:05:16 AM
divine (sgamer) said current location: southwest tower stairs 1-19-2021, 11:05:26 AM
divine (sgamer) said nhi 1-19-2021, 11:05:32 AM
divine (sgamer) said tujhe kyse pata  1-19-2021, 11:05:44 AM
divine (sgamer) said bol 1-19-2021, 11:05:47 AM
divine (sgamer) said go on zalp  1-19-2021, 11:06:09 AM
divine (sgamer) said there yuou find this  1-19-2021, 11:06:22 AM
divine (sgamer) said samjha kya  1-19-2021, 11:06:45 AM
divine (sgamer) said tell 1-19-2021, 11:07:02 AM
divine (sgamer) said no no no  1-19-2021, 11:07:19 AM
divine (sgamer) said developer  give mi sniper  1-19-2021, 11:07:50 AM
divine (sgamer) said yes g g  1-19-2021, 11:08:02 AM
divine (sgamer) said iiiiiiiii 1-19-2021, 11:08:26 AM
divine (sgamer) said current location: southwest tower 1-19-2021, 11:08:31 AM
divine (sgamer) said bomb_defuser, 241 1-19-2021, 11:08:53 AM
divine (sgamer) said wood, 1814 1-19-2021, 11:09:15 AM
divine (sgamer) said aha 1-19-2021, 11:10:31 AM
divine (sgamer) said botel bom  1-19-2021, 11:10:39 AM
divine (sgamer) said a missile interceptor 1-19-2021, 11:11:08 AM
divine (sgamer) said m 1-19-2021, 11:11:42 AM
divine (sgamer) said m 1-19-2021, 11:11:50 AM
divine (sgamer) said kya 0- huva 1-19-2021, 11:12:12 AM
divine (sgamer) said aha 25 barrett_m82_sniper_rifle ammo! 1-19-2021, 11:12:57 AM
divine (sgamer) said tell 1-19-2021, 11:13:11 AM
divine (sgamer) said aha impact bomb 1-19-2021, 11:13:19 AM
divine (sgamer) said o 1-19-2021, 11:13:24 AM
divine (sgamer) said o 1-19-2021, 11:13:35 AM
divine (sgamer) said stats cliner  1-19-2021, 11:13:43 AM
divine (sgamer) said bro 1-19-2021, 11:14:03 AM
divine (sgamer) said wait i will  give you   i dont have   but wait   1-19-2021, 11:14:42 AM
divine (sgamer) said kitna mrega  1-19-2021, 11:15:08 AM
divine (sgamer) said krish  1-19-2021, 11:15:13 AM
divine (sgamer) said aha remote timebomb 1-19-2021, 11:15:43 AM
divine (sgamer) said a robot 1-19-2021, 11:15:55 AM
divine (sgamer) said oyar  1-19-2021, 11:16:53 AM
divine (sgamer) said ha t w  1-19-2021, 11:17:50 AM
divine (sgamer) said it's night, the time is 1 o clock! 1-19-2021, 11:17:57 AM
divine (sgamer) said e k  1-19-2021, 11:18:00 AM
divine (sgamer) said zalp 1-19-2021, 11:20:15 AM
divine (sgamer) said 36 stp106_long_barreled_pistol ammo! 1-19-2021, 11:20:33 AM
divine (sgamer) said 77 beretta_m1951_machine_pistol ammo! 1-19-2021, 11:22:43 AM
divine (sgamer) said e 1-19-2021, 11:22:56 AM
divine (sgamer) said aha tank 1-19-2021, 11:23:55 AM
divine (sgamer) said lion just put the smack down on athee, thats good, but whi on cage? 1-19-2021, 11:24:11 AM
divine (sgamer) said bro 1-19-2021, 11:24:37 AM
divine (sgamer) said athee 1-19-2021, 11:24:42 AM
divine (sgamer) said wait 1-19-2021, 11:24:48 AM
divine (sgamer) said 5341 health, 486 shielded shots.\ 1-19-2021, 11:26:29 AM
divine (sgamer) said aha 5341 health, 486 shielded shots. 1-19-2021, 11:26:56 AM
divine (sgamer) said 36355 coins 1-19-2021, 11:28:03 AM
divine (sgamer) said metal 1-19-2021, 11:28:19 AM
divine (sgamer) said tank 1-19-2021, 11:29:12 AM
divine (sgamer) said a pack of coins! 1-19-2021, 11:32:10 AM
divine (sgamer) said antibiotic 1-19-2021, 11:32:28 AM
divine (sgamer) said ok, let's see what else divine can do for goat on zalp. i saw he killed them! 1-19-2021, 11:33:55 AM
divine (sgamer) said 50343 coins 1-19-2021, 11:35:20 AM
divine (sgamer) said a 1-19-2021, 11:37:06 AM
divine (sgamer) said aha 1-19-2021, 11:38:17 AM
divine (sgamer) said ha 1-19-2021, 11:40:25 AM
divine (sgamer) said a 1-19-2021, 11:41:19 AM
divine (sgamer) said tell 1-19-2021, 11:41:55 AM
divine (sgamer) said wait 1-19-2021, 11:42:07 AM
divine (sgamer) said 49352 coins 1-19-2021, 11:43:00 AM
divine (sgamer) said o 1-19-2021, 11:43:16 AM
divine (sgamer) said aha 1-19-2021, 11:46:28 AM
divine (sgamer) said soljer  1-19-2021, 11:46:34 AM
divine (sgamer) said o 1-19-2021, 11:47:04 AM
divine (sgamer) said ha 1-19-2021, 11:48:21 AM
divine (sgamer) said ha 1-19-2021, 11:48:34 AM
divine (sgamer) said hah 1-19-2021, 11:53:46 AM
divine (sgamer) said pavaer  1-19-2021, 11:54:33 AM
divine (sgamer) said yes 1-19-2021, 11:55:15 AM
divine (sgamer) said ha 1-19-2021, 11:55:56 AM
divine (sgamer) said athee 1-19-2021, 12:51:40 PM
divine (sgamer) said bro  1-19-2021, 12:51:50 PM
divine (sgamer) said jha 1-19-2021, 12:52:45 PM
divine (sgamer) said come to main  1-19-2021, 12:52:56 PM
divine (sgamer) said comeeeeeeeee 1-19-2021, 12:54:03 PM
divine (sgamer) said this team just got 1431 extra points! 1-19-2021, 12:57:01 PM
divine (sgamer) said jha bor  1-19-2021, 12:57:11 PM
divine (sgamer) said bro  1-19-2021, 12:57:16 PM
divine (sgamer) said come to main  1-19-2021, 12:57:25 PM
divine (sgamer) said i wi ll give yo  1-19-2021, 12:57:34 PM
divine (sgamer) said come again  1-19-2021, 12:59:06 PM
divine (sgamer) said wait 1-19-2021, 1:00:27 PM
divine (sgamer) said o you get 18extra coins! nice job! 1-19-2021, 1:02:10 PM
divine (sgamer) said come  1-19-2021, 1:02:31 PM
divine (sgamer) said come 1-19-2021, 1:02:45 PM
divine (sgamer) said yes 1-19-2021, 1:02:57 PM
divine (sgamer) said ha 1-19-2021, 1:03:16 PM
divine (sgamer) said atheebro  1-19-2021, 1:03:44 PM
divine (sgamer) said aha 1-19-2021, 1:03:48 PM
divine (sgamer) said come 1-19-2021, 1:03:53 PM
divine (sgamer) said ha 1-19-2021, 1:06:39 PM
divine (sgamer) said jahahah 1-19-2021, 1:06:41 PM
divine (sgamer) said o 1-19-2021, 1:07:04 PM
divine (sgamer) said come 1-19-2021, 1:07:17 PM
divine (sgamer) said o 1-19-2021, 1:07:44 PM
divine (sgamer) said jha bro  1-19-2021, 1:07:55 PM
divine (sgamer) said athee bro come  1-19-2021, 1:09:14 PM
divine (sgamer) said k 1-19-2021, 1:09:28 PM
divine (sgamer) said i will kill you all  1-19-2021, 1:10:33 PM
divine (sgamer) said no 1-19-2021, 1:10:40 PM
divine (sgamer) said masters  staff_sergeant divine: no 1-19-2021, 1:10:43 PM
divine (sgamer) said nuclear_bomb, 1 1-19-2021, 1:10:51 PM
divine (sgamer) said a 1-19-2021, 1:11:26 PM
divine (sgamer) said sgamer's nuclear bomb just exploded!  1-19-2021, 1:11:52 PM
divine (sgamer) said ha 1-19-2021, 1:12:12 PM
divine (sgamer) said i 1-19-2021, 1:14:10 PM
divine (sgamer) said dede 1-19-2021, 1:14:11 PM
divine (sgamer) said aaaaaaaaa 1-19-2021, 1:14:15 PM
divine (sgamer) said jhahahah 1-19-2021, 1:14:50 PM
divine (sgamer) said ha 1-19-2021, 1:15:11 PM
divine (sgamer) said ultrabomb countdown started! 1-19-2021, 1:16:09 PM
divine (sgamer) said a 1-19-2021, 1:49:58 PM
divine (sgamer) said dont know  1-19-2021, 1:50:20 PM
divine (sgamer) said h 1-19-2021, 1:51:58 PM
divine (sgamer) said A 1-19-2021, 1:52:01 PM
divine (sgamer) said you are level 229 with 6513565 experience. your next level requireds 41560 experience 1-19-2021, 1:54:41 PM
divine (sgamer) said dont know  1-19-2021, 1:55:01 PM
divine (sgamer) said a 1-19-2021, 2:00:44 PM
divine (sgamer) said hi anil  1-19-2021, 2:36:00 PM
divine (sgamer) said o 1-19-2021, 2:36:20 PM
divine (sgamer) said o 1-19-2021, 2:36:45 PM
divine (sgamer) said ok 1-19-2021, 2:36:54 PM
divine (sgamer) said which  1-19-2021, 2:38:03 PM
divine (sgamer) said o ha a 1-19-2021, 2:38:20 PM
divine (sgamer) said hahah 1-19-2021, 2:38:33 PM
divine (sgamer) said that map is nice  1-19-2021, 2:39:49 PM
divine (sgamer) said current location: bedside table 1-19-2021, 2:39:56 PM
divine (sgamer) said house  1-19-2021, 2:40:31 PM
divine (sgamer) said go to main  1-19-2021, 2:40:54 PM
divine (sgamer) said k 1-19-2021, 2:41:20 PM
divine (sgamer) said the killers_base_1 shelter belonging to vladik with 100000 health is above, slightly in front and a fair distance off to the right, 24 feet away. a remote timebomb is above, slightly in front and a fair distance off to the right, 24 feet away. a remote timebomb is above, slightly in front and a fair distance off to the right, 24 feet away. a remote timebomb is above, slightly in front and a fair distance off to the right, 24 feet away.  1-19-2021, 2:42:26 PM
divine (sgamer) said i dont know  1-19-2021, 2:42:54 PM
divine (sgamer) said tell 1-19-2021, 2:43:15 PM
divine (sgamer) said i am not leadrer 1-19-2021, 2:43:40 PM
divine (sgamer) said you are not leader of this team. please tell your team leader (killer3000) to update the password. 1-19-2021, 2:44:09 PM
divine (sgamer) said k 1-19-2021, 2:44:34 PM
divine (sgamer) said rofl 1-19-2021, 2:47:22 PM
divine (sgamer) said a 1-19-2021, 2:47:58 PM
divine (sgamer) said anil 1-19-2021, 2:48:15 PM
divine (sgamer) said come 1-19-2021, 2:48:19 PM
divine (sgamer) said stairs to the bar 1-19-2021, 2:48:27 PM
divine (sgamer) said come 1-19-2021, 2:48:39 PM
divine (sgamer) said a//a/a/a/a/a/a/a/ 1-19-2021, 2:48:57 PM
divine (sgamer) said aha 1-19-2021, 3:49:23 PM
divine (sgamer) said hi blindgamer  1-19-2021, 3:49:42 PM
divine (sgamer) said elijah bro  1-19-2021, 3:50:13 PM
divine (sgamer) said i want you are help on that t k  1-19-2021, 3:50:34 PM
divine (sgamer) said o 1-19-2021, 3:50:53 PM
divine (sgamer) said prece alt + page down  1-19-2021, 3:52:04 PM
divine (sgamer) said ha 1-19-2021, 3:54:45 PM
divine (sgamer) said hahah 1-19-2021, 4:01:43 PM
divine (sgamer) said hahahah 1-19-2021, 4:03:53 PM
divine (sgamer) said ha 1-19-2021, 4:04:19 PM
divine (sgamer) said come 1-19-2021, 4:04:39 PM
divine (sgamer) said to main  1-19-2021, 4:04:43 PM
divine (sgamer) said ha come  1-19-2021, 4:05:49 PM
divine (sgamer) said ha come  1-19-2021, 4:05:55 PM
divine (sgamer) said ha 1-19-2021, 4:05:59 PM
divine (sgamer) said come  1-19-2021, 4:06:18 PM
divine (sgamer) said hahh come  1-19-2021, 4:06:33 PM
divine (sgamer) said ha come  1-19-2021, 4:06:40 PM
divine (sgamer) said come 1-19-2021, 4:06:47 PM
divine (sgamer) said come 1-19-2021, 4:07:04 PM
divine (sgamer) said come 1-19-2021, 4:07:06 PM
divine (sgamer) said come 1-19-2021, 4:07:08 PM
divine (sgamer) said come 1-19-2021, 4:07:33 PM
divine (sgamer) said yar  1-19-2021, 4:08:13 PM
divine (sgamer) said yar come na  1-19-2021, 4:08:24 PM
divine (sgamer) said ha 1-19-2021, 4:08:47 PM
divine (sgamer) said come na yar 1-19-2021, 4:08:53 PM
divine (sgamer) said ha 1-19-2021, 4:09:16 PM
divine (sgamer) said you kill mi  1-19-2021, 4:09:22 PM
divine (sgamer) said come 1-19-2021, 4:09:25 PM
divine (sgamer) said come then will sea 1-19-2021, 4:09:44 PM
divine (sgamer) said rofl 1-19-2021, 4:10:54 PM
divine (sgamer) said ha 1-19-2021, 4:11:09 PM
divine (sgamer) said o 1-19-2021, 4:11:24 PM
divine (sgamer) said wait 1-19-2021, 4:11:26 PM
divine (sgamer) said i will give you  1-19-2021, 4:11:31 PM
divine (sgamer) said come to main  1-19-2021, 4:11:38 PM
divine (sgamer) said i dont kill you come to main  1-19-2021, 4:11:51 PM
divine (sgamer) said then i will give you  go to 0 0  1-19-2021, 4:12:04 PM
divine (sgamer) said guided_missile, 1-19-2021, 4:12:28 PM
divine (sgamer) said anil 1-19-2021, 4:12:33 PM
divine (sgamer) said come 1-19-2021, 4:12:35 PM
divine (sgamer) said ha 1-19-2021, 4:12:55 PM
divine (sgamer) said anil 1-19-2021, 4:13:05 PM
divine (sgamer) said main 0 0 0  1-19-2021, 4:13:12 PM
divine (sgamer) said i will give you  1-19-2021, 4:13:26 PM
divine (sgamer) said no 1-19-2021, 4:13:30 PM
divine (sgamer) said i not kill  1-19-2021, 4:13:38 PM
divine (sgamer) said k 1-19-2021, 4:13:54 PM
divine (sgamer) said 0 0 0  in main  1-19-2021, 4:13:59 PM
divine (sgamer) said yes 1-19-2021, 4:14:20 PM
divine (sgamer) said anil 1-19-2021, 4:14:25 PM
divine (sgamer) said you  1-19-2021, 4:14:27 PM
divine (sgamer) said go first 1-19-2021, 4:14:32 PM
divine (sgamer) said go 1-19-2021, 4:14:41 PM
divine (sgamer) said  blindgamers14 1-19-2021, 4:14:47 PM
divine (sgamer) said you wait 1-19-2021, 4:14:55 PM
divine (sgamer) said dont go  1-19-2021, 4:14:58 PM
divine (sgamer) said anil you go  1-19-2021, 4:15:09 PM
divine (sgamer) said go  1-19-2021, 4:15:39 PM
divine (sgamer) said ok 1-19-2021, 4:15:50 PM
divine (sgamer) said o 1-19-2021, 4:15:58 PM
divine (sgamer) said ok 1-19-2021, 4:16:01 PM
divine (sgamer) said dont move  1-19-2021, 4:16:05 PM
divine (sgamer) said anil 1-19-2021, 4:17:42 PM
divine (sgamer) said you get that 1-19-2021, 4:17:54 PM
divine (sgamer) said go 0 0 0  1-19-2021, 4:18:10 PM
divine (sgamer) said go 0 0 0  1-19-2021, 4:18:17 PM
divine (sgamer) said yar 1-19-2021, 4:18:22 PM
divine (sgamer) said ha 1-19-2021, 4:18:54 PM
divine (sgamer) said athee bro 1-19-2021, 4:19:37 PM
divine (sgamer) said come to main  1-19-2021, 4:19:48 PM
divine (sgamer) said my pak 1-19-2021, 4:20:26 PM
divine (sgamer) said blindgamers14 1-19-2021, 4:20:36 PM
divine (sgamer) said 0 0 0  1-19-2021, 4:20:46 PM
divine (sgamer) said tell 1-19-2021, 4:21:49 PM
divine (sgamer) said o 1-19-2021, 4:21:57 PM
divine (sgamer) said where 1-19-2021, 4:24:47 PM
divine (sgamer) said i am  1-19-2021, 4:25:34 PM
divine (sgamer) said wait 1-19-2021, 4:26:05 PM
divine (sgamer) said who 1-19-2021, 4:27:03 PM
divine (sgamer) said who 1-19-2021, 4:27:12 PM
divine (sgamer) said staff_sergeant divine:   athee bro ded  1-19-2021, 4:29:59 PM
divine (sgamer) said hahahah 1-19-2021, 4:31:45 PM
divine (sgamer) said hahahah well, roflgamer's turret 19 doesn't exist anymore. looks to be that dead battery has ultimate victory. clean up on main  1-19-2021, 4:35:39 PM
divine (sgamer) said aircraft 1-19-2021, 4:35:50 PM
divine (sgamer) said bro 1-19-2021, 4:35:55 PM
divine (sgamer) said athee got fucked up by divine's modern_sub_machine_gun_carbine on a tall center tower stairs. 1-19-2021, 4:36:15 PM
divine (sgamer) said hahahah 1-19-2021, 4:37:18 PM
divine (sgamer) said bro sorry  1-19-2021, 4:38:05 PM
divine (sgamer) said i am just joking with you   1-19-2021, 4:38:20 PM
divine (sgamer) said athee bro  1-19-2021, 4:38:27 PM
divine (sgamer) said athee bro  1-19-2021, 4:38:43 PM
divine (sgamer) said hi 1-19-2021, 4:39:18 PM
divine (sgamer) said hi bacha 1-19-2021, 4:39:35 PM
divine (sgamer) said hahahah 1-19-2021, 4:39:58 PM
divine (sgamer) said prashant 1-19-2021, 4:40:50 PM
divine (sgamer) said hahah 1-19-2021, 4:41:01 PM
divine (sgamer) said prahsant 1-19-2021, 4:41:07 PM
divine (sgamer) said i am exiting team for just time  1-19-2021, 4:41:20 PM
divine (sgamer) said you left the team! 1-19-2021, 4:41:40 PM
divine (sgamer) said prahsant 1-19-2021, 4:43:00 PM
divine (sgamer) said i will 1-19-2021, 4:43:09 PM
divine (sgamer) said ha 1-19-2021, 4:44:55 PM
divine (sgamer) said which 1-19-2021, 4:47:09 PM
divine (sgamer) said o 1-19-2021, 4:47:22 PM
divine (sgamer) said hahah 1-19-2021, 4:49:46 PM
divine (sgamer) said o 1-19-2021, 4:56:45 PM
divine (sgamer) said bro 1-19-2021, 4:58:45 PM
divine (sgamer) said come 1-19-2021, 4:58:46 PM
divine (sgamer) said athee bro  1-19-2021, 4:58:54 PM
divine (sgamer) said ha 1-19-2021, 5:00:34 PM
divine (sgamer) said which  1-19-2021, 5:00:42 PM
divine (sgamer) said which 1-19-2021, 5:00:47 PM
divine (sgamer) said OK  button 1-19-2021, 5:08:40 PM
divine (sgamer) said athee bro 1-19-2021, 5:08:49 PM
divine (sgamer) said pass 1-19-2021, 5:08:56 PM
divine (sgamer) said ha 1-19-2021, 5:09:04 PM
divine (sgamer) said pass 1-19-2021, 5:09:06 PM
divine (sgamer) said you have to wait, you can use this item every 20 seconds.! 1-19-2021, 5:10:54 PM
divine (sgamer) said ha 1-19-2021, 5:14:26 PM
divine (sgamer) said o 1-19-2021, 5:14:27 PM
divine (sgamer) said prashant  1-19-2021, 5:14:48 PM
divine (sgamer) said sun 1-19-2021, 5:14:56 PM
divine (sgamer) said prece f 45 and enter name  1-19-2021, 5:15:12 PM
divine (sgamer) said Master Volume  slider  50 1-19-2021, 5:15:54 PM
divine (sgamer) said tell 1-19-2021, 5:24:12 PM
divine (sgamer) said ha] 1-19-2021, 5:24:23 PM
divine (sgamer) said hahah 1-19-2021, 5:24:46 PM
divine (sgamer) said ok 1-19-2021, 5:24:51 PM
divine (sgamer) said wait 1-19-2021, 5:24:56 PM
divine (sgamer) said i am joining 1-19-2021, 5:25:00 PM
divine (sgamer) said haha 1-19-2021, 5:29:37 PM
divine (sgamer) said hahah 1-19-2021, 5:31:01 PM
divine (sgamer) said go on zalp  1-19-2021, 5:32:01 PM
divine (sgamer) said now 1-19-2021, 5:38:46 PM
divine (sgamer) said now 1-19-2021, 5:38:48 PM
divine (sgamer) said now tel 1-19-2021, 5:40:11 PM
divine (sgamer) said song  1-19-2021, 5:40:18 PM
divine (sgamer) said wait 1-19-2021, 5:40:47 PM
divine (sgamer) said tell anil 1-19-2021, 5:41:45 PM
divine (sgamer) said o 1-19-2021, 5:42:02 PM
divine (sgamer) said how 1-19-2021, 5:42:07 PM
divine (sgamer) said hahahhahah 1-19-2021, 5:48:17 PM
divine (sgamer) said jha bea  1-19-2021, 5:58:07 PM
divine (sgamer) said aha 1-19-2021, 6:02:04 PM
divine (sgamer) said hi 1-19-2021, 6:02:05 PM
divine (sgamer) said ali 1-19-2021, 6:02:07 PM
divine (sgamer) said wa 1-19-2021, 6:02:17 PM
divine (sgamer) said ali 1-19-2021, 6:02:21 PM
divine (sgamer) said hahah 1-19-2021, 6:02:29 PM
divine (sgamer) said hahahah 1-19-2021, 6:04:06 PM
divine (sgamer) said ha 1-19-2021, 6:04:24 PM
divine (sgamer) said hahah 1-19-2021, 6:04:31 PM
divine (sgamer) said prashant 1-19-2021, 6:04:35 PM
divine (sgamer) said teampass 1-19-2021, 6:04:41 PM
divine (sgamer) said ha 1-19-2021, 6:04:50 PM
divine (sgamer) said a 1-19-2021, 6:05:03 PM
divine (sgamer) said ali 1-19-2021, 6:05:15 PM
divine (sgamer) said hahah 1-19-2021, 6:07:37 PM
divine (sgamer) said o hi all 1-19-2021, 6:39:15 PM
divine (sgamer) said hi 1-19-2021, 6:39:35 PM
divine (sgamer) said ha 1-19-2021, 6:41:32 PM
divine (sgamer) said o 1-19-2021, 6:42:25 PM
divine (sgamer) said 10000 shields purchased 1-19-2021, 6:43:28 PM
divine (sgamer) said o 1-19-2021, 6:44:23 PM
divine (sgamer) said ha 1-19-2021, 6:45:06 PM