
AnhSon(AnhSon) bought 100 shields 2-5-2021, 1:26:38 AM
AnhSon(AnhSon) bought 50 health_drinks 2-5-2021, 1:31:50 AM
AnhSon(AnhSon) bought 50 tk_ultra_health_potions 2-5-2021, 1:31:56 AM
AnhSon(AnhSon) bought 100 shields 2-5-2021, 2:06:30 AM
AnhSon(AnhSon) bought 10 shields 2-5-2021, 3:07:46 AM
AnhSon(AnhSon) bought 5 health_drinks 2-5-2021, 3:08:04 AM
AnhSon(AnhSon) bought 5 tk_ultra_health_potions 2-5-2021, 3:08:10 AM
AnhSon(AnhSon) bought 50 tk_ultra_health_potions 2-5-2021, 3:19:31 AM
AnhSon(AnhSon) bought 100 health_drinks 2-5-2021, 3:19:44 AM
AnhSon(AnhSon) bought 100 shields 2-5-2021, 3:20:04 AM
AnhSon(AnhSon) bought 5 health_drinks 2-5-2021, 3:57:07 AM
AnhSon(AnhSon) bought 5 tk_ultra_health_potions 2-5-2021, 3:57:16 AM
AnhSon(AnhSon) bought 10 tk_ultra_health_potions 2-5-2021, 5:45:07 AM
AnhSon(AnhSon) bought 10 health_drinks 2-5-2021, 5:45:14 AM
AnhSon(AnhSon) bought 50 shields 2-5-2021, 5:46:00 AM
AnhSon(AnhSon) bought 10 shields 2-5-2021, 8:06:58 AM
AnhSon(AnhSon) bought 5 tk_ultra_health_potions 2-5-2021, 8:07:26 AM
AnhSon(AnhSon) bought 10 health_drinks 2-5-2021, 8:07:29 AM
AnhSon(AnhSon) bought 10 mass_bombs 2-5-2021, 8:34:29 AM
AnhSon(AnhSon) bought 10 fuel_tanks 2-5-2021, 9:42:52 AM
AnhSon(AnhSon) bought 1 armored_tanks 2-5-2021, 9:45:36 AM
AnhSon(AnhSon) bought 1 armored_tanks 2-5-2021, 9:59:55 AM
AnhSon(AnhSon) bought 10 metal_packs 2-5-2021, 10:15:25 AM
AnhSon(AnhSon) bought 1 antibiotic_packs 2-5-2021, 10:25:08 AM
AnhSon(AnhSon) bought 1 aircrafts 2-5-2021, 10:26:26 AM
AnhSon(AnhSon) bought 1 aircrafts 2-5-2021, 11:54:15 AM
AnhSon(AnhSon) bought 1 police_cars 2-5-2021, 12:43:08 PM
AnhSon(AnhSon) bought 1 police_cars 2-5-2021, 1:00:23 PM
AnhSon(AnhSon) bought 1 armored_tanks 2-5-2021, 1:00:30 PM
AnhSon(AnhSon) bought 1 aircrafts 2-5-2021, 1:04:21 PM
AnhSon(AnhSon) bought 1 police_cars 2-5-2021, 1:13:14 PM
AnhSon(AnhSon) bought 1 awps 2-5-2021, 1:48:13 PM
AnhSon(AnhSon) bought 10 awp_ammo_packs 2-5-2021, 1:50:12 PM
AnhSon(AnhSon) bought 1 police_cars 2-5-2021, 2:51:50 PM
AnhSon(AnhSon) bought 10 awp_ammo_packs 2-5-2021, 3:12:28 PM
AnhSon(AnhSon) bought 50 health_drinks 2-5-2021, 9:38:11 PM
AnhSon(AnhSon) bought 200 shields 2-5-2021, 9:45:02 PM
AnhSon(AnhSon) bought 100 shields 2-5-2021, 9:45:30 PM
AnhSon(AnhSon) bought 50 health_drinks 2-5-2021, 9:45:44 PM
AnhSon(AnhSon) bought 50 tk_ultra_health_potions 2-5-2021, 9:45:49 PM
AnhSon(AnhSon) bought 100 health_drinks 2-5-2021, 10:37:36 PM
AnhSon(AnhSon) bought 100 tk_ultra_health_potions 2-5-2021, 10:37:50 PM
AnhSon(AnhSon) bought 200 shields 2-5-2021, 10:38:03 PM
AnhSon(AnhSon) bought 1 police_cars 2-5-2021, 10:46:42 PM
AnhSon(AnhSon) bought 10 fuel_tanks 2-5-2021, 10:46:51 PM
AnhSon(AnhSon) bought 10 metal_packs 2-5-2021, 10:47:10 PM
AnhSon(AnhSon) bought 1 police_cars 2-5-2021, 10:50:14 PM
AnhSon(AnhSon) bought 1 police_cars 2-5-2021, 10:59:07 PM
AnhSon(AnhSon) bought 2 police_cars 2-5-2021, 11:02:38 PM