
magistral(ramil) used a poisoned_small_projectile 2-5-2021, 9:20:26 PM
magistral(ramil) used a storm_sniper 2-5-2021, 9:21:47 PM
magistral(ramil) used a the_legendary_sword 2-5-2021, 9:21:54 PM
magistral(ramil) used a health_drink 2-5-2021, 9:21:55 PM
magistral(ramil) used a health_drink 2-5-2021, 9:21:55 PM
magistral(ramil) used a empty_beer_bottle 2-5-2021, 9:24:50 PM
magistral(ramil) used a empty_beer_bottle 2-5-2021, 9:25:10 PM
magistral(ramil) used a empty_beer_bottle 2-5-2021, 9:25:10 PM
magistral(ramil) used a empty_beer_bottle 2-5-2021, 9:25:11 PM
magistral(ramil) used a empty_beer_bottle 2-5-2021, 9:25:11 PM
magistral(ramil) used a empty_beer_bottle 2-5-2021, 9:25:11 PM
magistral(ramil) used a empty_beer_bottle 2-5-2021, 9:25:12 PM
magistral(ramil) used a empty_beer_bottle 2-5-2021, 9:25:12 PM
magistral(ramil) used a empty_beer_bottle 2-5-2021, 9:25:12 PM
magistral(ramil) used a empty_beer_bottle 2-5-2021, 9:25:12 PM
magistral(ramil) used a empty_beer_bottle 2-5-2021, 9:25:12 PM
magistral(ramil) used a empty_beer_bottle 2-5-2021, 9:25:12 PM
magistral(ramil) used a empty_beer_bottle 2-5-2021, 9:25:13 PM
magistral(ramil) used a empty_beer_bottle 2-5-2021, 9:25:13 PM
magistral(ramil) used a empty_beer_bottle 2-5-2021, 9:25:13 PM
magistral(ramil) used a health_drink 2-5-2021, 9:26:05 PM
magistral(ramil) used a health_drink 2-5-2021, 9:26:05 PM
magistral(ramil) used a health_drink 2-5-2021, 9:26:05 PM
magistral(ramil) used a shield 2-5-2021, 9:26:05 PM
magistral(ramil) used a shield 2-5-2021, 9:26:06 PM
magistral(ramil) used a health_drink 2-5-2021, 9:30:21 PM
magistral(ramil) used a health_drink 2-5-2021, 9:30:21 PM
magistral(ramil) used a health_drink 2-5-2021, 9:30:21 PM
magistral(ramil) used a health_drink 2-5-2021, 9:33:25 PM
magistral(ramil) used a health_drink 2-5-2021, 9:33:25 PM