
phamhoangminh(doflamingo) used a pack_of_100_empty_beer_bottle 2-16-2021, 2:52:56 AM
phamhoangminh(doflamingo) used a pack_of_100_empty_beer_bottle 2-16-2021, 2:52:56 AM
phamhoangminh(doflamingo) used a pack_of_100_empty_beer_bottle 2-16-2021, 2:52:57 AM
phamhoangminh(doflamingo) used a pack_of_100_empty_beer_bottle 2-16-2021, 4:11:03 AM
phamhoangminh(doflamingo) used a pack_of_100_empty_beer_bottle 2-16-2021, 4:11:03 AM
phamhoangminh(doflamingo) used a pack_of_100_empty_beer_bottle 2-16-2021, 4:11:03 AM
phamhoangminh(doflamingo) used a pack_of_100_empty_beer_bottle 2-16-2021, 4:11:43 AM
phamhoangminh(doflamingo) used a tk_ultra_health_potion 2-16-2021, 4:21:28 AM
phamhoangminh(doflamingo) used a tk_ultra_health_potion 2-16-2021, 4:21:28 AM
phamhoangminh(doflamingo) used a shield 2-16-2021, 4:21:29 AM
phamhoangminh(doflamingo) used a shield 2-16-2021, 4:21:30 AM
phamhoangminh(doflamingo) used a shield 2-16-2021, 4:21:30 AM
phamhoangminh(doflamingo) used a shield 2-16-2021, 4:21:30 AM
phamhoangminh(doflamingo) used a shield 2-16-2021, 4:21:30 AM
phamhoangminh(doflamingo) used a shield 2-16-2021, 4:21:31 AM
phamhoangminh(doflamingo) used a shield 2-16-2021, 4:21:31 AM
phamhoangminh(doflamingo) used a shield 2-16-2021, 4:21:31 AM
phamhoangminh(doflamingo) used a shield 2-16-2021, 4:21:32 AM
phamhoangminh(doflamingo) used a shield 2-16-2021, 4:21:32 AM
phamhoangminh(doflamingo) used a shield 2-16-2021, 4:21:32 AM
phamhoangminh(doflamingo) used a shield 2-16-2021, 4:21:32 AM
phamhoangminh(doflamingo) used a shield 2-16-2021, 4:21:33 AM
phamhoangminh(doflamingo) used a shield 2-16-2021, 4:21:33 AM
phamhoangminh(doflamingo) used a shield 2-16-2021, 4:21:33 AM
phamhoangminh(doflamingo) used a shield 2-16-2021, 4:21:38 AM
phamhoangminh(doflamingo) used a shield 2-16-2021, 4:21:38 AM
phamhoangminh(doflamingo) used a shield 2-16-2021, 4:21:38 AM
phamhoangminh(doflamingo) used a shield 2-16-2021, 4:21:39 AM
phamhoangminh(doflamingo) used a shield 2-16-2021, 4:21:39 AM
phamhoangminh(doflamingo) used a the_legendary_sword 2-16-2021, 4:21:45 AM
phamhoangminh(doflamingo) used a shield 2-16-2021, 4:21:51 AM
phamhoangminh(doflamingo) used a shield 2-16-2021, 4:21:52 AM
phamhoangminh(doflamingo) used a shield 2-16-2021, 4:21:52 AM
phamhoangminh(doflamingo) used a shield 2-16-2021, 4:21:52 AM
phamhoangminh(doflamingo) used a shield 2-16-2021, 4:21:52 AM
phamhoangminh(doflamingo) used a shield 2-16-2021, 4:21:52 AM
phamhoangminh(doflamingo) used a shield 2-16-2021, 4:21:52 AM
phamhoangminh(doflamingo) used a shield 2-16-2021, 4:21:52 AM
phamhoangminh(doflamingo) used a shield 2-16-2021, 4:21:53 AM
phamhoangminh(doflamingo) used a shield 2-16-2021, 4:21:53 AM
phamhoangminh(doflamingo) used a shield 2-16-2021, 4:21:53 AM
phamhoangminh(doflamingo) used a shield 2-16-2021, 4:21:53 AM
phamhoangminh(doflamingo) used a shield 2-16-2021, 4:21:53 AM
phamhoangminh(doflamingo) used a shield 2-16-2021, 4:21:53 AM
phamhoangminh(doflamingo) used a shield 2-16-2021, 4:21:53 AM
phamhoangminh(doflamingo) used a shield 2-16-2021, 4:21:54 AM
phamhoangminh(doflamingo) used a shield 2-16-2021, 4:21:54 AM
phamhoangminh(doflamingo) used a shield 2-16-2021, 4:21:54 AM
phamhoangminh(doflamingo) used a shield 2-16-2021, 4:21:54 AM
phamhoangminh(doflamingo) used a shield 2-16-2021, 4:21:54 AM
phamhoangminh(doflamingo) used a shield 2-16-2021, 4:21:54 AM
phamhoangminh(doflamingo) used a shield 2-16-2021, 4:21:54 AM
phamhoangminh(doflamingo) used a shield 2-16-2021, 4:21:55 AM
phamhoangminh(doflamingo) used a shield 2-16-2021, 4:21:55 AM
phamhoangminh(doflamingo) used a shield 2-16-2021, 4:21:55 AM
phamhoangminh(doflamingo) used a shield 2-16-2021, 4:21:55 AM
phamhoangminh(doflamingo) used a shield 2-16-2021, 4:21:55 AM
phamhoangminh(doflamingo) used a shield 2-16-2021, 4:21:55 AM
phamhoangminh(doflamingo) used a shield 2-16-2021, 4:21:56 AM
phamhoangminh(doflamingo) used a shield 2-16-2021, 4:21:56 AM
phamhoangminh(doflamingo) used a shield 2-16-2021, 4:21:56 AM
phamhoangminh(doflamingo) used a cannon 2-16-2021, 4:22:22 AM
phamhoangminh(doflamingo) used a shield 2-16-2021, 4:23:31 AM
phamhoangminh(doflamingo) used a shield 2-16-2021, 4:23:32 AM
phamhoangminh(doflamingo) used a shield 2-16-2021, 4:23:32 AM
phamhoangminh(doflamingo) used a shield 2-16-2021, 4:23:32 AM
phamhoangminh(doflamingo) used a shield 2-16-2021, 4:23:32 AM
phamhoangminh(doflamingo) used a shield 2-16-2021, 4:23:33 AM
phamhoangminh(doflamingo) used a shield 2-16-2021, 4:23:33 AM
phamhoangminh(doflamingo) used a tk_ultra_health_potion 2-16-2021, 4:23:51 AM
phamhoangminh(doflamingo) used a tk_ultra_health_potion 2-16-2021, 4:24:38 AM
phamhoangminh(doflamingo) used a tk_ultra_health_potion 2-16-2021, 4:24:39 AM
phamhoangminh(doflamingo) used a tk_ultra_health_potion 2-16-2021, 4:24:39 AM
phamhoangminh(doflamingo) used a the_legendary_sword 2-16-2021, 4:24:49 AM
phamhoangminh(doflamingo) used a tk_ultra_health_potion 2-16-2021, 4:24:55 AM
phamhoangminh(doflamingo) used a tk_ultra_health_potion 2-16-2021, 4:25:01 AM
phamhoangminh(doflamingo) used a tk_ultra_health_potion 2-16-2021, 4:25:02 AM
phamhoangminh(doflamingo) used a tk_ultra_health_potion 2-16-2021, 4:25:02 AM
phamhoangminh(doflamingo) used a tk_ultra_health_potion 2-16-2021, 4:25:03 AM
phamhoangminh(doflamingo) used a tk_ultra_health_potion 2-16-2021, 4:25:03 AM
phamhoangminh(doflamingo) used a shield 2-16-2021, 4:25:56 AM
phamhoangminh(doflamingo) used a shield 2-16-2021, 4:25:56 AM
phamhoangminh(doflamingo) used a shield 2-16-2021, 4:25:57 AM
phamhoangminh(doflamingo) used a shield 2-16-2021, 4:25:57 AM
phamhoangminh(doflamingo) used a shield 2-16-2021, 4:25:57 AM
phamhoangminh(doflamingo) used a shield 2-16-2021, 4:25:58 AM
phamhoangminh(doflamingo) used a shield 2-16-2021, 4:26:23 AM
phamhoangminh(doflamingo) used a shield 2-16-2021, 4:26:23 AM
phamhoangminh(doflamingo) used a shield 2-16-2021, 4:26:24 AM
phamhoangminh(doflamingo) used a shield 2-16-2021, 4:26:31 AM
phamhoangminh(doflamingo) used a shield 2-16-2021, 4:26:31 AM
phamhoangminh(doflamingo) used a shield 2-16-2021, 4:26:31 AM
phamhoangminh(doflamingo) used a shield 2-16-2021, 4:26:31 AM
phamhoangminh(doflamingo) used a shield 2-16-2021, 4:26:31 AM
phamhoangminh(doflamingo) used a shield 2-16-2021, 4:26:31 AM
phamhoangminh(doflamingo) used a shield 2-16-2021, 4:26:31 AM
phamhoangminh(doflamingo) used a shield 2-16-2021, 4:26:32 AM
phamhoangminh(doflamingo) used a shield 2-16-2021, 4:26:32 AM
phamhoangminh(doflamingo) used a shield 2-16-2021, 4:26:32 AM
phamhoangminh(doflamingo) used a shield 2-16-2021, 4:26:32 AM
phamhoangminh(doflamingo) used a shield 2-16-2021, 4:26:32 AM
phamhoangminh(doflamingo) used a shield 2-16-2021, 4:26:32 AM
phamhoangminh(doflamingo) used a shield 2-16-2021, 4:26:32 AM
phamhoangminh(doflamingo) used a shield 2-16-2021, 4:26:32 AM
phamhoangminh(doflamingo) used a shield 2-16-2021, 4:26:33 AM
phamhoangminh(doflamingo) used a shield 2-16-2021, 4:26:33 AM
phamhoangminh(doflamingo) used a shield 2-16-2021, 4:26:33 AM
phamhoangminh(doflamingo) used a shield 2-16-2021, 4:26:33 AM
phamhoangminh(doflamingo) used a shield 2-16-2021, 4:26:33 AM
phamhoangminh(doflamingo) used a shield 2-16-2021, 4:26:33 AM
phamhoangminh(doflamingo) used a shield 2-16-2021, 4:26:34 AM
phamhoangminh(doflamingo) used a shield 2-16-2021, 4:26:34 AM
phamhoangminh(doflamingo) used a shield 2-16-2021, 4:26:34 AM
phamhoangminh(doflamingo) used a shield 2-16-2021, 4:26:45 AM
phamhoangminh(doflamingo) used a shield 2-16-2021, 4:26:46 AM
phamhoangminh(doflamingo) used a shield 2-16-2021, 4:26:46 AM
phamhoangminh(doflamingo) used a tk_ultra_health_potion 2-16-2021, 4:26:48 AM
phamhoangminh(doflamingo) used a frequency_scrambler 2-16-2021, 4:26:56 AM
phamhoangminh(doflamingo) used a frequency_scrambler 2-16-2021, 4:27:14 AM
phamhoangminh(doflamingo) used a shield 2-16-2021, 4:27:23 AM
phamhoangminh(doflamingo) used a shield 2-16-2021, 4:27:23 AM
phamhoangminh(doflamingo) used a shield 2-16-2021, 4:27:23 AM
phamhoangminh(doflamingo) used a frequency_scrambler 2-16-2021, 4:27:25 AM
phamhoangminh(doflamingo) used a frequency_scrambler 2-16-2021, 4:27:26 AM
phamhoangminh(doflamingo) used a shield 2-16-2021, 4:27:28 AM
phamhoangminh(doflamingo) used a shield 2-16-2021, 4:27:28 AM
phamhoangminh(doflamingo) used a shield 2-16-2021, 4:27:29 AM
phamhoangminh(doflamingo) used a shield 2-16-2021, 4:27:29 AM
phamhoangminh(doflamingo) used a shield 2-16-2021, 4:27:32 AM
phamhoangminh(doflamingo) used a shield 2-16-2021, 4:27:32 AM
phamhoangminh(doflamingo) used a shield 2-16-2021, 4:27:33 AM
phamhoangminh(doflamingo) used a shield 2-16-2021, 4:27:33 AM
phamhoangminh(doflamingo) used a shield 2-16-2021, 4:27:33 AM
phamhoangminh(doflamingo) used a shield 2-16-2021, 4:27:33 AM
phamhoangminh(doflamingo) used a shield 2-16-2021, 4:27:33 AM
phamhoangminh(doflamingo) used a shield 2-16-2021, 4:27:33 AM
phamhoangminh(doflamingo) used a shield 2-16-2021, 4:27:33 AM
phamhoangminh(doflamingo) used a shield 2-16-2021, 4:27:33 AM
phamhoangminh(doflamingo) used a shield 2-16-2021, 4:27:34 AM
phamhoangminh(doflamingo) used a shield 2-16-2021, 4:27:34 AM
phamhoangminh(doflamingo) used a shield 2-16-2021, 4:27:34 AM
phamhoangminh(doflamingo) used a shield 2-16-2021, 4:27:34 AM
phamhoangminh(doflamingo) used a shield 2-16-2021, 4:27:34 AM
phamhoangminh(doflamingo) used a shield 2-16-2021, 4:27:34 AM
phamhoangminh(doflamingo) used a shield 2-16-2021, 4:27:34 AM
phamhoangminh(doflamingo) used a shield 2-16-2021, 4:27:35 AM
phamhoangminh(doflamingo) used a shield 2-16-2021, 4:27:35 AM
phamhoangminh(doflamingo) used a shield 2-16-2021, 4:27:35 AM
phamhoangminh(doflamingo) used a shield 2-16-2021, 4:27:35 AM
phamhoangminh(doflamingo) used a shield 2-16-2021, 4:27:35 AM
phamhoangminh(doflamingo) used a shield 2-16-2021, 4:27:35 AM
phamhoangminh(doflamingo) used a tk_ultra_health_potion 2-16-2021, 4:27:47 AM
phamhoangminh(doflamingo) used a tk_ultra_health_potion 2-16-2021, 4:27:47 AM
phamhoangminh(doflamingo) used a shield 2-16-2021, 4:27:49 AM
phamhoangminh(doflamingo) used a shield 2-16-2021, 4:27:49 AM
phamhoangminh(doflamingo) used a shield 2-16-2021, 4:27:50 AM
phamhoangminh(doflamingo) used a shield 2-16-2021, 4:27:50 AM
phamhoangminh(doflamingo) used a shield 2-16-2021, 4:27:50 AM
phamhoangminh(doflamingo) used a shield 2-16-2021, 4:27:51 AM
phamhoangminh(doflamingo) used a shield 2-16-2021, 4:28:03 AM
phamhoangminh(doflamingo) used a shield 2-16-2021, 4:28:03 AM
phamhoangminh(doflamingo) used a shield 2-16-2021, 4:28:04 AM
phamhoangminh(doflamingo) used a shield 2-16-2021, 4:28:04 AM
phamhoangminh(doflamingo) used a shield 2-16-2021, 4:28:04 AM
phamhoangminh(doflamingo) used a shield 2-16-2021, 4:28:05 AM
phamhoangminh(doflamingo) used a pack_of_100_empty_beer_bottle 2-16-2021, 4:37:33 AM
phamhoangminh(doflamingo) used a pack_of_100_empty_beer_bottle 2-16-2021, 4:37:33 AM
phamhoangminh(doflamingo) used a pack_of_100_empty_beer_bottle 2-16-2021, 4:37:34 AM
phamhoangminh(doflamingo) used a pack_of_100_empty_beer_bottle 2-16-2021, 4:37:34 AM
phamhoangminh(doflamingo) used a pack_of_100_empty_beer_bottle 2-16-2021, 4:37:34 AM
phamhoangminh(doflamingo) used a warp_box 2-16-2021, 4:44:46 AM
phamhoangminh(doflamingo) used a rocket_launcher 2-16-2021, 4:46:48 AM
phamhoangminh(doflamingo) used a the_legendary_sword 2-16-2021, 4:46:53 AM
phamhoangminh(doflamingo) used a cannon 2-16-2021, 4:46:58 AM
phamhoangminh(doflamingo) used a hand_cannon 2-16-2021, 4:47:08 AM
phamhoangminh(doflamingo) used a tank 2-16-2021, 4:47:34 AM
phamhoangminh(doflamingo) used a warp_box 2-16-2021, 4:49:25 AM
phamhoangminh(doflamingo) used a helicopter 2-16-2021, 4:52:19 AM
phamhoangminh(doflamingo) used a missile_interceptor 2-16-2021, 4:52:46 AM
phamhoangminh(doflamingo) used a guided_missile 2-16-2021, 4:52:51 AM
phamhoangminh(doflamingo) used a helicopter 2-16-2021, 4:52:57 AM
phamhoangminh(doflamingo) used a helicopter 2-16-2021, 4:53:03 AM
phamhoangminh(doflamingo) used a helicopter 2-16-2021, 4:53:13 AM
phamhoangminh(doflamingo) used a helicopter 2-16-2021, 4:53:22 AM
phamhoangminh(doflamingo) used a helicopter 2-16-2021, 4:53:53 AM
phamhoangminh(doflamingo) used a helicopter 2-16-2021, 4:54:05 AM
phamhoangminh(doflamingo) used a helicopter 2-16-2021, 4:54:14 AM
phamhoangminh(doflamingo) used a helicopter 2-16-2021, 4:54:19 AM
phamhoangminh(doflamingo) used a helicopter 2-16-2021, 4:54:27 AM
phamhoangminh(doflamingo) used a helicopter 2-16-2021, 4:54:27 AM
phamhoangminh(doflamingo) used a helicopter 2-16-2021, 4:55:40 AM
phamhoangminh(doflamingo) used a helicopter 2-16-2021, 4:56:29 AM
phamhoangminh(doflamingo) used a robot 2-16-2021, 4:56:45 AM
phamhoangminh(doflamingo) used a shield 2-16-2021, 4:57:08 AM
phamhoangminh(doflamingo) used a shield 2-16-2021, 4:57:08 AM
phamhoangminh(doflamingo) used a shield 2-16-2021, 4:57:08 AM
phamhoangminh(doflamingo) used a shield 2-16-2021, 4:57:08 AM
phamhoangminh(doflamingo) used a shield 2-16-2021, 4:57:08 AM
phamhoangminh(doflamingo) used a shield 2-16-2021, 4:57:08 AM
phamhoangminh(doflamingo) used a shield 2-16-2021, 4:57:09 AM
phamhoangminh(doflamingo) used a shield 2-16-2021, 4:57:09 AM
phamhoangminh(doflamingo) used a shield 2-16-2021, 4:57:09 AM
phamhoangminh(doflamingo) used a shield 2-16-2021, 4:57:09 AM
phamhoangminh(doflamingo) used a shield 2-16-2021, 4:57:09 AM
phamhoangminh(doflamingo) used a shield 2-16-2021, 4:57:09 AM
phamhoangminh(doflamingo) used a shield 2-16-2021, 4:57:09 AM
phamhoangminh(doflamingo) used a shield 2-16-2021, 4:57:10 AM
phamhoangminh(doflamingo) used a shield 2-16-2021, 4:57:10 AM
phamhoangminh(doflamingo) used a shield 2-16-2021, 4:57:10 AM
phamhoangminh(doflamingo) used a shield 2-16-2021, 4:57:10 AM
phamhoangminh(doflamingo) used a shield 2-16-2021, 4:57:10 AM
phamhoangminh(doflamingo) used a shield 2-16-2021, 4:57:10 AM
phamhoangminh(doflamingo) used a shield 2-16-2021, 4:57:10 AM
phamhoangminh(doflamingo) used a shield 2-16-2021, 4:57:11 AM
phamhoangminh(doflamingo) used a shield 2-16-2021, 4:57:11 AM
phamhoangminh(doflamingo) used a shield 2-16-2021, 4:57:11 AM
phamhoangminh(doflamingo) used a tk_ultra_health_potion 2-16-2021, 4:57:20 AM
phamhoangminh(doflamingo) used a tk_ultra_health_potion 2-16-2021, 4:57:20 AM
phamhoangminh(doflamingo) used a helicopter 2-16-2021, 4:57:26 AM
phamhoangminh(doflamingo) used a helicopter 2-16-2021, 4:57:30 AM
phamhoangminh(doflamingo) used a helicopter 2-16-2021, 4:57:34 AM
phamhoangminh(doflamingo) used a helicopter 2-16-2021, 4:57:40 AM
phamhoangminh(doflamingo) used a helicopter 2-16-2021, 4:57:47 AM
phamhoangminh(doflamingo) used a helicopter 2-16-2021, 4:57:54 AM
phamhoangminh(doflamingo) used a helicopter 2-16-2021, 4:57:59 AM
phamhoangminh(doflamingo) used a shield 2-16-2021, 4:58:02 AM
phamhoangminh(doflamingo) used a shield 2-16-2021, 4:58:02 AM
phamhoangminh(doflamingo) used a shield 2-16-2021, 4:58:02 AM
phamhoangminh(doflamingo) used a shield 2-16-2021, 4:58:03 AM
phamhoangminh(doflamingo) used a shield 2-16-2021, 4:58:04 AM
phamhoangminh(doflamingo) used a shield 2-16-2021, 4:58:04 AM
phamhoangminh(doflamingo) used a helicopter 2-16-2021, 4:58:06 AM
phamhoangminh(doflamingo) used a helicopter 2-16-2021, 4:58:10 AM
phamhoangminh(doflamingo) used a helicopter 2-16-2021, 4:58:10 AM
phamhoangminh(doflamingo) used a helicopter 2-16-2021, 4:58:11 AM
phamhoangminh(doflamingo) used a helicopter 2-16-2021, 4:58:12 AM
phamhoangminh(doflamingo) used a helicopter 2-16-2021, 4:58:12 AM
phamhoangminh(doflamingo) used a helicopter 2-16-2021, 4:58:12 AM
phamhoangminh(doflamingo) used a helicopter 2-16-2021, 4:58:13 AM
phamhoangminh(doflamingo) used a helicopter 2-16-2021, 4:58:13 AM
phamhoangminh(doflamingo) used a helicopter 2-16-2021, 4:58:14 AM
phamhoangminh(doflamingo) used a helicopter 2-16-2021, 4:58:14 AM
phamhoangminh(doflamingo) used a helicopter 2-16-2021, 4:58:14 AM
phamhoangminh(doflamingo) used a helicopter 2-16-2021, 4:58:14 AM
phamhoangminh(doflamingo) used a helicopter 2-16-2021, 4:58:29 AM
phamhoangminh(doflamingo) used a tk_ultra_health_potion 2-16-2021, 5:04:48 AM
phamhoangminh(doflamingo) used a tk_ultra_health_potion 2-16-2021, 5:04:48 AM
phamhoangminh(doflamingo) used a shield 2-16-2021, 5:05:02 AM
phamhoangminh(doflamingo) used a shield 2-16-2021, 5:05:02 AM
phamhoangminh(doflamingo) used a shield 2-16-2021, 5:05:03 AM
phamhoangminh(doflamingo) used a shield 2-16-2021, 5:05:03 AM
phamhoangminh(doflamingo) used a shield 2-16-2021, 5:05:03 AM
phamhoangminh(doflamingo) used a shield 2-16-2021, 5:05:03 AM
phamhoangminh(doflamingo) used a shield 2-16-2021, 5:05:04 AM
phamhoangminh(doflamingo) used a shield 2-16-2021, 5:05:05 AM
phamhoangminh(doflamingo) used a shield 2-16-2021, 5:05:05 AM
phamhoangminh(doflamingo) used a shield 2-16-2021, 5:05:05 AM
phamhoangminh(doflamingo) used a shield 2-16-2021, 5:05:05 AM
phamhoangminh(doflamingo) used a shield 2-16-2021, 5:05:05 AM
phamhoangminh(doflamingo) used a shield 2-16-2021, 5:05:05 AM
phamhoangminh(doflamingo) used a shield 2-16-2021, 5:05:05 AM
phamhoangminh(doflamingo) used a shield 2-16-2021, 5:05:06 AM
phamhoangminh(doflamingo) used a shield 2-16-2021, 5:05:06 AM
phamhoangminh(doflamingo) used a shield 2-16-2021, 5:05:06 AM
phamhoangminh(doflamingo) used a shield 2-16-2021, 5:05:06 AM
phamhoangminh(doflamingo) used a shield 2-16-2021, 5:05:06 AM
phamhoangminh(doflamingo) used a shield 2-16-2021, 5:05:06 AM
phamhoangminh(doflamingo) used a shield 2-16-2021, 5:05:06 AM
phamhoangminh(doflamingo) used a shield 2-16-2021, 5:05:07 AM
phamhoangminh(doflamingo) used a shield 2-16-2021, 5:05:07 AM
phamhoangminh(doflamingo) used a shield 2-16-2021, 5:05:07 AM
phamhoangminh(doflamingo) used a shield 2-16-2021, 5:05:07 AM
phamhoangminh(doflamingo) used a shield 2-16-2021, 5:05:07 AM
phamhoangminh(doflamingo) used a shield 2-16-2021, 5:05:07 AM
phamhoangminh(doflamingo) used a shield 2-16-2021, 5:05:07 AM
phamhoangminh(doflamingo) used a shield 2-16-2021, 5:05:07 AM
phamhoangminh(doflamingo) used a shield 2-16-2021, 5:05:08 AM
phamhoangminh(doflamingo) used a shield 2-16-2021, 5:05:08 AM
phamhoangminh(doflamingo) used a shield 2-16-2021, 5:05:08 AM
phamhoangminh(doflamingo) used a shield 2-16-2021, 5:05:08 AM
phamhoangminh(doflamingo) used a shield 2-16-2021, 5:05:09 AM
phamhoangminh(doflamingo) used a tk_ultra_health_potion 2-16-2021, 5:05:29 AM
phamhoangminh(doflamingo) used a tk_ultra_health_potion 2-16-2021, 5:06:43 AM
phamhoangminh(doflamingo) used a tk_ultra_health_potion 2-16-2021, 5:06:45 AM
phamhoangminh(doflamingo) used a shield 2-16-2021, 5:11:06 AM
phamhoangminh(doflamingo) used a shield 2-16-2021, 5:11:07 AM
phamhoangminh(doflamingo) used a shield 2-16-2021, 5:11:07 AM
phamhoangminh(doflamingo) used a shield 2-16-2021, 5:11:07 AM
phamhoangminh(doflamingo) used a shield 2-16-2021, 5:11:07 AM
phamhoangminh(doflamingo) used a shield 2-16-2021, 5:11:07 AM
phamhoangminh(doflamingo) used a shield 2-16-2021, 5:11:07 AM
phamhoangminh(doflamingo) used a shield 2-16-2021, 5:11:08 AM
phamhoangminh(doflamingo) used a shield 2-16-2021, 5:11:08 AM
phamhoangminh(doflamingo) used a shield 2-16-2021, 5:11:08 AM
phamhoangminh(doflamingo) used a tank 2-16-2021, 5:11:17 AM
phamhoangminh(doflamingo) used a tk_ultra_health_potion 2-16-2021, 5:12:53 AM
phamhoangminh(doflamingo) used a tk_ultra_health_potion 2-16-2021, 5:12:53 AM
phamhoangminh(doflamingo) used a shield 2-16-2021, 5:12:57 AM
phamhoangminh(doflamingo) used a shield 2-16-2021, 5:12:57 AM
phamhoangminh(doflamingo) used a shield 2-16-2021, 5:12:57 AM
phamhoangminh(doflamingo) used a shield 2-16-2021, 5:12:58 AM
phamhoangminh(doflamingo) used a shield 2-16-2021, 5:12:58 AM
phamhoangminh(doflamingo) used a shield 2-16-2021, 5:12:59 AM
phamhoangminh(doflamingo) used a shield 2-16-2021, 5:13:00 AM
phamhoangminh(doflamingo) used a security_bomb 2-16-2021, 5:19:02 AM
phamhoangminh(doflamingo) used a sky_436_mine 2-16-2021, 5:19:29 AM
phamhoangminh(doflamingo) used a mine 2-16-2021, 5:19:33 AM
phamhoangminh(doflamingo) used a mine 2-16-2021, 5:19:33 AM
phamhoangminh(doflamingo) used a mine 2-16-2021, 5:19:34 AM
phamhoangminh(doflamingo) used a mine 2-16-2021, 5:19:35 AM
phamhoangminh(doflamingo) used a mine 2-16-2021, 5:19:35 AM
phamhoangminh(doflamingo) used a mine 2-16-2021, 5:19:36 AM
phamhoangminh(doflamingo) used a barricade_bomb 2-16-2021, 5:19:45 AM
phamhoangminh(doflamingo) used a barricade_bomb 2-16-2021, 5:20:01 AM
phamhoangminh(doflamingo) used a barricade_bomb 2-16-2021, 5:20:16 AM
phamhoangminh(doflamingo) used a wirebomb 2-16-2021, 5:20:34 AM
phamhoangminh(doflamingo) used a motion_bomb 2-16-2021, 5:20:42 AM
phamhoangminh(doflamingo) used a motion_bomb 2-16-2021, 5:20:43 AM
phamhoangminh(doflamingo) used a motion_bomb 2-16-2021, 5:20:43 AM
phamhoangminh(doflamingo) used a motion_bomb 2-16-2021, 5:20:43 AM
phamhoangminh(doflamingo) used a motion_bomb 2-16-2021, 5:20:43 AM
phamhoangminh(doflamingo) used a motion_bomb 2-16-2021, 5:20:44 AM
phamhoangminh(doflamingo) used a motion_bomb 2-16-2021, 5:20:44 AM
phamhoangminh(doflamingo) used a motion_bomb 2-16-2021, 5:20:44 AM
phamhoangminh(doflamingo) used a motion_bomb 2-16-2021, 5:20:44 AM
phamhoangminh(doflamingo) used a motion_bomb 2-16-2021, 5:20:45 AM
phamhoangminh(doflamingo) used a motion_bomb 2-16-2021, 5:20:45 AM
phamhoangminh(doflamingo) used a motion_bomb 2-16-2021, 5:20:45 AM
phamhoangminh(doflamingo) used a motion_bomb 2-16-2021, 5:20:45 AM
phamhoangminh(doflamingo) used a motion_bomb 2-16-2021, 5:20:45 AM
phamhoangminh(doflamingo) used a motion_bomb 2-16-2021, 5:20:46 AM
phamhoangminh(doflamingo) used a motion_bomb 2-16-2021, 5:20:46 AM
phamhoangminh(doflamingo) used a motion_bomb 2-16-2021, 5:20:46 AM
phamhoangminh(doflamingo) used a motion_bomb 2-16-2021, 5:20:46 AM
phamhoangminh(doflamingo) used a motion_bomb 2-16-2021, 5:20:47 AM
phamhoangminh(doflamingo) used a motion_bomb 2-16-2021, 5:20:47 AM
phamhoangminh(doflamingo) used a motion_bomb 2-16-2021, 5:20:47 AM
phamhoangminh(doflamingo) used a motion_bomb 2-16-2021, 5:20:48 AM
phamhoangminh(doflamingo) used a motion_bomb 2-16-2021, 5:20:48 AM
phamhoangminh(doflamingo) used a motion_bomb 2-16-2021, 5:20:48 AM
phamhoangminh(doflamingo) used a motion_bomb 2-16-2021, 5:20:48 AM
phamhoangminh(doflamingo) used a motion_bomb 2-16-2021, 5:20:49 AM
phamhoangminh(doflamingo) used a motion_bomb 2-16-2021, 5:20:49 AM
phamhoangminh(doflamingo) used a motion_bomb 2-16-2021, 5:20:49 AM
phamhoangminh(doflamingo) used a motion_bomb 2-16-2021, 5:20:49 AM
phamhoangminh(doflamingo) used a motion_bomb 2-16-2021, 5:20:50 AM
phamhoangminh(doflamingo) used a motion_bomb 2-16-2021, 5:20:50 AM
phamhoangminh(doflamingo) used a motion_bomb 2-16-2021, 5:20:50 AM
phamhoangminh(doflamingo) used a motion_bomb 2-16-2021, 5:20:50 AM
phamhoangminh(doflamingo) used a motion_bomb 2-16-2021, 5:20:51 AM
phamhoangminh(doflamingo) used a motion_bomb 2-16-2021, 5:20:51 AM
phamhoangminh(doflamingo) used a motion_bomb 2-16-2021, 5:20:51 AM
phamhoangminh(doflamingo) used a motion_bomb 2-16-2021, 5:20:51 AM
phamhoangminh(doflamingo) used a motion_bomb 2-16-2021, 5:20:52 AM
phamhoangminh(doflamingo) used a motion_bomb 2-16-2021, 5:20:52 AM
phamhoangminh(doflamingo) used a motion_bomb 2-16-2021, 5:20:52 AM
phamhoangminh(doflamingo) used a motion_bomb 2-16-2021, 5:20:52 AM
phamhoangminh(doflamingo) used a motion_bomb 2-16-2021, 5:20:53 AM
phamhoangminh(doflamingo) used a motion_bomb 2-16-2021, 5:20:53 AM
phamhoangminh(doflamingo) used a motion_bomb 2-16-2021, 5:20:53 AM
phamhoangminh(doflamingo) used a motion_bomb 2-16-2021, 5:20:53 AM
phamhoangminh(doflamingo) used a motion_bomb 2-16-2021, 5:20:54 AM
phamhoangminh(doflamingo) used a motion_bomb 2-16-2021, 5:20:54 AM
phamhoangminh(doflamingo) used a motion_bomb 2-16-2021, 5:20:54 AM
phamhoangminh(doflamingo) used a motion_bomb 2-16-2021, 5:20:54 AM
phamhoangminh(doflamingo) used a motion_bomb 2-16-2021, 5:20:55 AM
phamhoangminh(doflamingo) used a motion_bomb 2-16-2021, 5:20:55 AM
phamhoangminh(doflamingo) used a motion_bomb 2-16-2021, 5:20:55 AM
phamhoangminh(doflamingo) used a motion_bomb 2-16-2021, 5:20:55 AM
phamhoangminh(doflamingo) used a motion_bomb 2-16-2021, 5:20:56 AM
phamhoangminh(doflamingo) used a motion_bomb 2-16-2021, 5:20:56 AM
phamhoangminh(doflamingo) used a motion_bomb 2-16-2021, 5:20:56 AM
phamhoangminh(doflamingo) used a motion_bomb 2-16-2021, 5:20:56 AM
phamhoangminh(doflamingo) used a motion_bomb 2-16-2021, 5:20:57 AM
phamhoangminh(doflamingo) used a motion_bomb 2-16-2021, 5:20:57 AM
phamhoangminh(doflamingo) used a motion_bomb 2-16-2021, 5:20:57 AM
phamhoangminh(doflamingo) used a motion_bomb 2-16-2021, 5:20:57 AM
phamhoangminh(doflamingo) used a motion_bomb 2-16-2021, 5:20:58 AM
phamhoangminh(doflamingo) used a motion_bomb 2-16-2021, 5:20:58 AM
phamhoangminh(doflamingo) used a motion_bomb 2-16-2021, 5:20:58 AM
phamhoangminh(doflamingo) used a motion_bomb 2-16-2021, 5:20:58 AM
phamhoangminh(doflamingo) used a motion_bomb 2-16-2021, 5:21:29 AM
phamhoangminh(doflamingo) used a wirebomb 2-16-2021, 5:23:06 AM
phamhoangminh(doflamingo) used a wirebomb 2-16-2021, 5:23:07 AM
phamhoangminh(doflamingo) used a wirebomb 2-16-2021, 5:23:12 AM
phamhoangminh(doflamingo) used a bullet_bomb 2-16-2021, 5:25:35 AM
phamhoangminh(doflamingo) used a shield 2-16-2021, 5:32:15 AM
phamhoangminh(doflamingo) used a shield 2-16-2021, 5:32:15 AM
phamhoangminh(doflamingo) used a shield 2-16-2021, 5:32:15 AM
phamhoangminh(doflamingo) used a shield 2-16-2021, 5:32:15 AM
phamhoangminh(doflamingo) used a shield 2-16-2021, 5:32:15 AM
phamhoangminh(doflamingo) used a shield 2-16-2021, 5:32:16 AM
phamhoangminh(doflamingo) used a shield 2-16-2021, 5:32:16 AM
phamhoangminh(doflamingo) used a shield 2-16-2021, 5:32:16 AM
phamhoangminh(doflamingo) used a shield 2-16-2021, 5:32:16 AM
phamhoangminh(doflamingo) used a tk_ultra_health_potion 2-16-2021, 5:32:24 AM
phamhoangminh(doflamingo) used a tk_ultra_health_potion 2-16-2021, 5:32:24 AM
phamhoangminh(doflamingo) used a wirebomb 2-16-2021, 5:32:41 AM
phamhoangminh(doflamingo) used a wirebomb 2-16-2021, 5:32:42 AM
phamhoangminh(doflamingo) used a security_bomb 2-16-2021, 5:33:16 AM
phamhoangminh(doflamingo) used a security_bomb 2-16-2021, 5:37:27 AM
phamhoangminh(doflamingo) used a fire_extinguisher 2-16-2021, 5:37:37 AM
phamhoangminh(doflamingo) used a fire_extinguisher 2-16-2021, 5:37:37 AM
phamhoangminh(doflamingo) used a fire_extinguisher 2-16-2021, 5:37:38 AM
phamhoangminh(doflamingo) used a fire_extinguisher 2-16-2021, 5:37:38 AM
phamhoangminh(doflamingo) used a fire_extinguisher 2-16-2021, 5:37:38 AM
phamhoangminh(doflamingo) used a fire_extinguisher 2-16-2021, 5:37:38 AM
phamhoangminh(doflamingo) used a fire_extinguisher 2-16-2021, 5:37:38 AM
phamhoangminh(doflamingo) used a fire_extinguisher 2-16-2021, 5:37:38 AM
phamhoangminh(doflamingo) used a fire_extinguisher 2-16-2021, 5:37:38 AM
phamhoangminh(doflamingo) used a taser 2-16-2021, 5:39:02 AM
phamhoangminh(doflamingo) used a long_sword 2-16-2021, 5:46:26 AM
phamhoangminh(doflamingo) used a shield 2-16-2021, 5:46:48 AM
phamhoangminh(doflamingo) used a shield 2-16-2021, 5:46:48 AM
phamhoangminh(doflamingo) used a shield 2-16-2021, 5:46:48 AM
phamhoangminh(doflamingo) used a shield 2-16-2021, 5:46:48 AM
phamhoangminh(doflamingo) used a shield 2-16-2021, 5:46:48 AM
phamhoangminh(doflamingo) used a shield 2-16-2021, 5:46:48 AM
phamhoangminh(doflamingo) used a shield 2-16-2021, 5:46:49 AM
phamhoangminh(doflamingo) used a shield 2-16-2021, 5:46:49 AM
phamhoangminh(doflamingo) used a shield 2-16-2021, 5:46:49 AM
phamhoangminh(doflamingo) used a shield 2-16-2021, 5:46:49 AM
phamhoangminh(doflamingo) used a shield 2-16-2021, 5:46:49 AM
phamhoangminh(doflamingo) used a shield 2-16-2021, 5:46:49 AM
phamhoangminh(doflamingo) used a shield 2-16-2021, 5:46:49 AM
phamhoangminh(doflamingo) used a shield 2-16-2021, 5:46:50 AM
phamhoangminh(doflamingo) used a shield 2-16-2021, 5:46:50 AM
phamhoangminh(doflamingo) used a shield 2-16-2021, 5:46:50 AM
phamhoangminh(doflamingo) used a shield 2-16-2021, 5:46:50 AM
phamhoangminh(doflamingo) used a shield 2-16-2021, 5:46:50 AM
phamhoangminh(doflamingo) used a shield 2-16-2021, 5:46:50 AM
phamhoangminh(doflamingo) used a shield 2-16-2021, 5:46:50 AM
phamhoangminh(doflamingo) used a shield 2-16-2021, 5:46:51 AM
phamhoangminh(doflamingo) used a shield 2-16-2021, 5:46:51 AM
phamhoangminh(doflamingo) used a shield 2-16-2021, 5:46:51 AM
phamhoangminh(doflamingo) used a shield 2-16-2021, 5:46:51 AM
phamhoangminh(doflamingo) used a shield 2-16-2021, 5:46:51 AM
phamhoangminh(doflamingo) used a shield 2-16-2021, 5:46:51 AM
phamhoangminh(doflamingo) used a shield 2-16-2021, 5:46:51 AM
phamhoangminh(doflamingo) used a shield 2-16-2021, 5:46:51 AM
phamhoangminh(doflamingo) used a shield 2-16-2021, 5:46:52 AM
phamhoangminh(doflamingo) used a shield 2-16-2021, 5:46:52 AM
phamhoangminh(doflamingo) used a shield 2-16-2021, 5:46:52 AM
phamhoangminh(doflamingo) used a shield 2-16-2021, 5:46:52 AM
phamhoangminh(doflamingo) used a tk_ultra_health_potion 2-16-2021, 5:46:57 AM
phamhoangminh(doflamingo) used a tk_ultra_health_potion 2-16-2021, 5:46:57 AM
phamhoangminh(doflamingo) used a steal_warhammer 2-16-2021, 5:49:08 AM
phamhoangminh(doflamingo) used a shield 2-16-2021, 5:49:10 AM
phamhoangminh(doflamingo) used a shield 2-16-2021, 5:49:11 AM
phamhoangminh(doflamingo) used a shield 2-16-2021, 5:50:59 AM
phamhoangminh(doflamingo) used a shield 2-16-2021, 5:50:59 AM
phamhoangminh(doflamingo) used a shield 2-16-2021, 5:51:00 AM
phamhoangminh(doflamingo) used a missile_interceptor 2-16-2021, 5:51:04 AM
phamhoangminh(doflamingo) used a shield 2-16-2021, 5:51:05 AM
phamhoangminh(doflamingo) used a guided_missile 2-16-2021, 5:51:06 AM
phamhoangminh(doflamingo) used a shield 2-16-2021, 5:51:09 AM
phamhoangminh(doflamingo) used a shield 2-16-2021, 5:51:19 AM
phamhoangminh(doflamingo) used a shield 2-16-2021, 5:51:19 AM
phamhoangminh(doflamingo) used a shield 2-16-2021, 5:51:20 AM
phamhoangminh(doflamingo) used a shield 2-16-2021, 5:51:20 AM
phamhoangminh(doflamingo) used a shield 2-16-2021, 5:51:26 AM
phamhoangminh(doflamingo) used a shield 2-16-2021, 5:51:26 AM
phamhoangminh(doflamingo) used a shield 2-16-2021, 5:51:27 AM
phamhoangminh(doflamingo) used a shield 2-16-2021, 5:51:27 AM
phamhoangminh(doflamingo) used a shield 2-16-2021, 5:51:27 AM
phamhoangminh(doflamingo) used a shield 2-16-2021, 5:51:27 AM
phamhoangminh(doflamingo) used a shield 2-16-2021, 5:51:27 AM
phamhoangminh(doflamingo) used a shield 2-16-2021, 5:51:27 AM
phamhoangminh(doflamingo) used a shield 2-16-2021, 5:51:27 AM
phamhoangminh(doflamingo) used a shield 2-16-2021, 5:51:28 AM
phamhoangminh(doflamingo) used a shield 2-16-2021, 5:51:28 AM
phamhoangminh(doflamingo) used a shield 2-16-2021, 5:51:28 AM
phamhoangminh(doflamingo) used a shield 2-16-2021, 5:51:28 AM
phamhoangminh(doflamingo) used a shield 2-16-2021, 5:51:28 AM
phamhoangminh(doflamingo) used a shield 2-16-2021, 5:51:28 AM
phamhoangminh(doflamingo) used a shield 2-16-2021, 5:51:29 AM
phamhoangminh(doflamingo) used a shield 2-16-2021, 5:51:29 AM
phamhoangminh(doflamingo) used a shield 2-16-2021, 5:52:29 AM
phamhoangminh(doflamingo) used a shield 2-16-2021, 5:52:29 AM
phamhoangminh(doflamingo) used a shield 2-16-2021, 5:52:30 AM
phamhoangminh(doflamingo) used a shield 2-16-2021, 5:52:30 AM
phamhoangminh(doflamingo) used a tk_ultra_health_potion 2-16-2021, 5:53:11 AM
phamhoangminh(doflamingo) used a tk_ultra_health_potion 2-16-2021, 5:53:11 AM
phamhoangminh(doflamingo) used a shield 2-16-2021, 5:53:18 AM
phamhoangminh(doflamingo) used a tk_ultra_health_potion 2-16-2021, 5:53:24 AM
phamhoangminh(doflamingo) used a tk_ultra_health_potion 2-16-2021, 5:57:56 AM
phamhoangminh(doflamingo) used a tk_ultra_health_potion 2-16-2021, 5:57:56 AM
phamhoangminh(doflamingo) used a tk_ultra_health_potion 2-16-2021, 5:57:56 AM
phamhoangminh(doflamingo) used a shield 2-16-2021, 5:57:57 AM
phamhoangminh(doflamingo) used a shield 2-16-2021, 5:57:57 AM
phamhoangminh(doflamingo) used a tk_ultra_health_potion 2-16-2021, 5:58:35 AM
phamhoangminh(doflamingo) used a shield 2-16-2021, 5:58:36 AM
phamhoangminh(doflamingo) used a shield 2-16-2021, 5:58:36 AM
phamhoangminh(doflamingo) used a shield 2-16-2021, 5:58:37 AM
phamhoangminh(doflamingo) used a shield 2-16-2021, 5:59:08 AM
phamhoangminh(doflamingo) used a shield 2-16-2021, 5:59:08 AM
phamhoangminh(doflamingo) used a shield 2-16-2021, 5:59:08 AM
phamhoangminh(doflamingo) used a shield 2-16-2021, 5:59:08 AM
phamhoangminh(doflamingo) used a shield 2-16-2021, 5:59:08 AM
phamhoangminh(doflamingo) used a shield 2-16-2021, 5:59:08 AM
phamhoangminh(doflamingo) used a shield 2-16-2021, 5:59:08 AM
phamhoangminh(doflamingo) used a shield 2-16-2021, 5:59:09 AM
phamhoangminh(doflamingo) used a shield 2-16-2021, 5:59:09 AM
phamhoangminh(doflamingo) used a shield 2-16-2021, 5:59:09 AM
phamhoangminh(doflamingo) used a shield 2-16-2021, 5:59:09 AM
phamhoangminh(doflamingo) used a shield 2-16-2021, 5:59:09 AM
phamhoangminh(doflamingo) used a shield 2-16-2021, 5:59:09 AM
phamhoangminh(doflamingo) used a shield 2-16-2021, 5:59:09 AM
phamhoangminh(doflamingo) used a shield 2-16-2021, 5:59:09 AM
phamhoangminh(doflamingo) used a shield 2-16-2021, 5:59:10 AM
phamhoangminh(doflamingo) used a shield 2-16-2021, 5:59:10 AM
phamhoangminh(doflamingo) used a shield 2-16-2021, 5:59:10 AM
phamhoangminh(doflamingo) used a shield 2-16-2021, 5:59:10 AM
phamhoangminh(doflamingo) used a shield 2-16-2021, 5:59:10 AM
phamhoangminh(doflamingo) used a tk_ultra_health_potion 2-16-2021, 5:59:11 AM
phamhoangminh(doflamingo) used a tk_ultra_health_potion 2-16-2021, 6:00:13 AM
phamhoangminh(doflamingo) used a shield 2-16-2021, 6:00:14 AM
phamhoangminh(doflamingo) used a shield 2-16-2021, 6:00:14 AM
phamhoangminh(doflamingo) used a tk_ultra_health_potion 2-16-2021, 6:01:58 AM
phamhoangminh(doflamingo) used a shield 2-16-2021, 6:01:59 AM
phamhoangminh(doflamingo) used a shield 2-16-2021, 6:01:59 AM
phamhoangminh(doflamingo) used a shield 2-16-2021, 6:02:00 AM
phamhoangminh(doflamingo) used a shield 2-16-2021, 6:02:00 AM
phamhoangminh(doflamingo) used a shield 2-16-2021, 6:02:00 AM
phamhoangminh(doflamingo) used a shield 2-16-2021, 6:02:00 AM
phamhoangminh(doflamingo) used a shield 2-16-2021, 6:02:01 AM
phamhoangminh(doflamingo) used a shield 2-16-2021, 6:02:01 AM
phamhoangminh(doflamingo) used a shield 2-16-2021, 6:02:04 AM
phamhoangminh(doflamingo) used a tk_ultra_health_potion 2-16-2021, 6:04:48 AM
phamhoangminh(doflamingo) used a tk_ultra_health_potion 2-16-2021, 6:04:58 AM
phamhoangminh(doflamingo) used a tk_ultra_health_potion 2-16-2021, 6:04:58 AM
phamhoangminh(doflamingo) used a tk_ultra_health_potion 2-16-2021, 6:04:59 AM
phamhoangminh(doflamingo) used a tk_ultra_health_potion 2-16-2021, 6:05:00 AM
phamhoangminh(doflamingo) used a shield 2-16-2021, 6:05:02 AM
phamhoangminh(doflamingo) used a tk_ultra_health_potion 2-16-2021, 6:06:01 AM
phamhoangminh(doflamingo) used a shield 2-16-2021, 6:06:02 AM
phamhoangminh(doflamingo) used a shield 2-16-2021, 6:06:02 AM
phamhoangminh(doflamingo) used a shield 2-16-2021, 6:06:02 AM
phamhoangminh(doflamingo) used a shield 2-16-2021, 6:06:02 AM
phamhoangminh(doflamingo) used a tk_ultra_health_potion 2-16-2021, 6:08:07 AM
phamhoangminh(doflamingo) used a shield 2-16-2021, 6:08:08 AM
phamhoangminh(doflamingo) used a shield 2-16-2021, 6:08:09 AM
phamhoangminh(doflamingo) used a beer_bottle 2-16-2021, 6:08:53 AM
phamhoangminh(doflamingo) used a beer_bottle 2-16-2021, 6:08:53 AM
phamhoangminh(doflamingo) used a security_bomb 2-16-2021, 6:11:37 AM
phamhoangminh(doflamingo) used a sky_436_mine 2-16-2021, 6:11:50 AM
phamhoangminh(doflamingo) used a remote_timebomb 2-16-2021, 6:12:00 AM
phamhoangminh(doflamingo) used a remote_gun 2-16-2021, 6:12:32 AM
phamhoangminh(doflamingo) used a impact_bomb 2-16-2021, 6:12:46 AM
phamhoangminh(doflamingo) used a wirebomb 2-16-2021, 6:13:36 AM
phamhoangminh(doflamingo) used a remote_timebomb 2-16-2021, 6:14:31 AM
phamhoangminh(doflamingo) used a the_legendary_sword 2-16-2021, 6:14:40 AM
phamhoangminh(doflamingo) used a barricade_bomb 2-16-2021, 6:14:53 AM
phamhoangminh(doflamingo) used a barricade_bomb 2-16-2021, 6:14:54 AM
phamhoangminh(doflamingo) used a barricade_bomb 2-16-2021, 6:15:20 AM
phamhoangminh(doflamingo) used a tk_ultra_health_potion 2-16-2021, 6:16:16 AM
phamhoangminh(doflamingo) used a tk_ultra_health_potion 2-16-2021, 6:16:16 AM
phamhoangminh(doflamingo) used a shield 2-16-2021, 6:19:21 AM
phamhoangminh(doflamingo) used a shield 2-16-2021, 6:19:22 AM
phamhoangminh(doflamingo) used a the_legendary_sword 2-16-2021, 6:19:35 AM
phamhoangminh(doflamingo) used a tk_ultra_health_potion 2-16-2021, 6:20:33 AM
phamhoangminh(doflamingo) used a tk_ultra_health_potion 2-16-2021, 6:20:33 AM
phamhoangminh(doflamingo) used a shield 2-16-2021, 6:20:47 AM
phamhoangminh(doflamingo) used a shield 2-16-2021, 6:20:47 AM
phamhoangminh(doflamingo) used a shield 2-16-2021, 6:20:48 AM
phamhoangminh(doflamingo) used a shield 2-16-2021, 6:20:54 AM
phamhoangminh(doflamingo) used a shield 2-16-2021, 6:20:54 AM
phamhoangminh(doflamingo) used a shield 2-16-2021, 6:20:54 AM
phamhoangminh(doflamingo) used a shield 2-16-2021, 6:20:55 AM
phamhoangminh(doflamingo) used a shield 2-16-2021, 6:20:55 AM
phamhoangminh(doflamingo) used a shield 2-16-2021, 6:20:55 AM
phamhoangminh(doflamingo) used a shield 2-16-2021, 6:20:58 AM
phamhoangminh(doflamingo) used a the_legendary_sword 2-16-2021, 6:25:17 AM
phamhoangminh(doflamingo) used a tk_ultra_health_potion 2-16-2021, 6:28:52 AM
phamhoangminh(doflamingo) used a tk_ultra_health_potion 2-16-2021, 6:28:52 AM
phamhoangminh(doflamingo) used a shield 2-16-2021, 6:28:59 AM
phamhoangminh(doflamingo) used a shield 2-16-2021, 6:28:59 AM
phamhoangminh(doflamingo) used a shield 2-16-2021, 6:29:00 AM
phamhoangminh(doflamingo) used a shield 2-16-2021, 6:29:09 AM
phamhoangminh(doflamingo) used a shield 2-16-2021, 6:29:09 AM
phamhoangminh(doflamingo) used a shield 2-16-2021, 6:29:09 AM
phamhoangminh(doflamingo) used a shield 2-16-2021, 6:29:09 AM
phamhoangminh(doflamingo) used a shield 2-16-2021, 6:29:10 AM
phamhoangminh(doflamingo) used a shield 2-16-2021, 6:29:10 AM
phamhoangminh(doflamingo) used a shield 2-16-2021, 6:29:10 AM
phamhoangminh(doflamingo) used a shield 2-16-2021, 6:29:10 AM
phamhoangminh(doflamingo) used a shield 2-16-2021, 6:29:10 AM
phamhoangminh(doflamingo) used a shield 2-16-2021, 6:29:11 AM
phamhoangminh(doflamingo) used a shield 2-16-2021, 6:29:11 AM
phamhoangminh(doflamingo) used a shield 2-16-2021, 6:29:11 AM
phamhoangminh(doflamingo) used a shield 2-16-2021, 6:31:36 AM
phamhoangminh(doflamingo) used a shield 2-16-2021, 6:31:36 AM
phamhoangminh(doflamingo) used a tk_ultra_health_potion 2-16-2021, 6:31:37 AM
phamhoangminh(doflamingo) used a the_legendary_sword 2-16-2021, 6:31:53 AM
phamhoangminh(doflamingo) used a the_legendary_sword 2-16-2021, 9:50:29 AM
phamhoangminh(doflamingo) used a shield 2-16-2021, 9:50:34 AM
phamhoangminh(doflamingo) used a shield 2-16-2021, 9:50:34 AM
phamhoangminh(doflamingo) used a shield 2-16-2021, 9:50:34 AM
phamhoangminh(doflamingo) used a shield 2-16-2021, 9:51:32 AM
phamhoangminh(doflamingo) used a shield 2-16-2021, 9:51:33 AM
phamhoangminh(doflamingo) used a shield 2-16-2021, 9:54:44 AM
phamhoangminh(doflamingo) used a shield 2-16-2021, 9:54:44 AM
phamhoangminh(doflamingo) used a shield 2-16-2021, 9:54:45 AM
phamhoangminh(doflamingo) used a tk_ultra_health_potion 2-16-2021, 9:54:51 AM
phamhoangminh(doflamingo) used a tk_ultra_health_potion 2-16-2021, 9:55:18 AM
phamhoangminh(doflamingo) used a shield 2-16-2021, 9:55:19 AM
phamhoangminh(doflamingo) used a tk_ultra_health_potion 2-16-2021, 9:55:22 AM
phamhoangminh(doflamingo) used a shield 2-16-2021, 9:55:24 AM
phamhoangminh(doflamingo) used a shield 2-16-2021, 9:55:47 AM
phamhoangminh(doflamingo) used a shield 2-16-2021, 9:55:48 AM
phamhoangminh(doflamingo) used a shield 2-16-2021, 9:56:21 AM
phamhoangminh(doflamingo) used a shield 2-16-2021, 9:56:21 AM
phamhoangminh(doflamingo) used a shield 2-16-2021, 9:56:22 AM
phamhoangminh(doflamingo) used a tk_ultra_health_potion 2-16-2021, 9:56:23 AM
phamhoangminh(doflamingo) used a tk_ultra_health_potion 2-16-2021, 9:56:54 AM
phamhoangminh(doflamingo) used a shield 2-16-2021, 9:56:58 AM
phamhoangminh(doflamingo) used a shield 2-16-2021, 9:56:58 AM
phamhoangminh(doflamingo) used a shield 2-16-2021, 9:57:01 AM
phamhoangminh(doflamingo) used a shield 2-16-2021, 9:57:02 AM
phamhoangminh(doflamingo) used a shield 2-16-2021, 9:57:02 AM
phamhoangminh(doflamingo) used a shield 2-16-2021, 9:57:02 AM
phamhoangminh(doflamingo) used a shield 2-16-2021, 9:57:02 AM
phamhoangminh(doflamingo) used a tk_ultra_health_potion 2-16-2021, 9:58:18 AM
phamhoangminh(doflamingo) used a tk_ultra_health_potion 2-16-2021, 9:58:18 AM
phamhoangminh(doflamingo) used a short_sword 2-16-2021, 9:59:10 AM
phamhoangminh(doflamingo) used a shield 2-16-2021, 9:59:26 AM
phamhoangminh(doflamingo) used a shield 2-16-2021, 9:59:26 AM
phamhoangminh(doflamingo) used a shield 2-16-2021, 9:59:27 AM
phamhoangminh(doflamingo) used a shield 2-16-2021, 9:59:33 AM
phamhoangminh(doflamingo) used a the_legendary_sword 2-16-2021, 10:08:21 AM
phamhoangminh(doflamingo) used a tk_ultra_health_potion 2-16-2021, 10:08:28 AM
phamhoangminh(doflamingo) used a tk_ultra_health_potion 2-16-2021, 10:08:28 AM
phamhoangminh(doflamingo) used a shield 2-16-2021, 10:08:29 AM
phamhoangminh(doflamingo) used a tk_ultra_health_potion 2-16-2021, 10:08:41 AM
phamhoangminh(doflamingo) used a tk_ultra_health_potion 2-16-2021, 10:08:58 AM
phamhoangminh(doflamingo) used a tk_ultra_health_potion 2-16-2021, 10:08:59 AM
phamhoangminh(doflamingo) used a tk_ultra_health_potion 2-16-2021, 10:09:00 AM
phamhoangminh(doflamingo) used a tk_ultra_health_potion 2-16-2021, 10:09:01 AM
phamhoangminh(doflamingo) used a tk_ultra_health_potion 2-16-2021, 10:09:03 AM
phamhoangminh(doflamingo) used a tk_ultra_health_potion 2-16-2021, 10:09:03 AM
phamhoangminh(doflamingo) used a tk_ultra_health_potion 2-16-2021, 10:09:04 AM
phamhoangminh(doflamingo) used a tk_ultra_health_potion 2-16-2021, 10:09:04 AM
phamhoangminh(doflamingo) used a tk_ultra_health_potion 2-16-2021, 10:09:05 AM
phamhoangminh(doflamingo) used a tk_ultra_health_potion 2-16-2021, 10:09:05 AM
phamhoangminh(doflamingo) used a tk_ultra_health_potion 2-16-2021, 10:09:05 AM
phamhoangminh(doflamingo) used a tk_ultra_health_potion 2-16-2021, 10:09:06 AM
phamhoangminh(doflamingo) used a tk_ultra_health_potion 2-16-2021, 10:09:06 AM
phamhoangminh(doflamingo) used a tk_ultra_health_potion 2-16-2021, 10:09:07 AM
phamhoangminh(doflamingo) used a tk_ultra_health_potion 2-16-2021, 10:09:26 AM
phamhoangminh(doflamingo) used a shield 2-16-2021, 10:09:26 AM
phamhoangminh(doflamingo) used a shield 2-16-2021, 10:09:28 AM
phamhoangminh(doflamingo) used a tk_ultra_health_potion 2-16-2021, 10:10:02 AM
phamhoangminh(doflamingo) used a shield 2-16-2021, 10:10:04 AM
phamhoangminh(doflamingo) used a shield 2-16-2021, 10:11:02 AM
phamhoangminh(doflamingo) used a shield 2-16-2021, 10:11:03 AM
phamhoangminh(doflamingo) used a shield 2-16-2021, 10:11:09 AM
phamhoangminh(doflamingo) used a shield 2-16-2021, 10:11:09 AM
phamhoangminh(doflamingo) used a tk_ultra_health_potion 2-16-2021, 10:11:11 AM
phamhoangminh(doflamingo) used a shield 2-16-2021, 10:11:21 AM
phamhoangminh(doflamingo) used a tk_ultra_health_potion 2-16-2021, 10:11:35 AM
phamhoangminh(doflamingo) used a tk_ultra_health_potion 2-16-2021, 10:11:36 AM
phamhoangminh(doflamingo) used a tk_ultra_health_potion 2-16-2021, 10:11:37 AM
phamhoangminh(doflamingo) used a tk_ultra_health_potion 2-16-2021, 10:11:38 AM
phamhoangminh(doflamingo) used a tk_ultra_health_potion 2-16-2021, 10:11:40 AM
phamhoangminh(doflamingo) used a tk_ultra_health_potion 2-16-2021, 10:11:42 AM
phamhoangminh(doflamingo) used a tk_ultra_health_potion 2-16-2021, 10:13:03 AM
phamhoangminh(doflamingo) used a the_legendary_sword 2-16-2021, 10:13:15 AM
phamhoangminh(doflamingo) used a shield 2-16-2021, 10:13:22 AM
phamhoangminh(doflamingo) used a shield 2-16-2021, 10:13:22 AM
phamhoangminh(doflamingo) used a shield 2-16-2021, 10:13:38 AM
phamhoangminh(doflamingo) used a the_legendary_sword 2-16-2021, 10:13:41 AM
phamhoangminh(doflamingo) used a the_legendary_sword 2-16-2021, 10:13:44 AM
phamhoangminh(doflamingo) used a the_legendary_sword 2-16-2021, 10:13:51 AM
phamhoangminh(doflamingo) used a the_legendary_sword 2-16-2021, 10:13:53 AM
phamhoangminh(doflamingo) used a the_legendary_sword 2-16-2021, 10:13:56 AM
phamhoangminh(doflamingo) used a the_legendary_sword 2-16-2021, 10:13:59 AM
phamhoangminh(doflamingo) used a tk_ultra_health_potion 2-16-2021, 10:14:06 AM
phamhoangminh(doflamingo) used a tk_ultra_health_potion 2-16-2021, 10:14:06 AM
phamhoangminh(doflamingo) used a shield 2-16-2021, 10:15:29 AM
phamhoangminh(doflamingo) used a shield 2-16-2021, 10:15:30 AM
phamhoangminh(doflamingo) used a shield 2-16-2021, 10:15:30 AM
phamhoangminh(doflamingo) used a shield 2-16-2021, 10:15:31 AM
phamhoangminh(doflamingo) used a tk_ultra_health_potion 2-16-2021, 10:15:32 AM
phamhoangminh(doflamingo) used a tk_ultra_health_potion 2-16-2021, 10:16:44 AM
phamhoangminh(doflamingo) used a tk_ultra_health_potion 2-16-2021, 10:17:47 AM
phamhoangminh(doflamingo) used a shield 2-16-2021, 10:17:57 AM
phamhoangminh(doflamingo) used a tk_ultra_health_potion 2-16-2021, 10:18:26 AM
phamhoangminh(doflamingo) used a tk_ultra_health_potion 2-16-2021, 10:18:51 AM
phamhoangminh(doflamingo) used a shield 2-16-2021, 10:18:52 AM
phamhoangminh(doflamingo) used a shield 2-16-2021, 10:18:52 AM
phamhoangminh(doflamingo) used a tk_ultra_health_potion 2-16-2021, 10:19:32 AM
phamhoangminh(doflamingo) used a tk_ultra_health_potion 2-16-2021, 10:21:25 AM
phamhoangminh(doflamingo) used a tk_ultra_health_potion 2-16-2021, 10:21:26 AM
phamhoangminh(doflamingo) used a tk_ultra_health_potion 2-16-2021, 10:21:26 AM
phamhoangminh(doflamingo) used a shield 2-16-2021, 10:21:27 AM
phamhoangminh(doflamingo) used a shield 2-16-2021, 10:21:28 AM
phamhoangminh(doflamingo) used a tk_ultra_health_potion 2-16-2021, 10:21:50 AM
phamhoangminh(doflamingo) used a shield 2-16-2021, 10:21:51 AM
phamhoangminh(doflamingo) used a shield 2-16-2021, 10:21:52 AM
phamhoangminh(doflamingo) used a shield 2-16-2021, 10:21:52 AM
phamhoangminh(doflamingo) used a tk_ultra_health_potion 2-16-2021, 10:22:06 AM
phamhoangminh(doflamingo) used a shield 2-16-2021, 10:22:16 AM
phamhoangminh(doflamingo) used a shield 2-16-2021, 10:22:16 AM
phamhoangminh(doflamingo) used a tk_ultra_health_potion 2-16-2021, 10:22:46 AM
phamhoangminh(doflamingo) used a open_beer_bottle 2-16-2021, 10:23:03 AM
phamhoangminh(doflamingo) used a open_beer_bottle 2-16-2021, 10:23:03 AM
phamhoangminh(doflamingo) used a open_beer_bottle 2-16-2021, 10:23:03 AM
phamhoangminh(doflamingo) used a open_beer_bottle 2-16-2021, 10:23:04 AM
phamhoangminh(doflamingo) used a open_beer_bottle 2-16-2021, 10:23:04 AM
phamhoangminh(doflamingo) used a open_beer_bottle 2-16-2021, 10:23:04 AM
phamhoangminh(doflamingo) used a open_beer_bottle 2-16-2021, 10:23:05 AM
phamhoangminh(doflamingo) used a open_beer_bottle 2-16-2021, 10:23:05 AM
phamhoangminh(doflamingo) used a open_beer_bottle 2-16-2021, 10:23:05 AM
phamhoangminh(doflamingo) used a open_beer_bottle 2-16-2021, 10:23:05 AM
phamhoangminh(doflamingo) used a open_beer_bottle 2-16-2021, 10:23:06 AM
phamhoangminh(doflamingo) used a open_beer_bottle 2-16-2021, 10:23:06 AM
phamhoangminh(doflamingo) used a open_beer_bottle 2-16-2021, 10:23:06 AM
phamhoangminh(doflamingo) used a open_beer_bottle 2-16-2021, 10:23:06 AM
phamhoangminh(doflamingo) used a open_beer_bottle 2-16-2021, 10:23:07 AM
phamhoangminh(doflamingo) used a open_beer_bottle 2-16-2021, 10:23:07 AM
phamhoangminh(doflamingo) used a open_beer_bottle 2-16-2021, 10:23:07 AM
phamhoangminh(doflamingo) used a open_beer_bottle 2-16-2021, 10:23:07 AM
phamhoangminh(doflamingo) used a open_beer_bottle 2-16-2021, 10:23:08 AM
phamhoangminh(doflamingo) used a open_beer_bottle 2-16-2021, 10:23:08 AM
phamhoangminh(doflamingo) used a open_beer_bottle 2-16-2021, 10:23:08 AM
phamhoangminh(doflamingo) used a open_beer_bottle 2-16-2021, 10:23:08 AM
phamhoangminh(doflamingo) used a open_beer_bottle 2-16-2021, 10:23:09 AM
phamhoangminh(doflamingo) used a open_beer_bottle 2-16-2021, 10:23:09 AM
phamhoangminh(doflamingo) used a open_beer_bottle 2-16-2021, 10:23:09 AM
phamhoangminh(doflamingo) used a open_beer_bottle 2-16-2021, 10:23:10 AM
phamhoangminh(doflamingo) used a open_beer_bottle 2-16-2021, 10:23:10 AM
phamhoangminh(doflamingo) used a open_beer_bottle 2-16-2021, 10:23:10 AM
phamhoangminh(doflamingo) used a open_beer_bottle 2-16-2021, 10:23:10 AM
phamhoangminh(doflamingo) used a open_beer_bottle 2-16-2021, 10:23:11 AM
phamhoangminh(doflamingo) used a open_beer_bottle 2-16-2021, 10:23:11 AM
phamhoangminh(doflamingo) used a open_beer_bottle 2-16-2021, 10:23:11 AM
phamhoangminh(doflamingo) used a open_beer_bottle 2-16-2021, 10:23:12 AM
phamhoangminh(doflamingo) used a open_beer_bottle 2-16-2021, 10:23:12 AM
phamhoangminh(doflamingo) used a open_beer_bottle 2-16-2021, 10:23:12 AM
phamhoangminh(doflamingo) used a open_beer_bottle 2-16-2021, 10:23:12 AM
phamhoangminh(doflamingo) used a open_beer_bottle 2-16-2021, 10:23:13 AM
phamhoangminh(doflamingo) used a open_beer_bottle 2-16-2021, 10:23:13 AM
phamhoangminh(doflamingo) used a open_beer_bottle 2-16-2021, 10:23:13 AM
phamhoangminh(doflamingo) used a open_beer_bottle 2-16-2021, 10:23:14 AM
phamhoangminh(doflamingo) used a open_beer_bottle 2-16-2021, 10:23:14 AM
phamhoangminh(doflamingo) used a open_beer_bottle 2-16-2021, 10:23:14 AM
phamhoangminh(doflamingo) used a open_beer_bottle 2-16-2021, 10:23:15 AM
phamhoangminh(doflamingo) used a open_beer_bottle 2-16-2021, 10:23:15 AM
phamhoangminh(doflamingo) used a open_beer_bottle 2-16-2021, 10:23:15 AM
phamhoangminh(doflamingo) used a open_beer_bottle 2-16-2021, 10:23:16 AM
phamhoangminh(doflamingo) used a open_beer_bottle 2-16-2021, 10:23:16 AM
phamhoangminh(doflamingo) used a open_beer_bottle 2-16-2021, 10:23:16 AM
phamhoangminh(doflamingo) used a open_beer_bottle 2-16-2021, 10:23:17 AM
phamhoangminh(doflamingo) used a open_beer_bottle 2-16-2021, 10:23:17 AM
phamhoangminh(doflamingo) used a open_beer_bottle 2-16-2021, 10:23:18 AM
phamhoangminh(doflamingo) used a open_beer_bottle 2-16-2021, 10:23:18 AM
phamhoangminh(doflamingo) used a open_beer_bottle 2-16-2021, 10:23:18 AM
phamhoangminh(doflamingo) used a open_beer_bottle 2-16-2021, 10:23:19 AM
phamhoangminh(doflamingo) used a open_beer_bottle 2-16-2021, 10:23:20 AM
phamhoangminh(doflamingo) used a open_beer_bottle 2-16-2021, 10:23:20 AM
phamhoangminh(doflamingo) used a open_beer_bottle 2-16-2021, 10:23:23 AM
phamhoangminh(doflamingo) used a open_beer_bottle 2-16-2021, 10:24:26 AM
phamhoangminh(doflamingo) used a open_beer_bottle 2-16-2021, 10:24:28 AM
phamhoangminh(doflamingo) used a open_beer_bottle 2-16-2021, 10:24:30 AM
phamhoangminh(doflamingo) used a open_beer_bottle 2-16-2021, 10:24:31 AM
phamhoangminh(doflamingo) used a open_beer_bottle 2-16-2021, 10:26:08 AM
phamhoangminh(doflamingo) used a open_beer_bottle 2-16-2021, 10:26:09 AM
phamhoangminh(doflamingo) used a tk_ultra_health_potion 2-16-2021, 10:26:16 AM
phamhoangminh(doflamingo) used a tk_ultra_health_potion 2-16-2021, 10:26:16 AM
phamhoangminh(doflamingo) used a shield 2-16-2021, 10:26:23 AM
phamhoangminh(doflamingo) used a shield 2-16-2021, 10:26:23 AM
phamhoangminh(doflamingo) used a tk_ultra_health_potion 2-16-2021, 10:26:35 AM
phamhoangminh(doflamingo) used a shield 2-16-2021, 10:26:36 AM
phamhoangminh(doflamingo) used a tk_ultra_health_potion 2-16-2021, 10:26:41 AM
phamhoangminh(doflamingo) used a tk_ultra_health_potion 2-16-2021, 10:26:46 AM
phamhoangminh(doflamingo) used a tk_ultra_health_potion 2-16-2021, 10:26:47 AM
phamhoangminh(doflamingo) used a tk_ultra_health_potion 2-16-2021, 10:26:47 AM
phamhoangminh(doflamingo) used a tk_ultra_health_potion 2-16-2021, 10:26:56 AM
phamhoangminh(doflamingo) used a tk_ultra_health_potion 2-16-2021, 10:27:25 AM
phamhoangminh(doflamingo) used a tk_ultra_health_potion 2-16-2021, 10:27:31 AM
phamhoangminh(doflamingo) used a tk_ultra_health_potion 2-16-2021, 10:28:14 AM
phamhoangminh(doflamingo) used a shield 2-16-2021, 10:28:21 AM
phamhoangminh(doflamingo) used a shield 2-16-2021, 10:28:22 AM
phamhoangminh(doflamingo) used a tk_ultra_health_potion 2-16-2021, 10:28:56 AM
phamhoangminh(doflamingo) used a tk_ultra_health_potion 2-16-2021, 10:29:37 AM
phamhoangminh(doflamingo) used a shield 2-16-2021, 10:29:44 AM
phamhoangminh(doflamingo) used a shield 2-16-2021, 10:29:44 AM
phamhoangminh(doflamingo) used a shield 2-16-2021, 10:29:45 AM
phamhoangminh(doflamingo) used a shield 2-16-2021, 10:29:45 AM
phamhoangminh(doflamingo) used a tk_ultra_health_potion 2-16-2021, 10:30:04 AM
phamhoangminh(doflamingo) used a tk_ultra_health_potion 2-16-2021, 10:30:05 AM
phamhoangminh(doflamingo) used a tk_ultra_health_potion 2-16-2021, 10:30:37 AM
phamhoangminh(doflamingo) used a shield 2-16-2021, 10:30:48 AM
phamhoangminh(doflamingo) used a shield 2-16-2021, 10:30:49 AM
phamhoangminh(doflamingo) used a tk_ultra_health_potion 2-16-2021, 10:31:25 AM
phamhoangminh(doflamingo) used a shield 2-16-2021, 10:31:51 AM
phamhoangminh(doflamingo) used a shield 2-16-2021, 10:31:51 AM
phamhoangminh(doflamingo) used a shield 2-16-2021, 10:31:52 AM
phamhoangminh(doflamingo) used a tk_ultra_health_potion 2-16-2021, 10:31:52 AM
phamhoangminh(doflamingo) used a tk_ultra_health_potion 2-16-2021, 10:31:53 AM
phamhoangminh(doflamingo) used a tk_ultra_health_potion 2-16-2021, 10:31:56 AM
phamhoangminh(doflamingo) used a tk_ultra_health_potion 2-16-2021, 10:31:56 AM
phamhoangminh(doflamingo) used a tk_ultra_health_potion 2-16-2021, 10:32:00 AM
phamhoangminh(doflamingo) used a tk_ultra_health_potion 2-16-2021, 10:32:01 AM
phamhoangminh(doflamingo) used a tk_ultra_health_potion 2-16-2021, 10:32:20 AM
phamhoangminh(doflamingo) used a tk_ultra_health_potion 2-16-2021, 10:32:20 AM
phamhoangminh(doflamingo) used a tk_ultra_health_potion 2-16-2021, 10:32:20 AM
phamhoangminh(doflamingo) used a antibiotic_canister 2-16-2021, 10:32:32 AM
phamhoangminh(doflamingo) used a antibiotic_canister 2-16-2021, 10:32:32 AM
phamhoangminh(doflamingo) used a antibiotic 2-16-2021, 10:32:40 AM
phamhoangminh(doflamingo) used a antibiotic 2-16-2021, 10:32:40 AM
phamhoangminh(doflamingo) used a antibiotic 2-16-2021, 10:32:40 AM
phamhoangminh(doflamingo) used a antibiotic 2-16-2021, 10:32:41 AM
phamhoangminh(doflamingo) used a shield 2-16-2021, 10:32:56 AM
phamhoangminh(doflamingo) used a shield 2-16-2021, 10:32:57 AM
phamhoangminh(doflamingo) used a antibiotic 2-16-2021, 10:32:59 AM
phamhoangminh(doflamingo) used a antibiotic 2-16-2021, 10:33:01 AM
phamhoangminh(doflamingo) used a antibiotic 2-16-2021, 10:33:02 AM
phamhoangminh(doflamingo) used a antibiotic 2-16-2021, 10:33:02 AM
phamhoangminh(doflamingo) used a antibiotic 2-16-2021, 10:33:22 AM
phamhoangminh(doflamingo) used a antibiotic 2-16-2021, 10:33:49 AM
phamhoangminh(doflamingo) used a barricade_bomb 2-16-2021, 10:37:48 AM
phamhoangminh(doflamingo) used a barricade_bomb 2-16-2021, 10:37:48 AM
phamhoangminh(doflamingo) used a barricade_bomb 2-16-2021, 10:38:04 AM
phamhoangminh(doflamingo) used a barricade_bomb 2-16-2021, 10:38:20 AM
phamhoangminh(doflamingo) used a bullet_bomb 2-16-2021, 10:38:45 AM
phamhoangminh(doflamingo) used a bullet_bomb 2-16-2021, 10:38:56 AM
phamhoangminh(doflamingo) used a bullet_bomb 2-16-2021, 10:39:07 AM
phamhoangminh(doflamingo) used a mine 2-16-2021, 10:39:21 AM
phamhoangminh(doflamingo) used a mine 2-16-2021, 10:39:21 AM
phamhoangminh(doflamingo) used a mine 2-16-2021, 10:39:21 AM
phamhoangminh(doflamingo) used a mine 2-16-2021, 10:39:21 AM
phamhoangminh(doflamingo) used a mine 2-16-2021, 10:39:21 AM
phamhoangminh(doflamingo) used a mine 2-16-2021, 10:39:21 AM
phamhoangminh(doflamingo) used a mine 2-16-2021, 10:39:21 AM
phamhoangminh(doflamingo) used a mine 2-16-2021, 10:39:22 AM
phamhoangminh(doflamingo) used a mine 2-16-2021, 10:39:22 AM
phamhoangminh(doflamingo) used a sky_436_mine 2-16-2021, 10:39:38 AM
phamhoangminh(doflamingo) used a sky_436_mine 2-16-2021, 10:39:39 AM
phamhoangminh(doflamingo) used a sky_436_mine 2-16-2021, 10:39:39 AM
phamhoangminh(doflamingo) used a sky_436_mine 2-16-2021, 10:43:39 AM
phamhoangminh(doflamingo) used a sky_436_mine 2-16-2021, 10:43:41 AM
phamhoangminh(doflamingo) used a tk_ultra_health_potion 2-16-2021, 10:43:48 AM
phamhoangminh(doflamingo) used a tk_ultra_health_potion 2-16-2021, 10:43:48 AM
phamhoangminh(doflamingo) used a tk_ultra_health_potion 2-16-2021, 11:21:51 AM
phamhoangminh(doflamingo) used a tk_ultra_health_potion 2-16-2021, 11:21:52 AM
phamhoangminh(doflamingo) used a tk_ultra_health_potion 2-16-2021, 11:21:52 AM
phamhoangminh(doflamingo) used a the_legendary_sword 2-16-2021, 11:22:01 AM
phamhoangminh(doflamingo) used a shield 2-16-2021, 11:22:07 AM
phamhoangminh(doflamingo) used a shield 2-16-2021, 11:28:20 AM
phamhoangminh(doflamingo) used a shield 2-16-2021, 11:28:20 AM
phamhoangminh(doflamingo) used a shield 2-16-2021, 11:28:20 AM
phamhoangminh(doflamingo) used a shield 2-16-2021, 11:28:21 AM
phamhoangminh(doflamingo) used a shield 2-16-2021, 11:28:21 AM
phamhoangminh(doflamingo) used a shield 2-16-2021, 11:28:21 AM
phamhoangminh(doflamingo) used a shield 2-16-2021, 11:28:22 AM
phamhoangminh(doflamingo) used a shield 2-16-2021, 11:28:22 AM
phamhoangminh(doflamingo) used a shield 2-16-2021, 11:28:22 AM
phamhoangminh(doflamingo) used a shield 2-16-2021, 11:28:22 AM
phamhoangminh(doflamingo) used a shield 2-16-2021, 11:28:22 AM
phamhoangminh(doflamingo) used a shield 2-16-2021, 11:28:23 AM
phamhoangminh(doflamingo) used a shield 2-16-2021, 11:28:23 AM
phamhoangminh(doflamingo) used a shield 2-16-2021, 11:28:23 AM
phamhoangminh(doflamingo) used a shield 2-16-2021, 11:28:23 AM
phamhoangminh(doflamingo) used a shield 2-16-2021, 11:28:23 AM
phamhoangminh(doflamingo) used a shield 2-16-2021, 11:28:24 AM
phamhoangminh(doflamingo) used a shield 2-16-2021, 11:37:10 AM
phamhoangminh(doflamingo) used a shield 2-16-2021, 11:37:10 AM
phamhoangminh(doflamingo) used a shield 2-16-2021, 11:37:10 AM
phamhoangminh(doflamingo) used a shield 2-16-2021, 11:37:10 AM
phamhoangminh(doflamingo) used a shield 2-16-2021, 11:37:11 AM
phamhoangminh(doflamingo) used a shield 2-16-2021, 11:37:11 AM
phamhoangminh(doflamingo) used a shield 2-16-2021, 11:37:11 AM
phamhoangminh(doflamingo) used a shield 2-16-2021, 11:37:11 AM
phamhoangminh(doflamingo) used a shield 2-16-2021, 11:37:11 AM
phamhoangminh(doflamingo) used a shield 2-16-2021, 11:37:11 AM
phamhoangminh(doflamingo) used a shield 2-16-2021, 11:37:11 AM
phamhoangminh(doflamingo) used a shield 2-16-2021, 11:37:12 AM
phamhoangminh(doflamingo) used a shield 2-16-2021, 11:37:12 AM
phamhoangminh(doflamingo) used a shield 2-16-2021, 11:37:12 AM
phamhoangminh(doflamingo) used a shield 2-16-2021, 11:37:12 AM
phamhoangminh(doflamingo) used a shield 2-16-2021, 11:37:12 AM
phamhoangminh(doflamingo) used a shield 2-16-2021, 11:37:12 AM
phamhoangminh(doflamingo) used a shield 2-16-2021, 11:37:12 AM
phamhoangminh(doflamingo) used a shield 2-16-2021, 11:37:13 AM
phamhoangminh(doflamingo) used a shield 2-16-2021, 11:37:13 AM
phamhoangminh(doflamingo) used a shield 2-16-2021, 11:37:13 AM
phamhoangminh(doflamingo) used a shield 2-16-2021, 11:37:14 AM
phamhoangminh(doflamingo) used a shield 2-16-2021, 11:37:14 AM
phamhoangminh(doflamingo) used a shield 2-16-2021, 11:37:14 AM
phamhoangminh(doflamingo) used a shield 2-16-2021, 11:37:15 AM
phamhoangminh(doflamingo) used a shield 2-16-2021, 11:37:15 AM
phamhoangminh(doflamingo) used a shield 2-16-2021, 11:37:15 AM
phamhoangminh(doflamingo) used a tk_ultra_health_potion 2-16-2021, 11:37:16 AM
phamhoangminh(doflamingo) used a the_legendary_sword 2-16-2021, 11:39:44 AM
phamhoangminh(doflamingo) used a tk_ultra_health_potion 2-16-2021, 11:41:58 AM
phamhoangminh(doflamingo) used a tk_ultra_health_potion 2-16-2021, 11:41:58 AM
phamhoangminh(doflamingo) used a tk_ultra_health_potion 2-16-2021, 11:41:58 AM
phamhoangminh(doflamingo) used a shield 2-16-2021, 11:41:59 AM
phamhoangminh(doflamingo) used a shield 2-16-2021, 11:42:01 AM
phamhoangminh(doflamingo) used a shield 2-16-2021, 11:42:01 AM
phamhoangminh(doflamingo) used a shield 2-16-2021, 11:42:01 AM
phamhoangminh(doflamingo) used a shield 2-16-2021, 11:42:01 AM
phamhoangminh(doflamingo) used a shield 2-16-2021, 11:42:01 AM
phamhoangminh(doflamingo) used a shield 2-16-2021, 11:42:02 AM
phamhoangminh(doflamingo) used a tk_ultra_health_potion 2-16-2021, 11:42:52 AM
phamhoangminh(doflamingo) used a shield 2-16-2021, 11:42:54 AM
phamhoangminh(doflamingo) used a shield 2-16-2021, 11:42:54 AM
phamhoangminh(doflamingo) used a shield 2-16-2021, 11:42:54 AM
phamhoangminh(doflamingo) used a shield 2-16-2021, 11:42:56 AM
phamhoangminh(doflamingo) used a shield 2-16-2021, 11:42:58 AM
phamhoangminh(doflamingo) used a shield 2-16-2021, 11:42:59 AM
phamhoangminh(doflamingo) used a shield 2-16-2021, 11:43:00 AM
phamhoangminh(doflamingo) used a shield 2-16-2021, 11:43:00 AM
phamhoangminh(doflamingo) used a shield 2-16-2021, 11:43:00 AM
phamhoangminh(doflamingo) used a shield 2-16-2021, 11:43:00 AM
phamhoangminh(doflamingo) used a shield 2-16-2021, 11:43:01 AM
phamhoangminh(doflamingo) used a shield 2-16-2021, 11:43:07 AM
phamhoangminh(doflamingo) used a shield 2-16-2021, 11:43:07 AM
phamhoangminh(doflamingo) used a shield 2-16-2021, 11:43:07 AM
phamhoangminh(doflamingo) used a shield 2-16-2021, 11:43:08 AM
phamhoangminh(doflamingo) used a shield 2-16-2021, 11:43:11 AM
phamhoangminh(doflamingo) used a shield 2-16-2021, 11:43:12 AM
phamhoangminh(doflamingo) used a shield 2-16-2021, 11:43:12 AM
phamhoangminh(doflamingo) used a shield 2-16-2021, 11:43:12 AM
phamhoangminh(doflamingo) used a shield 2-16-2021, 11:43:14 AM
phamhoangminh(doflamingo) used a shield 2-16-2021, 11:43:14 AM
phamhoangminh(doflamingo) used a shield 2-16-2021, 11:43:17 AM
phamhoangminh(doflamingo) used a shield 2-16-2021, 11:43:17 AM
phamhoangminh(doflamingo) used a shield 2-16-2021, 11:43:17 AM
phamhoangminh(doflamingo) used a shield 2-16-2021, 11:43:18 AM
phamhoangminh(doflamingo) used a shield 2-16-2021, 11:43:18 AM
phamhoangminh(doflamingo) used a shield 2-16-2021, 11:43:18 AM
phamhoangminh(doflamingo) used a shield 2-16-2021, 11:43:18 AM
phamhoangminh(doflamingo) used a shield 2-16-2021, 11:43:19 AM
phamhoangminh(doflamingo) used a shield 2-16-2021, 11:43:19 AM
phamhoangminh(doflamingo) used a shield 2-16-2021, 11:43:19 AM
phamhoangminh(doflamingo) used a shield 2-16-2021, 11:43:19 AM
phamhoangminh(doflamingo) used a shield 2-16-2021, 11:43:19 AM
phamhoangminh(doflamingo) used a shield 2-16-2021, 11:43:20 AM
phamhoangminh(doflamingo) used a shield 2-16-2021, 11:43:20 AM
phamhoangminh(doflamingo) used a shield 2-16-2021, 11:43:20 AM
phamhoangminh(doflamingo) used a shield 2-16-2021, 11:43:20 AM
phamhoangminh(doflamingo) used a shield 2-16-2021, 11:43:20 AM
phamhoangminh(doflamingo) used a shield 2-16-2021, 11:43:20 AM
phamhoangminh(doflamingo) used a shield 2-16-2021, 11:43:20 AM
phamhoangminh(doflamingo) used a shield 2-16-2021, 11:43:21 AM
phamhoangminh(doflamingo) used a shield 2-16-2021, 11:43:21 AM
phamhoangminh(doflamingo) used a shield 2-16-2021, 11:43:21 AM
phamhoangminh(doflamingo) used a shield 2-16-2021, 11:43:21 AM
phamhoangminh(doflamingo) used a shield 2-16-2021, 11:43:22 AM
phamhoangminh(doflamingo) used a shield 2-16-2021, 11:43:22 AM
phamhoangminh(doflamingo) used a the_legendary_sword 2-16-2021, 11:43:36 AM
phamhoangminh(doflamingo) used a shield 2-16-2021, 11:48:52 AM
phamhoangminh(doflamingo) used a shield 2-16-2021, 11:48:53 AM
phamhoangminh(doflamingo) used a shield 2-16-2021, 11:48:53 AM
phamhoangminh(doflamingo) used a shield 2-16-2021, 11:48:53 AM
phamhoangminh(doflamingo) used a shield 2-16-2021, 11:48:53 AM
phamhoangminh(doflamingo) used a shield 2-16-2021, 11:48:53 AM
phamhoangminh(doflamingo) used a shield 2-16-2021, 11:48:53 AM
phamhoangminh(doflamingo) used a shield 2-16-2021, 11:48:53 AM
phamhoangminh(doflamingo) used a shield 2-16-2021, 11:48:53 AM
phamhoangminh(doflamingo) used a shield 2-16-2021, 11:48:53 AM
phamhoangminh(doflamingo) used a shield 2-16-2021, 11:48:53 AM
phamhoangminh(doflamingo) used a shield 2-16-2021, 11:48:59 AM
phamhoangminh(doflamingo) used a shield 2-16-2021, 11:48:59 AM
phamhoangminh(doflamingo) used a shield 2-16-2021, 11:48:59 AM
phamhoangminh(doflamingo) used a shield 2-16-2021, 11:48:59 AM
phamhoangminh(doflamingo) used a shield 2-16-2021, 11:48:59 AM
phamhoangminh(doflamingo) used a shield 2-16-2021, 11:48:59 AM
phamhoangminh(doflamingo) used a shield 2-16-2021, 11:48:59 AM
phamhoangminh(doflamingo) used a shield 2-16-2021, 11:48:59 AM
phamhoangminh(doflamingo) used a shield 2-16-2021, 11:48:59 AM
phamhoangminh(doflamingo) used a shield 2-16-2021, 11:49:00 AM
phamhoangminh(doflamingo) used a shield 2-16-2021, 11:49:11 AM
phamhoangminh(doflamingo) used a shield 2-16-2021, 11:49:11 AM
phamhoangminh(doflamingo) used a shield 2-16-2021, 11:49:11 AM
phamhoangminh(doflamingo) used a shield 2-16-2021, 11:49:12 AM
phamhoangminh(doflamingo) used a shield 2-16-2021, 11:49:15 AM
phamhoangminh(doflamingo) used a shield 2-16-2021, 11:49:15 AM
phamhoangminh(doflamingo) used a shield 2-16-2021, 11:49:15 AM
phamhoangminh(doflamingo) used a shield 2-16-2021, 11:49:17 AM
phamhoangminh(doflamingo) used a shield 2-16-2021, 11:49:17 AM
phamhoangminh(doflamingo) used a shield 2-16-2021, 11:49:18 AM
phamhoangminh(doflamingo) used a shield 2-16-2021, 11:49:19 AM
phamhoangminh(doflamingo) used a tk_ultra_health_potion 2-16-2021, 11:49:36 AM
phamhoangminh(doflamingo) used a tk_ultra_health_potion 2-16-2021, 11:49:36 AM
phamhoangminh(doflamingo) used a tk_ultra_health_potion 2-16-2021, 11:49:37 AM
phamhoangminh(doflamingo) used a shield 2-16-2021, 11:51:21 AM
phamhoangminh(doflamingo) used a shield 2-16-2021, 11:51:22 AM
phamhoangminh(doflamingo) used a shield 2-16-2021, 11:51:23 AM
phamhoangminh(doflamingo) used a shield 2-16-2021, 11:51:23 AM
phamhoangminh(doflamingo) used a tk_ultra_health_potion 2-16-2021, 11:55:26 AM
phamhoangminh(doflamingo) used a tk_ultra_health_potion 2-16-2021, 11:55:26 AM
phamhoangminh(doflamingo) used a tk_ultra_health_potion 2-16-2021, 11:55:27 AM
phamhoangminh(doflamingo) used a tk_ultra_health_potion 2-16-2021, 11:55:27 AM
phamhoangminh(doflamingo) used a shield 2-16-2021, 11:55:27 AM
phamhoangminh(doflamingo) used a shield 2-16-2021, 11:55:28 AM
phamhoangminh(doflamingo) used a shield 2-16-2021, 11:55:28 AM
phamhoangminh(doflamingo) used a shield 2-16-2021, 11:55:28 AM
phamhoangminh(doflamingo) used a shield 2-16-2021, 11:55:46 AM
phamhoangminh(doflamingo) used a shield 2-16-2021, 11:55:47 AM
phamhoangminh(doflamingo) used a shield 2-16-2021, 11:55:47 AM
phamhoangminh(doflamingo) used a shield 2-16-2021, 11:55:47 AM
phamhoangminh(doflamingo) used a shield 2-16-2021, 11:55:47 AM
phamhoangminh(doflamingo) used a shield 2-16-2021, 11:55:48 AM
phamhoangminh(doflamingo) used a shield 2-16-2021, 11:55:48 AM
phamhoangminh(doflamingo) used a shield 2-16-2021, 11:56:39 AM
phamhoangminh(doflamingo) used a shield 2-16-2021, 11:56:39 AM
phamhoangminh(doflamingo) used a shield 2-16-2021, 11:56:39 AM
phamhoangminh(doflamingo) used a shield 2-16-2021, 11:56:39 AM
phamhoangminh(doflamingo) used a shield 2-16-2021, 11:56:39 AM
phamhoangminh(doflamingo) used a shield 2-16-2021, 11:56:40 AM
phamhoangminh(doflamingo) used a shield 2-16-2021, 11:56:40 AM
phamhoangminh(doflamingo) used a shield 2-16-2021, 11:56:40 AM
phamhoangminh(doflamingo) used a shield 2-16-2021, 11:56:41 AM
phamhoangminh(doflamingo) used a shield 2-16-2021, 11:56:41 AM
phamhoangminh(doflamingo) used a tk_ultra_health_potion 2-16-2021, 11:56:51 AM
phamhoangminh(doflamingo) used a tk_ultra_health_potion 2-16-2021, 11:56:51 AM
phamhoangminh(doflamingo) used a tk_ultra_health_potion 2-16-2021, 11:56:51 AM
phamhoangminh(doflamingo) used a shield 2-16-2021, 11:56:52 AM
phamhoangminh(doflamingo) used a shield 2-16-2021, 11:56:52 AM
phamhoangminh(doflamingo) used a tk_ultra_health_potion 2-16-2021, 11:57:27 AM
phamhoangminh(doflamingo) used a shield 2-16-2021, 11:57:27 AM
phamhoangminh(doflamingo) used a shield 2-16-2021, 11:57:28 AM
phamhoangminh(doflamingo) used a shield 2-16-2021, 11:57:28 AM
phamhoangminh(doflamingo) used a shield 2-16-2021, 11:57:28 AM
phamhoangminh(doflamingo) used a shield 2-16-2021, 11:57:35 AM
phamhoangminh(doflamingo) used a shield 2-16-2021, 11:57:37 AM
phamhoangminh(doflamingo) used a tk_ultra_health_potion 2-16-2021, 11:57:46 AM
phamhoangminh(doflamingo) used a tk_ultra_health_potion 2-16-2021, 11:57:56 AM
phamhoangminh(doflamingo) used a tk_ultra_health_potion 2-16-2021, 11:57:57 AM
phamhoangminh(doflamingo) used a tk_ultra_health_potion 2-16-2021, 11:57:57 AM
phamhoangminh(doflamingo) used a tk_ultra_health_potion 2-16-2021, 11:57:57 AM
phamhoangminh(doflamingo) used a tk_ultra_health_potion 2-16-2021, 11:57:58 AM
phamhoangminh(doflamingo) used a tk_ultra_health_potion 2-16-2021, 11:58:43 AM
phamhoangminh(doflamingo) used a tk_ultra_health_potion 2-16-2021, 11:58:43 AM
phamhoangminh(doflamingo) used a tk_ultra_health_potion 2-16-2021, 11:58:44 AM
phamhoangminh(doflamingo) used a shield 2-16-2021, 11:58:44 AM
phamhoangminh(doflamingo) used a tk_ultra_health_potion 2-16-2021, 11:59:26 AM
phamhoangminh(doflamingo) used a shield 2-16-2021, 11:59:33 AM