
istek(fighter3) used a wood_pack 1-27-2021, 4:11:01 PM
istek(fighter3) used a wood_pack 1-27-2021, 4:11:05 PM
istek(fighter3) used a wood_pack 1-27-2021, 4:11:05 PM
istek(fighter3) used a wood_pack 1-27-2021, 4:11:05 PM
istek(fighter3) used a wood_pack 1-27-2021, 4:11:05 PM
istek(fighter3) used a wood_pack 1-27-2021, 4:11:06 PM
istek(fighter3) used a wood_pack 1-27-2021, 4:11:06 PM
istek(fighter3) used a wood_pack 1-27-2021, 4:11:06 PM
istek(fighter3) used a wood_pack 1-27-2021, 4:11:06 PM
istek(fighter3) used a wood_pack 1-27-2021, 4:11:06 PM
istek(fighter3) used a wood_pack 1-27-2021, 4:11:06 PM
istek(fighter3) used a wood_pack 1-27-2021, 4:11:06 PM
istek(fighter3) used a wood_pack 1-27-2021, 4:11:07 PM
istek(fighter3) used a wood_pack 1-27-2021, 4:11:07 PM
istek(fighter3) used a wood_pack 1-27-2021, 4:11:07 PM
istek(fighter3) used a wood_pack 1-27-2021, 4:11:07 PM
istek(fighter3) used a wood_pack 1-27-2021, 4:11:07 PM
istek(fighter3) used a wood_pack 1-27-2021, 4:11:08 PM
istek(fighter3) used a wood_pack 1-27-2021, 4:11:08 PM
istek(fighter3) used a wood_pack 1-27-2021, 4:11:09 PM
istek(fighter3) used a wood_pack 1-27-2021, 4:11:09 PM
istek(fighter3) used a wood_pack 1-27-2021, 4:11:09 PM
istek(fighter3) used a wood_pack 1-27-2021, 4:11:09 PM
istek(fighter3) used a wood_pack 1-27-2021, 4:11:09 PM
istek(fighter3) used a wood_pack 1-27-2021, 4:11:09 PM
istek(fighter3) used a wood_pack 1-27-2021, 4:11:09 PM
istek(fighter3) used a wood_pack 1-27-2021, 4:11:10 PM
istek(fighter3) used a wood_pack 1-27-2021, 4:11:10 PM
istek(fighter3) used a wood_pack 1-27-2021, 4:11:10 PM
istek(fighter3) used a wood_pack 1-27-2021, 4:11:10 PM
istek(fighter3) used a wood_pack 1-27-2021, 4:11:10 PM
istek(fighter3) used a wood_pack 1-27-2021, 4:11:10 PM
istek(fighter3) used a wood_pack 1-27-2021, 4:11:10 PM
istek(fighter3) used a wood_pack 1-27-2021, 4:11:11 PM
istek(fighter3) used a wood_pack 1-27-2021, 4:11:11 PM
istek(fighter3) used a wood_pack 1-27-2021, 4:11:13 PM
istek(fighter3) used a wood_pack 1-27-2021, 4:11:14 PM
istek(fighter3) used a wood_pack 1-27-2021, 4:11:14 PM
istek(fighter3) used a wood_pack 1-27-2021, 4:11:14 PM
istek(fighter3) used a wood_pack 1-27-2021, 4:11:14 PM
istek(fighter3) used a wood_pack 1-27-2021, 4:11:14 PM
istek(fighter3) used a wood_pack 1-27-2021, 4:11:14 PM
istek(fighter3) used a wood_pack 1-27-2021, 4:11:14 PM
istek(fighter3) used a wood_pack 1-27-2021, 4:11:15 PM
istek(fighter3) used a wood_pack 1-27-2021, 4:11:15 PM
istek(fighter3) used a wood_pack 1-27-2021, 4:11:15 PM
istek(fighter3) used a wood_pack 1-27-2021, 4:11:15 PM
istek(fighter3) used a wood_pack 1-27-2021, 4:11:15 PM
istek(fighter3) used a wood_pack 1-27-2021, 4:11:15 PM
istek(fighter3) used a wood_pack 1-27-2021, 4:11:16 PM
istek(fighter3) used a wood_pack 1-27-2021, 4:11:16 PM
istek(fighter3) used a wood_pack 1-27-2021, 4:11:16 PM
istek(fighter3) used a wood_pack 1-27-2021, 4:11:16 PM
istek(fighter3) used a wood_pack 1-27-2021, 4:11:16 PM
istek(fighter3) used a wood_pack 1-27-2021, 4:11:16 PM
istek(fighter3) used a wood_pack 1-27-2021, 4:11:17 PM
istek(fighter3) used a wood_pack 1-27-2021, 4:11:17 PM
istek(fighter3) used a wood_pack 1-27-2021, 4:11:17 PM
istek(fighter3) used a wood_pack 1-27-2021, 4:11:17 PM
istek(fighter3) used a wood_pack 1-27-2021, 4:11:17 PM
istek(fighter3) used a wood_pack 1-27-2021, 4:11:17 PM
istek(fighter3) used a wood_pack 1-27-2021, 4:11:18 PM
istek(fighter3) used a wood_pack 1-27-2021, 4:11:18 PM
istek(fighter3) used a wood_pack 1-27-2021, 4:11:18 PM
istek(fighter3) used a wood_pack 1-27-2021, 4:11:18 PM
istek(fighter3) used a wood_pack 1-27-2021, 4:11:18 PM
istek(fighter3) used a wood_pack 1-27-2021, 4:11:19 PM
istek(fighter3) used a wood_pack 1-27-2021, 4:11:19 PM
istek(fighter3) used a wood_pack 1-27-2021, 4:11:19 PM
istek(fighter3) used a wood_pack 1-27-2021, 4:11:19 PM
istek(fighter3) used a wood_pack 1-27-2021, 4:11:19 PM
istek(fighter3) used a wood_pack 1-27-2021, 4:11:19 PM
istek(fighter3) used a wood_pack 1-27-2021, 4:11:20 PM
istek(fighter3) used a wood_pack 1-27-2021, 4:11:20 PM
istek(fighter3) used a wood_pack 1-27-2021, 4:11:20 PM
istek(fighter3) used a wood_pack 1-27-2021, 4:11:20 PM
istek(fighter3) used a wood_pack 1-27-2021, 4:11:20 PM
istek(fighter3) used a wood_pack 1-27-2021, 4:11:20 PM
istek(fighter3) used a wood_pack 1-27-2021, 4:11:20 PM
istek(fighter3) used a wood_pack 1-27-2021, 4:11:21 PM
istek(fighter3) used a wood_pack 1-27-2021, 4:11:21 PM
istek(fighter3) used a wood_pack 1-27-2021, 4:11:21 PM
istek(fighter3) used a wood_pack 1-27-2021, 4:11:21 PM
istek(fighter3) used a wood_pack 1-27-2021, 4:11:21 PM
istek(fighter3) used a wood_pack 1-27-2021, 4:11:21 PM
istek(fighter3) used a wood_pack 1-27-2021, 4:11:21 PM
istek(fighter3) used a wood_pack 1-27-2021, 4:11:21 PM
istek(fighter3) used a wood_pack 1-27-2021, 4:11:22 PM
istek(fighter3) used a wood_pack 1-27-2021, 4:11:24 PM
istek(fighter3) used a wood_pack 1-27-2021, 4:11:24 PM
istek(fighter3) used a wood_pack 1-27-2021, 4:11:25 PM
istek(fighter3) used a wood_pack 1-27-2021, 4:11:25 PM
istek(fighter3) used a wood_pack 1-27-2021, 4:11:25 PM
istek(fighter3) used a wood_pack 1-27-2021, 4:11:25 PM
istek(fighter3) used a wood_pack 1-27-2021, 4:11:25 PM
istek(fighter3) used a wood_pack 1-27-2021, 4:11:25 PM
istek(fighter3) used a wood_pack 1-27-2021, 4:11:25 PM
istek(fighter3) used a wood_pack 1-27-2021, 4:11:26 PM
istek(fighter3) used a wood_pack 1-27-2021, 4:11:26 PM
istek(fighter3) used a wood_pack 1-27-2021, 4:11:26 PM
istek(fighter3) used a wood 1-27-2021, 4:11:32 PM
istek(fighter3) used a rocket_launcher 1-27-2021, 4:17:51 PM
istek(fighter3) used a hand_grenade 1-27-2021, 4:18:52 PM
istek(fighter3) used a hand_grenade 1-27-2021, 4:18:56 PM
istek(fighter3) used a hand_grenade 1-27-2021, 4:19:02 PM
istek(fighter3) used a hand_grenade 1-27-2021, 4:19:02 PM
istek(fighter3) used a spiked_bat 1-27-2021, 4:19:10 PM
istek(fighter3) used a timebomb 1-27-2021, 4:19:19 PM
istek(fighter3) used a stp429_mini_missile 1-27-2021, 4:19:40 PM
istek(fighter3) used a impact_bomb 1-27-2021, 4:19:54 PM
istek(fighter3) used a poisoned_small_projectile 1-27-2021, 4:20:12 PM
istek(fighter3) used a small_projectile 1-27-2021, 4:20:14 PM
istek(fighter3) used a small_projectile 1-27-2021, 4:20:15 PM
istek(fighter3) used a stun_grenade 1-27-2021, 4:20:23 PM
istek(fighter3) used a stun_grenade 1-27-2021, 4:20:24 PM
istek(fighter3) used a stun_grenade 1-27-2021, 4:20:25 PM
istek(fighter3) used a stun_grenade 1-27-2021, 4:20:25 PM
istek(fighter3) used a stun_grenade 1-27-2021, 4:20:46 PM
istek(fighter3) used a stun_grenade 1-27-2021, 4:21:10 PM
istek(fighter3) used a stun_grenade 1-27-2021, 4:21:11 PM
istek(fighter3) used a stun_grenade 1-27-2021, 4:21:17 PM
istek(fighter3) used a remote_bomb 1-27-2021, 4:24:40 PM
istek(fighter3) used a tk_ultra_health_potion 1-27-2021, 4:25:50 PM
istek(fighter3) used a tk_ultra_health_potion 1-27-2021, 4:25:50 PM
istek(fighter3) used a stun_grenade 1-27-2021, 4:25:52 PM
istek(fighter3) used a stun_grenade 1-27-2021, 4:25:52 PM