
Alfina(Alfina) used a wood 2-6-2021, 5:22:07 AM
Alfina(Alfina) used a wood 2-6-2021, 5:22:10 AM
Alfina(Alfina) used a wood 2-6-2021, 5:22:11 AM
Alfina(Alfina) used a wood 2-6-2021, 5:22:12 AM
Alfina(Alfina) used a wood 2-6-2021, 5:22:14 AM
Alfina(Alfina) used a fuel_tank 2-6-2021, 5:22:32 AM
Alfina(Alfina) used a wood 2-6-2021, 5:23:04 AM
Alfina(Alfina) used a wood 2-6-2021, 5:23:06 AM
Alfina(Alfina) used a coin 2-6-2021, 5:23:54 AM
Alfina(Alfina) used a coin 2-6-2021, 5:23:55 AM
Alfina(Alfina) used a coin 2-6-2021, 5:23:56 AM
Alfina(Alfina) used a coin 2-6-2021, 5:24:04 AM
Alfina(Alfina) used a coin 2-6-2021, 5:24:04 AM
Alfina(Alfina) used a coin 2-6-2021, 5:24:04 AM
Alfina(Alfina) used a coin 2-6-2021, 5:24:04 AM
Alfina(Alfina) used a coin 2-6-2021, 5:24:38 AM
Alfina(Alfina) used a coin 2-6-2021, 5:24:40 AM
Alfina(Alfina) used a coin 2-6-2021, 5:24:40 AM
Alfina(Alfina) used a coin 2-6-2021, 5:24:40 AM
Alfina(Alfina) used a coin 2-6-2021, 5:24:40 AM
Alfina(Alfina) used a coin 2-6-2021, 5:24:41 AM
Alfina(Alfina) used a coin 2-6-2021, 5:24:42 AM
Alfina(Alfina) used a coin 2-6-2021, 5:24:42 AM
Alfina(Alfina) used a coin 2-6-2021, 5:24:42 AM
Alfina(Alfina) used a coin 2-6-2021, 5:24:42 AM
Alfina(Alfina) used a coin 2-6-2021, 5:24:42 AM
Alfina(Alfina) used a coin 2-6-2021, 5:24:42 AM
Alfina(Alfina) used a coin 2-6-2021, 5:24:43 AM
Alfina(Alfina) used a coin 2-6-2021, 5:24:51 AM
Alfina(Alfina) used a wood 2-6-2021, 5:35:33 AM
Alfina(Alfina) used a wood 2-6-2021, 5:35:35 AM
Alfina(Alfina) used a wood 2-6-2021, 5:35:36 AM
Alfina(Alfina) used a nuclear_bomb 2-6-2021, 11:30:50 AM
Alfina(Alfina) used a open_beer_bottle 2-6-2021, 11:34:27 AM
Alfina(Alfina) used a open_beer_bottle 2-6-2021, 11:34:27 AM
Alfina(Alfina) used a open_beer_bottle 2-6-2021, 11:34:28 AM
Alfina(Alfina) used a open_beer_bottle 2-6-2021, 11:34:28 AM
Alfina(Alfina) used a open_beer_bottle 2-6-2021, 11:34:29 AM
Alfina(Alfina) used a open_beer_bottle 2-6-2021, 11:34:29 AM
Alfina(Alfina) used a open_beer_bottle 2-6-2021, 11:34:29 AM
Alfina(Alfina) used a open_beer_bottle 2-6-2021, 11:34:29 AM
Alfina(Alfina) used a open_beer_bottle 2-6-2021, 11:34:30 AM
Alfina(Alfina) used a open_beer_bottle 2-6-2021, 11:34:30 AM
Alfina(Alfina) used a open_beer_bottle 2-6-2021, 11:34:30 AM
Alfina(Alfina) used a open_beer_bottle 2-6-2021, 11:34:32 AM
Alfina(Alfina) used a open_beer_bottle 2-6-2021, 11:34:32 AM
Alfina(Alfina) used a open_beer_bottle 2-6-2021, 11:34:32 AM
Alfina(Alfina) used a open_beer_bottle 2-6-2021, 11:34:33 AM
Alfina(Alfina) used a open_beer_bottle 2-6-2021, 11:34:33 AM
Alfina(Alfina) used a open_beer_bottle 2-6-2021, 11:34:33 AM
Alfina(Alfina) used a open_beer_bottle 2-6-2021, 11:34:34 AM
Alfina(Alfina) used a open_beer_bottle 2-6-2021, 11:34:34 AM
Alfina(Alfina) used a open_beer_bottle 2-6-2021, 11:34:35 AM
Alfina(Alfina) used a open_beer_bottle 2-6-2021, 11:34:35 AM
Alfina(Alfina) used a open_beer_bottle 2-6-2021, 11:34:36 AM
Alfina(Alfina) used a open_beer_bottle 2-6-2021, 11:34:36 AM
Alfina(Alfina) used a open_beer_bottle 2-6-2021, 11:34:36 AM
Alfina(Alfina) used a open_beer_bottle 2-6-2021, 11:34:37 AM
Alfina(Alfina) used a open_beer_bottle 2-6-2021, 11:34:37 AM
Alfina(Alfina) used a open_beer_bottle 2-6-2021, 11:34:38 AM
Alfina(Alfina) used a open_beer_bottle 2-6-2021, 11:34:38 AM
Alfina(Alfina) used a open_beer_bottle 2-6-2021, 11:34:39 AM
Alfina(Alfina) used a open_beer_bottle 2-6-2021, 11:34:39 AM
Alfina(Alfina) used a open_beer_bottle 2-6-2021, 11:34:39 AM
Alfina(Alfina) used a open_beer_bottle 2-6-2021, 11:34:40 AM
Alfina(Alfina) used a open_beer_bottle 2-6-2021, 11:34:40 AM
Alfina(Alfina) used a open_beer_bottle 2-6-2021, 11:34:41 AM
Alfina(Alfina) used a open_beer_bottle 2-6-2021, 11:34:41 AM
Alfina(Alfina) used a open_beer_bottle 2-6-2021, 11:34:42 AM
Alfina(Alfina) used a open_beer_bottle 2-6-2021, 11:34:42 AM
Alfina(Alfina) used a open_beer_bottle 2-6-2021, 11:34:43 AM
Alfina(Alfina) used a open_beer_bottle 2-6-2021, 11:34:44 AM
Alfina(Alfina) used a open_beer_bottle 2-6-2021, 11:34:44 AM
Alfina(Alfina) used a open_beer_bottle 2-6-2021, 11:34:45 AM
Alfina(Alfina) used a open_beer_bottle 2-6-2021, 11:34:45 AM
Alfina(Alfina) used a open_beer_bottle 2-6-2021, 11:34:46 AM
Alfina(Alfina) used a open_beer_bottle 2-6-2021, 11:34:46 AM
Alfina(Alfina) used a open_beer_bottle 2-6-2021, 11:34:47 AM
Alfina(Alfina) used a open_beer_bottle 2-6-2021, 11:34:47 AM
Alfina(Alfina) used a open_beer_bottle 2-6-2021, 11:34:48 AM
Alfina(Alfina) used a open_beer_bottle 2-6-2021, 11:34:49 AM
Alfina(Alfina) used a open_beer_bottle 2-6-2021, 11:34:49 AM
Alfina(Alfina) used a open_beer_bottle 2-6-2021, 11:34:50 AM
Alfina(Alfina) used a open_beer_bottle 2-6-2021, 11:34:50 AM
Alfina(Alfina) used a open_beer_bottle 2-6-2021, 11:34:51 AM
Alfina(Alfina) used a open_beer_bottle 2-6-2021, 11:34:52 AM
Alfina(Alfina) used a open_beer_bottle 2-6-2021, 11:34:52 AM
Alfina(Alfina) used a open_beer_bottle 2-6-2021, 11:34:53 AM
Alfina(Alfina) used a open_beer_bottle 2-6-2021, 11:34:53 AM
Alfina(Alfina) used a open_beer_bottle 2-6-2021, 11:34:54 AM
Alfina(Alfina) used a open_beer_bottle 2-6-2021, 11:34:55 AM
Alfina(Alfina) used a open_beer_bottle 2-6-2021, 11:34:55 AM
Alfina(Alfina) used a open_beer_bottle 2-6-2021, 11:34:56 AM
Alfina(Alfina) used a open_beer_bottle 2-6-2021, 11:34:57 AM
Alfina(Alfina) used a open_beer_bottle 2-6-2021, 11:36:08 AM
Alfina(Alfina) used a open_beer_bottle 2-6-2021, 11:36:43 AM
Alfina(Alfina) used a open_beer_bottle 2-6-2021, 11:36:44 AM
Alfina(Alfina) used a open_beer_bottle 2-6-2021, 11:36:44 AM
Alfina(Alfina) used a open_beer_bottle 2-6-2021, 11:36:45 AM
Alfina(Alfina) used a open_beer_bottle 2-6-2021, 11:36:46 AM
Alfina(Alfina) used a open_beer_bottle 2-6-2021, 11:36:46 AM
Alfina(Alfina) used a open_beer_bottle 2-6-2021, 11:36:46 AM
Alfina(Alfina) used a open_beer_bottle 2-6-2021, 11:36:46 AM
Alfina(Alfina) used a open_beer_bottle 2-6-2021, 11:36:47 AM
Alfina(Alfina) used a open_beer_bottle 2-6-2021, 11:36:47 AM
Alfina(Alfina) used a open_beer_bottle 2-6-2021, 11:36:48 AM
Alfina(Alfina) used a open_beer_bottle 2-6-2021, 11:36:48 AM
Alfina(Alfina) used a open_beer_bottle 2-6-2021, 11:36:48 AM
Alfina(Alfina) used a open_beer_bottle 2-6-2021, 11:36:49 AM
Alfina(Alfina) used a open_beer_bottle 2-6-2021, 11:36:49 AM
Alfina(Alfina) used a open_beer_bottle 2-6-2021, 11:36:50 AM
Alfina(Alfina) used a open_beer_bottle 2-6-2021, 11:36:50 AM
Alfina(Alfina) used a open_beer_bottle 2-6-2021, 11:36:50 AM
Alfina(Alfina) used a open_beer_bottle 2-6-2021, 11:36:51 AM
Alfina(Alfina) used a open_beer_bottle 2-6-2021, 11:36:51 AM
Alfina(Alfina) used a open_beer_bottle 2-6-2021, 11:36:52 AM
Alfina(Alfina) used a open_beer_bottle 2-6-2021, 11:36:52 AM
Alfina(Alfina) used a open_beer_bottle 2-6-2021, 11:36:52 AM
Alfina(Alfina) used a open_beer_bottle 2-6-2021, 11:36:53 AM
Alfina(Alfina) used a open_beer_bottle 2-6-2021, 11:36:53 AM
Alfina(Alfina) used a open_beer_bottle 2-6-2021, 11:36:53 AM
Alfina(Alfina) used a open_beer_bottle 2-6-2021, 11:36:53 AM
Alfina(Alfina) used a open_beer_bottle 2-6-2021, 11:36:54 AM
Alfina(Alfina) used a open_beer_bottle 2-6-2021, 11:36:54 AM
Alfina(Alfina) used a open_beer_bottle 2-6-2021, 11:36:55 AM
Alfina(Alfina) used a open_beer_bottle 2-6-2021, 11:36:55 AM
Alfina(Alfina) used a open_beer_bottle 2-6-2021, 11:36:55 AM
Alfina(Alfina) used a open_beer_bottle 2-6-2021, 11:36:56 AM
Alfina(Alfina) used a open_beer_bottle 2-6-2021, 11:36:56 AM
Alfina(Alfina) used a open_beer_bottle 2-6-2021, 11:36:57 AM
Alfina(Alfina) used a open_beer_bottle 2-6-2021, 11:36:57 AM
Alfina(Alfina) used a open_beer_bottle 2-6-2021, 11:36:57 AM
Alfina(Alfina) used a open_beer_bottle 2-6-2021, 11:36:58 AM
Alfina(Alfina) used a open_beer_bottle 2-6-2021, 11:36:59 AM
Alfina(Alfina) used a open_beer_bottle 2-6-2021, 11:37:00 AM
Alfina(Alfina) used a wood 2-6-2021, 12:34:16 PM
Alfina(Alfina) used a wood 2-6-2021, 12:34:42 PM
Alfina(Alfina) used a wood 2-6-2021, 12:35:33 PM
Alfina(Alfina) used a wood 2-6-2021, 12:36:12 PM
Alfina(Alfina) used a rocket_launcher 2-6-2021, 12:36:46 PM
Alfina(Alfina) used a tk_ultra_health_potion 2-6-2021, 12:37:00 PM
Alfina(Alfina) used a shield 2-6-2021, 12:37:12 PM
Alfina(Alfina) used a shield 2-6-2021, 12:37:12 PM
Alfina(Alfina) used a shield 2-6-2021, 12:37:12 PM
Alfina(Alfina) used a shield 2-6-2021, 12:37:13 PM
Alfina(Alfina) used a shield 2-6-2021, 12:37:13 PM
Alfina(Alfina) used a shield 2-6-2021, 12:37:14 PM
Alfina(Alfina) used a shield 2-6-2021, 12:37:14 PM
Alfina(Alfina) used a shield 2-6-2021, 12:37:15 PM
Alfina(Alfina) used a shield 2-6-2021, 12:37:18 PM
Alfina(Alfina) used a shield 2-6-2021, 12:37:18 PM
Alfina(Alfina) used a shield 2-6-2021, 12:37:18 PM
Alfina(Alfina) used a shield 2-6-2021, 12:37:18 PM
Alfina(Alfina) used a shield 2-6-2021, 12:37:19 PM
Alfina(Alfina) used a shield 2-6-2021, 12:37:19 PM
Alfina(Alfina) used a shield 2-6-2021, 12:37:19 PM
Alfina(Alfina) used a shield 2-6-2021, 12:37:19 PM
Alfina(Alfina) used a shield 2-6-2021, 12:37:20 PM
Alfina(Alfina) used a shield 2-6-2021, 12:37:20 PM
Alfina(Alfina) used a shield 2-6-2021, 12:37:20 PM
Alfina(Alfina) used a shield 2-6-2021, 12:37:20 PM
Alfina(Alfina) used a shield 2-6-2021, 12:37:21 PM
Alfina(Alfina) used a shield 2-6-2021, 12:37:21 PM
Alfina(Alfina) used a shield 2-6-2021, 12:37:21 PM
Alfina(Alfina) used a shield 2-6-2021, 12:37:21 PM
Alfina(Alfina) used a shield 2-6-2021, 12:37:22 PM
Alfina(Alfina) used a shield 2-6-2021, 12:37:22 PM
Alfina(Alfina) used a shield 2-6-2021, 12:37:22 PM
Alfina(Alfina) used a shield 2-6-2021, 12:37:22 PM
Alfina(Alfina) used a shield 2-6-2021, 12:37:23 PM
Alfina(Alfina) used a shield 2-6-2021, 12:37:23 PM
Alfina(Alfina) used a shield 2-6-2021, 12:37:23 PM
Alfina(Alfina) used a stp429_mini_missile 2-6-2021, 12:40:33 PM
Alfina(Alfina) used a rocket_launcher 2-6-2021, 12:44:18 PM
Alfina(Alfina) used a the_legendary_sword 2-6-2021, 3:10:02 PM
Alfina(Alfina) used a rocket_launcher 2-6-2021, 3:12:59 PM
Alfina(Alfina) used a rocket_launcher 2-6-2021, 6:10:42 PM
Alfina(Alfina) used a tk_ultra_health_potion 2-6-2021, 6:10:58 PM
Alfina(Alfina) used a aircraft 2-6-2021, 6:13:38 PM
Alfina(Alfina) used a guided_missile 2-6-2021, 6:16:05 PM
Alfina(Alfina) used a guided_missile 2-6-2021, 6:16:07 PM
Alfina(Alfina) used a guided_missile 2-6-2021, 6:17:08 PM
Alfina(Alfina) used a guided_missile 2-6-2021, 6:17:11 PM
Alfina(Alfina) used a stp429_mini_missile 2-6-2021, 6:17:32 PM
Alfina(Alfina) used a stp429_mini_missile 2-6-2021, 6:17:40 PM
Alfina(Alfina) used a stp429_mini_missile 2-6-2021, 6:17:40 PM
Alfina(Alfina) used a stp429_mini_missile 2-6-2021, 6:17:47 PM
Alfina(Alfina) used a stp429_mini_missile 2-6-2021, 6:17:47 PM
Alfina(Alfina) used a carrier_missile 2-6-2021, 6:19:19 PM
Alfina(Alfina) used a carrier_missile 2-6-2021, 6:20:23 PM
Alfina(Alfina) used a tk_ultra_health_potion 2-6-2021, 6:23:43 PM
Alfina(Alfina) used a health_drink 2-6-2021, 6:23:52 PM
Alfina(Alfina) used a health_drink 2-6-2021, 6:23:56 PM
Alfina(Alfina) used a guided_missile 2-6-2021, 6:25:28 PM
Alfina(Alfina) used a guided_missile 2-6-2021, 6:25:41 PM
Alfina(Alfina) used a stp429_mini_missile 2-6-2021, 6:26:08 PM
Alfina(Alfina) used a stp429_mini_missile 2-6-2021, 6:26:10 PM
Alfina(Alfina) used a stp429_mini_missile 2-6-2021, 6:26:10 PM
Alfina(Alfina) used a stp429_mini_missile 2-6-2021, 6:26:12 PM
Alfina(Alfina) used a stp429_mini_missile 2-6-2021, 6:26:12 PM
Alfina(Alfina) used a carrier_missile 2-6-2021, 6:27:18 PM