
franklin(franklin) used a tk_dollar 2-6-2021, 9:36:58 AM
franklin(franklin) used a tk_dollar 2-6-2021, 9:36:59 AM
franklin(franklin) used a tk_dollar 2-6-2021, 9:36:59 AM
franklin(franklin) used a tk_dollar 2-6-2021, 9:36:59 AM
franklin(franklin) used a the_legendary_sword 2-6-2021, 9:38:25 AM
franklin(franklin) used a modern_sub_machine_gun_carbine 2-6-2021, 9:38:32 AM
franklin(franklin) used a rpg7 2-6-2021, 9:38:41 AM
franklin(franklin) used a rocket_launcher 2-6-2021, 9:38:44 AM
franklin(franklin) used a cannon 2-6-2021, 9:38:52 AM
franklin(franklin) used a hand_cannon 2-6-2021, 9:38:57 AM
franklin(franklin) used a hand_cannon 2-6-2021, 9:39:05 AM
franklin(franklin) used a cyanide_pistol 2-6-2021, 9:39:18 AM
franklin(franklin) used a storm_sniper 2-6-2021, 9:39:32 AM
franklin(franklin) used a cola 2-6-2021, 9:39:51 AM
franklin(franklin) used a health_drink 2-6-2021, 9:46:50 AM
franklin(franklin) used a hand_grenade 2-6-2021, 10:02:14 AM
franklin(franklin) used a hand_grenade 2-6-2021, 10:02:21 AM
franklin(franklin) used a hand_grenade 2-6-2021, 10:02:22 AM
franklin(franklin) used a hand_grenade 2-6-2021, 10:02:22 AM
franklin(franklin) used a hand_grenade 2-6-2021, 10:02:39 AM
franklin(franklin) used a hand_grenade 2-6-2021, 10:04:02 AM
franklin(franklin) used a tk_ultra_health_potion 2-6-2021, 10:05:40 AM
franklin(franklin) used a tk_ultra_health_potion 2-6-2021, 10:06:42 AM
franklin(franklin) used a tk_ultra_health_potion 2-6-2021, 10:06:42 AM
franklin(franklin) used a empty_beer_bottle 2-6-2021, 10:16:00 AM
franklin(franklin) used a empty_beer_bottle 2-6-2021, 10:16:05 AM
franklin(franklin) used a empty_beer_bottle 2-6-2021, 10:16:05 AM
franklin(franklin) used a empty_beer_bottle 2-6-2021, 10:16:05 AM
franklin(franklin) used a empty_beer_bottle 2-6-2021, 10:16:05 AM
franklin(franklin) used a empty_beer_bottle 2-6-2021, 10:16:06 AM
franklin(franklin) used a empty_beer_bottle 2-6-2021, 10:16:06 AM
franklin(franklin) used a empty_beer_bottle 2-6-2021, 10:16:06 AM
franklin(franklin) used a empty_beer_bottle 2-6-2021, 10:16:07 AM
franklin(franklin) used a empty_beer_bottle 2-6-2021, 10:16:09 AM
franklin(franklin) used a empty_beer_bottle 2-6-2021, 10:16:15 AM
franklin(franklin) used a empty_beer_bottle 2-6-2021, 10:16:16 AM
franklin(franklin) used a empty_beer_bottle 2-6-2021, 10:16:16 AM
franklin(franklin) used a empty_beer_bottle 2-6-2021, 10:16:17 AM
franklin(franklin) used a empty_beer_bottle 2-6-2021, 10:16:17 AM
franklin(franklin) used a empty_beer_bottle 2-6-2021, 10:16:17 AM
franklin(franklin) used a empty_beer_bottle 2-6-2021, 10:16:17 AM
franklin(franklin) used a empty_beer_bottle 2-6-2021, 10:16:18 AM
franklin(franklin) used a empty_beer_bottle 2-6-2021, 10:16:19 AM
franklin(franklin) used a empty_beer_bottle 2-6-2021, 10:16:19 AM
franklin(franklin) used a empty_beer_bottle 2-6-2021, 10:16:19 AM
franklin(franklin) used a empty_beer_bottle 2-6-2021, 10:16:20 AM
franklin(franklin) used a empty_beer_bottle 2-6-2021, 10:16:24 AM
franklin(franklin) used a empty_beer_bottle 2-6-2021, 10:16:24 AM
franklin(franklin) used a empty_beer_bottle 2-6-2021, 10:16:26 AM
franklin(franklin) used a empty_beer_bottle 2-6-2021, 10:16:27 AM
franklin(franklin) used a empty_beer_bottle 2-6-2021, 10:16:27 AM
franklin(franklin) used a empty_beer_bottle 2-6-2021, 10:16:27 AM
franklin(franklin) used a empty_beer_bottle 2-6-2021, 10:16:28 AM
franklin(franklin) used a empty_beer_bottle 2-6-2021, 10:16:28 AM
franklin(franklin) used a empty_beer_bottle 2-6-2021, 10:16:29 AM
franklin(franklin) used a empty_beer_bottle 2-6-2021, 10:16:30 AM
franklin(franklin) used a empty_beer_bottle 2-6-2021, 10:16:32 AM
franklin(franklin) used a empty_beer_bottle 2-6-2021, 10:16:32 AM
franklin(franklin) used a empty_beer_bottle 2-6-2021, 10:18:23 AM
franklin(franklin) used a hand_grenade 2-6-2021, 10:18:26 AM
franklin(franklin) used a hand_grenade 2-6-2021, 10:18:27 AM
franklin(franklin) used a hand_grenade 2-6-2021, 10:18:27 AM
franklin(franklin) used a hand_grenade 2-6-2021, 10:18:27 AM
franklin(franklin) used a hand_grenade 2-6-2021, 10:18:27 AM
franklin(franklin) used a empty_beer_bottle 2-6-2021, 10:20:22 AM
franklin(franklin) used a empty_beer_bottle 2-6-2021, 10:20:26 AM
franklin(franklin) used a empty_beer_bottle 2-6-2021, 10:20:34 AM
franklin(franklin) used a empty_beer_bottle 2-6-2021, 10:20:34 AM
franklin(franklin) used a empty_beer_bottle 2-6-2021, 10:20:35 AM
franklin(franklin) used a empty_beer_bottle 2-6-2021, 10:20:37 AM
franklin(franklin) used a empty_beer_bottle 2-6-2021, 10:20:39 AM
franklin(franklin) used a empty_beer_bottle 2-6-2021, 10:20:49 AM
franklin(franklin) used a empty_beer_bottle 2-6-2021, 10:20:49 AM
franklin(franklin) used a empty_beer_bottle 2-6-2021, 10:20:52 AM
franklin(franklin) used a empty_beer_bottle 2-6-2021, 10:20:52 AM
franklin(franklin) used a empty_beer_bottle 2-6-2021, 10:20:52 AM
franklin(franklin) used a empty_beer_bottle 2-6-2021, 10:20:53 AM
franklin(franklin) used a empty_beer_bottle 2-6-2021, 10:20:53 AM
franklin(franklin) used a empty_beer_bottle 2-6-2021, 10:20:53 AM
franklin(franklin) used a empty_beer_bottle 2-6-2021, 10:20:53 AM
franklin(franklin) used a empty_beer_bottle 2-6-2021, 10:20:55 AM
franklin(franklin) used a empty_beer_bottle 2-6-2021, 10:20:55 AM
franklin(franklin) used a empty_beer_bottle 2-6-2021, 10:20:55 AM
franklin(franklin) used a empty_beer_bottle 2-6-2021, 10:20:56 AM
franklin(franklin) used a empty_beer_bottle 2-6-2021, 10:20:56 AM
franklin(franklin) used a empty_beer_bottle 2-6-2021, 10:20:56 AM
franklin(franklin) used a empty_beer_bottle 2-6-2021, 10:20:56 AM
franklin(franklin) used a shield 2-6-2021, 10:21:35 AM
franklin(franklin) used a shield 2-6-2021, 10:21:36 AM
franklin(franklin) used a shield 2-6-2021, 10:21:36 AM
franklin(franklin) used a shield 2-6-2021, 10:21:36 AM
franklin(franklin) used a shield 2-6-2021, 10:21:36 AM
franklin(franklin) used a shield 2-6-2021, 10:21:36 AM
franklin(franklin) used a shield 2-6-2021, 10:21:36 AM
franklin(franklin) used a shield 2-6-2021, 10:21:37 AM
franklin(franklin) used a tk_ultra_health_potion 2-6-2021, 10:21:38 AM
franklin(franklin) used a the_legendary_sword 2-6-2021, 12:19:55 PM
franklin(franklin) used a modern_sub_machine_gun_carbine 2-6-2021, 12:19:59 PM
franklin(franklin) used a rpg7 2-6-2021, 12:20:06 PM
franklin(franklin) used a rocket_launcher 2-6-2021, 12:20:09 PM
franklin(franklin) used a hand_cannon 2-6-2021, 12:20:13 PM
franklin(franklin) used a cannon 2-6-2021, 12:20:25 PM
franklin(franklin) used a storm_sniper 2-6-2021, 12:20:48 PM
franklin(franklin) used a cyanide_pistol 2-6-2021, 12:20:52 PM
franklin(franklin) used a hand_grenade 2-6-2021, 12:39:56 PM
franklin(franklin) used a hand_grenade 2-6-2021, 12:40:04 PM
franklin(franklin) used a hand_grenade 2-6-2021, 12:40:11 PM
franklin(franklin) used a hand_grenade 2-6-2021, 12:40:11 PM
franklin(franklin) used a hand_grenade 2-6-2021, 12:40:11 PM
franklin(franklin) used a hand_grenade 2-6-2021, 12:40:11 PM
franklin(franklin) used a hand_grenade 2-6-2021, 12:40:12 PM
franklin(franklin) used a hand_grenade 2-6-2021, 12:40:12 PM
franklin(franklin) used a hand_grenade 2-6-2021, 12:41:27 PM
franklin(franklin) used a hand_grenade 2-6-2021, 12:41:27 PM
franklin(franklin) used a hand_grenade 2-6-2021, 12:41:27 PM
franklin(franklin) used a hand_grenade 2-6-2021, 12:41:27 PM
franklin(franklin) used a hand_grenade 2-6-2021, 12:41:28 PM
franklin(franklin) used a hand_grenade 2-6-2021, 12:41:28 PM
franklin(franklin) used a hand_grenade 2-6-2021, 12:41:28 PM
franklin(franklin) used a hand_grenade 2-6-2021, 12:41:28 PM
franklin(franklin) used a shield 2-6-2021, 12:41:46 PM
franklin(franklin) used a shield 2-6-2021, 12:41:46 PM
franklin(franklin) used a shield 2-6-2021, 12:41:46 PM
franklin(franklin) used a shield 2-6-2021, 12:41:46 PM
franklin(franklin) used a shield 2-6-2021, 12:41:46 PM
franklin(franklin) used a tk_ultra_health_potion 2-6-2021, 12:41:47 PM
franklin(franklin) used a tk_ultra_health_potion 2-6-2021, 12:41:47 PM
franklin(franklin) used a hand_grenade 2-6-2021, 12:42:08 PM
franklin(franklin) used a hand_grenade 2-6-2021, 12:42:08 PM
franklin(franklin) used a hand_grenade 2-6-2021, 12:42:08 PM
franklin(franklin) used a hand_grenade 2-6-2021, 12:42:08 PM
franklin(franklin) used a hand_grenade 2-6-2021, 12:42:09 PM
franklin(franklin) used a hand_grenade 2-6-2021, 12:42:09 PM
franklin(franklin) used a hand_grenade 2-6-2021, 12:42:09 PM
franklin(franklin) used a hand_grenade 2-6-2021, 12:42:09 PM
franklin(franklin) used a concussive_grenade 2-6-2021, 12:42:10 PM
franklin(franklin) used a concussive_grenade 2-6-2021, 12:42:33 PM
franklin(franklin) used a concussive_grenade 2-6-2021, 12:42:44 PM
franklin(franklin) used a helicopter 2-6-2021, 12:42:54 PM
franklin(franklin) used a guided_missile 2-6-2021, 12:43:00 PM
franklin(franklin) used a concussive_grenade 2-6-2021, 12:43:02 PM
franklin(franklin) used a guided_missile 2-6-2021, 12:43:13 PM
franklin(franklin) used a guided_missile 2-6-2021, 12:43:19 PM
franklin(franklin) used a guided_missile 2-6-2021, 12:43:23 PM
franklin(franklin) used a guided_missile 2-6-2021, 12:43:24 PM
franklin(franklin) used a guided_missile 2-6-2021, 12:43:28 PM
franklin(franklin) used a guided_missile 2-6-2021, 12:43:29 PM
franklin(franklin) used a guided_missile 2-6-2021, 12:43:33 PM
franklin(franklin) used a small_projectile 2-6-2021, 12:44:01 PM
franklin(franklin) used a sky_436_mine 2-6-2021, 12:44:11 PM
franklin(franklin) used a sky_436_mine 2-6-2021, 12:44:11 PM
franklin(franklin) used a sky_436_mine 2-6-2021, 12:44:12 PM
franklin(franklin) used a sky_436_mine 2-6-2021, 12:44:12 PM
franklin(franklin) used a sky_436_mine 2-6-2021, 12:44:12 PM
franklin(franklin) used a sky_436_mine 2-6-2021, 12:44:13 PM
franklin(franklin) used a sky_436_mine 2-6-2021, 12:44:13 PM
franklin(franklin) used a sky_436_mine 2-6-2021, 12:44:13 PM
franklin(franklin) used a sky_436_mine 2-6-2021, 12:44:13 PM
franklin(franklin) used a sky_436_mine 2-6-2021, 12:44:14 PM
franklin(franklin) used a sky_436_mine 2-6-2021, 12:44:14 PM
franklin(franklin) used a sky_436_mine 2-6-2021, 12:44:14 PM
franklin(franklin) used a sky_436_mine 2-6-2021, 12:44:14 PM
franklin(franklin) used a sky_436_mine 2-6-2021, 12:44:15 PM
franklin(franklin) used a sky_436_mine 2-6-2021, 12:44:15 PM
franklin(franklin) used a sky_436_mine 2-6-2021, 12:44:15 PM
franklin(franklin) used a sky_436_mine 2-6-2021, 12:44:15 PM
franklin(franklin) used a sky_436_mine 2-6-2021, 12:44:16 PM
franklin(franklin) used a sky_436_mine 2-6-2021, 12:44:16 PM
franklin(franklin) used a sky_436_mine 2-6-2021, 12:44:16 PM
franklin(franklin) used a sky_436_mine 2-6-2021, 12:44:17 PM
franklin(franklin) used a sky_436_mine 2-6-2021, 12:44:17 PM
franklin(franklin) used a sky_436_mine 2-6-2021, 12:44:17 PM
franklin(franklin) used a sky_436_mine 2-6-2021, 12:44:18 PM
franklin(franklin) used a sky_436_mine 2-6-2021, 12:44:18 PM
franklin(franklin) used a sky_436_mine 2-6-2021, 12:44:18 PM
franklin(franklin) used a sky_436_mine 2-6-2021, 12:44:18 PM
franklin(franklin) used a sky_436_mine 2-6-2021, 12:44:20 PM
franklin(franklin) used a sky_436_mine 2-6-2021, 12:44:20 PM
franklin(franklin) used a sky_436_mine 2-6-2021, 12:44:21 PM
franklin(franklin) used a sky_436_mine 2-6-2021, 12:44:21 PM
franklin(franklin) used a sky_436_mine 2-6-2021, 12:44:21 PM
franklin(franklin) used a sky_436_mine 2-6-2021, 12:44:22 PM
franklin(franklin) used a sky_436_mine 2-6-2021, 12:44:23 PM
franklin(franklin) used a sky_436_mine 2-6-2021, 12:44:23 PM
franklin(franklin) used a sky_436_mine 2-6-2021, 12:44:25 PM
franklin(franklin) used a sky_436_mine 2-6-2021, 12:44:25 PM
franklin(franklin) used a sky_436_mine 2-6-2021, 12:44:28 PM
franklin(franklin) used a sky_436_mine 2-6-2021, 12:44:29 PM
franklin(franklin) used a sky_436_mine 2-6-2021, 12:44:29 PM
franklin(franklin) used a sky_436_mine 2-6-2021, 12:44:29 PM
franklin(franklin) used a sky_436_mine 2-6-2021, 12:44:30 PM
franklin(franklin) used a sky_436_mine 2-6-2021, 12:44:30 PM
franklin(franklin) used a sky_436_mine 2-6-2021, 12:44:30 PM
franklin(franklin) used a sky_436_mine 2-6-2021, 12:44:31 PM
franklin(franklin) used a sky_436_mine 2-6-2021, 12:44:31 PM
franklin(franklin) used a sky_436_mine 2-6-2021, 12:44:31 PM
franklin(franklin) used a sky_436_mine 2-6-2021, 12:44:32 PM
franklin(franklin) used a sky_436_mine 2-6-2021, 12:44:32 PM
franklin(franklin) used a sky_436_mine 2-6-2021, 12:44:32 PM
franklin(franklin) used a sky_436_mine 2-6-2021, 12:44:33 PM
franklin(franklin) used a sky_436_mine 2-6-2021, 12:44:33 PM
franklin(franklin) used a sky_436_mine 2-6-2021, 12:44:34 PM
franklin(franklin) used a sky_436_mine 2-6-2021, 12:44:35 PM
franklin(franklin) used a sky_436_mine 2-6-2021, 12:44:35 PM
franklin(franklin) used a sky_436_mine 2-6-2021, 12:44:35 PM
franklin(franklin) used a sky_436_mine 2-6-2021, 12:44:35 PM
franklin(franklin) used a sky_436_mine 2-6-2021, 12:44:38 PM
franklin(franklin) used a health_drink 2-6-2021, 12:44:41 PM
franklin(franklin) used a shield 2-6-2021, 12:45:08 PM
franklin(franklin) used a tk_ultra_health_potion 2-6-2021, 12:45:09 PM
franklin(franklin) used a tk_ultra_health_potion 2-6-2021, 12:45:09 PM
franklin(franklin) used a sky_436_mine 2-6-2021, 12:45:53 PM
franklin(franklin) used a sky_436_mine 2-6-2021, 12:45:53 PM
franklin(franklin) used a sky_436_mine 2-6-2021, 12:45:54 PM
franklin(franklin) used a sky_436_mine 2-6-2021, 12:45:54 PM
franklin(franklin) used a sky_436_mine 2-6-2021, 12:45:54 PM
franklin(franklin) used a sky_436_mine 2-6-2021, 12:45:55 PM
franklin(franklin) used a sky_436_mine 2-6-2021, 12:45:56 PM
franklin(franklin) used a sky_436_mine 2-6-2021, 12:45:56 PM
franklin(franklin) used a sky_436_mine 2-6-2021, 12:45:56 PM
franklin(franklin) used a sky_436_mine 2-6-2021, 12:45:56 PM
franklin(franklin) used a sky_436_mine 2-6-2021, 12:45:57 PM
franklin(franklin) used a sky_436_mine 2-6-2021, 12:45:58 PM
franklin(franklin) used a sky_436_mine 2-6-2021, 12:45:58 PM
franklin(franklin) used a sky_436_mine 2-6-2021, 12:45:58 PM
franklin(franklin) used a sky_436_mine 2-6-2021, 12:45:58 PM
franklin(franklin) used a sky_436_mine 2-6-2021, 12:45:59 PM
franklin(franklin) used a sky_436_mine 2-6-2021, 12:45:59 PM
franklin(franklin) used a sky_436_mine 2-6-2021, 12:45:59 PM
franklin(franklin) used a sky_436_mine 2-6-2021, 12:45:59 PM
franklin(franklin) used a sky_436_mine 2-6-2021, 12:46:00 PM
franklin(franklin) used a sky_436_mine 2-6-2021, 12:46:00 PM
franklin(franklin) used a sky_436_mine 2-6-2021, 12:46:00 PM
franklin(franklin) used a sky_436_mine 2-6-2021, 12:46:00 PM
franklin(franklin) used a sky_436_mine 2-6-2021, 12:46:01 PM
franklin(franklin) used a sky_436_mine 2-6-2021, 12:46:01 PM
franklin(franklin) used a sky_436_mine 2-6-2021, 12:46:01 PM
franklin(franklin) used a sky_436_mine 2-6-2021, 12:46:01 PM
franklin(franklin) used a sky_436_mine 2-6-2021, 12:46:02 PM
franklin(franklin) used a sky_436_mine 2-6-2021, 12:46:02 PM
franklin(franklin) used a sky_436_mine 2-6-2021, 12:46:02 PM
franklin(franklin) used a sky_436_mine 2-6-2021, 12:46:03 PM
franklin(franklin) used a sky_436_mine 2-6-2021, 12:46:03 PM
franklin(franklin) used a sky_436_mine 2-6-2021, 12:46:04 PM
franklin(franklin) used a sky_436_mine 2-6-2021, 12:46:04 PM
franklin(franklin) used a sky_436_mine 2-6-2021, 12:46:04 PM
franklin(franklin) used a sky_436_mine 2-6-2021, 12:46:05 PM
franklin(franklin) used a sky_436_mine 2-6-2021, 12:46:05 PM
franklin(franklin) used a sky_436_mine 2-6-2021, 12:46:05 PM
franklin(franklin) used a sky_436_mine 2-6-2021, 12:46:06 PM
franklin(franklin) used a sky_436_mine 2-6-2021, 12:46:06 PM
franklin(franklin) used a sky_436_mine 2-6-2021, 12:46:06 PM
franklin(franklin) used a sky_436_mine 2-6-2021, 12:46:07 PM
franklin(franklin) used a sky_436_mine 2-6-2021, 12:46:07 PM
franklin(franklin) used a sky_436_mine 2-6-2021, 12:46:07 PM
franklin(franklin) used a sky_436_mine 2-6-2021, 12:46:08 PM
franklin(franklin) used a sky_436_mine 2-6-2021, 12:46:08 PM
franklin(franklin) used a sky_436_mine 2-6-2021, 12:46:08 PM
franklin(franklin) used a sky_436_mine 2-6-2021, 12:46:09 PM
franklin(franklin) used a sky_436_mine 2-6-2021, 12:46:10 PM
franklin(franklin) used a sky_436_mine 2-6-2021, 12:46:10 PM
franklin(franklin) used a sky_436_mine 2-6-2021, 12:46:11 PM
franklin(franklin) used a sky_436_mine 2-6-2021, 12:46:11 PM
franklin(franklin) used a sky_436_mine 2-6-2021, 12:46:11 PM
franklin(franklin) used a sky_436_mine 2-6-2021, 12:46:12 PM
franklin(franklin) used a sky_436_mine 2-6-2021, 12:46:12 PM
franklin(franklin) used a sky_436_mine 2-6-2021, 12:46:12 PM
franklin(franklin) used a sky_436_mine 2-6-2021, 12:46:13 PM
franklin(franklin) used a sky_436_mine 2-6-2021, 12:46:13 PM
franklin(franklin) used a sky_436_mine 2-6-2021, 12:46:14 PM
franklin(franklin) used a sky_436_mine 2-6-2021, 12:46:14 PM
franklin(franklin) used a sky_436_mine 2-6-2021, 12:46:15 PM
franklin(franklin) used a sky_436_mine 2-6-2021, 12:46:15 PM
franklin(franklin) used a sky_436_mine 2-6-2021, 12:46:15 PM
franklin(franklin) used a sky_436_mine 2-6-2021, 12:46:16 PM
franklin(franklin) used a sky_436_mine 2-6-2021, 12:46:16 PM
franklin(franklin) used a sky_436_mine 2-6-2021, 12:46:17 PM
franklin(franklin) used a sky_436_mine 2-6-2021, 12:46:17 PM
franklin(franklin) used a sky_436_mine 2-6-2021, 12:46:18 PM
franklin(franklin) used a sky_436_mine 2-6-2021, 12:46:18 PM
franklin(franklin) used a concussive_grenade 2-6-2021, 12:47:56 PM
franklin(franklin) used a sky_436_mine 2-6-2021, 12:48:06 PM
franklin(franklin) used a sky_436_mine 2-6-2021, 12:48:06 PM
franklin(franklin) used a sky_436_mine 2-6-2021, 12:48:07 PM
franklin(franklin) used a sky_436_mine 2-6-2021, 12:48:07 PM
franklin(franklin) used a hand_grenade 2-6-2021, 12:48:12 PM
franklin(franklin) used a hand_grenade 2-6-2021, 12:48:12 PM
franklin(franklin) used a hand_grenade 2-6-2021, 12:48:12 PM
franklin(franklin) used a hand_grenade 2-6-2021, 12:48:12 PM
franklin(franklin) used a hand_grenade 2-6-2021, 12:48:12 PM
franklin(franklin) used a hand_grenade 2-6-2021, 12:48:21 PM
franklin(franklin) used a hand_grenade 2-6-2021, 12:48:27 PM
franklin(franklin) used a hand_grenade 2-6-2021, 12:48:27 PM
franklin(franklin) used a hand_grenade 2-6-2021, 12:48:27 PM
franklin(franklin) used a hand_grenade 2-6-2021, 12:48:27 PM
franklin(franklin) used a hand_grenade 2-6-2021, 12:48:27 PM
franklin(franklin) used a hand_grenade 2-6-2021, 12:48:27 PM
franklin(franklin) used a hand_grenade 2-6-2021, 12:48:28 PM
franklin(franklin) used a hand_grenade 2-6-2021, 12:48:28 PM
franklin(franklin) used a hand_grenade 2-6-2021, 12:48:28 PM
franklin(franklin) used a hand_grenade 2-6-2021, 12:48:33 PM
franklin(franklin) used a hand_grenade 2-6-2021, 12:48:33 PM
franklin(franklin) used a hand_grenade 2-6-2021, 12:48:33 PM
franklin(franklin) used a hand_grenade 2-6-2021, 12:48:34 PM
franklin(franklin) used a hand_grenade 2-6-2021, 12:48:34 PM
franklin(franklin) used a hand_grenade 2-6-2021, 12:48:34 PM
franklin(franklin) used a hand_grenade 2-6-2021, 12:48:45 PM
franklin(franklin) used a concussive_grenade 2-6-2021, 12:48:47 PM
franklin(franklin) used a hand_grenade 2-6-2021, 12:49:01 PM
franklin(franklin) used a hand_grenade 2-6-2021, 12:49:02 PM
franklin(franklin) used a hand_grenade 2-6-2021, 12:49:02 PM
franklin(franklin) used a hand_grenade 2-6-2021, 12:49:02 PM
franklin(franklin) used a hand_grenade 2-6-2021, 12:49:02 PM
franklin(franklin) used a hand_grenade 2-6-2021, 12:49:12 PM
franklin(franklin) used a hand_grenade 2-6-2021, 12:49:12 PM
franklin(franklin) used a hand_grenade 2-6-2021, 12:49:12 PM
franklin(franklin) used a hand_grenade 2-6-2021, 12:49:13 PM
franklin(franklin) used a hand_grenade 2-6-2021, 12:49:13 PM
franklin(franklin) used a hand_grenade 2-6-2021, 12:49:13 PM
franklin(franklin) used a shield 2-6-2021, 12:49:21 PM
franklin(franklin) used a shield 2-6-2021, 12:49:21 PM
franklin(franklin) used a shield 2-6-2021, 12:49:23 PM
franklin(franklin) used a shield 2-6-2021, 12:49:24 PM
franklin(franklin) used a shield 2-6-2021, 12:49:30 PM
franklin(franklin) used a tk_ultra_health_potion 2-6-2021, 12:49:30 PM
franklin(franklin) used a mega_suicider 2-6-2021, 12:51:41 PM
franklin(franklin) used a tk_ultra_health_potion 2-6-2021, 12:55:23 PM
franklin(franklin) used a hand_grenade 2-6-2021, 12:55:29 PM
franklin(franklin) used a hand_grenade 2-6-2021, 12:55:29 PM
franklin(franklin) used a hand_grenade 2-6-2021, 12:55:29 PM
franklin(franklin) used a hand_grenade 2-6-2021, 12:55:29 PM
franklin(franklin) used a hand_grenade 2-6-2021, 12:55:29 PM
franklin(franklin) used a hand_grenade 2-6-2021, 12:55:29 PM
franklin(franklin) used a hand_grenade 2-6-2021, 12:55:30 PM
franklin(franklin) used a the_legendary_sword 2-6-2021, 6:16:32 PM
franklin(franklin) used a modern_sub_machine_gun_carbine 2-6-2021, 6:16:40 PM
franklin(franklin) used a rpg7 2-6-2021, 6:16:48 PM
franklin(franklin) used a carrier_missile 2-6-2021, 6:17:24 PM
franklin(franklin) used a aircraft 2-6-2021, 6:20:24 PM
franklin(franklin) used a aircraft 2-6-2021, 6:20:52 PM
franklin(franklin) used a hand_grenade 2-6-2021, 6:21:03 PM
franklin(franklin) used a hand_grenade 2-6-2021, 6:21:03 PM
franklin(franklin) used a hand_grenade 2-6-2021, 6:21:03 PM
franklin(franklin) used a hand_grenade 2-6-2021, 6:21:03 PM
franklin(franklin) used a hand_grenade 2-6-2021, 6:21:04 PM
franklin(franklin) used a hand_grenade 2-6-2021, 6:21:04 PM
franklin(franklin) used a hand_grenade 2-6-2021, 6:35:58 PM
franklin(franklin) used a hand_grenade 2-6-2021, 6:35:58 PM
franklin(franklin) used a hand_grenade 2-6-2021, 6:35:58 PM
franklin(franklin) used a hand_grenade 2-6-2021, 6:35:59 PM
franklin(franklin) used a hand_grenade 2-6-2021, 6:36:01 PM
franklin(franklin) used a hand_grenade 2-6-2021, 6:36:16 PM
franklin(franklin) used a hand_grenade 2-6-2021, 6:36:16 PM
franklin(franklin) used a hand_grenade 2-6-2021, 6:36:16 PM
franklin(franklin) used a hand_grenade 2-6-2021, 6:36:16 PM
franklin(franklin) used a hand_grenade 2-6-2021, 6:36:16 PM
franklin(franklin) used a hand_grenade 2-6-2021, 6:38:30 PM
franklin(franklin) used a hand_grenade 2-6-2021, 6:39:11 PM
franklin(franklin) used a hand_grenade 2-6-2021, 6:39:11 PM
franklin(franklin) used a hand_grenade 2-6-2021, 6:39:12 PM
franklin(franklin) used a hand_grenade 2-6-2021, 6:39:12 PM
franklin(franklin) used a hand_grenade 2-6-2021, 6:39:12 PM
franklin(franklin) used a hand_grenade 2-6-2021, 6:39:12 PM
franklin(franklin) used a hand_grenade 2-6-2021, 6:39:12 PM
franklin(franklin) used a hand_grenade 2-6-2021, 6:39:12 PM
franklin(franklin) used a hand_grenade 2-6-2021, 6:39:13 PM
franklin(franklin) used a hand_grenade 2-6-2021, 6:39:13 PM
franklin(franklin) used a hand_grenade 2-6-2021, 6:39:13 PM
franklin(franklin) used a hand_grenade 2-6-2021, 6:39:13 PM
franklin(franklin) used a hand_grenade 2-6-2021, 6:39:13 PM
franklin(franklin) used a hand_grenade 2-6-2021, 6:39:13 PM
franklin(franklin) used a hand_grenade 2-6-2021, 6:39:15 PM
franklin(franklin) used a hand_grenade 2-6-2021, 6:39:15 PM
franklin(franklin) used a hand_grenade 2-6-2021, 6:39:15 PM