
best_nagibator(best_nagibator) used a shield 9-4-2020, 8:54:17 PM
best_nagibator(best_nagibator) used a shield 9-4-2020, 8:54:17 PM
best_nagibator(best_nagibator) used a tk_ultra_health_potion 9-4-2020, 8:54:24 PM
best_nagibator(best_nagibator) used a tk_ultra_health_potion 9-4-2020, 8:54:25 PM
best_nagibator(best_nagibator) used a missile_interceptor 9-4-2020, 8:54:25 PM
best_nagibator(best_nagibator) used a cannon 9-4-2020, 8:54:42 PM
best_nagibator(best_nagibator) used a zulfikar 9-4-2020, 8:54:50 PM
best_nagibator(best_nagibator) used a zulfikar 9-4-2020, 8:54:50 PM
best_nagibator(best_nagibator) used a zulfikar 9-4-2020, 8:54:52 PM
best_nagibator(best_nagibator) used a cannon 9-4-2020, 8:55:31 PM
best_nagibator(best_nagibator) used a zulfikar 9-4-2020, 8:55:39 PM
best_nagibator(best_nagibator) used a nak_nk1000_decimater 9-4-2020, 8:55:59 PM
best_nagibator(best_nagibator) used a cyanide_pistol 9-4-2020, 8:56:16 PM
best_nagibator(best_nagibator) used a hand_grenade 9-4-2020, 8:56:47 PM
best_nagibator(best_nagibator) used a hand_grenade 9-4-2020, 8:57:00 PM
best_nagibator(best_nagibator) used a hand_grenade 9-4-2020, 8:57:02 PM
best_nagibator(best_nagibator) used a hand_grenade 9-4-2020, 8:57:04 PM
best_nagibator(best_nagibator) used a hand_grenade 9-4-2020, 8:57:05 PM
best_nagibator(best_nagibator) used a hand_grenade 9-4-2020, 8:57:06 PM
best_nagibator(best_nagibator) used a hand_grenade 9-4-2020, 8:57:08 PM
best_nagibator(best_nagibator) used a hand_grenade 9-4-2020, 8:57:11 PM
best_nagibator(best_nagibator) used a hand_grenade 9-4-2020, 8:57:12 PM
best_nagibator(best_nagibator) used a hand_grenade 9-4-2020, 8:57:58 PM
best_nagibator(best_nagibator) used a hand_grenade 9-4-2020, 8:57:58 PM
best_nagibator(best_nagibator) used a hand_grenade 9-4-2020, 8:57:58 PM
best_nagibator(best_nagibator) used a hand_grenade 9-4-2020, 8:57:58 PM
best_nagibator(best_nagibator) used a hand_grenade 9-4-2020, 8:57:58 PM
best_nagibator(best_nagibator) used a hand_grenade 9-4-2020, 8:57:58 PM
best_nagibator(best_nagibator) used a hand_grenade 9-4-2020, 8:57:59 PM
best_nagibator(best_nagibator) used a hand_grenade 9-4-2020, 8:57:59 PM
best_nagibator(best_nagibator) used a hand_grenade 9-4-2020, 8:57:59 PM
best_nagibator(best_nagibator) used a hand_grenade 9-4-2020, 8:57:59 PM
best_nagibator(best_nagibator) used a hand_grenade 9-4-2020, 8:57:59 PM
best_nagibator(best_nagibator) used a hand_grenade 9-4-2020, 8:57:59 PM
best_nagibator(best_nagibator) used a hand_grenade 9-4-2020, 8:57:59 PM
best_nagibator(best_nagibator) used a hand_grenade 9-4-2020, 8:58:00 PM
best_nagibator(best_nagibator) used a hand_grenade 9-4-2020, 8:58:00 PM
best_nagibator(best_nagibator) used a hand_grenade 9-4-2020, 8:58:00 PM
best_nagibator(best_nagibator) used a hand_grenade 9-4-2020, 8:58:00 PM
best_nagibator(best_nagibator) used a hand_grenade 9-4-2020, 8:58:00 PM
best_nagibator(best_nagibator) used a hand_grenade 9-4-2020, 8:58:00 PM
best_nagibator(best_nagibator) used a hand_grenade 9-4-2020, 8:58:00 PM
best_nagibator(best_nagibator) used a hand_grenade 9-4-2020, 8:58:01 PM
best_nagibator(best_nagibator) used a hand_grenade 9-4-2020, 8:58:01 PM
best_nagibator(best_nagibator) used a hand_grenade 9-4-2020, 8:58:01 PM
best_nagibator(best_nagibator) used a hand_grenade 9-4-2020, 8:58:01 PM
best_nagibator(best_nagibator) used a hand_grenade 9-4-2020, 8:58:01 PM
best_nagibator(best_nagibator) used a hand_grenade 9-4-2020, 8:58:02 PM
best_nagibator(best_nagibator) used a hand_grenade 9-4-2020, 8:58:02 PM
best_nagibator(best_nagibator) used a hand_grenade 9-4-2020, 8:58:02 PM
best_nagibator(best_nagibator) used a hand_grenade 9-4-2020, 8:58:02 PM
best_nagibator(best_nagibator) used a hand_grenade 9-4-2020, 8:58:02 PM
best_nagibator(best_nagibator) used a hand_grenade 9-4-2020, 8:58:02 PM
best_nagibator(best_nagibator) used a hand_grenade 9-4-2020, 8:58:03 PM
best_nagibator(best_nagibator) used a hand_grenade 9-4-2020, 8:58:03 PM
best_nagibator(best_nagibator) used a hand_grenade 9-4-2020, 8:58:03 PM
best_nagibator(best_nagibator) used a hand_grenade 9-4-2020, 8:58:03 PM
best_nagibator(best_nagibator) used a hand_grenade 9-4-2020, 8:58:03 PM
best_nagibator(best_nagibator) used a hand_grenade 9-4-2020, 8:58:03 PM
best_nagibator(best_nagibator) used a hand_grenade 9-4-2020, 8:58:04 PM
best_nagibator(best_nagibator) used a hand_grenade 9-4-2020, 8:58:04 PM
best_nagibator(best_nagibator) used a hand_grenade 9-4-2020, 8:58:04 PM
best_nagibator(best_nagibator) used a hand_grenade 9-4-2020, 8:58:04 PM
best_nagibator(best_nagibator) used a hand_grenade 9-4-2020, 8:58:04 PM
best_nagibator(best_nagibator) used a hand_grenade 9-4-2020, 8:58:04 PM
best_nagibator(best_nagibator) used a hand_grenade 9-4-2020, 8:58:05 PM
best_nagibator(best_nagibator) used a hand_grenade 9-4-2020, 8:58:05 PM
best_nagibator(best_nagibator) used a hand_grenade 9-4-2020, 8:58:05 PM
best_nagibator(best_nagibator) used a hand_grenade 9-4-2020, 8:58:05 PM
best_nagibator(best_nagibator) used a hand_grenade 9-4-2020, 8:58:05 PM
best_nagibator(best_nagibator) used a hand_grenade 9-4-2020, 8:58:05 PM
best_nagibator(best_nagibator) used a hand_grenade 9-4-2020, 8:58:06 PM
best_nagibator(best_nagibator) used a hand_grenade 9-4-2020, 8:58:06 PM
best_nagibator(best_nagibator) used a hand_grenade 9-4-2020, 8:58:06 PM
best_nagibator(best_nagibator) used a hand_grenade 9-4-2020, 8:58:06 PM
best_nagibator(best_nagibator) used a hand_grenade 9-4-2020, 8:58:06 PM
best_nagibator(best_nagibator) used a hand_grenade 9-4-2020, 8:58:06 PM
best_nagibator(best_nagibator) used a hand_grenade 9-4-2020, 8:58:07 PM
best_nagibator(best_nagibator) used a hand_grenade 9-4-2020, 8:58:07 PM
best_nagibator(best_nagibator) used a hand_grenade 9-4-2020, 8:58:07 PM
best_nagibator(best_nagibator) used a hand_grenade 9-4-2020, 8:58:07 PM
best_nagibator(best_nagibator) used a hand_grenade 9-4-2020, 8:58:07 PM
best_nagibator(best_nagibator) used a hand_grenade 9-4-2020, 8:58:08 PM
best_nagibator(best_nagibator) used a hand_grenade 9-4-2020, 8:58:08 PM
best_nagibator(best_nagibator) used a hand_grenade 9-4-2020, 8:58:08 PM
best_nagibator(best_nagibator) used a hand_grenade 9-4-2020, 8:58:08 PM
best_nagibator(best_nagibator) used a hand_grenade 9-4-2020, 8:58:08 PM
best_nagibator(best_nagibator) used a hand_grenade 9-4-2020, 8:58:08 PM
best_nagibator(best_nagibator) used a hand_grenade 9-4-2020, 8:58:09 PM
best_nagibator(best_nagibator) used a hand_grenade 9-4-2020, 8:58:09 PM
best_nagibator(best_nagibator) used a hand_grenade 9-4-2020, 8:58:09 PM
best_nagibator(best_nagibator) used a hand_grenade 9-4-2020, 8:58:09 PM
best_nagibator(best_nagibator) used a hand_grenade 9-4-2020, 8:58:09 PM
best_nagibator(best_nagibator) used a hand_grenade 9-4-2020, 8:58:09 PM
best_nagibator(best_nagibator) used a hand_grenade 9-4-2020, 8:58:10 PM
best_nagibator(best_nagibator) used a hand_grenade 9-4-2020, 8:58:10 PM
best_nagibator(best_nagibator) used a hand_grenade 9-4-2020, 8:58:10 PM
best_nagibator(best_nagibator) used a hand_grenade 9-4-2020, 8:58:10 PM
best_nagibator(best_nagibator) used a hand_grenade 9-4-2020, 8:58:10 PM
best_nagibator(best_nagibator) used a hand_grenade 9-4-2020, 8:58:11 PM
best_nagibator(best_nagibator) used a hand_grenade 9-4-2020, 8:58:11 PM
best_nagibator(best_nagibator) used a hand_grenade 9-4-2020, 8:58:12 PM
best_nagibator(best_nagibator) used a hand_grenade 9-4-2020, 8:58:12 PM
best_nagibator(best_nagibator) used a hand_grenade 9-4-2020, 8:58:12 PM
best_nagibator(best_nagibator) used a hand_grenade 9-4-2020, 8:58:12 PM
best_nagibator(best_nagibator) used a hand_grenade 9-4-2020, 8:58:12 PM
best_nagibator(best_nagibator) used a hand_grenade 9-4-2020, 8:58:13 PM
best_nagibator(best_nagibator) used a hand_grenade 9-4-2020, 8:58:13 PM
best_nagibator(best_nagibator) used a hand_grenade 9-4-2020, 8:58:13 PM
best_nagibator(best_nagibator) used a hand_grenade 9-4-2020, 8:58:13 PM
best_nagibator(best_nagibator) used a hand_grenade 9-4-2020, 8:58:13 PM
best_nagibator(best_nagibator) used a hand_grenade 9-4-2020, 8:58:13 PM
best_nagibator(best_nagibator) used a hand_grenade 9-4-2020, 8:58:14 PM
best_nagibator(best_nagibator) used a hand_grenade 9-4-2020, 8:58:14 PM
best_nagibator(best_nagibator) used a hand_grenade 9-4-2020, 8:58:14 PM
best_nagibator(best_nagibator) used a hand_grenade 9-4-2020, 8:58:14 PM
best_nagibator(best_nagibator) used a hand_grenade 9-4-2020, 8:58:14 PM
best_nagibator(best_nagibator) used a hand_grenade 9-4-2020, 8:58:14 PM
best_nagibator(best_nagibator) used a hand_grenade 9-4-2020, 8:58:15 PM
best_nagibator(best_nagibator) used a hand_grenade 9-4-2020, 8:58:15 PM
best_nagibator(best_nagibator) used a hand_grenade 9-4-2020, 8:58:15 PM
best_nagibator(best_nagibator) used a hand_grenade 9-4-2020, 8:58:15 PM
best_nagibator(best_nagibator) used a hand_grenade 9-4-2020, 8:58:15 PM
best_nagibator(best_nagibator) used a hand_grenade 9-4-2020, 8:58:15 PM
best_nagibator(best_nagibator) used a hand_grenade 9-4-2020, 8:58:16 PM
best_nagibator(best_nagibator) used a shield 9-4-2020, 8:58:29 PM
best_nagibator(best_nagibator) used a shield 9-4-2020, 8:58:29 PM
best_nagibator(best_nagibator) used a shield 9-4-2020, 8:58:29 PM
best_nagibator(best_nagibator) used a shield 9-4-2020, 8:58:30 PM
best_nagibator(best_nagibator) used a shield 9-4-2020, 8:58:30 PM
best_nagibator(best_nagibator) used a shield 9-4-2020, 8:58:30 PM
best_nagibator(best_nagibator) used a shield 9-4-2020, 8:58:30 PM
best_nagibator(best_nagibator) used a shield 9-4-2020, 8:58:30 PM
best_nagibator(best_nagibator) used a shield 9-4-2020, 8:58:30 PM
best_nagibator(best_nagibator) used a shield 9-4-2020, 8:58:30 PM
best_nagibator(best_nagibator) used a shield 9-4-2020, 8:58:31 PM
best_nagibator(best_nagibator) used a shield 9-4-2020, 8:58:31 PM
best_nagibator(best_nagibator) used a shield 9-4-2020, 8:58:31 PM
best_nagibator(best_nagibator) used a shield 9-4-2020, 8:58:31 PM
best_nagibator(best_nagibator) used a shield 9-4-2020, 8:58:31 PM
best_nagibator(best_nagibator) used a shield 9-4-2020, 8:58:31 PM
best_nagibator(best_nagibator) used a shield 9-4-2020, 8:58:32 PM
best_nagibator(best_nagibator) used a shield 9-4-2020, 8:58:32 PM
best_nagibator(best_nagibator) used a shield 9-4-2020, 8:58:32 PM
best_nagibator(best_nagibator) used a shield 9-4-2020, 8:58:32 PM
best_nagibator(best_nagibator) used a shield 9-4-2020, 8:58:32 PM
best_nagibator(best_nagibator) used a shield 9-4-2020, 8:58:32 PM
best_nagibator(best_nagibator) used a shield 9-4-2020, 8:58:33 PM
best_nagibator(best_nagibator) used a shield 9-4-2020, 8:58:33 PM
best_nagibator(best_nagibator) used a shield 9-4-2020, 8:58:33 PM
best_nagibator(best_nagibator) used a shield 9-4-2020, 8:58:33 PM
best_nagibator(best_nagibator) used a shield 9-4-2020, 8:58:33 PM
best_nagibator(best_nagibator) used a shield 9-4-2020, 8:58:33 PM
best_nagibator(best_nagibator) used a shield 9-4-2020, 8:58:34 PM
best_nagibator(best_nagibator) used a tk_ultra_health_potion 9-4-2020, 8:58:34 PM
best_nagibator(best_nagibator) used a tk_ultra_health_potion 9-4-2020, 8:58:34 PM
best_nagibator(best_nagibator) used a tk_ultra_health_potion 9-4-2020, 8:59:11 PM
best_nagibator(best_nagibator) used a hand_grenade 9-4-2020, 8:59:30 PM
best_nagibator(best_nagibator) used a hand_grenade 9-4-2020, 8:59:35 PM
best_nagibator(best_nagibator) used a hand_grenade 9-4-2020, 8:59:39 PM
best_nagibator(best_nagibator) used a hand_grenade 9-4-2020, 8:59:46 PM
best_nagibator(best_nagibator) used a hand_grenade 9-4-2020, 8:59:51 PM
best_nagibator(best_nagibator) used a hand_grenade 9-4-2020, 9:00:00 PM
best_nagibator(best_nagibator) used a hand_grenade 9-4-2020, 9:00:07 PM
best_nagibator(best_nagibator) used a hand_grenade 9-4-2020, 9:00:42 PM
best_nagibator(best_nagibator) used a hand_grenade 9-4-2020, 9:00:42 PM
best_nagibator(best_nagibator) used a hand_grenade 9-4-2020, 9:00:43 PM
best_nagibator(best_nagibator) used a hand_grenade 9-4-2020, 9:00:43 PM
best_nagibator(best_nagibator) used a hand_grenade 9-4-2020, 9:00:43 PM
best_nagibator(best_nagibator) used a hand_grenade 9-4-2020, 9:00:43 PM
best_nagibator(best_nagibator) used a hand_grenade 9-4-2020, 9:00:43 PM
best_nagibator(best_nagibator) used a hand_grenade 9-4-2020, 9:00:43 PM
best_nagibator(best_nagibator) used a hand_grenade 9-4-2020, 9:00:43 PM
best_nagibator(best_nagibator) used a hand_grenade 9-4-2020, 9:00:44 PM
best_nagibator(best_nagibator) used a hand_grenade 9-4-2020, 9:00:44 PM
best_nagibator(best_nagibator) used a hand_grenade 9-4-2020, 9:00:44 PM
best_nagibator(best_nagibator) used a hand_grenade 9-4-2020, 9:00:44 PM
best_nagibator(best_nagibator) used a hand_grenade 9-4-2020, 9:00:44 PM
best_nagibator(best_nagibator) used a hand_grenade 9-4-2020, 9:00:44 PM
best_nagibator(best_nagibator) used a hand_grenade 9-4-2020, 9:00:45 PM
best_nagibator(best_nagibator) used a hand_grenade 9-4-2020, 9:00:45 PM
best_nagibator(best_nagibator) used a hand_grenade 9-4-2020, 9:00:45 PM
best_nagibator(best_nagibator) used a hand_grenade 9-4-2020, 9:00:45 PM
best_nagibator(best_nagibator) used a hand_grenade 9-4-2020, 9:00:46 PM
best_nagibator(best_nagibator) used a hand_grenade 9-4-2020, 9:00:46 PM
best_nagibator(best_nagibator) used a hand_grenade 9-4-2020, 9:00:47 PM
best_nagibator(best_nagibator) used a hand_grenade 9-4-2020, 9:00:47 PM
best_nagibator(best_nagibator) used a hand_grenade 9-4-2020, 9:00:48 PM
best_nagibator(best_nagibator) used a hand_grenade 9-4-2020, 9:00:48 PM
best_nagibator(best_nagibator) used a hand_grenade 9-4-2020, 9:00:48 PM
best_nagibator(best_nagibator) used a hand_grenade 9-4-2020, 9:00:48 PM
best_nagibator(best_nagibator) used a hand_grenade 9-4-2020, 9:00:49 PM
best_nagibator(best_nagibator) used a hand_grenade 9-4-2020, 9:00:49 PM
best_nagibator(best_nagibator) used a hand_grenade 9-4-2020, 9:00:50 PM
best_nagibator(best_nagibator) used a hand_grenade 9-4-2020, 9:00:50 PM
best_nagibator(best_nagibator) used a tk_ultra_health_potion 9-4-2020, 9:00:56 PM
best_nagibator(best_nagibator) used a tk_ultra_health_potion 9-4-2020, 9:00:56 PM
best_nagibator(best_nagibator) used a shield 9-4-2020, 9:00:57 PM
best_nagibator(best_nagibator) used a hand_grenade 9-4-2020, 9:01:30 PM
best_nagibator(best_nagibator) used a hand_grenade 9-4-2020, 9:01:30 PM
best_nagibator(best_nagibator) used a hand_grenade 9-4-2020, 9:01:30 PM
best_nagibator(best_nagibator) used a hand_grenade 9-4-2020, 9:01:30 PM
best_nagibator(best_nagibator) used a hand_grenade 9-4-2020, 9:01:30 PM
best_nagibator(best_nagibator) used a hand_grenade 9-4-2020, 9:01:30 PM
best_nagibator(best_nagibator) used a hand_grenade 9-4-2020, 9:01:30 PM
best_nagibator(best_nagibator) used a hand_grenade 9-4-2020, 9:01:31 PM
best_nagibator(best_nagibator) used a hand_grenade 9-4-2020, 9:01:31 PM
best_nagibator(best_nagibator) used a hand_grenade 9-4-2020, 9:01:31 PM
best_nagibator(best_nagibator) used a hand_grenade 9-4-2020, 9:01:31 PM
best_nagibator(best_nagibator) used a hand_grenade 9-4-2020, 9:01:31 PM
best_nagibator(best_nagibator) used a hand_grenade 9-4-2020, 9:01:31 PM
best_nagibator(best_nagibator) used a hand_grenade 9-4-2020, 9:01:31 PM
best_nagibator(best_nagibator) used a hand_grenade 9-4-2020, 9:01:31 PM
best_nagibator(best_nagibator) used a hand_grenade 9-4-2020, 9:01:32 PM
best_nagibator(best_nagibator) used a hand_grenade 9-4-2020, 9:01:32 PM
best_nagibator(best_nagibator) used a hand_grenade 9-4-2020, 9:01:35 PM
best_nagibator(best_nagibator) used a hand_grenade 9-4-2020, 9:01:36 PM
best_nagibator(best_nagibator) used a hand_grenade 9-4-2020, 9:01:37 PM
best_nagibator(best_nagibator) used a hand_grenade 9-4-2020, 9:01:37 PM
best_nagibator(best_nagibator) used a hand_grenade 9-4-2020, 9:01:37 PM
best_nagibator(best_nagibator) used a hand_grenade 9-4-2020, 9:01:38 PM
best_nagibator(best_nagibator) used a hand_grenade 9-4-2020, 9:01:38 PM
best_nagibator(best_nagibator) used a hand_grenade 9-4-2020, 9:01:51 PM
best_nagibator(best_nagibator) used a hand_grenade 9-4-2020, 9:01:51 PM
best_nagibator(best_nagibator) used a hand_grenade 9-4-2020, 9:01:51 PM
best_nagibator(best_nagibator) used a hand_grenade 9-4-2020, 9:01:51 PM
best_nagibator(best_nagibator) used a hand_grenade 9-4-2020, 9:01:51 PM
best_nagibator(best_nagibator) used a hand_grenade 9-4-2020, 9:01:54 PM
best_nagibator(best_nagibator) used a hand_grenade 9-4-2020, 9:01:54 PM
best_nagibator(best_nagibator) used a hand_grenade 9-4-2020, 9:01:54 PM
best_nagibator(best_nagibator) used a hand_grenade 9-4-2020, 9:01:54 PM
best_nagibator(best_nagibator) used a hand_grenade 9-4-2020, 9:01:54 PM
best_nagibator(best_nagibator) used a hand_grenade 9-4-2020, 9:01:54 PM
best_nagibator(best_nagibator) used a hand_grenade 9-4-2020, 9:01:55 PM
best_nagibator(best_nagibator) used a hand_grenade 9-4-2020, 9:01:55 PM
best_nagibator(best_nagibator) used a hand_grenade 9-4-2020, 9:01:55 PM
best_nagibator(best_nagibator) used a tk_ultra_health_potion 9-4-2020, 9:02:04 PM
best_nagibator(best_nagibator) used a shield 9-4-2020, 9:02:05 PM
best_nagibator(best_nagibator) used a shield 9-4-2020, 9:02:05 PM
best_nagibator(best_nagibator) used a tk_ultra_health_potion 9-4-2020, 9:02:25 PM
best_nagibator(best_nagibator) used a hand_grenade 9-4-2020, 9:02:37 PM
best_nagibator(best_nagibator) used a tk_ultra_health_potion 9-4-2020, 9:04:08 PM
best_nagibator(best_nagibator) used a tk_ultra_health_potion 9-4-2020, 9:04:08 PM
best_nagibator(best_nagibator) used a shield 9-4-2020, 9:04:08 PM
best_nagibator(best_nagibator) used a shield 9-4-2020, 9:04:09 PM
best_nagibator(best_nagibator) used a shield 9-4-2020, 9:04:09 PM
best_nagibator(best_nagibator) used a shield 9-4-2020, 9:04:09 PM
best_nagibator(best_nagibator) used a shield 9-4-2020, 9:04:13 PM
best_nagibator(best_nagibator) used a shield 9-4-2020, 9:04:13 PM
best_nagibator(best_nagibator) used a shield 9-4-2020, 9:04:16 PM
best_nagibator(best_nagibator) used a shield 9-4-2020, 9:04:16 PM
best_nagibator(best_nagibator) used a tk_ultra_health_potion 9-4-2020, 9:04:18 PM
best_nagibator(best_nagibator) used a shield 9-4-2020, 9:04:18 PM
best_nagibator(best_nagibator) used a shield 9-4-2020, 9:04:19 PM
best_nagibator(best_nagibator) used a shield 9-4-2020, 9:04:20 PM
best_nagibator(best_nagibator) used a shield 9-4-2020, 9:04:20 PM
best_nagibator(best_nagibator) used a shield 9-4-2020, 9:04:22 PM
best_nagibator(best_nagibator) used a shield 9-4-2020, 9:04:22 PM
best_nagibator(best_nagibator) used a shield 9-4-2020, 9:04:22 PM
best_nagibator(best_nagibator) used a shield 9-4-2020, 9:04:24 PM
best_nagibator(best_nagibator) used a shield 9-4-2020, 9:04:24 PM
best_nagibator(best_nagibator) used a shield 9-4-2020, 9:04:24 PM
best_nagibator(best_nagibator) used a shield 9-4-2020, 9:04:24 PM
best_nagibator(best_nagibator) used a shield 9-4-2020, 9:04:24 PM
best_nagibator(best_nagibator) used a shield 9-4-2020, 9:04:25 PM
best_nagibator(best_nagibator) used a shield 9-4-2020, 9:04:25 PM
best_nagibator(best_nagibator) used a shield 9-4-2020, 9:04:25 PM
best_nagibator(best_nagibator) used a shield 9-4-2020, 9:04:25 PM
best_nagibator(best_nagibator) used a shield 9-4-2020, 9:04:25 PM
best_nagibator(best_nagibator) used a shield 9-4-2020, 9:04:25 PM
best_nagibator(best_nagibator) used a shield 9-4-2020, 9:04:25 PM
best_nagibator(best_nagibator) used a shield 9-4-2020, 9:04:26 PM
best_nagibator(best_nagibator) used a shield 9-4-2020, 9:04:26 PM
best_nagibator(best_nagibator) used a shield 9-4-2020, 9:04:26 PM
best_nagibator(best_nagibator) used a shield 9-4-2020, 9:04:26 PM
best_nagibator(best_nagibator) used a shield 9-4-2020, 9:04:26 PM
best_nagibator(best_nagibator) used a shield 9-4-2020, 9:04:26 PM
best_nagibator(best_nagibator) used a shield 9-4-2020, 9:04:27 PM
best_nagibator(best_nagibator) used a shield 9-4-2020, 9:04:27 PM
best_nagibator(best_nagibator) used a shield 9-4-2020, 9:04:27 PM
best_nagibator(best_nagibator) used a shield 9-4-2020, 9:04:27 PM
best_nagibator(best_nagibator) used a shield 9-4-2020, 9:04:27 PM
best_nagibator(best_nagibator) used a shield 9-4-2020, 9:04:27 PM
best_nagibator(best_nagibator) used a shield 9-4-2020, 9:04:27 PM
best_nagibator(best_nagibator) used a shield 9-4-2020, 9:04:28 PM
best_nagibator(best_nagibator) used a shield 9-4-2020, 9:04:28 PM
best_nagibator(best_nagibator) used a shield 9-4-2020, 9:04:28 PM
best_nagibator(best_nagibator) used a shield 9-4-2020, 9:04:28 PM
best_nagibator(best_nagibator) used a shield 9-4-2020, 9:04:28 PM
best_nagibator(best_nagibator) used a shield 9-4-2020, 9:04:29 PM
best_nagibator(best_nagibator) used a shield 9-4-2020, 9:04:29 PM
best_nagibator(best_nagibator) used a tk_ultra_health_potion 9-4-2020, 9:04:29 PM
best_nagibator(best_nagibator) used a tk_ultra_health_potion 9-4-2020, 9:04:34 PM
best_nagibator(best_nagibator) used a tk_ultra_health_potion 9-4-2020, 9:04:34 PM
best_nagibator(best_nagibator) used a tk_ultra_health_potion 9-4-2020, 9:04:36 PM
best_nagibator(best_nagibator) used a tk_ultra_health_potion 9-4-2020, 9:04:38 PM
best_nagibator(best_nagibator) used a tk_ultra_health_potion 9-4-2020, 9:04:39 PM
best_nagibator(best_nagibator) used a hand_grenade 9-4-2020, 9:06:41 PM
best_nagibator(best_nagibator) used a pack_of_4_ammo_hand_cannon 9-4-2020, 9:17:52 PM
best_nagibator(best_nagibator) used a pack_of_4_ammo_hand_cannon 9-4-2020, 9:17:53 PM
best_nagibator(best_nagibator) used a pack_of_4_ammo_hand_cannon 9-4-2020, 9:17:53 PM
best_nagibator(best_nagibator) used a pack_of_4_ammo_hand_cannon 9-4-2020, 9:17:53 PM
best_nagibator(best_nagibator) used a pack_of_4_ammo_hand_cannon 9-4-2020, 9:17:53 PM
best_nagibator(best_nagibator) used a pack_of_4_ammo_hand_cannon 9-4-2020, 9:17:53 PM
best_nagibator(best_nagibator) used a pack_of_4_ammo_hand_cannon 9-4-2020, 9:17:53 PM
best_nagibator(best_nagibator) used a pack_of_4_ammo_hand_cannon 9-4-2020, 9:17:53 PM
best_nagibator(best_nagibator) used a pack_of_4_ammo_hand_cannon 9-4-2020, 9:17:54 PM
best_nagibator(best_nagibator) used a pack_of_4_ammo_hand_cannon 9-4-2020, 9:17:54 PM
best_nagibator(best_nagibator) used a pack_of_4_ammo_hand_cannon 9-4-2020, 9:17:54 PM
best_nagibator(best_nagibator) used a pack_of_4_ammo_hand_cannon 9-4-2020, 9:17:54 PM
best_nagibator(best_nagibator) used a pack_of_4_ammo_hand_cannon 9-4-2020, 9:17:54 PM
best_nagibator(best_nagibator) used a pack_of_4_ammo_hand_cannon 9-4-2020, 9:17:54 PM
best_nagibator(best_nagibator) used a pack_of_4_ammo_hand_cannon 9-4-2020, 9:17:54 PM
best_nagibator(best_nagibator) used a pack_of_4_ammo_hand_cannon 9-4-2020, 9:17:55 PM
best_nagibator(best_nagibator) used a pack_of_4_ammo_hand_cannon 9-4-2020, 9:17:55 PM
best_nagibator(best_nagibator) used a pack_of_4_ammo_hand_cannon 9-4-2020, 9:17:55 PM
best_nagibator(best_nagibator) used a pack_of_4_ammo_hand_cannon 9-4-2020, 9:17:55 PM
best_nagibator(best_nagibator) used a pack_of_4_ammo_hand_cannon 9-4-2020, 9:17:55 PM
best_nagibator(best_nagibator) used a pack_of_4_ammo_hand_cannon 9-4-2020, 9:17:55 PM
best_nagibator(best_nagibator) used a pack_of_4_ammo_hand_cannon 9-4-2020, 9:17:55 PM
best_nagibator(best_nagibator) used a pack_of_4_ammo_hand_cannon 9-4-2020, 9:17:55 PM
best_nagibator(best_nagibator) used a pack_of_4_ammo_hand_cannon 9-4-2020, 9:17:56 PM
best_nagibator(best_nagibator) used a pack_of_4_ammo_hand_cannon 9-4-2020, 9:17:56 PM
best_nagibator(best_nagibator) used a pack_of_4_ammo_hand_cannon 9-4-2020, 9:17:56 PM
best_nagibator(best_nagibator) used a pack_of_4_ammo_hand_cannon 9-4-2020, 9:17:56 PM
best_nagibator(best_nagibator) used a pack_of_4_ammo_hand_cannon 9-4-2020, 9:17:56 PM
best_nagibator(best_nagibator) used a pack_of_4_ammo_hand_cannon 9-4-2020, 9:17:56 PM
best_nagibator(best_nagibator) used a pack_of_4_ammo_hand_cannon 9-4-2020, 9:17:56 PM
best_nagibator(best_nagibator) used a pack_of_4_ammo_hand_cannon 9-4-2020, 9:17:56 PM
best_nagibator(best_nagibator) used a pack_of_4_ammo_hand_cannon 9-4-2020, 9:17:57 PM
best_nagibator(best_nagibator) used a pack_of_4_ammo_hand_cannon 9-4-2020, 9:17:57 PM
best_nagibator(best_nagibator) used a pack_of_4_ammo_hand_cannon 9-4-2020, 9:17:57 PM
best_nagibator(best_nagibator) used a pack_of_4_ammo_hand_cannon 9-4-2020, 9:17:57 PM
best_nagibator(best_nagibator) used a pack_of_4_ammo_hand_cannon 9-4-2020, 9:17:57 PM
best_nagibator(best_nagibator) used a pack_of_4_ammo_hand_cannon 9-4-2020, 9:17:57 PM
best_nagibator(best_nagibator) used a pack_of_4_ammo_hand_cannon 9-4-2020, 9:17:57 PM
best_nagibator(best_nagibator) used a pack_of_4_ammo_hand_cannon 9-4-2020, 9:17:58 PM
best_nagibator(best_nagibator) used a pack_of_4_ammo_hand_cannon 9-4-2020, 9:17:58 PM
best_nagibator(best_nagibator) used a pack_of_4_ammo_hand_cannon 9-4-2020, 9:17:58 PM
best_nagibator(best_nagibator) used a pack_of_4_ammo_hand_cannon 9-4-2020, 9:17:58 PM
best_nagibator(best_nagibator) used a pack_of_4_ammo_hand_cannon 9-4-2020, 9:17:58 PM
best_nagibator(best_nagibator) used a pack_of_4_ammo_hand_cannon 9-4-2020, 9:17:58 PM
best_nagibator(best_nagibator) used a pack_of_4_ammo_hand_cannon 9-4-2020, 9:17:58 PM
best_nagibator(best_nagibator) used a pack_of_4_ammo_hand_cannon 9-4-2020, 9:17:59 PM
best_nagibator(best_nagibator) used a pack_of_4_ammo_hand_cannon 9-4-2020, 9:17:59 PM
best_nagibator(best_nagibator) used a pack_of_4_ammo_hand_cannon 9-4-2020, 9:17:59 PM
best_nagibator(best_nagibator) used a pack_of_4_ammo_hand_cannon 9-4-2020, 9:17:59 PM
best_nagibator(best_nagibator) used a pack_of_4_ammo_hand_cannon 9-4-2020, 9:17:59 PM
best_nagibator(best_nagibator) used a pack_of_4_ammo_hand_cannon 9-4-2020, 9:17:59 PM
best_nagibator(best_nagibator) used a pack_of_4_ammo_hand_cannon 9-4-2020, 9:17:59 PM
best_nagibator(best_nagibator) used a pack_of_4_ammo_hand_cannon 9-4-2020, 9:18:00 PM
best_nagibator(best_nagibator) used a pack_of_4_ammo_hand_cannon 9-4-2020, 9:18:00 PM
best_nagibator(best_nagibator) used a pack_of_4_ammo_hand_cannon 9-4-2020, 9:18:00 PM
best_nagibator(best_nagibator) used a pack_of_4_ammo_hand_cannon 9-4-2020, 9:18:00 PM
best_nagibator(best_nagibator) used a pack_of_4_ammo_hand_cannon 9-4-2020, 9:18:00 PM
best_nagibator(best_nagibator) used a pack_of_4_ammo_hand_cannon 9-4-2020, 9:18:00 PM
best_nagibator(best_nagibator) used a pack_of_4_ammo_hand_cannon 9-4-2020, 9:18:00 PM
best_nagibator(best_nagibator) used a pack_of_4_ammo_hand_cannon 9-4-2020, 9:18:01 PM
best_nagibator(best_nagibator) used a pack_of_4_ammo_hand_cannon 9-4-2020, 9:18:01 PM
best_nagibator(best_nagibator) used a pack_of_4_ammo_hand_cannon 9-4-2020, 9:18:01 PM
best_nagibator(best_nagibator) used a pack_of_4_ammo_hand_cannon 9-4-2020, 9:18:01 PM
best_nagibator(best_nagibator) used a pack_of_4_ammo_hand_cannon 9-4-2020, 9:18:01 PM
best_nagibator(best_nagibator) used a pack_of_4_ammo_hand_cannon 9-4-2020, 9:18:01 PM
best_nagibator(best_nagibator) used a pack_of_4_ammo_hand_cannon 9-4-2020, 9:18:01 PM
best_nagibator(best_nagibator) used a pack_of_4_ammo_hand_cannon 9-4-2020, 9:18:01 PM
best_nagibator(best_nagibator) used a pack_of_4_ammo_hand_cannon 9-4-2020, 9:18:02 PM
best_nagibator(best_nagibator) used a pack_of_4_ammo_hand_cannon 9-4-2020, 9:18:02 PM
best_nagibator(best_nagibator) used a pack_of_4_ammo_hand_cannon 9-4-2020, 9:18:02 PM
best_nagibator(best_nagibator) used a pack_of_4_ammo_hand_cannon 9-4-2020, 9:18:02 PM
best_nagibator(best_nagibator) used a pack_of_4_ammo_hand_cannon 9-4-2020, 9:18:02 PM
best_nagibator(best_nagibator) used a pack_of_4_ammo_hand_cannon 9-4-2020, 9:18:02 PM
best_nagibator(best_nagibator) used a pack_of_4_ammo_hand_cannon 9-4-2020, 9:18:03 PM
best_nagibator(best_nagibator) used a pack_of_4_ammo_hand_cannon 9-4-2020, 9:18:03 PM
best_nagibator(best_nagibator) used a pack_of_4_ammo_hand_cannon 9-4-2020, 9:18:03 PM
best_nagibator(best_nagibator) used a pack_of_4_ammo_hand_cannon 9-4-2020, 9:18:03 PM
best_nagibator(best_nagibator) used a pack_of_4_ammo_hand_cannon 9-4-2020, 9:18:03 PM
best_nagibator(best_nagibator) used a pack_of_4_ammo_hand_cannon 9-4-2020, 9:18:03 PM
best_nagibator(best_nagibator) used a pack_of_4_ammo_hand_cannon 9-4-2020, 9:18:03 PM
best_nagibator(best_nagibator) used a pack_of_4_ammo_hand_cannon 9-4-2020, 9:18:04 PM
best_nagibator(best_nagibator) used a pack_of_4_ammo_hand_cannon 9-4-2020, 9:18:04 PM
best_nagibator(best_nagibator) used a pack_of_4_ammo_hand_cannon 9-4-2020, 9:18:04 PM
best_nagibator(best_nagibator) used a pack_of_4_ammo_hand_cannon 9-4-2020, 9:18:04 PM
best_nagibator(best_nagibator) used a pack_of_4_ammo_hand_cannon 9-4-2020, 9:18:04 PM
best_nagibator(best_nagibator) used a pack_of_4_ammo_hand_cannon 9-4-2020, 9:18:04 PM
best_nagibator(best_nagibator) used a pack_of_4_ammo_hand_cannon 9-4-2020, 9:18:04 PM
best_nagibator(best_nagibator) used a pack_of_4_ammo_hand_cannon 9-4-2020, 9:18:05 PM
best_nagibator(best_nagibator) used a pack_of_4_ammo_hand_cannon 9-4-2020, 9:18:05 PM
best_nagibator(best_nagibator) used a pack_of_4_ammo_hand_cannon 9-4-2020, 9:18:05 PM
best_nagibator(best_nagibator) used a pack_of_4_ammo_hand_cannon 9-4-2020, 9:18:06 PM
best_nagibator(best_nagibator) used a pack_of_4_ammo_hand_cannon 9-4-2020, 9:18:06 PM
best_nagibator(best_nagibator) used a pack_of_4_ammo_hand_cannon 9-4-2020, 9:18:06 PM
best_nagibator(best_nagibator) used a pack_of_4_ammo_hand_cannon 9-4-2020, 9:18:06 PM
best_nagibator(best_nagibator) used a pack_of_4_ammo_hand_cannon 9-4-2020, 9:18:06 PM
best_nagibator(best_nagibator) used a pack_of_4_ammo_hand_cannon 9-4-2020, 9:18:07 PM
best_nagibator(best_nagibator) used a pack_of_4_ammo_hand_cannon 9-4-2020, 9:18:07 PM
best_nagibator(best_nagibator) used a pack_of_4_ammo_hand_cannon 9-4-2020, 9:18:07 PM
best_nagibator(best_nagibator) used a pack_of_4_ammo_hand_cannon 9-4-2020, 9:18:07 PM
best_nagibator(best_nagibator) used a pack_of_4_ammo_hand_cannon 9-4-2020, 9:18:07 PM
best_nagibator(best_nagibator) used a hand_cannon 9-4-2020, 9:18:12 PM
best_nagibator(best_nagibator) used a cannon 9-4-2020, 9:18:50 PM
best_nagibator(best_nagibator) used a hand_cannon 9-4-2020, 9:18:58 PM
best_nagibator(best_nagibator) used a zulfikar 9-4-2020, 9:19:05 PM
best_nagibator(best_nagibator) used a nak_nk1000_decimater 9-4-2020, 9:19:26 PM
best_nagibator(best_nagibator) used a barrett_m82_sniper_rifle 9-4-2020, 9:19:44 PM
best_nagibator(best_nagibator) used a cyanide_pistol 9-4-2020, 9:19:56 PM
best_nagibator(best_nagibator) used a cyanide_pistol 9-4-2020, 9:22:09 PM
best_nagibator(best_nagibator) used a concussive_grenade 9-4-2020, 9:24:02 PM
best_nagibator(best_nagibator) used a shield 9-4-2020, 9:24:45 PM
best_nagibator(best_nagibator) used a shield 9-4-2020, 9:24:45 PM
best_nagibator(best_nagibator) used a shield 9-4-2020, 9:24:46 PM
best_nagibator(best_nagibator) used a shield 9-4-2020, 9:24:46 PM
best_nagibator(best_nagibator) used a shield 9-4-2020, 9:24:46 PM
best_nagibator(best_nagibator) used a shield 9-4-2020, 9:24:46 PM
best_nagibator(best_nagibator) used a shield 9-4-2020, 9:24:46 PM
best_nagibator(best_nagibator) used a shield 9-4-2020, 9:24:46 PM
best_nagibator(best_nagibator) used a shield 9-4-2020, 9:24:46 PM
best_nagibator(best_nagibator) used a shield 9-4-2020, 9:24:47 PM
best_nagibator(best_nagibator) used a shield 9-4-2020, 9:24:47 PM
best_nagibator(best_nagibator) used a shield 9-4-2020, 9:24:47 PM
best_nagibator(best_nagibator) used a shield 9-4-2020, 9:24:47 PM
best_nagibator(best_nagibator) used a shield 9-4-2020, 9:24:47 PM
best_nagibator(best_nagibator) used a tk_ultra_health_potion 9-4-2020, 9:24:47 PM
best_nagibator(best_nagibator) used a shield 9-4-2020, 9:24:47 PM
best_nagibator(best_nagibator) used a shield 9-4-2020, 9:24:48 PM
best_nagibator(best_nagibator) used a shield 9-4-2020, 9:24:48 PM
best_nagibator(best_nagibator) used a shield 9-4-2020, 9:24:48 PM
best_nagibator(best_nagibator) used a shield 9-4-2020, 9:24:48 PM
best_nagibator(best_nagibator) used a shield 9-4-2020, 9:24:49 PM
best_nagibator(best_nagibator) used a shield 9-4-2020, 9:24:49 PM
best_nagibator(best_nagibator) used a shield 9-4-2020, 9:24:49 PM
best_nagibator(best_nagibator) used a shield 9-4-2020, 9:24:51 PM
best_nagibator(best_nagibator) used a tk_ultra_health_potion 9-4-2020, 9:24:54 PM
best_nagibator(best_nagibator) used a tk_ultra_health_potion 9-4-2020, 9:24:55 PM
best_nagibator(best_nagibator) used a tk_ultra_health_potion 9-4-2020, 9:25:03 PM
best_nagibator(best_nagibator) used a shield 9-4-2020, 9:25:03 PM
best_nagibator(best_nagibator) used a shield 9-4-2020, 9:25:03 PM
best_nagibator(best_nagibator) used a shield 9-4-2020, 9:25:08 PM
best_nagibator(best_nagibator) used a shield 9-4-2020, 9:25:08 PM
best_nagibator(best_nagibator) used a shield 9-4-2020, 9:25:08 PM
best_nagibator(best_nagibator) used a shield 9-4-2020, 9:25:09 PM
best_nagibator(best_nagibator) used a shield 9-4-2020, 9:25:09 PM
best_nagibator(best_nagibator) used a shield 9-4-2020, 9:25:09 PM
best_nagibator(best_nagibator) used a shield 9-4-2020, 9:25:09 PM
best_nagibator(best_nagibator) used a shield 9-4-2020, 9:25:09 PM
best_nagibator(best_nagibator) used a shield 9-4-2020, 9:25:09 PM
best_nagibator(best_nagibator) used a shield 9-4-2020, 9:25:09 PM
best_nagibator(best_nagibator) used a shield 9-4-2020, 9:25:10 PM
best_nagibator(best_nagibator) used a shield 9-4-2020, 9:25:10 PM
best_nagibator(best_nagibator) used a shield 9-4-2020, 9:25:10 PM
best_nagibator(best_nagibator) used a shield 9-4-2020, 9:25:10 PM
best_nagibator(best_nagibator) used a shield 9-4-2020, 9:25:10 PM
best_nagibator(best_nagibator) used a shield 9-4-2020, 9:25:11 PM
best_nagibator(best_nagibator) used a tk_ultra_health_potion 9-4-2020, 9:25:12 PM
best_nagibator(best_nagibator) used a tk_ultra_health_potion 9-4-2020, 9:25:24 PM
best_nagibator(best_nagibator) used a tk_ultra_health_potion 9-4-2020, 9:25:24 PM
best_nagibator(best_nagibator) used a cyanide_pistol 9-4-2020, 9:25:38 PM
best_nagibator(best_nagibator) used a cyanide_pistol 9-4-2020, 9:25:39 PM
best_nagibator(best_nagibator) used a cyanide_pistol 9-4-2020, 9:25:39 PM
best_nagibator(best_nagibator) used a cyanide_pistol 9-4-2020, 9:25:39 PM
best_nagibator(best_nagibator) used a shield 9-4-2020, 9:25:46 PM
best_nagibator(best_nagibator) used a shield 9-4-2020, 9:25:47 PM
best_nagibator(best_nagibator) used a tk_ultra_health_potion 9-4-2020, 9:26:06 PM
best_nagibator(best_nagibator) used a shield 9-4-2020, 9:26:07 PM
best_nagibator(best_nagibator) used a shield 9-4-2020, 9:26:07 PM
best_nagibator(best_nagibator) used a shield 9-4-2020, 9:26:07 PM
best_nagibator(best_nagibator) used a shield 9-4-2020, 9:26:10 PM
best_nagibator(best_nagibator) used a shield 9-4-2020, 9:26:10 PM
best_nagibator(best_nagibator) used a shield 9-4-2020, 9:26:17 PM
best_nagibator(best_nagibator) used a shield 9-4-2020, 9:26:17 PM
best_nagibator(best_nagibator) used a shield 9-4-2020, 9:26:20 PM
best_nagibator(best_nagibator) used a shield 9-4-2020, 9:26:20 PM
best_nagibator(best_nagibator) used a shield 9-4-2020, 9:26:21 PM
best_nagibator(best_nagibator) used a shield 9-4-2020, 9:26:22 PM
best_nagibator(best_nagibator) used a shield 9-4-2020, 9:26:22 PM
best_nagibator(best_nagibator) used a shield 9-4-2020, 9:26:22 PM
best_nagibator(best_nagibator) used a shield 9-4-2020, 9:26:22 PM
best_nagibator(best_nagibator) used a shield 9-4-2020, 9:26:23 PM
best_nagibator(best_nagibator) used a shield 9-4-2020, 9:26:23 PM
best_nagibator(best_nagibator) used a shield 9-4-2020, 9:26:23 PM
best_nagibator(best_nagibator) used a shield 9-4-2020, 9:26:23 PM
best_nagibator(best_nagibator) used a shield 9-4-2020, 9:26:23 PM
best_nagibator(best_nagibator) used a shield 9-4-2020, 9:26:23 PM
best_nagibator(best_nagibator) used a shield 9-4-2020, 9:26:23 PM
best_nagibator(best_nagibator) used a shield 9-4-2020, 9:26:24 PM
best_nagibator(best_nagibator) used a shield 9-4-2020, 9:26:24 PM
best_nagibator(best_nagibator) used a shield 9-4-2020, 9:26:24 PM
best_nagibator(best_nagibator) used a shield 9-4-2020, 9:26:24 PM
best_nagibator(best_nagibator) used a shield 9-4-2020, 9:26:24 PM
best_nagibator(best_nagibator) used a shield 9-4-2020, 9:26:24 PM
best_nagibator(best_nagibator) used a shield 9-4-2020, 9:26:24 PM
best_nagibator(best_nagibator) used a shield 9-4-2020, 9:26:24 PM
best_nagibator(best_nagibator) used a shield 9-4-2020, 9:26:25 PM
best_nagibator(best_nagibator) used a shield 9-4-2020, 9:26:25 PM
best_nagibator(best_nagibator) used a shield 9-4-2020, 9:26:25 PM
best_nagibator(best_nagibator) used a shield 9-4-2020, 9:26:25 PM
best_nagibator(best_nagibator) used a shield 9-4-2020, 9:26:25 PM
best_nagibator(best_nagibator) used a shield 9-4-2020, 9:26:25 PM
best_nagibator(best_nagibator) used a shield 9-4-2020, 9:26:25 PM
best_nagibator(best_nagibator) used a shield 9-4-2020, 9:26:26 PM
best_nagibator(best_nagibator) used a shield 9-4-2020, 9:26:26 PM
best_nagibator(best_nagibator) used a tk_ultra_health_potion 9-4-2020, 9:26:26 PM
best_nagibator(best_nagibator) used a shield 9-4-2020, 9:26:35 PM
best_nagibator(best_nagibator) used a tk_ultra_health_potion 9-4-2020, 9:26:36 PM
best_nagibator(best_nagibator) used a tk_ultra_health_potion 9-4-2020, 9:26:38 PM
best_nagibator(best_nagibator) used a tk_ultra_health_potion 9-4-2020, 9:26:38 PM
best_nagibator(best_nagibator) used a cyanide_pistol 9-4-2020, 9:28:00 PM
best_nagibator(best_nagibator) used a warp_box 9-4-2020, 9:28:12 PM
best_nagibator(best_nagibator) used a warp_box 9-4-2020, 9:28:12 PM
best_nagibator(best_nagibator) used a warp_box 9-4-2020, 9:28:13 PM
best_nagibator(best_nagibator) used a concussive_grenade 9-4-2020, 9:28:14 PM
best_nagibator(best_nagibator) used a concussive_grenade 9-4-2020, 9:28:14 PM
best_nagibator(best_nagibator) used a tk_ultra_health_potion 9-4-2020, 9:28:21 PM
best_nagibator(best_nagibator) used a shield 9-4-2020, 9:28:21 PM
best_nagibator(best_nagibator) used a tk_ultra_health_potion 9-4-2020, 9:28:28 PM
best_nagibator(best_nagibator) used a tk_ultra_health_potion 9-4-2020, 9:28:28 PM
best_nagibator(best_nagibator) used a concussive_grenade 9-4-2020, 9:28:34 PM
best_nagibator(best_nagibator) used a concussive_grenade 9-4-2020, 9:28:34 PM
best_nagibator(best_nagibator) used a tk_ultra_health_potion 9-4-2020, 9:28:45 PM
best_nagibator(best_nagibator) used a shield 9-4-2020, 9:28:46 PM
best_nagibator(best_nagibator) used a shield 9-4-2020, 9:28:46 PM
best_nagibator(best_nagibator) used a concussive_grenade 9-4-2020, 9:28:56 PM
best_nagibator(best_nagibator) used a concussive_grenade 9-4-2020, 9:29:05 PM
best_nagibator(best_nagibator) used a concussive_grenade 9-4-2020, 9:29:05 PM
best_nagibator(best_nagibator) used a concussive_grenade 9-4-2020, 9:29:05 PM
best_nagibator(best_nagibator) used a concussive_grenade 9-4-2020, 9:29:10 PM
best_nagibator(best_nagibator) used a concussive_grenade 9-4-2020, 9:29:10 PM
best_nagibator(best_nagibator) used a concussive_grenade 9-4-2020, 9:29:11 PM
best_nagibator(best_nagibator) used a concussive_grenade 9-4-2020, 9:29:11 PM
best_nagibator(best_nagibator) used a concussive_grenade 9-4-2020, 9:29:11 PM
best_nagibator(best_nagibator) used a concussive_grenade 9-4-2020, 9:29:11 PM
best_nagibator(best_nagibator) used a concussive_grenade 9-4-2020, 9:29:12 PM
best_nagibator(best_nagibator) used a concussive_grenade 9-4-2020, 9:29:12 PM
best_nagibator(best_nagibator) used a concussive_grenade 9-4-2020, 9:29:12 PM
best_nagibator(best_nagibator) used a concussive_grenade 9-4-2020, 9:29:13 PM
best_nagibator(best_nagibator) used a concussive_grenade 9-4-2020, 9:29:13 PM
best_nagibator(best_nagibator) used a concussive_grenade 9-4-2020, 9:29:13 PM
best_nagibator(best_nagibator) used a concussive_grenade 9-4-2020, 9:29:13 PM
best_nagibator(best_nagibator) used a concussive_grenade 9-4-2020, 9:29:13 PM
best_nagibator(best_nagibator) used a tk_ultra_health_potion 9-4-2020, 9:29:19 PM
best_nagibator(best_nagibator) used a tk_ultra_health_potion 9-4-2020, 9:29:20 PM
best_nagibator(best_nagibator) used a shield 9-4-2020, 9:29:20 PM
best_nagibator(best_nagibator) used a shield 9-4-2020, 9:29:35 PM
best_nagibator(best_nagibator) used a shield 9-4-2020, 9:29:35 PM
best_nagibator(best_nagibator) used a tk_ultra_health_potion 9-4-2020, 9:29:36 PM
best_nagibator(best_nagibator) used a tk_ultra_health_potion 9-4-2020, 9:30:03 PM
best_nagibator(best_nagibator) used a tk_ultra_health_potion 9-4-2020, 9:30:12 PM
best_nagibator(best_nagibator) used a shield 9-4-2020, 9:30:12 PM
best_nagibator(best_nagibator) used a concussive_grenade 9-4-2020, 9:30:30 PM
best_nagibator(best_nagibator) used a concussive_grenade 9-4-2020, 9:30:30 PM
best_nagibator(best_nagibator) used a concussive_grenade 9-4-2020, 9:30:42 PM
best_nagibator(best_nagibator) used a concussive_grenade 9-4-2020, 9:30:42 PM
best_nagibator(best_nagibator) used a tk_ultra_health_potion 9-4-2020, 9:30:57 PM
best_nagibator(best_nagibator) used a shield 9-4-2020, 9:30:57 PM