
supertrevor(supertrevor) bought 100 sniper_ammo_packs 1-31-2021, 7:37:24 AM
supertrevor(supertrevor) bought 100 pack_of_20_ammo_ags30s 1-31-2021, 7:37:44 AM
supertrevor(supertrevor) bought 1 m79_grenade_launchers 1-31-2021, 7:38:44 AM
supertrevor(supertrevor) bought 100 pack_of_20_ammo_m79_grenade_launchers 1-31-2021, 7:39:02 AM
supertrevor(supertrevor) bought 1 colt_ar_15_assault_rifles 1-31-2021, 7:40:14 AM
supertrevor(supertrevor) bought 100 pack_of_30_ammo_crt43_automatic_shotguns 1-31-2021, 7:40:27 AM
supertrevor(supertrevor) bought 100 pack_of_100_ammo_colt_ar_15_assault_rifles 1-31-2021, 7:40:44 AM
supertrevor(supertrevor) bought 100 pack_of_100_ammo_m16_assault_rifles 1-31-2021, 7:41:01 AM
supertrevor(supertrevor) bought 1 m16_assault_rifles 1-31-2021, 7:41:06 AM
supertrevor(supertrevor) bought 1 snipers 1-31-2021, 7:49:20 AM
supertrevor(supertrevor) bought 1 spiked_chain_maces 1-31-2021, 7:51:30 AM
supertrevor(supertrevor) bought 1 large_iron_clubs 1-31-2021, 7:51:51 AM
supertrevor(supertrevor) bought 1 small_iron_clubs 1-31-2021, 7:52:07 AM
supertrevor(supertrevor) bought 1 brass_knuckless 1-31-2021, 7:52:31 AM
supertrevor(supertrevor) bought 1 spears 1-31-2021, 7:52:41 AM
supertrevor(supertrevor) bought 1 garden_spades 1-31-2021, 7:52:49 AM
supertrevor(supertrevor) bought 1 golden_war_axes 1-31-2021, 7:53:10 AM
supertrevor(supertrevor) bought 1 iron_shovels 1-31-2021, 7:53:17 AM
supertrevor(supertrevor) bought 1 machetes 1-31-2021, 7:53:24 AM
supertrevor(supertrevor) bought 1 rusty_axes 1-31-2021, 7:53:50 AM
supertrevor(supertrevor) bought 1 rusty_scalpels 1-31-2021, 7:53:55 AM
supertrevor(supertrevor) bought 1 short_swords 1-31-2021, 7:54:03 AM
supertrevor(supertrevor) bought 1 steal_warhammers 1-31-2021, 7:54:20 AM
supertrevor(supertrevor) bought 1 stp_m4_combat_knifes 1-31-2021, 7:54:35 AM