
darkfrent disconnected 9-9-2020, 12:02:02 AM
Volon-de-mort disconnected 9-9-2020, 9:30:45 AM
darkfrent disconnected 9-9-2020, 10:09:51 AM
franklin disconnected 9-9-2020, 10:17:00 AM
darkfrent disconnected 9-9-2020, 10:51:55 AM
darkfrent disconnected 9-9-2020, 11:01:36 AM
Volon-de-mort disconnected 9-9-2020, 11:05:54 AM
darkfrent disconnected 9-9-2020, 11:39:01 AM
karatel disconnected 9-9-2020, 11:39:13 AM
darkfrent disconnected 9-9-2020, 1:14:47 PM
darkfrent lost connection 9-9-2020, 1:25:51 PM
darkfrent disconnected 9-9-2020, 1:38:21 PM
franklin disconnected 9-9-2020, 2:35:42 PM
Yarina disconnected 9-9-2020, 3:17:43 PM
Yarina disconnected 9-9-2020, 4:05:30 PM
Yarina disconnected 9-9-2020, 5:25:57 PM
darkfrent disconnected 9-9-2020, 7:42:29 PM
vadimka disconnected 9-9-2020, 8:15:02 PM
franklin disconnected 9-9-2020, 9:55:05 PM
franklin disconnected 9-9-2020, 10:23:54 PM
Yarina disconnected 9-9-2020, 10:35:00 PM
darkfrent disconnected 9-9-2020, 11:24:35 PM