
razvan(razvan) used a hand_cannon 2-1-2021, 2:42:48 PM
razvan(razvan) used a taser_ammo_pack 2-1-2021, 2:48:55 PM
razvan(razvan) used a taser_ammo_pack 2-1-2021, 2:48:55 PM
razvan(razvan) used a taser_ammo_pack 2-1-2021, 2:48:55 PM
razvan(razvan) used a taser_ammo_pack 2-1-2021, 2:48:55 PM
razvan(razvan) used a taser_ammo_pack 2-1-2021, 2:48:56 PM
razvan(razvan) used a taser_ammo_pack 2-1-2021, 2:48:56 PM
razvan(razvan) used a taser_ammo_pack 2-1-2021, 2:48:56 PM
razvan(razvan) used a taser_ammo_pack 2-1-2021, 2:48:56 PM
razvan(razvan) used a taser_ammo_pack 2-1-2021, 2:48:56 PM
razvan(razvan) used a taser_ammo_pack 2-1-2021, 2:48:57 PM
razvan(razvan) used a taser_ammo_pack 2-1-2021, 2:48:57 PM
razvan(razvan) used a taser_ammo_pack 2-1-2021, 2:48:57 PM
razvan(razvan) used a taser_ammo_pack 2-1-2021, 2:48:57 PM
razvan(razvan) used a taser_ammo_pack 2-1-2021, 2:48:57 PM
razvan(razvan) used a taser_ammo_pack 2-1-2021, 2:48:57 PM
razvan(razvan) used a taser_ammo_pack 2-1-2021, 2:48:57 PM
razvan(razvan) used a taser_ammo_pack 2-1-2021, 2:48:58 PM
razvan(razvan) used a taser_ammo_pack 2-1-2021, 2:48:58 PM
razvan(razvan) used a taser_ammo_pack 2-1-2021, 2:48:58 PM
razvan(razvan) used a taser_ammo_pack 2-1-2021, 2:48:58 PM
razvan(razvan) used a taser_ammo_pack 2-1-2021, 2:48:59 PM
razvan(razvan) used a taser_ammo_pack 2-1-2021, 2:48:59 PM
razvan(razvan) used a taser_ammo_pack 2-1-2021, 2:48:59 PM
razvan(razvan) used a taser 2-1-2021, 2:49:05 PM
razvan(razvan) used a cannon_ammo_pack 2-1-2021, 2:53:38 PM
razvan(razvan) used a hand_cannon 2-1-2021, 2:53:48 PM
razvan(razvan) used a pack_of_4_ammo_hand_cannon 2-1-2021, 2:55:26 PM
razvan(razvan) used a pack_of_4_ammo_hand_cannon 2-1-2021, 2:55:26 PM
razvan(razvan) used a pack_of_4_ammo_hand_cannon 2-1-2021, 2:55:27 PM
razvan(razvan) used a pack_of_4_ammo_hand_cannon 2-1-2021, 2:55:27 PM
razvan(razvan) used a pack_of_4_ammo_hand_cannon 2-1-2021, 2:55:27 PM
razvan(razvan) used a pack_of_4_ammo_hand_cannon 2-1-2021, 2:55:27 PM
razvan(razvan) used a pack_of_4_ammo_hand_cannon 2-1-2021, 2:55:27 PM
razvan(razvan) used a pack_of_4_ammo_hand_cannon 2-1-2021, 2:55:27 PM
razvan(razvan) used a pack_of_4_ammo_hand_cannon 2-1-2021, 2:55:27 PM
razvan(razvan) used a pack_of_4_ammo_hand_cannon 2-1-2021, 2:55:28 PM
razvan(razvan) used a pack_of_4_ammo_hand_cannon 2-1-2021, 2:55:28 PM
razvan(razvan) used a pack_of_4_ammo_hand_cannon 2-1-2021, 2:55:28 PM
razvan(razvan) used a pack_of_4_ammo_hand_cannon 2-1-2021, 2:55:28 PM
razvan(razvan) used a pack_of_4_ammo_hand_cannon 2-1-2021, 2:55:28 PM
razvan(razvan) used a pack_of_4_ammo_hand_cannon 2-1-2021, 2:55:28 PM
razvan(razvan) used a pack_of_4_ammo_hand_cannon 2-1-2021, 2:55:28 PM
razvan(razvan) used a pack_of_4_ammo_hand_cannon 2-1-2021, 2:55:31 PM
razvan(razvan) used a pack_of_4_ammo_hand_cannon 2-1-2021, 2:55:31 PM
razvan(razvan) used a pack_of_4_ammo_hand_cannon 2-1-2021, 2:55:31 PM
razvan(razvan) used a pack_of_4_ammo_hand_cannon 2-1-2021, 2:55:31 PM
razvan(razvan) used a pack_of_4_ammo_hand_cannon 2-1-2021, 2:55:31 PM
razvan(razvan) used a pack_of_4_ammo_hand_cannon 2-1-2021, 2:55:32 PM
razvan(razvan) used a pack_of_4_ammo_hand_cannon 2-1-2021, 2:55:32 PM
razvan(razvan) used a pack_of_4_ammo_hand_cannon 2-1-2021, 2:55:32 PM
razvan(razvan) used a pack_of_4_ammo_hand_cannon 2-1-2021, 2:55:32 PM
razvan(razvan) used a pack_of_10_ammo_barrett_m82_sniper_rifle 2-1-2021, 2:57:14 PM
razvan(razvan) used a pack_of_10_ammo_barrett_m82_sniper_rifle 2-1-2021, 2:57:14 PM
razvan(razvan) used a pack_of_10_ammo_barrett_m82_sniper_rifle 2-1-2021, 2:57:15 PM
razvan(razvan) used a pack_of_10_ammo_barrett_m82_sniper_rifle 2-1-2021, 2:57:15 PM
razvan(razvan) used a pack_of_10_ammo_barrett_m82_sniper_rifle 2-1-2021, 2:57:15 PM
razvan(razvan) used a barrett_m82_sniper_rifle 2-1-2021, 2:57:16 PM
razvan(razvan) used a barrett_m82_sniper_rifle 2-1-2021, 2:57:24 PM
razvan(razvan) used a barrett_m82_sniper_rifle 2-1-2021, 2:57:25 PM
razvan(razvan) used a barrett_m82_sniper_rifle 2-1-2021, 2:57:25 PM
razvan(razvan) used a pack_of_10_ammo_barrett_m82_sniper_rifle 2-1-2021, 2:57:26 PM
razvan(razvan) used a pack_of_10_ammo_barrett_m82_sniper_rifle 2-1-2021, 2:57:26 PM
razvan(razvan) used a pack_of_10_ammo_barrett_m82_sniper_rifle 2-1-2021, 2:57:27 PM
razvan(razvan) used a pack_of_10_ammo_barrett_m82_sniper_rifle 2-1-2021, 2:57:27 PM
razvan(razvan) used a pack_of_10_ammo_barrett_m82_sniper_rifle 2-1-2021, 2:57:27 PM
razvan(razvan) used a pack_of_10_ammo_barrett_m82_sniper_rifle 2-1-2021, 2:57:27 PM
razvan(razvan) used a pack_of_10_ammo_barrett_m82_sniper_rifle 2-1-2021, 2:57:27 PM
razvan(razvan) used a pack_of_10_ammo_barrett_m82_sniper_rifle 2-1-2021, 2:57:27 PM
razvan(razvan) used a pack_of_10_ammo_barrett_m82_sniper_rifle 2-1-2021, 2:57:27 PM
razvan(razvan) used a pack_of_10_ammo_barrett_m82_sniper_rifle 2-1-2021, 2:57:28 PM
razvan(razvan) used a pack_of_10_ammo_barrett_m82_sniper_rifle 2-1-2021, 2:57:28 PM
razvan(razvan) used a pack_of_10_ammo_barrett_m82_sniper_rifle 2-1-2021, 2:57:28 PM
razvan(razvan) used a pack_of_10_ammo_barrett_m82_sniper_rifle 2-1-2021, 2:57:28 PM
razvan(razvan) used a pack_of_10_ammo_barrett_m82_sniper_rifle 2-1-2021, 2:57:28 PM
razvan(razvan) used a pack_of_10_ammo_barrett_m82_sniper_rifle 2-1-2021, 2:57:28 PM
razvan(razvan) used a pack_of_10_ammo_barrett_m82_sniper_rifle 2-1-2021, 2:57:28 PM
razvan(razvan) used a pack_of_10_ammo_barrett_m82_sniper_rifle 2-1-2021, 2:57:28 PM
razvan(razvan) used a pack_of_10_ammo_barrett_m82_sniper_rifle 2-1-2021, 2:57:29 PM
razvan(razvan) used a pack_of_10_ammo_barrett_m82_sniper_rifle 2-1-2021, 2:57:29 PM
razvan(razvan) used a pack_of_10_ammo_barrett_m82_sniper_rifle 2-1-2021, 2:57:29 PM
razvan(razvan) used a pack_of_10_ammo_barrett_m82_sniper_rifle 2-1-2021, 2:57:29 PM
razvan(razvan) used a pack_of_10_ammo_barrett_m82_sniper_rifle 2-1-2021, 2:57:29 PM
razvan(razvan) used a pack_of_10_ammo_barrett_m82_sniper_rifle 2-1-2021, 2:57:29 PM
razvan(razvan) used a pack_of_10_ammo_barrett_m82_sniper_rifle 2-1-2021, 2:57:30 PM
razvan(razvan) used a pack_of_10_ammo_barrett_m82_sniper_rifle 2-1-2021, 2:57:30 PM
razvan(razvan) used a tk_ultra_health_potion 2-1-2021, 2:58:16 PM
razvan(razvan) used a tk_ultra_health_potion 2-1-2021, 2:58:16 PM
razvan(razvan) used a shield 2-1-2021, 2:58:39 PM
razvan(razvan) used a shield 2-1-2021, 2:58:39 PM
razvan(razvan) used a shield 2-1-2021, 2:58:39 PM
razvan(razvan) used a shield 2-1-2021, 2:58:39 PM
razvan(razvan) used a shield 2-1-2021, 2:58:39 PM
razvan(razvan) used a shield 2-1-2021, 2:58:39 PM
razvan(razvan) used a shield 2-1-2021, 2:58:39 PM
razvan(razvan) used a shield 2-1-2021, 2:58:40 PM
razvan(razvan) used a shield 2-1-2021, 2:58:40 PM
razvan(razvan) used a shield 2-1-2021, 2:58:40 PM
razvan(razvan) used a shield 2-1-2021, 2:58:40 PM
razvan(razvan) used a shield 2-1-2021, 2:58:40 PM
razvan(razvan) used a shield 2-1-2021, 2:58:40 PM
razvan(razvan) used a tk_ultra_health_potion 2-1-2021, 2:58:50 PM
razvan(razvan) used a shield 2-1-2021, 2:59:02 PM
razvan(razvan) used a shield 2-1-2021, 2:59:02 PM
razvan(razvan) used a shield 2-1-2021, 2:59:03 PM
razvan(razvan) used a shield 2-1-2021, 2:59:06 PM
razvan(razvan) used a shield 2-1-2021, 2:59:06 PM
razvan(razvan) used a shield 2-1-2021, 2:59:06 PM
razvan(razvan) used a shield 2-1-2021, 2:59:06 PM
razvan(razvan) used a shield 2-1-2021, 2:59:06 PM
razvan(razvan) used a shield 2-1-2021, 2:59:06 PM
razvan(razvan) used a shield 2-1-2021, 2:59:06 PM
razvan(razvan) used a shield 2-1-2021, 2:59:06 PM
razvan(razvan) used a shield 2-1-2021, 2:59:07 PM
razvan(razvan) used a shield 2-1-2021, 2:59:07 PM
razvan(razvan) used a shield 2-1-2021, 2:59:07 PM
razvan(razvan) used a shield 2-1-2021, 2:59:07 PM
razvan(razvan) used a shield 2-1-2021, 2:59:07 PM
razvan(razvan) used a shield 2-1-2021, 2:59:07 PM
razvan(razvan) used a shield 2-1-2021, 2:59:07 PM
razvan(razvan) used a shield 2-1-2021, 2:59:08 PM
razvan(razvan) used a shield 2-1-2021, 2:59:08 PM
razvan(razvan) used a shield 2-1-2021, 2:59:09 PM
razvan(razvan) used a shield 2-1-2021, 2:59:10 PM
razvan(razvan) used a shield 2-1-2021, 3:00:59 PM
razvan(razvan) used a shield 2-1-2021, 3:00:59 PM
razvan(razvan) used a shield 2-1-2021, 3:00:59 PM
razvan(razvan) used a shield 2-1-2021, 3:03:14 PM
razvan(razvan) used a shield 2-1-2021, 3:03:15 PM
razvan(razvan) used a shield 2-1-2021, 3:03:15 PM
razvan(razvan) used a shield 2-1-2021, 3:03:15 PM
razvan(razvan) used a shield 2-1-2021, 3:03:16 PM
razvan(razvan) used a shield 2-1-2021, 3:03:16 PM
razvan(razvan) used a shield 2-1-2021, 3:03:16 PM
razvan(razvan) used a shield 2-1-2021, 3:03:16 PM
razvan(razvan) used a shield 2-1-2021, 3:03:17 PM
razvan(razvan) used a shield 2-1-2021, 3:03:17 PM
razvan(razvan) used a shield 2-1-2021, 3:03:17 PM
razvan(razvan) used a shield 2-1-2021, 3:03:17 PM
razvan(razvan) used a shield 2-1-2021, 3:03:17 PM
razvan(razvan) used a shield 2-1-2021, 3:03:18 PM
razvan(razvan) used a shield 2-1-2021, 3:03:18 PM
razvan(razvan) used a shield 2-1-2021, 3:03:18 PM
razvan(razvan) used a shield 2-1-2021, 3:03:19 PM
razvan(razvan) used a shield 2-1-2021, 3:03:19 PM
razvan(razvan) used a shield 2-1-2021, 3:03:19 PM
razvan(razvan) used a shield 2-1-2021, 3:03:20 PM
razvan(razvan) used a shield 2-1-2021, 3:03:20 PM
razvan(razvan) used a shield 2-1-2021, 3:03:20 PM
razvan(razvan) used a shield 2-1-2021, 3:03:20 PM
razvan(razvan) used a shield 2-1-2021, 3:03:21 PM
razvan(razvan) used a shield 2-1-2021, 3:03:21 PM
razvan(razvan) used a shield 2-1-2021, 3:03:21 PM
razvan(razvan) used a shield 2-1-2021, 3:03:22 PM
razvan(razvan) used a shield 2-1-2021, 3:03:22 PM
razvan(razvan) used a tk_ultra_health_potion 2-1-2021, 3:05:54 PM
razvan(razvan) used a tk_ultra_health_potion 2-1-2021, 3:05:54 PM
razvan(razvan) used a tk_ultra_health_potion 2-1-2021, 3:06:01 PM
razvan(razvan) used a tk_ultra_health_potion 2-1-2021, 3:06:02 PM
razvan(razvan) used a tk_ultra_health_potion 2-1-2021, 3:06:02 PM
razvan(razvan) used a tk_ultra_health_potion 2-1-2021, 3:06:24 PM
razvan(razvan) used a tk_ultra_health_potion 2-1-2021, 3:06:27 PM
razvan(razvan) used a hand_cannon 2-1-2021, 3:06:46 PM
razvan(razvan) used a pack_of_100_ammo_modern_sub_machine_gun_carbine 2-1-2021, 3:08:51 PM
razvan(razvan) used a pack_of_100_ammo_modern_sub_machine_gun_carbine 2-1-2021, 3:08:51 PM
razvan(razvan) used a pack_of_100_ammo_modern_sub_machine_gun_carbine 2-1-2021, 3:08:51 PM
razvan(razvan) used a pack_of_100_ammo_modern_sub_machine_gun_carbine 2-1-2021, 3:08:51 PM
razvan(razvan) used a pack_of_100_ammo_modern_sub_machine_gun_carbine 2-1-2021, 3:08:51 PM
razvan(razvan) used a pack_of_100_ammo_modern_sub_machine_gun_carbine 2-1-2021, 3:08:52 PM
razvan(razvan) used a pack_of_100_ammo_modern_sub_machine_gun_carbine 2-1-2021, 3:08:52 PM
razvan(razvan) used a pack_of_100_ammo_modern_sub_machine_gun_carbine 2-1-2021, 3:08:52 PM
razvan(razvan) used a pack_of_100_ammo_modern_sub_machine_gun_carbine 2-1-2021, 3:08:52 PM
razvan(razvan) used a pack_of_100_ammo_modern_sub_machine_gun_carbine 2-1-2021, 3:08:52 PM
razvan(razvan) used a pack_of_100_ammo_modern_sub_machine_gun_carbine 2-1-2021, 3:08:52 PM
razvan(razvan) used a pack_of_100_ammo_modern_sub_machine_gun_carbine 2-1-2021, 3:08:52 PM
razvan(razvan) used a pack_of_100_ammo_modern_sub_machine_gun_carbine 2-1-2021, 3:08:53 PM
razvan(razvan) used a pack_of_100_ammo_modern_sub_machine_gun_carbine 2-1-2021, 3:08:53 PM
razvan(razvan) used a pack_of_100_ammo_modern_sub_machine_gun_carbine 2-1-2021, 3:08:53 PM
razvan(razvan) used a pack_of_100_ammo_modern_sub_machine_gun_carbine 2-1-2021, 3:08:53 PM
razvan(razvan) used a pack_of_100_ammo_modern_sub_machine_gun_carbine 2-1-2021, 3:08:53 PM
razvan(razvan) used a pack_of_100_ammo_modern_sub_machine_gun_carbine 2-1-2021, 3:08:53 PM
razvan(razvan) used a pack_of_100_ammo_modern_sub_machine_gun_carbine 2-1-2021, 3:08:53 PM
razvan(razvan) used a pack_of_100_ammo_modern_sub_machine_gun_carbine 2-1-2021, 3:08:54 PM
razvan(razvan) used a pack_of_100_ammo_modern_sub_machine_gun_carbine 2-1-2021, 3:08:54 PM
razvan(razvan) used a pack_of_100_ammo_modern_sub_machine_gun_carbine 2-1-2021, 3:08:54 PM
razvan(razvan) used a pack_of_100_ammo_modern_sub_machine_gun_carbine 2-1-2021, 3:08:54 PM
razvan(razvan) used a pack_of_100_ammo_modern_sub_machine_gun_carbine 2-1-2021, 3:08:54 PM
razvan(razvan) used a pack_of_100_ammo_modern_sub_machine_gun_carbine 2-1-2021, 3:08:54 PM
razvan(razvan) used a pack_of_100_ammo_modern_sub_machine_gun_carbine 2-1-2021, 3:08:55 PM
razvan(razvan) used a pack_of_100_ammo_modern_sub_machine_gun_carbine 2-1-2021, 3:08:55 PM
razvan(razvan) used a pack_of_100_ammo_modern_sub_machine_gun_carbine 2-1-2021, 3:08:55 PM
razvan(razvan) used a pack_of_100_ammo_modern_sub_machine_gun_carbine 2-1-2021, 3:08:55 PM
razvan(razvan) used a pack_of_100_ammo_modern_sub_machine_gun_carbine 2-1-2021, 3:08:55 PM
razvan(razvan) used a pack_of_100_ammo_modern_sub_machine_gun_carbine 2-1-2021, 3:08:55 PM
razvan(razvan) used a pack_of_100_ammo_modern_sub_machine_gun_carbine 2-1-2021, 3:08:56 PM
razvan(razvan) used a pack_of_100_ammo_modern_sub_machine_gun_carbine 2-1-2021, 3:08:56 PM
razvan(razvan) used a pack_of_100_ammo_modern_sub_machine_gun_carbine 2-1-2021, 3:08:56 PM
razvan(razvan) used a pack_of_100_ammo_modern_sub_machine_gun_carbine 2-1-2021, 3:08:58 PM
razvan(razvan) used a pack_of_100_ammo_modern_sub_machine_gun_carbine 2-1-2021, 3:08:58 PM
razvan(razvan) used a pack_of_100_ammo_modern_sub_machine_gun_carbine 2-1-2021, 3:08:58 PM
razvan(razvan) used a pack_of_100_ammo_modern_sub_machine_gun_carbine 2-1-2021, 3:08:58 PM
razvan(razvan) used a pack_of_100_ammo_modern_sub_machine_gun_carbine 2-1-2021, 3:08:58 PM
razvan(razvan) used a pack_of_100_ammo_modern_sub_machine_gun_carbine 2-1-2021, 3:08:58 PM
razvan(razvan) used a pack_of_100_ammo_modern_sub_machine_gun_carbine 2-1-2021, 3:08:58 PM
razvan(razvan) used a pack_of_100_ammo_modern_sub_machine_gun_carbine 2-1-2021, 3:08:59 PM
razvan(razvan) used a pack_of_100_ammo_modern_sub_machine_gun_carbine 2-1-2021, 3:08:59 PM
razvan(razvan) used a pack_of_100_ammo_modern_sub_machine_gun_carbine 2-1-2021, 3:09:00 PM
razvan(razvan) used a pack_of_100_ammo_modern_sub_machine_gun_carbine 2-1-2021, 3:09:00 PM
razvan(razvan) used a pack_of_100_ammo_modern_sub_machine_gun_carbine 2-1-2021, 3:09:00 PM
razvan(razvan) used a pack_of_100_ammo_modern_sub_machine_gun_carbine 2-1-2021, 3:09:00 PM
razvan(razvan) used a pack_of_100_ammo_modern_sub_machine_gun_carbine 2-1-2021, 3:09:00 PM
razvan(razvan) used a pack_of_100_ammo_modern_sub_machine_gun_carbine 2-1-2021, 3:09:00 PM
razvan(razvan) used a pack_of_100_ammo_modern_sub_machine_gun_carbine 2-1-2021, 3:09:01 PM
razvan(razvan) used a pack_of_100_ammo_modern_sub_machine_gun_carbine 2-1-2021, 3:09:01 PM
razvan(razvan) used a pack_of_100_ammo_modern_sub_machine_gun_carbine 2-1-2021, 3:09:01 PM
razvan(razvan) used a pack_of_100_ammo_modern_sub_machine_gun_carbine 2-1-2021, 3:09:02 PM
razvan(razvan) used a pack_of_100_ammo_modern_sub_machine_gun_carbine 2-1-2021, 3:09:02 PM
razvan(razvan) used a poisoned_small_projectile 2-1-2021, 3:09:05 PM
razvan(razvan) used a poisoned_small_projectile 2-1-2021, 3:09:05 PM
razvan(razvan) used a modern_sub_machine_gun_carbine 2-1-2021, 3:12:04 PM
razvan(razvan) used a tk_ultra_health_potion 2-1-2021, 3:13:23 PM
razvan(razvan) used a tk_ultra_health_potion 2-1-2021, 3:13:24 PM
razvan(razvan) used a tk_ultra_health_potion 2-1-2021, 3:13:34 PM
razvan(razvan) used a tk_ultra_health_potion 2-1-2021, 3:13:35 PM
razvan(razvan) used a tk_ultra_health_potion 2-1-2021, 3:13:36 PM
razvan(razvan) used a tk_ultra_health_potion 2-1-2021, 3:13:44 PM
razvan(razvan) used a tk_ultra_health_potion 2-1-2021, 3:13:45 PM
razvan(razvan) used a tk_ultra_health_potion 2-1-2021, 3:13:46 PM
razvan(razvan) used a tk_ultra_health_potion 2-1-2021, 3:13:47 PM
razvan(razvan) used a tk_ultra_health_potion 2-1-2021, 3:13:51 PM
razvan(razvan) used a tk_ultra_health_potion 2-1-2021, 3:13:55 PM
razvan(razvan) used a tk_ultra_health_potion 2-1-2021, 3:13:55 PM
razvan(razvan) used a hand_cannon 2-1-2021, 3:14:21 PM
razvan(razvan) used a guided_missile 2-1-2021, 3:14:37 PM
razvan(razvan) used a guided_missile 2-1-2021, 3:14:39 PM
razvan(razvan) used a helicopter 2-1-2021, 3:14:47 PM
razvan(razvan) used a helicopter 2-1-2021, 3:14:52 PM
razvan(razvan) used a helicopter 2-1-2021, 3:15:06 PM
razvan(razvan) used a invisibility_shield 2-1-2021, 3:16:14 PM
razvan(razvan) used a invisibility_shield 2-1-2021, 3:16:14 PM
razvan(razvan) used a barrett_m82_sniper_rifle 2-1-2021, 3:16:35 PM
razvan(razvan) used a tk_ultra_health_potion 2-1-2021, 3:17:01 PM
razvan(razvan) used a tk_ultra_health_potion 2-1-2021, 3:17:01 PM
razvan(razvan) used a tk_ultra_health_potion 2-1-2021, 3:17:12 PM
razvan(razvan) used a tk_ultra_health_potion 2-1-2021, 3:17:16 PM
razvan(razvan) used a tk_ultra_health_potion 2-1-2021, 3:17:23 PM
razvan(razvan) used a tk_ultra_health_potion 2-1-2021, 3:17:23 PM
razvan(razvan) used a tk_ultra_health_potion 2-1-2021, 3:17:27 PM
razvan(razvan) used a tk_ultra_health_potion 2-1-2021, 3:17:27 PM
razvan(razvan) used a tk_ultra_health_potion 2-1-2021, 3:17:28 PM
razvan(razvan) used a tk_ultra_health_potion 2-1-2021, 3:17:39 PM
razvan(razvan) used a barrett_m82_sniper_rifle 2-1-2021, 3:18:02 PM
razvan(razvan) used a taser 2-1-2021, 5:35:04 PM
razvan(razvan) used a hand_cannon 2-1-2021, 5:35:07 PM
razvan(razvan) used a hand_cannon 2-1-2021, 5:35:07 PM
razvan(razvan) used a barrett_m82_sniper_rifle 2-1-2021, 5:35:13 PM
razvan(razvan) used a barrett_m82_sniper_rifle 2-1-2021, 5:35:13 PM
razvan(razvan) used a guided_missile 2-1-2021, 7:46:37 PM
razvan(razvan) used a hand_cannon 2-1-2021, 7:46:46 PM
razvan(razvan) used a barricade_bomb 2-1-2021, 7:47:09 PM
razvan(razvan) used a barrett_m82_sniper_rifle 2-1-2021, 7:47:38 PM
razvan(razvan) used a antibiotic_canister 2-1-2021, 7:47:53 PM