
nikita-k (nikita-k) said hi 8-29-2020, 10:51:58 AM
nikita-k (nikita-k) said roflflflfl 8-29-2020, 10:52:27 AM
nikita-k (nikita-k) said чЄ вы бегаете 8-29-2020, 10:57:37 AM
nikita-k (nikita-k) said die 8-29-2020, 11:16:30 AM
nikita-k (nikita-k) said fuck all! 8-29-2020, 11:16:43 AM
nikita-k (nikita-k) said   8-29-2020, 3:08:53 PM
nikita-k (nikita-k) said good! 8-29-2020, 3:23:11 PM
nikita-k (nikita-k) said увидите 8-29-2020, 7:33:47 PM
nikita-k (nikita-k) said пишите, кто будет учавствовать 8-29-2020, 7:37:50 PM
nikita-k (nikita-k) said €рина, дан€, олег, учавствуете? 8-29-2020, 7:39:49 PM
nikita-k (nikita-k) said okok 8-29-2020, 7:43:05 PM
nikita-k (nikita-k) said так 8-29-2020, 7:47:08 PM
nikita-k (nikita-k) said щ€ запускаю 8-29-2020, 7:47:13 PM
nikita-k (nikita-k) said реб€т, тем кто учавствует врубаю невидимость 8-29-2020, 7:49:01 PM
nikita-k (nikita-k) said дань ты учавствуешь? 8-29-2020, 7:50:41 PM
nikita-k (nikita-k) said не вырубайте инвиз 8-29-2020, 7:50:54 PM
nikita-k (nikita-k) said да короче походу нет 8-29-2020, 7:51:15 PM
nikita-k (nikita-k) said а тооочно 8-29-2020, 7:51:23 PM
nikita-k (nikita-k) said ахахахаха 8-29-2020, 7:51:27 PM
nikita-k (nikita-k) said go 8-29-2020, 7:52:06 PM
nikita-k (nikita-k) said вводите/joinevent 0865 8-29-2020, 7:53:03 PM
nikita-k (nikita-k) said эээ 8-29-2020, 7:53:24 PM
nikita-k (nikita-k) said так 8-29-2020, 7:53:48 PM
nikita-k (nikita-k) said ещЄ не все 8-29-2020, 7:54:02 PM
nikita-k (nikita-k) said го в тт 8-29-2020, 7:54:23 PM
nikita-k (nikita-k) said будет легче 8-29-2020, 7:54:25 PM
nikita-k (nikita-k) said rofl 8-29-2020, 7:59:38 PM
nikita-k (nikita-k) said первый артЄм 8-29-2020, 8:00:49 PM
nikita-k (nikita-k) said yes 8-29-2020, 8:01:18 PM
nikita-k (nikita-k) said готов? 8-29-2020, 8:01:30 PM
nikita-k (nikita-k) said oooooo 8-29-2020, 8:02:23 PM
nikita-k (nikita-k) said € так понимаю 0 8-29-2020, 8:02:54 PM
nikita-k (nikita-k) said ок 8-29-2020, 8:03:07 PM
nikita-k (nikita-k) said кторой франклин 8-29-2020, 8:03:42 PM
nikita-k (nikita-k) said второй 8-29-2020, 8:03:45 PM
nikita-k (nikita-k) said roflflflflflflfl 8-29-2020, 8:04:10 PM
nikita-k (nikita-k) said готов? 8-29-2020, 8:04:16 PM
nikita-k (nikita-k) said oooooooooo 8-29-2020, 8:04:28 PM
nikita-k (nikita-k) said 0 8-29-2020, 8:05:12 PM
nikita-k (nikita-k) said aaaaa 8-29-2020, 8:05:48 PM
nikita-k (nikita-k) said давай ешо 8-29-2020, 8:05:54 PM
nikita-k (nikita-k) said хех 8-29-2020, 8:06:31 PM
nikita-k (nikita-k) said 0 8-29-2020, 8:06:46 PM
nikita-k (nikita-k) said третий олег 8-29-2020, 8:07:19 PM
nikita-k (nikita-k) said aa 8-29-2020, 8:08:00 PM
nikita-k (nikita-k) said 1 8-29-2020, 8:09:09 PM
nikita-k (nikita-k) said 2 8-29-2020, 8:09:34 PM
nikita-k (nikita-k) said шамиль 8-29-2020, 8:10:07 PM
nikita-k (nikita-k) said 1 8-29-2020, 8:11:42 PM
nikita-k (nikita-k) said 1 8-29-2020, 8:14:01 PM
nikita-k (nikita-k) said 2 8-29-2020, 8:16:09 PM
nikita-k (nikita-k) said дальше влад 8-29-2020, 8:16:46 PM
nikita-k (nikita-k) said те кто всЄ, могут выйти с евнтае 8-29-2020, 8:17:16 PM
nikita-k (nikita-k) said евента 8-29-2020, 8:17:19 PM
nikita-k (nikita-k) said eventa 8-29-2020, 8:17:24 PM
nikita-k (nikita-k) said 1 8-29-2020, 8:18:56 PM
nikita-k (nikita-k) said вадим 8-29-2020, 8:19:28 PM
nikita-k (nikita-k) said 0 8-29-2020, 8:20:35 PM
nikita-k (nikita-k) said олег 8-29-2020, 8:20:58 PM
nikita-k (nikita-k) said мувну 8-29-2020, 8:21:10 PM
nikita-k (nikita-k) said мувнууууу 8-29-2020, 8:21:14 PM
nikita-k (nikita-k) said ну тогда всЄ 8-29-2020, 8:22:31 PM
nikita-k (nikita-k) said или нет 8-29-2020, 8:22:38 PM
nikita-k (nikita-k) said артЄм, ты переигрываешь 8-29-2020, 8:22:57 PM
nikita-k (nikita-k) said ещЄ раз 8-29-2020, 8:23:03 PM
nikita-k (nikita-k) said € теб€ не туда мувнул 8-29-2020, 8:23:14 PM
nikita-k (nikita-k) said артЄм готов? 8-29-2020, 8:23:43 PM
nikita-k (nikita-k) said 1 8-29-2020, 8:24:46 PM
nikita-k (nikita-k) said всЄ 8-29-2020, 8:25:01 PM
nikita-k (nikita-k) said так 8-29-2020, 8:25:58 PM
nikita-k (nikita-k) said олегу и шамилю 30000000, владу и артЄму, 20000000 8-29-2020, 8:26:38 PM
nikita-k (nikita-k) said x 8-29-2020, 10:07:39 PM
nikita-k (nikita-k) said suck 8-29-2020, 10:46:12 PM
nikita-k (nikita-k) said dicker666 8-29-2020, 10:46:49 PM