
trapper666 (trapper666) said франк сука 8-29-2020, 12:21:02 AM
trapper666 (trapper666) said hi 8-29-2020, 2:20:10 PM
trapper666 (trapper666) said ну как 8-29-2020, 2:26:19 PM
trapper666 (trapper666) said косую черту 8-29-2020, 2:54:41 PM
trapper666 (trapper666) said снеми кофемана с башни 8-29-2020, 4:41:10 PM
trapper666 (trapper666) said клааас 8-29-2020, 4:43:57 PM
trapper666 (trapper666) said frank duuuuuuraaa 8-29-2020, 5:28:56 PM
trapper666 (trapper666) said i 8-29-2020, 7:37:48 PM
trapper666 (trapper666) said я 8-29-2020, 7:38:02 PM
trapper666 (trapper666) said это как?\ 8-29-2020, 7:40:59 PM
trapper666 (trapper666) said люди я буду участвовать? 8-29-2020, 7:57:14 PM
trapper666 (trapper666) said люди. где вы пиздитесь 8-29-2020, 9:09:31 PM
trapper666 (trapper666) said vadimka 8-29-2020, 9:19:29 PM
trapper666 (trapper666) said goo too me 8-29-2020, 9:19:45 PM
trapper666 (trapper666) said a 8-29-2020, 10:43:58 PM
trapper666 (trapper666) said 10433 8-29-2020, 10:44:44 PM
trapper666 (trapper666) said sorry 8-29-2020, 10:45:39 PM
trapper666 (trapper666) said suck 8-29-2020, 10:46:04 PM
trapper666 (trapper666) said это не тебе 8-29-2020, 10:46:26 PM
trapper666 (trapper666) said suck dickhead fucken kofeman 8-29-2020, 10:46:58 PM
trapper666 (trapper666) said you fag 8-29-2020, 10:47:34 PM