
best (best) said hie 8-28-2020, 11:47:36 AM
best (best) said go mane 8-28-2020, 11:47:40 AM
best (best) said goooooooooooooooooooooooooo 8-28-2020, 11:48:20 AM
best (best) said e 8-28-2020, 11:50:55 AM
best (best) said a 8-28-2020, 11:50:57 AM
best (best) said go zalp map 8-28-2020, 11:53:22 AM
best (best) said go 8-28-2020, 11:53:57 AM
best (best) said go 8-28-2020, 11:54:18 AM
best (best) said go 8-28-2020, 11:54:39 AM
best (best) said 15 30 8-28-2020, 11:54:53 AM
best (best) said go 8-28-2020, 11:54:56 AM
best (best) said gleb, (gleb), is on map cage? eto de 8-28-2020, 11:55:32 AM
best (best) said no 8-28-2020, 11:57:36 AM
best (best) said nemogu 8-28-2020, 11:57:48 AM
best (best) said prosto 8-28-2020, 11:58:13 AM
best (best) said oy 8-28-2020, 11:58:26 AM
best (best) said oy 8-28-2020, 11:59:36 AM
best (best) said yarina 8-28-2020, 11:59:56 AM
best (best) said kill mi 8-28-2020, 12:00:08 PM
best (best) said me 8-28-2020, 12:00:11 PM
best (best) said kto 8-28-2020, 12:01:44 PM
best (best) said hahaha 8-28-2020, 12:01:59 PM
best (best) said hahahaha 8-28-2020, 12:02:15 PM
best (best) said hahaahahhahaah 8-28-2020, 12:02:28 PM
best (best) said a 8-28-2020, 12:02:39 PM
best (best) said kakaya 8-28-2020, 12:02:45 PM
best (best) said ok 8-28-2020, 12:03:09 PM
best (best) said ok 8-28-2020, 12:03:41 PM
best (best) said yarina 8-28-2020, 12:04:08 PM
best (best) said go 8-28-2020, 12:04:10 PM
best (best) said taem 8-28-2020, 12:04:15 PM
best (best) said ok 8-28-2020, 12:04:26 PM
best (best) said kuda idom 8-28-2020, 12:04:37 PM
best (best) said oy 8-28-2020, 12:05:00 PM
best (best) said go 8-28-2020, 12:17:50 PM
best (best) said go 8-28-2020, 12:18:49 PM
best (best) said ok 8-28-2020, 12:19:59 PM
best (best) said yarina go 8-28-2020, 12:20:12 PM
best (best) said mmm 8-28-2020, 12:20:52 PM
best (best) said hahahahhahh 8-28-2020, 12:23:24 PM
best (best) said no mane 8-28-2020, 12:28:32 PM
best (best) said nooooooooooooooooooooooooooooooooooooooooooooooooooooooooooooooooooooooooooooooooooooooooooooooooooooo 8-28-2020, 12:28:38 PM
best (best) said hahahahahh 8-28-2020, 12:36:29 PM
best (best) said guided_missile mo? urrrrrrrrrrraaaaaaa 8-28-2020, 12:46:38 PM
best (best) said coin, 14162333 8-28-2020, 12:59:04 PM
best (best) said hahahahah 8-28-2020, 12:59:19 PM
best (best) said go zalp map 8-28-2020, 12:59:47 PM
best (best) said go 8-28-2020, 1:01:03 PM
best (best) said gooo 8-28-2020, 1:01:53 PM
best (best) said hahahahhah 8-28-2020, 1:13:10 PM
best (best) said hie 8-28-2020, 8:09:58 PM
best (best) said go mane 8-28-2020, 8:11:27 PM
best (best) said haha 8-28-2020, 8:14:23 PM
best (best) said oy 8-28-2020, 8:14:41 PM
best (best) said go mane 8-28-2020, 8:17:45 PM
best (best) said no 8-28-2020, 8:18:18 PM
best (best) said artem 8-28-2020, 8:18:36 PM
best (best) said hahahahahaaha 8-28-2020, 8:20:32 PM
best (best) said go mane 8-28-2020, 8:20:45 PM
best (best) said hahahahaha 8-28-2020, 8:23:16 PM
best (best) said hahahaahahahah 8-28-2020, 8:23:50 PM
best (best) said go 8-28-2020, 8:24:30 PM
best (best) said stronger 8-28-2020, 8:24:34 PM
best (best) said go zalp map 8-28-2020, 8:25:11 PM
best (best) said haahaahah 8-28-2020, 8:26:19 PM
best (best) said idu 8-28-2020, 8:26:32 PM
best (best) said zalp map 8-28-2020, 8:26:59 PM
best (best) said no 8-28-2020, 8:28:22 PM
best (best) said zalp map 8-28-2020, 8:28:24 PM
best (best) said go 8-28-2020, 8:28:39 PM
best (best) said ok 8-28-2020, 8:29:31 PM
best (best) said h 8-28-2020, 8:31:16 PM
best (best) said ha 8-28-2020, 8:31:18 PM
best (best) said haha 8-28-2020, 8:33:19 PM
best (best) said ok 8-28-2020, 8:33:31 PM
best (best) said no 8-28-2020, 8:35:26 PM
best (best) said stronger? go zalp map 8-28-2020, 8:38:01 PM
best (best) said goooooooooooooooooooooooooo 8-28-2020, 8:39:28 PM
best (best) said go 8-28-2020, 8:41:52 PM
best (best) said no 8-28-2020, 8:42:40 PM
best (best) said cannon 8-28-2020, 8:43:10 PM
best (best) said no 8-28-2020, 8:43:26 PM
best (best) said cannon, 1 8-28-2020, 8:43:45 PM
best (best) said vot 8-28-2020, 8:44:18 PM
best (best) said oy 8-28-2020, 8:46:57 PM
best (best) said cannon_pak 8-28-2020, 8:52:36 PM
best (best) said franklin duuuuuuuuuuuuuuuuuuuuuuuuurrrrrrrrrrrrrrrrrrrrrrraaaaaaaaaaa tuuuuuuuuuuppppaaaaaaaaaayyyyyyyyaaaaaaa 8-28-2020, 8:53:28 PM
best (best) said oy 8-28-2020, 8:54:54 PM
best (best) said hahaha 8-28-2020, 8:55:21 PM
best (best) said Anybody knows why franklin died? I know! franklin got owned by best's cannon! Where? On boxing ring! 8-28-2020, 8:55:34 PM
best (best) said yyyyyya kiiiiiiiiilllllllll frankilin 8-28-2020, 8:56:03 PM
best (best) said gggggggggggg 8-28-2020, 8:56:23 PM
best (best) said smotri 8-28-2020, 8:56:37 PM
best (best) said ok 8-28-2020, 8:57:05 PM
best (best) said ok 8-28-2020, 8:57:52 PM
best (best) said ooooookkkkkkkk 8-28-2020, 8:57:57 PM
best (best) said noooooooooooooooooooo 8-28-2020, 8:59:10 PM
best (best) said 1  Staff_Sergeant franklin: на тебя я не обижусь потому што ты нормальный? rofl 8-28-2020, 9:01:38 PM
best (best) said no 8-28-2020, 9:02:45 PM
best (best) said rofl 8-28-2020, 9:03:51 PM
best (best) said np 8-28-2020, 9:04:06 PM
best (best) said no 8-28-2020, 9:04:07 PM
best (best) said rofl 8-28-2020, 9:04:22 PM
best (best) said rooooooooooooooofl 8-28-2020, 9:04:28 PM
best (best) said dun 8-28-2020, 9:05:22 PM