
best-killer(best-killer) used a open_beer_bottle 1-15-2021, 10:43:43 AM
best-killer(best-killer) used a open_beer_bottle 1-15-2021, 10:43:43 AM
best-killer(best-killer) used a open_beer_bottle 1-15-2021, 10:43:43 AM
best-killer(best-killer) used a open_beer_bottle 1-15-2021, 10:43:44 AM
best-killer(best-killer) used a open_beer_bottle 1-15-2021, 10:43:44 AM
best-killer(best-killer) used a open_beer_bottle 1-15-2021, 10:43:45 AM
best-killer(best-killer) used a open_beer_bottle 1-15-2021, 10:43:45 AM
best-killer(best-killer) used a open_beer_bottle 1-15-2021, 10:43:46 AM
best-killer(best-killer) used a open_beer_bottle 1-15-2021, 10:43:47 AM
best-killer(best-killer) used a open_beer_bottle 1-15-2021, 10:43:50 AM
best-killer(best-killer) used a open_beer_bottle 1-15-2021, 10:43:51 AM
best-killer(best-killer) used a open_beer_bottle 1-15-2021, 10:43:51 AM
best-killer(best-killer) used a open_beer_bottle 1-15-2021, 10:43:52 AM
best-killer(best-killer) used a open_beer_bottle 1-15-2021, 10:43:52 AM
best-killer(best-killer) used a open_beer_bottle 1-15-2021, 10:43:52 AM
best-killer(best-killer) used a open_beer_bottle 1-15-2021, 10:43:53 AM
best-killer(best-killer) used a open_beer_bottle 1-15-2021, 10:43:53 AM
best-killer(best-killer) used a open_beer_bottle 1-15-2021, 10:43:54 AM
best-killer(best-killer) used a open_beer_bottle 1-15-2021, 10:43:54 AM
best-killer(best-killer) used a open_beer_bottle 1-15-2021, 10:43:59 AM
best-killer(best-killer) used a open_beer_bottle 1-15-2021, 10:43:59 AM
best-killer(best-killer) used a open_beer_bottle 1-15-2021, 10:43:59 AM
best-killer(best-killer) used a open_beer_bottle 1-15-2021, 10:44:00 AM
best-killer(best-killer) used a open_beer_bottle 1-15-2021, 10:44:00 AM
best-killer(best-killer) used a open_beer_bottle 1-15-2021, 10:44:01 AM
best-killer(best-killer) used a open_beer_bottle 1-15-2021, 10:44:01 AM
best-killer(best-killer) used a open_beer_bottle 1-15-2021, 10:44:02 AM
best-killer(best-killer) used a empty_beer_bottle 1-15-2021, 10:44:42 AM
best-killer(best-killer) used a empty_beer_bottle 1-15-2021, 10:44:43 AM
best-killer(best-killer) used a empty_beer_bottle 1-15-2021, 10:44:44 AM
best-killer(best-killer) used a empty_beer_bottle 1-15-2021, 10:44:44 AM
best-killer(best-killer) used a empty_beer_bottle 1-15-2021, 10:44:44 AM
best-killer(best-killer) used a empty_beer_bottle 1-15-2021, 10:44:44 AM
best-killer(best-killer) used a empty_beer_bottle 1-15-2021, 10:44:44 AM
best-killer(best-killer) used a empty_beer_bottle 1-15-2021, 10:44:45 AM
best-killer(best-killer) used a empty_beer_bottle 1-15-2021, 10:44:45 AM
best-killer(best-killer) used a empty_beer_bottle 1-15-2021, 10:44:47 AM
best-killer(best-killer) used a empty_beer_bottle 1-15-2021, 10:44:47 AM
best-killer(best-killer) used a empty_beer_bottle 1-15-2021, 10:44:47 AM
best-killer(best-killer) used a empty_beer_bottle 1-15-2021, 10:44:47 AM
best-killer(best-killer) used a empty_beer_bottle 1-15-2021, 10:44:48 AM
best-killer(best-killer) used a empty_beer_bottle 1-15-2021, 10:44:48 AM
best-killer(best-killer) used a empty_beer_bottle 1-15-2021, 10:44:48 AM
best-killer(best-killer) used a health_drink 1-15-2021, 10:44:54 AM
best-killer(best-killer) used a health_drink 1-15-2021, 10:44:54 AM
best-killer(best-killer) used a health_drink 1-15-2021, 10:44:54 AM
best-killer(best-killer) used a health_drink 1-15-2021, 10:44:58 AM
best-killer(best-killer) used a health_drink 1-15-2021, 10:44:59 AM
best-killer(best-killer) used a health_drink 1-15-2021, 10:45:09 AM
best-killer(best-killer) used a health_drink 1-15-2021, 10:45:09 AM
best-killer(best-killer) used a health_drink 1-15-2021, 10:45:10 AM
best-killer(best-killer) used a health_drink 1-15-2021, 10:45:10 AM
best-killer(best-killer) used a health_drink 1-15-2021, 10:45:11 AM
best-killer(best-killer) used a health_drink 1-15-2021, 10:45:11 AM
best-killer(best-killer) used a health_drink 1-15-2021, 10:45:12 AM
best-killer(best-killer) used a health_drink 1-15-2021, 10:45:12 AM
best-killer(best-killer) used a health_drink 1-15-2021, 10:45:19 AM
best-killer(best-killer) used a health_drink 1-15-2021, 10:45:19 AM
best-killer(best-killer) used a health_drink 1-15-2021, 10:45:22 AM
best-killer(best-killer) used a health_drink 1-15-2021, 10:45:22 AM
best-killer(best-killer) used a health_drink 1-15-2021, 10:45:23 AM
best-killer(best-killer) used a health_drink 1-15-2021, 10:45:23 AM
best-killer(best-killer) used a health_drink 1-15-2021, 10:45:24 AM
best-killer(best-killer) used a health_drink 1-15-2021, 10:45:24 AM
best-killer(best-killer) used a health_drink 1-15-2021, 10:45:25 AM
best-killer(best-killer) used a health_drink 1-15-2021, 10:46:28 AM
best-killer(best-killer) used a health_drink 1-15-2021, 10:46:28 AM
best-killer(best-killer) used a open_beer_bottle 1-15-2021, 10:46:49 AM
best-killer(best-killer) used a open_beer_bottle 1-15-2021, 10:46:49 AM
best-killer(best-killer) used a open_beer_bottle 1-15-2021, 10:46:50 AM
best-killer(best-killer) used a open_beer_bottle 1-15-2021, 10:46:50 AM
best-killer(best-killer) used a open_beer_bottle 1-15-2021, 10:46:51 AM
best-killer(best-killer) used a open_beer_bottle 1-15-2021, 10:46:51 AM
best-killer(best-killer) used a open_beer_bottle 1-15-2021, 10:46:51 AM
best-killer(best-killer) used a open_beer_bottle 1-15-2021, 10:46:51 AM
best-killer(best-killer) used a open_beer_bottle 1-15-2021, 10:46:52 AM
best-killer(best-killer) used a open_beer_bottle 1-15-2021, 10:46:52 AM
best-killer(best-killer) used a open_beer_bottle 1-15-2021, 10:46:53 AM
best-killer(best-killer) used a open_beer_bottle 1-15-2021, 10:46:53 AM
best-killer(best-killer) used a open_beer_bottle 1-15-2021, 10:46:53 AM
best-killer(best-killer) used a open_beer_bottle 1-15-2021, 10:46:54 AM
best-killer(best-killer) used a open_beer_bottle 1-15-2021, 10:46:54 AM
best-killer(best-killer) used a open_beer_bottle 1-15-2021, 10:46:55 AM
best-killer(best-killer) used a open_beer_bottle 1-15-2021, 10:46:55 AM
best-killer(best-killer) used a open_beer_bottle 1-15-2021, 10:46:55 AM
best-killer(best-killer) used a open_beer_bottle 1-15-2021, 10:46:55 AM
best-killer(best-killer) used a open_beer_bottle 1-15-2021, 10:46:56 AM
best-killer(best-killer) used a open_beer_bottle 1-15-2021, 10:46:56 AM
best-killer(best-killer) used a open_beer_bottle 1-15-2021, 10:46:56 AM
best-killer(best-killer) used a open_beer_bottle 1-15-2021, 10:46:57 AM
best-killer(best-killer) used a open_beer_bottle 1-15-2021, 10:46:57 AM
best-killer(best-killer) used a open_beer_bottle 1-15-2021, 10:46:57 AM
best-killer(best-killer) used a open_beer_bottle 1-15-2021, 10:46:58 AM
best-killer(best-killer) used a open_beer_bottle 1-15-2021, 10:46:58 AM
best-killer(best-killer) used a open_beer_bottle 1-15-2021, 10:46:59 AM
best-killer(best-killer) used a open_beer_bottle 1-15-2021, 10:46:59 AM
best-killer(best-killer) used a open_beer_bottle 1-15-2021, 10:46:59 AM
best-killer(best-killer) used a open_beer_bottle 1-15-2021, 10:47:00 AM
best-killer(best-killer) used a open_beer_bottle 1-15-2021, 10:47:00 AM
best-killer(best-killer) used a open_beer_bottle 1-15-2021, 10:47:00 AM
best-killer(best-killer) used a open_beer_bottle 1-15-2021, 10:47:00 AM
best-killer(best-killer) used a open_beer_bottle 1-15-2021, 10:47:01 AM
best-killer(best-killer) used a open_beer_bottle 1-15-2021, 10:47:01 AM
best-killer(best-killer) used a open_beer_bottle 1-15-2021, 10:47:01 AM
best-killer(best-killer) used a open_beer_bottle 1-15-2021, 10:47:02 AM
best-killer(best-killer) used a open_beer_bottle 1-15-2021, 10:47:02 AM
best-killer(best-killer) used a open_beer_bottle 1-15-2021, 10:47:03 AM
best-killer(best-killer) used a empty_beer_bottle 1-15-2021, 10:47:34 AM
best-killer(best-killer) used a empty_pack 1-15-2021, 10:58:27 AM
best-killer(best-killer) used a open_beer_bottle 1-15-2021, 10:58:30 AM
best-killer(best-killer) used a open_beer_bottle 1-15-2021, 10:58:30 AM
best-killer(best-killer) used a open_beer_bottle 1-15-2021, 10:58:30 AM
best-killer(best-killer) used a open_beer_bottle 1-15-2021, 10:58:31 AM
best-killer(best-killer) used a open_beer_bottle 1-15-2021, 10:58:31 AM
best-killer(best-killer) used a open_beer_bottle 1-15-2021, 10:58:32 AM
best-killer(best-killer) used a open_beer_bottle 1-15-2021, 10:58:32 AM
best-killer(best-killer) used a open_beer_bottle 1-15-2021, 10:58:33 AM
best-killer(best-killer) used a open_beer_bottle 1-15-2021, 10:58:33 AM
best-killer(best-killer) used a open_beer_bottle 1-15-2021, 10:58:34 AM
best-killer(best-killer) used a open_beer_bottle 1-15-2021, 10:58:34 AM
best-killer(best-killer) used a open_beer_bottle 1-15-2021, 10:58:34 AM
best-killer(best-killer) used a open_beer_bottle 1-15-2021, 10:58:36 AM
best-killer(best-killer) used a open_beer_bottle 1-15-2021, 10:58:36 AM
best-killer(best-killer) used a open_beer_bottle 1-15-2021, 10:58:36 AM
best-killer(best-killer) used a open_beer_bottle 1-15-2021, 10:58:37 AM
best-killer(best-killer) used a open_beer_bottle 1-15-2021, 10:58:37 AM
best-killer(best-killer) used a open_beer_bottle 1-15-2021, 10:58:37 AM
best-killer(best-killer) used a open_beer_bottle 1-15-2021, 10:58:38 AM
best-killer(best-killer) used a open_beer_bottle 1-15-2021, 10:58:39 AM
best-killer(best-killer) used a open_beer_bottle 1-15-2021, 10:58:39 AM
best-killer(best-killer) used a open_beer_bottle 1-15-2021, 10:58:39 AM
best-killer(best-killer) used a open_beer_bottle 1-15-2021, 10:58:40 AM
best-killer(best-killer) used a open_beer_bottle 1-15-2021, 10:58:40 AM
best-killer(best-killer) used a open_beer_bottle 1-15-2021, 10:58:41 AM
best-killer(best-killer) used a open_beer_bottle 1-15-2021, 10:58:41 AM
best-killer(best-killer) used a open_beer_bottle 1-15-2021, 10:58:41 AM
best-killer(best-killer) used a open_beer_bottle 1-15-2021, 10:58:42 AM
best-killer(best-killer) used a open_beer_bottle 1-15-2021, 10:58:43 AM
best-killer(best-killer) used a dead_rabbit 1-15-2021, 10:58:59 AM
best-killer(best-killer) used a dead_rabbit 1-15-2021, 10:59:01 AM
best-killer(best-killer) used a dead_rabbit 1-15-2021, 10:59:01 AM
best-killer(best-killer) used a stone 1-15-2021, 10:59:42 AM
best-killer(best-killer) used a empty_beer_bottle 1-15-2021, 11:01:04 AM
best-killer(best-killer) used a the_legendary_sword 1-15-2021, 8:45:41 PM
best-killer(best-killer) used a storm_sniper 1-15-2021, 8:46:08 PM