
tank(tank) used a knife 1-1-2021, 5:38:50 PM
tank(tank) used a health_drink 1-1-2021, 5:40:14 PM
tank(tank) used a health_drink 1-1-2021, 5:40:14 PM
tank(tank) used a health_drink 1-1-2021, 5:40:15 PM
tank(tank) used a concussive_grenade 1-1-2021, 5:40:15 PM
tank(tank) used a snowball 1-1-2021, 5:41:06 PM
tank(tank) used a snowball 1-1-2021, 5:41:07 PM
tank(tank) used a snowball 1-1-2021, 5:41:08 PM
tank(tank) used a storm_sniper 1-1-2021, 5:41:11 PM
tank(tank) used a shield 1-1-2021, 5:47:43 PM
tank(tank) used a shield 1-1-2021, 5:47:43 PM
tank(tank) used a shield 1-1-2021, 5:47:43 PM
tank(tank) used a shield 1-1-2021, 5:47:43 PM
tank(tank) used a shield 1-1-2021, 5:47:43 PM
tank(tank) used a shield 1-1-2021, 5:47:44 PM
tank(tank) used a shield 1-1-2021, 5:47:44 PM
tank(tank) used a shield 1-1-2021, 5:47:44 PM
tank(tank) used a shield 1-1-2021, 5:47:44 PM
tank(tank) used a shield 1-1-2021, 5:47:44 PM
tank(tank) used a shield 1-1-2021, 5:47:44 PM
tank(tank) used a shield 1-1-2021, 5:47:45 PM
tank(tank) used a shield 1-1-2021, 5:47:45 PM
tank(tank) used a shield 1-1-2021, 5:47:45 PM
tank(tank) used a shield 1-1-2021, 5:47:45 PM
tank(tank) used a shield 1-1-2021, 5:47:45 PM
tank(tank) used a shield 1-1-2021, 5:47:45 PM
tank(tank) used a shield 1-1-2021, 5:47:45 PM
tank(tank) used a shield 1-1-2021, 5:47:46 PM
tank(tank) used a shield 1-1-2021, 5:47:46 PM
tank(tank) used a shield 1-1-2021, 5:47:46 PM
tank(tank) used a shield 1-1-2021, 5:47:46 PM
tank(tank) used a shield 1-1-2021, 5:47:46 PM
tank(tank) used a shield 1-1-2021, 5:47:46 PM
tank(tank) used a shield 1-1-2021, 5:47:47 PM
tank(tank) used a shield 1-1-2021, 5:47:47 PM
tank(tank) used a shield 1-1-2021, 5:47:47 PM
tank(tank) used a shield 1-1-2021, 5:47:47 PM
tank(tank) used a shield 1-1-2021, 5:47:47 PM
tank(tank) used a shield 1-1-2021, 5:47:47 PM
tank(tank) used a shield 1-1-2021, 5:47:48 PM
tank(tank) used a shield 1-1-2021, 5:47:48 PM
tank(tank) used a health_drink 1-1-2021, 5:47:48 PM
tank(tank) used a health_drink 1-1-2021, 5:47:49 PM
tank(tank) used a health_drink 1-1-2021, 5:47:49 PM
tank(tank) used a health_drink 1-1-2021, 5:47:49 PM
tank(tank) used a health_drink 1-1-2021, 5:47:50 PM
tank(tank) used a health_drink 1-1-2021, 5:47:50 PM
tank(tank) used a health_drink 1-1-2021, 5:47:51 PM
tank(tank) used a health_drink 1-1-2021, 5:47:51 PM
tank(tank) used a health_drink 1-1-2021, 5:47:52 PM
tank(tank) used a health_drink 1-1-2021, 5:47:52 PM
tank(tank) used a health_drink 1-1-2021, 5:47:52 PM
tank(tank) used a health_drink 1-1-2021, 5:47:53 PM
tank(tank) used a health_drink 1-1-2021, 5:47:53 PM
tank(tank) used a health_drink 1-1-2021, 5:47:53 PM
tank(tank) used a health_drink 1-1-2021, 5:47:54 PM
tank(tank) used a health_drink 1-1-2021, 5:47:54 PM
tank(tank) used a health_drink 1-1-2021, 5:47:55 PM
tank(tank) used a health_drink 1-1-2021, 5:47:55 PM
tank(tank) used a health_drink 1-1-2021, 5:47:56 PM
tank(tank) used a health_drink 1-1-2021, 5:47:56 PM
tank(tank) used a health_drink 1-1-2021, 5:47:57 PM
tank(tank) used a health_drink 1-1-2021, 5:47:57 PM
tank(tank) used a health_drink 1-1-2021, 5:47:57 PM
tank(tank) used a health_drink 1-1-2021, 5:47:58 PM
tank(tank) used a health_drink 1-1-2021, 5:47:58 PM
tank(tank) used a health_drink 1-1-2021, 5:47:58 PM
tank(tank) used a health_drink 1-1-2021, 5:47:59 PM
tank(tank) used a health_drink 1-1-2021, 5:47:59 PM
tank(tank) used a health_drink 1-1-2021, 5:48:00 PM
tank(tank) used a health_drink 1-1-2021, 5:48:00 PM
tank(tank) used a health_drink 1-1-2021, 5:48:00 PM
tank(tank) used a health_drink 1-1-2021, 5:48:01 PM
tank(tank) used a health_drink 1-1-2021, 5:48:01 PM
tank(tank) used a health_drink 1-1-2021, 5:48:01 PM
tank(tank) used a health_drink 1-1-2021, 5:48:01 PM
tank(tank) used a health_drink 1-1-2021, 5:48:01 PM
tank(tank) used a health_drink 1-1-2021, 5:48:01 PM
tank(tank) used a health_drink 1-1-2021, 5:48:02 PM
tank(tank) used a health_drink 1-1-2021, 5:48:02 PM
tank(tank) used a health_drink 1-1-2021, 5:48:02 PM
tank(tank) used a health_drink 1-1-2021, 5:48:02 PM
tank(tank) used a health_drink 1-1-2021, 5:48:03 PM
tank(tank) used a health_drink 1-1-2021, 5:48:03 PM
tank(tank) used a health_drink 1-1-2021, 5:48:03 PM
tank(tank) used a health_drink 1-1-2021, 5:48:03 PM
tank(tank) used a health_drink 1-1-2021, 5:48:03 PM
tank(tank) used a health_drink 1-1-2021, 5:48:07 PM
tank(tank) used a health_drink 1-1-2021, 5:48:07 PM
tank(tank) used a health_drink 1-1-2021, 5:48:07 PM
tank(tank) used a health_drink 1-1-2021, 5:48:08 PM
tank(tank) used a health_drink 1-1-2021, 5:48:08 PM
tank(tank) used a health_drink 1-1-2021, 5:48:09 PM
tank(tank) used a health_drink 1-1-2021, 5:48:09 PM
tank(tank) used a health_drink 1-1-2021, 5:48:10 PM
tank(tank) used a health_drink 1-1-2021, 5:48:11 PM
tank(tank) used a storm_sniper 1-1-2021, 5:48:46 PM
tank(tank) used a health_drink 1-1-2021, 5:50:47 PM
tank(tank) used a health_drink 1-1-2021, 5:50:47 PM
tank(tank) used a health_drink 1-1-2021, 5:50:48 PM
tank(tank) used a health_drink 1-1-2021, 5:51:04 PM
tank(tank) used a health_drink 1-1-2021, 5:51:04 PM
tank(tank) used a health_drink 1-1-2021, 5:51:10 PM
tank(tank) used a health_drink 1-1-2021, 5:51:10 PM
tank(tank) used a health_drink 1-1-2021, 5:51:10 PM
tank(tank) used a health_drink 1-1-2021, 5:51:10 PM
tank(tank) used a health_drink 1-1-2021, 5:51:11 PM
tank(tank) used a health_drink 1-1-2021, 5:51:11 PM
tank(tank) used a health_drink 1-1-2021, 5:51:11 PM
tank(tank) used a health_drink 1-1-2021, 5:51:12 PM
tank(tank) used a health_drink 1-1-2021, 5:51:12 PM
tank(tank) used a health_drink 1-1-2021, 5:51:20 PM
tank(tank) used a health_drink 1-1-2021, 5:51:20 PM
tank(tank) used a health_drink 1-1-2021, 5:51:21 PM
tank(tank) used a health_drink 1-1-2021, 5:51:21 PM
tank(tank) used a health_drink 1-1-2021, 5:51:21 PM
tank(tank) used a health_drink 1-1-2021, 5:51:22 PM
tank(tank) used a health_drink 1-1-2021, 5:51:22 PM
tank(tank) used a health_drink 1-1-2021, 5:51:22 PM
tank(tank) used a health_drink 1-1-2021, 5:51:23 PM
tank(tank) used a health_drink 1-1-2021, 5:51:23 PM
tank(tank) used a health_drink 1-1-2021, 5:51:23 PM
tank(tank) used a health_drink 1-1-2021, 5:51:24 PM
tank(tank) used a health_drink 1-1-2021, 5:51:24 PM
tank(tank) used a health_drink 1-1-2021, 5:51:24 PM
tank(tank) used a health_drink 1-1-2021, 5:51:25 PM
tank(tank) used a health_drink 1-1-2021, 5:51:25 PM
tank(tank) used a health_drink 1-1-2021, 5:51:25 PM
tank(tank) used a health_drink 1-1-2021, 5:51:26 PM
tank(tank) used a health_drink 1-1-2021, 5:51:26 PM
tank(tank) used a health_drink 1-1-2021, 5:51:26 PM
tank(tank) used a health_drink 1-1-2021, 5:51:27 PM
tank(tank) used a health_drink 1-1-2021, 5:51:27 PM
tank(tank) used a health_drink 1-1-2021, 5:51:27 PM
tank(tank) used a health_drink 1-1-2021, 5:51:27 PM
tank(tank) used a health_drink 1-1-2021, 5:51:27 PM
tank(tank) used a health_drink 1-1-2021, 5:51:28 PM
tank(tank) used a health_drink 1-1-2021, 5:51:28 PM
tank(tank) used a health_drink 1-1-2021, 5:51:28 PM
tank(tank) used a health_drink 1-1-2021, 5:51:29 PM
tank(tank) used a health_drink 1-1-2021, 5:51:29 PM
tank(tank) used a health_drink 1-1-2021, 5:51:29 PM
tank(tank) used a health_drink 1-1-2021, 5:51:30 PM
tank(tank) used a health_drink 1-1-2021, 5:51:30 PM
tank(tank) used a health_drink 1-1-2021, 5:51:31 PM
tank(tank) used a health_drink 1-1-2021, 5:51:32 PM
tank(tank) used a health_drink 1-1-2021, 5:51:33 PM
tank(tank) used a health_drink 1-1-2021, 5:51:33 PM
tank(tank) used a health_drink 1-1-2021, 5:51:34 PM
tank(tank) used a health_drink 1-1-2021, 5:51:34 PM
tank(tank) used a health_drink 1-1-2021, 5:51:35 PM
tank(tank) used a health_drink 1-1-2021, 5:51:35 PM
tank(tank) used a health_drink 1-1-2021, 5:51:36 PM
tank(tank) used a health_drink 1-1-2021, 5:51:36 PM
tank(tank) used a health_drink 1-1-2021, 5:51:37 PM
tank(tank) used a health_drink 1-1-2021, 5:51:38 PM
tank(tank) used a health_drink 1-1-2021, 5:51:38 PM
tank(tank) used a health_drink 1-1-2021, 5:51:38 PM
tank(tank) used a health_drink 1-1-2021, 5:52:32 PM
tank(tank) used a health_drink 1-1-2021, 5:52:32 PM
tank(tank) used a health_drink 1-1-2021, 5:52:33 PM
tank(tank) used a health_drink 1-1-2021, 5:52:33 PM
tank(tank) used a health_drink 1-1-2021, 5:52:33 PM
tank(tank) used a health_drink 1-1-2021, 5:52:34 PM
tank(tank) used a health_drink 1-1-2021, 5:52:34 PM
tank(tank) used a health_drink 1-1-2021, 5:52:34 PM
tank(tank) used a health_drink 1-1-2021, 5:52:34 PM
tank(tank) used a health_drink 1-1-2021, 5:52:35 PM
tank(tank) used a health_drink 1-1-2021, 5:52:35 PM
tank(tank) used a health_drink 1-1-2021, 5:52:36 PM
tank(tank) used a health_drink 1-1-2021, 5:52:36 PM
tank(tank) used a health_drink 1-1-2021, 5:52:36 PM
tank(tank) used a health_drink 1-1-2021, 5:52:36 PM
tank(tank) used a health_drink 1-1-2021, 5:52:37 PM
tank(tank) used a health_drink 1-1-2021, 5:52:37 PM
tank(tank) used a health_drink 1-1-2021, 5:52:38 PM
tank(tank) used a health_drink 1-1-2021, 5:52:38 PM
tank(tank) used a health_drink 1-1-2021, 5:52:38 PM
tank(tank) used a health_drink 1-1-2021, 5:52:39 PM
tank(tank) used a health_drink 1-1-2021, 5:52:39 PM
tank(tank) used a health_drink 1-1-2021, 5:52:39 PM
tank(tank) used a health_drink 1-1-2021, 5:52:40 PM
tank(tank) used a health_drink 1-1-2021, 5:52:40 PM
tank(tank) used a health_drink 1-1-2021, 5:52:41 PM
tank(tank) used a health_drink 1-1-2021, 5:52:41 PM
tank(tank) used a health_drink 1-1-2021, 5:52:44 PM
tank(tank) used a health_drink 1-1-2021, 5:52:44 PM
tank(tank) used a health_drink 1-1-2021, 5:52:44 PM
tank(tank) used a health_drink 1-1-2021, 5:52:45 PM
tank(tank) used a health_drink 1-1-2021, 5:52:45 PM
tank(tank) used a health_drink 1-1-2021, 5:52:45 PM
tank(tank) used a health_drink 1-1-2021, 5:52:46 PM
tank(tank) used a health_drink 1-1-2021, 5:52:46 PM
tank(tank) used a health_drink 1-1-2021, 5:52:46 PM
tank(tank) used a health_drink 1-1-2021, 5:52:47 PM
tank(tank) used a health_drink 1-1-2021, 5:52:47 PM
tank(tank) used a health_drink 1-1-2021, 5:52:47 PM
tank(tank) used a health_drink 1-1-2021, 5:52:48 PM
tank(tank) used a health_drink 1-1-2021, 5:52:48 PM
tank(tank) used a health_drink 1-1-2021, 5:52:48 PM
tank(tank) used a health_drink 1-1-2021, 5:52:49 PM
tank(tank) used a health_drink 1-1-2021, 5:52:49 PM
tank(tank) used a health_drink 1-1-2021, 5:52:49 PM
tank(tank) used a health_drink 1-1-2021, 5:52:52 PM
tank(tank) used a health_drink 1-1-2021, 5:52:52 PM
tank(tank) used a health_drink 1-1-2021, 5:52:52 PM
tank(tank) used a health_drink 1-1-2021, 5:52:53 PM
tank(tank) used a health_drink 1-1-2021, 5:52:53 PM
tank(tank) used a health_drink 1-1-2021, 5:52:53 PM
tank(tank) used a health_drink 1-1-2021, 5:52:53 PM
tank(tank) used a health_drink 1-1-2021, 5:52:54 PM
tank(tank) used a health_drink 1-1-2021, 5:52:54 PM
tank(tank) used a health_drink 1-1-2021, 5:52:54 PM
tank(tank) used a health_drink 1-1-2021, 5:52:54 PM
tank(tank) used a health_drink 1-1-2021, 5:52:55 PM
tank(tank) used a health_drink 1-1-2021, 5:52:55 PM
tank(tank) used a health_drink 1-1-2021, 5:52:55 PM
tank(tank) used a health_drink 1-1-2021, 5:52:55 PM
tank(tank) used a health_drink 1-1-2021, 5:52:55 PM
tank(tank) used a health_drink 1-1-2021, 5:52:56 PM
tank(tank) used a health_drink 1-1-2021, 5:52:56 PM
tank(tank) used a health_drink 1-1-2021, 5:52:56 PM
tank(tank) used a health_drink 1-1-2021, 5:52:56 PM
tank(tank) used a health_drink 1-1-2021, 5:52:57 PM
tank(tank) used a health_drink 1-1-2021, 5:52:57 PM
tank(tank) used a health_drink 1-1-2021, 5:52:57 PM
tank(tank) used a health_drink 1-1-2021, 5:52:58 PM
tank(tank) used a health_drink 1-1-2021, 5:52:58 PM
tank(tank) used a health_drink 1-1-2021, 5:52:58 PM
tank(tank) used a health_drink 1-1-2021, 5:52:59 PM
tank(tank) used a health_drink 1-1-2021, 5:52:59 PM
tank(tank) used a health_drink 1-1-2021, 5:52:59 PM
tank(tank) used a health_drink 1-1-2021, 5:53:00 PM
tank(tank) used a health_drink 1-1-2021, 5:53:00 PM
tank(tank) used a health_drink 1-1-2021, 5:53:00 PM
tank(tank) used a health_drink 1-1-2021, 5:53:01 PM
tank(tank) used a health_drink 1-1-2021, 5:53:01 PM
tank(tank) used a health_drink 1-1-2021, 5:53:01 PM
tank(tank) used a health_drink 1-1-2021, 5:53:02 PM
tank(tank) used a health_drink 1-1-2021, 5:53:02 PM
tank(tank) used a health_drink 1-1-2021, 5:53:02 PM
tank(tank) used a health_drink 1-1-2021, 5:53:03 PM
tank(tank) used a health_drink 1-1-2021, 5:53:03 PM
tank(tank) used a health_drink 1-1-2021, 5:53:03 PM
tank(tank) used a health_drink 1-1-2021, 5:53:04 PM
tank(tank) used a health_drink 1-1-2021, 5:53:04 PM
tank(tank) used a health_drink 1-1-2021, 5:53:05 PM
tank(tank) used a health_drink 1-1-2021, 5:53:05 PM
tank(tank) used a health_drink 1-1-2021, 5:53:06 PM
tank(tank) used a health_drink 1-1-2021, 5:53:06 PM
tank(tank) used a health_drink 1-1-2021, 5:53:07 PM
tank(tank) used a health_drink 1-1-2021, 5:53:07 PM
tank(tank) used a health_drink 1-1-2021, 5:53:07 PM
tank(tank) used a health_drink 1-1-2021, 5:53:08 PM
tank(tank) used a health_drink 1-1-2021, 5:53:08 PM
tank(tank) used a health_drink 1-1-2021, 5:53:08 PM
tank(tank) used a health_drink 1-1-2021, 5:53:09 PM
tank(tank) used a health_drink 1-1-2021, 6:04:19 PM
tank(tank) used a health_drink 1-1-2021, 6:04:19 PM
tank(tank) used a health_drink 1-1-2021, 6:04:19 PM
tank(tank) used a health_drink 1-1-2021, 6:04:20 PM
tank(tank) used a health_drink 1-1-2021, 6:05:36 PM
tank(tank) used a health_drink 1-1-2021, 6:05:36 PM
tank(tank) used a health_drink 1-1-2021, 6:05:37 PM
tank(tank) used a health_drink 1-1-2021, 6:05:37 PM
tank(tank) used a health_drink 1-1-2021, 6:06:36 PM
tank(tank) used a health_drink 1-1-2021, 6:06:37 PM
tank(tank) used a health_drink 1-1-2021, 6:06:37 PM
tank(tank) used a health_drink 1-1-2021, 6:06:37 PM
tank(tank) used a health_drink 1-1-2021, 6:06:37 PM
tank(tank) used a health_drink 1-1-2021, 6:06:38 PM
tank(tank) used a health_drink 1-1-2021, 6:06:38 PM
tank(tank) used a health_drink 1-1-2021, 6:06:38 PM
tank(tank) used a health_drink 1-1-2021, 6:06:39 PM
tank(tank) used a health_drink 1-1-2021, 6:06:39 PM
tank(tank) used a health_drink 1-1-2021, 6:06:39 PM
tank(tank) used a health_drink 1-1-2021, 6:06:40 PM
tank(tank) used a health_drink 1-1-2021, 6:06:40 PM
tank(tank) used a health_drink 1-1-2021, 6:06:40 PM
tank(tank) used a health_drink 1-1-2021, 6:06:40 PM
tank(tank) used a health_drink 1-1-2021, 6:06:41 PM
tank(tank) used a health_drink 1-1-2021, 6:06:41 PM
tank(tank) used a health_drink 1-1-2021, 6:06:41 PM
tank(tank) used a health_drink 1-1-2021, 6:06:42 PM
tank(tank) used a health_drink 1-1-2021, 6:06:42 PM
tank(tank) used a health_drink 1-1-2021, 6:06:42 PM
tank(tank) used a health_drink 1-1-2021, 6:06:46 PM
tank(tank) used a health_drink 1-1-2021, 6:06:46 PM
tank(tank) used a health_drink 1-1-2021, 6:06:46 PM
tank(tank) used a health_drink 1-1-2021, 6:06:55 PM
tank(tank) used a health_drink 1-1-2021, 6:06:55 PM
tank(tank) used a health_drink 1-1-2021, 6:06:55 PM
tank(tank) used a health_drink 1-1-2021, 6:06:56 PM
tank(tank) used a health_drink 1-1-2021, 6:06:56 PM
tank(tank) used a health_drink 1-1-2021, 6:06:56 PM
tank(tank) used a health_drink 1-1-2021, 6:06:56 PM
tank(tank) used a health_drink 1-1-2021, 6:06:57 PM
tank(tank) used a health_drink 1-1-2021, 6:06:57 PM
tank(tank) used a health_drink 1-1-2021, 6:06:57 PM
tank(tank) used a health_drink 1-1-2021, 6:06:58 PM
tank(tank) used a health_drink 1-1-2021, 6:06:58 PM
tank(tank) used a health_drink 1-1-2021, 6:06:58 PM
tank(tank) used a health_drink 1-1-2021, 6:06:59 PM
tank(tank) used a health_drink 1-1-2021, 6:06:59 PM
tank(tank) used a health_drink 1-1-2021, 6:07:00 PM
tank(tank) used a health_drink 1-1-2021, 6:07:00 PM
tank(tank) used a health_drink 1-1-2021, 6:07:00 PM
tank(tank) used a health_drink 1-1-2021, 6:07:01 PM
tank(tank) used a health_drink 1-1-2021, 6:07:01 PM
tank(tank) used a health_drink 1-1-2021, 6:07:01 PM
tank(tank) used a health_drink 1-1-2021, 6:07:02 PM
tank(tank) used a health_drink 1-1-2021, 6:07:02 PM
tank(tank) used a health_drink 1-1-2021, 6:07:02 PM
tank(tank) used a health_drink 1-1-2021, 6:07:03 PM
tank(tank) used a health_drink 1-1-2021, 6:07:03 PM
tank(tank) used a health_drink 1-1-2021, 6:15:18 PM
tank(tank) used a health_drink 1-1-2021, 6:15:19 PM
tank(tank) used a health_drink 1-1-2021, 6:15:19 PM
tank(tank) used a health_drink 1-1-2021, 6:16:20 PM
tank(tank) used a health_drink 1-1-2021, 6:16:20 PM
tank(tank) used a health_drink 1-1-2021, 6:16:21 PM
tank(tank) used a health_drink 1-1-2021, 6:16:21 PM
tank(tank) used a health_drink 1-1-2021, 6:16:21 PM
tank(tank) used a health_drink 1-1-2021, 6:16:21 PM
tank(tank) used a health_drink 1-1-2021, 6:16:26 PM
tank(tank) used a health_drink 1-1-2021, 6:16:26 PM
tank(tank) used a health_drink 1-1-2021, 6:16:26 PM
tank(tank) used a health_drink 1-1-2021, 6:16:27 PM
tank(tank) used a health_drink 1-1-2021, 6:16:27 PM
tank(tank) used a health_drink 1-1-2021, 6:16:27 PM
tank(tank) used a health_drink 1-1-2021, 6:16:27 PM
tank(tank) used a health_drink 1-1-2021, 6:16:28 PM
tank(tank) used a health_drink 1-1-2021, 6:16:28 PM
tank(tank) used a health_drink 1-1-2021, 6:16:28 PM
tank(tank) used a health_drink 1-1-2021, 6:16:29 PM
tank(tank) used a health_drink 1-1-2021, 6:16:29 PM
tank(tank) used a health_drink 1-1-2021, 6:16:29 PM
tank(tank) used a health_drink 1-1-2021, 6:16:29 PM
tank(tank) used a health_drink 1-1-2021, 6:16:30 PM
tank(tank) used a health_drink 1-1-2021, 6:16:30 PM
tank(tank) used a health_drink 1-1-2021, 6:16:30 PM
tank(tank) used a health_drink 1-1-2021, 6:16:33 PM
tank(tank) used a health_drink 1-1-2021, 6:16:33 PM
tank(tank) used a health_drink 1-1-2021, 6:16:34 PM
tank(tank) used a health_drink 1-1-2021, 6:16:34 PM
tank(tank) used a health_drink 1-1-2021, 6:16:36 PM
tank(tank) used a health_drink 1-1-2021, 6:16:36 PM
tank(tank) used a health_drink 1-1-2021, 6:16:36 PM
tank(tank) used a health_drink 1-1-2021, 6:16:36 PM
tank(tank) used a health_drink 1-1-2021, 6:16:37 PM
tank(tank) used a health_drink 1-1-2021, 6:16:37 PM
tank(tank) used a health_drink 1-1-2021, 6:16:37 PM
tank(tank) used a health_drink 1-1-2021, 6:16:38 PM
tank(tank) used a health_drink 1-1-2021, 6:16:39 PM
tank(tank) used a health_drink 1-1-2021, 6:16:39 PM
tank(tank) used a health_drink 1-1-2021, 6:16:40 PM
tank(tank) used a health_drink 1-1-2021, 6:16:40 PM
tank(tank) used a health_drink 1-1-2021, 6:20:38 PM
tank(tank) used a health_drink 1-1-2021, 6:20:38 PM
tank(tank) used a health_drink 1-1-2021, 6:20:39 PM
tank(tank) used a hand_grenade 1-1-2021, 6:31:16 PM
tank(tank) used a storm_sniper 1-1-2021, 6:31:23 PM
tank(tank) used a hand_grenade 1-1-2021, 6:32:22 PM
tank(tank) used a hand_grenade 1-1-2021, 6:32:26 PM
tank(tank) used a hand_grenade 1-1-2021, 6:32:27 PM
tank(tank) used a hand_grenade 1-1-2021, 6:32:27 PM
tank(tank) used a hand_grenade 1-1-2021, 6:32:27 PM
tank(tank) used a hand_grenade 1-1-2021, 6:32:27 PM
tank(tank) used a hand_grenade 1-1-2021, 6:32:27 PM
tank(tank) used a hand_grenade 1-1-2021, 6:32:27 PM
tank(tank) used a hand_grenade 1-1-2021, 6:32:28 PM
tank(tank) used a hand_grenade 1-1-2021, 6:32:28 PM
tank(tank) used a hand_grenade 1-1-2021, 6:32:28 PM
tank(tank) used a hand_grenade 1-1-2021, 6:32:28 PM
tank(tank) used a hand_grenade 1-1-2021, 6:32:28 PM
tank(tank) used a hand_grenade 1-1-2021, 6:32:29 PM
tank(tank) used a hand_grenade 1-1-2021, 6:32:29 PM
tank(tank) used a hand_grenade 1-1-2021, 6:32:29 PM
tank(tank) used a hand_grenade 1-1-2021, 6:32:29 PM
tank(tank) used a hand_grenade 1-1-2021, 6:32:29 PM
tank(tank) used a hand_grenade 1-1-2021, 6:32:29 PM
tank(tank) used a hand_grenade 1-1-2021, 6:32:36 PM
tank(tank) used a hand_grenade 1-1-2021, 6:32:36 PM
tank(tank) used a shield 1-1-2021, 6:32:44 PM
tank(tank) used a shield 1-1-2021, 6:32:44 PM
tank(tank) used a health_drink 1-1-2021, 6:32:44 PM
tank(tank) used a health_drink 1-1-2021, 6:32:44 PM
tank(tank) used a health_drink 1-1-2021, 6:32:45 PM
tank(tank) used a health_drink 1-1-2021, 6:32:47 PM
tank(tank) used a health_drink 1-1-2021, 6:32:47 PM
tank(tank) used a health_drink 1-1-2021, 6:32:47 PM
tank(tank) used a health_drink 1-1-2021, 6:32:48 PM
tank(tank) used a health_drink 1-1-2021, 6:32:48 PM
tank(tank) used a health_drink 1-1-2021, 6:32:48 PM
tank(tank) used a hand_grenade 1-1-2021, 6:33:06 PM
tank(tank) used a hand_grenade 1-1-2021, 6:33:06 PM
tank(tank) used a hand_grenade 1-1-2021, 6:33:07 PM
tank(tank) used a hand_grenade 1-1-2021, 6:33:07 PM
tank(tank) used a hand_grenade 1-1-2021, 6:33:07 PM
tank(tank) used a hand_grenade 1-1-2021, 6:33:07 PM
tank(tank) used a hand_grenade 1-1-2021, 6:33:07 PM
tank(tank) used a hand_grenade 1-1-2021, 6:33:07 PM
tank(tank) used a hand_grenade 1-1-2021, 6:33:10 PM
tank(tank) used a hand_grenade 1-1-2021, 6:33:11 PM
tank(tank) used a hand_grenade 1-1-2021, 6:33:11 PM
tank(tank) used a hand_grenade 1-1-2021, 6:33:11 PM
tank(tank) used a hand_grenade 1-1-2021, 6:33:11 PM
tank(tank) used a hand_grenade 1-1-2021, 6:33:11 PM
tank(tank) used a hand_grenade 1-1-2021, 6:33:11 PM
tank(tank) used a hand_grenade 1-1-2021, 6:33:11 PM
tank(tank) used a shield 1-1-2021, 6:33:24 PM
tank(tank) used a shield 1-1-2021, 6:33:24 PM
tank(tank) used a shield 1-1-2021, 6:33:24 PM
tank(tank) used a shield 1-1-2021, 6:33:24 PM
tank(tank) used a shield 1-1-2021, 6:33:24 PM
tank(tank) used a shield 1-1-2021, 6:33:24 PM
tank(tank) used a shield 1-1-2021, 6:33:25 PM
tank(tank) used a shield 1-1-2021, 6:33:25 PM
tank(tank) used a shield 1-1-2021, 6:33:25 PM
tank(tank) used a shield 1-1-2021, 6:33:25 PM
tank(tank) used a shield 1-1-2021, 6:33:25 PM
tank(tank) used a shield 1-1-2021, 6:33:25 PM
tank(tank) used a shield 1-1-2021, 6:33:26 PM
tank(tank) used a shield 1-1-2021, 6:33:26 PM
tank(tank) used a shield 1-1-2021, 6:33:26 PM
tank(tank) used a shield 1-1-2021, 6:33:26 PM
tank(tank) used a shield 1-1-2021, 6:33:26 PM
tank(tank) used a shield 1-1-2021, 6:33:26 PM
tank(tank) used a shield 1-1-2021, 6:33:26 PM
tank(tank) used a shield 1-1-2021, 6:33:27 PM
tank(tank) used a shield 1-1-2021, 6:33:27 PM
tank(tank) used a shield 1-1-2021, 6:33:27 PM
tank(tank) used a shield 1-1-2021, 6:33:27 PM
tank(tank) used a shield 1-1-2021, 6:33:27 PM
tank(tank) used a shield 1-1-2021, 6:33:27 PM
tank(tank) used a shield 1-1-2021, 6:33:27 PM
tank(tank) used a shield 1-1-2021, 6:33:28 PM
tank(tank) used a shield 1-1-2021, 6:33:28 PM
tank(tank) used a shield 1-1-2021, 6:33:28 PM
tank(tank) used a shield 1-1-2021, 6:33:28 PM
tank(tank) used a health_drink 1-1-2021, 6:33:29 PM
tank(tank) used a health_drink 1-1-2021, 6:33:29 PM
tank(tank) used a health_drink 1-1-2021, 6:33:29 PM
tank(tank) used a health_drink 1-1-2021, 6:33:39 PM
tank(tank) used a health_drink 1-1-2021, 6:33:39 PM
tank(tank) used a shield 1-1-2021, 6:33:47 PM
tank(tank) used a shield 1-1-2021, 6:33:47 PM
tank(tank) used a shield 1-1-2021, 6:33:47 PM
tank(tank) used a shield 1-1-2021, 6:33:48 PM
tank(tank) used a hand_grenade 1-1-2021, 6:34:33 PM
tank(tank) used a hand_grenade 1-1-2021, 6:34:34 PM
tank(tank) used a hand_grenade 1-1-2021, 6:34:34 PM
tank(tank) used a hand_grenade 1-1-2021, 6:34:34 PM
tank(tank) used a hand_grenade 1-1-2021, 6:34:34 PM
tank(tank) used a hand_grenade 1-1-2021, 6:34:35 PM
tank(tank) used a hand_grenade 1-1-2021, 6:34:35 PM
tank(tank) used a hand_grenade 1-1-2021, 6:34:35 PM
tank(tank) used a hand_grenade 1-1-2021, 6:34:35 PM
tank(tank) used a hand_grenade 1-1-2021, 6:34:35 PM
tank(tank) used a hand_grenade 1-1-2021, 6:34:35 PM
tank(tank) used a hand_grenade 1-1-2021, 6:34:35 PM
tank(tank) used a hand_grenade 1-1-2021, 6:34:36 PM
tank(tank) used a hand_grenade 1-1-2021, 6:34:36 PM
tank(tank) used a hand_grenade 1-1-2021, 6:34:36 PM
tank(tank) used a hand_grenade 1-1-2021, 6:34:36 PM
tank(tank) used a hand_grenade 1-1-2021, 6:34:36 PM
tank(tank) used a hand_grenade 1-1-2021, 6:34:36 PM
tank(tank) used a hand_grenade 1-1-2021, 6:34:36 PM
tank(tank) used a hand_grenade 1-1-2021, 6:34:37 PM
tank(tank) used a hand_grenade 1-1-2021, 6:34:37 PM
tank(tank) used a hand_grenade 1-1-2021, 6:34:39 PM
tank(tank) used a hand_grenade 1-1-2021, 6:34:39 PM
tank(tank) used a hand_grenade 1-1-2021, 6:34:39 PM
tank(tank) used a hand_grenade 1-1-2021, 6:34:39 PM
tank(tank) used a hand_grenade 1-1-2021, 6:34:40 PM
tank(tank) used a hand_grenade 1-1-2021, 6:34:44 PM
tank(tank) used a hand_grenade 1-1-2021, 6:34:45 PM
tank(tank) used a hand_grenade 1-1-2021, 6:34:45 PM
tank(tank) used a hand_grenade 1-1-2021, 6:34:45 PM
tank(tank) used a hand_grenade 1-1-2021, 6:34:45 PM
tank(tank) used a hand_grenade 1-1-2021, 6:34:45 PM
tank(tank) used a hand_grenade 1-1-2021, 6:34:47 PM
tank(tank) used a hand_grenade 1-1-2021, 6:34:47 PM
tank(tank) used a hand_grenade 1-1-2021, 6:34:51 PM
tank(tank) used a hand_grenade 1-1-2021, 6:34:51 PM
tank(tank) used a hand_grenade 1-1-2021, 6:34:52 PM
tank(tank) used a hand_grenade 1-1-2021, 6:34:52 PM
tank(tank) used a hand_grenade 1-1-2021, 6:34:52 PM
tank(tank) used a hand_grenade 1-1-2021, 6:34:52 PM
tank(tank) used a hand_grenade 1-1-2021, 6:34:52 PM
tank(tank) used a hand_grenade 1-1-2021, 6:34:52 PM
tank(tank) used a hand_grenade 1-1-2021, 6:34:52 PM
tank(tank) used a hand_grenade 1-1-2021, 6:34:53 PM
tank(tank) used a hand_grenade 1-1-2021, 6:34:53 PM
tank(tank) used a hand_grenade 1-1-2021, 6:34:54 PM
tank(tank) used a hand_grenade 1-1-2021, 6:34:54 PM
tank(tank) used a hand_grenade 1-1-2021, 6:34:55 PM
tank(tank) used a hand_grenade 1-1-2021, 6:34:55 PM
tank(tank) used a hand_grenade 1-1-2021, 6:34:55 PM
tank(tank) used a hand_grenade 1-1-2021, 6:34:55 PM
tank(tank) used a hand_grenade 1-1-2021, 6:34:55 PM
tank(tank) used a hand_grenade 1-1-2021, 6:34:55 PM
tank(tank) used a hand_grenade 1-1-2021, 6:34:56 PM
tank(tank) used a hand_grenade 1-1-2021, 6:34:56 PM
tank(tank) used a hand_grenade 1-1-2021, 6:34:56 PM
tank(tank) used a hand_grenade 1-1-2021, 6:34:56 PM
tank(tank) used a hand_grenade 1-1-2021, 6:34:56 PM
tank(tank) used a hand_grenade 1-1-2021, 6:34:56 PM
tank(tank) used a hand_grenade 1-1-2021, 6:34:57 PM
tank(tank) used a hand_grenade 1-1-2021, 6:34:57 PM
tank(tank) used a hand_grenade 1-1-2021, 6:34:57 PM
tank(tank) used a hand_grenade 1-1-2021, 6:34:57 PM
tank(tank) used a hand_grenade 1-1-2021, 6:34:57 PM
tank(tank) used a hand_grenade 1-1-2021, 6:34:58 PM
tank(tank) used a hand_grenade 1-1-2021, 6:34:58 PM
tank(tank) used a hand_grenade 1-1-2021, 6:34:58 PM
tank(tank) used a hand_grenade 1-1-2021, 6:34:58 PM
tank(tank) used a hand_grenade 1-1-2021, 6:34:58 PM
tank(tank) used a hand_grenade 1-1-2021, 6:34:59 PM
tank(tank) used a hand_grenade 1-1-2021, 6:34:59 PM
tank(tank) used a hand_grenade 1-1-2021, 6:34:59 PM
tank(tank) used a hand_grenade 1-1-2021, 6:34:59 PM
tank(tank) used a hand_grenade 1-1-2021, 6:34:59 PM
tank(tank) used a hand_grenade 1-1-2021, 6:35:00 PM
tank(tank) used a hand_grenade 1-1-2021, 6:35:00 PM
tank(tank) used a hand_grenade 1-1-2021, 6:35:00 PM
tank(tank) used a hand_grenade 1-1-2021, 6:35:00 PM
tank(tank) used a hand_grenade 1-1-2021, 6:35:00 PM
tank(tank) used a hand_grenade 1-1-2021, 6:35:00 PM
tank(tank) used a hand_grenade 1-1-2021, 6:35:01 PM
tank(tank) used a hand_grenade 1-1-2021, 6:35:01 PM
tank(tank) used a hand_grenade 1-1-2021, 6:35:01 PM
tank(tank) used a hand_grenade 1-1-2021, 6:35:01 PM
tank(tank) used a hand_grenade 1-1-2021, 6:35:01 PM
tank(tank) used a hand_grenade 1-1-2021, 6:35:01 PM
tank(tank) used a hand_grenade 1-1-2021, 6:35:02 PM
tank(tank) used a hand_grenade 1-1-2021, 6:35:02 PM
tank(tank) used a hand_grenade 1-1-2021, 6:35:02 PM
tank(tank) used a hand_grenade 1-1-2021, 6:35:02 PM