
istek(fighter3) used a mlk_207_combat_rifle 1-29-2021, 1:45:26 PM
istek(fighter3) used a shield 1-29-2021, 1:45:32 PM
istek(fighter3) used a shield 1-29-2021, 1:45:32 PM
istek(fighter3) used a shield 1-29-2021, 1:45:33 PM
istek(fighter3) used a shield 1-29-2021, 1:45:33 PM
istek(fighter3) used a antibiotic 1-29-2021, 1:45:41 PM
istek(fighter3) used a tk_ultra_health_potion 1-29-2021, 1:45:41 PM
istek(fighter3) used a coin 1-29-2021, 1:48:06 PM
istek(fighter3) used a coin 1-29-2021, 1:48:06 PM
istek(fighter3) used a coin 1-29-2021, 1:48:06 PM
istek(fighter3) used a coin 1-29-2021, 1:48:07 PM
istek(fighter3) used a coin 1-29-2021, 1:48:09 PM
istek(fighter3) used a coin 1-29-2021, 1:48:12 PM
istek(fighter3) used a coin 1-29-2021, 1:48:13 PM
istek(fighter3) used a coin 1-29-2021, 1:48:14 PM
istek(fighter3) used a coin 1-29-2021, 1:48:16 PM
istek(fighter3) used a shield 1-29-2021, 1:55:32 PM
istek(fighter3) used a shield 1-29-2021, 1:55:32 PM
istek(fighter3) used a shield 1-29-2021, 1:55:32 PM
istek(fighter3) used a shield 1-29-2021, 1:55:32 PM
istek(fighter3) used a shield 1-29-2021, 1:55:33 PM
istek(fighter3) used a tk_ultra_health_potion 1-29-2021, 3:21:52 PM
istek(fighter3) used a empty_beer_bottle 1-29-2021, 3:22:21 PM
istek(fighter3) used a empty_beer_bottle 1-29-2021, 3:22:22 PM
istek(fighter3) used a empty_beer_bottle 1-29-2021, 3:22:22 PM
istek(fighter3) used a empty_beer_bottle 1-29-2021, 3:22:23 PM
istek(fighter3) used a empty_beer_bottle 1-29-2021, 3:22:23 PM
istek(fighter3) used a empty_beer_bottle 1-29-2021, 3:22:23 PM
istek(fighter3) used a turret 1-29-2021, 3:22:28 PM