
fighter3 (istek) said what 1-29-2021, 1:46:03 PM
fighter3 (istek) said wallbump at 1, 0, 40 1-29-2021, 1:46:25 PM
fighter3 (istek) said dont fight 1-29-2021, 1:46:44 PM
fighter3 (istek) said dd 1-29-2021, 1:46:59 PM
fighter3 (istek) said why, 1-29-2021, 1:48:38 PM
fighter3 (istek) said guys 1-29-2021, 1:54:26 PM
fighter3 (istek) said who do you have the war source, 1-29-2021, 1:54:36 PM
fighter3 (istek) said yeah 1-29-2021, 1:54:46 PM
fighter3 (istek) said i need 1-29-2021, 1:54:51 PM
fighter3 (istek) said hm k 1-29-2021, 1:54:58 PM
fighter3 (istek) said yeah 1-29-2021, 1:55:01 PM
fighter3 (istek) said tw  1-29-2021, 1:55:05 PM
fighter3 (istek) said i need them 1-29-2021, 1:55:13 PM
fighter3 (istek) said d 1-29-2021, 1:55:23 PM
fighter3 (istek) said 4.9, 1-29-2021, 1:55:37 PM
fighter3 (istek) said i have  1-29-2021, 1:55:43 PM
fighter3 (istek) said 4.9 1-29-2021, 1:55:48 PM
fighter3 (istek) said give me link plz 1-29-2021, 1:56:06 PM
fighter3 (istek) said ek 1-29-2021, 1:56:10 PM
fighter3 (istek) said yep 1-29-2021, 1:56:27 PM
fighter3 (istek) said a dont need k 1-29-2021, 1:56:39 PM
fighter3 (istek) said ok guys good bye 1-29-2021, 1:56:43 PM
fighter3 (istek) said hey 1-29-2021, 3:07:56 PM
fighter3 (istek) said troller 1-29-2021, 3:08:04 PM
fighter3 (istek) said how are you 1-29-2021, 3:08:08 PM
fighter3 (istek) said f 1-29-2021, 3:09:23 PM
fighter3 (istek) said die 1-29-2021, 3:21:32 PM