
rathee (rathee) said anil vanakam  1-29-2021, 11:23:39 AM
rathee (rathee) said anil bro 1-29-2021, 11:32:40 AM
rathee (rathee) said enter only use continively  1-29-2021, 11:41:16 AM
rathee (rathee) said machi 1-29-2021, 11:46:27 AM
rathee (rathee) said lag 1-29-2021, 11:56:27 AM
rathee (rathee) said nalla  1-29-2021, 11:56:54 AM
rathee (rathee) said hheheheklkehrlwspeqrhk pqlwrwq;re 1-29-2021, 11:57:28 AM
rathee (rathee) said world record  1-29-2021, 11:58:00 AM
rathee (rathee) said hey come with Storm_Sniper 1-29-2021, 11:59:29 AM
rathee (rathee) said who ever  1-29-2021, 11:59:40 AM
rathee (rathee) said blnd gamer 1-29-2021, 12:00:01 PM
rathee (rathee) said the ping took 313 ms 1-29-2021, 12:05:21 PM
rathee (rathee) said come on  1-29-2021, 12:09:15 PM
rathee (rathee) said i am not good fighter  1-29-2021, 12:09:29 PM
rathee (rathee) said come on my dear 1-29-2021, 12:10:22 PM
rathee (rathee) said i dont no i fild  1-29-2021, 12:12:00 PM
rathee (rathee) said s 1-29-2021, 12:12:04 PM
rathee (rathee) said thuuuuuuuuuuuuuuuuuu 1-29-2021, 12:12:43 PM
rathee (rathee) said back with Storm Sniper 1-29-2021, 12:13:06 PM
rathee (rathee) said darling  1-29-2021, 12:14:45 PM
rathee (rathee) said bak? 1-29-2021, 12:14:57 PM
rathee (rathee) said baimaruku  1-29-2021, 12:15:10 PM
rathee (rathee) said machi  1-29-2021, 12:16:14 PM
rathee (rathee) said long evlo 1-29-2021, 12:16:17 PM
rathee (rathee) said enna 1-29-2021, 12:21:15 PM
rathee (rathee) said tilea 1-29-2021, 12:21:19 PM
rathee (rathee) said just you on the map 1-29-2021, 6:21:47 PM
rathee (rathee) said just you on the map 1-29-2021, 6:22:02 PM
rathee (rathee) said vyou have 3 of 3 ammo in your storm_sniper, and you have 105 bullets remaining 1-29-2021, 6:22:25 PM
rathee (rathee) said you have 3 of 3 ammo in your storm_sniper, and you have 105 bullets remaining 1-29-2021, 6:22:27 PM
rathee (rathee) said come  with Storm_Sniper 1-29-2021, 6:22:47 PM
rathee (rathee) said deven come Storm_Sniper 1-29-2021, 6:23:12 PM
rathee (rathee) said Storm_Sniper 1-29-2021, 6:23:44 PM
rathee (rathee) said any body wants gidens for wepen challenge  1-29-2021, 6:24:20 PM
rathee (rathee) said fighet 1-29-2021, 6:25:59 PM
rathee (rathee) said fight 1-29-2021, 6:26:02 PM
rathee (rathee) said current location: weapon_challenge 1-29-2021, 6:26:47 PM
rathee (rathee) said laid 1-29-2021, 7:26:42 PM