
shoma(shoma) used a modern_sub_machine_gun_carbine 9-4-2020, 9:28:49 PM
shoma(shoma) used a shield 9-4-2020, 9:28:55 PM
shoma(shoma) used a shield 9-4-2020, 9:28:55 PM
shoma(shoma) used a shield 9-4-2020, 9:28:56 PM
shoma(shoma) used a shield 9-4-2020, 9:28:56 PM
shoma(shoma) used a shield 9-4-2020, 9:28:56 PM
shoma(shoma) used a shield 9-4-2020, 9:28:56 PM
shoma(shoma) used a shield 9-4-2020, 9:28:56 PM
shoma(shoma) used a shield 9-4-2020, 9:28:56 PM
shoma(shoma) used a shield 9-4-2020, 9:28:57 PM
shoma(shoma) used a shield 9-4-2020, 9:28:57 PM
shoma(shoma) used a shield 9-4-2020, 9:28:57 PM
shoma(shoma) used a shield 9-4-2020, 9:28:57 PM
shoma(shoma) used a shield 9-4-2020, 9:28:57 PM
shoma(shoma) used a shield 9-4-2020, 9:28:58 PM
shoma(shoma) used a shield 9-4-2020, 9:28:58 PM
shoma(shoma) used a shield 9-4-2020, 9:28:58 PM
shoma(shoma) used a shield 9-4-2020, 9:28:58 PM
shoma(shoma) used a shield 9-4-2020, 9:28:58 PM
shoma(shoma) used a shield 9-4-2020, 9:28:58 PM
shoma(shoma) used a shield 9-4-2020, 9:28:58 PM
shoma(shoma) used a shield 9-4-2020, 9:28:59 PM
shoma(shoma) used a shield 9-4-2020, 9:28:59 PM
shoma(shoma) used a shield 9-4-2020, 9:28:59 PM
shoma(shoma) used a shield 9-4-2020, 9:28:59 PM
shoma(shoma) used a shield 9-4-2020, 9:28:59 PM
shoma(shoma) used a shield 9-4-2020, 9:29:00 PM
shoma(shoma) used a shield 9-4-2020, 9:29:00 PM
shoma(shoma) used a shield 9-4-2020, 9:29:00 PM
shoma(shoma) used a shield 9-4-2020, 9:29:00 PM
shoma(shoma) used a shield 9-4-2020, 9:29:00 PM
shoma(shoma) used a shield 9-4-2020, 9:29:00 PM
shoma(shoma) used a shield 9-4-2020, 9:29:01 PM
shoma(shoma) used a shield 9-4-2020, 9:29:01 PM
shoma(shoma) used a tk_ultra_health_potion 9-4-2020, 9:29:04 PM
shoma(shoma) used a tk_ultra_health_potion 9-4-2020, 9:29:07 PM
shoma(shoma) used a tk_ultra_health_potion 9-4-2020, 9:29:17 PM
shoma(shoma) used a tk_ultra_health_potion 9-4-2020, 9:29:18 PM
shoma(shoma) used a tk_ultra_health_potion 9-4-2020, 9:29:18 PM
shoma(shoma) used a tk_ultra_health_potion 9-4-2020, 9:29:19 PM
shoma(shoma) used a tk_ultra_health_potion 9-4-2020, 9:29:19 PM
shoma(shoma) used a tk_ultra_health_potion 9-4-2020, 9:29:19 PM
shoma(shoma) used a tk_ultra_health_potion 9-4-2020, 9:29:20 PM
shoma(shoma) used a tk_ultra_health_potion 9-4-2020, 9:29:20 PM
shoma(shoma) used a tk_ultra_health_potion 9-4-2020, 9:29:20 PM
shoma(shoma) used a tk_ultra_health_potion 9-4-2020, 9:29:21 PM
shoma(shoma) used a tk_ultra_health_potion 9-4-2020, 9:29:21 PM
shoma(shoma) used a tk_ultra_health_potion 9-4-2020, 9:29:22 PM
shoma(shoma) used a tk_ultra_health_potion 9-4-2020, 9:29:22 PM
shoma(shoma) used a tk_ultra_health_potion 9-4-2020, 9:29:22 PM
shoma(shoma) used a tk_ultra_health_potion 9-4-2020, 9:29:23 PM
shoma(shoma) used a tk_ultra_health_potion 9-4-2020, 9:29:23 PM
shoma(shoma) used a tk_ultra_health_potion 9-4-2020, 9:29:23 PM
shoma(shoma) used a tk_ultra_health_potion 9-4-2020, 9:29:24 PM
shoma(shoma) used a tk_ultra_health_potion 9-4-2020, 9:29:24 PM
shoma(shoma) used a tk_ultra_health_potion 9-4-2020, 9:29:24 PM
shoma(shoma) used a tk_ultra_health_potion 9-4-2020, 9:29:25 PM
shoma(shoma) used a tk_ultra_health_potion 9-4-2020, 9:29:25 PM
shoma(shoma) used a tk_ultra_health_potion 9-4-2020, 9:29:25 PM
shoma(shoma) used a tk_ultra_health_potion 9-4-2020, 9:29:26 PM
shoma(shoma) used a tk_ultra_health_potion 9-4-2020, 9:29:26 PM
shoma(shoma) used a tk_ultra_health_potion 9-4-2020, 9:29:26 PM
shoma(shoma) used a tk_ultra_health_potion 9-4-2020, 9:29:27 PM
shoma(shoma) used a tk_ultra_health_potion 9-4-2020, 9:29:27 PM
shoma(shoma) used a tk_ultra_health_potion 9-4-2020, 9:29:27 PM
shoma(shoma) used a tk_ultra_health_potion 9-4-2020, 9:29:29 PM
shoma(shoma) used a tk_ultra_health_potion 9-4-2020, 9:29:29 PM
shoma(shoma) used a tk_ultra_health_potion 9-4-2020, 9:29:29 PM
shoma(shoma) used a tk_ultra_health_potion 9-4-2020, 9:29:30 PM
shoma(shoma) used a tk_ultra_health_potion 9-4-2020, 9:29:30 PM
shoma(shoma) used a tk_ultra_health_potion 9-4-2020, 9:29:30 PM
shoma(shoma) used a tk_ultra_health_potion 9-4-2020, 9:29:31 PM
shoma(shoma) used a tk_ultra_health_potion 9-4-2020, 9:29:31 PM
shoma(shoma) used a tk_ultra_health_potion 9-4-2020, 9:29:31 PM
shoma(shoma) used a tk_ultra_health_potion 9-4-2020, 9:29:31 PM
shoma(shoma) used a tk_ultra_health_potion 9-4-2020, 9:29:32 PM
shoma(shoma) used a tk_ultra_health_potion 9-4-2020, 9:29:32 PM
shoma(shoma) used a tk_ultra_health_potion 9-4-2020, 9:29:32 PM
shoma(shoma) used a tk_ultra_health_potion 9-4-2020, 9:29:33 PM
shoma(shoma) used a tk_ultra_health_potion 9-4-2020, 9:29:33 PM
shoma(shoma) used a tk_ultra_health_potion 9-4-2020, 9:29:33 PM
shoma(shoma) used a tk_ultra_health_potion 9-4-2020, 9:29:34 PM
shoma(shoma) used a tk_ultra_health_potion 9-4-2020, 9:29:34 PM
shoma(shoma) used a tk_ultra_health_potion 9-4-2020, 9:29:34 PM
shoma(shoma) used a tk_ultra_health_potion 9-4-2020, 9:29:35 PM
shoma(shoma) used a tk_ultra_health_potion 9-4-2020, 9:29:35 PM
shoma(shoma) used a turret 9-4-2020, 9:30:13 PM
shoma(shoma) used a turret 9-4-2020, 9:30:14 PM
shoma(shoma) used a hand_grenade 9-4-2020, 9:31:02 PM
shoma(shoma) used a hand_grenade 9-4-2020, 9:31:02 PM
shoma(shoma) used a hand_grenade 9-4-2020, 9:31:02 PM
shoma(shoma) used a hand_grenade 9-4-2020, 9:31:03 PM
shoma(shoma) used a shield 9-4-2020, 9:31:13 PM
shoma(shoma) used a shield 9-4-2020, 9:31:13 PM
shoma(shoma) used a shield 9-4-2020, 9:31:14 PM
shoma(shoma) used a shield 9-4-2020, 9:31:14 PM
shoma(shoma) used a shield 9-4-2020, 9:31:14 PM
shoma(shoma) used a shield 9-4-2020, 9:31:14 PM
shoma(shoma) used a shield 9-4-2020, 9:31:14 PM
shoma(shoma) used a shield 9-4-2020, 9:31:14 PM
shoma(shoma) used a shield 9-4-2020, 9:31:14 PM
shoma(shoma) used a shield 9-4-2020, 9:31:15 PM
shoma(shoma) used a shield 9-4-2020, 9:31:15 PM
shoma(shoma) used a tk_ultra_health_potion 9-4-2020, 9:31:18 PM
shoma(shoma) used a tk_ultra_health_potion 9-4-2020, 9:31:31 PM
shoma(shoma) used a tk_ultra_health_potion 9-4-2020, 9:31:32 PM
shoma(shoma) used a tk_ultra_health_potion 9-4-2020, 9:31:33 PM
shoma(shoma) used a tk_ultra_health_potion 9-4-2020, 9:31:37 PM
shoma(shoma) used a tk_ultra_health_potion 9-4-2020, 9:31:46 PM
shoma(shoma) used a tk_ultra_health_potion 9-4-2020, 9:31:47 PM
shoma(shoma) used a tk_ultra_health_potion 9-4-2020, 9:31:52 PM
shoma(shoma) used a tk_ultra_health_potion 9-4-2020, 9:31:52 PM
shoma(shoma) used a hand_grenade 9-4-2020, 9:32:00 PM
shoma(shoma) used a hand_grenade 9-4-2020, 9:32:01 PM
shoma(shoma) used a hand_grenade 9-4-2020, 9:32:17 PM
shoma(shoma) used a hand_grenade 9-4-2020, 9:32:17 PM
shoma(shoma) used a tk_ultra_health_potion 9-4-2020, 9:33:08 PM
shoma(shoma) used a tk_ultra_health_potion 9-4-2020, 9:33:18 PM
shoma(shoma) used a tk_ultra_health_potion 9-4-2020, 9:33:19 PM
shoma(shoma) used a tk_ultra_health_potion 9-4-2020, 9:33:20 PM
shoma(shoma) used a cannon 9-4-2020, 9:34:33 PM
shoma(shoma) used a shield 9-4-2020, 9:34:52 PM
shoma(shoma) used a shield 9-4-2020, 9:34:53 PM
shoma(shoma) used a shield 9-4-2020, 9:34:53 PM
shoma(shoma) used a tk_ultra_health_potion 9-4-2020, 9:34:56 PM
shoma(shoma) used a tk_ultra_health_potion 9-4-2020, 9:35:13 PM
shoma(shoma) used a tk_ultra_health_potion 9-4-2020, 10:12:47 PM
shoma(shoma) used a tk_ultra_health_potion 9-4-2020, 10:13:13 PM
shoma(shoma) used a shield 9-4-2020, 10:13:17 PM
shoma(shoma) used a shield 9-4-2020, 10:13:17 PM
shoma(shoma) used a shield 9-4-2020, 10:13:17 PM
shoma(shoma) used a shield 9-4-2020, 10:13:18 PM
shoma(shoma) used a shield 9-4-2020, 10:13:18 PM
shoma(shoma) used a shield 9-4-2020, 10:13:18 PM
shoma(shoma) used a tk_ultra_health_potion 9-4-2020, 10:13:21 PM
shoma(shoma) used a turret 9-4-2020, 10:13:38 PM
shoma(shoma) used a turret 9-4-2020, 10:13:39 PM
shoma(shoma) used a turret 9-4-2020, 10:13:40 PM
shoma(shoma) used a turret 9-4-2020, 10:13:41 PM
shoma(shoma) used a turret 9-4-2020, 10:13:42 PM
shoma(shoma) used a turret 9-4-2020, 10:13:42 PM
shoma(shoma) used a turret 9-4-2020, 10:13:43 PM
shoma(shoma) used a turret 9-4-2020, 10:13:43 PM
shoma(shoma) used a turret 9-4-2020, 10:13:43 PM
shoma(shoma) used a turret 9-4-2020, 10:13:43 PM
shoma(shoma) used a turret 9-4-2020, 10:13:43 PM
shoma(shoma) used a turret 9-4-2020, 10:13:44 PM
shoma(shoma) used a turret 9-4-2020, 10:13:44 PM
shoma(shoma) used a turret 9-4-2020, 10:13:45 PM
shoma(shoma) used a turret 9-4-2020, 10:13:45 PM
shoma(shoma) used a turret 9-4-2020, 10:13:46 PM
shoma(shoma) used a turret 9-4-2020, 10:13:46 PM
shoma(shoma) used a turret 9-4-2020, 10:13:47 PM
shoma(shoma) used a turret 9-4-2020, 10:13:48 PM
shoma(shoma) used a turret 9-4-2020, 10:13:48 PM
shoma(shoma) used a turret 9-4-2020, 10:13:49 PM
shoma(shoma) used a turret 9-4-2020, 10:13:49 PM
shoma(shoma) used a turret 9-4-2020, 10:13:49 PM
shoma(shoma) used a turret 9-4-2020, 10:13:50 PM
shoma(shoma) used a turret 9-4-2020, 10:13:50 PM
shoma(shoma) used a turret 9-4-2020, 10:13:50 PM
shoma(shoma) used a turret 9-4-2020, 10:13:51 PM
shoma(shoma) used a turret 9-4-2020, 10:13:51 PM
shoma(shoma) used a turret 9-4-2020, 10:13:51 PM
shoma(shoma) used a turret 9-4-2020, 10:13:52 PM
shoma(shoma) used a turret 9-4-2020, 10:13:52 PM
shoma(shoma) used a turret 9-4-2020, 10:13:53 PM
shoma(shoma) used a turret 9-4-2020, 10:13:53 PM
shoma(shoma) used a turret 9-4-2020, 10:13:53 PM
shoma(shoma) used a turret 9-4-2020, 10:13:54 PM
shoma(shoma) used a turret 9-4-2020, 10:13:54 PM
shoma(shoma) used a turret 9-4-2020, 10:13:54 PM
shoma(shoma) used a turret 9-4-2020, 10:13:55 PM
shoma(shoma) used a turret 9-4-2020, 10:13:57 PM
shoma(shoma) used a turret 9-4-2020, 10:14:01 PM
shoma(shoma) used a turret 9-4-2020, 10:14:13 PM
shoma(shoma) used a coin 9-4-2020, 10:22:01 PM
shoma(shoma) used a coin 9-4-2020, 10:22:12 PM
shoma(shoma) used a coin 9-4-2020, 10:22:14 PM
shoma(shoma) used a coin 9-4-2020, 10:22:15 PM
shoma(shoma) used a coin 9-4-2020, 10:22:17 PM
shoma(shoma) used a coin 9-4-2020, 10:22:18 PM
shoma(shoma) used a coin 9-4-2020, 10:22:21 PM