
ramil (ramil) said hi 10-3-2020, 2:40:23 PM
ramil (ramil) said люди, в каналюгу на 0 0 0 не идите 10-3-2020, 2:41:07 PM
ramil (ramil) said там травилпойнт на несощийствующию карту. 10-3-2020, 2:41:26 PM
ramil (ramil) said ну да. в инни убрал хвр мапы 10-3-2020, 2:41:49 PM
ramil (ramil) said мапы 10-3-2020, 2:41:51 PM
ramil (ramil) said аааааааа, значит походу зделали 10-3-2020, 2:43:00 PM
ramil (ramil) said я не чекал. 10-3-2020, 2:43:06 PM
ramil (ramil) said dont kill 10-3-2020, 2:44:22 PM
ramil (ramil) said uuuuuu 10-3-2020, 2:44:38 PM
ramil (ramil) said looool 10-3-2020, 2:44:41 PM
ramil (ramil) said иди в кириллс хаус 10-3-2020, 2:45:05 PM
ramil (ramil) said ууууу 10-3-2020, 2:45:10 PM
ramil (ramil) said там пищеры другие. 10-3-2020, 2:46:12 PM
ramil (ramil) said я проходил 10-3-2020, 2:46:17 PM
ramil (ramil) said там их 6 10-3-2020, 2:46:25 PM
ramil (ramil) said царствие 10-3-2020, 2:46:45 PM
ramil (ramil) said эх, былабы ща арена, ты бы хорошо поддостиг 10-3-2020, 2:47:30 PM
ramil (ramil) said там есть моб, у готорого 15000000 здоровья, но дается 3000000 опыта 10-3-2020, 2:48:09 PM
ramil (ramil) said и 15000000 мнет 10-3-2020, 2:48:33 PM
ramil (ramil) said манет 10-3-2020, 2:48:36 PM
ramil (ramil) said царствие 10-3-2020, 2:48:45 PM