
filips(filips) used a shotgun_ammo_pack 1-13-2021, 5:44:49 PM
filips(filips) used a shotgun_ammo_pack 1-13-2021, 5:44:50 PM
filips(filips) used a shotgun_ammo_pack 1-13-2021, 5:44:50 PM
filips(filips) used a shotgun_ammo_pack 1-13-2021, 5:44:50 PM
filips(filips) used a shotgun_ammo_pack 1-13-2021, 5:44:50 PM
filips(filips) used a shotgun_ammo_pack 1-13-2021, 5:44:50 PM
filips(filips) used a shotgun_ammo_pack 1-13-2021, 5:44:50 PM
filips(filips) used a shotgun_ammo_pack 1-13-2021, 5:44:50 PM
filips(filips) used a shotgun_ammo_pack 1-13-2021, 5:44:51 PM
filips(filips) used a shotgun_ammo_pack 1-13-2021, 5:44:51 PM
filips(filips) used a shotgun_ammo_pack 1-13-2021, 5:44:51 PM
filips(filips) used a shotgun_ammo_pack 1-13-2021, 5:44:51 PM
filips(filips) used a shotgun_ammo_pack 1-13-2021, 5:44:51 PM
filips(filips) used a shotgun_ammo_pack 1-13-2021, 5:44:51 PM
filips(filips) used a shotgun_ammo_pack 1-13-2021, 5:44:51 PM
filips(filips) used a shotgun_ammo_pack 1-13-2021, 5:44:51 PM
filips(filips) used a shotgun_ammo_pack 1-13-2021, 5:44:52 PM
filips(filips) used a shotgun_ammo_pack 1-13-2021, 5:44:52 PM
filips(filips) used a shotgun_ammo_pack 1-13-2021, 5:44:52 PM
filips(filips) used a shotgun_ammo_pack 1-13-2021, 5:44:52 PM
filips(filips) used a shotgun_ammo_pack 1-13-2021, 5:44:52 PM
filips(filips) used a shotgun_ammo_pack 1-13-2021, 5:44:53 PM
filips(filips) used a shotgun_ammo_pack 1-13-2021, 5:44:53 PM
filips(filips) used a pack_of_100_ammo_m16_assault_rifle 1-13-2021, 5:45:10 PM
filips(filips) used a pack_of_100_ammo_m16_assault_rifle 1-13-2021, 5:45:10 PM
filips(filips) used a pack_of_100_ammo_m16_assault_rifle 1-13-2021, 5:45:11 PM
filips(filips) used a pack_of_100_ammo_m16_assault_rifle 1-13-2021, 5:45:11 PM
filips(filips) used a pack_of_100_ammo_m16_assault_rifle 1-13-2021, 5:45:11 PM
filips(filips) used a pack_of_100_ammo_m16_assault_rifle 1-13-2021, 5:45:11 PM
filips(filips) used a pack_of_100_ammo_m16_assault_rifle 1-13-2021, 5:45:11 PM
filips(filips) used a pack_of_100_ammo_m16_assault_rifle 1-13-2021, 5:45:11 PM
filips(filips) used a pack_of_100_ammo_m16_assault_rifle 1-13-2021, 5:45:12 PM
filips(filips) used a pack_of_100_ammo_m16_assault_rifle 1-13-2021, 5:45:12 PM
filips(filips) used a pack_of_100_ammo_m16_assault_rifle 1-13-2021, 5:45:12 PM
filips(filips) used a pack_of_100_ammo_m16_assault_rifle 1-13-2021, 5:45:12 PM
filips(filips) used a pack_of_100_ammo_m16_assault_rifle 1-13-2021, 5:45:12 PM
filips(filips) used a pack_of_100_ammo_m16_assault_rifle 1-13-2021, 5:45:12 PM
filips(filips) used a pack_of_100_ammo_m16_assault_rifle 1-13-2021, 5:45:12 PM
filips(filips) used a pack_of_100_ammo_m16_assault_rifle 1-13-2021, 5:45:13 PM
filips(filips) used a pack_of_100_ammo_m16_assault_rifle 1-13-2021, 5:45:13 PM
filips(filips) used a pack_of_100_ammo_m16_assault_rifle 1-13-2021, 5:45:13 PM
filips(filips) used a pack_of_100_ammo_m16_assault_rifle 1-13-2021, 5:45:13 PM
filips(filips) used a pack_of_100_ammo_m16_assault_rifle 1-13-2021, 5:45:13 PM
filips(filips) used a pack_of_100_ammo_m16_assault_rifle 1-13-2021, 5:45:13 PM
filips(filips) used a pack_of_100_ammo_m16_assault_rifle 1-13-2021, 5:45:13 PM
filips(filips) used a pack_of_100_ammo_m16_assault_rifle 1-13-2021, 5:45:13 PM
filips(filips) used a pack_of_100_ammo_m16_assault_rifle 1-13-2021, 5:45:14 PM
filips(filips) used a pack_of_100_ammo_m16_assault_rifle 1-13-2021, 5:45:14 PM
filips(filips) used a pack_of_100_ammo_m16_assault_rifle 1-13-2021, 5:45:14 PM
filips(filips) used a pack_of_100_ammo_m16_assault_rifle 1-13-2021, 5:45:14 PM
filips(filips) used a pack_of_100_ammo_m16_assault_rifle 1-13-2021, 5:45:14 PM
filips(filips) used a pack_of_100_ammo_m16_assault_rifle 1-13-2021, 5:45:14 PM
filips(filips) used a pack_of_100_ammo_m16_assault_rifle 1-13-2021, 5:45:14 PM
filips(filips) used a pack_of_100_ammo_m16_assault_rifle 1-13-2021, 5:45:15 PM
filips(filips) used a pack_of_100_ammo_m16_assault_rifle 1-13-2021, 5:45:15 PM
filips(filips) used a pack_of_100_ammo_m16_assault_rifle 1-13-2021, 5:45:15 PM
filips(filips) used a pack_of_100_ammo_m16_assault_rifle 1-13-2021, 5:45:15 PM
filips(filips) used a pack_of_100_ammo_m16_assault_rifle 1-13-2021, 5:45:15 PM
filips(filips) used a pack_of_100_ammo_m16_assault_rifle 1-13-2021, 5:45:15 PM
filips(filips) used a pack_of_100_ammo_m16_assault_rifle 1-13-2021, 5:45:15 PM
filips(filips) used a pack_of_100_ammo_m16_assault_rifle 1-13-2021, 5:45:19 PM
filips(filips) used a pack_of_100_ammo_m16_assault_rifle 1-13-2021, 5:45:19 PM
filips(filips) used a pack_of_100_ammo_m16_assault_rifle 1-13-2021, 5:45:20 PM
filips(filips) used a pack_of_100_ammo_m16_assault_rifle 1-13-2021, 5:45:20 PM
filips(filips) used a pack_of_100_ammo_m16_assault_rifle 1-13-2021, 5:45:20 PM
filips(filips) used a pack_of_100_ammo_m16_assault_rifle 1-13-2021, 5:45:20 PM
filips(filips) used a pack_of_100_ammo_m16_assault_rifle 1-13-2021, 5:45:20 PM
filips(filips) used a pack_of_100_ammo_m16_assault_rifle 1-13-2021, 5:45:20 PM
filips(filips) used a pack_of_100_ammo_m16_assault_rifle 1-13-2021, 5:45:20 PM
filips(filips) used a pack_of_100_ammo_m16_assault_rifle 1-13-2021, 5:45:21 PM
filips(filips) used a pack_of_100_ammo_m16_assault_rifle 1-13-2021, 5:45:21 PM
filips(filips) used a pack_of_100_ammo_m16_assault_rifle 1-13-2021, 5:45:21 PM
filips(filips) used a pack_of_100_ammo_m16_assault_rifle 1-13-2021, 5:45:21 PM
filips(filips) used a pack_of_100_ammo_m16_assault_rifle 1-13-2021, 5:45:21 PM
filips(filips) used a pack_of_100_ammo_m16_assault_rifle 1-13-2021, 5:45:21 PM
filips(filips) used a pack_of_100_ammo_m16_assault_rifle 1-13-2021, 5:45:21 PM
filips(filips) used a pack_of_100_ammo_m16_assault_rifle 1-13-2021, 5:45:22 PM
filips(filips) used a pack_of_100_ammo_m16_assault_rifle 1-13-2021, 5:45:22 PM
filips(filips) used a pack_of_100_ammo_m16_assault_rifle 1-13-2021, 5:45:22 PM
filips(filips) used a pack_of_100_ammo_m16_assault_rifle 1-13-2021, 5:45:22 PM
filips(filips) used a pack_of_100_ammo_m16_assault_rifle 1-13-2021, 5:45:22 PM
filips(filips) used a pack_of_100_ammo_m16_assault_rifle 1-13-2021, 5:45:22 PM
filips(filips) used a pack_of_100_ammo_m16_assault_rifle 1-13-2021, 5:45:42 PM
filips(filips) used a pack_of_100_ammo_m16_assault_rifle 1-13-2021, 5:45:42 PM
filips(filips) used a pack_of_100_ammo_m16_assault_rifle 1-13-2021, 5:45:42 PM
filips(filips) used a pack_of_100_ammo_m16_assault_rifle 1-13-2021, 5:45:42 PM
filips(filips) used a pack_of_100_ammo_m16_assault_rifle 1-13-2021, 5:45:43 PM
filips(filips) used a pack_of_100_ammo_m16_assault_rifle 1-13-2021, 5:45:43 PM
filips(filips) used a pack_of_100_ammo_m16_assault_rifle 1-13-2021, 5:45:43 PM
filips(filips) used a pack_of_100_ammo_m16_assault_rifle 1-13-2021, 5:45:43 PM
filips(filips) used a pack_of_100_ammo_m16_assault_rifle 1-13-2021, 5:45:43 PM
filips(filips) used a pack_of_100_ammo_m16_assault_rifle 1-13-2021, 5:45:43 PM
filips(filips) used a pack_of_100_ammo_m16_assault_rifle 1-13-2021, 5:45:43 PM
filips(filips) used a pack_of_100_ammo_m16_assault_rifle 1-13-2021, 5:45:44 PM
filips(filips) used a pack_of_100_ammo_m16_assault_rifle 1-13-2021, 5:45:44 PM
filips(filips) used a pack_of_100_ammo_m16_assault_rifle 1-13-2021, 5:45:44 PM
filips(filips) used a pack_of_100_ammo_m16_assault_rifle 1-13-2021, 5:45:44 PM
filips(filips) used a pack_of_100_ammo_m16_assault_rifle 1-13-2021, 5:45:44 PM
filips(filips) used a pack_of_100_ammo_m16_assault_rifle 1-13-2021, 5:45:44 PM
filips(filips) used a pack_of_100_ammo_m16_assault_rifle 1-13-2021, 5:45:45 PM
filips(filips) used a pack_of_100_ammo_m16_assault_rifle 1-13-2021, 5:45:45 PM
filips(filips) used a pack_of_100_ammo_m16_assault_rifle 1-13-2021, 5:45:45 PM
filips(filips) used a sniper_ammo_pack 1-13-2021, 5:46:13 PM
filips(filips) used a sniper_ammo_pack 1-13-2021, 5:46:14 PM
filips(filips) used a sniper_ammo_pack 1-13-2021, 5:46:14 PM
filips(filips) used a sniper_ammo_pack 1-13-2021, 5:46:14 PM
filips(filips) used a sniper_ammo_pack 1-13-2021, 5:46:14 PM
filips(filips) used a sniper_ammo_pack 1-13-2021, 5:46:14 PM
filips(filips) used a sniper_ammo_pack 1-13-2021, 5:46:14 PM
filips(filips) used a sniper_ammo_pack 1-13-2021, 5:46:14 PM
filips(filips) used a sniper_ammo_pack 1-13-2021, 5:46:15 PM
filips(filips) used a sniper_ammo_pack 1-13-2021, 5:46:15 PM
filips(filips) used a sniper_ammo_pack 1-13-2021, 5:46:15 PM
filips(filips) used a sniper_ammo_pack 1-13-2021, 5:46:15 PM
filips(filips) used a sniper_ammo_pack 1-13-2021, 5:46:15 PM
filips(filips) used a sniper_ammo_pack 1-13-2021, 5:46:15 PM
filips(filips) used a sniper_ammo_pack 1-13-2021, 5:46:16 PM
filips(filips) used a sniper_ammo_pack 1-13-2021, 5:46:16 PM
filips(filips) used a sniper_ammo_pack 1-13-2021, 5:46:16 PM
filips(filips) used a sniper_ammo_pack 1-13-2021, 5:46:16 PM
filips(filips) used a sniper_ammo_pack 1-13-2021, 5:46:16 PM
filips(filips) used a sniper_ammo_pack 1-13-2021, 5:46:16 PM
filips(filips) used a sniper_ammo_pack 1-13-2021, 5:46:16 PM
filips(filips) used a sniper_ammo_pack 1-13-2021, 5:46:16 PM
filips(filips) used a sniper_ammo_pack 1-13-2021, 5:46:17 PM
filips(filips) used a sniper_ammo_pack 1-13-2021, 5:46:17 PM
filips(filips) used a sniper_ammo_pack 1-13-2021, 5:46:17 PM
filips(filips) used a sniper_ammo_pack 1-13-2021, 5:46:17 PM
filips(filips) used a sniper_ammo_pack 1-13-2021, 5:46:17 PM
filips(filips) used a sniper_ammo_pack 1-13-2021, 5:46:17 PM
filips(filips) used a sniper_ammo_pack 1-13-2021, 5:46:18 PM
filips(filips) used a sniper_ammo_pack 1-13-2021, 5:46:18 PM
filips(filips) used a sniper_ammo_pack 1-13-2021, 5:46:18 PM
filips(filips) used a sniper_ammo_pack 1-13-2021, 5:46:18 PM
filips(filips) used a sniper_ammo_pack 1-13-2021, 5:46:18 PM
filips(filips) used a sniper_ammo_pack 1-13-2021, 5:46:18 PM
filips(filips) used a sniper_ammo_pack 1-13-2021, 5:46:18 PM
filips(filips) used a sniper_ammo_pack 1-13-2021, 5:46:19 PM
filips(filips) used a sniper_ammo_pack 1-13-2021, 5:46:19 PM
filips(filips) used a sniper_ammo_pack 1-13-2021, 5:46:19 PM
filips(filips) used a sniper_ammo_pack 1-13-2021, 5:46:19 PM
filips(filips) used a sniper_ammo_pack 1-13-2021, 5:46:19 PM
filips(filips) used a sniper_ammo_pack 1-13-2021, 5:46:19 PM
filips(filips) used a sniper_ammo_pack 1-13-2021, 5:46:20 PM
filips(filips) used a sniper_ammo_pack 1-13-2021, 5:46:20 PM
filips(filips) used a sniper_ammo_pack 1-13-2021, 5:46:20 PM
filips(filips) used a sniper_ammo_pack 1-13-2021, 5:46:20 PM
filips(filips) used a sniper_ammo_pack 1-13-2021, 5:46:20 PM
filips(filips) used a sniper_ammo_pack 1-13-2021, 5:46:20 PM
filips(filips) used a sniper_ammo_pack 1-13-2021, 5:46:21 PM
filips(filips) used a sniper_ammo_pack 1-13-2021, 5:46:21 PM
filips(filips) used a sniper_ammo_pack 1-13-2021, 5:46:21 PM
filips(filips) used a sniper_ammo_pack 1-13-2021, 5:46:21 PM
filips(filips) used a modern_sub_machine_gun_carbine 1-13-2021, 5:46:46 PM
filips(filips) used a pack_of_100_ammo_modern_sub_machine_gun_carbine 1-13-2021, 5:47:28 PM
filips(filips) used a pack_of_100_ammo_modern_sub_machine_gun_carbine 1-13-2021, 5:47:28 PM
filips(filips) used a pack_of_100_ammo_modern_sub_machine_gun_carbine 1-13-2021, 5:47:28 PM
filips(filips) used a pack_of_100_ammo_modern_sub_machine_gun_carbine 1-13-2021, 5:47:28 PM
filips(filips) used a pack_of_100_ammo_modern_sub_machine_gun_carbine 1-13-2021, 5:47:28 PM
filips(filips) used a pack_of_100_ammo_modern_sub_machine_gun_carbine 1-13-2021, 5:47:29 PM
filips(filips) used a pack_of_100_ammo_modern_sub_machine_gun_carbine 1-13-2021, 5:47:29 PM
filips(filips) used a pack_of_100_ammo_modern_sub_machine_gun_carbine 1-13-2021, 5:47:29 PM
filips(filips) used a pack_of_100_ammo_modern_sub_machine_gun_carbine 1-13-2021, 5:47:29 PM
filips(filips) used a pack_of_100_ammo_modern_sub_machine_gun_carbine 1-13-2021, 5:47:29 PM
filips(filips) used a modern_sub_machine_gun_carbine 1-13-2021, 5:47:36 PM
filips(filips) used a modern_sub_machine_gun_carbine 1-13-2021, 5:47:39 PM
filips(filips) used a pistol 1-13-2021, 5:47:52 PM
filips(filips) used a pistol 1-13-2021, 5:48:24 PM
filips(filips) used a bottle_bomb 1-13-2021, 5:48:45 PM
filips(filips) used a m16_assault_rifle 1-13-2021, 5:49:19 PM
filips(filips) used a health_orb 1-13-2021, 5:49:33 PM
filips(filips) used a sniper 1-13-2021, 5:50:22 PM
filips(filips) used a shotgun 1-13-2021, 5:50:29 PM
filips(filips) used a beretta_nano_pocket_pistol 1-13-2021, 5:52:15 PM
filips(filips) used a empty_pack 1-13-2021, 5:59:18 PM
filips(filips) used a coin 1-13-2021, 6:00:46 PM
filips(filips) used a coin 1-13-2021, 6:01:04 PM
filips(filips) used a coin 1-13-2021, 6:01:08 PM
filips(filips) used a beer_bottle 1-13-2021, 6:01:38 PM
filips(filips) used a beer_bottle 1-13-2021, 6:01:44 PM
filips(filips) used a open_beer_bottle 1-13-2021, 6:01:49 PM
filips(filips) used a open_beer_bottle 1-13-2021, 6:01:52 PM
filips(filips) used a open_beer_bottle 1-13-2021, 6:01:55 PM
filips(filips) used a open_beer_bottle 1-13-2021, 6:01:56 PM
filips(filips) used a open_beer_bottle 1-13-2021, 6:02:05 PM
filips(filips) used a open_beer_bottle 1-13-2021, 6:02:06 PM
filips(filips) used a open_beer_bottle 1-13-2021, 6:02:06 PM
filips(filips) used a open_beer_bottle 1-13-2021, 6:02:07 PM
filips(filips) used a open_beer_bottle 1-13-2021, 6:02:07 PM
filips(filips) used a open_beer_bottle 1-13-2021, 6:02:07 PM
filips(filips) used a open_beer_bottle 1-13-2021, 6:02:22 PM
filips(filips) used a open_beer_bottle 1-13-2021, 6:02:27 PM
filips(filips) used a open_beer_bottle 1-13-2021, 6:02:28 PM
filips(filips) used a open_beer_bottle 1-13-2021, 6:02:28 PM
filips(filips) used a open_beer_bottle 1-13-2021, 6:03:23 PM
filips(filips) used a open_beer_bottle 1-13-2021, 6:03:23 PM
filips(filips) used a pistol 1-13-2021, 6:35:53 PM
filips(filips) used a shotgun 1-13-2021, 6:36:01 PM
filips(filips) used a empty_beer_bottle 1-13-2021, 6:36:05 PM
filips(filips) used a hipersound_bomb 1-13-2021, 6:36:11 PM
filips(filips) used a modern_sub_machine_gun_carbine 1-13-2021, 6:36:16 PM
filips(filips) used a throwing_knives 1-13-2021, 6:36:30 PM