
krokodailtop (krokodailtop) sent /s39 1-13-2021, 8:39:42 AM
krokodailtop (krokodailtop) sent /suicide 1-13-2021, 8:39:59 AM
krokodailtop (krokodailtop) sent /sell 1-13-2021, 9:06:05 AM
krokodailtop (krokodailtop) sent /sell 1-13-2021, 9:06:24 AM
krokodailtop (krokodailtop) sent /sell 1-13-2021, 9:06:35 AM
krokodailtop (krokodailtop) sent /help 1-13-2021, 9:19:34 AM
krokodailtop (krokodailtop) sent /sell 1-13-2021, 9:50:02 AM
krokodailtop (krokodailtop) sent /cancelauction 1-13-2021, 9:54:47 AM
krokodailtop (krokodailtop) sent /cancelauction 1-13-2021, 9:54:48 AM
krokodailtop (krokodailtop) sent /sell 1-13-2021, 2:16:11 PM
krokodailtop (krokodailtop) sent /teamcreate 1-13-2021, 2:22:22 PM
krokodailtop (krokodailtop) sent /teamcreate 1-13-2021, 2:22:27 PM
krokodailtop (krokodailtop) sent /teamleave 1-13-2021, 2:22:37 PM
krokodailtop (krokodailtop) sent /teamcreate 1-13-2021, 2:22:41 PM
krokodailtop (krokodailtop) sent /sell 1-13-2021, 2:34:44 PM
krokodailtop (krokodailtop) sent /suicide 1-13-2021, 4:04:34 PM
krokodailtop (krokodailtop) sent /jointeam best-killers best-killers2007 1-13-2021, 4:21:43 PM
krokodailtop (krokodailtop) sent /t привет 1-13-2021, 4:28:55 PM
krokodailtop (krokodailtop) sent /t z yt ble 1-13-2021, 5:12:11 PM
krokodailtop (krokodailtop) sent /jointeam best-killers best-killers2007 1-13-2021, 5:20:50 PM
krokodailtop (krokodailtop) sent /teamleave 1-13-2021, 5:21:14 PM
krokodailtop (krokodailtop) sent /jointeam vest-killers best-killers2007 1-13-2021, 5:25:42 PM
krokodailtop (krokodailtop) sent /jointeam best-killers best-killers2006 1-13-2021, 5:26:43 PM
krokodailtop (krokodailtop) sent /teamleave 1-13-2021, 6:13:32 PM
krokodailtop (krokodailtop) sent /jointeam best-killers best-killers2006 1-13-2021, 6:13:59 PM
krokodailtop (krokodailtop) sent /suicidee 1-13-2021, 7:37:52 PM
krokodailtop (krokodailtop) sent /suicide 1-13-2021, 7:37:56 PM
krokodailtop (krokodailtop) sent /jointeam best-killers best-killers2006 1-13-2021, 7:39:21 PM
krokodailtop (krokodailtop) sent /s6 1-13-2021, 7:48:21 PM
krokodailtop (krokodailtop) sent /suicide 1-13-2021, 8:26:19 PM
krokodailtop (krokodailtop) sent /bid 400 1-13-2021, 8:32:42 PM
krokodailtop (krokodailtop) sent /bid 1 1-13-2021, 8:38:36 PM
krokodailtop (krokodailtop) sent /bid па 1-13-2021, 8:39:46 PM
krokodailtop (krokodailtop) sent /ber 1-13-2021, 8:40:32 PM
krokodailtop (krokodailtop) sent /help 1-13-2021, 8:40:44 PM
krokodailtop (krokodailtop) sent /help 1-13-2021, 8:42:09 PM
krokodailtop (krokodailtop) sent /bid 2000000 1-13-2021, 8:43:07 PM
krokodailtop (krokodailtop) sent /suicide 1-13-2021, 9:18:12 PM
krokodailtop (krokodailtop) sent /t fffff 1-13-2021, 9:31:18 PM
krokodailtop (krokodailtop) sent /t gfhghf 1-13-2021, 9:33:28 PM
krokodailtop (krokodailtop) sent /jointeam best-killers bestkillers2006 1-13-2021, 9:34:07 PM
krokodailtop (krokodailtop) sent /jointeam best-killers best-killers2006 1-13-2021, 9:35:26 PM
krokodailtop (krokodailtop) sent /suicide 1-13-2021, 10:16:22 PM
krokodailtop (krokodailtop) sent /teamcreate 1-13-2021, 10:20:20 PM
krokodailtop (krokodailtop) sent /teamcreate 1-13-2021, 10:21:05 PM
krokodailtop (krokodailtop) sent /jointeam best-killers best-killers2007 1-13-2021, 10:23:58 PM
krokodailtop (krokodailtop) sent /suicide 1-13-2021, 10:35:36 PM
krokodailtop (krokodailtop) sent /s11 1-13-2021, 10:57:14 PM