
officer(officer) used a tk_ultra_health_potion 1-13-2021, 8:44:27 AM
officer(officer) used a shotgun_ammo_pack 1-13-2021, 8:46:07 AM
officer(officer) used a shotgun_ammo_pack 1-13-2021, 8:46:08 AM
officer(officer) used a shotgun_ammo_pack 1-13-2021, 8:46:08 AM
officer(officer) used a shotgun_ammo_pack 1-13-2021, 8:46:08 AM
officer(officer) used a shotgun_ammo_pack 1-13-2021, 8:46:08 AM
officer(officer) used a shotgun_ammo_pack 1-13-2021, 8:46:09 AM
officer(officer) used a shotgun_ammo_pack 1-13-2021, 8:46:09 AM
officer(officer) used a shotgun_ammo_pack 1-13-2021, 8:46:10 AM
officer(officer) used a shotgun_ammo_pack 1-13-2021, 8:46:10 AM
officer(officer) used a shotgun_ammo_pack 1-13-2021, 8:46:10 AM
officer(officer) used a shotgun_ammo_pack 1-13-2021, 8:46:11 AM
officer(officer) used a shotgun_ammo_pack 1-13-2021, 8:46:12 AM
officer(officer) used a shotgun_ammo_pack 1-13-2021, 8:46:12 AM
officer(officer) used a shotgun_ammo_pack 1-13-2021, 8:46:13 AM
officer(officer) used a shotgun_ammo_pack 1-13-2021, 8:46:13 AM
officer(officer) used a shotgun_ammo_pack 1-13-2021, 8:46:14 AM
officer(officer) used a shotgun_ammo_pack 1-13-2021, 8:46:14 AM
officer(officer) used a shotgun_ammo_pack 1-13-2021, 8:46:14 AM
officer(officer) used a shotgun_ammo_pack 1-13-2021, 8:46:14 AM
officer(officer) used a shotgun_ammo_pack 1-13-2021, 8:46:15 AM
officer(officer) used a shotgun_ammo_pack 1-13-2021, 8:46:15 AM
officer(officer) used a shotgun_ammo_pack 1-13-2021, 8:46:15 AM
officer(officer) used a shotgun_ammo_pack 1-13-2021, 8:46:15 AM
officer(officer) used a shotgun_ammo_pack 1-13-2021, 8:46:16 AM
officer(officer) used a shotgun_ammo_pack 1-13-2021, 8:46:16 AM
officer(officer) used a shotgun_ammo_pack 1-13-2021, 8:46:16 AM
officer(officer) used a shotgun_ammo_pack 1-13-2021, 8:46:16 AM
officer(officer) used a shotgun_ammo_pack 1-13-2021, 8:46:16 AM
officer(officer) used a shotgun_ammo_pack 1-13-2021, 8:46:17 AM
officer(officer) used a shotgun_ammo_pack 1-13-2021, 8:46:17 AM
officer(officer) used a shotgun_ammo_pack 1-13-2021, 8:46:17 AM
officer(officer) used a shotgun_ammo_pack 1-13-2021, 8:46:17 AM
officer(officer) used a shotgun_ammo_pack 1-13-2021, 8:46:18 AM
officer(officer) used a shotgun_ammo_pack 1-13-2021, 8:46:18 AM
officer(officer) used a shotgun_ammo_pack 1-13-2021, 8:46:18 AM
officer(officer) used a shotgun_ammo_pack 1-13-2021, 8:46:19 AM
officer(officer) used a shotgun_ammo_pack 1-13-2021, 8:46:19 AM
officer(officer) used a shotgun_ammo_pack 1-13-2021, 8:46:19 AM
officer(officer) used a shotgun_ammo_pack 1-13-2021, 8:46:19 AM
officer(officer) used a shotgun_ammo_pack 1-13-2021, 8:46:19 AM
officer(officer) used a shotgun_ammo_pack 1-13-2021, 8:46:20 AM
officer(officer) used a shotgun_ammo_pack 1-13-2021, 8:46:20 AM
officer(officer) used a shotgun_ammo_pack 1-13-2021, 8:46:33 AM
officer(officer) used a shotgun_ammo_pack 1-13-2021, 8:46:33 AM
officer(officer) used a shotgun_ammo_pack 1-13-2021, 8:46:33 AM
officer(officer) used a shotgun_ammo_pack 1-13-2021, 8:46:33 AM
officer(officer) used a shotgun_ammo_pack 1-13-2021, 8:46:34 AM
officer(officer) used a shotgun_ammo_pack 1-13-2021, 8:46:34 AM
officer(officer) used a shotgun_ammo_pack 1-13-2021, 8:46:34 AM
officer(officer) used a shotgun_ammo_pack 1-13-2021, 8:46:35 AM
officer(officer) used a shotgun_ammo_pack 1-13-2021, 8:46:35 AM
officer(officer) used a shotgun_ammo_pack 1-13-2021, 8:46:35 AM
officer(officer) used a shotgun_ammo_pack 1-13-2021, 8:46:36 AM
officer(officer) used a shotgun_ammo_pack 1-13-2021, 8:46:36 AM
officer(officer) used a shotgun_ammo_pack 1-13-2021, 8:46:36 AM
officer(officer) used a shotgun_ammo_pack 1-13-2021, 8:46:37 AM
officer(officer) used a shotgun 1-13-2021, 8:46:55 AM
officer(officer) used a shield 1-13-2021, 8:47:44 AM
officer(officer) used a shield 1-13-2021, 8:47:44 AM
officer(officer) used a shield 1-13-2021, 8:47:45 AM
officer(officer) used a shield 1-13-2021, 8:47:45 AM
officer(officer) used a shotgun 1-13-2021, 8:48:06 AM
officer(officer) used a tk_ultra_health_potion 1-13-2021, 12:29:19 PM
officer(officer) used a health_drink 1-13-2021, 12:29:28 PM
officer(officer) used a health_drink 1-13-2021, 12:29:33 PM
officer(officer) used a health_drink 1-13-2021, 12:30:58 PM
officer(officer) used a spiked_chain_mace 1-13-2021, 12:44:56 PM
officer(officer) used a shield 1-13-2021, 12:45:08 PM
officer(officer) used a shield 1-13-2021, 12:45:08 PM
officer(officer) used a shield 1-13-2021, 12:45:09 PM
officer(officer) used a shield 1-13-2021, 12:45:09 PM
officer(officer) used a shield 1-13-2021, 12:45:10 PM
officer(officer) used a shield 1-13-2021, 12:45:10 PM
officer(officer) used a shield 1-13-2021, 12:45:11 PM
officer(officer) used a shield 1-13-2021, 12:45:11 PM
officer(officer) used a shield 1-13-2021, 12:45:11 PM
officer(officer) used a shield 1-13-2021, 12:45:12 PM
officer(officer) used a shield 1-13-2021, 12:45:12 PM
officer(officer) used a shield 1-13-2021, 12:45:13 PM
officer(officer) used a shield 1-13-2021, 12:45:13 PM
officer(officer) used a shield 1-13-2021, 12:45:13 PM
officer(officer) used a shield 1-13-2021, 12:45:14 PM
officer(officer) used a shield 1-13-2021, 12:45:15 PM
officer(officer) used a shield 1-13-2021, 12:45:15 PM
officer(officer) used a shield 1-13-2021, 12:45:18 PM
officer(officer) used a shield 1-13-2021, 12:45:18 PM
officer(officer) used a shield 1-13-2021, 12:45:19 PM
officer(officer) used a shield 1-13-2021, 12:45:19 PM
officer(officer) used a shield 1-13-2021, 12:45:19 PM
officer(officer) used a shield 1-13-2021, 12:45:20 PM
officer(officer) used a shield 1-13-2021, 12:45:24 PM
officer(officer) used a shield 1-13-2021, 12:45:28 PM
officer(officer) used a shield 1-13-2021, 12:45:28 PM
officer(officer) used a shield 1-13-2021, 12:45:29 PM
officer(officer) used a shield 1-13-2021, 12:45:29 PM
officer(officer) used a shield 1-13-2021, 12:45:29 PM
officer(officer) used a shield 1-13-2021, 12:45:30 PM
officer(officer) used a shield 1-13-2021, 12:45:30 PM
officer(officer) used a tk_ultra_health_potion 1-13-2021, 12:45:56 PM
officer(officer) used a health_drink 1-13-2021, 12:46:08 PM
officer(officer) used a spiked_chain_mace 1-13-2021, 12:46:40 PM
officer(officer) used a tk_ultra_health_potion 1-13-2021, 6:46:44 PM
officer(officer) used a health_drink 1-13-2021, 6:46:50 PM
officer(officer) used a health_drink 1-13-2021, 6:46:50 PM
officer(officer) used a health_drink 1-13-2021, 6:46:50 PM
officer(officer) used a health_drink 1-13-2021, 6:46:53 PM
officer(officer) used a health_drink 1-13-2021, 6:46:53 PM
officer(officer) used a health_drink 1-13-2021, 6:46:56 PM
officer(officer) used a shield 1-13-2021, 7:51:34 PM
officer(officer) used a shield 1-13-2021, 7:51:34 PM
officer(officer) used a shield 1-13-2021, 7:51:35 PM
officer(officer) used a shield 1-13-2021, 7:51:36 PM
officer(officer) used a shield 1-13-2021, 7:51:37 PM
officer(officer) used a shield 1-13-2021, 7:51:38 PM
officer(officer) used a shield 1-13-2021, 7:51:38 PM
officer(officer) used a shield 1-13-2021, 7:51:39 PM
officer(officer) used a shield 1-13-2021, 7:51:41 PM
officer(officer) used a shield 1-13-2021, 7:51:41 PM
officer(officer) used a shield 1-13-2021, 7:51:42 PM
officer(officer) used a shield 1-13-2021, 7:51:43 PM
officer(officer) used a shield 1-13-2021, 7:51:43 PM
officer(officer) used a shield 1-13-2021, 7:51:44 PM
officer(officer) used a shield 1-13-2021, 7:51:46 PM
officer(officer) used a shield 1-13-2021, 7:51:47 PM
officer(officer) used a shield 1-13-2021, 7:51:53 PM
officer(officer) used a shield 1-13-2021, 7:51:54 PM
officer(officer) used a shield 1-13-2021, 7:51:54 PM
officer(officer) used a shield 1-13-2021, 7:52:00 PM
officer(officer) used a shield 1-13-2021, 7:52:16 PM
officer(officer) used a shield 1-13-2021, 7:52:16 PM
officer(officer) used a shield 1-13-2021, 7:52:17 PM
officer(officer) used a shield 1-13-2021, 7:52:17 PM
officer(officer) used a shield 1-13-2021, 7:52:18 PM
officer(officer) used a shield 1-13-2021, 7:52:18 PM
officer(officer) used a shield 1-13-2021, 7:52:19 PM
officer(officer) used a tk_ultra_health_potion 1-13-2021, 7:55:17 PM
officer(officer) used a health_drink 1-13-2021, 7:55:27 PM
officer(officer) used a health_drink 1-13-2021, 7:55:27 PM
officer(officer) used a health_drink 1-13-2021, 7:55:30 PM
officer(officer) used a health_drink 1-13-2021, 7:55:31 PM
officer(officer) used a health_drink 1-13-2021, 7:55:34 PM
officer(officer) used a health_drink 1-13-2021, 7:55:36 PM
officer(officer) used a aircraft 1-13-2021, 7:56:17 PM
officer(officer) used a guided_missile 1-13-2021, 7:56:44 PM
officer(officer) used a aircraft 1-13-2021, 8:00:21 PM