
dima (dima) said а что 8-24-2020, 12:00:53 AM
dima (dima) said no 8-24-2020, 12:01:33 AM
dima (dima) said no 8-24-2020, 12:01:49 AM
dima (dima) said ha ha 8-24-2020, 12:01:55 AM
dima (dima) said no bich 8-24-2020, 12:02:03 AM
dima (dima) said neznau 8-24-2020, 12:03:06 AM
dima (dima) said no coin 8-24-2020, 12:03:21 AM
dima (dima) said no 8-24-2020, 12:03:41 AM
dima (dima) said ha 8-24-2020, 12:05:05 AM
dima (dima) said you have received 90000 coins in return for your contribution 8-24-2020, 12:06:00 AM
dima (dima) said ha 8-24-2020, 12:06:54 AM
dima (dima) said sky_286_laser_pistol, 7 8-24-2020, 12:07:00 AM
dima (dima) said est 8-24-2020, 12:08:35 AM
dima (dima) said oy 8-24-2020, 12:08:42 AM
dima (dima) said no 8-24-2020, 12:11:44 AM
dima (dima) said you have 10 of 10 ammo in your cyanide_pistol, and you have 8900 bullets remaining 8-24-2020, 12:12:54 AM
dima (dima) said oy 8-24-2020, 12:13:02 AM
dima (dima) said you have 5 of 5 ammo in your zulfikar, and you have 2895 bullets remaining 8-24-2020, 12:13:31 AM
dima (dima) said ladno potom zaydu 8-24-2020, 12:14:36 AM
dima (dima) said zalp all 8-24-2020, 12:21:12 AM
dima (dima) said дайте робокопов пожалуста  8-24-2020, 12:22:34 AM
dima (dima) said у кого есть робокопы дайте пожалуста  8-24-2020, 12:23:03 AM
dima (dima) said zalp 8-24-2020, 5:06:42 PM
dima (dima) said aga 8-24-2020, 5:10:55 PM
dima (dima) said no 8-24-2020, 5:11:05 PM
dima (dima) said da da 8-24-2020, 5:11:08 PM
dima (dima) said admins chiters  8-24-2020, 5:11:20 PM
dima (dima) said da 8-24-2020, 5:11:34 PM
dima (dima) said вы уже достали читеры админы и билдеры  8-24-2020, 5:11:55 PM
dima (dima) said да да это было он всех гасил 8-24-2020, 5:14:21 PM
dima (dima) said привет 8-24-2020, 5:16:14 PM
dima (dima) said david 8-24-2020, 5:47:29 PM
dima (dima) said teamtalk  8-24-2020, 5:47:32 PM
dima (dima) said go 8-24-2020, 5:47:34 PM
dima (dima) said david go to teamtalk 8-24-2020, 5:47:58 PM
dima (dima) said what 8-24-2020, 5:48:22 PM
dima (dima) said where  8-24-2020, 5:48:34 PM
dima (dima) said channel 8-24-2020, 5:48:52 PM
dima (dima) said какой канал 8-24-2020, 5:49:00 PM
dima (dima) said можно к вам 8-24-2020, 5:49:15 PM
dima (dima) said окей  8-24-2020, 5:49:28 PM
dima (dima) said f 8-24-2020, 9:05:23 PM
dima (dima) said test 8-24-2020, 9:05:27 PM
dima (dima) said ha 8-24-2020, 9:05:41 PM
dima (dima) said zalp 8-24-2020, 9:12:08 PM
dima (dima) said no 8-24-2020, 9:12:58 PM
dima (dima) said zalp 8-24-2020, 9:13:08 PM
dima (dima) said aga 8-24-2020, 9:13:23 PM
dima (dima) said tak 8-24-2020, 9:13:32 PM
dima (dima) said tank 1 8-24-2020, 9:13:49 PM
dima (dima) said vlados go to teamtalk 8-24-2020, 9:15:03 PM
dima (dima) said no 8-24-2020, 9:28:34 PM
dima (dima) said franklin has reached to level 185 8-24-2020, 9:33:37 PM
dima (dima) said oy 8-24-2020, 9:33:38 PM
dima (dima) said the player franklin has been playing tk for a total of 17 hours, 16 minutes and 24 seconds, has sent 839 chats, has 191 deaths and 301 kills and 185 level. has unlocked 14 achievements, has a killing accuracy of 61 percent franklin is part of the 1 team. 8-24-2020, 9:33:50 PM
dima (dima) said oy 8-24-2020, 9:33:52 PM
dima (dima) said where franklin 8-24-2020, 9:34:33 PM
dima (dima) said oy 8-24-2020, 9:34:40 PM
dima (dima) said da da follow  8-24-2020, 9:35:00 PM
dima (dima) said and inv 8-24-2020, 9:35:11 PM
dima (dima) said zalp 8-24-2020, 9:35:16 PM
dima (dima) said durak vadimka  8-24-2020, 10:01:17 PM
dima (dima) said no 8-24-2020, 10:05:33 PM
dima (dima) said da da 8-24-2020, 10:16:02 PM
dima (dima) said zalp 8-24-2020, 10:16:49 PM
dima (dima) said ha ha 8-24-2020, 10:49:45 PM
dima (dima) said what 8-24-2020, 10:51:06 PM
dima (dima) said sam takoy 8-24-2020, 10:51:29 PM