
ramil (ramil) sent /teampass luckers 8-24-2020, 10:43:20 AM
ramil (ramil) sent /inv 8-24-2020, 10:43:56 AM
ramil (ramil) sent /members 8-24-2020, 10:44:03 AM
ramil (ramil) sent /teamremove vadimka 8-24-2020, 10:44:16 AM
ramil (ramil) sent /teamreemove david 8-24-2020, 10:44:22 AM
ramil (ramil) sent /teamremove david 8-24-2020, 10:44:27 AM
ramil (ramil) sent /sethealth ramil 100000 8-24-2020, 10:44:41 AM
ramil (ramil) sent /inv 8-24-2020, 10:44:44 AM
ramil (ramil) sent /sethealth ramil 100000 8-24-2020, 10:45:02 AM
ramil (ramil) sent /inv 8-24-2020, 10:45:32 AM
ramil (ramil) sent /inv 8-24-2020, 10:46:03 AM
ramil (ramil) sent /inv 8-24-2020, 10:46:08 AM
ramil (ramil) sent /inv 8-24-2020, 10:46:16 AM
ramil (ramil) sent /sethealth ramil 100000 8-24-2020, 10:46:31 AM
ramil (ramil) sent /sethealth ramil 100000 8-24-2020, 10:46:37 AM
ramil (ramil) sent /sethealth ramil 100000 8-24-2020, 10:47:22 AM
ramil (ramil) sent /sethealth ramil 100000 8-24-2020, 10:47:46 AM
ramil (ramil) sent /sethealth ramil 100000 8-24-2020, 10:49:07 AM
ramil (ramil) sent /sethealth ramil 100000 8-24-2020, 10:49:41 AM
ramil (ramil) sent /sethealth ramil 100000 8-24-2020, 10:50:43 AM
ramil (ramil) sent /shockwave 8-24-2020, 10:50:46 AM
ramil (ramil) sent /sethealth ramil 100000 8-24-2020, 10:50:52 AM
ramil (ramil) sent /inv 8-24-2020, 10:51:15 AM
ramil (ramil) sent /killall 8-24-2020, 10:51:19 AM
ramil (ramil) sent /omv 8-24-2020, 10:51:27 AM
ramil (ramil) sent /inv 8-24-2020, 10:51:31 AM
ramil (ramil) sent /go 0 0 0 store 8-24-2020, 10:52:55 AM
ramil (ramil) sent /inv 8-24-2020, 11:01:20 AM
ramil (ramil) sent /inv 8-24-2020, 11:01:38 AM
ramil (ramil) sent /sethealth ramil 100000 8-24-2020, 11:01:50 AM
ramil (ramil) sent /sethealth ramil 100000 8-24-2020, 11:01:54 AM
ramil (ramil) sent /sethealth ramil 100000 8-24-2020, 11:02:28 AM
ramil (ramil) sent /go 95 50 0 8-24-2020, 11:02:50 AM
ramil (ramil) sent /sethealth ramil 100000 8-24-2020, 11:03:38 AM
ramil (ramil) sent /sethealth ramil 100000 8-24-2020, 11:03:44 AM
ramil (ramil) sent /teams 8-24-2020, 11:04:08 AM
ramil (ramil) sent /teams 8-24-2020, 11:04:17 AM
ramil (ramil) sent /sethealth ramil 100000 8-24-2020, 11:42:22 AM
ramil (ramil) sent /sethealth ramil 100000 8-24-2020, 11:42:52 AM
ramil (ramil) sent /sethealth ramil 100000 8-24-2020, 11:43:44 AM
ramil (ramil) sent /rawmap 8-24-2020, 12:07:39 PM
ramil (ramil) sent /rawmap mapname:main
maxx:500
maxy:500
maxz:500
tile:0:500:0:500:0:0:grass
zone:0:500:0:500:0:500:main
src:0:500:0:500:0:10:birds21.ogg
ispawn:0:500:0:500:0:100:3500:75:ammo:pack_of_10_antibiotic:pack_of_20_bomb_defuser:pack_of_15_stone:coin_pack:metal_pack:pack_of_15_wirebomb:motion_bomb:pack_of_10_motion_bomb:remote_timebomb_controller:mine:health_dart:remote_timebomb:pack_of_10_remote_timebomb:health_pack:wood_pack:security_bomb:remote_gun:timebomb:pack_of_20_fire_extinguisher:fire_extinguisher:invisibility_shield:missile_interceptor:pack_of_20_missile_interceptor:grenade_pack:shield:pack_of_15_shield:impact_bomb:warp_box:gas_mask:antibiotic_canister:air_canister:remote_gun_controller:ultrabomb_locator:ultrabomb:pack_of_5_barricade_bomb:pack_of_10_security_bomb:ultrabomb_silencer:health_orb:stone:mass_bomb:pack_of_5_mass_bomb:suicide_bomb:concussive_grenade:robot:helicopter:frequency_scrambler:item_grabber
src:-3:-3:85:115:0:10:supermarket.ogg
zone:0:0:100:100:0:10:entrance to the store:trackme
tile:200:300:450:500:-7:100:wallstone
tile:198:302:448:500:100:100:roof2
zone:198:302:448:500:100:110:roof of the house
tile:217:233:444:449:0:2:wallbrick
tile:217:233:444:449:2:2:smallwood
zone:217:233:444:450:2:15:porch
tile:223:226:450:450:2:10:wallwood1
zone:223:226:449:450:2:15:door to the house:trackme
src:225:225:450:450:2:10:flag.ogg
travelpoint:223:226:449:449:2:10:small_house:25:1:0:you entered a warm and comfortable home
tile:249:251:474:476:100:100:metal
src:198:302:448:500:115:150:winter.ogg
zone:249:251:474:476:100:110:back hatch
travelpoint:249:251:474:476:100:100:small_house:49:49:95:you go back into the attic
tile:220:230:440:449:40:40:concrete25
tile:219:219:439:449:40:45:wallglass
tile:231:231:439:449:40:45:wallglass
tile:220:230:439:439:40:45:wallglass
tile:219:219:439:449:45:45:wood5
tile:231:231:439:449:45:45:wood5
tile:220:230:439:439:45:45:wood5
tile:220:227:450:450:40:50:wallglass
zone:219:231:439:450:40:60:balcony
zone:221:223:449:450:40:50:balcony door:trickme
travelpoint:221:223:449:449:40:50:small_house:22:1:40:you go back into the house
zone:219:219:440:450:45:60:railing
zone:231:231:440:450:45:60:railing
zone:219:231:439:439:45:60:railing
tile:0:10:0:10:0:59:wallstone1
tile:0:10:0:10:60:60:diamond
tile:0:5:10:10:0:60:metal12
tile:490:500:0:10:0:59:wallstone1
tile:490:500:0:10:60:60:diamond
tile:495:500:10:10:0:60:metal12
tile:0:10:490:500:0:59:wallstone1
tile:0:10:490:500:60:60:diamond
tile:0:5:490:490:0:60:metal12
tile:490:500:490:500:0:59:wallstone1
tile:490:500:490:500:60:60:diamond
tile:495:500:490:490:0:60:metal12
tile:230:270:230:270:200:200:metal
tile:250:250:250:250:0:200:concrete26
src:230:270:230:270:200:220:desert.ogg
zone:230:270:230:270:0:200:near the tall tall center tower, wich is going upp to the sky
zone:230:270:230:270:200:250:top of the tall center tower
zone:250:250:250:250:0:250:a tall center tower stairs:trackme
zone:0:10:0:10:60:70:southwest tower
zone:0:5:10:10:0:70:southwest tower stairs:trackme
zone:490:500:0:10:60:70:southeast tower
zone:495:500:10:10:0:70:southeast tower stairs:trackme
zone:0:10:490:500:60:60:70
zone:0:10:490:500:60:70:northwest tower
zone:0:5:490:490:0:70:northwest tower stairs:trackme
zone:490:500:490:500:60:70:northeast tower
zone:495:500:490:490:0:70:northeast tower stairs:trackme
travelpoint:100:100:300:300:0:10:palace_on_the_clouds:0:0:1000:You went to the map of the palace! Successful research.
zone:100:100:300:300:0:10:passage to the palace in the clouds!:trackme
tile:50:150:480:500:0:0:grass2
zone:50:150:480:500:0:20:beginn of the forest
zone:50:150:500:500:0:10:pass to the forest
travelpoint:50:150:500:500:0:10:forest:50:0:0:you went to the beautiful forest
src:50:150:502:505:0:10:birds20.ogg
robots:500:500:250:250:0:0:1:0:Amphibian,bear,boxer,car,cat,cockroach,coyote,cyborg,dentist,doctor,dog,dragon,dragonfly,excavator,fitter,flamethrower,fly,gangster,glider,grandpa,gun,harvester,helicopter,horse,lion,manager,metallurgist,mosquito,moth,nurse,patient,polarbear,psychiatrist,psycho,rabbit,rat,robocop,rocketlauncher,securityguard,snake,sniper,soldier,storekeeper,surgeon,tank,train,trainer,tushkano,welder,wolf,worm,zombie,pan,robot,fireball,hunter
tile:0:0:100:100:0:0:marble1 8-24-2020, 12:08:58 PM
ramil (ramil) sent /rawdata mapname:main
maxx:500
maxy:500
maxz:500
tile:0:500:0:500:0:0:grass
zone:0:500:0:500:0:500:main
src:0:500:0:500:0:10:birds21.ogg
ispawn:0:500:0:500:0:100:3500:75:ammo:pack_of_10_antibiotic:pack_of_20_bomb_defuser:pack_of_15_stone:coin_pack:metal_pack:pack_of_15_wirebomb:motion_bomb:pack_of_10_motion_bomb:remote_timebomb_controller:mine:health_dart:remote_timebomb:pack_of_10_remote_timebomb:health_pack:wood_pack:security_bomb:remote_gun:timebomb:pack_of_20_fire_extinguisher:fire_extinguisher:invisibility_shield:missile_interceptor:pack_of_20_missile_interceptor:grenade_pack:shield:pack_of_15_shield:impact_bomb:warp_box:gas_mask:antibiotic_canister:air_canister:remote_gun_controller:ultrabomb_locator:ultrabomb:pack_of_5_barricade_bomb:pack_of_10_security_bomb:ultrabomb_silencer:health_orb:stone:mass_bomb:pack_of_5_mass_bomb:suicide_bomb:concussive_grenade:robot:helicopter:frequency_scrambler:item_grabber
src:-3:-3:85:115:0:10:supermarket.ogg
zone:0:0:100:100:0:10:entrance to the store:trackme
tile:200:300:450:500:-7:100:wallstone
tile:198:302:448:500:100:100:roof2
zone:198:302:448:500:100:110:roof of the house
tile:217:233:444:449:0:2:wallbrick
tile:217:233:444:449:2:2:smallwood
zone:217:233:444:450:2:15:porch
tile:223:226:450:450:2:10:wallwood1
zone:223:226:449:450:2:15:door to the house:trackme
src:225:225:450:450:2:10:flag.ogg
travelpoint:223:226:449:449:2:10:small_house:25:1:0:you entered a warm and comfortable home
tile:249:251:474:476:100:100:metal
src:198:302:448:500:115:150:winter.ogg
zone:249:251:474:476:100:110:back hatch
travelpoint:249:251:474:476:100:100:small_house:49:49:95:you go back into the attic
tile:220:230:440:449:40:40:concrete25
tile:219:219:439:449:40:45:wallglass
tile:231:231:439:449:40:45:wallglass
tile:220:230:439:439:40:45:wallglass
tile:219:219:439:449:45:45:wood5
tile:231:231:439:449:45:45:wood5
tile:220:230:439:439:45:45:wood5
tile:220:227:450:450:40:50:wallglass
zone:219:231:439:450:40:60:balcony
zone:221:223:449:450:40:50:balcony door:trickme
travelpoint:221:223:449:449:40:50:small_house:22:1:40:you go back into the house
zone:219:219:440:450:45:60:railing
zone:231:231:440:450:45:60:railing
zone:219:231:439:439:45:60:railing
tile:0:10:0:10:0:59:wallstone1
tile:0:10:0:10:60:60:diamond
tile:0:5:10:10:0:60:metal12
tile:490:500:0:10:0:59:wallstone1
tile:490:500:0:10:60:60:diamond
tile:495:500:10:10:0:60:metal12
tile:0:10:490:500:0:59:wallstone1
tile:0:10:490:500:60:60:diamond
tile:0:5:490:490:0:60:metal12
tile:490:500:490:500:0:59:wallstone1
tile:490:500:490:500:60:60:diamond
tile:495:500:490:490:0:60:metal12
tile:230:270:230:270:200:200:metal
tile:250:250:250:250:0:200:concrete26
src:230:270:230:270:200:220:desert.ogg
zone:230:270:230:270:0:200:near the tall tall center tower, wich is going upp to the sky
zone:230:270:230:270:200:250:top of the tall center tower
zone:250:250:250:250:0:250:a tall center tower stairs:trackme
zone:0:10:0:10:60:70:southwest tower
zone:0:5:10:10:0:70:southwest tower stairs:trackme
zone:490:500:0:10:60:70:southeast tower
zone:495:500:10:10:0:70:southeast tower stairs:trackme
zone:0:10:490:500:60:60:70
zone:0:10:490:500:60:70:northwest tower
zone:0:5:490:490:0:70:northwest tower stairs:trackme
zone:490:500:490:500:60:70:northeast tower
zone:495:500:490:490:0:70:northeast tower stairs:trackme
travelpoint:100:100:300:300:0:10:palace_on_the_clouds:0:0:1000:You went to the map of the palace! Successful research.
zone:100:100:300:300:0:10:passage to the palace in the clouds!:trackme
tile:50:150:480:500:0:0:grass2
zone:50:150:480:500:0:20:beginn of the forest
zone:50:150:500:500:0:10:pass to the forest
travelpoint:50:150:500:500:0:10:forest:50:0:0:you went to the beautiful forest
src:50:150:502:505:0:10:birds20.ogg
robots:500:500:250:250:0:0:1:0:Amphibian,bear,boxer,car,cat,cockroach,coyote,cyborg,dentist,doctor,dog,dragon,dragonfly,excavator,fitter,flamethrower,fly,gangster,glider,grandpa,gun,harvester,helicopter,horse,lion,manager,metallurgist,mosquito,moth,nurse,patient,polarbear,psychiatrist,psycho,rabbit,rat,robocop,rocketlauncher,securityguard,snake,sniper,soldier,storekeeper,surgeon,tank,train,trainer,tushkano,welder,wolf,worm,zombie,pan,robot,fireball,hunter
tile:0:0:100:100:0:0:marble1 8-24-2020, 12:09:24 PM
ramil (ramil) sent /sethealth ramil 100000 8-24-2020, 12:09:42 PM
ramil (ramil) sent /sethealth ramil 100000 8-24-2020, 12:10:15 PM
ramil (ramil) sent /sethealth ramil 100000 8-24-2020, 12:10:25 PM
ramil (ramil) sent /sethealth ramil 100000 8-24-2020, 12:11:14 PM
ramil (ramil) sent /sethealth ramil 100000 8-24-2020, 12:11:28 PM
ramil (ramil) sent /t zalp 8-24-2020, 12:13:11 PM
ramil (ramil) sent /sethealth ramil 100000 8-24-2020, 12:15:17 PM
ramil (ramil) sent /go 0 0 0 even 8-24-2020, 12:20:32 PM
ramil (ramil) sent /go 0 0 0 event 8-24-2020, 12:20:38 PM
ramil (ramil) sent /robotinfo 8-24-2020, 12:20:55 PM
ramil (ramil) sent /go 181 49 0 8-24-2020, 12:21:15 PM
ramil (ramil) sent /killall 8-24-2020, 12:21:28 PM
ramil (ramil) sent /go 0 0 0 store 8-24-2020, 12:21:43 PM
ramil (ramil) sent /members 8-24-2020, 12:22:20 PM
ramil (ramil) sent /teams 8-24-2020, 12:23:28 PM
ramil (ramil) sent /move yastreb 0 0 0 8-24-2020, 12:23:56 PM
ramil (ramil) sent /teams 8-24-2020, 12:24:50 PM
ramil (ramil) sent /sethealth ramil 100000 8-24-2020, 12:25:30 PM
ramil (ramil) sent /go 0 200 0 8-24-2020, 12:26:13 PM
ramil (ramil) sent /go 95 100 0 8-24-2020, 12:26:21 PM
ramil (ramil) sent /go 95 89 0 8-24-2020, 12:26:44 PM
ramil (ramil) sent /go 95 50 0 8-24-2020, 12:26:54 PM
ramil (ramil) sent /sethealth ramil 100000 8-24-2020, 12:27:06 PM
ramil (ramil) sent /go  8-24-2020, 12:27:11 PM
ramil (ramil) sent /go 95 0 0 8-24-2020, 12:27:17 PM
ramil (ramil) sent /t hi 8-24-2020, 12:27:33 PM
ramil (ramil) sent /sethealth ramil 100000 8-24-2020, 12:27:50 PM
ramil (ramil) sent /sethealth ramil 100000 8-24-2020, 12:28:03 PM
ramil (ramil) sent /sethealth ramil 100000 8-24-2020, 12:29:21 PM
ramil (ramil) sent /sethealth ramil 100000 8-24-2020, 12:29:55 PM
ramil (ramil) sent /inv 8-24-2020, 12:30:38 PM
ramil (ramil) sent /give ramil hand_grenade 5000 8-24-2020, 12:31:00 PM
ramil (ramil) sent /inv 8-24-2020, 12:31:13 PM
ramil (ramil) sent /inv 8-24-2020, 12:31:16 PM
ramil (ramil) sent /inv 8-24-2020, 12:31:38 PM
ramil (ramil) sent /go    8-24-2020, 12:56:41 PM
ramil (ramil) sent /go   8-24-2020, 12:56:44 PM
ramil (ramil) sent /go 0 0 0 8-24-2020, 12:56:56 PM
ramil (ramil) sent /inv 8-24-2020, 1:20:29 PM
ramil (ramil) sent /inv 8-24-2020, 1:20:46 PM
ramil (ramil) sent /sethealth ramil 100000 8-24-2020, 1:20:59 PM
ramil (ramil) sent /sethealth ramil 100000'   8-24-2020, 1:21:04 PM
ramil (ramil) sent /sethealth ramil 100000 8-24-2020, 1:21:05 PM
ramil (ramil) sent /sethealth ramil 100000 8-24-2020, 1:21:06 PM
ramil (ramil) sent /sethealth ramil 100000] 8-24-2020, 1:21:16 PM
ramil (ramil) sent /sethealth ramil 100000 8-24-2020, 1:21:19 PM
ramil (ramil) sent /killall 8-24-2020, 1:21:22 PM
ramil (ramil) sent /inv 8-24-2020, 1:21:27 PM
ramil (ramil) sent /sethealth ramil 100000 8-24-2020, 1:21:45 PM
ramil (ramil) sent /id 30000000 8-24-2020, 1:40:37 PM
ramil (ramil) sent /bid 40000000 8-24-2020, 1:40:43 PM
ramil (ramil) sent /cancelbid 8-24-2020, 1:40:46 PM
ramil (ramil) sent /sethealth ramil 100000 8-24-2020, 2:12:42 PM
ramil (ramil) sent /sethealth ramil 100000 8-24-2020, 2:13:28 PM
ramil (ramil) sent /sethealth ramil 100000 8-24-2020, 2:13:49 PM
ramil (ramil) sent /killall 8-24-2020, 2:14:43 PM
ramil (ramil) sent /sethealth ramil 100000 8-24-2020, 2:14:46 PM
ramil (ramil) sent /sethealth ramil 100000 8-24-2020, 2:15:24 PM
ramil (ramil) sent /killall 8-24-2020, 2:16:33 PM
ramil (ramil) sent /sethealth ramil 100000 8-24-2020, 2:16:36 PM
ramil (ramil) sent /sethealth ramil 100000 8-24-2020, 2:16:52 PM
ramil (ramil) sent /sethealth ramil 100000 8-24-2020, 2:17:33 PM
ramil (ramil) sent /sethealth ramil 100000 8-24-2020, 2:17:49 PM
ramil (ramil) sent /sethealth ramil 100000 8-24-2020, 2:18:03 PM
ramil (ramil) sent /inv 8-24-2020, 2:18:05 PM
ramil (ramil) sent /lchat stop fight 8-24-2020, 2:18:29 PM
ramil (ramil) sent /inv 8-24-2020, 2:18:45 PM
ramil (ramil) sent /sethealth ramil 100000 8-24-2020, 2:18:52 PM
ramil (ramil) sent /lchat llol 8-24-2020, 2:19:19 PM
ramil (ramil) sent /shockwave 8-24-2020, 2:19:36 PM
ramil (ramil) sent /sethealth ramil 100000 8-24-2020, 2:19:50 PM
ramil (ramil) sent /sethealth ramil 100000 8-24-2020, 2:20:20 PM
ramil (ramil) sent /shockwave 8-24-2020, 2:20:27 PM
ramil (ramil) sent /shockwave 8-24-2020, 2:22:21 PM
ramil (ramil) sent /sethealth ramil 100000 8-24-2020, 2:22:59 PM
ramil (ramil) sent /sethealth ramil 100000 8-24-2020, 2:23:21 PM
ramil (ramil) sent /t nice 8-24-2020, 2:24:41 PM
ramil (ramil) sent /sethealth ramil 100000 8-24-2020, 2:24:53 PM
ramil (ramil) sent /inv 8-24-2020, 2:25:41 PM
ramil (ramil) sent /inv 8-24-2020, 2:25:49 PM
ramil (ramil) sent /inv 8-24-2020, 2:26:02 PM
ramil (ramil) sent /in 8-24-2020, 2:26:05 PM
ramil (ramil) sent /inv 8-24-2020, 2:26:07 PM
ramil (ramil) sent /go  8-24-2020, 2:26:27 PM
ramil (ramil) sent /go 1 8-24-2020, 2:26:30 PM
ramil (ramil) sent /sethealth ramil 100000 8-24-2020, 2:28:06 PM
ramil (ramil) sent /sethealth ramil 100000 8-24-2020, 2:41:41 PM
ramil (ramil) sent /inv  8-24-2020, 2:42:07 PM
ramil (ramil) sent /sethealth ramil 100000 8-24-2020, 2:42:45 PM
ramil (ramil) sent /inv 8-24-2020, 2:42:47 PM
ramil (ramil) sent /sethealth ramil 100000 8-24-2020, 2:43:09 PM
ramil (ramil) sent /sethealth ramil 100000 8-24-2020, 2:43:35 PM
ramil (ramil) sent /sethealth ramil 100000 8-24-2020, 2:45:09 PM
ramil (ramil) sent /sethealth ramil 100000 8-24-2020, 2:45:30 PM
ramil (ramil) sent /sethealth ramil 100000 8-24-2020, 2:47:10 PM
ramil (ramil) sent /sethealth ramil 100000 8-24-2020, 2:47:21 PM
ramil (ramil) sent /sethealth ramil 100000 8-24-2020, 2:47:37 PM
ramil (ramil) sent /sethealth ramil 100000 8-24-2020, 2:48:12 PM
ramil (ramil) sent /go 5 30 0 8-24-2020, 2:48:17 PM
ramil (ramil) sent /inv 8-24-2020, 2:48:32 PM
ramil (ramil) sent /inv 8-24-2020, 2:48:38 PM
ramil (ramil) sent /sethealth ramil 100000 8-24-2020, 2:49:44 PM
ramil (ramil) sent /sethealth ramil 100000 8-24-2020, 2:50:03 PM
ramil (ramil) sent /go 0 0 0 8-24-2020, 2:50:11 PM
ramil (ramil) sent /inv 8-24-2020, 2:51:08 PM
ramil (ramil) sent /inv 8-24-2020, 2:51:38 PM
ramil (ramil) sent /inv 8-24-2020, 2:52:35 PM
ramil (ramil) sent /inv 8-24-2020, 2:53:01 PM
ramil (ramil) sent /bid 100000 8-24-2020, 2:53:16 PM
ramil (ramil) sent /lchat go to battles 8-24-2020, 2:53:47 PM
ramil (ramil) sent /inv 8-24-2020, 2:56:03 PM
ramil (ramil) sent /sethealth ramil 100000 8-24-2020, 3:02:48 PM
ramil (ramil) sent /go 305 0 0 8-24-2020, 3:04:06 PM
ramil (ramil) sent /inv 8-24-2020, 3:04:33 PM
ramil (ramil) sent /inv 8-24-2020, 3:04:43 PM
ramil (ramil) sent /go 305 305 0 8-24-2020, 3:05:16 PM
ramil (ramil) sent /go 0 100 0 8-24-2020, 3:05:27 PM
ramil (ramil) sent /go 223 449 -10 8-24-2020, 4:07:57 PM
ramil (ramil) sent /go 27 100 0 8-24-2020, 4:09:44 PM
ramil (ramil) sent /shelterlist 8-24-2020, 4:10:07 PM
ramil (ramil) sent /pm bolgelo 3 shelters: 
1, battles at 800, 456, 0, owned by dima.
2, battles at 1000, 500, -100, owned by dima.
4, cave5 at 99, 499, 0, owned by david.
 8-24-2020, 4:10:15 PM
ramil (ramil) sent /lchat dont kill me 8-24-2020, 4:10:58 PM
ramil (ramil) sent /go 11 100 220 8-24-2020, 4:11:32 PM
ramil (ramil) sent /sethealth ramil 100000 8-24-2020, 4:11:49 PM
ramil (ramil) sent /sethealth ramil 100000 8-24-2020, 4:11:56 PM
ramil (ramil) sent /sethealth ramil 100000 8-24-2020, 4:12:01 PM
ramil (ramil) sent /sethealth ramil 100000 8-24-2020, 4:12:11 PM
ramil (ramil) sent /pm  bolgelo 3 shelters: 
1, battles at 800, 456, 0, owned by dima.
2, battles at 1000, 500, -100, owned by dima.
4, cave5 at 99, 499, 0, owned by david.
 8-24-2020, 4:15:32 PM
ramil (ramil) sent /where david 8-24-2020, 4:16:03 PM
ramil (ramil) sent /pm  bolgelo david, (david), is at 9, 20, 0 in 4 on 4 8-24-2020, 4:16:08 PM
ramil (ramil) sent /lchat distroid 8-24-2020, 4:16:24 PM
ramil (ramil) sent /go 50 499 0 8-24-2020, 4:16:31 PM
ramil (ramil) sent /pm bolgelo luckers 8-24-2020, 4:19:42 PM
ramil (ramil) sent /teamremove rider 8-24-2020, 4:21:03 PM
ramil (ramil) sent /sethealth ramil 100000 8-24-2020, 4:23:37 PM
ramil (ramil) sent /go 25 1 0 sklad 8-24-2020, 4:23:44 PM
ramil (ramil) sent /teams 8-24-2020, 4:25:44 PM
ramil (ramil) sent /stats ramil 8-24-2020, 4:26:36 PM
ramil (ramil) sent /killall 8-24-2020, 4:28:26 PM
ramil (ramil) sent /killall 8-24-2020, 4:28:47 PM
ramil (ramil) sent /go 0 0 0 store 8-24-2020, 4:29:05 PM
ramil (ramil) sent /where david 8-24-2020, 4:29:12 PM
ramil (ramil) sent /t uuuuuuuuuu 8-24-2020, 4:29:34 PM
ramil (ramil) sent /t dima came online 8-24-2020, 4:29:39 PM
ramil (ramil) sent /inv 8-24-2020, 4:31:59 PM
ramil (ramil) sent /sethealth ramil 100000 8-24-2020, 4:32:17 PM
ramil (ramil) sent /inv 8-24-2020, 4:32:18 PM
ramil (ramil) sent /sethealth ramil 100000 8-24-2020, 4:32:39 PM
ramil (ramil) sent /sethealth ramil 100000  8-24-2020, 4:33:17 PM
ramil (ramil) sent /sethealth ramil 100000 8-24-2020, 4:33:29 PM
ramil (ramil) sent /sethealth ramil 100000 8-24-2020, 4:33:32 PM
ramil (ramil) sent /go 25 25 0 store 8-24-2020, 4:34:15 PM
ramil (ramil) sent /where bolgelo 8-24-2020, 4:38:18 PM
ramil (ramil) sent /where dima 8-24-2020, 4:39:10 PM
ramil (ramil) sent /killall 8-24-2020, 4:40:08 PM
ramil (ramil) sent /sethealth ramil 100000 8-24-2020, 4:40:36 PM
ramil (ramil) sent /go 0 0 0 battles 8-24-2020, 4:42:41 PM
ramil (ramil) sent /inv 8-24-2020, 4:43:36 PM
ramil (ramil) sent /inv 8-24-2020, 4:44:06 PM
ramil (ramil) sent /inv 8-24-2020, 4:44:46 PM
ramil (ramil) sent /ovm 8-24-2020, 4:44:53 PM
ramil (ramil) sent /inv 8-24-2020, 4:44:56 PM
ramil (ramil) sent /sethealth ramil 100000 8-24-2020, 4:44:59 PM
ramil (ramil) sent /sethealth ramil 100000 8-24-2020, 4:45:32 PM
ramil (ramil) sent /sethealth ramil 100000 8-24-2020, 4:46:38 PM
ramil (ramil) sent /sethealth ramil 100000 8-24-2020, 4:46:59 PM
ramil (ramil) sent /inv 8-24-2020, 4:47:07 PM
ramil (ramil) sent /inv 8-24-2020, 4:47:25 PM
ramil (ramil) sent /inv 8-24-2020, 4:47:40 PM
ramil (ramil) sent /sethealth ramil 100000 8-24-2020, 4:47:42 PM
ramil (ramil) sent /inv 8-24-2020, 4:47:43 PM
ramil (ramil) sent /sethealth ramil 100000 8-24-2020, 4:48:26 PM
ramil (ramil) sent /sethealth ramil 100000 8-24-2020, 4:49:37 PM
ramil (ramil) sent /sethealth ramil 100000 8-24-2020, 4:49:56 PM
ramil (ramil) sent /sethealth ramil 100000 8-24-2020, 4:50:25 PM
ramil (ramil) sent /go 60 60 10 8-24-2020, 4:52:21 PM
ramil (ramil) sent /go 50 0 0 8-24-2020, 4:52:33 PM
ramil (ramil) sent /sethealth ramil 100000 8-24-2020, 4:53:20 PM
ramil (ramil) sent /sethealth ramil 100000 8-24-2020, 4:54:20 PM
ramil (ramil) sent /give ramil small_projectile 6000 8-24-2020, 4:56:14 PM
ramil (ramil) sent /inv 8-24-2020, 4:56:54 PM
ramil (ramil) sent /onv 8-24-2020, 4:56:57 PM
ramil (ramil) sent /inv 8-24-2020, 4:56:59 PM
ramil (ramil) sent /inv 8-24-2020, 5:00:58 PM
ramil (ramil) sent /killall 8-24-2020, 5:01:01 PM
ramil (ramil) sent /go 500 500 -51 8-24-2020, 5:01:34 PM
ramil (ramil) sent /inv 8-24-2020, 5:01:40 PM
ramil (ramil) sent /inv 8-24-2020, 5:01:48 PM
ramil (ramil) sent /go 0 0 0 8-24-2020, 5:02:29 PM
ramil (ramil) sent /inv 8-24-2020, 5:02:30 PM
ramil (ramil) sent /shelterlist 8-24-2020, 5:02:47 PM
ramil (ramil) sent /go 95 74 0 8-24-2020, 5:08:01 PM
ramil (ramil) sent /inv 8-24-2020, 5:08:16 PM
ramil (ramil) sent /killall 8-24-2020, 5:08:21 PM
ramil (ramil) sent /go 0 0 0 battles 8-24-2020, 5:08:28 PM
ramil (ramil) sent /inv 8-24-2020, 5:08:33 PM
ramil (ramil) sent /shelterlist 8-24-2020, 5:10:51 PM
ramil (ramil) sent /go 100 300 0 8-24-2020, 5:12:27 PM
ramil (ramil) sent /warn david 5 оскарбление админов. 8-24-2020, 5:14:17 PM
ramil (ramil) sent /deleteme 8-24-2020, 5:25:30 PM