
blindgamer123(blindgamer123) used a broken_rifle 8-30-2020, 7:41:12 PM
blindgamer123(blindgamer123) used a broken_rifle 8-30-2020, 7:41:14 PM
blindgamer123(blindgamer123) used a beretta_nano_pocket_pistol 8-30-2020, 7:41:24 PM
blindgamer123(blindgamer123) used a beretta_m1951_machine_pistol 8-30-2020, 7:41:30 PM
blindgamer123(blindgamer123) used a sniper 8-30-2020, 7:41:38 PM
blindgamer123(blindgamer123) used a m16_assault_rifle 8-30-2020, 7:41:45 PM
blindgamer123(blindgamer123) used a shield 8-30-2020, 7:41:51 PM
blindgamer123(blindgamer123) used a shield 8-30-2020, 7:41:51 PM
blindgamer123(blindgamer123) used a shield 8-30-2020, 7:41:51 PM
blindgamer123(blindgamer123) used a shield 8-30-2020, 7:41:51 PM
blindgamer123(blindgamer123) used a shield 8-30-2020, 7:41:51 PM
blindgamer123(blindgamer123) used a shield 8-30-2020, 7:41:54 PM
blindgamer123(blindgamer123) used a shield 8-30-2020, 7:41:54 PM
blindgamer123(blindgamer123) used a shield 8-30-2020, 7:41:54 PM
blindgamer123(blindgamer123) used a shield 8-30-2020, 7:41:54 PM
blindgamer123(blindgamer123) used a shield 8-30-2020, 7:41:54 PM
blindgamer123(blindgamer123) used a shield 8-30-2020, 7:41:54 PM
blindgamer123(blindgamer123) used a shield 8-30-2020, 7:41:55 PM
blindgamer123(blindgamer123) used a shield 8-30-2020, 7:41:55 PM
blindgamer123(blindgamer123) used a shield 8-30-2020, 7:41:55 PM
blindgamer123(blindgamer123) used a shield 8-30-2020, 7:41:55 PM
blindgamer123(blindgamer123) used a shield 8-30-2020, 7:41:55 PM
blindgamer123(blindgamer123) used a shield 8-30-2020, 7:41:56 PM
blindgamer123(blindgamer123) used a shield 8-30-2020, 7:41:56 PM
blindgamer123(blindgamer123) used a shield 8-30-2020, 7:41:56 PM
blindgamer123(blindgamer123) used a shield 8-30-2020, 7:41:56 PM
blindgamer123(blindgamer123) used a shield 8-30-2020, 7:41:56 PM
blindgamer123(blindgamer123) used a shield 8-30-2020, 7:41:57 PM
blindgamer123(blindgamer123) used a shield 8-30-2020, 7:41:57 PM
blindgamer123(blindgamer123) used a shield 8-30-2020, 7:41:57 PM
blindgamer123(blindgamer123) used a shield 8-30-2020, 7:41:57 PM
blindgamer123(blindgamer123) used a shield 8-30-2020, 7:41:57 PM
blindgamer123(blindgamer123) used a shield 8-30-2020, 7:41:58 PM
blindgamer123(blindgamer123) used a shield 8-30-2020, 7:41:58 PM
blindgamer123(blindgamer123) used a tk_ultra_health_potion 8-30-2020, 7:42:02 PM
blindgamer123(blindgamer123) used a shield 8-30-2020, 7:45:02 PM
blindgamer123(blindgamer123) used a shield 8-30-2020, 7:45:02 PM
blindgamer123(blindgamer123) used a shield 8-30-2020, 7:45:02 PM
blindgamer123(blindgamer123) used a shield 8-30-2020, 7:45:02 PM
blindgamer123(blindgamer123) used a shield 8-30-2020, 7:45:02 PM
blindgamer123(blindgamer123) used a shield 8-30-2020, 7:45:02 PM
blindgamer123(blindgamer123) used a shield 8-30-2020, 7:45:03 PM
blindgamer123(blindgamer123) used a shield 8-30-2020, 7:45:03 PM
blindgamer123(blindgamer123) used a shield 8-30-2020, 7:45:03 PM
blindgamer123(blindgamer123) used a shield 8-30-2020, 7:45:03 PM
blindgamer123(blindgamer123) used a shield 8-30-2020, 7:45:03 PM
blindgamer123(blindgamer123) used a shield 8-30-2020, 7:45:04 PM
blindgamer123(blindgamer123) used a shield 8-30-2020, 7:45:04 PM
blindgamer123(blindgamer123) used a shield 8-30-2020, 7:45:04 PM
blindgamer123(blindgamer123) used a shield 8-30-2020, 7:45:04 PM
blindgamer123(blindgamer123) used a shield 8-30-2020, 7:45:05 PM
blindgamer123(blindgamer123) used a shield 8-30-2020, 7:45:05 PM
blindgamer123(blindgamer123) used a tk_ultra_health_potion 8-30-2020, 7:45:09 PM
blindgamer123(blindgamer123) used a beretta_nano_pocket_pistol 8-30-2020, 7:53:49 PM
blindgamer123(blindgamer123) used a tk_ultra_health_potion 8-30-2020, 7:53:56 PM
blindgamer123(blindgamer123) used a shield 8-30-2020, 7:54:01 PM
blindgamer123(blindgamer123) used a shield 8-30-2020, 7:54:01 PM
blindgamer123(blindgamer123) used a shield 8-30-2020, 7:54:01 PM
blindgamer123(blindgamer123) used a shield 8-30-2020, 7:54:03 PM
blindgamer123(blindgamer123) used a sniper 8-30-2020, 7:54:11 PM
blindgamer123(blindgamer123) used a tk_ultra_health_potion 8-30-2020, 8:32:18 PM
blindgamer123(blindgamer123) used a tk_ultra_health_potion 8-30-2020, 8:32:18 PM
blindgamer123(blindgamer123) used a shield 8-30-2020, 8:32:28 PM
blindgamer123(blindgamer123) used a shield 8-30-2020, 8:32:28 PM
blindgamer123(blindgamer123) used a shield 8-30-2020, 8:32:29 PM
blindgamer123(blindgamer123) used a beretta_nano_pocket_pistol 8-30-2020, 8:32:36 PM
blindgamer123(blindgamer123) used a pack_of_50_ammo_beretta_nano_pocket_pistol 8-30-2020, 8:33:01 PM
blindgamer123(blindgamer123) used a pack_of_50_ammo_beretta_nano_pocket_pistol 8-30-2020, 8:33:01 PM
blindgamer123(blindgamer123) used a pack_of_50_ammo_beretta_nano_pocket_pistol 8-30-2020, 8:33:01 PM
blindgamer123(blindgamer123) used a pack_of_50_ammo_beretta_nano_pocket_pistol 8-30-2020, 8:33:02 PM
blindgamer123(blindgamer123) used a pack_of_50_ammo_beretta_nano_pocket_pistol 8-30-2020, 8:33:02 PM
blindgamer123(blindgamer123) used a pack_of_50_ammo_beretta_nano_pocket_pistol 8-30-2020, 8:33:02 PM
blindgamer123(blindgamer123) used a pack_of_50_ammo_beretta_nano_pocket_pistol 8-30-2020, 8:33:02 PM
blindgamer123(blindgamer123) used a pack_of_50_ammo_beretta_nano_pocket_pistol 8-30-2020, 8:33:02 PM
blindgamer123(blindgamer123) used a pack_of_50_ammo_beretta_nano_pocket_pistol 8-30-2020, 8:34:18 PM
blindgamer123(blindgamer123) used a pack_of_50_ammo_beretta_nano_pocket_pistol 8-30-2020, 8:34:18 PM
blindgamer123(blindgamer123) used a pack_of_50_ammo_beretta_nano_pocket_pistol 8-30-2020, 8:34:18 PM
blindgamer123(blindgamer123) used a pack_of_50_ammo_beretta_nano_pocket_pistol 8-30-2020, 8:34:19 PM
blindgamer123(blindgamer123) used a shield 8-30-2020, 8:35:24 PM
blindgamer123(blindgamer123) used a shield 8-30-2020, 8:35:25 PM
blindgamer123(blindgamer123) used a shield 8-30-2020, 8:35:25 PM
blindgamer123(blindgamer123) used a shield 8-30-2020, 8:35:25 PM
blindgamer123(blindgamer123) used a shield 8-30-2020, 8:35:26 PM
blindgamer123(blindgamer123) used a shield 8-30-2020, 8:35:26 PM
blindgamer123(blindgamer123) used a shield 8-30-2020, 8:35:26 PM
blindgamer123(blindgamer123) used a shield 8-30-2020, 8:35:26 PM
blindgamer123(blindgamer123) used a shield 8-30-2020, 8:35:27 PM
blindgamer123(blindgamer123) used a shield 8-30-2020, 8:35:27 PM
blindgamer123(blindgamer123) used a shield 8-30-2020, 8:35:27 PM
blindgamer123(blindgamer123) used a shield 8-30-2020, 8:35:27 PM
blindgamer123(blindgamer123) used a shield 8-30-2020, 8:35:27 PM
blindgamer123(blindgamer123) used a shield 8-30-2020, 8:35:27 PM
blindgamer123(blindgamer123) used a shield 8-30-2020, 8:35:28 PM
blindgamer123(blindgamer123) used a shield 8-30-2020, 8:35:28 PM
blindgamer123(blindgamer123) used a shield 8-30-2020, 8:35:28 PM
blindgamer123(blindgamer123) used a shield 8-30-2020, 8:35:28 PM
blindgamer123(blindgamer123) used a shield 8-30-2020, 8:35:28 PM
blindgamer123(blindgamer123) used a shield 8-30-2020, 8:35:29 PM
blindgamer123(blindgamer123) used a tk_ultra_health_potion 8-30-2020, 8:35:33 PM
blindgamer123(blindgamer123) used a tk_ultra_health_potion 8-30-2020, 8:35:33 PM
blindgamer123(blindgamer123) used a aircraft 8-30-2020, 8:36:45 PM
blindgamer123(blindgamer123) used a hand_grenade 8-30-2020, 8:40:18 PM
blindgamer123(blindgamer123) used a hand_grenade 8-30-2020, 8:40:23 PM
blindgamer123(blindgamer123) used a hand_grenade 8-30-2020, 8:40:27 PM
blindgamer123(blindgamer123) used a hand_grenade 8-30-2020, 8:40:27 PM
blindgamer123(blindgamer123) used a hand_grenade 8-30-2020, 8:40:28 PM
blindgamer123(blindgamer123) used a hand_grenade 8-30-2020, 8:40:28 PM
blindgamer123(blindgamer123) used a hand_grenade 8-30-2020, 8:40:28 PM
blindgamer123(blindgamer123) used a hand_grenade 8-30-2020, 8:40:28 PM
blindgamer123(blindgamer123) used a hand_grenade 8-30-2020, 8:40:28 PM
blindgamer123(blindgamer123) used a hand_grenade 8-30-2020, 8:40:29 PM
blindgamer123(blindgamer123) used a hand_grenade 8-30-2020, 8:40:29 PM
blindgamer123(blindgamer123) used a hand_grenade 8-30-2020, 8:40:29 PM
blindgamer123(blindgamer123) used a hand_grenade 8-30-2020, 8:40:29 PM
blindgamer123(blindgamer123) used a hand_grenade 8-30-2020, 8:40:29 PM
blindgamer123(blindgamer123) used a hand_grenade 8-30-2020, 8:40:32 PM
blindgamer123(blindgamer123) used a hand_grenade 8-30-2020, 8:40:32 PM
blindgamer123(blindgamer123) used a hand_grenade 8-30-2020, 8:40:33 PM
blindgamer123(blindgamer123) used a hand_grenade 8-30-2020, 8:40:33 PM
blindgamer123(blindgamer123) used a hand_grenade 8-30-2020, 8:40:33 PM
blindgamer123(blindgamer123) used a hand_grenade 8-30-2020, 8:40:33 PM
blindgamer123(blindgamer123) used a hand_grenade 8-30-2020, 8:40:33 PM
blindgamer123(blindgamer123) used a hand_grenade 8-30-2020, 8:40:33 PM
blindgamer123(blindgamer123) used a hand_grenade 8-30-2020, 8:40:34 PM
blindgamer123(blindgamer123) used a hand_grenade 8-30-2020, 8:40:34 PM
blindgamer123(blindgamer123) used a hand_grenade 8-30-2020, 8:40:34 PM
blindgamer123(blindgamer123) used a hand_grenade 8-30-2020, 8:40:34 PM
blindgamer123(blindgamer123) used a hand_grenade 8-30-2020, 8:40:34 PM
blindgamer123(blindgamer123) used a hand_grenade 8-30-2020, 8:40:38 PM
blindgamer123(blindgamer123) used a hand_grenade 8-30-2020, 8:40:39 PM
blindgamer123(blindgamer123) used a hand_grenade 8-30-2020, 8:40:39 PM
blindgamer123(blindgamer123) used a hand_grenade 8-30-2020, 8:40:39 PM
blindgamer123(blindgamer123) used a hand_grenade 8-30-2020, 8:40:39 PM
blindgamer123(blindgamer123) used a hand_grenade 8-30-2020, 8:40:39 PM
blindgamer123(blindgamer123) used a hand_grenade 8-30-2020, 8:40:40 PM
blindgamer123(blindgamer123) used a hand_grenade 8-30-2020, 8:40:40 PM
blindgamer123(blindgamer123) used a hand_grenade 8-30-2020, 8:40:40 PM
blindgamer123(blindgamer123) used a hand_grenade 8-30-2020, 8:40:40 PM
blindgamer123(blindgamer123) used a hand_grenade 8-30-2020, 8:40:40 PM
blindgamer123(blindgamer123) used a hand_grenade 8-30-2020, 8:40:40 PM
blindgamer123(blindgamer123) used a hand_grenade 8-30-2020, 8:40:41 PM
blindgamer123(blindgamer123) used a gauss_ammo_pack 8-30-2020, 8:41:42 PM
blindgamer123(blindgamer123) used a gauss_ammo_pack 8-30-2020, 8:41:42 PM
blindgamer123(blindgamer123) used a gauss_ammo_pack 8-30-2020, 8:41:43 PM
blindgamer123(blindgamer123) used a gauss_ammo_pack 8-30-2020, 8:41:43 PM
blindgamer123(blindgamer123) used a gauss 8-30-2020, 8:41:46 PM
blindgamer123(blindgamer123) used a tk_ultra_health_potion 8-30-2020, 8:42:20 PM
blindgamer123(blindgamer123) used a tk_ultra_health_potion 8-30-2020, 8:42:20 PM
blindgamer123(blindgamer123) used a tk_ultra_health_potion 8-30-2020, 8:42:29 PM
blindgamer123(blindgamer123) used a hammer 8-30-2020, 8:44:24 PM
blindgamer123(blindgamer123) used a stp_m4_combat_knife 8-30-2020, 8:44:28 PM
blindgamer123(blindgamer123) used a studded_boots 8-30-2020, 8:44:40 PM
blindgamer123(blindgamer123) used a studded_boots 8-30-2020, 8:44:42 PM
blindgamer123(blindgamer123) used a steal_warhammer 8-30-2020, 8:45:03 PM
blindgamer123(blindgamer123) used a pack_of_20_ammo_cop_357_derringer_pistol 8-30-2020, 8:46:43 PM
blindgamer123(blindgamer123) used a pack_of_20_ammo_cop_357_derringer_pistol 8-30-2020, 8:46:43 PM
blindgamer123(blindgamer123) used a pack_of_20_ammo_cop_357_derringer_pistol 8-30-2020, 8:46:44 PM
blindgamer123(blindgamer123) used a pack_of_20_ammo_cop_357_derringer_pistol 8-30-2020, 8:46:44 PM
blindgamer123(blindgamer123) used a pack_of_20_ammo_cop_357_derringer_pistol 8-30-2020, 8:46:44 PM
blindgamer123(blindgamer123) used a pack_of_20_ammo_cop_357_derringer_pistol 8-30-2020, 8:46:44 PM
blindgamer123(blindgamer123) used a cop_357_derringer_pistol 8-30-2020, 8:47:19 PM
blindgamer123(blindgamer123) used a pack_of_80_ammo_str_301_long_barreled_machine_pistol 8-30-2020, 8:48:19 PM
blindgamer123(blindgamer123) used a pack_of_80_ammo_str_301_long_barreled_machine_pistol 8-30-2020, 8:48:19 PM
blindgamer123(blindgamer123) used a pack_of_80_ammo_str_301_long_barreled_machine_pistol 8-30-2020, 8:48:19 PM
blindgamer123(blindgamer123) used a pack_of_80_ammo_str_301_long_barreled_machine_pistol 8-30-2020, 8:48:19 PM
blindgamer123(blindgamer123) used a pack_of_80_ammo_str_301_long_barreled_machine_pistol 8-30-2020, 8:48:20 PM
blindgamer123(blindgamer123) used a pack_of_80_ammo_str_301_long_barreled_machine_pistol 8-30-2020, 8:48:20 PM
blindgamer123(blindgamer123) used a str_301_long_barreled_machine_pistol 8-30-2020, 8:48:24 PM
blindgamer123(blindgamer123) used a str_301_long_barreled_machine_pistol 8-30-2020, 8:48:43 PM
blindgamer123(blindgamer123) used a pack_of_100_ammo_colt_ar_15_assault_rifle 8-30-2020, 8:49:04 PM
blindgamer123(blindgamer123) used a pack_of_100_ammo_colt_ar_15_assault_rifle 8-30-2020, 8:49:04 PM
blindgamer123(blindgamer123) used a pack_of_100_ammo_colt_ar_15_assault_rifle 8-30-2020, 8:49:05 PM
blindgamer123(blindgamer123) used a pack_of_100_ammo_colt_ar_15_assault_rifle 8-30-2020, 8:49:05 PM
blindgamer123(blindgamer123) used a colt_ar_15_assault_rifle 8-30-2020, 8:49:11 PM
blindgamer123(blindgamer123) used a shield 8-30-2020, 8:49:44 PM
blindgamer123(blindgamer123) used a shield 8-30-2020, 8:49:44 PM
blindgamer123(blindgamer123) used a shield 8-30-2020, 8:49:44 PM
blindgamer123(blindgamer123) used a shield 8-30-2020, 8:49:45 PM
blindgamer123(blindgamer123) used a shield 8-30-2020, 8:49:45 PM
blindgamer123(blindgamer123) used a shield 8-30-2020, 8:49:45 PM
blindgamer123(blindgamer123) used a shield 8-30-2020, 8:49:45 PM
blindgamer123(blindgamer123) used a shield 8-30-2020, 8:49:45 PM
blindgamer123(blindgamer123) used a shield 8-30-2020, 8:49:46 PM
blindgamer123(blindgamer123) used a shield 8-30-2020, 8:49:46 PM
blindgamer123(blindgamer123) used a shield 8-30-2020, 8:49:46 PM
blindgamer123(blindgamer123) used a shield 8-30-2020, 8:49:46 PM
blindgamer123(blindgamer123) used a shield 8-30-2020, 8:49:46 PM
blindgamer123(blindgamer123) used a shield 8-30-2020, 8:49:47 PM
blindgamer123(blindgamer123) used a shield 8-30-2020, 8:49:47 PM
blindgamer123(blindgamer123) used a shield 8-30-2020, 8:49:47 PM
blindgamer123(blindgamer123) used a shield 8-30-2020, 8:49:47 PM
blindgamer123(blindgamer123) used a shield 8-30-2020, 8:49:47 PM
blindgamer123(blindgamer123) used a shield 8-30-2020, 8:49:48 PM
blindgamer123(blindgamer123) used a shield 8-30-2020, 8:49:48 PM
blindgamer123(blindgamer123) used a shield 8-30-2020, 8:49:48 PM
blindgamer123(blindgamer123) used a shield 8-30-2020, 8:49:48 PM
blindgamer123(blindgamer123) used a shield 8-30-2020, 8:49:48 PM
blindgamer123(blindgamer123) used a shield 8-30-2020, 8:49:49 PM
blindgamer123(blindgamer123) used a shield 8-30-2020, 8:49:49 PM
blindgamer123(blindgamer123) used a shield 8-30-2020, 8:49:49 PM
blindgamer123(blindgamer123) used a shield 8-30-2020, 8:49:49 PM
blindgamer123(blindgamer123) used a shield 8-30-2020, 8:49:49 PM
blindgamer123(blindgamer123) used a shield 8-30-2020, 8:49:50 PM
blindgamer123(blindgamer123) used a tk_ultra_health_potion 8-30-2020, 8:50:36 PM
blindgamer123(blindgamer123) used a tk_ultra_health_potion 8-30-2020, 8:50:36 PM
blindgamer123(blindgamer123) used a helicopter 8-30-2020, 8:54:38 PM
blindgamer123(blindgamer123) used a shield 8-30-2020, 8:54:47 PM
blindgamer123(blindgamer123) used a shield 8-30-2020, 8:54:47 PM
blindgamer123(blindgamer123) used a shield 8-30-2020, 8:54:48 PM
blindgamer123(blindgamer123) used a shield 8-30-2020, 8:54:48 PM
blindgamer123(blindgamer123) used a tk_ultra_health_potion 8-30-2020, 8:54:51 PM
blindgamer123(blindgamer123) used a tk_ultra_health_potion 8-30-2020, 8:54:51 PM
blindgamer123(blindgamer123) used a tk_ultra_health_potion 8-30-2020, 8:54:54 PM
blindgamer123(blindgamer123) used a tk_ultra_health_potion 8-30-2020, 8:54:54 PM
blindgamer123(blindgamer123) used a tk_ultra_health_potion 8-30-2020, 8:54:57 PM
blindgamer123(blindgamer123) used a tk_ultra_health_potion 8-30-2020, 8:54:58 PM
blindgamer123(blindgamer123) used a steal_warhammer 8-30-2020, 8:55:00 PM
blindgamer123(blindgamer123) used a police_car 8-30-2020, 8:57:06 PM
blindgamer123(blindgamer123) used a police_car 8-30-2020, 9:02:11 PM
blindgamer123(blindgamer123) used a throwing_star 8-30-2020, 9:02:23 PM
blindgamer123(blindgamer123) used a helicopter 8-30-2020, 9:05:58 PM
blindgamer123(blindgamer123) used a helicopter 8-30-2020, 9:06:49 PM
blindgamer123(blindgamer123) used a helicopter 8-30-2020, 9:06:49 PM
blindgamer123(blindgamer123) used a gauss 8-30-2020, 9:06:50 PM
blindgamer123(blindgamer123) used a security_bomb 8-30-2020, 9:06:52 PM
blindgamer123(blindgamer123) used a remote_gun_controller 8-30-2020, 9:06:53 PM
blindgamer123(blindgamer123) used a barricade_bomb 8-30-2020, 9:06:55 PM
blindgamer123(blindgamer123) used a beretta_nano_pocket_pistol 8-30-2020, 9:07:11 PM
blindgamer123(blindgamer123) used a turret 8-30-2020, 9:07:13 PM
blindgamer123(blindgamer123) used a ammo_shotgun 8-30-2020, 9:07:26 PM
blindgamer123(blindgamer123) used a hand_grenade 8-30-2020, 9:07:30 PM
blindgamer123(blindgamer123) used a guided_missile 8-30-2020, 9:07:31 PM
blindgamer123(blindgamer123) used a m16_assault_rifle 8-30-2020, 9:07:33 PM
blindgamer123(blindgamer123) used a coin 8-30-2020, 9:07:35 PM
blindgamer123(blindgamer123) used a ammo_gauss 8-30-2020, 9:07:36 PM
blindgamer123(blindgamer123) used a hammer 8-30-2020, 9:07:38 PM
blindgamer123(blindgamer123) used a cop_357_derringer_pistol 8-30-2020, 9:07:40 PM
blindgamer123(blindgamer123) used a pack_of_20_ammo_cop_357_derringer_pistol 8-30-2020, 9:07:41 PM
blindgamer123(blindgamer123) used a ammo_cop_357_derringer_pistol 8-30-2020, 9:07:42 PM
blindgamer123(blindgamer123) used a colt_ar_15_assault_rifle 8-30-2020, 9:07:44 PM
blindgamer123(blindgamer123) used a antibiotic_pack 8-30-2020, 9:07:46 PM
blindgamer123(blindgamer123) used a hipersound_bomb 8-30-2020, 9:07:47 PM
blindgamer123(blindgamer123) used a studded_boots 8-30-2020, 9:07:54 PM
blindgamer123(blindgamer123) used a pack_of_100_ammo_m16_assault_rifle 8-30-2020, 9:07:55 PM
blindgamer123(blindgamer123) used a sniper_ammo_pack 8-30-2020, 9:07:56 PM
blindgamer123(blindgamer123) used a pack_of_50_ammo_beretta_nano_pocket_pistol 8-30-2020, 9:07:57 PM
blindgamer123(blindgamer123) used a str_301_long_barreled_machine_pistol 8-30-2020, 9:07:58 PM
blindgamer123(blindgamer123) used a ammo_beretta_nano_pocket_pistol 8-30-2020, 9:08:00 PM
blindgamer123(blindgamer123) used a pack_of_20_ammo_beretta_m1951_machine_pistol 8-30-2020, 9:08:02 PM
blindgamer123(blindgamer123) used a antibiotic 8-30-2020, 9:08:03 PM
blindgamer123(blindgamer123) used a sniper 8-30-2020, 9:08:04 PM
blindgamer123(blindgamer123) used a ultrabomb 8-30-2020, 9:08:05 PM
blindgamer123(blindgamer123) used a grenade 8-30-2020, 9:08:07 PM
blindgamer123(blindgamer123) used a grenade 8-30-2020, 9:08:09 PM
blindgamer123(blindgamer123) used a helicopter 8-30-2020, 9:08:10 PM
blindgamer123(blindgamer123) used a health_dart 8-30-2020, 9:08:12 PM
blindgamer123(blindgamer123) used a aircraft 8-30-2020, 9:08:13 PM
blindgamer123(blindgamer123) used a motion_bomb 8-30-2020, 9:08:55 PM
blindgamer123(blindgamer123) used a pack_of_100_ammo_colt_ar_15_assault_rifle 8-30-2020, 9:08:57 PM
blindgamer123(blindgamer123) used a ammo_stp21_handgun 8-30-2020, 9:08:58 PM
blindgamer123(blindgamer123) used a robot 8-30-2020, 9:08:59 PM
blindgamer123(blindgamer123) used a ultrabomb_silencer 8-30-2020, 9:09:07 PM
blindgamer123(blindgamer123) used a pack_of_10_antibiotic 8-30-2020, 9:09:08 PM
blindgamer123(blindgamer123) used a beretta_m1951_machine_pistol 8-30-2020, 9:09:09 PM