
kofeman(kofeman) used a antibiotic 8-30-2020, 12:01:43 AM
kofeman(kofeman) used a ultrabomb 8-30-2020, 12:01:57 AM
kofeman(kofeman) used a ultrabomb 8-30-2020, 12:02:05 AM
kofeman(kofeman) used a mine 8-30-2020, 12:05:58 AM
kofeman(kofeman) used a mine 8-30-2020, 12:06:00 AM
kofeman(kofeman) used a mine 8-30-2020, 12:06:02 AM
kofeman(kofeman) used a missile_interceptor 8-30-2020, 12:19:31 AM
kofeman(kofeman) used a shield 8-30-2020, 12:33:37 AM
kofeman(kofeman) used a shield 8-30-2020, 12:33:38 AM
kofeman(kofeman) used a shield 8-30-2020, 12:34:13 AM
kofeman(kofeman) used a pack_of_15_shield 8-30-2020, 12:37:13 AM
kofeman(kofeman) used a pack_of_10_antibiotic 8-30-2020, 12:37:29 AM
kofeman(kofeman) used a helicopter 8-30-2020, 12:37:31 AM
kofeman(kofeman) used a missile_interceptor 8-30-2020, 12:38:09 AM
kofeman(kofeman) used a aircraft 8-30-2020, 12:40:08 AM
kofeman(kofeman) used a aircraft 8-30-2020, 12:41:42 AM
kofeman(kofeman) used a carrier_missile 8-30-2020, 12:43:25 AM
kofeman(kofeman) used a shield 8-30-2020, 12:44:44 AM
kofeman(kofeman) used a guided_missile 8-30-2020, 12:44:56 AM
kofeman(kofeman) used a guided_missile 8-30-2020, 12:44:59 AM
kofeman(kofeman) used a bomb_defuser 8-30-2020, 12:45:55 AM
kofeman(kofeman) used a bomb_defuser 8-30-2020, 12:46:01 AM
kofeman(kofeman) used a bomb_defuser 8-30-2020, 12:46:04 AM
kofeman(kofeman) used a bomb_defuser 8-30-2020, 12:46:04 AM
kofeman(kofeman) used a bomb_defuser 8-30-2020, 12:46:05 AM
kofeman(kofeman) used a bomb_defuser 8-30-2020, 12:46:05 AM
kofeman(kofeman) used a bomb_defuser 8-30-2020, 12:46:06 AM
kofeman(kofeman) used a bomb_defuser 8-30-2020, 12:46:06 AM
kofeman(kofeman) used a bomb_defuser 8-30-2020, 12:46:06 AM
kofeman(kofeman) used a bomb_defuser 8-30-2020, 12:46:07 AM
kofeman(kofeman) used a bomb_defuser 8-30-2020, 12:46:07 AM
kofeman(kofeman) used a bomb_defuser 8-30-2020, 12:46:07 AM
kofeman(kofeman) used a bomb_defuser 8-30-2020, 12:46:10 AM
kofeman(kofeman) used a bomb_defuser 8-30-2020, 12:46:10 AM
kofeman(kofeman) used a bomb_defuser 8-30-2020, 12:46:11 AM
kofeman(kofeman) used a bomb_defuser 8-30-2020, 12:46:11 AM
kofeman(kofeman) used a bomb_defuser 8-30-2020, 12:46:11 AM
kofeman(kofeman) used a bomb_defuser 8-30-2020, 12:46:13 AM
kofeman(kofeman) used a bomb_defuser 8-30-2020, 12:46:16 AM
kofeman(kofeman) used a bomb_defuser 8-30-2020, 12:46:23 AM
kofeman(kofeman) used a remote_timebomb 8-30-2020, 12:47:17 AM
kofeman(kofeman) used a wood_pack 8-30-2020, 12:53:05 AM
kofeman(kofeman) used a ultrabomb 8-30-2020, 12:58:36 AM
kofeman(kofeman) used a ultrabomb 8-30-2020, 12:59:16 AM
kofeman(kofeman) used a shield 8-30-2020, 1:00:04 AM
kofeman(kofeman) used a guided_missile 8-30-2020, 1:13:01 AM
kofeman(kofeman) used a carrier_missile 8-30-2020, 1:15:11 AM
kofeman(kofeman) used a missile_interceptor 8-30-2020, 1:16:36 AM
kofeman(kofeman) used a missile_interceptor 8-30-2020, 1:16:58 AM
kofeman(kofeman) used a carrier_missile 8-30-2020, 1:17:59 AM
kofeman(kofeman) used a carrier_missile 8-30-2020, 1:19:44 AM
kofeman(kofeman) used a guided_missile 8-30-2020, 1:22:15 AM
kofeman(kofeman) used a hipersound_bomb 8-30-2020, 1:26:05 AM
kofeman(kofeman) used a pack_of_20_bomb_defuser 8-30-2020, 1:26:53 AM
kofeman(kofeman) used a shield 8-30-2020, 1:26:58 AM
kofeman(kofeman) used a health_drink 8-30-2020, 1:27:56 AM
kofeman(kofeman) used a shield 8-30-2020, 1:31:04 AM
kofeman(kofeman) used a tank 8-30-2020, 1:33:42 AM
kofeman(kofeman) used a tank 8-30-2020, 1:34:25 AM
kofeman(kofeman) used a shield 8-30-2020, 1:37:53 AM
kofeman(kofeman) used a shield 8-30-2020, 1:37:54 AM
kofeman(kofeman) used a shield 8-30-2020, 1:37:54 AM
kofeman(kofeman) used a shield 8-30-2020, 1:37:54 AM
kofeman(kofeman) used a shield 8-30-2020, 1:37:54 AM
kofeman(kofeman) used a shield 8-30-2020, 1:37:54 AM
kofeman(kofeman) used a shield 8-30-2020, 1:37:54 AM
kofeman(kofeman) used a shield 8-30-2020, 1:37:55 AM
kofeman(kofeman) used a shield 8-30-2020, 1:37:55 AM
kofeman(kofeman) used a shield 8-30-2020, 1:37:55 AM
kofeman(kofeman) used a shield 8-30-2020, 1:37:55 AM
kofeman(kofeman) used a shield 8-30-2020, 1:37:55 AM
kofeman(kofeman) used a shield 8-30-2020, 1:37:55 AM
kofeman(kofeman) used a shield 8-30-2020, 1:37:55 AM
kofeman(kofeman) used a shield 8-30-2020, 1:37:55 AM
kofeman(kofeman) used a shield 8-30-2020, 1:37:56 AM
kofeman(kofeman) used a shield 8-30-2020, 1:37:56 AM
kofeman(kofeman) used a shield 8-30-2020, 1:37:56 AM
kofeman(kofeman) used a tank 8-30-2020, 1:40:02 AM
kofeman(kofeman) used a carrier_missile 8-30-2020, 1:45:50 AM
kofeman(kofeman) used a robot 8-30-2020, 1:53:05 AM
kofeman(kofeman) used a robot 8-30-2020, 1:53:11 AM
kofeman(kofeman) used a invisibility_shield 8-30-2020, 1:53:52 AM
kofeman(kofeman) used a invisibility_shield 8-30-2020, 1:53:54 AM
kofeman(kofeman) used a concussive_grenade 8-30-2020, 3:15:28 AM
kofeman(kofeman) used a health_drink 8-30-2020, 3:15:33 AM
kofeman(kofeman) used a health_drink 8-30-2020, 3:15:37 AM
kofeman(kofeman) used a health_drink 8-30-2020, 3:15:40 AM
kofeman(kofeman) used a health_drink 8-30-2020, 3:15:43 AM
kofeman(kofeman) used a health_drink 8-30-2020, 3:15:44 AM
kofeman(kofeman) used a health_drink 8-30-2020, 3:15:48 AM
kofeman(kofeman) used a health_drink 8-30-2020, 3:15:52 AM
kofeman(kofeman) used a fire_extinguisher 8-30-2020, 3:16:05 AM
kofeman(kofeman) used a str_301_long_barreled_machine_pistol 8-30-2020, 3:16:29 AM
kofeman(kofeman) used a health_drink 8-30-2020, 3:20:04 AM
kofeman(kofeman) used a aircraft 8-30-2020, 3:20:13 AM
kofeman(kofeman) used a aircraft 8-30-2020, 3:20:20 AM
kofeman(kofeman) used a ammo_throwing_knives 8-30-2020, 3:22:17 AM
kofeman(kofeman) used a warp_box 8-30-2020, 3:22:29 AM
kofeman(kofeman) used a concussive_grenade 8-30-2020, 3:23:24 AM
kofeman(kofeman) used a ammo_str_301_long_barreled_machine_pistol 8-30-2020, 3:24:33 AM
kofeman(kofeman) used a str_301_long_barreled_machine_pistol 8-30-2020, 3:24:39 AM
kofeman(kofeman) used a antibiotic 8-30-2020, 3:31:55 AM
kofeman(kofeman) used a pack_of_5_barricade_bomb 8-30-2020, 3:33:17 AM
kofeman(kofeman) used a security_bomb 8-30-2020, 3:33:28 AM
kofeman(kofeman) used a grenade_pack 8-30-2020, 3:33:54 AM
kofeman(kofeman) used a barricade_bomb 8-30-2020, 3:34:46 AM
kofeman(kofeman) used a barricade_bomb 8-30-2020, 3:35:01 AM
kofeman(kofeman) used a barricade_bomb 8-30-2020, 3:35:04 AM
kofeman(kofeman) used a pack_of_10_security_bomb 8-30-2020, 3:35:27 AM
kofeman(kofeman) used a pack_of_10_security_bomb 8-30-2020, 3:35:31 AM
kofeman(kofeman) used a pack_of_10_security_bomb 8-30-2020, 3:35:34 AM
kofeman(kofeman) used a pack_of_10_security_bomb 8-30-2020, 3:35:35 AM
kofeman(kofeman) used a pack_of_5_barricade_bomb 8-30-2020, 3:35:50 AM
kofeman(kofeman) used a security_bomb 8-30-2020, 3:36:13 AM
kofeman(kofeman) used a security_bomb 8-30-2020, 3:36:27 AM
kofeman(kofeman) used a security_bomb 8-30-2020, 3:36:29 AM
kofeman(kofeman) used a health_drink 8-30-2020, 1:58:23 PM
kofeman(kofeman) used a wood 8-30-2020, 1:58:52 PM
kofeman(kofeman) used a str_301_long_barreled_machine_pistol 8-30-2020, 1:59:12 PM
kofeman(kofeman) used a grenade 8-30-2020, 2:01:34 PM
kofeman(kofeman) used a grenade 8-30-2020, 2:01:34 PM
kofeman(kofeman) used a grenade 8-30-2020, 2:01:34 PM
kofeman(kofeman) used a grenade 8-30-2020, 2:01:34 PM
kofeman(kofeman) used a grenade 8-30-2020, 2:01:35 PM
kofeman(kofeman) used a grenade 8-30-2020, 2:01:35 PM
kofeman(kofeman) used a grenade 8-30-2020, 2:01:36 PM
kofeman(kofeman) used a grenade 8-30-2020, 2:01:36 PM
kofeman(kofeman) used a grenade 8-30-2020, 2:01:36 PM
kofeman(kofeman) used a grenade 8-30-2020, 2:01:37 PM
kofeman(kofeman) used a grenade 8-30-2020, 2:01:37 PM
kofeman(kofeman) used a grenade 8-30-2020, 2:01:37 PM
kofeman(kofeman) used a grenade 8-30-2020, 2:01:38 PM
kofeman(kofeman) used a grenade 8-30-2020, 2:01:40 PM
kofeman(kofeman) used a grenade 8-30-2020, 2:01:42 PM
kofeman(kofeman) used a grenade 8-30-2020, 2:01:44 PM
kofeman(kofeman) used a grenade 8-30-2020, 2:01:46 PM
kofeman(kofeman) used a grenade 8-30-2020, 2:01:47 PM
kofeman(kofeman) used a wood_pack 8-30-2020, 2:06:30 PM
kofeman(kofeman) used a wood_pack 8-30-2020, 2:06:31 PM
kofeman(kofeman) used a missile_interceptor 8-30-2020, 2:11:51 PM
kofeman(kofeman) used a missile_interceptor 8-30-2020, 2:13:58 PM
kofeman(kofeman) used a missile_interceptor 8-30-2020, 2:14:23 PM
kofeman(kofeman) used a missile_interceptor 8-30-2020, 2:14:30 PM
kofeman(kofeman) used a turret 8-30-2020, 2:27:20 PM
kofeman(kofeman) used a armored_tank 8-30-2020, 2:28:27 PM
kofeman(kofeman) used a health_drink 8-30-2020, 3:08:49 PM
kofeman(kofeman) used a str_301_long_barreled_machine_pistol 8-30-2020, 3:09:25 PM
kofeman(kofeman) used a antibiotic_canister 8-30-2020, 3:10:36 PM
kofeman(kofeman) used a invisibility_shield 8-30-2020, 3:11:14 PM
kofeman(kofeman) used a health_drink 8-30-2020, 3:11:26 PM
kofeman(kofeman) used a health_drink 8-30-2020, 3:14:40 PM
kofeman(kofeman) used a health_drink 8-30-2020, 3:14:47 PM
kofeman(kofeman) used a shield 8-30-2020, 3:14:58 PM
kofeman(kofeman) used a shield 8-30-2020, 3:14:59 PM
kofeman(kofeman) used a ammo_str_301_long_barreled_machine_pistol 8-30-2020, 3:15:26 PM
kofeman(kofeman) used a str_301_long_barreled_machine_pistol 8-30-2020, 3:15:43 PM
kofeman(kofeman) used a ammo_throwing_knives 8-30-2020, 3:18:24 PM
kofeman(kofeman) used a security_bomb 8-30-2020, 3:19:34 PM
kofeman(kofeman) used a pack_of_5_barricade_bomb 8-30-2020, 3:20:04 PM
kofeman(kofeman) used a pack_of_5_barricade_bomb 8-30-2020, 3:20:06 PM
kofeman(kofeman) used a barricade_bomb 8-30-2020, 3:20:20 PM
kofeman(kofeman) used a guided_missile 8-30-2020, 3:24:27 PM
kofeman(kofeman) used a guided_missile 8-30-2020, 3:25:24 PM
kofeman(kofeman) used a guided_missile 8-30-2020, 3:25:35 PM
kofeman(kofeman) used a guided_missile 8-30-2020, 3:30:49 PM
kofeman(kofeman) used a guided_missile 8-30-2020, 3:31:17 PM
kofeman(kofeman) used a health_orb 8-30-2020, 3:33:20 PM
kofeman(kofeman) used a carrier_missile 8-30-2020, 3:37:52 PM
kofeman(kofeman) used a str_301_long_barreled_machine_pistol 8-30-2020, 3:41:50 PM
kofeman(kofeman) used a missile_interceptor 8-30-2020, 3:43:46 PM
kofeman(kofeman) used a carrier_missile 8-30-2020, 3:45:25 PM
kofeman(kofeman) used a grenade 8-30-2020, 3:47:29 PM
kofeman(kofeman) used a armored_tank 8-30-2020, 3:55:13 PM
kofeman(kofeman) used a armored_tank 8-30-2020, 3:56:54 PM
kofeman(kofeman) used a stone 8-30-2020, 3:58:51 PM
kofeman(kofeman) used a concussive_grenade 8-30-2020, 3:59:20 PM
kofeman(kofeman) used a concussive_grenade 8-30-2020, 3:59:21 PM
kofeman(kofeman) used a concussive_grenade 8-30-2020, 3:59:22 PM
kofeman(kofeman) used a missile_interceptor 8-30-2020, 7:35:09 PM
kofeman(kofeman) used a missile_interceptor 8-30-2020, 7:35:14 PM
kofeman(kofeman) used a missile_interceptor 8-30-2020, 7:35:19 PM
kofeman(kofeman) used a guided_missile 8-30-2020, 7:35:58 PM
kofeman(kofeman) used a missile_interceptor 8-30-2020, 7:36:15 PM
kofeman(kofeman) used a missile_interceptor 8-30-2020, 7:36:17 PM
kofeman(kofeman) used a guided_missile 8-30-2020, 7:36:36 PM
kofeman(kofeman) used a guided_missile 8-30-2020, 7:38:01 PM
kofeman(kofeman) used a carrier_missile 8-30-2020, 7:40:11 PM
kofeman(kofeman) used a guided_missile 8-30-2020, 7:42:56 PM
kofeman(kofeman) used a guided_missile 8-30-2020, 7:43:26 PM
kofeman(kofeman) used a guided_missile 8-30-2020, 7:46:05 PM
kofeman(kofeman) used a guided_missile 8-30-2020, 7:46:50 PM
kofeman(kofeman) used a guided_missile 8-30-2020, 7:47:07 PM
kofeman(kofeman) used a guided_missile 8-30-2020, 7:47:46 PM
kofeman(kofeman) used a pack_of_10_motion_bomb 8-30-2020, 7:50:43 PM
kofeman(kofeman) used a item_grabber 8-30-2020, 7:51:01 PM
kofeman(kofeman) used a health_drink 8-30-2020, 7:52:09 PM
kofeman(kofeman) used a health_drink 8-30-2020, 7:52:11 PM
kofeman(kofeman) used a health_drink 8-30-2020, 7:52:13 PM
kofeman(kofeman) used a health_drink 8-30-2020, 7:52:16 PM
kofeman(kofeman) used a health_drink 8-30-2020, 7:52:19 PM
kofeman(kofeman) used a health_drink 8-30-2020, 7:52:37 PM
kofeman(kofeman) used a health_drink 8-30-2020, 7:52:40 PM
kofeman(kofeman) used a concussive_grenade 8-30-2020, 7:52:46 PM
kofeman(kofeman) used a shield 8-30-2020, 7:53:53 PM
kofeman(kofeman) used a shield 8-30-2020, 7:53:53 PM
kofeman(kofeman) used a shield 8-30-2020, 7:53:54 PM
kofeman(kofeman) used a shield 8-30-2020, 7:53:54 PM
kofeman(kofeman) used a shield 8-30-2020, 7:53:54 PM
kofeman(kofeman) used a shield 8-30-2020, 7:53:54 PM
kofeman(kofeman) used a shield 8-30-2020, 7:53:54 PM
kofeman(kofeman) used a shield 8-30-2020, 7:53:54 PM
kofeman(kofeman) used a shield 8-30-2020, 7:53:55 PM
kofeman(kofeman) used a shield 8-30-2020, 7:53:55 PM
kofeman(kofeman) used a shield 8-30-2020, 7:53:55 PM
kofeman(kofeman) used a shield 8-30-2020, 7:53:55 PM
kofeman(kofeman) used a shield 8-30-2020, 7:53:55 PM
kofeman(kofeman) used a shield 8-30-2020, 7:53:55 PM
kofeman(kofeman) used a shield 8-30-2020, 7:53:55 PM
kofeman(kofeman) used a shield 8-30-2020, 7:53:56 PM
kofeman(kofeman) used a shield 8-30-2020, 7:53:56 PM
kofeman(kofeman) used a shield 8-30-2020, 7:53:56 PM
kofeman(kofeman) used a shield 8-30-2020, 7:53:56 PM
kofeman(kofeman) used a shield 8-30-2020, 7:53:56 PM
kofeman(kofeman) used a shield 8-30-2020, 7:53:56 PM
kofeman(kofeman) used a shield 8-30-2020, 7:53:56 PM
kofeman(kofeman) used a shield 8-30-2020, 7:53:57 PM
kofeman(kofeman) used a shield 8-30-2020, 7:53:57 PM
kofeman(kofeman) used a shield 8-30-2020, 7:53:57 PM
kofeman(kofeman) used a shield 8-30-2020, 7:53:57 PM
kofeman(kofeman) used a shield 8-30-2020, 7:53:57 PM
kofeman(kofeman) used a hand_grenade 8-30-2020, 7:54:35 PM
kofeman(kofeman) used a hand_grenade 8-30-2020, 7:54:36 PM
kofeman(kofeman) used a hand_grenade 8-30-2020, 7:54:37 PM
kofeman(kofeman) used a hand_grenade 8-30-2020, 7:54:38 PM
kofeman(kofeman) used a hand_grenade 8-30-2020, 7:54:42 PM
kofeman(kofeman) used a hand_grenade 8-30-2020, 7:55:34 PM
kofeman(kofeman) used a hand_grenade 8-30-2020, 7:55:53 PM
kofeman(kofeman) used a hand_grenade 8-30-2020, 7:57:01 PM
kofeman(kofeman) used a hand_grenade 8-30-2020, 7:57:05 PM
kofeman(kofeman) used a hand_grenade 8-30-2020, 7:57:07 PM
kofeman(kofeman) used a hand_grenade 8-30-2020, 7:57:24 PM
kofeman(kofeman) used a hand_grenade 8-30-2020, 7:57:26 PM
kofeman(kofeman) used a guided_missile 8-30-2020, 7:57:31 PM
kofeman(kofeman) used a hand_grenade 8-30-2020, 7:58:19 PM
kofeman(kofeman) used a guided_missile 8-30-2020, 7:58:41 PM
kofeman(kofeman) used a guided_missile 8-30-2020, 7:58:46 PM
kofeman(kofeman) used a guided_missile 8-30-2020, 7:59:37 PM
kofeman(kofeman) used a guided_missile 8-30-2020, 7:59:56 PM
kofeman(kofeman) used a guided_missile 8-30-2020, 8:00:00 PM
kofeman(kofeman) used a guided_missile 8-30-2020, 8:00:07 PM
kofeman(kofeman) used a guided_missile 8-30-2020, 8:00:29 PM
kofeman(kofeman) used a hand_grenade 8-30-2020, 8:01:20 PM
kofeman(kofeman) used a guided_missile 8-30-2020, 8:01:41 PM
kofeman(kofeman) used a guided_missile 8-30-2020, 8:02:14 PM
kofeman(kofeman) used a hand_grenade 8-30-2020, 8:02:37 PM
kofeman(kofeman) used a hand_grenade 8-30-2020, 8:03:47 PM
kofeman(kofeman) used a hand_grenade 8-30-2020, 8:03:48 PM
kofeman(kofeman) used a hand_grenade 8-30-2020, 8:03:55 PM
kofeman(kofeman) used a hand_grenade 8-30-2020, 8:05:10 PM
kofeman(kofeman) used a hand_grenade 8-30-2020, 8:06:33 PM
kofeman(kofeman) used a hand_grenade 8-30-2020, 8:07:27 PM
kofeman(kofeman) used a hand_grenade 8-30-2020, 8:08:11 PM
kofeman(kofeman) used a hand_grenade 8-30-2020, 8:08:12 PM
kofeman(kofeman) used a hand_grenade 8-30-2020, 8:08:14 PM
kofeman(kofeman) used a hand_grenade 8-30-2020, 8:08:21 PM
kofeman(kofeman) used a hand_grenade 8-30-2020, 8:08:22 PM
kofeman(kofeman) used a hand_grenade 8-30-2020, 8:08:22 PM
kofeman(kofeman) used a hand_grenade 8-30-2020, 8:08:22 PM
kofeman(kofeman) used a hand_grenade 8-30-2020, 8:08:23 PM
kofeman(kofeman) used a hand_grenade 8-30-2020, 8:08:23 PM
kofeman(kofeman) used a str_301_long_barreled_machine_pistol 8-30-2020, 8:09:15 PM
kofeman(kofeman) used a health_drink 8-30-2020, 8:09:27 PM
kofeman(kofeman) used a health_drink 8-30-2020, 8:09:29 PM
kofeman(kofeman) used a health_drink 8-30-2020, 8:09:32 PM
kofeman(kofeman) used a health_drink 8-30-2020, 8:09:34 PM
kofeman(kofeman) used a health_drink 8-30-2020, 8:09:35 PM
kofeman(kofeman) used a health_drink 8-30-2020, 8:09:38 PM
kofeman(kofeman) used a health_drink 8-30-2020, 8:09:38 PM
kofeman(kofeman) used a health_drink 8-30-2020, 8:09:39 PM
kofeman(kofeman) used a health_drink 8-30-2020, 8:09:41 PM
kofeman(kofeman) used a health_drink 8-30-2020, 8:09:42 PM
kofeman(kofeman) used a health_drink 8-30-2020, 8:09:42 PM
kofeman(kofeman) used a health_drink 8-30-2020, 8:09:42 PM
kofeman(kofeman) used a health_drink 8-30-2020, 8:09:45 PM
kofeman(kofeman) used a hand_grenade 8-30-2020, 8:10:25 PM
kofeman(kofeman) used a hand_grenade 8-30-2020, 8:10:25 PM
kofeman(kofeman) used a hand_grenade 8-30-2020, 8:10:26 PM
kofeman(kofeman) used a hand_grenade 8-30-2020, 8:10:26 PM
kofeman(kofeman) used a hand_grenade 8-30-2020, 8:10:26 PM
kofeman(kofeman) used a hand_grenade 8-30-2020, 8:10:26 PM
kofeman(kofeman) used a hand_grenade 8-30-2020, 8:10:26 PM
kofeman(kofeman) used a hand_grenade 8-30-2020, 8:10:27 PM
kofeman(kofeman) used a hand_grenade 8-30-2020, 8:10:27 PM
kofeman(kofeman) used a hand_grenade 8-30-2020, 8:10:29 PM
kofeman(kofeman) used a hand_grenade 8-30-2020, 8:10:29 PM
kofeman(kofeman) used a hand_grenade 8-30-2020, 8:10:31 PM
kofeman(kofeman) used a hand_grenade 8-30-2020, 8:10:31 PM
kofeman(kofeman) used a hand_grenade 8-30-2020, 8:10:31 PM
kofeman(kofeman) used a hand_grenade 8-30-2020, 8:10:32 PM
kofeman(kofeman) used a hand_grenade 8-30-2020, 8:10:33 PM
kofeman(kofeman) used a hand_grenade 8-30-2020, 8:10:33 PM
kofeman(kofeman) used a hand_grenade 8-30-2020, 8:10:33 PM
kofeman(kofeman) used a hand_grenade 8-30-2020, 8:10:33 PM
kofeman(kofeman) used a hand_grenade 8-30-2020, 8:10:34 PM
kofeman(kofeman) used a hand_grenade 8-30-2020, 8:10:35 PM
kofeman(kofeman) used a hand_grenade 8-30-2020, 8:10:36 PM
kofeman(kofeman) used a hand_grenade 8-30-2020, 8:10:36 PM
kofeman(kofeman) used a hand_grenade 8-30-2020, 8:10:36 PM
kofeman(kofeman) used a hand_grenade 8-30-2020, 8:10:36 PM
kofeman(kofeman) used a hand_grenade 8-30-2020, 8:10:37 PM
kofeman(kofeman) used a hand_grenade 8-30-2020, 8:10:37 PM
kofeman(kofeman) used a hand_grenade 8-30-2020, 8:10:37 PM
kofeman(kofeman) used a hand_grenade 8-30-2020, 8:10:38 PM
kofeman(kofeman) used a hand_grenade 8-30-2020, 8:10:41 PM
kofeman(kofeman) used a hand_grenade 8-30-2020, 8:10:42 PM
kofeman(kofeman) used a hand_grenade 8-30-2020, 8:10:42 PM
kofeman(kofeman) used a hand_grenade 8-30-2020, 8:10:42 PM
kofeman(kofeman) used a hand_grenade 8-30-2020, 8:10:43 PM
kofeman(kofeman) used a hand_grenade 8-30-2020, 8:10:43 PM
kofeman(kofeman) used a hand_grenade 8-30-2020, 8:10:43 PM
kofeman(kofeman) used a hand_grenade 8-30-2020, 8:10:51 PM
kofeman(kofeman) used a hand_grenade 8-30-2020, 8:10:51 PM
kofeman(kofeman) used a hand_grenade 8-30-2020, 8:10:53 PM
kofeman(kofeman) used a hand_grenade 8-30-2020, 8:10:54 PM
kofeman(kofeman) used a hand_grenade 8-30-2020, 8:10:54 PM
kofeman(kofeman) used a hand_grenade 8-30-2020, 8:10:56 PM
kofeman(kofeman) used a hand_grenade 8-30-2020, 8:10:56 PM
kofeman(kofeman) used a hand_grenade 8-30-2020, 8:10:56 PM
kofeman(kofeman) used a hand_grenade 8-30-2020, 8:10:56 PM
kofeman(kofeman) used a hand_grenade 8-30-2020, 8:10:57 PM
kofeman(kofeman) used a hand_grenade 8-30-2020, 8:10:57 PM
kofeman(kofeman) used a hand_grenade 8-30-2020, 8:10:57 PM
kofeman(kofeman) used a hand_grenade 8-30-2020, 8:10:58 PM
kofeman(kofeman) used a hand_grenade 8-30-2020, 8:10:58 PM
kofeman(kofeman) used a hand_grenade 8-30-2020, 8:10:58 PM
kofeman(kofeman) used a hand_grenade 8-30-2020, 8:10:59 PM
kofeman(kofeman) used a hand_grenade 8-30-2020, 8:11:00 PM
kofeman(kofeman) used a hand_grenade 8-30-2020, 8:11:00 PM
kofeman(kofeman) used a hand_grenade 8-30-2020, 8:11:00 PM
kofeman(kofeman) used a hand_grenade 8-30-2020, 8:11:00 PM
kofeman(kofeman) used a hand_grenade 8-30-2020, 8:11:02 PM
kofeman(kofeman) used a hand_grenade 8-30-2020, 8:11:05 PM
kofeman(kofeman) used a hand_grenade 8-30-2020, 8:11:05 PM
kofeman(kofeman) used a hand_grenade 8-30-2020, 8:11:06 PM
kofeman(kofeman) used a hand_grenade 8-30-2020, 8:11:06 PM
kofeman(kofeman) used a hand_grenade 8-30-2020, 8:11:06 PM
kofeman(kofeman) used a hand_grenade 8-30-2020, 8:11:06 PM
kofeman(kofeman) used a hand_grenade 8-30-2020, 8:11:06 PM
kofeman(kofeman) used a hand_grenade 8-30-2020, 8:11:07 PM
kofeman(kofeman) used a hand_grenade 8-30-2020, 8:11:07 PM
kofeman(kofeman) used a hand_grenade 8-30-2020, 8:11:08 PM
kofeman(kofeman) used a hand_grenade 8-30-2020, 8:11:08 PM
kofeman(kofeman) used a hand_grenade 8-30-2020, 8:11:08 PM
kofeman(kofeman) used a hand_grenade 8-30-2020, 8:11:08 PM
kofeman(kofeman) used a hand_grenade 8-30-2020, 8:11:08 PM
kofeman(kofeman) used a hand_grenade 8-30-2020, 8:11:09 PM
kofeman(kofeman) used a hand_grenade 8-30-2020, 8:11:09 PM
kofeman(kofeman) used a hand_grenade 8-30-2020, 8:11:09 PM
kofeman(kofeman) used a hand_grenade 8-30-2020, 8:11:09 PM
kofeman(kofeman) used a hand_grenade 8-30-2020, 8:11:10 PM
kofeman(kofeman) used a hand_grenade 8-30-2020, 8:11:10 PM
kofeman(kofeman) used a hand_grenade 8-30-2020, 8:11:10 PM
kofeman(kofeman) used a hand_grenade 8-30-2020, 8:11:11 PM
kofeman(kofeman) used a hand_grenade 8-30-2020, 8:11:45 PM
kofeman(kofeman) used a hand_grenade 8-30-2020, 8:12:30 PM
kofeman(kofeman) used a antibiotic 8-30-2020, 8:13:14 PM
kofeman(kofeman) used a antibiotic 8-30-2020, 8:13:20 PM
kofeman(kofeman) used a hand_grenade 8-30-2020, 8:13:58 PM
kofeman(kofeman) used a hand_grenade 8-30-2020, 8:13:59 PM
kofeman(kofeman) used a hand_grenade 8-30-2020, 8:13:59 PM
kofeman(kofeman) used a hand_grenade 8-30-2020, 8:13:59 PM
kofeman(kofeman) used a hand_grenade 8-30-2020, 8:14:00 PM
kofeman(kofeman) used a hand_grenade 8-30-2020, 8:14:00 PM
kofeman(kofeman) used a hand_grenade 8-30-2020, 8:14:01 PM
kofeman(kofeman) used a hand_grenade 8-30-2020, 8:14:01 PM
kofeman(kofeman) used a hand_grenade 8-30-2020, 8:14:02 PM
kofeman(kofeman) used a hand_grenade 8-30-2020, 8:14:02 PM
kofeman(kofeman) used a hand_grenade 8-30-2020, 8:14:02 PM
kofeman(kofeman) used a hand_grenade 8-30-2020, 8:14:02 PM
kofeman(kofeman) used a hand_grenade 8-30-2020, 8:14:03 PM
kofeman(kofeman) used a hand_grenade 8-30-2020, 8:14:03 PM
kofeman(kofeman) used a hand_grenade 8-30-2020, 8:14:03 PM
kofeman(kofeman) used a hand_grenade 8-30-2020, 8:14:03 PM
kofeman(kofeman) used a hand_grenade 8-30-2020, 8:14:03 PM
kofeman(kofeman) used a hand_grenade 8-30-2020, 8:14:03 PM
kofeman(kofeman) used a hand_grenade 8-30-2020, 8:14:04 PM
kofeman(kofeman) used a hand_grenade 8-30-2020, 8:14:04 PM
kofeman(kofeman) used a hand_grenade 8-30-2020, 8:14:04 PM
kofeman(kofeman) used a hand_grenade 8-30-2020, 8:14:05 PM
kofeman(kofeman) used a hand_grenade 8-30-2020, 8:14:05 PM
kofeman(kofeman) used a hand_grenade 8-30-2020, 8:14:06 PM
kofeman(kofeman) used a hand_grenade 8-30-2020, 8:14:06 PM
kofeman(kofeman) used a hand_grenade 8-30-2020, 8:14:06 PM
kofeman(kofeman) used a hand_grenade 8-30-2020, 8:14:06 PM
kofeman(kofeman) used a hand_grenade 8-30-2020, 8:14:06 PM
kofeman(kofeman) used a hand_grenade 8-30-2020, 8:14:07 PM
kofeman(kofeman) used a hand_grenade 8-30-2020, 8:14:17 PM
kofeman(kofeman) used a hand_grenade 8-30-2020, 8:14:17 PM
kofeman(kofeman) used a hand_grenade 8-30-2020, 8:14:18 PM
kofeman(kofeman) used a hand_grenade 8-30-2020, 8:14:18 PM
kofeman(kofeman) used a hand_grenade 8-30-2020, 8:14:19 PM
kofeman(kofeman) used a hand_grenade 8-30-2020, 8:14:19 PM
kofeman(kofeman) used a hand_grenade 8-30-2020, 8:14:19 PM
kofeman(kofeman) used a health_dart 8-30-2020, 10:24:43 PM
kofeman(kofeman) used a concussive_grenade 8-30-2020, 10:27:48 PM
kofeman(kofeman) used a antibiotic 8-30-2020, 10:28:57 PM
kofeman(kofeman) used a ammo_str_301_long_barreled_machine_pistol 8-30-2020, 10:29:04 PM
kofeman(kofeman) used a health_drink 8-30-2020, 10:29:27 PM
kofeman(kofeman) used a health_drink 8-30-2020, 10:29:45 PM
kofeman(kofeman) used a health_drink 8-30-2020, 10:29:49 PM
kofeman(kofeman) used a health_drink 8-30-2020, 10:29:52 PM
kofeman(kofeman) used a health_drink 8-30-2020, 10:29:53 PM
kofeman(kofeman) used a str_301_long_barreled_machine_pistol 8-30-2020, 10:30:08 PM
kofeman(kofeman) used a helicopter 8-30-2020, 10:30:31 PM
kofeman(kofeman) used a helicopter 8-30-2020, 10:30:44 PM
kofeman(kofeman) used a antibiotic_canister 8-30-2020, 10:31:18 PM
kofeman(kofeman) used a hand_grenade 8-30-2020, 10:32:54 PM
kofeman(kofeman) used a hand_grenade 8-30-2020, 10:32:54 PM
kofeman(kofeman) used a hand_grenade 8-30-2020, 10:32:54 PM
kofeman(kofeman) used a hand_grenade 8-30-2020, 10:33:32 PM
kofeman(kofeman) used a hand_grenade 8-30-2020, 10:33:36 PM
kofeman(kofeman) used a hand_grenade 8-30-2020, 10:33:44 PM
kofeman(kofeman) used a hand_grenade 8-30-2020, 10:33:44 PM
kofeman(kofeman) used a missile_interceptor 8-30-2020, 10:34:15 PM
kofeman(kofeman) used a hand_grenade 8-30-2020, 10:34:37 PM
kofeman(kofeman) used a hand_grenade 8-30-2020, 10:34:38 PM
kofeman(kofeman) used a hand_grenade 8-30-2020, 10:34:40 PM
kofeman(kofeman) used a missile_interceptor 8-30-2020, 10:34:55 PM
kofeman(kofeman) used a hand_grenade 8-30-2020, 10:34:59 PM
kofeman(kofeman) used a hand_grenade 8-30-2020, 10:36:05 PM
kofeman(kofeman) used a hand_grenade 8-30-2020, 10:36:20 PM
kofeman(kofeman) used a hand_grenade 8-30-2020, 10:36:21 PM
kofeman(kofeman) used a hand_grenade 8-30-2020, 10:36:21 PM
kofeman(kofeman) used a hand_grenade 8-30-2020, 10:36:22 PM
kofeman(kofeman) used a hand_grenade 8-30-2020, 10:36:22 PM
kofeman(kofeman) used a hand_grenade 8-30-2020, 10:36:23 PM
kofeman(kofeman) used a hand_grenade 8-30-2020, 10:36:23 PM
kofeman(kofeman) used a hand_grenade 8-30-2020, 10:36:24 PM
kofeman(kofeman) used a hand_grenade 8-30-2020, 10:36:30 PM
kofeman(kofeman) used a hand_grenade 8-30-2020, 10:36:32 PM
kofeman(kofeman) used a hand_grenade 8-30-2020, 10:36:34 PM
kofeman(kofeman) used a hand_grenade 8-30-2020, 10:36:36 PM
kofeman(kofeman) used a hand_grenade 8-30-2020, 10:36:37 PM
kofeman(kofeman) used a hand_grenade 8-30-2020, 10:36:37 PM
kofeman(kofeman) used a hand_grenade 8-30-2020, 10:36:38 PM
kofeman(kofeman) used a hand_grenade 8-30-2020, 10:36:38 PM
kofeman(kofeman) used a hand_grenade 8-30-2020, 10:36:40 PM
kofeman(kofeman) used a hand_grenade 8-30-2020, 10:37:17 PM
kofeman(kofeman) used a hand_grenade 8-30-2020, 10:37:24 PM
kofeman(kofeman) used a hand_grenade 8-30-2020, 10:37:25 PM
kofeman(kofeman) used a hand_grenade 8-30-2020, 10:37:27 PM
kofeman(kofeman) used a hand_grenade 8-30-2020, 10:37:28 PM
kofeman(kofeman) used a hand_grenade 8-30-2020, 10:37:38 PM
kofeman(kofeman) used a hand_grenade 8-30-2020, 10:38:02 PM
kofeman(kofeman) used a hand_grenade 8-30-2020, 10:38:15 PM
kofeman(kofeman) used a hand_grenade 8-30-2020, 10:38:30 PM
kofeman(kofeman) used a hand_grenade 8-30-2020, 10:38:31 PM
kofeman(kofeman) used a hand_grenade 8-30-2020, 10:38:35 PM
kofeman(kofeman) used a hand_grenade 8-30-2020, 10:38:47 PM
kofeman(kofeman) used a missile_interceptor 8-30-2020, 10:38:51 PM
kofeman(kofeman) used a hand_grenade 8-30-2020, 10:39:07 PM
kofeman(kofeman) used a hand_grenade 8-30-2020, 10:39:22 PM
kofeman(kofeman) used a guided_missile 8-30-2020, 10:39:28 PM
kofeman(kofeman) used a pack_of_5_barricade_bomb 8-30-2020, 10:40:24 PM
kofeman(kofeman) used a antibiotic 8-30-2020, 10:40:32 PM
kofeman(kofeman) used a antibiotic 8-30-2020, 10:40:50 PM
kofeman(kofeman) used a antibiotic 8-30-2020, 10:40:53 PM
kofeman(kofeman) used a antibiotic 8-30-2020, 10:41:00 PM
kofeman(kofeman) used a antibiotic 8-30-2020, 10:41:02 PM
kofeman(kofeman) used a antibiotic 8-30-2020, 10:41:07 PM
kofeman(kofeman) used a antibiotic 8-30-2020, 10:41:09 PM
kofeman(kofeman) used a antibiotic 8-30-2020, 10:41:12 PM
kofeman(kofeman) used a antibiotic 8-30-2020, 10:41:26 PM
kofeman(kofeman) used a health_orb 8-30-2020, 10:41:43 PM
kofeman(kofeman) used a helicopter 8-30-2020, 10:42:25 PM
kofeman(kofeman) used a shield 8-30-2020, 10:43:18 PM
kofeman(kofeman) used a suicide_bomb 8-30-2020, 10:43:41 PM
kofeman(kofeman) used a antibiotic 8-30-2020, 10:43:44 PM
kofeman(kofeman) used a helicopter 8-30-2020, 10:45:45 PM
kofeman(kofeman) used a hand_grenade 8-30-2020, 10:46:19 PM
kofeman(kofeman) used a health_drink 8-30-2020, 10:47:07 PM
kofeman(kofeman) used a health_drink 8-30-2020, 10:47:09 PM
kofeman(kofeman) used a health_drink 8-30-2020, 10:47:15 PM
kofeman(kofeman) used a health_drink 8-30-2020, 10:47:19 PM
kofeman(kofeman) used a health_drink 8-30-2020, 10:47:22 PM
kofeman(kofeman) used a helicopter 8-30-2020, 10:47:34 PM
kofeman(kofeman) used a helicopter 8-30-2020, 10:47:39 PM
kofeman(kofeman) used a hand_grenade 8-30-2020, 10:48:57 PM
kofeman(kofeman) used a hand_grenade 8-30-2020, 10:49:33 PM
kofeman(kofeman) used a hand_grenade 8-30-2020, 10:49:33 PM
kofeman(kofeman) used a hand_grenade 8-30-2020, 10:49:33 PM
kofeman(kofeman) used a hand_grenade 8-30-2020, 10:49:34 PM
kofeman(kofeman) used a hand_grenade 8-30-2020, 10:49:34 PM
kofeman(kofeman) used a hand_grenade 8-30-2020, 10:49:34 PM
kofeman(kofeman) used a hand_grenade 8-30-2020, 10:49:34 PM
kofeman(kofeman) used a hand_grenade 8-30-2020, 10:49:35 PM
kofeman(kofeman) used a hand_grenade 8-30-2020, 10:49:35 PM
kofeman(kofeman) used a hand_grenade 8-30-2020, 10:49:35 PM
kofeman(kofeman) used a hand_grenade 8-30-2020, 10:49:35 PM
kofeman(kofeman) used a hand_grenade 8-30-2020, 10:49:36 PM
kofeman(kofeman) used a hand_grenade 8-30-2020, 10:49:36 PM
kofeman(kofeman) used a hand_grenade 8-30-2020, 10:49:37 PM
kofeman(kofeman) used a hand_grenade 8-30-2020, 10:49:38 PM
kofeman(kofeman) used a hand_grenade 8-30-2020, 10:49:38 PM
kofeman(kofeman) used a hand_grenade 8-30-2020, 10:50:38 PM
kofeman(kofeman) used a hand_grenade 8-30-2020, 10:50:38 PM
kofeman(kofeman) used a hand_grenade 8-30-2020, 10:50:39 PM
kofeman(kofeman) used a hand_grenade 8-30-2020, 10:50:39 PM
kofeman(kofeman) used a hand_grenade 8-30-2020, 10:50:40 PM
kofeman(kofeman) used a hand_grenade 8-30-2020, 10:50:40 PM
kofeman(kofeman) used a hand_grenade 8-30-2020, 10:50:40 PM
kofeman(kofeman) used a hand_grenade 8-30-2020, 10:50:40 PM
kofeman(kofeman) used a hand_grenade 8-30-2020, 10:50:41 PM
kofeman(kofeman) used a hand_grenade 8-30-2020, 10:50:41 PM
kofeman(kofeman) used a hand_grenade 8-30-2020, 10:50:41 PM
kofeman(kofeman) used a hand_grenade 8-30-2020, 10:50:42 PM
kofeman(kofeman) used a hand_grenade 8-30-2020, 10:50:42 PM
kofeman(kofeman) used a health_dart 8-30-2020, 10:51:29 PM
kofeman(kofeman) used a health_drink 8-30-2020, 10:51:32 PM
kofeman(kofeman) used a antibiotic 8-30-2020, 10:51:38 PM
kofeman(kofeman) used a antibiotic 8-30-2020, 10:51:40 PM
kofeman(kofeman) used a antibiotic 8-30-2020, 10:51:42 PM
kofeman(kofeman) used a antibiotic 8-30-2020, 10:51:46 PM
kofeman(kofeman) used a hand_grenade 8-30-2020, 10:52:16 PM
kofeman(kofeman) used a hand_grenade 8-30-2020, 10:52:17 PM
kofeman(kofeman) used a hand_grenade 8-30-2020, 10:52:19 PM
kofeman(kofeman) used a hand_grenade 8-30-2020, 10:52:19 PM
kofeman(kofeman) used a hand_grenade 8-30-2020, 10:52:19 PM
kofeman(kofeman) used a hand_grenade 8-30-2020, 10:52:20 PM
kofeman(kofeman) used a hand_grenade 8-30-2020, 10:52:20 PM
kofeman(kofeman) used a hand_grenade 8-30-2020, 10:52:20 PM
kofeman(kofeman) used a hand_grenade 8-30-2020, 10:52:21 PM
kofeman(kofeman) used a hand_grenade 8-30-2020, 10:52:21 PM
kofeman(kofeman) used a hand_grenade 8-30-2020, 10:52:22 PM
kofeman(kofeman) used a hand_grenade 8-30-2020, 10:53:41 PM
kofeman(kofeman) used a hand_grenade 8-30-2020, 10:53:42 PM
kofeman(kofeman) used a hand_grenade 8-30-2020, 10:53:44 PM
kofeman(kofeman) used a hand_grenade 8-30-2020, 10:53:45 PM
kofeman(kofeman) used a hand_grenade 8-30-2020, 10:53:45 PM
kofeman(kofeman) used a hand_grenade 8-30-2020, 10:53:46 PM
kofeman(kofeman) used a hand_grenade 8-30-2020, 10:53:46 PM
kofeman(kofeman) used a hand_grenade 8-30-2020, 10:54:06 PM
kofeman(kofeman) used a hand_grenade 8-30-2020, 10:55:01 PM
kofeman(kofeman) used a hand_grenade 8-30-2020, 10:55:01 PM
kofeman(kofeman) used a hand_grenade 8-30-2020, 10:55:02 PM
kofeman(kofeman) used a hand_grenade 8-30-2020, 10:57:36 PM
kofeman(kofeman) used a hand_grenade 8-30-2020, 10:58:56 PM
kofeman(kofeman) used a hand_grenade 8-30-2020, 10:58:57 PM
kofeman(kofeman) used a health_drink 8-30-2020, 11:01:47 PM
kofeman(kofeman) used a health_drink 8-30-2020, 11:01:48 PM
kofeman(kofeman) used a health_drink 8-30-2020, 11:01:53 PM
kofeman(kofeman) used a health_drink 8-30-2020, 11:01:59 PM
kofeman(kofeman) used a health_drink 8-30-2020, 11:02:05 PM
kofeman(kofeman) used a health_drink 8-30-2020, 11:02:09 PM
kofeman(kofeman) used a health_drink 8-30-2020, 11:02:13 PM
kofeman(kofeman) used a health_drink 8-30-2020, 11:02:17 PM
kofeman(kofeman) used a hand_grenade 8-30-2020, 11:03:35 PM
kofeman(kofeman) used a hand_grenade 8-30-2020, 11:03:45 PM
kofeman(kofeman) used a hand_grenade 8-30-2020, 11:03:46 PM
kofeman(kofeman) used a hand_grenade 8-30-2020, 11:03:46 PM
kofeman(kofeman) used a hand_grenade 8-30-2020, 11:05:02 PM
kofeman(kofeman) used a hand_grenade 8-30-2020, 11:08:06 PM
kofeman(kofeman) used a hand_grenade 8-30-2020, 11:08:08 PM
kofeman(kofeman) used a hand_grenade 8-30-2020, 11:08:10 PM
kofeman(kofeman) used a hand_grenade 8-30-2020, 11:08:37 PM
kofeman(kofeman) used a hand_grenade 8-30-2020, 11:08:39 PM
kofeman(kofeman) used a hand_grenade 8-30-2020, 11:08:39 PM
kofeman(kofeman) used a hand_grenade 8-30-2020, 11:08:40 PM
kofeman(kofeman) used a hand_grenade 8-30-2020, 11:08:54 PM
kofeman(kofeman) used a hand_grenade 8-30-2020, 11:08:55 PM
kofeman(kofeman) used a hand_grenade 8-30-2020, 11:09:08 PM
kofeman(kofeman) used a hand_grenade 8-30-2020, 11:09:09 PM
kofeman(kofeman) used a hand_grenade 8-30-2020, 11:09:35 PM
kofeman(kofeman) used a hand_grenade 8-30-2020, 11:09:36 PM
kofeman(kofeman) used a hand_grenade 8-30-2020, 11:09:36 PM
kofeman(kofeman) used a hand_grenade 8-30-2020, 11:09:36 PM
kofeman(kofeman) used a hand_grenade 8-30-2020, 11:09:36 PM
kofeman(kofeman) used a hand_grenade 8-30-2020, 11:09:37 PM
kofeman(kofeman) used a hand_grenade 8-30-2020, 11:09:37 PM
kofeman(kofeman) used a hand_grenade 8-30-2020, 11:09:37 PM
kofeman(kofeman) used a hand_grenade 8-30-2020, 11:09:39 PM
kofeman(kofeman) used a hand_grenade 8-30-2020, 11:09:39 PM
kofeman(kofeman) used a hand_grenade 8-30-2020, 11:09:40 PM
kofeman(kofeman) used a hand_grenade 8-30-2020, 11:09:40 PM
kofeman(kofeman) used a hand_grenade 8-30-2020, 11:09:41 PM
kofeman(kofeman) used a hand_grenade 8-30-2020, 11:09:41 PM
kofeman(kofeman) used a hand_grenade 8-30-2020, 11:09:41 PM
kofeman(kofeman) used a hand_grenade 8-30-2020, 11:09:42 PM
kofeman(kofeman) used a hand_grenade 8-30-2020, 11:09:43 PM
kofeman(kofeman) used a hand_grenade 8-30-2020, 11:09:44 PM
kofeman(kofeman) used a hand_grenade 8-30-2020, 11:09:44 PM
kofeman(kofeman) used a hand_grenade 8-30-2020, 11:09:45 PM
kofeman(kofeman) used a hand_grenade 8-30-2020, 11:09:45 PM
kofeman(kofeman) used a hand_grenade 8-30-2020, 11:09:45 PM
kofeman(kofeman) used a hand_grenade 8-30-2020, 11:09:46 PM
kofeman(kofeman) used a hand_grenade 8-30-2020, 11:09:46 PM
kofeman(kofeman) used a hand_grenade 8-30-2020, 11:09:46 PM
kofeman(kofeman) used a hand_grenade 8-30-2020, 11:09:46 PM
kofeman(kofeman) used a hand_grenade 8-30-2020, 11:09:47 PM
kofeman(kofeman) used a hand_grenade 8-30-2020, 11:09:47 PM
kofeman(kofeman) used a hand_grenade 8-30-2020, 11:09:47 PM
kofeman(kofeman) used a hand_grenade 8-30-2020, 11:09:48 PM
kofeman(kofeman) used a hand_grenade 8-30-2020, 11:09:49 PM
kofeman(kofeman) used a hand_grenade 8-30-2020, 11:09:49 PM
kofeman(kofeman) used a hand_grenade 8-30-2020, 11:09:50 PM
kofeman(kofeman) used a hand_grenade 8-30-2020, 11:09:50 PM
kofeman(kofeman) used a hand_grenade 8-30-2020, 11:09:50 PM
kofeman(kofeman) used a hand_grenade 8-30-2020, 11:09:51 PM
kofeman(kofeman) used a hand_grenade 8-30-2020, 11:09:51 PM
kofeman(kofeman) used a hand_grenade 8-30-2020, 11:09:51 PM
kofeman(kofeman) used a hand_grenade 8-30-2020, 11:09:53 PM
kofeman(kofeman) used a hand_grenade 8-30-2020, 11:09:53 PM
kofeman(kofeman) used a hand_grenade 8-30-2020, 11:09:54 PM
kofeman(kofeman) used a hand_grenade 8-30-2020, 11:09:54 PM
kofeman(kofeman) used a hand_grenade 8-30-2020, 11:09:54 PM
kofeman(kofeman) used a hand_grenade 8-30-2020, 11:09:55 PM
kofeman(kofeman) used a hand_grenade 8-30-2020, 11:09:55 PM
kofeman(kofeman) used a hand_grenade 8-30-2020, 11:09:55 PM
kofeman(kofeman) used a hand_grenade 8-30-2020, 11:09:55 PM
kofeman(kofeman) used a hand_grenade 8-30-2020, 11:09:55 PM
kofeman(kofeman) used a hand_grenade 8-30-2020, 11:09:56 PM
kofeman(kofeman) used a hand_grenade 8-30-2020, 11:09:56 PM
kofeman(kofeman) used a hand_grenade 8-30-2020, 11:09:56 PM
kofeman(kofeman) used a hand_grenade 8-30-2020, 11:09:59 PM
kofeman(kofeman) used a hand_grenade 8-30-2020, 11:09:59 PM
kofeman(kofeman) used a hand_grenade 8-30-2020, 11:09:59 PM
kofeman(kofeman) used a hand_grenade 8-30-2020, 11:09:59 PM
kofeman(kofeman) used a hand_grenade 8-30-2020, 11:10:00 PM
kofeman(kofeman) used a hand_grenade 8-30-2020, 11:10:00 PM
kofeman(kofeman) used a hand_grenade 8-30-2020, 11:10:00 PM
kofeman(kofeman) used a hand_grenade 8-30-2020, 11:10:00 PM
kofeman(kofeman) used a hand_grenade 8-30-2020, 11:10:00 PM
kofeman(kofeman) used a hand_grenade 8-30-2020, 11:10:01 PM
kofeman(kofeman) used a hand_grenade 8-30-2020, 11:10:01 PM
kofeman(kofeman) used a hand_grenade 8-30-2020, 11:10:01 PM
kofeman(kofeman) used a hand_grenade 8-30-2020, 11:10:01 PM
kofeman(kofeman) used a hand_grenade 8-30-2020, 11:10:01 PM
kofeman(kofeman) used a hand_grenade 8-30-2020, 11:10:02 PM
kofeman(kofeman) used a hand_grenade 8-30-2020, 11:10:02 PM
kofeman(kofeman) used a hand_grenade 8-30-2020, 11:10:02 PM
kofeman(kofeman) used a hand_grenade 8-30-2020, 11:10:02 PM
kofeman(kofeman) used a hand_grenade 8-30-2020, 11:10:03 PM
kofeman(kofeman) used a hand_grenade 8-30-2020, 11:10:03 PM
kofeman(kofeman) used a hand_grenade 8-30-2020, 11:10:04 PM
kofeman(kofeman) used a hand_grenade 8-30-2020, 11:10:04 PM
kofeman(kofeman) used a hand_grenade 8-30-2020, 11:10:04 PM
kofeman(kofeman) used a hand_grenade 8-30-2020, 11:10:04 PM
kofeman(kofeman) used a hand_grenade 8-30-2020, 11:10:05 PM
kofeman(kofeman) used a hand_grenade 8-30-2020, 11:10:05 PM
kofeman(kofeman) used a hand_grenade 8-30-2020, 11:10:05 PM
kofeman(kofeman) used a hand_grenade 8-30-2020, 11:10:05 PM
kofeman(kofeman) used a tk_ultra_health_potion 8-30-2020, 11:11:31 PM
kofeman(kofeman) used a antibiotic 8-30-2020, 11:12:10 PM
kofeman(kofeman) used a wood 8-30-2020, 11:12:20 PM
kofeman(kofeman) used a hand_grenade 8-30-2020, 11:13:51 PM
kofeman(kofeman) used a hand_grenade 8-30-2020, 11:13:51 PM
kofeman(kofeman) used a hand_grenade 8-30-2020, 11:13:52 PM
kofeman(kofeman) used a hand_grenade 8-30-2020, 11:13:52 PM
kofeman(kofeman) used a hand_grenade 8-30-2020, 11:13:52 PM
kofeman(kofeman) used a hand_grenade 8-30-2020, 11:13:52 PM
kofeman(kofeman) used a hand_grenade 8-30-2020, 11:13:58 PM
kofeman(kofeman) used a hand_grenade 8-30-2020, 11:13:59 PM
kofeman(kofeman) used a hand_grenade 8-30-2020, 11:13:59 PM
kofeman(kofeman) used a hand_grenade 8-30-2020, 11:14:06 PM
kofeman(kofeman) used a hand_grenade 8-30-2020, 11:14:08 PM
kofeman(kofeman) used a hand_grenade 8-30-2020, 11:14:09 PM
kofeman(kofeman) used a hand_grenade 8-30-2020, 11:14:10 PM
kofeman(kofeman) used a hand_grenade 8-30-2020, 11:14:11 PM
kofeman(kofeman) used a hand_grenade 8-30-2020, 11:14:11 PM
kofeman(kofeman) used a hand_grenade 8-30-2020, 11:14:11 PM
kofeman(kofeman) used a hand_grenade 8-30-2020, 11:14:11 PM
kofeman(kofeman) used a hand_grenade 8-30-2020, 11:14:11 PM
kofeman(kofeman) used a hand_grenade 8-30-2020, 11:14:12 PM
kofeman(kofeman) used a hand_grenade 8-30-2020, 11:14:24 PM
kofeman(kofeman) used a hand_grenade 8-30-2020, 11:14:25 PM
kofeman(kofeman) used a hand_grenade 8-30-2020, 11:14:26 PM
kofeman(kofeman) used a hand_grenade 8-30-2020, 11:14:26 PM
kofeman(kofeman) used a hand_grenade 8-30-2020, 11:14:27 PM
kofeman(kofeman) used a hand_grenade 8-30-2020, 11:14:27 PM
kofeman(kofeman) used a hand_grenade 8-30-2020, 11:14:27 PM
kofeman(kofeman) used a hand_grenade 8-30-2020, 11:14:28 PM
kofeman(kofeman) used a hand_grenade 8-30-2020, 11:14:29 PM
kofeman(kofeman) used a hand_grenade 8-30-2020, 11:14:29 PM
kofeman(kofeman) used a hand_grenade 8-30-2020, 11:14:29 PM
kofeman(kofeman) used a hand_grenade 8-30-2020, 11:14:29 PM
kofeman(kofeman) used a hand_grenade 8-30-2020, 11:14:30 PM
kofeman(kofeman) used a hand_grenade 8-30-2020, 11:14:30 PM
kofeman(kofeman) used a hand_grenade 8-30-2020, 11:14:31 PM
kofeman(kofeman) used a hand_grenade 8-30-2020, 11:14:32 PM
kofeman(kofeman) used a hand_grenade 8-30-2020, 11:14:32 PM
kofeman(kofeman) used a hand_grenade 8-30-2020, 11:14:32 PM
kofeman(kofeman) used a hand_grenade 8-30-2020, 11:14:33 PM
kofeman(kofeman) used a hand_grenade 8-30-2020, 11:14:35 PM
kofeman(kofeman) used a hand_grenade 8-30-2020, 11:14:35 PM
kofeman(kofeman) used a hand_grenade 8-30-2020, 11:14:35 PM
kofeman(kofeman) used a hand_grenade 8-30-2020, 11:14:35 PM
kofeman(kofeman) used a hand_grenade 8-30-2020, 11:14:35 PM
kofeman(kofeman) used a hand_grenade 8-30-2020, 11:14:36 PM
kofeman(kofeman) used a hand_grenade 8-30-2020, 11:14:36 PM
kofeman(kofeman) used a hand_grenade 8-30-2020, 11:14:37 PM
kofeman(kofeman) used a hand_grenade 8-30-2020, 11:14:37 PM
kofeman(kofeman) used a hand_grenade 8-30-2020, 11:14:37 PM
kofeman(kofeman) used a hand_grenade 8-30-2020, 11:14:38 PM
kofeman(kofeman) used a hand_grenade 8-30-2020, 11:14:38 PM
kofeman(kofeman) used a hand_grenade 8-30-2020, 11:14:38 PM
kofeman(kofeman) used a hand_grenade 8-30-2020, 11:14:39 PM
kofeman(kofeman) used a hand_grenade 8-30-2020, 11:14:39 PM
kofeman(kofeman) used a hand_grenade 8-30-2020, 11:14:39 PM
kofeman(kofeman) used a hand_grenade 8-30-2020, 11:14:40 PM
kofeman(kofeman) used a hand_grenade 8-30-2020, 11:14:40 PM
kofeman(kofeman) used a hand_grenade 8-30-2020, 11:14:40 PM
kofeman(kofeman) used a hand_grenade 8-30-2020, 11:14:40 PM
kofeman(kofeman) used a hand_grenade 8-30-2020, 11:14:41 PM
kofeman(kofeman) used a hand_grenade 8-30-2020, 11:14:41 PM
kofeman(kofeman) used a hand_grenade 8-30-2020, 11:14:41 PM
kofeman(kofeman) used a hand_grenade 8-30-2020, 11:14:41 PM
kofeman(kofeman) used a hand_grenade 8-30-2020, 11:14:41 PM
kofeman(kofeman) used a hand_grenade 8-30-2020, 11:14:42 PM
kofeman(kofeman) used a hand_grenade 8-30-2020, 11:14:42 PM
kofeman(kofeman) used a hand_grenade 8-30-2020, 11:14:43 PM
kofeman(kofeman) used a hand_grenade 8-30-2020, 11:14:43 PM
kofeman(kofeman) used a hand_grenade 8-30-2020, 11:14:43 PM
kofeman(kofeman) used a hand_grenade 8-30-2020, 11:14:43 PM
kofeman(kofeman) used a hand_grenade 8-30-2020, 11:14:44 PM
kofeman(kofeman) used a hand_grenade 8-30-2020, 11:14:44 PM
kofeman(kofeman) used a hand_grenade 8-30-2020, 11:14:44 PM
kofeman(kofeman) used a hand_grenade 8-30-2020, 11:14:44 PM
kofeman(kofeman) used a hand_grenade 8-30-2020, 11:14:45 PM
kofeman(kofeman) used a hand_grenade 8-30-2020, 11:14:46 PM
kofeman(kofeman) used a hand_grenade 8-30-2020, 11:14:46 PM
kofeman(kofeman) used a hand_grenade 8-30-2020, 11:14:47 PM
kofeman(kofeman) used a hand_grenade 8-30-2020, 11:14:47 PM
kofeman(kofeman) used a hand_grenade 8-30-2020, 11:14:47 PM
kofeman(kofeman) used a hand_grenade 8-30-2020, 11:14:47 PM
kofeman(kofeman) used a hand_grenade 8-30-2020, 11:14:48 PM
kofeman(kofeman) used a hand_grenade 8-30-2020, 11:14:48 PM
kofeman(kofeman) used a hand_grenade 8-30-2020, 11:14:48 PM
kofeman(kofeman) used a hand_grenade 8-30-2020, 11:14:48 PM
kofeman(kofeman) used a hand_grenade 8-30-2020, 11:14:49 PM
kofeman(kofeman) used a hand_grenade 8-30-2020, 11:14:49 PM
kofeman(kofeman) used a hand_grenade 8-30-2020, 11:14:49 PM
kofeman(kofeman) used a hand_grenade 8-30-2020, 11:14:50 PM
kofeman(kofeman) used a hand_grenade 8-30-2020, 11:14:50 PM
kofeman(kofeman) used a hand_grenade 8-30-2020, 11:14:50 PM
kofeman(kofeman) used a hand_grenade 8-30-2020, 11:14:50 PM
kofeman(kofeman) used a hand_grenade 8-30-2020, 11:14:50 PM
kofeman(kofeman) used a hand_grenade 8-30-2020, 11:14:51 PM
kofeman(kofeman) used a hand_grenade 8-30-2020, 11:14:51 PM
kofeman(kofeman) used a hand_grenade 8-30-2020, 11:14:51 PM
kofeman(kofeman) used a hand_grenade 8-30-2020, 11:14:52 PM
kofeman(kofeman) used a hand_grenade 8-30-2020, 11:14:52 PM
kofeman(kofeman) used a hand_grenade 8-30-2020, 11:14:52 PM
kofeman(kofeman) used a hand_grenade 8-30-2020, 11:14:52 PM
kofeman(kofeman) used a hand_grenade 8-30-2020, 11:14:52 PM
kofeman(kofeman) used a hand_grenade 8-30-2020, 11:14:53 PM
kofeman(kofeman) used a hand_grenade 8-30-2020, 11:14:53 PM
kofeman(kofeman) used a hand_grenade 8-30-2020, 11:14:53 PM
kofeman(kofeman) used a hand_grenade 8-30-2020, 11:14:54 PM
kofeman(kofeman) used a hand_grenade 8-30-2020, 11:14:54 PM
kofeman(kofeman) used a hand_grenade 8-30-2020, 11:14:54 PM
kofeman(kofeman) used a hand_grenade 8-30-2020, 11:14:54 PM
kofeman(kofeman) used a hand_grenade 8-30-2020, 11:14:54 PM
kofeman(kofeman) used a hand_grenade 8-30-2020, 11:14:55 PM
kofeman(kofeman) used a hand_grenade 8-30-2020, 11:14:55 PM
kofeman(kofeman) used a hand_grenade 8-30-2020, 11:14:56 PM
kofeman(kofeman) used a hand_grenade 8-30-2020, 11:14:56 PM
kofeman(kofeman) used a hand_grenade 8-30-2020, 11:14:56 PM
kofeman(kofeman) used a hand_grenade 8-30-2020, 11:14:56 PM
kofeman(kofeman) used a hand_grenade 8-30-2020, 11:14:56 PM
kofeman(kofeman) used a hand_grenade 8-30-2020, 11:14:57 PM
kofeman(kofeman) used a hand_grenade 8-30-2020, 11:14:57 PM
kofeman(kofeman) used a hand_grenade 8-30-2020, 11:14:58 PM
kofeman(kofeman) used a hand_grenade 8-30-2020, 11:14:58 PM
kofeman(kofeman) used a hand_grenade 8-30-2020, 11:14:58 PM
kofeman(kofeman) used a hand_grenade 8-30-2020, 11:14:59 PM
kofeman(kofeman) used a hand_grenade 8-30-2020, 11:14:59 PM
kofeman(kofeman) used a hand_grenade 8-30-2020, 11:14:59 PM
kofeman(kofeman) used a hand_grenade 8-30-2020, 11:14:59 PM
kofeman(kofeman) used a hand_grenade 8-30-2020, 11:14:59 PM
kofeman(kofeman) used a hand_grenade 8-30-2020, 11:15:00 PM
kofeman(kofeman) used a hand_grenade 8-30-2020, 11:15:00 PM
kofeman(kofeman) used a hand_grenade 8-30-2020, 11:15:00 PM
kofeman(kofeman) used a hand_grenade 8-30-2020, 11:15:00 PM
kofeman(kofeman) used a hand_grenade 8-30-2020, 11:15:00 PM
kofeman(kofeman) used a hand_grenade 8-30-2020, 11:15:01 PM
kofeman(kofeman) used a hand_grenade 8-30-2020, 11:15:01 PM
kofeman(kofeman) used a hand_grenade 8-30-2020, 11:15:01 PM
kofeman(kofeman) used a hand_grenade 8-30-2020, 11:15:01 PM
kofeman(kofeman) used a hand_grenade 8-30-2020, 11:15:01 PM
kofeman(kofeman) used a hand_grenade 8-30-2020, 11:15:02 PM
kofeman(kofeman) used a hand_grenade 8-30-2020, 11:15:02 PM
kofeman(kofeman) used a hand_grenade 8-30-2020, 11:15:02 PM
kofeman(kofeman) used a hand_grenade 8-30-2020, 11:15:02 PM
kofeman(kofeman) used a hand_grenade 8-30-2020, 11:15:02 PM
kofeman(kofeman) used a hand_grenade 8-30-2020, 11:15:02 PM
kofeman(kofeman) used a hand_grenade 8-30-2020, 11:15:03 PM
kofeman(kofeman) used a hand_grenade 8-30-2020, 11:15:03 PM
kofeman(kofeman) used a hand_grenade 8-30-2020, 11:15:03 PM
kofeman(kofeman) used a hand_grenade 8-30-2020, 11:15:03 PM
kofeman(kofeman) used a hand_grenade 8-30-2020, 11:15:03 PM
kofeman(kofeman) used a hand_grenade 8-30-2020, 11:15:03 PM
kofeman(kofeman) used a hand_grenade 8-30-2020, 11:15:04 PM
kofeman(kofeman) used a hand_grenade 8-30-2020, 11:15:04 PM
kofeman(kofeman) used a hand_grenade 8-30-2020, 11:15:04 PM
kofeman(kofeman) used a hand_grenade 8-30-2020, 11:15:04 PM
kofeman(kofeman) used a hand_grenade 8-30-2020, 11:15:05 PM
kofeman(kofeman) used a hand_grenade 8-30-2020, 11:15:05 PM
kofeman(kofeman) used a hand_grenade 8-30-2020, 11:15:05 PM
kofeman(kofeman) used a hand_grenade 8-30-2020, 11:16:36 PM
kofeman(kofeman) used a hand_grenade 8-30-2020, 11:16:40 PM
kofeman(kofeman) used a ammo_m79_grenade_launcher 8-30-2020, 11:19:05 PM
kofeman(kofeman) used a health_drink 8-30-2020, 11:19:32 PM
kofeman(kofeman) used a health_drink 8-30-2020, 11:19:39 PM
kofeman(kofeman) used a health_drink 8-30-2020, 11:19:42 PM
kofeman(kofeman) used a health_drink 8-30-2020, 11:19:45 PM
kofeman(kofeman) used a health_drink 8-30-2020, 11:19:46 PM
kofeman(kofeman) used a health_drink 8-30-2020, 11:19:49 PM
kofeman(kofeman) used a health_drink 8-30-2020, 11:19:52 PM
kofeman(kofeman) used a health_drink 8-30-2020, 11:19:55 PM
kofeman(kofeman) used a health_drink 8-30-2020, 11:19:56 PM
kofeman(kofeman) used a health_drink 8-30-2020, 11:19:59 PM
kofeman(kofeman) used a health_drink 8-30-2020, 11:20:00 PM
kofeman(kofeman) used a health_drink 8-30-2020, 11:20:04 PM
kofeman(kofeman) used a health_drink 8-30-2020, 11:20:07 PM
kofeman(kofeman) used a health_drink 8-30-2020, 11:20:08 PM
kofeman(kofeman) used a health_drink 8-30-2020, 11:20:10 PM
kofeman(kofeman) used a health_drink 8-30-2020, 11:20:10 PM
kofeman(kofeman) used a health_drink 8-30-2020, 11:20:11 PM
kofeman(kofeman) used a health_drink 8-30-2020, 11:20:13 PM
kofeman(kofeman) used a ammo_taser 8-30-2020, 11:20:54 PM
kofeman(kofeman) used a hand_grenade 8-30-2020, 11:21:13 PM
kofeman(kofeman) used a hand_grenade 8-30-2020, 11:21:14 PM
kofeman(kofeman) used a hand_grenade 8-30-2020, 11:21:14 PM
kofeman(kofeman) used a hand_grenade 8-30-2020, 11:21:15 PM
kofeman(kofeman) used a hand_grenade 8-30-2020, 11:21:15 PM
kofeman(kofeman) used a hand_grenade 8-30-2020, 11:21:16 PM
kofeman(kofeman) used a hand_grenade 8-30-2020, 11:21:21 PM
kofeman(kofeman) used a hand_grenade 8-30-2020, 11:21:22 PM
kofeman(kofeman) used a hand_grenade 8-30-2020, 11:21:23 PM
kofeman(kofeman) used a hand_grenade 8-30-2020, 11:21:28 PM
kofeman(kofeman) used a hand_grenade 8-30-2020, 11:21:29 PM
kofeman(kofeman) used a hand_grenade 8-30-2020, 11:21:35 PM
kofeman(kofeman) used a hand_grenade 8-30-2020, 11:21:36 PM
kofeman(kofeman) used a hand_grenade 8-30-2020, 11:21:37 PM
kofeman(kofeman) used a hand_grenade 8-30-2020, 11:21:54 PM
kofeman(kofeman) used a hand_grenade 8-30-2020, 11:21:54 PM
kofeman(kofeman) used a hand_grenade 8-30-2020, 11:21:56 PM
kofeman(kofeman) used a hand_grenade 8-30-2020, 11:21:57 PM
kofeman(kofeman) used a hand_grenade 8-30-2020, 11:21:57 PM
kofeman(kofeman) used a hand_grenade 8-30-2020, 11:22:01 PM
kofeman(kofeman) used a hand_grenade 8-30-2020, 11:22:02 PM
kofeman(kofeman) used a hand_grenade 8-30-2020, 11:22:02 PM
kofeman(kofeman) used a hand_grenade 8-30-2020, 11:22:03 PM
kofeman(kofeman) used a hand_grenade 8-30-2020, 11:22:04 PM
kofeman(kofeman) used a hand_grenade 8-30-2020, 11:22:04 PM
kofeman(kofeman) used a hand_grenade 8-30-2020, 11:22:04 PM
kofeman(kofeman) used a hand_grenade 8-30-2020, 11:22:04 PM
kofeman(kofeman) used a hand_grenade 8-30-2020, 11:22:05 PM
kofeman(kofeman) used a hand_grenade 8-30-2020, 11:22:06 PM
kofeman(kofeman) used a hand_grenade 8-30-2020, 11:22:06 PM
kofeman(kofeman) used a hand_grenade 8-30-2020, 11:22:14 PM
kofeman(kofeman) used a hand_grenade 8-30-2020, 11:22:15 PM
kofeman(kofeman) used a hand_grenade 8-30-2020, 11:22:15 PM
kofeman(kofeman) used a hand_grenade 8-30-2020, 11:22:16 PM
kofeman(kofeman) used a hand_grenade 8-30-2020, 11:22:17 PM
kofeman(kofeman) used a hand_grenade 8-30-2020, 11:22:17 PM
kofeman(kofeman) used a empty_pack 8-30-2020, 11:23:15 PM
kofeman(kofeman) used a health_drink 8-30-2020, 11:23:28 PM
kofeman(kofeman) used a health_drink 8-30-2020, 11:23:31 PM
kofeman(kofeman) used a health_drink 8-30-2020, 11:23:36 PM
kofeman(kofeman) used a health_drink 8-30-2020, 11:23:45 PM
kofeman(kofeman) used a health_drink 8-30-2020, 11:24:26 PM
kofeman(kofeman) used a health_drink 8-30-2020, 11:24:55 PM
kofeman(kofeman) used a health_drink 8-30-2020, 11:25:02 PM
kofeman(kofeman) used a health_dart 8-30-2020, 11:25:10 PM
kofeman(kofeman) used a hand_grenade 8-30-2020, 11:31:32 PM
kofeman(kofeman) used a hand_grenade 8-30-2020, 11:31:47 PM
kofeman(kofeman) used a hand_grenade 8-30-2020, 11:31:47 PM
kofeman(kofeman) used a hand_grenade 8-30-2020, 11:31:47 PM
kofeman(kofeman) used a hand_grenade 8-30-2020, 11:31:47 PM
kofeman(kofeman) used a hand_grenade 8-30-2020, 11:31:48 PM
kofeman(kofeman) used a hand_grenade 8-30-2020, 11:31:48 PM
kofeman(kofeman) used a hand_grenade 8-30-2020, 11:31:48 PM
kofeman(kofeman) used a hand_grenade 8-30-2020, 11:32:00 PM
kofeman(kofeman) used a hand_grenade 8-30-2020, 11:32:01 PM
kofeman(kofeman) used a hand_grenade 8-30-2020, 11:32:01 PM
kofeman(kofeman) used a hand_grenade 8-30-2020, 11:32:03 PM
kofeman(kofeman) used a hand_grenade 8-30-2020, 11:32:19 PM
kofeman(kofeman) used a hand_grenade 8-30-2020, 11:32:19 PM
kofeman(kofeman) used a hand_grenade 8-30-2020, 11:32:22 PM
kofeman(kofeman) used a hand_grenade 8-30-2020, 11:32:34 PM
kofeman(kofeman) used a hand_grenade 8-30-2020, 11:33:26 PM
kofeman(kofeman) used a hand_grenade 8-30-2020, 11:33:26 PM
kofeman(kofeman) used a hand_grenade 8-30-2020, 11:33:27 PM
kofeman(kofeman) used a hand_grenade 8-30-2020, 11:33:27 PM
kofeman(kofeman) used a hand_grenade 8-30-2020, 11:33:27 PM
kofeman(kofeman) used a hand_grenade 8-30-2020, 11:33:28 PM
kofeman(kofeman) used a hand_grenade 8-30-2020, 11:33:28 PM
kofeman(kofeman) used a hand_grenade 8-30-2020, 11:33:29 PM
kofeman(kofeman) used a hand_grenade 8-30-2020, 11:33:29 PM
kofeman(kofeman) used a hand_grenade 8-30-2020, 11:33:29 PM
kofeman(kofeman) used a hand_grenade 8-30-2020, 11:33:30 PM
kofeman(kofeman) used a hand_grenade 8-30-2020, 11:33:30 PM
kofeman(kofeman) used a hand_grenade 8-30-2020, 11:33:31 PM
kofeman(kofeman) used a hand_grenade 8-30-2020, 11:33:31 PM
kofeman(kofeman) used a hand_grenade 8-30-2020, 11:33:32 PM
kofeman(kofeman) used a hand_grenade 8-30-2020, 11:33:32 PM
kofeman(kofeman) used a hand_grenade 8-30-2020, 11:33:32 PM
kofeman(kofeman) used a hand_grenade 8-30-2020, 11:33:34 PM
kofeman(kofeman) used a hand_grenade 8-30-2020, 11:33:34 PM
kofeman(kofeman) used a hand_grenade 8-30-2020, 11:33:34 PM
kofeman(kofeman) used a hand_grenade 8-30-2020, 11:33:35 PM
kofeman(kofeman) used a hand_grenade 8-30-2020, 11:33:35 PM
kofeman(kofeman) used a hand_grenade 8-30-2020, 11:33:35 PM
kofeman(kofeman) used a hand_grenade 8-30-2020, 11:33:36 PM
kofeman(kofeman) used a hand_grenade 8-30-2020, 11:33:36 PM
kofeman(kofeman) used a hand_grenade 8-30-2020, 11:33:37 PM
kofeman(kofeman) used a hand_grenade 8-30-2020, 11:33:37 PM
kofeman(kofeman) used a hand_grenade 8-30-2020, 11:33:38 PM
kofeman(kofeman) used a hand_grenade 8-30-2020, 11:33:38 PM
kofeman(kofeman) used a hand_grenade 8-30-2020, 11:33:38 PM
kofeman(kofeman) used a hand_grenade 8-30-2020, 11:33:39 PM
kofeman(kofeman) used a hand_grenade 8-30-2020, 11:33:39 PM
kofeman(kofeman) used a hand_grenade 8-30-2020, 11:33:39 PM
kofeman(kofeman) used a hand_grenade 8-30-2020, 11:33:40 PM
kofeman(kofeman) used a hand_grenade 8-30-2020, 11:33:40 PM
kofeman(kofeman) used a hand_grenade 8-30-2020, 11:33:41 PM
kofeman(kofeman) used a hand_grenade 8-30-2020, 11:33:41 PM
kofeman(kofeman) used a hand_grenade 8-30-2020, 11:33:41 PM
kofeman(kofeman) used a hand_grenade 8-30-2020, 11:33:42 PM
kofeman(kofeman) used a hand_grenade 8-30-2020, 11:33:42 PM
kofeman(kofeman) used a hand_grenade 8-30-2020, 11:33:42 PM
kofeman(kofeman) used a hand_grenade 8-30-2020, 11:33:43 PM
kofeman(kofeman) used a hand_grenade 8-30-2020, 11:33:43 PM
kofeman(kofeman) used a hand_grenade 8-30-2020, 11:33:43 PM
kofeman(kofeman) used a hand_grenade 8-30-2020, 11:33:43 PM
kofeman(kofeman) used a hand_grenade 8-30-2020, 11:33:44 PM
kofeman(kofeman) used a hand_grenade 8-30-2020, 11:33:44 PM
kofeman(kofeman) used a hand_grenade 8-30-2020, 11:34:01 PM
kofeman(kofeman) used a hand_grenade 8-30-2020, 11:34:02 PM
kofeman(kofeman) used a hand_grenade 8-30-2020, 11:34:02 PM
kofeman(kofeman) used a hand_grenade 8-30-2020, 11:34:02 PM
kofeman(kofeman) used a hand_grenade 8-30-2020, 11:34:02 PM
kofeman(kofeman) used a hand_grenade 8-30-2020, 11:34:03 PM
kofeman(kofeman) used a hand_grenade 8-30-2020, 11:34:03 PM
kofeman(kofeman) used a hand_grenade 8-30-2020, 11:34:03 PM
kofeman(kofeman) used a hand_grenade 8-30-2020, 11:34:03 PM
kofeman(kofeman) used a hand_grenade 8-30-2020, 11:34:04 PM
kofeman(kofeman) used a hand_grenade 8-30-2020, 11:34:04 PM
kofeman(kofeman) used a hand_grenade 8-30-2020, 11:34:05 PM
kofeman(kofeman) used a hand_grenade 8-30-2020, 11:34:05 PM
kofeman(kofeman) used a hand_grenade 8-30-2020, 11:34:06 PM
kofeman(kofeman) used a hand_grenade 8-30-2020, 11:34:06 PM
kofeman(kofeman) used a hand_grenade 8-30-2020, 11:34:06 PM
kofeman(kofeman) used a hand_grenade 8-30-2020, 11:34:07 PM
kofeman(kofeman) used a hand_grenade 8-30-2020, 11:34:07 PM
kofeman(kofeman) used a hand_grenade 8-30-2020, 11:34:07 PM
kofeman(kofeman) used a hand_grenade 8-30-2020, 11:34:07 PM
kofeman(kofeman) used a hand_grenade 8-30-2020, 11:34:07 PM
kofeman(kofeman) used a hand_grenade 8-30-2020, 11:34:08 PM
kofeman(kofeman) used a hand_grenade 8-30-2020, 11:34:08 PM
kofeman(kofeman) used a hand_grenade 8-30-2020, 11:34:17 PM
kofeman(kofeman) used a hand_grenade 8-30-2020, 11:34:25 PM
kofeman(kofeman) used a hand_grenade 8-30-2020, 11:34:45 PM
kofeman(kofeman) used a health_drink 8-30-2020, 11:38:21 PM
kofeman(kofeman) used a health_drink 8-30-2020, 11:38:22 PM
kofeman(kofeman) used a health_drink 8-30-2020, 11:38:30 PM
kofeman(kofeman) used a fuel_tank 8-30-2020, 11:39:02 PM
kofeman(kofeman) used a hand_grenade 8-30-2020, 11:40:52 PM
kofeman(kofeman) used a hand_grenade 8-30-2020, 11:40:54 PM
kofeman(kofeman) used a hand_grenade 8-30-2020, 11:40:55 PM
kofeman(kofeman) used a hand_grenade 8-30-2020, 11:40:57 PM
kofeman(kofeman) used a hand_grenade 8-30-2020, 11:40:57 PM
kofeman(kofeman) used a hand_grenade 8-30-2020, 11:40:58 PM
kofeman(kofeman) used a hand_grenade 8-30-2020, 11:40:58 PM
kofeman(kofeman) used a hand_grenade 8-30-2020, 11:40:59 PM
kofeman(kofeman) used a hand_grenade 8-30-2020, 11:40:59 PM
kofeman(kofeman) used a hand_grenade 8-30-2020, 11:41:00 PM
kofeman(kofeman) used a hand_grenade 8-30-2020, 11:41:00 PM
kofeman(kofeman) used a hand_grenade 8-30-2020, 11:41:00 PM
kofeman(kofeman) used a hand_grenade 8-30-2020, 11:41:01 PM
kofeman(kofeman) used a hand_grenade 8-30-2020, 11:41:02 PM
kofeman(kofeman) used a hand_grenade 8-30-2020, 11:41:02 PM
kofeman(kofeman) used a hand_grenade 8-30-2020, 11:41:12 PM
kofeman(kofeman) used a hand_grenade 8-30-2020, 11:41:13 PM
kofeman(kofeman) used a hand_grenade 8-30-2020, 11:41:13 PM
kofeman(kofeman) used a hand_grenade 8-30-2020, 11:41:14 PM
kofeman(kofeman) used a hand_grenade 8-30-2020, 11:41:15 PM
kofeman(kofeman) used a hand_grenade 8-30-2020, 11:41:15 PM
kofeman(kofeman) used a hand_grenade 8-30-2020, 11:41:16 PM
kofeman(kofeman) used a hand_grenade 8-30-2020, 11:41:16 PM
kofeman(kofeman) used a hand_grenade 8-30-2020, 11:41:16 PM
kofeman(kofeman) used a hand_grenade 8-30-2020, 11:41:17 PM
kofeman(kofeman) used a hand_grenade 8-30-2020, 11:41:17 PM
kofeman(kofeman) used a hand_grenade 8-30-2020, 11:41:18 PM
kofeman(kofeman) used a hand_grenade 8-30-2020, 11:41:18 PM
kofeman(kofeman) used a hand_grenade 8-30-2020, 11:41:18 PM
kofeman(kofeman) used a hand_grenade 8-30-2020, 11:41:18 PM
kofeman(kofeman) used a hand_grenade 8-30-2020, 11:41:19 PM
kofeman(kofeman) used a hand_grenade 8-30-2020, 11:41:19 PM
kofeman(kofeman) used a hand_grenade 8-30-2020, 11:41:19 PM
kofeman(kofeman) used a hand_grenade 8-30-2020, 11:41:20 PM
kofeman(kofeman) used a hand_grenade 8-30-2020, 11:41:20 PM
kofeman(kofeman) used a hand_grenade 8-30-2020, 11:41:20 PM
kofeman(kofeman) used a hand_grenade 8-30-2020, 11:41:20 PM
kofeman(kofeman) used a hand_grenade 8-30-2020, 11:41:22 PM
kofeman(kofeman) used a hand_grenade 8-30-2020, 11:41:22 PM
kofeman(kofeman) used a hand_grenade 8-30-2020, 11:41:23 PM
kofeman(kofeman) used a hand_grenade 8-30-2020, 11:41:23 PM
kofeman(kofeman) used a hand_grenade 8-30-2020, 11:41:23 PM
kofeman(kofeman) used a hand_grenade 8-30-2020, 11:41:28 PM
kofeman(kofeman) used a hand_grenade 8-30-2020, 11:41:29 PM
kofeman(kofeman) used a hand_grenade 8-30-2020, 11:41:30 PM
kofeman(kofeman) used a hand_grenade 8-30-2020, 11:41:31 PM
kofeman(kofeman) used a hand_grenade 8-30-2020, 11:41:31 PM
kofeman(kofeman) used a hand_grenade 8-30-2020, 11:41:32 PM
kofeman(kofeman) used a hand_grenade 8-30-2020, 11:41:33 PM
kofeman(kofeman) used a hand_grenade 8-30-2020, 11:41:34 PM
kofeman(kofeman) used a hand_grenade 8-30-2020, 11:41:36 PM
kofeman(kofeman) used a hand_grenade 8-30-2020, 11:41:36 PM
kofeman(kofeman) used a hand_grenade 8-30-2020, 11:41:37 PM
kofeman(kofeman) used a hand_grenade 8-30-2020, 11:43:12 PM
kofeman(kofeman) used a hand_grenade 8-30-2020, 11:43:12 PM
kofeman(kofeman) used a hand_grenade 8-30-2020, 11:44:21 PM
kofeman(kofeman) used a hand_grenade 8-30-2020, 11:44:23 PM
kofeman(kofeman) used a hand_grenade 8-30-2020, 11:44:23 PM
kofeman(kofeman) used a hand_grenade 8-30-2020, 11:44:23 PM
kofeman(kofeman) used a hand_grenade 8-30-2020, 11:44:24 PM
kofeman(kofeman) used a hand_grenade 8-30-2020, 11:44:24 PM
kofeman(kofeman) used a hand_grenade 8-30-2020, 11:44:25 PM
kofeman(kofeman) used a hand_grenade 8-30-2020, 11:45:32 PM
kofeman(kofeman) used a hand_grenade 8-30-2020, 11:45:33 PM
kofeman(kofeman) used a hand_grenade 8-30-2020, 11:45:34 PM
kofeman(kofeman) used a hand_grenade 8-30-2020, 11:45:51 PM
kofeman(kofeman) used a hand_grenade 8-30-2020, 11:45:53 PM
kofeman(kofeman) used a hand_grenade 8-30-2020, 11:45:57 PM
kofeman(kofeman) used a hand_grenade 8-30-2020, 11:45:59 PM
kofeman(kofeman) used a hand_grenade 8-30-2020, 11:45:59 PM
kofeman(kofeman) used a hand_grenade 8-30-2020, 11:46:00 PM
kofeman(kofeman) used a hand_grenade 8-30-2020, 11:46:00 PM
kofeman(kofeman) used a hand_grenade 8-30-2020, 11:46:01 PM
kofeman(kofeman) used a hand_grenade 8-30-2020, 11:46:10 PM
kofeman(kofeman) used a hand_grenade 8-30-2020, 11:47:30 PM
kofeman(kofeman) used a hand_grenade 8-30-2020, 11:48:04 PM
kofeman(kofeman) used a hand_grenade 8-30-2020, 11:48:04 PM
kofeman(kofeman) used a hand_grenade 8-30-2020, 11:48:42 PM
kofeman(kofeman) used a hand_grenade 8-30-2020, 11:48:43 PM
kofeman(kofeman) used a hand_grenade 8-30-2020, 11:48:43 PM
kofeman(kofeman) used a hand_grenade 8-30-2020, 11:48:43 PM
kofeman(kofeman) used a hand_grenade 8-30-2020, 11:48:43 PM
kofeman(kofeman) used a hand_grenade 8-30-2020, 11:48:43 PM
kofeman(kofeman) used a hand_grenade 8-30-2020, 11:48:44 PM
kofeman(kofeman) used a hand_grenade 8-30-2020, 11:48:44 PM
kofeman(kofeman) used a hand_grenade 8-30-2020, 11:48:45 PM
kofeman(kofeman) used a hand_grenade 8-30-2020, 11:48:45 PM
kofeman(kofeman) used a hand_grenade 8-30-2020, 11:48:46 PM
kofeman(kofeman) used a hand_grenade 8-30-2020, 11:48:46 PM
kofeman(kofeman) used a hand_grenade 8-30-2020, 11:48:47 PM
kofeman(kofeman) used a hand_grenade 8-30-2020, 11:48:47 PM
kofeman(kofeman) used a hand_grenade 8-30-2020, 11:48:50 PM
kofeman(kofeman) used a hand_grenade 8-30-2020, 11:48:51 PM
kofeman(kofeman) used a hand_grenade 8-30-2020, 11:48:51 PM
kofeman(kofeman) used a hand_grenade 8-30-2020, 11:48:52 PM
kofeman(kofeman) used a hand_grenade 8-30-2020, 11:48:52 PM
kofeman(kofeman) used a hand_grenade 8-30-2020, 11:48:53 PM
kofeman(kofeman) used a hand_grenade 8-30-2020, 11:48:53 PM
kofeman(kofeman) used a hand_grenade 8-30-2020, 11:48:53 PM
kofeman(kofeman) used a hand_grenade 8-30-2020, 11:48:54 PM
kofeman(kofeman) used a hand_grenade 8-30-2020, 11:48:54 PM
kofeman(kofeman) used a hand_grenade 8-30-2020, 11:48:55 PM
kofeman(kofeman) used a hand_grenade 8-30-2020, 11:48:55 PM
kofeman(kofeman) used a hand_grenade 8-30-2020, 11:49:53 PM
kofeman(kofeman) used a hand_grenade 8-30-2020, 11:49:55 PM
kofeman(kofeman) used a hand_grenade 8-30-2020, 11:49:55 PM
kofeman(kofeman) used a hand_grenade 8-30-2020, 11:50:02 PM
kofeman(kofeman) used a hand_grenade 8-30-2020, 11:50:02 PM
kofeman(kofeman) used a hand_grenade 8-30-2020, 11:50:03 PM
kofeman(kofeman) used a hand_grenade 8-30-2020, 11:50:03 PM
kofeman(kofeman) used a hand_grenade 8-30-2020, 11:50:04 PM
kofeman(kofeman) used a hand_grenade 8-30-2020, 11:50:04 PM
kofeman(kofeman) used a hand_grenade 8-30-2020, 11:50:05 PM
kofeman(kofeman) used a hand_grenade 8-30-2020, 11:50:05 PM
kofeman(kofeman) used a hand_grenade 8-30-2020, 11:50:05 PM
kofeman(kofeman) used a hand_grenade 8-30-2020, 11:50:05 PM
kofeman(kofeman) used a hand_grenade 8-30-2020, 11:50:06 PM
kofeman(kofeman) used a hand_grenade 8-30-2020, 11:50:06 PM
kofeman(kofeman) used a hand_grenade 8-30-2020, 11:50:06 PM
kofeman(kofeman) used a hand_grenade 8-30-2020, 11:50:07 PM
kofeman(kofeman) used a hand_grenade 8-30-2020, 11:50:07 PM
kofeman(kofeman) used a hand_grenade 8-30-2020, 11:50:07 PM
kofeman(kofeman) used a hand_grenade 8-30-2020, 11:50:07 PM
kofeman(kofeman) used a hand_grenade 8-30-2020, 11:50:08 PM
kofeman(kofeman) used a hand_grenade 8-30-2020, 11:50:08 PM
kofeman(kofeman) used a hand_grenade 8-30-2020, 11:50:08 PM
kofeman(kofeman) used a hand_grenade 8-30-2020, 11:50:09 PM
kofeman(kofeman) used a hand_grenade 8-30-2020, 11:50:09 PM
kofeman(kofeman) used a hand_grenade 8-30-2020, 11:50:09 PM
kofeman(kofeman) used a hand_grenade 8-30-2020, 11:50:09 PM
kofeman(kofeman) used a hand_grenade 8-30-2020, 11:50:10 PM
kofeman(kofeman) used a hand_grenade 8-30-2020, 11:50:10 PM
kofeman(kofeman) used a hand_grenade 8-30-2020, 11:50:10 PM
kofeman(kofeman) used a hand_grenade 8-30-2020, 11:50:10 PM
kofeman(kofeman) used a hand_grenade 8-30-2020, 11:50:10 PM
kofeman(kofeman) used a hand_grenade 8-30-2020, 11:50:11 PM
kofeman(kofeman) used a hand_grenade 8-30-2020, 11:50:11 PM
kofeman(kofeman) used a hand_grenade 8-30-2020, 11:50:11 PM
kofeman(kofeman) used a hand_grenade 8-30-2020, 11:50:11 PM
kofeman(kofeman) used a hand_grenade 8-30-2020, 11:50:11 PM
kofeman(kofeman) used a hand_grenade 8-30-2020, 11:50:12 PM
kofeman(kofeman) used a hand_grenade 8-30-2020, 11:50:12 PM
kofeman(kofeman) used a hand_grenade 8-30-2020, 11:50:12 PM
kofeman(kofeman) used a hand_grenade 8-30-2020, 11:50:12 PM
kofeman(kofeman) used a hand_grenade 8-30-2020, 11:50:12 PM
kofeman(kofeman) used a hand_grenade 8-30-2020, 11:50:13 PM
kofeman(kofeman) used a hand_grenade 8-30-2020, 11:50:13 PM
kofeman(kofeman) used a hand_grenade 8-30-2020, 11:50:13 PM
kofeman(kofeman) used a hand_grenade 8-30-2020, 11:50:13 PM
kofeman(kofeman) used a hand_grenade 8-30-2020, 11:50:13 PM
kofeman(kofeman) used a hand_grenade 8-30-2020, 11:50:14 PM
kofeman(kofeman) used a hand_grenade 8-30-2020, 11:50:14 PM
kofeman(kofeman) used a hand_grenade 8-30-2020, 11:50:14 PM
kofeman(kofeman) used a hand_grenade 8-30-2020, 11:50:14 PM
kofeman(kofeman) used a hand_grenade 8-30-2020, 11:50:14 PM
kofeman(kofeman) used a hand_grenade 8-30-2020, 11:50:15 PM
kofeman(kofeman) used a hand_grenade 8-30-2020, 11:50:15 PM
kofeman(kofeman) used a hand_grenade 8-30-2020, 11:50:15 PM
kofeman(kofeman) used a hand_grenade 8-30-2020, 11:50:15 PM
kofeman(kofeman) used a hand_grenade 8-30-2020, 11:50:15 PM
kofeman(kofeman) used a hand_grenade 8-30-2020, 11:50:16 PM
kofeman(kofeman) used a hand_grenade 8-30-2020, 11:50:16 PM
kofeman(kofeman) used a hand_grenade 8-30-2020, 11:50:16 PM
kofeman(kofeman) used a hand_grenade 8-30-2020, 11:50:17 PM
kofeman(kofeman) used a hand_grenade 8-30-2020, 11:50:17 PM
kofeman(kofeman) used a hand_grenade 8-30-2020, 11:50:17 PM
kofeman(kofeman) used a hand_grenade 8-30-2020, 11:50:17 PM
kofeman(kofeman) used a hand_grenade 8-30-2020, 11:50:18 PM
kofeman(kofeman) used a hand_grenade 8-30-2020, 11:50:18 PM
kofeman(kofeman) used a hand_grenade 8-30-2020, 11:50:18 PM
kofeman(kofeman) used a hand_grenade 8-30-2020, 11:50:18 PM
kofeman(kofeman) used a hand_grenade 8-30-2020, 11:50:19 PM
kofeman(kofeman) used a hand_grenade 8-30-2020, 11:50:19 PM
kofeman(kofeman) used a hand_grenade 8-30-2020, 11:50:19 PM
kofeman(kofeman) used a hand_grenade 8-30-2020, 11:50:20 PM
kofeman(kofeman) used a hand_grenade 8-30-2020, 11:50:20 PM
kofeman(kofeman) used a hand_grenade 8-30-2020, 11:50:20 PM
kofeman(kofeman) used a hand_grenade 8-30-2020, 11:50:20 PM
kofeman(kofeman) used a hand_grenade 8-30-2020, 11:50:21 PM
kofeman(kofeman) used a hand_grenade 8-30-2020, 11:50:21 PM
kofeman(kofeman) used a hand_grenade 8-30-2020, 11:50:21 PM
kofeman(kofeman) used a hand_grenade 8-30-2020, 11:50:21 PM
kofeman(kofeman) used a hand_grenade 8-30-2020, 11:50:21 PM
kofeman(kofeman) used a hand_grenade 8-30-2020, 11:50:21 PM
kofeman(kofeman) used a hand_grenade 8-30-2020, 11:50:22 PM
kofeman(kofeman) used a hand_grenade 8-30-2020, 11:50:22 PM
kofeman(kofeman) used a hand_grenade 8-30-2020, 11:50:22 PM
kofeman(kofeman) used a hand_grenade 8-30-2020, 11:50:23 PM
kofeman(kofeman) used a hand_grenade 8-30-2020, 11:50:23 PM
kofeman(kofeman) used a hand_grenade 8-30-2020, 11:50:23 PM
kofeman(kofeman) used a hand_grenade 8-30-2020, 11:50:23 PM
kofeman(kofeman) used a hand_grenade 8-30-2020, 11:50:23 PM
kofeman(kofeman) used a hand_grenade 8-30-2020, 11:50:24 PM
kofeman(kofeman) used a hand_grenade 8-30-2020, 11:50:24 PM
kofeman(kofeman) used a hand_grenade 8-30-2020, 11:50:24 PM
kofeman(kofeman) used a hand_grenade 8-30-2020, 11:50:25 PM
kofeman(kofeman) used a hand_grenade 8-30-2020, 11:50:25 PM
kofeman(kofeman) used a hand_grenade 8-30-2020, 11:50:25 PM
kofeman(kofeman) used a hand_grenade 8-30-2020, 11:50:27 PM
kofeman(kofeman) used a hand_grenade 8-30-2020, 11:50:27 PM
kofeman(kofeman) used a hand_grenade 8-30-2020, 11:50:27 PM
kofeman(kofeman) used a hand_grenade 8-30-2020, 11:50:27 PM
kofeman(kofeman) used a hand_grenade 8-30-2020, 11:50:27 PM
kofeman(kofeman) used a hand_grenade 8-30-2020, 11:50:28 PM
kofeman(kofeman) used a hand_grenade 8-30-2020, 11:50:28 PM
kofeman(kofeman) used a hand_grenade 8-30-2020, 11:50:28 PM