
blindgamer123(blindgamer123) used a shield 9-5-2020, 9:59:28 AM
blindgamer123(blindgamer123) used a shield 9-5-2020, 9:59:29 AM
blindgamer123(blindgamer123) used a shield 9-5-2020, 9:59:29 AM
blindgamer123(blindgamer123) used a shield 9-5-2020, 9:59:29 AM
blindgamer123(blindgamer123) used a shield 9-5-2020, 9:59:29 AM
blindgamer123(blindgamer123) used a shield 9-5-2020, 9:59:30 AM
blindgamer123(blindgamer123) used a shield 9-5-2020, 9:59:30 AM
blindgamer123(blindgamer123) used a shield 9-5-2020, 9:59:30 AM
blindgamer123(blindgamer123) used a shield 9-5-2020, 9:59:30 AM
blindgamer123(blindgamer123) used a shield 9-5-2020, 9:59:31 AM
blindgamer123(blindgamer123) used a shield 9-5-2020, 9:59:31 AM
blindgamer123(blindgamer123) used a shield 9-5-2020, 9:59:31 AM
blindgamer123(blindgamer123) used a shield 9-5-2020, 9:59:31 AM
blindgamer123(blindgamer123) used a shield 9-5-2020, 9:59:32 AM
blindgamer123(blindgamer123) used a shield 9-5-2020, 9:59:32 AM
blindgamer123(blindgamer123) used a shield 9-5-2020, 9:59:32 AM
blindgamer123(blindgamer123) used a shield 9-5-2020, 9:59:32 AM
blindgamer123(blindgamer123) used a shield 9-5-2020, 9:59:33 AM
blindgamer123(blindgamer123) used a shield 9-5-2020, 9:59:33 AM
blindgamer123(blindgamer123) used a shield 9-5-2020, 9:59:33 AM
blindgamer123(blindgamer123) used a shield 9-5-2020, 9:59:33 AM
blindgamer123(blindgamer123) used a shield 9-5-2020, 9:59:34 AM
blindgamer123(blindgamer123) used a shield 9-5-2020, 9:59:34 AM
blindgamer123(blindgamer123) used a shield 9-5-2020, 9:59:34 AM
blindgamer123(blindgamer123) used a shield 9-5-2020, 9:59:34 AM
blindgamer123(blindgamer123) used a shield 9-5-2020, 9:59:35 AM
blindgamer123(blindgamer123) used a shield 9-5-2020, 9:59:35 AM
blindgamer123(blindgamer123) used a shield 9-5-2020, 9:59:35 AM
blindgamer123(blindgamer123) used a shield 9-5-2020, 9:59:35 AM
blindgamer123(blindgamer123) used a shield 9-5-2020, 9:59:36 AM
blindgamer123(blindgamer123) used a tk_ultra_health_potion 9-5-2020, 9:59:39 AM
blindgamer123(blindgamer123) used a tk_ultra_health_potion 9-5-2020, 9:59:39 AM
blindgamer123(blindgamer123) used a awp 9-5-2020, 9:59:45 AM
blindgamer123(blindgamer123) used a modern_sub_machine_gun_carbine 9-5-2020, 9:59:55 AM
blindgamer123(blindgamer123) used a barrett_m82_sniper_rifle 9-5-2020, 10:00:15 AM
blindgamer123(blindgamer123) used a mlk_207_combat_rifle 9-5-2020, 10:00:23 AM
blindgamer123(blindgamer123) used a awp 9-5-2020, 11:15:51 AM
blindgamer123(blindgamer123) used a mlk_207_combat_rifle 9-5-2020, 11:16:01 AM
blindgamer123(blindgamer123) used a pack_of_60_ammo_mlk_207_combat_rifle 9-5-2020, 11:17:07 AM
blindgamer123(blindgamer123) used a pack_of_60_ammo_mlk_207_combat_rifle 9-5-2020, 11:17:07 AM
blindgamer123(blindgamer123) used a pack_of_60_ammo_mlk_207_combat_rifle 9-5-2020, 11:17:07 AM
blindgamer123(blindgamer123) used a pack_of_60_ammo_mlk_207_combat_rifle 9-5-2020, 11:17:07 AM
blindgamer123(blindgamer123) used a pack_of_60_ammo_mlk_207_combat_rifle 9-5-2020, 11:17:08 AM
blindgamer123(blindgamer123) used a pack_of_60_ammo_mlk_207_combat_rifle 9-5-2020, 11:17:08 AM
blindgamer123(blindgamer123) used a pack_of_60_ammo_mlk_207_combat_rifle 9-5-2020, 11:17:08 AM
blindgamer123(blindgamer123) used a pack_of_60_ammo_mlk_207_combat_rifle 9-5-2020, 11:17:08 AM
blindgamer123(blindgamer123) used a pack_of_60_ammo_mlk_207_combat_rifle 9-5-2020, 11:17:08 AM
blindgamer123(blindgamer123) used a pack_of_60_ammo_mlk_207_combat_rifle 9-5-2020, 11:17:08 AM
blindgamer123(blindgamer123) used a pack_of_60_ammo_mlk_207_combat_rifle 9-5-2020, 11:17:09 AM
blindgamer123(blindgamer123) used a pack_of_60_ammo_mlk_207_combat_rifle 9-5-2020, 11:17:09 AM
blindgamer123(blindgamer123) used a pack_of_60_ammo_mlk_207_combat_rifle 9-5-2020, 11:17:09 AM
blindgamer123(blindgamer123) used a pack_of_60_ammo_mlk_207_combat_rifle 9-5-2020, 11:17:09 AM
blindgamer123(blindgamer123) used a pack_of_60_ammo_mlk_207_combat_rifle 9-5-2020, 11:17:09 AM
blindgamer123(blindgamer123) used a pack_of_60_ammo_mlk_207_combat_rifle 9-5-2020, 11:17:10 AM
blindgamer123(blindgamer123) used a pack_of_60_ammo_mlk_207_combat_rifle 9-5-2020, 11:17:10 AM
blindgamer123(blindgamer123) used a modern_sub_machine_gun_carbine 9-5-2020, 11:17:17 AM
blindgamer123(blindgamer123) used a tk_ultra_health_potion 9-5-2020, 11:17:30 AM
blindgamer123(blindgamer123) used a tk_ultra_health_potion 9-5-2020, 11:17:30 AM
blindgamer123(blindgamer123) used a shield 9-5-2020, 11:17:36 AM
blindgamer123(blindgamer123) used a shield 9-5-2020, 11:17:37 AM
blindgamer123(blindgamer123) used a shield 9-5-2020, 11:17:37 AM
blindgamer123(blindgamer123) used a shield 9-5-2020, 11:17:42 AM
blindgamer123(blindgamer123) used a shield 9-5-2020, 11:17:45 AM
blindgamer123(blindgamer123) used a shield 9-5-2020, 11:17:46 AM
blindgamer123(blindgamer123) used a shield 9-5-2020, 11:17:46 AM
blindgamer123(blindgamer123) used a shield 9-5-2020, 11:17:46 AM
blindgamer123(blindgamer123) used a shield 9-5-2020, 11:17:46 AM
blindgamer123(blindgamer123) used a shield 9-5-2020, 11:17:47 AM
blindgamer123(blindgamer123) used a shield 9-5-2020, 11:17:47 AM
blindgamer123(blindgamer123) used a shield 9-5-2020, 11:17:47 AM
blindgamer123(blindgamer123) used a shield 9-5-2020, 11:17:47 AM
blindgamer123(blindgamer123) used a shield 9-5-2020, 11:17:47 AM
blindgamer123(blindgamer123) used a shield 9-5-2020, 11:17:48 AM
blindgamer123(blindgamer123) used a shield 9-5-2020, 11:17:48 AM
blindgamer123(blindgamer123) used a shield 9-5-2020, 11:17:48 AM
blindgamer123(blindgamer123) used a shield 9-5-2020, 11:17:48 AM
blindgamer123(blindgamer123) used a shield 9-5-2020, 11:17:48 AM
blindgamer123(blindgamer123) used a shield 9-5-2020, 11:17:48 AM
blindgamer123(blindgamer123) used a shield 9-5-2020, 11:17:49 AM
blindgamer123(blindgamer123) used a shield 9-5-2020, 11:17:49 AM
blindgamer123(blindgamer123) used a shield 9-5-2020, 11:17:49 AM
blindgamer123(blindgamer123) used a shield 9-5-2020, 11:17:49 AM
blindgamer123(blindgamer123) used a shield 9-5-2020, 11:17:50 AM
blindgamer123(blindgamer123) used a shield 9-5-2020, 11:17:50 AM
blindgamer123(blindgamer123) used a shield 9-5-2020, 11:17:50 AM
blindgamer123(blindgamer123) used a shield 9-5-2020, 11:17:53 AM
blindgamer123(blindgamer123) used a shield 9-5-2020, 11:17:53 AM
blindgamer123(blindgamer123) used a shield 9-5-2020, 11:17:53 AM
blindgamer123(blindgamer123) used a shield 9-5-2020, 11:17:54 AM
blindgamer123(blindgamer123) used a beretta_m1951_machine_pistol 9-5-2020, 11:19:51 AM
blindgamer123(blindgamer123) used a barrett_m82_sniper_rifle 9-5-2020, 11:20:02 AM
blindgamer123(blindgamer123) used a pack_of_100_ammo_modern_sub_machine_gun_carbine 9-5-2020, 11:21:16 AM
blindgamer123(blindgamer123) used a pack_of_100_ammo_modern_sub_machine_gun_carbine 9-5-2020, 11:21:16 AM
blindgamer123(blindgamer123) used a pack_of_100_ammo_modern_sub_machine_gun_carbine 9-5-2020, 11:21:16 AM
blindgamer123(blindgamer123) used a pack_of_100_ammo_modern_sub_machine_gun_carbine 9-5-2020, 11:21:17 AM
blindgamer123(blindgamer123) used a pack_of_100_ammo_modern_sub_machine_gun_carbine 9-5-2020, 11:21:17 AM
blindgamer123(blindgamer123) used a pack_of_100_ammo_modern_sub_machine_gun_carbine 9-5-2020, 11:21:17 AM
blindgamer123(blindgamer123) used a pack_of_100_ammo_modern_sub_machine_gun_carbine 9-5-2020, 11:21:17 AM
blindgamer123(blindgamer123) used a pack_of_100_ammo_modern_sub_machine_gun_carbine 9-5-2020, 11:21:17 AM
blindgamer123(blindgamer123) used a pack_of_100_ammo_modern_sub_machine_gun_carbine 9-5-2020, 11:21:17 AM
blindgamer123(blindgamer123) used a pack_of_100_ammo_modern_sub_machine_gun_carbine 9-5-2020, 11:21:18 AM
blindgamer123(blindgamer123) used a small_projectile 9-5-2020, 11:21:27 AM
blindgamer123(blindgamer123) used a small_projectile 9-5-2020, 11:21:27 AM
blindgamer123(blindgamer123) used a small_projectile 9-5-2020, 11:21:28 AM
blindgamer123(blindgamer123) used a beretta_nano_pocket_pistol 9-5-2020, 11:22:20 AM
blindgamer123(blindgamer123) used a beer_bottle 9-5-2020, 11:22:47 AM
blindgamer123(blindgamer123) used a open_beer_bottle 9-5-2020, 11:22:52 AM
blindgamer123(blindgamer123) used a open_beer_bottle 9-5-2020, 11:22:52 AM
blindgamer123(blindgamer123) used a open_beer_bottle 9-5-2020, 11:22:53 AM
blindgamer123(blindgamer123) used a open_beer_bottle 9-5-2020, 11:22:56 AM
blindgamer123(blindgamer123) used a open_beer_bottle 9-5-2020, 11:22:59 AM
blindgamer123(blindgamer123) used a open_beer_bottle 9-5-2020, 11:23:02 AM
blindgamer123(blindgamer123) used a open_beer_bottle 9-5-2020, 11:23:05 AM
blindgamer123(blindgamer123) used a antibiotic_canister 9-5-2020, 11:23:23 AM
blindgamer123(blindgamer123) used a crt43_automatic_shotgun 9-5-2020, 11:23:32 AM
blindgamer123(blindgamer123) used a carrier_missile 9-5-2020, 11:23:47 AM
blindgamer123(blindgamer123) used a carrier_missile 9-5-2020, 11:23:50 AM
blindgamer123(blindgamer123) used a carrier_missile 9-5-2020, 11:23:58 AM
blindgamer123(blindgamer123) used a empty_beer_bottle 9-5-2020, 11:24:10 AM
blindgamer123(blindgamer123) used a carrier_missile 9-5-2020, 11:24:16 AM
blindgamer123(blindgamer123) used a suicide_bomb 9-5-2020, 11:25:05 AM