
rider disconnected 8-22-2020, 12:05:40 AM
Igrik disconnected 8-22-2020, 12:09:02 AM
dima disconnected 8-22-2020, 12:11:17 AM
Igrik disconnected 8-22-2020, 12:20:42 AM
stronger disconnected 8-22-2020, 12:35:33 AM
dima disconnected 8-22-2020, 12:53:28 AM
shoma lost connection 8-22-2020, 12:59:03 AM
shoma disconnected 8-22-2020, 12:59:26 AM
dima disconnected 8-22-2020, 1:09:08 AM
bolgelo disconnected 8-22-2020, 2:05:15 AM
kitti disconnected 8-22-2020, 4:11:32 AM
oleg91 disconnected 8-22-2020, 4:55:35 AM
kitti disconnected 8-22-2020, 5:03:41 AM
oleg91 disconnected 8-22-2020, 5:03:44 AM
oleg91 disconnected 8-22-2020, 5:59:32 AM
trevor disconnected 8-22-2020, 6:44:38 AM
dima disconnected 8-22-2020, 7:57:28 AM
dima disconnected 8-22-2020, 8:41:10 AM
trevor disconnected 8-22-2020, 8:41:15 AM
dima disconnected 8-22-2020, 8:46:21 AM
dima disconnected 8-22-2020, 9:04:16 AM
dima disconnected 8-22-2020, 9:07:01 AM
oleg91 disconnected 8-22-2020, 9:15:26 AM
alfik disconnected 8-22-2020, 9:36:21 AM
vladon lost connection 8-22-2020, 9:37:15 AM
alfik disconnected 8-22-2020, 9:45:15 AM
vladon disconnected 8-22-2020, 10:08:20 AM
alfik disconnected 8-22-2020, 10:09:34 AM
nikita-k disconnected 8-22-2020, 10:29:27 AM
dima disconnected 8-22-2020, 10:33:08 AM
nikita-k disconnected 8-22-2020, 10:46:41 AM
nikita-k disconnected 8-22-2020, 10:49:26 AM
nikita-k disconnected 8-22-2020, 10:50:31 AM
nikita-k disconnected 8-22-2020, 10:53:45 AM
nikita-k disconnected 8-22-2020, 10:55:07 AM
trevor disconnected 8-22-2020, 10:57:42 AM
shoma lost connection 8-22-2020, 11:03:45 AM
trevor disconnected 8-22-2020, 11:04:56 AM
trevor disconnected 8-22-2020, 11:06:51 AM
trevor disconnected 8-22-2020, 11:09:12 AM
Vlados disconnected 8-22-2020, 11:12:07 AM
trevor disconnected 8-22-2020, 11:12:58 AM
trevor disconnected 8-22-2020, 11:13:12 AM
trevor disconnected 8-22-2020, 11:13:42 AM
Vlados disconnected 8-22-2020, 11:13:57 AM
trevor disconnected 8-22-2020, 11:26:38 AM
vector disconnected 8-22-2020, 11:30:53 AM
ramil lost connection 8-22-2020, 11:31:36 AM
shoma lost connection 8-22-2020, 11:31:55 AM
vladon disconnected 8-22-2020, 11:35:25 AM
nikita-k disconnected 8-22-2020, 11:44:43 AM
nikita-k disconnected 8-22-2020, 12:00:37 PM
nikita-k disconnected 8-22-2020, 12:02:38 PM
trevor disconnected 8-22-2020, 12:06:50 PM
nikita-k disconnected 8-22-2020, 12:16:00 PM
trevor disconnected 8-22-2020, 12:20:01 PM
ramil disconnected 8-22-2020, 12:20:47 PM
ramil lost connection 8-22-2020, 12:21:22 PM
maxgamer lost connection 8-22-2020, 12:21:22 PM
Igrik lost connection 8-22-2020, 12:21:55 PM
kirill lost connection 8-22-2020, 12:21:55 PM
nikita-k lost connection 8-22-2020, 12:21:55 PM
vector lost connection 8-22-2020, 12:21:55 PM
Zurik lost connection 8-22-2020, 12:22:27 PM
shoma lost connection 8-22-2020, 12:23:08 PM
shoma lost connection 8-22-2020, 12:23:48 PM
nikita-k lost connection 8-22-2020, 12:24:28 PM
shoma lost connection 8-22-2020, 12:25:00 PM
kirill lost connection 8-22-2020, 12:25:56 PM
kirill lost connection 8-22-2020, 12:26:29 PM
nikita-k lost connection 8-22-2020, 12:28:53 PM
kirill lost connection 8-22-2020, 12:30:11 PM
shoma lost connection 8-22-2020, 12:30:47 PM
nikita-k lost connection 8-22-2020, 12:31:52 PM
vector lost connection 8-22-2020, 12:32:39 PM
nikita-k lost connection 8-22-2020, 12:35:14 PM
nikita-k disconnected 8-22-2020, 12:46:59 PM
rider disconnected 8-22-2020, 12:47:09 PM
vector disconnected 8-22-2020, 12:50:13 PM
vector disconnected 8-22-2020, 12:54:45 PM
Vlados disconnected 8-22-2020, 12:57:32 PM
Yarina disconnected 8-22-2020, 1:02:20 PM
nikita-k disconnected 8-22-2020, 1:03:47 PM
Vlados disconnected 8-22-2020, 1:05:45 PM
darkfrent disconnected 8-22-2020, 1:06:36 PM
vector disconnected 8-22-2020, 1:12:27 PM
ramil disconnected 8-22-2020, 1:12:30 PM
nikita-k lost connection 8-22-2020, 1:20:01 PM
bolgelo disconnected 8-22-2020, 1:27:27 PM
stronger disconnected 8-22-2020, 1:30:40 PM
ramil lost connection 8-22-2020, 1:31:10 PM
nikita-k disconnected 8-22-2020, 1:36:40 PM
rider disconnected 8-22-2020, 1:36:58 PM
darkfrent lost connection 8-22-2020, 1:41:28 PM
rider disconnected 8-22-2020, 1:43:19 PM
trevor disconnected 8-22-2020, 1:43:54 PM
rider disconnected 8-22-2020, 1:44:26 PM
kirill disconnected 8-22-2020, 1:44:44 PM
trevor disconnected 8-22-2020, 1:58:10 PM
vector lost connection 8-22-2020, 2:01:43 PM
Zurik disconnected 8-22-2020, 2:04:06 PM
rider disconnected 8-22-2020, 2:04:53 PM
Zurik disconnected 8-22-2020, 2:07:26 PM
valentin disconnected 8-22-2020, 2:08:48 PM
best disconnected 8-22-2020, 2:08:54 PM
Zurik disconnected 8-22-2020, 2:09:52 PM
stronger disconnected 8-22-2020, 2:10:32 PM
valentin disconnected 8-22-2020, 2:12:21 PM
kirill disconnected 8-22-2020, 2:14:00 PM
shoma lost connection 8-22-2020, 2:17:39 PM
kirill disconnected 8-22-2020, 2:20:18 PM
best disconnected 8-22-2020, 2:24:55 PM
darkfrent disconnected 8-22-2020, 2:27:09 PM
denis disconnected 8-22-2020, 2:34:58 PM
denis disconnected 8-22-2020, 2:48:34 PM
rider disconnected 8-22-2020, 2:53:47 PM
valentin disconnected 8-22-2020, 2:54:49 PM
bolgelo disconnected 8-22-2020, 3:14:50 PM
updatebot disconnected 8-22-2020, 3:20:37 PM
Zurik lost connection 8-22-2020, 3:20:37 PM
rider disconnected 8-22-2020, 3:26:50 PM
trevor disconnected 8-22-2020, 3:27:35 PM
rider disconnected 8-22-2020, 3:33:45 PM
shoma disconnected 8-22-2020, 3:38:25 PM
Vlados disconnected 8-22-2020, 3:45:58 PM
vladon disconnected 8-22-2020, 3:46:30 PM
Vlados lost connection 8-22-2020, 3:49:25 PM
dima disconnected 8-22-2020, 3:49:37 PM
nikita-k lost connection 8-22-2020, 3:54:22 PM
updatebot disconnected 8-22-2020, 3:56:09 PM
updatebot disconnected 8-22-2020, 3:56:16 PM
kirill disconnected 8-22-2020, 4:08:39 PM
Vlados lost connection 8-22-2020, 4:09:04 PM
ramil disconnected 8-22-2020, 4:09:15 PM
trevor disconnected 8-22-2020, 4:09:52 PM
dima disconnected 8-22-2020, 4:09:59 PM
nikita-k disconnected 8-22-2020, 4:10:45 PM
ramil disconnected 8-22-2020, 4:13:35 PM
franklin disconnected 8-22-2020, 4:14:07 PM
stronger disconnected 8-22-2020, 4:17:47 PM
oleg91 disconnected 8-22-2020, 4:20:08 PM
ramil disconnected 8-22-2020, 4:30:41 PM
nikita-k disconnected 8-22-2020, 4:40:52 PM
spay disconnected 8-22-2020, 4:40:55 PM
ramil disconnected 8-22-2020, 4:47:11 PM
rider disconnected 8-22-2020, 4:49:29 PM
franklin disconnected 8-22-2020, 4:53:33 PM
dima disconnected 8-22-2020, 4:55:43 PM
spay disconnected 8-22-2020, 4:57:09 PM
rider disconnected 8-22-2020, 4:58:24 PM
pyspil disconnected 8-22-2020, 4:58:28 PM
nikita-k lost connection 8-22-2020, 5:02:23 PM
best disconnected 8-22-2020, 5:02:30 PM
best disconnected 8-22-2020, 5:10:07 PM
Vlados disconnected 8-22-2020, 5:15:04 PM
best disconnected 8-22-2020, 5:15:15 PM
best disconnected 8-22-2020, 5:17:23 PM
maxgamer disconnected 8-22-2020, 5:18:38 PM
ramil disconnected 8-22-2020, 5:18:44 PM
nikita-k disconnected 8-22-2020, 5:18:46 PM
trevor disconnected 8-22-2020, 5:20:24 PM
Zurik disconnected 8-22-2020, 5:24:04 PM
bolgelo disconnected 8-22-2020, 5:32:44 PM
darkfrent disconnected 8-22-2020, 5:33:37 PM
dima disconnected 8-22-2020, 5:35:08 PM
darkfrent lost connection 8-22-2020, 5:45:33 PM
Alex disconnected 8-22-2020, 5:47:19 PM
trevor disconnected 8-22-2020, 6:00:46 PM
trevor disconnected 8-22-2020, 6:02:04 PM
trevor disconnected 8-22-2020, 6:04:50 PM
ramil disconnected 8-22-2020, 6:08:02 PM
trevor lost connection 8-22-2020, 6:12:50 PM
dima disconnected 8-22-2020, 6:13:57 PM
trevor disconnected 8-22-2020, 6:22:51 PM
trevor disconnected 8-22-2020, 6:25:04 PM
Vlados disconnected 8-22-2020, 6:31:18 PM
Zurik disconnected 8-22-2020, 6:35:50 PM
Vlados disconnected 8-22-2020, 6:36:44 PM
darkfrent disconnected 8-22-2020, 6:37:20 PM
franklin disconnected 8-22-2020, 6:37:49 PM
stronger disconnected 8-22-2020, 6:44:18 PM
shoma disconnected 8-22-2020, 6:44:38 PM
Igrik disconnected 8-22-2020, 6:47:13 PM
Vlados disconnected 8-22-2020, 6:49:59 PM
rider disconnected 8-22-2020, 6:50:01 PM
darkfrent disconnected 8-22-2020, 6:50:26 PM
darkfrent disconnected 8-22-2020, 6:50:59 PM
Zurik disconnected 8-22-2020, 6:51:47 PM
rider disconnected 8-22-2020, 6:51:55 PM
Zurik disconnected 8-22-2020, 6:52:22 PM
darkfrent disconnected 8-22-2020, 6:53:01 PM
Zurik disconnected 8-22-2020, 6:53:57 PM
nikita-k disconnected 8-22-2020, 6:54:54 PM
Vlados disconnected 8-22-2020, 6:55:19 PM
rider disconnected 8-22-2020, 6:56:12 PM
franklin disconnected 8-22-2020, 6:59:53 PM
darkfrent lost connection 8-22-2020, 7:08:51 PM
shoma disconnected 8-22-2020, 7:16:47 PM
shoma disconnected 8-22-2020, 7:23:35 PM
shoma disconnected 8-22-2020, 7:25:14 PM
Igrik disconnected 8-22-2020, 7:38:39 PM
stronger disconnected 8-22-2020, 7:40:08 PM
Igrik disconnected 8-22-2020, 7:43:09 PM
darkfrent disconnected 8-22-2020, 7:50:07 PM
kirill disconnected 8-22-2020, 8:21:58 PM
spay disconnected 8-22-2020, 8:26:44 PM
nikita-k disconnected 8-22-2020, 8:26:55 PM
Boss disconnected 8-22-2020, 8:29:02 PM
kirill disconnected 8-22-2020, 8:41:30 PM
kirill disconnected 8-22-2020, 8:48:01 PM
spay disconnected 8-22-2020, 9:06:03 PM
Igrik disconnected 8-22-2020, 9:11:27 PM
spay disconnected 8-22-2020, 9:13:19 PM
kirill disconnected 8-22-2020, 9:14:45 PM
Vlados disconnected 8-22-2020, 9:15:13 PM
bolgelo disconnected 8-22-2020, 9:16:16 PM
spay disconnected 8-22-2020, 9:16:42 PM
bolgelo disconnected 8-22-2020, 9:17:02 PM
alfik disconnected 8-22-2020, 9:22:45 PM
nikita-k disconnected 8-22-2020, 9:28:59 PM
stronger disconnected 8-22-2020, 9:29:14 PM
spay disconnected 8-22-2020, 9:30:33 PM
Yarina lost connection 8-22-2020, 9:31:26 PM
rider disconnected 8-22-2020, 9:45:03 PM
Vlados disconnected 8-22-2020, 9:45:35 PM
Yarina disconnected 8-22-2020, 9:45:53 PM
rider disconnected 8-22-2020, 9:46:28 PM
bloodstorm disconnected 8-22-2020, 9:47:24 PM
franklin disconnected 8-22-2020, 9:48:45 PM
bloodstorm disconnected 8-22-2020, 9:48:47 PM
rider disconnected 8-22-2020, 9:49:06 PM
stronger disconnected 8-22-2020, 9:49:23 PM
alfik disconnected 8-22-2020, 9:49:55 PM
franklin disconnected 8-22-2020, 9:50:13 PM
Yarina disconnected 8-22-2020, 9:50:45 PM
nikita-k disconnected 8-22-2020, 9:51:40 PM
Yarina disconnected 8-22-2020, 9:52:20 PM
alfik disconnected 8-22-2020, 9:52:30 PM
spay disconnected 8-22-2020, 9:52:32 PM
rider disconnected 8-22-2020, 9:53:00 PM
Vlados disconnected 8-22-2020, 9:54:59 PM
Vlados disconnected 8-22-2020, 9:59:52 PM
kirill disconnected 8-22-2020, 10:00:32 PM
Vlados lost connection 8-22-2020, 10:03:38 PM
bloodstorm disconnected 8-22-2020, 10:06:56 PM
spay lost connection 8-22-2020, 10:07:19 PM
edverd1989 disconnected 8-22-2020, 10:09:07 PM
Igrik disconnected 8-22-2020, 10:10:15 PM
alfik disconnected 8-22-2020, 10:10:17 PM
Boss disconnected 8-22-2020, 10:10:21 PM
bloodstorm disconnected 8-22-2020, 10:12:25 PM
rider disconnected 8-22-2020, 10:13:24 PM
spay disconnected 8-22-2020, 10:13:33 PM
stronger disconnected 8-22-2020, 10:14:51 PM
nikita-k disconnected 8-22-2020, 10:14:54 PM
Yarina disconnected 8-22-2020, 10:15:26 PM
edverd1989 disconnected 8-22-2020, 10:15:54 PM
edverd1989 disconnected 8-22-2020, 10:18:20 PM
Boss disconnected 8-22-2020, 10:18:36 PM
nikita-k disconnected 8-22-2020, 10:26:40 PM
ali disconnected 8-22-2020, 10:28:02 PM
rider disconnected 8-22-2020, 10:29:02 PM
spay disconnected 8-22-2020, 10:36:14 PM
franklin disconnected 8-22-2020, 10:38:56 PM
spay disconnected 8-22-2020, 10:40:44 PM
bolgelo disconnected 8-22-2020, 10:43:37 PM
nikita-k disconnected 8-22-2020, 10:43:51 PM
nikita-k disconnected 8-22-2020, 10:55:41 PM
ramil disconnected 8-22-2020, 11:01:33 PM
ramil disconnected 8-22-2020, 11:09:09 PM
bloodstorm disconnected 8-22-2020, 11:10:28 PM
ramil disconnected 8-22-2020, 11:19:45 PM
ramil disconnected 8-22-2020, 11:27:15 PM