
vector (vector) said no , sorry 8-22-2020, 10:27:09 AM
vector (vector) said zalp 8-22-2020, 10:27:18 AM
vector (vector) said зурик если бы ты поставил 2000000 , тогда бы я мог взять 8-22-2020, 10:27:53 AM
vector (vector) said coin, 4174898 8-22-2020, 10:28:16 AM
vector (vector) said у кого есть скрамблеры ребят? 8-22-2020, 10:29:43 AM
vector (vector) said die! 8-22-2020, 10:30:10 AM
vector (vector) said da zurik! 8-22-2020, 10:33:00 AM
vector (vector) said это как побег от ракет получаеться 8-22-2020, 10:33:20 AM
vector (vector) said слишком много 8-22-2020, 10:38:43 AM
vector (vector) said давай 3000000 8-22-2020, 10:39:00 AM
vector (vector) said whatt? 8-22-2020, 10:47:46 AM
vector (vector) said как это по русски? ya ya? lomik? 8-22-2020, 10:48:13 AM
vector (vector) said ржу 8-22-2020, 10:48:22 AM
vector (vector) said ну всё , больше тебе фокус с ракетками не удасться зурик. 8-22-2020, 10:49:16 AM
vector (vector) said а если и удастся , то не на долго 8-22-2020, 10:49:38 AM
vector (vector) said my liked cart 8-22-2020, 10:50:19 AM
vector (vector) said chem bolshe chem luchshe 8-22-2020, 10:51:48 AM
vector (vector) said чем больше чем лучше 8-22-2020, 10:51:59 AM
vector (vector) said ffffffff 8-22-2020, 10:52:21 AM
vector (vector) said а сейчас успевайте! выгодненькое предложение! 8-22-2020, 11:01:22 AM
vector (vector) said кому не жалко монет , , будет ещё одно предложение с гранатами 8-22-2020, 11:02:33 AM
vector (vector) said и так , спор становиться всё жарче! кто же получит эти гранаты? давайте посмотрим! 8-22-2020, 11:02:58 AM
vector (vector) said и так , схватка все жарче и жарче! похоже остальные сдались 8-22-2020, 11:03:36 AM
vector (vector) said oyyyyyyy 8-22-2020, 11:04:08 AM
vector (vector) said netu stolko 8-22-2020, 11:04:21 AM
vector (vector) said blin 8-22-2020, 11:05:07 AM
vector (vector) said и так , борьба за гранаты продолжаеться 8-22-2020, 11:06:18 AM
vector (vector) said вот это поворот , кирпич мне в рот! вот это ставка! отлично , отлично! 8-22-2020, 11:06:58 AM
vector (vector) said да , хорошую ты ставку сделал 8-22-2020, 11:07:49 AM
vector (vector) said эй , это баг или чо? 8-22-2020, 11:09:05 AM
vector (vector) said почему я не могу ходить? 8-22-2020, 11:09:44 AM
vector (vector) said с этим оружием в руке 8-22-2020, 11:09:56 AM
vector (vector) said trevor 8-22-2020, 11:11:06 AM
vector (vector) said блин . крутая оруха! 8-22-2020, 11:16:32 AM
vector (vector) said thank you , Zurik 8-22-2020, 11:24:40 AM
vector (vector) said not kill me pls 8-22-2020, 11:29:10 AM
vector (vector) said собака 8-22-2020, 12:15:32 PM
vector (vector) said bolhse my friends 8-22-2020, 12:18:42 PM
vector (vector) said что , лагает? 8-22-2020, 12:49:43 PM
vector (vector) said ey 8-22-2020, 12:53:23 PM