
skemenok(skemenok) used a pack_of_15_stone 8-12-2020, 5:05:17 AM
skemenok(skemenok) used a pack_of_5_mass_bomb 8-12-2020, 5:06:59 AM
skemenok(skemenok) used a pack_of_80_ammo_stp21_handgun 8-12-2020, 5:09:37 AM
skemenok(skemenok) used a pack_of_80_ammo_stp21_handgun 8-12-2020, 5:09:37 AM
skemenok(skemenok) used a pack_of_80_ammo_stp21_handgun 8-12-2020, 5:09:37 AM
skemenok(skemenok) used a pack_of_80_ammo_stp21_handgun 8-12-2020, 5:09:37 AM
skemenok(skemenok) used a pack_of_80_ammo_stp21_handgun 8-12-2020, 5:09:37 AM
skemenok(skemenok) used a pack_of_80_ammo_stp21_handgun 8-12-2020, 5:09:38 AM
skemenok(skemenok) used a pack_of_80_ammo_stp21_handgun 8-12-2020, 5:09:38 AM
skemenok(skemenok) used a pack_of_80_ammo_stp21_handgun 8-12-2020, 5:09:38 AM
skemenok(skemenok) used a pack_of_80_ammo_stp21_handgun 8-12-2020, 5:09:38 AM
skemenok(skemenok) used a pack_of_80_ammo_stp21_handgun 8-12-2020, 5:09:38 AM
skemenok(skemenok) used a pack_of_80_ammo_stp21_handgun 8-12-2020, 5:09:38 AM
skemenok(skemenok) used a pack_of_80_ammo_stp21_handgun 8-12-2020, 5:09:38 AM
skemenok(skemenok) used a ammo_stp21_handgun 8-12-2020, 5:09:45 AM
skemenok(skemenok) used a stp21_handgun 8-12-2020, 5:09:49 AM
skemenok(skemenok) used a empty_pack 8-12-2020, 5:10:50 AM
skemenok(skemenok) used a shield 8-12-2020, 5:12:47 AM
skemenok(skemenok) used a shield 8-12-2020, 5:12:47 AM
skemenok(skemenok) used a shield 8-12-2020, 5:12:48 AM
skemenok(skemenok) used a shield 8-12-2020, 5:12:48 AM
skemenok(skemenok) used a shield 8-12-2020, 5:12:48 AM
skemenok(skemenok) used a shield 8-12-2020, 5:12:48 AM
skemenok(skemenok) used a shield 8-12-2020, 5:12:48 AM
skemenok(skemenok) used a shield 8-12-2020, 5:12:49 AM
skemenok(skemenok) used a shield 8-12-2020, 5:12:49 AM
skemenok(skemenok) used a shield 8-12-2020, 5:12:49 AM
skemenok(skemenok) used a shield 8-12-2020, 5:12:49 AM
skemenok(skemenok) used a shield 8-12-2020, 5:12:49 AM
skemenok(skemenok) used a shield 8-12-2020, 5:12:49 AM
skemenok(skemenok) used a shield 8-12-2020, 5:12:50 AM
skemenok(skemenok) used a shield 8-12-2020, 5:12:50 AM
skemenok(skemenok) used a shield 8-12-2020, 5:12:50 AM
skemenok(skemenok) used a shield 8-12-2020, 5:12:50 AM
skemenok(skemenok) used a shield 8-12-2020, 5:12:50 AM
skemenok(skemenok) used a shield 8-12-2020, 5:12:51 AM
skemenok(skemenok) used a shield 8-12-2020, 5:12:51 AM
skemenok(skemenok) used a shield 8-12-2020, 5:12:51 AM
skemenok(skemenok) used a shield 8-12-2020, 5:12:51 AM
skemenok(skemenok) used a shield 8-12-2020, 5:12:51 AM
skemenok(skemenok) used a shield 8-12-2020, 5:12:51 AM
skemenok(skemenok) used a shield 8-12-2020, 5:12:52 AM
skemenok(skemenok) used a shield 8-12-2020, 5:12:52 AM
skemenok(skemenok) used a shield 8-12-2020, 5:12:52 AM
skemenok(skemenok) used a shield 8-12-2020, 5:12:52 AM
skemenok(skemenok) used a shield 8-12-2020, 5:12:52 AM
skemenok(skemenok) used a shield 8-12-2020, 5:12:53 AM
skemenok(skemenok) used a mini_antibiotic_pack 8-12-2020, 5:13:05 AM
skemenok(skemenok) used a mini_antibiotic_pack 8-12-2020, 5:13:05 AM
skemenok(skemenok) used a mini_antibiotic_pack 8-12-2020, 5:13:05 AM
skemenok(skemenok) used a mini_antibiotic_pack 8-12-2020, 5:13:05 AM
skemenok(skemenok) used a mini_antibiotic_pack 8-12-2020, 5:13:05 AM
skemenok(skemenok) used a mini_antibiotic_pack 8-12-2020, 5:13:05 AM
skemenok(skemenok) used a mini_antibiotic_pack 8-12-2020, 5:13:05 AM
skemenok(skemenok) used a mini_antibiotic_pack 8-12-2020, 5:13:06 AM
skemenok(skemenok) used a mini_antibiotic_pack 8-12-2020, 5:13:06 AM
skemenok(skemenok) used a mini_antibiotic_pack 8-12-2020, 5:13:06 AM
skemenok(skemenok) used a mini_antibiotic_pack 8-12-2020, 5:13:06 AM
skemenok(skemenok) used a mini_antibiotic_pack 8-12-2020, 5:13:06 AM
skemenok(skemenok) used a mini_antibiotic_pack 8-12-2020, 5:13:06 AM
skemenok(skemenok) used a mini_antibiotic_pack 8-12-2020, 5:13:06 AM
skemenok(skemenok) used a mini_antibiotic_pack 8-12-2020, 5:13:06 AM
skemenok(skemenok) used a mini_antibiotic_pack 8-12-2020, 5:13:06 AM
skemenok(skemenok) used a mini_antibiotic_pack 8-12-2020, 5:13:06 AM
skemenok(skemenok) used a mini_antibiotic_pack 8-12-2020, 5:13:06 AM
skemenok(skemenok) used a mini_antibiotic_pack 8-12-2020, 5:13:06 AM
skemenok(skemenok) used a mini_antibiotic_pack 8-12-2020, 5:13:06 AM
skemenok(skemenok) used a mini_antibiotic_pack 8-12-2020, 5:13:07 AM
skemenok(skemenok) used a mini_antibiotic_pack 8-12-2020, 5:13:07 AM
skemenok(skemenok) used a mini_antibiotic_pack 8-12-2020, 5:13:07 AM
skemenok(skemenok) used a mini_antibiotic_pack 8-12-2020, 5:13:07 AM
skemenok(skemenok) used a mini_antibiotic_pack 8-12-2020, 5:13:07 AM
skemenok(skemenok) used a mini_antibiotic_pack 8-12-2020, 5:13:07 AM
skemenok(skemenok) used a mini_antibiotic_pack 8-12-2020, 5:13:07 AM
skemenok(skemenok) used a mini_antibiotic_pack 8-12-2020, 5:13:07 AM
skemenok(skemenok) used a mini_antibiotic_pack 8-12-2020, 5:13:07 AM
skemenok(skemenok) used a mini_antibiotic_pack 8-12-2020, 5:13:08 AM
skemenok(skemenok) used a mini_antibiotic_pack 8-12-2020, 5:13:08 AM
skemenok(skemenok) used a mini_antibiotic_pack 8-12-2020, 5:13:08 AM
skemenok(skemenok) used a mini_antibiotic_pack 8-12-2020, 5:13:08 AM
skemenok(skemenok) used a antibiotic 8-12-2020, 5:13:17 AM
skemenok(skemenok) used a pipe_bomb 8-12-2020, 5:13:20 AM
skemenok(skemenok) used a pipe_bomb 8-12-2020, 5:13:26 AM
skemenok(skemenok) used a antibiotic 8-12-2020, 5:13:30 AM
skemenok(skemenok) used a antibiotic 8-12-2020, 5:13:33 AM
skemenok(skemenok) used a antibiotic 8-12-2020, 5:13:42 AM
skemenok(skemenok) used a antibiotic 8-12-2020, 5:13:52 AM
skemenok(skemenok) used a antibiotic 8-12-2020, 5:13:53 AM
skemenok(skemenok) used a pipe_bomb 8-12-2020, 5:13:59 AM
skemenok(skemenok) used a pipe_bomb 8-12-2020, 5:13:59 AM
skemenok(skemenok) used a antibiotic 8-12-2020, 5:14:49 AM
skemenok(skemenok) used a antibiotic 8-12-2020, 5:14:54 AM
skemenok(skemenok) used a antibiotic 8-12-2020, 5:14:55 AM
skemenok(skemenok) used a antibiotic 8-12-2020, 5:15:04 AM
skemenok(skemenok) used a antibiotic 8-12-2020, 5:15:08 AM
skemenok(skemenok) used a antibiotic 8-12-2020, 5:15:08 AM
skemenok(skemenok) used a antibiotic 8-12-2020, 5:15:08 AM
skemenok(skemenok) used a antibiotic 8-12-2020, 5:15:33 AM
skemenok(skemenok) used a antibiotic 8-12-2020, 5:15:33 AM
skemenok(skemenok) used a antibiotic 8-12-2020, 5:15:33 AM
skemenok(skemenok) used a antibiotic 8-12-2020, 5:15:34 AM
skemenok(skemenok) used a shield 8-12-2020, 5:15:34 AM
skemenok(skemenok) used a antibiotic 8-12-2020, 5:15:44 AM
skemenok(skemenok) used a antibiotic 8-12-2020, 5:16:26 AM
skemenok(skemenok) used a antibiotic 8-12-2020, 5:16:27 AM
skemenok(skemenok) used a antibiotic 8-12-2020, 5:16:52 AM
skemenok(skemenok) used a antibiotic 8-12-2020, 5:16:52 AM
skemenok(skemenok) used a antibiotic 8-12-2020, 5:17:12 AM
skemenok(skemenok) used a antibiotic 8-12-2020, 5:17:12 AM
skemenok(skemenok) used a antibiotic 8-12-2020, 5:18:12 AM
skemenok(skemenok) used a antibiotic 8-12-2020, 5:18:12 AM
skemenok(skemenok) used a antibiotic 8-12-2020, 5:18:46 AM
skemenok(skemenok) used a antibiotic 8-12-2020, 5:19:04 AM
skemenok(skemenok) used a antibiotic 8-12-2020, 5:19:39 AM
skemenok(skemenok) used a antibiotic 8-12-2020, 5:23:09 AM
skemenok(skemenok) used a antibiotic 8-12-2020, 5:23:09 AM
skemenok(skemenok) used a antibiotic 8-12-2020, 5:23:12 AM
skemenok(skemenok) used a antibiotic 8-12-2020, 5:23:15 AM
skemenok(skemenok) used a antibiotic 8-12-2020, 5:23:16 AM
skemenok(skemenok) used a antibiotic 8-12-2020, 5:23:16 AM
skemenok(skemenok) used a antibiotic 8-12-2020, 5:23:16 AM
skemenok(skemenok) used a antibiotic 8-12-2020, 5:23:17 AM
skemenok(skemenok) used a antibiotic 8-12-2020, 5:23:18 AM
skemenok(skemenok) used a antibiotic 8-12-2020, 5:23:23 AM
skemenok(skemenok) used a antibiotic 8-12-2020, 5:23:32 AM
skemenok(skemenok) used a antibiotic 8-12-2020, 5:23:32 AM
skemenok(skemenok) used a antibiotic 8-12-2020, 5:23:32 AM
skemenok(skemenok) used a antibiotic 8-12-2020, 5:23:54 AM
skemenok(skemenok) used a antibiotic 8-12-2020, 5:24:06 AM
skemenok(skemenok) used a modern_sub_machine_gun_carbine 8-12-2020, 5:29:23 AM
skemenok(skemenok) used a rpg7_ammo_pack 8-12-2020, 5:29:45 AM
skemenok(skemenok) used a rpg7_ammo_pack 8-12-2020, 5:29:45 AM
skemenok(skemenok) used a rpg7_ammo_pack 8-12-2020, 5:29:45 AM
skemenok(skemenok) used a rpg7_ammo_pack 8-12-2020, 5:29:46 AM
skemenok(skemenok) used a rpg7_ammo_pack 8-12-2020, 5:29:46 AM
skemenok(skemenok) used a rpg7_ammo_pack 8-12-2020, 5:29:46 AM
skemenok(skemenok) used a rpg7_ammo_pack 8-12-2020, 5:29:46 AM
skemenok(skemenok) used a rpg7_ammo_pack 8-12-2020, 5:29:46 AM
skemenok(skemenok) used a rpg7_ammo_pack 8-12-2020, 5:29:46 AM
skemenok(skemenok) used a rpg7_ammo_pack 8-12-2020, 5:29:46 AM
skemenok(skemenok) used a rpg7_ammo_pack 8-12-2020, 5:29:46 AM
skemenok(skemenok) used a rpg7_ammo_pack 8-12-2020, 5:29:46 AM
skemenok(skemenok) used a rpg7_ammo_pack 8-12-2020, 5:29:46 AM
skemenok(skemenok) used a rpg7_ammo_pack 8-12-2020, 5:29:46 AM
skemenok(skemenok) used a rpg7_ammo_pack 8-12-2020, 5:29:47 AM
skemenok(skemenok) used a rpg7_ammo_pack 8-12-2020, 5:29:47 AM
skemenok(skemenok) used a rpg7_ammo_pack 8-12-2020, 5:29:47 AM
skemenok(skemenok) used a rpg7_ammo_pack 8-12-2020, 5:29:47 AM
skemenok(skemenok) used a rpg7_ammo_pack 8-12-2020, 5:29:47 AM
skemenok(skemenok) used a rpg7_ammo_pack 8-12-2020, 5:29:47 AM
skemenok(skemenok) used a rpg7_ammo_pack 8-12-2020, 5:29:47 AM
skemenok(skemenok) used a rpg7_ammo_pack 8-12-2020, 5:29:47 AM
skemenok(skemenok) used a rpg7_ammo_pack 8-12-2020, 5:29:47 AM
skemenok(skemenok) used a rpg7_ammo_pack 8-12-2020, 5:29:47 AM
skemenok(skemenok) used a rpg7_ammo_pack 8-12-2020, 5:29:48 AM
skemenok(skemenok) used a rpg7_ammo_pack 8-12-2020, 5:29:48 AM
skemenok(skemenok) used a rpg7_ammo_pack 8-12-2020, 5:29:48 AM
skemenok(skemenok) used a rpg7_ammo_pack 8-12-2020, 5:29:48 AM
skemenok(skemenok) used a rpg7_ammo_pack 8-12-2020, 5:29:48 AM
skemenok(skemenok) used a rpg7_ammo_pack 8-12-2020, 5:29:48 AM
skemenok(skemenok) used a rpg7_ammo_pack 8-12-2020, 5:29:48 AM
skemenok(skemenok) used a rpg7_ammo_pack 8-12-2020, 5:29:48 AM
skemenok(skemenok) used a rpg7_ammo_pack 8-12-2020, 5:29:48 AM
skemenok(skemenok) used a rpg7_ammo_pack 8-12-2020, 5:29:48 AM
skemenok(skemenok) used a rpg7_ammo_pack 8-12-2020, 5:29:49 AM
skemenok(skemenok) used a rpg7_ammo_pack 8-12-2020, 5:29:49 AM
skemenok(skemenok) used a rpg7_ammo_pack 8-12-2020, 5:29:49 AM
skemenok(skemenok) used a rpg7_ammo_pack 8-12-2020, 5:29:50 AM
skemenok(skemenok) used a rpg7_ammo_pack 8-12-2020, 5:29:50 AM
skemenok(skemenok) used a rpg7_ammo_pack 8-12-2020, 5:29:50 AM
skemenok(skemenok) used a pack_of_6_ammo_gp30 8-12-2020, 5:29:53 AM
skemenok(skemenok) used a pack_of_6_ammo_gp30 8-12-2020, 5:29:53 AM
skemenok(skemenok) used a pack_of_6_ammo_gp30 8-12-2020, 5:29:53 AM
skemenok(skemenok) used a pack_of_6_ammo_gp30 8-12-2020, 5:29:53 AM
skemenok(skemenok) used a pack_of_6_ammo_gp30 8-12-2020, 5:29:53 AM
skemenok(skemenok) used a pack_of_6_ammo_gp30 8-12-2020, 5:29:53 AM
skemenok(skemenok) used a pack_of_6_ammo_gp30 8-12-2020, 5:29:53 AM
skemenok(skemenok) used a pack_of_6_ammo_gp30 8-12-2020, 5:29:53 AM
skemenok(skemenok) used a pack_of_6_ammo_gp30 8-12-2020, 5:29:54 AM
skemenok(skemenok) used a pack_of_6_ammo_gp30 8-12-2020, 5:29:54 AM
skemenok(skemenok) used a pack_of_6_ammo_gp30 8-12-2020, 5:29:54 AM
skemenok(skemenok) used a pack_of_6_ammo_gp30 8-12-2020, 5:29:54 AM
skemenok(skemenok) used a pack_of_6_ammo_gp30 8-12-2020, 5:29:54 AM
skemenok(skemenok) used a pack_of_6_ammo_gp30 8-12-2020, 5:29:54 AM
skemenok(skemenok) used a pack_of_6_ammo_gp30 8-12-2020, 5:29:54 AM
skemenok(skemenok) used a pack_of_6_ammo_gp30 8-12-2020, 5:29:54 AM
skemenok(skemenok) used a pack_of_6_ammo_gp30 8-12-2020, 5:29:55 AM
skemenok(skemenok) used a pack_of_6_ammo_gp30 8-12-2020, 5:29:55 AM
skemenok(skemenok) used a pack_of_6_ammo_gp30 8-12-2020, 5:29:55 AM
skemenok(skemenok) used a pack_of_6_ammo_gp30 8-12-2020, 5:29:55 AM
skemenok(skemenok) used a pack_of_6_ammo_gp30 8-12-2020, 5:29:55 AM
skemenok(skemenok) used a pack_of_6_ammo_gp30 8-12-2020, 5:29:55 AM
skemenok(skemenok) used a pack_of_6_ammo_gp30 8-12-2020, 5:29:55 AM
skemenok(skemenok) used a pack_of_6_ammo_gp30 8-12-2020, 5:29:55 AM
skemenok(skemenok) used a pack_of_6_ammo_gp30 8-12-2020, 5:29:55 AM
skemenok(skemenok) used a pack_of_6_ammo_gp30 8-12-2020, 5:29:55 AM
skemenok(skemenok) used a pack_of_6_ammo_gp30 8-12-2020, 5:29:55 AM
skemenok(skemenok) used a pack_of_6_ammo_gp30 8-12-2020, 5:29:56 AM
skemenok(skemenok) used a pack_of_6_ammo_gp30 8-12-2020, 5:29:56 AM
skemenok(skemenok) used a pack_of_6_ammo_gp30 8-12-2020, 5:29:56 AM
skemenok(skemenok) used a beretta_nano_pocket_pistol 8-12-2020, 5:29:59 AM
skemenok(skemenok) used a pack_of_100_ammo_modern_sub_machine_gun_carbine 8-12-2020, 5:30:09 AM
skemenok(skemenok) used a pack_of_100_ammo_modern_sub_machine_gun_carbine 8-12-2020, 5:30:09 AM
skemenok(skemenok) used a pack_of_100_ammo_modern_sub_machine_gun_carbine 8-12-2020, 5:30:09 AM
skemenok(skemenok) used a pack_of_100_ammo_modern_sub_machine_gun_carbine 8-12-2020, 5:30:09 AM
skemenok(skemenok) used a pack_of_100_ammo_modern_sub_machine_gun_carbine 8-12-2020, 5:30:09 AM
skemenok(skemenok) used a pack_of_100_ammo_modern_sub_machine_gun_carbine 8-12-2020, 5:30:09 AM
skemenok(skemenok) used a pack_of_100_ammo_modern_sub_machine_gun_carbine 8-12-2020, 5:30:09 AM
skemenok(skemenok) used a pack_of_100_ammo_modern_sub_machine_gun_carbine 8-12-2020, 5:30:09 AM
skemenok(skemenok) used a pack_of_100_ammo_modern_sub_machine_gun_carbine 8-12-2020, 5:30:10 AM
skemenok(skemenok) used a pack_of_100_ammo_modern_sub_machine_gun_carbine 8-12-2020, 5:30:10 AM
skemenok(skemenok) used a pack_of_100_ammo_modern_sub_machine_gun_carbine 8-12-2020, 5:30:10 AM
skemenok(skemenok) used a pack_of_100_ammo_modern_sub_machine_gun_carbine 8-12-2020, 5:30:10 AM
skemenok(skemenok) used a pack_of_100_ammo_modern_sub_machine_gun_carbine 8-12-2020, 5:30:10 AM
skemenok(skemenok) used a pack_of_100_ammo_modern_sub_machine_gun_carbine 8-12-2020, 5:30:10 AM
skemenok(skemenok) used a pack_of_100_ammo_modern_sub_machine_gun_carbine 8-12-2020, 5:30:10 AM
skemenok(skemenok) used a pack_of_100_ammo_modern_sub_machine_gun_carbine 8-12-2020, 5:30:10 AM
skemenok(skemenok) used a pack_of_100_ammo_modern_sub_machine_gun_carbine 8-12-2020, 5:30:10 AM
skemenok(skemenok) used a pack_of_100_ammo_modern_sub_machine_gun_carbine 8-12-2020, 5:30:10 AM
skemenok(skemenok) used a pack_of_100_ammo_modern_sub_machine_gun_carbine 8-12-2020, 5:30:10 AM
skemenok(skemenok) used a pack_of_100_ammo_modern_sub_machine_gun_carbine 8-12-2020, 5:30:11 AM
skemenok(skemenok) used a pack_of_100_ammo_modern_sub_machine_gun_carbine 8-12-2020, 5:30:11 AM
skemenok(skemenok) used a pack_of_100_ammo_modern_sub_machine_gun_carbine 8-12-2020, 5:30:11 AM
skemenok(skemenok) used a pack_of_100_ammo_modern_sub_machine_gun_carbine 8-12-2020, 5:30:11 AM
skemenok(skemenok) used a pack_of_100_ammo_modern_sub_machine_gun_carbine 8-12-2020, 5:30:11 AM
skemenok(skemenok) used a pack_of_100_ammo_modern_sub_machine_gun_carbine 8-12-2020, 5:30:11 AM
skemenok(skemenok) used a pack_of_100_ammo_modern_sub_machine_gun_carbine 8-12-2020, 5:30:11 AM
skemenok(skemenok) used a pack_of_100_ammo_modern_sub_machine_gun_carbine 8-12-2020, 5:30:11 AM
skemenok(skemenok) used a pack_of_100_ammo_modern_sub_machine_gun_carbine 8-12-2020, 5:30:11 AM
skemenok(skemenok) used a pack_of_100_ammo_modern_sub_machine_gun_carbine 8-12-2020, 5:30:11 AM
skemenok(skemenok) used a pack_of_100_ammo_modern_sub_machine_gun_carbine 8-12-2020, 5:30:12 AM
skemenok(skemenok) used a pack_of_100_ammo_modern_sub_machine_gun_carbine 8-12-2020, 5:30:12 AM
skemenok(skemenok) used a pack_of_100_ammo_modern_sub_machine_gun_carbine 8-12-2020, 5:30:12 AM
skemenok(skemenok) used a pack_of_100_ammo_modern_sub_machine_gun_carbine 8-12-2020, 5:30:12 AM
skemenok(skemenok) used a pack_of_100_ammo_modern_sub_machine_gun_carbine 8-12-2020, 5:30:12 AM
skemenok(skemenok) used a pack_of_100_ammo_modern_sub_machine_gun_carbine 8-12-2020, 5:30:12 AM
skemenok(skemenok) used a pack_of_100_ammo_modern_sub_machine_gun_carbine 8-12-2020, 5:30:12 AM
skemenok(skemenok) used a pack_of_100_ammo_modern_sub_machine_gun_carbine 8-12-2020, 5:30:12 AM
skemenok(skemenok) used a pack_of_100_ammo_modern_sub_machine_gun_carbine 8-12-2020, 5:30:12 AM
skemenok(skemenok) used a pack_of_100_ammo_modern_sub_machine_gun_carbine 8-12-2020, 5:30:12 AM
skemenok(skemenok) used a pack_of_100_ammo_modern_sub_machine_gun_carbine 8-12-2020, 5:30:12 AM
skemenok(skemenok) used a pack_of_100_ammo_modern_sub_machine_gun_carbine 8-12-2020, 5:30:13 AM
skemenok(skemenok) used a pack_of_100_ammo_modern_sub_machine_gun_carbine 8-12-2020, 5:30:13 AM
skemenok(skemenok) used a pack_of_100_ammo_modern_sub_machine_gun_carbine 8-12-2020, 5:30:13 AM
skemenok(skemenok) used a pack_of_100_ammo_modern_sub_machine_gun_carbine 8-12-2020, 5:30:13 AM
skemenok(skemenok) used a pack_of_100_ammo_modern_sub_machine_gun_carbine 8-12-2020, 5:30:13 AM
skemenok(skemenok) used a pack_of_100_ammo_modern_sub_machine_gun_carbine 8-12-2020, 5:30:13 AM
skemenok(skemenok) used a pack_of_100_ammo_modern_sub_machine_gun_carbine 8-12-2020, 5:30:13 AM
skemenok(skemenok) used a pack_of_100_ammo_modern_sub_machine_gun_carbine 8-12-2020, 5:30:13 AM
skemenok(skemenok) used a pack_of_100_ammo_modern_sub_machine_gun_carbine 8-12-2020, 5:30:13 AM
skemenok(skemenok) used a pack_of_100_ammo_modern_sub_machine_gun_carbine 8-12-2020, 5:30:14 AM
skemenok(skemenok) used a pack_of_50_ammo_beretta_nano_pocket_pistol 8-12-2020, 5:30:47 AM
skemenok(skemenok) used a pack_of_50_ammo_beretta_nano_pocket_pistol 8-12-2020, 5:30:47 AM
skemenok(skemenok) used a pack_of_50_ammo_beretta_nano_pocket_pistol 8-12-2020, 5:30:47 AM
skemenok(skemenok) used a pack_of_50_ammo_beretta_nano_pocket_pistol 8-12-2020, 5:30:47 AM
skemenok(skemenok) used a pack_of_50_ammo_beretta_nano_pocket_pistol 8-12-2020, 5:30:54 AM
skemenok(skemenok) used a pack_of_50_ammo_beretta_nano_pocket_pistol 8-12-2020, 5:30:54 AM
skemenok(skemenok) used a pack_of_50_ammo_beretta_nano_pocket_pistol 8-12-2020, 5:30:54 AM
skemenok(skemenok) used a pack_of_50_ammo_beretta_nano_pocket_pistol 8-12-2020, 5:30:54 AM
skemenok(skemenok) used a pack_of_50_ammo_beretta_nano_pocket_pistol 8-12-2020, 5:30:54 AM
skemenok(skemenok) used a pack_of_50_ammo_beretta_nano_pocket_pistol 8-12-2020, 5:30:54 AM
skemenok(skemenok) used a pack_of_50_ammo_beretta_nano_pocket_pistol 8-12-2020, 5:30:54 AM
skemenok(skemenok) used a pack_of_50_ammo_beretta_nano_pocket_pistol 8-12-2020, 5:30:54 AM
skemenok(skemenok) used a pack_of_50_ammo_beretta_nano_pocket_pistol 8-12-2020, 5:30:54 AM
skemenok(skemenok) used a pack_of_50_ammo_beretta_nano_pocket_pistol 8-12-2020, 5:30:55 AM
skemenok(skemenok) used a pack_of_50_ammo_beretta_nano_pocket_pistol 8-12-2020, 5:30:55 AM
skemenok(skemenok) used a pack_of_50_ammo_beretta_nano_pocket_pistol 8-12-2020, 5:30:55 AM
skemenok(skemenok) used a pack_of_50_ammo_beretta_nano_pocket_pistol 8-12-2020, 5:30:55 AM
skemenok(skemenok) used a pack_of_50_ammo_beretta_nano_pocket_pistol 8-12-2020, 5:30:55 AM
skemenok(skemenok) used a pack_of_50_ammo_beretta_nano_pocket_pistol 8-12-2020, 5:30:55 AM
skemenok(skemenok) used a pack_of_50_ammo_beretta_nano_pocket_pistol 8-12-2020, 5:30:55 AM
skemenok(skemenok) used a rpg7 8-12-2020, 5:31:07 AM
skemenok(skemenok) used a antibiotic 8-12-2020, 5:31:51 AM
skemenok(skemenok) used a antibiotic 8-12-2020, 5:32:03 AM
skemenok(skemenok) used a stp21_handgun 8-12-2020, 5:32:38 AM
skemenok(skemenok) used a beretta_nano_pocket_pistol 8-12-2020, 5:32:54 AM
skemenok(skemenok) used a modern_sub_machine_gun_carbine 8-12-2020, 5:33:02 AM
skemenok(skemenok) used a rpg7 8-12-2020, 5:33:04 AM
skemenok(skemenok) used a shield 8-12-2020, 5:33:27 AM
skemenok(skemenok) used a shield 8-12-2020, 5:33:28 AM
skemenok(skemenok) used a antibiotic 8-12-2020, 5:33:36 AM
skemenok(skemenok) used a antibiotic 8-12-2020, 5:33:36 AM
skemenok(skemenok) used a turret 8-12-2020, 5:33:40 AM
skemenok(skemenok) used a police_car 8-12-2020, 5:35:03 AM
skemenok(skemenok) used a turret 8-12-2020, 5:36:20 AM
skemenok(skemenok) used a remote_gun 8-12-2020, 5:36:32 AM
skemenok(skemenok) used a police_car 8-12-2020, 5:36:40 AM
skemenok(skemenok) used a pipe_bomb 8-12-2020, 5:36:46 AM
skemenok(skemenok) used a pipe_bomb 8-12-2020, 5:36:47 AM
skemenok(skemenok) used a pipe_bomb 8-12-2020, 5:36:47 AM
skemenok(skemenok) used a pipe_bomb 8-12-2020, 5:36:48 AM
skemenok(skemenok) used a pipe_bomb 8-12-2020, 5:36:48 AM
skemenok(skemenok) used a pipe_bomb 8-12-2020, 5:36:48 AM
skemenok(skemenok) used a pipe_bomb 8-12-2020, 5:36:49 AM
skemenok(skemenok) used a pipe_bomb 8-12-2020, 5:36:49 AM
skemenok(skemenok) used a pipe_bomb 8-12-2020, 5:36:49 AM
skemenok(skemenok) used a pipe_bomb 8-12-2020, 5:36:49 AM
skemenok(skemenok) used a pipe_bomb 8-12-2020, 5:36:50 AM
skemenok(skemenok) used a pipe_bomb 8-12-2020, 5:36:50 AM
skemenok(skemenok) used a pipe_bomb 8-12-2020, 5:36:50 AM
skemenok(skemenok) used a pipe_bomb 8-12-2020, 5:36:50 AM
skemenok(skemenok) used a pipe_bomb 8-12-2020, 5:36:50 AM
skemenok(skemenok) used a pipe_bomb 8-12-2020, 5:36:51 AM
skemenok(skemenok) used a pipe_bomb 8-12-2020, 5:36:51 AM
skemenok(skemenok) used a pipe_bomb 8-12-2020, 5:36:51 AM
skemenok(skemenok) used a pipe_bomb 8-12-2020, 5:36:51 AM
skemenok(skemenok) used a pipe_bomb 8-12-2020, 5:36:52 AM
skemenok(skemenok) used a pipe_bomb 8-12-2020, 5:36:52 AM
skemenok(skemenok) used a pipe_bomb 8-12-2020, 5:36:52 AM
skemenok(skemenok) used a pipe_bomb 8-12-2020, 5:36:52 AM
skemenok(skemenok) used a pipe_bomb 8-12-2020, 5:36:52 AM
skemenok(skemenok) used a pipe_bomb 8-12-2020, 5:36:53 AM
skemenok(skemenok) used a pipe_bomb 8-12-2020, 5:36:53 AM
skemenok(skemenok) used a pipe_bomb 8-12-2020, 5:36:53 AM
skemenok(skemenok) used a pipe_bomb 8-12-2020, 5:36:53 AM
skemenok(skemenok) used a pipe_bomb 8-12-2020, 5:36:53 AM
skemenok(skemenok) used a pipe_bomb 8-12-2020, 5:36:54 AM
skemenok(skemenok) used a pipe_bomb 8-12-2020, 5:36:54 AM
skemenok(skemenok) used a pipe_bomb 8-12-2020, 5:36:54 AM
skemenok(skemenok) used a pipe_bomb 8-12-2020, 5:36:54 AM
skemenok(skemenok) used a pipe_bomb 8-12-2020, 5:36:54 AM
skemenok(skemenok) used a pipe_bomb 8-12-2020, 5:36:55 AM
skemenok(skemenok) used a antibiotic 8-12-2020, 5:36:57 AM
skemenok(skemenok) used a pipe_bomb 8-12-2020, 5:36:59 AM
skemenok(skemenok) used a pipe_bomb 8-12-2020, 5:37:00 AM
skemenok(skemenok) used a pipe_bomb 8-12-2020, 5:37:00 AM
skemenok(skemenok) used a pipe_bomb 8-12-2020, 5:37:02 AM
skemenok(skemenok) used a pipe_bomb 8-12-2020, 5:37:11 AM
skemenok(skemenok) used a pipe_bomb 8-12-2020, 5:37:17 AM
skemenok(skemenok) used a aircraft 8-12-2020, 5:37:22 AM
skemenok(skemenok) used a pipe_bomb 8-12-2020, 5:38:34 AM
skemenok(skemenok) used a pipe_bomb 8-12-2020, 5:38:35 AM
skemenok(skemenok) used a pipe_bomb 8-12-2020, 5:38:35 AM
skemenok(skemenok) used a pipe_bomb 8-12-2020, 5:38:36 AM
skemenok(skemenok) used a pipe_bomb 8-12-2020, 5:38:38 AM
skemenok(skemenok) used a pipe_bomb 8-12-2020, 5:38:39 AM
skemenok(skemenok) used a pipe_bomb 8-12-2020, 5:38:40 AM
skemenok(skemenok) used a pipe_bomb 8-12-2020, 5:38:40 AM
skemenok(skemenok) used a pipe_bomb 8-12-2020, 5:38:41 AM
skemenok(skemenok) used a pipe_bomb 8-12-2020, 5:38:44 AM
skemenok(skemenok) used a pipe_bomb 8-12-2020, 5:38:46 AM
skemenok(skemenok) used a pipe_bomb 8-12-2020, 5:38:46 AM
skemenok(skemenok) used a pipe_bomb 8-12-2020, 5:38:47 AM
skemenok(skemenok) used a pipe_bomb 8-12-2020, 5:38:47 AM
skemenok(skemenok) used a pipe_bomb 8-12-2020, 5:38:47 AM
skemenok(skemenok) used a pipe_bomb 8-12-2020, 5:38:47 AM
skemenok(skemenok) used a pipe_bomb 8-12-2020, 5:38:47 AM
skemenok(skemenok) used a pipe_bomb 8-12-2020, 5:38:48 AM
skemenok(skemenok) used a pipe_bomb 8-12-2020, 5:38:48 AM
skemenok(skemenok) used a pipe_bomb 8-12-2020, 5:38:48 AM
skemenok(skemenok) used a pipe_bomb 8-12-2020, 5:38:48 AM
skemenok(skemenok) used a pipe_bomb 8-12-2020, 5:38:49 AM
skemenok(skemenok) used a antibiotic 8-12-2020, 5:38:49 AM
skemenok(skemenok) used a pipe_bomb 8-12-2020, 5:38:49 AM
skemenok(skemenok) used a pipe_bomb 8-12-2020, 5:38:50 AM
skemenok(skemenok) used a pipe_bomb 8-12-2020, 5:38:50 AM
skemenok(skemenok) used a pipe_bomb 8-12-2020, 5:38:50 AM
skemenok(skemenok) used a pipe_bomb 8-12-2020, 5:38:50 AM
skemenok(skemenok) used a pipe_bomb 8-12-2020, 5:38:51 AM
skemenok(skemenok) used a pipe_bomb 8-12-2020, 5:38:51 AM
skemenok(skemenok) used a pipe_bomb 8-12-2020, 5:38:51 AM
skemenok(skemenok) used a pipe_bomb 8-12-2020, 5:38:51 AM
skemenok(skemenok) used a pipe_bomb 8-12-2020, 5:38:52 AM
skemenok(skemenok) used a pipe_bomb 8-12-2020, 5:38:52 AM
skemenok(skemenok) used a pipe_bomb 8-12-2020, 5:38:52 AM
skemenok(skemenok) used a pipe_bomb 8-12-2020, 5:38:52 AM
skemenok(skemenok) used a pipe_bomb 8-12-2020, 5:38:52 AM
skemenok(skemenok) used a pipe_bomb 8-12-2020, 5:38:53 AM
skemenok(skemenok) used a pipe_bomb 8-12-2020, 5:38:53 AM
skemenok(skemenok) used a pipe_bomb 8-12-2020, 5:38:53 AM
skemenok(skemenok) used a pipe_bomb 8-12-2020, 5:38:53 AM
skemenok(skemenok) used a pipe_bomb 8-12-2020, 5:38:54 AM
skemenok(skemenok) used a pipe_bomb 8-12-2020, 5:38:54 AM
skemenok(skemenok) used a pipe_bomb 8-12-2020, 5:38:54 AM
skemenok(skemenok) used a pipe_bomb 8-12-2020, 5:38:54 AM
skemenok(skemenok) used a pipe_bomb 8-12-2020, 5:38:55 AM
skemenok(skemenok) used a pipe_bomb 8-12-2020, 5:38:57 AM
skemenok(skemenok) used a pipe_bomb 8-12-2020, 5:38:57 AM
skemenok(skemenok) used a pipe_bomb 8-12-2020, 5:38:58 AM
skemenok(skemenok) used a antibiotic_pack 8-12-2020, 5:39:02 AM
skemenok(skemenok) used a antibiotic_pack 8-12-2020, 5:39:02 AM
skemenok(skemenok) used a shield 8-12-2020, 5:39:10 AM
skemenok(skemenok) used a shield 8-12-2020, 5:39:13 AM
skemenok(skemenok) used a shield 8-12-2020, 5:39:13 AM
skemenok(skemenok) used a shield 8-12-2020, 5:39:13 AM
skemenok(skemenok) used a shield 8-12-2020, 5:39:13 AM
skemenok(skemenok) used a shield 8-12-2020, 5:39:14 AM
skemenok(skemenok) used a shield 8-12-2020, 5:39:14 AM
skemenok(skemenok) used a shield 8-12-2020, 5:39:14 AM
skemenok(skemenok) used a shield 8-12-2020, 5:39:14 AM
skemenok(skemenok) used a shield 8-12-2020, 5:39:14 AM
skemenok(skemenok) used a shield 8-12-2020, 5:39:14 AM
skemenok(skemenok) used a shield 8-12-2020, 5:39:14 AM
skemenok(skemenok) used a shield 8-12-2020, 5:39:14 AM
skemenok(skemenok) used a shield 8-12-2020, 5:39:14 AM
skemenok(skemenok) used a shield 8-12-2020, 5:39:15 AM
skemenok(skemenok) used a shield 8-12-2020, 5:39:15 AM
skemenok(skemenok) used a shield 8-12-2020, 5:39:15 AM
skemenok(skemenok) used a shield 8-12-2020, 5:39:15 AM
skemenok(skemenok) used a shield 8-12-2020, 5:39:15 AM
skemenok(skemenok) used a shield 8-12-2020, 5:39:15 AM
skemenok(skemenok) used a shield 8-12-2020, 5:39:15 AM
skemenok(skemenok) used a shield 8-12-2020, 5:39:15 AM
skemenok(skemenok) used a shield 8-12-2020, 5:39:16 AM
skemenok(skemenok) used a shield 8-12-2020, 5:39:16 AM
skemenok(skemenok) used a shield 8-12-2020, 5:39:16 AM
skemenok(skemenok) used a shield 8-12-2020, 5:39:16 AM
skemenok(skemenok) used a shield 8-12-2020, 5:39:16 AM
skemenok(skemenok) used a shield 8-12-2020, 5:39:16 AM
skemenok(skemenok) used a shield 8-12-2020, 5:39:17 AM
skemenok(skemenok) used a shield 8-12-2020, 5:39:17 AM
skemenok(skemenok) used a grenade 8-12-2020, 5:39:44 AM
skemenok(skemenok) used a remote_timebomb 8-12-2020, 5:39:51 AM
skemenok(skemenok) used a antibiotic 8-12-2020, 5:40:15 AM
skemenok(skemenok) used a tank 8-12-2020, 5:40:40 AM
skemenok(skemenok) used a sticky_bomb 8-12-2020, 5:40:58 AM
skemenok(skemenok) used a guided_missile 8-12-2020, 5:42:05 AM
skemenok(skemenok) used a carrier_missile 8-12-2020, 5:42:26 AM
skemenok(skemenok) used a carrier_missile 8-12-2020, 5:42:55 AM
skemenok(skemenok) used a police_car 8-12-2020, 5:43:06 AM
skemenok(skemenok) used a police_car 8-12-2020, 5:43:07 AM
skemenok(skemenok) used a impact_bomb 8-12-2020, 5:44:55 AM
skemenok(skemenok) used a beretta_nano_pocket_pistol 8-12-2020, 5:45:07 AM
skemenok(skemenok) used a guided_missile 8-12-2020, 5:45:27 AM
skemenok(skemenok) used a carrier_missile 8-12-2020, 5:45:36 AM
skemenok(skemenok) used a carrier_missile 8-12-2020, 5:46:00 AM