
spay(spay) used a shield 8-14-2020, 6:27:38 PM
spay(spay) used a shield 8-14-2020, 6:27:38 PM
spay(spay) used a shield 8-14-2020, 6:27:38 PM
spay(spay) used a shield 8-14-2020, 6:27:39 PM
spay(spay) used a shield 8-14-2020, 6:27:39 PM
spay(spay) used a shield 8-14-2020, 6:27:39 PM
spay(spay) used a shield 8-14-2020, 6:27:39 PM
spay(spay) used a shield 8-14-2020, 6:27:39 PM
spay(spay) used a shield 8-14-2020, 6:27:39 PM
spay(spay) used a shield 8-14-2020, 6:27:40 PM
spay(spay) used a shield 8-14-2020, 6:27:40 PM
spay(spay) used a shield 8-14-2020, 6:27:40 PM
spay(spay) used a shield 8-14-2020, 6:27:40 PM
spay(spay) used a shield 8-14-2020, 6:27:40 PM
spay(spay) used a shield 8-14-2020, 6:27:40 PM
spay(spay) used a shield 8-14-2020, 6:27:40 PM
spay(spay) used a shield 8-14-2020, 6:27:41 PM
spay(spay) used a shield 8-14-2020, 6:27:41 PM
spay(spay) used a shield 8-14-2020, 6:27:41 PM
spay(spay) used a shield 8-14-2020, 6:27:41 PM
spay(spay) used a shield 8-14-2020, 6:27:42 PM
spay(spay) used a tk_ultra_health_potion 8-14-2020, 6:27:47 PM
spay(spay) used a modern_sub_machine_gun_carbine 8-14-2020, 6:27:52 PM
spay(spay) used a hand_grenade 8-14-2020, 6:28:41 PM
spay(spay) used a hand_grenade 8-14-2020, 6:28:41 PM
spay(spay) used a hand_grenade 8-14-2020, 6:28:41 PM
spay(spay) used a hand_grenade 8-14-2020, 6:28:42 PM
spay(spay) used a hand_grenade 8-14-2020, 6:28:42 PM
spay(spay) used a hand_grenade 8-14-2020, 6:28:42 PM
spay(spay) used a hand_grenade 8-14-2020, 6:28:42 PM
spay(spay) used a hand_grenade 8-14-2020, 6:28:42 PM
spay(spay) used a hand_grenade 8-14-2020, 6:28:42 PM
spay(spay) used a hand_grenade 8-14-2020, 6:28:43 PM
spay(spay) used a hand_grenade 8-14-2020, 6:28:43 PM
spay(spay) used a hand_grenade 8-14-2020, 6:28:46 PM
spay(spay) used a hand_grenade 8-14-2020, 6:28:47 PM
spay(spay) used a hand_grenade 8-14-2020, 6:28:48 PM
spay(spay) used a hand_grenade 8-14-2020, 6:29:38 PM
spay(spay) used a hand_grenade 8-14-2020, 6:30:14 PM
spay(spay) used a hand_grenade 8-14-2020, 6:30:53 PM
spay(spay) used a rocket_launcher 8-14-2020, 6:31:46 PM
spay(spay) used a rocket_launcher 8-14-2020, 6:32:31 PM
spay(spay) used a rocket_launcher 8-14-2020, 6:32:31 PM
spay(spay) used a hand_grenade 8-14-2020, 6:33:05 PM
spay(spay) used a hand_grenade 8-14-2020, 6:33:05 PM
spay(spay) used a modern_sub_machine_gun_carbine 8-14-2020, 6:33:10 PM
spay(spay) used a modern_sub_machine_gun_carbine 8-14-2020, 6:33:10 PM
spay(spay) used a modern_sub_machine_gun_carbine 8-14-2020, 6:34:47 PM
spay(spay) used a hand_grenade 8-14-2020, 6:35:14 PM
spay(spay) used a hand_grenade 8-14-2020, 6:35:20 PM
spay(spay) used a hand_grenade 8-14-2020, 6:35:25 PM
spay(spay) used a hand_grenade 8-14-2020, 6:35:36 PM
spay(spay) used a hand_grenade 8-14-2020, 6:35:36 PM
spay(spay) used a hand_grenade 8-14-2020, 6:35:37 PM
spay(spay) used a hand_grenade 8-14-2020, 6:35:37 PM
spay(spay) used a hand_grenade 8-14-2020, 6:35:37 PM
spay(spay) used a hand_grenade 8-14-2020, 6:35:37 PM
spay(spay) used a hand_grenade 8-14-2020, 6:35:37 PM
spay(spay) used a hand_grenade 8-14-2020, 6:35:54 PM
spay(spay) used a hand_grenade 8-14-2020, 6:35:55 PM
spay(spay) used a hand_grenade 8-14-2020, 6:35:56 PM
spay(spay) used a hand_grenade 8-14-2020, 6:35:56 PM
spay(spay) used a hand_grenade 8-14-2020, 6:35:56 PM
spay(spay) used a hand_grenade 8-14-2020, 6:35:57 PM
spay(spay) used a hand_grenade 8-14-2020, 6:35:58 PM
spay(spay) used a hand_grenade 8-14-2020, 6:36:02 PM
spay(spay) used a hand_grenade 8-14-2020, 6:36:03 PM
spay(spay) used a hand_grenade 8-14-2020, 6:36:16 PM
spay(spay) used a hand_grenade 8-14-2020, 6:38:04 PM
spay(spay) used a hand_grenade 8-14-2020, 6:38:04 PM
spay(spay) used a hand_grenade 8-14-2020, 6:38:05 PM
spay(spay) used a hand_grenade 8-14-2020, 6:38:05 PM
spay(spay) used a hand_grenade 8-14-2020, 6:38:05 PM
spay(spay) used a hand_grenade 8-14-2020, 6:38:06 PM
spay(spay) used a hand_grenade 8-14-2020, 6:38:09 PM
spay(spay) used a hand_grenade 8-14-2020, 6:38:10 PM
spay(spay) used a hand_grenade 8-14-2020, 6:38:10 PM
spay(spay) used a hand_grenade 8-14-2020, 6:38:10 PM
spay(spay) used a hand_grenade 8-14-2020, 6:38:23 PM
spay(spay) used a hand_grenade 8-14-2020, 6:38:24 PM
spay(spay) used a hand_grenade 8-14-2020, 6:38:24 PM
spay(spay) used a hand_grenade 8-14-2020, 6:38:24 PM
spay(spay) used a hand_grenade 8-14-2020, 6:38:24 PM
spay(spay) used a hand_grenade 8-14-2020, 6:38:25 PM
spay(spay) used a hand_grenade 8-14-2020, 6:38:25 PM
spay(spay) used a hand_grenade 8-14-2020, 6:38:25 PM
spay(spay) used a hand_grenade 8-14-2020, 6:38:25 PM
spay(spay) used a hand_grenade 8-14-2020, 6:38:26 PM
spay(spay) used a hand_grenade 8-14-2020, 6:38:28 PM
spay(spay) used a hand_grenade 8-14-2020, 6:38:37 PM
spay(spay) used a hand_cannon 8-14-2020, 6:38:54 PM
spay(spay) used a hand_cannon 8-14-2020, 6:38:55 PM
spay(spay) used a shield 8-14-2020, 6:40:58 PM
spay(spay) used a shield 8-14-2020, 6:40:58 PM
spay(spay) used a shield 8-14-2020, 6:40:58 PM
spay(spay) used a shield 8-14-2020, 6:40:58 PM
spay(spay) used a shield 8-14-2020, 6:40:59 PM
spay(spay) used a shield 8-14-2020, 6:40:59 PM
spay(spay) used a shield 8-14-2020, 6:40:59 PM
spay(spay) used a shield 8-14-2020, 6:40:59 PM
spay(spay) used a shield 8-14-2020, 6:40:59 PM
spay(spay) used a shield 8-14-2020, 6:40:59 PM
spay(spay) used a shield 8-14-2020, 6:41:00 PM
spay(spay) used a shield 8-14-2020, 6:41:00 PM
spay(spay) used a shield 8-14-2020, 6:41:00 PM
spay(spay) used a shield 8-14-2020, 6:41:00 PM
spay(spay) used a shield 8-14-2020, 6:41:00 PM
spay(spay) used a shield 8-14-2020, 6:41:00 PM
spay(spay) used a shield 8-14-2020, 6:41:00 PM
spay(spay) used a shield 8-14-2020, 6:41:01 PM
spay(spay) used a shield 8-14-2020, 6:41:01 PM
spay(spay) used a shield 8-14-2020, 6:41:01 PM
spay(spay) used a shield 8-14-2020, 6:41:01 PM
spay(spay) used a shield 8-14-2020, 6:41:01 PM
spay(spay) used a shield 8-14-2020, 6:41:01 PM
spay(spay) used a shield 8-14-2020, 6:41:02 PM
spay(spay) used a shield 8-14-2020, 6:41:02 PM
spay(spay) used a shield 8-14-2020, 6:41:02 PM
spay(spay) used a shield 8-14-2020, 6:41:02 PM
spay(spay) used a shield 8-14-2020, 6:41:02 PM
spay(spay) used a shield 8-14-2020, 6:41:03 PM
spay(spay) used a shield 8-14-2020, 6:41:03 PM