
AungLin(AungLin) used a tk_ultra_health_potion 2-14-2021, 9:19:00 AM
AungLin(AungLin) used a tk_ultra_health_potion 2-14-2021, 9:19:36 AM
AungLin(AungLin) used a long_sword 2-14-2021, 9:20:05 AM
AungLin(AungLin) used a rocket_launcher 2-14-2021, 9:20:38 AM
AungLin(AungLin) used a gift 2-14-2021, 9:22:38 AM
AungLin(AungLin) used a gift 2-14-2021, 9:22:41 AM
AungLin(AungLin) used a gift 2-14-2021, 9:22:42 AM
AungLin(AungLin) used a gift 2-14-2021, 9:22:44 AM
AungLin(AungLin) used a gift 2-14-2021, 9:22:46 AM
AungLin(AungLin) used a gift 2-14-2021, 9:22:46 AM
AungLin(AungLin) used a gift 2-14-2021, 9:22:48 AM
AungLin(AungLin) used a gift 2-14-2021, 9:22:50 AM
AungLin(AungLin) used a gift 2-14-2021, 9:22:51 AM
AungLin(AungLin) used a gift 2-14-2021, 9:22:54 AM
AungLin(AungLin) used a gift 2-14-2021, 9:22:56 AM
AungLin(AungLin) used a gift 2-14-2021, 9:22:58 AM
AungLin(AungLin) used a gift 2-14-2021, 9:23:00 AM
AungLin(AungLin) used a gift 2-14-2021, 9:23:02 AM
AungLin(AungLin) used a gift 2-14-2021, 9:23:04 AM
AungLin(AungLin) used a gift 2-14-2021, 9:23:05 AM
AungLin(AungLin) used a gift 2-14-2021, 9:23:06 AM
AungLin(AungLin) used a gift 2-14-2021, 9:23:07 AM
AungLin(AungLin) used a gift 2-14-2021, 9:23:09 AM
AungLin(AungLin) used a gift 2-14-2021, 9:23:10 AM
AungLin(AungLin) used a guided_missile 2-14-2021, 9:23:41 AM
AungLin(AungLin) used a tk_ultra_health_potion 2-14-2021, 9:24:37 AM
AungLin(AungLin) used a tk_ultra_health_potion 2-14-2021, 9:24:41 AM
AungLin(AungLin) used a tk_ultra_health_potion 2-14-2021, 9:25:06 AM
AungLin(AungLin) used a pack_of_15_shield 2-14-2021, 9:25:30 AM
AungLin(AungLin) used a pack_of_15_shield 2-14-2021, 9:25:30 AM
AungLin(AungLin) used a tk_ultra_health_potion 2-14-2021, 9:25:40 AM
AungLin(AungLin) used a rocket_launcher 2-14-2021, 2:37:09 PM
AungLin(AungLin) used a shotgun 2-14-2021, 2:37:27 PM
AungLin(AungLin) used a motion_bomb 2-14-2021, 2:38:07 PM
AungLin(AungLin) used a motion_bomb 2-14-2021, 2:38:07 PM
AungLin(AungLin) used a motion_bomb 2-14-2021, 2:38:07 PM
AungLin(AungLin) used a motion_bomb 2-14-2021, 2:38:08 PM
AungLin(AungLin) used a motion_bomb 2-14-2021, 2:38:08 PM
AungLin(AungLin) used a motion_bomb 2-14-2021, 2:38:10 PM
AungLin(AungLin) used a motion_bomb 2-14-2021, 2:38:14 PM
AungLin(AungLin) used a motion_bomb 2-14-2021, 2:38:17 PM
AungLin(AungLin) used a motion_bomb 2-14-2021, 2:38:20 PM
AungLin(AungLin) used a motion_bomb 2-14-2021, 2:38:22 PM
AungLin(AungLin) used a motion_bomb 2-14-2021, 2:38:24 PM
AungLin(AungLin) used a motion_bomb 2-14-2021, 2:38:24 PM
AungLin(AungLin) used a motion_bomb 2-14-2021, 2:38:25 PM
AungLin(AungLin) used a motion_bomb 2-14-2021, 2:38:25 PM
AungLin(AungLin) used a motion_bomb 2-14-2021, 2:38:25 PM
AungLin(AungLin) used a motion_bomb 2-14-2021, 2:38:26 PM
AungLin(AungLin) used a motion_bomb 2-14-2021, 2:38:26 PM
AungLin(AungLin) used a motion_bomb 2-14-2021, 2:38:26 PM
AungLin(AungLin) used a motion_bomb 2-14-2021, 2:38:27 PM
AungLin(AungLin) used a motion_bomb 2-14-2021, 2:38:27 PM
AungLin(AungLin) used a motion_bomb 2-14-2021, 2:38:27 PM
AungLin(AungLin) used a motion_bomb 2-14-2021, 2:38:40 PM
AungLin(AungLin) used a motion_bomb 2-14-2021, 2:38:40 PM
AungLin(AungLin) used a motion_bomb 2-14-2021, 2:38:43 PM
AungLin(AungLin) used a motion_bomb 2-14-2021, 2:38:43 PM
AungLin(AungLin) used a motion_bomb 2-14-2021, 2:38:44 PM
AungLin(AungLin) used a motion_bomb 2-14-2021, 2:38:46 PM
AungLin(AungLin) used a motion_bomb 2-14-2021, 2:38:46 PM
AungLin(AungLin) used a motion_bomb 2-14-2021, 2:38:47 PM
AungLin(AungLin) used a motion_bomb 2-14-2021, 2:38:48 PM
AungLin(AungLin) used a motion_bomb 2-14-2021, 2:38:48 PM
AungLin(AungLin) used a motion_bomb 2-14-2021, 2:38:49 PM
AungLin(AungLin) used a motion_bomb 2-14-2021, 2:38:49 PM
AungLin(AungLin) used a motion_bomb 2-14-2021, 2:38:49 PM
AungLin(AungLin) used a motion_bomb 2-14-2021, 2:38:50 PM
AungLin(AungLin) used a motion_bomb 2-14-2021, 2:38:50 PM
AungLin(AungLin) used a motion_bomb 2-14-2021, 2:38:50 PM
AungLin(AungLin) used a motion_bomb 2-14-2021, 2:38:51 PM
AungLin(AungLin) used a motion_bomb 2-14-2021, 2:38:51 PM
AungLin(AungLin) used a motion_bomb 2-14-2021, 2:38:51 PM
AungLin(AungLin) used a motion_bomb 2-14-2021, 2:38:56 PM
AungLin(AungLin) used a motion_bomb 2-14-2021, 2:38:57 PM
AungLin(AungLin) used a motion_bomb 2-14-2021, 2:38:57 PM
AungLin(AungLin) used a motion_bomb 2-14-2021, 2:38:57 PM
AungLin(AungLin) used a motion_bomb 2-14-2021, 2:38:58 PM
AungLin(AungLin) used a motion_bomb 2-14-2021, 2:38:58 PM
AungLin(AungLin) used a motion_bomb 2-14-2021, 2:38:59 PM
AungLin(AungLin) used a motion_bomb 2-14-2021, 2:39:05 PM
AungLin(AungLin) used a motion_bomb 2-14-2021, 2:39:05 PM
AungLin(AungLin) used a motion_bomb 2-14-2021, 2:39:08 PM
AungLin(AungLin) used a motion_bomb 2-14-2021, 2:39:08 PM
AungLin(AungLin) used a motion_bomb 2-14-2021, 2:39:09 PM
AungLin(AungLin) used a motion_bomb 2-14-2021, 2:39:09 PM
AungLin(AungLin) used a motion_bomb 2-14-2021, 2:39:09 PM
AungLin(AungLin) used a motion_bomb 2-14-2021, 2:39:16 PM
AungLin(AungLin) used a motion_bomb 2-14-2021, 2:39:16 PM
AungLin(AungLin) used a motion_bomb 2-14-2021, 2:39:16 PM
AungLin(AungLin) used a motion_bomb 2-14-2021, 2:39:17 PM
AungLin(AungLin) used a motion_bomb 2-14-2021, 2:39:17 PM
AungLin(AungLin) used a motion_bomb 2-14-2021, 2:39:17 PM
AungLin(AungLin) used a motion_bomb 2-14-2021, 2:39:17 PM
AungLin(AungLin) used a rocket_launcher 2-14-2021, 2:41:10 PM
AungLin(AungLin) used a rocket_launcher 2-14-2021, 2:43:37 PM
AungLin(AungLin) used a rocket_launcher 2-14-2021, 2:43:40 PM
AungLin(AungLin) used a guided_missile 2-14-2021, 2:43:51 PM
AungLin(AungLin) used a guided_missile 2-14-2021, 2:43:56 PM
AungLin(AungLin) used a helicopter 2-14-2021, 2:44:08 PM
AungLin(AungLin) used a helicopter 2-14-2021, 2:44:23 PM
AungLin(AungLin) used a warp_box 2-14-2021, 2:45:08 PM
AungLin(AungLin) used a helicopter 2-14-2021, 2:46:02 PM
AungLin(AungLin) used a robot 2-14-2021, 2:46:12 PM
AungLin(AungLin) used a guided_missile 2-14-2021, 2:47:24 PM
AungLin(AungLin) used a guided_missile 2-14-2021, 2:47:24 PM
AungLin(AungLin) used a helicopter 2-14-2021, 2:47:29 PM
AungLin(AungLin) used a helicopter 2-14-2021, 2:47:29 PM
AungLin(AungLin) used a warp_box 2-14-2021, 2:48:04 PM
AungLin(AungLin) used a motion_bomb 2-14-2021, 2:49:10 PM
AungLin(AungLin) used a motion_bomb 2-14-2021, 2:49:11 PM
AungLin(AungLin) used a motion_bomb 2-14-2021, 2:49:11 PM
AungLin(AungLin) used a motion_bomb 2-14-2021, 2:49:12 PM
AungLin(AungLin) used a motion_bomb 2-14-2021, 2:49:12 PM
AungLin(AungLin) used a motion_bomb 2-14-2021, 2:49:12 PM
AungLin(AungLin) used a motion_bomb 2-14-2021, 2:49:12 PM
AungLin(AungLin) used a motion_bomb 2-14-2021, 2:49:13 PM
AungLin(AungLin) used a motion_bomb 2-14-2021, 2:49:13 PM
AungLin(AungLin) used a motion_bomb 2-14-2021, 2:49:13 PM
AungLin(AungLin) used a motion_bomb 2-14-2021, 2:49:14 PM
AungLin(AungLin) used a motion_bomb 2-14-2021, 2:49:14 PM
AungLin(AungLin) used a motion_bomb 2-14-2021, 2:49:14 PM
AungLin(AungLin) used a motion_bomb 2-14-2021, 2:49:15 PM
AungLin(AungLin) used a motion_bomb 2-14-2021, 2:49:15 PM
AungLin(AungLin) used a motion_bomb 2-14-2021, 2:49:15 PM
AungLin(AungLin) used a motion_bomb 2-14-2021, 2:49:16 PM
AungLin(AungLin) used a motion_bomb 2-14-2021, 2:49:16 PM
AungLin(AungLin) used a motion_bomb 2-14-2021, 2:49:17 PM
AungLin(AungLin) used a motion_bomb 2-14-2021, 2:49:18 PM
AungLin(AungLin) used a motion_bomb 2-14-2021, 2:49:18 PM
AungLin(AungLin) used a motion_bomb 2-14-2021, 2:49:19 PM
AungLin(AungLin) used a motion_bomb 2-14-2021, 2:49:20 PM
AungLin(AungLin) used a motion_bomb 2-14-2021, 2:49:20 PM
AungLin(AungLin) used a motion_bomb 2-14-2021, 2:50:45 PM
AungLin(AungLin) used a motion_bomb 2-14-2021, 2:50:45 PM
AungLin(AungLin) used a motion_bomb 2-14-2021, 2:50:45 PM
AungLin(AungLin) used a motion_bomb 2-14-2021, 2:50:46 PM
AungLin(AungLin) used a motion_bomb 2-14-2021, 2:50:46 PM
AungLin(AungLin) used a motion_bomb 2-14-2021, 2:50:47 PM
AungLin(AungLin) used a motion_bomb 2-14-2021, 2:50:47 PM
AungLin(AungLin) used a motion_bomb 2-14-2021, 2:50:48 PM
AungLin(AungLin) used a motion_bomb 2-14-2021, 2:50:48 PM
AungLin(AungLin) used a motion_bomb 2-14-2021, 2:50:48 PM
AungLin(AungLin) used a motion_bomb 2-14-2021, 2:50:49 PM
AungLin(AungLin) used a motion_bomb 2-14-2021, 2:50:49 PM
AungLin(AungLin) used a motion_bomb 2-14-2021, 2:50:50 PM
AungLin(AungLin) used a motion_bomb 2-14-2021, 2:50:50 PM
AungLin(AungLin) used a motion_bomb 2-14-2021, 2:50:51 PM
AungLin(AungLin) used a motion_bomb 2-14-2021, 2:50:51 PM
AungLin(AungLin) used a motion_bomb 2-14-2021, 2:50:52 PM
AungLin(AungLin) used a motion_bomb 2-14-2021, 2:50:52 PM
AungLin(AungLin) used a motion_bomb 2-14-2021, 2:50:53 PM
AungLin(AungLin) used a motion_bomb 2-14-2021, 2:50:54 PM
AungLin(AungLin) used a motion_bomb 2-14-2021, 2:50:54 PM
AungLin(AungLin) used a motion_bomb 2-14-2021, 2:50:55 PM
AungLin(AungLin) used a motion_bomb 2-14-2021, 2:50:55 PM
AungLin(AungLin) used a tk_ultra_health_potion 2-14-2021, 2:51:57 PM
AungLin(AungLin) used a tk_ultra_health_potion 2-14-2021, 2:51:57 PM
AungLin(AungLin) used a tk_ultra_health_potion 2-14-2021, 2:52:40 PM
AungLin(AungLin) used a helicopter 2-14-2021, 2:53:20 PM
AungLin(AungLin) used a robot 2-14-2021, 2:53:28 PM
AungLin(AungLin) used a guided_missile 2-14-2021, 2:53:32 PM
AungLin(AungLin) used a tk_ultra_health_potion 2-14-2021, 2:54:33 PM
AungLin(AungLin) used a tk_ultra_health_potion 2-14-2021, 2:55:06 PM
AungLin(AungLin) used a sniper 2-14-2021, 2:55:16 PM
AungLin(AungLin) used a tk_ultra_health_potion 2-14-2021, 2:56:22 PM
AungLin(AungLin) used a tk_ultra_health_potion 2-14-2021, 2:56:22 PM