
day-ke-soogi(day-ke-soogi) used a long_sword 2-14-2021, 7:40:19 PM
day-ke-soogi(day-ke-soogi) used a suicide_bomb 2-14-2021, 7:41:41 PM
day-ke-soogi(day-ke-soogi) used a long_sword 2-14-2021, 7:44:25 PM
day-ke-soogi(day-ke-soogi) used a long_sword 2-14-2021, 7:44:33 PM
day-ke-soogi(day-ke-soogi) used a armored_tank 2-14-2021, 7:47:18 PM
day-ke-soogi(day-ke-soogi) used a health_orb 2-14-2021, 7:51:29 PM
day-ke-soogi(day-ke-soogi) used a antibiotic 2-14-2021, 7:52:32 PM
day-ke-soogi(day-ke-soogi) used a tk_ultra_health_potion 2-14-2021, 7:53:53 PM
day-ke-soogi(day-ke-soogi) used a tk_ultra_health_potion 2-14-2021, 7:53:57 PM
day-ke-soogi(day-ke-soogi) used a tk_ultra_health_potion 2-14-2021, 7:54:21 PM
day-ke-soogi(day-ke-soogi) used a tk_ultra_health_potion 2-14-2021, 7:54:24 PM
day-ke-soogi(day-ke-soogi) used a health_orb 2-14-2021, 8:03:09 PM
day-ke-soogi(day-ke-soogi) used a tk_ultra_health_potion 2-14-2021, 8:03:17 PM
day-ke-soogi(day-ke-soogi) used a tk_ultra_health_potion 2-14-2021, 8:24:13 PM
day-ke-soogi(day-ke-soogi) used a tk_ultra_health_potion 2-14-2021, 8:24:15 PM
day-ke-soogi(day-ke-soogi) used a tk_ultra_health_potion 2-14-2021, 8:24:18 PM
day-ke-soogi(day-ke-soogi) used a health_orb 2-14-2021, 8:24:23 PM
day-ke-soogi(day-ke-soogi) used a long_sword 2-14-2021, 8:24:31 PM
day-ke-soogi(day-ke-soogi) used a long_sword 2-14-2021, 8:24:33 PM
day-ke-soogi(day-ke-soogi) used a long_sword 2-14-2021, 8:24:34 PM
day-ke-soogi(day-ke-soogi) used a tk_ultra_health_potion 2-14-2021, 8:27:17 PM
day-ke-soogi(day-ke-soogi) used a tk_ultra_health_potion 2-14-2021, 8:27:31 PM
day-ke-soogi(day-ke-soogi) used a tk_ultra_health_potion 2-14-2021, 8:27:42 PM
day-ke-soogi(day-ke-soogi) used a tk_ultra_health_potion 2-14-2021, 8:27:47 PM
day-ke-soogi(day-ke-soogi) used a antibiotic 2-14-2021, 8:27:50 PM
day-ke-soogi(day-ke-soogi) used a antibiotic 2-14-2021, 8:27:51 PM
day-ke-soogi(day-ke-soogi) used a tk_ultra_health_potion 2-14-2021, 8:28:09 PM
day-ke-soogi(day-ke-soogi) used a long_sword 2-14-2021, 8:36:27 PM
day-ke-soogi(day-ke-soogi) used a long_sword 2-14-2021, 8:36:27 PM
day-ke-soogi(day-ke-soogi) used a long_sword 2-14-2021, 8:36:28 PM
day-ke-soogi(day-ke-soogi) used a antibiotic 2-14-2021, 8:37:14 PM
day-ke-soogi(day-ke-soogi) used a tk_ultra_health_potion 2-14-2021, 8:41:06 PM
day-ke-soogi(day-ke-soogi) used a health_orb 2-14-2021, 8:44:34 PM
day-ke-soogi(day-ke-soogi) used a health_orb 2-14-2021, 8:44:48 PM
day-ke-soogi(day-ke-soogi) used a tk_ultra_health_potion 2-14-2021, 8:46:33 PM
day-ke-soogi(day-ke-soogi) used a long_sword 2-14-2021, 8:48:19 PM
day-ke-soogi(day-ke-soogi) used a long_sword 2-14-2021, 8:48:20 PM
day-ke-soogi(day-ke-soogi) used a tk_ultra_health_potion 2-14-2021, 8:50:50 PM
day-ke-soogi(day-ke-soogi) used a tk_ultra_health_potion 2-14-2021, 8:50:58 PM
day-ke-soogi(day-ke-soogi) used a tk_ultra_health_potion 2-14-2021, 8:51:15 PM
day-ke-soogi(day-ke-soogi) used a tk_ultra_health_potion 2-14-2021, 8:51:30 PM
day-ke-soogi(day-ke-soogi) used a tk_ultra_health_potion 2-14-2021, 8:51:30 PM
day-ke-soogi(day-ke-soogi) used a tk_ultra_health_potion 2-14-2021, 8:51:31 PM
day-ke-soogi(day-ke-soogi) used a tk_ultra_health_potion 2-14-2021, 8:51:40 PM
day-ke-soogi(day-ke-soogi) used a tk_ultra_health_potion 2-14-2021, 8:51:41 PM
day-ke-soogi(day-ke-soogi) used a tk_ultra_health_potion 2-14-2021, 8:51:46 PM
day-ke-soogi(day-ke-soogi) used a tk_ultra_health_potion 2-14-2021, 8:52:17 PM
day-ke-soogi(day-ke-soogi) used a robot 2-14-2021, 8:54:31 PM
day-ke-soogi(day-ke-soogi) used a robot 2-14-2021, 8:55:20 PM
day-ke-soogi(day-ke-soogi) used a robot 2-14-2021, 8:55:48 PM
day-ke-soogi(day-ke-soogi) used a robot 2-14-2021, 8:56:59 PM
day-ke-soogi(day-ke-soogi) used a robot 2-14-2021, 8:57:58 PM
day-ke-soogi(day-ke-soogi) used a robot 2-14-2021, 8:59:25 PM
day-ke-soogi(day-ke-soogi) used a robot 2-14-2021, 8:59:25 PM
day-ke-soogi(day-ke-soogi) used a robot 2-14-2021, 8:59:26 PM
day-ke-soogi(day-ke-soogi) used a robot 2-14-2021, 8:59:44 PM
day-ke-soogi(day-ke-soogi) used a robot 2-14-2021, 9:00:12 PM
day-ke-soogi(day-ke-soogi) used a tk_ultra_health_potion 2-14-2021, 9:00:23 PM
day-ke-soogi(day-ke-soogi) used a tk_ultra_health_potion 2-14-2021, 9:00:24 PM
day-ke-soogi(day-ke-soogi) used a tk_ultra_health_potion 2-14-2021, 9:00:26 PM
day-ke-soogi(day-ke-soogi) used a tk_ultra_health_potion 2-14-2021, 9:00:38 PM
day-ke-soogi(day-ke-soogi) used a tk_ultra_health_potion 2-14-2021, 9:00:50 PM
day-ke-soogi(day-ke-soogi) used a robot 2-14-2021, 9:00:58 PM
day-ke-soogi(day-ke-soogi) used a long_sword 2-14-2021, 9:02:16 PM
day-ke-soogi(day-ke-soogi) used a long_sword 2-14-2021, 9:02:16 PM
day-ke-soogi(day-ke-soogi) used a robot 2-14-2021, 9:02:43 PM
day-ke-soogi(day-ke-soogi) used a robot 2-14-2021, 9:02:43 PM
day-ke-soogi(day-ke-soogi) used a robot 2-14-2021, 9:02:44 PM
day-ke-soogi(day-ke-soogi) used a robot 2-14-2021, 9:02:44 PM
day-ke-soogi(day-ke-soogi) used a robot 2-14-2021, 9:02:47 PM
day-ke-soogi(day-ke-soogi) used a robot 2-14-2021, 9:02:48 PM
day-ke-soogi(day-ke-soogi) used a robot 2-14-2021, 9:02:48 PM
day-ke-soogi(day-ke-soogi) used a robot 2-14-2021, 9:03:29 PM
day-ke-soogi(day-ke-soogi) used a robot 2-14-2021, 9:04:21 PM
day-ke-soogi(day-ke-soogi) used a tk_ultra_health_potion 2-14-2021, 9:09:37 PM
day-ke-soogi(day-ke-soogi) used a cutted_leopard_meat 2-14-2021, 9:22:55 PM
day-ke-soogi(day-ke-soogi) used a fire_starter 2-14-2021, 9:28:57 PM
day-ke-soogi(day-ke-soogi) used a tk_ultra_health_potion 2-14-2021, 9:40:30 PM
day-ke-soogi(day-ke-soogi) used a tk_ultra_health_potion 2-14-2021, 9:40:30 PM
day-ke-soogi(day-ke-soogi) used a tk_ultra_health_potion 2-14-2021, 9:41:08 PM
day-ke-soogi(day-ke-soogi) used a helicopter 2-14-2021, 9:42:26 PM
day-ke-soogi(day-ke-soogi) used a robot 2-14-2021, 9:42:37 PM
day-ke-soogi(day-ke-soogi) used a robot 2-14-2021, 9:42:37 PM
day-ke-soogi(day-ke-soogi) used a long_sword 2-14-2021, 9:42:40 PM
day-ke-soogi(day-ke-soogi) used a team_member_booster 2-14-2021, 9:50:21 PM
day-ke-soogi(day-ke-soogi) used a hipersound_bomb 2-14-2021, 9:51:04 PM
day-ke-soogi(day-ke-soogi) used a hipersound_bomb 2-14-2021, 9:51:06 PM
day-ke-soogi(day-ke-soogi) used a tk_ultra_health_potion 2-14-2021, 9:52:07 PM
day-ke-soogi(day-ke-soogi) used a tk_ultra_health_potion 2-14-2021, 9:52:07 PM
day-ke-soogi(day-ke-soogi) used a tk_ultra_health_potion 2-14-2021, 9:52:31 PM
day-ke-soogi(day-ke-soogi) used a tk_ultra_health_potion 2-14-2021, 9:52:36 PM
day-ke-soogi(day-ke-soogi) used a tk_ultra_health_potion 2-14-2021, 9:52:37 PM
day-ke-soogi(day-ke-soogi) used a guided_missile 2-14-2021, 9:53:29 PM
day-ke-soogi(day-ke-soogi) used a guided_missile 2-14-2021, 9:53:37 PM
day-ke-soogi(day-ke-soogi) used a guided_missile 2-14-2021, 9:53:43 PM
day-ke-soogi(day-ke-soogi) used a guided_missile 2-14-2021, 9:53:45 PM
day-ke-soogi(day-ke-soogi) used a guided_missile 2-14-2021, 9:53:51 PM
day-ke-soogi(day-ke-soogi) used a guided_missile 2-14-2021, 9:54:02 PM
day-ke-soogi(day-ke-soogi) used a guided_missile 2-14-2021, 9:54:09 PM
day-ke-soogi(day-ke-soogi) used a guided_missile 2-14-2021, 9:54:13 PM
day-ke-soogi(day-ke-soogi) used a tk_ultra_health_potion 2-14-2021, 9:54:52 PM
day-ke-soogi(day-ke-soogi) used a tk_ultra_health_potion 2-14-2021, 9:55:17 PM
day-ke-soogi(day-ke-soogi) used a tk_ultra_health_potion 2-14-2021, 9:55:22 PM
day-ke-soogi(day-ke-soogi) used a guided_missile 2-14-2021, 9:55:47 PM
day-ke-soogi(day-ke-soogi) used a guided_missile 2-14-2021, 9:55:51 PM
day-ke-soogi(day-ke-soogi) used a guided_missile 2-14-2021, 9:55:53 PM
day-ke-soogi(day-ke-soogi) used a guided_missile 2-14-2021, 9:56:00 PM
day-ke-soogi(day-ke-soogi) used a guided_missile 2-14-2021, 9:56:07 PM
day-ke-soogi(day-ke-soogi) used a guided_missile 2-14-2021, 9:56:14 PM
day-ke-soogi(day-ke-soogi) used a guided_missile 2-14-2021, 9:56:22 PM
day-ke-soogi(day-ke-soogi) used a guided_missile 2-14-2021, 9:56:26 PM
day-ke-soogi(day-ke-soogi) used a guided_missile 2-14-2021, 9:56:29 PM
day-ke-soogi(day-ke-soogi) used a guided_missile 2-14-2021, 9:56:33 PM
day-ke-soogi(day-ke-soogi) used a guided_missile 2-14-2021, 9:56:40 PM
day-ke-soogi(day-ke-soogi) used a guided_missile 2-14-2021, 9:56:43 PM
day-ke-soogi(day-ke-soogi) used a guided_missile 2-14-2021, 9:56:46 PM
day-ke-soogi(day-ke-soogi) used a guided_missile 2-14-2021, 9:56:52 PM
day-ke-soogi(day-ke-soogi) used a tk_ultra_health_potion 2-14-2021, 9:57:46 PM
day-ke-soogi(day-ke-soogi) used a tk_ultra_health_potion 2-14-2021, 9:57:46 PM
day-ke-soogi(day-ke-soogi) used a tk_ultra_health_potion 2-14-2021, 9:58:04 PM
day-ke-soogi(day-ke-soogi) used a tk_ultra_health_potion 2-14-2021, 9:58:10 PM
day-ke-soogi(day-ke-soogi) used a tk_ultra_health_potion 2-14-2021, 9:58:15 PM
day-ke-soogi(day-ke-soogi) used a tk_ultra_health_potion 2-14-2021, 9:58:25 PM
day-ke-soogi(day-ke-soogi) used a guided_missile 2-14-2021, 10:00:02 PM
day-ke-soogi(day-ke-soogi) used a sticky_bomb 2-14-2021, 10:00:38 PM
day-ke-soogi(day-ke-soogi) used a hipersound_bomb 2-14-2021, 10:01:23 PM
day-ke-soogi(day-ke-soogi) used a pack_of_10_security_bomb 2-14-2021, 10:01:48 PM
day-ke-soogi(day-ke-soogi) used a pack_of_20_fire_extinguisher 2-14-2021, 10:01:53 PM
day-ke-soogi(day-ke-soogi) used a pack_of_5_barricade_bomb 2-14-2021, 10:02:02 PM
day-ke-soogi(day-ke-soogi) used a nothing 2-14-2021, 10:02:54 PM
day-ke-soogi(day-ke-soogi) used a security_bomb 2-14-2021, 10:03:59 PM
day-ke-soogi(day-ke-soogi) used a fight_inviter 2-14-2021, 10:04:18 PM
day-ke-soogi(day-ke-soogi) used a stun_grenade 2-14-2021, 10:05:35 PM
day-ke-soogi(day-ke-soogi) used a stun_grenade 2-14-2021, 10:05:36 PM
day-ke-soogi(day-ke-soogi) used a stun_grenade 2-14-2021, 10:05:36 PM
day-ke-soogi(day-ke-soogi) used a stun_grenade 2-14-2021, 10:05:37 PM
day-ke-soogi(day-ke-soogi) used a stun_grenade 2-14-2021, 10:05:37 PM
day-ke-soogi(day-ke-soogi) used a guided_missile 2-14-2021, 10:05:58 PM
day-ke-soogi(day-ke-soogi) used a guided_missile 2-14-2021, 10:06:01 PM
day-ke-soogi(day-ke-soogi) used a guided_missile 2-14-2021, 10:06:03 PM
day-ke-soogi(day-ke-soogi) used a guided_missile 2-14-2021, 10:06:08 PM
day-ke-soogi(day-ke-soogi) used a guided_missile 2-14-2021, 10:06:12 PM
day-ke-soogi(day-ke-soogi) used a guided_missile 2-14-2021, 10:06:14 PM
day-ke-soogi(day-ke-soogi) used a guided_missile 2-14-2021, 10:06:17 PM
day-ke-soogi(day-ke-soogi) used a guided_missile 2-14-2021, 10:06:22 PM
day-ke-soogi(day-ke-soogi) used a guided_missile 2-14-2021, 10:06:24 PM
day-ke-soogi(day-ke-soogi) used a guided_missile 2-14-2021, 10:06:36 PM
day-ke-soogi(day-ke-soogi) used a guided_missile 2-14-2021, 10:06:40 PM
day-ke-soogi(day-ke-soogi) used a guided_missile 2-14-2021, 10:06:43 PM
day-ke-soogi(day-ke-soogi) used a guided_missile 2-14-2021, 10:06:59 PM
day-ke-soogi(day-ke-soogi) used a guided_missile 2-14-2021, 10:07:03 PM
day-ke-soogi(day-ke-soogi) used a guided_missile 2-14-2021, 10:07:05 PM
day-ke-soogi(day-ke-soogi) used a guided_missile 2-14-2021, 10:07:09 PM
day-ke-soogi(day-ke-soogi) used a guided_missile 2-14-2021, 10:07:17 PM
day-ke-soogi(day-ke-soogi) used a guided_missile 2-14-2021, 10:07:24 PM
day-ke-soogi(day-ke-soogi) used a helicopter 2-14-2021, 10:07:34 PM
day-ke-soogi(day-ke-soogi) used a helicopter 2-14-2021, 10:07:34 PM
day-ke-soogi(day-ke-soogi) used a robot 2-14-2021, 10:07:42 PM
day-ke-soogi(day-ke-soogi) used a guided_missile 2-14-2021, 10:07:45 PM
day-ke-soogi(day-ke-soogi) used a guided_missile 2-14-2021, 10:07:58 PM
day-ke-soogi(day-ke-soogi) used a guided_missile 2-14-2021, 10:08:07 PM
day-ke-soogi(day-ke-soogi) used a guided_missile 2-14-2021, 10:08:14 PM
day-ke-soogi(day-ke-soogi) used a guided_missile 2-14-2021, 10:08:23 PM
day-ke-soogi(day-ke-soogi) used a guided_missile 2-14-2021, 10:08:33 PM