
magistral(ramil) used a storm_sniper 2-14-2021, 12:38:14 PM
magistral(ramil) used a throwing_star 2-14-2021, 12:38:41 PM
magistral(ramil) used a throwing_star 2-14-2021, 12:38:41 PM
magistral(ramil) used a hand_grenade 2-14-2021, 12:38:41 PM
magistral(ramil) used a throwing_star 2-14-2021, 12:38:41 PM
magistral(ramil) used a hand_grenade 2-14-2021, 12:38:41 PM
magistral(ramil) used a hand_grenade 2-14-2021, 12:38:41 PM
magistral(ramil) used a throwing_star 2-14-2021, 12:38:41 PM
magistral(ramil) used a throwing_star 2-14-2021, 12:38:41 PM
magistral(ramil) used a hand_grenade 2-14-2021, 12:38:41 PM
magistral(ramil) used a hand_grenade 2-14-2021, 12:38:41 PM
magistral(ramil) used a throwing_star 2-14-2021, 12:38:41 PM
magistral(ramil) used a hand_grenade 2-14-2021, 12:38:41 PM
magistral(ramil) used a throwing_star 2-14-2021, 12:38:42 PM
magistral(ramil) used a hand_grenade 2-14-2021, 12:38:42 PM
magistral(ramil) used a throwing_star 2-14-2021, 12:38:42 PM
magistral(ramil) used a hand_grenade 2-14-2021, 12:38:42 PM
magistral(ramil) used a throwing_star 2-14-2021, 12:38:42 PM
magistral(ramil) used a hand_grenade 2-14-2021, 12:38:42 PM
magistral(ramil) used a throwing_star 2-14-2021, 12:38:42 PM
magistral(ramil) used a hand_grenade 2-14-2021, 12:38:42 PM
magistral(ramil) used a throwing_star 2-14-2021, 12:38:42 PM
magistral(ramil) used a hand_grenade 2-14-2021, 12:38:42 PM
magistral(ramil) used a throwing_star 2-14-2021, 12:38:42 PM
magistral(ramil) used a hand_grenade 2-14-2021, 12:38:42 PM
magistral(ramil) used a throwing_star 2-14-2021, 12:38:42 PM
magistral(ramil) used a hand_grenade 2-14-2021, 12:38:42 PM
magistral(ramil) used a health_drink 2-14-2021, 12:38:48 PM
magistral(ramil) used a shield 2-14-2021, 12:38:48 PM
magistral(ramil) used a shield 2-14-2021, 12:38:48 PM
magistral(ramil) used a shield 2-14-2021, 12:38:48 PM
magistral(ramil) used a shield 2-14-2021, 12:38:52 PM
magistral(ramil) used a shield 2-14-2021, 12:38:58 PM
magistral(ramil) used a shield 2-14-2021, 12:38:59 PM
magistral(ramil) used a shield 2-14-2021, 12:39:05 PM
magistral(ramil) used a health_drink 2-14-2021, 12:39:06 PM
magistral(ramil) used a shield 2-14-2021, 12:39:06 PM
magistral(ramil) used a health_drink 2-14-2021, 12:39:07 PM
magistral(ramil) used a shield 2-14-2021, 12:39:08 PM
magistral(ramil) used a health_drink 2-14-2021, 12:39:08 PM
magistral(ramil) used a health_drink 2-14-2021, 12:39:08 PM
magistral(ramil) used a health_drink 2-14-2021, 12:39:18 PM
magistral(ramil) used a shield 2-14-2021, 12:39:18 PM
magistral(ramil) used a shield 2-14-2021, 12:39:18 PM
magistral(ramil) used a shield 2-14-2021, 12:39:26 PM
magistral(ramil) used a shield 2-14-2021, 12:39:26 PM
magistral(ramil) used a hand_grenade 2-14-2021, 12:39:26 PM
magistral(ramil) used a throwing_star 2-14-2021, 12:39:26 PM
magistral(ramil) used a throwing_star 2-14-2021, 12:39:26 PM
magistral(ramil) used a hand_grenade 2-14-2021, 12:39:26 PM
magistral(ramil) used a throwing_star 2-14-2021, 12:39:27 PM
magistral(ramil) used a hand_grenade 2-14-2021, 12:39:27 PM
magistral(ramil) used a throwing_star 2-14-2021, 12:39:27 PM
magistral(ramil) used a hand_grenade 2-14-2021, 12:39:27 PM
magistral(ramil) used a throwing_star 2-14-2021, 12:39:27 PM
magistral(ramil) used a hand_grenade 2-14-2021, 12:39:27 PM
magistral(ramil) used a throwing_star 2-14-2021, 12:39:27 PM
magistral(ramil) used a hand_grenade 2-14-2021, 12:39:27 PM
magistral(ramil) used a throwing_star 2-14-2021, 12:39:27 PM
magistral(ramil) used a hand_grenade 2-14-2021, 12:39:27 PM
magistral(ramil) used a throwing_star 2-14-2021, 12:39:27 PM
magistral(ramil) used a throwing_star 2-14-2021, 12:39:27 PM
magistral(ramil) used a hand_grenade 2-14-2021, 12:39:27 PM
magistral(ramil) used a throwing_star 2-14-2021, 12:39:28 PM
magistral(ramil) used a hand_grenade 2-14-2021, 12:39:28 PM
magistral(ramil) used a hand_grenade 2-14-2021, 12:39:28 PM
magistral(ramil) used a throwing_star 2-14-2021, 12:39:28 PM
magistral(ramil) used a hand_grenade 2-14-2021, 12:39:28 PM
magistral(ramil) used a throwing_star 2-14-2021, 12:39:28 PM
magistral(ramil) used a throwing_star 2-14-2021, 12:39:28 PM
magistral(ramil) used a hand_grenade 2-14-2021, 12:39:28 PM
magistral(ramil) used a hand_grenade 2-14-2021, 12:39:28 PM
magistral(ramil) used a throwing_star 2-14-2021, 12:39:28 PM
magistral(ramil) used a hand_grenade 2-14-2021, 12:39:29 PM
magistral(ramil) used a throwing_star 2-14-2021, 12:39:29 PM
magistral(ramil) used a hand_grenade 2-14-2021, 12:39:29 PM
magistral(ramil) used a shield 2-14-2021, 1:09:20 PM
magistral(ramil) used a shield 2-14-2021, 1:09:20 PM
magistral(ramil) used a shield 2-14-2021, 1:09:20 PM
magistral(ramil) used a shield 2-14-2021, 1:09:20 PM
magistral(ramil) used a shield 2-14-2021, 1:09:20 PM
magistral(ramil) used a shield 2-14-2021, 1:09:20 PM
magistral(ramil) used a shield 2-14-2021, 1:09:22 PM
magistral(ramil) used a shield 2-14-2021, 1:09:22 PM
magistral(ramil) used a shield 2-14-2021, 1:09:22 PM
magistral(ramil) used a shield 2-14-2021, 1:09:23 PM
magistral(ramil) used a health_drink 2-14-2021, 1:09:24 PM
magistral(ramil) used a shield 2-14-2021, 1:09:24 PM
magistral(ramil) used a shield 2-14-2021, 1:09:24 PM
magistral(ramil) used a shield 2-14-2021, 1:10:15 PM
magistral(ramil) used a shield 2-14-2021, 1:10:15 PM
magistral(ramil) used a shield 2-14-2021, 1:10:16 PM
magistral(ramil) used a shield 2-14-2021, 1:10:16 PM
magistral(ramil) used a shield 2-14-2021, 1:10:16 PM
magistral(ramil) used a shield 2-14-2021, 1:10:16 PM
magistral(ramil) used a storm_sniper 2-14-2021, 1:13:09 PM
magistral(ramil) used a throwing_star 2-14-2021, 1:13:18 PM
magistral(ramil) used a throwing_star 2-14-2021, 1:13:18 PM
magistral(ramil) used a stp429_mini_missile 2-14-2021, 1:13:19 PM
magistral(ramil) used a throwing_star 2-14-2021, 1:13:19 PM
magistral(ramil) used a stp429_mini_missile 2-14-2021, 1:13:19 PM
magistral(ramil) used a throwing_star 2-14-2021, 1:13:19 PM
magistral(ramil) used a stp429_mini_missile 2-14-2021, 1:13:19 PM
magistral(ramil) used a throwing_star 2-14-2021, 1:13:19 PM
magistral(ramil) used a stp429_mini_missile 2-14-2021, 1:13:19 PM
magistral(ramil) used a throwing_star 2-14-2021, 1:13:19 PM
magistral(ramil) used a guided_missile 2-14-2021, 1:13:27 PM
magistral(ramil) used a carrier_missile 2-14-2021, 1:13:30 PM
magistral(ramil) used a missile_interceptor 2-14-2021, 1:14:14 PM
magistral(ramil) used a missile_interceptor 2-14-2021, 1:14:14 PM
magistral(ramil) used a missile_interceptor 2-14-2021, 1:14:20 PM
magistral(ramil) used a health_drink 2-14-2021, 1:14:21 PM
magistral(ramil) used a shield 2-14-2021, 1:14:21 PM
magistral(ramil) used a shield 2-14-2021, 1:14:21 PM
magistral(ramil) used a shield 2-14-2021, 1:14:49 PM
magistral(ramil) used a shield 2-14-2021, 1:14:49 PM
magistral(ramil) used a shield 2-14-2021, 1:14:49 PM
magistral(ramil) used a health_drink 2-14-2021, 1:14:55 PM
magistral(ramil) used a health_drink 2-14-2021, 1:14:55 PM
magistral(ramil) used a shield 2-14-2021, 1:14:55 PM
magistral(ramil) used a health_drink 2-14-2021, 1:14:55 PM
magistral(ramil) used a missile_interceptor 2-14-2021, 1:14:57 PM
magistral(ramil) used a shield 2-14-2021, 1:14:57 PM
magistral(ramil) used a shield 2-14-2021, 1:15:01 PM
magistral(ramil) used a shield 2-14-2021, 1:15:02 PM
magistral(ramil) used a shield 2-14-2021, 1:15:25 PM
magistral(ramil) used a shield 2-14-2021, 1:15:55 PM
magistral(ramil) used a shield 2-14-2021, 1:15:55 PM
magistral(ramil) used a shield 2-14-2021, 1:15:56 PM
magistral(ramil) used a shield 2-14-2021, 1:15:56 PM
magistral(ramil) used a shield 2-14-2021, 1:15:56 PM
magistral(ramil) used a health_drink 2-14-2021, 1:15:56 PM
magistral(ramil) used a shield 2-14-2021, 1:15:56 PM
magistral(ramil) used a shield 2-14-2021, 1:15:56 PM
magistral(ramil) used a storm_sniper 2-14-2021, 2:05:18 PM
magistral(ramil) used a throwing_star 2-14-2021, 2:05:29 PM
magistral(ramil) used a hand_grenade 2-14-2021, 2:05:29 PM
magistral(ramil) used a throwing_star 2-14-2021, 2:05:29 PM
magistral(ramil) used a hand_grenade 2-14-2021, 2:05:29 PM
magistral(ramil) used a throwing_star 2-14-2021, 2:05:29 PM
magistral(ramil) used a hand_grenade 2-14-2021, 2:05:29 PM
magistral(ramil) used a throwing_star 2-14-2021, 2:05:29 PM
magistral(ramil) used a hand_grenade 2-14-2021, 2:05:29 PM
magistral(ramil) used a hand_grenade 2-14-2021, 2:05:29 PM
magistral(ramil) used a throwing_star 2-14-2021, 2:05:29 PM
magistral(ramil) used a hand_grenade 2-14-2021, 2:05:30 PM
magistral(ramil) used a throwing_star 2-14-2021, 2:05:30 PM
magistral(ramil) used a throwing_star 2-14-2021, 2:05:30 PM
magistral(ramil) used a hand_grenade 2-14-2021, 2:05:30 PM
magistral(ramil) used a throwing_star 2-14-2021, 2:05:30 PM
magistral(ramil) used a hand_grenade 2-14-2021, 2:05:30 PM
magistral(ramil) used a hand_grenade 2-14-2021, 2:05:30 PM
magistral(ramil) used a throwing_star 2-14-2021, 2:05:30 PM
magistral(ramil) used a throwing_star 2-14-2021, 2:05:30 PM
magistral(ramil) used a hand_grenade 2-14-2021, 2:05:30 PM
magistral(ramil) used a hand_grenade 2-14-2021, 2:05:30 PM
magistral(ramil) used a throwing_star 2-14-2021, 2:05:30 PM
magistral(ramil) used a hand_grenade 2-14-2021, 2:05:30 PM
magistral(ramil) used a throwing_star 2-14-2021, 2:05:30 PM
magistral(ramil) used a throwing_star 2-14-2021, 2:05:31 PM
magistral(ramil) used a hand_grenade 2-14-2021, 2:05:31 PM
magistral(ramil) used a hand_grenade 2-14-2021, 2:05:31 PM
magistral(ramil) used a throwing_star 2-14-2021, 2:05:31 PM
magistral(ramil) used a hand_grenade 2-14-2021, 2:05:31 PM
magistral(ramil) used a stp429_mini_missile 2-14-2021, 2:05:31 PM
magistral(ramil) used a stp429_mini_missile 2-14-2021, 2:05:31 PM
magistral(ramil) used a stp429_mini_missile 2-14-2021, 2:05:31 PM
magistral(ramil) used a stp429_mini_missile 2-14-2021, 2:05:31 PM
magistral(ramil) used a throwing_star 2-14-2021, 2:05:31 PM
magistral(ramil) used a stp429_mini_missile 2-14-2021, 2:05:32 PM
magistral(ramil) used a throwing_star 2-14-2021, 2:05:32 PM
magistral(ramil) used a hand_grenade 2-14-2021, 2:05:48 PM
magistral(ramil) used a throwing_star 2-14-2021, 2:05:48 PM
magistral(ramil) used a throwing_star 2-14-2021, 2:05:48 PM
magistral(ramil) used a hand_grenade 2-14-2021, 2:05:48 PM
magistral(ramil) used a throwing_star 2-14-2021, 2:05:48 PM
magistral(ramil) used a hand_grenade 2-14-2021, 2:05:48 PM
magistral(ramil) used a throwing_star 2-14-2021, 2:05:48 PM
magistral(ramil) used a hand_grenade 2-14-2021, 2:05:48 PM
magistral(ramil) used a hand_grenade 2-14-2021, 2:05:48 PM
magistral(ramil) used a throwing_star 2-14-2021, 2:05:48 PM
magistral(ramil) used a throwing_star 2-14-2021, 2:05:48 PM
magistral(ramil) used a hand_grenade 2-14-2021, 2:05:48 PM
magistral(ramil) used a hand_grenade 2-14-2021, 2:05:48 PM
magistral(ramil) used a throwing_star 2-14-2021, 2:05:48 PM
magistral(ramil) used a throwing_star 2-14-2021, 2:05:49 PM
magistral(ramil) used a hand_grenade 2-14-2021, 2:05:49 PM
magistral(ramil) used a throwing_star 2-14-2021, 2:05:49 PM
magistral(ramil) used a hand_grenade 2-14-2021, 2:05:49 PM
magistral(ramil) used a throwing_star 2-14-2021, 2:05:49 PM
magistral(ramil) used a hand_grenade 2-14-2021, 2:05:49 PM
magistral(ramil) used a throwing_star 2-14-2021, 2:05:49 PM
magistral(ramil) used a hand_grenade 2-14-2021, 2:05:49 PM
magistral(ramil) used a hand_grenade 2-14-2021, 2:05:49 PM
magistral(ramil) used a throwing_star 2-14-2021, 2:05:49 PM
magistral(ramil) used a throwing_star 2-14-2021, 2:05:49 PM
magistral(ramil) used a hand_grenade 2-14-2021, 2:05:49 PM
magistral(ramil) used a hand_grenade 2-14-2021, 2:05:49 PM
magistral(ramil) used a throwing_star 2-14-2021, 2:05:49 PM
magistral(ramil) used a hand_grenade 2-14-2021, 2:05:50 PM
magistral(ramil) used a throwing_star 2-14-2021, 2:05:50 PM
magistral(ramil) used a hand_grenade 2-14-2021, 2:05:50 PM
magistral(ramil) used a throwing_star 2-14-2021, 2:05:50 PM
magistral(ramil) used a hand_grenade 2-14-2021, 2:05:50 PM
magistral(ramil) used a throwing_star 2-14-2021, 2:05:50 PM
magistral(ramil) used a health_drink 2-14-2021, 2:06:18 PM
magistral(ramil) used a shield 2-14-2021, 2:06:18 PM
magistral(ramil) used a shield 2-14-2021, 2:06:18 PM
magistral(ramil) used a shield 2-14-2021, 2:06:18 PM
magistral(ramil) used a stp429_mini_missile 2-14-2021, 2:06:39 PM
magistral(ramil) used a stp429_mini_missile 2-14-2021, 2:06:39 PM
magistral(ramil) used a stp429_mini_missile 2-14-2021, 2:06:39 PM
magistral(ramil) used a stp429_mini_missile 2-14-2021, 2:06:51 PM
magistral(ramil) used a stp429_mini_missile 2-14-2021, 2:06:51 PM
magistral(ramil) used a health_drink 2-14-2021, 2:07:00 PM
magistral(ramil) used a shield 2-14-2021, 2:07:00 PM
magistral(ramil) used a shield 2-14-2021, 2:07:00 PM
magistral(ramil) used a shield 2-14-2021, 2:07:01 PM
magistral(ramil) used a shield 2-14-2021, 2:07:01 PM
magistral(ramil) used a stp429_mini_missile 2-14-2021, 2:07:03 PM
magistral(ramil) used a stp429_mini_missile 2-14-2021, 2:07:03 PM
magistral(ramil) used a stp429_mini_missile 2-14-2021, 2:07:03 PM
magistral(ramil) used a stp429_mini_missile 2-14-2021, 2:07:04 PM
magistral(ramil) used a stp429_mini_missile 2-14-2021, 2:07:06 PM
magistral(ramil) used a stp429_mini_missile 2-14-2021, 2:07:07 PM
magistral(ramil) used a stp429_mini_missile 2-14-2021, 2:07:07 PM
magistral(ramil) used a stp429_mini_missile 2-14-2021, 2:07:09 PM
magistral(ramil) used a stp429_mini_missile 2-14-2021, 2:07:09 PM
magistral(ramil) used a stp429_mini_missile 2-14-2021, 2:07:10 PM
magistral(ramil) used a stp429_mini_missile 2-14-2021, 2:07:13 PM
magistral(ramil) used a stp429_mini_missile 2-14-2021, 2:07:13 PM
magistral(ramil) used a stp429_mini_missile 2-14-2021, 2:07:15 PM
magistral(ramil) used a stp429_mini_missile 2-14-2021, 2:07:15 PM
magistral(ramil) used a stp429_mini_missile 2-14-2021, 2:07:15 PM
magistral(ramil) used a stp429_mini_missile 2-14-2021, 2:07:15 PM
magistral(ramil) used a stp429_mini_missile 2-14-2021, 2:07:15 PM
magistral(ramil) used a stp429_mini_missile 2-14-2021, 2:07:15 PM
magistral(ramil) used a stp429_mini_missile 2-14-2021, 2:07:17 PM
magistral(ramil) used a stp429_mini_missile 2-14-2021, 2:07:17 PM
magistral(ramil) used a stp429_mini_missile 2-14-2021, 2:07:17 PM
magistral(ramil) used a storm_sniper 2-14-2021, 2:07:37 PM
magistral(ramil) used a stp429_mini_missile 2-14-2021, 2:07:54 PM
magistral(ramil) used a stp429_mini_missile 2-14-2021, 2:08:04 PM
magistral(ramil) used a stp429_mini_missile 2-14-2021, 2:08:04 PM
magistral(ramil) used a health_drink 2-14-2021, 2:08:08 PM
magistral(ramil) used a health_drink 2-14-2021, 2:08:08 PM
magistral(ramil) used a health_drink 2-14-2021, 2:08:08 PM
magistral(ramil) used a health_drink 2-14-2021, 2:08:09 PM
magistral(ramil) used a shield 2-14-2021, 2:08:09 PM
magistral(ramil) used a shield 2-14-2021, 2:08:10 PM
magistral(ramil) used a shield 2-14-2021, 2:08:10 PM
magistral(ramil) used a shield 2-14-2021, 2:08:16 PM
magistral(ramil) used a shield 2-14-2021, 2:08:16 PM
magistral(ramil) used a shield 2-14-2021, 2:08:17 PM
magistral(ramil) used a shield 2-14-2021, 2:08:17 PM
magistral(ramil) used a stp429_mini_missile 2-14-2021, 2:08:17 PM
magistral(ramil) used a stp429_mini_missile 2-14-2021, 2:08:17 PM
magistral(ramil) used a stp429_mini_missile 2-14-2021, 2:08:32 PM
magistral(ramil) used a stp429_mini_missile 2-14-2021, 2:08:32 PM
magistral(ramil) used a stp429_mini_missile 2-14-2021, 2:08:36 PM
magistral(ramil) used a stp429_mini_missile 2-14-2021, 2:08:36 PM
magistral(ramil) used a stp429_mini_missile 2-14-2021, 2:08:38 PM
magistral(ramil) used a stp429_mini_missile 2-14-2021, 2:08:38 PM
magistral(ramil) used a stp429_mini_missile 2-14-2021, 2:08:38 PM
magistral(ramil) used a stp429_mini_missile 2-14-2021, 2:08:43 PM
magistral(ramil) used a stp429_mini_missile 2-14-2021, 2:08:43 PM
magistral(ramil) used a stp429_mini_missile 2-14-2021, 2:08:47 PM
magistral(ramil) used a stp429_mini_missile 2-14-2021, 2:08:48 PM
magistral(ramil) used a stp429_mini_missile 2-14-2021, 2:08:48 PM
magistral(ramil) used a stp429_mini_missile 2-14-2021, 2:08:52 PM
magistral(ramil) used a stp429_mini_missile 2-14-2021, 2:08:53 PM
magistral(ramil) used a stp429_mini_missile 2-14-2021, 2:08:53 PM
magistral(ramil) used a stp429_mini_missile 2-14-2021, 2:08:53 PM
magistral(ramil) used a stp429_mini_missile 2-14-2021, 2:08:54 PM
magistral(ramil) used a stp429_mini_missile 2-14-2021, 2:08:54 PM
magistral(ramil) used a stp429_mini_missile 2-14-2021, 2:08:55 PM
magistral(ramil) used a stp429_mini_missile 2-14-2021, 2:09:01 PM
magistral(ramil) used a stp429_mini_missile 2-14-2021, 2:09:01 PM
magistral(ramil) used a stp429_mini_missile 2-14-2021, 2:09:01 PM
magistral(ramil) used a stp429_mini_missile 2-14-2021, 2:09:01 PM
magistral(ramil) used a stp429_mini_missile 2-14-2021, 2:09:01 PM
magistral(ramil) used a stp429_mini_missile 2-14-2021, 2:09:01 PM
magistral(ramil) used a stp429_mini_missile 2-14-2021, 2:09:02 PM
magistral(ramil) used a stp429_mini_missile 2-14-2021, 2:09:02 PM
magistral(ramil) used a stp429_mini_missile 2-14-2021, 2:09:02 PM
magistral(ramil) used a stp429_mini_missile 2-14-2021, 2:09:02 PM
magistral(ramil) used a stp429_mini_missile 2-14-2021, 2:09:03 PM
magistral(ramil) used a stp429_mini_missile 2-14-2021, 2:09:03 PM
magistral(ramil) used a stp429_mini_missile 2-14-2021, 2:09:03 PM
magistral(ramil) used a stp429_mini_missile 2-14-2021, 2:09:04 PM
magistral(ramil) used a stp429_mini_missile 2-14-2021, 2:09:04 PM
magistral(ramil) used a stp429_mini_missile 2-14-2021, 2:09:07 PM
magistral(ramil) used a stp429_mini_missile 2-14-2021, 2:09:07 PM
magistral(ramil) used a stp429_mini_missile 2-14-2021, 2:09:09 PM
magistral(ramil) used a stp429_mini_missile 2-14-2021, 2:09:09 PM
magistral(ramil) used a stp429_mini_missile 2-14-2021, 2:09:09 PM
magistral(ramil) used a stp429_mini_missile 2-14-2021, 2:09:14 PM
magistral(ramil) used a stp429_mini_missile 2-14-2021, 2:09:15 PM
magistral(ramil) used a throwing_star 2-14-2021, 2:09:17 PM
magistral(ramil) used a throwing_star 2-14-2021, 2:09:17 PM
magistral(ramil) used a hand_grenade 2-14-2021, 2:09:17 PM
magistral(ramil) used a throwing_star 2-14-2021, 2:09:17 PM
magistral(ramil) used a hand_grenade 2-14-2021, 2:09:17 PM
magistral(ramil) used a throwing_star 2-14-2021, 2:09:17 PM
magistral(ramil) used a hand_grenade 2-14-2021, 2:09:17 PM
magistral(ramil) used a hand_grenade 2-14-2021, 2:09:17 PM
magistral(ramil) used a throwing_star 2-14-2021, 2:09:17 PM
magistral(ramil) used a stp429_mini_missile 2-14-2021, 2:09:21 PM
magistral(ramil) used a stp429_mini_missile 2-14-2021, 2:09:24 PM
magistral(ramil) used a stp429_mini_missile 2-14-2021, 2:09:24 PM
magistral(ramil) used a stp429_mini_missile 2-14-2021, 2:09:29 PM
magistral(ramil) used a stp429_mini_missile 2-14-2021, 2:09:37 PM
magistral(ramil) used a stp429_mini_missile 2-14-2021, 2:09:37 PM
magistral(ramil) used a stp429_mini_missile 2-14-2021, 2:09:37 PM
magistral(ramil) used a stp429_mini_missile 2-14-2021, 2:09:37 PM
magistral(ramil) used a stp429_mini_missile 2-14-2021, 2:09:39 PM
magistral(ramil) used a stp429_mini_missile 2-14-2021, 2:09:40 PM
magistral(ramil) used a stp429_mini_missile 2-14-2021, 2:09:40 PM
magistral(ramil) used a shield 2-14-2021, 2:09:43 PM
magistral(ramil) used a shield 2-14-2021, 2:09:43 PM
magistral(ramil) used a shield 2-14-2021, 2:09:43 PM
magistral(ramil) used a shield 2-14-2021, 2:09:43 PM
magistral(ramil) used a shield 2-14-2021, 2:09:43 PM
magistral(ramil) used a stp429_mini_missile 2-14-2021, 2:09:48 PM
magistral(ramil) used a stp429_mini_missile 2-14-2021, 2:09:48 PM
magistral(ramil) used a stp429_mini_missile 2-14-2021, 2:09:48 PM
magistral(ramil) used a stp429_mini_missile 2-14-2021, 2:09:48 PM