
awesome(blind_gamer) used a milk 2-11-2021, 7:34:29 AM
awesome(blind_gamer) used a fnminimilight 2-11-2021, 7:34:35 AM
awesome(blind_gamer) used a tk_ultra_health_potion 2-11-2021, 7:35:20 AM
awesome(blind_gamer) used a tk_ultra_health_potion 2-11-2021, 7:35:21 AM
awesome(blind_gamer) used a fnminimilight_ammo_pack 2-11-2021, 7:35:40 AM
awesome(blind_gamer) used a fnminimilight_ammo_pack 2-11-2021, 7:35:40 AM
awesome(blind_gamer) used a fnminimilight_ammo_pack 2-11-2021, 7:35:40 AM
awesome(blind_gamer) used a fnminimilight_ammo_pack 2-11-2021, 7:35:41 AM
awesome(blind_gamer) used a fnminimilight_ammo_pack 2-11-2021, 7:35:41 AM
awesome(blind_gamer) used a fnminimilight_ammo_pack 2-11-2021, 7:35:41 AM
awesome(blind_gamer) used a fnminimilight_ammo_pack 2-11-2021, 7:35:41 AM
awesome(blind_gamer) used a fnminimilight_ammo_pack 2-11-2021, 7:35:41 AM
awesome(blind_gamer) used a fnminimilight_ammo_pack 2-11-2021, 7:35:41 AM
awesome(blind_gamer) used a fnminimilight_ammo_pack 2-11-2021, 7:35:41 AM
awesome(blind_gamer) used a fnminimilight_ammo_pack 2-11-2021, 7:35:42 AM
awesome(blind_gamer) used a fnminimilight_ammo_pack 2-11-2021, 7:35:42 AM
awesome(blind_gamer) used a fnminimilight_ammo_pack 2-11-2021, 7:35:42 AM
awesome(blind_gamer) used a fnminimilight_ammo_pack 2-11-2021, 7:35:42 AM
awesome(blind_gamer) used a fnminimilight_ammo_pack 2-11-2021, 7:35:42 AM
awesome(blind_gamer) used a fnminimilight_ammo_pack 2-11-2021, 7:35:42 AM
awesome(blind_gamer) used a fnminimilight_ammo_pack 2-11-2021, 7:35:42 AM
awesome(blind_gamer) used a fnminimilight_ammo_pack 2-11-2021, 7:35:43 AM
awesome(blind_gamer) used a fnminimilight_ammo_pack 2-11-2021, 7:35:43 AM
awesome(blind_gamer) used a fnminimilight_ammo_pack 2-11-2021, 7:35:43 AM
awesome(blind_gamer) used a fnminimilight_ammo_pack 2-11-2021, 7:35:43 AM
awesome(blind_gamer) used a fnminimilight_ammo_pack 2-11-2021, 7:35:43 AM
awesome(blind_gamer) used a fnminimilight_ammo_pack 2-11-2021, 7:35:43 AM
awesome(blind_gamer) used a fnminimilight_ammo_pack 2-11-2021, 7:35:44 AM
awesome(blind_gamer) used a fnminimilight_ammo_pack 2-11-2021, 7:35:44 AM
awesome(blind_gamer) used a fnminimilight_ammo_pack 2-11-2021, 7:35:44 AM
awesome(blind_gamer) used a fnminimilight_ammo_pack 2-11-2021, 7:35:44 AM
awesome(blind_gamer) used a fnminimilight_ammo_pack 2-11-2021, 7:35:44 AM
awesome(blind_gamer) used a fnminimilight_ammo_pack 2-11-2021, 7:35:44 AM
awesome(blind_gamer) used a fnminimilight_ammo_pack 2-11-2021, 7:35:44 AM
awesome(blind_gamer) used a fnminimilight_ammo_pack 2-11-2021, 7:35:45 AM
awesome(blind_gamer) used a fnminimilight_ammo_pack 2-11-2021, 7:35:45 AM
awesome(blind_gamer) used a fnminimilight_ammo_pack 2-11-2021, 7:35:45 AM
awesome(blind_gamer) used a fnminimilight_ammo_pack 2-11-2021, 7:35:45 AM
awesome(blind_gamer) used a fnminimilight_ammo_pack 2-11-2021, 7:35:45 AM
awesome(blind_gamer) used a fnminimilight_ammo_pack 2-11-2021, 7:35:45 AM
awesome(blind_gamer) used a stp429_mini_missile 2-11-2021, 7:36:05 AM
awesome(blind_gamer) used a stp429_mini_missile 2-11-2021, 7:36:12 AM
awesome(blind_gamer) used a stp429_mini_missile 2-11-2021, 7:36:12 AM
awesome(blind_gamer) used a stp429_mini_missile 2-11-2021, 7:36:12 AM
awesome(blind_gamer) used a stp429_mini_missile 2-11-2021, 7:36:13 AM
awesome(blind_gamer) used a stp429_mini_missile 2-11-2021, 7:36:13 AM
awesome(blind_gamer) used a stp429_mini_missile 2-11-2021, 7:36:14 AM
awesome(blind_gamer) used a stp429_mini_missile 2-11-2021, 7:36:14 AM
awesome(blind_gamer) used a stp429_mini_missile 2-11-2021, 7:36:14 AM
awesome(blind_gamer) used a stp429_mini_missile 2-11-2021, 7:36:14 AM
awesome(blind_gamer) used a stp429_mini_missile 2-11-2021, 7:36:14 AM
awesome(blind_gamer) used a stp429_mini_missile 2-11-2021, 7:36:14 AM
awesome(blind_gamer) used a stp429_mini_missile 2-11-2021, 7:36:14 AM
awesome(blind_gamer) used a stp429_mini_missile 2-11-2021, 7:36:16 AM
awesome(blind_gamer) used a stp429_mini_missile 2-11-2021, 7:36:16 AM
awesome(blind_gamer) used a stp429_mini_missile 2-11-2021, 7:36:16 AM
awesome(blind_gamer) used a stp429_mini_missile 2-11-2021, 7:36:17 AM
awesome(blind_gamer) used a stp429_mini_missile 2-11-2021, 7:36:17 AM
awesome(blind_gamer) used a modern_sub_machine_gun_carbine 2-11-2021, 7:36:29 AM
awesome(blind_gamer) used a modern_sub_machine_gun_carbine 2-11-2021, 7:36:29 AM
awesome(blind_gamer) used a hand_cannon 2-11-2021, 7:36:52 AM
awesome(blind_gamer) used a hand_cannon 2-11-2021, 7:36:52 AM
awesome(blind_gamer) used a hand_cannon 2-11-2021, 7:36:52 AM
awesome(blind_gamer) used a tk_ultra_health_potion 2-11-2021, 7:37:29 AM
awesome(blind_gamer) used a tk_ultra_health_potion 2-11-2021, 7:37:29 AM
awesome(blind_gamer) used a armored_tank 2-11-2021, 7:39:05 AM
awesome(blind_gamer) used a armored_tank 2-11-2021, 7:39:05 AM
awesome(blind_gamer) used a tk_ultra_health_potion 2-11-2021, 7:39:19 AM
awesome(blind_gamer) used a tk_ultra_health_potion 2-11-2021, 7:39:19 AM
awesome(blind_gamer) used a carrier_missile 2-11-2021, 7:40:20 AM
awesome(blind_gamer) used a carrier_missile 2-11-2021, 7:41:24 AM
awesome(blind_gamer) used a shield 2-11-2021, 7:42:36 AM
awesome(blind_gamer) used a shield 2-11-2021, 7:42:36 AM
awesome(blind_gamer) used a shield 2-11-2021, 7:42:37 AM
awesome(blind_gamer) used a shield 2-11-2021, 7:42:37 AM
awesome(blind_gamer) used a shield 2-11-2021, 7:42:37 AM
awesome(blind_gamer) used a shield 2-11-2021, 7:42:37 AM
awesome(blind_gamer) used a shield 2-11-2021, 7:42:37 AM
awesome(blind_gamer) used a shield 2-11-2021, 7:42:37 AM
awesome(blind_gamer) used a shield 2-11-2021, 7:42:37 AM
awesome(blind_gamer) used a shield 2-11-2021, 7:42:38 AM
awesome(blind_gamer) used a shield 2-11-2021, 7:42:38 AM
awesome(blind_gamer) used a shield 2-11-2021, 7:42:38 AM
awesome(blind_gamer) used a shield 2-11-2021, 7:42:38 AM
awesome(blind_gamer) used a shield 2-11-2021, 7:42:38 AM
awesome(blind_gamer) used a shield 2-11-2021, 7:42:38 AM
awesome(blind_gamer) used a shield 2-11-2021, 7:42:38 AM
awesome(blind_gamer) used a shield 2-11-2021, 7:42:39 AM
awesome(blind_gamer) used a shield 2-11-2021, 7:42:39 AM
awesome(blind_gamer) used a shield 2-11-2021, 7:42:39 AM
awesome(blind_gamer) used a shield 2-11-2021, 7:42:39 AM
awesome(blind_gamer) used a carrier_missile 2-11-2021, 7:45:48 AM
awesome(blind_gamer) used a carrier_missile 2-11-2021, 7:45:48 AM
awesome(blind_gamer) used a carrier_missile 2-11-2021, 7:46:01 AM
awesome(blind_gamer) used a hand_cannon 2-11-2021, 7:47:55 AM
awesome(blind_gamer) used a hand_cannon 2-11-2021, 7:47:55 AM
awesome(blind_gamer) used a police_car 2-11-2021, 7:50:15 AM
awesome(blind_gamer) used a police_car 2-11-2021, 7:50:15 AM
awesome(blind_gamer) used a hand_cannon 2-11-2021, 7:50:54 AM
awesome(blind_gamer) used a hand_cannon 2-11-2021, 7:50:55 AM
awesome(blind_gamer) used a police_car 2-11-2021, 7:52:19 AM
awesome(blind_gamer) used a sky_372_laser_machinegun 2-11-2021, 7:53:47 AM
awesome(blind_gamer) used a sky_372_laser_machinegun 2-11-2021, 7:53:47 AM
awesome(blind_gamer) used a sky_372_laser_machinegun 2-11-2021, 7:53:47 AM
awesome(blind_gamer) used a hand_cannon 2-11-2021, 7:54:45 AM
awesome(blind_gamer) used a hand_cannon 2-11-2021, 7:54:45 AM
awesome(blind_gamer) used a hand_cannon 2-11-2021, 7:54:45 AM
awesome(blind_gamer) used a tk_ultra_health_potion 2-11-2021, 7:55:10 AM
awesome(blind_gamer) used a tk_ultra_health_potion 2-11-2021, 7:55:10 AM
awesome(blind_gamer) used a sky_372_laser_machinegun 2-11-2021, 7:57:13 AM
awesome(blind_gamer) used a sky_372_laser_machinegun 2-11-2021, 7:57:14 AM
awesome(blind_gamer) used a sky_372_laser_machinegun 2-11-2021, 7:57:14 AM
awesome(blind_gamer) used a tk_ultra_health_potion 2-11-2021, 7:58:04 AM
awesome(blind_gamer) used a tk_ultra_health_potion 2-11-2021, 7:58:05 AM
awesome(blind_gamer) used a tk_ultra_health_potion 2-11-2021, 7:58:05 AM
awesome(blind_gamer) used a tk_ultra_health_potion 2-11-2021, 7:59:21 AM
awesome(blind_gamer) used a tk_ultra_health_potion 2-11-2021, 7:59:21 AM
awesome(blind_gamer) used a tk_ultra_health_potion 2-11-2021, 7:59:21 AM
awesome(blind_gamer) used a tk_ultra_health_potion 2-11-2021, 8:03:58 AM
awesome(blind_gamer) used a tk_ultra_health_potion 2-11-2021, 8:03:58 AM
awesome(blind_gamer) used a tk_ultra_health_potion 2-11-2021, 8:03:59 AM