
SuperHero(SuperHero) used a wood_pack 2-11-2021, 2:19:17 PM
SuperHero(SuperHero) used a wood_pack 2-11-2021, 2:19:18 PM
SuperHero(SuperHero) used a wood_pack 2-11-2021, 2:19:18 PM
SuperHero(SuperHero) used a wood_pack 2-11-2021, 2:19:18 PM
SuperHero(SuperHero) used a wood_pack 2-11-2021, 2:19:18 PM
SuperHero(SuperHero) used a wood_pack 2-11-2021, 2:19:18 PM
SuperHero(SuperHero) used a wood_pack 2-11-2021, 2:19:20 PM
SuperHero(SuperHero) used a wood_pack 2-11-2021, 2:19:20 PM
SuperHero(SuperHero) used a wood_pack 2-11-2021, 2:19:20 PM
SuperHero(SuperHero) used a wood_pack 2-11-2021, 2:19:20 PM
SuperHero(SuperHero) used a wood_pack 2-11-2021, 2:19:45 PM
SuperHero(SuperHero) used a wood_pack 2-11-2021, 2:19:46 PM
SuperHero(SuperHero) used a wood_pack 2-11-2021, 2:19:46 PM
SuperHero(SuperHero) used a wood_pack 2-11-2021, 2:19:46 PM
SuperHero(SuperHero) used a wood_pack 2-11-2021, 2:19:47 PM
SuperHero(SuperHero) used a wood_pack 2-11-2021, 2:19:47 PM
SuperHero(SuperHero) used a wood_pack 2-11-2021, 2:19:47 PM
SuperHero(SuperHero) used a wood_pack 2-11-2021, 2:19:48 PM
SuperHero(SuperHero) used a wood_pack 2-11-2021, 2:19:48 PM
SuperHero(SuperHero) used a wood_pack 2-11-2021, 2:19:48 PM
SuperHero(SuperHero) used a wood 2-11-2021, 2:20:42 PM
SuperHero(SuperHero) used a coin 2-11-2021, 2:22:19 PM
SuperHero(SuperHero) used a coin 2-11-2021, 2:22:21 PM
SuperHero(SuperHero) used a coin 2-11-2021, 2:22:27 PM
SuperHero(SuperHero) used a coin 2-11-2021, 2:22:56 PM
SuperHero(SuperHero) used a coin 2-11-2021, 2:23:04 PM
SuperHero(SuperHero) used a coin 2-11-2021, 2:23:06 PM
SuperHero(SuperHero) used a coin 2-11-2021, 2:23:43 PM
SuperHero(SuperHero) used a coin 2-11-2021, 2:24:08 PM
SuperHero(SuperHero) used a coin 2-11-2021, 2:24:09 PM
SuperHero(SuperHero) used a coin 2-11-2021, 2:24:10 PM
SuperHero(SuperHero) used a coin 2-11-2021, 2:24:10 PM
SuperHero(SuperHero) used a coin 2-11-2021, 2:24:10 PM
SuperHero(SuperHero) used a coin 2-11-2021, 2:24:13 PM
SuperHero(SuperHero) used a coin 2-11-2021, 2:24:16 PM
SuperHero(SuperHero) used a coin 2-11-2021, 2:24:50 PM
SuperHero(SuperHero) used a coin 2-11-2021, 2:25:09 PM
SuperHero(SuperHero) used a coin 2-11-2021, 2:30:19 PM
SuperHero(SuperHero) used a coin 2-11-2021, 2:30:24 PM
SuperHero(SuperHero) used a coin 2-11-2021, 2:30:31 PM
SuperHero(SuperHero) used a coin 2-11-2021, 2:30:35 PM
SuperHero(SuperHero) used a coin 2-11-2021, 2:30:36 PM
SuperHero(SuperHero) used a coin 2-11-2021, 2:30:38 PM
SuperHero(SuperHero) used a coin 2-11-2021, 2:30:38 PM
SuperHero(SuperHero) used a coin 2-11-2021, 2:30:45 PM
SuperHero(SuperHero) used a coin 2-11-2021, 2:32:49 PM
SuperHero(SuperHero) used a coin 2-11-2021, 2:32:51 PM
SuperHero(SuperHero) used a coin 2-11-2021, 2:32:53 PM
SuperHero(SuperHero) used a coin 2-11-2021, 2:32:55 PM
SuperHero(SuperHero) used a coin 2-11-2021, 2:32:58 PM
SuperHero(SuperHero) used a coin 2-11-2021, 2:33:07 PM
SuperHero(SuperHero) used a coin 2-11-2021, 2:33:22 PM
SuperHero(SuperHero) used a coin 2-11-2021, 2:33:25 PM
SuperHero(SuperHero) used a coin 2-11-2021, 2:33:41 PM
SuperHero(SuperHero) used a coin 2-11-2021, 2:35:43 PM
SuperHero(SuperHero) used a tk_ultra_health_potion 2-11-2021, 2:48:26 PM
SuperHero(SuperHero) used a shield 2-11-2021, 2:49:41 PM
SuperHero(SuperHero) used a shield 2-11-2021, 2:49:42 PM
SuperHero(SuperHero) used a shield 2-11-2021, 2:49:42 PM
SuperHero(SuperHero) used a shield 2-11-2021, 2:49:44 PM
SuperHero(SuperHero) used a shield 2-11-2021, 2:49:46 PM
SuperHero(SuperHero) used a shield 2-11-2021, 2:49:46 PM
SuperHero(SuperHero) used a shield 2-11-2021, 2:49:51 PM
SuperHero(SuperHero) used a shield 2-11-2021, 2:49:53 PM
SuperHero(SuperHero) used a barrett_m82_sniper_rifle 2-11-2021, 3:15:20 PM
SuperHero(SuperHero) used a barrett_m82_sniper_rifle 2-11-2021, 3:15:21 PM
SuperHero(SuperHero) used a colt_ar_15_assault_rifle 2-11-2021, 3:19:05 PM
SuperHero(SuperHero) used a colt_ar_15_assault_rifle 2-11-2021, 3:19:06 PM
SuperHero(SuperHero) used a pack_of_100_ammo_m16_assault_rifle 2-11-2021, 3:19:18 PM
SuperHero(SuperHero) used a pack_of_100_ammo_m16_assault_rifle 2-11-2021, 3:19:18 PM
SuperHero(SuperHero) used a pack_of_100_ammo_m16_assault_rifle 2-11-2021, 3:19:18 PM
SuperHero(SuperHero) used a pack_of_100_ammo_m16_assault_rifle 2-11-2021, 3:19:18 PM
SuperHero(SuperHero) used a pack_of_100_ammo_m16_assault_rifle 2-11-2021, 3:19:19 PM
SuperHero(SuperHero) used a pack_of_100_ammo_m16_assault_rifle 2-11-2021, 3:19:19 PM
SuperHero(SuperHero) used a pack_of_100_ammo_m16_assault_rifle 2-11-2021, 3:19:20 PM
SuperHero(SuperHero) used a pack_of_100_ammo_m16_assault_rifle 2-11-2021, 3:19:20 PM
SuperHero(SuperHero) used a pack_of_100_ammo_m16_assault_rifle 2-11-2021, 3:19:20 PM
SuperHero(SuperHero) used a rpg7 2-11-2021, 3:19:28 PM
SuperHero(SuperHero) used a rpg7 2-11-2021, 3:19:29 PM
SuperHero(SuperHero) used a rpg7_ammo_pack 2-11-2021, 3:19:41 PM
SuperHero(SuperHero) used a rpg7_ammo_pack 2-11-2021, 3:19:42 PM
SuperHero(SuperHero) used a rpg7_ammo_pack 2-11-2021, 3:19:42 PM
SuperHero(SuperHero) used a rpg7_ammo_pack 2-11-2021, 3:19:42 PM
SuperHero(SuperHero) used a rpg7_ammo_pack 2-11-2021, 3:19:42 PM
SuperHero(SuperHero) used a rpg7_ammo_pack 2-11-2021, 3:19:43 PM
SuperHero(SuperHero) used a rpg7_ammo_pack 2-11-2021, 3:19:45 PM
SuperHero(SuperHero) used a rpg7_ammo_pack 2-11-2021, 3:19:45 PM
SuperHero(SuperHero) used a rpg7_ammo_pack 2-11-2021, 3:19:45 PM
SuperHero(SuperHero) used a rpg7_ammo_pack 2-11-2021, 3:19:45 PM
SuperHero(SuperHero) used a rpg7 2-11-2021, 3:19:54 PM