
mutant(mutant) used a nak_nk1000_decimater 8-13-2020, 12:09:46 PM
mutant(mutant) used a hand_cannon 8-13-2020, 12:13:22 PM
mutant(mutant) used a concussive_grenade 8-13-2020, 12:13:33 PM
mutant(mutant) used a cannon_ammo_pack 8-13-2020, 12:16:09 PM
mutant(mutant) used a cannon_ammo_pack 8-13-2020, 12:16:09 PM
mutant(mutant) used a cannon_ammo_pack 8-13-2020, 12:16:09 PM
mutant(mutant) used a cannon_ammo_pack 8-13-2020, 12:16:09 PM
mutant(mutant) used a cannon_ammo_pack 8-13-2020, 12:16:09 PM
mutant(mutant) used a cannon_ammo_pack 8-13-2020, 12:16:09 PM
mutant(mutant) used a cannon_ammo_pack 8-13-2020, 12:16:10 PM
mutant(mutant) used a cannon_ammo_pack 8-13-2020, 12:16:10 PM
mutant(mutant) used a cannon_ammo_pack 8-13-2020, 12:16:10 PM
mutant(mutant) used a cannon_ammo_pack 8-13-2020, 12:16:10 PM
mutant(mutant) used a cannon_ammo_pack 8-13-2020, 12:16:10 PM
mutant(mutant) used a cannon_ammo_pack 8-13-2020, 12:16:10 PM
mutant(mutant) used a cannon_ammo_pack 8-13-2020, 12:16:10 PM
mutant(mutant) used a cannon_ammo_pack 8-13-2020, 12:16:10 PM
mutant(mutant) used a cannon_ammo_pack 8-13-2020, 12:16:10 PM
mutant(mutant) used a cannon_ammo_pack 8-13-2020, 12:16:11 PM
mutant(mutant) used a cannon_ammo_pack 8-13-2020, 12:16:11 PM
mutant(mutant) used a cannon_ammo_pack 8-13-2020, 12:16:11 PM
mutant(mutant) used a cannon_ammo_pack 8-13-2020, 12:16:11 PM
mutant(mutant) used a cannon_ammo_pack 8-13-2020, 12:16:11 PM
mutant(mutant) used a cannon_ammo_pack 8-13-2020, 12:16:11 PM
mutant(mutant) used a cannon_ammo_pack 8-13-2020, 12:16:11 PM
mutant(mutant) used a cannon_ammo_pack 8-13-2020, 12:16:11 PM
mutant(mutant) used a cannon_ammo_pack 8-13-2020, 12:16:12 PM
mutant(mutant) used a cannon_ammo_pack 8-13-2020, 12:16:12 PM
mutant(mutant) used a cannon_ammo_pack 8-13-2020, 12:16:12 PM
mutant(mutant) used a cannon_ammo_pack 8-13-2020, 12:16:12 PM
mutant(mutant) used a cannon_ammo_pack 8-13-2020, 12:16:12 PM
mutant(mutant) used a cannon_ammo_pack 8-13-2020, 12:16:12 PM
mutant(mutant) used a cannon_ammo_pack 8-13-2020, 12:16:13 PM
mutant(mutant) used a cannon_ammo_pack 8-13-2020, 12:16:13 PM
mutant(mutant) used a cannon_ammo_pack 8-13-2020, 12:16:14 PM
mutant(mutant) used a cannon_ammo_pack 8-13-2020, 12:16:14 PM
mutant(mutant) used a cannon_ammo_pack 8-13-2020, 12:16:15 PM
mutant(mutant) used a cannon_ammo_pack 8-13-2020, 12:16:15 PM
mutant(mutant) used a cannon_ammo_pack 8-13-2020, 12:16:15 PM
mutant(mutant) used a cannon_ammo_pack 8-13-2020, 12:16:15 PM
mutant(mutant) used a cannon_ammo_pack 8-13-2020, 12:16:16 PM
mutant(mutant) used a cannon_ammo_pack 8-13-2020, 12:16:16 PM
mutant(mutant) used a cannon_ammo_pack 8-13-2020, 12:16:16 PM
mutant(mutant) used a cannon_ammo_pack 8-13-2020, 12:16:16 PM
mutant(mutant) used a cannon_ammo_pack 8-13-2020, 12:16:16 PM
mutant(mutant) used a cannon_ammo_pack 8-13-2020, 12:16:16 PM
mutant(mutant) used a cannon_ammo_pack 8-13-2020, 12:16:16 PM
mutant(mutant) used a cannon_ammo_pack 8-13-2020, 12:16:16 PM
mutant(mutant) used a cannon_ammo_pack 8-13-2020, 12:16:17 PM
mutant(mutant) used a cannon_ammo_pack 8-13-2020, 12:16:17 PM
mutant(mutant) used a cannon_ammo_pack 8-13-2020, 12:16:17 PM
mutant(mutant) used a cannon_ammo_pack 8-13-2020, 12:16:17 PM
mutant(mutant) used a cannon_ammo_pack 8-13-2020, 12:16:17 PM
mutant(mutant) used a cannon_ammo_pack 8-13-2020, 12:16:17 PM
mutant(mutant) used a cannon_ammo_pack 8-13-2020, 12:16:18 PM
mutant(mutant) used a suicide_bomb 8-13-2020, 12:17:16 PM
mutant(mutant) used a suicide_bomb 8-13-2020, 12:17:17 PM
mutant(mutant) used a concussive_grenade 8-13-2020, 12:17:45 PM
mutant(mutant) used a concussive_grenade 8-13-2020, 12:17:45 PM
mutant(mutant) used a concussive_grenade 8-13-2020, 12:17:45 PM
mutant(mutant) used a concussive_grenade 8-13-2020, 12:17:46 PM
mutant(mutant) used a hand_cannon 8-13-2020, 12:17:51 PM
mutant(mutant) used a hand_cannon 8-13-2020, 12:17:51 PM
mutant(mutant) used a hand_cannon 8-13-2020, 12:17:51 PM
mutant(mutant) used a hand_cannon 8-13-2020, 12:17:52 PM
mutant(mutant) used a hand_cannon 8-13-2020, 12:18:38 PM
mutant(mutant) used a nak_nk1000_decimater 8-13-2020, 12:22:34 PM
mutant(mutant) used a tk_dollar 8-13-2020, 12:23:41 PM
mutant(mutant) used a tk_dollar 8-13-2020, 12:23:41 PM
mutant(mutant) used a tk_dollar 8-13-2020, 12:23:52 PM
mutant(mutant) used a tk_dollar 8-13-2020, 12:23:52 PM
mutant(mutant) used a tk_dollar 8-13-2020, 12:23:53 PM
mutant(mutant) used a tk_dollar 8-13-2020, 12:23:53 PM
mutant(mutant) used a tk_ultra_health_potion 8-13-2020, 12:33:53 PM
mutant(mutant) used a tk_ultra_health_potion 8-13-2020, 12:33:53 PM
mutant(mutant) used a hand_cannon 8-13-2020, 12:34:01 PM
mutant(mutant) used a hand_cannon 8-13-2020, 12:34:02 PM
mutant(mutant) used a hand_cannon 8-13-2020, 12:34:03 PM
mutant(mutant) used a hand_cannon 8-13-2020, 12:34:04 PM
mutant(mutant) used a hand_cannon 8-13-2020, 12:34:04 PM
mutant(mutant) used a pack_of_4_ammo_hand_cannon 8-13-2020, 12:34:30 PM
mutant(mutant) used a pack_of_4_ammo_hand_cannon 8-13-2020, 12:34:30 PM
mutant(mutant) used a pack_of_4_ammo_hand_cannon 8-13-2020, 12:34:30 PM
mutant(mutant) used a pack_of_4_ammo_hand_cannon 8-13-2020, 12:34:30 PM
mutant(mutant) used a pack_of_4_ammo_hand_cannon 8-13-2020, 12:34:30 PM
mutant(mutant) used a pack_of_4_ammo_hand_cannon 8-13-2020, 12:34:31 PM
mutant(mutant) used a pack_of_4_ammo_hand_cannon 8-13-2020, 12:34:31 PM
mutant(mutant) used a pack_of_4_ammo_hand_cannon 8-13-2020, 12:34:31 PM
mutant(mutant) used a pack_of_4_ammo_hand_cannon 8-13-2020, 12:34:31 PM
mutant(mutant) used a pack_of_4_ammo_hand_cannon 8-13-2020, 12:34:31 PM
mutant(mutant) used a pack_of_4_ammo_hand_cannon 8-13-2020, 12:34:32 PM
mutant(mutant) used a pack_of_4_ammo_hand_cannon 8-13-2020, 12:34:32 PM
mutant(mutant) used a pack_of_4_ammo_hand_cannon 8-13-2020, 12:34:32 PM
mutant(mutant) used a pack_of_4_ammo_hand_cannon 8-13-2020, 12:34:32 PM
mutant(mutant) used a pack_of_4_ammo_hand_cannon 8-13-2020, 12:34:32 PM
mutant(mutant) used a pack_of_4_ammo_hand_cannon 8-13-2020, 12:34:33 PM
mutant(mutant) used a pack_of_4_ammo_hand_cannon 8-13-2020, 12:34:33 PM
mutant(mutant) used a pack_of_4_ammo_hand_cannon 8-13-2020, 12:34:33 PM
mutant(mutant) used a pack_of_4_ammo_hand_cannon 8-13-2020, 12:34:33 PM
mutant(mutant) used a pack_of_4_ammo_hand_cannon 8-13-2020, 12:34:33 PM
mutant(mutant) used a pack_of_4_ammo_hand_cannon 8-13-2020, 12:34:33 PM
mutant(mutant) used a pack_of_4_ammo_hand_cannon 8-13-2020, 12:34:34 PM
mutant(mutant) used a pack_of_4_ammo_hand_cannon 8-13-2020, 12:34:34 PM
mutant(mutant) used a pack_of_4_ammo_hand_cannon 8-13-2020, 12:34:34 PM
mutant(mutant) used a pack_of_4_ammo_hand_cannon 8-13-2020, 12:34:34 PM
mutant(mutant) used a pack_of_4_ammo_hand_cannon 8-13-2020, 12:34:34 PM
mutant(mutant) used a pack_of_4_ammo_hand_cannon 8-13-2020, 12:34:34 PM
mutant(mutant) used a pack_of_4_ammo_hand_cannon 8-13-2020, 12:34:35 PM
mutant(mutant) used a pack_of_4_ammo_hand_cannon 8-13-2020, 12:34:35 PM
mutant(mutant) used a pack_of_4_ammo_hand_cannon 8-13-2020, 12:34:35 PM
mutant(mutant) used a pack_of_4_ammo_hand_cannon 8-13-2020, 12:34:35 PM
mutant(mutant) used a pack_of_4_ammo_hand_cannon 8-13-2020, 12:34:36 PM
mutant(mutant) used a pack_of_4_ammo_hand_cannon 8-13-2020, 12:34:36 PM
mutant(mutant) used a pack_of_4_ammo_hand_cannon 8-13-2020, 12:34:36 PM
mutant(mutant) used a pack_of_4_ammo_hand_cannon 8-13-2020, 12:34:36 PM
mutant(mutant) used a pack_of_4_ammo_hand_cannon 8-13-2020, 12:34:36 PM
mutant(mutant) used a pack_of_4_ammo_hand_cannon 8-13-2020, 12:34:36 PM
mutant(mutant) used a pack_of_4_ammo_hand_cannon 8-13-2020, 12:34:36 PM
mutant(mutant) used a pack_of_4_ammo_hand_cannon 8-13-2020, 12:34:37 PM
mutant(mutant) used a pack_of_4_ammo_hand_cannon 8-13-2020, 12:34:37 PM
mutant(mutant) used a pack_of_4_ammo_hand_cannon 8-13-2020, 12:34:37 PM
mutant(mutant) used a pack_of_4_ammo_hand_cannon 8-13-2020, 12:34:37 PM
mutant(mutant) used a pack_of_4_ammo_hand_cannon 8-13-2020, 12:34:37 PM
mutant(mutant) used a pack_of_4_ammo_hand_cannon 8-13-2020, 12:34:37 PM
mutant(mutant) used a pack_of_4_ammo_hand_cannon 8-13-2020, 12:34:37 PM
mutant(mutant) used a pack_of_4_ammo_hand_cannon 8-13-2020, 12:34:38 PM
mutant(mutant) used a pack_of_4_ammo_hand_cannon 8-13-2020, 12:34:38 PM
mutant(mutant) used a pack_of_4_ammo_hand_cannon 8-13-2020, 12:34:38 PM
mutant(mutant) used a pack_of_4_ammo_hand_cannon 8-13-2020, 12:34:38 PM
mutant(mutant) used a pack_of_4_ammo_hand_cannon 8-13-2020, 12:34:38 PM
mutant(mutant) used a pack_of_4_ammo_hand_cannon 8-13-2020, 12:34:39 PM
mutant(mutant) used a pack_of_4_ammo_hand_cannon 8-13-2020, 12:34:39 PM
mutant(mutant) used a pack_of_4_ammo_hand_cannon 8-13-2020, 12:34:39 PM
mutant(mutant) used a pack_of_4_ammo_hand_cannon 8-13-2020, 12:34:39 PM
mutant(mutant) used a pack_of_4_ammo_hand_cannon 8-13-2020, 12:34:40 PM
mutant(mutant) used a pack_of_4_ammo_hand_cannon 8-13-2020, 12:34:40 PM
mutant(mutant) used a pack_of_4_ammo_hand_cannon 8-13-2020, 12:34:40 PM
mutant(mutant) used a pack_of_4_ammo_hand_cannon 8-13-2020, 12:34:40 PM
mutant(mutant) used a pack_of_4_ammo_hand_cannon 8-13-2020, 12:34:41 PM
mutant(mutant) used a pack_of_4_ammo_hand_cannon 8-13-2020, 12:34:41 PM
mutant(mutant) used a pack_of_4_ammo_hand_cannon 8-13-2020, 12:34:41 PM
mutant(mutant) used a pack_of_4_ammo_hand_cannon 8-13-2020, 12:34:41 PM
mutant(mutant) used a pack_of_4_ammo_hand_cannon 8-13-2020, 12:34:42 PM
mutant(mutant) used a pack_of_4_ammo_hand_cannon 8-13-2020, 12:34:42 PM
mutant(mutant) used a pack_of_4_ammo_hand_cannon 8-13-2020, 12:34:42 PM
mutant(mutant) used a pack_of_4_ammo_hand_cannon 8-13-2020, 12:34:42 PM
mutant(mutant) used a pack_of_4_ammo_hand_cannon 8-13-2020, 12:34:42 PM
mutant(mutant) used a pack_of_4_ammo_hand_cannon 8-13-2020, 12:34:42 PM
mutant(mutant) used a pack_of_4_ammo_hand_cannon 8-13-2020, 12:34:42 PM
mutant(mutant) used a pack_of_4_ammo_hand_cannon 8-13-2020, 12:34:42 PM
mutant(mutant) used a pack_of_4_ammo_hand_cannon 8-13-2020, 12:34:43 PM
mutant(mutant) used a pack_of_4_ammo_hand_cannon 8-13-2020, 12:34:43 PM
mutant(mutant) used a pack_of_4_ammo_hand_cannon 8-13-2020, 12:34:43 PM
mutant(mutant) used a pack_of_4_ammo_hand_cannon 8-13-2020, 12:34:43 PM
mutant(mutant) used a pack_of_4_ammo_hand_cannon 8-13-2020, 12:34:43 PM
mutant(mutant) used a tk_ultra_health_potion 8-13-2020, 12:34:59 PM
mutant(mutant) used a tk_ultra_health_potion 8-13-2020, 12:34:59 PM
mutant(mutant) used a shield 8-13-2020, 12:35:39 PM
mutant(mutant) used a shield 8-13-2020, 12:35:39 PM
mutant(mutant) used a shield 8-13-2020, 12:35:39 PM
mutant(mutant) used a shield 8-13-2020, 12:35:39 PM
mutant(mutant) used a shield 8-13-2020, 12:35:39 PM
mutant(mutant) used a shield 8-13-2020, 12:35:40 PM
mutant(mutant) used a shield 8-13-2020, 12:35:40 PM
mutant(mutant) used a shield 8-13-2020, 12:35:40 PM
mutant(mutant) used a shield 8-13-2020, 12:35:40 PM
mutant(mutant) used a shield 8-13-2020, 12:35:40 PM
mutant(mutant) used a shield 8-13-2020, 12:35:40 PM
mutant(mutant) used a shield 8-13-2020, 12:35:40 PM
mutant(mutant) used a shield 8-13-2020, 12:35:41 PM
mutant(mutant) used a shield 8-13-2020, 12:35:41 PM
mutant(mutant) used a shield 8-13-2020, 12:35:41 PM
mutant(mutant) used a shield 8-13-2020, 12:35:42 PM
mutant(mutant) used a tk_ultra_health_potion 8-13-2020, 12:36:33 PM
mutant(mutant) used a health_orb 8-13-2020, 12:36:43 PM
mutant(mutant) used a health_orb 8-13-2020, 12:36:44 PM
mutant(mutant) used a health_orb 8-13-2020, 12:36:44 PM
mutant(mutant) used a shield 8-13-2020, 12:37:15 PM
mutant(mutant) used a shield 8-13-2020, 12:37:15 PM
mutant(mutant) used a shield 8-13-2020, 12:37:15 PM
mutant(mutant) used a shield 8-13-2020, 12:37:15 PM
mutant(mutant) used a shield 8-13-2020, 12:37:16 PM
mutant(mutant) used a shield 8-13-2020, 12:37:16 PM
mutant(mutant) used a shield 8-13-2020, 12:37:16 PM
mutant(mutant) used a shield 8-13-2020, 12:37:16 PM
mutant(mutant) used a shield 8-13-2020, 12:37:16 PM
mutant(mutant) used a shield 8-13-2020, 12:37:16 PM
mutant(mutant) used a shield 8-13-2020, 12:37:17 PM
mutant(mutant) used a shield 8-13-2020, 12:37:17 PM
mutant(mutant) used a shield 8-13-2020, 12:37:17 PM
mutant(mutant) used a shield 8-13-2020, 12:37:17 PM
mutant(mutant) used a shield 8-13-2020, 12:37:18 PM
mutant(mutant) used a shield 8-13-2020, 12:37:18 PM
mutant(mutant) used a shield 8-13-2020, 12:37:19 PM
mutant(mutant) used a shield 8-13-2020, 12:37:19 PM
mutant(mutant) used a shield 8-13-2020, 12:37:19 PM
mutant(mutant) used a shield 8-13-2020, 12:37:19 PM
mutant(mutant) used a shield 8-13-2020, 12:37:19 PM
mutant(mutant) used a shield 8-13-2020, 12:37:19 PM
mutant(mutant) used a shield 8-13-2020, 12:37:20 PM
mutant(mutant) used a shield 8-13-2020, 12:37:20 PM
mutant(mutant) used a shield 8-13-2020, 12:37:20 PM
mutant(mutant) used a shield 8-13-2020, 12:37:20 PM
mutant(mutant) used a shield 8-13-2020, 12:37:20 PM
mutant(mutant) used a shield 8-13-2020, 12:37:21 PM
mutant(mutant) used a shield 8-13-2020, 12:37:21 PM
mutant(mutant) used a health_drink 8-13-2020, 12:37:27 PM
mutant(mutant) used a health_drink 8-13-2020, 12:37:27 PM
mutant(mutant) used a health_drink 8-13-2020, 12:37:28 PM
mutant(mutant) used a health_drink 8-13-2020, 12:37:28 PM
mutant(mutant) used a health_drink 8-13-2020, 12:37:29 PM
mutant(mutant) used a health_drink 8-13-2020, 12:37:29 PM
mutant(mutant) used a health_drink 8-13-2020, 12:37:30 PM
mutant(mutant) used a health_drink 8-13-2020, 12:37:30 PM
mutant(mutant) used a health_drink 8-13-2020, 12:37:31 PM
mutant(mutant) used a health_drink 8-13-2020, 12:37:31 PM
mutant(mutant) used a health_drink 8-13-2020, 12:37:31 PM
mutant(mutant) used a health_drink 8-13-2020, 12:37:32 PM
mutant(mutant) used a health_drink 8-13-2020, 12:37:33 PM
mutant(mutant) used a health_drink 8-13-2020, 12:37:33 PM
mutant(mutant) used a health_drink 8-13-2020, 12:37:33 PM
mutant(mutant) used a health_drink 8-13-2020, 12:37:34 PM
mutant(mutant) used a health_drink 8-13-2020, 12:37:34 PM
mutant(mutant) used a health_drink 8-13-2020, 12:37:34 PM
mutant(mutant) used a health_drink 8-13-2020, 12:37:35 PM
mutant(mutant) used a health_drink 8-13-2020, 12:37:36 PM
mutant(mutant) used a health_drink 8-13-2020, 12:37:36 PM
mutant(mutant) used a health_drink 8-13-2020, 12:37:37 PM
mutant(mutant) used a health_drink 8-13-2020, 12:37:37 PM
mutant(mutant) used a health_drink 8-13-2020, 12:37:37 PM
mutant(mutant) used a health_drink 8-13-2020, 12:37:38 PM
mutant(mutant) used a health_drink 8-13-2020, 12:37:38 PM
mutant(mutant) used a health_drink 8-13-2020, 12:37:39 PM
mutant(mutant) used a health_drink 8-13-2020, 12:37:39 PM
mutant(mutant) used a health_drink 8-13-2020, 12:37:40 PM
mutant(mutant) used a health_drink 8-13-2020, 12:37:40 PM
mutant(mutant) used a health_drink 8-13-2020, 12:37:41 PM
mutant(mutant) used a health_drink 8-13-2020, 12:37:41 PM
mutant(mutant) used a health_drink 8-13-2020, 12:37:41 PM
mutant(mutant) used a health_drink 8-13-2020, 12:37:42 PM
mutant(mutant) used a health_drink 8-13-2020, 12:37:43 PM
mutant(mutant) used a health_drink 8-13-2020, 12:37:43 PM
mutant(mutant) used a health_drink 8-13-2020, 12:37:44 PM
mutant(mutant) used a health_drink 8-13-2020, 12:37:44 PM
mutant(mutant) used a health_drink 8-13-2020, 12:37:44 PM
mutant(mutant) used a health_drink 8-13-2020, 12:37:45 PM
mutant(mutant) used a health_drink 8-13-2020, 12:37:45 PM
mutant(mutant) used a health_drink 8-13-2020, 12:37:46 PM
mutant(mutant) used a health_drink 8-13-2020, 12:37:48 PM
mutant(mutant) used a health_drink 8-13-2020, 12:38:09 PM
mutant(mutant) used a health_drink 8-13-2020, 12:38:09 PM
mutant(mutant) used a health_drink 8-13-2020, 12:38:10 PM
mutant(mutant) used a health_drink 8-13-2020, 12:38:13 PM
mutant(mutant) used a health_drink 8-13-2020, 12:38:13 PM
mutant(mutant) used a health_drink 8-13-2020, 12:38:13 PM
mutant(mutant) used a health_drink 8-13-2020, 12:38:14 PM
mutant(mutant) used a health_drink 8-13-2020, 12:38:14 PM
mutant(mutant) used a health_drink 8-13-2020, 12:38:15 PM
mutant(mutant) used a health_drink 8-13-2020, 12:38:15 PM
mutant(mutant) used a health_drink 8-13-2020, 12:38:16 PM
mutant(mutant) used a health_drink 8-13-2020, 12:38:16 PM
mutant(mutant) used a health_drink 8-13-2020, 12:38:16 PM
mutant(mutant) used a health_drink 8-13-2020, 12:38:18 PM
mutant(mutant) used a health_drink 8-13-2020, 12:38:19 PM
mutant(mutant) used a health_drink 8-13-2020, 12:38:19 PM
mutant(mutant) used a health_drink 8-13-2020, 12:38:19 PM
mutant(mutant) used a health_drink 8-13-2020, 12:38:20 PM
mutant(mutant) used a health_drink 8-13-2020, 12:38:20 PM
mutant(mutant) used a health_drink 8-13-2020, 12:38:21 PM
mutant(mutant) used a health_drink 8-13-2020, 12:38:21 PM
mutant(mutant) used a health_drink 8-13-2020, 12:38:22 PM
mutant(mutant) used a health_drink 8-13-2020, 12:38:22 PM
mutant(mutant) used a health_drink 8-13-2020, 12:38:22 PM
mutant(mutant) used a health_drink 8-13-2020, 12:38:23 PM
mutant(mutant) used a health_drink 8-13-2020, 12:38:23 PM
mutant(mutant) used a health_drink 8-13-2020, 12:38:24 PM
mutant(mutant) used a health_drink 8-13-2020, 12:38:25 PM
mutant(mutant) used a health_drink 8-13-2020, 12:38:25 PM
mutant(mutant) used a health_drink 8-13-2020, 12:38:26 PM
mutant(mutant) used a health_drink 8-13-2020, 12:38:26 PM
mutant(mutant) used a health_drink 8-13-2020, 12:38:27 PM
mutant(mutant) used a tk_ultra_health_potion 8-13-2020, 12:40:36 PM
mutant(mutant) used a tk_ultra_health_potion 8-13-2020, 12:40:36 PM
mutant(mutant) used a tk_ultra_health_potion 8-13-2020, 12:40:45 PM
mutant(mutant) used a tk_ultra_health_potion 8-13-2020, 12:40:46 PM
mutant(mutant) used a carrier_missile 8-13-2020, 12:41:00 PM
mutant(mutant) used a concussive_grenade 8-13-2020, 12:41:10 PM
mutant(mutant) used a concussive_grenade 8-13-2020, 12:41:10 PM
mutant(mutant) used a concussive_grenade 8-13-2020, 12:41:20 PM
mutant(mutant) used a hand_grenade 8-13-2020, 12:43:15 PM
mutant(mutant) used a hand_grenade 8-13-2020, 12:47:13 PM
mutant(mutant) used a hand_grenade 8-13-2020, 12:47:13 PM
mutant(mutant) used a hand_grenade 8-13-2020, 12:47:18 PM
mutant(mutant) used a throwing_star 8-13-2020, 12:47:55 PM
mutant(mutant) used a throwing_star 8-13-2020, 12:47:56 PM
mutant(mutant) used a throwing_star 8-13-2020, 12:47:56 PM
mutant(mutant) used a throwing_star 8-13-2020, 12:47:56 PM
mutant(mutant) used a throwing_star 8-13-2020, 12:47:58 PM
mutant(mutant) used a throwing_star 8-13-2020, 12:47:58 PM
mutant(mutant) used a tk_ultra_health_potion 8-13-2020, 12:49:33 PM
mutant(mutant) used a tk_ultra_health_potion 8-13-2020, 12:49:33 PM
mutant(mutant) used a tk_ultra_health_potion 8-13-2020, 12:49:38 PM
mutant(mutant) used a tk_ultra_health_potion 8-13-2020, 12:49:38 PM
mutant(mutant) used a tk_ultra_health_potion 8-13-2020, 12:49:49 PM
mutant(mutant) used a tk_ultra_health_potion 8-13-2020, 12:49:49 PM
mutant(mutant) used a stp429_mini_missile 8-13-2020, 12:49:57 PM
mutant(mutant) used a stp429_mini_missile 8-13-2020, 12:49:57 PM
mutant(mutant) used a stp429_mini_missile 8-13-2020, 12:49:59 PM
mutant(mutant) used a stp429_mini_missile 8-13-2020, 12:49:59 PM
mutant(mutant) used a stp429_mini_missile 8-13-2020, 12:49:59 PM
mutant(mutant) used a stp429_mini_missile 8-13-2020, 12:50:20 PM
mutant(mutant) used a stp429_mini_missile 8-13-2020, 12:50:42 PM
mutant(mutant) used a stp429_mini_missile 8-13-2020, 12:50:42 PM
mutant(mutant) used a stp429_mini_missile 8-13-2020, 12:50:42 PM
mutant(mutant) used a stp429_mini_missile 8-13-2020, 12:50:59 PM
mutant(mutant) used a stp429_mini_missile 8-13-2020, 12:50:59 PM
mutant(mutant) used a stp429_mini_missile 8-13-2020, 12:51:00 PM
mutant(mutant) used a cannon_ammo_pack 8-13-2020, 12:51:34 PM
mutant(mutant) used a cannon_ammo_pack 8-13-2020, 12:51:34 PM
mutant(mutant) used a cannon_ammo_pack 8-13-2020, 12:51:34 PM
mutant(mutant) used a cannon 8-13-2020, 12:51:42 PM
mutant(mutant) used a cannon 8-13-2020, 12:51:43 PM
mutant(mutant) used a cannon 8-13-2020, 12:51:44 PM
mutant(mutant) used a cannon 8-13-2020, 12:51:45 PM
mutant(mutant) used a shield 8-13-2020, 12:52:36 PM
mutant(mutant) used a shield 8-13-2020, 12:52:36 PM
mutant(mutant) used a shield 8-13-2020, 12:52:37 PM
mutant(mutant) used a shield 8-13-2020, 12:52:37 PM
mutant(mutant) used a shield 8-13-2020, 12:52:39 PM
mutant(mutant) used a shield 8-13-2020, 12:52:40 PM
mutant(mutant) used a shield 8-13-2020, 12:52:40 PM
mutant(mutant) used a shield 8-13-2020, 12:52:41 PM
mutant(mutant) used a shield 8-13-2020, 12:52:41 PM
mutant(mutant) used a shield 8-13-2020, 12:52:41 PM
mutant(mutant) used a shield 8-13-2020, 12:52:42 PM
mutant(mutant) used a shield 8-13-2020, 12:52:42 PM
mutant(mutant) used a shield 8-13-2020, 12:52:50 PM
mutant(mutant) used a shield 8-13-2020, 12:52:50 PM
mutant(mutant) used a shield 8-13-2020, 12:52:50 PM
mutant(mutant) used a shield 8-13-2020, 12:52:50 PM
mutant(mutant) used a shield 8-13-2020, 12:52:50 PM
mutant(mutant) used a shield 8-13-2020, 12:52:51 PM
mutant(mutant) used a shield 8-13-2020, 12:52:51 PM
mutant(mutant) used a shield 8-13-2020, 12:52:51 PM
mutant(mutant) used a shield 8-13-2020, 12:52:51 PM
mutant(mutant) used a shield 8-13-2020, 12:52:51 PM
mutant(mutant) used a shield 8-13-2020, 12:52:51 PM
mutant(mutant) used a shield 8-13-2020, 12:52:52 PM
mutant(mutant) used a shield 8-13-2020, 12:52:52 PM
mutant(mutant) used a shield 8-13-2020, 12:52:52 PM
mutant(mutant) used a shield 8-13-2020, 12:52:52 PM
mutant(mutant) used a shield 8-13-2020, 12:52:52 PM
mutant(mutant) used a shield 8-13-2020, 12:52:53 PM
mutant(mutant) used a shield 8-13-2020, 12:52:53 PM
mutant(mutant) used a tk_ultra_health_potion 8-13-2020, 12:52:57 PM
mutant(mutant) used a tk_ultra_health_potion 8-13-2020, 12:52:57 PM
mutant(mutant) used a tk_ultra_health_potion 8-13-2020, 12:53:08 PM
mutant(mutant) used a health_drink 8-13-2020, 12:53:14 PM
mutant(mutant) used a health_drink 8-13-2020, 12:53:15 PM
mutant(mutant) used a health_drink 8-13-2020, 12:53:15 PM
mutant(mutant) used a health_drink 8-13-2020, 12:53:15 PM
mutant(mutant) used a health_drink 8-13-2020, 12:53:16 PM
mutant(mutant) used a health_drink 8-13-2020, 12:53:16 PM
mutant(mutant) used a health_drink 8-13-2020, 12:53:16 PM
mutant(mutant) used a health_drink 8-13-2020, 12:53:17 PM
mutant(mutant) used a health_drink 8-13-2020, 12:53:17 PM
mutant(mutant) used a health_drink 8-13-2020, 12:53:18 PM
mutant(mutant) used a health_drink 8-13-2020, 12:53:18 PM
mutant(mutant) used a health_drink 8-13-2020, 12:53:19 PM
mutant(mutant) used a health_drink 8-13-2020, 12:53:19 PM
mutant(mutant) used a health_drink 8-13-2020, 12:53:19 PM
mutant(mutant) used a health_drink 8-13-2020, 12:53:20 PM
mutant(mutant) used a health_drink 8-13-2020, 12:53:20 PM
mutant(mutant) used a health_drink 8-13-2020, 12:53:21 PM
mutant(mutant) used a health_drink 8-13-2020, 12:53:21 PM
mutant(mutant) used a health_drink 8-13-2020, 12:53:23 PM
mutant(mutant) used a health_drink 8-13-2020, 12:53:24 PM
mutant(mutant) used a health_drink 8-13-2020, 12:53:24 PM
mutant(mutant) used a health_drink 8-13-2020, 12:53:25 PM
mutant(mutant) used a health_drink 8-13-2020, 12:53:25 PM
mutant(mutant) used a health_drink 8-13-2020, 12:53:26 PM
mutant(mutant) used a helicopter 8-13-2020, 4:04:31 PM
mutant(mutant) used a hand_cannon 8-13-2020, 4:04:37 PM
mutant(mutant) used a tasing_small_projectile 8-13-2020, 4:06:13 PM
mutant(mutant) used a tk_ultra_health_potion 8-13-2020, 4:07:37 PM
mutant(mutant) used a frequency_scrambler 8-13-2020, 4:11:56 PM
mutant(mutant) used a frequency_scrambler 8-13-2020, 4:11:57 PM