
david (david) said f 8-25-2020, 5:58:50 AM
david (david) said uuuuuuuuuuuuuuuuuu 8-25-2020, 7:27:02 AM
david (david) said hi\ 8-25-2020, 9:09:45 AM
david (david) said zalp 8-25-2020, 9:10:15 AM
david (david) said .ппошли в тт 8-25-2020, 9:10:43 AM
david (david) said дима 8-25-2020, 9:10:46 AM
david (david) said дима 8-25-2020, 9:11:02 AM
david (david) said давай 8-25-2020, 9:11:04 AM
david (david) said иди иди 8-25-2020, 9:11:07 AM
david (david) said € жду 8-25-2020, 9:11:10 AM
david (david) said ьбыстро 8-25-2020, 9:11:17 AM
david (david) said ато стЄпа €йца откусит 8-25-2020, 9:11:30 AM
david (david) said хахахахахахаха смех 8-25-2020, 9:11:44 AM
david (david) said дима иди ато  и правда кострируют 8-25-2020, 9:12:06 AM
david (david) said он письку отгрызЄт 8-25-2020, 9:12:17 AM
david (david) said дима иди во дворец 8-25-2020, 9:12:46 AM
david (david) said ато кострируют 8-25-2020, 9:12:52 AM
david (david) said поттверди же влад 8-25-2020, 9:12:58 AM
david (david) said ага 8-25-2020, 9:13:15 AM
david (david) said там и будут кострировать смеееееееееееех 8-25-2020, 9:13:28 AM
david (david) said ой 8-25-2020, 9:13:34 AM
david (david) said а мне интересно могут ли девушки или животные сожрать твои €йца иди хуй 8-25-2020, 9:14:10 AM
david (david) said ой 8-25-2020, 9:14:15 AM
david (david) said или хуй 8-25-2020, 9:14:20 AM
david (david) said агаааааааааа 8-25-2020, 9:14:28 AM
david (david) said вот у димы уже нету 8-25-2020, 9:14:38 AM
david (david) said не €иц неху€ 8-25-2020, 9:14:47 AM
david (david) said смееееееех 8-25-2020, 9:14:56 AM
david (david) said куда 8-25-2020, 9:15:04 AM
david (david) said диму кострировать 8-25-2020, 9:15:10 AM
david (david) said ок 8-25-2020, 9:15:25 AM
david (david) said прросто диму кострировать надо 8-25-2020, 9:15:37 AM
david (david) said 137 barrett_m82_sniper_rifle ammo! 8-25-2020, 9:23:17 AM
david (david) said 21 str_32_pump_action_shotgun ammo! 8-25-2020, 9:24:03 AM
david (david) said 16 grenades 8-25-2020, 9:24:55 AM
david (david) said 136 fnminimilight ammo! 8-25-2020, 9:25:02 AM
david (david) said ha 8-25-2020, 9:30:10 AM
david (david) said hi 8-25-2020, 9:46:34 AM
david (david) said f 8-25-2020, 9:47:51 AM
david (david) said shield, 90052 8-25-2020, 10:05:41 AM
david (david) said zalupa 8-25-2020, 12:10:15 PM
david (david) said oy 8-25-2020, 12:10:20 PM
david (david) said suicide 8-25-2020, 1:33:48 PM
david (david) said da 8-25-2020, 1:57:57 PM
david (david) said yes 8-25-2020, 1:58:21 PM
david (david) said uuuuu 8-25-2020, 2:23:11 PM
david (david) said the ping took 110 ms 8-25-2020, 3:08:59 PM
david (david) said f 8-25-2020, 5:13:51 PM
david (david) said zzzzzzzzzzzzzzzzzzzzzzzzzzzzzzzzzzzzzzzzzzzzzzzzzzzzzzzzzzzzzzzzzzzzz 8-25-2020, 5:45:23 PM