
mihail (mihail) sent /s41 1-7-2021, 2:13:54 PM
mihail (mihail) sent /s1 1-7-2021, 2:14:02 PM
mihail (mihail) sent /s1 1-7-2021, 2:14:06 PM
mihail (mihail) sent /CHARS 1-7-2021, 2:14:13 PM
mihail (mihail) sent /chars 1-7-2021, 2:14:15 PM
mihail (mihail) sent /where krokodailtop 1-7-2021, 6:08:39 PM
mihail (mihail) sent /where pyspil 1-7-2021, 6:10:07 PM
mihail (mihail) sent /suicide 1-7-2021, 6:14:54 PM
mihail (mihail) sent /where magistral 1-7-2021, 6:16:38 PM
mihail (mihail) sent /suicide 1-7-2021, 8:15:07 PM
mihail (mihail) sent /chars 1-7-2021, 10:51:34 PM
mihail (mihail) sent /help 1-7-2021, 10:52:27 PM
mihail (mihail) sent /admins 1-7-2021, 10:52:38 PM
mihail (mihail) sent /bilders 1-7-2021, 10:52:42 PM
mihail (mihail) sent /activeadmins 1-7-2021, 10:52:56 PM
mihail (mihail) sent /changes 1-7-2021, 10:53:09 PM
mihail (mihail) sent /clearstats mihail 1-7-2021, 10:53:31 PM
mihail (mihail) sent /chars 1-7-2021, 10:59:48 PM
mihail (mihail) sent /lchat hah 1-7-2021, 11:00:07 PM
mihail (mihail) sent /lchat test, i righting to local chat 1-7-2021, 11:00:25 PM
mihail (mihail) sent /robotinf 1-7-2021, 11:01:01 PM
mihail (mihail) sent /robotinfo 1-7-2021, 11:01:03 PM
mihail (mihail) sent /clearstats 1-7-2021, 11:09:59 PM
mihail (mihail) sent /robotinfo 1-7-2021, 11:10:45 PM
mihail (mihail) sent /suicide 1-7-2021, 11:16:38 PM
mihail (mihail) sent /stats mihail 1-7-2021, 11:16:46 PM