
pyspil(pyspil) used a invisibility_shield 1-7-2021, 10:37:39 AM
pyspil(pyspil) used a storm_sniper 1-7-2021, 4:20:04 PM
pyspil(pyspil) used a tk_ultra_health_potion 1-7-2021, 5:47:18 PM
pyspil(pyspil) used a tk_ultra_health_potion 1-7-2021, 5:47:24 PM
pyspil(pyspil) used a tk_ultra_health_potion 1-7-2021, 5:47:25 PM
pyspil(pyspil) used a tk_ultra_health_potion 1-7-2021, 6:06:43 PM
pyspil(pyspil) used a pack_of_15_ammo_storm_sniper 1-7-2021, 6:48:05 PM
pyspil(pyspil) used a pack_of_15_ammo_storm_sniper 1-7-2021, 6:48:06 PM
pyspil(pyspil) used a pack_of_15_ammo_storm_sniper 1-7-2021, 6:48:06 PM
pyspil(pyspil) used a pack_of_15_ammo_storm_sniper 1-7-2021, 6:48:06 PM
pyspil(pyspil) used a pack_of_15_ammo_storm_sniper 1-7-2021, 6:48:06 PM
pyspil(pyspil) used a pack_of_15_ammo_storm_sniper 1-7-2021, 6:48:06 PM
pyspil(pyspil) used a pack_of_15_ammo_storm_sniper 1-7-2021, 6:48:06 PM
pyspil(pyspil) used a pack_of_15_ammo_storm_sniper 1-7-2021, 6:48:07 PM
pyspil(pyspil) used a pack_of_15_ammo_storm_sniper 1-7-2021, 6:48:07 PM
pyspil(pyspil) used a pack_of_15_ammo_storm_sniper 1-7-2021, 6:48:07 PM
pyspil(pyspil) used a pack_of_15_ammo_storm_sniper 1-7-2021, 6:48:07 PM
pyspil(pyspil) used a pack_of_15_ammo_storm_sniper 1-7-2021, 6:48:07 PM
pyspil(pyspil) used a pack_of_15_ammo_storm_sniper 1-7-2021, 6:48:08 PM
pyspil(pyspil) used a pack_of_15_ammo_storm_sniper 1-7-2021, 6:48:08 PM
pyspil(pyspil) used a pack_of_15_ammo_storm_sniper 1-7-2021, 6:48:08 PM
pyspil(pyspil) used a pack_of_15_ammo_storm_sniper 1-7-2021, 6:48:08 PM
pyspil(pyspil) used a pack_of_15_ammo_storm_sniper 1-7-2021, 6:48:08 PM
pyspil(pyspil) used a pack_of_15_ammo_storm_sniper 1-7-2021, 6:48:08 PM
pyspil(pyspil) used a pack_of_15_ammo_storm_sniper 1-7-2021, 6:48:08 PM
pyspil(pyspil) used a pack_of_15_ammo_storm_sniper 1-7-2021, 6:48:09 PM
pyspil(pyspil) used a pack_of_15_ammo_storm_sniper 1-7-2021, 6:48:09 PM
pyspil(pyspil) used a pack_of_15_ammo_storm_sniper 1-7-2021, 6:48:09 PM
pyspil(pyspil) used a pack_of_15_ammo_storm_sniper 1-7-2021, 6:48:09 PM
pyspil(pyspil) used a pack_of_15_ammo_storm_sniper 1-7-2021, 6:48:09 PM
pyspil(pyspil) used a pack_of_15_ammo_storm_sniper 1-7-2021, 6:48:09 PM
pyspil(pyspil) used a pack_of_15_ammo_storm_sniper 1-7-2021, 6:48:10 PM
pyspil(pyspil) used a pack_of_15_ammo_storm_sniper 1-7-2021, 6:48:10 PM
pyspil(pyspil) used a pack_of_15_ammo_storm_sniper 1-7-2021, 6:48:10 PM
pyspil(pyspil) used a pack_of_15_ammo_storm_sniper 1-7-2021, 6:48:10 PM
pyspil(pyspil) used a pack_of_15_ammo_storm_sniper 1-7-2021, 6:48:10 PM
pyspil(pyspil) used a pack_of_15_ammo_storm_sniper 1-7-2021, 6:48:10 PM
pyspil(pyspil) used a pack_of_15_ammo_storm_sniper 1-7-2021, 6:48:10 PM
pyspil(pyspil) used a pack_of_15_ammo_storm_sniper 1-7-2021, 6:48:11 PM
pyspil(pyspil) used a pack_of_15_ammo_storm_sniper 1-7-2021, 6:48:11 PM
pyspil(pyspil) used a pack_of_15_ammo_storm_sniper 1-7-2021, 6:48:11 PM
pyspil(pyspil) used a pack_of_15_ammo_storm_sniper 1-7-2021, 6:48:11 PM
pyspil(pyspil) used a pack_of_15_ammo_storm_sniper 1-7-2021, 6:48:11 PM
pyspil(pyspil) used a pack_of_15_ammo_storm_sniper 1-7-2021, 6:48:11 PM
pyspil(pyspil) used a pack_of_15_ammo_storm_sniper 1-7-2021, 6:48:12 PM
pyspil(pyspil) used a pack_of_15_ammo_storm_sniper 1-7-2021, 6:48:12 PM
pyspil(pyspil) used a pack_of_15_ammo_storm_sniper 1-7-2021, 6:48:12 PM
pyspil(pyspil) used a pack_of_15_ammo_storm_sniper 1-7-2021, 6:48:13 PM
pyspil(pyspil) used a pack_of_15_ammo_storm_sniper 1-7-2021, 6:48:13 PM
pyspil(pyspil) used a pack_of_15_ammo_storm_sniper 1-7-2021, 6:48:13 PM
pyspil(pyspil) used a pack_of_15_ammo_storm_sniper 1-7-2021, 6:48:13 PM
pyspil(pyspil) used a pack_of_15_ammo_storm_sniper 1-7-2021, 6:48:14 PM
pyspil(pyspil) used a pack_of_15_ammo_storm_sniper 1-7-2021, 6:48:14 PM
pyspil(pyspil) used a pack_of_15_ammo_storm_sniper 1-7-2021, 6:48:14 PM
pyspil(pyspil) used a pack_of_15_ammo_storm_sniper 1-7-2021, 6:48:14 PM
pyspil(pyspil) used a pack_of_15_ammo_storm_sniper 1-7-2021, 6:48:14 PM
pyspil(pyspil) used a pack_of_15_ammo_storm_sniper 1-7-2021, 6:48:14 PM
pyspil(pyspil) used a pack_of_15_ammo_storm_sniper 1-7-2021, 6:48:15 PM
pyspil(pyspil) used a pack_of_15_ammo_storm_sniper 1-7-2021, 6:48:15 PM
pyspil(pyspil) used a pack_of_15_ammo_storm_sniper 1-7-2021, 6:48:15 PM
pyspil(pyspil) used a pack_of_15_ammo_storm_sniper 1-7-2021, 6:48:15 PM
pyspil(pyspil) used a pack_of_15_ammo_storm_sniper 1-7-2021, 6:48:15 PM
pyspil(pyspil) used a pack_of_15_ammo_storm_sniper 1-7-2021, 6:48:16 PM
pyspil(pyspil) used a pack_of_15_ammo_storm_sniper 1-7-2021, 6:48:16 PM
pyspil(pyspil) used a pack_of_15_ammo_storm_sniper 1-7-2021, 6:48:16 PM
pyspil(pyspil) used a pack_of_15_ammo_storm_sniper 1-7-2021, 6:48:16 PM
pyspil(pyspil) used a pack_of_15_ammo_storm_sniper 1-7-2021, 6:48:17 PM
pyspil(pyspil) used a pack_of_15_ammo_storm_sniper 1-7-2021, 6:48:17 PM
pyspil(pyspil) used a pack_of_15_ammo_storm_sniper 1-7-2021, 6:48:17 PM
pyspil(pyspil) used a pack_of_15_ammo_storm_sniper 1-7-2021, 6:48:17 PM
pyspil(pyspil) used a pack_of_15_ammo_storm_sniper 1-7-2021, 6:48:17 PM
pyspil(pyspil) used a pack_of_15_ammo_storm_sniper 1-7-2021, 6:48:18 PM
pyspil(pyspil) used a pack_of_15_ammo_storm_sniper 1-7-2021, 6:48:18 PM
pyspil(pyspil) used a pack_of_15_ammo_storm_sniper 1-7-2021, 6:48:18 PM
pyspil(pyspil) used a pack_of_15_ammo_storm_sniper 1-7-2021, 6:48:18 PM
pyspil(pyspil) used a pack_of_15_ammo_storm_sniper 1-7-2021, 6:48:18 PM
pyspil(pyspil) used a pack_of_15_ammo_storm_sniper 1-7-2021, 6:48:19 PM
pyspil(pyspil) used a pack_of_15_ammo_storm_sniper 1-7-2021, 6:48:19 PM
pyspil(pyspil) used a pack_of_15_ammo_storm_sniper 1-7-2021, 6:48:19 PM
pyspil(pyspil) used a pack_of_15_ammo_storm_sniper 1-7-2021, 6:48:19 PM
pyspil(pyspil) used a pack_of_15_ammo_storm_sniper 1-7-2021, 6:48:20 PM
pyspil(pyspil) used a pack_of_15_ammo_storm_sniper 1-7-2021, 6:48:20 PM
pyspil(pyspil) used a pack_of_15_ammo_storm_sniper 1-7-2021, 6:48:20 PM
pyspil(pyspil) used a pack_of_15_ammo_storm_sniper 1-7-2021, 6:48:20 PM
pyspil(pyspil) used a pack_of_15_ammo_storm_sniper 1-7-2021, 6:48:20 PM
pyspil(pyspil) used a pack_of_15_ammo_storm_sniper 1-7-2021, 6:48:21 PM
pyspil(pyspil) used a pack_of_15_ammo_storm_sniper 1-7-2021, 6:48:21 PM
pyspil(pyspil) used a pack_of_15_ammo_storm_sniper 1-7-2021, 6:48:21 PM
pyspil(pyspil) used a pack_of_15_ammo_storm_sniper 1-7-2021, 6:48:21 PM
pyspil(pyspil) used a pack_of_15_ammo_storm_sniper 1-7-2021, 6:48:22 PM
pyspil(pyspil) used a pack_of_15_ammo_storm_sniper 1-7-2021, 6:48:22 PM
pyspil(pyspil) used a pack_of_15_ammo_storm_sniper 1-7-2021, 6:48:22 PM
pyspil(pyspil) used a pack_of_15_ammo_storm_sniper 1-7-2021, 6:48:22 PM
pyspil(pyspil) used a pack_of_15_ammo_storm_sniper 1-7-2021, 6:48:23 PM
pyspil(pyspil) used a pack_of_15_ammo_storm_sniper 1-7-2021, 6:48:23 PM
pyspil(pyspil) used a pack_of_15_ammo_storm_sniper 1-7-2021, 6:48:23 PM
pyspil(pyspil) used a pack_of_15_ammo_storm_sniper 1-7-2021, 6:48:23 PM
pyspil(pyspil) used a pack_of_15_ammo_storm_sniper 1-7-2021, 6:48:23 PM
pyspil(pyspil) used a pack_of_15_ammo_storm_sniper 1-7-2021, 6:48:24 PM
pyspil(pyspil) used a pack_of_15_ammo_storm_sniper 1-7-2021, 6:48:24 PM
pyspil(pyspil) used a pack_of_15_ammo_storm_sniper 1-7-2021, 6:48:24 PM
pyspil(pyspil) used a pack_of_15_ammo_storm_sniper 1-7-2021, 6:48:24 PM
pyspil(pyspil) used a pack_of_15_ammo_storm_sniper 1-7-2021, 6:48:24 PM
pyspil(pyspil) used a pack_of_15_ammo_storm_sniper 1-7-2021, 6:48:25 PM
pyspil(pyspil) used a pack_of_15_ammo_storm_sniper 1-7-2021, 6:48:25 PM
pyspil(pyspil) used a pack_of_15_ammo_storm_sniper 1-7-2021, 6:48:25 PM
pyspil(pyspil) used a storm_sniper 1-7-2021, 6:48:49 PM
pyspil(pyspil) used a tk_ultra_health_potion 1-7-2021, 6:48:59 PM
pyspil(pyspil) used a tk_ultra_health_potion 1-7-2021, 6:48:59 PM
pyspil(pyspil) used a hammer 1-7-2021, 6:49:08 PM
pyspil(pyspil) used a shield 1-7-2021, 6:50:54 PM
pyspil(pyspil) used a shield 1-7-2021, 6:50:54 PM
pyspil(pyspil) used a shield 1-7-2021, 6:50:54 PM
pyspil(pyspil) used a shield 1-7-2021, 6:50:54 PM
pyspil(pyspil) used a shield 1-7-2021, 6:50:54 PM
pyspil(pyspil) used a shield 1-7-2021, 6:50:54 PM
pyspil(pyspil) used a shield 1-7-2021, 6:50:55 PM
pyspil(pyspil) used a shield 1-7-2021, 6:50:55 PM
pyspil(pyspil) used a shield 1-7-2021, 6:50:55 PM
pyspil(pyspil) used a shield 1-7-2021, 6:50:55 PM
pyspil(pyspil) used a shield 1-7-2021, 6:50:55 PM
pyspil(pyspil) used a shield 1-7-2021, 6:50:55 PM
pyspil(pyspil) used a shield 1-7-2021, 6:50:56 PM
pyspil(pyspil) used a shield 1-7-2021, 6:51:04 PM
pyspil(pyspil) used a shield 1-7-2021, 6:51:04 PM
pyspil(pyspil) used a shield 1-7-2021, 6:51:04 PM
pyspil(pyspil) used a shield 1-7-2021, 6:51:04 PM
pyspil(pyspil) used a shield 1-7-2021, 6:51:04 PM
pyspil(pyspil) used a shield 1-7-2021, 6:51:05 PM
pyspil(pyspil) used a shield 1-7-2021, 6:51:05 PM
pyspil(pyspil) used a shield 1-7-2021, 6:51:05 PM
pyspil(pyspil) used a shield 1-7-2021, 6:51:05 PM
pyspil(pyspil) used a shield 1-7-2021, 6:51:05 PM
pyspil(pyspil) used a shield 1-7-2021, 6:51:33 PM
pyspil(pyspil) used a shield 1-7-2021, 6:59:44 PM
pyspil(pyspil) used a shield 1-7-2021, 6:59:45 PM
pyspil(pyspil) used a shield 1-7-2021, 6:59:45 PM
pyspil(pyspil) used a shield 1-7-2021, 6:59:45 PM
pyspil(pyspil) used a shield 1-7-2021, 6:59:45 PM
pyspil(pyspil) used a shield 1-7-2021, 6:59:46 PM
pyspil(pyspil) used a shield 1-7-2021, 6:59:46 PM
pyspil(pyspil) used a shield 1-7-2021, 6:59:46 PM
pyspil(pyspil) used a shield 1-7-2021, 6:59:46 PM
pyspil(pyspil) used a shield 1-7-2021, 6:59:46 PM
pyspil(pyspil) used a shield 1-7-2021, 6:59:47 PM
pyspil(pyspil) used a shield 1-7-2021, 6:59:47 PM
pyspil(pyspil) used a shield 1-7-2021, 6:59:47 PM
pyspil(pyspil) used a shield 1-7-2021, 6:59:47 PM
pyspil(pyspil) used a shield 1-7-2021, 6:59:47 PM
pyspil(pyspil) used a shield 1-7-2021, 6:59:48 PM
pyspil(pyspil) used a shield 1-7-2021, 6:59:48 PM
pyspil(pyspil) used a shield 1-7-2021, 6:59:48 PM
pyspil(pyspil) used a shield 1-7-2021, 6:59:48 PM
pyspil(pyspil) used a shield 1-7-2021, 6:59:48 PM
pyspil(pyspil) used a shield 1-7-2021, 6:59:49 PM
pyspil(pyspil) used a shield 1-7-2021, 6:59:49 PM
pyspil(pyspil) used a shield 1-7-2021, 6:59:49 PM
pyspil(pyspil) used a shield 1-7-2021, 6:59:49 PM
pyspil(pyspil) used a shield 1-7-2021, 6:59:49 PM
pyspil(pyspil) used a shield 1-7-2021, 6:59:50 PM
pyspil(pyspil) used a shield 1-7-2021, 6:59:50 PM
pyspil(pyspil) used a shield 1-7-2021, 6:59:50 PM
pyspil(pyspil) used a shield 1-7-2021, 6:59:50 PM
pyspil(pyspil) used a shield 1-7-2021, 6:59:50 PM
pyspil(pyspil) used a shield 1-7-2021, 6:59:51 PM
pyspil(pyspil) used a shield 1-7-2021, 6:59:51 PM
pyspil(pyspil) used a shield 1-7-2021, 6:59:51 PM
pyspil(pyspil) used a tk_ultra_health_potion 1-7-2021, 7:00:00 PM
pyspil(pyspil) used a tk_ultra_health_potion 1-7-2021, 7:00:06 PM
pyspil(pyspil) used a tk_ultra_health_potion 1-7-2021, 7:00:08 PM
pyspil(pyspil) used a tk_ultra_health_potion 1-7-2021, 7:00:09 PM
pyspil(pyspil) used a tk_ultra_health_potion 1-7-2021, 7:00:09 PM
pyspil(pyspil) used a tk_ultra_health_potion 1-7-2021, 7:00:10 PM
pyspil(pyspil) used a tk_ultra_health_potion 1-7-2021, 7:00:13 PM
pyspil(pyspil) used a tk_ultra_health_potion 1-7-2021, 7:00:13 PM
pyspil(pyspil) used a tk_ultra_health_potion 1-7-2021, 7:00:13 PM
pyspil(pyspil) used a tk_ultra_health_potion 1-7-2021, 7:00:18 PM
pyspil(pyspil) used a tk_ultra_health_potion 1-7-2021, 7:00:19 PM
pyspil(pyspil) used a storm_sniper 1-7-2021, 7:00:29 PM
pyspil(pyspil) used a tk_ultra_health_potion 1-7-2021, 7:00:37 PM
pyspil(pyspil) used a tk_ultra_health_potion 1-7-2021, 7:23:19 PM
pyspil(pyspil) used a tk_ultra_health_potion 1-7-2021, 7:28:19 PM
pyspil(pyspil) used a tk_ultra_health_potion 1-7-2021, 7:28:20 PM
pyspil(pyspil) used a tk_ultra_health_potion 1-7-2021, 7:28:29 PM
pyspil(pyspil) used a tk_ultra_health_potion 1-7-2021, 7:28:50 PM
pyspil(pyspil) used a tk_ultra_health_potion 1-7-2021, 7:28:51 PM
pyspil(pyspil) used a tk_ultra_health_potion 1-7-2021, 7:28:54 PM
pyspil(pyspil) used a tk_ultra_health_potion 1-7-2021, 7:28:54 PM
pyspil(pyspil) used a tk_ultra_health_potion 1-7-2021, 7:29:03 PM
pyspil(pyspil) used a tk_ultra_health_potion 1-7-2021, 7:29:12 PM
pyspil(pyspil) used a tk_ultra_health_potion 1-7-2021, 7:29:17 PM
pyspil(pyspil) used a tk_ultra_health_potion 1-7-2021, 7:29:29 PM
pyspil(pyspil) used a tk_ultra_health_potion 1-7-2021, 7:29:29 PM
pyspil(pyspil) used a tk_ultra_health_potion 1-7-2021, 7:38:20 PM
pyspil(pyspil) used a tk_ultra_health_potion 1-7-2021, 7:38:29 PM
pyspil(pyspil) used a tk_ultra_health_potion 1-7-2021, 7:38:31 PM
pyspil(pyspil) used a tk_ultra_health_potion 1-7-2021, 7:38:33 PM
pyspil(pyspil) used a tk_ultra_health_potion 1-7-2021, 7:38:33 PM
pyspil(pyspil) used a tk_ultra_health_potion 1-7-2021, 7:38:48 PM
pyspil(pyspil) used a tk_ultra_health_potion 1-7-2021, 7:39:17 PM
pyspil(pyspil) used a tk_ultra_health_potion 1-7-2021, 7:39:18 PM
pyspil(pyspil) used a tk_ultra_health_potion 1-7-2021, 7:39:57 PM
pyspil(pyspil) used a tk_ultra_health_potion 1-7-2021, 7:39:58 PM
pyspil(pyspil) used a tk_ultra_health_potion 1-7-2021, 7:41:31 PM
pyspil(pyspil) used a tk_ultra_health_potion 1-7-2021, 7:53:42 PM
pyspil(pyspil) used a tk_ultra_health_potion 1-7-2021, 7:53:48 PM
pyspil(pyspil) used a tk_ultra_health_potion 1-7-2021, 7:53:49 PM
pyspil(pyspil) used a tk_ultra_health_potion 1-7-2021, 7:53:49 PM
pyspil(pyspil) used a tk_ultra_health_potion 1-7-2021, 7:53:50 PM
pyspil(pyspil) used a tk_ultra_health_potion 1-7-2021, 7:53:50 PM
pyspil(pyspil) used a tk_ultra_health_potion 1-7-2021, 7:53:51 PM
pyspil(pyspil) used a tk_ultra_health_potion 1-7-2021, 7:53:55 PM
pyspil(pyspil) used a tk_ultra_health_potion 1-7-2021, 7:53:55 PM
pyspil(pyspil) used a tk_ultra_health_potion 1-7-2021, 7:53:56 PM
pyspil(pyspil) used a tk_ultra_health_potion 1-7-2021, 7:53:56 PM
pyspil(pyspil) used a tk_ultra_health_potion 1-7-2021, 7:54:00 PM
pyspil(pyspil) used a tk_ultra_health_potion 1-7-2021, 7:54:01 PM
pyspil(pyspil) used a tk_ultra_health_potion 1-7-2021, 7:54:01 PM
pyspil(pyspil) used a tk_ultra_health_potion 1-7-2021, 7:54:02 PM
pyspil(pyspil) used a tk_ultra_health_potion 1-7-2021, 7:54:10 PM
pyspil(pyspil) used a tk_ultra_health_potion 1-7-2021, 7:54:15 PM
pyspil(pyspil) used a tk_ultra_health_potion 1-7-2021, 7:54:15 PM
pyspil(pyspil) used a antibiotic_canister 1-7-2021, 7:55:21 PM
pyspil(pyspil) used a antibiotic_canister 1-7-2021, 7:55:21 PM
pyspil(pyspil) used a air_canister 1-7-2021, 7:55:30 PM
pyspil(pyspil) used a antibiotic 1-7-2021, 7:55:36 PM
pyspil(pyspil) used a antibiotic 1-7-2021, 7:55:53 PM
pyspil(pyspil) used a antibiotic 1-7-2021, 7:55:53 PM
pyspil(pyspil) used a antibiotic 1-7-2021, 7:56:17 PM
pyspil(pyspil) used a antibiotic 1-7-2021, 7:56:20 PM
pyspil(pyspil) used a antibiotic 1-7-2021, 7:56:21 PM
pyspil(pyspil) used a antibiotic 1-7-2021, 7:56:39 PM
pyspil(pyspil) used a antibiotic 1-7-2021, 7:56:40 PM
pyspil(pyspil) used a antibiotic 1-7-2021, 7:58:06 PM
pyspil(pyspil) used a antibiotic 1-7-2021, 7:58:07 PM
pyspil(pyspil) used a antibiotic 1-7-2021, 7:58:08 PM
pyspil(pyspil) used a antibiotic 1-7-2021, 7:58:12 PM
pyspil(pyspil) used a antibiotic 1-7-2021, 7:58:12 PM
pyspil(pyspil) used a antibiotic 1-7-2021, 7:58:35 PM
pyspil(pyspil) used a antibiotic 1-7-2021, 7:58:35 PM
pyspil(pyspil) used a antibiotic 1-7-2021, 7:59:28 PM
pyspil(pyspil) used a tk_ultra_health_potion 1-7-2021, 8:01:36 PM
pyspil(pyspil) used a throwing_star 1-7-2021, 8:01:38 PM
pyspil(pyspil) used a tk_ultra_health_potion 1-7-2021, 8:03:42 PM
pyspil(pyspil) used a throwing_star 1-7-2021, 8:04:58 PM