
franklin (franklin) said diediediedie 12-25-2020, 2:29:19 PM
franklin (franklin) said die! 12-25-2020, 2:36:43 PM
franklin (franklin) said die 12-25-2020, 4:02:32 PM
franklin (franklin) said and die 12-25-2020, 4:05:14 PM
franklin (franklin) said zalp 12-25-2020, 4:05:21 PM
franklin (franklin) said gmsubmit 29 12-25-2020, 4:05:35 PM
franklin (franklin) said ух кто зашол 12-25-2020, 4:33:45 PM
franklin (franklin) said gflkj ecfnjt 12-25-2020, 5:33:21 PM
franklin (franklin) said падло усатое 12-25-2020, 5:33:27 PM
franklin (franklin) said roflflflflflflflfl! 12-25-2020, 5:59:52 PM
franklin (franklin) said rofl! 12-25-2020, 6:00:57 PM
franklin (franklin) said a! 12-25-2020, 6:08:46 PM
franklin (franklin) said roflflflfl 12-25-2020, 6:08:53 PM
franklin (franklin) said полюбому под турельку подставится 12-25-2020, 6:09:13 PM
franklin (franklin) said во так то лудше 12-25-2020, 6:09:49 PM
franklin (franklin) said .ыгшсшву 12-25-2020, 6:10:52 PM
franklin (franklin) said only you 12-25-2020, 7:22:55 PM
franklin (franklin) said аа михаил 12-25-2020, 7:23:14 PM
franklin (franklin) said ну иму можна 12-25-2020, 7:23:19 PM
franklin (franklin) said .ыгшсшву 12-25-2020, 7:43:55 PM
franklin (franklin) said fuck you nikita gay 12-25-2020, 8:09:57 PM
franklin (franklin) said you 12-25-2020, 8:10:07 PM
franklin (franklin) said ?? ????? ?????? Usb_Killer ??????? ???, ? ???????? 4136.72575837461 ????? 12-25-2020, 8:11:20 PM
franklin (franklin) said a 12-25-2020, 8:41:33 PM
franklin (franklin) said die sisichka 12-25-2020, 9:05:59 PM
franklin (franklin) said yep 12-25-2020, 9:11:10 PM