
mihail (mihail) sent /where magistral 12-25-2020, 4:43:07 PM
mihail (mihail) sent /robotinfo 12-25-2020, 4:45:04 PM
mihail (mihail) sent /joinevent 670 12-25-2020, 4:48:01 PM
mihail (mihail) sent /joinevent 6040 12-25-2020, 4:48:11 PM
mihail (mihail) sent /pm magistral you bitch 12-25-2020, 4:49:47 PM
mihail (mihail) sent /leaveevent 12-25-2020, 4:50:01 PM
mihail (mihail) sent /suicide 12-25-2020, 4:50:06 PM
mihail (mihail) sent /lchat die all 12-25-2020, 4:50:23 PM
mihail (mihail) sent /robotinfo 12-25-2020, 8:53:46 PM
mihail (mihail) sent /suicide 12-25-2020, 8:54:53 PM
mihail (mihail) sent /pm mihail lol 12-25-2020, 8:55:49 PM
mihail (mihail) sent /where magistral 12-25-2020, 8:57:08 PM
mihail (mihail) sent /where franklin 12-25-2020, 9:51:05 PM
mihail (mihail) sent /where rider 12-25-2020, 9:51:11 PM
mihail (mihail) sent /where magistral 12-25-2020, 9:51:25 PM
mihail (mihail) sent /suicide 12-25-2020, 9:52:13 PM
mihail (mihail) sent /pm magistral go 12-25-2020, 9:52:25 PM
mihail (mihail) sent /pm magistral заходи, я скоро приду 12-25-2020, 9:52:47 PM
mihail (mihail) sent /pm magistral go 12-25-2020, 9:54:12 PM
mihail (mihail) sent /suicide 12-25-2020, 9:55:08 PM
mihail (mihail) sent /where magistral 12-25-2020, 9:55:22 PM