
karatel(karatel) used a modern_sub_machine_gun_carbine 10-1-2020, 3:52:39 PM
karatel(karatel) used a tk_ultra_health_potion 10-1-2020, 3:52:44 PM
karatel(karatel) used a rpg7 10-1-2020, 3:52:50 PM
karatel(karatel) used a hand_cannon 10-1-2020, 3:52:57 PM
karatel(karatel) used a hand_grenade 10-1-2020, 3:53:09 PM
karatel(karatel) used a tk_ultra_health_potion 10-1-2020, 3:57:50 PM
karatel(karatel) used a tk_ultra_health_potion 10-1-2020, 3:57:50 PM
karatel(karatel) used a tk_ultra_health_potion 10-1-2020, 3:57:50 PM
karatel(karatel) used a shield 10-1-2020, 3:57:55 PM
karatel(karatel) used a shield 10-1-2020, 3:57:55 PM
karatel(karatel) used a shield 10-1-2020, 3:57:55 PM
karatel(karatel) used a shield 10-1-2020, 3:57:57 PM
karatel(karatel) used a shield 10-1-2020, 3:57:57 PM
karatel(karatel) used a shield 10-1-2020, 3:57:58 PM
karatel(karatel) used a shield 10-1-2020, 3:57:58 PM
karatel(karatel) used a shield 10-1-2020, 3:57:58 PM
karatel(karatel) used a shield 10-1-2020, 3:57:59 PM
karatel(karatel) used a shield 10-1-2020, 3:58:00 PM
karatel(karatel) used a shield 10-1-2020, 3:58:00 PM
karatel(karatel) used a shield 10-1-2020, 3:58:01 PM
karatel(karatel) used a shield 10-1-2020, 3:58:01 PM
karatel(karatel) used a shield 10-1-2020, 3:58:01 PM
karatel(karatel) used a shield 10-1-2020, 3:58:03 PM
karatel(karatel) used a shield 10-1-2020, 3:58:03 PM
karatel(karatel) used a shield 10-1-2020, 3:58:03 PM
karatel(karatel) used a shield 10-1-2020, 3:58:04 PM
karatel(karatel) used a shield 10-1-2020, 3:58:04 PM
karatel(karatel) used a shield 10-1-2020, 3:58:04 PM
karatel(karatel) used a shield 10-1-2020, 3:58:05 PM
karatel(karatel) used a shield 10-1-2020, 3:58:05 PM
karatel(karatel) used a shield 10-1-2020, 3:58:05 PM
karatel(karatel) used a shield 10-1-2020, 3:58:06 PM
karatel(karatel) used a shield 10-1-2020, 3:58:06 PM
karatel(karatel) used a shield 10-1-2020, 3:58:06 PM
karatel(karatel) used a shield 10-1-2020, 3:58:06 PM
karatel(karatel) used a shield 10-1-2020, 3:58:07 PM
karatel(karatel) used a shield 10-1-2020, 3:58:07 PM
karatel(karatel) used a shield 10-1-2020, 3:58:07 PM
karatel(karatel) used a shield 10-1-2020, 3:58:07 PM
karatel(karatel) used a shield 10-1-2020, 3:58:07 PM
karatel(karatel) used a shield 10-1-2020, 3:58:07 PM
karatel(karatel) used a shield 10-1-2020, 3:58:08 PM
karatel(karatel) used a shield 10-1-2020, 3:58:08 PM
karatel(karatel) used a shield 10-1-2020, 3:58:08 PM
karatel(karatel) used a shield 10-1-2020, 3:58:08 PM
karatel(karatel) used a shield 10-1-2020, 3:58:08 PM
karatel(karatel) used a shield 10-1-2020, 3:58:09 PM
karatel(karatel) used a shield 10-1-2020, 3:58:09 PM
karatel(karatel) used a shield 10-1-2020, 3:58:09 PM
karatel(karatel) used a shield 10-1-2020, 3:58:09 PM
karatel(karatel) used a shield 10-1-2020, 3:58:09 PM
karatel(karatel) used a shield 10-1-2020, 3:58:10 PM
karatel(karatel) used a shield 10-1-2020, 3:58:10 PM
karatel(karatel) used a shield 10-1-2020, 3:58:10 PM
karatel(karatel) used a tk_ultra_health_potion 10-1-2020, 3:58:19 PM
karatel(karatel) used a tk_ultra_health_potion 10-1-2020, 3:58:23 PM
karatel(karatel) used a tank 10-1-2020, 3:58:59 PM
karatel(karatel) used a tank 10-1-2020, 3:59:02 PM
karatel(karatel) used a tank 10-1-2020, 3:59:03 PM
karatel(karatel) used a tank 10-1-2020, 3:59:03 PM
karatel(karatel) used a tank 10-1-2020, 3:59:03 PM
karatel(karatel) used a tank 10-1-2020, 3:59:08 PM
karatel(karatel) used a hand_grenade 10-1-2020, 3:59:20 PM
karatel(karatel) used a hand_grenade 10-1-2020, 3:59:31 PM
karatel(karatel) used a hand_grenade 10-1-2020, 3:59:33 PM
karatel(karatel) used a hand_grenade 10-1-2020, 3:59:33 PM
karatel(karatel) used a hand_grenade 10-1-2020, 3:59:34 PM
karatel(karatel) used a hand_grenade 10-1-2020, 3:59:34 PM
karatel(karatel) used a hand_grenade 10-1-2020, 3:59:34 PM
karatel(karatel) used a hand_grenade 10-1-2020, 3:59:34 PM
karatel(karatel) used a hand_grenade 10-1-2020, 3:59:34 PM
karatel(karatel) used a hand_grenade 10-1-2020, 3:59:34 PM
karatel(karatel) used a hand_grenade 10-1-2020, 3:59:35 PM
karatel(karatel) used a hand_grenade 10-1-2020, 3:59:35 PM
karatel(karatel) used a hand_grenade 10-1-2020, 3:59:35 PM
karatel(karatel) used a hand_grenade 10-1-2020, 3:59:35 PM
karatel(karatel) used a hand_grenade 10-1-2020, 3:59:35 PM
karatel(karatel) used a hand_grenade 10-1-2020, 3:59:36 PM
karatel(karatel) used a hand_grenade 10-1-2020, 3:59:41 PM
karatel(karatel) used a hand_grenade 10-1-2020, 3:59:41 PM
karatel(karatel) used a hand_grenade 10-1-2020, 3:59:41 PM
karatel(karatel) used a hand_grenade 10-1-2020, 3:59:41 PM
karatel(karatel) used a hand_grenade 10-1-2020, 3:59:41 PM
karatel(karatel) used a hand_grenade 10-1-2020, 3:59:42 PM
karatel(karatel) used a hand_grenade 10-1-2020, 3:59:42 PM
karatel(karatel) used a hand_grenade 10-1-2020, 3:59:42 PM
karatel(karatel) used a hand_grenade 10-1-2020, 3:59:42 PM
karatel(karatel) used a hand_grenade 10-1-2020, 3:59:42 PM
karatel(karatel) used a hand_grenade 10-1-2020, 3:59:42 PM
karatel(karatel) used a hand_grenade 10-1-2020, 3:59:43 PM
karatel(karatel) used a hand_grenade 10-1-2020, 3:59:43 PM
karatel(karatel) used a hand_grenade 10-1-2020, 3:59:43 PM
karatel(karatel) used a hand_grenade 10-1-2020, 3:59:58 PM
karatel(karatel) used a hand_grenade 10-1-2020, 3:59:59 PM
karatel(karatel) used a hand_grenade 10-1-2020, 3:59:59 PM
karatel(karatel) used a hand_grenade 10-1-2020, 3:59:59 PM
karatel(karatel) used a hand_grenade 10-1-2020, 3:59:59 PM
karatel(karatel) used a hand_grenade 10-1-2020, 3:59:59 PM
karatel(karatel) used a hand_grenade 10-1-2020, 3:59:59 PM
karatel(karatel) used a hand_grenade 10-1-2020, 4:00:00 PM
karatel(karatel) used a hand_grenade 10-1-2020, 4:00:00 PM
karatel(karatel) used a hand_grenade 10-1-2020, 4:00:00 PM
karatel(karatel) used a hand_grenade 10-1-2020, 4:00:00 PM
karatel(karatel) used a hand_grenade 10-1-2020, 4:00:00 PM
karatel(karatel) used a hand_grenade 10-1-2020, 4:00:00 PM
karatel(karatel) used a hand_grenade 10-1-2020, 4:00:01 PM
karatel(karatel) used a hand_grenade 10-1-2020, 4:00:01 PM
karatel(karatel) used a hand_grenade 10-1-2020, 4:00:01 PM
karatel(karatel) used a hand_grenade 10-1-2020, 4:00:01 PM
karatel(karatel) used a hand_grenade 10-1-2020, 4:00:01 PM
karatel(karatel) used a hand_grenade 10-1-2020, 4:00:03 PM
karatel(karatel) used a hand_grenade 10-1-2020, 4:00:21 PM
karatel(karatel) used a hand_grenade 10-1-2020, 4:00:22 PM
karatel(karatel) used a hand_grenade 10-1-2020, 4:00:22 PM
karatel(karatel) used a hand_grenade 10-1-2020, 4:00:22 PM
karatel(karatel) used a hand_grenade 10-1-2020, 4:00:22 PM
karatel(karatel) used a hand_grenade 10-1-2020, 4:00:29 PM
karatel(karatel) used a hand_grenade 10-1-2020, 4:00:31 PM
karatel(karatel) used a hand_grenade 10-1-2020, 4:00:32 PM
karatel(karatel) used a hand_grenade 10-1-2020, 4:00:32 PM
karatel(karatel) used a hand_grenade 10-1-2020, 4:00:32 PM
karatel(karatel) used a hand_grenade 10-1-2020, 4:00:33 PM
karatel(karatel) used a hand_grenade 10-1-2020, 4:00:33 PM
karatel(karatel) used a hand_grenade 10-1-2020, 4:00:33 PM
karatel(karatel) used a hand_grenade 10-1-2020, 4:00:33 PM
karatel(karatel) used a hand_grenade 10-1-2020, 4:01:00 PM
karatel(karatel) used a hand_grenade 10-1-2020, 4:01:01 PM
karatel(karatel) used a hand_grenade 10-1-2020, 4:01:01 PM
karatel(karatel) used a hand_grenade 10-1-2020, 4:01:02 PM
karatel(karatel) used a hand_grenade 10-1-2020, 4:01:02 PM
karatel(karatel) used a hand_grenade 10-1-2020, 4:01:02 PM
karatel(karatel) used a hand_grenade 10-1-2020, 4:01:02 PM
karatel(karatel) used a hand_grenade 10-1-2020, 4:01:02 PM
karatel(karatel) used a hand_grenade 10-1-2020, 4:01:02 PM
karatel(karatel) used a hand_grenade 10-1-2020, 4:01:03 PM
karatel(karatel) used a hand_grenade 10-1-2020, 4:01:03 PM
karatel(karatel) used a hand_grenade 10-1-2020, 4:01:03 PM
karatel(karatel) used a hand_grenade 10-1-2020, 4:01:03 PM
karatel(karatel) used a hand_grenade 10-1-2020, 4:01:03 PM
karatel(karatel) used a hand_grenade 10-1-2020, 4:01:03 PM
karatel(karatel) used a hand_grenade 10-1-2020, 4:01:05 PM
karatel(karatel) used a hand_grenade 10-1-2020, 4:01:05 PM
karatel(karatel) used a hand_grenade 10-1-2020, 4:01:05 PM
karatel(karatel) used a hand_grenade 10-1-2020, 4:01:05 PM
karatel(karatel) used a hand_grenade 10-1-2020, 4:01:05 PM
karatel(karatel) used a hand_grenade 10-1-2020, 4:01:05 PM
karatel(karatel) used a hand_grenade 10-1-2020, 4:01:06 PM
karatel(karatel) used a hand_grenade 10-1-2020, 4:01:06 PM
karatel(karatel) used a hand_grenade 10-1-2020, 4:01:06 PM
karatel(karatel) used a hand_grenade 10-1-2020, 4:01:06 PM
karatel(karatel) used a hand_grenade 10-1-2020, 4:01:09 PM
karatel(karatel) used a hand_grenade 10-1-2020, 4:01:09 PM
karatel(karatel) used a hand_grenade 10-1-2020, 4:01:09 PM
karatel(karatel) used a hand_grenade 10-1-2020, 4:01:22 PM
karatel(karatel) used a hand_grenade 10-1-2020, 4:01:22 PM
karatel(karatel) used a hand_grenade 10-1-2020, 4:01:22 PM
karatel(karatel) used a hand_grenade 10-1-2020, 4:01:22 PM
karatel(karatel) used a hand_grenade 10-1-2020, 4:01:22 PM
karatel(karatel) used a hand_grenade 10-1-2020, 4:01:23 PM
karatel(karatel) used a hand_grenade 10-1-2020, 4:01:23 PM
karatel(karatel) used a hand_grenade 10-1-2020, 4:01:23 PM
karatel(karatel) used a hand_grenade 10-1-2020, 4:01:23 PM
karatel(karatel) used a hand_grenade 10-1-2020, 4:01:23 PM
karatel(karatel) used a hand_grenade 10-1-2020, 4:01:23 PM
karatel(karatel) used a hand_grenade 10-1-2020, 4:01:23 PM
karatel(karatel) used a hand_grenade 10-1-2020, 4:01:24 PM
karatel(karatel) used a hand_grenade 10-1-2020, 4:01:24 PM
karatel(karatel) used a hand_grenade 10-1-2020, 4:01:24 PM
karatel(karatel) used a hand_grenade 10-1-2020, 4:01:24 PM
karatel(karatel) used a hand_grenade 10-1-2020, 4:01:24 PM
karatel(karatel) used a hand_grenade 10-1-2020, 4:01:24 PM
karatel(karatel) used a hand_grenade 10-1-2020, 4:01:25 PM
karatel(karatel) used a hand_grenade 10-1-2020, 4:01:25 PM
karatel(karatel) used a hand_grenade 10-1-2020, 4:01:25 PM
karatel(karatel) used a hand_grenade 10-1-2020, 4:01:25 PM
karatel(karatel) used a hand_grenade 10-1-2020, 4:01:25 PM
karatel(karatel) used a hand_grenade 10-1-2020, 4:01:25 PM
karatel(karatel) used a hand_grenade 10-1-2020, 4:01:26 PM
karatel(karatel) used a hand_grenade 10-1-2020, 4:01:26 PM
karatel(karatel) used a hand_grenade 10-1-2020, 4:01:26 PM
karatel(karatel) used a hand_grenade 10-1-2020, 4:01:26 PM
karatel(karatel) used a hand_grenade 10-1-2020, 4:01:26 PM
karatel(karatel) used a hand_grenade 10-1-2020, 4:01:26 PM
karatel(karatel) used a hand_grenade 10-1-2020, 4:01:33 PM
karatel(karatel) used a hand_grenade 10-1-2020, 4:01:34 PM
karatel(karatel) used a hand_grenade 10-1-2020, 4:01:35 PM
karatel(karatel) used a hand_grenade 10-1-2020, 4:01:35 PM
karatel(karatel) used a hand_grenade 10-1-2020, 4:01:35 PM
karatel(karatel) used a hand_grenade 10-1-2020, 4:01:35 PM
karatel(karatel) used a hand_grenade 10-1-2020, 4:01:35 PM
karatel(karatel) used a hand_grenade 10-1-2020, 4:01:35 PM
karatel(karatel) used a hand_grenade 10-1-2020, 4:01:35 PM
karatel(karatel) used a hand_grenade 10-1-2020, 4:01:36 PM
karatel(karatel) used a hand_grenade 10-1-2020, 4:01:36 PM
karatel(karatel) used a hand_grenade 10-1-2020, 4:01:36 PM
karatel(karatel) used a hand_grenade 10-1-2020, 4:01:36 PM
karatel(karatel) used a hand_grenade 10-1-2020, 4:01:36 PM
karatel(karatel) used a hand_grenade 10-1-2020, 4:01:37 PM
karatel(karatel) used a hand_grenade 10-1-2020, 4:01:37 PM
karatel(karatel) used a hand_grenade 10-1-2020, 4:01:38 PM
karatel(karatel) used a hand_grenade 10-1-2020, 4:01:38 PM
karatel(karatel) used a hand_grenade 10-1-2020, 4:01:38 PM
karatel(karatel) used a hand_grenade 10-1-2020, 4:01:38 PM
karatel(karatel) used a hand_grenade 10-1-2020, 4:01:38 PM
karatel(karatel) used a hand_grenade 10-1-2020, 4:01:38 PM
karatel(karatel) used a hand_grenade 10-1-2020, 4:01:39 PM
karatel(karatel) used a hand_grenade 10-1-2020, 4:01:39 PM
karatel(karatel) used a hand_grenade 10-1-2020, 4:01:50 PM
karatel(karatel) used a tk_ultra_health_potion 10-1-2020, 4:01:53 PM
karatel(karatel) used a tk_ultra_health_potion 10-1-2020, 4:01:53 PM
karatel(karatel) used a tk_ultra_health_potion 10-1-2020, 4:01:53 PM
karatel(karatel) used a tk_ultra_health_potion 10-1-2020, 4:01:58 PM
karatel(karatel) used a tk_ultra_health_potion 10-1-2020, 4:01:58 PM
karatel(karatel) used a shield 10-1-2020, 4:02:05 PM
karatel(karatel) used a shield 10-1-2020, 4:02:06 PM
karatel(karatel) used a shield 10-1-2020, 4:02:06 PM
karatel(karatel) used a shield 10-1-2020, 4:02:06 PM
karatel(karatel) used a shield 10-1-2020, 4:02:06 PM
karatel(karatel) used a shield 10-1-2020, 4:02:07 PM
karatel(karatel) used a shield 10-1-2020, 4:02:08 PM
karatel(karatel) used a shield 10-1-2020, 4:02:09 PM
karatel(karatel) used a shield 10-1-2020, 4:02:10 PM
karatel(karatel) used a shield 10-1-2020, 4:02:10 PM
karatel(karatel) used a shield 10-1-2020, 4:02:10 PM
karatel(karatel) used a shield 10-1-2020, 4:02:10 PM
karatel(karatel) used a shield 10-1-2020, 4:02:10 PM
karatel(karatel) used a shield 10-1-2020, 4:02:10 PM
karatel(karatel) used a shield 10-1-2020, 4:02:11 PM
karatel(karatel) used a shield 10-1-2020, 4:02:11 PM
karatel(karatel) used a shield 10-1-2020, 4:02:11 PM
karatel(karatel) used a shield 10-1-2020, 4:02:11 PM
karatel(karatel) used a shield 10-1-2020, 4:02:11 PM
karatel(karatel) used a shield 10-1-2020, 4:02:11 PM
karatel(karatel) used a shield 10-1-2020, 4:02:12 PM
karatel(karatel) used a shield 10-1-2020, 4:02:12 PM
karatel(karatel) used a shield 10-1-2020, 4:02:12 PM
karatel(karatel) used a shield 10-1-2020, 4:02:12 PM
karatel(karatel) used a shield 10-1-2020, 4:02:13 PM
karatel(karatel) used a shield 10-1-2020, 4:02:13 PM
karatel(karatel) used a tk_ultra_health_potion 10-1-2020, 4:02:16 PM
karatel(karatel) used a tk_ultra_health_potion 10-1-2020, 4:02:16 PM
karatel(karatel) used a tk_ultra_health_potion 10-1-2020, 4:02:17 PM
karatel(karatel) used a tk_ultra_health_potion 10-1-2020, 4:02:17 PM
karatel(karatel) used a tk_ultra_health_potion 10-1-2020, 4:02:17 PM
karatel(karatel) used a tk_ultra_health_potion 10-1-2020, 4:02:17 PM
karatel(karatel) used a tk_ultra_health_potion 10-1-2020, 4:02:18 PM
karatel(karatel) used a tk_ultra_health_potion 10-1-2020, 4:02:19 PM
karatel(karatel) used a tk_ultra_health_potion 10-1-2020, 4:02:25 PM
karatel(karatel) used a tk_ultra_health_potion 10-1-2020, 4:02:25 PM
karatel(karatel) used a tk_ultra_health_potion 10-1-2020, 4:02:25 PM
karatel(karatel) used a hand_grenade 10-1-2020, 4:04:13 PM
karatel(karatel) used a hand_grenade 10-1-2020, 4:04:13 PM
karatel(karatel) used a hand_grenade 10-1-2020, 4:04:51 PM