
vishnu (vishnu) sent /t what 2-3-2021, 4:04:56 PM
vishnu (vishnu) sent /t k 2-3-2021, 4:05:14 PM
vishnu (vishnu) sent /where transformer 2-3-2021, 4:05:24 PM
vishnu (vishnu) sent /lchat I doent have it rofl 2-3-2021, 4:06:23 PM
vishnu (vishnu) sent /bid 200 2-3-2021, 4:06:52 PM
vishnu (vishnu) sent /t which 2-3-2021, 4:07:20 PM
vishnu (vishnu) sent /t hmmm 2-3-2021, 4:07:27 PM
vishnu (vishnu) sent /t lol 2-3-2021, 4:07:59 PM
vishnu (vishnu) sent /t it wont  work 2-3-2021, 4:08:04 PM
vishnu (vishnu) sent /t i need to leave team 2-3-2021, 4:08:20 PM
vishnu (vishnu) sent /t k  2-3-2021, 4:08:42 PM
vishnu (vishnu) sent /teamleave 2-3-2021, 4:08:47 PM
vishnu (vishnu) sent /lchat what 2-3-2021, 4:09:06 PM
vishnu (vishnu) sent /lchat i doent hhave car rofl 2-3-2021, 4:09:15 PM
vishnu (vishnu) sent /lchat s 2-3-2021, 4:09:47 PM
vishnu (vishnu) sent /lchat thx 2-3-2021, 4:09:52 PM
vishnu (vishnu) sent /lchat k 2-3-2021, 4:10:37 PM
vishnu (vishnu) sent /lchat now 2-3-2021, 4:11:15 PM
vishnu (vishnu) sent /lchat now? 2-3-2021, 4:11:57 PM
vishnu (vishnu) sent /lchat looool 2-3-2021, 4:12:55 PM
vishnu (vishnu) sent /lchat k now i tank 2-3-2021, 4:13:04 PM
vishnu (vishnu) sent /lchat go on 2-3-2021, 4:13:30 PM
vishnu (vishnu) sent /lchat your tank has 206126 health, and 94.1% fuel. last hit by mrido's empty_beer_bottle 2-3-2021, 4:14:02 PM
vishnu (vishnu) sent /lchat your tank has 123710 health, and 92.9% fuel. last hit by mrido's police car 2-3-2021, 4:14:26 PM
vishnu (vishnu) sent /lchat your tank has 115659 health, and 92.6% fuel. last hit by mrido's police car 2-3-2021, 4:14:31 PM
vishnu (vishnu) sent /lchat your tank has 25753 health, and 90.4% fuel. last hit by mrido's police car 2-3-2021, 4:15:16 PM
vishnu (vishnu) sent /lchat wending mesion will not work 2-3-2021, 4:15:39 PM
vishnu (vishnu) sent /jointeam rofl rofl001 2-3-2021, 4:16:15 PM
vishnu (vishnu) sent /rofl rofl001 2-3-2021, 4:16:22 PM
vishnu (vishnu) sent /suicide 2-3-2021, 4:16:29 PM
vishnu (vishnu) sent /jointeam rofl rofl001 2-3-2021, 4:16:50 PM
vishnu (vishnu) sent /jointeam rofl roflgamer001 2-3-2021, 4:17:24 PM
vishnu (vishnu) sent /t hmm 2-3-2021, 4:17:28 PM
vishnu (vishnu) sent /lchat need to collect these bottles rofl 2-3-2021, 4:18:16 PM
vishnu (vishnu) sent /lchat ill check my skype just a sec 2-3-2021, 4:19:10 PM
vishnu (vishnu) sent /lchat no new messages rofl 2-3-2021, 4:19:53 PM
vishnu (vishnu) sent /lchat o 2-3-2021, 4:20:38 PM
vishnu (vishnu) sent /lchat lmao 2-3-2021, 4:21:34 PM
vishnu (vishnu) sent /lchat lol wagight 2-3-2021, 4:22:19 PM
vishnu (vishnu) sent /t waight 2-3-2021, 4:22:23 PM
vishnu (vishnu) sent /lchat told ya 2-3-2021, 4:22:37 PM
vishnu (vishnu) sent /t told ya 2-3-2021, 4:22:42 PM
vishnu (vishnu) sent /t which 2-3-2021, 4:23:19 PM
vishnu (vishnu) sent /t oy where is it 2-3-2021, 4:23:38 PM
vishnu (vishnu) sent /t I also come 2-3-2021, 4:23:49 PM
vishnu (vishnu) sent /t main? 2-3-2021, 4:24:04 PM
vishnu (vishnu) sent /t ahaha 2-3-2021, 4:24:27 PM
vishnu (vishnu) sent /lchat k 2-3-2021, 4:26:57 PM
vishnu (vishnu) sent /lchat die die hh 2-3-2021, 4:27:42 PM
vishnu (vishnu) sent /t your shelter destroyed by us looool 2-3-2021, 4:28:16 PM
vishnu (vishnu) sent /t hahaha 2-3-2021, 4:28:23 PM
vishnu (vishnu) sent /t yeah we got 500 0 points 2-3-2021, 4:28:56 PM
vishnu (vishnu) sent /t 5000 hh 2-3-2021, 4:29:04 PM
vishnu (vishnu) sent /lchat k tc 2-3-2021, 4:29:14 PM
vishnu (vishnu) sent /where transformer 2-3-2021, 4:33:47 PM
vishnu (vishnu) sent /t lmao 2-3-2021, 4:38:10 PM
vishnu (vishnu) sent /t carefull rofl 2-3-2021, 4:40:05 PM
vishnu (vishnu) sent /t hmm keep your healtth full it will not effect much 2-3-2021, 4:41:20 PM
vishnu (vishnu) sent /t lol fucking lio 2-3-2021, 4:41:57 PM
vishnu (vishnu) sent /t lmao 2-3-2021, 4:42:49 PM
vishnu (vishnu) sent /t if tsunami goes prashant may come 2-3-2021, 4:43:15 PM
vishnu (vishnu) sent /t but we cannot say to him to go out rofl 2-3-2021, 4:43:43 PM
vishnu (vishnu) sent /t he need to b online rofl 2-3-2021, 4:44:56 PM
vishnu (vishnu) sent /t shitty boaring 2-3-2021, 4:54:29 PM
vishnu (vishnu) sent /lchat shit shit shit shit 2-3-2021, 4:55:41 PM
vishnu (vishnu) sent /lchat o chao 2-3-2021, 4:56:09 PM
vishnu (vishnu) sent /lchat chao chao 2-3-2021, 4:56:15 PM
vishnu (vishnu) sent /where AnhSon 2-3-2021, 4:57:49 PM
vishnu (vishnu) sent /lchat chao mchao 2-3-2021, 4:58:46 PM
vishnu (vishnu) sent /pm AnhSon come come hahahahaha 2-3-2021, 5:01:13 PM
vishnu (vishnu) sent /pm AnhSon hahahahahahahaahahahahahahahaha 2-3-2021, 5:02:01 PM
vishnu (vishnu) sent /pm AnhSon ahaahahaa come ahaaahahaahaahahahaahahahaah 2-3-2021, 5:02:36 PM
vishnu (vishnu) sent /pm AnhSon aahahahahahahahahahahahahahahahaha 2-3-2021, 5:03:19 PM
vishnu (vishnu) sent /pm AnhSon come come hahahaha 2-3-2021, 5:04:08 PM
vishnu (vishnu) sent /pm AnhSon come come 2-3-2021, 5:04:44 PM
vishnu (vishnu) sent /pm AnhSon try try  2-3-2021, 5:05:10 PM
vishnu (vishnu) sent /pm AnhSon come un till you kil me 2-3-2021, 5:06:02 PM
vishnu (vishnu) sent /pm AnhSon ahaha come come and try to kill me aahahahaha 2-3-2021, 5:07:05 PM
vishnu (vishnu) sent /where transformer 2-3-2021, 5:08:17 PM
vishnu (vishnu) sent /where transformer 2-3-2021, 5:12:06 PM
vishnu (vishnu) sent /lchat hai oy  2-3-2021, 5:15:05 PM
vishnu (vishnu) sent /lchat oyeeyeyeyeyeyeeye 2-3-2021, 5:15:21 PM
vishnu (vishnu) sent /lchat oyyyyyyyyyyy 2-3-2021, 5:15:31 PM