
MonkeyDLuffy(MonkeyDLuffy) used a antibiotic 2-14-2021, 12:28:58 PM
MonkeyDLuffy(MonkeyDLuffy) used a antibiotic 2-14-2021, 12:28:58 PM
MonkeyDLuffy(MonkeyDLuffy) used a antibiotic 2-14-2021, 12:28:59 PM
MonkeyDLuffy(MonkeyDLuffy) used a antibiotic 2-14-2021, 12:28:59 PM
MonkeyDLuffy(MonkeyDLuffy) used a shield 2-14-2021, 12:29:00 PM
MonkeyDLuffy(MonkeyDLuffy) used a shield 2-14-2021, 12:29:00 PM
MonkeyDLuffy(MonkeyDLuffy) used a shield 2-14-2021, 12:29:00 PM
MonkeyDLuffy(MonkeyDLuffy) used a long_sword 2-14-2021, 12:29:14 PM
MonkeyDLuffy(MonkeyDLuffy) used a throwing_knives 2-14-2021, 12:29:17 PM
MonkeyDLuffy(MonkeyDLuffy) used a shotgun 2-14-2021, 12:29:23 PM
MonkeyDLuffy(MonkeyDLuffy) used a awp 2-14-2021, 12:29:30 PM
MonkeyDLuffy(MonkeyDLuffy) used a fnminimilight 2-14-2021, 12:29:43 PM
MonkeyDLuffy(MonkeyDLuffy) used a modern_sub_machine_gun_carbine 2-14-2021, 12:29:49 PM
MonkeyDLuffy(MonkeyDLuffy) used a colt_ar_15_assault_rifle 2-14-2021, 12:30:10 PM
MonkeyDLuffy(MonkeyDLuffy) used a taser 2-14-2021, 12:30:19 PM
MonkeyDLuffy(MonkeyDLuffy) used a cyanide_pistol 2-14-2021, 12:30:32 PM
MonkeyDLuffy(MonkeyDLuffy) used a rpg7 2-14-2021, 12:30:41 PM
MonkeyDLuffy(MonkeyDLuffy) used a hand_cannon 2-14-2021, 12:30:47 PM
MonkeyDLuffy(MonkeyDLuffy) used a shield 2-14-2021, 12:32:40 PM
MonkeyDLuffy(MonkeyDLuffy) used a shield 2-14-2021, 12:32:40 PM
MonkeyDLuffy(MonkeyDLuffy) used a antibiotic 2-14-2021, 12:32:41 PM
MonkeyDLuffy(MonkeyDLuffy) used a antibiotic 2-14-2021, 12:32:41 PM
MonkeyDLuffy(MonkeyDLuffy) used a antibiotic 2-14-2021, 12:32:42 PM
MonkeyDLuffy(MonkeyDLuffy) used a antibiotic 2-14-2021, 12:33:02 PM
MonkeyDLuffy(MonkeyDLuffy) used a antibiotic 2-14-2021, 12:33:02 PM
MonkeyDLuffy(MonkeyDLuffy) used a antibiotic 2-14-2021, 12:33:36 PM
MonkeyDLuffy(MonkeyDLuffy) used a antibiotic 2-14-2021, 12:34:07 PM
MonkeyDLuffy(MonkeyDLuffy) used a antibiotic 2-14-2021, 12:34:33 PM