
vana logged in. 1-9-2021, 12:13:45 AM
mihail logged in. 1-9-2021, 12:27:33 AM
best-killer logged in. 1-9-2021, 9:39:02 AM
krokodailtop logged in. 1-9-2021, 9:59:44 AM
supergamer logged in. 1-9-2021, 11:25:02 AM
stepman logged in. 1-9-2021, 11:30:09 AM
stepman logged in. 1-9-2021, 11:40:32 AM
supergamer logged in. 1-9-2021, 12:16:19 PM
dayler logged in. 1-9-2021, 12:35:42 PM
vana logged in. 1-9-2021, 12:39:45 PM
magistral logged in. 1-9-2021, 12:40:20 PM
stepman logged in. 1-9-2021, 12:44:18 PM
vana logged in. 1-9-2021, 12:46:18 PM
supergamer logged in. 1-9-2021, 1:00:11 PM
nikita-k logged in. 1-9-2021, 1:18:37 PM
magistral logged in. 1-9-2021, 1:26:59 PM
tapaz logged in. 1-9-2021, 2:24:31 PM
stepman logged in. 1-9-2021, 2:49:33 PM
magistral logged in. 1-9-2021, 2:56:37 PM
mihail logged in. 1-9-2021, 3:12:22 PM
vladik logged in. 1-9-2021, 3:22:49 PM
mihail logged in. 1-9-2021, 3:45:46 PM
stepman logged in. 1-9-2021, 4:06:42 PM
stepman logged in. 1-9-2021, 4:19:01 PM
supergamer logged in. 1-9-2021, 4:19:49 PM
pyspil logged in. 1-9-2021, 4:34:05 PM
nikita-k logged in. 1-9-2021, 4:40:03 PM
supergamer logged in. 1-9-2021, 5:15:00 PM
nikita-k logged in. 1-9-2021, 5:22:09 PM
nikita-k logged in. 1-9-2021, 5:37:37 PM
spay logged in. 1-9-2021, 5:39:29 PM
stepman logged in. 1-9-2021, 5:49:12 PM
bolgelo logged in. 1-9-2021, 5:53:47 PM
bolgelo logged in. 1-9-2021, 5:53:59 PM
bolgelo logged in. 1-9-2021, 5:54:26 PM
spay logged in. 1-9-2021, 6:00:21 PM
bolgelo logged in. 1-9-2021, 6:00:31 PM
bolgelo logged in. 1-9-2021, 6:05:03 PM
bolgelo logged in. 1-9-2021, 6:10:32 PM
bolgelo logged in. 1-9-2021, 6:11:57 PM
bolgelo logged in. 1-9-2021, 6:26:25 PM
stepman logged in. 1-9-2021, 6:36:33 PM
magistral logged in. 1-9-2021, 6:46:03 PM
supergamer logged in. 1-9-2021, 6:46:58 PM
magistral logged in. 1-9-2021, 6:50:02 PM
magistral logged in. 1-9-2021, 6:50:41 PM
magistral logged in. 1-9-2021, 6:51:00 PM
stepman logged in. 1-9-2021, 6:52:39 PM
magistral logged in. 1-9-2021, 6:52:52 PM
supergamer logged in. 1-9-2021, 6:55:34 PM
nikita-k logged in. 1-9-2021, 6:56:59 PM
magistral logged in. 1-9-2021, 6:57:26 PM
stepman logged in. 1-9-2021, 6:59:32 PM
pyspil logged in. 1-9-2021, 7:00:45 PM
tank logged in. 1-9-2021, 7:06:03 PM
magistral logged in. 1-9-2021, 7:06:04 PM
magistral logged in. 1-9-2021, 7:16:10 PM
vadimka logged in. 1-9-2021, 7:18:35 PM
vadimka logged in. 1-9-2021, 7:27:39 PM
nikita-k logged in. 1-9-2021, 7:45:17 PM
franklin logged in. 1-9-2021, 7:46:21 PM
nikita-k logged in. 1-9-2021, 7:51:05 PM
best-killer logged in. 1-9-2021, 7:53:45 PM
nikita-k logged in. 1-9-2021, 7:58:25 PM
nikita-k logged in. 1-9-2021, 8:03:46 PM
nikita-k logged in. 1-9-2021, 8:04:14 PM
best-killer logged in. 1-9-2021, 8:07:29 PM
scorpion logged in. 1-9-2021, 8:12:16 PM
kirill logged in. 1-9-2021, 8:17:04 PM
vana logged in. 1-9-2021, 8:23:41 PM
vana logged in. 1-9-2021, 8:23:59 PM
vana logged in. 1-9-2021, 8:24:58 PM
vana logged in. 1-9-2021, 8:26:42 PM
kirill logged in. 1-9-2021, 8:27:40 PM
vana logged in. 1-9-2021, 8:27:51 PM
kirill logged in. 1-9-2021, 8:28:00 PM
best-killer logged in. 1-9-2021, 8:28:25 PM
best-killer logged in. 1-9-2021, 8:29:30 PM
kirill logged in. 1-9-2021, 8:30:44 PM
supergamer logged in. 1-9-2021, 8:30:45 PM
nikita-k logged in. 1-9-2021, 8:38:22 PM
nikita-k logged in. 1-9-2021, 8:42:33 PM
supergamer logged in. 1-9-2021, 8:44:32 PM
best-killer logged in. 1-9-2021, 8:45:28 PM
supergamer logged in. 1-9-2021, 9:00:54 PM
best-killer logged in. 1-9-2021, 9:00:59 PM
nikita-k logged in. 1-9-2021, 9:01:06 PM
nikita-k logged in. 1-9-2021, 9:03:12 PM
vana logged in. 1-9-2021, 9:04:28 PM
vana logged in. 1-9-2021, 9:06:10 PM
vana logged in. 1-9-2021, 9:07:27 PM
vana logged in. 1-9-2021, 9:09:08 PM
vana logged in. 1-9-2021, 9:11:59 PM
vana logged in. 1-9-2021, 9:15:33 PM
vana logged in. 1-9-2021, 9:16:29 PM
vana logged in. 1-9-2021, 9:16:49 PM
vana logged in. 1-9-2021, 9:17:23 PM
ivan logged in. 1-9-2021, 9:18:38 PM
nikita-k logged in. 1-9-2021, 9:19:22 PM
supergamer logged in. 1-9-2021, 9:19:25 PM
best-killer logged in. 1-9-2021, 9:19:42 PM
ivan logged in. 1-9-2021, 9:19:55 PM
ivan logged in. 1-9-2021, 9:23:26 PM
nikita-k logged in. 1-9-2021, 9:24:59 PM
supergamer logged in. 1-9-2021, 9:25:03 PM
ivan logged in. 1-9-2021, 9:26:10 PM
stepman logged in. 1-9-2021, 9:29:52 PM
mihail logged in. 1-9-2021, 9:57:45 PM
nikita-k logged in. 1-9-2021, 10:25:46 PM
vizard logged in. 1-9-2021, 10:35:12 PM
reynjer logged in. 1-9-2021, 10:41:56 PM
raynjer logged in. 1-9-2021, 10:47:27 PM
mihail logged in. 1-9-2021, 11:08:07 PM
Yarina logged in. 1-9-2021, 11:17:41 PM
laid logged in. 1-9-2021, 11:33:09 PM
laid logged in. 1-9-2021, 11:35:04 PM
laid logged in. 1-9-2021, 11:38:49 PM
laid logged in. 1-9-2021, 11:59:38 PM