
best (best) sent /suicide 8-27-2020, 11:54:33 AM
best (best) sent /where rider 8-27-2020, 11:59:04 AM
best (best) sent /where rider 8-27-2020, 12:00:56 PM
best (best) sent /help 8-27-2020, 12:11:24 PM
best (best) sent /teamcreate killers_kirills_bos 8-27-2020, 12:13:09 PM
best (best) sent /teamcreate kirill_bos 8-27-2020, 12:14:04 PM
best (best) sent /taemcreate bos_kill 8-27-2020, 12:14:37 PM
best (best) sent /teamcreate bos_kill 8-27-2020, 12:15:02 PM
best (best) sent /taemcreate kill 8-27-2020, 12:15:31 PM
best (best) sent /teamcreate 123 54917600 8-27-2020, 12:16:53 PM
best (best) sent /teamcreate pk 54919] 8-27-2020, 12:17:46 PM
best (best) sent /jointeam 123 d7ut 8-27-2020, 12:19:45 PM
best (best) sent /jointeam 123 d7ud 8-27-2020, 12:20:39 PM
best (best) sent /admins 8-27-2020, 1:00:12 PM
best (best) sent /where vladon 8-27-2020, 1:00:43 PM
best (best) sent /where homutayzer 8-27-2020, 4:00:02 PM
best (best) sent /where homutayzer 8-27-2020, 4:04:17 PM
best (best) sent /suicide 8-27-2020, 4:04:22 PM
best (best) sent /where homutayzer 8-27-2020, 4:04:55 PM
best (best) sent /where homutayzer 8-27-2020, 4:08:20 PM