
Yarina(Yarina) used a tk_ultra_health_potion 8-21-2020, 1:29:19 PM
Yarina(Yarina) used a tk_ultra_health_potion 8-21-2020, 1:29:20 PM
Yarina(Yarina) used a tk_ultra_health_potion 8-21-2020, 1:29:30 PM
Yarina(Yarina) used a tk_ultra_health_potion 8-21-2020, 1:29:36 PM
Yarina(Yarina) used a tk_ultra_health_potion 8-21-2020, 1:29:37 PM
Yarina(Yarina) used a tk_ultra_health_potion 8-21-2020, 1:30:16 PM
Yarina(Yarina) used a tk_ultra_health_potion 8-21-2020, 1:30:16 PM
Yarina(Yarina) used a modern_sub_machine_gun_carbine 8-21-2020, 1:30:29 PM
Yarina(Yarina) used a tk_ultra_health_potion 8-21-2020, 1:32:07 PM
Yarina(Yarina) used a tk_ultra_health_potion 8-21-2020, 1:32:08 PM
Yarina(Yarina) used a tk_ultra_health_potion 8-21-2020, 1:32:27 PM
Yarina(Yarina) used a tk_ultra_health_potion 8-21-2020, 1:32:27 PM
Yarina(Yarina) used a tk_ultra_health_potion 8-21-2020, 1:32:28 PM
Yarina(Yarina) used a tk_ultra_health_potion 8-21-2020, 1:32:28 PM
Yarina(Yarina) used a health_drink 8-21-2020, 1:32:37 PM
Yarina(Yarina) used a health_drink 8-21-2020, 1:32:40 PM
Yarina(Yarina) used a health_drink 8-21-2020, 1:32:40 PM
Yarina(Yarina) used a health_drink 8-21-2020, 1:32:41 PM
Yarina(Yarina) used a health_drink 8-21-2020, 1:32:43 PM
Yarina(Yarina) used a health_drink 8-21-2020, 1:32:43 PM
Yarina(Yarina) used a health_drink 8-21-2020, 1:32:44 PM
Yarina(Yarina) used a health_drink 8-21-2020, 1:32:44 PM
Yarina(Yarina) used a health_drink 8-21-2020, 1:32:48 PM
Yarina(Yarina) used a hand_grenade 8-21-2020, 1:33:21 PM
Yarina(Yarina) used a hand_grenade 8-21-2020, 1:33:24 PM
Yarina(Yarina) used a hand_grenade 8-21-2020, 1:33:25 PM
Yarina(Yarina) used a hand_grenade 8-21-2020, 1:33:28 PM
Yarina(Yarina) used a hand_grenade 8-21-2020, 1:33:29 PM
Yarina(Yarina) used a hand_grenade 8-21-2020, 1:33:32 PM
Yarina(Yarina) used a hand_grenade 8-21-2020, 1:33:38 PM
Yarina(Yarina) used a hand_grenade 8-21-2020, 1:33:43 PM
Yarina(Yarina) used a hand_grenade 8-21-2020, 1:33:44 PM
Yarina(Yarina) used a hand_grenade 8-21-2020, 1:33:48 PM
Yarina(Yarina) used a hand_grenade 8-21-2020, 1:33:50 PM
Yarina(Yarina) used a hand_grenade 8-21-2020, 1:33:51 PM
Yarina(Yarina) used a hand_grenade 8-21-2020, 1:34:12 PM
Yarina(Yarina) used a hand_grenade 8-21-2020, 1:34:13 PM
Yarina(Yarina) used a hand_grenade 8-21-2020, 1:34:13 PM
Yarina(Yarina) used a tk_ultra_health_potion 8-21-2020, 1:49:45 PM
Yarina(Yarina) used a health_drink 8-21-2020, 1:49:56 PM
Yarina(Yarina) used a health_drink 8-21-2020, 1:49:56 PM
Yarina(Yarina) used a health_drink 8-21-2020, 1:49:56 PM
Yarina(Yarina) used a health_drink 8-21-2020, 1:49:58 PM
Yarina(Yarina) used a health_drink 8-21-2020, 1:49:58 PM
Yarina(Yarina) used a health_drink 8-21-2020, 1:49:58 PM
Yarina(Yarina) used a health_drink 8-21-2020, 1:49:59 PM
Yarina(Yarina) used a health_drink 8-21-2020, 1:50:00 PM
Yarina(Yarina) used a health_drink 8-21-2020, 1:50:01 PM
Yarina(Yarina) used a health_drink 8-21-2020, 1:50:01 PM
Yarina(Yarina) used a health_drink 8-21-2020, 1:50:02 PM
Yarina(Yarina) used a modern_sub_machine_gun_carbine 8-21-2020, 2:20:37 PM
Yarina(Yarina) used a tk_ultra_health_potion 8-21-2020, 2:20:50 PM
Yarina(Yarina) used a tk_ultra_health_potion 8-21-2020, 2:20:51 PM
Yarina(Yarina) used a health_drink 8-21-2020, 2:20:58 PM
Yarina(Yarina) used a health_drink 8-21-2020, 2:20:58 PM
Yarina(Yarina) used a health_drink 8-21-2020, 2:20:59 PM
Yarina(Yarina) used a health_drink 8-21-2020, 2:21:00 PM
Yarina(Yarina) used a health_drink 8-21-2020, 2:21:00 PM
Yarina(Yarina) used a health_drink 8-21-2020, 2:21:00 PM
Yarina(Yarina) used a health_drink 8-21-2020, 2:21:01 PM
Yarina(Yarina) used a health_drink 8-21-2020, 2:21:01 PM
Yarina(Yarina) used a health_drink 8-21-2020, 2:21:01 PM
Yarina(Yarina) used a health_drink 8-21-2020, 2:21:01 PM
Yarina(Yarina) used a health_drink 8-21-2020, 2:21:02 PM
Yarina(Yarina) used a health_drink 8-21-2020, 2:21:02 PM
Yarina(Yarina) used a shield 8-21-2020, 2:21:11 PM
Yarina(Yarina) used a shield 8-21-2020, 2:21:11 PM
Yarina(Yarina) used a shield 8-21-2020, 2:21:12 PM
Yarina(Yarina) used a shield 8-21-2020, 2:21:12 PM
Yarina(Yarina) used a shield 8-21-2020, 2:21:14 PM
Yarina(Yarina) used a shield 8-21-2020, 2:21:14 PM
Yarina(Yarina) used a shield 8-21-2020, 2:21:14 PM
Yarina(Yarina) used a shield 8-21-2020, 2:21:14 PM
Yarina(Yarina) used a shield 8-21-2020, 2:21:15 PM
Yarina(Yarina) used a shield 8-21-2020, 2:21:15 PM
Yarina(Yarina) used a shield 8-21-2020, 2:21:15 PM
Yarina(Yarina) used a shield 8-21-2020, 2:21:17 PM
Yarina(Yarina) used a shield 8-21-2020, 2:21:17 PM
Yarina(Yarina) used a shield 8-21-2020, 2:21:17 PM
Yarina(Yarina) used a shield 8-21-2020, 2:21:18 PM
Yarina(Yarina) used a shield 8-21-2020, 2:21:18 PM
Yarina(Yarina) used a shield 8-21-2020, 2:21:18 PM
Yarina(Yarina) used a shield 8-21-2020, 2:21:19 PM
Yarina(Yarina) used a shield 8-21-2020, 2:21:19 PM
Yarina(Yarina) used a shield 8-21-2020, 2:21:19 PM
Yarina(Yarina) used a shield 8-21-2020, 2:21:19 PM
Yarina(Yarina) used a shield 8-21-2020, 2:21:20 PM
Yarina(Yarina) used a shield 8-21-2020, 2:21:20 PM
Yarina(Yarina) used a shield 8-21-2020, 2:21:20 PM
Yarina(Yarina) used a shield 8-21-2020, 2:21:20 PM
Yarina(Yarina) used a shield 8-21-2020, 2:21:21 PM
Yarina(Yarina) used a shield 8-21-2020, 2:21:21 PM
Yarina(Yarina) used a shield 8-21-2020, 2:21:21 PM
Yarina(Yarina) used a shield 8-21-2020, 2:21:21 PM
Yarina(Yarina) used a shield 8-21-2020, 2:21:22 PM
Yarina(Yarina) used a shield 8-21-2020, 2:21:22 PM
Yarina(Yarina) used a shield 8-21-2020, 2:21:22 PM
Yarina(Yarina) used a shield 8-21-2020, 2:21:23 PM
Yarina(Yarina) used a shield 8-21-2020, 2:21:23 PM
Yarina(Yarina) used a shield 8-21-2020, 2:21:23 PM
Yarina(Yarina) used a shield 8-21-2020, 2:21:23 PM
Yarina(Yarina) used a shield 8-21-2020, 2:21:24 PM
Yarina(Yarina) used a shield 8-21-2020, 2:21:24 PM
Yarina(Yarina) used a shield 8-21-2020, 2:21:25 PM
Yarina(Yarina) used a shield 8-21-2020, 2:21:25 PM
Yarina(Yarina) used a shield 8-21-2020, 2:21:25 PM
Yarina(Yarina) used a hand_grenade 8-21-2020, 2:21:58 PM
Yarina(Yarina) used a hand_grenade 8-21-2020, 2:21:58 PM
Yarina(Yarina) used a hand_grenade 8-21-2020, 2:21:58 PM
Yarina(Yarina) used a hand_grenade 8-21-2020, 2:21:59 PM
Yarina(Yarina) used a hand_grenade 8-21-2020, 2:21:59 PM
Yarina(Yarina) used a hand_grenade 8-21-2020, 2:21:59 PM
Yarina(Yarina) used a hand_grenade 8-21-2020, 2:21:59 PM
Yarina(Yarina) used a hand_grenade 8-21-2020, 2:22:00 PM
Yarina(Yarina) used a hand_grenade 8-21-2020, 2:22:00 PM
Yarina(Yarina) used a hand_grenade 8-21-2020, 2:22:00 PM
Yarina(Yarina) used a hand_grenade 8-21-2020, 2:22:01 PM
Yarina(Yarina) used a hand_grenade 8-21-2020, 2:22:01 PM
Yarina(Yarina) used a hand_grenade 8-21-2020, 2:22:01 PM
Yarina(Yarina) used a hand_grenade 8-21-2020, 2:22:02 PM
Yarina(Yarina) used a hand_grenade 8-21-2020, 2:22:26 PM
Yarina(Yarina) used a tk_ultra_health_potion 8-21-2020, 2:22:33 PM
Yarina(Yarina) used a health_drink 8-21-2020, 2:22:38 PM
Yarina(Yarina) used a health_drink 8-21-2020, 2:22:39 PM
Yarina(Yarina) used a health_drink 8-21-2020, 2:22:39 PM
Yarina(Yarina) used a health_drink 8-21-2020, 2:22:39 PM
Yarina(Yarina) used a health_drink 8-21-2020, 2:22:41 PM
Yarina(Yarina) used a health_drink 8-21-2020, 2:22:41 PM
Yarina(Yarina) used a health_drink 8-21-2020, 2:22:41 PM
Yarina(Yarina) used a health_drink 8-21-2020, 2:22:42 PM
Yarina(Yarina) used a health_drink 8-21-2020, 2:22:42 PM
Yarina(Yarina) used a health_drink 8-21-2020, 2:22:43 PM
Yarina(Yarina) used a health_drink 8-21-2020, 2:22:44 PM
Yarina(Yarina) used a health_drink 8-21-2020, 2:22:44 PM
Yarina(Yarina) used a health_drink 8-21-2020, 2:22:45 PM
Yarina(Yarina) used a health_drink 8-21-2020, 2:22:45 PM
Yarina(Yarina) used a health_drink 8-21-2020, 2:22:47 PM
Yarina(Yarina) used a health_drink 8-21-2020, 2:22:48 PM
Yarina(Yarina) used a health_drink 8-21-2020, 2:22:48 PM
Yarina(Yarina) used a health_drink 8-21-2020, 2:22:48 PM
Yarina(Yarina) used a coin 8-21-2020, 2:27:19 PM
Yarina(Yarina) used a coin 8-21-2020, 2:27:20 PM
Yarina(Yarina) used a coin 8-21-2020, 2:27:21 PM
Yarina(Yarina) used a coin 8-21-2020, 2:27:23 PM
Yarina(Yarina) used a coin 8-21-2020, 2:27:24 PM
Yarina(Yarina) used a coin 8-21-2020, 2:27:25 PM
Yarina(Yarina) used a tk_ultra_health_potion 8-21-2020, 3:45:06 PM
Yarina(Yarina) used a tk_ultra_health_potion 8-21-2020, 3:45:06 PM
Yarina(Yarina) used a tk_ultra_health_potion 8-21-2020, 3:45:07 PM
Yarina(Yarina) used a modern_sub_machine_gun_carbine 8-21-2020, 3:45:11 PM
Yarina(Yarina) used a hand_grenade 8-21-2020, 3:46:24 PM
Yarina(Yarina) used a hand_grenade 8-21-2020, 3:46:25 PM
Yarina(Yarina) used a hand_grenade 8-21-2020, 3:46:25 PM
Yarina(Yarina) used a hand_grenade 8-21-2020, 3:46:26 PM
Yarina(Yarina) used a hand_grenade 8-21-2020, 3:46:26 PM
Yarina(Yarina) used a hand_grenade 8-21-2020, 3:46:26 PM
Yarina(Yarina) used a hand_grenade 8-21-2020, 3:46:27 PM
Yarina(Yarina) used a hand_grenade 8-21-2020, 3:46:27 PM
Yarina(Yarina) used a hand_grenade 8-21-2020, 3:46:27 PM
Yarina(Yarina) used a hand_grenade 8-21-2020, 3:46:27 PM
Yarina(Yarina) used a hand_grenade 8-21-2020, 3:46:28 PM
Yarina(Yarina) used a hand_grenade 8-21-2020, 3:46:28 PM
Yarina(Yarina) used a hand_grenade 8-21-2020, 3:46:28 PM
Yarina(Yarina) used a hand_grenade 8-21-2020, 3:46:28 PM
Yarina(Yarina) used a hand_grenade 8-21-2020, 3:46:29 PM
Yarina(Yarina) used a hand_grenade 8-21-2020, 3:46:29 PM
Yarina(Yarina) used a hand_grenade 8-21-2020, 3:46:29 PM
Yarina(Yarina) used a hand_grenade 8-21-2020, 3:46:30 PM
Yarina(Yarina) used a hand_grenade 8-21-2020, 3:46:30 PM
Yarina(Yarina) used a hand_grenade 8-21-2020, 3:46:31 PM
Yarina(Yarina) used a hand_grenade 8-21-2020, 3:46:31 PM
Yarina(Yarina) used a hand_grenade 8-21-2020, 3:46:31 PM
Yarina(Yarina) used a hand_grenade 8-21-2020, 3:46:31 PM
Yarina(Yarina) used a hand_grenade 8-21-2020, 3:46:31 PM
Yarina(Yarina) used a hand_grenade 8-21-2020, 3:46:32 PM
Yarina(Yarina) used a hand_grenade 8-21-2020, 3:46:32 PM
Yarina(Yarina) used a hand_grenade 8-21-2020, 3:46:48 PM
Yarina(Yarina) used a hand_grenade 8-21-2020, 3:46:49 PM
Yarina(Yarina) used a hand_grenade 8-21-2020, 3:47:33 PM
Yarina(Yarina) used a hand_grenade 8-21-2020, 3:47:33 PM
Yarina(Yarina) used a hand_grenade 8-21-2020, 3:47:34 PM
Yarina(Yarina) used a hand_grenade 8-21-2020, 3:47:34 PM
Yarina(Yarina) used a hand_grenade 8-21-2020, 3:47:34 PM
Yarina(Yarina) used a hand_grenade 8-21-2020, 3:47:35 PM
Yarina(Yarina) used a hand_grenade 8-21-2020, 3:47:35 PM
Yarina(Yarina) used a hand_grenade 8-21-2020, 3:47:35 PM
Yarina(Yarina) used a hand_grenade 8-21-2020, 3:47:35 PM
Yarina(Yarina) used a hand_grenade 8-21-2020, 3:47:36 PM
Yarina(Yarina) used a hand_grenade 8-21-2020, 3:47:36 PM
Yarina(Yarina) used a hand_grenade 8-21-2020, 3:47:36 PM
Yarina(Yarina) used a hand_grenade 8-21-2020, 3:47:37 PM
Yarina(Yarina) used a hand_grenade 8-21-2020, 3:47:37 PM
Yarina(Yarina) used a hand_grenade 8-21-2020, 3:47:37 PM
Yarina(Yarina) used a hand_grenade 8-21-2020, 3:47:37 PM
Yarina(Yarina) used a hand_grenade 8-21-2020, 3:47:38 PM
Yarina(Yarina) used a hand_grenade 8-21-2020, 3:47:38 PM
Yarina(Yarina) used a hand_grenade 8-21-2020, 3:47:38 PM
Yarina(Yarina) used a hand_grenade 8-21-2020, 3:47:38 PM
Yarina(Yarina) used a hand_grenade 8-21-2020, 3:47:39 PM
Yarina(Yarina) used a hand_grenade 8-21-2020, 3:47:39 PM
Yarina(Yarina) used a hand_grenade 8-21-2020, 3:47:40 PM
Yarina(Yarina) used a hand_grenade 8-21-2020, 3:47:40 PM
Yarina(Yarina) used a hand_grenade 8-21-2020, 3:47:41 PM
Yarina(Yarina) used a hand_grenade 8-21-2020, 3:47:41 PM
Yarina(Yarina) used a hand_grenade 8-21-2020, 3:47:44 PM
Yarina(Yarina) used a hand_grenade 8-21-2020, 3:47:45 PM
Yarina(Yarina) used a hand_grenade 8-21-2020, 3:47:45 PM
Yarina(Yarina) used a hand_grenade 8-21-2020, 3:47:45 PM
Yarina(Yarina) used a hand_grenade 8-21-2020, 3:47:46 PM
Yarina(Yarina) used a hand_grenade 8-21-2020, 3:47:56 PM
Yarina(Yarina) used a hand_grenade 8-21-2020, 3:47:59 PM
Yarina(Yarina) used a hand_grenade 8-21-2020, 3:48:07 PM
Yarina(Yarina) used a hand_grenade 8-21-2020, 3:48:09 PM
Yarina(Yarina) used a hand_grenade 8-21-2020, 3:48:13 PM
Yarina(Yarina) used a hand_grenade 8-21-2020, 3:48:15 PM
Yarina(Yarina) used a hand_grenade 8-21-2020, 3:48:15 PM
Yarina(Yarina) used a hand_grenade 8-21-2020, 3:48:15 PM
Yarina(Yarina) used a hand_grenade 8-21-2020, 3:48:16 PM
Yarina(Yarina) used a hand_grenade 8-21-2020, 3:48:16 PM
Yarina(Yarina) used a hand_grenade 8-21-2020, 3:48:16 PM
Yarina(Yarina) used a hand_grenade 8-21-2020, 3:48:16 PM
Yarina(Yarina) used a hand_grenade 8-21-2020, 3:48:17 PM
Yarina(Yarina) used a hand_grenade 8-21-2020, 3:48:17 PM
Yarina(Yarina) used a hand_grenade 8-21-2020, 3:48:17 PM
Yarina(Yarina) used a hand_grenade 8-21-2020, 3:48:17 PM
Yarina(Yarina) used a hand_grenade 8-21-2020, 3:48:20 PM
Yarina(Yarina) used a hand_grenade 8-21-2020, 3:48:20 PM
Yarina(Yarina) used a hand_grenade 8-21-2020, 3:48:21 PM
Yarina(Yarina) used a hand_grenade 8-21-2020, 3:48:22 PM
Yarina(Yarina) used a hand_grenade 8-21-2020, 3:48:28 PM
Yarina(Yarina) used a hand_grenade 8-21-2020, 3:48:30 PM
Yarina(Yarina) used a hand_grenade 8-21-2020, 3:48:31 PM
Yarina(Yarina) used a hand_grenade 8-21-2020, 3:48:33 PM
Yarina(Yarina) used a hand_grenade 8-21-2020, 3:48:35 PM
Yarina(Yarina) used a hand_grenade 8-21-2020, 3:48:35 PM
Yarina(Yarina) used a hand_grenade 8-21-2020, 3:48:35 PM
Yarina(Yarina) used a hand_grenade 8-21-2020, 3:48:36 PM
Yarina(Yarina) used a hand_grenade 8-21-2020, 3:48:38 PM
Yarina(Yarina) used a hand_grenade 8-21-2020, 3:49:13 PM
Yarina(Yarina) used a hand_grenade 8-21-2020, 3:49:18 PM
Yarina(Yarina) used a hand_grenade 8-21-2020, 3:49:18 PM
Yarina(Yarina) used a hand_grenade 8-21-2020, 3:49:37 PM
Yarina(Yarina) used a hand_grenade 8-21-2020, 3:49:38 PM
Yarina(Yarina) used a hand_grenade 8-21-2020, 3:49:39 PM
Yarina(Yarina) used a hand_grenade 8-21-2020, 3:49:39 PM
Yarina(Yarina) used a hand_grenade 8-21-2020, 3:49:40 PM
Yarina(Yarina) used a hand_grenade 8-21-2020, 3:49:40 PM
Yarina(Yarina) used a hand_grenade 8-21-2020, 3:49:40 PM
Yarina(Yarina) used a hand_grenade 8-21-2020, 3:49:40 PM
Yarina(Yarina) used a hand_grenade 8-21-2020, 3:49:40 PM
Yarina(Yarina) used a hand_grenade 8-21-2020, 3:49:41 PM
Yarina(Yarina) used a hand_grenade 8-21-2020, 3:49:41 PM
Yarina(Yarina) used a hand_grenade 8-21-2020, 3:49:41 PM
Yarina(Yarina) used a hand_grenade 8-21-2020, 3:49:42 PM
Yarina(Yarina) used a hand_grenade 8-21-2020, 3:49:42 PM
Yarina(Yarina) used a hand_grenade 8-21-2020, 3:49:42 PM
Yarina(Yarina) used a hand_grenade 8-21-2020, 3:49:42 PM
Yarina(Yarina) used a hand_grenade 8-21-2020, 3:49:43 PM
Yarina(Yarina) used a hand_grenade 8-21-2020, 3:49:43 PM
Yarina(Yarina) used a tk_ultra_health_potion 8-21-2020, 3:52:51 PM
Yarina(Yarina) used a tk_ultra_health_potion 8-21-2020, 3:52:57 PM
Yarina(Yarina) used a tk_ultra_health_potion 8-21-2020, 3:52:57 PM
Yarina(Yarina) used a health_drink 8-21-2020, 3:53:05 PM
Yarina(Yarina) used a health_drink 8-21-2020, 3:53:07 PM
Yarina(Yarina) used a health_drink 8-21-2020, 3:53:08 PM
Yarina(Yarina) used a health_drink 8-21-2020, 3:53:08 PM
Yarina(Yarina) used a health_drink 8-21-2020, 3:53:08 PM
Yarina(Yarina) used a frequency_scrambler 8-21-2020, 4:36:27 PM
Yarina(Yarina) used a frequency_scrambler 8-21-2020, 4:36:28 PM
Yarina(Yarina) used a frequency_scrambler 8-21-2020, 4:37:37 PM
Yarina(Yarina) used a frequency_scrambler 8-21-2020, 4:38:41 PM
Yarina(Yarina) used a frequency_scrambler 8-21-2020, 4:39:28 PM
Yarina(Yarina) used a frequency_scrambler 8-21-2020, 4:39:28 PM
Yarina(Yarina) used a frequency_scrambler 8-21-2020, 4:39:42 PM
Yarina(Yarina) used a frequency_scrambler 8-21-2020, 4:39:43 PM
Yarina(Yarina) used a frequency_scrambler 8-21-2020, 4:46:13 PM
Yarina(Yarina) used a modern_sub_machine_gun_carbine 8-21-2020, 4:46:23 PM
Yarina(Yarina) used a modern_sub_machine_gun_carbine 8-21-2020, 4:46:23 PM
Yarina(Yarina) used a frequency_scrambler 8-21-2020, 4:47:33 PM
Yarina(Yarina) used a frequency_scrambler 8-21-2020, 4:47:33 PM
Yarina(Yarina) used a frequency_scrambler 8-21-2020, 4:47:34 PM
Yarina(Yarina) used a hand_grenade 8-21-2020, 4:48:38 PM
Yarina(Yarina) used a hand_grenade 8-21-2020, 4:48:40 PM
Yarina(Yarina) used a hand_grenade 8-21-2020, 4:49:09 PM
Yarina(Yarina) used a hand_grenade 8-21-2020, 4:49:16 PM
Yarina(Yarina) used a hand_grenade 8-21-2020, 4:49:17 PM
Yarina(Yarina) used a hand_grenade 8-21-2020, 4:49:17 PM
Yarina(Yarina) used a hand_grenade 8-21-2020, 4:49:18 PM
Yarina(Yarina) used a hand_grenade 8-21-2020, 4:49:26 PM
Yarina(Yarina) used a hand_grenade 8-21-2020, 4:49:27 PM
Yarina(Yarina) used a hand_grenade 8-21-2020, 4:49:27 PM
Yarina(Yarina) used a hand_grenade 8-21-2020, 4:49:27 PM
Yarina(Yarina) used a hand_grenade 8-21-2020, 4:49:37 PM
Yarina(Yarina) used a hand_grenade 8-21-2020, 4:49:37 PM
Yarina(Yarina) used a hand_grenade 8-21-2020, 4:49:38 PM
Yarina(Yarina) used a tk_ultra_health_potion 8-21-2020, 4:50:38 PM
Yarina(Yarina) used a tk_ultra_health_potion 8-21-2020, 4:50:39 PM
Yarina(Yarina) used a tk_ultra_health_potion 8-21-2020, 4:51:00 PM
Yarina(Yarina) used a health_drink 8-21-2020, 4:51:08 PM
Yarina(Yarina) used a health_drink 8-21-2020, 4:51:08 PM
Yarina(Yarina) used a health_drink 8-21-2020, 4:51:09 PM
Yarina(Yarina) used a health_drink 8-21-2020, 4:51:09 PM
Yarina(Yarina) used a health_drink 8-21-2020, 4:51:10 PM
Yarina(Yarina) used a health_drink 8-21-2020, 4:51:10 PM
Yarina(Yarina) used a health_drink 8-21-2020, 4:51:11 PM
Yarina(Yarina) used a health_drink 8-21-2020, 4:51:11 PM
Yarina(Yarina) used a health_drink 8-21-2020, 4:51:11 PM
Yarina(Yarina) used a health_drink 8-21-2020, 4:51:12 PM
Yarina(Yarina) used a health_drink 8-21-2020, 4:51:12 PM
Yarina(Yarina) used a health_drink 8-21-2020, 4:51:13 PM
Yarina(Yarina) used a health_drink 8-21-2020, 4:51:13 PM
Yarina(Yarina) used a health_drink 8-21-2020, 4:51:14 PM
Yarina(Yarina) used a health_drink 8-21-2020, 4:51:14 PM
Yarina(Yarina) used a health_drink 8-21-2020, 4:51:14 PM
Yarina(Yarina) used a health_drink 8-21-2020, 4:51:15 PM
Yarina(Yarina) used a health_drink 8-21-2020, 4:51:16 PM
Yarina(Yarina) used a health_drink 8-21-2020, 4:51:16 PM
Yarina(Yarina) used a health_drink 8-21-2020, 4:51:16 PM
Yarina(Yarina) used a tk_ultra_health_potion 8-21-2020, 4:52:30 PM
Yarina(Yarina) used a tk_ultra_health_potion 8-21-2020, 4:52:30 PM
Yarina(Yarina) used a tk_ultra_health_potion 8-21-2020, 4:52:33 PM
Yarina(Yarina) used a tk_ultra_health_potion 8-21-2020, 4:52:33 PM
Yarina(Yarina) used a health_drink 8-21-2020, 4:53:13 PM
Yarina(Yarina) used a health_drink 8-21-2020, 4:53:13 PM
Yarina(Yarina) used a health_drink 8-21-2020, 4:53:16 PM
Yarina(Yarina) used a health_drink 8-21-2020, 4:53:16 PM
Yarina(Yarina) used a health_drink 8-21-2020, 4:53:16 PM
Yarina(Yarina) used a health_drink 8-21-2020, 4:53:18 PM
Yarina(Yarina) used a health_drink 8-21-2020, 4:53:19 PM
Yarina(Yarina) used a health_drink 8-21-2020, 4:53:19 PM
Yarina(Yarina) used a health_drink 8-21-2020, 4:53:19 PM
Yarina(Yarina) used a health_drink 8-21-2020, 4:53:19 PM
Yarina(Yarina) used a frequency_scrambler 8-21-2020, 4:54:06 PM
Yarina(Yarina) used a frequency_scrambler 8-21-2020, 4:54:07 PM
Yarina(Yarina) used a frequency_scrambler 8-21-2020, 4:54:07 PM
Yarina(Yarina) used a hand_grenade 8-21-2020, 4:55:51 PM
Yarina(Yarina) used a hand_grenade 8-21-2020, 4:56:13 PM
Yarina(Yarina) used a hand_grenade 8-21-2020, 4:56:20 PM
Yarina(Yarina) used a hand_grenade 8-21-2020, 4:56:25 PM
Yarina(Yarina) used a hand_grenade 8-21-2020, 4:56:31 PM
Yarina(Yarina) used a hand_grenade 8-21-2020, 4:56:31 PM
Yarina(Yarina) used a hand_grenade 8-21-2020, 4:56:32 PM
Yarina(Yarina) used a hand_grenade 8-21-2020, 4:56:33 PM
Yarina(Yarina) used a hand_grenade 8-21-2020, 4:56:33 PM
Yarina(Yarina) used a hand_grenade 8-21-2020, 4:56:47 PM
Yarina(Yarina) used a hand_grenade 8-21-2020, 4:56:47 PM