
fighter3 (istek) said hi 2-18-2021, 12:58:22 PM
fighter3 (istek) said do you like era of knigts game? 2-18-2021, 12:58:42 PM
fighter3 (istek) said hey bro nikita, give me locker pack 2-18-2021, 8:11:39 PM
fighter3 (istek) said ne 2-18-2021, 8:12:15 PM
fighter3 (istek) said what the fuck 2-18-2021, 8:12:23 PM
fighter3 (istek) said o ball came online 2-18-2021, 8:16:19 PM
fighter3 (istek) said what do you said ball, 2-18-2021, 8:17:09 PM
fighter3 (istek) said kill locker 2-18-2021, 8:17:51 PM
fighter3 (istek) said mama, 2-18-2021, 8:19:17 PM
fighter3 (istek) said uhhihihihihihihihihihihi? 2-18-2021, 8:19:23 PM
fighter3 (istek) said waht the fuck ahaha 2-18-2021, 8:19:39 PM
fighter3 (istek) said give me girl 2-18-2021, 8:24:00 PM
fighter3 (istek) said darkens bro give me admin rank 2-18-2021, 8:24:51 PM
fighter3 (istek) said your cht feature has been blocked. 2-18-2021, 8:25:48 PM
fighter3 (istek) said . 2-18-2021, 8:35:07 PM
fighter3 (istek) said thanks bro 2-18-2021, 8:35:13 PM
fighter3 (istek) said i don't like your admins 2-18-2021, 8:35:24 PM
fighter3 (istek) said please change them 2-18-2021, 8:35:38 PM
fighter3 (istek) said 2 admins. bolgelo,  and magistral 2-18-2021, 8:38:54 PM
fighter3 (istek) said change your /admins command 2-18-2021, 8:39:01 PM
fighter3 (istek) said inventory menu with 89 items 2-18-2021, 8:39:15 PM
fighter3 (istek) said ui 2-18-2021, 8:41:17 PM
fighter3 (istek) said gooooooooooooooooooooooooooo 2-18-2021, 8:41:31 PM