
jacks (jacks) said shit 2-18-2021, 1:07:58 AM
jacks (jacks) said pfft 2-18-2021, 3:20:47 AM
jacks (jacks) said am a better fighter than you 2-18-2021, 3:20:56 AM
jacks (jacks) said oh please. 2-18-2021, 3:21:21 AM
jacks (jacks) said the hell? 2-18-2021, 3:23:20 AM
jacks (jacks) said nothing 2-18-2021, 3:23:38 AM
jacks (jacks) said muahahahahahaha 2-18-2021, 3:24:37 AM
jacks (jacks) said come on, fuckas 2-18-2021, 3:24:45 AM
jacks (jacks) said aww 2-18-2021, 3:25:06 AM
jacks (jacks) said expected more of a fight 2-18-2021, 3:25:16 AM
jacks (jacks) said hahahaha nice job 2-18-2021, 3:28:15 AM
jacks (jacks) said but do you have a, cannon? 2-18-2021, 3:28:27 AM
jacks (jacks) said but i have a cannon, i can hit you from a ways off, that stupid hand cannon is week compared to my cannon 2-18-2021, 3:29:14 AM
jacks (jacks) said and you cant buy a cannon 2-18-2021, 3:29:31 AM
jacks (jacks) said unfair? 2-18-2021, 3:29:45 AM
jacks (jacks) said matt, are you hearing this guy? 2-18-2021, 3:29:54 AM
jacks (jacks) said unfair? in tk? nope. its every man for himself buddy boy, eigther get yo ass in de game or take your ass home 2-18-2021, 3:30:30 AM
jacks (jacks) said should have reloaded in de store 2-18-2021, 3:31:24 AM
jacks (jacks) said cannon time motha fucka 2-18-2021, 3:31:45 AM
jacks (jacks) said yeah bruh, mat will brb. he just gonna go make another video about cloud and melody. 2-18-2021, 3:32:29 AM
jacks (jacks) said meh 2-18-2021, 3:32:48 AM
jacks (jacks) said what he gunna do about it though, make a video about me? bahahahaha 2-18-2021, 3:33:06 AM
jacks (jacks) said hahahahahaha 2-18-2021, 3:34:37 AM
jacks (jacks) said fafafahahahhabahaghbahabhabhagafhga 2-18-2021, 3:34:46 AM
jacks (jacks) said your mom 2-18-2021, 3:35:49 AM
jacks (jacks) said not really 2-18-2021, 3:36:06 AM
jacks (jacks) said go ahead 2-18-2021, 3:36:31 AM
jacks (jacks) said meh 2-18-2021, 3:37:04 AM
jacks (jacks) said stop crying and find a dam cannon 2-18-2021, 3:37:27 AM
jacks (jacks) said xdddddddd 2-18-2021, 3:37:46 AM
jacks (jacks) said nope 2-18-2021, 3:38:01 AM
jacks (jacks) said im to layzy to fight up close rite now. maybe lader though, k? k 2-18-2021, 3:38:24 AM
jacks (jacks) said how is using a weapon cheeting 2-18-2021, 3:38:40 AM
jacks (jacks) said meh just gunna blow up aircrafts 2-18-2021, 3:39:13 AM
jacks (jacks) said woo 2-18-2021, 3:39:57 AM
jacks (jacks) said you cant buy the cannon 2-18-2021, 3:40:29 AM
jacks (jacks) said someone gave it to me 2-18-2021, 3:40:53 AM
jacks (jacks) said nope 2-18-2021, 3:41:05 AM
jacks (jacks) said someone auctioned it and i baut it 2-18-2021, 3:41:24 AM
jacks (jacks) said want me to auction it? 2-18-2021, 3:41:41 AM
jacks (jacks) said kk 2-18-2021, 3:42:13 AM
jacks (jacks) said nice try 2-18-2021, 3:42:31 AM
jacks (jacks) said oh thaut that was kalahami 2-18-2021, 3:42:48 AM
jacks (jacks) said sorry matt 2-18-2021, 3:42:54 AM
jacks (jacks) said ault page down 2-18-2021, 3:43:22 AM
jacks (jacks) said hey matt wanna join the team? 2-18-2021, 3:43:45 AM
jacks (jacks) said nope 2-18-2021, 3:43:59 AM
jacks (jacks) said only matt 2-18-2021, 3:44:07 AM
jacks (jacks) said lmfao kalahami you did nothing but cry when i killed you. and you wanna join?  2-18-2021, 3:44:46 AM
jacks (jacks) said mass bomb time 2-18-2021, 3:44:56 AM
jacks (jacks) said hey matt, imma drop a bomb on you if that's ok with ya 2-18-2021, 3:45:20 AM
jacks (jacks) said hmm 2-18-2021, 3:45:33 AM
jacks (jacks) said intresting 2-18-2021, 3:45:39 AM
jacks (jacks) said kalahami that's verry intresting 2-18-2021, 3:45:51 AM
jacks (jacks) said its not about how i feal, its the fact that he got it and i didnt. sure, i would feal bad, but in the end, it doesnt matter, because he got it, and i didnt. 2-18-2021, 3:47:40 AM
jacks (jacks) said same go's for you, its not about how you feal. you dont control the laws of the game, but in your head you say its not fair. but in realaty, its ok to use a cannon on players who have no cannon. otherwise, the admins would half to give every player a cannon 
jacks (jacks) said kalahami dont start 2-18-2021, 3:52:55 AM
jacks (jacks) said xddddddd 2-18-2021, 3:55:37 AM
jacks (jacks) said where did you get those bombs 2-18-2021, 3:56:37 AM
jacks (jacks) said gifts 2-18-2021, 3:57:14 AM
jacks (jacks) said mine 2-18-2021, 3:59:19 AM
jacks (jacks) said xd 2-18-2021, 3:59:30 AM
jacks (jacks) said xddddddd 2-18-2021, 4:00:45 AM
jacks (jacks) said hahahahahahahahahhahahahhahaha 2-18-2021, 4:00:55 AM
jacks (jacks) said %name 2-18-2021, 4:01:17 AM
jacks (jacks) said excuse me? 2-18-2021, 4:02:59 AM
jacks (jacks) said xdddddddd 2-18-2021, 4:04:43 AM
jacks (jacks) said his plane dropped 2-18-2021, 4:04:56 AM
jacks (jacks) said oh know, not this guy 2-18-2021, 4:05:47 AM
jacks (jacks) said oooo yes storm sniper 2-18-2021, 4:07:26 AM
jacks (jacks) said bullshit award 2-18-2021, 4:11:08 AM
jacks (jacks) said time to level up 2-18-2021, 4:11:26 AM
jacks (jacks) said bar fight bitches 2-18-2021, 4:13:59 AM
jacks (jacks) said hahahaha 2-18-2021, 4:15:18 AM
jacks (jacks) said hahahahahahha bitch 2-18-2021, 4:15:32 AM
jacks (jacks) said xddddd 2-18-2021, 4:16:51 AM
jacks (jacks) said heal you ideot 2-18-2021, 4:17:49 AM
jacks (jacks) said use health stuff 2-18-2021, 4:17:55 AM
jacks (jacks) said none 2-18-2021, 4:18:39 AM
jacks (jacks) said ooo nvm 2-18-2021, 4:20:37 AM
jacks (jacks) said he gave me tk potions 2-18-2021, 4:20:44 AM
jacks (jacks) said oh! shit 2-18-2021, 4:21:28 AM
jacks (jacks) said hahahahaha 2-18-2021, 4:21:46 AM
jacks (jacks) said hahahahaha 2-18-2021, 4:22:17 AM
jacks (jacks) said xdddd 2-18-2021, 4:23:26 AM
jacks (jacks) said hahahahahhahaha, need some mines 2-18-2021, 4:23:54 AM
jacks (jacks) said hahahahahha 2-18-2021, 4:24:44 AM
jacks (jacks) said ok 2-18-2021, 4:24:56 AM
jacks (jacks) said hahahahaha 2-18-2021, 4:25:36 AM
jacks (jacks) said good 2-18-2021, 4:25:46 AM
jacks (jacks) said we cant use guns in here 2-18-2021, 4:26:08 AM
jacks (jacks) said good idea 2-18-2021, 4:26:22 AM
jacks (jacks) said old main 2-18-2021, 4:26:50 AM
jacks (jacks) said cause you cant use it here 2-18-2021, 4:27:30 AM
jacks (jacks) said come kalahamibitch 2-18-2021, 4:27:54 AM
jacks (jacks) said xddddddd 2-18-2021, 4:28:00 AM
jacks (jacks) said im just joking dude, calm 2-18-2021, 4:28:17 AM
jacks (jacks) said but come 2-18-2021, 4:28:34 AM
jacks (jacks) said no, old main 2-18-2021, 4:28:48 AM
jacks (jacks) said matt come out 2-18-2021, 4:29:32 AM
jacks (jacks) said nice job 2-18-2021, 4:30:03 AM
jacks (jacks) said mat come 2-18-2021, 4:31:16 AM
jacks (jacks) said its ok 2-18-2021, 4:31:38 AM
jacks (jacks) said just walk away 2-18-2021, 4:31:44 AM
jacks (jacks) said come 2-18-2021, 4:31:48 AM
jacks (jacks) said main is gon 2-18-2021, 4:37:23 AM
jacks (jacks) said hahahaha 2-18-2021, 4:43:18 AM
jacks (jacks) said no1 cares 2-18-2021, 4:43:40 AM
jacks (jacks) said you did this, so we are doing it back 2-18-2021, 4:43:52 AM
jacks (jacks) said come 2-18-2021, 4:44:50 AM
jacks (jacks) said bruh come on 2-18-2021, 4:45:28 AM
jacks (jacks) said lets have a fight in the boxing ring 2-18-2021, 4:47:36 AM
jacks (jacks) said kalahami, ring, nowowowowowow 2-18-2021, 4:48:02 AM
jacks (jacks) said taste cianide fucka 2-18-2021, 4:49:07 AM
jacks (jacks) said ok you can stop with those bottles 2-18-2021, 4:50:01 AM
jacks (jacks) said before i pull out my cannon 2-18-2021, 4:50:12 AM
jacks (jacks) said all go to old main 2-18-2021, 4:53:22 AM
jacks (jacks) said matt i want to test something on you, go to old main 2-18-2021, 4:53:45 AM
jacks (jacks) said matt come on 2-18-2021, 4:54:57 AM
jacks (jacks) said hahahahaha 2-18-2021, 5:02:39 AM
jacks (jacks) said fuck shit 2-18-2021, 5:05:23 AM
jacks (jacks) said should have used my cannon 2-18-2021, 5:05:33 AM
jacks (jacks) said come to old main 2-18-2021, 5:07:29 AM
jacks (jacks) said who wants candy 2-18-2021, 5:10:12 AM
jacks (jacks) said the day is starting! the time is fuck pm! 2-18-2021, 5:10:55 AM
jacks (jacks) said what is that 2-18-2021, 5:12:18 AM
jacks (jacks) said who wanna get tayzerd 2-18-2021, 5:13:21 AM
jacks (jacks) said hahahahaha 2-18-2021, 5:21:27 AM
jacks (jacks) said hahahahaha 2-18-2021, 5:21:56 AM
jacks (jacks) said fuck you too bitch 2-18-2021, 5:22:12 AM
jacks (jacks) said hahahahahahahahhaa rage quiting fucker 2-18-2021, 5:22:37 AM
jacks (jacks) said can i be a admin? 2-18-2021, 8:38:15 PM
jacks (jacks) said sup 2-18-2021, 10:21:26 PM
jacks (jacks) said can i be a admin 2-18-2021, 10:22:14 PM
jacks (jacks) said pm me 2-18-2021, 10:22:35 PM
jacks (jacks) said are there corrpses now? 2-18-2021, 10:23:44 PM
jacks (jacks) said thank god 2-18-2021, 10:24:12 PM
jacks (jacks) said just in case 2-18-2021, 10:24:58 PM
jacks (jacks) said good luck trying to hack this 2-18-2021, 10:26:36 PM
jacks (jacks) said muahahaha 2-18-2021, 10:27:05 PM
jacks (jacks) said good luck 2-18-2021, 10:27:16 PM
jacks (jacks) said muahahahaha 2-18-2021, 10:28:08 PM
jacks (jacks) said shit 2-18-2021, 10:28:56 PM
jacks (jacks) said how do i change the locker coad 2-18-2021, 10:29:11 PM
jacks (jacks) said hmm? 2-18-2021, 10:29:28 PM
jacks (jacks) said dude you cant hack it 2-18-2021, 10:30:12 PM
jacks (jacks) said stop trying 2-18-2021, 10:30:17 PM
jacks (jacks) said i put 50 siccuraty locks on it dude just stop 2-18-2021, 10:30:33 PM
jacks (jacks) said is main still broken? 2-18-2021, 10:31:23 PM
jacks (jacks) said muahahahaha 2-18-2021, 10:32:40 PM
jacks (jacks) said oooo give me 2-18-2021, 10:33:47 PM
jacks (jacks) said oh 2-18-2021, 10:34:01 PM
jacks (jacks) said excuse me, but did you fix main 2-18-2021, 10:35:42 PM
jacks (jacks) said ah good 2-18-2021, 10:35:57 PM
jacks (jacks) said good boy 2-18-2021, 10:36:01 PM
jacks (jacks) said hahahaha 2-18-2021, 10:36:58 PM
jacks (jacks) said hell no 2-18-2021, 10:37:27 PM
jacks (jacks) said oy add molitov coctails 2-18-2021, 10:38:20 PM
jacks (jacks) said xd 2-18-2021, 10:38:47 PM
jacks (jacks) said oh hamid i made a new account on 3dyw 2-18-2021, 10:39:22 PM
jacks (jacks) said ahahahhaa 2-18-2021, 10:39:36 PM
fucka (jacks) said woo 2-18-2021, 10:40:17 PM
fucka (jacks) said my tk is getting released some time today or tomarro 2-18-2021, 10:40:54 PM
fucka (jacks) said ooo i wanna be a builder 2-18-2021, 10:41:13 PM
fucka (jacks) said no i swiched the source 2-18-2021, 10:41:27 PM
fucka (jacks) said 2.0.8 2-18-2021, 10:41:44 PM
fucka (jacks) said i wanna be a builder 2-18-2021, 10:42:03 PM
fucka (jacks) said shit 2-18-2021, 10:42:31 PM
fucka (jacks) said can i at least be a, ins or something? 2-18-2021, 10:42:54 PM
fucka (jacks) said wasnt asking you 2-18-2021, 10:43:13 PM
fucka (jacks) said i just wanna be builder 2-18-2021, 10:43:42 PM
fucka (jacks) said actually admin 2-18-2021, 10:43:53 PM
fucka (jacks) said stop rushing, kalahami 2-18-2021, 10:48:03 PM
fucka (jacks) said he tried to report me yesterday for using my cannon 2-18-2021, 10:48:40 PM
fucka (jacks) said bgt is omg 2-18-2021, 10:50:12 PM
fucka (jacks) said thx 2-18-2021, 10:50:38 PM
fucka (jacks) said thx, kalahami 2-18-2021, 10:52:00 PM
fucka (jacks) said i cant change my nickname back 2-18-2021, 10:52:10 PM
jacks (jacks) said better 2-18-2021, 10:52:23 PM
jacks (jacks) said man that is loud 2-18-2021, 10:55:39 PM
jacks (jacks) said now time to read the rules 2-18-2021, 10:56:19 PM
jacks (jacks) said i see no rules 2-18-2021, 10:56:36 PM
jacks (jacks) said how to admin chat 2-18-2021, 11:00:34 PM
jacks (jacks) said woo 2-18-2021, 11:01:25 PM
jacks (jacks) said excuse me, but how to admin chat 2-18-2021, 11:02:04 PM
jacks (jacks) said but isnt that only for reports? 2-18-2021, 11:02:47 PM
jacks (jacks) said you should add shift c to coppy items in the current buffer 2-18-2021, 11:09:14 PM
jacks (jacks) said where is the cave 2-18-2021, 11:10:30 PM
jacks (jacks) said door to the house? 2-18-2021, 11:10:59 PM
jacks (jacks) said k am in the house, now where do i go 2-18-2021, 11:13:48 PM
jacks (jacks) said where is cave 2-18-2021, 11:14:28 PM
jacks (jacks) said give me the game 2-18-2021, 11:22:37 PM
jacks (jacks) said how do i coppy it 2-18-2021, 11:23:31 PM
jacks (jacks) said f12 didnt work 2-18-2021, 11:24:03 PM
jacks (jacks) said is this correct? smh_studios.tk/br/br_setup.exe 2-18-2021, 11:25:58 PM
jacks (jacks) said is that rite? 2-18-2021, 11:26:25 PM
jacks (jacks) said bug 2-18-2021, 11:27:50 PM
jacks (jacks) said can i have br 2-18-2021, 11:29:00 PM
jacks (jacks) said not the source, but the game 2-18-2021, 11:29:31 PM
jacks (jacks) said but i cant coppy it 2-18-2021, 11:29:56 PM
jacks (jacks) said hahahaha my ame is perfect 2-18-2021, 11:36:04 PM
jacks (jacks) said upsounds 2-18-2021, 11:36:34 PM
jacks (jacks) said hang on 2-18-2021, 11:38:44 PM
jacks (jacks) said trying to figure out how to start it 2-18-2021, 11:43:07 PM
jacks (jacks) said ah k so id is the 4 didgit coad 2-18-2021, 11:44:13 PM
jacks (jacks) said how tf 2-18-2021, 11:46:41 PM
jacks (jacks) said value does not exist 2-18-2021, 11:46:48 PM
jacks (jacks) said is br in english? 2-18-2021, 11:52:33 PM
jacks (jacks) said is it 3d? 2-18-2021, 11:53:01 PM
jacks (jacks) said the ping took 391 ms 2-18-2021, 11:53:37 PM
jacks (jacks) said wow 2-18-2021, 11:54:14 PM
jacks (jacks) said hmm 2-18-2021, 11:54:39 PM
jacks (jacks) said if i am a admin, can i build as well? 2-18-2021, 11:55:12 PM
jacks (jacks) said what can i build 2-18-2021, 11:55:37 PM
jacks (jacks) said nice 2-18-2021, 11:56:06 PM
jacks (jacks) said i see /jail doesnt exist 2-18-2021, 11:57:32 PM
jacks (jacks) said uhh, i didnt see it 2-18-2021, 11:58:05 PM
jacks (jacks) said ah k 2-18-2021, 11:58:26 PM