
abid(abid) bought 10 stp429_mini_missiles 1-14-2021, 11:27:42 AM
abid(abid) bought 1 str_32_pump_action_shotguns 1-14-2021, 11:27:55 AM
abid(abid) bought 1 snipers 1-14-2021, 11:28:40 AM
abid(abid) bought 20 sniper_ammo_packs 1-14-2021, 11:29:08 AM
abid(abid) bought 20 pack_of_100_ammo_m16_assault_rifles 1-14-2021, 11:30:33 AM
abid(abid) bought 10 stun_darts 1-14-2021, 11:33:05 AM
abid(abid) bought 10 throwing_stars 1-14-2021, 11:33:14 AM
abid(abid) bought 1 stp21_handguns 1-14-2021, 11:33:48 AM
abid(abid) bought 20 pack_of_80_ammo_stp21_handguns 1-14-2021, 11:34:23 AM
abid(abid) bought 1 crt43_automatic_shotguns 1-14-2021, 11:34:55 AM
abid(abid) bought 1 beretta_nano_pocket_pistols 1-14-2021, 11:35:26 AM
abid(abid) bought 20 pack_of_50_ammo_beretta_nano_pocket_pistols 1-14-2021, 11:36:21 AM
abid(abid) bought 1 beretta_m1951_machine_pistols 1-14-2021, 11:36:41 AM
abid(abid) bought 20 pack_of_20_ammo_beretta_m1951_machine_pistols 1-14-2021, 11:37:08 AM
abid(abid) bought 1 glock_17_pistols 1-14-2021, 11:37:32 AM
abid(abid) bought 20 pack_of_30_ammo_glock_17_pistols 1-14-2021, 11:37:50 AM
abid(abid) bought 1 crossbows 1-14-2021, 11:38:14 AM
abid(abid) bought 20 crossbow_ammo_packs 1-14-2021, 11:38:22 AM
abid(abid) bought 1 sig_p226_combat_pistols 1-14-2021, 11:45:02 AM
abid(abid) bought 20 pack_of_20_ammo_sig_p226_combat_pistols 1-14-2021, 11:45:20 AM
abid(abid) bought 1000 shields 1-14-2021, 1:12:40 PM
abid(abid) bought 1 modern_sub_machine_gun_carbines 1-14-2021, 1:14:40 PM
abid(abid) bought 20 pack_of_100_ammo_modern_sub_machine_gun_carbines 1-14-2021, 1:15:05 PM
abid(abid) bought 1 gausss 1-14-2021, 1:16:32 PM
abid(abid) bought 20 gauss_ammo_packs 1-14-2021, 1:17:02 PM
abid(abid) bought 1000 poison_drinks 1-14-2021, 1:18:08 PM
abid(abid) bought 100 health_orbs 1-14-2021, 1:18:19 PM
abid(abid) bought 20 tk_ultra_health_potions 1-14-2021, 1:18:27 PM
abid(abid) bought 20 ultra_antibiotic_packs 1-14-2021, 1:18:33 PM