
andriy(andriy) used a tk_ultra_health_potion 8-19-2020, 12:00:01 AM
andriy(andriy) used a tk_ultra_health_potion 8-19-2020, 12:00:03 AM
andriy(andriy) used a tk_ultra_health_potion 8-19-2020, 12:00:05 AM
andriy(andriy) used a tk_ultra_health_potion 8-19-2020, 12:00:18 AM
andriy(andriy) used a tk_ultra_health_potion 8-19-2020, 12:00:35 AM
andriy(andriy) used a tk_ultra_health_potion 8-19-2020, 12:00:35 AM
andriy(andriy) used a cannon 8-19-2020, 12:02:21 AM
andriy(andriy) used a shield 8-19-2020, 12:03:07 AM
andriy(andriy) used a shield 8-19-2020, 12:03:08 AM
andriy(andriy) used a shield 8-19-2020, 12:03:08 AM
andriy(andriy) used a shield 8-19-2020, 12:03:09 AM
andriy(andriy) used a shield 8-19-2020, 12:03:09 AM
andriy(andriy) used a shield 8-19-2020, 12:03:10 AM
andriy(andriy) used a shield 8-19-2020, 12:03:10 AM
andriy(andriy) used a shield 8-19-2020, 12:03:11 AM
andriy(andriy) used a shield 8-19-2020, 12:03:11 AM
andriy(andriy) used a shield 8-19-2020, 12:03:12 AM
andriy(andriy) used a shield 8-19-2020, 12:03:12 AM
andriy(andriy) used a shield 8-19-2020, 12:03:13 AM
andriy(andriy) used a shield 8-19-2020, 12:03:14 AM
andriy(andriy) used a shield 8-19-2020, 12:03:14 AM
andriy(andriy) used a shield 8-19-2020, 12:03:15 AM
andriy(andriy) used a shield 8-19-2020, 12:03:15 AM
andriy(andriy) used a shield 8-19-2020, 12:03:16 AM
andriy(andriy) used a shield 8-19-2020, 12:03:16 AM
andriy(andriy) used a shield 8-19-2020, 12:03:20 AM
andriy(andriy) used a shield 8-19-2020, 12:03:20 AM
andriy(andriy) used a shield 8-19-2020, 12:03:21 AM
andriy(andriy) used a shield 8-19-2020, 12:03:21 AM
andriy(andriy) used a shield 8-19-2020, 12:03:21 AM
andriy(andriy) used a shield 8-19-2020, 12:03:22 AM
andriy(andriy) used a shield 8-19-2020, 12:03:22 AM
andriy(andriy) used a shield 8-19-2020, 12:03:23 AM
andriy(andriy) used a shield 8-19-2020, 12:03:23 AM
andriy(andriy) used a shield 8-19-2020, 12:03:24 AM
andriy(andriy) used a shield 8-19-2020, 12:03:24 AM
andriy(andriy) used a shield 8-19-2020, 12:03:25 AM
andriy(andriy) used a shield 8-19-2020, 12:03:25 AM
andriy(andriy) used a shield 8-19-2020, 12:03:25 AM
andriy(andriy) used a stp106_long_barreled_pistol 8-19-2020, 12:03:33 AM
andriy(andriy) used a modern_sub_machine_gun_carbine 8-19-2020, 12:03:47 AM
andriy(andriy) used a tk_ultra_health_potion 8-19-2020, 12:30:49 PM
andriy(andriy) used a coin 8-19-2020, 12:32:38 PM
andriy(andriy) used a coin 8-19-2020, 12:32:40 PM
andriy(andriy) used a coin 8-19-2020, 12:32:42 PM
andriy(andriy) used a coin 8-19-2020, 12:32:46 PM
andriy(andriy) used a coin 8-19-2020, 12:32:48 PM
andriy(andriy) used a coin 8-19-2020, 12:32:53 PM
andriy(andriy) used a coin 8-19-2020, 12:32:55 PM
andriy(andriy) used a coin 8-19-2020, 12:32:57 PM
andriy(andriy) used a coin 8-19-2020, 12:33:00 PM
andriy(andriy) used a coin 8-19-2020, 12:33:02 PM
andriy(andriy) used a coin 8-19-2020, 12:33:04 PM
andriy(andriy) used a coin 8-19-2020, 12:33:09 PM
andriy(andriy) used a coin 8-19-2020, 12:33:11 PM
andriy(andriy) used a coin 8-19-2020, 12:33:12 PM
andriy(andriy) used a coin 8-19-2020, 12:33:14 PM
andriy(andriy) used a coin 8-19-2020, 12:33:15 PM
andriy(andriy) used a coin 8-19-2020, 12:33:17 PM
andriy(andriy) used a coin 8-19-2020, 12:33:19 PM
andriy(andriy) used a gauss 8-19-2020, 12:36:57 PM
andriy(andriy) used a poisoned_small_projectile 8-19-2020, 12:39:39 PM
andriy(andriy) used a modern_sub_machine_gun_carbine 8-19-2020, 12:41:52 PM
andriy(andriy) used a rpg7 8-19-2020, 12:41:57 PM
andriy(andriy) used a rpg7 8-19-2020, 12:44:41 PM
andriy(andriy) used a gp30 8-19-2020, 12:44:44 PM
andriy(andriy) used a gauss 8-19-2020, 12:44:46 PM
andriy(andriy) used a taser 8-19-2020, 12:44:47 PM
andriy(andriy) used a spiked_chain_mace 8-19-2020, 12:44:49 PM
andriy(andriy) used a gp30 8-19-2020, 12:44:50 PM
andriy(andriy) used a rpg7 8-19-2020, 12:44:52 PM
andriy(andriy) used a gauss 8-19-2020, 12:44:58 PM
andriy(andriy) used a gauss 8-19-2020, 12:54:41 PM
andriy(andriy) used a gauss 8-19-2020, 1:08:37 PM
andriy(andriy) used a rpg7 8-19-2020, 1:08:38 PM
andriy(andriy) used a gauss 8-19-2020, 1:08:40 PM
andriy(andriy) used a taser 8-19-2020, 1:08:41 PM
andriy(andriy) used a steal_warhammer 8-19-2020, 1:08:42 PM
andriy(andriy) used a coin 8-19-2020, 1:08:45 PM
andriy(andriy) used a cannon 8-19-2020, 1:08:46 PM
andriy(andriy) used a gauss 8-19-2020, 1:08:50 PM
andriy(andriy) used a rpg7 8-19-2020, 1:08:52 PM
andriy(andriy) used a tk_ultra_health_potion 8-19-2020, 1:08:55 PM
andriy(andriy) used a open_beer_bottle 8-19-2020, 1:09:11 PM
andriy(andriy) used a open_beer_bottle 8-19-2020, 1:09:11 PM
andriy(andriy) used a open_beer_bottle 8-19-2020, 1:09:12 PM
andriy(andriy) used a open_beer_bottle 8-19-2020, 1:09:12 PM
andriy(andriy) used a open_beer_bottle 8-19-2020, 1:09:12 PM
andriy(andriy) used a open_beer_bottle 8-19-2020, 1:09:13 PM
andriy(andriy) used a open_beer_bottle 8-19-2020, 1:09:13 PM
andriy(andriy) used a open_beer_bottle 8-19-2020, 1:09:13 PM
andriy(andriy) used a open_beer_bottle 8-19-2020, 1:09:14 PM
andriy(andriy) used a open_beer_bottle 8-19-2020, 1:09:14 PM
andriy(andriy) used a open_beer_bottle 8-19-2020, 1:09:15 PM
andriy(andriy) used a open_beer_bottle 8-19-2020, 1:09:15 PM
andriy(andriy) used a open_beer_bottle 8-19-2020, 1:09:15 PM
andriy(andriy) used a open_beer_bottle 8-19-2020, 1:09:16 PM
andriy(andriy) used a open_beer_bottle 8-19-2020, 1:09:16 PM
andriy(andriy) used a open_beer_bottle 8-19-2020, 1:09:16 PM
andriy(andriy) used a open_beer_bottle 8-19-2020, 1:09:17 PM
andriy(andriy) used a open_beer_bottle 8-19-2020, 1:09:17 PM
andriy(andriy) used a open_beer_bottle 8-19-2020, 1:09:18 PM
andriy(andriy) used a open_beer_bottle 8-19-2020, 1:09:18 PM
andriy(andriy) used a open_beer_bottle 8-19-2020, 1:09:18 PM
andriy(andriy) used a open_beer_bottle 8-19-2020, 1:09:19 PM
andriy(andriy) used a open_beer_bottle 8-19-2020, 1:09:19 PM
andriy(andriy) used a open_beer_bottle 8-19-2020, 1:09:20 PM
andriy(andriy) used a open_beer_bottle 8-19-2020, 1:09:20 PM
andriy(andriy) used a open_beer_bottle 8-19-2020, 1:09:21 PM
andriy(andriy) used a open_beer_bottle 8-19-2020, 1:09:21 PM
andriy(andriy) used a open_beer_bottle 8-19-2020, 1:09:21 PM
andriy(andriy) used a open_beer_bottle 8-19-2020, 1:09:22 PM
andriy(andriy) used a open_beer_bottle 8-19-2020, 1:09:22 PM
andriy(andriy) used a open_beer_bottle 8-19-2020, 1:09:23 PM
andriy(andriy) used a open_beer_bottle 8-19-2020, 1:09:23 PM
andriy(andriy) used a open_beer_bottle 8-19-2020, 1:09:23 PM
andriy(andriy) used a open_beer_bottle 8-19-2020, 1:09:24 PM
andriy(andriy) used a open_beer_bottle 8-19-2020, 1:09:24 PM
andriy(andriy) used a open_beer_bottle 8-19-2020, 1:09:24 PM
andriy(andriy) used a open_beer_bottle 8-19-2020, 1:09:25 PM
andriy(andriy) used a open_beer_bottle 8-19-2020, 1:09:25 PM
andriy(andriy) used a open_beer_bottle 8-19-2020, 1:09:26 PM
andriy(andriy) used a open_beer_bottle 8-19-2020, 1:09:26 PM
andriy(andriy) used a open_beer_bottle 8-19-2020, 1:09:26 PM
andriy(andriy) used a open_beer_bottle 8-19-2020, 1:09:27 PM
andriy(andriy) used a open_beer_bottle 8-19-2020, 1:09:27 PM
andriy(andriy) used a open_beer_bottle 8-19-2020, 1:09:28 PM
andriy(andriy) used a open_beer_bottle 8-19-2020, 1:09:28 PM
andriy(andriy) used a open_beer_bottle 8-19-2020, 1:09:29 PM
andriy(andriy) used a open_beer_bottle 8-19-2020, 1:09:29 PM
andriy(andriy) used a open_beer_bottle 8-19-2020, 1:09:30 PM
andriy(andriy) used a open_beer_bottle 8-19-2020, 1:09:30 PM
andriy(andriy) used a gauss 8-19-2020, 1:12:43 PM
andriy(andriy) used a gauss 8-19-2020, 1:13:14 PM
andriy(andriy) used a cyanide_pistol 8-19-2020, 1:14:50 PM
andriy(andriy) used a tk_ultra_health_potion 8-19-2020, 1:16:30 PM
andriy(andriy) used a tk_ultra_health_potion 8-19-2020, 1:16:32 PM
andriy(andriy) used a modern_sub_machine_gun_carbine 8-19-2020, 1:18:00 PM
andriy(andriy) used a rpg7 8-19-2020, 3:07:10 PM
andriy(andriy) used a gauss 8-19-2020, 3:07:12 PM
andriy(andriy) used a rpg7 8-19-2020, 3:07:13 PM
andriy(andriy) used a gp30 8-19-2020, 3:07:16 PM
andriy(andriy) used a gp30 8-19-2020, 3:07:17 PM
andriy(andriy) used a rpg7 8-19-2020, 3:07:18 PM
andriy(andriy) used a rpg7 8-19-2020, 3:07:19 PM
andriy(andriy) used a taser 8-19-2020, 3:07:21 PM
andriy(andriy) used a steal_warhammer 8-19-2020, 3:07:22 PM
andriy(andriy) used a spiked_chain_mace 8-19-2020, 3:07:23 PM
andriy(andriy) used a coin 8-19-2020, 3:07:24 PM
andriy(andriy) used a cannon 8-19-2020, 3:07:25 PM
andriy(andriy) used a cannon 8-19-2020, 3:07:29 PM
andriy(andriy) used a spiked_chain_mace 8-19-2020, 3:07:30 PM
andriy(andriy) used a hipersound_bomb 8-19-2020, 3:08:01 PM
andriy(andriy) used a grenade 8-19-2020, 3:08:43 PM
andriy(andriy) used a shield 8-19-2020, 3:08:51 PM
andriy(andriy) used a shield 8-19-2020, 3:08:51 PM
andriy(andriy) used a shield 8-19-2020, 3:08:52 PM
andriy(andriy) used a shield 8-19-2020, 3:08:52 PM
andriy(andriy) used a shield 8-19-2020, 3:08:53 PM
andriy(andriy) used a shield 8-19-2020, 3:08:53 PM
andriy(andriy) used a shield 8-19-2020, 3:08:54 PM
andriy(andriy) used a shield 8-19-2020, 3:08:54 PM
andriy(andriy) used a shield 8-19-2020, 3:08:55 PM
andriy(andriy) used a shield 8-19-2020, 3:08:55 PM
andriy(andriy) used a shield 8-19-2020, 3:08:56 PM
andriy(andriy) used a shield 8-19-2020, 3:08:56 PM
andriy(andriy) used a shield 8-19-2020, 3:08:57 PM
andriy(andriy) used a shield 8-19-2020, 3:08:57 PM
andriy(andriy) used a shield 8-19-2020, 3:08:58 PM
andriy(andriy) used a shield 8-19-2020, 3:08:58 PM
andriy(andriy) used a shield 8-19-2020, 3:08:59 PM
andriy(andriy) used a shield 8-19-2020, 3:08:59 PM
andriy(andriy) used a shield 8-19-2020, 3:09:00 PM
andriy(andriy) used a shield 8-19-2020, 3:09:00 PM
andriy(andriy) used a shield 8-19-2020, 3:09:01 PM
andriy(andriy) used a shield 8-19-2020, 3:09:01 PM
andriy(andriy) used a shield 8-19-2020, 3:09:02 PM
andriy(andriy) used a shield 8-19-2020, 3:09:03 PM
andriy(andriy) used a shield 8-19-2020, 3:09:07 PM
andriy(andriy) used a stun_grenade 8-19-2020, 3:09:11 PM
andriy(andriy) used a shield 8-19-2020, 3:09:46 PM
andriy(andriy) used a stp106_long_barreled_pistol 8-19-2020, 3:09:52 PM
andriy(andriy) used a empty_beer_bottle 8-19-2020, 3:10:01 PM
andriy(andriy) used a gas_mask 8-19-2020, 3:10:26 PM
andriy(andriy) used a gas_mask 8-19-2020, 3:10:34 PM
andriy(andriy) used a air_canister 8-19-2020, 3:11:14 PM
andriy(andriy) used a air_canister 8-19-2020, 3:11:15 PM
andriy(andriy) used a air_canister 8-19-2020, 3:11:15 PM
andriy(andriy) used a air_canister 8-19-2020, 3:11:16 PM
andriy(andriy) used a air_canister 8-19-2020, 3:11:16 PM
andriy(andriy) used a gas_mask 8-19-2020, 3:11:31 PM
andriy(andriy) used a gas_mask 8-19-2020, 3:11:37 PM
andriy(andriy) used a health_orb 8-19-2020, 3:12:07 PM
andriy(andriy) used a tk_ultra_health_potion 8-19-2020, 3:12:49 PM
andriy(andriy) used a tk_ultra_health_potion 8-19-2020, 3:12:51 PM
andriy(andriy) used a carrier_missile 8-19-2020, 3:12:55 PM
andriy(andriy) used a fire_extinguisher 8-19-2020, 3:13:49 PM
andriy(andriy) used a tk_ultra_health_potion 8-19-2020, 3:14:20 PM
andriy(andriy) used a modern_sub_machine_gun_carbine 8-19-2020, 3:14:31 PM
andriy(andriy) used a gauss 8-19-2020, 3:16:35 PM
andriy(andriy) used a gauss 8-19-2020, 3:18:54 PM
andriy(andriy) used a ultrabomb_locator 8-19-2020, 3:21:05 PM
andriy(andriy) used a brass_knuckles 8-19-2020, 3:21:11 PM
andriy(andriy) used a gauss 8-19-2020, 3:21:19 PM
andriy(andriy) used a brass_knuckles 8-19-2020, 3:21:22 PM
andriy(andriy) used a gauss 8-19-2020, 3:21:31 PM
andriy(andriy) used a rpg7 8-19-2020, 3:21:32 PM
andriy(andriy) used a gauss 8-19-2020, 3:21:33 PM
andriy(andriy) used a brass_knuckles 8-19-2020, 3:21:34 PM
andriy(andriy) used a gauss 8-19-2020, 3:21:35 PM
andriy(andriy) used a brass_knuckles 8-19-2020, 3:21:41 PM
andriy(andriy) used a gauss 8-19-2020, 3:25:30 PM
andriy(andriy) used a tk_ultra_health_potion 8-19-2020, 3:25:43 PM
andriy(andriy) used a tk_ultra_health_potion 8-19-2020, 3:25:51 PM
andriy(andriy) used a tk_ultra_health_potion 8-19-2020, 3:25:52 PM
andriy(andriy) used a gauss 8-19-2020, 3:26:18 PM
andriy(andriy) used a tk_ultra_health_potion 8-19-2020, 3:27:34 PM
andriy(andriy) used a nak_nk1000_decimater 8-19-2020, 3:27:46 PM
andriy(andriy) used a gauss 8-19-2020, 3:28:13 PM
andriy(andriy) used a nak_nk1000_decimater 8-19-2020, 3:28:47 PM
andriy(andriy) used a rpg7 8-19-2020, 3:30:01 PM
andriy(andriy) used a rpg7 8-19-2020, 3:30:02 PM
andriy(andriy) used a rpg7 8-19-2020, 3:31:53 PM
andriy(andriy) used a rpg7 8-19-2020, 3:31:53 PM
andriy(andriy) used a nak_nk1000_decimater 8-19-2020, 3:31:59 PM
andriy(andriy) used a tk_ultra_health_potion 8-19-2020, 3:32:04 PM
andriy(andriy) used a cyanide_pistol 8-19-2020, 3:33:13 PM
andriy(andriy) used a brass_knuckles 8-19-2020, 3:34:32 PM
andriy(andriy) used a shield 8-19-2020, 3:38:42 PM
andriy(andriy) used a shield 8-19-2020, 3:38:42 PM
andriy(andriy) used a shield 8-19-2020, 3:38:43 PM
andriy(andriy) used a shield 8-19-2020, 3:38:43 PM
andriy(andriy) used a shield 8-19-2020, 3:38:44 PM
andriy(andriy) used a shield 8-19-2020, 3:38:44 PM
andriy(andriy) used a shield 8-19-2020, 3:38:45 PM
andriy(andriy) used a shield 8-19-2020, 3:38:46 PM
andriy(andriy) used a shield 8-19-2020, 3:38:46 PM
andriy(andriy) used a shield 8-19-2020, 3:38:51 PM
andriy(andriy) used a shield 8-19-2020, 3:38:51 PM
andriy(andriy) used a shield 8-19-2020, 3:38:52 PM
andriy(andriy) used a shield 8-19-2020, 3:38:52 PM
andriy(andriy) used a shield 8-19-2020, 3:38:53 PM
andriy(andriy) used a shield 8-19-2020, 3:38:53 PM
andriy(andriy) used a shield 8-19-2020, 3:38:54 PM
andriy(andriy) used a shield 8-19-2020, 3:38:54 PM
andriy(andriy) used a shield 8-19-2020, 3:38:54 PM
andriy(andriy) used a shield 8-19-2020, 3:38:55 PM
andriy(andriy) used a shield 8-19-2020, 3:38:56 PM
andriy(andriy) used a shield 8-19-2020, 3:38:56 PM
andriy(andriy) used a shield 8-19-2020, 3:38:57 PM
andriy(andriy) used a shield 8-19-2020, 3:38:57 PM
andriy(andriy) used a shield 8-19-2020, 3:39:01 PM
andriy(andriy) used a shield 8-19-2020, 3:39:02 PM
andriy(andriy) used a shield 8-19-2020, 3:39:03 PM
andriy(andriy) used a shield 8-19-2020, 3:39:04 PM
andriy(andriy) used a shield 8-19-2020, 3:39:05 PM
andriy(andriy) used a shield 8-19-2020, 3:39:05 PM
andriy(andriy) used a shield 8-19-2020, 3:39:06 PM
andriy(andriy) used a shield 8-19-2020, 3:39:06 PM
andriy(andriy) used a shield 8-19-2020, 3:39:06 PM
andriy(andriy) used a shield 8-19-2020, 3:39:07 PM
andriy(andriy) used a fnminimilight 8-19-2020, 3:39:30 PM
andriy(andriy) used a tk_ultra_health_potion 8-19-2020, 3:39:39 PM
andriy(andriy) used a tk_ultra_health_potion 8-19-2020, 3:39:40 PM
andriy(andriy) used a fnminimilight 8-19-2020, 3:39:44 PM
andriy(andriy) used a tk_ultra_health_potion 8-19-2020, 3:39:47 PM
andriy(andriy) used a nak_nk1000_decimater 8-19-2020, 3:39:52 PM
andriy(andriy) used a guided_missile 8-19-2020, 3:40:01 PM
andriy(andriy) used a nak_nk1000_decimater 8-19-2020, 3:40:28 PM
andriy(andriy) used a tk_ultra_health_potion 8-19-2020, 3:40:30 PM
andriy(andriy) used a guided_missile 8-19-2020, 3:40:32 PM
andriy(andriy) used a spiked_chain_mace 8-19-2020, 3:40:37 PM
andriy(andriy) used a coin 8-19-2020, 3:40:38 PM
andriy(andriy) used a coin 8-19-2020, 3:40:39 PM
andriy(andriy) used a rpg7 8-19-2020, 3:40:45 PM
andriy(andriy) used a taser 8-19-2020, 3:40:47 PM
andriy(andriy) used a gauss 8-19-2020, 3:43:45 PM
andriy(andriy) used a gauss 8-19-2020, 3:43:47 PM
andriy(andriy) used a gauss 8-19-2020, 3:44:39 PM
andriy(andriy) used a tk_ultra_health_potion 8-19-2020, 3:46:57 PM
andriy(andriy) used a ultrabomb_locator 8-19-2020, 3:47:01 PM
andriy(andriy) used a ultrabomb_locator 8-19-2020, 3:47:01 PM
andriy(andriy) used a ultrabomb_locator 8-19-2020, 3:47:01 PM
andriy(andriy) used a ultrabomb_locator 8-19-2020, 3:47:02 PM
andriy(andriy) used a ultrabomb_locator 8-19-2020, 3:47:02 PM
andriy(andriy) used a ultrabomb_locator 8-19-2020, 3:47:02 PM
andriy(andriy) used a ultrabomb_locator 8-19-2020, 3:47:03 PM
andriy(andriy) used a ultrabomb_locator 8-19-2020, 3:47:03 PM
andriy(andriy) used a ultrabomb_locator 8-19-2020, 3:47:04 PM
andriy(andriy) used a ultrabomb_locator 8-19-2020, 3:47:04 PM
andriy(andriy) used a ultrabomb_locator 8-19-2020, 3:47:04 PM
andriy(andriy) used a ultrabomb_locator 8-19-2020, 3:47:04 PM
andriy(andriy) used a ultrabomb_locator 8-19-2020, 3:47:05 PM
andriy(andriy) used a gauss 8-19-2020, 3:47:40 PM
andriy(andriy) used a ultrabomb_locator 8-19-2020, 3:49:38 PM
andriy(andriy) used a ultrabomb_locator 8-19-2020, 3:49:38 PM
andriy(andriy) used a tk_ultra_health_potion 8-19-2020, 3:49:41 PM
andriy(andriy) used a tk_ultra_health_potion 8-19-2020, 3:49:57 PM
andriy(andriy) used a nak_nk1000_decimater 8-19-2020, 3:50:12 PM
andriy(andriy) used a shield 8-19-2020, 3:51:37 PM
andriy(andriy) used a shield 8-19-2020, 3:51:38 PM
andriy(andriy) used a shield 8-19-2020, 3:51:38 PM
andriy(andriy) used a shield 8-19-2020, 3:51:39 PM
andriy(andriy) used a shield 8-19-2020, 3:51:39 PM
andriy(andriy) used a shield 8-19-2020, 3:51:40 PM
andriy(andriy) used a shield 8-19-2020, 3:51:40 PM
andriy(andriy) used a shield 8-19-2020, 3:51:41 PM
andriy(andriy) used a shield 8-19-2020, 3:51:41 PM
andriy(andriy) used a shield 8-19-2020, 3:51:42 PM
andriy(andriy) used a shield 8-19-2020, 3:51:42 PM
andriy(andriy) used a shield 8-19-2020, 3:51:43 PM
andriy(andriy) used a shield 8-19-2020, 3:51:43 PM
andriy(andriy) used a shield 8-19-2020, 3:51:44 PM
andriy(andriy) used a shield 8-19-2020, 3:51:44 PM
andriy(andriy) used a shield 8-19-2020, 3:51:45 PM
andriy(andriy) used a shield 8-19-2020, 3:51:45 PM
andriy(andriy) used a shield 8-19-2020, 3:51:46 PM
andriy(andriy) used a shield 8-19-2020, 3:51:46 PM
andriy(andriy) used a shield 8-19-2020, 3:51:47 PM
andriy(andriy) used a shield 8-19-2020, 3:51:47 PM
andriy(andriy) used a shield 8-19-2020, 3:51:51 PM
andriy(andriy) used a shield 8-19-2020, 3:51:56 PM
andriy(andriy) used a brass_knuckles 8-19-2020, 3:51:57 PM
andriy(andriy) used a shield 8-19-2020, 3:52:02 PM
andriy(andriy) used a shield 8-19-2020, 3:52:02 PM
andriy(andriy) used a shield 8-19-2020, 3:52:03 PM
andriy(andriy) used a shield 8-19-2020, 3:52:04 PM
andriy(andriy) used a shield 8-19-2020, 3:52:04 PM
andriy(andriy) used a shield 8-19-2020, 3:52:04 PM
andriy(andriy) used a shield 8-19-2020, 3:52:05 PM
andriy(andriy) used a shield 8-19-2020, 3:52:05 PM
andriy(andriy) used a open_beer_bottle 8-19-2020, 3:52:19 PM
andriy(andriy) used a open_beer_bottle 8-19-2020, 3:52:21 PM
andriy(andriy) used a open_beer_bottle 8-19-2020, 3:52:21 PM
andriy(andriy) used a open_beer_bottle 8-19-2020, 3:52:22 PM
andriy(andriy) used a open_beer_bottle 8-19-2020, 3:52:22 PM
andriy(andriy) used a open_beer_bottle 8-19-2020, 3:52:22 PM
andriy(andriy) used a open_beer_bottle 8-19-2020, 3:52:23 PM
andriy(andriy) used a open_beer_bottle 8-19-2020, 3:52:23 PM
andriy(andriy) used a open_beer_bottle 8-19-2020, 3:52:23 PM
andriy(andriy) used a open_beer_bottle 8-19-2020, 3:52:24 PM
andriy(andriy) used a open_beer_bottle 8-19-2020, 3:52:25 PM
andriy(andriy) used a open_beer_bottle 8-19-2020, 3:52:25 PM
andriy(andriy) used a open_beer_bottle 8-19-2020, 3:52:26 PM
andriy(andriy) used a open_beer_bottle 8-19-2020, 3:52:26 PM
andriy(andriy) used a open_beer_bottle 8-19-2020, 3:52:27 PM
andriy(andriy) used a open_beer_bottle 8-19-2020, 3:52:27 PM
andriy(andriy) used a open_beer_bottle 8-19-2020, 3:52:27 PM
andriy(andriy) used a open_beer_bottle 8-19-2020, 3:52:28 PM
andriy(andriy) used a open_beer_bottle 8-19-2020, 3:52:28 PM
andriy(andriy) used a open_beer_bottle 8-19-2020, 3:52:29 PM
andriy(andriy) used a open_beer_bottle 8-19-2020, 3:52:30 PM
andriy(andriy) used a open_beer_bottle 8-19-2020, 3:52:30 PM
andriy(andriy) used a open_beer_bottle 8-19-2020, 3:52:30 PM
andriy(andriy) used a open_beer_bottle 8-19-2020, 3:52:31 PM
andriy(andriy) used a open_beer_bottle 8-19-2020, 3:52:31 PM
andriy(andriy) used a open_beer_bottle 8-19-2020, 3:52:31 PM
andriy(andriy) used a open_beer_bottle 8-19-2020, 3:52:32 PM
andriy(andriy) used a open_beer_bottle 8-19-2020, 3:52:33 PM
andriy(andriy) used a open_beer_bottle 8-19-2020, 3:52:33 PM
andriy(andriy) used a open_beer_bottle 8-19-2020, 3:52:33 PM
andriy(andriy) used a open_beer_bottle 8-19-2020, 3:52:34 PM
andriy(andriy) used a open_beer_bottle 8-19-2020, 3:52:35 PM
andriy(andriy) used a tk_ultra_health_potion 8-19-2020, 3:54:21 PM
andriy(andriy) used a brass_knuckles 8-19-2020, 3:54:41 PM
andriy(andriy) used a open_beer_bottle 8-19-2020, 3:54:43 PM
andriy(andriy) used a tk_ultra_health_potion 8-19-2020, 3:54:47 PM
andriy(andriy) used a tk_ultra_health_potion 8-19-2020, 3:54:49 PM
andriy(andriy) used a open_beer_bottle 8-19-2020, 3:54:52 PM
andriy(andriy) used a open_beer_bottle 8-19-2020, 3:54:52 PM
andriy(andriy) used a open_beer_bottle 8-19-2020, 3:54:52 PM
andriy(andriy) used a open_beer_bottle 8-19-2020, 3:54:53 PM
andriy(andriy) used a open_beer_bottle 8-19-2020, 3:54:53 PM
andriy(andriy) used a open_beer_bottle 8-19-2020, 3:54:53 PM
andriy(andriy) used a open_beer_bottle 8-19-2020, 3:54:54 PM
andriy(andriy) used a open_beer_bottle 8-19-2020, 3:54:54 PM
andriy(andriy) used a open_beer_bottle 8-19-2020, 3:54:54 PM
andriy(andriy) used a open_beer_bottle 8-19-2020, 3:54:55 PM
andriy(andriy) used a open_beer_bottle 8-19-2020, 3:54:55 PM
andriy(andriy) used a open_beer_bottle 8-19-2020, 3:54:55 PM
andriy(andriy) used a open_beer_bottle 8-19-2020, 3:54:56 PM
andriy(andriy) used a open_beer_bottle 8-19-2020, 3:54:56 PM
andriy(andriy) used a open_beer_bottle 8-19-2020, 3:54:56 PM
andriy(andriy) used a open_beer_bottle 8-19-2020, 3:54:57 PM
andriy(andriy) used a open_beer_bottle 8-19-2020, 3:54:57 PM
andriy(andriy) used a open_beer_bottle 8-19-2020, 3:54:57 PM
andriy(andriy) used a open_beer_bottle 8-19-2020, 3:54:58 PM
andriy(andriy) used a open_beer_bottle 8-19-2020, 3:54:58 PM
andriy(andriy) used a open_beer_bottle 8-19-2020, 3:54:58 PM
andriy(andriy) used a open_beer_bottle 8-19-2020, 3:54:59 PM
andriy(andriy) used a open_beer_bottle 8-19-2020, 3:54:59 PM
andriy(andriy) used a open_beer_bottle 8-19-2020, 3:55:00 PM
andriy(andriy) used a open_beer_bottle 8-19-2020, 3:55:00 PM
andriy(andriy) used a open_beer_bottle 8-19-2020, 3:55:01 PM
andriy(andriy) used a open_beer_bottle 8-19-2020, 3:55:01 PM
andriy(andriy) used a open_beer_bottle 8-19-2020, 3:55:02 PM
andriy(andriy) used a open_beer_bottle 8-19-2020, 3:55:03 PM
andriy(andriy) used a open_beer_bottle 8-19-2020, 3:55:04 PM
andriy(andriy) used a modern_sub_machine_gun_carbine 8-19-2020, 3:57:52 PM
andriy(andriy) used a modern_sub_machine_gun_carbine 8-19-2020, 3:57:56 PM
andriy(andriy) used a modern_sub_machine_gun_carbine 8-19-2020, 3:57:59 PM
andriy(andriy) used a shield 8-19-2020, 3:58:25 PM
andriy(andriy) used a pack_of_300_ammo_nak_nk1000_decimater 8-19-2020, 4:00:26 PM
andriy(andriy) used a pack_of_300_ammo_nak_nk1000_decimater 8-19-2020, 4:00:27 PM
andriy(andriy) used a pack_of_300_ammo_nak_nk1000_decimater 8-19-2020, 4:00:27 PM
andriy(andriy) used a pack_of_300_ammo_nak_nk1000_decimater 8-19-2020, 4:00:28 PM
andriy(andriy) used a pack_of_300_ammo_nak_nk1000_decimater 8-19-2020, 4:00:29 PM
andriy(andriy) used a pack_of_300_ammo_nak_nk1000_decimater 8-19-2020, 4:00:30 PM
andriy(andriy) used a pack_of_300_ammo_nak_nk1000_decimater 8-19-2020, 4:00:30 PM
andriy(andriy) used a pack_of_300_ammo_nak_nk1000_decimater 8-19-2020, 4:00:30 PM
andriy(andriy) used a pack_of_300_ammo_nak_nk1000_decimater 8-19-2020, 4:00:31 PM
andriy(andriy) used a pack_of_300_ammo_nak_nk1000_decimater 8-19-2020, 4:00:31 PM
andriy(andriy) used a pack_of_300_ammo_nak_nk1000_decimater 8-19-2020, 4:00:31 PM
andriy(andriy) used a pack_of_300_ammo_nak_nk1000_decimater 8-19-2020, 4:00:32 PM
andriy(andriy) used a pack_of_300_ammo_nak_nk1000_decimater 8-19-2020, 4:00:33 PM
andriy(andriy) used a pack_of_300_ammo_nak_nk1000_decimater 8-19-2020, 4:00:33 PM
andriy(andriy) used a pack_of_300_ammo_nak_nk1000_decimater 8-19-2020, 4:00:33 PM
andriy(andriy) used a pack_of_300_ammo_nak_nk1000_decimater 8-19-2020, 4:00:34 PM
andriy(andriy) used a pack_of_300_ammo_nak_nk1000_decimater 8-19-2020, 4:00:35 PM
andriy(andriy) used a pack_of_300_ammo_nak_nk1000_decimater 8-19-2020, 4:00:35 PM
andriy(andriy) used a pack_of_300_ammo_nak_nk1000_decimater 8-19-2020, 4:00:35 PM
andriy(andriy) used a pack_of_300_ammo_nak_nk1000_decimater 8-19-2020, 4:00:36 PM
andriy(andriy) used a pack_of_300_ammo_nak_nk1000_decimater 8-19-2020, 4:00:36 PM
andriy(andriy) used a pack_of_300_ammo_nak_nk1000_decimater 8-19-2020, 4:00:37 PM
andriy(andriy) used a tk_ultra_health_potion 8-19-2020, 4:00:44 PM
andriy(andriy) used a rpg7 8-19-2020, 4:01:29 PM
andriy(andriy) used a rpg7 8-19-2020, 4:01:30 PM
andriy(andriy) used a nak_nk1000_decimater 8-19-2020, 4:01:32 PM
andriy(andriy) used a rpg7 8-19-2020, 4:01:33 PM
andriy(andriy) used a nak_nk1000_decimater 8-19-2020, 4:01:35 PM
andriy(andriy) used a rpg7 8-19-2020, 4:06:59 PM
andriy(andriy) used a taser 8-19-2020, 4:07:04 PM
andriy(andriy) used a gp30 8-19-2020, 4:07:05 PM
andriy(andriy) used a gauss 8-19-2020, 4:07:06 PM
andriy(andriy) used a pack_of_300_ammo_nak_nk1000_decimater 8-19-2020, 4:07:16 PM
andriy(andriy) used a pack_of_300_ammo_nak_nk1000_decimater 8-19-2020, 4:07:16 PM
andriy(andriy) used a pack_of_300_ammo_nak_nk1000_decimater 8-19-2020, 4:07:17 PM
andriy(andriy) used a pack_of_300_ammo_nak_nk1000_decimater 8-19-2020, 4:07:17 PM
andriy(andriy) used a pack_of_300_ammo_nak_nk1000_decimater 8-19-2020, 4:07:17 PM
andriy(andriy) used a pack_of_300_ammo_nak_nk1000_decimater 8-19-2020, 4:07:18 PM
andriy(andriy) used a pack_of_300_ammo_nak_nk1000_decimater 8-19-2020, 4:07:18 PM
andriy(andriy) used a pack_of_300_ammo_nak_nk1000_decimater 8-19-2020, 4:07:19 PM
andriy(andriy) used a pack_of_300_ammo_nak_nk1000_decimater 8-19-2020, 4:07:19 PM
andriy(andriy) used a pack_of_300_ammo_nak_nk1000_decimater 8-19-2020, 4:07:19 PM
andriy(andriy) used a pack_of_300_ammo_nak_nk1000_decimater 8-19-2020, 4:07:20 PM
andriy(andriy) used a pack_of_300_ammo_nak_nk1000_decimater 8-19-2020, 4:07:20 PM
andriy(andriy) used a tk_ultra_health_potion 8-19-2020, 4:07:24 PM
andriy(andriy) used a shield 8-19-2020, 4:08:06 PM
andriy(andriy) used a nak_nk1000_decimater 8-19-2020, 4:08:25 PM
andriy(andriy) used a gp30 8-19-2020, 4:11:03 PM
andriy(andriy) used a rpg7 8-19-2020, 4:11:04 PM
andriy(andriy) used a gauss 8-19-2020, 4:11:12 PM
andriy(andriy) used a gauss 8-19-2020, 4:11:21 PM
andriy(andriy) used a gauss 8-19-2020, 4:13:05 PM
andriy(andriy) used a guided_missile 8-19-2020, 4:25:59 PM
andriy(andriy) used a nak_nk1000_decimater 8-19-2020, 4:26:09 PM
andriy(andriy) used a tk_ultra_health_potion 8-19-2020, 4:26:37 PM
andriy(andriy) used a gauss 8-19-2020, 4:27:10 PM
andriy(andriy) used a empty_beer_bottle 8-19-2020, 4:27:40 PM
andriy(andriy) used a empty_beer_bottle 8-19-2020, 4:27:41 PM
andriy(andriy) used a shield 8-19-2020, 4:27:47 PM
andriy(andriy) used a shield 8-19-2020, 4:27:48 PM
andriy(andriy) used a shield 8-19-2020, 4:27:48 PM
andriy(andriy) used a shield 8-19-2020, 4:27:50 PM
andriy(andriy) used a shield 8-19-2020, 4:27:50 PM
andriy(andriy) used a shield 8-19-2020, 4:27:51 PM
andriy(andriy) used a shield 8-19-2020, 4:27:51 PM
andriy(andriy) used a shield 8-19-2020, 4:27:51 PM
andriy(andriy) used a shield 8-19-2020, 4:27:52 PM
andriy(andriy) used a shield 8-19-2020, 4:27:52 PM
andriy(andriy) used a shield 8-19-2020, 4:27:53 PM
andriy(andriy) used a shield 8-19-2020, 4:27:53 PM
andriy(andriy) used a shield 8-19-2020, 4:27:54 PM
andriy(andriy) used a shield 8-19-2020, 4:27:54 PM
andriy(andriy) used a shield 8-19-2020, 4:27:54 PM
andriy(andriy) used a shield 8-19-2020, 4:27:55 PM
andriy(andriy) used a shield 8-19-2020, 4:27:56 PM
andriy(andriy) used a shield 8-19-2020, 4:27:56 PM
andriy(andriy) used a shield 8-19-2020, 4:27:57 PM
andriy(andriy) used a shield 8-19-2020, 4:27:57 PM
andriy(andriy) used a shield 8-19-2020, 4:27:58 PM
andriy(andriy) used a shield 8-19-2020, 4:28:06 PM
andriy(andriy) used a shield 8-19-2020, 4:28:06 PM
andriy(andriy) used a shield 8-19-2020, 4:28:07 PM
andriy(andriy) used a shield 8-19-2020, 4:28:08 PM
andriy(andriy) used a shield 8-19-2020, 4:28:09 PM
andriy(andriy) used a shield 8-19-2020, 4:28:11 PM
andriy(andriy) used a pack_of_30_ammo_beretta_nano_pocket_pistol 8-19-2020, 4:28:20 PM
andriy(andriy) used a open_beer_bottle 8-19-2020, 4:28:34 PM
andriy(andriy) used a open_beer_bottle 8-19-2020, 4:28:34 PM
andriy(andriy) used a open_beer_bottle 8-19-2020, 4:28:34 PM
andriy(andriy) used a open_beer_bottle 8-19-2020, 4:28:35 PM
andriy(andriy) used a open_beer_bottle 8-19-2020, 4:28:35 PM
andriy(andriy) used a open_beer_bottle 8-19-2020, 4:28:35 PM
andriy(andriy) used a open_beer_bottle 8-19-2020, 4:28:36 PM
andriy(andriy) used a open_beer_bottle 8-19-2020, 4:28:36 PM
andriy(andriy) used a open_beer_bottle 8-19-2020, 4:28:36 PM
andriy(andriy) used a open_beer_bottle 8-19-2020, 4:28:37 PM
andriy(andriy) used a open_beer_bottle 8-19-2020, 4:28:37 PM
andriy(andriy) used a open_beer_bottle 8-19-2020, 4:28:37 PM
andriy(andriy) used a open_beer_bottle 8-19-2020, 4:28:38 PM
andriy(andriy) used a open_beer_bottle 8-19-2020, 4:28:38 PM
andriy(andriy) used a open_beer_bottle 8-19-2020, 4:28:38 PM
andriy(andriy) used a open_beer_bottle 8-19-2020, 4:28:39 PM
andriy(andriy) used a open_beer_bottle 8-19-2020, 4:28:39 PM
andriy(andriy) used a open_beer_bottle 8-19-2020, 4:28:40 PM
andriy(andriy) used a open_beer_bottle 8-19-2020, 4:28:40 PM
andriy(andriy) used a open_beer_bottle 8-19-2020, 4:28:40 PM
andriy(andriy) used a open_beer_bottle 8-19-2020, 4:28:41 PM
andriy(andriy) used a open_beer_bottle 8-19-2020, 4:28:41 PM
andriy(andriy) used a open_beer_bottle 8-19-2020, 4:28:42 PM
andriy(andriy) used a open_beer_bottle 8-19-2020, 4:28:42 PM
andriy(andriy) used a open_beer_bottle 8-19-2020, 4:28:43 PM
andriy(andriy) used a open_beer_bottle 8-19-2020, 4:28:44 PM
andriy(andriy) used a open_beer_bottle 8-19-2020, 4:28:44 PM
andriy(andriy) used a open_beer_bottle 8-19-2020, 4:28:44 PM
andriy(andriy) used a open_beer_bottle 8-19-2020, 4:28:45 PM
andriy(andriy) used a open_beer_bottle 8-19-2020, 4:28:45 PM
andriy(andriy) used a open_beer_bottle 8-19-2020, 4:28:46 PM
andriy(andriy) used a open_beer_bottle 8-19-2020, 4:28:46 PM
andriy(andriy) used a open_beer_bottle 8-19-2020, 4:28:47 PM
andriy(andriy) used a open_beer_bottle 8-19-2020, 4:28:47 PM
andriy(andriy) used a open_beer_bottle 8-19-2020, 4:28:47 PM
andriy(andriy) used a open_beer_bottle 8-19-2020, 4:28:48 PM
andriy(andriy) used a open_beer_bottle 8-19-2020, 4:28:48 PM
andriy(andriy) used a open_beer_bottle 8-19-2020, 4:28:49 PM
andriy(andriy) used a open_beer_bottle 8-19-2020, 4:28:49 PM
andriy(andriy) used a open_beer_bottle 8-19-2020, 4:28:50 PM
andriy(andriy) used a open_beer_bottle 8-19-2020, 4:28:50 PM
andriy(andriy) used a open_beer_bottle 8-19-2020, 4:28:50 PM
andriy(andriy) used a open_beer_bottle 8-19-2020, 4:28:51 PM
andriy(andriy) used a open_beer_bottle 8-19-2020, 4:28:51 PM
andriy(andriy) used a open_beer_bottle 8-19-2020, 4:28:52 PM
andriy(andriy) used a coin 8-19-2020, 4:30:24 PM
andriy(andriy) used a coin 8-19-2020, 4:30:26 PM
andriy(andriy) used a coin 8-19-2020, 4:30:29 PM
andriy(andriy) used a coin 8-19-2020, 4:30:30 PM
andriy(andriy) used a coin 8-19-2020, 4:30:31 PM
andriy(andriy) used a coin 8-19-2020, 4:30:34 PM
andriy(andriy) used a coin 8-19-2020, 4:30:35 PM
andriy(andriy) used a coin 8-19-2020, 4:30:36 PM
andriy(andriy) used a coin 8-19-2020, 4:30:38 PM
andriy(andriy) used a coin 8-19-2020, 4:30:39 PM
andriy(andriy) used a brass_knuckles 8-19-2020, 4:31:13 PM
andriy(andriy) used a air_canister 8-19-2020, 4:31:21 PM
andriy(andriy) used a ultrabomb_locator 8-19-2020, 4:31:37 PM
andriy(andriy) used a ultrabomb_locator 8-19-2020, 4:31:37 PM
andriy(andriy) used a ultrabomb_locator 8-19-2020, 4:31:38 PM
andriy(andriy) used a ultrabomb_locator 8-19-2020, 4:31:38 PM
andriy(andriy) used a tk_ultra_health_potion 8-19-2020, 4:31:44 PM
andriy(andriy) used a invisibility_shield 8-19-2020, 4:31:50 PM
andriy(andriy) used a invisibility_shield 8-19-2020, 4:32:03 PM
andriy(andriy) used a invisibility_shield 8-19-2020, 4:32:05 PM
andriy(andriy) used a pack_of_300_ammo_nak_nk1000_decimater 8-19-2020, 4:32:09 PM
andriy(andriy) used a pack_of_300_ammo_nak_nk1000_decimater 8-19-2020, 4:32:09 PM
andriy(andriy) used a pack_of_300_ammo_nak_nk1000_decimater 8-19-2020, 4:32:09 PM
andriy(andriy) used a pack_of_300_ammo_nak_nk1000_decimater 8-19-2020, 4:32:10 PM
andriy(andriy) used a pack_of_300_ammo_nak_nk1000_decimater 8-19-2020, 4:32:10 PM
andriy(andriy) used a pack_of_300_ammo_nak_nk1000_decimater 8-19-2020, 4:32:10 PM
andriy(andriy) used a pack_of_300_ammo_nak_nk1000_decimater 8-19-2020, 4:32:11 PM
andriy(andriy) used a pack_of_300_ammo_nak_nk1000_decimater 8-19-2020, 4:32:11 PM
andriy(andriy) used a pack_of_300_ammo_nak_nk1000_decimater 8-19-2020, 4:32:11 PM
andriy(andriy) used a pack_of_300_ammo_nak_nk1000_decimater 8-19-2020, 4:32:12 PM
andriy(andriy) used a pack_of_300_ammo_nak_nk1000_decimater 8-19-2020, 4:32:12 PM
andriy(andriy) used a pack_of_300_ammo_nak_nk1000_decimater 8-19-2020, 4:32:13 PM
andriy(andriy) used a pack_of_300_ammo_nak_nk1000_decimater 8-19-2020, 4:32:13 PM
andriy(andriy) used a pack_of_300_ammo_nak_nk1000_decimater 8-19-2020, 4:32:13 PM
andriy(andriy) used a pack_of_300_ammo_nak_nk1000_decimater 8-19-2020, 4:32:13 PM
andriy(andriy) used a pack_of_300_ammo_nak_nk1000_decimater 8-19-2020, 4:32:14 PM
andriy(andriy) used a pack_of_300_ammo_nak_nk1000_decimater 8-19-2020, 4:32:14 PM
andriy(andriy) used a pack_of_300_ammo_nak_nk1000_decimater 8-19-2020, 4:32:15 PM
andriy(andriy) used a pack_of_300_ammo_nak_nk1000_decimater 8-19-2020, 4:32:16 PM
andriy(andriy) used a pack_of_300_ammo_nak_nk1000_decimater 8-19-2020, 4:32:16 PM
andriy(andriy) used a pack_of_300_ammo_nak_nk1000_decimater 8-19-2020, 4:32:16 PM
andriy(andriy) used a pack_of_300_ammo_nak_nk1000_decimater 8-19-2020, 4:32:17 PM
andriy(andriy) used a pack_of_300_ammo_nak_nk1000_decimater 8-19-2020, 4:32:17 PM
andriy(andriy) used a pack_of_300_ammo_nak_nk1000_decimater 8-19-2020, 4:32:31 PM
andriy(andriy) used a pack_of_300_ammo_nak_nk1000_decimater 8-19-2020, 4:32:31 PM
andriy(andriy) used a pack_of_300_ammo_nak_nk1000_decimater 8-19-2020, 4:32:32 PM
andriy(andriy) used a pack_of_300_ammo_nak_nk1000_decimater 8-19-2020, 4:32:32 PM
andriy(andriy) used a pack_of_300_ammo_nak_nk1000_decimater 8-19-2020, 4:32:33 PM
andriy(andriy) used a pack_of_300_ammo_nak_nk1000_decimater 8-19-2020, 4:32:33 PM
andriy(andriy) used a pack_of_300_ammo_nak_nk1000_decimater 8-19-2020, 4:32:33 PM
andriy(andriy) used a pack_of_300_ammo_nak_nk1000_decimater 8-19-2020, 4:32:34 PM
andriy(andriy) used a pack_of_300_ammo_nak_nk1000_decimater 8-19-2020, 4:32:34 PM
andriy(andriy) used a pack_of_300_ammo_nak_nk1000_decimater 8-19-2020, 4:32:34 PM
andriy(andriy) used a pack_of_300_ammo_nak_nk1000_decimater 8-19-2020, 4:32:35 PM
andriy(andriy) used a pack_of_300_ammo_nak_nk1000_decimater 8-19-2020, 4:32:35 PM
andriy(andriy) used a pack_of_300_ammo_nak_nk1000_decimater 8-19-2020, 4:32:35 PM
andriy(andriy) used a pack_of_300_ammo_nak_nk1000_decimater 8-19-2020, 4:32:36 PM
andriy(andriy) used a pack_of_300_ammo_nak_nk1000_decimater 8-19-2020, 4:32:36 PM
andriy(andriy) used a pack_of_300_ammo_nak_nk1000_decimater 8-19-2020, 4:32:36 PM
andriy(andriy) used a pack_of_300_ammo_nak_nk1000_decimater 8-19-2020, 4:32:36 PM
andriy(andriy) used a pack_of_300_ammo_nak_nk1000_decimater 8-19-2020, 4:32:37 PM
andriy(andriy) used a pack_of_300_ammo_nak_nk1000_decimater 8-19-2020, 4:32:37 PM
andriy(andriy) used a pack_of_300_ammo_nak_nk1000_decimater 8-19-2020, 4:32:37 PM
andriy(andriy) used a pack_of_300_ammo_nak_nk1000_decimater 8-19-2020, 4:32:38 PM
andriy(andriy) used a pack_of_300_ammo_nak_nk1000_decimater 8-19-2020, 4:32:38 PM
andriy(andriy) used a pack_of_300_ammo_nak_nk1000_decimater 8-19-2020, 4:32:39 PM
andriy(andriy) used a pack_of_300_ammo_nak_nk1000_decimater 8-19-2020, 4:32:39 PM
andriy(andriy) used a pack_of_300_ammo_nak_nk1000_decimater 8-19-2020, 4:32:40 PM
andriy(andriy) used a pack_of_300_ammo_nak_nk1000_decimater 8-19-2020, 4:32:40 PM
andriy(andriy) used a pack_of_300_ammo_nak_nk1000_decimater 8-19-2020, 4:32:41 PM
andriy(andriy) used a pack_of_300_ammo_nak_nk1000_decimater 8-19-2020, 4:32:41 PM
andriy(andriy) used a pack_of_300_ammo_nak_nk1000_decimater 8-19-2020, 4:32:41 PM
andriy(andriy) used a pack_of_300_ammo_nak_nk1000_decimater 8-19-2020, 4:32:42 PM
andriy(andriy) used a pack_of_300_ammo_nak_nk1000_decimater 8-19-2020, 4:32:42 PM
andriy(andriy) used a pack_of_300_ammo_nak_nk1000_decimater 8-19-2020, 4:32:44 PM
andriy(andriy) used a pack_of_300_ammo_nak_nk1000_decimater 8-19-2020, 4:32:45 PM
andriy(andriy) used a pack_of_300_ammo_nak_nk1000_decimater 8-19-2020, 4:32:46 PM
andriy(andriy) used a pack_of_300_ammo_nak_nk1000_decimater 8-19-2020, 4:32:46 PM
andriy(andriy) used a pack_of_300_ammo_nak_nk1000_decimater 8-19-2020, 4:32:47 PM
andriy(andriy) used a pack_of_300_ammo_nak_nk1000_decimater 8-19-2020, 4:32:47 PM
andriy(andriy) used a pack_of_300_ammo_nak_nk1000_decimater 8-19-2020, 4:32:47 PM
andriy(andriy) used a pack_of_300_ammo_nak_nk1000_decimater 8-19-2020, 4:32:48 PM
andriy(andriy) used a pack_of_300_ammo_nak_nk1000_decimater 8-19-2020, 4:32:48 PM
andriy(andriy) used a pack_of_300_ammo_nak_nk1000_decimater 8-19-2020, 4:32:48 PM
andriy(andriy) used a pack_of_300_ammo_nak_nk1000_decimater 8-19-2020, 4:32:49 PM
andriy(andriy) used a pack_of_300_ammo_nak_nk1000_decimater 8-19-2020, 4:32:49 PM
andriy(andriy) used a pack_of_300_ammo_nak_nk1000_decimater 8-19-2020, 4:32:49 PM
andriy(andriy) used a pack_of_300_ammo_nak_nk1000_decimater 8-19-2020, 4:32:50 PM
andriy(andriy) used a pack_of_300_ammo_nak_nk1000_decimater 8-19-2020, 4:32:50 PM
andriy(andriy) used a pack_of_300_ammo_nak_nk1000_decimater 8-19-2020, 4:32:51 PM
andriy(andriy) used a pack_of_300_ammo_nak_nk1000_decimater 8-19-2020, 4:32:51 PM
andriy(andriy) used a pack_of_300_ammo_nak_nk1000_decimater 8-19-2020, 4:32:53 PM
andriy(andriy) used a fnminimilight 8-19-2020, 4:33:46 PM
andriy(andriy) used a ammo_nak_nk1000_decimater 8-19-2020, 4:34:19 PM
andriy(andriy) used a ammo_nak_nk1000_decimater 8-19-2020, 4:34:24 PM
andriy(andriy) used a nak_nk1000_decimater 8-19-2020, 4:34:32 PM
andriy(andriy) used a sky_386_laser_assault_rifle 8-19-2020, 4:35:00 PM
andriy(andriy) used a tk_ultra_health_potion 8-19-2020, 4:36:39 PM
andriy(andriy) used a tk_ultra_health_potion 8-19-2020, 4:38:01 PM
andriy(andriy) used a sky_386_laser_assault_rifle 8-19-2020, 4:38:18 PM
andriy(andriy) used a sky_386_laser_assault_rifle 8-19-2020, 4:38:20 PM
andriy(andriy) used a sky_386_laser_assault_rifle 8-19-2020, 4:38:24 PM
andriy(andriy) used a invisibility_shield 8-19-2020, 4:44:36 PM
andriy(andriy) used a gp30 8-19-2020, 4:46:18 PM
andriy(andriy) used a gp30 8-19-2020, 4:46:20 PM
andriy(andriy) used a rpg7 8-19-2020, 4:46:21 PM
andriy(andriy) used a nak_nk1000_decimater 8-19-2020, 4:46:52 PM