
Yarina(Yarina) used a tk_ultra_health_potion 8-19-2020, 11:18:14 AM
Yarina(Yarina) used a tk_ultra_health_potion 8-19-2020, 11:18:14 AM
Yarina(Yarina) used a health_drink 8-19-2020, 11:18:23 AM
Yarina(Yarina) used a health_drink 8-19-2020, 11:18:24 AM
Yarina(Yarina) used a health_drink 8-19-2020, 11:18:24 AM
Yarina(Yarina) used a health_drink 8-19-2020, 11:18:25 AM
Yarina(Yarina) used a health_drink 8-19-2020, 11:18:26 AM
Yarina(Yarina) used a health_drink 8-19-2020, 11:18:26 AM
Yarina(Yarina) used a health_drink 8-19-2020, 11:18:27 AM
Yarina(Yarina) used a health_drink 8-19-2020, 11:18:28 AM
Yarina(Yarina) used a health_drink 8-19-2020, 11:18:28 AM
Yarina(Yarina) used a health_drink 8-19-2020, 11:18:31 AM
Yarina(Yarina) used a health_drink 8-19-2020, 11:18:34 AM
Yarina(Yarina) used a health_drink 8-19-2020, 11:18:34 AM
Yarina(Yarina) used a health_drink 8-19-2020, 11:18:34 AM
Yarina(Yarina) used a health_drink 8-19-2020, 11:18:35 AM
Yarina(Yarina) used a shield 8-19-2020, 11:18:47 AM
Yarina(Yarina) used a shield 8-19-2020, 11:18:47 AM
Yarina(Yarina) used a shield 8-19-2020, 11:18:50 AM
Yarina(Yarina) used a shield 8-19-2020, 11:18:50 AM
Yarina(Yarina) used a shield 8-19-2020, 11:18:51 AM
Yarina(Yarina) used a shield 8-19-2020, 11:18:51 AM
Yarina(Yarina) used a shield 8-19-2020, 11:18:51 AM
Yarina(Yarina) used a shield 8-19-2020, 11:18:52 AM
Yarina(Yarina) used a shield 8-19-2020, 11:18:52 AM
Yarina(Yarina) used a shield 8-19-2020, 11:18:53 AM
Yarina(Yarina) used a shield 8-19-2020, 11:18:53 AM
Yarina(Yarina) used a shield 8-19-2020, 11:18:53 AM
Yarina(Yarina) used a shield 8-19-2020, 11:18:54 AM
Yarina(Yarina) used a shield 8-19-2020, 11:18:54 AM
Yarina(Yarina) used a shield 8-19-2020, 11:18:54 AM
Yarina(Yarina) used a shield 8-19-2020, 11:18:55 AM
Yarina(Yarina) used a shield 8-19-2020, 11:18:55 AM
Yarina(Yarina) used a shield 8-19-2020, 11:18:56 AM
Yarina(Yarina) used a shield 8-19-2020, 11:18:56 AM
Yarina(Yarina) used a shield 8-19-2020, 11:18:56 AM
Yarina(Yarina) used a shield 8-19-2020, 11:18:57 AM
Yarina(Yarina) used a shield 8-19-2020, 11:18:57 AM
Yarina(Yarina) used a shield 8-19-2020, 11:18:57 AM
Yarina(Yarina) used a shield 8-19-2020, 11:18:58 AM
Yarina(Yarina) used a shield 8-19-2020, 11:18:58 AM
Yarina(Yarina) used a shield 8-19-2020, 11:18:58 AM
Yarina(Yarina) used a shield 8-19-2020, 11:18:58 AM
Yarina(Yarina) used a shield 8-19-2020, 11:18:59 AM
Yarina(Yarina) used a shield 8-19-2020, 11:18:59 AM
Yarina(Yarina) used a shield 8-19-2020, 11:19:00 AM
Yarina(Yarina) used a shield 8-19-2020, 11:19:00 AM
Yarina(Yarina) used a shield 8-19-2020, 11:19:00 AM
Yarina(Yarina) used a shield 8-19-2020, 11:19:01 AM
Yarina(Yarina) used a shield 8-19-2020, 11:19:01 AM
Yarina(Yarina) used a shield 8-19-2020, 11:19:01 AM
Yarina(Yarina) used a shield 8-19-2020, 11:19:02 AM
Yarina(Yarina) used a shield 8-19-2020, 11:19:02 AM
Yarina(Yarina) used a modern_sub_machine_gun_carbine 8-19-2020, 11:19:23 AM
Yarina(Yarina) used a hand_grenade 8-19-2020, 11:21:46 AM
Yarina(Yarina) used a hand_grenade 8-19-2020, 11:21:47 AM
Yarina(Yarina) used a hand_grenade 8-19-2020, 11:21:49 AM
Yarina(Yarina) used a hand_grenade 8-19-2020, 11:21:50 AM
Yarina(Yarina) used a hand_grenade 8-19-2020, 11:21:50 AM
Yarina(Yarina) used a hand_grenade 8-19-2020, 11:21:50 AM
Yarina(Yarina) used a hand_grenade 8-19-2020, 11:21:50 AM
Yarina(Yarina) used a hand_grenade 8-19-2020, 11:21:50 AM
Yarina(Yarina) used a hand_grenade 8-19-2020, 11:21:51 AM
Yarina(Yarina) used a hand_grenade 8-19-2020, 11:21:51 AM
Yarina(Yarina) used a hand_grenade 8-19-2020, 11:21:52 AM
Yarina(Yarina) used a hand_grenade 8-19-2020, 11:21:52 AM
Yarina(Yarina) used a hand_grenade 8-19-2020, 11:21:52 AM
Yarina(Yarina) used a hand_grenade 8-19-2020, 11:21:52 AM
Yarina(Yarina) used a hand_grenade 8-19-2020, 11:21:52 AM
Yarina(Yarina) used a hand_grenade 8-19-2020, 11:21:53 AM
Yarina(Yarina) used a hand_grenade 8-19-2020, 11:21:53 AM
Yarina(Yarina) used a hand_grenade 8-19-2020, 11:21:53 AM
Yarina(Yarina) used a hand_grenade 8-19-2020, 11:21:54 AM
Yarina(Yarina) used a hand_grenade 8-19-2020, 11:21:54 AM
Yarina(Yarina) used a hand_grenade 8-19-2020, 11:21:54 AM
Yarina(Yarina) used a hand_grenade 8-19-2020, 11:21:54 AM
Yarina(Yarina) used a hand_grenade 8-19-2020, 11:21:54 AM
Yarina(Yarina) used a hand_grenade 8-19-2020, 11:21:55 AM
Yarina(Yarina) used a hand_grenade 8-19-2020, 11:21:55 AM
Yarina(Yarina) used a hand_grenade 8-19-2020, 11:21:55 AM
Yarina(Yarina) used a hand_grenade 8-19-2020, 11:21:55 AM
Yarina(Yarina) used a hand_grenade 8-19-2020, 11:21:56 AM
Yarina(Yarina) used a hand_grenade 8-19-2020, 11:21:56 AM
Yarina(Yarina) used a hand_grenade 8-19-2020, 11:21:56 AM
Yarina(Yarina) used a hand_grenade 8-19-2020, 11:21:56 AM
Yarina(Yarina) used a hand_grenade 8-19-2020, 11:21:57 AM
Yarina(Yarina) used a hand_grenade 8-19-2020, 11:21:57 AM
Yarina(Yarina) used a hand_grenade 8-19-2020, 11:21:57 AM
Yarina(Yarina) used a hand_grenade 8-19-2020, 11:21:58 AM
Yarina(Yarina) used a hand_grenade 8-19-2020, 11:21:58 AM
Yarina(Yarina) used a hand_grenade 8-19-2020, 11:21:58 AM
Yarina(Yarina) used a hand_grenade 8-19-2020, 11:21:58 AM
Yarina(Yarina) used a hand_grenade 8-19-2020, 11:21:59 AM
Yarina(Yarina) used a hand_grenade 8-19-2020, 11:21:59 AM
Yarina(Yarina) used a hand_grenade 8-19-2020, 11:21:59 AM
Yarina(Yarina) used a hand_grenade 8-19-2020, 11:21:59 AM
Yarina(Yarina) used a hand_grenade 8-19-2020, 11:22:00 AM
Yarina(Yarina) used a hand_grenade 8-19-2020, 11:22:00 AM
Yarina(Yarina) used a hand_grenade 8-19-2020, 11:22:00 AM
Yarina(Yarina) used a hand_grenade 8-19-2020, 11:22:01 AM
Yarina(Yarina) used a hand_grenade 8-19-2020, 11:22:01 AM
Yarina(Yarina) used a hand_grenade 8-19-2020, 11:22:01 AM
Yarina(Yarina) used a hand_grenade 8-19-2020, 11:22:01 AM
Yarina(Yarina) used a hand_grenade 8-19-2020, 11:22:01 AM
Yarina(Yarina) used a hand_grenade 8-19-2020, 11:22:02 AM
Yarina(Yarina) used a hand_grenade 8-19-2020, 11:22:02 AM
Yarina(Yarina) used a hand_grenade 8-19-2020, 11:22:02 AM
Yarina(Yarina) used a hand_grenade 8-19-2020, 11:22:02 AM
Yarina(Yarina) used a hand_grenade 8-19-2020, 11:22:03 AM
Yarina(Yarina) used a hand_grenade 8-19-2020, 11:22:03 AM
Yarina(Yarina) used a hand_grenade 8-19-2020, 11:22:03 AM
Yarina(Yarina) used a hand_grenade 8-19-2020, 11:22:04 AM
Yarina(Yarina) used a hand_grenade 8-19-2020, 11:22:04 AM
Yarina(Yarina) used a hand_grenade 8-19-2020, 11:22:04 AM
Yarina(Yarina) used a hand_grenade 8-19-2020, 11:22:04 AM
Yarina(Yarina) used a hand_grenade 8-19-2020, 11:22:05 AM
Yarina(Yarina) used a hand_grenade 8-19-2020, 11:22:05 AM
Yarina(Yarina) used a hand_grenade 8-19-2020, 11:22:06 AM
Yarina(Yarina) used a hand_grenade 8-19-2020, 11:22:06 AM
Yarina(Yarina) used a hand_grenade 8-19-2020, 11:22:06 AM
Yarina(Yarina) used a hand_grenade 8-19-2020, 11:22:07 AM
Yarina(Yarina) used a hand_grenade 8-19-2020, 11:22:07 AM
Yarina(Yarina) used a hand_grenade 8-19-2020, 11:22:07 AM
Yarina(Yarina) used a hand_grenade 8-19-2020, 11:22:07 AM
Yarina(Yarina) used a hand_grenade 8-19-2020, 11:22:07 AM
Yarina(Yarina) used a hand_grenade 8-19-2020, 11:22:08 AM
Yarina(Yarina) used a hand_grenade 8-19-2020, 11:22:08 AM
Yarina(Yarina) used a hand_grenade 8-19-2020, 11:22:08 AM
Yarina(Yarina) used a hand_grenade 8-19-2020, 11:22:09 AM
Yarina(Yarina) used a hand_grenade 8-19-2020, 11:22:09 AM
Yarina(Yarina) used a hand_grenade 8-19-2020, 11:22:09 AM
Yarina(Yarina) used a hand_grenade 8-19-2020, 11:22:10 AM
Yarina(Yarina) used a hand_grenade 8-19-2020, 11:22:10 AM
Yarina(Yarina) used a hand_grenade 8-19-2020, 11:22:11 AM
Yarina(Yarina) used a hand_grenade 8-19-2020, 11:22:11 AM
Yarina(Yarina) used a hand_grenade 8-19-2020, 11:22:12 AM
Yarina(Yarina) used a hand_grenade 8-19-2020, 11:22:12 AM
Yarina(Yarina) used a hand_grenade 8-19-2020, 11:22:13 AM
Yarina(Yarina) used a tk_ultra_health_potion 8-19-2020, 11:24:42 AM
Yarina(Yarina) used a tk_ultra_health_potion 8-19-2020, 12:01:39 PM
Yarina(Yarina) used a tk_ultra_health_potion 8-19-2020, 12:03:15 PM
Yarina(Yarina) used a tk_ultra_health_potion 8-19-2020, 12:03:15 PM
Yarina(Yarina) used a modern_sub_machine_gun_carbine 8-19-2020, 12:03:28 PM
Yarina(Yarina) used a hand_grenade 8-19-2020, 12:04:23 PM
Yarina(Yarina) used a hand_grenade 8-19-2020, 12:04:25 PM
Yarina(Yarina) used a tk_ultra_health_potion 8-19-2020, 12:13:16 PM
Yarina(Yarina) used a tk_ultra_health_potion 8-19-2020, 12:13:16 PM
Yarina(Yarina) used a tk_ultra_health_potion 8-19-2020, 12:13:30 PM
Yarina(Yarina) used a tk_ultra_health_potion 8-19-2020, 12:13:30 PM
Yarina(Yarina) used a tk_ultra_health_potion 8-19-2020, 12:13:31 PM
Yarina(Yarina) used a tk_ultra_health_potion 8-19-2020, 12:13:32 PM
Yarina(Yarina) used a tk_ultra_health_potion 8-19-2020, 12:13:33 PM
Yarina(Yarina) used a tk_ultra_health_potion 8-19-2020, 12:13:34 PM
Yarina(Yarina) used a tk_ultra_health_potion 8-19-2020, 12:13:34 PM
Yarina(Yarina) used a hand_grenade 8-19-2020, 12:14:17 PM
Yarina(Yarina) used a hand_grenade 8-19-2020, 12:14:17 PM
Yarina(Yarina) used a hand_grenade 8-19-2020, 12:14:18 PM
Yarina(Yarina) used a hand_grenade 8-19-2020, 12:14:18 PM
Yarina(Yarina) used a hand_grenade 8-19-2020, 12:14:18 PM
Yarina(Yarina) used a hand_grenade 8-19-2020, 12:14:19 PM
Yarina(Yarina) used a hand_grenade 8-19-2020, 12:14:19 PM
Yarina(Yarina) used a hand_grenade 8-19-2020, 12:14:19 PM
Yarina(Yarina) used a modern_sub_machine_gun_carbine 8-19-2020, 12:21:25 PM
Yarina(Yarina) used a tk_ultra_health_potion 8-19-2020, 12:21:31 PM
Yarina(Yarina) used a tk_ultra_health_potion 8-19-2020, 12:21:32 PM
Yarina(Yarina) used a tk_ultra_health_potion 8-19-2020, 12:21:49 PM
Yarina(Yarina) used a hand_grenade 8-19-2020, 12:24:35 PM
Yarina(Yarina) used a hand_grenade 8-19-2020, 12:24:35 PM
Yarina(Yarina) used a hand_grenade 8-19-2020, 12:24:36 PM
Yarina(Yarina) used a hand_grenade 8-19-2020, 12:24:36 PM
Yarina(Yarina) used a hand_grenade 8-19-2020, 12:24:36 PM
Yarina(Yarina) used a hand_grenade 8-19-2020, 12:24:37 PM
Yarina(Yarina) used a hand_grenade 8-19-2020, 12:24:37 PM
Yarina(Yarina) used a hand_grenade 8-19-2020, 12:24:38 PM
Yarina(Yarina) used a hand_grenade 8-19-2020, 12:24:38 PM
Yarina(Yarina) used a hand_grenade 8-19-2020, 12:24:45 PM
Yarina(Yarina) used a hand_grenade 8-19-2020, 12:24:45 PM
Yarina(Yarina) used a hand_grenade 8-19-2020, 12:24:45 PM
Yarina(Yarina) used a hand_grenade 8-19-2020, 12:24:45 PM
Yarina(Yarina) used a hand_grenade 8-19-2020, 12:24:46 PM
Yarina(Yarina) used a hand_grenade 8-19-2020, 12:24:46 PM
Yarina(Yarina) used a hand_grenade 8-19-2020, 12:24:46 PM
Yarina(Yarina) used a hand_grenade 8-19-2020, 12:24:47 PM
Yarina(Yarina) used a hand_grenade 8-19-2020, 12:24:47 PM
Yarina(Yarina) used a hand_grenade 8-19-2020, 12:24:51 PM
Yarina(Yarina) used a hand_grenade 8-19-2020, 12:24:51 PM
Yarina(Yarina) used a hand_grenade 8-19-2020, 12:24:51 PM
Yarina(Yarina) used a hand_grenade 8-19-2020, 12:24:52 PM
Yarina(Yarina) used a hand_grenade 8-19-2020, 12:24:58 PM
Yarina(Yarina) used a hand_grenade 8-19-2020, 12:24:59 PM
Yarina(Yarina) used a hand_grenade 8-19-2020, 12:24:59 PM
Yarina(Yarina) used a hand_grenade 8-19-2020, 12:25:00 PM
Yarina(Yarina) used a hand_grenade 8-19-2020, 12:25:00 PM
Yarina(Yarina) used a hand_grenade 8-19-2020, 12:25:00 PM
Yarina(Yarina) used a hand_grenade 8-19-2020, 12:25:01 PM
Yarina(Yarina) used a hand_grenade 8-19-2020, 12:25:01 PM
Yarina(Yarina) used a hand_grenade 8-19-2020, 12:25:02 PM
Yarina(Yarina) used a hand_grenade 8-19-2020, 12:25:02 PM
Yarina(Yarina) used a hand_grenade 8-19-2020, 12:25:08 PM
Yarina(Yarina) used a tk_ultra_health_potion 8-19-2020, 12:30:45 PM
Yarina(Yarina) used a health_drink 8-19-2020, 12:31:20 PM
Yarina(Yarina) used a health_drink 8-19-2020, 12:31:20 PM
Yarina(Yarina) used a health_drink 8-19-2020, 12:31:22 PM
Yarina(Yarina) used a health_drink 8-19-2020, 12:31:23 PM
Yarina(Yarina) used a health_drink 8-19-2020, 12:31:23 PM
Yarina(Yarina) used a health_drink 8-19-2020, 12:31:23 PM
Yarina(Yarina) used a health_drink 8-19-2020, 12:31:28 PM
Yarina(Yarina) used a health_drink 8-19-2020, 12:31:30 PM
Yarina(Yarina) used a health_drink 8-19-2020, 12:31:31 PM
Yarina(Yarina) used a health_drink 8-19-2020, 12:31:31 PM
Yarina(Yarina) used a health_drink 8-19-2020, 12:31:31 PM
Yarina(Yarina) used a hand_grenade 8-19-2020, 12:32:11 PM
Yarina(Yarina) used a hand_grenade 8-19-2020, 12:32:14 PM
Yarina(Yarina) used a hand_grenade 8-19-2020, 12:32:15 PM
Yarina(Yarina) used a hand_grenade 8-19-2020, 12:32:20 PM
Yarina(Yarina) used a hand_grenade 8-19-2020, 12:32:23 PM
Yarina(Yarina) used a hand_grenade 8-19-2020, 12:32:33 PM
Yarina(Yarina) used a hand_grenade 8-19-2020, 12:32:34 PM
Yarina(Yarina) used a hand_grenade 8-19-2020, 12:32:34 PM
Yarina(Yarina) used a hand_grenade 8-19-2020, 12:32:34 PM
Yarina(Yarina) used a hand_grenade 8-19-2020, 12:32:34 PM
Yarina(Yarina) used a hand_grenade 8-19-2020, 12:32:42 PM
Yarina(Yarina) used a hand_grenade 8-19-2020, 12:32:57 PM
Yarina(Yarina) used a hand_grenade 8-19-2020, 12:32:58 PM
Yarina(Yarina) used a hand_grenade 8-19-2020, 12:32:58 PM
Yarina(Yarina) used a hand_grenade 8-19-2020, 12:32:58 PM
Yarina(Yarina) used a hand_grenade 8-19-2020, 12:32:58 PM
Yarina(Yarina) used a hand_grenade 8-19-2020, 12:32:58 PM
Yarina(Yarina) used a hand_grenade 8-19-2020, 12:32:59 PM
Yarina(Yarina) used a hand_grenade 8-19-2020, 12:32:59 PM
Yarina(Yarina) used a hand_grenade 8-19-2020, 12:32:59 PM
Yarina(Yarina) used a hand_grenade 8-19-2020, 12:33:00 PM
Yarina(Yarina) used a hand_grenade 8-19-2020, 12:33:05 PM
Yarina(Yarina) used a hand_grenade 8-19-2020, 12:33:06 PM
Yarina(Yarina) used a hand_grenade 8-19-2020, 12:33:06 PM
Yarina(Yarina) used a hand_grenade 8-19-2020, 12:33:07 PM
Yarina(Yarina) used a hand_grenade 8-19-2020, 12:33:19 PM
Yarina(Yarina) used a hand_grenade 8-19-2020, 12:33:21 PM
Yarina(Yarina) used a hand_grenade 8-19-2020, 12:33:26 PM
Yarina(Yarina) used a hand_grenade 8-19-2020, 12:33:27 PM
Yarina(Yarina) used a hand_grenade 8-19-2020, 12:33:34 PM
Yarina(Yarina) used a hand_grenade 8-19-2020, 12:33:35 PM
Yarina(Yarina) used a hand_grenade 8-19-2020, 12:33:36 PM
Yarina(Yarina) used a hand_grenade 8-19-2020, 12:33:36 PM
Yarina(Yarina) used a hand_grenade 8-19-2020, 12:33:37 PM
Yarina(Yarina) used a hand_grenade 8-19-2020, 12:33:38 PM
Yarina(Yarina) used a hand_grenade 8-19-2020, 12:33:38 PM
Yarina(Yarina) used a hand_grenade 8-19-2020, 12:33:38 PM
Yarina(Yarina) used a hand_grenade 8-19-2020, 12:33:38 PM
Yarina(Yarina) used a hand_grenade 8-19-2020, 12:33:38 PM
Yarina(Yarina) used a hand_grenade 8-19-2020, 12:33:39 PM
Yarina(Yarina) used a hand_grenade 8-19-2020, 12:33:39 PM
Yarina(Yarina) used a hand_grenade 8-19-2020, 12:33:46 PM
Yarina(Yarina) used a hand_grenade 8-19-2020, 12:33:48 PM
Yarina(Yarina) used a hand_grenade 8-19-2020, 12:33:53 PM
Yarina(Yarina) used a hand_grenade 8-19-2020, 12:33:55 PM
Yarina(Yarina) used a tk_ultra_health_potion 8-19-2020, 12:35:32 PM
Yarina(Yarina) used a tk_ultra_health_potion 8-19-2020, 12:35:33 PM
Yarina(Yarina) used a tk_ultra_health_potion 8-19-2020, 12:35:38 PM
Yarina(Yarina) used a tk_ultra_health_potion 8-19-2020, 12:35:39 PM
Yarina(Yarina) used a tk_ultra_health_potion 8-19-2020, 12:35:39 PM
Yarina(Yarina) used a tk_ultra_health_potion 8-19-2020, 12:35:40 PM
Yarina(Yarina) used a tk_ultra_health_potion 8-19-2020, 12:35:50 PM
Yarina(Yarina) used a tk_ultra_health_potion 8-19-2020, 12:35:51 PM
Yarina(Yarina) used a tk_ultra_health_potion 8-19-2020, 12:39:15 PM
Yarina(Yarina) used a tk_ultra_health_potion 8-19-2020, 12:39:15 PM
Yarina(Yarina) used a modern_sub_machine_gun_carbine 8-19-2020, 12:39:40 PM
Yarina(Yarina) used a modern_sub_machine_gun_carbine 8-19-2020, 12:39:40 PM
Yarina(Yarina) used a pack_of_100_ammo_modern_sub_machine_gun_carbine 8-19-2020, 12:45:20 PM
Yarina(Yarina) used a pack_of_100_ammo_modern_sub_machine_gun_carbine 8-19-2020, 12:45:21 PM
Yarina(Yarina) used a pack_of_100_ammo_modern_sub_machine_gun_carbine 8-19-2020, 12:45:21 PM
Yarina(Yarina) used a pack_of_100_ammo_modern_sub_machine_gun_carbine 8-19-2020, 12:45:21 PM
Yarina(Yarina) used a pack_of_100_ammo_modern_sub_machine_gun_carbine 8-19-2020, 12:45:21 PM
Yarina(Yarina) used a pack_of_100_ammo_modern_sub_machine_gun_carbine 8-19-2020, 12:45:21 PM
Yarina(Yarina) used a pack_of_100_ammo_modern_sub_machine_gun_carbine 8-19-2020, 12:45:21 PM
Yarina(Yarina) used a pack_of_100_ammo_modern_sub_machine_gun_carbine 8-19-2020, 12:45:22 PM
Yarina(Yarina) used a pack_of_100_ammo_modern_sub_machine_gun_carbine 8-19-2020, 12:45:22 PM
Yarina(Yarina) used a pack_of_100_ammo_modern_sub_machine_gun_carbine 8-19-2020, 12:45:22 PM
Yarina(Yarina) used a tk_ultra_health_potion 8-19-2020, 12:45:29 PM
Yarina(Yarina) used a tk_ultra_health_potion 8-19-2020, 12:45:30 PM
Yarina(Yarina) used a tk_ultra_health_potion 8-19-2020, 12:47:38 PM
Yarina(Yarina) used a hand_grenade 8-19-2020, 12:48:25 PM
Yarina(Yarina) used a hand_grenade 8-19-2020, 12:48:27 PM
Yarina(Yarina) used a hand_grenade 8-19-2020, 12:48:29 PM
Yarina(Yarina) used a hand_grenade 8-19-2020, 12:48:29 PM
Yarina(Yarina) used a hand_grenade 8-19-2020, 12:48:29 PM
Yarina(Yarina) used a hand_grenade 8-19-2020, 12:48:29 PM
Yarina(Yarina) used a hand_grenade 8-19-2020, 12:48:29 PM
Yarina(Yarina) used a hand_grenade 8-19-2020, 12:48:34 PM
Yarina(Yarina) used a hand_grenade 8-19-2020, 12:48:34 PM
Yarina(Yarina) used a hand_grenade 8-19-2020, 12:48:41 PM
Yarina(Yarina) used a hand_grenade 8-19-2020, 12:48:45 PM
Yarina(Yarina) used a hand_grenade 8-19-2020, 12:48:46 PM
Yarina(Yarina) used a hand_grenade 8-19-2020, 12:48:46 PM
Yarina(Yarina) used a hand_grenade 8-19-2020, 12:48:46 PM
Yarina(Yarina) used a hand_grenade 8-19-2020, 12:48:47 PM
Yarina(Yarina) used a hand_grenade 8-19-2020, 12:48:47 PM
Yarina(Yarina) used a hand_grenade 8-19-2020, 12:48:47 PM
Yarina(Yarina) used a hand_grenade 8-19-2020, 12:48:47 PM
Yarina(Yarina) used a hand_grenade 8-19-2020, 12:48:48 PM
Yarina(Yarina) used a hand_grenade 8-19-2020, 12:48:48 PM
Yarina(Yarina) used a hand_grenade 8-19-2020, 12:48:48 PM
Yarina(Yarina) used a hand_grenade 8-19-2020, 12:48:48 PM
Yarina(Yarina) used a hand_grenade 8-19-2020, 12:48:50 PM
Yarina(Yarina) used a hand_grenade 8-19-2020, 12:48:50 PM
Yarina(Yarina) used a hand_grenade 8-19-2020, 12:48:50 PM
Yarina(Yarina) used a hand_grenade 8-19-2020, 12:48:50 PM
Yarina(Yarina) used a hand_grenade 8-19-2020, 12:48:51 PM
Yarina(Yarina) used a hand_grenade 8-19-2020, 12:48:51 PM
Yarina(Yarina) used a hand_grenade 8-19-2020, 12:48:51 PM
Yarina(Yarina) used a hand_grenade 8-19-2020, 12:48:52 PM
Yarina(Yarina) used a hand_grenade 8-19-2020, 12:48:52 PM
Yarina(Yarina) used a hand_grenade 8-19-2020, 12:48:53 PM
Yarina(Yarina) used a hand_grenade 8-19-2020, 12:48:53 PM
Yarina(Yarina) used a hand_grenade 8-19-2020, 12:48:53 PM
Yarina(Yarina) used a hand_grenade 8-19-2020, 12:48:53 PM
Yarina(Yarina) used a hand_grenade 8-19-2020, 12:48:53 PM
Yarina(Yarina) used a hand_grenade 8-19-2020, 12:49:04 PM
Yarina(Yarina) used a hand_grenade 8-19-2020, 12:49:05 PM
Yarina(Yarina) used a hand_grenade 8-19-2020, 12:49:06 PM
Yarina(Yarina) used a hand_grenade 8-19-2020, 12:49:06 PM
Yarina(Yarina) used a hand_grenade 8-19-2020, 12:49:06 PM
Yarina(Yarina) used a hand_grenade 8-19-2020, 12:49:09 PM
Yarina(Yarina) used a hand_grenade 8-19-2020, 12:49:10 PM
Yarina(Yarina) used a hand_grenade 8-19-2020, 12:49:10 PM
Yarina(Yarina) used a hand_grenade 8-19-2020, 12:49:10 PM
Yarina(Yarina) used a hand_grenade 8-19-2020, 12:49:11 PM
Yarina(Yarina) used a hand_grenade 8-19-2020, 12:49:11 PM
Yarina(Yarina) used a modern_sub_machine_gun_carbine 8-19-2020, 2:42:13 PM
Yarina(Yarina) used a modern_sub_machine_gun_carbine 8-19-2020, 2:42:13 PM
Yarina(Yarina) used a modern_sub_machine_gun_carbine 8-19-2020, 2:42:13 PM
Yarina(Yarina) used a modern_sub_machine_gun_carbine 8-19-2020, 2:42:14 PM
Yarina(Yarina) used a tk_ultra_health_potion 8-19-2020, 2:42:39 PM
Yarina(Yarina) used a tk_ultra_health_potion 8-19-2020, 2:42:39 PM
Yarina(Yarina) used a health_drink 8-19-2020, 2:42:50 PM
Yarina(Yarina) used a health_drink 8-19-2020, 2:42:50 PM
Yarina(Yarina) used a health_drink 8-19-2020, 2:42:52 PM
Yarina(Yarina) used a health_drink 8-19-2020, 2:42:52 PM
Yarina(Yarina) used a health_drink 8-19-2020, 2:42:52 PM
Yarina(Yarina) used a health_drink 8-19-2020, 2:42:53 PM
Yarina(Yarina) used a health_drink 8-19-2020, 2:42:53 PM
Yarina(Yarina) used a health_drink 8-19-2020, 2:46:46 PM
Yarina(Yarina) used a health_drink 8-19-2020, 2:46:48 PM
Yarina(Yarina) used a health_drink 8-19-2020, 2:46:49 PM
Yarina(Yarina) used a health_drink 8-19-2020, 2:46:49 PM
Yarina(Yarina) used a health_drink 8-19-2020, 2:46:49 PM
Yarina(Yarina) used a health_drink 8-19-2020, 2:46:50 PM
Yarina(Yarina) used a tk_ultra_health_potion 8-19-2020, 2:49:27 PM
Yarina(Yarina) used a tk_ultra_health_potion 8-19-2020, 2:49:27 PM
Yarina(Yarina) used a health_drink 8-19-2020, 2:49:40 PM
Yarina(Yarina) used a health_drink 8-19-2020, 2:49:42 PM
Yarina(Yarina) used a health_drink 8-19-2020, 2:49:42 PM
Yarina(Yarina) used a health_drink 8-19-2020, 2:49:42 PM
Yarina(Yarina) used a health_drink 8-19-2020, 2:49:43 PM
Yarina(Yarina) used a health_drink 8-19-2020, 2:49:43 PM
Yarina(Yarina) used a health_drink 8-19-2020, 2:49:43 PM
Yarina(Yarina) used a hand_grenade 8-19-2020, 2:51:24 PM
Yarina(Yarina) used a hand_grenade 8-19-2020, 2:51:26 PM
Yarina(Yarina) used a hand_grenade 8-19-2020, 2:51:31 PM
Yarina(Yarina) used a hand_grenade 8-19-2020, 2:51:32 PM
Yarina(Yarina) used a health_drink 8-19-2020, 2:54:05 PM
Yarina(Yarina) used a health_drink 8-19-2020, 2:54:05 PM
Yarina(Yarina) used a health_drink 8-19-2020, 2:54:06 PM
Yarina(Yarina) used a health_drink 8-19-2020, 2:54:07 PM
Yarina(Yarina) used a health_drink 8-19-2020, 2:54:08 PM
Yarina(Yarina) used a health_drink 8-19-2020, 2:54:08 PM
Yarina(Yarina) used a health_drink 8-19-2020, 2:54:09 PM
Yarina(Yarina) used a health_drink 8-19-2020, 2:54:09 PM
Yarina(Yarina) used a hand_grenade 8-19-2020, 2:55:15 PM
Yarina(Yarina) used a tk_ultra_health_potion 8-19-2020, 2:55:39 PM
Yarina(Yarina) used a tk_ultra_health_potion 8-19-2020, 2:55:39 PM
Yarina(Yarina) used a item_grabber 8-19-2020, 2:59:02 PM
Yarina(Yarina) used a air_canister 8-19-2020, 3:00:06 PM
Yarina(Yarina) used a air_canister 8-19-2020, 3:00:06 PM
Yarina(Yarina) used a tk_ultra_health_potion 8-19-2020, 3:01:26 PM
Yarina(Yarina) used a tk_ultra_health_potion 8-19-2020, 3:01:26 PM
Yarina(Yarina) used a gas_mask 8-19-2020, 3:01:37 PM
Yarina(Yarina) used a health_drink 8-19-2020, 3:01:51 PM
Yarina(Yarina) used a health_drink 8-19-2020, 3:01:51 PM
Yarina(Yarina) used a health_drink 8-19-2020, 3:01:51 PM
Yarina(Yarina) used a health_drink 8-19-2020, 3:01:52 PM
Yarina(Yarina) used a health_drink 8-19-2020, 3:01:53 PM
Yarina(Yarina) used a health_drink 8-19-2020, 3:01:53 PM
Yarina(Yarina) used a health_drink 8-19-2020, 3:01:53 PM
Yarina(Yarina) used a health_drink 8-19-2020, 3:01:54 PM
Yarina(Yarina) used a health_drink 8-19-2020, 3:01:54 PM
Yarina(Yarina) used a health_drink 8-19-2020, 3:01:54 PM
Yarina(Yarina) used a health_drink 8-19-2020, 3:01:56 PM
Yarina(Yarina) used a health_drink 8-19-2020, 3:01:56 PM
Yarina(Yarina) used a health_drink 8-19-2020, 3:01:57 PM
Yarina(Yarina) used a health_drink 8-19-2020, 3:01:57 PM
Yarina(Yarina) used a health_drink 8-19-2020, 3:01:58 PM
Yarina(Yarina) used a hand_grenade 8-19-2020, 3:02:48 PM
Yarina(Yarina) used a hand_grenade 8-19-2020, 3:03:00 PM
Yarina(Yarina) used a hand_grenade 8-19-2020, 3:03:03 PM
Yarina(Yarina) used a hand_grenade 8-19-2020, 3:03:04 PM
Yarina(Yarina) used a hand_grenade 8-19-2020, 3:03:10 PM
Yarina(Yarina) used a hand_grenade 8-19-2020, 3:03:11 PM
Yarina(Yarina) used a hand_grenade 8-19-2020, 3:03:11 PM
Yarina(Yarina) used a tk_ultra_health_potion 8-19-2020, 3:03:21 PM
Yarina(Yarina) used a tk_ultra_health_potion 8-19-2020, 3:03:21 PM
Yarina(Yarina) used a tk_ultra_health_potion 8-19-2020, 3:03:59 PM
Yarina(Yarina) used a tk_ultra_health_potion 8-19-2020, 3:04:00 PM
Yarina(Yarina) used a tk_ultra_health_potion 8-19-2020, 3:04:01 PM
Yarina(Yarina) used a tk_ultra_health_potion 8-19-2020, 3:04:01 PM
Yarina(Yarina) used a gas_mask 8-19-2020, 3:04:57 PM
Yarina(Yarina) used a hand_grenade 8-19-2020, 3:06:30 PM
Yarina(Yarina) used a hand_grenade 8-19-2020, 3:06:34 PM
Yarina(Yarina) used a hand_grenade 8-19-2020, 3:06:35 PM
Yarina(Yarina) used a hand_grenade 8-19-2020, 3:06:37 PM
Yarina(Yarina) used a hand_grenade 8-19-2020, 3:06:37 PM
Yarina(Yarina) used a hand_grenade 8-19-2020, 3:06:37 PM
Yarina(Yarina) used a hand_grenade 8-19-2020, 3:06:37 PM
Yarina(Yarina) used a hand_grenade 8-19-2020, 3:06:39 PM
Yarina(Yarina) used a hand_grenade 8-19-2020, 3:06:44 PM
Yarina(Yarina) used a hand_grenade 8-19-2020, 3:06:45 PM
Yarina(Yarina) used a hand_grenade 8-19-2020, 3:06:47 PM
Yarina(Yarina) used a hand_grenade 8-19-2020, 3:06:47 PM
Yarina(Yarina) used a hand_grenade 8-19-2020, 3:06:47 PM
Yarina(Yarina) used a hand_grenade 8-19-2020, 3:06:52 PM
Yarina(Yarina) used a hand_grenade 8-19-2020, 3:06:54 PM
Yarina(Yarina) used a hand_grenade 8-19-2020, 3:06:54 PM
Yarina(Yarina) used a hand_grenade 8-19-2020, 3:06:54 PM
Yarina(Yarina) used a hand_grenade 8-19-2020, 3:07:00 PM
Yarina(Yarina) used a hand_grenade 8-19-2020, 3:07:01 PM
Yarina(Yarina) used a hand_grenade 8-19-2020, 3:07:07 PM
Yarina(Yarina) used a hand_grenade 8-19-2020, 3:07:13 PM
Yarina(Yarina) used a hand_grenade 8-19-2020, 3:07:20 PM
Yarina(Yarina) used a hand_grenade 8-19-2020, 3:07:20 PM
Yarina(Yarina) used a hand_grenade 8-19-2020, 3:07:20 PM
Yarina(Yarina) used a hand_grenade 8-19-2020, 3:07:20 PM
Yarina(Yarina) used a hand_grenade 8-19-2020, 3:07:21 PM
Yarina(Yarina) used a hand_grenade 8-19-2020, 3:07:27 PM
Yarina(Yarina) used a hand_grenade 8-19-2020, 3:07:30 PM
Yarina(Yarina) used a hand_grenade 8-19-2020, 3:07:30 PM
Yarina(Yarina) used a hand_grenade 8-19-2020, 3:07:30 PM
Yarina(Yarina) used a hand_grenade 8-19-2020, 3:07:30 PM
Yarina(Yarina) used a hand_grenade 8-19-2020, 3:07:32 PM
Yarina(Yarina) used a hand_grenade 8-19-2020, 3:07:32 PM
Yarina(Yarina) used a hand_grenade 8-19-2020, 3:07:33 PM
Yarina(Yarina) used a hand_grenade 8-19-2020, 3:07:33 PM
Yarina(Yarina) used a hand_grenade 8-19-2020, 3:07:34 PM
Yarina(Yarina) used a tk_ultra_health_potion 8-19-2020, 3:08:01 PM
Yarina(Yarina) used a tk_ultra_health_potion 8-19-2020, 3:08:02 PM
Yarina(Yarina) used a tk_ultra_health_potion 8-19-2020, 3:08:45 PM
Yarina(Yarina) used a modern_sub_machine_gun_carbine 8-19-2020, 3:10:47 PM
Yarina(Yarina) used a shield 8-19-2020, 3:10:55 PM
Yarina(Yarina) used a shield 8-19-2020, 3:10:55 PM
Yarina(Yarina) used a shield 8-19-2020, 3:10:55 PM
Yarina(Yarina) used a shield 8-19-2020, 3:10:56 PM
Yarina(Yarina) used a shield 8-19-2020, 3:10:56 PM
Yarina(Yarina) used a shield 8-19-2020, 3:10:56 PM
Yarina(Yarina) used a shield 8-19-2020, 3:10:56 PM
Yarina(Yarina) used a shield 8-19-2020, 3:10:57 PM
Yarina(Yarina) used a shield 8-19-2020, 3:10:57 PM
Yarina(Yarina) used a shield 8-19-2020, 3:10:57 PM
Yarina(Yarina) used a shield 8-19-2020, 3:10:58 PM
Yarina(Yarina) used a shield 8-19-2020, 3:10:58 PM
Yarina(Yarina) used a shield 8-19-2020, 3:10:59 PM
Yarina(Yarina) used a shield 8-19-2020, 3:10:59 PM
Yarina(Yarina) used a shield 8-19-2020, 3:10:59 PM
Yarina(Yarina) used a shield 8-19-2020, 3:11:00 PM
Yarina(Yarina) used a shield 8-19-2020, 3:11:00 PM
Yarina(Yarina) used a shield 8-19-2020, 3:11:00 PM
Yarina(Yarina) used a shield 8-19-2020, 3:11:00 PM
Yarina(Yarina) used a shield 8-19-2020, 3:11:01 PM
Yarina(Yarina) used a shield 8-19-2020, 3:11:01 PM
Yarina(Yarina) used a shield 8-19-2020, 3:11:01 PM
Yarina(Yarina) used a shield 8-19-2020, 3:11:02 PM
Yarina(Yarina) used a shield 8-19-2020, 3:11:03 PM
Yarina(Yarina) used a shield 8-19-2020, 3:11:03 PM
Yarina(Yarina) used a shield 8-19-2020, 3:11:03 PM
Yarina(Yarina) used a shield 8-19-2020, 3:11:04 PM
Yarina(Yarina) used a shield 8-19-2020, 3:11:04 PM
Yarina(Yarina) used a shield 8-19-2020, 3:11:04 PM
Yarina(Yarina) used a shield 8-19-2020, 3:11:05 PM
Yarina(Yarina) used a shield 8-19-2020, 3:11:05 PM
Yarina(Yarina) used a shield 8-19-2020, 3:11:06 PM
Yarina(Yarina) used a shield 8-19-2020, 3:11:27 PM
Yarina(Yarina) used a tk_ultra_health_potion 8-19-2020, 3:11:43 PM
Yarina(Yarina) used a tk_ultra_health_potion 8-19-2020, 3:11:54 PM
Yarina(Yarina) used a health_drink 8-19-2020, 3:11:59 PM
Yarina(Yarina) used a health_drink 8-19-2020, 3:12:01 PM
Yarina(Yarina) used a health_drink 8-19-2020, 3:12:02 PM
Yarina(Yarina) used a health_drink 8-19-2020, 3:12:04 PM
Yarina(Yarina) used a health_drink 8-19-2020, 3:12:05 PM
Yarina(Yarina) used a health_drink 8-19-2020, 3:12:06 PM
Yarina(Yarina) used a health_drink 8-19-2020, 3:12:08 PM
Yarina(Yarina) used a health_drink 8-19-2020, 3:12:08 PM
Yarina(Yarina) used a health_drink 8-19-2020, 3:12:10 PM
Yarina(Yarina) used a hand_grenade 8-19-2020, 3:12:53 PM
Yarina(Yarina) used a hand_grenade 8-19-2020, 3:12:55 PM
Yarina(Yarina) used a hand_grenade 8-19-2020, 3:12:55 PM
Yarina(Yarina) used a hand_grenade 8-19-2020, 3:12:55 PM
Yarina(Yarina) used a hand_grenade 8-19-2020, 3:12:56 PM
Yarina(Yarina) used a hand_grenade 8-19-2020, 3:13:01 PM
Yarina(Yarina) used a hand_grenade 8-19-2020, 3:13:08 PM
Yarina(Yarina) used a hand_grenade 8-19-2020, 3:13:13 PM
Yarina(Yarina) used a hand_grenade 8-19-2020, 3:13:16 PM
Yarina(Yarina) used a hand_grenade 8-19-2020, 3:13:16 PM
Yarina(Yarina) used a hand_grenade 8-19-2020, 3:13:17 PM
Yarina(Yarina) used a tk_ultra_health_potion 8-19-2020, 3:14:00 PM
Yarina(Yarina) used a tk_ultra_health_potion 8-19-2020, 3:14:00 PM
Yarina(Yarina) used a tk_ultra_health_potion 8-19-2020, 3:14:20 PM
Yarina(Yarina) used a tk_ultra_health_potion 8-19-2020, 3:14:38 PM
Yarina(Yarina) used a modern_sub_machine_gun_carbine 8-19-2020, 3:20:12 PM
Yarina(Yarina) used a modern_sub_machine_gun_carbine 8-19-2020, 3:24:01 PM
Yarina(Yarina) used a modern_sub_machine_gun_carbine 8-19-2020, 3:24:01 PM
Yarina(Yarina) used a modern_sub_machine_gun_carbine 8-19-2020, 3:24:02 PM
Yarina(Yarina) used a shield 8-19-2020, 3:25:35 PM
Yarina(Yarina) used a shield 8-19-2020, 3:25:36 PM
Yarina(Yarina) used a shield 8-19-2020, 3:25:36 PM
Yarina(Yarina) used a shield 8-19-2020, 3:25:36 PM
Yarina(Yarina) used a shield 8-19-2020, 3:25:37 PM
Yarina(Yarina) used a shield 8-19-2020, 3:25:37 PM
Yarina(Yarina) used a shield 8-19-2020, 3:25:37 PM
Yarina(Yarina) used a shield 8-19-2020, 3:25:38 PM
Yarina(Yarina) used a shield 8-19-2020, 3:25:38 PM
Yarina(Yarina) used a shield 8-19-2020, 3:25:38 PM
Yarina(Yarina) used a shield 8-19-2020, 3:25:39 PM
Yarina(Yarina) used a shield 8-19-2020, 3:25:39 PM
Yarina(Yarina) used a shield 8-19-2020, 3:25:39 PM
Yarina(Yarina) used a shield 8-19-2020, 3:25:39 PM
Yarina(Yarina) used a shield 8-19-2020, 3:25:40 PM
Yarina(Yarina) used a shield 8-19-2020, 3:25:40 PM
Yarina(Yarina) used a shield 8-19-2020, 3:25:40 PM
Yarina(Yarina) used a shield 8-19-2020, 3:25:41 PM
Yarina(Yarina) used a shield 8-19-2020, 3:25:41 PM
Yarina(Yarina) used a shield 8-19-2020, 3:25:41 PM
Yarina(Yarina) used a shield 8-19-2020, 3:25:42 PM
Yarina(Yarina) used a shield 8-19-2020, 3:25:42 PM
Yarina(Yarina) used a shield 8-19-2020, 3:25:42 PM
Yarina(Yarina) used a shield 8-19-2020, 3:25:43 PM
Yarina(Yarina) used a shield 8-19-2020, 3:25:43 PM
Yarina(Yarina) used a shield 8-19-2020, 3:25:43 PM
Yarina(Yarina) used a shield 8-19-2020, 3:25:44 PM
Yarina(Yarina) used a shield 8-19-2020, 3:25:44 PM
Yarina(Yarina) used a shield 8-19-2020, 3:25:45 PM
Yarina(Yarina) used a shield 8-19-2020, 3:25:45 PM
Yarina(Yarina) used a shield 8-19-2020, 3:25:45 PM
Yarina(Yarina) used a shield 8-19-2020, 3:25:45 PM
Yarina(Yarina) used a shield 8-19-2020, 3:25:46 PM
Yarina(Yarina) used a hand_grenade 8-19-2020, 3:26:29 PM
Yarina(Yarina) used a hand_grenade 8-19-2020, 3:26:31 PM
Yarina(Yarina) used a hand_grenade 8-19-2020, 3:26:31 PM
Yarina(Yarina) used a hand_grenade 8-19-2020, 3:26:31 PM
Yarina(Yarina) used a hand_grenade 8-19-2020, 3:26:33 PM
Yarina(Yarina) used a hand_grenade 8-19-2020, 3:26:35 PM
Yarina(Yarina) used a hand_grenade 8-19-2020, 3:26:42 PM
Yarina(Yarina) used a hand_grenade 8-19-2020, 3:26:46 PM
Yarina(Yarina) used a hand_grenade 8-19-2020, 3:27:03 PM
Yarina(Yarina) used a hand_grenade 8-19-2020, 3:27:04 PM
Yarina(Yarina) used a hand_grenade 8-19-2020, 3:27:11 PM
Yarina(Yarina) used a hand_grenade 8-19-2020, 3:27:12 PM
Yarina(Yarina) used a hand_grenade 8-19-2020, 3:27:12 PM
Yarina(Yarina) used a hand_grenade 8-19-2020, 3:27:16 PM
Yarina(Yarina) used a hand_grenade 8-19-2020, 3:27:17 PM
Yarina(Yarina) used a hand_grenade 8-19-2020, 3:27:17 PM
Yarina(Yarina) used a hand_grenade 8-19-2020, 3:27:17 PM
Yarina(Yarina) used a hand_grenade 8-19-2020, 3:27:23 PM
Yarina(Yarina) used a hand_grenade 8-19-2020, 3:27:29 PM
Yarina(Yarina) used a hand_grenade 8-19-2020, 3:27:29 PM
Yarina(Yarina) used a hand_grenade 8-19-2020, 3:27:29 PM
Yarina(Yarina) used a hand_grenade 8-19-2020, 3:27:29 PM
Yarina(Yarina) used a hand_grenade 8-19-2020, 3:27:30 PM
Yarina(Yarina) used a hand_grenade 8-19-2020, 3:27:30 PM
Yarina(Yarina) used a hand_grenade 8-19-2020, 3:27:30 PM
Yarina(Yarina) used a hand_grenade 8-19-2020, 3:27:30 PM
Yarina(Yarina) used a hand_grenade 8-19-2020, 3:27:33 PM
Yarina(Yarina) used a hand_grenade 8-19-2020, 3:27:34 PM
Yarina(Yarina) used a hand_grenade 8-19-2020, 3:27:34 PM
Yarina(Yarina) used a hand_grenade 8-19-2020, 3:27:35 PM
Yarina(Yarina) used a hand_grenade 8-19-2020, 3:27:35 PM
Yarina(Yarina) used a hand_grenade 8-19-2020, 3:27:35 PM
Yarina(Yarina) used a hand_grenade 8-19-2020, 3:27:35 PM
Yarina(Yarina) used a hand_grenade 8-19-2020, 3:27:39 PM
Yarina(Yarina) used a hand_grenade 8-19-2020, 3:27:39 PM
Yarina(Yarina) used a hand_grenade 8-19-2020, 3:27:39 PM
Yarina(Yarina) used a hand_grenade 8-19-2020, 3:27:40 PM
Yarina(Yarina) used a hand_grenade 8-19-2020, 3:27:40 PM
Yarina(Yarina) used a hand_grenade 8-19-2020, 3:27:44 PM
Yarina(Yarina) used a hand_grenade 8-19-2020, 3:27:45 PM
Yarina(Yarina) used a hand_grenade 8-19-2020, 3:27:45 PM
Yarina(Yarina) used a hand_grenade 8-19-2020, 3:27:45 PM
Yarina(Yarina) used a hand_grenade 8-19-2020, 3:27:47 PM
Yarina(Yarina) used a hand_grenade 8-19-2020, 3:27:47 PM
Yarina(Yarina) used a hand_grenade 8-19-2020, 3:27:47 PM
Yarina(Yarina) used a hand_grenade 8-19-2020, 3:27:47 PM
Yarina(Yarina) used a hand_grenade 8-19-2020, 3:27:49 PM
Yarina(Yarina) used a hand_grenade 8-19-2020, 3:27:56 PM
Yarina(Yarina) used a hand_grenade 8-19-2020, 3:27:57 PM
Yarina(Yarina) used a hand_grenade 8-19-2020, 3:27:58 PM
Yarina(Yarina) used a hand_grenade 8-19-2020, 3:27:59 PM
Yarina(Yarina) used a hand_grenade 8-19-2020, 3:27:59 PM
Yarina(Yarina) used a hand_grenade 8-19-2020, 3:27:59 PM
Yarina(Yarina) used a hand_grenade 8-19-2020, 3:27:59 PM
Yarina(Yarina) used a hand_grenade 8-19-2020, 3:27:59 PM
Yarina(Yarina) used a hand_grenade 8-19-2020, 3:28:00 PM
Yarina(Yarina) used a tk_ultra_health_potion 8-19-2020, 3:43:55 PM
Yarina(Yarina) used a tk_ultra_health_potion 8-19-2020, 3:44:07 PM
Yarina(Yarina) used a tk_ultra_health_potion 8-19-2020, 3:44:07 PM
Yarina(Yarina) used a tk_ultra_health_potion 8-19-2020, 3:44:24 PM
Yarina(Yarina) used a tk_ultra_health_potion 8-19-2020, 3:44:25 PM
Yarina(Yarina) used a tk_ultra_health_potion 8-19-2020, 3:44:25 PM
Yarina(Yarina) used a modern_sub_machine_gun_carbine 8-19-2020, 3:59:13 PM
Yarina(Yarina) used a modern_sub_machine_gun_carbine 8-19-2020, 4:01:23 PM
Yarina(Yarina) used a tk_ultra_health_potion 8-19-2020, 4:06:11 PM
Yarina(Yarina) used a tk_ultra_health_potion 8-19-2020, 4:06:11 PM
Yarina(Yarina) used a tk_ultra_health_potion 8-19-2020, 4:08:36 PM
Yarina(Yarina) used a tk_ultra_health_potion 8-19-2020, 4:08:36 PM
Yarina(Yarina) used a tk_ultra_health_potion 8-19-2020, 4:08:39 PM
Yarina(Yarina) used a tk_ultra_health_potion 8-19-2020, 4:08:55 PM
Yarina(Yarina) used a tk_ultra_health_potion 8-19-2020, 4:09:22 PM
Yarina(Yarina) used a tk_ultra_health_potion 8-19-2020, 4:09:23 PM
Yarina(Yarina) used a tk_ultra_health_potion 8-19-2020, 4:10:22 PM
Yarina(Yarina) used a tk_ultra_health_potion 8-19-2020, 4:10:22 PM
Yarina(Yarina) used a tk_ultra_health_potion 8-19-2020, 4:10:52 PM
Yarina(Yarina) used a tk_ultra_health_potion 8-19-2020, 4:10:52 PM
Yarina(Yarina) used a tk_ultra_health_potion 8-19-2020, 4:11:16 PM
Yarina(Yarina) used a tk_ultra_health_potion 8-19-2020, 4:11:16 PM
Yarina(Yarina) used a tk_ultra_health_potion 8-19-2020, 4:11:17 PM
Yarina(Yarina) used a tk_ultra_health_potion 8-19-2020, 4:11:17 PM
Yarina(Yarina) used a tk_ultra_health_potion 8-19-2020, 4:11:25 PM
Yarina(Yarina) used a health_drink 8-19-2020, 4:19:46 PM
Yarina(Yarina) used a missile_interceptor 8-19-2020, 4:19:58 PM
Yarina(Yarina) used a health_drink 8-19-2020, 4:20:02 PM
Yarina(Yarina) used a health_drink 8-19-2020, 4:20:04 PM
Yarina(Yarina) used a missile_interceptor 8-19-2020, 4:20:05 PM
Yarina(Yarina) used a missile_interceptor 8-19-2020, 4:20:05 PM
Yarina(Yarina) used a health_drink 8-19-2020, 4:20:09 PM
Yarina(Yarina) used a health_drink 8-19-2020, 4:20:11 PM
Yarina(Yarina) used a health_drink 8-19-2020, 4:20:11 PM
Yarina(Yarina) used a health_drink 8-19-2020, 4:20:12 PM
Yarina(Yarina) used a health_drink 8-19-2020, 4:20:12 PM
Yarina(Yarina) used a missile_interceptor 8-19-2020, 4:20:16 PM
Yarina(Yarina) used a missile_interceptor 8-19-2020, 4:20:36 PM
Yarina(Yarina) used a tk_ultra_health_potion 8-19-2020, 4:36:03 PM
Yarina(Yarina) used a tk_ultra_health_potion 8-19-2020, 4:36:03 PM
Yarina(Yarina) used a tk_ultra_health_potion 8-19-2020, 4:42:34 PM
Yarina(Yarina) used a tk_ultra_health_potion 8-19-2020, 4:42:46 PM
Yarina(Yarina) used a tk_ultra_health_potion 8-19-2020, 4:42:47 PM
Yarina(Yarina) used a tk_ultra_health_potion 8-19-2020, 4:42:47 PM
Yarina(Yarina) used a tk_ultra_health_potion 8-19-2020, 4:42:47 PM
Yarina(Yarina) used a tk_ultra_health_potion 8-19-2020, 4:42:48 PM
Yarina(Yarina) used a tk_ultra_health_potion 8-19-2020, 4:42:48 PM
Yarina(Yarina) used a tk_ultra_health_potion 8-19-2020, 4:42:49 PM
Yarina(Yarina) used a tk_ultra_health_potion 8-19-2020, 4:42:49 PM
Yarina(Yarina) used a tk_ultra_health_potion 8-19-2020, 4:42:49 PM
Yarina(Yarina) used a tk_ultra_health_potion 8-19-2020, 4:42:50 PM
Yarina(Yarina) used a tk_ultra_health_potion 8-19-2020, 4:42:50 PM
Yarina(Yarina) used a tk_ultra_health_potion 8-19-2020, 4:42:50 PM
Yarina(Yarina) used a tk_ultra_health_potion 8-19-2020, 4:42:51 PM
Yarina(Yarina) used a tk_ultra_health_potion 8-19-2020, 4:42:51 PM
Yarina(Yarina) used a tk_ultra_health_potion 8-19-2020, 4:42:51 PM
Yarina(Yarina) used a tk_ultra_health_potion 8-19-2020, 4:42:51 PM
Yarina(Yarina) used a tk_ultra_health_potion 8-19-2020, 4:42:52 PM
Yarina(Yarina) used a tk_ultra_health_potion 8-19-2020, 4:42:52 PM
Yarina(Yarina) used a tk_ultra_health_potion 8-19-2020, 4:42:52 PM
Yarina(Yarina) used a tk_ultra_health_potion 8-19-2020, 4:42:52 PM
Yarina(Yarina) used a tk_ultra_health_potion 8-19-2020, 4:42:53 PM
Yarina(Yarina) used a tk_ultra_health_potion 8-19-2020, 4:42:53 PM
Yarina(Yarina) used a tk_ultra_health_potion 8-19-2020, 4:42:53 PM
Yarina(Yarina) used a tk_ultra_health_potion 8-19-2020, 4:42:54 PM
Yarina(Yarina) used a tk_ultra_health_potion 8-19-2020, 4:42:54 PM
Yarina(Yarina) used a tk_ultra_health_potion 8-19-2020, 4:42:54 PM
Yarina(Yarina) used a tk_ultra_health_potion 8-19-2020, 4:42:55 PM
Yarina(Yarina) used a tk_ultra_health_potion 8-19-2020, 4:42:55 PM
Yarina(Yarina) used a tk_ultra_health_potion 8-19-2020, 4:42:55 PM
Yarina(Yarina) used a tk_ultra_health_potion 8-19-2020, 4:42:56 PM
Yarina(Yarina) used a tk_ultra_health_potion 8-19-2020, 4:42:57 PM
Yarina(Yarina) used a tk_ultra_health_potion 8-19-2020, 4:42:58 PM
Yarina(Yarina) used a tk_ultra_health_potion 8-19-2020, 4:42:58 PM
Yarina(Yarina) used a tk_ultra_health_potion 8-19-2020, 4:43:04 PM
Yarina(Yarina) used a gas_mask 8-19-2020, 4:43:10 PM
Yarina(Yarina) used a gas_mask 8-19-2020, 4:43:10 PM
Yarina(Yarina) used a tk_ultra_health_potion 8-19-2020, 4:43:24 PM
Yarina(Yarina) used a tk_ultra_health_potion 8-19-2020, 4:43:24 PM