
hamidali (hamidali) said aaa 1-25-2021, 1:22:13 PM
hamidali (hamidali) said how to get out from the boxxing 1-25-2021, 1:23:40 PM
hamidali (hamidali) said come heare 1-25-2021, 1:36:06 PM
hamidali (hamidali) said please 1-25-2021, 1:36:09 PM
hamidali (hamidali) said na come hare 1-25-2021, 1:36:26 PM
hamidali (hamidali) said ? 1-25-2021, 1:38:33 PM
hamidali (hamidali) said a/? 1-25-2021, 1:38:36 PM
hamidali (hamidali) said 30, 30, 20.  1-25-2021, 1:43:20 PM
hamidali (hamidali) said help 1-25-2021, 1:43:55 PM
hamidali (hamidali) said okokokok or dangeruce place? 1-25-2021, 1:44:19 PM
hamidali (hamidali) said aa dangerece place 1-25-2021, 1:44:34 PM
hamidali (hamidali) said ok wate 1-25-2021, 1:47:09 PM
hamidali (hamidali) said aa not good are you 1-25-2021, 1:47:22 PM
hamidali (hamidali) said dangerous place 1-25-2021, 1:47:44 PM
hamidali (hamidali) said soldier are you not newbie 1-25-2021, 1:48:02 PM
hamidali (hamidali) said come pleae 1-25-2021, 1:48:08 PM
hamidali (hamidali) said plzzzzzzzzzzzzzzz 1-25-2021, 1:48:13 PM
hamidali (hamidali) said heare tell 1-25-2021, 1:49:35 PM
hamidali (hamidali) said aaaa 1-25-2021, 1:52:27 PM
hamidali (hamidali) said 1, 40, 16.  1-25-2021, 1:52:30 PM