
hamidali(hamidali) bought 1000 stun_darts 1-25-2021, 1:25:55 PM
hamidali(hamidali) bought 1000 poison_darts 1-25-2021, 1:26:03 PM
hamidali(hamidali) bought 10 throwing_stars 1-25-2021, 1:26:18 PM
hamidali(hamidali) bought 10 stones 1-25-2021, 1:26:23 PM
hamidali(hamidali) bought 1000 remote_guns 1-25-2021, 1:26:33 PM
hamidali(hamidali) bought 1000 snowballs 1-25-2021, 1:26:42 PM
hamidali(hamidali) bought 10 robots 1-25-2021, 1:26:50 PM
hamidali(hamidali) bought 10 turrets 1-25-2021, 1:27:00 PM
hamidali(hamidali) bought 10 helicopters 1-25-2021, 1:27:08 PM
hamidali(hamidali) bought 1 tasers 1-25-2021, 1:27:31 PM
hamidali(hamidali) bought 1 snipers 1-25-2021, 1:27:43 PM
hamidali(hamidali) bought 20 stp429_mini_missiles 1-25-2021, 1:28:17 PM
hamidali(hamidali) bought 1 m16_assault_rifles 1-25-2021, 1:28:32 PM
hamidali(hamidali) bought 100 pack_of_100_ammo_m16_assault_rifles 1-25-2021, 1:28:58 PM
hamidali(hamidali) bought 10 sniper_ammo_packs 1-25-2021, 1:29:39 PM
hamidali(hamidali) bought 10 sniper_ammo_packs 1-25-2021, 1:29:47 PM
hamidali(hamidali) bought 20 taser_ammo_packs 1-25-2021, 1:30:05 PM
hamidali(hamidali) bought 302 shields 1-25-2021, 1:31:23 PM
hamidali(hamidali) bought 20 bottle_bombs 1-25-2021, 1:33:22 PM
hamidali(hamidali) bought 20 pipe_bombs 1-25-2021, 1:33:35 PM