
nikita-k(nikita-k) used a cutted_gorilla_meat 1-25-2021, 2:28:01 PM
nikita-k(nikita-k) used a cutted_gorilla_meat 1-25-2021, 2:28:02 PM
nikita-k(nikita-k) used a pack_of_5_barricade_bomb 1-25-2021, 7:04:55 PM
nikita-k(nikita-k) used a pack_of_10_motion_bomb 1-25-2021, 7:04:58 PM
nikita-k(nikita-k) used a pack_of_10_motion_bomb 1-25-2021, 7:04:58 PM
nikita-k(nikita-k) used a pack_of_15_stone 1-25-2021, 7:05:02 PM
nikita-k(nikita-k) used a pack_of_15_stone 1-25-2021, 7:05:02 PM
nikita-k(nikita-k) used a pack_of_15_stone 1-25-2021, 7:05:02 PM
nikita-k(nikita-k) used a pack_of_20_missile_interceptor 1-25-2021, 7:05:06 PM
nikita-k(nikita-k) used a pack_of_20_missile_interceptor 1-25-2021, 7:05:06 PM
nikita-k(nikita-k) used a pack_of_5_mass_bomb 1-25-2021, 7:05:09 PM
nikita-k(nikita-k) used a pack_of_5_mass_bomb 1-25-2021, 7:05:09 PM
nikita-k(nikita-k) used a pack_of_10_security_bomb 1-25-2021, 7:05:12 PM
nikita-k(nikita-k) used a pack_of_10_security_bomb 1-25-2021, 7:05:12 PM
nikita-k(nikita-k) used a pack_of_20_fire_extinguisher 1-25-2021, 7:05:17 PM
nikita-k(nikita-k) used a pack_of_20_fire_extinguisher 1-25-2021, 7:05:17 PM
nikita-k(nikita-k) used a pack_of_20_fire_extinguisher 1-25-2021, 7:05:17 PM
nikita-k(nikita-k) used a pack_of_10_antibiotic 1-25-2021, 7:05:22 PM
nikita-k(nikita-k) used a pack_of_10_antibiotic 1-25-2021, 7:05:22 PM
nikita-k(nikita-k) used a pack_of_15_wirebomb 1-25-2021, 7:05:25 PM
nikita-k(nikita-k) used a pack_of_15_wirebomb 1-25-2021, 7:05:26 PM
nikita-k(nikita-k) used a pack_of_15_wirebomb 1-25-2021, 7:05:26 PM
nikita-k(nikita-k) used a pack_of_15_shield 1-25-2021, 7:05:30 PM
nikita-k(nikita-k) used a pack_of_15_shield 1-25-2021, 7:05:31 PM
nikita-k(nikita-k) used a pack_of_15_shield 1-25-2021, 7:05:31 PM
nikita-k(nikita-k) used a pack_of_20_bomb_defuser 1-25-2021, 7:05:34 PM
nikita-k(nikita-k) used a pack_of_10_remote_timebomb 1-25-2021, 7:05:37 PM