
sergytv (sergytv) said z 9-26-2020, 10:08:03 AM
sergytv (sergytv) said ну как там 9-26-2020, 10:38:20 AM
sergytv (sergytv) said а давид 9-26-2020, 10:38:28 AM
sergytv (sergytv) said ага 9-26-2020, 10:38:31 AM
sergytv (sergytv) said удачи 9-26-2020, 10:38:34 AM
sergytv (sergytv) said жду 9-26-2020, 10:38:42 AM
sergytv (sergytv) said тебя 9-26-2020, 10:38:45 AM
sergytv (sergytv) said чё там 9-26-2020, 10:38:56 AM
sergytv (sergytv) said у чебя 9-26-2020, 10:39:00 AM
sergytv (sergytv) said а 9-26-2020, 10:39:01 AM
sergytv (sergytv) said тебе там долаг или ака 9-26-2020, 10:39:30 AM
sergytv (sergytv) said ок 9-26-2020, 10:39:43 AM
sergytv (sergytv) said давай 9-26-2020, 10:39:47 AM
sergytv (sergytv) said круть что тут ща не кого нет 9-26-2020, 10:40:09 AM
sergytv (sergytv) said всм анлине 9-26-2020, 10:40:16 AM
sergytv (sergytv) said ну чё ты там 9-26-2020, 10:42:36 AM
sergytv (sergytv) said ээээээээээээээээээй 9-26-2020, 10:42:52 AM
sergytv (sergytv) said хех 9-26-2020, 10:43:03 AM
sergytv (sergytv) said хахахахахахахахаа 9-26-2020, 10:43:08 AM
sergytv (sergytv) said аааааааааааааааааааааааааааааа 9-26-2020, 10:43:19 AM
sergytv (sergytv) said привет 9-26-2020, 8:13:00 PM
sergytv (sergytv) said как дела 9-26-2020, 8:13:05 PM
sergytv (sergytv) said не мачи пж 9-26-2020, 8:13:13 PM
sergytv (sergytv) said я стримлю игру в тт на партал 9-26-2020, 8:13:31 PM