
bolgelo logged in. 8-20-2020, 12:28:16 AM
oleg91 logged in. 8-20-2020, 5:50:07 AM
oleg91 logged in. 8-20-2020, 6:01:13 AM
kitti logged in. 8-20-2020, 6:08:04 AM
spay logged in. 8-20-2020, 7:05:21 AM
spay logged in. 8-20-2020, 7:46:33 AM
Zurik logged in. 8-20-2020, 8:11:08 AM
spay logged in. 8-20-2020, 8:21:26 AM
spay logged in. 8-20-2020, 8:36:54 AM
DJ_mux logged in. 8-20-2020, 8:54:51 AM
vlados2005 logged in. 8-20-2020, 9:25:11 AM
Zurik logged in. 8-20-2020, 9:26:17 AM
Zurik logged in. 8-20-2020, 9:30:49 AM
pyspil logged in. 8-20-2020, 9:31:16 AM
vlados2005 logged in. 8-20-2020, 9:33:25 AM
vlados2005 logged in. 8-20-2020, 9:36:28 AM
pyspil logged in. 8-20-2020, 9:37:42 AM
ramil logged in. 8-20-2020, 9:51:10 AM
nikita-k logged in. 8-20-2020, 9:51:32 AM
Vlados logged in. 8-20-2020, 9:51:51 AM
ramil logged in. 8-20-2020, 9:52:23 AM
nikita-k logged in. 8-20-2020, 10:03:13 AM
spay logged in. 8-20-2020, 10:03:27 AM
ramil logged in. 8-20-2020, 10:04:21 AM
nikita-k logged in. 8-20-2020, 10:10:18 AM
nikita-k logged in. 8-20-2020, 10:10:36 AM
franklin logged in. 8-20-2020, 10:15:42 AM
rider logged in. 8-20-2020, 10:16:53 AM
nikita-k logged in. 8-20-2020, 10:22:38 AM
ramil logged in. 8-20-2020, 10:24:41 AM
nikita-k logged in. 8-20-2020, 10:24:43 AM
spay logged in. 8-20-2020, 10:24:44 AM
franklin logged in. 8-20-2020, 10:24:46 AM
Vlados logged in. 8-20-2020, 10:24:47 AM
Zurik logged in. 8-20-2020, 10:24:51 AM
bolgelo logged in. 8-20-2020, 10:32:57 AM
Igrik logged in. 8-20-2020, 10:33:31 AM
bolgelo logged in. 8-20-2020, 10:38:57 AM
ramil logged in. 8-20-2020, 10:39:03 AM
Igrik logged in. 8-20-2020, 10:39:03 AM
franklin logged in. 8-20-2020, 10:39:13 AM
nikita-k logged in. 8-20-2020, 10:39:13 AM
franklin logged in. 8-20-2020, 10:39:14 AM
nikita-k logged in. 8-20-2020, 10:39:14 AM
franklin logged in. 8-20-2020, 10:39:14 AM
spay logged in. 8-20-2020, 10:39:14 AM
nikita-k logged in. 8-20-2020, 10:39:23 AM
Zurik logged in. 8-20-2020, 10:39:23 AM
franklin logged in. 8-20-2020, 10:39:25 AM
Vlados logged in. 8-20-2020, 10:39:50 AM
nikita-k logged in. 8-20-2020, 10:41:48 AM
spay logged in. 8-20-2020, 10:42:34 AM
Vlados logged in. 8-20-2020, 10:51:29 AM
bolgelo logged in. 8-20-2020, 11:01:36 AM
spay logged in. 8-20-2020, 11:02:54 AM
nikita-k logged in. 8-20-2020, 11:03:17 AM
nikita-k logged in. 8-20-2020, 11:03:29 AM
Vlados logged in. 8-20-2020, 11:12:32 AM
ramil logged in. 8-20-2020, 11:12:34 AM
Vlados logged in. 8-20-2020, 11:12:58 AM
spay logged in. 8-20-2020, 11:13:01 AM
nikita-k logged in. 8-20-2020, 11:21:43 AM
spay logged in. 8-20-2020, 11:21:51 AM
ramil logged in. 8-20-2020, 11:21:52 AM
nikita-k logged in. 8-20-2020, 11:21:52 AM
Igrik logged in. 8-20-2020, 11:21:54 AM
Zurik logged in. 8-20-2020, 11:21:54 AM
Vlados logged in. 8-20-2020, 11:21:54 AM
bolgelo logged in. 8-20-2020, 11:21:57 AM
franklin logged in. 8-20-2020, 11:21:58 AM
Vlados logged in. 8-20-2020, 11:29:27 AM
pyspil logged in. 8-20-2020, 11:30:36 AM
bolgelo logged in. 8-20-2020, 11:35:10 AM
Zurik logged in. 8-20-2020, 11:38:47 AM
Zurik logged in. 8-20-2020, 11:56:27 AM
nikita-k logged in. 8-20-2020, 11:57:36 AM
ramil logged in. 8-20-2020, 11:58:55 AM
nikita-k logged in. 8-20-2020, 12:05:14 PM
Yarina logged in. 8-20-2020, 12:16:34 PM
franklin logged in. 8-20-2020, 12:17:33 PM
Igrik logged in. 8-20-2020, 12:26:00 PM
spay logged in. 8-20-2020, 12:30:15 PM
franklin logged in. 8-20-2020, 12:31:17 PM
franklin logged in. 8-20-2020, 12:32:01 PM
franklin logged in. 8-20-2020, 12:32:34 PM
nikita-k logged in. 8-20-2020, 12:35:52 PM
Zurik logged in. 8-20-2020, 12:37:52 PM
franklin logged in. 8-20-2020, 12:38:20 PM
rider logged in. 8-20-2020, 12:38:26 PM
bolgelo logged in. 8-20-2020, 12:44:18 PM
Zurik logged in. 8-20-2020, 12:56:19 PM
Yarina logged in. 8-20-2020, 12:56:39 PM
rider logged in. 8-20-2020, 12:57:41 PM
rider logged in. 8-20-2020, 1:01:57 PM
ramil logged in. 8-20-2020, 1:20:29 PM
darkfrent logged in. 8-20-2020, 1:21:43 PM
nikita-k logged in. 8-20-2020, 1:24:43 PM
ramil logged in. 8-20-2020, 1:29:34 PM
ramil logged in. 8-20-2020, 1:32:45 PM
bloodstorm logged in. 8-20-2020, 1:35:51 PM
franklin logged in. 8-20-2020, 1:49:04 PM
darkfrent logged in. 8-20-2020, 1:52:02 PM
darkfrent logged in. 8-20-2020, 1:53:45 PM
darkfrent logged in. 8-20-2020, 1:59:02 PM
bolgelo logged in. 8-20-2020, 2:10:31 PM
ramil logged in. 8-20-2020, 2:21:09 PM
Vlados logged in. 8-20-2020, 2:37:15 PM
nikita-k logged in. 8-20-2020, 2:38:33 PM
ramil logged in. 8-20-2020, 2:39:15 PM
nikita-k logged in. 8-20-2020, 2:40:05 PM
ramil logged in. 8-20-2020, 2:40:29 PM
ramil logged in. 8-20-2020, 2:41:19 PM
spay logged in. 8-20-2020, 2:42:46 PM
franklin logged in. 8-20-2020, 2:43:40 PM
Zurik logged in. 8-20-2020, 2:45:12 PM
Vlados logged in. 8-20-2020, 2:47:04 PM
Vlados logged in. 8-20-2020, 2:48:42 PM
franklin logged in. 8-20-2020, 2:48:56 PM
spay logged in. 8-20-2020, 2:53:49 PM
Zurik logged in. 8-20-2020, 2:54:37 PM
darkfrent logged in. 8-20-2020, 2:54:46 PM
bolgelo logged in. 8-20-2020, 2:55:31 PM
spay logged in. 8-20-2020, 2:55:42 PM
rider logged in. 8-20-2020, 2:56:03 PM
Vlados logged in. 8-20-2020, 2:56:27 PM
Zurik logged in. 8-20-2020, 2:56:41 PM
spay logged in. 8-20-2020, 3:00:01 PM
Yarina logged in. 8-20-2020, 3:05:25 PM
darkfrent logged in. 8-20-2020, 3:07:47 PM
darkfrent logged in. 8-20-2020, 3:11:17 PM
franklin logged in. 8-20-2020, 3:13:11 PM
ramil logged in. 8-20-2020, 3:13:16 PM
darkfrent logged in. 8-20-2020, 3:17:45 PM
rider logged in. 8-20-2020, 3:30:17 PM
trevor logged in. 8-20-2020, 3:46:15 PM
ramil logged in. 8-20-2020, 3:50:36 PM
ramil logged in. 8-20-2020, 4:13:54 PM
ramil logged in. 8-20-2020, 4:19:13 PM
darkfrent logged in. 8-20-2020, 4:21:51 PM
darkfrent logged in. 8-20-2020, 4:27:04 PM
spay logged in. 8-20-2020, 4:35:55 PM
vector logged in. 8-20-2020, 4:49:12 PM
bolgelo logged in. 8-20-2020, 4:53:01 PM
trevor logged in. 8-20-2020, 4:57:32 PM
ali logged in. 8-20-2020, 5:07:48 PM
ramil logged in. 8-20-2020, 5:23:25 PM
ramil logged in. 8-20-2020, 5:24:48 PM
vector logged in. 8-20-2020, 5:26:53 PM
ramil logged in. 8-20-2020, 5:33:13 PM
Yarina logged in. 8-20-2020, 5:36:39 PM
rider logged in. 8-20-2020, 5:40:30 PM
rider logged in. 8-20-2020, 5:40:45 PM
spay logged in. 8-20-2020, 5:40:56 PM
kirill logged in. 8-20-2020, 5:44:21 PM
rider logged in. 8-20-2020, 5:45:34 PM
darkfrent logged in. 8-20-2020, 5:47:27 PM
rider logged in. 8-20-2020, 5:47:35 PM
vector logged in. 8-20-2020, 5:50:16 PM
rider logged in. 8-20-2020, 5:52:46 PM
rider logged in. 8-20-2020, 5:56:39 PM
vector logged in. 8-20-2020, 5:58:00 PM
vector logged in. 8-20-2020, 5:58:55 PM
rider logged in. 8-20-2020, 5:59:13 PM
bolgelo logged in. 8-20-2020, 6:04:59 PM
ramil logged in. 8-20-2020, 6:11:11 PM
nikita-k logged in. 8-20-2020, 6:24:22 PM
spay logged in. 8-20-2020, 6:35:21 PM
spay logged in. 8-20-2020, 6:42:57 PM
Zurik logged in. 8-20-2020, 6:46:39 PM
vector logged in. 8-20-2020, 6:55:46 PM
ramil logged in. 8-20-2020, 6:59:13 PM
pyspil logged in. 8-20-2020, 7:02:11 PM
Zurik logged in. 8-20-2020, 7:05:09 PM
Igrik logged in. 8-20-2020, 7:15:27 PM
nikita-k logged in. 8-20-2020, 7:15:45 PM
nikita-k logged in. 8-20-2020, 7:34:36 PM
Igrik logged in. 8-20-2020, 7:36:16 PM
darkfrent logged in. 8-20-2020, 7:36:21 PM
nikita-k logged in. 8-20-2020, 7:36:22 PM
Zurik logged in. 8-20-2020, 7:36:24 PM
spay logged in. 8-20-2020, 7:36:25 PM
Igrik logged in. 8-20-2020, 7:37:01 PM
Zurik logged in. 8-20-2020, 7:37:03 PM
spay logged in. 8-20-2020, 7:37:05 PM
darkfrent logged in. 8-20-2020, 7:37:07 PM
nikita-k logged in. 8-20-2020, 7:37:27 PM
Igrik logged in. 8-20-2020, 7:39:02 PM
darkfrent logged in. 8-20-2020, 7:40:16 PM
Vlados logged in. 8-20-2020, 7:43:49 PM
nikita-k logged in. 8-20-2020, 7:44:03 PM
franklin logged in. 8-20-2020, 7:44:06 PM
spay logged in. 8-20-2020, 7:47:14 PM
vector logged in. 8-20-2020, 7:48:14 PM
Zurik logged in. 8-20-2020, 7:50:52 PM
trevor logged in. 8-20-2020, 7:52:28 PM
trevor logged in. 8-20-2020, 7:55:52 PM
trevor logged in. 8-20-2020, 7:57:00 PM
ramil logged in. 8-20-2020, 7:59:57 PM
vector logged in. 8-20-2020, 8:14:37 PM
ali logged in. 8-20-2020, 8:28:39 PM
ramil logged in. 8-20-2020, 8:29:57 PM
ramil logged in. 8-20-2020, 8:50:40 PM
darkfrent logged in. 8-20-2020, 9:06:43 PM
spay logged in. 8-20-2020, 9:07:43 PM
darkfrent logged in. 8-20-2020, 9:09:48 PM
spay logged in. 8-20-2020, 9:09:54 PM
nikita-k logged in. 8-20-2020, 9:13:19 PM
Yarina logged in. 8-20-2020, 9:13:34 PM
ramil logged in. 8-20-2020, 9:15:07 PM
nikita-k logged in. 8-20-2020, 9:28:31 PM
nikita-k logged in. 8-20-2020, 9:28:45 PM
nikita-k logged in. 8-20-2020, 9:42:14 PM
darkfrent logged in. 8-20-2020, 9:44:16 PM
nikita-k logged in. 8-20-2020, 9:50:48 PM
darkfrent logged in. 8-20-2020, 9:50:52 PM
Igrik logged in. 8-20-2020, 10:13:33 PM
darkfrent logged in. 8-20-2020, 10:22:20 PM
Yarina logged in. 8-20-2020, 10:37:53 PM
bolgelo logged in. 8-20-2020, 11:27:30 PM
bolgelo logged in. 8-20-2020, 11:37:23 PM
darkfrent logged in. 8-20-2020, 11:37:27 PM
darkfrent logged in. 8-20-2020, 11:45:06 PM
kirill logged in. 8-20-2020, 11:51:07 PM
kirill logged in. 8-20-2020, 11:51:36 PM