
trevor(trevor) bought 10000 suicide_bombs 8-20-2020, 3:55:16 PM
trevor(trevor) bought 50000 concussive_grenades 8-20-2020, 3:55:25 PM
trevor(trevor) bought 1000 bullet_bombs 8-20-2020, 3:55:40 PM
trevor(trevor) bought 1000 barricade_bombs 8-20-2020, 3:55:44 PM
trevor(trevor) bought 10000 mass_bombs 8-20-2020, 3:55:49 PM
trevor(trevor) bought 10000 mines 8-20-2020, 3:55:54 PM
trevor(trevor) bought 10000 security_bombs 8-20-2020, 3:56:06 PM
trevor(trevor) bought 10000 health_drinks 8-20-2020, 3:56:34 PM
trevor(trevor) bought 3000 armored_tanks 8-20-2020, 3:57:02 PM
trevor(trevor) bought 9000 aircrafts 8-20-2020, 3:57:12 PM
trevor(trevor) bought 9000 police_cars 8-20-2020, 3:57:16 PM
trevor(trevor) bought 1000 fuel_tanks 8-20-2020, 3:57:33 PM
trevor(trevor) bought 100 metal_packs 8-20-2020, 3:57:44 PM
trevor(trevor) bought 1 toolboxs 8-20-2020, 3:58:49 PM
trevor(trevor) bought 900 metal_packs 8-20-2020, 3:59:04 PM
trevor(trevor) bought 10000 tk_ultra_health_potions 8-20-2020, 5:40:54 PM
trevor(trevor) bought 100 gauss_ammo_packs 8-20-2020, 5:42:32 PM
trevor(trevor) bought 1 steal_warhammers 8-20-2020, 5:43:48 PM
trevor(trevor) bought 10000 metal_packs 8-20-2020, 5:46:11 PM
trevor(trevor) bought 10000 fuel_tanks 8-20-2020, 5:46:15 PM
trevor(trevor) bought 7000 armored_tanks 8-20-2020, 5:46:29 PM
trevor(trevor) bought 100 pack_of_20_ammo_zulfikars 8-20-2020, 5:49:47 PM
trevor(trevor) bought 50 pack_of_20_ammo_zulfikars 8-20-2020, 5:50:18 PM
trevor(trevor) bought 10000 hipersound_bombs 8-20-2020, 5:51:10 PM
trevor(trevor) bought 10000 stones 8-20-2020, 5:51:59 PM
trevor(trevor) bought 90000 stones 8-20-2020, 5:52:07 PM
trevor(trevor) bought 100000 stun_darts 8-20-2020, 5:52:12 PM
trevor(trevor) bought 100000 snowballs 8-20-2020, 5:52:19 PM
trevor(trevor) bought 10000 wood_packs 8-20-2020, 5:57:58 PM
trevor(trevor) bought 10000 stun_grenades 8-20-2020, 6:08:10 PM
trevor(trevor) bought 1000 grenade_packs 8-20-2020, 6:08:18 PM
trevor(trevor) bought 10000 guided_missiles 8-20-2020, 6:08:25 PM
trevor(trevor) bought 100000 bomb_defusers 8-20-2020, 6:08:38 PM
trevor(trevor) bought 100000 missile_interceptors 8-20-2020, 6:08:42 PM
trevor(trevor) bought 50000 warp_boxs 8-20-2020, 6:08:54 PM
trevor(trevor) bought 50000 concussive_grenades 8-20-2020, 6:09:06 PM
trevor(trevor) bought 100000 concussive_grenades 8-20-2020, 6:09:11 PM
trevor(trevor) bought 100000 warp_boxs 8-20-2020, 6:09:20 PM