
Zurik (Zurik) said привет 8-20-2020, 8:12:02 AM
Zurik (Zurik) said го клетка 8-20-2020, 8:12:12 AM
Zurik (Zurik) said накакой карте 8-20-2020, 8:12:34 AM
Zurik (Zurik) said какое утибя аружие 8-20-2020, 8:16:59 AM
Zurik (Zurik) said дай пушку 8-20-2020, 8:21:26 AM
Zurik (Zurik) said дай пушку 8-20-2020, 8:21:44 AM
Zurik (Zurik) said обчную 8-20-2020, 8:22:05 AM
Zurik (Zurik) said ая дам монет 8-20-2020, 8:22:20 AM
Zurik (Zurik) said го клетка 8-20-2020, 8:22:56 AM
Zurik (Zurik) said жто игранарускам 8-20-2020, 8:23:11 AM
Zurik (Zurik) said русификатресть 8-20-2020, 8:25:00 AM
Zurik (Zurik) said небей 1раз\ъ 8-20-2020, 8:25:33 AM
Zurik (Zurik) said пожалубста 8-20-2020, 8:25:49 AM
Zurik (Zurik) said агде робты 8-20-2020, 8:29:32 AM
Zurik (Zurik) said какие карты щнаеш 8-20-2020, 8:30:27 AM
Zurik (Zurik) said а 8-20-2020, 8:31:46 AM
Zurik (Zurik) said где зулфикар 8-20-2020, 8:32:45 AM
Zurik (Zurik) said как ити 8-20-2020, 8:33:07 AM
Zurik (Zurik) said правиди 8-20-2020, 8:33:26 AM
Zurik (Zurik) said а 8-20-2020, 8:34:01 AM
Zurik (Zurik) said привет 8-20-2020, 8:34:07 AM
Zurik (Zurik) said как 8-20-2020, 8:34:40 AM
Zurik (Zurik) said откуда дам тнаити 8-20-2020, 8:35:08 AM
Zurik (Zurik) said откуда дом наити 8-20-2020, 8:35:40 AM
Zurik (Zurik) said акто ращрабочик 8-20-2020, 8:41:40 AM
Zurik (Zurik) said апочему вклектке нет роьтаф 8-20-2020, 8:43:44 AM
Zurik (Zurik) said гдеты 8-20-2020, 8:45:03 AM
Zurik (Zurik) said тоисть ани спият 8-20-2020, 8:45:42 AM
Zurik (Zurik) said го тимток 8-20-2020, 8:46:00 AM
Zurik (Zurik) said аэтоноваяtkичем отличаетса 8-20-2020, 8:47:21 AM
Zurik (Zurik) said qt 8-20-2020, 8:47:51 AM
Zurik (Zurik) said кто разраьочик 8-20-2020, 8:48:27 AM
Zurik (Zurik) said слаба 8-20-2020, 8:49:10 AM
Zurik (Zurik) said что жто била 8-20-2020, 9:00:39 AM
Zurik (Zurik) said rfr 8-20-2020, 9:09:25 AM
Zurik (Zurik) said go тимток 8-20-2020, 9:10:41 AM
Zurik (Zurik) said нечиггострашного 8-20-2020, 9:11:03 AM
Zurik (Zurik) said когда роьты будураьотот 8-20-2020, 9:12:21 AM
Zurik (Zurik) said вдальнейшим будут или нет 8-20-2020, 9:14:45 AM
Zurik (Zurik) said почему 8-20-2020, 9:15:10 AM
Zurik (Zurik) said привет ты накакой карте 8-20-2020, 9:26:47 AM
Zurik (Zurik) said привет го тимток 8-20-2020, 9:28:20 AM
Zurik (Zurik) said го клетка 8-20-2020, 9:28:42 AM
Zurik (Zurik) said шо клетка 8-20-2020, 9:31:29 AM
Zurik (Zurik) said клетка 8-20-2020, 9:31:40 AM
Zurik (Zurik) said иди 8-20-2020, 9:31:44 AM
Zurik (Zurik) said это язурик 8-20-2020, 9:31:58 AM
Zurik (Zurik) said мpyspil 8-20-2020, 9:33:02 AM
Zurik (Zurik) said го клеьтка\ 8-20-2020, 9:33:37 AM
Zurik (Zurik) said рр 8-20-2020, 9:34:01 AM
Zurik (Zurik) said готимток 8-20-2020, 9:34:21 AM
Zurik (Zurik) said натвой сервер 8-20-2020, 9:34:52 AM
Zurik (Zurik) said владос ты накакой карте агде робты 8-20-2020, 9:35:42 AM
Zurik (Zurik) said агдероьоты 8-20-2020, 9:36:36 AM
Zurik (Zurik) said что 8-20-2020, 9:38:01 AM
Zurik (Zurik) said дай зулфикар 8-20-2020, 9:38:52 AM
Zurik (Zurik) said ая дам манет 1000000 8-20-2020, 9:39:33 AM
Zurik (Zurik) said где роботы 8-20-2020, 9:39:58 AM
Zurik (Zurik) said го тимток 8-20-2020, 9:40:38 AM
Zurik (Zurik) said уминия нетстолька провиди миния досклада 8-20-2020, 9:42:25 AM
Zurik (Zurik) said почему роьтаф нет 8-20-2020, 9:44:27 AM
Zurik (Zurik) said suicde 8-20-2020, 9:45:20 AM
Zurik (Zurik) said .зь  8-20-2020, 9:46:13 AM
Zurik (Zurik) said f 8-20-2020, 9:48:38 AM
Zurik (Zurik) said привет 8-20-2020, 9:51:59 AM
Zurik (Zurik) said можете миня перкинуть всклад 8-20-2020, 9:52:51 AM
Zurik (Zurik) said апочему вклетки нет роьтаф 8-20-2020, 9:54:23 AM
Zurik (Zurik) said что 8-20-2020, 9:54:39 AM
Zurik (Zurik) said можыте дать зулфикар аядам монет 8-20-2020, 9:55:33 AM
Zurik (Zurik) said агде пишера 8-20-2020, 9:56:12 AM
Zurik (Zurik) said атепет визде есть роьты 8-20-2020, 9:57:27 AM
Zurik (Zurik) said апочему внекоторыхк артах нету роьотав 8-20-2020, 9:59:10 AM
Zurik (Zurik) said какит втуалет 8-20-2020, 10:01:36 AM
Zurik (Zurik) said ая вдоме какнаити туалет 8-20-2020, 10:05:55 AM
Zurik (Zurik) said рамиль ты накакой карте 8-20-2020, 10:07:36 AM
Zurik (Zurik) said скажы кардинаты туалет 8-20-2020, 10:08:13 AM
Zurik (Zurik) said агдеты 8-20-2020, 10:09:12 AM
Zurik (Zurik) said почему убил 8-20-2020, 10:10:19 AM
Zurik (Zurik) said скажы рамиль вэтой игре многакарт 8-20-2020, 10:11:28 AM
Zurik (Zurik) said что\ 8-20-2020, 10:12:39 AM
Zurik (Zurik) said иду 8-20-2020, 10:13:27 AM
Zurik (Zurik) said ты даста нмне зулфикараядам монет 8-20-2020, 10:18:43 AM
Zurik (Zurik) said перекинте насклад 8-20-2020, 10:20:38 AM
Zurik (Zurik) said небейте яиду всклад 8-20-2020, 10:22:28 AM
Zurik (Zurik) said нк.небей 8-20-2020, 10:24:10 AM
Zurik (Zurik) said небей 8-20-2020, 10:25:10 AM
Zurik (Zurik) said пожалуюста 8-20-2020, 10:25:18 AM
Zurik (Zurik) said небей 8-20-2020, 10:25:25 AM
Zurik (Zurik) said ядам монет 8-20-2020, 10:25:32 AM
Zurik (Zurik) said где роботы 8-20-2020, 10:29:37 AM
Zurik (Zurik) said . 8-20-2020, 10:29:45 AM
Zurik (Zurik) said почемуроьотаф нет вклетке 8-20-2020, 10:30:15 AM
Zurik (Zurik) said а 8-20-2020, 10:32:22 AM
Zurik (Zurik) said фклучите вовсех картах роьтав 8-20-2020, 10:33:10 AM
Zurik (Zurik) said почемуя нажымаютуалет оннещазодить 8-20-2020, 10:37:47 AM
Zurik (Zurik) said а 8-20-2020, 10:39:41 AM
Zurik (Zurik) said почему янажымаютуалет аоннезаходдиьб 8-20-2020, 10:40:12 AM
Zurik (Zurik) said я втуалете канаит пишеру 8-20-2020, 10:41:58 AM
Zurik (Zurik) said как наити пишеру 8-20-2020, 10:43:11 AM
Zurik (Zurik) said скжыте кардинатвы впишерук 8-20-2020, 10:44:04 AM
Zurik (Zurik) said небей 8-20-2020, 10:44:47 AM
Zurik (Zurik) said ты дурак 8-20-2020, 10:45:00 AM
Zurik (Zurik) said ну зулфикар 8-20-2020, 10:45:24 AM
Zurik (Zurik) said дайте зуфикар за1000000 8-20-2020, 10:46:13 AM
Zurik (Zurik) said а 8-20-2020, 11:22:14 AM
Zurik (Zurik) said привет 8-20-2020, 11:22:22 AM
Zurik (Zurik) said фключитероботаф\ 8-20-2020, 11:24:52 AM
Zurik (Zurik) said f 8-20-2020, 11:58:08 AM
Zurik (Zurik) said h 8-20-2020, 11:59:23 AM
Zurik (Zurik) said ultz 8-20-2020, 11:59:52 AM
Zurik (Zurik) said какнаити пишеру каонназыветса 8-20-2020, 12:00:19 PM
Zurik (Zurik) said рамиль как называетса пишера 8-20-2020, 12:01:25 PM
Zurik (Zurik) said ишораз провиди 8-20-2020, 12:03:52 PM
Zurik (Zurik) said ради аллаха 8-20-2020, 12:04:15 PM
Zurik (Zurik) said ты мусулманен 8-20-2020, 12:04:35 PM
Zurik (Zurik) said я втуалете 8-20-2020, 12:10:05 PM
Zurik (Zurik) said какити впишеру явтуалете 8-20-2020, 12:10:47 PM
Zurik (Zurik) said рамиль тыже вскладе дастаниш для миния зуфикара аядам монет 8-20-2020, 12:13:48 PM
Zurik (Zurik) said стаф воксуон 8-20-2020, 12:14:48 PM
Zurik (Zurik) said .ишв 8-20-2020, 12:14:56 PM
Zurik (Zurik) said стаф ишо роз янеуспел 8-20-2020, 12:15:46 PM
Zurik (Zurik) said стаф на1000000 8-20-2020, 12:16:55 PM
Zurik (Zurik) said привет ерина поидиом вытимток 8-20-2020, 12:18:21 PM
Zurik (Zurik) said тогда скажы каназываетса пишера 8-20-2020, 12:19:27 PM
Zurik (Zurik) said где зулфикар 8-20-2020, 12:22:18 PM
Zurik (Zurik) said rf 8-20-2020, 12:27:54 PM
Zurik (Zurik) said как искать зульфикар 8-20-2020, 12:28:18 PM
Zurik (Zurik) said гдеты рамиль 8-20-2020, 12:28:38 PM
Zurik (Zurik) said акакитина2 этож 8-20-2020, 12:29:04 PM
Zurik (Zurik) said кто разраьбочик 8-20-2020, 12:34:29 PM
Zurik (Zurik) said тогда дай пожалубста 1зулфикар 8-20-2020, 12:35:12 PM
Zurik (Zurik) said а 8-20-2020, 12:35:16 PM
Zurik (Zurik) said а 8-20-2020, 12:35:18 PM
Zurik (Zurik) said о 8-20-2020, 12:35:41 PM
Zurik (Zurik) said никита дай 1 зулфикар 8-20-2020, 12:36:53 PM
Zurik (Zurik) said пожалуюста 8-20-2020, 12:37:11 PM
Zurik (Zurik) said тогда дай монет 20000000 8-20-2020, 12:37:35 PM
Zurik (Zurik) said пожалуюста дай монет 2000000 8-20-2020, 12:38:49 PM
Zurik (Zurik) said спосиба ник ита 8-20-2020, 12:39:49 PM
Zurik (Zurik) said а 8-20-2020, 12:40:40 PM
Zurik (Zurik) said никита дай пожалуюста притиагивател придметаф 8-20-2020, 12:50:37 PM
Zurik (Zurik) said ачто случилас почему я5минут немог захадить 8-20-2020, 12:57:30 PM
Zurik (Zurik) said почему 8-20-2020, 12:58:05 PM
Zurik (Zurik) said японел болшинебуду 8-20-2020, 12:58:47 PM
Zurik (Zurik) said апочемунет робтав 8-20-2020, 1:00:10 PM
Zurik (Zurik) said вклетке нет 8-20-2020, 1:00:52 PM
Zurik (Zurik) said t 8-20-2020, 1:03:05 PM
Zurik (Zurik) said ерина го клеьтка 8-20-2020, 1:03:22 PM
Zurik (Zurik) said го тимток 8-20-2020, 1:03:40 PM
Zurik (Zurik) said аа 8-20-2020, 1:05:12 PM
Zurik (Zurik) said а 8-20-2020, 1:05:14 PM
Zurik (Zurik) said привет 8-20-2020, 1:05:23 PM
Zurik (Zurik) said f 8-20-2020, 1:09:30 PM
Zurik (Zurik) said ерина скажыыданые дарксервер 8-20-2020, 1:10:45 PM
Zurik (Zurik) said никита можноли стоит дом 8-20-2020, 1:12:21 PM
Zurik (Zurik) said чем отличлиетса магазин от дома 8-20-2020, 1:16:52 PM
Zurik (Zurik) said ну почему уцены отличютса 8-20-2020, 1:18:54 PM
Zurik (Zurik) said чтостабой 8-20-2020, 1:19:40 PM
Zurik (Zurik) said почему нехочиш в тт 8-20-2020, 1:20:23 PM
Zurik (Zurik) said . 8-20-2020, 1:20:39 PM
Zurik (Zurik) said ну тогдаскажы ерина как называетса пишера 8-20-2020, 1:22:01 PM
Zurik (Zurik) said почему 8-20-2020, 1:22:33 PM
Zurik (Zurik) said нускажы 8-20-2020, 1:22:52 PM
Zurik (Zurik) said нупочему 8-20-2020, 1:23:10 PM
Zurik (Zurik) said ну причину скажы 8-20-2020, 1:23:34 PM
Zurik (Zurik) said что 8-20-2020, 1:23:47 PM
Zurik (Zurik) said говтт 8-20-2020, 1:24:26 PM
Zurik (Zurik) said давай ет в тимток ктоидиот 8-20-2020, 1:24:48 PM
Zurik (Zurik) said никита можно задам вопрос 8-20-2020, 1:25:45 PM
Zurik (Zurik) said как втуалете наити пишеру 8-20-2020, 1:26:21 PM
Zurik (Zurik) said укаго 8-20-2020, 1:30:15 PM
Zurik (Zurik) said я 8-20-2020, 1:30:39 PM
Zurik (Zurik) said вынакакой карте 8-20-2020, 1:31:44 PM
Zurik (Zurik) said прадаш зулфикор за4000000 8-20-2020, 2:03:46 PM
Zurik (Zurik) said .ъ.в 8-20-2020, 2:12:45 PM
Zurik (Zurik) said а 8-20-2020, 2:12:47 PM
Zurik (Zurik) said никита можыш добавить зулфикар в магазин 8-20-2020, 2:19:21 PM
Zurik (Zurik) said fff 8-20-2020, 2:25:29 PM
Zurik (Zurik) said никита потом зделаеш русификатр пожалубста 8-20-2020, 2:27:00 PM
Zurik (Zurik) said почему 8-20-2020, 2:29:01 PM
Zurik (Zurik) said владос 8-20-2020, 2:46:00 PM
Zurik (Zurik) said .рудз 8-20-2020, 2:47:02 PM
Zurik (Zurik) said 1. 8-20-2020, 6:47:10 PM
Zurik (Zurik) said f 8-20-2020, 6:56:27 PM
Zurik (Zurik) said рамилб какуюкарту рекаминдуеш 8-20-2020, 7:00:57 PM
Zurik (Zurik) said дац те зулфпикар за4000000 8-20-2020, 7:29:08 PM
Zurik (Zurik) said зулфикар 8-20-2020, 7:29:27 PM
Zurik (Zurik) said зулфикар 8-20-2020, 7:29:43 PM
Zurik (Zurik) said стаф те наолсуон 8-20-2020, 7:30:31 PM
Zurik (Zurik) said кто правидиот до скалада 8-20-2020, 7:31:08 PM
Zurik (Zurik) said провиди я дам12000 8-20-2020, 7:32:27 PM
Zurik (Zurik) said куда мнети 8-20-2020, 7:32:46 PM
Zurik (Zurik) said ok 8-20-2020, 7:33:10 PM
Zurik (Zurik) said я вдоме 8-20-2020, 7:38:21 PM
Zurik (Zurik) said я втуалете 8-20-2020, 7:40:29 PM
Zurik (Zurik) said ok 8-20-2020, 7:40:51 PM
Zurik (Zurik) said какити всклад 8-20-2020, 7:43:19 PM
Zurik (Zurik) said кудадале 8-20-2020, 7:45:17 PM
Zurik (Zurik) said акак вниз 8-20-2020, 7:45:36 PM
Zurik (Zurik) said кардинатыскжы 8-20-2020, 7:46:40 PM
Zurik (Zurik) said . 8-20-2020, 7:48:39 PM
Zurik (Zurik) said кто можыт итивсклад идастаь зцлфикара ипринисти мне ая ему дам 4000000 8-20-2020, 7:52:16 PM
Zurik (Zurik) said 4898899 8-20-2020, 7:52:53 PM
Zurik (Zurik) said давай 4000000 600000 пожалубста 8-20-2020, 7:54:03 PM