
ramil (ramil) sent /move ramil 0 0 0 lern 8-19-2020, 9:25:22 AM
ramil (ramil) sent /inv 8-19-2020, 9:25:47 AM
ramil (ramil) sent /sethealth ramil 100000 8-19-2020, 9:26:00 AM
ramil (ramil) sent /inv 8-19-2020, 9:26:53 AM
ramil (ramil) sent /inv 8-19-2020, 9:27:17 AM
ramil (ramil) sent /robotinfo 8-19-2020, 9:27:20 AM
ramil (ramil) sent /inv 8-19-2020, 9:27:48 AM
ramil (ramil) sent /desablerobots 8-19-2020, 9:28:09 AM
ramil (ramil) sent /disablerobots 8-19-2020, 9:28:14 AM
ramil (ramil) sent /inv 8-19-2020, 9:28:18 AM
ramil (ramil) sent /rawmap 8-19-2020, 9:28:23 AM
ramil (ramil) sent /rawdata mapname:lern
maxx:30
maxy:50
maxz:100
tile:0:30:0:50:0:0:grass
amb:0:30:0:50:0:0:amb2.ogg
src:0:6:0:8:5:5:amb3.ogg
zone:0:0:0:0:0:0:to enter the store press enter:trackme
travelpoint:0:0:0:0:0:0:store:0:0:5:to enter the store press enter
zone:0:30:0:50:0:100:fun lawn
tile:0:50:0:0:0:0:dirt
tile:15:30:15:50:0:0:swimming
amb:15:30:15:50:0:0:birds29.ogg
zone:15:30:15:50:0:0:small pond
src:15:30:15:50:0:0:birds31.ogg

src:0:0:0:0:0:0:bighall.ogg

src:0:0:50:50:0:0:entrance.ogg
travelpoint:0:0:50:50:0:0:zalp:5:10:0:to die and press enter
zone:0:0:50:50:0:0:to die and press enter:trackme

tile:10:10:10:10:0:17:branch
robots:15:30:15:50:0:0:1:5000:robocop 8-19-2020, 9:29:23 AM
ramil (ramil) sent /sethealth ramil 100000 8-19-2020, 9:29:34 AM
ramil (ramil) sent /robotinfo 8-19-2020, 9:29:50 AM
ramil (ramil) sent /enablerobots 8-19-2020, 9:29:56 AM
ramil (ramil) sent /inv 8-19-2020, 9:30:11 AM
ramil (ramil) sent /sethealth ramil 100000 8-19-2020, 9:30:37 AM
ramil (ramil) sent /inv 8-19-2020, 9:30:56 AM
ramil (ramil) sent /move ramil 0 0 0 lern 8-19-2020, 9:31:03 AM
ramil (ramil) sent /inv 8-19-2020, 9:31:17 AM
ramil (ramil) sent /inv 8-19-2020, 9:31:27 AM
ramil (ramil) sent /sethealth ramil 100000 8-19-2020, 9:31:34 AM
ramil (ramil) sent /rawmap 8-19-2020, 9:32:14 AM
ramil (ramil) sent /robots 8-19-2020, 9:33:07 AM
ramil (ramil) sent /inv 8-19-2020, 9:35:13 AM
ramil (ramil) sent /inv 8-19-2020, 9:35:50 AM
ramil (ramil) sent /newmap test2 50 50 0 grass 8-19-2020, 9:36:16 AM
ramil (ramil) sent /rawmap 8-19-2020, 9:36:26 AM
ramil (ramil) sent /rawmpap 8-19-2020, 9:37:16 AM
ramil (ramil) sent /rawmoap 8-19-2020, 9:37:21 AM
ramil (ramil) sent /rawmap 8-19-2020, 9:37:25 AM
ramil (ramil) sent /rawdata mapname:test2
maxx:50
maxy:50
maxz:0
tile:0:50:0:50:0:0:grass
robots:0:50:0:50:0:0:1:5000:chicken 8-19-2020, 9:41:02 AM
ramil (ramil) sent /inv 8-19-2020, 9:41:05 AM
ramil (ramil) sent /robotinfo 8-19-2020, 9:41:19 AM
ramil (ramil) sent /robotinfo 8-19-2020, 9:41:48 AM
ramil (ramil) sent /move ramil 5 5 5 admin_area 8-19-2020, 9:42:36 AM
ramil (ramil) sent /rawmap 8-19-2020, 9:53:53 AM
ramil (ramil) sent /shelterkill xxx 8-19-2020, 9:54:48 AM
ramil (ramil) sent /bid 2 8-19-2020, 10:00:55 AM
ramil (ramil) sent /bid 3000 8-19-2020, 10:01:01 AM
ramil (ramil) sent /garbige 8-19-2020, 10:01:17 AM
ramil (ramil) sent /garbege 8-19-2020, 10:01:22 AM
ramil (ramil) sent /garbage 8-19-2020, 10:02:19 AM
ramil (ramil) sent /bid 10000 8-19-2020, 10:02:27 AM
ramil (ramil) sent /help 8-19-2020, 10:02:38 AM
ramil (ramil) sent /move ramil 250 250 60 8-19-2020, 10:22:00 AM
ramil (ramil) sent /builders 8-19-2020, 10:25:10 AM
ramil (ramil) sent /move ramil 11 11 0 zalp2 8-19-2020, 10:25:30 AM
ramil (ramil) sent /robotinfo 8-19-2020, 10:26:45 AM
ramil (ramil) sent /move ramil 0 0 0 store 8-19-2020, 10:40:03 AM
ramil (ramil) sent /inv 8-19-2020, 10:42:52 AM
ramil (ramil) sent /inv 8-19-2020, 10:42:54 AM
ramil (ramil) sent /robotinfo 8-19-2020, 10:43:04 AM
ramil (ramil) sent /inv 8-19-2020, 10:51:32 AM
ramil (ramil) sent /inv 8-19-2020, 10:51:52 AM
ramil (ramil) sent /move ramil 0 0 0 store 8-19-2020, 10:51:54 AM
ramil (ramil) sent /move ramil 0 0 0 store 8-19-2020, 10:52:42 AM
ramil (ramil) sent /move ramil 0 0 0 store 8-19-2020, 10:54:10 AM
ramil (ramil) sent /chars 8-19-2020, 11:08:32 AM
ramil (ramil) sent /chars 8-19-2020, 11:08:39 AM
ramil (ramil) sent /stats 8-19-2020, 11:12:04 AM
ramil (ramil) sent /stats ramil 8-19-2020, 11:12:09 AM
ramil (ramil) sent /move ramil 250 250 200 8-19-2020, 11:13:21 AM
ramil (ramil) sent /robotinfo 8-19-2020, 11:13:50 AM
ramil (ramil) sent /sethealth ramil 100000 8-19-2020, 11:14:12 AM
ramil (ramil) sent /move ramil 0 0 60 8-19-2020, 11:14:55 AM
ramil (ramil) sent /sethealth ramil 100000 8-19-2020, 11:15:01 AM
ramil (ramil) sent /move ramil 500 500 60 8-19-2020, 11:15:18 AM
ramil (ramil) sent /robotinfo 8-19-2020, 11:15:24 AM
ramil (ramil) sent /move ramil 0 0 0 store 8-19-2020, 11:17:35 AM
ramil (ramil) sent /move ramil 0 0 0 vinni 8-19-2020, 11:21:14 AM
ramil (ramil) sent /sethealth ramil 100000 8-19-2020, 11:22:22 AM
ramil (ramil) sent /lchat kill me 8-19-2020, 11:23:55 AM
ramil (ramil) sent /move ramil 223 449 2 8-19-2020, 11:24:41 AM
ramil (ramil) sent /lchat hill me 8-19-2020, 11:24:49 AM
ramil (ramil) sent /lchat joni 8-19-2020, 11:24:57 AM
ramil (ramil) sent /sethealth ramil 100000 8-19-2020, 11:25:50 AM
ramil (ramil) sent /move ramil 0 0 0  8-19-2020, 11:26:49 AM
ramil (ramil) sent /sethealth ramil 100000 8-19-2020, 11:26:54 AM
ramil (ramil) sent /move djjony 0 0 0 8-19-2020, 11:27:16 AM
ramil (ramil) sent /sethealth ramil 100000 8-19-2020, 11:29:06 AM
ramil (ramil) sent /sethealth ramil 100000 8-19-2020, 11:29:42 AM
ramil (ramil) sent /killall 8-19-2020, 11:29:50 AM
ramil (ramil) sent /sethealth ramil 100000 8-19-2020, 11:30:39 AM
ramil (ramil) sent /sethealth ramil 100000 8-19-2020, 11:31:53 AM
ramil (ramil) sent /sethealth ramil 100000 8-19-2020, 11:32:33 AM
ramil (ramil) sent /sethealth ramil 100000 8-19-2020, 11:33:32 AM
ramil (ramil) sent /sethealth ramil 100000 8-19-2020, 11:38:04 AM
ramil (ramil) sent /sethealth ramil 100000 8-19-2020, 11:38:17 AM
ramil (ramil) sent /move ramil 0 0 0 battles 8-19-2020, 11:38:43 AM
ramil (ramil) sent /move ramil 0 0 0  8-19-2020, 11:42:29 AM
ramil (ramil) sent /where vlados2005 8-19-2020, 11:45:57 AM
ramil (ramil) sent /move ramil 223 443 2 8-19-2020, 11:46:11 AM
ramil (ramil) sent /move ramil 23 449 2 main 8-19-2020, 11:46:20 AM
ramil (ramil) sent /move ramil 223 449 2 8-19-2020, 11:46:39 AM
ramil (ramil) sent /move vlados2005 223 449 2 main 8-19-2020, 11:47:41 AM
ramil (ramil) sent /sethealth ramil 100000 8-19-2020, 11:50:25 AM
ramil (ramil) sent /move ramil 223 449 40 8-19-2020, 11:50:32 AM
ramil (ramil) sent /sethealth ramil 100000 8-19-2020, 11:50:51 AM
ramil (ramil) sent /move ramil 0 0 0 store 8-19-2020, 12:12:58 PM
ramil (ramil) sent /sethealth ramil 100000 8-19-2020, 12:14:02 PM
ramil (ramil) sent /sethealth ramil 100000 8-19-2020, 12:15:32 PM
ramil (ramil) sent /sethealth ramil 100000 8-19-2020, 12:17:09 PM
ramil (ramil) sent /sethealth ramil 100000 8-19-2020, 12:17:54 PM
ramil (ramil) sent /move vlados2005 25 1 0 sklad 8-19-2020, 12:20:58 PM
ramil (ramil) sent /move ramil 25 1 0 sklad 8-19-2020, 12:22:14 PM
ramil (ramil) sent /sethealth ramil 100000 8-19-2020, 12:25:28 PM
ramil (ramil) sent /sethealth ramil 100000 8-19-2020, 12:25:38 PM
ramil (ramil) sent /sethealth ramil 100000 8-19-2020, 12:25:55 PM
ramil (ramil) sent /inv] 8-19-2020, 12:26:38 PM
ramil (ramil) sent /inv 8-19-2020, 12:26:42 PM
ramil (ramil) sent /move vlados2005 25 41 0 sklad 8-19-2020, 12:26:58 PM
ramil (ramil) sent /inv 8-19-2020, 12:27:01 PM
ramil (ramil) sent /sethealth ramil 100000 8-19-2020, 12:27:34 PM
ramil (ramil) sent /inv 8-19-2020, 12:28:38 PM
ramil (ramil) sent /disablerobots 8-19-2020, 12:29:08 PM
ramil (ramil) sent /enablerobots 8-19-2020, 12:29:12 PM
ramil (ramil) sent /inv 8-19-2020, 12:29:37 PM
ramil (ramil) sent /inv 8-19-2020, 12:30:15 PM
ramil (ramil) sent /move vlados2005 25 1 0 sklad 8-19-2020, 12:30:29 PM
ramil (ramil) sent /move ramil 15 15 0 store 8-19-2020, 12:31:19 PM
ramil (ramil) sent /move ramil 25 0 0 кладбизще 8-19-2020, 12:34:06 PM
ramil (ramil) sent /move ramil 0 0 0 кладбище 8-19-2020, 12:34:20 PM
ramil (ramil) sent /inv 8-19-2020, 12:34:23 PM
ramil (ramil) sent /robotinfo 8-19-2020, 12:34:47 PM
ramil (ramil) sent /move ramil 0 0 0 store 8-19-2020, 12:36:41 PM
ramil (ramil) sent /move ramil 0 0 0 test2 8-19-2020, 12:37:36 PM
ramil (ramil) sent /inv 8-19-2020, 12:37:38 PM
ramil (ramil) sent /sethealth ramil 100000 8-19-2020, 12:38:20 PM
ramil (ramil) sent /inv 8-19-2020, 12:38:40 PM
ramil (ramil) sent /inv 8-19-2020, 12:39:16 PM
ramil (ramil) sent /admingun 8-19-2020, 12:40:27 PM
ramil (ramil) sent /robotinfo 8-19-2020, 12:40:52 PM
ramil (ramil) sent /inv 8-19-2020, 12:41:10 PM
ramil (ramil) sent /sethealth ramil 100000 8-19-2020, 12:42:07 PM
ramil (ramil) sent /robotinfo 8-19-2020, 12:42:51 PM
ramil (ramil) sent /move ramil 10 0 0 8-19-2020, 12:43:46 PM
ramil (ramil) sent /admingun 8-19-2020, 12:45:09 PM
ramil (ramil) sent /sethealth ramil 100000 8-19-2020, 12:46:17 PM
ramil (ramil) sent /move ramil 0 0 0 test2 8-19-2020, 12:46:25 PM
ramil (ramil) sent /inv 8-19-2020, 12:46:26 PM
ramil (ramil) sent /inv 8-19-2020, 12:46:59 PM
ramil (ramil) sent /inv 8-19-2020, 12:47:20 PM
ramil (ramil) sent /inv 8-19-2020, 12:48:58 PM
ramil (ramil) sent /onv 8-19-2020, 12:49:06 PM
ramil (ramil) sent /sethealth ramil 100000 8-19-2020, 12:49:41 PM
ramil (ramil) sent /inv 8-19-2020, 12:49:50 PM
ramil (ramil) sent /move ramil 0 0 0 test2 8-19-2020, 12:49:57 PM
ramil (ramil) sent /inv 8-19-2020, 12:50:34 PM
ramil (ramil) sent /sethealth ramil 100000 8-19-2020, 12:50:40 PM
ramil (ramil) sent /admingun 8-19-2020, 12:51:53 PM
ramil (ramil) sent /inv 8-19-2020, 12:52:31 PM
ramil (ramil) sent /sethealth ramil 100000 8-19-2020, 12:53:43 PM
ramil (ramil) sent /omv 8-19-2020, 12:53:53 PM
ramil (ramil) sent /sethealth ramil 100000 8-19-2020, 12:54:14 PM
ramil (ramil) sent /joinevent 3632 8-19-2020, 12:54:27 PM
ramil (ramil) sent /joinevent 3632 8-19-2020, 12:54:51 PM
ramil (ramil) sent /sethealth ramil 100000 8-19-2020, 12:56:34 PM
ramil (ramil) sent /move ramil 0 0 0 кладбище 8-19-2020, 1:06:02 PM
ramil (ramil) sent /inv 8-19-2020, 1:06:06 PM
ramil (ramil) sent /rawmap 8-19-2020, 1:06:10 PM
ramil (ramil) sent /rawdata mapname:кладбище
maxx:100
maxy:100
maxz:100
tile:0:100:0:100:0:0:grass
src:0:100:0:100:0:10:birds14.ogg
tile:0:100:0:100:0:0:grass5
/robots:0:100:0:100:0:100:5:20000:dog,soldier,zombie
tile:0:0:10:10:0:10:branch3
zone:0:0:10:10:0:10:старое дерево
zone:0:100:0:100:0:100:кладбище
zone:0:0:10:10:0:10:старое дерево:trackme
tile:10:10:10:10:0:2:ledge2
zone:10:10:10:10:0:2:могила
tile:20:20:20:20:0:2:wallstone1
zone:20:20:20:20:0:2:могила 8-19-2020, 1:06:41 PM
ramil (ramil) sent /sethealth ramil 100000 8-19-2020, 1:06:52 PM
ramil (ramil) sent /move ramil 0 0 0 test2 8-19-2020, 1:07:10 PM
ramil (ramil) sent /enablerobots 8-19-2020, 1:07:27 PM
ramil (ramil) sent /sethealth ramil 100000 8-19-2020, 1:07:43 PM
ramil (ramil) sent /sethealth ramil 100000 8-19-2020, 1:08:51 PM
ramil (ramil) sent /sethealth ramil 100000] 8-19-2020, 1:09:18 PM
ramil (ramil) sent /sethealth ramil 100000 8-19-2020, 1:09:42 PM
ramil (ramil) sent /sethealth ramil 100000 8-19-2020, 1:10:00 PM
ramil (ramil) sent /inv 8-19-2020, 1:10:43 PM
ramil (ramil) sent /move ramil 0 0 0 store 8-19-2020, 1:10:50 PM
ramil (ramil) sent /inv 8-19-2020, 1:11:43 PM
ramil (ramil) sent /sethealth ramil 100000 8-19-2020, 1:11:57 PM
ramil (ramil) sent /move ramil 0 0 0 justtest 8-19-2020, 1:12:35 PM
ramil (ramil) sent /move ramil 0 0 0 just_test 8-19-2020, 1:12:49 PM
ramil (ramil) sent /newmap test3 30 30 0 grass 8-19-2020, 1:14:08 PM
ramil (ramil) sent /inv 8-19-2020, 1:18:41 PM
ramil (ramil) sent /move ramil 0 0 0 rvent2 8-19-2020, 1:18:48 PM
ramil (ramil) sent /move ramil 0 0 0 event 8-19-2020, 1:18:56 PM
ramil (ramil) sent /rawmap 8-19-2020, 1:19:27 PM
ramil (ramil) sent /rawdata mapname:event2
maxx:1000
maxy:1000
maxz:1000
tile:0:100:0:100:0:0:tile
tile:0:100:0:100:0:0:metal5
robots:0:100:0:100:0:0:1:10000:Amphibian,bear,boxer,car,cat,cockroach,coyote,cyborg,dentist,doctor,dog,dragon,dragonfly,excavator,fitter,flamethrower,fly,gangster,glider,grandpa,gun,harvester,helicopter,horse,lion,manager,metallurgist,mosquito,moth,nurse,patient,polarbear,psychiatrist,psycho,rabbit,rat,robocop,rocketlauncher,securityguard,snake,sniper,soldier,storekeeper,surgeon,tank,train,trainer,tushkano,welder,wolf,worm,zombie,pan,robot,fireball,hunter

zone:0:100:0:100:0:100:arena
tile:0:100:0:100:0:0:deepsand
tile:0:0:0:100:0:0:metal5
tile:0:100:0:100:0:0:metal5 8-19-2020, 1:20:34 PM
ramil (ramil) sent /rawdata mapname:event2
maxx:1000
maxy:1000
maxz:1000
tile:0:100:0:100:0:0:tile
tile:0:100:0:100:0:0:metal5
robots:0:100:0:100:0:0:1:10000:Amphibian,bear,boxer,car,cat,cockroach,coyote,cyborg,dentist,doctor,dog,dragon,dragonfly,excavator,fitter,flamethrower,fly,gangster,glider,grandpa,gun,harvester,helicopter,horse,lion,manager,metallurgist,mosquito,moth,nurse,patient,polarbear,psychiatrist,psycho,rabbit,rat,robocop,rocketlauncher,securityguard,snake,sniper,soldier,storekeeper,surgeon,tank,train,trainer,tushkano,welder,wolf,worm,zombie,pan,robot,fireball,hunter
zone:0:1000:0:1000:0:100:arena
tile:0:1000:0:1000:0:0:metal5 8-19-2020, 1:22:28 PM
ramil (ramil) sent /robotinfo 8-19-2020, 1:23:03 PM
ramil (ramil) sent /rawdata mapname:event2
maxx:1000
maxy:1000
maxz:1000
tile:0:100:0:100:0:0:tile
tile:0:100:0:100:0:0:metal5
robots:0:1000:0:1000:0:0:1:10000:Amphibian,bear,boxer,car,cat,cockroach,coyote,cyborg,dentist,doctor,dog,dragon,dragonfly,excavator,fitter,flamethrower,fly,gangster,glider,grandpa,gun,harvester,helicopter,horse,lion,manager,metallurgist,mosquito,moth,nurse,patient,polarbear,psychiatrist,psycho,rabbit,rat,robocop,rocketlauncher,securityguard,snake,sniper,soldier,storekeeper,surgeon,tank,train,trainer,tushkano,welder,wolf,worm,zombie,pan,robot,fireball,hunter
zone:0:1000:0:1000:0:100:arena
tile:0:1000:0:1000:0:0:metal5 8-19-2020, 1:23:29 PM
ramil (ramil) sent /rawdata mapname:event2
maxx:1000
maxy:1000
maxz:1000
tile:0:100:0:100:0:0:tile
tile:0:100:0:100:0:0:metal5
robots:0:1000:0:1000:0:0:1:10000:Amphibian,bear,boxer,car,cat,cockroach,coyote,cyborg,dentist,doctor,dog,dragon,dragonfly,excavator,fitter,flamethrower,fly,gangster,glider,grandpa,gun,harvester,helicopter,horse,lion,manager,metallurgist,mosquito,moth,nurse,patient,polarbear,psychiatrist,psycho,rabbit,rat,robocop,rocketlauncher,securityguard,snake,sniper,soldier,storekeeper,surgeon,tank,train,trainer,tushkano,welder,wolf,worm,zombie,pan,robot,fireball,hunter
zone:0:1000:0:1000:0:100:arena
tile:0:1000:0:1000:0:0:metal5 8-19-2020, 1:26:17 PM
ramil (ramil) sent /move ramil 0 0 0 store 8-19-2020, 1:26:25 PM
ramil (ramil) sent /sethealth ramil 100000 8-19-2020, 1:52:12 PM
ramil (ramil) sent /bid 1000 8-19-2020, 1:53:33 PM
ramil (ramil) sent /bid 100000 8-19-2020, 1:53:39 PM
ramil (ramil) sent /sethealth ramil 100000 8-19-2020, 1:53:52 PM
ramil (ramil) sent /sethealth ramil 100000 8-19-2020, 1:53:59 PM
ramil (ramil) sent /sethealth ramil 100000 8-19-2020, 1:54:46 PM
ramil (ramil) sent /sethealth ramil 100000 8-19-2020, 1:55:01 PM
ramil (ramil) sent /where darkfrend 8-19-2020, 1:55:18 PM
ramil (ramil) sent /sethealth ramil 100000 8-19-2020, 1:55:27 PM
ramil (ramil) sent /sethealth ramil 100000 8-19-2020, 1:55:43 PM
ramil (ramil) sent /move ramil  1 40 8-19-2020, 1:56:16 PM
ramil (ramil) sent /sethealth ramil 100000 8-19-2020, 1:56:39 PM
ramil (ramil) sent /sethealth ramil 100000 8-19-2020, 1:57:48 PM
ramil (ramil) sent /sethealth ramil 100000 8-19-2020, 1:58:18 PM
ramil (ramil) sent /sethealth ramil 100000 8-19-2020, 1:58:35 PM
ramil (ramil) sent /move ramil 0 0 0 store 8-19-2020, 1:59:27 PM
ramil (ramil) sent /where franklin 8-19-2020, 1:59:54 PM
ramil (ramil) sent /move franklin 0 0 0 8-19-2020, 2:00:06 PM
ramil (ramil) sent /gnsubmit 33 8-19-2020, 2:02:42 PM
ramil (ramil) sent /sethealth ramil 100000 8-19-2020, 2:03:33 PM
ramil (ramil) sent /bid 2 8-19-2020, 2:05:13 PM
ramil (ramil) sent /sethealth ramil 100000 8-19-2020, 2:05:26 PM
ramil (ramil) sent /bid 40 8-19-2020, 2:05:34 PM
ramil (ramil) sent /bid 400000 8-19-2020, 2:05:39 PM
ramil (ramil) sent /sethealth ramil 100000 8-19-2020, 2:06:21 PM
ramil (ramil) sent /teamremove franklin 8-19-2020, 2:06:47 PM
ramil (ramil) sent /sethealth ramil 100000 8-19-2020, 2:07:35 PM
ramil (ramil) sent /sethealth ramil 100000 8-19-2020, 2:07:47 PM
ramil (ramil) sent /suicide 8-19-2020, 2:08:29 PM
ramil (ramil) sent /sethealth ramil 100000 8-19-2020, 2:08:35 PM
ramil (ramil) sent /sethealth ramil 100000 8-19-2020, 2:09:55 PM
ramil (ramil) sent /sethealth ramil 100000 8-19-2020, 2:11:15 PM
ramil (ramil) sent /sethealth ramil 100000 8-19-2020, 2:11:52 PM
ramil (ramil) sent /sethealth ramil 100000 8-19-2020, 2:12:02 PM
ramil (ramil) sent /sethealth ramil 100000 8-19-2020, 2:12:15 PM
ramil (ramil) sent /sethealth ramil 100000 8-19-2020, 2:13:05 PM
ramil (ramil) sent /sethealth ramil 100000] 8-19-2020, 2:13:11 PM
ramil (ramil) sent /where bolgelo 8-19-2020, 2:13:39 PM
ramil (ramil) sent /inv 8-19-2020, 2:13:53 PM
ramil (ramil) sent /inv 8-19-2020, 2:14:03 PM
ramil (ramil) sent /inv 8-19-2020, 2:14:09 PM
ramil (ramil) sent /inv 8-19-2020, 2:14:27 PM
ramil (ramil) sent /inv 8-19-2020, 2:14:30 PM
ramil (ramil) sent /inv 8-19-2020, 2:15:10 PM
ramil (ramil) sent /sethealth ramil 100000 8-19-2020, 2:15:16 PM
ramil (ramil) sent /sethealth ramil 100000 8-19-2020, 2:15:34 PM
ramil (ramil) sent /where bolgelo 8-19-2020, 2:15:47 PM
ramil (ramil) sent /move franklin 25 1 0 sklad 8-19-2020, 2:17:29 PM
ramil (ramil) sent /sethealth ramil 100000 8-19-2020, 2:18:01 PM
ramil (ramil) sent /sethealth ramil 100000 8-19-2020, 2:18:39 PM
ramil (ramil) sent /move ramil 30 30 0 store 8-19-2020, 2:18:48 PM
ramil (ramil) sent /move ramil 5 50 5 main 8-19-2020, 2:19:42 PM
ramil (ramil) sent /move ramil 223 449 2 8-19-2020, 2:19:58 PM
ramil (ramil) sent /move ramil 223 500 0 8-19-2020, 2:20:47 PM
ramil (ramil) sent /move ramil 223 449 100 8-19-2020, 2:23:10 PM
ramil (ramil) sent /sethealth ramil 100000 8-19-2020, 2:24:05 PM
ramil (ramil) sent /sethealth ramil 100000 8-19-2020, 2:24:27 PM
ramil (ramil) sent /sethealth ramil 100000 8-19-2020, 2:25:02 PM
ramil (ramil) sent /sethealth ramil 100000 8-19-2020, 2:26:55 PM
ramil (ramil) sent /sethealth ramil 100000 8-19-2020, 2:28:28 PM
ramil (ramil) sent /robotinfo 8-19-2020, 2:29:07 PM
ramil (ramil) sent /sethealth ramil 100000 8-19-2020, 2:29:55 PM
ramil (ramil) sent /sethealth ramil 100000 8-19-2020, 2:30:03 PM
ramil (ramil) sent /sethealth ramil 100000 8-19-2020, 2:30:27 PM
ramil (ramil) sent /sethealth ramil 100000 8-19-2020, 2:31:04 PM
ramil (ramil) sent /sethealth ramil 100000 8-19-2020, 2:31:15 PM
ramil (ramil) sent /move ramil 0 0 0 store 8-19-2020, 2:31:44 PM
ramil (ramil) sent /sethealth ramil 100000 8-19-2020, 2:31:46 PM
ramil (ramil) sent /killall 8-19-2020, 2:32:04 PM
ramil (ramil) sent /move ramil 223 150 0 8-19-2020, 2:33:25 PM
ramil (ramil) sent /move ramil 0 0 0 store 8-19-2020, 2:33:38 PM
ramil (ramil) sent /move ramil 0 0 0 test3 8-19-2020, 2:39:32 PM
ramil (ramil) sent /move ramil 0 0 0 test2 8-19-2020, 2:39:47 PM
ramil (ramil) sent /move ramil 0 0 0 store 8-19-2020, 2:40:01 PM
ramil (ramil) sent /move ramil 223 449 2 8-19-2020, 2:45:00 PM
ramil (ramil) sent /inv 8-19-2020, 2:45:52 PM
ramil (ramil) sent /inv 8-19-2020, 2:47:15 PM
ramil (ramil) sent /sethealth ramil 100000 8-19-2020, 2:47:18 PM
ramil (ramil) sent /sethealth ramil 100000 8-19-2020, 2:47:28 PM
ramil (ramil) sent /inv 8-19-2020, 2:48:42 PM
ramil (ramil) sent /move ramil 0 0 0 just_test 8-19-2020, 2:49:04 PM
ramil (ramil) sent /inv 8-19-2020, 2:49:06 PM
ramil (ramil) sent /sethealth ramil 100000 8-19-2020, 2:50:04 PM
ramil (ramil) sent /move ramil 27 40 0 cave1 8-19-2020, 2:50:16 PM
ramil (ramil) sent /move ramil 27 40 0 cave 8-19-2020, 2:50:28 PM
ramil (ramil) sent /sethealth ramil 100000 8-19-2020, 2:51:18 PM
ramil (ramil) sent /sethealth ramil 100000 8-19-2020, 2:54:21 PM
ramil (ramil) sent /sethealth ramil 100000 8-19-2020, 2:54:37 PM
ramil (ramil) sent /robotinfo 8-19-2020, 2:54:54 PM
ramil (ramil) sent /sethealth ramil 100000 8-19-2020, 2:54:58 PM
ramil (ramil) sent /robotinfo 8-19-2020, 2:56:17 PM
ramil (ramil) sent /move ramil 7 150 150 8-19-2020, 2:57:48 PM
ramil (ramil) sent /move ramil 250 499 0 8-19-2020, 2:58:18 PM
ramil (ramil) sent /move ramil 50 499 0 8-19-2020, 2:58:29 PM
ramil (ramil) sent /sethealth ramil 100000 8-19-2020, 3:00:18 PM
ramil (ramil) sent /move ramil 0 0 0 test3 8-19-2020, 3:02:22 PM
ramil (ramil) sent /rawmap 8-19-2020, 3:07:42 PM
ramil (ramil) sent /rawdata mapname:test3
maxx:30
maxy:30
maxz:0
tile:0:30:0:30:0:0:grass
tile:0:30:0:30:0:0:concrete18
src:0:30:0:30:0:0:shelteramb1.ogg
tile:0:0:0:0:0:100:dirt
tile:0:30:0:30:100:100:concrete3 8-19-2020, 3:08:11 PM
ramil (ramil) sent /sethealth ramil 100000 8-19-2020, 3:08:22 PM
ramil (ramil) sent /sethealth ramil 100000 8-19-2020, 3:08:33 PM
ramil (ramil) sent /sethealth ramil 100000 8-19-2020, 3:08:39 PM
ramil (ramil) sent /sethealth ramil 100000 8-19-2020, 3:08:45 PM
ramil (ramil) sent /sethealth ramil 100000 8-19-2020, 3:09:51 PM
ramil (ramil) sent /move ramil 0 0 0 zalp 8-19-2020, 3:10:46 PM
ramil (ramil) sent /sethealth ramil 100000 8-19-2020, 3:11:44 PM
ramil (ramil) sent /sethealth ramil 100000 8-19-2020, 3:12:27 PM
ramil (ramil) sent /inv 8-19-2020, 3:12:34 PM
ramil (ramil) sent /inv 8-19-2020, 3:15:04 PM
ramil (ramil) sent /onv 8-19-2020, 3:15:50 PM
ramil (ramil) sent /inv 8-19-2020, 3:15:52 PM
ramil (ramil) sent /inv 8-19-2020, 3:15:55 PM
ramil (ramil) sent /inv 8-19-2020, 3:15:56 PM
ramil (ramil) sent /inv 8-19-2020, 3:15:59 PM
ramil (ramil) sent /oinv 8-19-2020, 3:16:03 PM
ramil (ramil) sent /inv 8-19-2020, 3:16:06 PM
ramil (ramil) sent /inv 8-19-2020, 3:16:46 PM
ramil (ramil) sent /inv 8-19-2020, 3:17:36 PM
ramil (ramil) sent /sethealth ramil 100000 8-19-2020, 3:17:42 PM
ramil (ramil) sent /inv 8-19-2020, 3:17:44 PM
ramil (ramil) sent /inv 8-19-2020, 3:17:46 PM
ramil (ramil) sent /inv 8-19-2020, 3:17:52 PM
ramil (ramil) sent /inv 8-19-2020, 3:17:54 PM
ramil (ramil) sent /inv 8-19-2020, 3:17:59 PM
ramil (ramil) sent /admingun 8-19-2020, 3:18:41 PM
ramil (ramil) sent /move ramil 0 0 0 just_test 8-19-2020, 3:20:25 PM
ramil (ramil) sent /sethealth ramil 100000 8-19-2020, 3:20:39 PM
ramil (ramil) sent /inv 8-19-2020, 3:22:52 PM
ramil (ramil) sent /move ramil 25 1 0 sklad 8-19-2020, 3:22:58 PM
ramil (ramil) sent /inv 8-19-2020, 3:25:07 PM
ramil (ramil) sent /in 8-19-2020, 3:25:52 PM
ramil (ramil) sent /ivn 8-19-2020, 3:25:53 PM
ramil (ramil) sent /inv 8-19-2020, 3:25:58 PM
ramil (ramil) sent /move ramil 0 0 0 0store 8-19-2020, 3:26:44 PM
ramil (ramil) sent /move ramil 0 0 0 store 8-19-2020, 3:26:53 PM
ramil (ramil) sent /killobjs 8-19-2020, 3:28:15 PM
ramil (ramil) sent /killall 8-19-2020, 3:29:16 PM
ramil (ramil) sent /sethealth ramil 100000 8-19-2020, 3:30:19 PM
ramil (ramil) sent /sethealth ramil 100000 8-19-2020, 3:30:57 PM
ramil (ramil) sent /bid 110000000 8-19-2020, 3:34:42 PM
ramil (ramil) sent /cancelbid 8-19-2020, 3:35:04 PM
ramil (ramil) sent /gnsubmit 33 8-19-2020, 3:36:55 PM
ramil (ramil) sent /sethealth ramil 100000 8-19-2020, 3:39:57 PM
ramil (ramil) sent /where vektor 8-19-2020, 3:40:05 PM
ramil (ramil) sent /where vector 8-19-2020, 3:40:25 PM
ramil (ramil) sent /move ramil 0 0 0 event 8-19-2020, 3:41:22 PM
ramil (ramil) sent /inv 8-19-2020, 3:41:23 PM
ramil (ramil) sent /rawmap 8-19-2020, 3:41:50 PM
ramil (ramil) sent /rawdata mapname:event2
maxx:200
maxy:00
maxz:200
tile:0:100:0:100:0:0:tile
tile:0:100:0:100:0:0:metal5
robots:0:1000:0:1000:0:0:1:10000:Amphibian,bear,boxer,car,cat,cockroach,coyote,cyborg,dentist,doctor,dog,dragon,dragonfly,excavator,fitter,flamethrower,fly,gangster,glider,grandpa,gun,harvester,helicopter,horse,lion,manager,metallurgist,mosquito,moth,nurse,patient,polarbear,psychiatrist,psycho,rabbit,rat,robocop,rocketlauncher,securityguard,snake,sniper,soldier,storekeeper,surgeon,tank,train,trainer,tushkano,welder,wolf,worm,zombie,pan,robot,fireball,hunter
zone:0:1000:0:1000:0:100:arena 8-19-2020, 3:43:22 PM
ramil (ramil) sent /inv 8-19-2020, 3:43:30 PM
ramil (ramil) sent /inv 8-19-2020, 3:45:25 PM
ramil (ramil) sent /robotinfo 8-19-2020, 3:45:33 PM
ramil (ramil) sent /inv 8-19-2020, 3:46:16 PM
ramil (ramil) sent /robotinfo 8-19-2020, 3:48:12 PM
ramil (ramil) sent /robotinfo 8-19-2020, 3:48:20 PM
ramil (ramil) sent /robotinfo 8-19-2020, 3:48:41 PM
ramil (ramil) sent /robotinfo 8-19-2020, 3:49:22 PM
ramil (ramil) sent /robotinfo 8-19-2020, 3:49:34 PM
ramil (ramil) sent /robotinfo 8-19-2020, 3:50:04 PM
ramil (ramil) sent /robotinfo 8-19-2020, 3:50:18 PM
ramil (ramil) sent /robotinfo 8-19-2020, 3:50:33 PM
ramil (ramil) sent /robotinfo 8-19-2020, 3:50:36 PM
ramil (ramil) sent /robotinfo 8-19-2020, 3:50:52 PM
ramil (ramil) sent /robotinfo 8-19-2020, 3:52:28 PM
ramil (ramil) sent /inv 8-19-2020, 3:52:59 PM
ramil (ramil) sent /inv 8-19-2020, 3:53:13 PM
ramil (ramil) sent /move ramil 0 0 0 event 8-19-2020, 3:53:35 PM
ramil (ramil) sent /robotinfo 8-19-2020, 3:54:07 PM
ramil (ramil) sent /robotinfo 8-19-2020, 3:55:17 PM
ramil (ramil) sent /killall 8-19-2020, 3:55:37 PM
ramil (ramil) sent /robotinfo 8-19-2020, 3:55:44 PM
ramil (ramil) sent /move ramil 0 0 0 store 8-19-2020, 3:56:22 PM
ramil (ramil) sent /move ramil 0 0 0 store 8-19-2020, 3:58:42 PM
ramil (ramil) sent /enablerobots 8-19-2020, 4:02:18 PM
ramil (ramil) sent /joinevent 4056 8-19-2020, 4:02:58 PM
ramil (ramil) sent /sethealth ramil 1000000 8-19-2020, 4:06:52 PM
ramil (ramil) sent /inv 8-19-2020, 4:10:07 PM
ramil (ramil) sent /inv 8-19-2020, 4:10:14 PM
ramil (ramil) sent /sethealth ramil 1000000 8-19-2020, 4:10:29 PM
ramil (ramil) sent /sethealth ramil 1000000 8-19-2020, 4:13:49 PM
ramil (ramil) sent /sethealth ramil 1000000 8-19-2020, 4:14:52 PM
ramil (ramil) sent /move ramil 0 0 0 8-19-2020, 4:16:13 PM
ramil (ramil) sent /sethealth ramil 1000000 8-19-2020, 4:16:37 PM
ramil (ramil) sent /sethealth ramil 1000000 8-19-2020, 4:16:43 PM
ramil (ramil) sent /sethealth ramil 1000000 8-19-2020, 4:16:45 PM
ramil (ramil) sent /inv 8-19-2020, 4:16:47 PM
ramil (ramil) sent /sethealth ramil 1000000 8-19-2020, 4:16:52 PM
ramil (ramil) sent /inv 8-19-2020, 4:16:54 PM
ramil (ramil) sent /sethealth ramil 1000000 8-19-2020, 4:17:44 PM
ramil (ramil) sent /sethealth ramil 1000000 8-19-2020, 4:18:03 PM
ramil (ramil) sent /teams 8-19-2020, 4:19:06 PM
ramil (ramil) sent /move ramil 0 0 0 8-19-2020, 4:22:05 PM
ramil (ramil) sent /sethealth ramil 1000000 8-19-2020, 4:22:14 PM
ramil (ramil) sent /move ramil 0 0 0 8-19-2020, 4:22:56 PM
ramil (ramil) sent /move ramil 0 0 0 8-19-2020, 4:23:15 PM
ramil (ramil) sent /sethealth ramil 1000000 8-19-2020, 4:23:20 PM
ramil (ramil) sent /sethealth ramil 1000000 8-19-2020, 4:23:36 PM
ramil (ramil) sent /move ramiol 0 0 0 8-19-2020, 4:23:55 PM
ramil (ramil) sent /sethealth ramil 1000000 8-19-2020, 4:23:59 PM
ramil (ramil) sent /sethealth ramil 1000000 8-19-2020, 4:24:56 PM
ramil (ramil) sent /sethealth ramil 1000000 8-19-2020, 4:25:20 PM
ramil (ramil) sent /sethealth ramil 1000000 8-19-2020, 4:25:29 PM
ramil (ramil) sent /joinevent 4056 8-19-2020, 4:32:43 PM
ramil (ramil) sent /sethealth ramil 1000000 8-19-2020, 4:32:58 PM
ramil (ramil) sent /sethealth ramil 1000000] 8-19-2020, 4:33:04 PM
ramil (ramil) sent /sethealth ramil 100000 8-19-2020, 5:21:40 PM
ramil (ramil) sent /where franklin 8-19-2020, 5:22:22 PM
ramil (ramil) sent /sethealth ramil 100000 8-19-2020, 5:24:21 PM
ramil (ramil) sent /inv 8-19-2020, 5:24:35 PM
ramil (ramil) sent /inv 8-19-2020, 5:25:22 PM
ramil (ramil) sent /inv 8-19-2020, 5:25:32 PM
ramil (ramil) sent /give ramil zulfikar 1 8-19-2020, 5:26:55 PM
ramil (ramil) sent /inv 8-19-2020, 5:27:07 PM
ramil (ramil) sent /where bolgelo 8-19-2020, 5:53:17 PM
ramil (ramil) sent /where trevor 8-19-2020, 5:53:28 PM
ramil (ramil) sent /move ramil 29 100 -31 8-19-2020, 5:53:50 PM
ramil (ramil) sent /move ramil 0 0 0 8-19-2020, 5:53:57 PM
ramil (ramil) sent /move ramil 0 0 0 stoew 8-19-2020, 5:54:55 PM
ramil (ramil) sent /move ramil 0 100 0 8-19-2020, 5:55:15 PM
ramil (ramil) sent /move ramil 0 100 0 8-19-2020, 5:55:55 PM
ramil (ramil) sent /sethealth ramil 100000 8-19-2020, 5:56:11 PM
ramil (ramil) sent /teams 8-19-2020, 5:58:09 PM
ramil (ramil) sent /move ramil 0 0 0 zalp 8-19-2020, 5:59:11 PM
ramil (ramil) sent /sethealth ramil 100000 8-19-2020, 5:59:46 PM
ramil (ramil) sent /sethealth ramil 100000 8-19-2020, 6:00:40 PM
ramil (ramil) sent /move ramil 5 30 0 store 8-19-2020, 6:00:55 PM
ramil (ramil) sent /move ramil 15 30 0 8-19-2020, 6:01:19 PM
ramil (ramil) sent /sethealth ramil 100000 8-19-2020, 6:01:27 PM
ramil (ramil) sent /move ramil 25 25 0 zalp 8-19-2020, 6:01:41 PM
ramil (ramil) sent /sethealth ramil 100000 8-19-2020, 6:01:55 PM
ramil (ramil) sent /inv 8-19-2020, 6:02:07 PM
ramil (ramil) sent /inv 8-19-2020, 6:02:12 PM
ramil (ramil) sent /move ramil 0 0 0 store 8-19-2020, 6:02:22 PM
ramil (ramil) sent /move ramil 0 0 0 8-19-2020, 6:02:50 PM
ramil (ramil) sent /sethealth ramil 100000 8-19-2020, 6:02:53 PM
ramil (ramil) sent /sethealth ramil 100000 8-19-2020, 6:03:37 PM
ramil (ramil) sent /move ramil 0 0 0 store 8-19-2020, 6:04:26 PM
ramil (ramil) sent /move ramil 0 100 0 8-19-2020, 6:04:48 PM
ramil (ramil) sent /move ramil 0 0 0 store 8-19-2020, 6:05:37 PM
ramil (ramil) sent /teams 8-19-2020, 6:06:26 PM
ramil (ramil) sent /move ramil 223 449 2 main 8-19-2020, 6:06:59 PM
ramil (ramil) sent /sethealth ramil 100000 8-19-2020, 6:08:00 PM
ramil (ramil) sent /invv 8-19-2020, 6:09:47 PM
ramil (ramil) sent /inv 8-19-2020, 6:09:51 PM
ramil (ramil) sent /sethealth ramil 100000 8-19-2020, 6:09:57 PM
ramil (ramil) sent /inv 8-19-2020, 6:10:32 PM
ramil (ramil) sent /move ramil 11 11 0 8-19-2020, 6:11:05 PM
ramil (ramil) sent /sethealth ramil 100000 8-19-2020, 6:13:22 PM
ramil (ramil) sent /sethealth ramil 100000 8-19-2020, 6:13:52 PM
ramil (ramil) sent /sethealth ramil 100000 8-19-2020, 6:13:55 PM
ramil (ramil) sent /sethealth ramil 100000 8-19-2020, 6:14:17 PM
ramil (ramil) sent /bid 300000 8-19-2020, 6:15:54 PM
ramil (ramil) sent /bid 100000 8-19-2020, 6:17:24 PM
ramil (ramil) sent /cancelbid 8-19-2020, 6:17:31 PM
ramil (ramil) sent /bid 1000000 8-19-2020, 6:17:55 PM
ramil (ramil) sent /cancelbid 8-19-2020, 6:17:59 PM
ramil (ramil) sent /bid 2000000 8-19-2020, 6:18:20 PM
ramil (ramil) sent /cancelbid 8-19-2020, 6:18:26 PM
ramil (ramil) sent /move ramil 50 499 0 8-19-2020, 6:18:54 PM
ramil (ramil) sent /inv 8-19-2020, 6:19:07 PM
ramil (ramil) sent /auctioncancel 8-19-2020, 6:19:43 PM
ramil (ramil) sent /auctioncancel 8-19-2020, 6:20:16 PM
ramil (ramil) sent /inv 8-19-2020, 6:20:27 PM
ramil (ramil) sent /inv 8-19-2020, 6:20:33 PM
ramil (ramil) sent /cancelauction 8-19-2020, 6:20:43 PM
ramil (ramil) sent /inv 8-19-2020, 6:20:48 PM
ramil (ramil) sent /inv 8-19-2020, 6:20:56 PM
ramil (ramil) sent /killall 8-19-2020, 6:21:00 PM
ramil (ramil) sent /killall 8-19-2020, 6:21:14 PM
ramil (ramil) sent /killall 8-19-2020, 6:21:38 PM
ramil (ramil) sent /killall 8-19-2020, 6:21:46 PM
ramil (ramil) sent /move ramil 0 0 0 store 8-19-2020, 6:21:58 PM
ramil (ramil) sent /inv 8-19-2020, 6:22:06 PM
ramil (ramil) sent /move ramil 223 449 2 8-19-2020, 6:22:24 PM
ramil (ramil) sent /sethealth ramil 100000 8-19-2020, 6:23:02 PM
ramil (ramil) sent /move ramil 223 443 0 8-19-2020, 6:23:10 PM
ramil (ramil) sent /move ramil 223 443 0 main 8-19-2020, 6:23:20 PM
ramil (ramil) sent /sethealth ramil 100000 8-19-2020, 6:23:45 PM
ramil (ramil) sent /give ramil mine 300 8-19-2020, 6:24:34 PM
ramil (ramil) sent /give ramil motion_bomb 200 8-19-2020, 6:25:39 PM
ramil (ramil) sent /sethealth ramil 100000 8-19-2020, 6:26:20 PM
ramil (ramil) sent /sethealth ramil 100000 8-19-2020, 6:26:47 PM
ramil (ramil) sent /sethealth ramil 100000 8-19-2020, 6:28:46 PM
ramil (ramil) sent /sethealth ramil 100000 8-19-2020, 6:29:42 PM
ramil (ramil) sent /sethealth ramil 100000 8-19-2020, 6:30:47 PM
ramil (ramil) sent /give ramil mine 2000 8-19-2020, 6:33:03 PM
ramil (ramil) sent /sethealth ramil 100000 8-19-2020, 6:36:00 PM
ramil (ramil) sent /move ramil 223 449 0 8-19-2020, 6:38:00 PM
ramil (ramil) sent /inv 8-19-2020, 6:39:22 PM
ramil (ramil) sent /inv 8-19-2020, 6:39:59 PM
ramil (ramil) sent /inv 8-19-2020, 6:40:06 PM
ramil (ramil) sent /pm franklin mine playst 8-19-2020, 6:41:45 PM
ramil (ramil) sent /inv 8-19-2020, 6:43:18 PM
ramil (ramil) sent /inv 8-19-2020, 6:43:56 PM
ramil (ramil) sent /inv 8-19-2020, 6:44:03 PM
ramil (ramil) sent /inv 8-19-2020, 6:44:39 PM
ramil (ramil) sent /inv 8-19-2020, 6:44:46 PM
ramil (ramil) sent /move ramil 0 35 0 8-19-2020, 6:46:56 PM
ramil (ramil) sent /killall 8-19-2020, 6:47:29 PM
ramil (ramil) sent /move ramil 223 449 2 8-19-2020, 6:47:45 PM
ramil (ramil) sent /inv 8-19-2020, 6:48:30 PM
ramil (ramil) sent /killall 8-19-2020, 6:48:33 PM
ramil (ramil) sent /shockwave 8-19-2020, 6:48:55 PM
ramil (ramil) sent /inv 8-19-2020, 6:49:45 PM
ramil (ramil) sent /inv 8-19-2020, 6:50:02 PM
ramil (ramil) sent /inv 8-19-2020, 6:50:04 PM
ramil (ramil) sent /move ramil 0 0 0 store 8-19-2020, 6:50:24 PM
ramil (ramil) sent /inv 8-19-2020, 6:51:16 PM
ramil (ramil) sent /move ramil 0 0 0 store 8-19-2020, 6:51:21 PM
ramil (ramil) sent /inv 8-19-2020, 6:51:23 PM
ramil (ramil) sent /enablerobots 8-19-2020, 6:57:51 PM
ramil (ramil) sent /sethealth ramil 100000 8-19-2020, 6:58:36 PM
ramil (ramil) sent /sethealth ramil 100000 8-19-2020, 6:59:10 PM
ramil (ramil) sent /killobjs 8-19-2020, 6:59:38 PM
ramil (ramil) sent /sethealth ramil 100000 8-19-2020, 6:59:58 PM
ramil (ramil) sent /sethealth ramil 100000 8-19-2020, 7:01:44 PM
ramil (ramil) sent /killobjs 8-19-2020, 7:01:51 PM
ramil (ramil) sent /sethealth ramil 100000 8-19-2020, 7:02:09 PM
ramil (ramil) sent /sethealth ramil 100000 8-19-2020, 7:31:19 PM
ramil (ramil) sent /notify я не могу. 8-19-2020, 7:31:54 PM
ramil (ramil) sent /move trevor 25 1 0 sklad 8-19-2020, 7:33:40 PM
ramil (ramil) sent /move ramil 25 1 0 sklad 8-19-2020, 7:34:37 PM
ramil (ramil) sent /inv 8-19-2020, 7:34:40 PM
ramil (ramil) sent /pm  trevor не бойся. 8-19-2020, 7:35:02 PM
ramil (ramil) sent /pm  trevor я в инв 8-19-2020, 7:35:08 PM
ramil (ramil) sent /killall 8-19-2020, 7:35:14 PM
ramil (ramil) sent /killall 8-19-2020, 7:35:38 PM
ramil (ramil) sent /killall 8-19-2020, 7:36:08 PM
ramil (ramil) sent /sethealth ramil 100000 8-19-2020, 7:36:13 PM
ramil (ramil) sent /killall 8-19-2020, 7:36:17 PM
ramil (ramil) sent /killall 8-19-2020, 7:36:29 PM
ramil (ramil) sent /pm  trevor no 8-19-2020, 7:36:42 PM
ramil (ramil) sent /inv 8-19-2020, 7:37:19 PM
ramil (ramil) sent /killall 8-19-2020, 7:37:23 PM
ramil (ramil) sent /killall 8-19-2020, 7:37:54 PM
ramil (ramil) sent /give ramil zulfikar 1 8-19-2020, 7:38:43 PM
ramil (ramil) sent /inv 8-19-2020, 7:38:45 PM
ramil (ramil) sent /cancelauction 8-19-2020, 7:39:03 PM
ramil (ramil) sent /cancelauction 8-19-2020, 7:39:25 PM
ramil (ramil) sent /inv 8-19-2020, 7:39:56 PM
ramil (ramil) sent /inv 8-19-2020, 7:40:14 PM
ramil (ramil) sent /inv 8-19-2020, 7:40:20 PM
ramil (ramil) sent /move trevor 25 1 0 sklad 8-19-2020, 7:40:32 PM
ramil (ramil) sent /in 8-19-2020, 7:40:59 PM
ramil (ramil) sent /inv 8-19-2020, 7:41:00 PM
ramil (ramil) sent /inv 8-19-2020, 7:41:05 PM
ramil (ramil) sent /inv 8-19-2020, 7:41:29 PM
ramil (ramil) sent /inv 8-19-2020, 7:41:32 PM
ramil (ramil) sent /inv 8-19-2020, 7:42:04 PM
ramil (ramil) sent /inv 8-19-2020, 7:42:18 PM
ramil (ramil) sent /inv 8-19-2020, 7:43:03 PM
ramil (ramil) sent /inv 8-19-2020, 7:43:23 PM
ramil (ramil) sent /inv 8-19-2020, 7:43:51 PM
ramil (ramil) sent /inv 8-19-2020, 7:44:45 PM
ramil (ramil) sent /inv] 8-19-2020, 7:44:54 PM
ramil (ramil) sent /inv 8-19-2020, 7:44:59 PM
ramil (ramil) sent /inv 8-19-2020, 7:45:02 PM
ramil (ramil) sent /inv 8-19-2020, 7:45:39 PM
ramil (ramil) sent /inv 8-19-2020, 7:46:32 PM
ramil (ramil) sent /inv 8-19-2020, 7:46:36 PM
ramil (ramil) sent /sethealth ramil 100000 8-19-2020, 7:46:47 PM
ramil (ramil) sent /move trevor 25 1 0 sklad 8-19-2020, 7:47:02 PM
ramil (ramil) sent /move ramil 25 1 0 sklad 8-19-2020, 7:47:23 PM
ramil (ramil) sent /inv 8-19-2020, 7:47:24 PM
ramil (ramil) sent /move trevor 25 1 0 sklad 8-19-2020, 7:47:49 PM
ramil (ramil) sent /sethealth ramil 100000 8-19-2020, 7:48:03 PM
ramil (ramil) sent /move trevor 25 1 0 sklad 8-19-2020, 7:48:15 PM
ramil (ramil) sent /inv 8-19-2020, 7:49:21 PM
ramil (ramil) sent /inv 8-19-2020, 7:49:25 PM
ramil (ramil) sent /killall 8-19-2020, 7:49:29 PM
ramil (ramil) sent /inv 8-19-2020, 7:49:44 PM
ramil (ramil) sent /ojv 8-19-2020, 7:49:47 PM
ramil (ramil) sent /inv 8-19-2020, 7:49:50 PM
ramil (ramil) sent /killall 8-19-2020, 7:49:53 PM
ramil (ramil) sent /killall 8-19-2020, 7:50:00 PM
ramil (ramil) sent /sethealth ramil 100000 8-19-2020, 7:50:33 PM
ramil (ramil) sent /killall 8-19-2020, 7:51:28 PM
ramil (ramil) sent /cancelauction 8-19-2020, 7:51:57 PM
ramil (ramil) sent /inv 8-19-2020, 7:54:27 PM
ramil (ramil) sent /rawma 8-19-2020, 7:55:27 PM
ramil (ramil) sent /rawmap 8-19-2020, 7:55:42 PM
ramil (ramil) sent /killall 8-19-2020, 7:55:46 PM
ramil (ramil) sent /bid 10000000 8-19-2020, 7:55:59 PM
ramil (ramil) sent /rawdata mapname:sklad
maxx:50
maxy:50
maxz:50
tile:0:50:0:50:0:0:metal1
src:0:50:0:50:0:50:corridor.ogg
tile:0:0:0:50:0:50:wallmetal9
tile:0:50:0:0:0:50:wallmetal9
tile:50:50:0:50:0:50:wallmetal9
tile:0:50:50:50:0:50:wallmedaldebris
tile:0:50:50:50:0:50:wallmetal9
tile:1:49:49:49:0:25:metal2
tile:1:49:1:48:25:25:metal1
ispawn:1:49:1:48:25:25:60:30:fnminimilight:cannon:sky_28_laser:small_dagger:spear:knife:hammer:glock_17_pistol:stp106_long_barreled_pistol:cyanide_pistol:colt_ar_15_assault_rifle:nak_nk1000_decimater:beretta_m1951_machine_pistol:zulfikar:sky_127_laser_handgun:sky_286_laser_pistol:sky_372_laser_machinegun:sky_386_laser_assault_rifle:sky_429_laser_shotgun
ispawn:1:49:1:48:0:0:30:20:pack_of_30_ammo_fnminimilight:pack_of_30_ammo_sky_28_laser:pack_of_30_ammo_glock_17_pistol:pack_of_30_ammo_stp106_long_barreled_pistol:pack_of_30_ammo_cyanide_pistol:pack_of_30_ammo_colt_ar_15_assault_rifle:pack_of_30_ammo_nak_nk1000_decimater:pack_of_30_ammo_beretta_m1951_machine_pistol:pack_of_30_ammo_crossbow:pack_of_30_ammo_sniper:pack_of_30_ammo_mlk_207_combat_rifle:pack_of_30_ammo_cop_357_derringer_pistol:pack_of_30_ammo_sig_p226_combat_pistol:pack_of_30_ammo_taser:pack_of_30_ammo_modern_sub_machine_gun_carbine:pack_of_30_ammo_gauss:pack_of_30_ammo_m79_grenade_launcher:pack_of_30_ammo_str_301_long_barreled_machine_pistol:pack_of_30_ammo_shotgun:pack_of_30_ammo_stp21_handgun:pack_of_30_ammo_beretta_nano_pocket_pistol:pack_of_30_ammo_ags30
travelpoint:20:30:1:1:0:0:cave6:45:24:0:you open the gate and go out into the fresh air
zone:0:50:0:50:0:50:warehouse
tile:0:50:0:50:50:50:roof3
zone:20:30:1:1:0:10:gate
tile:20:30:0:0:0:10:wallgate
robots:1:49:1:49:0:0:1:10000:cockroach,dog,hunter,securityguard,rabbit
 8-19-2020, 8:00:17 PM
ramil (ramil) sent /killobjs 8-19-2020, 8:03:35 PM
ramil (ramil) sent /inv 8-19-2020, 8:03:39 PM
ramil (ramil) sent /rawdata mapname:sklad
maxx:50
maxy:50
maxz:50
tile:0:50:0:50:0:0:metal1
src:0:50:0:50:0:50:corridor.ogg
tile:0:0:0:50:0:50:wallmetal9
tile:0:50:0:0:0:50:wallmetal9
tile:50:50:0:50:0:50:wallmetal9
tile:0:50:50:50:0:50:wallmedaldebris
tile:0:50:50:50:0:50:wallmetal9
tile:1:49:49:49:0:25:metal2
tile:1:49:1:48:25:25:metal1
ispawn:1:49:1:48:25:25:20:30:fnminimilight:cannon:sky_28_laser:small_dagger:spear:knife:hammer:glock_17_pistol:stp106_long_barreled_pistol:cyanide_pistol:colt_ar_15_assault_rifle:nak_nk1000_decimater:beretta_m1951_machine_pistol:zulfikar:sky_127_laser_handgun:sky_286_laser_pistol:sky_372_laser_machinegun:sky_386_laser_assault_rifle:sky_429_laser_shotgun
ispawn:1:49:1:48:0:0:10:20:pack_of_30_ammo_fnminimilight:pack_of_30_ammo_sky_28_laser:pack_of_30_ammo_glock_17_pistol:pack_of_30_ammo_stp106_long_barreled_pistol:pack_of_30_ammo_cyanide_pistol:pack_of_30_ammo_colt_ar_15_assault_rifle:pack_of_30_ammo_nak_nk1000_decimater:pack_of_30_ammo_beretta_m1951_machine_pistol:pack_of_30_ammo_crossbow:pack_of_30_ammo_sniper:pack_of_30_ammo_mlk_207_combat_rifle:pack_of_30_ammo_cop_357_derringer_pistol:pack_of_30_ammo_sig_p226_combat_pistol:pack_of_30_ammo_taser:pack_of_30_ammo_modern_sub_machine_gun_carbine:pack_of_30_ammo_gauss:pack_of_30_ammo_m79_grenade_launcher:pack_of_30_ammo_str_301_long_barreled_machine_pistol:pack_of_30_ammo_shotgun:pack_of_30_ammo_stp21_handgun:pack_of_30_ammo_beretta_nano_pocket_pistol:pack_of_30_ammo_ags30
travelpoint:20:30:1:1:0:0:cave6:45:24:0:you open the gate and go out into the fresh air
zone:0:50:0:50:0:50:warehouse
tile:0:50:0:50:50:50:roof3
zone:20:30:1:1:0:10:gate
tile:20:30:0:0:0:10:wallgate
robots:1:49:1:49:0:0:1:10000:cockroach,dog,hunter,securityguard,rabbit
 8-19-2020, 8:06:29 PM
ramil (ramil) sent /rawdata mapname:sklad
maxx:50
maxy:50
maxz:50
tile:0:50:0:50:0:0:metal1
src:0:50:0:50:0:50:corridor.ogg
tile:0:0:0:50:0:50:wallmetal9
tile:0:50:0:0:0:50:wallmetal9
tile:50:50:0:50:0:50:wallmetal9
tile:0:50:50:50:0:50:wallmedaldebris
tile:0:50:50:50:0:50:wallmetal9
tile:1:49:49:49:0:25:metal2
tile:1:49:1:48:25:25:metal1
ispawn:1:49:1:48:25:25:20:180:fnminimilight:cannon:sky_28_laser:small_dagger:spear:knife:hammer:glock_17_pistol:stp106_long_barreled_pistol:cyanide_pistol:colt_ar_15_assault_rifle:nak_nk1000_decimater:beretta_m1951_machine_pistol:zulfikar:sky_127_laser_handgun:sky_286_laser_pistol:sky_372_laser_machinegun:sky_386_laser_assault_rifle:sky_429_laser_shotgun
ispawn:1:49:1:48:0:0:10:120:pack_of_30_ammo_fnminimilight:pack_of_30_ammo_sky_28_laser:pack_of_30_ammo_glock_17_pistol:pack_of_30_ammo_stp106_long_barreled_pistol:pack_of_30_ammo_cyanide_pistol:pack_of_30_ammo_colt_ar_15_assault_rifle:pack_of_30_ammo_nak_nk1000_decimater:pack_of_30_ammo_beretta_m1951_machine_pistol:pack_of_30_ammo_crossbow:pack_of_30_ammo_sniper:pack_of_30_ammo_mlk_207_combat_rifle:pack_of_30_ammo_cop_357_derringer_pistol:pack_of_30_ammo_sig_p226_combat_pistol:pack_of_30_ammo_taser:pack_of_30_ammo_modern_sub_machine_gun_carbine:pack_of_30_ammo_gauss:pack_of_30_ammo_m79_grenade_launcher:pack_of_30_ammo_str_301_long_barreled_machine_pistol:pack_of_30_ammo_shotgun:pack_of_30_ammo_stp21_handgun:pack_of_30_ammo_beretta_nano_pocket_pistol:pack_of_30_ammo_ags30
travelpoint:20:30:1:1:0:0:cave6:45:24:0:you open the gate and go out into the fresh air
zone:0:50:0:50:0:50:warehouse
tile:0:50:0:50:50:50:roof3
zone:20:30:1:1:0:10:gate
tile:20:30:0:0:0:10:wallgate
robots:1:49:1:49:0:0:1:10000:cockroach,dog,hunter,securityguard,rabbit
 8-19-2020, 8:07:34 PM
ramil (ramil) sent /killall 8-19-2020, 8:07:40 PM
ramil (ramil) sent /killobjs 8-19-2020, 8:07:44 PM
ramil (ramil) sent /killobjs 8-19-2020, 8:07:49 PM
ramil (ramil) sent /rawdata mapname:sklad
maxx:50
maxy:50
maxz:50
tile:0:50:0:50:0:0:metal1
src:0:50:0:50:0:50:corridor.ogg
tile:0:0:0:50:0:50:wallmetal9
tile:0:50:0:0:0:50:wallmetal9
tile:50:50:0:50:0:50:wallmetal9
tile:0:50:50:50:0:50:wallmedaldebris
tile:0:50:50:50:0:50:wallmetal9
tile:1:49:49:49:0:25:metal2
tile:1:49:1:48:25:25:metal1
ispawn:1:49:1:48:25:25:5:180:fnminimilight:cannon:sky_28_laser:small_dagger:spear:knife:hammer:glock_17_pistol:stp106_long_barreled_pistol:cyanide_pistol:colt_ar_15_assault_rifle:nak_nk1000_decimater:beretta_m1951_machine_pistol:zulfikar:sky_127_laser_handgun:sky_286_laser_pistol:sky_372_laser_machinegun:sky_386_laser_assault_rifle:sky_429_laser_shotgun
ispawn:1:49:1:48:0:0:10:120:pack_of_30_ammo_fnminimilight:pack_of_30_ammo_sky_28_laser:pack_of_30_ammo_glock_17_pistol:pack_of_30_ammo_stp106_long_barreled_pistol:pack_of_30_ammo_cyanide_pistol:pack_of_30_ammo_colt_ar_15_assault_rifle:pack_of_30_ammo_nak_nk1000_decimater:pack_of_30_ammo_beretta_m1951_machine_pistol:pack_of_30_ammo_crossbow:pack_of_30_ammo_sniper:pack_of_30_ammo_mlk_207_combat_rifle:pack_of_30_ammo_cop_357_derringer_pistol:pack_of_30_ammo_sig_p226_combat_pistol:pack_of_30_ammo_taser:pack_of_30_ammo_modern_sub_machine_gun_carbine:pack_of_30_ammo_gauss:pack_of_30_ammo_m79_grenade_launcher:pack_of_30_ammo_str_301_long_barreled_machine_pistol:pack_of_30_ammo_shotgun:pack_of_30_ammo_stp21_handgun:pack_of_30_ammo_beretta_nano_pocket_pistol:pack_of_30_ammo_ags30
travelpoint:20:30:1:1:0:0:cave6:45:24:0:you open the gate and go out into the fresh air
zone:0:50:0:50:0:50:warehouse
tile:0:50:0:50:50:50:roof3
zone:20:30:1:1:0:10:gate
tile:20:30:0:0:0:10:wallgate
robots:1:49:1:49:0:0:1:10000:cockroach,dog,hunter,securityguard,rabbit
 8-19-2020, 8:08:55 PM
ramil (ramil) sent /rawdata mapname:sklad
maxx:50
maxy:50
maxz:50
tile:0:50:0:50:0:0:metal1
src:0:50:0:50:0:50:corridor.ogg
tile:0:0:0:50:0:50:wallmetal9
tile:0:50:0:0:0:50:wallmetal9
tile:50:50:0:50:0:50:wallmetal9
tile:0:50:50:50:0:50:wallmedaldebris
tile:0:50:50:50:0:50:wallmetal9
tile:1:49:49:49:0:25:metal2
tile:1:49:1:48:25:25:metal1
ispawn:1:49:1:48:25:25:2:180:fnminimilight:cannon:sky_28_laser:small_dagger:spear:knife:hammer:glock_17_pistol:stp106_long_barreled_pistol:cyanide_pistol:colt_ar_15_assault_rifle:nak_nk1000_decimater:beretta_m1951_machine_pistol:zulfikar:sky_127_laser_handgun:sky_286_laser_pistol:sky_372_laser_machinegun:sky_386_laser_assault_rifle:sky_429_laser_shotgun
ispawn:1:49:1:48:0:0:4:120:pack_of_30_ammo_fnminimilight:pack_of_30_ammo_sky_28_laser:pack_of_30_ammo_glock_17_pistol:pack_of_30_ammo_stp106_long_barreled_pistol:pack_of_30_ammo_cyanide_pistol:pack_of_30_ammo_colt_ar_15_assault_rifle:pack_of_30_ammo_nak_nk1000_decimater:pack_of_30_ammo_beretta_m1951_machine_pistol:pack_of_30_ammo_crossbow:pack_of_30_ammo_sniper:pack_of_30_ammo_mlk_207_combat_rifle:pack_of_30_ammo_cop_357_derringer_pistol:pack_of_30_ammo_sig_p226_combat_pistol:pack_of_30_ammo_taser:pack_of_30_ammo_modern_sub_machine_gun_carbine:pack_of_30_ammo_gauss:pack_of_30_ammo_m79_grenade_launcher:pack_of_30_ammo_str_301_long_barreled_machine_pistol:pack_of_30_ammo_shotgun:pack_of_30_ammo_stp21_handgun:pack_of_30_ammo_beretta_nano_pocket_pistol:pack_of_30_ammo_ags30
travelpoint:20:30:1:1:0:0:cave6:45:24:0:you open the gate and go out into the fresh air
zone:0:50:0:50:0:50:warehouse
tile:0:50:0:50:50:50:roof3
zone:20:30:1:1:0:10:gate
tile:20:30:0:0:0:10:wallgate
robots:1:49:1:49:0:0:1:10000:cockroach,dog,hunter,securityguard,rabbit
 8-19-2020, 8:10:13 PM
ramil (ramil) sent /killall 8-19-2020, 8:10:22 PM
ramil (ramil) sent /killobjs 8-19-2020, 8:10:31 PM
ramil (ramil) sent /rawdata mapname:sklad
maxx:50
maxy:50
maxz:50
tile:0:50:0:50:0:0:metal1
src:0:50:0:50:0:50:corridor.ogg
tile:0:0:0:50:0:50:wallmetal9
tile:0:50:0:0:0:50:wallmetal9
tile:50:50:0:50:0:50:wallmetal9
tile:0:50:50:50:0:50:wallmedaldebris
tile:0:50:50:50:0:50:wallmetal9
tile:1:49:49:49:0:25:metal2
tile:1:49:1:48:25:25:metal1
ispawn:1:49:1:48:25:25:60:2:fnminimilight:cannon:sky_28_laser:small_dagger:spear:knife:hammer:glock_17_pistol:stp106_long_barreled_pistol:cyanide_pistol:colt_ar_15_assault_rifle:nak_nk1000_decimater:beretta_m1951_machine_pistol:zulfikar:sky_127_laser_handgun:sky_286_laser_pistol:sky_372_laser_machinegun:sky_386_laser_assault_rifle:sky_429_laser_shotgun
ispawn:1:49:1:48:0:0:30:10:pack_of_30_ammo_fnminimilight:pack_of_30_ammo_sky_28_laser:pack_of_30_ammo_glock_17_pistol:pack_of_30_ammo_stp106_long_barreled_pistol:pack_of_30_ammo_cyanide_pistol:pack_of_30_ammo_colt_ar_15_assault_rifle:pack_of_30_ammo_nak_nk1000_decimater:pack_of_30_ammo_beretta_m1951_machine_pistol:pack_of_30_ammo_crossbow:pack_of_30_ammo_sniper:pack_of_30_ammo_mlk_207_combat_rifle:pack_of_30_ammo_cop_357_derringer_pistol:pack_of_30_ammo_sig_p226_combat_pistol:pack_of_30_ammo_taser:pack_of_30_ammo_modern_sub_machine_gun_carbine:pack_of_30_ammo_gauss:pack_of_30_ammo_m79_grenade_launcher:pack_of_30_ammo_str_301_long_barreled_machine_pistol:pack_of_30_ammo_shotgun:pack_of_30_ammo_stp21_handgun:pack_of_30_ammo_beretta_nano_pocket_pistol:pack_of_30_ammo_ags30
travelpoint:20:30:1:1:0:0:cave6:45:24:0:you open the gate and go out into the fresh air
zone:0:50:0:50:0:50:warehouse
tile:0:50:0:50:50:50:roof3
zone:20:30:1:1:0:10:gate
tile:20:30:0:0:0:10:wallgate
robots:1:49:1:49:0:0:1:10000:cockroach,dog,hunter,securityguard,rabbit
 8-19-2020, 8:13:01 PM
ramil (ramil) sent /rawdata mapname:sklad
maxx:50
maxy:50
maxz:50
tile:0:50:0:50:0:0:metal1
src:0:50:0:50:0:50:corridor.ogg
tile:0:0:0:50:0:50:wallmetal9
tile:0:50:0:0:0:50:wallmetal9
tile:50:50:0:50:0:50:wallmetal9
tile:0:50:50:50:0:50:wallmedaldebris
tile:0:50:50:50:0:50:wallmetal9
tile:1:49:49:49:0:25:metal2
tile:1:49:1:48:25:25:metal1
ispawn:1:49:1:48:25:25:60:2:fnminimilight:cannon:sky_28_laser:small_dagger:spear:knife:hammer:glock_17_pistol:stp106_long_barreled_pistol:cyanide_pistol:colt_ar_15_assault_rifle:nak_nk1000_decimater:beretta_m1951_machine_pistol:zulfikar:sky_127_laser_handgun:sky_286_laser_pistol:sky_372_laser_machinegun:sky_386_laser_assault_rifle:sky_429_laser_shotgun
ispawn:1:49:1:48:0:0:30:5:pack_of_30_ammo_fnminimilight:pack_of_30_ammo_sky_28_laser:pack_of_30_ammo_glock_17_pistol:pack_of_30_ammo_stp106_long_barreled_pistol:pack_of_30_ammo_cyanide_pistol:pack_of_30_ammo_colt_ar_15_assault_rifle:pack_of_30_ammo_nak_nk1000_decimater:pack_of_30_ammo_beretta_m1951_machine_pistol:pack_of_30_ammo_crossbow:pack_of_30_ammo_sniper:pack_of_30_ammo_mlk_207_combat_rifle:pack_of_30_ammo_cop_357_derringer_pistol:pack_of_30_ammo_sig_p226_combat_pistol:pack_of_30_ammo_taser:pack_of_30_ammo_modern_sub_machine_gun_carbine:pack_of_30_ammo_gauss:pack_of_30_ammo_m79_grenade_launcher:pack_of_30_ammo_str_301_long_barreled_machine_pistol:pack_of_30_ammo_shotgun:pack_of_30_ammo_stp21_handgun:pack_of_30_ammo_beretta_nano_pocket_pistol:pack_of_30_ammo_ags30
travelpoint:20:30:1:1:0:0:cave6:45:24:0:you open the gate and go out into the fresh air
zone:0:50:0:50:0:50:warehouse
tile:0:50:0:50:50:50:roof3
zone:20:30:1:1:0:10:gate
tile:20:30:0:0:0:10:wallgate
robots:1:49:1:49:0:0:1:10000:cockroach,dog,hunter,securityguard,rabbit
 8-19-2020, 8:13:58 PM
ramil (ramil) sent /rawdata mapname:sklad
maxx:50
maxy:50
maxz:50
tile:0:50:0:50:0:0:metal1
src:0:50:0:50:0:50:corridor.ogg
tile:0:0:0:50:0:50:wallmetal9
tile:0:50:0:0:0:50:wallmetal9
tile:50:50:0:50:0:50:wallmetal9
tile:0:50:50:50:0:50:wallmedaldebris
tile:0:50:50:50:0:50:wallmetal9
tile:1:49:49:49:0:25:metal2
tile:1:49:1:48:25:25:metal1
ispawn:1:49:1:48:25:25:60:2:fnminimilight:cannon:sky_28_laser:small_dagger:spear:knife:hammer:glock_17_pistol:stp106_long_barreled_pistol:cyanide_pistol:colt_ar_15_assault_rifle:nak_nk1000_decimater:beretta_m1951_machine_pistol:zulfikar:sky_127_laser_handgun:sky_286_laser_pistol:sky_372_laser_machinegun:sky_386_laser_assault_rifle:sky_429_laser_shotgun
ispawn:1:49:1:48:0:0:30:5:pack_of_30_ammo_fnminimilight:pack_of_30_ammo_sky_28_laser:pack_of_30_ammo_glock_17_pistol:pack_of_30_ammo_stp106_long_barreled_pistol:pack_of_30_ammo_cyanide_pistol:pack_of_30_ammo_colt_ar_15_assault_rifle:pack_of_30_ammo_nak_nk1000_decimater:pack_of_30_ammo_beretta_m1951_machine_pistol:pack_of_30_ammo_crossbow:pack_of_30_ammo_sniper:pack_of_30_ammo_mlk_207_combat_rifle:pack_of_30_ammo_cop_357_derringer_pistol:pack_of_30_ammo_sig_p226_combat_pistol:pack_of_30_ammo_taser:pack_of_30_ammo_modern_sub_machine_gun_carbine:pack_of_30_ammo_gauss:pack_of_30_ammo_m79_grenade_launcher:pack_of_30_ammo_str_301_long_barreled_machine_pistol:pack_of_30_ammo_shotgun:pack_of_30_ammo_stp21_handgun:pack_of_30_ammo_beretta_nano_pocket_pistol:pack_of_30_ammo_ags30
travelpoint:20:30:1:1:0:0:cave6:45:24:0:you open the gate and go out into the fresh air
zone:0:50:0:50:0:50:warehouse
tile:0:50:0:50:50:50:roof3
zone:20:30:1:1:0:10:gate
tile:20:30:0:0:0:10:wallgate
robots:1:49:1:49:0:0:1:10000:cockroach,dog,hunter,securityguard,rabbit
 8-19-2020, 8:14:37 PM
ramil (ramil) sent /rawdata mapname:sklad
maxx:50
maxy:50
maxz:50
tile:0:50:0:50:0:0:metal1
src:0:50:0:50:0:50:corridor.ogg
tile:0:0:0:50:0:50:wallmetal9
tile:0:50:0:0:0:50:wallmetal9
tile:50:50:0:50:0:50:wallmetal9
tile:0:50:50:50:0:50:wallmedaldebris
tile:0:50:50:50:0:50:wallmetal9
tile:1:49:49:49:0:25:metal2
tile:1:49:1:48:25:25:metal1
ispawn:1:49:1:48:25:25:60:2:fnminimilight:cannon:sky_28_laser:small_dagger:spear:knife:hammer:glock_17_pistol:stp106_long_barreled_pistol:cyanide_pistol:colt_ar_15_assault_rifle:nak_nk1000_decimater:beretta_m1951_machine_pistol:zulfikar:sky_127_laser_handgun:sky_286_laser_pistol:sky_372_laser_machinegun:sky_386_laser_assault_rifle:sky_429_laser_shotgun
ispawn:1:49:1:48:0:0:5:5000:pack_of_30_ammo_fnminimilight:pack_of_30_ammo_sky_28_laser:pack_of_30_ammo_glock_17_pistol:pack_of_30_ammo_stp106_long_barreled_pistol:pack_of_30_ammo_cyanide_pistol:pack_of_30_ammo_colt_ar_15_assault_rifle:pack_of_30_ammo_nak_nk1000_decimater:pack_of_30_ammo_beretta_m1951_machine_pistol:pack_of_30_ammo_crossbow:pack_of_30_ammo_sniper:pack_of_30_ammo_mlk_207_combat_rifle:pack_of_30_ammo_cop_357_derringer_pistol:pack_of_30_ammo_sig_p226_combat_pistol:pack_of_30_ammo_taser:pack_of_30_ammo_modern_sub_machine_gun_carbine:pack_of_30_ammo_gauss:pack_of_30_ammo_m79_grenade_launcher:pack_of_30_ammo_str_301_long_barreled_machine_pistol:pack_of_30_ammo_shotgun:pack_of_30_ammo_stp21_handgun:pack_of_30_ammo_beretta_nano_pocket_pistol:pack_of_30_ammo_ags30
travelpoint:20:30:1:1:0:0:cave6:45:24:0:you open the gate and go out into the fresh air
zone:0:50:0:50:0:50:warehouse
tile:0:50:0:50:50:50:roof3
zone:20:30:1:1:0:10:gate
tile:20:30:0:0:0:10:wallgate
robots:1:49:1:49:0:0:1:10000:cockroach,dog,hunter,securityguard,rabbit
 8-19-2020, 8:16:11 PM
ramil (ramil) sent /killobjs 8-19-2020, 8:16:58 PM
ramil (ramil) sent /rawdata mapname:sklad
maxx:50
maxy:50
maxz:50
tile:0:50:0:50:0:0:metal1
src:0:50:0:50:0:50:corridor.ogg
tile:0:0:0:50:0:50:wallmetal9
tile:0:50:0:0:0:50:wallmetal9
tile:50:50:0:50:0:50:wallmetal9
tile:0:50:50:50:0:50:wallmedaldebris
tile:0:50:50:50:0:50:wallmetal9
tile:1:49:49:49:0:25:metal2
tile:1:49:1:48:25:25:metal1
ispawn:1:49:1:48:25:25:60:1:fnminimilight:cannon:sky_28_laser:small_dagger:spear:knife:hammer:glock_17_pistol:stp106_long_barreled_pistol:cyanide_pistol:colt_ar_15_assault_rifle:nak_nk1000_decimater:beretta_m1951_machine_pistol:zulfikar:sky_127_laser_handgun:sky_286_laser_pistol:sky_372_laser_machinegun:sky_386_laser_assault_rifle:sky_429_laser_shotgun
ispawn:1:49:1:48:0:0:30:20:pack_of_30_ammo_fnminimilight:pack_of_30_ammo_sky_28_laser:pack_of_30_ammo_glock_17_pistol:pack_of_30_ammo_stp106_long_barreled_pistol:pack_of_30_ammo_cyanide_pistol:pack_of_30_ammo_colt_ar_15_assault_rifle:pack_of_30_ammo_nak_nk1000_decimater:pack_of_30_ammo_beretta_m1951_machine_pistol:pack_of_30_ammo_crossbow:pack_of_30_ammo_sniper:pack_of_30_ammo_mlk_207_combat_rifle:pack_of_30_ammo_cop_357_derringer_pistol:pack_of_30_ammo_sig_p226_combat_pistol:pack_of_30_ammo_taser:pack_of_30_ammo_modern_sub_machine_gun_carbine:pack_of_30_ammo_gauss:pack_of_30_ammo_m79_grenade_launcher:pack_of_30_ammo_str_301_long_barreled_machine_pistol:pack_of_30_ammo_shotgun:pack_of_30_ammo_stp21_handgun:pack_of_30_ammo_beretta_nano_pocket_pistol:pack_of_30_ammo_ags30
travelpoint:20:30:1:1:0:0:cave6:45:24:0:you open the gate and go out into the fresh air
zone:0:50:0:50:0:50:warehouse
tile:0:50:0:50:50:50:roof3
zone:20:30:1:1:0:10:gate
tile:20:30:0:0:0:10:wallgate
robots:1:49:1:49:0:0:1:10000:cockroach,dog,hunter,securityguard,rabbit
 8-19-2020, 8:18:19 PM
ramil (ramil) sent /inv 8-19-2020, 8:18:52 PM
ramil (ramil) sent /suicide 8-19-2020, 8:19:06 PM
ramil (ramil) sent /inv 8-19-2020, 8:23:00 PM
ramil (ramil) sent /move ramil 25 1 0 sklad 8-19-2020, 8:23:07 PM
ramil (ramil) sent /rawdata mapname:sklad
maxx:50
maxy:50
maxz:50
tile:0:50:0:50:0:0:metal1
src:0:50:0:50:0:50:corridor.ogg
tile:0:0:0:50:0:50:wallmetal9
tile:0:50:0:0:0:50:wallmetal9
tile:50:50:0:50:0:50:wallmetal9
tile:0:50:50:50:0:50:wallmedaldebris
tile:0:50:50:50:0:50:wallmetal9
tile:1:49:49:49:0:25:metal2
tile:1:49:1:48:25:25:metal1
ispawn:1:49:1:48:25:25:1:30:fnminimilight:cannon:sky_28_laser:small_dagger:spear:knife:hammer:glock_17_pistol:stp106_long_barreled_pistol:cyanide_pistol:colt_ar_15_assault_rifle:nak_nk1000_decimater:beretta_m1951_machine_pistol:zulfikar:sky_127_laser_handgun:sky_286_laser_pistol:sky_372_laser_machinegun:sky_386_laser_assault_rifle:sky_429_laser_shotgun
ispawn:1:49:1:48:0:0:4:20:pack_of_30_ammo_fnminimilight:pack_of_30_ammo_sky_28_laser:pack_of_30_ammo_glock_17_pistol:pack_of_30_ammo_stp106_long_barreled_pistol:pack_of_30_ammo_cyanide_pistol:pack_of_30_ammo_colt_ar_15_assault_rifle:pack_of_30_ammo_nak_nk1000_decimater:pack_of_30_ammo_beretta_m1951_machine_pistol:pack_of_30_ammo_crossbow:pack_of_30_ammo_sniper:pack_of_30_ammo_mlk_207_combat_rifle:pack_of_30_ammo_cop_357_derringer_pistol:pack_of_30_ammo_sig_p226_combat_pistol:pack_of_30_ammo_taser:pack_of_30_ammo_modern_sub_machine_gun_carbine:pack_of_30_ammo_gauss:pack_of_30_ammo_m79_grenade_launcher:pack_of_30_ammo_str_301_long_barreled_machine_pistol:pack_of_30_ammo_shotgun:pack_of_30_ammo_stp21_handgun:pack_of_30_ammo_beretta_nano_pocket_pistol:pack_of_30_ammo_ags30
travelpoint:20:30:1:1:0:0:cave6:45:24:0:you open the gate and go out into the fresh air
zone:0:50:0:50:0:50:warehouse
tile:0:50:0:50:50:50:roof3
zone:20:30:1:1:0:10:gate
tile:20:30:0:0:0:10:wallgate
robots:1:49:1:49:0:0:1:10000:cockroach,dog,hunter,securityguard,rabbit
 8-19-2020, 8:23:17 PM
ramil (ramil) sent /inv 8-19-2020, 8:23:31 PM
ramil (ramil) sent /move ramil 0 0 0 store 8-19-2020, 8:28:59 PM
ramil (ramil) sent /inv 8-19-2020, 8:29:18 PM
ramil (ramil) sent /rawmap 8-19-2020, 8:30:06 PM
ramil (ramil) sent /move ramil 25 1 0 sklad 8-19-2020, 8:30:46 PM
ramil (ramil) sent /pm  spay stop 8-19-2020, 8:30:56 PM
ramil (ramil) sent /rawmap 8-19-2020, 8:31:02 PM
ramil (ramil) sent /rawdata mapname:sklad
maxx:50
maxy:50
maxz:50
tile:0:50:0:50:0:0:metal1
src:0:50:0:50:0:50:corridor.ogg
tile:0:0:0:50:0:50:wallmetal9
tile:0:50:0:0:0:50:wallmetal9
tile:50:50:0:50:0:50:wallmetal9
tile:0:50:50:50:0:50:wallmedaldebris
tile:0:50:50:50:0:50:wallmetal9
tile:1:49:49:49:0:25:metal2
tile:1:49:1:48:25:25:metal1
ispawn:1:49:1:48:25:25:30:1:fnminimilight:cannon:sky_28_laser:small_dagger:spear:knife:hammer:glock_17_pistol:stp106_long_barreled_pistol:cyanide_pistol:colt_ar_15_assault_rifle:nak_nk1000_decimater:beretta_m1951_machine_pistol:zulfikar:sky_127_laser_handgun:sky_286_laser_pistol:sky_372_laser_machinegun:sky_386_laser_assault_rifle:sky_429_laser_shotgun
ispawn:1:49:1:48:0:0:15:5:pack_of_30_ammo_fnminimilight:pack_of_30_ammo_sky_28_laser:pack_of_30_ammo_glock_17_pistol:pack_of_30_ammo_stp106_long_barreled_pistol:pack_of_30_ammo_cyanide_pistol:pack_of_30_ammo_colt_ar_15_assault_rifle:pack_of_30_ammo_nak_nk1000_decimater:pack_of_30_ammo_beretta_m1951_machine_pistol:pack_of_30_ammo_crossbow:pack_of_30_ammo_sniper:pack_of_30_ammo_mlk_207_combat_rifle:pack_of_30_ammo_cop_357_derringer_pistol:pack_of_30_ammo_sig_p226_combat_pistol:pack_of_30_ammo_taser:pack_of_30_ammo_modern_sub_machine_gun_carbine:pack_of_30_ammo_gauss:pack_of_30_ammo_m79_grenade_launcher:pack_of_30_ammo_str_301_long_barreled_machine_pistol:pack_of_30_ammo_shotgun:pack_of_30_ammo_stp21_handgun:pack_of_30_ammo_beretta_nano_pocket_pistol:pack_of_30_ammo_ags30
travelpoint:20:30:1:1:0:0:cave6:45:24:0:you open the gate and go out into the fresh air
zone:0:50:0:50:0:50:warehouse
tile:0:50:0:50:50:50:roof3
zone:20:30:1:1:0:10:gate
tile:20:30:0:0:0:10:wallgate
robots:1:49:1:49:0:0:1:10000:cockroach,dog,hunter,securityguard,rabbit
 8-19-2020, 8:32:20 PM
ramil (ramil) sent /sethealth ramil 100000 8-19-2020, 8:33:40 PM
ramil (ramil) sent /inv 8-19-2020, 8:33:45 PM
ramil (ramil) sent /inv 8-19-2020, 8:33:55 PM
ramil (ramil) sent /inv 8-19-2020, 8:34:01 PM
ramil (ramil) sent /inv 8-19-2020, 8:34:05 PM
ramil (ramil) sent /rawmap 8-19-2020, 8:35:02 PM
ramil (ramil) sent /inv 8-19-2020, 8:36:35 PM
ramil (ramil) sent /move ramil 25 49 25 8-19-2020, 8:37:03 PM
ramil (ramil) sent /inv 8-19-2020, 8:38:13 PM
ramil (ramil) sent /move ramil 0 0 0 store 8-19-2020, 8:39:49 PM
ramil (ramil) sent /cancelauction 8-19-2020, 8:41:16 PM
ramil (ramil) sent /where vlados2005 8-19-2020, 8:42:24 PM
ramil (ramil) sent /sethealth ramil 100000 8-19-2020, 8:42:48 PM
ramil (ramil) sent /move ramil 25 0 0  8-19-2020, 8:43:00 PM
ramil (ramil) sent /inv 8-19-2020, 8:43:06 PM
ramil (ramil) sent /move ramil 223 779 2 8-19-2020, 8:43:40 PM
ramil (ramil) sent /move ramil 223 449 2 8-19-2020, 8:43:47 PM
ramil (ramil) sent /inv 8-19-2020, 8:44:09 PM
ramil (ramil) sent /inv 8-19-2020, 8:44:30 PM
ramil (ramil) sent /move ramil 0 315 0 8-19-2020, 8:45:38 PM
ramil (ramil) sent /sethealth ramil 100000 8-19-2020, 8:46:22 PM
ramil (ramil) sent /sethealth ramil 100000 8-19-2020, 8:47:13 PM
ramil (ramil) sent /sethealth ramil 100000 8-19-2020, 8:48:25 PM
ramil (ramil) sent /bid 100000000 8-19-2020, 8:49:04 PM
ramil (ramil) sent /bid 200000---- 8-19-2020, 8:49:35 PM
ramil (ramil) sent /cancelauction 8-19-2020, 8:50:05 PM
ramil (ramil) sent /move ramil 0 100 0 8-19-2020, 8:50:45 PM
ramil (ramil) sent /sethealth ramil 100000 8-19-2020, 8:53:34 PM
ramil (ramil) sent /shockwave 8-19-2020, 8:53:50 PM
ramil (ramil) sent /inv 8-19-2020, 8:54:28 PM
ramil (ramil) sent /inv 8-19-2020, 8:54:55 PM
ramil (ramil) sent /sethealth ramil 100000 8-19-2020, 8:55:03 PM
ramil (ramil) sent /move ramil 1 1 40 8-19-2020, 8:55:29 PM
ramil (ramil) sent /sethealth ramil 100000 8-19-2020, 8:55:32 PM
ramil (ramil) sent /inv 8-19-2020, 8:55:36 PM
ramil (ramil) sent /inv 8-19-2020, 8:56:04 PM
ramil (ramil) sent /move ramil 1 1 40 8-19-2020, 8:56:10 PM
ramil (ramil) sent /sethealth ramil 100000 8-19-2020, 8:56:28 PM
ramil (ramil) sent /move ramil 30 30 0 8-19-2020, 8:56:35 PM
ramil (ramil) sent /sethealth ramil 100000 8-19-2020, 8:56:51 PM
ramil (ramil) sent /inv 8-19-2020, 8:57:19 PM
ramil (ramil) sent /inv 8-19-2020, 8:57:24 PM
ramil (ramil) sent /inv 8-19-2020, 8:57:26 PM
ramil (ramil) sent /inv 8-19-2020, 8:57:34 PM
ramil (ramil) sent /inv 8-19-2020, 8:57:37 PM
ramil (ramil) sent /inv 8-19-2020, 8:58:08 PM
ramil (ramil) sent /inv 8-19-2020, 8:58:10 PM
ramil (ramil) sent /in 8-19-2020, 8:58:15 PM
ramil (ramil) sent /in 8-19-2020, 8:58:17 PM
ramil (ramil) sent /inv 8-19-2020, 8:58:31 PM
ramil (ramil) sent /inv 8-19-2020, 8:58:33 PM
ramil (ramil) sent /inv/sethealth ramil 100000 8-19-2020, 8:58:40 PM
ramil (ramil) sent /inv 8-19-2020, 8:58:48 PM
ramil (ramil) sent /sethealth ramil 100000 8-19-2020, 8:59:05 PM
ramil (ramil) sent /inv 8-19-2020, 8:59:55 PM
ramil (ramil) sent /rawdata mapname:boxing
maxx:30
maxy:30
maxz:50
tile:0:30:0:30:0:0:stone
tile:0:0:0:30:0:100:wallbump
tile:0:30:0:0:0:50:wallbump
tile:0:30:30:30:0:50:wallbump
tile:30:30:0:30:0:50:wallbump
tile:1:29:1:29:0:0:cement
tile:1:29:1:29:40:40:hardwood2
robots:1:29:1:29:0:0:3:7000:boxer,boxer,trainer
noitems:0:30:0:30:0:50:wirebomb:motion_bomb:mine:stun_dart:remote_timebomb:security_bomb:remote_gun:timebomb:barricade_bomb:health_dart:suicide_bomb:mass_bomb:concussive_grenade:bottle_bomb:impact_bomb:aircraft:wood:guided_missile:ultrabomb:bottle_bomb:carrier_missile:bullet_bomb:stun_grenade:sticky_bomb:grenade:robot:helicopter:pipe_bomb:snowball:stone:small_projectile:tasing_small_projectile:stp429_mini_missile:throwing_star:poison_dart:sky_436_mine:hand_grenade:shield:tk_ultra_health_potion:warp_box:nuclear_bomb
zone:0:30:0:30:40:50:viewing platform

travelpoint:29:29:29:29:0:10:boxing:20:20:40:moved
zone:0:30:0:30:0:20:boxing ring
zone:29:29:29:29:0:10:to go up, press enter:trackme

zone:29:29:29:29:40:50:to exit to the store, press enter
travelpoint:29:29:29:29:40:40:store:30:30:0:you exit to the store
travelpoint:1:1:1:1:0:0:c_system:35:35:0:die 8-19-2020, 9:01:31 PM
ramil (ramil) sent /inv 8-19-2020, 9:03:34 PM
ramil (ramil) sent /move ramil 1 1 40 8-19-2020, 9:03:51 PM
ramil (ramil) sent /inv 8-19-2020, 9:04:01 PM
ramil (ramil) sent /inv 8-19-2020, 9:04:29 PM
ramil (ramil) sent /sethealth ramil 100000 8-19-2020, 9:04:51 PM
ramil (ramil) sent /sethealth ramil 100000 8-19-2020, 9:05:04 PM
ramil (ramil) sent /inv 8-19-2020, 9:05:30 PM
ramil (ramil) sent /inv 8-19-2020, 9:05:52 PM
ramil (ramil) sent /move ramil 29 1 40 8-19-2020, 9:06:05 PM
ramil (ramil) sent /sethealth ramil 100000 8-19-2020, 9:06:28 PM
ramil (ramil) sent /move ramil 30 30 0 8-19-2020, 9:06:35 PM
ramil (ramil) sent /inv 8-19-2020, 9:06:48 PM
ramil (ramil) sent /inv 8-19-2020, 9:07:07 PM
ramil (ramil) sent /inv 8-19-2020, 9:07:09 PM
ramil (ramil) sent /inv 8-19-2020, 9:08:49 PM
ramil (ramil) sent /killall 8-19-2020, 9:09:04 PM
ramil (ramil) sent /killall 8-19-2020, 9:09:14 PM
ramil (ramil) sent /killall 8-19-2020, 9:09:18 PM
ramil (ramil) sent /admingun 8-19-2020, 9:09:30 PM
ramil (ramil) sent /inv 8-19-2020, 9:09:45 PM
ramil (ramil) sent /inv 8-19-2020, 9:09:53 PM
ramil (ramil) sent /inv 8-19-2020, 9:10:32 PM
ramil (ramil) sent /inv 8-19-2020, 9:10:41 PM
ramil (ramil) sent /inv 8-19-2020, 9:11:07 PM
ramil (ramil) sent /inv 8-19-2020, 9:11:21 PM
ramil (ramil) sent /move ramil 30 30 0 store 8-19-2020, 9:13:38 PM
ramil (ramil) sent /sethealth ramil 100000 8-19-2020, 9:15:14 PM
ramil (ramil) sent /gnsubmit33 8-19-2020, 9:17:03 PM
ramil (ramil) sent /gnsubmit 23 8-19-2020, 9:17:09 PM
ramil (ramil) sent /sethealth ramil 100000 8-19-2020, 9:20:06 PM