
franklin (franklin) said die! 12-26-2020, 1:58:34 PM
franklin (franklin) said roflflflflflflflfl! 12-26-2020, 2:05:15 PM
franklin (franklin) said yeeees 12-26-2020, 2:06:24 PM
franklin (franklin) said рибят а я шелтер нашол 12-26-2020, 2:18:44 PM
franklin (franklin) said кто хочет пройти в домик? 12-26-2020, 2:22:47 PM
franklin (franklin) said die! 12-26-2020, 2:29:25 PM
franklin (franklin) said мы итак тут 12-26-2020, 2:35:27 PM
franklin (franklin) said fuck 12-26-2020, 2:50:36 PM
franklin (franklin) said умри сука 12-26-2020, 3:08:30 PM
franklin (franklin) said как же ты заебала сучка 12-26-2020, 3:15:08 PM
franklin (franklin) said ура ты здох! 12-26-2020, 3:18:50 PM
franklin (franklin) said olny you 12-26-2020, 3:41:32 PM
franklin (franklin) said что это за заклинание  newbie grand father: aaaaaaaaflsajfkjsalfjsalkfjklsafjklsajfkjlkasfjkas 12-26-2020, 3:42:13 PM
franklin (franklin) said ухахахаха  newbie grand father: aaaaaaaaaafjsakfjasklfjsklafjkslafsklajfklsajfklsafjlksajflksajfklsajfklsajfklsajflksajkfsjaklfjsaklfjskalfjklsfjklasjfklsajfklasjfkasjfkjaskfj! 12-26-2020, 3:42:28 PM
franklin (franklin) said токо он вернулся бумерангом в волгело и в место шлюхи полгело стал длинным, в сперме и крови хуем 12-26-2020, 3:43:11 PM
franklin (franklin) said ой 12-26-2020, 3:43:16 PM
franklin (franklin) said only you 12-26-2020, 3:50:20 PM
franklin (franklin) said скоко хош 12-26-2020, 4:55:02 PM
franklin (franklin) said .цруку golden_ball 12-26-2020, 4:55:15 PM
franklin (franklin) said ой 12-26-2020, 4:55:18 PM
franklin (franklin) said хотел вхере написать бггг 12-26-2020, 4:55:28 PM
franklin (franklin) said а 12-26-2020, 5:06:18 PM
franklin (franklin) said congratulations, you've got a hand_cannon! 12-26-2020, 5:06:20 PM
franklin (franklin) said еееееееееееееееееес 12-26-2020, 5:06:27 PM
franklin (franklin) said да 12-26-2020, 5:06:31 PM
franklin (franklin) said смори в компе закинь бабла, и потом включи гиниратор, потом зайди в комп, и нажми англ s 12-26-2020, 5:07:10 PM
franklin (franklin) said в базу в комп 12-26-2020, 5:08:27 PM
franklin (franklin) said литит ктебе выходеш из дома как в редсподе 12-26-2020, 5:11:05 PM
franklin (franklin) said и встречаеш если не выйдеш то там ещо звук будет 12-26-2020, 5:11:22 PM
franklin (franklin) said смори как в редсподе, ты выходиш из дома и встречаеш её 12-26-2020, 5:12:51 PM
franklin (franklin) said а если не вышел то да слышно токо хотел скказать 12-26-2020, 5:13:18 PM
franklin (franklin) said могу помоч умереть 12-26-2020, 5:14:03 PM
franklin (franklin) said ухахаахахахахахаа 12-26-2020, 5:14:09 PM
franklin (franklin) said ты хде 12-26-2020, 5:14:23 PM
franklin (franklin) said oy roflflflflflflflffllflfflfl! 12-26-2020, 5:14:34 PM
franklin (franklin) said ухаха 12-26-2020, 5:14:42 PM
franklin (franklin) said можыш 12-26-2020, 5:15:51 PM
franklin (franklin) said отойди с компа 12-26-2020, 5:16:10 PM
franklin (franklin) said мм 12-26-2020, 5:16:31 PM
franklin (franklin) said тут же 12-26-2020, 5:17:02 PM
franklin (franklin) said тук тук можна? 12-26-2020, 5:17:18 PM
franklin (franklin) said хахах 12-26-2020, 5:17:20 PM
franklin (franklin) said you are not allowed to enter this shelter. 12-26-2020, 5:17:47 PM
franklin (franklin) said  /shadd 12-26-2020, 5:17:58 PM
franklin (franklin) said и плеер нейм 12-26-2020, 5:18:05 PM
franklin (franklin) said oyyyyyyy 12-26-2020, 5:19:49 PM
franklin (franklin) said а дерево то недобавляется 12-26-2020, 5:19:56 PM
franklin (franklin) said кого 12-26-2020, 5:20:06 PM
franklin (franklin) said ну всё сиди без дерево уахахахаха 12-26-2020, 5:20:20 PM
franklin (franklin) said да у меня было я хотел попробывать а хуй там 12-26-2020, 5:20:33 PM
franklin (franklin) said аа вроди неа 12-26-2020, 5:20:39 PM
franklin (franklin) said а что тебе надо 12-26-2020, 5:20:49 PM
franklin (franklin) said ага 12-26-2020, 5:21:01 PM
franklin (franklin) said ой 12-26-2020, 5:21:06 PM
franklin (franklin) said fuel_tank, 9881 12-26-2020, 5:22:23 PM
franklin (franklin) said хаха 12-26-2020, 5:22:49 PM
franklin (franklin) said а мож там соляра какая или бенз 12-26-2020, 5:22:59 PM
franklin (franklin) said ухахаха siski 12-26-2020, 5:23:11 PM
franklin (franklin) said надо бы переименовать сирьёзно 12-26-2020, 5:23:23 PM
franklin (franklin) said оййййййй 12-26-2020, 5:24:33 PM
franklin (franklin) said оййййййй переборщил hand_grenade, 81414 12-26-2020, 5:25:22 PM
franklin (franklin) said а в редсподе литит? 12-26-2020, 5:25:50 PM
franklin (franklin) said ну тоды нахуй тк и нахуй редспод 12-26-2020, 5:26:10 PM
franklin (franklin) said нука 12-26-2020, 5:26:58 PM
franklin (franklin) said shipment contains 25000 shield,  and 300 tk_ultra_health_potion 12-26-2020, 5:29:20 PM
franklin (franklin) said oyyyyyyyyyyyyyy 12-26-2020, 5:30:13 PM
franklin (franklin) said бля какой код шелтера 12-26-2020, 5:31:27 PM
franklin (franklin) said я случайно 100000000 положыл ухахахахахах 12-26-2020, 5:31:46 PM
franklin (franklin) said ммм 12-26-2020, 5:32:00 PM
franklin (franklin) said roflflflflflf 12-26-2020, 5:32:09 PM
franklin (franklin) said оо тебе полицайку подарили 12-26-2020, 5:32:23 PM
franklin (franklin) said ye 12-26-2020, 5:33:19 PM
franklin (franklin) said а дай хуй на них хахах 12-26-2020, 5:35:30 PM
franklin (franklin) said о спс 12-26-2020, 5:35:36 PM
franklin (franklin) said куда то пропало бабло ну и хуй на нево 12-26-2020, 5:35:55 PM
franklin (franklin) said хахах 12-26-2020, 5:36:00 PM
franklin (franklin) said впрямом мож у тебя 12-26-2020, 5:36:17 PM
franklin (franklin) said shipment contains 3000 wood_pack 12-26-2020, 5:37:02 PM
franklin (franklin) said спс 12-26-2020, 5:39:15 PM
franklin (franklin) said хош дай сюда одкрою 12-26-2020, 5:41:04 PM
franklin (franklin) said одкрыл 12-26-2020, 5:57:45 PM
franklin (franklin) said есть 12-26-2020, 5:59:20 PM
franklin (franklin) said одна! 12-26-2020, 5:59:23 PM
franklin (franklin) said lf 12-26-2020, 5:59:31 PM
franklin (franklin) said вернее найди 12-26-2020, 5:59:52 PM
franklin (franklin) said или пройди челенч и получи бесплатно 12-26-2020, 6:00:02 PM
franklin (franklin) said ты прикааааааааааааааааааааааааааааалываешся 12-26-2020, 6:01:51 PM
franklin (franklin) said пиздец 12-26-2020, 6:02:01 PM
franklin (franklin) said ща 12-26-2020, 6:02:52 PM
franklin (franklin) said уххххххх 12-26-2020, 6:02:58 PM
franklin (franklin) said армен давай их сюда 12-26-2020, 6:06:47 PM
franklin (franklin) said а хде 12-26-2020, 6:06:57 PM
franklin (franklin) said хз 12-26-2020, 6:07:09 PM
franklin (franklin) said давай половину 12-26-2020, 6:07:19 PM
franklin (franklin) said fuck  мне надо vinni я непонимаю в чем причина но он неробить 12-26-2020, 6:08:49 PM
franklin (franklin) said ой 12-26-2020, 6:09:02 PM
franklin (franklin) said ухаааааааааахахахахахахахахаха 12-26-2020, 6:09:16 PM
franklin (franklin) said ,kz ,fuyenjt 12-26-2020, 6:09:58 PM
franklin (franklin) said бля багнутое 12-26-2020, 6:10:04 PM
franklin (franklin) said сучка 12-26-2020, 6:14:11 PM
franklin (franklin) said никита гей 12-26-2020, 6:14:28 PM
franklin (franklin) said ой 12-26-2020, 6:14:30 PM
franklin (franklin) said hi 12-26-2020, 6:17:12 PM
franklin (franklin) said haha 12-26-2020, 6:27:55 PM
franklin (franklin) said уууу 12-26-2020, 7:33:22 PM
franklin (franklin) said f xtkktyli ytghjqlti 12-26-2020, 7:39:38 PM
franklin (franklin) said ой 12-26-2020, 7:39:44 PM
franklin (franklin) said а челендж непройдеш 12-26-2020, 7:39:50 PM
franklin (franklin) said спорим! 12-26-2020, 7:40:16 PM
franklin (franklin) said на весь инвентарь, втой а если я проиграю то я отдам тебе 1000000 монет 12-26-2020, 7:40:54 PM
franklin (franklin) said не та 12-26-2020, 7:41:00 PM
franklin (franklin) said есть вторая 12-26-2020, 7:41:03 PM
franklin (franklin) said ща 12-26-2020, 7:41:10 PM
franklin (franklin) said если ты проиграеш то весь инвинтарь мне а если я то 10000000 монет твои 12-26-2020, 7:41:34 PM
franklin (franklin) said во 12-26-2020, 7:41:38 PM
franklin (franklin) said у тебя есть ну скажым 13 попыток 12-26-2020, 7:41:53 PM
franklin (franklin) said что нет? 12-26-2020, 7:42:08 PM
franklin (franklin) said так спорим? 12-26-2020, 7:42:28 PM
franklin (franklin) said понятно боишся, и инвентар жалко 12-26-2020, 7:42:50 PM
franklin (franklin) said а ну ну 12-26-2020, 7:43:08 PM
franklin (franklin) said понятно нубище 12-26-2020, 7:43:13 PM
franklin (franklin) said факер ану выйди на главную и покажы 12-26-2020, 7:43:35 PM
franklin (franklin) said ухахахахахахахахахах 12-26-2020, 7:43:54 PM
franklin (franklin) said во  12-26-2020, 7:44:01 PM
franklin (franklin) said tramp иди в домик 12-26-2020, 7:54:18 PM
franklin (franklin) said рибят кто сомной пищеры проходить 12-26-2020, 8:03:28 PM
franklin (franklin) said что aaa 12-26-2020, 8:03:49 PM
franklin (franklin) said to drain the water, press enter 12-26-2020, 8:03:58 PM
franklin (franklin) said нет 12-26-2020, 8:04:05 PM
franklin (franklin) said пойду тебе по зульфу схожу 12-26-2020, 8:04:18 PM
franklin (franklin) said я пренесу 12-26-2020, 8:08:08 PM
franklin (franklin) said на главной поищи 12-26-2020, 8:08:15 PM
franklin (franklin) said то там кажысь не много 12-26-2020, 8:08:24 PM
franklin (franklin) said ok 12-26-2020, 8:09:16 PM
franklin (franklin) said сука 12-26-2020, 8:09:42 PM
franklin (franklin) said какого хера 12-26-2020, 8:09:46 PM
franklin (franklin) said you are not allowed to enter this shelter. 12-26-2020, 8:10:35 PM
franklin (franklin) said уххххххх как мнного 12-26-2020, 8:15:21 PM
franklin (franklin) said yf ukfdyjq 12-26-2020, 8:21:16 PM
franklin (franklin) said на главной 12-26-2020, 8:21:20 PM
franklin (franklin) said the ping took 952 ms 12-26-2020, 8:27:14 PM
franklin (franklin) said die all 12-26-2020, 8:30:00 PM
franklin (franklin) said the ping took 1682 ms, 1 second 12-26-2020, 8:30:08 PM
franklin (franklin) said иди пройди карту и получиш 30000 12-26-2020, 8:44:13 PM
franklin (franklin) said карта лёгинькая 12-26-2020, 8:44:20 PM
franklin (franklin) said я с 1 хп проходил 12-26-2020, 8:44:51 PM
franklin (franklin) said на! 12-26-2020, 8:45:37 PM
franklin (franklin) said во молодец 12-26-2020, 8:48:17 PM
franklin (franklin) said ещо играй 12-26-2020, 8:48:24 PM
franklin (franklin) said ухахахаха 12-26-2020, 8:48:38 PM
franklin (franklin) said .ыгшсшву 12-26-2020, 8:50:59 PM
franklin (franklin) said вот какого ты пошол туда бля 12-26-2020, 8:56:38 PM
franklin (franklin) said армен 12-26-2020, 11:38:06 PM
franklin (franklin) said оо я свами если возмеете 12-26-2020, 11:38:19 PM
franklin (franklin) said f 12-26-2020, 11:41:37 PM
franklin (franklin) said gjlj;l 12-26-2020, 11:41:57 PM
franklin (franklin) said подожд 12-26-2020, 11:42:07 PM
franklin (franklin) said смэх 12-26-2020, 11:43:53 PM
franklin (franklin) said на щод шелтера в help нетю, 12-26-2020, 11:44:15 PM
franklin (franklin) said oyyyy 12-26-2020, 11:45:43 PM
franklin (franklin) said 36 жызни оставид 12-26-2020, 11:46:04 PM
franklin (franklin) said 36000 12-26-2020, 11:46:14 PM
franklin (franklin) said стараюсь правдо что то играков нетю 12-26-2020, 11:47:10 PM
franklin (franklin) said ебать 12-26-2020, 11:48:26 PM
franklin (franklin) said уууууу 12-26-2020, 11:52:15 PM
franklin (franklin) said уууу 12-26-2020, 11:52:32 PM
franklin (franklin) said ухахахаха 12-26-2020, 11:54:58 PM
franklin (franklin) said eeeeeeeee 12-26-2020, 11:55:26 PM
franklin (franklin) said ну старался 12-26-2020, 11:55:52 PM
franklin (franklin) said гранаткой 12-26-2020, 11:56:01 PM
franklin (franklin) said походу 12-26-2020, 11:56:17 PM
franklin (franklin) said мм 12-26-2020, 11:57:00 PM
franklin (franklin) said некрасивая 12-26-2020, 11:57:05 PM
franklin (franklin) said походу! 12-26-2020, 11:57:40 PM