
DarkHero(DarkHero) used a tk_ultra_health_potion 2-9-2021, 1:29:53 AM
DarkHero(DarkHero) used a air_canister 2-9-2021, 1:30:06 AM
DarkHero(DarkHero) used a antibiotic_canister 2-9-2021, 1:34:43 AM
DarkHero(DarkHero) used a tk_ultra_health_potion 2-9-2021, 1:36:03 AM
DarkHero(DarkHero) used a antibiotic_pack 2-9-2021, 1:37:48 AM
DarkHero(DarkHero) used a antibiotic 2-9-2021, 1:37:51 AM
DarkHero(DarkHero) used a antibiotic 2-9-2021, 1:38:07 AM
DarkHero(DarkHero) used a antibiotic 2-9-2021, 1:38:08 AM
DarkHero(DarkHero) used a antibiotic 2-9-2021, 1:38:15 AM
DarkHero(DarkHero) used a antibiotic 2-9-2021, 1:38:16 AM
DarkHero(DarkHero) used a antibiotic 2-9-2021, 1:39:06 AM
DarkHero(DarkHero) used a antibiotic 2-9-2021, 1:39:06 AM
DarkHero(DarkHero) used a antibiotic 2-9-2021, 1:40:12 AM
DarkHero(DarkHero) used a antibiotic 2-9-2021, 1:40:29 AM
DarkHero(DarkHero) used a antibiotic 2-9-2021, 1:40:30 AM
DarkHero(DarkHero) used a antibiotic 2-9-2021, 1:45:13 AM
DarkHero(DarkHero) used a antibiotic 2-9-2021, 1:45:13 AM
DarkHero(DarkHero) used a antibiotic 2-9-2021, 1:45:25 AM
DarkHero(DarkHero) used a antibiotic 2-9-2021, 1:45:25 AM
DarkHero(DarkHero) used a antibiotic 2-9-2021, 1:45:25 AM
DarkHero(DarkHero) used a antibiotic 2-9-2021, 1:45:26 AM
DarkHero(DarkHero) used a antibiotic 2-9-2021, 1:45:26 AM
DarkHero(DarkHero) used a antibiotic 2-9-2021, 1:46:29 AM
DarkHero(DarkHero) used a antibiotic 2-9-2021, 1:46:29 AM
DarkHero(DarkHero) used a antibiotic 2-9-2021, 1:46:54 AM
DarkHero(DarkHero) used a tk_ultra_health_potion 2-9-2021, 1:47:16 AM
DarkHero(DarkHero) used a antibiotic 2-9-2021, 1:48:20 AM
DarkHero(DarkHero) used a antibiotic 2-9-2021, 1:48:21 AM
DarkHero(DarkHero) used a antibiotic 2-9-2021, 1:48:21 AM
DarkHero(DarkHero) used a tk_ultra_health_potion 2-9-2021, 3:54:53 AM
DarkHero(DarkHero) used a antibiotic 2-9-2021, 3:55:23 AM
DarkHero(DarkHero) used a antibiotic 2-9-2021, 3:55:24 AM
DarkHero(DarkHero) used a antibiotic 2-9-2021, 3:55:24 AM
DarkHero(DarkHero) used a tk_ultra_health_potion 2-9-2021, 3:56:16 AM
DarkHero(DarkHero) used a tk_ultra_health_potion 2-9-2021, 3:56:59 AM
DarkHero(DarkHero) used a tk_ultra_health_potion 2-9-2021, 3:56:59 AM
DarkHero(DarkHero) used a antibiotic 2-9-2021, 3:57:58 AM
DarkHero(DarkHero) used a antibiotic 2-9-2021, 3:57:58 AM
DarkHero(DarkHero) used a antibiotic 2-9-2021, 3:57:58 AM
DarkHero(DarkHero) used a antibiotic 2-9-2021, 3:58:57 AM
DarkHero(DarkHero) used a antibiotic 2-9-2021, 3:58:57 AM
DarkHero(DarkHero) used a antibiotic 2-9-2021, 3:59:40 AM
DarkHero(DarkHero) used a antibiotic 2-9-2021, 3:59:40 AM
DarkHero(DarkHero) used a concussive_grenade 2-9-2021, 3:59:43 AM
DarkHero(DarkHero) used a concussive_grenade 2-9-2021, 3:59:44 AM
DarkHero(DarkHero) used a tk_ultra_health_potion 2-9-2021, 4:06:05 AM
DarkHero(DarkHero) used a tk_ultra_health_potion 2-9-2021, 4:07:56 AM
DarkHero(DarkHero) used a tk_ultra_health_potion 2-9-2021, 4:07:56 AM
DarkHero(DarkHero) used a antibiotic 2-9-2021, 4:08:09 AM
DarkHero(DarkHero) used a antibiotic 2-9-2021, 4:08:10 AM
DarkHero(DarkHero) used a antibiotic 2-9-2021, 4:08:14 AM
DarkHero(DarkHero) used a antibiotic 2-9-2021, 4:08:15 AM
DarkHero(DarkHero) used a antibiotic 2-9-2021, 4:08:15 AM
DarkHero(DarkHero) used a antibiotic 2-9-2021, 4:08:29 AM
DarkHero(DarkHero) used a antibiotic 2-9-2021, 4:08:30 AM
DarkHero(DarkHero) used a tk_ultra_health_potion 2-9-2021, 4:09:04 AM
DarkHero(DarkHero) used a antibiotic 2-9-2021, 4:09:27 AM
DarkHero(DarkHero) used a antibiotic 2-9-2021, 4:09:27 AM
DarkHero(DarkHero) used a antibiotic 2-9-2021, 4:09:31 AM
DarkHero(DarkHero) used a antibiotic 2-9-2021, 4:09:32 AM
DarkHero(DarkHero) used a antibiotic 2-9-2021, 4:09:32 AM
DarkHero(DarkHero) used a antibiotic 2-9-2021, 4:09:33 AM
DarkHero(DarkHero) used a antibiotic 2-9-2021, 4:09:33 AM
DarkHero(DarkHero) used a antibiotic 2-9-2021, 4:09:34 AM
DarkHero(DarkHero) used a antibiotic 2-9-2021, 4:09:34 AM
DarkHero(DarkHero) used a antibiotic 2-9-2021, 4:09:34 AM
DarkHero(DarkHero) used a antibiotic 2-9-2021, 4:09:35 AM
DarkHero(DarkHero) used a antibiotic 2-9-2021, 4:09:35 AM
DarkHero(DarkHero) used a antibiotic 2-9-2021, 4:09:36 AM
DarkHero(DarkHero) used a antibiotic 2-9-2021, 4:09:36 AM
DarkHero(DarkHero) used a antibiotic 2-9-2021, 4:09:36 AM
DarkHero(DarkHero) used a antibiotic 2-9-2021, 4:09:37 AM
DarkHero(DarkHero) used a antibiotic 2-9-2021, 4:09:37 AM
DarkHero(DarkHero) used a antibiotic 2-9-2021, 4:09:37 AM
DarkHero(DarkHero) used a antibiotic 2-9-2021, 4:09:38 AM
DarkHero(DarkHero) used a antibiotic 2-9-2021, 4:09:38 AM
DarkHero(DarkHero) used a tk_ultra_health_potion 2-9-2021, 8:19:20 AM
DarkHero(DarkHero) used a antibiotic 2-9-2021, 8:19:46 AM
DarkHero(DarkHero) used a antibiotic 2-9-2021, 8:19:47 AM
DarkHero(DarkHero) used a antibiotic 2-9-2021, 8:19:47 AM
DarkHero(DarkHero) used a antibiotic 2-9-2021, 8:19:52 AM
DarkHero(DarkHero) used a antibiotic 2-9-2021, 8:19:52 AM
DarkHero(DarkHero) used a antibiotic 2-9-2021, 8:19:57 AM
DarkHero(DarkHero) used a antibiotic 2-9-2021, 8:19:57 AM
DarkHero(DarkHero) used a antibiotic 2-9-2021, 8:19:58 AM
DarkHero(DarkHero) used a antibiotic 2-9-2021, 8:20:03 AM
DarkHero(DarkHero) used a antibiotic 2-9-2021, 8:20:03 AM
DarkHero(DarkHero) used a antibiotic 2-9-2021, 8:20:03 AM
DarkHero(DarkHero) used a antibiotic 2-9-2021, 8:20:04 AM
DarkHero(DarkHero) used a antibiotic 2-9-2021, 8:20:39 AM
DarkHero(DarkHero) used a antibiotic 2-9-2021, 8:20:39 AM
DarkHero(DarkHero) used a antibiotic 2-9-2021, 8:22:47 AM
DarkHero(DarkHero) used a antibiotic 2-9-2021, 8:22:47 AM
DarkHero(DarkHero) used a antibiotic 2-9-2021, 8:23:09 AM
DarkHero(DarkHero) used a antibiotic 2-9-2021, 8:23:09 AM
DarkHero(DarkHero) used a antibiotic 2-9-2021, 8:23:51 AM
DarkHero(DarkHero) used a antibiotic 2-9-2021, 8:23:52 AM
DarkHero(DarkHero) used a antibiotic 2-9-2021, 8:24:22 AM
DarkHero(DarkHero) used a antibiotic 2-9-2021, 8:24:22 AM
DarkHero(DarkHero) used a antibiotic 2-9-2021, 8:25:20 AM
DarkHero(DarkHero) used a antibiotic 2-9-2021, 8:25:20 AM
DarkHero(DarkHero) used a antibiotic 2-9-2021, 8:25:20 AM
DarkHero(DarkHero) used a antibiotic 2-9-2021, 8:25:20 AM
DarkHero(DarkHero) used a antibiotic 2-9-2021, 8:25:29 AM
DarkHero(DarkHero) used a antibiotic 2-9-2021, 8:25:29 AM
DarkHero(DarkHero) used a antibiotic 2-9-2021, 8:26:41 AM
DarkHero(DarkHero) used a antibiotic 2-9-2021, 8:26:42 AM
DarkHero(DarkHero) used a antibiotic 2-9-2021, 8:26:48 AM
DarkHero(DarkHero) used a antibiotic 2-9-2021, 8:26:49 AM
DarkHero(DarkHero) used a antibiotic 2-9-2021, 8:27:10 AM
DarkHero(DarkHero) used a antibiotic 2-9-2021, 8:27:11 AM
DarkHero(DarkHero) used a antibiotic 2-9-2021, 8:43:45 AM
DarkHero(DarkHero) used a antibiotic 2-9-2021, 8:43:45 AM
DarkHero(DarkHero) used a antibiotic 2-9-2021, 8:43:45 AM
DarkHero(DarkHero) used a steal_warhammer 2-9-2021, 8:46:45 AM
DarkHero(DarkHero) used a tk_ultra_health_potion 2-9-2021, 8:50:10 AM
DarkHero(DarkHero) used a tk_ultra_health_potion 2-9-2021, 8:50:12 AM
DarkHero(DarkHero) used a tk_ultra_health_potion 2-9-2021, 8:51:54 AM
DarkHero(DarkHero) used a antibiotic 2-9-2021, 8:52:21 AM
DarkHero(DarkHero) used a antibiotic 2-9-2021, 8:52:21 AM
DarkHero(DarkHero) used a tk_ultra_health_potion 2-9-2021, 8:53:48 AM
DarkHero(DarkHero) used a tk_ultra_health_potion 2-9-2021, 8:54:26 AM
DarkHero(DarkHero) used a antibiotic 2-9-2021, 8:54:29 AM
DarkHero(DarkHero) used a antibiotic 2-9-2021, 8:54:29 AM
DarkHero(DarkHero) used a antibiotic 2-9-2021, 8:54:30 AM
DarkHero(DarkHero) used a tk_ultra_health_potion 2-9-2021, 8:55:17 AM
DarkHero(DarkHero) used a tk_ultra_health_potion 2-9-2021, 8:55:17 AM
DarkHero(DarkHero) used a antibiotic 2-9-2021, 8:55:39 AM
DarkHero(DarkHero) used a antibiotic 2-9-2021, 8:55:41 AM
DarkHero(DarkHero) used a antibiotic 2-9-2021, 8:55:42 AM
DarkHero(DarkHero) used a antibiotic 2-9-2021, 8:55:42 AM
DarkHero(DarkHero) used a antibiotic 2-9-2021, 8:55:42 AM
DarkHero(DarkHero) used a antibiotic 2-9-2021, 8:55:42 AM
DarkHero(DarkHero) used a antibiotic 2-9-2021, 8:55:43 AM
DarkHero(DarkHero) used a antibiotic 2-9-2021, 8:55:43 AM
DarkHero(DarkHero) used a antibiotic 2-9-2021, 8:55:43 AM
DarkHero(DarkHero) used a antibiotic 2-9-2021, 8:55:44 AM
DarkHero(DarkHero) used a antibiotic 2-9-2021, 8:55:45 AM
DarkHero(DarkHero) used a antibiotic 2-9-2021, 8:55:45 AM
DarkHero(DarkHero) used a tk_ultra_health_potion 2-9-2021, 8:57:41 AM
DarkHero(DarkHero) used a ultra_antibiotic_pack 2-9-2021, 8:58:04 AM
DarkHero(DarkHero) used a ultra_antibiotic_pack 2-9-2021, 8:58:04 AM
DarkHero(DarkHero) used a ultra_antibiotic_pack 2-9-2021, 8:58:04 AM
DarkHero(DarkHero) used a ultra_antibiotic_pack 2-9-2021, 8:58:04 AM
DarkHero(DarkHero) used a ultra_antibiotic_pack 2-9-2021, 8:58:04 AM
DarkHero(DarkHero) used a ultra_antibiotic_pack 2-9-2021, 8:58:04 AM
DarkHero(DarkHero) used a ultra_antibiotic_pack 2-9-2021, 8:58:04 AM
DarkHero(DarkHero) used a ultra_antibiotic_pack 2-9-2021, 8:58:05 AM
DarkHero(DarkHero) used a ultra_antibiotic_pack 2-9-2021, 8:58:05 AM
DarkHero(DarkHero) used a ultra_antibiotic_pack 2-9-2021, 8:58:05 AM
DarkHero(DarkHero) used a antibiotic 2-9-2021, 8:58:10 AM
DarkHero(DarkHero) used a antibiotic 2-9-2021, 8:58:10 AM
DarkHero(DarkHero) used a antibiotic 2-9-2021, 8:58:33 AM
DarkHero(DarkHero) used a antibiotic 2-9-2021, 8:58:33 AM
DarkHero(DarkHero) used a antibiotic 2-9-2021, 8:59:00 AM
DarkHero(DarkHero) used a antibiotic 2-9-2021, 9:00:21 AM
DarkHero(DarkHero) used a antibiotic 2-9-2021, 9:00:22 AM