
Doston(Doston) used a antibiotic 2-9-2021, 8:55:41 AM
Doston(Doston) used a antibiotic 2-9-2021, 6:21:20 PM
Doston(Doston) used a antibiotic 2-9-2021, 7:03:02 PM
Doston(Doston) used a item_grabber 2-9-2021, 7:05:50 PM
Doston(Doston) used a item_grabber 2-9-2021, 7:09:49 PM
Doston(Doston) used a hand_cannon 2-9-2021, 7:14:19 PM
Doston(Doston) used a helicopter 2-9-2021, 7:14:38 PM
Doston(Doston) used a robot 2-9-2021, 7:15:12 PM
Doston(Doston) used a antibiotic 2-9-2021, 7:18:22 PM
Doston(Doston) used a awp 2-9-2021, 7:18:23 PM
Doston(Doston) used a antibiotic 2-9-2021, 7:26:33 PM
Doston(Doston) used a frequency_scrambler 2-9-2021, 7:33:42 PM
Doston(Doston) used a frequency_scrambler 2-9-2021, 7:33:46 PM
Doston(Doston) used a frequency_scrambler 2-9-2021, 7:33:51 PM
Doston(Doston) used a frequency_scrambler 2-9-2021, 7:33:57 PM
Doston(Doston) used a frequency_scrambler 2-9-2021, 7:34:00 PM
Doston(Doston) used a frequency_scrambler 2-9-2021, 7:34:00 PM
Doston(Doston) used a frequency_scrambler 2-9-2021, 7:34:01 PM
Doston(Doston) used a frequency_scrambler 2-9-2021, 7:34:01 PM
Doston(Doston) used a frequency_scrambler 2-9-2021, 7:34:01 PM
Doston(Doston) used a frequency_scrambler 2-9-2021, 7:34:04 PM
Doston(Doston) used a frequency_scrambler 2-9-2021, 7:34:14 PM
Doston(Doston) used a frequency_scrambler 2-9-2021, 7:35:16 PM
Doston(Doston) used a frequency_scrambler 2-9-2021, 7:35:16 PM
Doston(Doston) used a frequency_scrambler 2-9-2021, 7:35:25 PM
Doston(Doston) used a frequency_scrambler 2-9-2021, 7:35:25 PM
Doston(Doston) used a frequency_scrambler 2-9-2021, 7:35:29 PM
Doston(Doston) used a frequency_scrambler 2-9-2021, 7:35:29 PM
Doston(Doston) used a frequency_scrambler 2-9-2021, 7:35:37 PM
Doston(Doston) used a frequency_scrambler 2-9-2021, 7:35:37 PM
Doston(Doston) used a frequency_scrambler 2-9-2021, 7:35:41 PM
Doston(Doston) used a frequency_scrambler 2-9-2021, 7:35:43 PM
Doston(Doston) used a frequency_scrambler 2-9-2021, 7:35:43 PM
Doston(Doston) used a antibiotic 2-9-2021, 7:36:30 PM
Doston(Doston) used a frequency_scrambler 2-9-2021, 7:36:45 PM
Doston(Doston) used a frequency_scrambler 2-9-2021, 7:36:47 PM
Doston(Doston) used a frequency_scrambler 2-9-2021, 7:37:49 PM
Doston(Doston) used a frequency_scrambler 2-9-2021, 7:37:49 PM
Doston(Doston) used a frequency_scrambler 2-9-2021, 7:37:49 PM
Doston(Doston) used a frequency_scrambler 2-9-2021, 7:38:51 PM
Doston(Doston) used a frequency_scrambler 2-9-2021, 7:38:51 PM
Doston(Doston) used a tk_ultra_health_potion 2-9-2021, 7:41:32 PM
Doston(Doston) used a shield 2-9-2021, 7:41:46 PM
Doston(Doston) used a shield 2-9-2021, 7:41:46 PM
Doston(Doston) used a shield 2-9-2021, 7:41:46 PM
Doston(Doston) used a shield 2-9-2021, 7:41:47 PM
Doston(Doston) used a shield 2-9-2021, 7:41:48 PM
Doston(Doston) used a shield 2-9-2021, 7:41:48 PM
Doston(Doston) used a shield 2-9-2021, 7:41:49 PM
Doston(Doston) used a shield 2-9-2021, 7:41:49 PM
Doston(Doston) used a shield 2-9-2021, 7:41:49 PM
Doston(Doston) used a shield 2-9-2021, 7:41:49 PM
Doston(Doston) used a shield 2-9-2021, 7:41:49 PM
Doston(Doston) used a shield 2-9-2021, 7:41:49 PM
Doston(Doston) used a shield 2-9-2021, 7:41:49 PM
Doston(Doston) used a shield 2-9-2021, 7:41:50 PM
Doston(Doston) used a shield 2-9-2021, 7:41:50 PM
Doston(Doston) used a shield 2-9-2021, 7:41:50 PM
Doston(Doston) used a shield 2-9-2021, 7:41:50 PM
Doston(Doston) used a shield 2-9-2021, 7:41:51 PM
Doston(Doston) used a shield 2-9-2021, 7:41:51 PM
Doston(Doston) used a shield 2-9-2021, 7:41:51 PM
Doston(Doston) used a shield 2-9-2021, 7:41:51 PM
Doston(Doston) used a shield 2-9-2021, 7:41:51 PM
Doston(Doston) used a shield 2-9-2021, 7:41:52 PM
Doston(Doston) used a pack_of_15_shield 2-9-2021, 7:42:11 PM
Doston(Doston) used a pack_of_15_shield 2-9-2021, 7:42:12 PM
Doston(Doston) used a pack_of_10_antibiotic 2-9-2021, 7:42:25 PM
Doston(Doston) used a pack_of_10_antibiotic 2-9-2021, 7:42:25 PM
Doston(Doston) used a pack_of_10_antibiotic 2-9-2021, 7:42:25 PM
Doston(Doston) used a pack_of_10_antibiotic 2-9-2021, 7:42:25 PM
Doston(Doston) used a frequency_scrambler 2-9-2021, 7:42:42 PM
Doston(Doston) used a frequency_scrambler 2-9-2021, 7:42:45 PM
Doston(Doston) used a tk_ultra_health_potion 2-9-2021, 7:44:08 PM
Doston(Doston) used a tk_ultra_health_potion 2-9-2021, 7:47:35 PM
Doston(Doston) used a tk_ultra_health_potion 2-9-2021, 7:49:01 PM
Doston(Doston) used a tk_ultra_health_potion 2-9-2021, 7:49:18 PM
Doston(Doston) used a tk_ultra_health_potion 2-9-2021, 7:49:20 PM
Doston(Doston) used a tk_ultra_health_potion 2-9-2021, 7:49:20 PM
Doston(Doston) used a antibiotic_canister 2-9-2021, 7:49:35 PM
Doston(Doston) used a antibiotic_canister 2-9-2021, 7:49:42 PM
Doston(Doston) used a antibiotic_canister 2-9-2021, 7:49:45 PM
Doston(Doston) used a antibiotic 2-9-2021, 7:49:54 PM
Doston(Doston) used a tk_ultra_health_potion 2-9-2021, 7:53:28 PM
Doston(Doston) used a tk_ultra_health_potion 2-9-2021, 7:53:30 PM
Doston(Doston) used a tk_ultra_health_potion 2-9-2021, 7:53:57 PM
Doston(Doston) used a antibiotic 2-9-2021, 7:54:04 PM
Doston(Doston) used a antibiotic 2-9-2021, 7:54:38 PM
Doston(Doston) used a antibiotic 2-9-2021, 7:56:22 PM