
hariomdon(hariomdon) used a pack_of_100_ammo_m16_assault_rifle 2-9-2021, 7:42:03 AM
hariomdon(hariomdon) used a pack_of_100_ammo_m16_assault_rifle 2-9-2021, 7:42:03 AM
hariomdon(hariomdon) used a pack_of_100_ammo_m16_assault_rifle 2-9-2021, 7:42:03 AM
hariomdon(hariomdon) used a pack_of_100_ammo_m16_assault_rifle 2-9-2021, 7:42:04 AM
hariomdon(hariomdon) used a pack_of_100_ammo_m16_assault_rifle 2-9-2021, 7:42:05 AM
hariomdon(hariomdon) used a m16_assault_rifle 2-9-2021, 7:43:08 AM
hariomdon(hariomdon) used a remote_gun 2-9-2021, 7:44:19 AM
hariomdon(hariomdon) used a stp21_handgun 2-9-2021, 7:45:54 AM
hariomdon(hariomdon) used a armored_tank 2-9-2021, 7:48:03 AM
hariomdon(hariomdon) used a missile_interceptor 2-9-2021, 7:53:31 AM
hariomdon(hariomdon) used a missile_interceptor 2-9-2021, 7:53:38 AM
hariomdon(hariomdon) used a missile_interceptor 2-9-2021, 7:53:41 AM
hariomdon(hariomdon) used a missile_interceptor 2-9-2021, 7:53:43 AM
hariomdon(hariomdon) used a armored_tank 2-9-2021, 7:58:15 AM
hariomdon(hariomdon) used a armored_tank 2-9-2021, 7:59:11 AM
hariomdon(hariomdon) used a empty_pack 2-9-2021, 7:59:32 AM
hariomdon(hariomdon) used a empty_pack 2-9-2021, 7:59:32 AM
hariomdon(hariomdon) used a shield 2-9-2021, 8:07:45 AM
hariomdon(hariomdon) used a shield 2-9-2021, 8:07:46 AM
hariomdon(hariomdon) used a shield 2-9-2021, 8:07:46 AM
hariomdon(hariomdon) used a shield 2-9-2021, 8:07:46 AM
hariomdon(hariomdon) used a shield 2-9-2021, 8:07:46 AM
hariomdon(hariomdon) used a shield 2-9-2021, 8:07:46 AM
hariomdon(hariomdon) used a shield 2-9-2021, 8:07:46 AM
hariomdon(hariomdon) used a shield 2-9-2021, 8:07:47 AM
hariomdon(hariomdon) used a shield 2-9-2021, 8:07:47 AM
hariomdon(hariomdon) used a shield 2-9-2021, 8:07:47 AM
hariomdon(hariomdon) used a shield 2-9-2021, 8:07:47 AM
hariomdon(hariomdon) used a shield 2-9-2021, 8:07:47 AM
hariomdon(hariomdon) used a shield 2-9-2021, 8:07:47 AM
hariomdon(hariomdon) used a shield 2-9-2021, 8:07:48 AM
hariomdon(hariomdon) used a shield 2-9-2021, 8:07:48 AM
hariomdon(hariomdon) used a shield 2-9-2021, 8:07:48 AM
hariomdon(hariomdon) used a shield 2-9-2021, 8:07:48 AM
hariomdon(hariomdon) used a shield 2-9-2021, 8:07:48 AM
hariomdon(hariomdon) used a shield 2-9-2021, 8:07:48 AM
hariomdon(hariomdon) used a shield 2-9-2021, 8:07:49 AM
hariomdon(hariomdon) used a shield 2-9-2021, 8:07:49 AM
hariomdon(hariomdon) used a shield 2-9-2021, 8:07:49 AM
hariomdon(hariomdon) used a shield 2-9-2021, 8:07:49 AM
hariomdon(hariomdon) used a shield 2-9-2021, 8:07:49 AM
hariomdon(hariomdon) used a shield 2-9-2021, 8:07:50 AM
hariomdon(hariomdon) used a shield 2-9-2021, 8:07:51 AM
hariomdon(hariomdon) used a shield 2-9-2021, 8:07:51 AM
hariomdon(hariomdon) used a shield 2-9-2021, 8:07:51 AM
hariomdon(hariomdon) used a shield 2-9-2021, 8:07:51 AM
hariomdon(hariomdon) used a shield 2-9-2021, 8:07:51 AM
hariomdon(hariomdon) used a shield 2-9-2021, 8:07:52 AM
hariomdon(hariomdon) used a shield 2-9-2021, 8:07:52 AM
hariomdon(hariomdon) used a music_box 2-9-2021, 8:11:22 AM
hariomdon(hariomdon) used a shield 2-9-2021, 8:12:06 AM
hariomdon(hariomdon) used a shield 2-9-2021, 8:12:06 AM
hariomdon(hariomdon) used a shield 2-9-2021, 8:12:06 AM
hariomdon(hariomdon) used a shield 2-9-2021, 8:12:30 AM
hariomdon(hariomdon) used a shield 2-9-2021, 8:12:30 AM
hariomdon(hariomdon) used a shield 2-9-2021, 8:12:31 AM
hariomdon(hariomdon) used a shield 2-9-2021, 8:12:31 AM
hariomdon(hariomdon) used a shield 2-9-2021, 8:12:31 AM
hariomdon(hariomdon) used a shield 2-9-2021, 8:12:31 AM
hariomdon(hariomdon) used a shield 2-9-2021, 8:12:31 AM
hariomdon(hariomdon) used a shield 2-9-2021, 8:12:31 AM
hariomdon(hariomdon) used a shield 2-9-2021, 8:12:31 AM
hariomdon(hariomdon) used a shield 2-9-2021, 8:12:32 AM
hariomdon(hariomdon) used a shield 2-9-2021, 8:12:32 AM
hariomdon(hariomdon) used a shield 2-9-2021, 8:12:32 AM
hariomdon(hariomdon) used a shield 2-9-2021, 8:12:32 AM
hariomdon(hariomdon) used a shield 2-9-2021, 8:12:32 AM
hariomdon(hariomdon) used a shield 2-9-2021, 8:12:33 AM
hariomdon(hariomdon) used a shield 2-9-2021, 8:12:33 AM
hariomdon(hariomdon) used a shield 2-9-2021, 8:12:33 AM
hariomdon(hariomdon) used a shield 2-9-2021, 8:12:33 AM
hariomdon(hariomdon) used a shield 2-9-2021, 8:12:33 AM
hariomdon(hariomdon) used a shield 2-9-2021, 8:12:33 AM
hariomdon(hariomdon) used a shield 2-9-2021, 8:12:34 AM
hariomdon(hariomdon) used a shield 2-9-2021, 8:12:34 AM
hariomdon(hariomdon) used a shield 2-9-2021, 8:12:34 AM
hariomdon(hariomdon) used a shield 2-9-2021, 8:12:34 AM
hariomdon(hariomdon) used a shield 2-9-2021, 8:12:34 AM
hariomdon(hariomdon) used a shield 2-9-2021, 8:12:34 AM
hariomdon(hariomdon) used a shield 2-9-2021, 8:12:35 AM
hariomdon(hariomdon) used a shield 2-9-2021, 8:12:35 AM