
Killercross(killercross) used a tk_ultra_health_potion 2-9-2021, 9:38:34 AM
Killercross(killercross) used a tk_ultra_health_potion 2-9-2021, 9:38:34 AM
Killercross(killercross) used a tk_ultra_health_potion 2-9-2021, 9:38:34 AM
Killercross(killercross) used a tk_ultra_health_potion 2-9-2021, 9:38:34 AM
Killercross(killercross) used a health_drink 2-9-2021, 9:40:16 AM
Killercross(killercross) used a the_legendary_sword 2-9-2021, 9:40:17 AM
Killercross(killercross) used a health_drink 2-9-2021, 9:40:45 AM
Killercross(killercross) used a health_drink 2-9-2021, 9:40:46 AM
Killercross(killercross) used a health_drink 2-9-2021, 9:40:46 AM
Killercross(killercross) used a health_drink 2-9-2021, 9:40:46 AM
Killercross(killercross) used a storm_sniper 2-9-2021, 9:41:13 AM
Killercross(killercross) used a tk_ultra_health_potion 2-9-2021, 9:41:40 AM
Killercross(killercross) used a tk_ultra_health_potion 2-9-2021, 9:42:05 AM
Killercross(killercross) used a health_drink 2-9-2021, 9:42:10 AM
Killercross(killercross) used a health_drink 2-9-2021, 9:42:12 AM
Killercross(killercross) used a health_drink 2-9-2021, 9:42:14 AM
Killercross(killercross) used a health_drink 2-9-2021, 9:42:15 AM
Killercross(killercross) used a health_drink 2-9-2021, 9:43:20 AM
Killercross(killercross) used a health_drink 2-9-2021, 9:43:23 AM
Killercross(killercross) used a health_drink 2-9-2021, 9:43:26 AM
Killercross(killercross) used a health_drink 2-9-2021, 9:43:30 AM
Killercross(killercross) used a hand_cannon 2-9-2021, 9:43:53 AM
Killercross(killercross) used a hand_cannon 2-9-2021, 9:44:00 AM
Killercross(killercross) used a storm_sniper 2-9-2021, 9:45:00 AM
Killercross(killercross) used a health_drink 2-9-2021, 9:45:44 AM
Killercross(killercross) used a tk_ultra_health_potion 2-9-2021, 9:45:49 AM
Killercross(killercross) used a tk_ultra_health_potion 2-9-2021, 9:46:12 AM
Killercross(linix) used a hand_cannon 2-9-2021, 9:48:04 AM
Killercross(linix) used a tk_ultra_health_potion 2-9-2021, 9:48:15 AM
Killercross(linix) used a storm_sniper 2-9-2021, 9:48:35 AM
Killercross(linix) used a hand_cannon 2-9-2021, 9:48:39 AM
Killercross(linix) used a health_drink 2-9-2021, 9:48:43 AM
Killercross(linix) used a the_legendary_sword 2-9-2021, 9:48:46 AM
Killercross(linix) used a health_drink 2-9-2021, 9:48:50 AM
Killercross(linix) used a health_drink 2-9-2021, 9:48:54 AM
Killercross(linix) used a health_drink 2-9-2021, 9:49:16 AM
Killercross(linix) used a health_drink 2-9-2021, 9:49:31 AM
Killercross(linix) used a storm_sniper 2-9-2021, 9:49:33 AM