
nikita-k (nikita-k) sent /giveall air_canister 100 2-9-2021, 7:24:32 PM
nikita-k (nikita-k) sent /double_xp 2-9-2021, 7:24:51 PM
nikita-k (nikita-k) sent /getinv istek 2-9-2021, 7:26:15 PM
nikita-k (nikita-k) sent /cdata istek inv 2-9-2021, 7:26:33 PM
nikita-k (nikita-k) sent /give istek coin -1100000000 2-9-2021, 7:27:48 PM
nikita-k (nikita-k) sent /cdata istek inv 2-9-2021, 7:29:17 PM
nikita-k (nikita-k) sent /lchat yes 2-9-2021, 7:30:39 PM
nikita-k (nikita-k) sent /shelterlist 2-9-2021, 7:32:45 PM
nikita-k (nikita-k) sent /gnstart 2-9-2021, 7:37:27 PM
nikita-k (nikita-k) sent /gnsubmit 10 2-9-2021, 7:37:28 PM
nikita-k (nikita-k) sent /go 10 5 0 2-9-2021, 7:59:50 PM
nikita-k (nikita-k) sent /go 100 100 0 2-9-2021, 7:59:53 PM
nikita-k (nikita-k) sent /go 10 5 0 2-9-2021, 8:00:15 PM
nikita-k (nikita-k) sent /go 100 100 0 2-9-2021, 8:00:19 PM
nikita-k (nikita-k) sent /go 100 50 0 2-9-2021, 8:01:35 PM
nikita-k (nikita-k) sent /chars 2-9-2021, 8:11:40 PM
nikita-k (nikita-k) sent /chars 2-9-2021, 8:11:47 PM
nikita-k (nikita-k) sent /chars 2-9-2021, 8:12:04 PM
nikita-k (nikita-k) sent /garbage 2-9-2021, 8:12:50 PM
nikita-k (nikita-k) sent /double_xp 2-9-2021, 8:14:18 PM
nikita-k (nikita-k) sent /kick vinni 2-9-2021, 8:15:27 PM
nikita-k (nikita-k) sent /super_xp 2-9-2021, 8:18:25 PM
nikita-k (nikita-k) sent /super_xp 2-9-2021, 8:18:48 PM
nikita-k (nikita-k) sent /newadmin vinni 2-9-2021, 8:49:24 PM
nikita-k (nikita-k) sent /double_xp 2-9-2021, 8:49:53 PM
nikita-k (nikita-k) sent /double_xp 2-9-2021, 8:51:07 PM
nikita-k (nikita-k) sent /admins 2-9-2021, 8:51:18 PM
nikita-k (nikita-k) sent /reboot 2-9-2021, 9:07:55 PM
nikita-k (nikita-k) sent /newmotd A small update:
added commands for developers /disablebombs and / enablebombs!
Now the character will be resurrect after reaching level 1000!
Welcome to the killer, version 2.0.0! added resurrections! when you reach level 3000, you will be resurrect, you will have the first level again. for resurrection, you will receive a reward
new items! gift, xp_box, death_free_card!
added double experience and super experience! enabled by administrators
fixed some bugs
 2-9-2021, 9:11:17 PM
nikita-k (nikita-k) sent /disablebombs 2-9-2021, 9:11:32 PM
nikita-k (nikita-k) sent /disablebombs 2-9-2021, 9:12:00 PM
nikita-k (nikita-k) sent /enablebombs 2-9-2021, 9:12:18 PM
nikita-k (nikita-k) sent /go 5 0 0 store 2-9-2021, 9:12:48 PM
nikita-k (nikita-k) sent /countbombs 2-9-2021, 9:13:24 PM
nikita-k (nikita-k) sent /reboot 2-9-2021, 9:17:52 PM
nikita-k (nikita-k) sent /cdataset nikita-k level 1000 2-9-2021, 9:19:46 PM
nikita-k (nikita-k) sent /cdataset nikita-k xp 0 2-9-2021, 9:20:17 PM
nikita-k (nikita-k) sent /reboot 2-9-2021, 9:30:04 PM
nikita-k (nikita-k) sent /peak 2-9-2021, 10:28:29 PM
nikita-k (nikita-k) sent /chars 2-9-2021, 10:28:32 PM