
otabek(otabek) used a hand_cannon 2-9-2021, 5:05:43 PM
otabek(otabek) used a the_legendary_sword 2-9-2021, 5:05:57 PM
otabek(otabek) used a storm_sniper 2-9-2021, 5:06:13 PM
otabek(otabek) used a tk_ultra_health_potion 2-9-2021, 5:06:39 PM
otabek(otabek) used a tk_ultra_health_potion 2-9-2021, 5:12:04 PM
otabek(otabek) used a health_drink 2-9-2021, 5:15:10 PM
otabek(otabek) used a health_drink 2-9-2021, 5:15:13 PM
otabek(otabek) used a health_drink 2-9-2021, 5:15:19 PM
otabek(otabek) used a health_drink 2-9-2021, 5:15:34 PM
otabek(otabek) used a shield 2-9-2021, 5:20:35 PM
otabek(otabek) used a shield 2-9-2021, 5:20:36 PM
otabek(otabek) used a shield 2-9-2021, 5:20:37 PM
otabek(otabek) used a shield 2-9-2021, 5:20:37 PM
otabek(otabek) used a shield 2-9-2021, 5:20:37 PM
otabek(otabek) used a shield 2-9-2021, 5:20:38 PM
otabek(otabek) used a shield 2-9-2021, 5:20:38 PM
otabek(otabek) used a shield 2-9-2021, 5:20:38 PM
otabek(otabek) used a shield 2-9-2021, 5:20:39 PM
otabek(otabek) used a shield 2-9-2021, 5:20:39 PM
otabek(otabek) used a shield 2-9-2021, 5:20:39 PM
otabek(otabek) used a shield 2-9-2021, 5:20:40 PM
otabek(otabek) used a shield 2-9-2021, 5:20:40 PM
otabek(otabek) used a shield 2-9-2021, 5:20:41 PM
otabek(otabek) used a shield 2-9-2021, 5:20:41 PM
otabek(otabek) used a shield 2-9-2021, 5:20:42 PM
otabek(otabek) used a shield 2-9-2021, 5:20:42 PM
otabek(otabek) used a shield 2-9-2021, 5:20:42 PM
otabek(otabek) used a shield 2-9-2021, 5:20:43 PM
otabek(otabek) used a shield 2-9-2021, 5:20:43 PM
otabek(otabek) used a shield 2-9-2021, 5:20:44 PM
otabek(otabek) used a shield 2-9-2021, 5:20:44 PM
otabek(otabek) used a shield 2-9-2021, 5:20:45 PM
otabek(otabek) used a shield 2-9-2021, 5:20:45 PM
otabek(otabek) used a shield 2-9-2021, 5:20:45 PM
otabek(otabek) used a shield 2-9-2021, 5:20:46 PM
otabek(otabek) used a shield 2-9-2021, 5:20:46 PM
otabek(otabek) used a shield 2-9-2021, 5:20:47 PM
otabek(otabek) used a shield 2-9-2021, 5:20:48 PM
otabek(otabek) used a shield 2-9-2021, 5:20:48 PM
otabek(otabek) used a shield 2-9-2021, 5:20:49 PM
otabek(otabek) used a health_drink 2-9-2021, 5:22:09 PM
otabek(otabek) used a health_drink 2-9-2021, 5:23:13 PM
otabek(otabek) used a health_drink 2-9-2021, 5:23:14 PM
otabek(otabek) used a health_drink 2-9-2021, 5:23:16 PM
otabek(otabek) used a health_drink 2-9-2021, 5:23:17 PM
otabek(otabek) used a health_drink 2-9-2021, 5:23:21 PM
otabek(otabek) used a health_drink 2-9-2021, 5:23:22 PM
otabek(otabek) used a health_drink 2-9-2021, 5:23:23 PM
otabek(otabek) used a health_drink 2-9-2021, 5:23:25 PM
otabek(otabek) used a health_drink 2-9-2021, 5:23:29 PM
otabek(otabek) used a health_drink 2-9-2021, 5:23:31 PM
otabek(otabek) used a health_drink 2-9-2021, 5:23:32 PM
otabek(otabek) used a health_drink 2-9-2021, 5:23:39 PM
otabek(otabek) used a health_drink 2-9-2021, 5:23:41 PM
otabek(otabek) used a health_drink 2-9-2021, 5:23:43 PM
otabek(otabek) used a health_drink 2-9-2021, 5:23:44 PM
otabek(otabek) used a health_drink 2-9-2021, 5:23:45 PM
otabek(otabek) used a health_drink 2-9-2021, 5:23:46 PM
otabek(otabek) used a health_drink 2-9-2021, 5:23:47 PM
otabek(otabek) used a the_legendary_sword 2-9-2021, 5:25:16 PM
otabek(otabek) used a storm_sniper 2-9-2021, 5:25:30 PM
otabek(otabek) used a health_drink 2-9-2021, 5:28:39 PM
otabek(otabek) used a health_drink 2-9-2021, 5:28:40 PM
otabek(otabek) used a health_drink 2-9-2021, 5:28:58 PM
otabek(otabek) used a armored_tank 2-9-2021, 5:29:06 PM
otabek(otabek) used a health_drink 2-9-2021, 5:34:26 PM
otabek(otabek) used a health_drink 2-9-2021, 5:34:26 PM
otabek(otabek) used a health_drink 2-9-2021, 5:34:27 PM
otabek(otabek) used a health_drink 2-9-2021, 5:37:21 PM
otabek(otabek) used a health_drink 2-9-2021, 5:37:28 PM
otabek(otabek) used a health_drink 2-9-2021, 5:37:32 PM
otabek(otabek) used a health_drink 2-9-2021, 5:37:35 PM
otabek(otabek) used a health_drink 2-9-2021, 5:37:38 PM
otabek(otabek) used a health_drink 2-9-2021, 5:37:41 PM
otabek(otabek) used a health_drink 2-9-2021, 5:37:46 PM
otabek(otabek) used a health_drink 2-9-2021, 5:37:57 PM
otabek(otabek) used a health_drink 2-9-2021, 5:38:00 PM
otabek(otabek) used a health_drink 2-9-2021, 5:38:00 PM
otabek(otabek) used a health_drink 2-9-2021, 5:39:19 PM
otabek(otabek) used a health_drink 2-9-2021, 5:40:04 PM
otabek(otabek) used a health_drink 2-9-2021, 5:43:37 PM
otabek(otabek) used a health_drink 2-9-2021, 5:44:16 PM
otabek(otabek) used a health_drink 2-9-2021, 5:44:21 PM
otabek(otabek) used a health_drink 2-9-2021, 5:44:28 PM
otabek(otabek) used a health_drink 2-9-2021, 5:44:28 PM
otabek(otabek) used a health_drink 2-9-2021, 5:44:38 PM
otabek(otabek) used a health_drink 2-9-2021, 5:45:44 PM
otabek(otabek) used a health_drink 2-9-2021, 5:45:44 PM
otabek(otabek) used a health_drink 2-9-2021, 5:47:01 PM
otabek(otabek) used a health_drink 2-9-2021, 5:47:02 PM
otabek(otabek) used a armored_tank 2-9-2021, 5:47:39 PM
otabek(otabek) used a health_drink 2-9-2021, 5:49:35 PM
otabek(otabek) used a health_drink 2-9-2021, 5:49:41 PM
otabek(otabek) used a health_drink 2-9-2021, 5:49:41 PM
otabek(otabek) used a health_drink 2-9-2021, 5:49:50 PM
otabek(otabek) used a health_drink 2-9-2021, 5:49:56 PM
otabek(otabek) used a health_drink 2-9-2021, 5:50:01 PM
otabek(otabek) used a health_drink 2-9-2021, 5:50:36 PM
otabek(otabek) used a health_drink 2-9-2021, 5:50:37 PM
otabek(otabek) used a health_drink 2-9-2021, 5:50:43 PM
otabek(otabek) used a health_drink 2-9-2021, 5:50:45 PM
otabek(otabek) used a health_drink 2-9-2021, 5:50:47 PM
otabek(otabek) used a health_drink 2-9-2021, 5:50:49 PM
otabek(otabek) used a health_drink 2-9-2021, 5:50:50 PM
otabek(otabek) used a health_drink 2-9-2021, 5:50:52 PM
otabek(otabek) used a health_drink 2-9-2021, 5:50:54 PM
otabek(otabek) used a health_drink 2-9-2021, 5:50:56 PM
otabek(otabek) used a health_drink 2-9-2021, 5:50:57 PM
otabek(otabek) used a health_drink 2-9-2021, 5:50:58 PM
otabek(otabek) used a health_drink 2-9-2021, 5:50:59 PM
otabek(otabek) used a health_drink 2-9-2021, 5:51:00 PM
otabek(otabek) used a health_drink 2-9-2021, 5:51:01 PM
otabek(otabek) used a health_drink 2-9-2021, 5:51:03 PM
otabek(otabek) used a health_drink 2-9-2021, 5:51:04 PM
otabek(otabek) used a health_drink 2-9-2021, 5:51:21 PM
otabek(otabek) used a health_drink 2-9-2021, 5:51:22 PM
otabek(otabek) used a health_drink 2-9-2021, 5:52:01 PM
otabek(otabek) used a health_drink 2-9-2021, 5:52:01 PM
otabek(otabek) used a health_drink 2-9-2021, 5:52:02 PM
otabek(otabek) used a health_drink 2-9-2021, 5:52:03 PM
otabek(otabek) used a health_drink 2-9-2021, 5:52:07 PM
otabek(otabek) used a health_drink 2-9-2021, 5:52:07 PM
otabek(otabek) used a health_drink 2-9-2021, 5:52:11 PM
otabek(otabek) used a health_drink 2-9-2021, 5:52:12 PM
otabek(otabek) used a health_drink 2-9-2021, 5:52:14 PM
otabek(otabek) used a health_drink 2-9-2021, 5:52:15 PM
otabek(otabek) used a health_drink 2-9-2021, 5:52:15 PM
otabek(otabek) used a health_drink 2-9-2021, 5:52:16 PM
otabek(otabek) used a health_drink 2-9-2021, 5:52:16 PM
otabek(otabek) used a health_drink 2-9-2021, 5:53:05 PM
otabek(otabek) used a health_drink 2-9-2021, 5:53:17 PM
otabek(otabek) used a health_drink 2-9-2021, 5:53:17 PM
otabek(otabek) used a health_drink 2-9-2021, 5:53:29 PM
otabek(otabek) used a health_drink 2-9-2021, 5:54:38 PM
otabek(otabek) used a health_drink 2-9-2021, 5:54:39 PM
otabek(otabek) used a health_drink 2-9-2021, 5:54:44 PM
otabek(otabek) used a health_drink 2-9-2021, 5:54:45 PM
otabek(otabek) used a health_drink 2-9-2021, 5:54:47 PM
otabek(otabek) used a health_drink 2-9-2021, 5:55:02 PM
otabek(otabek) used a gas_mask 2-9-2021, 5:57:01 PM
otabek(otabek) used a gas_mask 2-9-2021, 5:57:16 PM
otabek(otabek) used a gas_mask 2-9-2021, 5:57:35 PM
otabek(otabek) used a gas_mask 2-9-2021, 5:58:13 PM
otabek(otabek) used a gas_mask 2-9-2021, 5:59:29 PM
otabek(otabek) used a gas_mask 2-9-2021, 5:59:54 PM
otabek(otabek) used a gas_mask 2-9-2021, 5:59:55 PM
otabek(otabek) used a gas_mask 2-9-2021, 6:00:08 PM
otabek(otabek) used a gas_mask 2-9-2021, 6:00:09 PM
otabek(otabek) used a gas_mask 2-9-2021, 6:00:11 PM
otabek(otabek) used a antibiotic 2-9-2021, 6:00:20 PM
otabek(otabek) used a antibiotic 2-9-2021, 6:00:21 PM
otabek(otabek) used a health_drink 2-9-2021, 6:00:28 PM
otabek(otabek) used a health_drink 2-9-2021, 6:00:28 PM
otabek(otabek) used a health_drink 2-9-2021, 6:00:29 PM
otabek(otabek) used a health_drink 2-9-2021, 6:00:29 PM
otabek(otabek) used a health_drink 2-9-2021, 6:00:32 PM
otabek(otabek) used a health_drink 2-9-2021, 6:00:32 PM
otabek(otabek) used a health_drink 2-9-2021, 6:00:33 PM
otabek(otabek) used a health_drink 2-9-2021, 6:00:46 PM
otabek(otabek) used a health_drink 2-9-2021, 6:00:57 PM
otabek(otabek) used a air_canister 2-9-2021, 6:09:47 PM
otabek(otabek) used a tk_ultra_health_potion 2-9-2021, 6:10:43 PM
otabek(otabek) used a tk_ultra_health_potion 2-9-2021, 6:10:45 PM
otabek(otabek) used a health_drink 2-9-2021, 6:11:07 PM
otabek(otabek) used a health_drink 2-9-2021, 6:11:16 PM
otabek(otabek) used a health_drink 2-9-2021, 6:11:17 PM
otabek(otabek) used a air_canister 2-9-2021, 6:19:10 PM
otabek(otabek) used a tk_ultra_health_potion 2-9-2021, 6:27:57 PM
otabek(otabek) used a tk_ultra_health_potion 2-9-2021, 6:28:09 PM
otabek(otabek) used a tk_ultra_health_potion 2-9-2021, 6:28:47 PM
otabek(otabek) used a tk_ultra_health_potion 2-9-2021, 6:31:05 PM
otabek(otabek) used a health_drink 2-9-2021, 6:40:10 PM
otabek(otabek) used a health_drink 2-9-2021, 6:40:15 PM
otabek(otabek) used a health_drink 2-9-2021, 6:40:16 PM
otabek(otabek) used a gas_mask 2-9-2021, 6:46:31 PM
otabek(otabek) used a the_legendary_sword 2-9-2021, 6:47:17 PM
otabek(otabek) used a health_drink 2-9-2021, 6:47:39 PM
otabek(otabek) used a health_drink 2-9-2021, 6:47:48 PM
otabek(otabek) used a health_drink 2-9-2021, 6:47:48 PM
otabek(otabek) used a health_drink 2-9-2021, 6:48:04 PM
otabek(otabek) used a health_drink 2-9-2021, 6:48:06 PM
otabek(otabek) used a health_drink 2-9-2021, 6:49:48 PM
otabek(otabek) used a health_drink 2-9-2021, 6:49:48 PM
otabek(otabek) used a health_drink 2-9-2021, 6:53:05 PM
otabek(otabek) used a health_drink 2-9-2021, 6:53:05 PM
otabek(otabek) used a health_drink 2-9-2021, 6:53:08 PM
otabek(otabek) used a health_drink 2-9-2021, 6:53:09 PM
otabek(otabek) used a health_drink 2-9-2021, 6:53:11 PM
otabek(otabek) used a health_drink 2-9-2021, 6:53:12 PM
otabek(otabek) used a health_drink 2-9-2021, 6:53:12 PM
otabek(otabek) used a health_drink 2-9-2021, 6:53:13 PM
otabek(otabek) used a health_drink 2-9-2021, 6:53:15 PM
otabek(otabek) used a health_drink 2-9-2021, 6:53:16 PM
otabek(otabek) used a health_drink 2-9-2021, 6:53:17 PM
otabek(otabek) used a health_drink 2-9-2021, 6:53:18 PM
otabek(otabek) used a health_drink 2-9-2021, 6:53:20 PM
otabek(otabek) used a health_drink 2-9-2021, 6:53:20 PM
otabek(otabek) used a health_drink 2-9-2021, 6:53:22 PM
otabek(otabek) used a health_drink 2-9-2021, 6:53:24 PM
otabek(otabek) used a the_legendary_sword 2-9-2021, 6:54:47 PM
otabek(otabek) used a health_drink 2-9-2021, 6:55:38 PM
otabek(otabek) used a health_drink 2-9-2021, 6:55:46 PM
otabek(otabek) used a health_drink 2-9-2021, 6:55:55 PM
otabek(otabek) used a health_drink 2-9-2021, 6:55:55 PM
otabek(otabek) used a health_drink 2-9-2021, 6:57:17 PM
otabek(otabek) used a health_drink 2-9-2021, 6:59:35 PM
otabek(otabek) used a health_drink 2-9-2021, 6:59:36 PM
otabek(otabek) used a health_drink 2-9-2021, 6:59:42 PM
otabek(otabek) used a health_drink 2-9-2021, 6:59:47 PM
otabek(otabek) used a health_drink 2-9-2021, 6:59:54 PM
otabek(otabek) used a health_drink 2-9-2021, 7:00:00 PM
otabek(otabek) used a shield 2-9-2021, 7:00:24 PM
otabek(otabek) used a shield 2-9-2021, 7:00:24 PM
otabek(otabek) used a shield 2-9-2021, 7:00:25 PM
otabek(otabek) used a shield 2-9-2021, 7:00:26 PM
otabek(otabek) used a shield 2-9-2021, 7:00:26 PM
otabek(otabek) used a shield 2-9-2021, 7:00:27 PM
otabek(otabek) used a shield 2-9-2021, 7:00:28 PM
otabek(otabek) used a shield 2-9-2021, 7:00:28 PM
otabek(otabek) used a shield 2-9-2021, 7:00:29 PM
otabek(otabek) used a shield 2-9-2021, 7:00:29 PM
otabek(otabek) used a shield 2-9-2021, 7:00:29 PM
otabek(otabek) used a shield 2-9-2021, 7:00:30 PM
otabek(otabek) used a shield 2-9-2021, 7:00:30 PM
otabek(otabek) used a shield 2-9-2021, 7:00:31 PM
otabek(otabek) used a shield 2-9-2021, 7:00:32 PM
otabek(otabek) used a shield 2-9-2021, 7:00:32 PM
otabek(otabek) used a shield 2-9-2021, 7:00:33 PM
otabek(otabek) used a shield 2-9-2021, 7:00:33 PM
otabek(otabek) used a shield 2-9-2021, 7:00:34 PM
otabek(otabek) used a shield 2-9-2021, 7:00:35 PM
otabek(otabek) used a shield 2-9-2021, 7:00:35 PM
otabek(otabek) used a shield 2-9-2021, 7:00:36 PM
otabek(otabek) used a shield 2-9-2021, 7:00:37 PM
otabek(otabek) used a shield 2-9-2021, 7:00:37 PM
otabek(otabek) used a shield 2-9-2021, 7:00:37 PM
otabek(otabek) used a shield 2-9-2021, 7:00:38 PM
otabek(otabek) used a shield 2-9-2021, 7:00:38 PM
otabek(otabek) used a shield 2-9-2021, 7:00:38 PM
otabek(otabek) used a shield 2-9-2021, 7:00:40 PM
otabek(otabek) used a shield 2-9-2021, 7:00:40 PM
otabek(otabek) used a shield 2-9-2021, 7:00:41 PM
otabek(otabek) used a tk_ultra_health_potion 2-9-2021, 7:02:01 PM
otabek(otabek) used a the_legendary_sword 2-9-2021, 7:02:14 PM
otabek(otabek) used a item_grabber 2-9-2021, 7:03:36 PM
otabek(otabek) used a warp_box 2-9-2021, 7:05:29 PM
otabek(otabek) used a armored_tank 2-9-2021, 7:06:06 PM
otabek(otabek) used a grenade_pack 2-9-2021, 7:09:23 PM
otabek(otabek) used a grenade_pack 2-9-2021, 7:09:25 PM
otabek(otabek) used a gas_mask 2-9-2021, 7:10:07 PM
otabek(otabek) used a gas_mask 2-9-2021, 7:10:11 PM
otabek(otabek) used a gas_mask 2-9-2021, 7:10:52 PM
otabek(otabek) used a health_drink 2-9-2021, 7:12:18 PM
otabek(otabek) used a gas_mask 2-9-2021, 7:12:32 PM
otabek(otabek) used a air_canister 2-9-2021, 7:13:42 PM
otabek(otabek) used a tk_ultra_health_potion 2-9-2021, 7:15:03 PM
otabek(otabek) used a tk_ultra_health_potion 2-9-2021, 7:15:06 PM
otabek(otabek) used a rocket_launcher 2-9-2021, 7:15:16 PM
otabek(otabek) used a rpg7_ammo_pack 2-9-2021, 7:15:24 PM
otabek(otabek) used a rpg7 2-9-2021, 7:15:35 PM
otabek(otabek) used a storm_sniper 2-9-2021, 7:15:48 PM