
superAtacker (superAtacker) said hi 2-9-2021, 8:20:46 AM
superAtacker (superAtacker) said fine 2-9-2021, 8:21:16 AM
superAtacker (superAtacker) said ha 2-9-2021, 8:29:41 AM
superAtacker (superAtacker) said hi 2-9-2021, 8:32:13 AM
superAtacker (superAtacker) said give me storm sniper or sword please 2-9-2021, 8:33:49 AM
superAtacker (superAtacker) said I don't have 2-9-2021, 8:34:05 AM
superAtacker (superAtacker) said oh 2-9-2021, 8:34:17 AM
superAtacker (superAtacker) said haha 2-9-2021, 8:37:15 AM
superAtacker (superAtacker) said your team password has been updated to  2-9-2021, 8:37:46 AM
superAtacker (superAtacker) said lets join my team. hahahaah 2-9-2021, 8:38:11 AM
superAtacker (superAtacker) said coin, 1986321 2-9-2021, 8:39:41 AM
superAtacker (superAtacker) said haha 2-9-2021, 8:40:39 AM
superAtacker (superAtacker) said waooooo 2-9-2021, 12:51:28 PM
superAtacker (superAtacker) said yes 2-9-2021, 12:52:24 PM
superAtacker (superAtacker) said hmm 2-9-2021, 12:52:43 PM
superAtacker (superAtacker) said don't know 2-9-2021, 12:54:47 PM
superAtacker (superAtacker) said oy 2-9-2021, 12:59:46 PM
superAtacker (superAtacker) said wa 2-9-2021, 1:00:14 PM
superAtacker (superAtacker) said yes 2-9-2021, 1:00:59 PM
superAtacker (superAtacker) said not blind master ek 2-9-2021, 1:01:51 PM
superAtacker (superAtacker) said this is other server game 2-9-2021, 1:02:08 PM
superAtacker (superAtacker) said ek? 2-9-2021, 1:02:36 PM
superAtacker (superAtacker) said the server is down! 2-9-2021, 1:03:01 PM
superAtacker (superAtacker) said wate a secs 2-9-2021, 1:03:31 PM
superAtacker (superAtacker) said Still loading 2-9-2021, 1:05:43 PM
superAtacker (superAtacker) said yeah 2-9-2021, 1:05:55 PM
superAtacker (superAtacker) said from messenger 2-9-2021, 1:06:03 PM
superAtacker (superAtacker) said hahaah 2-9-2021, 1:06:11 PM
superAtacker (superAtacker) said page not found! 2-9-2021, 1:06:20 PM
superAtacker (superAtacker) said oy 2-9-2021, 1:06:28 PM
superAtacker (superAtacker) said wate 2-9-2021, 1:07:01 PM
superAtacker (superAtacker) said hay listen 2-9-2021, 1:09:55 PM
superAtacker (superAtacker) said pm me 2-9-2021, 1:09:58 PM
superAtacker (superAtacker) said pm me 2-9-2021, 1:10:02 PM
superAtacker (superAtacker) said I'll send  2-9-2021, 1:10:12 PM
superAtacker (superAtacker) said wate 2-9-2021, 1:10:19 PM
superAtacker (superAtacker) said done 2-9-2021, 1:10:39 PM
superAtacker (superAtacker) said yes 2-9-2021, 1:11:15 PM
superAtacker (superAtacker) said istek 2-9-2021, 1:11:20 PM
superAtacker (superAtacker) said yes 2-9-2021, 1:12:02 PM
superAtacker (superAtacker) said http 2-9-2021, 1:12:08 PM
superAtacker (superAtacker) said the war is also down 2-9-2021, 1:12:56 PM
superAtacker (superAtacker) said no 2-9-2021, 1:13:34 PM
superAtacker (superAtacker) said 1day ago 2-9-2021, 1:13:43 PM
superAtacker (superAtacker) said not this is latest version 2-9-2021, 1:14:03 PM
superAtacker (superAtacker) said version? 2-9-2021, 1:14:17 PM
superAtacker (superAtacker) said no 2-9-2021, 1:14:28 PM
superAtacker (superAtacker) said 7.1 there 2-9-2021, 1:14:39 PM
superAtacker (superAtacker) said If you have 7.1, copy the souns.dad from 7.0 to pace to 7.1 folder 2-9-2021, 1:16:32 PM
superAtacker (superAtacker) said no need to download soun.dad! 2-9-2021, 1:16:56 PM
superAtacker (superAtacker) said now this is down 1day ago 2-9-2021, 1:17:27 PM
superAtacker (superAtacker) said same with e k 2-9-2021, 1:17:42 PM
superAtacker (superAtacker) said yes 2-9-2021, 1:18:00 PM
superAtacker (superAtacker) said also the war 2-9-2021, 1:18:08 PM
superAtacker (superAtacker) said no need to download with I D M! 2-9-2021, 1:19:36 PM
superAtacker (superAtacker) said connecting. please wate for server lift up! 2-9-2021, 1:20:24 PM
superAtacker (superAtacker) said haha 2-9-2021, 1:20:35 PM
superAtacker (superAtacker) said If you don't want to wate, the server is down! 2-9-2021, 1:21:09 PM
superAtacker (superAtacker) said lool 2-9-2021, 1:21:24 PM
superAtacker (superAtacker) said The magic flower has been added. Through this flower, you can go to a map containing maps and you can go to the map you want.
 2-9-2021, 1:23:13 PM
superAtacker (superAtacker) said I have 2000 2-9-2021, 1:23:35 PM
superAtacker (superAtacker) said A legendary sword has been added to the game, where it is considered a very powerful sword, taking from 750,000 to 950000 health.
 2-9-2021, 1:24:08 PM
superAtacker (superAtacker) said why? 2-9-2021, 1:24:21 PM
superAtacker (superAtacker) said haha 2-9-2021, 1:24:47 PM
superAtacker (superAtacker) said press enter to enter to the bar 2-9-2021, 1:26:23 PM
superAtacker (superAtacker) said no ender 2-9-2021, 1:27:00 PM
superAtacker (superAtacker) said no 2-9-2021, 1:27:27 PM
superAtacker (superAtacker) said b 2-9-2021, 1:27:43 PM
superAtacker (superAtacker) said c 2-9-2021, 1:27:44 PM
superAtacker (superAtacker) said d 2-9-2021, 1:27:44 PM
superAtacker (superAtacker) said e 2-9-2021, 1:27:45 PM
superAtacker (superAtacker) said a 2-9-2021, 1:29:40 PM
superAtacker (superAtacker) said I want 2-9-2021, 1:30:12 PM
superAtacker (superAtacker) said I will dide 2-9-2021, 1:30:34 PM
superAtacker (superAtacker) said ahaha 2-9-2021, 1:30:43 PM
superAtacker (superAtacker) said can I pacift\ist in this game? 2-9-2021, 1:32:08 PM