
djtrevor disconnected 9-26-2020, 7:26:25 AM
valentin disconnected 9-26-2020, 7:42:42 AM
gleb disconnected 9-26-2020, 7:46:00 AM
gleb disconnected 9-26-2020, 7:46:21 AM
gleb disconnected 9-26-2020, 9:10:40 AM
gleb disconnected 9-26-2020, 9:11:35 AM
gleb disconnected 9-26-2020, 9:48:56 AM
nikita-k disconnected 9-26-2020, 9:55:16 AM
Yarina disconnected 9-26-2020, 10:17:14 AM
sergytv disconnected 9-26-2020, 11:13:41 AM
djtrevor disconnected 9-26-2020, 11:22:17 AM
franklin disconnected 9-26-2020, 12:29:36 PM
ramil disconnected 9-26-2020, 12:31:39 PM
gleb disconnected 9-26-2020, 2:53:34 PM
nikita-k disconnected 9-26-2020, 3:37:31 PM
darkfrent disconnected 9-26-2020, 3:41:47 PM
darkfrent disconnected 9-26-2020, 3:43:40 PM
darkfrent disconnected 9-26-2020, 4:03:57 PM
Igrik disconnected 9-26-2020, 4:57:07 PM
gleb disconnected 9-26-2020, 5:16:00 PM
gleb disconnected 9-26-2020, 6:09:02 PM
gleb disconnected 9-26-2020, 6:24:37 PM
gleb disconnected 9-26-2020, 6:24:48 PM
gleb disconnected 9-26-2020, 6:25:03 PM
blindgamer123 disconnected 9-26-2020, 6:40:04 PM
darkfrent disconnected 9-26-2020, 7:05:10 PM
darkfrent disconnected 9-26-2020, 7:42:47 PM
shoma lost connection 9-26-2020, 7:51:24 PM
shoma disconnected 9-26-2020, 8:00:08 PM
gleb disconnected 9-26-2020, 8:12:35 PM
gleb disconnected 9-26-2020, 8:14:15 PM
shoma disconnected 9-26-2020, 8:17:28 PM
sergytv disconnected 9-26-2020, 8:17:54 PM
Yarina disconnected 9-26-2020, 8:26:31 PM
darkfrent disconnected 9-26-2020, 8:27:14 PM
sergytv disconnected 9-26-2020, 8:33:36 PM
sergytv disconnected 9-26-2020, 8:37:27 PM
sergytv disconnected 9-26-2020, 8:38:39 PM
ramil disconnected 9-26-2020, 8:41:22 PM
shoma disconnected 9-26-2020, 8:44:58 PM
darkfrent disconnected 9-26-2020, 8:47:13 PM
sergytv disconnected 9-26-2020, 8:47:34 PM
nikita-k disconnected 9-26-2020, 8:57:24 PM
karatel disconnected 9-26-2020, 9:51:02 PM
Lyutsifer lost connection 9-26-2020, 9:51:07 PM
shoma disconnected 9-26-2020, 9:51:40 PM
darkfrent disconnected 9-26-2020, 10:17:29 PM