
ramil(ramil) used a stp429_mini_missile 9-26-2020, 12:29:46 PM
ramil(ramil) used a stp429_mini_missile 9-26-2020, 12:29:47 PM
ramil(ramil) used a stp429_mini_missile 9-26-2020, 12:29:47 PM
ramil(ramil) used a steal_warhammer 9-26-2020, 12:30:20 PM
ramil(ramil) used a steal_warhammer 9-26-2020, 8:32:15 PM
ramil(ramil) used a shield 9-26-2020, 8:33:02 PM
ramil(ramil) used a shield 9-26-2020, 8:33:03 PM
ramil(ramil) used a shield 9-26-2020, 8:33:03 PM
ramil(ramil) used a shield 9-26-2020, 8:33:03 PM
ramil(ramil) used a shield 9-26-2020, 8:33:03 PM
ramil(ramil) used a shield 9-26-2020, 8:33:03 PM
ramil(ramil) used a shield 9-26-2020, 8:33:03 PM
ramil(ramil) used a shield 9-26-2020, 8:33:03 PM
ramil(ramil) used a shield 9-26-2020, 8:33:04 PM
ramil(ramil) used a shield 9-26-2020, 8:33:04 PM
ramil(ramil) used a shield 9-26-2020, 8:33:04 PM
ramil(ramil) used a shield 9-26-2020, 8:33:04 PM
ramil(ramil) used a shield 9-26-2020, 8:33:04 PM
ramil(ramil) used a shield 9-26-2020, 8:33:04 PM
ramil(ramil) used a shield 9-26-2020, 8:33:05 PM
ramil(ramil) used a shield 9-26-2020, 8:33:05 PM
ramil(ramil) used a shield 9-26-2020, 8:33:05 PM
ramil(ramil) used a shield 9-26-2020, 8:33:05 PM
ramil(ramil) used a shield 9-26-2020, 8:33:05 PM
ramil(ramil) used a shield 9-26-2020, 8:33:05 PM
ramil(ramil) used a shield 9-26-2020, 8:33:05 PM
ramil(ramil) used a shield 9-26-2020, 8:33:06 PM
ramil(ramil) used a shield 9-26-2020, 8:33:06 PM
ramil(ramil) used a shield 9-26-2020, 8:33:06 PM
ramil(ramil) used a shield 9-26-2020, 8:33:06 PM
ramil(ramil) used a shield 9-26-2020, 8:33:06 PM
ramil(ramil) used a shield 9-26-2020, 8:33:06 PM
ramil(ramil) used a shield 9-26-2020, 8:33:07 PM
ramil(ramil) used a shield 9-26-2020, 8:33:10 PM
ramil(ramil) used a shield 9-26-2020, 8:33:10 PM
ramil(ramil) used a shield 9-26-2020, 8:33:11 PM
ramil(ramil) used a shield 9-26-2020, 8:33:11 PM
ramil(ramil) used a hand_grenade 9-26-2020, 8:33:45 PM
ramil(ramil) used a hand_grenade 9-26-2020, 8:33:45 PM
ramil(ramil) used a hand_grenade 9-26-2020, 8:33:45 PM
ramil(ramil) used a hand_grenade 9-26-2020, 8:33:45 PM
ramil(ramil) used a hand_grenade 9-26-2020, 8:33:45 PM
ramil(ramil) used a hand_grenade 9-26-2020, 8:33:45 PM
ramil(ramil) used a hand_grenade 9-26-2020, 8:33:45 PM
ramil(ramil) used a hand_grenade 9-26-2020, 8:33:45 PM
ramil(ramil) used a hand_grenade 9-26-2020, 8:33:46 PM
ramil(ramil) used a hand_grenade 9-26-2020, 8:33:46 PM
ramil(ramil) used a hand_grenade 9-26-2020, 8:33:46 PM
ramil(ramil) used a hand_grenade 9-26-2020, 8:33:46 PM
ramil(ramil) used a hand_grenade 9-26-2020, 8:33:46 PM
ramil(ramil) used a hand_grenade 9-26-2020, 8:33:46 PM
ramil(ramil) used a hand_grenade 9-26-2020, 8:33:46 PM
ramil(ramil) used a hand_grenade 9-26-2020, 8:33:47 PM
ramil(ramil) used a hand_grenade 9-26-2020, 8:33:47 PM
ramil(ramil) used a hand_grenade 9-26-2020, 8:33:47 PM
ramil(ramil) used a hand_grenade 9-26-2020, 8:33:47 PM
ramil(ramil) used a hand_grenade 9-26-2020, 8:33:47 PM
ramil(ramil) used a hand_grenade 9-26-2020, 8:33:47 PM
ramil(ramil) used a hand_grenade 9-26-2020, 8:33:47 PM
ramil(ramil) used a hand_grenade 9-26-2020, 8:33:48 PM
ramil(ramil) used a hand_grenade 9-26-2020, 8:33:48 PM
ramil(ramil) used a hand_grenade 9-26-2020, 8:33:48 PM
ramil(ramil) used a hand_grenade 9-26-2020, 8:33:48 PM
ramil(ramil) used a hand_grenade 9-26-2020, 8:33:54 PM
ramil(ramil) used a hand_grenade 9-26-2020, 8:34:07 PM
ramil(ramil) used a antibiotic 9-26-2020, 8:34:50 PM
ramil(ramil) used a antibiotic 9-26-2020, 8:35:02 PM
ramil(ramil) used a antibiotic 9-26-2020, 8:35:03 PM
ramil(ramil) used a antibiotic 9-26-2020, 8:35:03 PM
ramil(ramil) used a hand_grenade 9-26-2020, 8:35:06 PM
ramil(ramil) used a hand_grenade 9-26-2020, 8:35:06 PM
ramil(ramil) used a hand_grenade 9-26-2020, 8:35:06 PM
ramil(ramil) used a hand_grenade 9-26-2020, 8:35:07 PM
ramil(ramil) used a hand_grenade 9-26-2020, 8:35:07 PM
ramil(ramil) used a hand_grenade 9-26-2020, 8:35:07 PM
ramil(ramil) used a hand_grenade 9-26-2020, 8:35:11 PM
ramil(ramil) used a hand_grenade 9-26-2020, 8:35:11 PM
ramil(ramil) used a hand_grenade 9-26-2020, 8:35:11 PM
ramil(ramil) used a hand_grenade 9-26-2020, 8:35:11 PM
ramil(ramil) used a hand_grenade 9-26-2020, 8:35:11 PM
ramil(ramil) used a hand_grenade 9-26-2020, 8:35:11 PM
ramil(ramil) used a hand_grenade 9-26-2020, 8:35:12 PM
ramil(ramil) used a hand_grenade 9-26-2020, 8:35:12 PM
ramil(ramil) used a hand_grenade 9-26-2020, 8:35:12 PM
ramil(ramil) used a hand_grenade 9-26-2020, 8:35:12 PM
ramil(ramil) used a hand_grenade 9-26-2020, 8:35:12 PM
ramil(ramil) used a hand_grenade 9-26-2020, 8:35:12 PM
ramil(ramil) used a hand_grenade 9-26-2020, 8:35:12 PM
ramil(ramil) used a hand_grenade 9-26-2020, 8:35:13 PM
ramil(ramil) used a hand_grenade 9-26-2020, 8:35:13 PM
ramil(ramil) used a hand_grenade 9-26-2020, 8:35:13 PM
ramil(ramil) used a hand_grenade 9-26-2020, 8:35:13 PM
ramil(ramil) used a hand_grenade 9-26-2020, 8:35:13 PM
ramil(ramil) used a hand_grenade 9-26-2020, 8:35:13 PM
ramil(ramil) used a hand_grenade 9-26-2020, 8:35:13 PM
ramil(ramil) used a hand_grenade 9-26-2020, 8:35:14 PM
ramil(ramil) used a hand_grenade 9-26-2020, 8:35:14 PM
ramil(ramil) used a hand_grenade 9-26-2020, 8:35:14 PM
ramil(ramil) used a hand_grenade 9-26-2020, 8:35:14 PM
ramil(ramil) used a hand_grenade 9-26-2020, 8:35:15 PM
ramil(ramil) used a hand_grenade 9-26-2020, 8:35:15 PM
ramil(ramil) used a hand_grenade 9-26-2020, 8:35:15 PM
ramil(ramil) used a hand_grenade 9-26-2020, 8:35:16 PM
ramil(ramil) used a hand_grenade 9-26-2020, 8:35:16 PM
ramil(ramil) used a hand_grenade 9-26-2020, 8:35:16 PM
ramil(ramil) used a hand_grenade 9-26-2020, 8:35:17 PM
ramil(ramil) used a hand_grenade 9-26-2020, 8:35:17 PM
ramil(ramil) used a hand_grenade 9-26-2020, 8:35:17 PM
ramil(ramil) used a hand_grenade 9-26-2020, 8:35:17 PM
ramil(ramil) used a hand_grenade 9-26-2020, 8:35:17 PM
ramil(ramil) used a hand_grenade 9-26-2020, 8:35:18 PM
ramil(ramil) used a hand_grenade 9-26-2020, 8:35:18 PM
ramil(ramil) used a hand_grenade 9-26-2020, 8:35:19 PM
ramil(ramil) used a hand_grenade 9-26-2020, 8:35:19 PM
ramil(ramil) used a hand_grenade 9-26-2020, 8:35:20 PM
ramil(ramil) used a hand_grenade 9-26-2020, 8:35:20 PM
ramil(ramil) used a hand_grenade 9-26-2020, 8:35:21 PM
ramil(ramil) used a hand_grenade 9-26-2020, 8:35:50 PM
ramil(ramil) used a hand_grenade 9-26-2020, 8:35:50 PM
ramil(ramil) used a hand_grenade 9-26-2020, 8:35:50 PM
ramil(ramil) used a hand_grenade 9-26-2020, 8:35:51 PM
ramil(ramil) used a antibiotic 9-26-2020, 8:36:01 PM
ramil(ramil) used a antibiotic 9-26-2020, 8:36:01 PM
ramil(ramil) used a antibiotic 9-26-2020, 8:36:01 PM
ramil(ramil) used a antibiotic 9-26-2020, 8:36:02 PM
ramil(ramil) used a antibiotic 9-26-2020, 8:36:13 PM
ramil(ramil) used a antibiotic 9-26-2020, 8:36:13 PM
ramil(ramil) used a hand_grenade 9-26-2020, 8:36:26 PM
ramil(ramil) used a hand_grenade 9-26-2020, 8:36:26 PM
ramil(ramil) used a hand_grenade 9-26-2020, 8:36:27 PM
ramil(ramil) used a hand_grenade 9-26-2020, 8:36:35 PM
ramil(ramil) used a hand_grenade 9-26-2020, 8:37:00 PM
ramil(ramil) used a hand_grenade 9-26-2020, 8:37:39 PM
ramil(ramil) used a hand_grenade 9-26-2020, 8:37:39 PM
ramil(ramil) used a hand_grenade 9-26-2020, 8:37:40 PM
ramil(ramil) used a hand_grenade 9-26-2020, 8:37:40 PM
ramil(ramil) used a hand_grenade 9-26-2020, 8:37:40 PM
ramil(ramil) used a hand_grenade 9-26-2020, 8:37:40 PM
ramil(ramil) used a hand_grenade 9-26-2020, 8:37:40 PM
ramil(ramil) used a hand_grenade 9-26-2020, 8:37:42 PM
ramil(ramil) used a hand_grenade 9-26-2020, 8:37:42 PM
ramil(ramil) used a hand_grenade 9-26-2020, 8:37:43 PM
ramil(ramil) used a hand_grenade 9-26-2020, 8:37:43 PM
ramil(ramil) used a hand_grenade 9-26-2020, 8:37:43 PM
ramil(ramil) used a shield 9-26-2020, 8:37:58 PM
ramil(ramil) used a missile_interceptor 9-26-2020, 8:37:59 PM
ramil(ramil) used a throwing_star 9-26-2020, 8:38:01 PM
ramil(ramil) used a hand_grenade 9-26-2020, 8:38:02 PM
ramil(ramil) used a hand_grenade 9-26-2020, 8:38:04 PM
ramil(ramil) used a hand_grenade 9-26-2020, 8:38:04 PM
ramil(ramil) used a hand_grenade 9-26-2020, 8:38:04 PM
ramil(ramil) used a hand_grenade 9-26-2020, 8:38:04 PM
ramil(ramil) used a hand_grenade 9-26-2020, 8:38:05 PM
ramil(ramil) used a hand_grenade 9-26-2020, 8:38:05 PM
ramil(ramil) used a hand_grenade 9-26-2020, 8:38:29 PM
ramil(ramil) used a hand_grenade 9-26-2020, 8:38:29 PM
ramil(ramil) used a hand_grenade 9-26-2020, 8:38:29 PM
ramil(ramil) used a hand_grenade 9-26-2020, 8:38:29 PM
ramil(ramil) used a hand_grenade 9-26-2020, 8:38:29 PM
ramil(ramil) used a hand_grenade 9-26-2020, 8:38:48 PM
ramil(ramil) used a hand_grenade 9-26-2020, 8:38:48 PM
ramil(ramil) used a hand_grenade 9-26-2020, 8:38:49 PM
ramil(ramil) used a hand_grenade 9-26-2020, 8:38:49 PM
ramil(ramil) used a hand_grenade 9-26-2020, 8:38:49 PM
ramil(ramil) used a hand_grenade 9-26-2020, 8:38:49 PM
ramil(ramil) used a hand_grenade 9-26-2020, 8:38:50 PM
ramil(ramil) used a hand_grenade 9-26-2020, 8:38:50 PM
ramil(ramil) used a hand_grenade 9-26-2020, 8:38:50 PM
ramil(ramil) used a hand_grenade 9-26-2020, 8:38:50 PM
ramil(ramil) used a hand_grenade 9-26-2020, 8:38:50 PM
ramil(ramil) used a hand_grenade 9-26-2020, 8:38:50 PM
ramil(ramil) used a hand_grenade 9-26-2020, 8:38:50 PM
ramil(ramil) used a hand_grenade 9-26-2020, 8:38:51 PM
ramil(ramil) used a hand_grenade 9-26-2020, 8:38:51 PM
ramil(ramil) used a hand_grenade 9-26-2020, 8:38:51 PM
ramil(ramil) used a antibiotic 9-26-2020, 8:39:11 PM
ramil(ramil) used a antibiotic 9-26-2020, 8:39:11 PM
ramil(ramil) used a armored_tank 9-26-2020, 8:39:28 PM
ramil(ramil) used a hand_grenade 9-26-2020, 8:40:00 PM
ramil(ramil) used a hand_grenade 9-26-2020, 8:40:01 PM
ramil(ramil) used a hand_grenade 9-26-2020, 8:40:01 PM
ramil(ramil) used a hand_grenade 9-26-2020, 8:40:01 PM
ramil(ramil) used a hand_grenade 9-26-2020, 8:40:01 PM
ramil(ramil) used a hand_grenade 9-26-2020, 8:40:04 PM
ramil(ramil) used a hand_grenade 9-26-2020, 8:40:04 PM
ramil(ramil) used a hand_grenade 9-26-2020, 8:40:04 PM
ramil(ramil) used a hand_grenade 9-26-2020, 8:40:04 PM
ramil(ramil) used a hand_grenade 9-26-2020, 8:40:04 PM
ramil(ramil) used a hand_grenade 9-26-2020, 8:40:04 PM
ramil(ramil) used a hand_grenade 9-26-2020, 8:40:04 PM
ramil(ramil) used a hand_grenade 9-26-2020, 8:40:05 PM
ramil(ramil) used a hand_grenade 9-26-2020, 8:40:05 PM
ramil(ramil) used a hand_grenade 9-26-2020, 8:40:05 PM
ramil(ramil) used a hand_grenade 9-26-2020, 8:40:05 PM
ramil(ramil) used a hand_grenade 9-26-2020, 8:40:05 PM
ramil(ramil) used a hand_grenade 9-26-2020, 8:40:06 PM
ramil(ramil) used a hand_grenade 9-26-2020, 8:40:06 PM
ramil(ramil) used a hand_grenade 9-26-2020, 8:40:07 PM
ramil(ramil) used a hand_grenade 9-26-2020, 8:40:07 PM
ramil(ramil) used a hand_grenade 9-26-2020, 8:40:07 PM
ramil(ramil) used a hand_grenade 9-26-2020, 8:40:28 PM
ramil(ramil) used a hand_grenade 9-26-2020, 8:40:28 PM
ramil(ramil) used a hand_grenade 9-26-2020, 8:40:44 PM
ramil(ramil) used a hand_grenade 9-26-2020, 8:40:44 PM
ramil(ramil) used a hand_grenade 9-26-2020, 8:40:44 PM
ramil(ramil) used a hand_grenade 9-26-2020, 8:40:44 PM
ramil(ramil) used a hand_grenade 9-26-2020, 8:40:44 PM
ramil(ramil) used a hand_grenade 9-26-2020, 8:40:44 PM
ramil(ramil) used a hand_grenade 9-26-2020, 8:40:45 PM
ramil(ramil) used a hand_grenade 9-26-2020, 8:40:48 PM
ramil(ramil) used a hand_grenade 9-26-2020, 8:40:48 PM
ramil(ramil) used a hand_grenade 9-26-2020, 8:40:48 PM
ramil(ramil) used a hand_grenade 9-26-2020, 8:40:48 PM
ramil(ramil) used a hand_grenade 9-26-2020, 8:40:48 PM
ramil(ramil) used a hand_grenade 9-26-2020, 8:40:48 PM
ramil(ramil) used a hand_grenade 9-26-2020, 8:40:48 PM
ramil(ramil) used a armored_tank 9-26-2020, 8:40:57 PM
ramil(ramil) used a antibiotic 9-26-2020, 8:40:59 PM
ramil(ramil) used a hand_grenade 9-26-2020, 8:41:19 PM
ramil(ramil) used a hand_grenade 9-26-2020, 8:41:19 PM
ramil(ramil) used a hand_grenade 9-26-2020, 8:41:19 PM
ramil(ramil) used a hand_grenade 9-26-2020, 8:41:19 PM
ramil(ramil) used a hand_grenade 9-26-2020, 8:41:19 PM
ramil(ramil) used a hand_grenade 9-26-2020, 8:41:19 PM
ramil(ramil) used a hand_grenade 9-26-2020, 8:41:19 PM
ramil(ramil) used a hand_grenade 9-26-2020, 8:41:20 PM
ramil(ramil) used a hand_grenade 9-26-2020, 8:41:20 PM
ramil(ramil) used a hand_grenade 9-26-2020, 8:41:20 PM