
sergytv(sergytv) used a health_drink 9-26-2020, 10:09:21 AM
sergytv(sergytv) used a health_drink 9-26-2020, 10:09:21 AM
sergytv(sergytv) used a health_drink 9-26-2020, 10:09:22 AM
sergytv(sergytv) used a health_drink 9-26-2020, 10:09:22 AM
sergytv(sergytv) used a health_drink 9-26-2020, 10:09:23 AM
sergytv(sergytv) used a health_drink 9-26-2020, 10:09:23 AM
sergytv(sergytv) used a health_drink 9-26-2020, 10:09:24 AM
sergytv(sergytv) used a health_drink 9-26-2020, 10:09:24 AM
sergytv(sergytv) used a health_drink 9-26-2020, 10:09:25 AM
sergytv(sergytv) used a health_drink 9-26-2020, 10:09:25 AM
sergytv(sergytv) used a health_drink 9-26-2020, 10:09:25 AM
sergytv(sergytv) used a health_drink 9-26-2020, 10:09:26 AM
sergytv(sergytv) used a health_drink 9-26-2020, 10:09:26 AM
sergytv(sergytv) used a health_drink 9-26-2020, 10:09:27 AM
sergytv(sergytv) used a health_drink 9-26-2020, 10:09:27 AM
sergytv(sergytv) used a health_drink 9-26-2020, 10:09:27 AM
sergytv(sergytv) used a health_drink 9-26-2020, 10:09:28 AM
sergytv(sergytv) used a health_drink 9-26-2020, 10:09:28 AM
sergytv(sergytv) used a health_drink 9-26-2020, 10:09:29 AM
sergytv(sergytv) used a health_drink 9-26-2020, 10:09:30 AM
sergytv(sergytv) used a health_drink 9-26-2020, 10:09:30 AM
sergytv(sergytv) used a health_drink 9-26-2020, 10:09:30 AM
sergytv(sergytv) used a health_drink 9-26-2020, 10:09:31 AM
sergytv(sergytv) used a health_drink 9-26-2020, 10:09:48 AM
sergytv(sergytv) used a health_drink 9-26-2020, 10:09:48 AM
sergytv(sergytv) used a health_drink 9-26-2020, 10:09:49 AM
sergytv(sergytv) used a health_drink 9-26-2020, 10:09:49 AM
sergytv(sergytv) used a health_drink 9-26-2020, 10:09:49 AM
sergytv(sergytv) used a health_drink 9-26-2020, 10:09:50 AM
sergytv(sergytv) used a health_drink 9-26-2020, 10:09:50 AM
sergytv(sergytv) used a health_drink 9-26-2020, 10:09:50 AM
sergytv(sergytv) used a health_drink 9-26-2020, 10:09:51 AM
sergytv(sergytv) used a health_drink 9-26-2020, 10:09:51 AM
sergytv(sergytv) used a health_drink 9-26-2020, 10:09:52 AM
sergytv(sergytv) used a health_drink 9-26-2020, 10:09:52 AM
sergytv(sergytv) used a health_drink 9-26-2020, 10:09:53 AM
sergytv(sergytv) used a health_drink 9-26-2020, 10:09:53 AM
sergytv(sergytv) used a health_drink 9-26-2020, 10:09:54 AM
sergytv(sergytv) used a health_drink 9-26-2020, 10:09:54 AM
sergytv(sergytv) used a health_drink 9-26-2020, 10:09:54 AM
sergytv(sergytv) used a health_drink 9-26-2020, 10:09:55 AM
sergytv(sergytv) used a health_drink 9-26-2020, 10:09:55 AM
sergytv(sergytv) used a health_drink 9-26-2020, 10:09:55 AM
sergytv(sergytv) used a health_drink 9-26-2020, 10:09:56 AM
sergytv(sergytv) used a health_drink 9-26-2020, 10:09:56 AM
sergytv(sergytv) used a health_drink 9-26-2020, 10:09:57 AM
sergytv(sergytv) used a health_drink 9-26-2020, 10:09:57 AM
sergytv(sergytv) used a health_drink 9-26-2020, 10:09:58 AM
sergytv(sergytv) used a health_drink 9-26-2020, 10:09:58 AM
sergytv(sergytv) used a health_drink 9-26-2020, 10:09:59 AM
sergytv(sergytv) used a health_drink 9-26-2020, 10:09:59 AM
sergytv(sergytv) used a shield 9-26-2020, 10:10:00 AM
sergytv(sergytv) used a shield 9-26-2020, 10:10:00 AM
sergytv(sergytv) used a shield 9-26-2020, 10:10:01 AM
sergytv(sergytv) used a shield 9-26-2020, 10:10:01 AM
sergytv(sergytv) used a shield 9-26-2020, 10:10:01 AM
sergytv(sergytv) used a shield 9-26-2020, 10:10:02 AM
sergytv(sergytv) used a shield 9-26-2020, 10:10:02 AM
sergytv(sergytv) used a shield 9-26-2020, 10:10:03 AM
sergytv(sergytv) used a shield 9-26-2020, 10:10:03 AM
sergytv(sergytv) used a shield 9-26-2020, 10:10:03 AM
sergytv(sergytv) used a shield 9-26-2020, 10:10:04 AM
sergytv(sergytv) used a shield 9-26-2020, 10:10:04 AM
sergytv(sergytv) used a shield 9-26-2020, 10:10:04 AM
sergytv(sergytv) used a shield 9-26-2020, 10:10:05 AM
sergytv(sergytv) used a shield 9-26-2020, 10:10:29 AM
sergytv(sergytv) used a shield 9-26-2020, 10:10:29 AM
sergytv(sergytv) used a shield 9-26-2020, 10:10:29 AM
sergytv(sergytv) used a shield 9-26-2020, 10:10:30 AM
sergytv(sergytv) used a shield 9-26-2020, 10:10:30 AM
sergytv(sergytv) used a shield 9-26-2020, 10:10:31 AM
sergytv(sergytv) used a shield 9-26-2020, 10:10:31 AM
sergytv(sergytv) used a shield 9-26-2020, 10:10:31 AM
sergytv(sergytv) used a shield 9-26-2020, 10:10:31 AM
sergytv(sergytv) used a shield 9-26-2020, 10:10:32 AM
sergytv(sergytv) used a shield 9-26-2020, 10:10:32 AM
sergytv(sergytv) used a shield 9-26-2020, 10:10:32 AM
sergytv(sergytv) used a shield 9-26-2020, 10:10:33 AM
sergytv(sergytv) used a shield 9-26-2020, 10:10:33 AM
sergytv(sergytv) used a shield 9-26-2020, 10:10:33 AM
sergytv(sergytv) used a shield 9-26-2020, 10:10:34 AM
sergytv(sergytv) used a shield 9-26-2020, 10:10:34 AM
sergytv(sergytv) used a shield 9-26-2020, 10:10:35 AM
sergytv(sergytv) used a shield 9-26-2020, 10:10:35 AM
sergytv(sergytv) used a shield 9-26-2020, 10:10:36 AM
sergytv(sergytv) used a shield 9-26-2020, 10:10:36 AM
sergytv(sergytv) used a shield 9-26-2020, 10:10:36 AM
sergytv(sergytv) used a shield 9-26-2020, 10:10:37 AM
sergytv(sergytv) used a shield 9-26-2020, 10:10:37 AM
sergytv(sergytv) used a shield 9-26-2020, 10:10:37 AM
sergytv(sergytv) used a shield 9-26-2020, 10:10:38 AM
sergytv(sergytv) used a shield 9-26-2020, 10:10:38 AM
sergytv(sergytv) used a shield 9-26-2020, 10:10:39 AM
sergytv(sergytv) used a shield 9-26-2020, 10:10:39 AM
sergytv(sergytv) used a barricade_bomb 9-26-2020, 10:11:10 AM
sergytv(sergytv) used a health_drink 9-26-2020, 10:15:22 AM
sergytv(sergytv) used a health_drink 9-26-2020, 10:15:22 AM
sergytv(sergytv) used a health_drink 9-26-2020, 10:15:26 AM
sergytv(sergytv) used a health_drink 9-26-2020, 10:15:26 AM
sergytv(sergytv) used a health_drink 9-26-2020, 10:15:26 AM
sergytv(sergytv) used a health_drink 9-26-2020, 10:15:30 AM
sergytv(sergytv) used a health_drink 9-26-2020, 10:15:30 AM
sergytv(sergytv) used a health_drink 9-26-2020, 10:15:30 AM
sergytv(sergytv) used a health_drink 9-26-2020, 10:15:33 AM
sergytv(sergytv) used a health_drink 9-26-2020, 10:15:34 AM
sergytv(sergytv) used a health_drink 9-26-2020, 10:15:34 AM
sergytv(sergytv) used a health_drink 9-26-2020, 10:15:34 AM
sergytv(sergytv) used a health_drink 9-26-2020, 10:15:35 AM
sergytv(sergytv) used a health_drink 9-26-2020, 10:15:36 AM
sergytv(sergytv) used a health_drink 9-26-2020, 10:15:36 AM
sergytv(sergytv) used a health_drink 9-26-2020, 10:15:36 AM
sergytv(sergytv) used a health_drink 9-26-2020, 10:15:37 AM
sergytv(sergytv) used a health_drink 9-26-2020, 10:15:37 AM
sergytv(sergytv) used a health_drink 9-26-2020, 10:15:37 AM
sergytv(sergytv) used a health_drink 9-26-2020, 10:15:41 AM
sergytv(sergytv) used a health_drink 9-26-2020, 10:15:41 AM
sergytv(sergytv) used a health_drink 9-26-2020, 10:15:42 AM
sergytv(sergytv) used a health_drink 9-26-2020, 10:15:42 AM
sergytv(sergytv) used a health_drink 9-26-2020, 10:15:42 AM
sergytv(sergytv) used a health_drink 9-26-2020, 10:15:43 AM
sergytv(sergytv) used a health_drink 9-26-2020, 10:15:43 AM
sergytv(sergytv) used a health_drink 9-26-2020, 10:15:43 AM
sergytv(sergytv) used a shield 9-26-2020, 10:15:44 AM
sergytv(sergytv) used a shield 9-26-2020, 10:15:44 AM
sergytv(sergytv) used a shield 9-26-2020, 10:15:56 AM
sergytv(sergytv) used a shield 9-26-2020, 10:15:57 AM
sergytv(sergytv) used a shield 9-26-2020, 10:15:57 AM
sergytv(sergytv) used a shield 9-26-2020, 10:15:57 AM
sergytv(sergytv) used a shield 9-26-2020, 10:15:58 AM
sergytv(sergytv) used a shield 9-26-2020, 10:15:58 AM
sergytv(sergytv) used a shield 9-26-2020, 10:15:58 AM
sergytv(sergytv) used a shield 9-26-2020, 10:15:59 AM
sergytv(sergytv) used a shield 9-26-2020, 10:15:59 AM
sergytv(sergytv) used a shield 9-26-2020, 10:15:59 AM
sergytv(sergytv) used a shield 9-26-2020, 10:16:00 AM
sergytv(sergytv) used a shield 9-26-2020, 10:16:35 AM
sergytv(sergytv) used a shield 9-26-2020, 10:16:35 AM
sergytv(sergytv) used a hand_cannon 9-26-2020, 10:16:38 AM
sergytv(sergytv) used a hand_grenade 9-26-2020, 10:18:16 AM
sergytv(sergytv) used a hand_grenade 9-26-2020, 10:18:16 AM
sergytv(sergytv) used a hand_grenade 9-26-2020, 10:18:28 AM
sergytv(sergytv) used a hand_grenade 9-26-2020, 10:18:28 AM
sergytv(sergytv) used a hand_grenade 9-26-2020, 10:18:29 AM
sergytv(sergytv) used a hand_grenade 9-26-2020, 10:18:30 AM
sergytv(sergytv) used a hand_grenade 9-26-2020, 10:18:30 AM
sergytv(sergytv) used a hand_grenade 9-26-2020, 10:18:31 AM
sergytv(sergytv) used a hand_grenade 9-26-2020, 10:18:31 AM
sergytv(sergytv) used a hand_grenade 9-26-2020, 10:18:33 AM
sergytv(sergytv) used a hand_grenade 9-26-2020, 10:18:34 AM
sergytv(sergytv) used a hand_grenade 9-26-2020, 10:18:34 AM
sergytv(sergytv) used a hand_grenade 9-26-2020, 10:18:35 AM
sergytv(sergytv) used a hand_grenade 9-26-2020, 10:18:35 AM
sergytv(sergytv) used a hand_grenade 9-26-2020, 10:18:35 AM
sergytv(sergytv) used a hand_grenade 9-26-2020, 10:18:35 AM
sergytv(sergytv) used a hand_cannon 9-26-2020, 10:18:36 AM
sergytv(sergytv) used a hand_grenade 9-26-2020, 10:18:37 AM
sergytv(sergytv) used a hand_grenade 9-26-2020, 10:18:38 AM
sergytv(sergytv) used a hand_grenade 9-26-2020, 10:18:39 AM
sergytv(sergytv) used a hand_grenade 9-26-2020, 10:18:40 AM
sergytv(sergytv) used a hand_grenade 9-26-2020, 10:18:41 AM
sergytv(sergytv) used a hand_grenade 9-26-2020, 10:18:41 AM
sergytv(sergytv) used a hand_grenade 9-26-2020, 10:18:42 AM
sergytv(sergytv) used a hand_grenade 9-26-2020, 10:18:42 AM
sergytv(sergytv) used a hand_grenade 9-26-2020, 10:18:43 AM
sergytv(sergytv) used a hand_grenade 9-26-2020, 10:18:43 AM
sergytv(sergytv) used a hand_grenade 9-26-2020, 10:18:47 AM
sergytv(sergytv) used a hand_grenade 9-26-2020, 10:18:47 AM
sergytv(sergytv) used a hand_grenade 9-26-2020, 10:18:48 AM
sergytv(sergytv) used a hand_cannon 9-26-2020, 10:18:58 AM
sergytv(sergytv) used a health_drink 9-26-2020, 10:19:03 AM
sergytv(sergytv) used a health_drink 9-26-2020, 10:19:03 AM
sergytv(sergytv) used a health_drink 9-26-2020, 10:19:04 AM
sergytv(sergytv) used a health_drink 9-26-2020, 10:19:04 AM
sergytv(sergytv) used a health_drink 9-26-2020, 10:19:04 AM
sergytv(sergytv) used a health_drink 9-26-2020, 10:19:07 AM
sergytv(sergytv) used a health_drink 9-26-2020, 10:19:07 AM
sergytv(sergytv) used a health_drink 9-26-2020, 10:19:08 AM
sergytv(sergytv) used a health_drink 9-26-2020, 10:19:08 AM
sergytv(sergytv) used a health_drink 9-26-2020, 10:19:09 AM
sergytv(sergytv) used a health_drink 9-26-2020, 10:19:10 AM
sergytv(sergytv) used a health_drink 9-26-2020, 10:19:10 AM
sergytv(sergytv) used a health_drink 9-26-2020, 10:19:11 AM
sergytv(sergytv) used a hand_grenade 9-26-2020, 10:19:20 AM
sergytv(sergytv) used a hand_grenade 9-26-2020, 10:19:21 AM
sergytv(sergytv) used a hand_grenade 9-26-2020, 10:19:22 AM
sergytv(sergytv) used a hand_grenade 9-26-2020, 10:19:23 AM
sergytv(sergytv) used a hand_grenade 9-26-2020, 10:19:23 AM
sergytv(sergytv) used a hand_grenade 9-26-2020, 10:19:24 AM
sergytv(sergytv) used a hand_grenade 9-26-2020, 10:19:25 AM
sergytv(sergytv) used a hand_grenade 9-26-2020, 10:19:25 AM
sergytv(sergytv) used a hand_grenade 9-26-2020, 10:19:26 AM
sergytv(sergytv) used a hand_grenade 9-26-2020, 10:19:27 AM
sergytv(sergytv) used a hand_grenade 9-26-2020, 10:19:27 AM
sergytv(sergytv) used a hand_cannon 9-26-2020, 10:19:28 AM
sergytv(sergytv) used a hand_cannon 9-26-2020, 10:19:28 AM
sergytv(sergytv) used a hand_grenade 9-26-2020, 10:19:29 AM
sergytv(sergytv) used a hand_grenade 9-26-2020, 10:19:30 AM
sergytv(sergytv) used a hand_grenade 9-26-2020, 10:19:30 AM
sergytv(sergytv) used a hand_grenade 9-26-2020, 10:19:31 AM
sergytv(sergytv) used a hand_grenade 9-26-2020, 10:19:31 AM
sergytv(sergytv) used a hand_grenade 9-26-2020, 10:19:31 AM
sergytv(sergytv) used a hand_grenade 9-26-2020, 10:19:32 AM
sergytv(sergytv) used a hand_grenade 9-26-2020, 10:19:33 AM
sergytv(sergytv) used a hand_grenade 9-26-2020, 10:19:33 AM
sergytv(sergytv) used a hand_grenade 9-26-2020, 10:19:33 AM
sergytv(sergytv) used a hand_grenade 9-26-2020, 10:19:35 AM
sergytv(sergytv) used a hand_grenade 9-26-2020, 10:19:35 AM
sergytv(sergytv) used a hand_grenade 9-26-2020, 10:19:36 AM
sergytv(sergytv) used a hand_grenade 9-26-2020, 10:19:36 AM
sergytv(sergytv) used a hand_grenade 9-26-2020, 10:19:37 AM
sergytv(sergytv) used a hand_grenade 9-26-2020, 10:19:37 AM
sergytv(sergytv) used a hand_grenade 9-26-2020, 10:19:38 AM
sergytv(sergytv) used a hand_grenade 9-26-2020, 10:19:38 AM
sergytv(sergytv) used a hand_grenade 9-26-2020, 10:19:38 AM
sergytv(sergytv) used a health_drink 9-26-2020, 10:19:45 AM
sergytv(sergytv) used a health_drink 9-26-2020, 10:19:45 AM
sergytv(sergytv) used a health_drink 9-26-2020, 10:19:45 AM
sergytv(sergytv) used a health_drink 9-26-2020, 10:19:49 AM
sergytv(sergytv) used a health_drink 9-26-2020, 10:19:49 AM
sergytv(sergytv) used a health_drink 9-26-2020, 10:19:49 AM
sergytv(sergytv) used a health_drink 9-26-2020, 10:19:51 AM
sergytv(sergytv) used a health_drink 9-26-2020, 10:19:51 AM
sergytv(sergytv) used a health_drink 9-26-2020, 10:19:51 AM
sergytv(sergytv) used a health_drink 9-26-2020, 10:19:52 AM
sergytv(sergytv) used a health_drink 9-26-2020, 10:19:52 AM
sergytv(sergytv) used a health_drink 9-26-2020, 10:19:52 AM
sergytv(sergytv) used a health_drink 9-26-2020, 10:19:53 AM
sergytv(sergytv) used a health_drink 9-26-2020, 10:19:53 AM
sergytv(sergytv) used a health_drink 9-26-2020, 10:19:54 AM
sergytv(sergytv) used a health_drink 9-26-2020, 10:19:54 AM
sergytv(sergytv) used a health_drink 9-26-2020, 10:19:54 AM
sergytv(sergytv) used a health_drink 9-26-2020, 10:19:55 AM
sergytv(sergytv) used a health_drink 9-26-2020, 10:19:55 AM
sergytv(sergytv) used a health_drink 9-26-2020, 10:19:55 AM
sergytv(sergytv) used a health_drink 9-26-2020, 10:19:56 AM
sergytv(sergytv) used a health_drink 9-26-2020, 10:19:56 AM
sergytv(sergytv) used a health_drink 9-26-2020, 10:19:56 AM
sergytv(sergytv) used a health_drink 9-26-2020, 10:19:57 AM
sergytv(sergytv) used a health_drink 9-26-2020, 10:19:57 AM
sergytv(sergytv) used a health_drink 9-26-2020, 10:19:57 AM
sergytv(sergytv) used a health_drink 9-26-2020, 10:19:58 AM
sergytv(sergytv) used a health_drink 9-26-2020, 10:19:58 AM
sergytv(sergytv) used a health_drink 9-26-2020, 10:19:58 AM
sergytv(sergytv) used a health_drink 9-26-2020, 10:19:58 AM
sergytv(sergytv) used a health_drink 9-26-2020, 10:19:59 AM
sergytv(sergytv) used a health_drink 9-26-2020, 10:19:59 AM
sergytv(sergytv) used a health_drink 9-26-2020, 10:20:00 AM
sergytv(sergytv) used a health_drink 9-26-2020, 10:20:00 AM
sergytv(sergytv) used a health_drink 9-26-2020, 10:20:01 AM
sergytv(sergytv) used a health_drink 9-26-2020, 10:20:01 AM
sergytv(sergytv) used a health_drink 9-26-2020, 10:20:01 AM
sergytv(sergytv) used a health_drink 9-26-2020, 10:20:04 AM
sergytv(sergytv) used a shield 9-26-2020, 10:20:06 AM
sergytv(sergytv) used a shield 9-26-2020, 10:20:06 AM
sergytv(sergytv) used a shield 9-26-2020, 10:20:07 AM
sergytv(sergytv) used a health_drink 9-26-2020, 10:20:30 AM
sergytv(sergytv) used a health_drink 9-26-2020, 10:20:31 AM
sergytv(sergytv) used a health_drink 9-26-2020, 10:20:35 AM
sergytv(sergytv) used a health_drink 9-26-2020, 10:20:36 AM
sergytv(sergytv) used a health_drink 9-26-2020, 10:20:38 AM
sergytv(sergytv) used a health_drink 9-26-2020, 10:20:39 AM
sergytv(sergytv) used a health_drink 9-26-2020, 10:20:39 AM
sergytv(sergytv) used a health_drink 9-26-2020, 10:20:39 AM
sergytv(sergytv) used a health_drink 9-26-2020, 10:20:40 AM
sergytv(sergytv) used a health_drink 9-26-2020, 10:20:44 AM
sergytv(sergytv) used a health_drink 9-26-2020, 10:20:44 AM
sergytv(sergytv) used a health_drink 9-26-2020, 10:20:44 AM
sergytv(sergytv) used a health_drink 9-26-2020, 10:20:47 AM
sergytv(sergytv) used a health_drink 9-26-2020, 10:20:47 AM
sergytv(sergytv) used a health_drink 9-26-2020, 10:20:47 AM
sergytv(sergytv) used a health_drink 9-26-2020, 10:20:48 AM
sergytv(sergytv) used a health_drink 9-26-2020, 10:20:49 AM
sergytv(sergytv) used a health_drink 9-26-2020, 10:20:49 AM
sergytv(sergytv) used a health_drink 9-26-2020, 10:20:50 AM
sergytv(sergytv) used a health_drink 9-26-2020, 10:20:50 AM
sergytv(sergytv) used a health_drink 9-26-2020, 10:20:50 AM
sergytv(sergytv) used a health_drink 9-26-2020, 10:20:52 AM
sergytv(sergytv) used a health_drink 9-26-2020, 10:20:52 AM
sergytv(sergytv) used a health_drink 9-26-2020, 10:20:52 AM
sergytv(sergytv) used a health_drink 9-26-2020, 10:20:53 AM
sergytv(sergytv) used a health_drink 9-26-2020, 10:20:53 AM
sergytv(sergytv) used a health_drink 9-26-2020, 10:20:54 AM
sergytv(sergytv) used a health_drink 9-26-2020, 10:21:50 AM
sergytv(sergytv) used a health_drink 9-26-2020, 10:21:50 AM
sergytv(sergytv) used a health_drink 9-26-2020, 10:21:50 AM
sergytv(sergytv) used a health_drink 9-26-2020, 10:21:58 AM
sergytv(sergytv) used a health_drink 9-26-2020, 10:21:58 AM
sergytv(sergytv) used a health_drink 9-26-2020, 10:21:59 AM
sergytv(sergytv) used a health_drink 9-26-2020, 10:21:59 AM
sergytv(sergytv) used a health_drink 9-26-2020, 10:22:00 AM
sergytv(sergytv) used a health_drink 9-26-2020, 10:22:00 AM
sergytv(sergytv) used a health_drink 9-26-2020, 10:22:00 AM
sergytv(sergytv) used a health_drink 9-26-2020, 10:22:00 AM
sergytv(sergytv) used a health_drink 9-26-2020, 10:22:01 AM
sergytv(sergytv) used a health_drink 9-26-2020, 10:22:01 AM
sergytv(sergytv) used a shield 9-26-2020, 10:22:03 AM
sergytv(sergytv) used a shield 9-26-2020, 10:22:03 AM
sergytv(sergytv) used a shield 9-26-2020, 10:22:03 AM
sergytv(sergytv) used a shield 9-26-2020, 10:22:03 AM
sergytv(sergytv) used a shield 9-26-2020, 10:22:04 AM
sergytv(sergytv) used a shield 9-26-2020, 10:22:04 AM
sergytv(sergytv) used a shield 9-26-2020, 10:22:04 AM
sergytv(sergytv) used a shield 9-26-2020, 10:22:05 AM
sergytv(sergytv) used a shield 9-26-2020, 10:22:05 AM
sergytv(sergytv) used a hand_cannon 9-26-2020, 10:22:06 AM
sergytv(sergytv) used a hand_grenade 9-26-2020, 10:22:16 AM
sergytv(sergytv) used a hand_grenade 9-26-2020, 10:22:17 AM
sergytv(sergytv) used a hand_grenade 9-26-2020, 10:22:17 AM
sergytv(sergytv) used a hand_grenade 9-26-2020, 10:22:18 AM
sergytv(sergytv) used a hand_cannon 9-26-2020, 10:22:18 AM
sergytv(sergytv) used a hand_grenade 9-26-2020, 10:22:19 AM
sergytv(sergytv) used a hand_grenade 9-26-2020, 10:22:20 AM
sergytv(sergytv) used a hand_grenade 9-26-2020, 10:22:20 AM
sergytv(sergytv) used a hand_grenade 9-26-2020, 10:22:21 AM
sergytv(sergytv) used a hand_grenade 9-26-2020, 10:22:22 AM
sergytv(sergytv) used a hand_grenade 9-26-2020, 10:22:23 AM
sergytv(sergytv) used a hand_grenade 9-26-2020, 10:22:24 AM
sergytv(sergytv) used a hand_grenade 9-26-2020, 10:22:24 AM
sergytv(sergytv) used a hand_grenade 9-26-2020, 10:22:24 AM
sergytv(sergytv) used a health_drink 9-26-2020, 10:22:32 AM
sergytv(sergytv) used a health_drink 9-26-2020, 10:22:32 AM
sergytv(sergytv) used a health_drink 9-26-2020, 10:22:32 AM
sergytv(sergytv) used a health_drink 9-26-2020, 10:22:35 AM
sergytv(sergytv) used a health_drink 9-26-2020, 10:22:35 AM
sergytv(sergytv) used a health_drink 9-26-2020, 10:22:36 AM
sergytv(sergytv) used a health_drink 9-26-2020, 10:22:37 AM
sergytv(sergytv) used a health_drink 9-26-2020, 10:22:37 AM
sergytv(sergytv) used a health_drink 9-26-2020, 10:22:38 AM
sergytv(sergytv) used a health_drink 9-26-2020, 10:22:38 AM
sergytv(sergytv) used a health_drink 9-26-2020, 10:22:39 AM
sergytv(sergytv) used a health_drink 9-26-2020, 10:22:39 AM
sergytv(sergytv) used a health_drink 9-26-2020, 10:22:40 AM
sergytv(sergytv) used a health_drink 9-26-2020, 10:22:41 AM
sergytv(sergytv) used a health_drink 9-26-2020, 10:22:42 AM
sergytv(sergytv) used a health_drink 9-26-2020, 10:22:42 AM
sergytv(sergytv) used a health_drink 9-26-2020, 10:22:44 AM
sergytv(sergytv) used a health_drink 9-26-2020, 10:22:44 AM
sergytv(sergytv) used a health_drink 9-26-2020, 10:22:45 AM
sergytv(sergytv) used a ultra_antibiotic_pack 9-26-2020, 10:26:24 AM
sergytv(sergytv) used a hand_cannon 9-26-2020, 10:31:39 AM
sergytv(sergytv) used a hand_cannon 9-26-2020, 10:31:41 AM
sergytv(sergytv) used a health_drink 9-26-2020, 8:12:50 PM
sergytv(sergytv) used a health_drink 9-26-2020, 8:12:50 PM
sergytv(sergytv) used a health_drink 9-26-2020, 8:12:50 PM
sergytv(sergytv) used a health_drink 9-26-2020, 8:13:36 PM
sergytv(sergytv) used a health_drink 9-26-2020, 8:13:36 PM
sergytv(sergytv) used a health_drink 9-26-2020, 8:13:37 PM
sergytv(sergytv) used a health_drink 9-26-2020, 8:13:37 PM
sergytv(sergytv) used a health_drink 9-26-2020, 8:13:37 PM
sergytv(sergytv) used a health_drink 9-26-2020, 8:13:39 PM
sergytv(sergytv) used a health_drink 9-26-2020, 8:13:39 PM
sergytv(sergytv) used a health_drink 9-26-2020, 8:13:42 PM
sergytv(sergytv) used a health_drink 9-26-2020, 8:13:43 PM
sergytv(sergytv) used a health_drink 9-26-2020, 8:13:43 PM
sergytv(sergytv) used a health_drink 9-26-2020, 8:13:45 PM
sergytv(sergytv) used a health_drink 9-26-2020, 8:13:46 PM
sergytv(sergytv) used a health_drink 9-26-2020, 8:13:47 PM
sergytv(sergytv) used a health_drink 9-26-2020, 8:13:48 PM
sergytv(sergytv) used a health_drink 9-26-2020, 8:14:31 PM
sergytv(sergytv) used a health_drink 9-26-2020, 8:14:31 PM
sergytv(sergytv) used a health_drink 9-26-2020, 8:14:41 PM
sergytv(sergytv) used a health_drink 9-26-2020, 8:14:42 PM
sergytv(sergytv) used a shield 9-26-2020, 8:14:42 PM
sergytv(sergytv) used a shield 9-26-2020, 8:14:43 PM
sergytv(sergytv) used a hand_cannon 9-26-2020, 8:15:16 PM
sergytv(sergytv) used a health_drink 9-26-2020, 8:15:39 PM
sergytv(sergytv) used a shield 9-26-2020, 8:15:39 PM
sergytv(sergytv) used a shield 9-26-2020, 8:15:39 PM
sergytv(sergytv) used a shield 9-26-2020, 8:15:40 PM
sergytv(sergytv) used a shield 9-26-2020, 8:15:40 PM
sergytv(sergytv) used a shield 9-26-2020, 8:15:41 PM
sergytv(sergytv) used a shield 9-26-2020, 8:15:41 PM
sergytv(sergytv) used a shield 9-26-2020, 8:15:45 PM
sergytv(sergytv) used a shield 9-26-2020, 8:15:45 PM
sergytv(sergytv) used a shield 9-26-2020, 8:15:45 PM
sergytv(sergytv) used a shield 9-26-2020, 8:15:51 PM
sergytv(sergytv) used a shield 9-26-2020, 8:15:51 PM
sergytv(sergytv) used a shield 9-26-2020, 8:15:52 PM
sergytv(sergytv) used a shield 9-26-2020, 8:15:52 PM
sergytv(sergytv) used a shield 9-26-2020, 8:15:52 PM
sergytv(sergytv) used a shield 9-26-2020, 8:15:53 PM
sergytv(sergytv) used a shield 9-26-2020, 8:15:53 PM
sergytv(sergytv) used a shield 9-26-2020, 8:15:54 PM
sergytv(sergytv) used a shield 9-26-2020, 8:15:54 PM
sergytv(sergytv) used a shield 9-26-2020, 8:15:54 PM
sergytv(sergytv) used a shield 9-26-2020, 8:15:55 PM
sergytv(sergytv) used a shield 9-26-2020, 8:15:55 PM
sergytv(sergytv) used a shield 9-26-2020, 8:15:55 PM
sergytv(sergytv) used a shield 9-26-2020, 8:15:56 PM
sergytv(sergytv) used a shield 9-26-2020, 8:15:56 PM
sergytv(sergytv) used a shield 9-26-2020, 8:15:56 PM
sergytv(sergytv) used a shield 9-26-2020, 8:15:57 PM
sergytv(sergytv) used a shield 9-26-2020, 8:15:57 PM
sergytv(sergytv) used a shield 9-26-2020, 8:15:57 PM
sergytv(sergytv) used a shield 9-26-2020, 8:15:58 PM
sergytv(sergytv) used a shield 9-26-2020, 8:15:58 PM
sergytv(sergytv) used a shield 9-26-2020, 8:15:58 PM
sergytv(sergytv) used a barricade_bomb 9-26-2020, 8:17:09 PM
sergytv(sergytv) used a health_drink 9-26-2020, 8:18:04 PM
sergytv(sergytv) used a health_drink 9-26-2020, 8:18:04 PM
sergytv(sergytv) used a health_drink 9-26-2020, 8:18:07 PM
sergytv(sergytv) used a health_drink 9-26-2020, 8:18:08 PM
sergytv(sergytv) used a health_drink 9-26-2020, 8:18:10 PM
sergytv(sergytv) used a health_drink 9-26-2020, 8:18:10 PM
sergytv(sergytv) used a health_drink 9-26-2020, 8:18:11 PM
sergytv(sergytv) used a health_drink 9-26-2020, 8:18:11 PM
sergytv(sergytv) used a health_drink 9-26-2020, 8:18:11 PM
sergytv(sergytv) used a health_drink 9-26-2020, 8:18:12 PM
sergytv(sergytv) used a health_drink 9-26-2020, 8:18:12 PM
sergytv(sergytv) used a health_drink 9-26-2020, 8:18:12 PM
sergytv(sergytv) used a health_drink 9-26-2020, 8:18:13 PM
sergytv(sergytv) used a health_drink 9-26-2020, 8:18:13 PM
sergytv(sergytv) used a health_drink 9-26-2020, 8:18:14 PM
sergytv(sergytv) used a health_drink 9-26-2020, 8:18:14 PM
sergytv(sergytv) used a health_drink 9-26-2020, 8:18:15 PM
sergytv(sergytv) used a health_drink 9-26-2020, 8:18:15 PM
sergytv(sergytv) used a health_drink 9-26-2020, 8:18:16 PM
sergytv(sergytv) used a health_drink 9-26-2020, 8:18:16 PM
sergytv(sergytv) used a health_drink 9-26-2020, 8:18:17 PM
sergytv(sergytv) used a health_drink 9-26-2020, 8:18:17 PM
sergytv(sergytv) used a health_drink 9-26-2020, 8:18:17 PM
sergytv(sergytv) used a health_drink 9-26-2020, 8:18:17 PM
sergytv(sergytv) used a health_drink 9-26-2020, 8:18:19 PM
sergytv(sergytv) used a health_drink 9-26-2020, 8:18:20 PM
sergytv(sergytv) used a health_drink 9-26-2020, 8:18:20 PM
sergytv(sergytv) used a health_drink 9-26-2020, 8:18:20 PM
sergytv(sergytv) used a health_drink 9-26-2020, 8:18:23 PM
sergytv(sergytv) used a health_drink 9-26-2020, 8:18:23 PM
sergytv(sergytv) used a health_drink 9-26-2020, 8:18:23 PM
sergytv(sergytv) used a health_drink 9-26-2020, 8:18:23 PM
sergytv(sergytv) used a health_drink 9-26-2020, 8:18:24 PM
sergytv(sergytv) used a health_drink 9-26-2020, 8:18:24 PM
sergytv(sergytv) used a health_drink 9-26-2020, 8:18:24 PM
sergytv(sergytv) used a health_drink 9-26-2020, 8:18:25 PM
sergytv(sergytv) used a health_drink 9-26-2020, 8:18:25 PM
sergytv(sergytv) used a health_drink 9-26-2020, 8:18:25 PM
sergytv(sergytv) used a health_drink 9-26-2020, 8:18:26 PM
sergytv(sergytv) used a health_drink 9-26-2020, 8:18:27 PM
sergytv(sergytv) used a health_drink 9-26-2020, 8:18:27 PM
sergytv(sergytv) used a health_drink 9-26-2020, 8:18:27 PM
sergytv(sergytv) used a health_drink 9-26-2020, 8:18:27 PM
sergytv(sergytv) used a health_drink 9-26-2020, 8:18:28 PM
sergytv(sergytv) used a health_drink 9-26-2020, 8:18:28 PM
sergytv(sergytv) used a health_drink 9-26-2020, 8:18:30 PM
sergytv(sergytv) used a health_drink 9-26-2020, 8:18:31 PM
sergytv(sergytv) used a health_drink 9-26-2020, 8:18:31 PM
sergytv(sergytv) used a health_drink 9-26-2020, 8:18:31 PM
sergytv(sergytv) used a health_drink 9-26-2020, 8:18:31 PM
sergytv(sergytv) used a health_drink 9-26-2020, 8:18:38 PM
sergytv(sergytv) used a health_drink 9-26-2020, 8:18:38 PM
sergytv(sergytv) used a health_drink 9-26-2020, 8:18:38 PM
sergytv(sergytv) used a hand_cannon 9-26-2020, 8:18:44 PM
sergytv(sergytv) used a barricade_bomb 9-26-2020, 8:19:01 PM
sergytv(sergytv) used a barricade_bomb 9-26-2020, 8:19:23 PM
sergytv(sergytv) used a barricade_bomb 9-26-2020, 8:19:42 PM
sergytv(sergytv) used a bomb_defuser 9-26-2020, 8:19:58 PM
sergytv(sergytv) used a turret 9-26-2020, 8:20:14 PM
sergytv(sergytv) used a turret 9-26-2020, 8:20:29 PM
sergytv(sergytv) used a turret 9-26-2020, 8:20:30 PM
sergytv(sergytv) used a turret 9-26-2020, 8:20:30 PM
sergytv(sergytv) used a turret 9-26-2020, 8:20:30 PM
sergytv(sergytv) used a turret 9-26-2020, 8:20:33 PM
sergytv(sergytv) used a turret 9-26-2020, 8:20:34 PM
sergytv(sergytv) used a turret 9-26-2020, 8:20:34 PM
sergytv(sergytv) used a turret 9-26-2020, 8:20:37 PM
sergytv(sergytv) used a turret 9-26-2020, 8:20:37 PM
sergytv(sergytv) used a turret 9-26-2020, 8:20:39 PM
sergytv(sergytv) used a turret 9-26-2020, 8:20:40 PM
sergytv(sergytv) used a turret 9-26-2020, 8:20:44 PM
sergytv(sergytv) used a barricade_bomb 9-26-2020, 8:20:52 PM
sergytv(sergytv) used a turret 9-26-2020, 8:21:20 PM
sergytv(sergytv) used a turret 9-26-2020, 8:21:37 PM
sergytv(sergytv) used a turret 9-26-2020, 8:21:37 PM
sergytv(sergytv) used a turret 9-26-2020, 8:21:37 PM
sergytv(sergytv) used a barricade_bomb 9-26-2020, 8:21:45 PM
sergytv(sergytv) used a hand_cannon 9-26-2020, 8:22:01 PM
sergytv(sergytv) used a hand_cannon 9-26-2020, 8:22:03 PM
sergytv(sergytv) used a hand_cannon 9-26-2020, 8:22:05 PM
sergytv(sergytv) used a hand_cannon 9-26-2020, 8:22:06 PM
sergytv(sergytv) used a barricade_bomb 9-26-2020, 8:23:24 PM
sergytv(sergytv) used a barricade_bomb 9-26-2020, 8:23:42 PM
sergytv(sergytv) used a hand_cannon 9-26-2020, 8:24:54 PM
sergytv(sergytv) used a hand_cannon 9-26-2020, 8:24:55 PM
sergytv(sergytv) used a health_drink 9-26-2020, 8:24:58 PM
sergytv(sergytv) used a health_drink 9-26-2020, 8:24:58 PM
sergytv(sergytv) used a shield 9-26-2020, 8:24:59 PM
sergytv(sergytv) used a shield 9-26-2020, 8:24:59 PM
sergytv(sergytv) used a barricade_bomb 9-26-2020, 8:25:29 PM
sergytv(sergytv) used a turret 9-26-2020, 8:25:49 PM
sergytv(sergytv) used a turret 9-26-2020, 8:26:08 PM
sergytv(sergytv) used a turret 9-26-2020, 8:26:09 PM
sergytv(sergytv) used a turret 9-26-2020, 8:26:12 PM
sergytv(sergytv) used a turret 9-26-2020, 8:26:12 PM
sergytv(sergytv) used a turret 9-26-2020, 8:26:15 PM
sergytv(sergytv) used a turret 9-26-2020, 8:26:15 PM
sergytv(sergytv) used a turret 9-26-2020, 8:26:16 PM
sergytv(sergytv) used a turret 9-26-2020, 8:26:17 PM
sergytv(sergytv) used a health_drink 9-26-2020, 8:26:39 PM
sergytv(sergytv) used a health_drink 9-26-2020, 8:26:39 PM
sergytv(sergytv) used a shield 9-26-2020, 8:26:40 PM
sergytv(sergytv) used a hand_cannon 9-26-2020, 8:26:40 PM
sergytv(sergytv) used a hand_cannon 9-26-2020, 8:26:40 PM
sergytv(sergytv) used a hand_cannon 9-26-2020, 8:26:41 PM
sergytv(sergytv) used a health_drink 9-26-2020, 8:28:29 PM
sergytv(sergytv) used a health_drink 9-26-2020, 8:28:29 PM
sergytv(sergytv) used a health_drink 9-26-2020, 8:28:35 PM
sergytv(sergytv) used a health_drink 9-26-2020, 8:28:35 PM
sergytv(sergytv) used a hand_cannon 9-26-2020, 8:28:38 PM
sergytv(sergytv) used a health_drink 9-26-2020, 8:28:40 PM
sergytv(sergytv) used a health_drink 9-26-2020, 8:28:40 PM
sergytv(sergytv) used a health_drink 9-26-2020, 8:28:41 PM
sergytv(sergytv) used a health_drink 9-26-2020, 8:28:45 PM
sergytv(sergytv) used a health_drink 9-26-2020, 8:28:46 PM
sergytv(sergytv) used a health_drink 9-26-2020, 8:28:50 PM
sergytv(sergytv) used a health_drink 9-26-2020, 8:28:56 PM
sergytv(sergytv) used a health_drink 9-26-2020, 8:28:56 PM
sergytv(sergytv) used a health_drink 9-26-2020, 8:28:59 PM
sergytv(sergytv) used a health_drink 9-26-2020, 8:28:59 PM
sergytv(sergytv) used a health_drink 9-26-2020, 8:29:00 PM
sergytv(sergytv) used a health_drink 9-26-2020, 8:29:02 PM
sergytv(sergytv) used a health_drink 9-26-2020, 8:29:09 PM
sergytv(sergytv) used a health_drink 9-26-2020, 8:29:09 PM
sergytv(sergytv) used a health_drink 9-26-2020, 8:29:10 PM
sergytv(sergytv) used a shield 9-26-2020, 8:29:10 PM
sergytv(sergytv) used a shield 9-26-2020, 8:29:10 PM
sergytv(sergytv) used a shield 9-26-2020, 8:29:10 PM
sergytv(sergytv) used a shield 9-26-2020, 8:29:11 PM
sergytv(sergytv) used a shield 9-26-2020, 8:29:11 PM
sergytv(sergytv) used a shield 9-26-2020, 8:29:12 PM
sergytv(sergytv) used a hand_cannon 9-26-2020, 8:29:26 PM
sergytv(sergytv) used a hand_cannon 9-26-2020, 8:29:26 PM
sergytv(sergytv) used a hand_cannon 9-26-2020, 8:29:27 PM
sergytv(sergytv) used a hand_cannon 9-26-2020, 8:29:28 PM
sergytv(sergytv) used a hand_cannon 9-26-2020, 8:29:34 PM
sergytv(sergytv) used a hand_cannon 9-26-2020, 8:29:34 PM
sergytv(sergytv) used a hand_grenade 9-26-2020, 8:29:59 PM
sergytv(sergytv) used a hand_grenade 9-26-2020, 8:30:00 PM
sergytv(sergytv) used a hand_grenade 9-26-2020, 8:30:00 PM
sergytv(sergytv) used a hand_grenade 9-26-2020, 8:30:01 PM
sergytv(sergytv) used a hand_grenade 9-26-2020, 8:30:02 PM
sergytv(sergytv) used a hand_grenade 9-26-2020, 8:30:02 PM
sergytv(sergytv) used a hand_grenade 9-26-2020, 8:30:02 PM
sergytv(sergytv) used a hand_grenade 9-26-2020, 8:30:03 PM
sergytv(sergytv) used a hand_grenade 9-26-2020, 8:30:03 PM
sergytv(sergytv) used a hand_grenade 9-26-2020, 8:30:03 PM
sergytv(sergytv) used a hand_grenade 9-26-2020, 8:30:04 PM
sergytv(sergytv) used a hand_grenade 9-26-2020, 8:30:05 PM
sergytv(sergytv) used a hand_grenade 9-26-2020, 8:30:05 PM
sergytv(sergytv) used a hand_grenade 9-26-2020, 8:30:05 PM
sergytv(sergytv) used a hand_grenade 9-26-2020, 8:30:06 PM
sergytv(sergytv) used a hand_grenade 9-26-2020, 8:30:06 PM
sergytv(sergytv) used a hand_grenade 9-26-2020, 8:30:07 PM
sergytv(sergytv) used a hand_grenade 9-26-2020, 8:30:07 PM
sergytv(sergytv) used a hand_grenade 9-26-2020, 8:30:08 PM
sergytv(sergytv) used a hand_grenade 9-26-2020, 8:30:08 PM
sergytv(sergytv) used a hand_grenade 9-26-2020, 8:30:08 PM
sergytv(sergytv) used a hand_grenade 9-26-2020, 8:30:09 PM
sergytv(sergytv) used a hand_grenade 9-26-2020, 8:30:09 PM
sergytv(sergytv) used a hand_grenade 9-26-2020, 8:30:10 PM
sergytv(sergytv) used a hand_grenade 9-26-2020, 8:30:10 PM
sergytv(sergytv) used a hand_grenade 9-26-2020, 8:30:11 PM
sergytv(sergytv) used a hand_grenade 9-26-2020, 8:30:11 PM
sergytv(sergytv) used a hand_grenade 9-26-2020, 8:30:12 PM
sergytv(sergytv) used a hand_grenade 9-26-2020, 8:30:12 PM
sergytv(sergytv) used a hand_grenade 9-26-2020, 8:30:13 PM
sergytv(sergytv) used a hand_grenade 9-26-2020, 8:30:13 PM
sergytv(sergytv) used a hand_grenade 9-26-2020, 8:30:14 PM
sergytv(sergytv) used a hand_grenade 9-26-2020, 8:30:14 PM
sergytv(sergytv) used a hand_grenade 9-26-2020, 8:30:14 PM
sergytv(sergytv) used a hand_grenade 9-26-2020, 8:30:15 PM
sergytv(sergytv) used a hand_grenade 9-26-2020, 8:30:15 PM
sergytv(sergytv) used a hand_grenade 9-26-2020, 8:30:15 PM
sergytv(sergytv) used a hand_grenade 9-26-2020, 8:30:16 PM
sergytv(sergytv) used a hand_grenade 9-26-2020, 8:30:16 PM
sergytv(sergytv) used a hand_grenade 9-26-2020, 8:30:16 PM
sergytv(sergytv) used a hand_grenade 9-26-2020, 8:30:17 PM
sergytv(sergytv) used a hand_grenade 9-26-2020, 8:30:17 PM
sergytv(sergytv) used a hand_grenade 9-26-2020, 8:30:17 PM
sergytv(sergytv) used a hand_grenade 9-26-2020, 8:30:17 PM
sergytv(sergytv) used a hand_grenade 9-26-2020, 8:30:18 PM
sergytv(sergytv) used a hand_grenade 9-26-2020, 8:30:18 PM
sergytv(sergytv) used a hand_grenade 9-26-2020, 8:30:19 PM
sergytv(sergytv) used a hand_grenade 9-26-2020, 8:30:19 PM
sergytv(sergytv) used a hand_grenade 9-26-2020, 8:30:20 PM
sergytv(sergytv) used a hand_grenade 9-26-2020, 8:30:20 PM
sergytv(sergytv) used a hand_grenade 9-26-2020, 8:30:20 PM
sergytv(sergytv) used a hand_cannon 9-26-2020, 8:30:23 PM
sergytv(sergytv) used a hand_cannon 9-26-2020, 8:30:23 PM
sergytv(sergytv) used a hand_cannon 9-26-2020, 8:30:34 PM
sergytv(sergytv) used a hand_cannon 9-26-2020, 8:30:34 PM
sergytv(sergytv) used a hand_cannon 9-26-2020, 8:30:35 PM
sergytv(sergytv) used a hipersound_bomb 9-26-2020, 8:32:29 PM
sergytv(sergytv) used a hipersound_bomb 9-26-2020, 8:32:29 PM
sergytv(sergytv) used a hipersound_bomb 9-26-2020, 8:33:00 PM
sergytv(sergytv) used a hipersound_bomb 9-26-2020, 8:33:00 PM
sergytv(sergytv) used a hipersound_bomb 9-26-2020, 8:33:00 PM
sergytv(sergytv) used a hipersound_bomb 9-26-2020, 8:33:03 PM
sergytv(sergytv) used a hipersound_bomb 9-26-2020, 8:33:03 PM
sergytv(sergytv) used a hand_cannon 9-26-2020, 8:33:41 PM
sergytv(sergytv) used a hand_cannon 9-26-2020, 8:33:41 PM
sergytv(sergytv) used a hand_cannon 9-26-2020, 8:33:42 PM
sergytv(sergytv) used a hand_cannon 9-26-2020, 8:33:42 PM
sergytv(sergytv) used a health_drink 9-26-2020, 8:34:13 PM
sergytv(sergytv) used a health_drink 9-26-2020, 8:34:13 PM
sergytv(sergytv) used a health_drink 9-26-2020, 8:34:15 PM
sergytv(sergytv) used a health_drink 9-26-2020, 8:34:16 PM
sergytv(sergytv) used a health_drink 9-26-2020, 8:34:23 PM
sergytv(sergytv) used a health_drink 9-26-2020, 8:34:23 PM
sergytv(sergytv) used a health_drink 9-26-2020, 8:34:25 PM
sergytv(sergytv) used a health_drink 9-26-2020, 8:34:25 PM
sergytv(sergytv) used a health_drink 9-26-2020, 8:34:26 PM
sergytv(sergytv) used a health_drink 9-26-2020, 8:34:26 PM
sergytv(sergytv) used a health_drink 9-26-2020, 8:34:27 PM
sergytv(sergytv) used a health_drink 9-26-2020, 8:34:30 PM
sergytv(sergytv) used a health_drink 9-26-2020, 8:34:30 PM
sergytv(sergytv) used a health_drink 9-26-2020, 8:34:33 PM
sergytv(sergytv) used a health_drink 9-26-2020, 8:34:34 PM
sergytv(sergytv) used a health_drink 9-26-2020, 8:34:34 PM
sergytv(sergytv) used a health_drink 9-26-2020, 8:34:34 PM
sergytv(sergytv) used a shield 9-26-2020, 8:34:35 PM
sergytv(sergytv) used a shield 9-26-2020, 8:34:35 PM
sergytv(sergytv) used a shield 9-26-2020, 8:34:35 PM
sergytv(sergytv) used a shield 9-26-2020, 8:34:36 PM
sergytv(sergytv) used a shield 9-26-2020, 8:34:36 PM
sergytv(sergytv) used a shield 9-26-2020, 8:34:37 PM
sergytv(sergytv) used a shield 9-26-2020, 8:34:37 PM
sergytv(sergytv) used a hand_cannon 9-26-2020, 8:34:38 PM
sergytv(sergytv) used a shield 9-26-2020, 8:34:45 PM
sergytv(sergytv) used a shield 9-26-2020, 8:34:45 PM
sergytv(sergytv) used a shield 9-26-2020, 8:34:45 PM
sergytv(sergytv) used a shield 9-26-2020, 8:35:08 PM
sergytv(sergytv) used a health_drink 9-26-2020, 8:35:34 PM
sergytv(sergytv) used a health_drink 9-26-2020, 8:35:34 PM
sergytv(sergytv) used a health_drink 9-26-2020, 8:35:35 PM
sergytv(sergytv) used a rocket_launcher 9-26-2020, 8:35:45 PM
sergytv(sergytv) used a health_drink 9-26-2020, 8:35:51 PM
sergytv(sergytv) used a health_drink 9-26-2020, 8:35:51 PM
sergytv(sergytv) used a health_drink 9-26-2020, 8:35:52 PM
sergytv(sergytv) used a health_drink 9-26-2020, 8:35:52 PM
sergytv(sergytv) used a health_drink 9-26-2020, 8:35:52 PM
sergytv(sergytv) used a health_drink 9-26-2020, 8:35:53 PM
sergytv(sergytv) used a health_drink 9-26-2020, 8:35:53 PM
sergytv(sergytv) used a health_drink 9-26-2020, 8:35:54 PM
sergytv(sergytv) used a health_drink 9-26-2020, 8:35:54 PM
sergytv(sergytv) used a health_drink 9-26-2020, 8:35:54 PM
sergytv(sergytv) used a health_drink 9-26-2020, 8:35:54 PM
sergytv(sergytv) used a health_drink 9-26-2020, 8:35:55 PM
sergytv(sergytv) used a health_drink 9-26-2020, 8:35:55 PM
sergytv(sergytv) used a health_drink 9-26-2020, 8:35:55 PM
sergytv(sergytv) used a health_drink 9-26-2020, 8:35:56 PM
sergytv(sergytv) used a health_drink 9-26-2020, 8:35:56 PM
sergytv(sergytv) used a health_drink 9-26-2020, 8:35:56 PM
sergytv(sergytv) used a health_drink 9-26-2020, 8:35:57 PM
sergytv(sergytv) used a health_drink 9-26-2020, 8:35:57 PM
sergytv(sergytv) used a health_drink 9-26-2020, 8:35:57 PM
sergytv(sergytv) used a health_drink 9-26-2020, 8:35:58 PM
sergytv(sergytv) used a health_drink 9-26-2020, 8:35:59 PM
sergytv(sergytv) used a health_drink 9-26-2020, 8:35:59 PM
sergytv(sergytv) used a health_drink 9-26-2020, 8:36:00 PM
sergytv(sergytv) used a health_drink 9-26-2020, 8:36:00 PM
sergytv(sergytv) used a health_drink 9-26-2020, 8:36:00 PM
sergytv(sergytv) used a health_drink 9-26-2020, 8:36:01 PM
sergytv(sergytv) used a health_drink 9-26-2020, 8:36:01 PM
sergytv(sergytv) used a health_drink 9-26-2020, 8:36:02 PM
sergytv(sergytv) used a health_drink 9-26-2020, 8:36:02 PM
sergytv(sergytv) used a health_drink 9-26-2020, 8:36:02 PM
sergytv(sergytv) used a health_drink 9-26-2020, 8:36:03 PM
sergytv(sergytv) used a health_drink 9-26-2020, 8:36:03 PM
sergytv(sergytv) used a health_drink 9-26-2020, 8:36:03 PM
sergytv(sergytv) used a health_drink 9-26-2020, 8:36:04 PM
sergytv(sergytv) used a health_drink 9-26-2020, 8:36:04 PM
sergytv(sergytv) used a health_drink 9-26-2020, 8:36:04 PM
sergytv(sergytv) used a health_drink 9-26-2020, 8:36:05 PM
sergytv(sergytv) used a health_drink 9-26-2020, 8:36:06 PM
sergytv(sergytv) used a health_drink 9-26-2020, 8:36:07 PM
sergytv(sergytv) used a health_drink 9-26-2020, 8:36:07 PM
sergytv(sergytv) used a health_drink 9-26-2020, 8:36:07 PM
sergytv(sergytv) used a health_drink 9-26-2020, 8:36:08 PM
sergytv(sergytv) used a health_drink 9-26-2020, 8:36:09 PM
sergytv(sergytv) used a shield 9-26-2020, 8:36:09 PM
sergytv(sergytv) used a shield 9-26-2020, 8:36:09 PM
sergytv(sergytv) used a shield 9-26-2020, 8:36:18 PM
sergytv(sergytv) used a shield 9-26-2020, 8:36:18 PM
sergytv(sergytv) used a shield 9-26-2020, 8:36:18 PM
sergytv(sergytv) used a shield 9-26-2020, 8:36:19 PM
sergytv(sergytv) used a shield 9-26-2020, 8:36:20 PM
sergytv(sergytv) used a shield 9-26-2020, 8:36:20 PM
sergytv(sergytv) used a shield 9-26-2020, 8:36:20 PM
sergytv(sergytv) used a shield 9-26-2020, 8:36:21 PM
sergytv(sergytv) used a shield 9-26-2020, 8:36:21 PM
sergytv(sergytv) used a shield 9-26-2020, 8:36:21 PM
sergytv(sergytv) used a shield 9-26-2020, 8:36:22 PM
sergytv(sergytv) used a shield 9-26-2020, 8:36:22 PM
sergytv(sergytv) used a shield 9-26-2020, 8:36:23 PM
sergytv(sergytv) used a shield 9-26-2020, 8:36:23 PM
sergytv(sergytv) used a shield 9-26-2020, 8:36:24 PM
sergytv(sergytv) used a shield 9-26-2020, 8:36:24 PM
sergytv(sergytv) used a health_drink 9-26-2020, 8:36:33 PM
sergytv(sergytv) used a shield 9-26-2020, 8:36:34 PM
sergytv(sergytv) used a shield 9-26-2020, 8:36:34 PM
sergytv(sergytv) used a shield 9-26-2020, 8:36:34 PM
sergytv(sergytv) used a shield 9-26-2020, 8:36:35 PM
sergytv(sergytv) used a shield 9-26-2020, 8:36:35 PM
sergytv(sergytv) used a shield 9-26-2020, 8:36:36 PM
sergytv(sergytv) used a shield 9-26-2020, 8:36:36 PM
sergytv(sergytv) used a shield 9-26-2020, 8:36:37 PM
sergytv(sergytv) used a shield 9-26-2020, 8:36:37 PM
sergytv(sergytv) used a shield 9-26-2020, 8:36:39 PM
sergytv(sergytv) used a shield 9-26-2020, 8:36:39 PM
sergytv(sergytv) used a shield 9-26-2020, 8:36:39 PM
sergytv(sergytv) used a shield 9-26-2020, 8:36:40 PM
sergytv(sergytv) used a shield 9-26-2020, 8:36:40 PM
sergytv(sergytv) used a shield 9-26-2020, 8:36:41 PM
sergytv(sergytv) used a shield 9-26-2020, 8:36:41 PM
sergytv(sergytv) used a hand_grenade 9-26-2020, 8:37:06 PM
sergytv(sergytv) used a hand_grenade 9-26-2020, 8:37:07 PM
sergytv(sergytv) used a hand_grenade 9-26-2020, 8:37:07 PM
sergytv(sergytv) used a health_drink 9-26-2020, 8:37:15 PM
sergytv(sergytv) used a health_drink 9-26-2020, 8:37:16 PM
sergytv(sergytv) used a health_drink 9-26-2020, 8:37:16 PM
sergytv(sergytv) used a team_member_booster 9-26-2020, 8:40:43 PM
sergytv(sergytv) used a team_member_booster 9-26-2020, 8:40:43 PM
sergytv(sergytv) used a team_member_booster 9-26-2020, 8:40:44 PM
sergytv(sergytv) used a team_member_booster 9-26-2020, 8:40:44 PM
sergytv(sergytv) used a team_member_booster 9-26-2020, 8:40:46 PM
sergytv(sergytv) used a team_member_booster 9-26-2020, 8:40:47 PM
sergytv(sergytv) used a team_member_booster 9-26-2020, 8:40:56 PM
sergytv(sergytv) used a team_member_booster 9-26-2020, 8:41:00 PM
sergytv(sergytv) used a team_member_booster 9-26-2020, 8:41:00 PM
sergytv(sergytv) used a team_member_booster 9-26-2020, 8:41:08 PM
sergytv(sergytv) used a invisibility_shield 9-26-2020, 8:42:33 PM
sergytv(sergytv) used a invisibility_shield 9-26-2020, 8:42:34 PM
sergytv(sergytv) used a invisibility_shield 9-26-2020, 8:42:34 PM
sergytv(sergytv) used a hand_cannon 9-26-2020, 8:42:36 PM
sergytv(sergytv) used a hand_cannon 9-26-2020, 8:42:53 PM
sergytv(sergytv) used a coin 9-26-2020, 8:45:33 PM
sergytv(sergytv) used a coin 9-26-2020, 8:45:38 PM
sergytv(sergytv) used a coin 9-26-2020, 8:45:39 PM
sergytv(sergytv) used a coin 9-26-2020, 8:45:41 PM
sergytv(sergytv) used a coin 9-26-2020, 8:45:41 PM
sergytv(sergytv) used a coin 9-26-2020, 8:45:42 PM
sergytv(sergytv) used a coin 9-26-2020, 8:45:43 PM