
hamidali (hamidali) sent /vote yes 1-23-2021, 12:00:42 PM
hamidali (hamidali) sent /admins 1-23-2021, 12:00:56 PM
hamidali (hamidali) sent /r hai? 1-23-2021, 12:01:13 PM
hamidali (hamidali) sent /wrightmap 1-23-2021, 12:04:52 PM
hamidali (hamidali) sent /wrightemap 1-23-2021, 12:05:07 PM
hamidali (hamidali) sent /request remove randum sounds from the game please 1-23-2021, 12:07:52 PM
hamidali (hamidali) sent /suicide 1-23-2021, 12:19:22 PM
hamidali (hamidali) sent /suicide 1-23-2021, 12:19:39 PM
hamidali (hamidali) sent /suicide 1-23-2021, 12:19:42 PM
hamidali (hamidali) sent /r if you give me storm sniper i give you dollars on the war 1-23-2021, 12:21:05 PM
hamidali (hamidali) sent /request please add storm sniper in store thaths not good 1-23-2021, 12:24:14 PM
hamidali (hamidali) sent /pm sgamer hai what is your name/ 1-23-2021, 12:25:18 PM
hamidali (hamidali) sent /r your on the war? 1-23-2021, 12:25:59 PM
hamidali (hamidali) sent /suicide 1-23-2021, 12:27:04 PM
hamidali (hamidali) sent /r difine 1-23-2021, 12:27:34 PM
hamidali (hamidali) sent /r dnt kill 1-23-2021, 12:27:40 PM
hamidali (hamidali) sent /pm  bolgelo i need storm sniper give 1-23-2021, 12:28:22 PM
hamidali (hamidali) sent /r from your inv 1-23-2021, 12:28:38 PM
hamidali (hamidali) sent /r ok give me storm sniper from your inv please 1-23-2021, 12:29:18 PM
hamidali (hamidali) sent /r ok give me i give you back promice 1-23-2021, 12:30:02 PM
hamidali (hamidali) sent /r hay] 1-23-2021, 12:30:40 PM
hamidali (hamidali) sent /r stop 1-23-2021, 12:30:50 PM
hamidali (hamidali) sent /r hahaha 1-23-2021, 12:30:55 PM
hamidali (hamidali) sent /r give me i give you back 1-23-2021, 12:31:05 PM
hamidali (hamidali) sent /r i muslim i promice you i give you back 1-23-2021, 12:31:27 PM