
Johnny (Johnny) said hi 1-23-2021, 2:34:01 AM
Johnny (Johnny) said good 1-23-2021, 2:34:11 AM
Johnny (Johnny) said oi still newbie 1-23-2021, 2:34:17 AM
Johnny (Johnny) said and level 7 so... 1-23-2021, 2:34:40 AM
Johnny (Johnny) said turet? 1-23-2021, 2:36:18 AM
Johnny (Johnny) said whas this 1-23-2021, 2:36:31 AM
Johnny (Johnny) said oi 1-23-2021, 2:37:14 AM
Johnny (Johnny) said oi 1-23-2021, 2:39:00 AM
Johnny (Johnny) said 9, 30, 30. 1-23-2021, 2:39:13 AM
Johnny (Johnny) said oi grenade 1-23-2021, 2:39:51 AM
Johnny (Johnny) said oi 1-23-2021, 2:42:33 AM
Johnny (Johnny) said fuck 1-23-2021, 2:43:23 AM
Johnny (Johnny) said hard 1-23-2021, 2:43:49 AM
Johnny (Johnny) said 20 dath, is baaaaaad 1-23-2021, 2:43:59 AM
Johnny (Johnny) said death, 1-23-2021, 2:44:05 AM
Johnny (Johnny) said whas you get? 1-23-2021, 2:46:24 AM
Johnny (Johnny) said o 1-23-2021, 2:46:48 AM
Johnny (Johnny) said current location: stun! 1-23-2021, 2:47:11 AM
Johnny (Johnny) said good 1-23-2021, 2:48:16 AM
Johnny (Johnny) said coin, 103460 1-23-2021, 2:48:24 AM
Johnny (Johnny) said oooooo 1-23-2021, 2:48:45 AM
Johnny (Johnny) said how many hand cannom? 1-23-2021, 2:48:56 AM
Johnny (Johnny) said oo thxxxxx 1-23-2021, 2:49:04 AM
Johnny (Johnny) said np 1-23-2021, 2:49:51 AM
Johnny (Johnny) said oi 1-23-2021, 2:52:55 AM
Johnny (Johnny) said don't need 1-23-2021, 2:54:45 AM
Johnny (Johnny) said o 1-23-2021, 2:56:35 AM
Johnny (Johnny) said roflflflflflfl 1-23-2021, 2:57:11 AM
Johnny (Johnny) said oi 1-23-2021, 2:58:42 AM
Johnny (Johnny) said animal? 1-23-2021, 2:59:19 AM
Johnny (Johnny) said fuck animal 1-23-2021, 2:59:42 AM
Johnny (Johnny) said fuck gorilla 1-23-2021, 3:01:11 AM
Johnny (Johnny) said 100000 health is small, need to 1000000 1-23-2021, 3:01:45 AM
Johnny (Johnny) said try hand canom 1-23-2021, 3:02:23 AM
Johnny (Johnny) said fuck leopard 1-23-2021, 3:03:18 AM
Johnny (Johnny) said it's very bad 1-23-2021, 3:04:03 AM
Johnny (Johnny) said no 1-23-2021, 3:07:45 AM
Johnny (Johnny) said going to create a shelter and will destroi to help a your team to get 5000 points 1-23-2021, 3:09:41 AM
Johnny (Johnny) said oo 1-23-2021, 3:11:55 AM
Johnny (Johnny) said oi 1-23-2021, 3:14:41 AM
Johnny (Johnny) said good night 1-23-2021, 3:14:57 AM
Johnny (Johnny) said whas this turet? 1-23-2021, 11:37:18 AM
Johnny (Johnny) said bye the game deleting 1-23-2021, 11:38:54 AM