
killer3000 (killer3000) sent /bestplayer 1-23-2021, 8:17:45 AM
killer3000 (killer3000) sent /lchat do you guys have air and mask? 1-23-2021, 8:18:21 AM
killer3000 (killer3000) sent /lchat nice 1-23-2021, 8:18:45 AM
killer3000 (killer3000) sent /lchat air? 1-23-2021, 8:18:47 AM
killer3000 (killer3000) sent /lchat use 1-23-2021, 8:19:01 AM
killer3000 (killer3000) sent /lchat some one is stuk 1-23-2021, 8:19:24 AM
killer3000 (killer3000) sent /lchat oh athee is stuk 1-23-2021, 8:19:36 AM
killer3000 (killer3000) sent /lchat left 1-23-2021, 8:19:47 AM
killer3000 (killer3000) sent /lchat he whent 1-23-2021, 8:19:52 AM
killer3000 (killer3000) sent /lchat are you stuk? 1-23-2021, 8:20:04 AM
killer3000 (killer3000) sent /lchat oho dam 1-23-2021, 8:20:14 AM
killer3000 (killer3000) sent /lchat not work 1-23-2021, 8:20:23 AM
killer3000 (killer3000) sent /lchat in the srtore 1-23-2021, 8:20:29 AM
killer3000 (killer3000) sent /lchat yeah 1-23-2021, 8:20:33 AM
killer3000 (killer3000) sent /lchat do you have air athee bro? 1-23-2021, 8:20:43 AM
killer3000 (killer3000) sent /lchat then use mask and dai 1-23-2021, 8:21:00 AM
killer3000 (killer3000) sent /lchat i will give you 1-23-2021, 8:21:29 AM
killer3000 (killer3000) sent /lchat oi you lissun 1-23-2021, 8:21:42 AM
killer3000 (killer3000) sent /lchat if he where mask with out air he will dai 1-23-2021, 8:21:58 AM
killer3000 (killer3000) sent /lchat and it will rezolv 1-23-2021, 8:22:11 AM
killer3000 (killer3000) sent /lchat yaar tu samaj ni raha 1-23-2021, 8:22:28 AM
killer3000 (killer3000) sent /lchat arae 1-23-2021, 8:22:33 AM
killer3000 (killer3000) sent /lchat tu ni athee 1-23-2021, 8:22:38 AM
killer3000 (killer3000) sent /lchat oi 1-23-2021, 8:22:44 AM
killer3000 (killer3000) sent /lchat athee bro hit and key 1-23-2021, 8:23:04 AM
killer3000 (killer3000) sent /lchat athee bro hit and key 1-23-2021, 8:23:44 AM
killer3000 (killer3000) sent /lchat oi i was talking about stuk 1-23-2021, 8:23:59 AM
killer3000 (killer3000) sent /lchat if he will where mask with out air, he will dai and b free 1-23-2021, 8:24:19 AM
killer3000 (killer3000) sent /lchat bid 1-23-2021, 8:24:59 AM
killer3000 (killer3000) sent /lchat and take 1-23-2021, 8:25:03 AM
killer3000 (killer3000) sent /lchat i did bid 1-23-2021, 8:25:13 AM
killer3000 (killer3000) sent /lchat roflropfl 1-23-2021, 8:25:31 AM
killer3000 (killer3000) sent /lchat bid 1-23-2021, 8:25:43 AM
killer3000 (killer3000) sent /lchat ok 1-23-2021, 8:25:55 AM
killer3000 (killer3000) sent /lchat use it 1-23-2021, 8:26:28 AM
killer3000 (killer3000) sent /lchat did you used? 1-23-2021, 8:26:43 AM
killer3000 (killer3000) sent /lchat daaaaaaaaaam 1-23-2021, 8:27:10 AM
killer3000 (killer3000) sent /lchat he need to use 1-23-2021, 8:27:15 AM
killer3000 (killer3000) sent /lchat use mask 1-23-2021, 8:27:21 AM
killer3000 (killer3000) sent /lchat oh my god 1-23-2021, 8:27:55 AM
killer3000 (killer3000) sent /lchat he's not using 1-23-2021, 8:28:05 AM
killer3000 (killer3000) sent /lchat athee bro use gas mask 1-23-2021, 8:28:49 AM
killer3000 (killer3000) sent /lchat bool 1-23-2021, 8:29:17 AM
killer3000 (killer3000) sent /lchat god he's not hering 1-23-2021, 8:29:34 AM
killer3000 (killer3000) sent /lchat he need to doun the music 1-23-2021, 8:29:57 AM
killer3000 (killer3000) sent /lchat i no 1-23-2021, 8:30:26 AM
killer3000 (killer3000) sent /lchat he need to do end 1-23-2021, 8:30:33 AM
killer3000 (killer3000) sent /lchat end key 1-23-2021, 8:30:37 AM
killer3000 (killer3000) sent /lchat oh my god 1-23-2021, 8:31:22 AM
killer3000 (killer3000) sent /lchat fucking hel 1-23-2021, 8:32:02 AM
killer3000 (killer3000) sent /lchat athee 1-23-2021, 8:32:09 AM
killer3000 (killer3000) sent /lchat lissun 1-23-2021, 8:32:13 AM
killer3000 (killer3000) sent /lchat hit end key 1-23-2021, 8:32:21 AM
killer3000 (killer3000) sent /lchat and use mask 1-23-2021, 8:32:28 AM
killer3000 (killer3000) sent /lchat then use gas mask 1-23-2021, 8:32:43 AM
killer3000 (killer3000) sent /lchat oho 1-23-2021, 8:32:54 AM
killer3000 (killer3000) sent /lchat dam this bugs 1-23-2021, 8:33:02 AM
killer3000 (killer3000) sent /lchat oh i haven a idia 1-23-2021, 8:33:19 AM
killer3000 (killer3000) sent /lchat i have a idia 1-23-2021, 8:33:28 AM
killer3000 (killer3000) sent /lchat i have mega suicider 1-23-2021, 8:33:40 AM
killer3000 (killer3000) sent /lchat i can give you thatt 1-23-2021, 8:33:55 AM
killer3000 (killer3000) sent /lchat but how 1-23-2021, 8:34:03 AM
killer3000 (killer3000) sent /lchat he need to bid 1-23-2021, 8:34:09 AM
killer3000 (killer3000) sent /lchat ok 1-23-2021, 8:34:14 AM
killer3000 (killer3000) sent /lchat come with that account 1-23-2021, 8:34:26 AM
killer3000 (killer3000) sent /lchat come with mane account i will auction 1-23-2021, 8:34:50 AM
killer3000 (killer3000) sent /lchat it will work 1-23-2021, 8:35:03 AM
killer3000 (killer3000) sent /lchat yes 1-23-2021, 8:35:12 AM
killer3000 (killer3000) sent /lchat bid 1-23-2021, 8:35:34 AM
killer3000 (killer3000) sent /lchat bid 1-23-2021, 8:35:39 AM
killer3000 (killer3000) sent /cancelauction 1-23-2021, 8:35:45 AM
killer3000 (killer3000) sent /lchat bid 1-23-2021, 8:36:13 AM
killer3000 (killer3000) sent /lchat oh my fucking god 1-23-2021, 8:36:34 AM
killer3000 (killer3000) sent /lchat bro biddd 1-23-2021, 8:37:06 AM
killer3000 (killer3000) sent /lchat really 1-23-2021, 8:37:27 AM
killer3000 (killer3000) sent /lchat mother fucking bug 1-23-2021, 8:37:40 AM
killer3000 (killer3000) sent /lchat god 1-23-2021, 8:38:09 AM
killer3000 (killer3000) sent /lchat fuck 1-23-2021, 8:41:39 AM
killer3000 (killer3000) sent /lchat this mother fucking radio 1-23-2021, 8:42:44 AM
killer3000 (killer3000) sent /lchat mother fucking game and fucking devs and gay admins 1-23-2021, 8:47:09 AM
killer3000 (killer3000) sent /lchat that game is much much better then this 1-23-2021, 8:47:45 AM
killer3000 (killer3000) sent /lchat behen chod fuck that 1-23-2021, 8:49:24 AM
killer3000 (killer3000) sent /lchat fucking hel ass 1-23-2021, 8:50:16 AM
killer3000 (killer3000) sent /where udit 1-23-2021, 8:51:19 AM
killer3000 (killer3000) sent /t mother fucking hel 1-23-2021, 8:51:59 AM
killer3000 (killer3000) sent /t for are team dam hel 1-23-2021, 8:52:17 AM
killer3000 (killer3000) sent /t don't put them 1-23-2021, 8:52:30 AM
killer3000 (killer3000) sent /where udit 1-23-2021, 8:52:44 AM
killer3000 (killer3000) sent /suicide 1-23-2021, 8:54:35 AM
killer3000 (killer3000) sent /t you all so deadd 1-23-2021, 8:55:00 AM
killer3000 (killer3000) sent /lchat i wish for evri one to never have a sister 1-23-2021, 8:58:00 AM
killer3000 (killer3000) sent /lchat ahaha 1-23-2021, 8:58:10 AM
killer3000 (killer3000) sent /lchat big sisters 1-23-2021, 8:58:26 AM
killer3000 (killer3000) sent /lchat yuk 1-23-2021, 8:58:31 AM
killer3000 (killer3000) sent /lchat i don't no much 1-23-2021, 8:58:55 AM
killer3000 (killer3000) sent /lchat i need to lurn 1-23-2021, 8:59:02 AM
killer3000 (killer3000) sent /lchat yeah 1-23-2021, 8:59:20 AM
killer3000 (killer3000) sent /lchat what is this 1-23-2021, 8:59:29 AM
killer3000 (killer3000) sent /lchat btw what these things do 1-23-2021, 8:59:55 AM
killer3000 (killer3000) sent /lchat oh 1-23-2021, 8:59:58 AM
killer3000 (killer3000) sent /lchat and NVDA? 1-23-2021, 9:00:08 AM
killer3000 (killer3000) sent /lchat i wana stream nvda 1-23-2021, 9:00:20 AM
killer3000 (killer3000) sent /lchat for streams 1-23-2021, 9:00:26 AM
killer3000 (killer3000) sent /lchat where can i get that 1-23-2021, 9:01:02 AM
killer3000 (killer3000) sent /lchat lol how? 1-23-2021, 9:01:21 AM
killer3000 (killer3000) sent /lchat i am there and he killd lol? 1-23-2021, 9:01:40 AM
killer3000 (killer3000) sent /lchat where can i get voice meeter 1-23-2021, 9:02:14 AM
killer3000 (killer3000) sent /lchat Dropbox - 404 1-23-2021, 9:05:19 AM
killer3000 (killer3000) sent /t that link 1-23-2021, 9:06:15 AM
killer3000 (killer3000) sent /t is it free? 1-23-2021, 9:06:40 AM
killer3000 (killer3000) sent /t don't have 1-23-2021, 9:08:00 AM
killer3000 (killer3000) sent /lchat hey can you hel me? 1-23-2021, 9:16:15 AM
killer3000 (killer3000) sent /lchat on that chalange 1-23-2021, 9:16:26 AM
killer3000 (killer3000) sent /lchat help me 1-23-2021, 9:18:04 AM
killer3000 (killer3000) sent /lchat dam 1-23-2021, 9:19:04 AM
killer3000 (killer3000) sent /lchat lag 1-23-2021, 9:19:06 AM
killer3000 (killer3000) sent /lchat wait 1-23-2021, 9:19:55 AM
killer3000 (killer3000) sent /lchat hey now? 1-23-2021, 9:21:13 AM
killer3000 (killer3000) sent /lchat what after 20, 100, 20.  1-23-2021, 9:21:36 AM
killer3000 (killer3000) sent /lchat rj bro 1-23-2021, 9:21:48 AM
killer3000 (killer3000) sent /lchat hey bro 1-23-2021, 9:22:38 AM
killer3000 (killer3000) sent /lchat 20, 100, 20.  1-23-2021, 9:22:40 AM
killer3000 (killer3000) sent /lchat 10 where 1-23-2021, 9:22:54 AM
killer3000 (killer3000) sent /lchat how to do that 10 jump 1-23-2021, 9:24:53 AM
killer3000 (killer3000) sent /r jo baacha ho usi say puch 1-23-2021, 9:25:15 AM
killer3000 (killer3000) sent /r ahah 1-23-2021, 9:25:35 AM
killer3000 (killer3000) sent /r masters 2121 1-23-2021, 9:25:46 AM
killer3000 (killer3000) sent /lchat yes 1-23-2021, 9:26:13 AM
killer3000 (killer3000) sent /lchat my friend give me 1-23-2021, 9:26:36 AM
killer3000 (killer3000) sent /lchat i am doingt this for sword 1-23-2021, 9:26:57 AM
killer3000 (killer3000) sent /lchat now do 1-23-2021, 12:05:58 PM
killer3000 (killer3000) sent /bid 8000000 1-23-2021, 12:06:25 PM
killer3000 (killer3000) sent /lchat is it ok? 1-23-2021, 12:06:34 PM
killer3000 (killer3000) sent /lchat thanks bro 1-23-2021, 12:07:01 PM
killer3000 (killer3000) sent /suicide 1-23-2021, 12:07:27 PM
killer3000 (killer3000) sent /pm sgamer oi yaar kuch coins chahiyay 8000000 ranjit ko diyay sword kay liyay 1-23-2021, 12:08:22 PM
killer3000 (killer3000) sent /r masters 21 1-23-2021, 12:09:13 PM
killer3000 (killer3000) sent /lchat hey guys 1-23-2021, 12:10:06 PM
killer3000 (killer3000) sent /r what happend to athee 1-23-2021, 12:10:27 PM
killer3000 (killer3000) sent /r masters21 1-23-2021, 12:10:50 PM
killer3000 (killer3000) sent /members 1-23-2021, 12:11:21 PM
killer3000 (killer3000) sent /t what happend to athee 1-23-2021, 12:11:49 PM
killer3000 (killer3000) sent /r yes 1-23-2021, 12:11:58 PM
killer3000 (killer3000) sent /w why he's kill me 1-23-2021, 12:12:08 PM
killer3000 (killer3000) sent /r why  1-23-2021, 12:12:15 PM
killer3000 (killer3000) sent /w he's killing me 1-23-2021, 12:12:22 PM
killer3000 (killer3000) sent /teampass killer21 1-23-2021, 12:12:42 PM
killer3000 (killer3000) sent /r your team password has been updated to killer21 1-23-2021, 12:12:45 PM
killer3000 (killer3000) sent /t why are  you atacking me athee 1-23-2021, 12:13:43 PM
killer3000 (killer3000) sent /t hi 1-23-2021, 12:58:54 PM
killer3000 (killer3000) sent /lchat ahaha 1-23-2021, 1:00:15 PM
killer3000 (killer3000) sent /t pm from grand father (bolgelo): can you invite me in your team 1-23-2021, 1:00:48 PM
killer3000 (killer3000) sent /r ok pass is killer21 1-23-2021, 1:01:08 PM
killer3000 (killer3000) sent /t hello 1-23-2021, 1:01:38 PM
killer3000 (killer3000) sent /t oi guys cime 1-23-2021, 1:04:15 PM
killer3000 (killer3000) sent /t come and help 1-23-2021, 1:04:27 PM
killer3000 (killer3000) sent /members 1-23-2021, 1:05:14 PM
killer3000 (killer3000) sent /t why they left team 1-23-2021, 1:05:24 PM
killer3000 (killer3000) sent /t teja 1-23-2021, 1:05:33 PM
killer3000 (killer3000) sent /t and sgamer 1-23-2021, 1:05:38 PM
killer3000 (killer3000) sent /t fucking traiders 1-23-2021, 1:06:00 PM
killer3000 (killer3000) sent /t ahaha 1-23-2021, 1:11:28 PM
killer3000 (killer3000) sent /t ahaha 1-23-2021, 1:13:34 PM
killer3000 (killer3000) sent /lchat hi 1-23-2021, 1:14:46 PM
killer3000 (killer3000) sent /lchat   1-23-2021, 1:14:56 PM
killer3000 (killer3000) sent /lchat sword 1-23-2021, 1:15:04 PM
killer3000 (killer3000) sent /lchat sword is cool 1-23-2021, 1:15:54 PM
killer3000 (killer3000) sent /where major 1-23-2021, 1:16:17 PM
killer3000 (killer3000) sent /t crying baby (tsunami) 1-23-2021, 1:16:31 PM
killer3000 (killer3000) sent /t ahaha 1-23-2021, 1:16:34 PM
killer3000 (killer3000) sent /t admin 1-23-2021, 1:19:20 PM
killer3000 (killer3000) sent /t help 1-23-2021, 1:19:23 PM
killer3000 (killer3000) sent /t i am going up on the mane map 1-23-2021, 1:19:38 PM
killer3000 (killer3000) sent /t move me 1-23-2021, 1:20:05 PM
killer3000 (killer3000) sent /t i am stuk in air 1-23-2021, 1:20:20 PM
killer3000 (killer3000) sent /t you can't use the warp_box here, because you are near edges  1-23-2021, 1:20:29 PM
killer3000 (killer3000) sent /t you can't use the warp_box here, because you are near edges  1-23-2021, 1:20:34 PM
killer3000 (killer3000) sent /lchat aha 1-23-2021, 1:23:22 PM
killer3000 (killer3000) sent /lchat ahaha 1-23-2021, 1:25:15 PM
killer3000 (killer3000) sent /lchat cool 1-23-2021, 1:25:19 PM
killer3000 (killer3000) sent /lchat i payed 8000000 for this aha 1-23-2021, 1:25:35 PM
killer3000 (killer3000) sent /lchat why teja and sgamer leave 1-23-2021, 1:26:55 PM
killer3000 (killer3000) sent /lchat aa 1-23-2021, 1:28:37 PM
killer3000 (killer3000) sent /lchat coin, 1268464 1-23-2021, 1:29:03 PM
killer3000 (killer3000) sent /gnsubmit 15 1-23-2021, 1:30:00 PM
killer3000 (killer3000) sent /where major 1-23-2021, 1:30:46 PM
killer3000 (killer3000) sent /lchat major, (major), is on map major 1-23-2021, 1:30:49 PM
killer3000 (killer3000) sent /r what help? 1-23-2021, 1:32:03 PM
killer3000 (killer3000) sent /r why iyems? 1-23-2021, 1:32:30 PM
killer3000 (killer3000) sent /r items? 1-23-2021, 1:32:35 PM
killer3000 (killer3000) sent /r did you put coins? 1-23-2021, 1:32:56 PM
killer3000 (killer3000) sent /r why removed 1-23-2021, 1:33:30 PM
killer3000 (killer3000) sent /r wait allow me i'll tell 1-23-2021, 1:34:03 PM
killer3000 (killer3000) sent /r coming 1-23-2021, 1:34:38 PM
killer3000 (killer3000) sent /r fule? 1-23-2021, 1:35:09 PM
killer3000 (killer3000) sent /r fule tank 1-23-2021, 1:35:24 PM
killer3000 (killer3000) sent /r i have 3 1-23-2021, 1:35:38 PM
killer3000 (killer3000) sent /r in wich map 1-23-2021, 1:36:00 PM
killer3000 (killer3000) sent /r oh rofl i am founding on mane 1-23-2021, 1:36:29 PM
killer3000 (killer3000) sent /suicide 1-23-2021, 1:37:28 PM
killer3000 (killer3000) sent /lchat k 1-23-2021, 1:37:50 PM
killer3000 (killer3000) sent /lchat are you teja? 1-23-2021, 1:38:05 PM
killer3000 (killer3000) sent /lchat wait 1-23-2021, 1:38:40 PM
killer3000 (killer3000) sent /lchat np 1-23-2021, 1:39:09 PM
killer3000 (killer3000) sent /lchat 50 pack_of_4_ammo_hand_cannon. costs 15000 coins. 1-23-2021, 1:39:40 PM
killer3000 (killer3000) sent /lchat 50 pack_of_4_ammo_hand_cannon. costs 15000 coins. 1-23-2021, 1:39:50 PM
killer3000 (killer3000) sent /lchat shel i auder 1-23-2021, 1:40:05 PM
killer3000 (killer3000) sent /lchat roflrofl 1-23-2021, 1:41:40 PM
killer3000 (killer3000) sent /members 1-23-2021, 1:42:15 PM
killer3000 (killer3000) sent /r hey 1-23-2021, 1:42:23 PM
killer3000 (killer3000) sent /r if you are teja then who are  1-23-2021, 1:42:51 PM
killer3000 (killer3000) sent /r teja 1-23-2021, 1:43:02 PM
killer3000 (killer3000) sent /r you  1-23-2021, 1:43:13 PM
killer3000 (killer3000) sent /r you jemsal? 1-23-2021, 1:43:18 PM
killer3000 (killer3000) sent /r why with your account 1-23-2021, 1:43:42 PM
killer3000 (killer3000) sent /r come your shipmant 1-23-2021, 1:44:34 PM
killer3000 (killer3000) sent /r and why you leave team 1-23-2021, 1:45:01 PM
killer3000 (killer3000) sent /r join killer21 is pass 1-23-2021, 1:45:25 PM
killer3000 (killer3000) sent /r and come with real account 1-23-2021, 1:45:46 PM
killer3000 (killer3000) sent /lchat stay there  1-23-2021, 1:46:25 PM
killer3000 (killer3000) sent /t he's jemsal with teja's account 1-23-2021, 1:46:48 PM
killer3000 (killer3000) sent /r np 1-23-2021, 1:47:58 PM
killer3000 (killer3000) sent /r how to what? 1-23-2021, 1:48:18 PM
killer3000 (killer3000) sent /r just enter on totle pryse 1-23-2021, 1:48:46 PM
killer3000 (killer3000) sent /r then go out and wait for it to come 1-23-2021, 1:49:13 PM
killer3000 (killer3000) sent /r np 1-23-2021, 1:49:36 PM
killer3000 (killer3000) sent /r oh 1-23-2021, 1:49:57 PM
killer3000 (killer3000) sent /r no totle prys 1-23-2021, 1:50:05 PM
killer3000 (killer3000) sent /ebstplayer 1-23-2021, 1:50:23 PM
killer3000 (killer3000) sent /teampass 2021 1-23-2021, 1:56:08 PM
killer3000 (killer3000) sent /lchat your team password has been updated to 2021 1-23-2021, 1:56:13 PM
killer3000 (killer3000) sent /lchat oi sgamer 1-23-2021, 1:56:36 PM
killer3000 (killer3000) sent /lchat join team 1-23-2021, 1:56:41 PM
killer3000 (killer3000) sent /t what no 1-23-2021, 1:56:45 PM
killer3000 (killer3000) sent /lchat join the team 1-23-2021, 1:56:55 PM
killer3000 (killer3000) sent /lchat 2021 1-23-2021, 1:57:00 PM
killer3000 (killer3000) sent /lchat yes 1-23-2021, 1:57:47 PM
killer3000 (killer3000) sent /lchat lol how 1-23-2021, 1:58:01 PM
killer3000 (killer3000) sent /lchat teams can onl.y hold 8 members 1-23-2021, 1:58:23 PM
killer3000 (killer3000) sent /lchat dam 1-23-2021, 1:58:26 PM
killer3000 (killer3000) sent /lchat what we do 1-23-2021, 1:58:32 PM
killer3000 (killer3000) sent /t guys 1-23-2021, 1:58:39 PM
killer3000 (killer3000) sent /lchat not working 1-23-2021, 1:58:50 PM
killer3000 (killer3000) sent /t are team is full 1-23-2021, 1:58:59 PM
killer3000 (killer3000) sent /lchat teams can onl.y hold 8 members 1-23-2021, 1:59:10 PM
killer3000 (killer3000) sent /lchat thats what it is saying 1-23-2021, 1:59:20 PM
killer3000 (killer3000) sent /t oho sgamer wana join 1-23-2021, 1:59:36 PM
killer3000 (killer3000) sent /t what should we do 1-23-2021, 1:59:56 PM
killer3000 (killer3000) sent /t that is all so not working 1-23-2021, 2:00:24 PM
killer3000 (killer3000) sent /t that is all so not working 1-23-2021, 2:00:36 PM
killer3000 (killer3000) sent /member 1-23-2021, 2:00:56 PM
killer3000 (killer3000) sent /members 1-23-2021, 2:01:02 PM
killer3000 (killer3000) sent /teamremove rider1 1-23-2021, 2:01:24 PM
killer3000 (killer3000) sent /lchat wich 1-23-2021, 2:01:32 PM
killer3000 (killer3000) sent /teamremove rider_1 1-23-2021, 2:01:46 PM
killer3000 (killer3000) sent /r no no 1-23-2021, 2:01:53 PM
killer3000 (killer3000) sent /members 1-23-2021, 2:02:03 PM
killer3000 (killer3000) sent /teamremove ryder1 1-23-2021, 2:02:43 PM
killer3000 (killer3000) sent /teamremove ryder1 1-23-2021, 2:03:01 PM
killer3000 (killer3000) sent /lchat error removing a team member. 1-23-2021, 2:03:03 PM
killer3000 (killer3000) sent /teamremove ryder1, 1-23-2021, 2:03:49 PM
killer3000 (killer3000) sent /teamremove ryder1_ 1-23-2021, 2:04:03 PM
killer3000 (killer3000) sent /r teja 1-23-2021, 2:04:07 PM
killer3000 (killer3000) sent /r airer removing 1-23-2021, 2:04:14 PM
killer3000 (killer3000) sent /r no  1-23-2021, 2:04:33 PM
killer3000 (killer3000) sent /r he's are friend? 1-23-2021, 2:04:50 PM
killer3000 (killer3000) sent /r blindgamer 1-23-2021, 2:05:07 PM
killer3000 (killer3000) sent /r i am very confuze 1-23-2021, 2:05:21 PM
killer3000 (killer3000) sent /t guys 1-23-2021, 2:05:33 PM
killer3000 (killer3000) sent /t we need to remove some one 1-23-2021, 2:05:48 PM
killer3000 (killer3000) sent /t for sgamer 1-23-2021, 2:05:53 PM
killer3000 (killer3000) sent /t thats what i don't no 1-23-2021, 2:06:13 PM
killer3000 (killer3000) sent /t canfuze 1-23-2021, 2:06:19 PM
killer3000 (killer3000) sent /r oho no 1-23-2021, 2:06:50 PM
killer3000 (killer3000) sent /t oh nice 1-23-2021, 2:07:08 PM
killer3000 (killer3000) sent /r yeah 1-23-2021, 2:07:23 PM
killer3000 (killer3000) sent /teamremove ryder1 1-23-2021, 2:07:37 PM
killer3000 (killer3000) sent /t error removing a team member. 1-23-2021, 2:07:39 PM
killer3000 (killer3000) sent /t aaaaaaaaaa 1-23-2021, 2:07:42 PM
killer3000 (killer3000) sent /r wait there is a bug 1-23-2021, 2:08:12 PM
killer3000 (killer3000) sent /lchat oi 1-23-2021, 2:08:16 PM
killer3000 (killer3000) sent /r i can't remove error removing a team member. 1-23-2021, 2:08:40 PM
killer3000 (killer3000) sent /lchat god this guy 1-23-2021, 2:08:56 PM
killer3000 (killer3000) sent /r god 1-23-2021, 2:09:20 PM
killer3000 (killer3000) sent /r masters  corporal killer3000: oho in this game, a team can only hold 8 members after that team member booster do not work 1-23-2021, 2:10:53 PM
killer3000 (killer3000) sent /t blindgamer i am doing a test on you 1-23-2021, 2:11:19 PM
killer3000 (killer3000) sent /t try to remove 1-23-2021, 2:11:39 PM
killer3000 (killer3000) sent /t join again 1-23-2021, 2:11:43 PM
killer3000 (killer3000) sent /t no 1-23-2021, 2:11:50 PM
killer3000 (killer3000) sent /t 2021 1-23-2021, 2:11:53 PM
killer3000 (killer3000) sent /teamremove blindgamers14 1-23-2021, 2:12:12 PM
killer3000 (killer3000) sent /r oho it is working on him but not on ryder? 1-23-2021, 2:12:33 PM
killer3000 (killer3000) sent /t it is working on you but why not on ryder 1-23-2021, 2:12:54 PM
killer3000 (killer3000) sent /teamremove ryder1 1-23-2021, 2:13:03 PM
killer3000 (killer3000) sent /r oh 1-23-2021, 2:13:12 PM
killer3000 (killer3000) sent /r lets tell admin 1-23-2021, 2:13:28 PM
killer3000 (killer3000) sent /t oho admin is not here 1-23-2021, 2:13:50 PM
killer3000 (killer3000) sent /t item grabber 1-23-2021, 2:14:11 PM
killer3000 (killer3000) sent /t lol this game has no lag in 128 k bps speed 1-23-2021, 2:27:19 PM
killer3000 (killer3000) sent /t aahaha 1-23-2021, 2:27:25 PM
killer3000 (killer3000) sent /t cool 1-23-2021, 2:27:28 PM
killer3000 (killer3000) sent /lchat sgamer 1-23-2021, 2:29:24 PM
killer3000 (killer3000) sent /t tee 1-23-2021, 2:31:18 PM
killer3000 (killer3000) sent /t aneeeeeeeeeeel 1-23-2021, 2:32:17 PM
killer3000 (killer3000) sent /t hey how 1-23-2021, 2:32:40 PM
killer3000 (killer3000) sent /t wich i gave it to you 1-23-2021, 2:33:07 PM
killer3000 (killer3000) sent /t ooooooo 1-23-2021, 2:33:11 PM
killer3000 (killer3000) sent /t but how 1-23-2021, 2:33:16 PM
killer3000 (killer3000) sent /t oho 1-23-2021, 2:33:28 PM
killer3000 (killer3000) sent /t whel np we will get those easylly 1-23-2021, 2:34:02 PM
killer3000 (killer3000) sent /t oho 1-23-2021, 2:34:19 PM
killer3000 (killer3000) sent /t you should never do that 1-23-2021, 2:34:40 PM
killer3000 (killer3000) sent /t yeah 1-23-2021, 2:34:58 PM
killer3000 (killer3000) sent /t we will help you 1-23-2021, 2:35:35 PM
killer3000 (killer3000) sent /t items 1-23-2021, 2:35:46 PM
killer3000 (killer3000) sent /t he lost evrithing 1-23-2021, 2:35:55 PM
killer3000 (killer3000) sent /t he put it them on shelter 1-23-2021, 2:36:14 PM
killer3000 (killer3000) sent /t almost over! just a little more! 1-23-2021, 2:39:03 PM
killer3000 (killer3000) sent /t fuc 1-23-2021, 2:39:52 PM
killer3000 (killer3000) sent /t i all most 1-23-2021, 2:39:56 PM
killer3000 (killer3000) sent /cancelauction 1-23-2021, 3:03:56 PM
killer3000 (killer3000) sent /lchat almost over! just a little more! 1-23-2021, 3:08:06 PM
killer3000 (killer3000) sent /lchat hello 1-23-2021, 3:10:38 PM
killer3000 (killer3000) sent /lchat i cumpleet it 1-23-2021, 3:10:47 PM
killer3000 (killer3000) sent /lchat 2 1-23-2021, 3:11:04 PM
killer3000 (killer3000) sent /lchat what 1-23-2021, 3:11:29 PM
killer3000 (killer3000) sent /lchat yep 1-23-2021, 3:11:44 PM
killer3000 (killer3000) sent /lchat doing for teja 1-23-2021, 3:11:50 PM
killer3000 (killer3000) sent /t he's rj 1-23-2021, 3:12:33 PM
killer3000 (killer3000) sent /lchat it is funn to do 1-23-2021, 3:13:26 PM
killer3000 (killer3000) sent /lchat what help bro 1-23-2021, 3:14:31 PM
killer3000 (killer3000) sent /lchat you know 1-23-2021, 3:14:47 PM
killer3000 (killer3000) sent /admintell i am stuk help 1-23-2021, 3:16:42 PM
killer3000 (killer3000) sent /admintell thanks 1-23-2021, 3:17:04 PM
killer3000 (killer3000) sent /teamremove Simba 1-23-2021, 4:26:39 PM
killer3000 (killer3000) sent /t now good 1-23-2021, 4:27:05 PM
killer3000 (killer3000) sent /t he's not lissuning i am sayimg that leave the team then do chalange 1-23-2021, 4:27:37 PM
killer3000 (killer3000) sent /t ok 1-23-2021, 4:27:46 PM
killer3000 (killer3000) sent /t but tell rj to all so leave the team when do chalange 1-23-2021, 4:28:04 PM
killer3000 (killer3000) sent /t i can't because he's not onnline 1-23-2021, 4:28:34 PM
killer3000 (killer3000) sent /pm rathee bro wana join team? 1-23-2021, 4:28:50 PM
killer3000 (killer3000) sent /r athee and teja wan you to join 1-23-2021, 4:29:14 PM
killer3000 (killer3000) sent /r ok 1-23-2021, 4:29:36 PM
killer3000 (killer3000) sent /t reply from rathee (rathee): i will join late with other accound  1-23-2021, 4:29:44 PM
killer3000 (killer3000) sent /t ok going 1-23-2021, 4:30:09 PM
killer3000 (killer3000) sent /t hi 1-23-2021, 4:40:39 PM
killer3000 (killer3000) sent /gnsubmit 25 1-23-2021, 4:40:46 PM
killer3000 (killer3000) sent /t shel i do? 1-23-2021, 4:41:05 PM
killer3000 (killer3000) sent /r oho 1-23-2021, 4:41:33 PM
killer3000 (killer3000) sent /r nice sir 1-23-2021, 4:41:41 PM
killer3000 (killer3000) sent /r ahaha 1-23-2021, 4:41:55 PM
killer3000 (killer3000) sent /r yeah 1-23-2021, 4:42:24 PM
killer3000 (killer3000) sent /t fucking lag 1-23-2021, 4:47:02 PM
killer3000 (killer3000) sent /where sgamer join team 1-23-2021, 5:15:23 PM
killer3000 (killer3000) sent /pm sgamer join team pass is 2021 1-23-2021, 5:15:45 PM
killer3000 (killer3000) sent /lchat not good 1-23-2021, 5:17:46 PM
killer3000 (killer3000) sent /lchat hhehe 1-23-2021, 5:32:40 PM
killer3000 (killer3000) sent /lchat hhe 1-23-2021, 5:32:48 PM
killer3000 (killer3000) sent /lchat aha] 1-23-2021, 5:33:15 PM