
magistral(ramil) used a storm_sniper 1-23-2021, 8:26:24 AM
magistral(ramil) used a guided_missile 1-23-2021, 8:26:40 AM
magistral(ramil) used a guided_missile 1-23-2021, 8:26:40 AM
magistral(ramil) used a health_drink 1-23-2021, 8:26:52 AM
magistral(ramil) used a shield 1-23-2021, 8:26:52 AM
magistral(ramil) used a shield 1-23-2021, 8:26:53 AM
magistral(ramil) used a hand_grenade 1-23-2021, 8:26:55 AM
magistral(ramil) used a concussive_grenade 1-23-2021, 8:26:55 AM
magistral(ramil) used a concussive_grenade 1-23-2021, 8:26:55 AM
magistral(ramil) used a health_drink 1-23-2021, 8:27:33 AM
magistral(ramil) used a health_drink 1-23-2021, 8:27:33 AM
magistral(ramil) used a hand_grenade 1-23-2021, 8:29:10 AM
magistral(ramil) used a hand_grenade 1-23-2021, 8:29:11 AM
magistral(ramil) used a hand_grenade 1-23-2021, 8:29:11 AM
magistral(ramil) used a concussive_grenade 1-23-2021, 8:29:11 AM
magistral(ramil) used a concussive_grenade 1-23-2021, 8:29:12 AM
magistral(ramil) used a storm_sniper 1-23-2021, 9:01:49 AM
magistral(ramil) used a throwing_star 1-23-2021, 9:02:18 AM
magistral(ramil) used a throwing_star 1-23-2021, 9:02:18 AM
magistral(ramil) used a hand_grenade 1-23-2021, 9:02:19 AM
magistral(ramil) used a concussive_grenade 1-23-2021, 9:02:20 AM
magistral(ramil) used a concussive_grenade 1-23-2021, 9:02:20 AM
magistral(ramil) used a guided_missile 1-23-2021, 9:02:26 AM
magistral(ramil) used a guided_missile 1-23-2021, 9:02:29 AM
magistral(ramil) used a health_drink 1-23-2021, 9:02:55 AM
magistral(ramil) used a health_drink 1-23-2021, 9:02:55 AM
magistral(ramil) used a health_drink 1-23-2021, 9:02:56 AM
magistral(ramil) used a health_drink 1-23-2021, 9:02:57 AM
magistral(ramil) used a health_drink 1-23-2021, 9:02:57 AM
magistral(ramil) used a guided_missile 1-23-2021, 9:02:58 AM
magistral(ramil) used a health_drink 1-23-2021, 9:02:59 AM
magistral(ramil) used a health_drink 1-23-2021, 9:02:59 AM
magistral(ramil) used a stp429_mini_missile 1-23-2021, 9:03:09 AM
magistral(ramil) used a cannon 1-23-2021, 9:03:18 AM
magistral(ramil) used a health_drink 1-23-2021, 9:05:15 AM
magistral(ramil) used a bomb_defuser 1-23-2021, 9:05:15 AM
magistral(ramil) used a health_drink 1-23-2021, 9:05:19 AM
magistral(ramil) used a health_drink 1-23-2021, 9:05:19 AM
magistral(ramil) used a health_drink 1-23-2021, 9:05:19 AM
magistral(ramil) used a health_drink 1-23-2021, 9:05:19 AM
magistral(ramil) used a health_drink 1-23-2021, 9:05:20 AM
magistral(ramil) used a health_drink 1-23-2021, 9:05:20 AM
magistral(ramil) used a health_drink 1-23-2021, 9:05:21 AM
magistral(ramil) used a health_drink 1-23-2021, 9:05:22 AM
magistral(ramil) used a health_drink 1-23-2021, 9:05:23 AM
magistral(ramil) used a health_drink 1-23-2021, 9:05:32 AM
magistral(ramil) used a health_drink 1-23-2021, 9:05:32 AM
magistral(ramil) used a health_drink 1-23-2021, 9:05:32 AM
magistral(ramil) used a health_drink 1-23-2021, 9:05:33 AM
magistral(ramil) used a bomb_defuser 1-23-2021, 9:05:41 AM
magistral(ramil) used a health_drink 1-23-2021, 9:05:41 AM
magistral(ramil) used a health_drink 1-23-2021, 9:05:42 AM
magistral(ramil) used a health_drink 1-23-2021, 9:05:52 AM
magistral(ramil) used a health_drink 1-23-2021, 9:05:52 AM
magistral(ramil) used a hand_grenade 1-23-2021, 9:05:53 AM
magistral(ramil) used a hand_grenade 1-23-2021, 9:05:53 AM
magistral(ramil) used a hand_grenade 1-23-2021, 9:05:53 AM
magistral(ramil) used a hand_grenade 1-23-2021, 9:05:53 AM
magistral(ramil) used a hand_grenade 1-23-2021, 9:05:54 AM
magistral(ramil) used a hand_grenade 1-23-2021, 9:05:54 AM
magistral(ramil) used a hand_grenade 1-23-2021, 9:05:54 AM
magistral(ramil) used a hand_grenade 1-23-2021, 9:05:54 AM
magistral(ramil) used a hand_grenade 1-23-2021, 9:05:54 AM
magistral(ramil) used a hand_grenade 1-23-2021, 9:05:54 AM
magistral(ramil) used a hand_grenade 1-23-2021, 9:05:55 AM
magistral(ramil) used a hand_grenade 1-23-2021, 9:05:55 AM
magistral(ramil) used a hand_grenade 1-23-2021, 9:05:55 AM
magistral(ramil) used a hand_grenade 1-23-2021, 9:05:55 AM
magistral(ramil) used a hand_grenade 1-23-2021, 9:05:55 AM
magistral(ramil) used a hand_grenade 1-23-2021, 9:05:56 AM
magistral(ramil) used a stp429_mini_missile 1-23-2021, 9:05:56 AM
magistral(ramil) used a sky_436_mine 1-23-2021, 9:05:57 AM
magistral(ramil) used a hand_grenade 1-23-2021, 9:05:57 AM
magistral(ramil) used a hand_grenade 1-23-2021, 9:05:59 AM
magistral(ramil) used a hand_grenade 1-23-2021, 9:05:59 AM
magistral(ramil) used a hand_grenade 1-23-2021, 9:05:59 AM
magistral(ramil) used a hand_grenade 1-23-2021, 9:05:59 AM
magistral(ramil) used a hand_grenade 1-23-2021, 9:05:59 AM
magistral(ramil) used a hand_grenade 1-23-2021, 9:06:00 AM
magistral(ramil) used a hand_grenade 1-23-2021, 9:06:00 AM
magistral(ramil) used a hand_grenade 1-23-2021, 9:06:00 AM
magistral(ramil) used a hand_grenade 1-23-2021, 9:06:00 AM
magistral(ramil) used a hand_grenade 1-23-2021, 9:06:00 AM
magistral(ramil) used a hand_grenade 1-23-2021, 9:06:01 AM
magistral(ramil) used a hand_grenade 1-23-2021, 9:06:01 AM
magistral(ramil) used a stp429_mini_missile 1-23-2021, 9:06:07 AM
magistral(ramil) used a sky_436_mine 1-23-2021, 9:06:08 AM
magistral(ramil) used a stp429_mini_missile 1-23-2021, 9:06:08 AM
magistral(ramil) used a concussive_grenade 1-23-2021, 9:06:19 AM
magistral(ramil) used a health_drink 1-23-2021, 9:06:25 AM
magistral(ramil) used a health_drink 1-23-2021, 9:06:25 AM
magistral(ramil) used a health_drink 1-23-2021, 9:06:25 AM
magistral(ramil) used a health_drink 1-23-2021, 9:06:31 AM
magistral(ramil) used a health_drink 1-23-2021, 9:06:31 AM
magistral(ramil) used a health_drink 1-23-2021, 9:06:41 AM
magistral(ramil) used a health_drink 1-23-2021, 9:06:54 AM
magistral(ramil) used a health_drink 1-23-2021, 9:06:54 AM
magistral(ramil) used a sky_436_mine 1-23-2021, 9:07:03 AM
magistral(ramil) used a health_drink 1-23-2021, 9:07:07 AM
magistral(ramil) used a health_drink 1-23-2021, 9:07:08 AM
magistral(ramil) used a health_drink 1-23-2021, 9:07:16 AM
magistral(ramil) used a health_drink 1-23-2021, 9:07:16 AM
magistral(ramil) used a health_drink 1-23-2021, 9:07:17 AM
magistral(ramil) used a health_drink 1-23-2021, 9:07:23 AM
magistral(ramil) used a the_legendary_sword 1-23-2021, 9:07:29 AM
magistral(ramil) used a bomb_defuser 1-23-2021, 9:07:38 AM
magistral(ramil) used a bomb_defuser 1-23-2021, 9:07:38 AM
magistral(ramil) used a health_drink 1-23-2021, 9:07:39 AM
magistral(ramil) used a health_drink 1-23-2021, 9:07:39 AM
magistral(ramil) used a health_drink 1-23-2021, 9:07:43 AM
magistral(ramil) used a health_drink 1-23-2021, 9:07:43 AM
magistral(ramil) used a health_drink 1-23-2021, 9:07:44 AM
magistral(ramil) used a sky_436_mine 1-23-2021, 9:07:48 AM
magistral(ramil) used a sky_436_mine 1-23-2021, 9:07:52 AM
magistral(ramil) used a health_drink 1-23-2021, 9:07:54 AM
magistral(ramil) used a health_drink 1-23-2021, 9:07:54 AM
magistral(ramil) used a health_drink 1-23-2021, 9:07:56 AM
magistral(ramil) used a health_drink 1-23-2021, 9:07:57 AM
magistral(ramil) used a health_drink 1-23-2021, 9:07:57 AM
magistral(ramil) used a health_drink 1-23-2021, 9:07:58 AM
magistral(ramil) used a health_drink 1-23-2021, 9:07:58 AM
magistral(ramil) used a health_drink 1-23-2021, 9:07:58 AM
magistral(ramil) used a health_drink 1-23-2021, 9:07:59 AM
magistral(ramil) used a health_drink 1-23-2021, 9:07:59 AM
magistral(ramil) used a health_drink 1-23-2021, 9:08:00 AM
magistral(ramil) used a health_drink 1-23-2021, 9:08:00 AM
magistral(ramil) used a health_drink 1-23-2021, 9:08:00 AM
magistral(ramil) used a cyanide_pistol 1-23-2021, 9:08:33 AM
magistral(ramil) used a hand_grenade 1-23-2021, 9:08:35 AM
magistral(ramil) used a hand_grenade 1-23-2021, 9:08:35 AM
magistral(ramil) used a hand_grenade 1-23-2021, 9:08:35 AM
magistral(ramil) used a hand_grenade 1-23-2021, 9:08:35 AM
magistral(ramil) used a hand_grenade 1-23-2021, 9:08:35 AM
magistral(ramil) used a hand_grenade 1-23-2021, 9:08:35 AM
magistral(ramil) used a hand_grenade 1-23-2021, 9:08:36 AM
magistral(ramil) used a hand_grenade 1-23-2021, 9:08:36 AM
magistral(ramil) used a hand_grenade 1-23-2021, 9:08:36 AM
magistral(ramil) used a hand_grenade 1-23-2021, 9:08:36 AM
magistral(ramil) used a hand_grenade 1-23-2021, 9:08:36 AM
magistral(ramil) used a hand_grenade 1-23-2021, 9:08:36 AM
magistral(ramil) used a sky_436_mine 1-23-2021, 9:09:18 AM
magistral(ramil) used a stp429_mini_missile 1-23-2021, 9:09:18 AM
magistral(ramil) used a stp429_mini_missile 1-23-2021, 9:09:22 AM
magistral(ramil) used a sky_436_mine 1-23-2021, 9:09:24 AM
magistral(ramil) used a stp429_mini_missile 1-23-2021, 9:09:27 AM
magistral(ramil) used a stp429_mini_missile 1-23-2021, 9:09:27 AM
magistral(ramil) used a stp429_mini_missile 1-23-2021, 9:09:28 AM
magistral(ramil) used a health_drink 1-23-2021, 9:10:15 AM
magistral(ramil) used a health_drink 1-23-2021, 9:10:15 AM
magistral(ramil) used a health_drink 1-23-2021, 9:10:15 AM
magistral(ramil) used a bomb_defuser 1-23-2021, 9:10:15 AM
magistral(ramil) used a health_drink 1-23-2021, 9:10:15 AM
magistral(ramil) used a health_drink 1-23-2021, 9:10:16 AM
magistral(ramil) used a bomb_defuser 1-23-2021, 9:10:16 AM
magistral(ramil) used a bomb_defuser 1-23-2021, 9:10:16 AM
magistral(ramil) used a health_drink 1-23-2021, 9:10:16 AM
magistral(ramil) used a throwing_star 1-23-2021, 9:11:42 AM
magistral(ramil) used a throwing_star 1-23-2021, 9:11:42 AM
magistral(ramil) used a hand_grenade 1-23-2021, 9:11:43 AM
magistral(ramil) used a hand_grenade 1-23-2021, 9:11:43 AM
magistral(ramil) used a hand_grenade 1-23-2021, 9:11:43 AM
magistral(ramil) used a hand_grenade 1-23-2021, 9:11:43 AM
magistral(ramil) used a hand_grenade 1-23-2021, 9:11:44 AM
magistral(ramil) used a hand_grenade 1-23-2021, 9:11:45 AM
magistral(ramil) used a hand_grenade 1-23-2021, 9:11:45 AM
magistral(ramil) used a hand_grenade 1-23-2021, 9:11:46 AM
magistral(ramil) used a hand_grenade 1-23-2021, 9:11:46 AM
magistral(ramil) used a hand_grenade 1-23-2021, 9:11:46 AM
magistral(ramil) used a hand_grenade 1-23-2021, 9:11:46 AM
magistral(ramil) used a hand_grenade 1-23-2021, 9:11:46 AM
magistral(ramil) used a hand_grenade 1-23-2021, 9:11:47 AM
magistral(ramil) used a hand_grenade 1-23-2021, 9:11:47 AM
magistral(ramil) used a hand_grenade 1-23-2021, 9:11:47 AM
magistral(ramil) used a hand_grenade 1-23-2021, 9:11:47 AM
magistral(ramil) used a hand_grenade 1-23-2021, 9:11:47 AM
magistral(ramil) used a hand_grenade 1-23-2021, 9:11:47 AM
magistral(ramil) used a hand_grenade 1-23-2021, 9:11:47 AM
magistral(ramil) used a hand_grenade 1-23-2021, 9:11:48 AM
magistral(ramil) used a hand_grenade 1-23-2021, 9:11:48 AM
magistral(ramil) used a hand_grenade 1-23-2021, 9:11:48 AM
magistral(ramil) used a hand_grenade 1-23-2021, 9:11:48 AM
magistral(ramil) used a hand_grenade 1-23-2021, 9:11:48 AM
magistral(ramil) used a hand_grenade 1-23-2021, 9:11:48 AM
magistral(ramil) used a hand_grenade 1-23-2021, 9:11:49 AM
magistral(ramil) used a hand_grenade 1-23-2021, 9:11:49 AM
magistral(ramil) used a hand_grenade 1-23-2021, 9:11:49 AM
magistral(ramil) used a hand_grenade 1-23-2021, 9:11:49 AM
magistral(ramil) used a hand_grenade 1-23-2021, 9:11:49 AM
magistral(ramil) used a hand_grenade 1-23-2021, 9:11:50 AM
magistral(ramil) used a hand_grenade 1-23-2021, 9:11:50 AM
magistral(ramil) used a hand_grenade 1-23-2021, 9:11:50 AM
magistral(ramil) used a storm_sniper 1-23-2021, 9:38:20 AM
magistral(ramil) used a health_drink 1-23-2021, 9:39:23 AM
magistral(ramil) used a health_drink 1-23-2021, 9:39:23 AM
magistral(ramil) used a health_drink 1-23-2021, 9:39:30 AM
magistral(ramil) used a health_drink 1-23-2021, 9:40:27 AM
magistral(ramil) used a health_drink 1-23-2021, 9:40:27 AM
magistral(ramil) used a health_drink 1-23-2021, 9:40:35 AM
magistral(ramil) used a health_drink 1-23-2021, 9:41:51 AM
magistral(ramil) used a health_drink 1-23-2021, 9:45:14 AM
magistral(ramil) used a health_drink 1-23-2021, 9:45:14 AM
magistral(ramil) used a air_canister 1-23-2021, 9:45:29 AM
magistral(ramil) used a air_canister 1-23-2021, 9:45:29 AM
magistral(ramil) used a air_canister 1-23-2021, 9:45:29 AM
magistral(ramil) used a air_canister 1-23-2021, 9:45:30 AM
magistral(ramil) used a air_canister 1-23-2021, 9:45:30 AM
magistral(ramil) used a air_canister 1-23-2021, 9:45:30 AM
magistral(ramil) used a health_drink 1-23-2021, 9:47:55 AM
magistral(ramil) used a health_drink 1-23-2021, 9:47:55 AM
magistral(ramil) used a the_legendary_sword 1-23-2021, 9:51:24 AM
magistral(ramil) used a health_drink 1-23-2021, 9:53:23 AM
magistral(ramil) used a health_drink 1-23-2021, 9:53:23 AM
magistral(ramil) used a health_drink 1-23-2021, 9:53:23 AM
magistral(ramil) used a health_drink 1-23-2021, 9:53:24 AM
magistral(ramil) used a health_drink 1-23-2021, 9:53:24 AM
magistral(ramil) used a health_drink 1-23-2021, 9:53:25 AM
magistral(ramil) used a health_drink 1-23-2021, 9:53:25 AM
magistral(ramil) used a health_drink 1-23-2021, 9:53:25 AM
magistral(ramil) used a health_drink 1-23-2021, 9:53:26 AM
magistral(ramil) used a health_drink 1-23-2021, 9:53:26 AM
magistral(ramil) used a health_drink 1-23-2021, 9:53:26 AM
magistral(ramil) used a health_drink 1-23-2021, 9:53:27 AM
magistral(ramil) used a concussive_grenade 1-23-2021, 9:54:51 AM
magistral(ramil) used a hand_grenade 1-23-2021, 9:54:51 AM
magistral(ramil) used a hand_grenade 1-23-2021, 9:54:52 AM
magistral(ramil) used a hand_grenade 1-23-2021, 9:54:52 AM
magistral(ramil) used a hand_grenade 1-23-2021, 9:54:52 AM
magistral(ramil) used a hand_grenade 1-23-2021, 9:54:52 AM
magistral(ramil) used a hand_grenade 1-23-2021, 9:54:52 AM
magistral(ramil) used a hand_grenade 1-23-2021, 9:54:52 AM
magistral(ramil) used a hand_grenade 1-23-2021, 9:54:53 AM
magistral(ramil) used a hand_grenade 1-23-2021, 9:54:53 AM
magistral(ramil) used a health_drink 1-23-2021, 9:55:38 AM
magistral(ramil) used a shield 1-23-2021, 9:55:39 AM
magistral(ramil) used a health_drink 1-23-2021, 9:57:53 AM
magistral(ramil) used a health_drink 1-23-2021, 9:57:53 AM
magistral(ramil) used a health_drink 1-23-2021, 9:58:21 AM
magistral(ramil) used a health_drink 1-23-2021, 9:58:21 AM
magistral(ramil) used a shield 1-23-2021, 9:58:22 AM
magistral(ramil) used a health_drink 1-23-2021, 9:58:22 AM
magistral(ramil) used a health_drink 1-23-2021, 9:58:23 AM
magistral(ramil) used a health_drink 1-23-2021, 9:58:25 AM
magistral(ramil) used a health_drink 1-23-2021, 9:59:45 AM
magistral(ramil) used a health_drink 1-23-2021, 9:59:45 AM
magistral(ramil) used a health_drink 1-23-2021, 9:59:45 AM
magistral(ramil) used a health_drink 1-23-2021, 10:01:50 AM
magistral(ramil) used a health_drink 1-23-2021, 10:01:51 AM
magistral(ramil) used a health_drink 1-23-2021, 10:01:51 AM
magistral(ramil) used a health_drink 1-23-2021, 10:02:15 AM
magistral(ramil) used a health_drink 1-23-2021, 10:02:17 AM
magistral(ramil) used a health_drink 1-23-2021, 10:02:18 AM
magistral(ramil) used a health_drink 1-23-2021, 10:02:18 AM
magistral(ramil) used a health_drink 1-23-2021, 10:02:19 AM
magistral(ramil) used a health_drink 1-23-2021, 10:02:19 AM
magistral(ramil) used a health_drink 1-23-2021, 10:02:37 AM
magistral(ramil) used a health_drink 1-23-2021, 10:02:37 AM
magistral(ramil) used a storm_sniper 1-23-2021, 10:14:39 AM
magistral(ramil) used a health_drink 1-23-2021, 10:15:17 AM
magistral(ramil) used a health_drink 1-23-2021, 10:15:46 AM
magistral(ramil) used a health_drink 1-23-2021, 10:15:46 AM
magistral(ramil) used a health_drink 1-23-2021, 10:17:46 AM
magistral(ramil) used a health_drink 1-23-2021, 10:17:46 AM
magistral(ramil) used a health_drink 1-23-2021, 10:17:46 AM
magistral(ramil) used a suicide_bomb 1-23-2021, 10:17:57 AM
magistral(ramil) used a health_drink 1-23-2021, 10:36:10 AM
magistral(ramil) used a health_drink 1-23-2021, 10:36:10 AM
magistral(ramil) used a shield 1-23-2021, 10:36:11 AM
magistral(ramil) used a shield 1-23-2021, 10:36:12 AM
magistral(ramil) used a storm_sniper 1-23-2021, 10:40:29 AM
magistral(ramil) used a cannon 1-23-2021, 10:41:07 AM
magistral(ramil) used a health_drink 1-23-2021, 10:41:10 AM
magistral(ramil) used a health_drink 1-23-2021, 10:41:10 AM
magistral(ramil) used a bomb_defuser 1-23-2021, 10:41:10 AM
magistral(ramil) used a shield 1-23-2021, 10:41:10 AM
magistral(ramil) used a shield 1-23-2021, 10:41:11 AM
magistral(ramil) used a health_drink 1-23-2021, 10:41:57 AM
magistral(ramil) used a health_drink 1-23-2021, 10:41:57 AM
magistral(ramil) used a health_drink 1-23-2021, 10:42:04 AM
magistral(ramil) used a health_drink 1-23-2021, 10:42:04 AM
magistral(ramil) used a health_drink 1-23-2021, 10:42:04 AM
magistral(ramil) used a health_drink 1-23-2021, 10:42:06 AM
magistral(ramil) used a health_drink 1-23-2021, 10:42:07 AM
magistral(ramil) used a health_drink 1-23-2021, 10:42:07 AM
magistral(ramil) used a health_drink 1-23-2021, 10:42:07 AM
magistral(ramil) used a health_drink 1-23-2021, 10:42:28 AM
magistral(ramil) used a health_drink 1-23-2021, 10:42:28 AM
magistral(ramil) used a health_drink 1-23-2021, 10:42:34 AM
magistral(ramil) used a health_drink 1-23-2021, 10:42:34 AM
magistral(ramil) used a health_drink 1-23-2021, 10:42:35 AM
magistral(ramil) used a health_drink 1-23-2021, 10:42:35 AM
magistral(ramil) used a stp429_mini_missile 1-23-2021, 10:42:36 AM
magistral(ramil) used a stp429_mini_missile 1-23-2021, 10:42:37 AM
magistral(ramil) used a stp429_mini_missile 1-23-2021, 10:42:38 AM
magistral(ramil) used a sky_436_mine 1-23-2021, 10:43:05 AM
magistral(ramil) used a sky_436_mine 1-23-2021, 10:43:05 AM
magistral(ramil) used a sky_436_mine 1-23-2021, 10:43:05 AM
magistral(ramil) used a stp429_mini_missile 1-23-2021, 10:43:06 AM
magistral(ramil) used a stp429_mini_missile 1-23-2021, 10:43:06 AM
magistral(ramil) used a stp429_mini_missile 1-23-2021, 10:43:06 AM
magistral(ramil) used a stp429_mini_missile 1-23-2021, 10:43:06 AM
magistral(ramil) used a health_drink 1-23-2021, 10:43:07 AM
magistral(ramil) used a health_drink 1-23-2021, 10:43:07 AM
magistral(ramil) used a health_drink 1-23-2021, 10:43:08 AM
magistral(ramil) used a health_drink 1-23-2021, 10:43:12 AM
magistral(ramil) used a health_drink 1-23-2021, 10:43:12 AM
magistral(ramil) used a health_drink 1-23-2021, 10:43:18 AM
magistral(ramil) used a health_drink 1-23-2021, 10:43:18 AM
magistral(ramil) used a health_drink 1-23-2021, 10:43:19 AM
magistral(ramil) used a health_drink 1-23-2021, 10:43:19 AM
magistral(ramil) used a health_drink 1-23-2021, 10:43:26 AM
magistral(ramil) used a suicide_bomb 1-23-2021, 10:43:50 AM
magistral(ramil) used a suicide_bomb 1-23-2021, 10:43:50 AM
magistral(ramil) used a health_drink 1-23-2021, 10:44:04 AM
magistral(ramil) used a shield 1-23-2021, 10:44:04 AM
magistral(ramil) used a health_drink 1-23-2021, 10:44:25 AM
magistral(ramil) used a health_drink 1-23-2021, 10:44:25 AM
magistral(ramil) used a sky_436_mine 1-23-2021, 10:44:30 AM
magistral(ramil) used a sky_436_mine 1-23-2021, 10:44:30 AM
magistral(ramil) used a stp429_mini_missile 1-23-2021, 10:44:30 AM
magistral(ramil) used a stp429_mini_missile 1-23-2021, 10:44:31 AM
magistral(ramil) used a stp429_mini_missile 1-23-2021, 10:44:31 AM
magistral(ramil) used a stp429_mini_missile 1-23-2021, 10:44:31 AM
magistral(ramil) used a throwing_star 1-23-2021, 10:44:31 AM
magistral(ramil) used a stp429_mini_missile 1-23-2021, 10:44:31 AM
magistral(ramil) used a stp429_mini_missile 1-23-2021, 10:44:31 AM
magistral(ramil) used a stp429_mini_missile 1-23-2021, 10:44:31 AM
magistral(ramil) used a stp429_mini_missile 1-23-2021, 10:44:31 AM
magistral(ramil) used a stp429_mini_missile 1-23-2021, 10:44:32 AM
magistral(ramil) used a stp429_mini_missile 1-23-2021, 10:44:32 AM
magistral(ramil) used a stp429_mini_missile 1-23-2021, 10:44:32 AM
magistral(ramil) used a stp429_mini_missile 1-23-2021, 10:44:32 AM
magistral(ramil) used a stp429_mini_missile 1-23-2021, 10:44:32 AM
magistral(ramil) used a stp429_mini_missile 1-23-2021, 10:44:32 AM
magistral(ramil) used a sky_436_mine 1-23-2021, 10:45:11 AM
magistral(ramil) used a sky_436_mine 1-23-2021, 10:45:11 AM
magistral(ramil) used a sky_436_mine 1-23-2021, 10:45:11 AM
magistral(ramil) used a sky_436_mine 1-23-2021, 10:45:11 AM
magistral(ramil) used a stp429_mini_missile 1-23-2021, 10:45:11 AM
magistral(ramil) used a stp429_mini_missile 1-23-2021, 10:45:11 AM
magistral(ramil) used a stp429_mini_missile 1-23-2021, 10:45:12 AM
magistral(ramil) used a stp429_mini_missile 1-23-2021, 10:45:12 AM
magistral(ramil) used a stp429_mini_missile 1-23-2021, 10:45:12 AM
magistral(ramil) used a stp429_mini_missile 1-23-2021, 10:45:17 AM
magistral(ramil) used a stp429_mini_missile 1-23-2021, 10:45:18 AM
magistral(ramil) used a stp429_mini_missile 1-23-2021, 10:45:18 AM
magistral(ramil) used a stp429_mini_missile 1-23-2021, 10:45:19 AM
magistral(ramil) used a stp429_mini_missile 1-23-2021, 10:45:19 AM
magistral(ramil) used a stp429_mini_missile 1-23-2021, 10:45:19 AM
magistral(ramil) used a stp429_mini_missile 1-23-2021, 10:45:19 AM
magistral(ramil) used a stp429_mini_missile 1-23-2021, 10:45:19 AM
magistral(ramil) used a stp429_mini_missile 1-23-2021, 10:45:20 AM
magistral(ramil) used a stp429_mini_missile 1-23-2021, 10:45:20 AM
magistral(ramil) used a stp429_mini_missile 1-23-2021, 10:45:20 AM
magistral(ramil) used a stp429_mini_missile 1-23-2021, 10:45:20 AM
magistral(ramil) used a stp429_mini_missile 1-23-2021, 10:45:20 AM
magistral(ramil) used a stp429_mini_missile 1-23-2021, 10:45:21 AM
magistral(ramil) used a stp429_mini_missile 1-23-2021, 10:45:21 AM
magistral(ramil) used a stp429_mini_missile 1-23-2021, 10:45:21 AM
magistral(ramil) used a stp429_mini_missile 1-23-2021, 10:45:21 AM
magistral(ramil) used a stp429_mini_missile 1-23-2021, 10:45:22 AM
magistral(ramil) used a stp429_mini_missile 1-23-2021, 10:45:22 AM
magistral(ramil) used a stp429_mini_missile 1-23-2021, 10:45:22 AM
magistral(ramil) used a stp429_mini_missile 1-23-2021, 10:45:22 AM
magistral(ramil) used a stp429_mini_missile 1-23-2021, 10:45:23 AM
magistral(ramil) used a health_drink 1-23-2021, 10:45:28 AM
magistral(ramil) used a health_drink 1-23-2021, 10:45:28 AM
magistral(ramil) used a stp429_mini_missile 1-23-2021, 10:45:34 AM
magistral(ramil) used a health_drink 1-23-2021, 10:45:48 AM
magistral(ramil) used a health_drink 1-23-2021, 10:45:48 AM
magistral(ramil) used a health_drink 1-23-2021, 10:45:49 AM
magistral(ramil) used a health_drink 1-23-2021, 10:45:58 AM
magistral(ramil) used a health_drink 1-23-2021, 10:46:04 AM
magistral(ramil) used a health_drink 1-23-2021, 10:46:04 AM
magistral(ramil) used a health_drink 1-23-2021, 10:46:13 AM
magistral(ramil) used a health_drink 1-23-2021, 10:46:33 AM
magistral(ramil) used a health_drink 1-23-2021, 10:46:48 AM
magistral(ramil) used a health_drink 1-23-2021, 10:46:48 AM
magistral(ramil) used a health_drink 1-23-2021, 10:47:18 AM
magistral(ramil) used a health_drink 1-23-2021, 10:47:18 AM
magistral(ramil) used a stp429_mini_missile 1-23-2021, 10:48:57 AM
magistral(ramil) used a stp429_mini_missile 1-23-2021, 10:48:57 AM
magistral(ramil) used a stp429_mini_missile 1-23-2021, 10:48:57 AM
magistral(ramil) used a stp429_mini_missile 1-23-2021, 10:48:58 AM
magistral(ramil) used a sky_436_mine 1-23-2021, 10:48:59 AM
magistral(ramil) used a health_drink 1-23-2021, 10:49:10 AM
magistral(ramil) used a health_drink 1-23-2021, 10:49:10 AM
magistral(ramil) used a health_drink 1-23-2021, 10:49:11 AM
magistral(ramil) used a cannon 1-23-2021, 11:16:21 AM
magistral(ramil) used a storm_sniper 1-23-2021, 11:16:47 AM
magistral(ramil) used a health_drink 1-23-2021, 11:16:49 AM
magistral(ramil) used a health_drink 1-23-2021, 11:16:49 AM
magistral(ramil) used a sky_436_mine 1-23-2021, 11:17:12 AM
magistral(ramil) used a sky_436_mine 1-23-2021, 11:17:21 AM
magistral(ramil) used a sky_436_mine 1-23-2021, 11:17:24 AM
magistral(ramil) used a sky_436_mine 1-23-2021, 11:17:24 AM
magistral(ramil) used a sky_436_mine 1-23-2021, 11:17:29 AM
magistral(ramil) used a sky_436_mine 1-23-2021, 11:17:29 AM
magistral(ramil) used a sky_436_mine 1-23-2021, 11:18:42 AM
magistral(ramil) used a suicide_bomb 1-23-2021, 11:18:44 AM
magistral(ramil) used a health_drink 1-23-2021, 11:18:51 AM
magistral(ramil) used a health_drink 1-23-2021, 11:18:51 AM
magistral(ramil) used a health_drink 1-23-2021, 11:19:19 AM
magistral(ramil) used a health_drink 1-23-2021, 11:19:21 AM
magistral(ramil) used a health_drink 1-23-2021, 11:19:22 AM
magistral(ramil) used a health_drink 1-23-2021, 11:19:22 AM
magistral(ramil) used a wood 1-23-2021, 11:20:59 AM
magistral(ramil) used a wood 1-23-2021, 11:21:08 AM
magistral(ramil) used a wood 1-23-2021, 11:21:09 AM
magistral(ramil) used a wood 1-23-2021, 11:21:10 AM
magistral(ramil) used a wood 1-23-2021, 11:21:10 AM
magistral(ramil) used a wood_pack 1-23-2021, 11:22:18 AM
magistral(ramil) used a wood_pack 1-23-2021, 11:22:18 AM
magistral(ramil) used a wood_pack 1-23-2021, 11:22:18 AM
magistral(ramil) used a wood_pack 1-23-2021, 11:22:18 AM
magistral(ramil) used a wood_pack 1-23-2021, 11:22:18 AM
magistral(ramil) used a wood_pack 1-23-2021, 11:22:19 AM
magistral(ramil) used a wood_pack 1-23-2021, 11:22:19 AM
magistral(ramil) used a wood_pack 1-23-2021, 11:22:19 AM
magistral(ramil) used a wood_pack 1-23-2021, 11:22:19 AM
magistral(ramil) used a wood_pack 1-23-2021, 11:22:19 AM
magistral(ramil) used a wood_pack 1-23-2021, 11:22:19 AM
magistral(ramil) used a wood_pack 1-23-2021, 11:22:19 AM
magistral(ramil) used a wood_pack 1-23-2021, 11:22:20 AM
magistral(ramil) used a wood_pack 1-23-2021, 11:22:20 AM
magistral(ramil) used a wood_pack 1-23-2021, 11:22:20 AM
magistral(ramil) used a wood_pack 1-23-2021, 11:22:20 AM
magistral(ramil) used a wood_pack 1-23-2021, 11:22:20 AM
magistral(ramil) used a wood_pack 1-23-2021, 11:22:20 AM
magistral(ramil) used a wood_pack 1-23-2021, 11:22:20 AM
magistral(ramil) used a wood_pack 1-23-2021, 11:22:21 AM
magistral(ramil) used a wood_pack 1-23-2021, 11:22:21 AM
magistral(ramil) used a wood_pack 1-23-2021, 11:22:21 AM
magistral(ramil) used a wood_pack 1-23-2021, 11:22:21 AM
magistral(ramil) used a wood_pack 1-23-2021, 11:22:21 AM
magistral(ramil) used a wood_pack 1-23-2021, 11:22:21 AM
magistral(ramil) used a wood_pack 1-23-2021, 11:22:21 AM
magistral(ramil) used a wood_pack 1-23-2021, 11:22:21 AM
magistral(ramil) used a wood_pack 1-23-2021, 11:22:22 AM
magistral(ramil) used a wood_pack 1-23-2021, 11:22:22 AM
magistral(ramil) used a wood_pack 1-23-2021, 11:22:22 AM
magistral(ramil) used a wood_pack 1-23-2021, 11:22:22 AM
magistral(ramil) used a wood_pack 1-23-2021, 11:22:22 AM
magistral(ramil) used a wood_pack 1-23-2021, 11:22:22 AM
magistral(ramil) used a wood_pack 1-23-2021, 11:22:23 AM
magistral(ramil) used a wood_pack 1-23-2021, 11:22:23 AM
magistral(ramil) used a wood_pack 1-23-2021, 11:22:23 AM
magistral(ramil) used a wood_pack 1-23-2021, 11:22:23 AM
magistral(ramil) used a wood_pack 1-23-2021, 11:22:23 AM
magistral(ramil) used a wood_pack 1-23-2021, 11:22:28 AM
magistral(ramil) used a wood_pack 1-23-2021, 11:22:28 AM
magistral(ramil) used a wood_pack 1-23-2021, 11:22:28 AM
magistral(ramil) used a wood_pack 1-23-2021, 11:22:29 AM
magistral(ramil) used a wood_pack 1-23-2021, 11:22:29 AM
magistral(ramil) used a wood_pack 1-23-2021, 11:22:29 AM
magistral(ramil) used a wood_pack 1-23-2021, 11:22:29 AM
magistral(ramil) used a wood_pack 1-23-2021, 11:22:44 AM
magistral(ramil) used a wood_pack 1-23-2021, 11:22:44 AM
magistral(ramil) used a wood_pack 1-23-2021, 11:22:44 AM
magistral(ramil) used a wood_pack 1-23-2021, 11:22:44 AM
magistral(ramil) used a wood_pack 1-23-2021, 11:22:44 AM
magistral(ramil) used a wood_pack 1-23-2021, 11:22:44 AM
magistral(ramil) used a wood_pack 1-23-2021, 11:22:44 AM
magistral(ramil) used a wood_pack 1-23-2021, 11:22:45 AM
magistral(ramil) used a wood_pack 1-23-2021, 11:22:45 AM
magistral(ramil) used a wood_pack 1-23-2021, 11:23:17 AM
magistral(ramil) used a wood 1-23-2021, 11:23:21 AM
magistral(ramil) used a wood 1-23-2021, 11:23:22 AM
magistral(ramil) used a guided_missile 1-23-2021, 11:23:45 AM
magistral(ramil) used a guided_missile 1-23-2021, 11:23:47 AM
magistral(ramil) used a zulfikar 1-23-2021, 11:24:23 AM
magistral(ramil) used a health_drink 1-23-2021, 11:25:26 AM
magistral(ramil) used a health_drink 1-23-2021, 11:25:27 AM
magistral(ramil) used a shield 1-23-2021, 11:25:28 AM
magistral(ramil) used a shield 1-23-2021, 11:25:29 AM
magistral(ramil) used a shield 1-23-2021, 11:25:29 AM
magistral(ramil) used a stp429_mini_missile 1-23-2021, 11:26:15 AM
magistral(ramil) used a stp429_mini_missile 1-23-2021, 11:26:16 AM
magistral(ramil) used a stp429_mini_missile 1-23-2021, 11:26:17 AM
magistral(ramil) used a health_drink 1-23-2021, 11:26:54 AM
magistral(ramil) used a suicide_bomb 1-23-2021, 11:27:03 AM
magistral(ramil) used a health_drink 1-23-2021, 11:27:17 AM
magistral(ramil) used a the_legendary_sword 1-23-2021, 11:30:18 AM
magistral(ramil) used a health_drink 1-23-2021, 11:30:29 AM
magistral(ramil) used a health_drink 1-23-2021, 11:31:09 AM
magistral(ramil) used a mine 1-23-2021, 11:31:15 AM
magistral(ramil) used a mine 1-23-2021, 11:31:16 AM
magistral(ramil) used a motion_bomb 1-23-2021, 11:31:17 AM
magistral(ramil) used a motion_bomb 1-23-2021, 11:31:18 AM
magistral(ramil) used a wirebomb 1-23-2021, 11:31:23 AM
magistral(ramil) used a wirebomb 1-23-2021, 11:31:23 AM
magistral(ramil) used a shield 1-23-2021, 11:31:34 AM
magistral(ramil) used a shield 1-23-2021, 11:31:34 AM
magistral(ramil) used a shield 1-23-2021, 11:31:35 AM
magistral(ramil) used a shield 1-23-2021, 11:31:35 AM
magistral(ramil) used a shield 1-23-2021, 11:31:36 AM
magistral(ramil) used a shield 1-23-2021, 11:31:36 AM
magistral(ramil) used a shield 1-23-2021, 11:31:36 AM
magistral(ramil) used a shield 1-23-2021, 11:31:36 AM
magistral(ramil) used a shield 1-23-2021, 11:31:39 AM
magistral(ramil) used a shield 1-23-2021, 11:31:43 AM
magistral(ramil) used a shield 1-23-2021, 11:31:44 AM
magistral(ramil) used a shield 1-23-2021, 11:31:44 AM
magistral(ramil) used a shield 1-23-2021, 11:31:45 AM
magistral(ramil) used a shield 1-23-2021, 11:31:45 AM
magistral(ramil) used a shield 1-23-2021, 11:31:47 AM
magistral(ramil) used a shield 1-23-2021, 11:31:47 AM
magistral(ramil) used a health_drink 1-23-2021, 11:31:48 AM
magistral(ramil) used a health_drink 1-23-2021, 11:31:49 AM
magistral(ramil) used a shield 1-23-2021, 11:31:51 AM
magistral(ramil) used a shield 1-23-2021, 11:31:51 AM
magistral(ramil) used a shield 1-23-2021, 11:31:52 AM
magistral(ramil) used a shield 1-23-2021, 11:31:52 AM
magistral(ramil) used a health_drink 1-23-2021, 11:31:55 AM
magistral(ramil) used a health_drink 1-23-2021, 11:31:56 AM
magistral(ramil) used a health_drink 1-23-2021, 11:31:58 AM
magistral(ramil) used a health_drink 1-23-2021, 11:31:59 AM
magistral(ramil) used a health_drink 1-23-2021, 11:31:59 AM
magistral(ramil) used a shield 1-23-2021, 11:31:59 AM
magistral(ramil) used a shield 1-23-2021, 11:32:00 AM
magistral(ramil) used a shield 1-23-2021, 11:32:13 AM
magistral(ramil) used a shield 1-23-2021, 11:32:13 AM
magistral(ramil) used a shield 1-23-2021, 11:32:14 AM
magistral(ramil) used a missile_interceptor 1-23-2021, 11:32:16 AM
magistral(ramil) used a shield 1-23-2021, 11:32:17 AM
magistral(ramil) used a shield 1-23-2021, 11:32:17 AM
magistral(ramil) used a shield 1-23-2021, 11:32:17 AM
magistral(ramil) used a shield 1-23-2021, 11:32:17 AM
magistral(ramil) used a shield 1-23-2021, 11:32:18 AM
magistral(ramil) used a shield 1-23-2021, 11:32:18 AM
magistral(ramil) used a shield 1-23-2021, 11:32:18 AM
magistral(ramil) used a shield 1-23-2021, 11:32:18 AM
magistral(ramil) used a shield 1-23-2021, 11:32:18 AM
magistral(ramil) used a shield 1-23-2021, 11:32:18 AM
magistral(ramil) used a shield 1-23-2021, 11:32:19 AM
magistral(ramil) used a shield 1-23-2021, 11:32:19 AM
magistral(ramil) used a shield 1-23-2021, 11:32:19 AM
magistral(ramil) used a shield 1-23-2021, 11:32:19 AM
magistral(ramil) used a shield 1-23-2021, 11:32:19 AM
magistral(ramil) used a shield 1-23-2021, 11:32:19 AM
magistral(ramil) used a shield 1-23-2021, 11:32:20 AM
magistral(ramil) used a shield 1-23-2021, 11:32:20 AM
magistral(ramil) used a shield 1-23-2021, 11:32:20 AM
magistral(ramil) used a shield 1-23-2021, 11:32:20 AM
magistral(ramil) used a mass_bomb 1-23-2021, 11:34:43 AM
magistral(ramil) used a mass_bomb 1-23-2021, 11:34:43 AM
magistral(ramil) used a mass_bomb 1-23-2021, 11:34:43 AM
magistral(ramil) used a mass_bomb 1-23-2021, 11:34:43 AM
magistral(ramil) used a mass_bomb 1-23-2021, 11:34:43 AM
magistral(ramil) used a mass_bomb 1-23-2021, 11:34:44 AM
magistral(ramil) used a mass_bomb 1-23-2021, 11:34:44 AM
magistral(ramil) used a mass_bomb 1-23-2021, 11:34:44 AM
magistral(ramil) used a mass_bomb 1-23-2021, 11:34:45 AM
magistral(ramil) used a mass_bomb 1-23-2021, 11:34:45 AM
magistral(ramil) used a mass_bomb 1-23-2021, 11:34:45 AM
magistral(ramil) used a mass_bomb 1-23-2021, 11:34:46 AM
magistral(ramil) used a mass_bomb 1-23-2021, 11:34:46 AM
magistral(ramil) used a concussive_grenade 1-23-2021, 11:34:46 AM
magistral(ramil) used a concussive_grenade 1-23-2021, 11:34:46 AM
magistral(ramil) used a concussive_grenade 1-23-2021, 11:34:47 AM
magistral(ramil) used a concussive_grenade 1-23-2021, 11:34:50 AM
magistral(ramil) used a concussive_grenade 1-23-2021, 11:34:50 AM
magistral(ramil) used a guided_missile 1-23-2021, 11:34:54 AM
magistral(ramil) used a mass_bomb 1-23-2021, 11:34:59 AM
magistral(ramil) used a mass_bomb 1-23-2021, 11:34:59 AM
magistral(ramil) used a mass_bomb 1-23-2021, 11:34:59 AM
magistral(ramil) used a mass_bomb 1-23-2021, 11:35:00 AM
magistral(ramil) used a mass_bomb 1-23-2021, 11:35:00 AM
magistral(ramil) used a mass_bomb 1-23-2021, 11:35:00 AM
magistral(ramil) used a mass_bomb 1-23-2021, 11:35:00 AM
magistral(ramil) used a mass_bomb 1-23-2021, 11:35:01 AM
magistral(ramil) used a mass_bomb 1-23-2021, 11:35:01 AM
magistral(ramil) used a mass_bomb 1-23-2021, 11:35:01 AM
magistral(ramil) used a mass_bomb 1-23-2021, 11:35:01 AM
magistral(ramil) used a mass_bomb 1-23-2021, 11:35:02 AM
magistral(ramil) used a mass_bomb 1-23-2021, 11:35:02 AM
magistral(ramil) used a mass_bomb 1-23-2021, 11:35:02 AM
magistral(ramil) used a mass_bomb 1-23-2021, 11:35:03 AM
magistral(ramil) used a mass_bomb 1-23-2021, 11:35:03 AM
magistral(ramil) used a mass_bomb 1-23-2021, 11:35:03 AM
magistral(ramil) used a mass_bomb 1-23-2021, 11:35:03 AM
magistral(ramil) used a mass_bomb 1-23-2021, 11:35:04 AM
magistral(ramil) used a mass_bomb 1-23-2021, 11:35:04 AM
magistral(ramil) used a mass_bomb 1-23-2021, 11:35:04 AM
magistral(ramil) used a mass_bomb 1-23-2021, 11:35:05 AM
magistral(ramil) used a mass_bomb 1-23-2021, 11:35:05 AM
magistral(ramil) used a mass_bomb 1-23-2021, 11:35:05 AM
magistral(ramil) used a mass_bomb 1-23-2021, 11:35:05 AM
magistral(ramil) used a mass_bomb 1-23-2021, 11:35:06 AM
magistral(ramil) used a mass_bomb 1-23-2021, 11:35:06 AM
magistral(ramil) used a mass_bomb 1-23-2021, 11:35:06 AM
magistral(ramil) used a mass_bomb 1-23-2021, 11:35:06 AM
magistral(ramil) used a mass_bomb 1-23-2021, 11:35:07 AM
magistral(ramil) used a mass_bomb 1-23-2021, 11:35:07 AM
magistral(ramil) used a shield 1-23-2021, 11:35:08 AM
magistral(ramil) used a health_drink 1-23-2021, 11:35:09 AM
magistral(ramil) used a health_drink 1-23-2021, 11:35:09 AM
magistral(ramil) used a health_drink 1-23-2021, 11:35:09 AM
magistral(ramil) used a health_drink 1-23-2021, 11:35:10 AM
magistral(ramil) used a health_drink 1-23-2021, 11:35:10 AM
magistral(ramil) used a health_drink 1-23-2021, 11:35:10 AM
magistral(ramil) used a health_drink 1-23-2021, 11:35:11 AM
magistral(ramil) used a health_drink 1-23-2021, 11:35:11 AM
magistral(ramil) used a health_drink 1-23-2021, 11:35:12 AM
magistral(ramil) used a health_drink 1-23-2021, 11:35:12 AM
magistral(ramil) used a health_drink 1-23-2021, 11:35:40 AM
magistral(ramil) used a health_drink 1-23-2021, 11:36:35 AM
magistral(ramil) used a health_drink 1-23-2021, 11:36:36 AM
magistral(ramil) used a health_drink 1-23-2021, 11:36:50 AM
magistral(ramil) used a health_drink 1-23-2021, 11:36:51 AM
magistral(ramil) used a health_drink 1-23-2021, 11:37:14 AM
magistral(ramil) used a health_drink 1-23-2021, 11:37:14 AM
magistral(ramil) used a health_drink 1-23-2021, 11:37:26 AM
magistral(ramil) used a health_drink 1-23-2021, 11:37:26 AM
magistral(ramil) used a storm_sniper 1-23-2021, 12:47:20 PM
magistral(ramil) used a health_drink 1-23-2021, 12:47:36 PM
magistral(ramil) used a health_drink 1-23-2021, 12:47:36 PM
magistral(ramil) used a health_drink 1-23-2021, 12:49:17 PM
magistral(ramil) used a health_drink 1-23-2021, 12:49:17 PM
magistral(ramil) used a health_drink 1-23-2021, 12:49:22 PM
magistral(ramil) used a health_drink 1-23-2021, 12:49:29 PM
magistral(ramil) used a health_drink 1-23-2021, 12:49:29 PM
magistral(ramil) used a health_drink 1-23-2021, 12:49:44 PM
magistral(ramil) used a health_drink 1-23-2021, 12:49:44 PM
magistral(ramil) used a health_drink 1-23-2021, 12:49:47 PM
magistral(ramil) used a health_drink 1-23-2021, 12:49:47 PM
magistral(ramil) used a health_drink 1-23-2021, 12:49:48 PM
magistral(ramil) used a health_drink 1-23-2021, 12:49:48 PM
magistral(ramil) used a health_drink 1-23-2021, 12:49:49 PM
magistral(ramil) used a health_drink 1-23-2021, 12:49:50 PM
magistral(ramil) used a health_drink 1-23-2021, 12:49:52 PM
magistral(ramil) used a health_drink 1-23-2021, 12:49:52 PM
magistral(ramil) used a health_drink 1-23-2021, 12:49:53 PM
magistral(ramil) used a health_drink 1-23-2021, 12:50:14 PM
magistral(ramil) used a health_drink 1-23-2021, 12:50:14 PM
magistral(ramil) used a health_drink 1-23-2021, 12:50:16 PM
magistral(ramil) used a health_drink 1-23-2021, 12:50:17 PM
magistral(ramil) used a health_drink 1-23-2021, 12:50:18 PM
magistral(ramil) used a health_drink 1-23-2021, 12:50:18 PM
magistral(ramil) used a health_drink 1-23-2021, 12:50:19 PM
magistral(ramil) used a health_drink 1-23-2021, 12:50:20 PM
magistral(ramil) used a health_drink 1-23-2021, 12:50:21 PM
magistral(ramil) used a health_drink 1-23-2021, 12:50:41 PM
magistral(ramil) used a health_drink 1-23-2021, 12:50:41 PM
magistral(ramil) used a health_drink 1-23-2021, 12:50:41 PM
magistral(ramil) used a health_drink 1-23-2021, 12:50:44 PM
magistral(ramil) used a health_drink 1-23-2021, 12:50:44 PM
magistral(ramil) used a health_drink 1-23-2021, 12:50:47 PM
magistral(ramil) used a health_drink 1-23-2021, 12:50:54 PM
magistral(ramil) used a health_drink 1-23-2021, 12:50:55 PM
magistral(ramil) used a health_drink 1-23-2021, 12:51:15 PM
magistral(ramil) used a health_drink 1-23-2021, 12:51:16 PM
magistral(ramil) used a modern_sub_machine_gun_carbine 1-23-2021, 12:51:21 PM
magistral(ramil) used a health_drink 1-23-2021, 12:51:23 PM
magistral(ramil) used a health_drink 1-23-2021, 12:51:23 PM
magistral(ramil) used a health_drink 1-23-2021, 12:51:41 PM
magistral(ramil) used a health_drink 1-23-2021, 12:51:41 PM
magistral(ramil) used a health_drink 1-23-2021, 12:51:42 PM
magistral(ramil) used a health_drink 1-23-2021, 12:51:47 PM
magistral(ramil) used a health_drink 1-23-2021, 12:51:47 PM
magistral(ramil) used a health_drink 1-23-2021, 12:52:24 PM
magistral(ramil) used a health_drink 1-23-2021, 12:52:24 PM
magistral(ramil) used a health_drink 1-23-2021, 12:52:46 PM
magistral(ramil) used a health_drink 1-23-2021, 12:52:46 PM
magistral(ramil) used a health_drink 1-23-2021, 12:52:46 PM
magistral(ramil) used a nak_nk1000_decimater 1-23-2021, 12:53:37 PM
magistral(ramil) used a pack_of_300_ammo_nak_nk1000_decimater 1-23-2021, 12:53:55 PM
magistral(ramil) used a pack_of_300_ammo_nak_nk1000_decimater 1-23-2021, 12:53:55 PM
magistral(ramil) used a pack_of_300_ammo_nak_nk1000_decimater 1-23-2021, 12:53:55 PM
magistral(ramil) used a pack_of_300_ammo_nak_nk1000_decimater 1-23-2021, 12:53:55 PM
magistral(ramil) used a pack_of_300_ammo_nak_nk1000_decimater 1-23-2021, 12:53:55 PM
magistral(ramil) used a pack_of_300_ammo_nak_nk1000_decimater 1-23-2021, 12:53:55 PM
magistral(ramil) used a pack_of_300_ammo_nak_nk1000_decimater 1-23-2021, 12:53:55 PM
magistral(ramil) used a pack_of_300_ammo_nak_nk1000_decimater 1-23-2021, 12:53:55 PM
magistral(ramil) used a pack_of_300_ammo_nak_nk1000_decimater 1-23-2021, 12:53:56 PM
magistral(ramil) used a pack_of_300_ammo_nak_nk1000_decimater 1-23-2021, 12:53:56 PM
magistral(ramil) used a pack_of_300_ammo_nak_nk1000_decimater 1-23-2021, 12:53:56 PM
magistral(ramil) used a pack_of_300_ammo_nak_nk1000_decimater 1-23-2021, 12:53:56 PM
magistral(ramil) used a pack_of_300_ammo_nak_nk1000_decimater 1-23-2021, 12:53:56 PM
magistral(ramil) used a pack_of_300_ammo_nak_nk1000_decimater 1-23-2021, 12:53:56 PM
magistral(ramil) used a gp30 1-23-2021, 12:54:31 PM
magistral(ramil) used a health_drink 1-23-2021, 12:54:50 PM
magistral(ramil) used a health_drink 1-23-2021, 12:54:50 PM
magistral(ramil) used a health_drink 1-23-2021, 12:54:51 PM
magistral(ramil) used a health_drink 1-23-2021, 12:55:52 PM
magistral(ramil) used a health_drink 1-23-2021, 12:55:52 PM
magistral(ramil) used a health_drink 1-23-2021, 12:55:55 PM
magistral(ramil) used a health_drink 1-23-2021, 12:56:00 PM
magistral(ramil) used a health_drink 1-23-2021, 12:56:00 PM
magistral(ramil) used a health_drink 1-23-2021, 12:56:03 PM
magistral(ramil) used a health_drink 1-23-2021, 12:56:03 PM
magistral(ramil) used a health_drink 1-23-2021, 12:56:25 PM
magistral(ramil) used a health_drink 1-23-2021, 12:56:41 PM
magistral(ramil) used a health_drink 1-23-2021, 12:56:41 PM
magistral(ramil) used a health_drink 1-23-2021, 12:56:53 PM
magistral(ramil) used a health_drink 1-23-2021, 12:56:53 PM
magistral(ramil) used a health_drink 1-23-2021, 12:56:58 PM
magistral(ramil) used a health_drink 1-23-2021, 12:56:59 PM
magistral(ramil) used a health_drink 1-23-2021, 12:56:59 PM
magistral(ramil) used a health_drink 1-23-2021, 12:56:59 PM
magistral(ramil) used a health_drink 1-23-2021, 12:57:11 PM
magistral(ramil) used a health_drink 1-23-2021, 12:57:12 PM
magistral(ramil) used a health_drink 1-23-2021, 12:57:12 PM
magistral(ramil) used a health_drink 1-23-2021, 12:57:12 PM
magistral(ramil) used a health_drink 1-23-2021, 12:59:40 PM
magistral(ramil) used a health_drink 1-23-2021, 12:59:40 PM
magistral(ramil) used a health_drink 1-23-2021, 12:59:45 PM
magistral(ramil) used a health_drink 1-23-2021, 1:00:02 PM
magistral(ramil) used a health_drink 1-23-2021, 1:00:02 PM
magistral(ramil) used a health_drink 1-23-2021, 1:00:17 PM
magistral(ramil) used a health_drink 1-23-2021, 1:00:17 PM
magistral(ramil) used a empty_beer_bottle 1-23-2021, 1:01:30 PM
magistral(ramil) used a empty_beer_bottle 1-23-2021, 1:01:31 PM
magistral(ramil) used a empty_beer_bottle 1-23-2021, 1:01:31 PM
magistral(ramil) used a empty_beer_bottle 1-23-2021, 1:01:31 PM
magistral(ramil) used a empty_beer_bottle 1-23-2021, 1:01:31 PM
magistral(ramil) used a empty_beer_bottle 1-23-2021, 1:01:32 PM
magistral(ramil) used a empty_beer_bottle 1-23-2021, 1:01:32 PM
magistral(ramil) used a empty_beer_bottle 1-23-2021, 1:01:32 PM
magistral(ramil) used a empty_beer_bottle 1-23-2021, 1:01:32 PM
magistral(ramil) used a empty_beer_bottle 1-23-2021, 1:01:32 PM
magistral(ramil) used a empty_beer_bottle 1-23-2021, 1:01:33 PM
magistral(ramil) used a empty_beer_bottle 1-23-2021, 1:01:33 PM
magistral(ramil) used a health_drink 1-23-2021, 1:01:39 PM
magistral(ramil) used a health_drink 1-23-2021, 1:01:39 PM
magistral(ramil) used a health_drink 1-23-2021, 1:01:40 PM
magistral(ramil) used a health_drink 1-23-2021, 1:01:48 PM
magistral(ramil) used a health_drink 1-23-2021, 1:01:48 PM
magistral(ramil) used a health_drink 1-23-2021, 1:02:52 PM
magistral(ramil) used a health_drink 1-23-2021, 1:02:52 PM
magistral(ramil) used a health_drink 1-23-2021, 1:02:52 PM
magistral(ramil) used a health_drink 1-23-2021, 1:02:52 PM
magistral(ramil) used a health_drink 1-23-2021, 1:02:55 PM
magistral(ramil) used a health_drink 1-23-2021, 1:02:56 PM
magistral(ramil) used a health_drink 1-23-2021, 1:03:18 PM
magistral(ramil) used a health_drink 1-23-2021, 1:03:18 PM
magistral(ramil) used a empty_beer_bottle 1-23-2021, 1:03:54 PM
magistral(ramil) used a health_drink 1-23-2021, 1:04:51 PM
magistral(ramil) used a health_drink 1-23-2021, 1:04:51 PM
magistral(ramil) used a health_drink 1-23-2021, 1:04:57 PM
magistral(ramil) used a health_drink 1-23-2021, 1:04:57 PM
magistral(ramil) used a empty_beer_bottle 1-23-2021, 1:06:23 PM
magistral(ramil) used a empty_beer_bottle 1-23-2021, 1:06:24 PM
magistral(ramil) used a empty_beer_bottle 1-23-2021, 1:06:24 PM
magistral(ramil) used a empty_beer_bottle 1-23-2021, 1:06:25 PM
magistral(ramil) used a empty_beer_bottle 1-23-2021, 1:06:25 PM
magistral(ramil) used a empty_beer_bottle 1-23-2021, 1:06:25 PM
magistral(ramil) used a empty_beer_bottle 1-23-2021, 1:06:25 PM
magistral(ramil) used a empty_beer_bottle 1-23-2021, 1:06:26 PM
magistral(ramil) used a empty_beer_bottle 1-23-2021, 1:06:26 PM
magistral(ramil) used a empty_beer_bottle 1-23-2021, 1:06:27 PM
magistral(ramil) used a empty_beer_bottle 1-23-2021, 1:06:27 PM
magistral(ramil) used a empty_beer_bottle 1-23-2021, 1:06:27 PM
magistral(ramil) used a empty_beer_bottle 1-23-2021, 1:06:27 PM
magistral(ramil) used a empty_beer_bottle 1-23-2021, 1:06:27 PM
magistral(ramil) used a empty_beer_bottle 1-23-2021, 1:06:27 PM
magistral(ramil) used a empty_beer_bottle 1-23-2021, 1:06:28 PM
magistral(ramil) used a empty_beer_bottle 1-23-2021, 1:06:28 PM
magistral(ramil) used a empty_beer_bottle 1-23-2021, 1:06:28 PM
magistral(ramil) used a health_drink 1-23-2021, 1:07:29 PM
magistral(ramil) used a health_drink 1-23-2021, 1:07:29 PM
magistral(ramil) used a health_drink 1-23-2021, 1:07:29 PM
magistral(ramil) used a shield 1-23-2021, 1:07:32 PM
magistral(ramil) used a shield 1-23-2021, 1:07:33 PM
magistral(ramil) used a shield 1-23-2021, 1:07:33 PM
magistral(ramil) used a health_drink 1-23-2021, 1:07:54 PM
magistral(ramil) used a health_drink 1-23-2021, 1:07:54 PM
magistral(ramil) used a shield 1-23-2021, 1:07:55 PM
magistral(ramil) used a shield 1-23-2021, 1:07:55 PM
magistral(ramil) used a shield 1-23-2021, 1:07:55 PM
magistral(ramil) used a health_drink 1-23-2021, 1:07:58 PM
magistral(ramil) used a shield 1-23-2021, 1:08:00 PM
magistral(ramil) used a shield 1-23-2021, 1:08:00 PM
magistral(ramil) used a shield 1-23-2021, 1:08:00 PM
magistral(ramil) used a shield 1-23-2021, 1:08:05 PM
magistral(ramil) used a health_drink 1-23-2021, 1:08:07 PM
magistral(ramil) used a health_drink 1-23-2021, 1:08:07 PM
magistral(ramil) used a health_drink 1-23-2021, 1:08:18 PM
magistral(ramil) used a shield 1-23-2021, 1:08:53 PM
magistral(ramil) used a shield 1-23-2021, 1:08:53 PM
magistral(ramil) used a shield 1-23-2021, 1:08:53 PM
magistral(ramil) used a shield 1-23-2021, 1:08:53 PM
magistral(ramil) used a shield 1-23-2021, 1:08:53 PM
magistral(ramil) used a shield 1-23-2021, 1:08:53 PM
magistral(ramil) used a shield 1-23-2021, 1:08:53 PM
magistral(ramil) used a shield 1-23-2021, 1:08:54 PM
magistral(ramil) used a shield 1-23-2021, 1:08:54 PM
magistral(ramil) used a shield 1-23-2021, 1:08:54 PM
magistral(ramil) used a shield 1-23-2021, 1:08:54 PM
magistral(ramil) used a shield 1-23-2021, 1:08:54 PM
magistral(ramil) used a shield 1-23-2021, 1:08:55 PM
magistral(ramil) used a shield 1-23-2021, 1:08:55 PM
magistral(ramil) used a shield 1-23-2021, 1:08:55 PM
magistral(ramil) used a shield 1-23-2021, 1:08:55 PM
magistral(ramil) used a shield 1-23-2021, 1:08:55 PM
magistral(ramil) used a shield 1-23-2021, 1:08:55 PM
magistral(ramil) used a shield 1-23-2021, 1:08:55 PM
magistral(ramil) used a shield 1-23-2021, 1:08:56 PM
magistral(ramil) used a shield 1-23-2021, 1:08:56 PM
magistral(ramil) used a shield 1-23-2021, 1:08:56 PM
magistral(ramil) used a shield 1-23-2021, 1:08:56 PM
magistral(ramil) used a shield 1-23-2021, 1:08:56 PM
magistral(ramil) used a shield 1-23-2021, 1:08:57 PM
magistral(ramil) used a shield 1-23-2021, 1:08:57 PM
magistral(ramil) used a shield 1-23-2021, 1:08:57 PM
magistral(ramil) used a shield 1-23-2021, 1:08:58 PM
magistral(ramil) used a health_drink 1-23-2021, 1:09:03 PM
magistral(ramil) used a health_drink 1-23-2021, 1:09:03 PM
magistral(ramil) used a shield 1-23-2021, 1:09:26 PM
magistral(ramil) used a shield 1-23-2021, 1:09:27 PM
magistral(ramil) used a small_projectile 1-23-2021, 2:08:33 PM
magistral(ramil) used a small_projectile 1-23-2021, 2:08:34 PM
magistral(ramil) used a storm_sniper 1-23-2021, 2:08:40 PM
magistral(ramil) used a storm_sniper 1-23-2021, 2:08:42 PM
magistral(ramil) used a ultra_antibiotic_pack 1-23-2021, 2:08:49 PM
magistral(ramil) used a health_drink 1-23-2021, 2:08:50 PM
magistral(ramil) used a wood_pack 1-23-2021, 2:08:53 PM
magistral(ramil) used a wood_pack 1-23-2021, 2:08:53 PM
magistral(ramil) used a wood_pack 1-23-2021, 2:08:53 PM
magistral(ramil) used a wood_pack 1-23-2021, 2:08:53 PM
magistral(ramil) used a wood_pack 1-23-2021, 2:08:54 PM
magistral(ramil) used a wood_pack 1-23-2021, 2:08:54 PM
magistral(ramil) used a wood_pack 1-23-2021, 2:08:54 PM
magistral(ramil) used a wood_pack 1-23-2021, 2:08:54 PM
magistral(ramil) used a wood_pack 1-23-2021, 2:08:54 PM
magistral(ramil) used a modern_sub_machine_gun_carbine 1-23-2021, 2:08:57 PM
magistral(ramil) used a health_drink 1-23-2021, 2:10:52 PM
magistral(ramil) used a the_legendary_sword 1-23-2021, 2:10:59 PM
magistral(ramil) used a health_drink 1-23-2021, 2:11:25 PM
magistral(ramil) used a health_drink 1-23-2021, 2:11:28 PM
magistral(ramil) used a shield 1-23-2021, 2:11:29 PM
magistral(ramil) used a health_drink 1-23-2021, 2:12:41 PM
magistral(ramil) used a shield 1-23-2021, 2:12:42 PM
magistral(ramil) used a throwing_star 1-23-2021, 2:12:50 PM
magistral(ramil) used a throwing_star 1-23-2021, 2:12:50 PM
magistral(ramil) used a throwing_star 1-23-2021, 2:12:50 PM
magistral(ramil) used a throwing_star 1-23-2021, 2:12:51 PM
magistral(ramil) used a hand_grenade 1-23-2021, 2:12:51 PM
magistral(ramil) used a throwing_star 1-23-2021, 2:12:51 PM
magistral(ramil) used a concussive_grenade 1-23-2021, 2:12:51 PM
magistral(ramil) used a throwing_star 1-23-2021, 2:12:51 PM
magistral(ramil) used a hand_grenade 1-23-2021, 2:12:51 PM
magistral(ramil) used a hand_grenade 1-23-2021, 2:12:51 PM
magistral(ramil) used a throwing_star 1-23-2021, 2:12:51 PM
magistral(ramil) used a throwing_star 1-23-2021, 2:12:51 PM
magistral(ramil) used a hand_grenade 1-23-2021, 2:12:51 PM
magistral(ramil) used a hand_grenade 1-23-2021, 2:12:52 PM
magistral(ramil) used a throwing_star 1-23-2021, 2:12:52 PM
magistral(ramil) used a hand_grenade 1-23-2021, 2:12:58 PM
magistral(ramil) used a hand_grenade 1-23-2021, 2:12:58 PM
magistral(ramil) used a hand_grenade 1-23-2021, 2:12:58 PM
magistral(ramil) used a concussive_grenade 1-23-2021, 2:12:59 PM
magistral(ramil) used a concussive_grenade 1-23-2021, 2:12:59 PM
magistral(ramil) used a concussive_grenade 1-23-2021, 2:12:59 PM
magistral(ramil) used a concussive_grenade 1-23-2021, 2:13:03 PM
magistral(ramil) used a concussive_grenade 1-23-2021, 2:13:03 PM
magistral(ramil) used a health_drink 1-23-2021, 2:13:09 PM
magistral(ramil) used a health_drink 1-23-2021, 2:13:10 PM
magistral(ramil) used a hand_grenade 1-23-2021, 2:13:13 PM
magistral(ramil) used a concussive_grenade 1-23-2021, 2:13:13 PM
magistral(ramil) used a hand_grenade 1-23-2021, 2:13:13 PM
magistral(ramil) used a concussive_grenade 1-23-2021, 2:13:13 PM
magistral(ramil) used a concussive_grenade 1-23-2021, 2:13:13 PM
magistral(ramil) used a concussive_grenade 1-23-2021, 2:13:14 PM
magistral(ramil) used a concussive_grenade 1-23-2021, 2:13:14 PM
magistral(ramil) used a throwing_star 1-23-2021, 2:13:15 PM
magistral(ramil) used a throwing_star 1-23-2021, 2:13:15 PM
magistral(ramil) used a throwing_star 1-23-2021, 2:13:15 PM
magistral(ramil) used a throwing_star 1-23-2021, 2:13:15 PM
magistral(ramil) used a throwing_star 1-23-2021, 2:13:15 PM
magistral(ramil) used a health_drink 1-23-2021, 2:13:16 PM
magistral(ramil) used a shield 1-23-2021, 2:13:16 PM
magistral(ramil) used a bomb_defuser 1-23-2021, 2:13:30 PM
magistral(ramil) used a bomb_defuser 1-23-2021, 2:13:30 PM
magistral(ramil) used a health_drink 1-23-2021, 2:13:30 PM
magistral(ramil) used a concussive_grenade 1-23-2021, 2:13:31 PM
magistral(ramil) used a concussive_grenade 1-23-2021, 2:13:39 PM
magistral(ramil) used a concussive_grenade 1-23-2021, 2:13:44 PM
magistral(ramil) used a health_drink 1-23-2021, 2:13:47 PM
magistral(ramil) used a health_drink 1-23-2021, 2:13:47 PM
magistral(ramil) used a health_drink 1-23-2021, 2:13:48 PM
magistral(ramil) used a shield 1-23-2021, 2:13:49 PM
magistral(ramil) used a shield 1-23-2021, 2:13:49 PM
magistral(ramil) used a shield 1-23-2021, 2:13:50 PM
magistral(ramil) used a concussive_grenade 1-23-2021, 2:13:53 PM
magistral(ramil) used a concussive_grenade 1-23-2021, 2:13:53 PM
magistral(ramil) used a bomb_defuser 1-23-2021, 2:14:19 PM
magistral(ramil) used a concussive_grenade 1-23-2021, 2:14:19 PM
magistral(ramil) used a concussive_grenade 1-23-2021, 2:14:19 PM
magistral(ramil) used a hand_grenade 1-23-2021, 2:14:20 PM
magistral(ramil) used a hand_grenade 1-23-2021, 2:14:20 PM
magistral(ramil) used a hand_grenade 1-23-2021, 2:14:20 PM
magistral(ramil) used a hand_grenade 1-23-2021, 2:14:21 PM
magistral(ramil) used a hand_grenade 1-23-2021, 2:14:21 PM
magistral(ramil) used a hand_grenade 1-23-2021, 2:14:21 PM
magistral(ramil) used a hand_grenade 1-23-2021, 2:14:21 PM
magistral(ramil) used a hand_grenade 1-23-2021, 2:14:21 PM
magistral(ramil) used a hand_grenade 1-23-2021, 2:14:22 PM
magistral(ramil) used a hand_grenade 1-23-2021, 2:14:22 PM
magistral(ramil) used a hand_grenade 1-23-2021, 2:14:22 PM
magistral(ramil) used a concussive_grenade 1-23-2021, 2:14:31 PM
magistral(ramil) used a concussive_grenade 1-23-2021, 2:14:31 PM
magistral(ramil) used a health_drink 1-23-2021, 2:14:45 PM
magistral(ramil) used a health_drink 1-23-2021, 2:14:45 PM
magistral(ramil) used a bomb_defuser 1-23-2021, 2:14:47 PM
magistral(ramil) used a concussive_grenade 1-23-2021, 2:14:47 PM
magistral(ramil) used a concussive_grenade 1-23-2021, 2:14:47 PM
magistral(ramil) used a health_drink 1-23-2021, 2:14:52 PM
magistral(ramil) used a health_drink 1-23-2021, 2:14:52 PM
magistral(ramil) used a bomb_defuser 1-23-2021, 2:14:54 PM
magistral(ramil) used a concussive_grenade 1-23-2021, 2:14:54 PM
magistral(ramil) used a concussive_grenade 1-23-2021, 2:14:54 PM
magistral(ramil) used a health_drink 1-23-2021, 2:14:58 PM
magistral(ramil) used a health_drink 1-23-2021, 2:14:58 PM
magistral(ramil) used a health_drink 1-23-2021, 2:14:58 PM
magistral(ramil) used a hand_grenade 1-23-2021, 2:15:07 PM
magistral(ramil) used a hand_grenade 1-23-2021, 2:15:08 PM
magistral(ramil) used a hand_grenade 1-23-2021, 2:15:08 PM
magistral(ramil) used a hand_grenade 1-23-2021, 2:15:08 PM
magistral(ramil) used a stp429_mini_missile 1-23-2021, 2:15:08 PM
magistral(ramil) used a suicide_bomb 1-23-2021, 2:15:25 PM
magistral(ramil) used a suicide_bomb 1-23-2021, 2:15:38 PM
magistral(ramil) used a hand_grenade 1-23-2021, 2:16:10 PM
magistral(ramil) used a hand_grenade 1-23-2021, 2:16:10 PM
magistral(ramil) used a hand_grenade 1-23-2021, 2:16:10 PM
magistral(ramil) used a hand_grenade 1-23-2021, 2:16:11 PM
magistral(ramil) used a hand_grenade 1-23-2021, 2:16:11 PM
magistral(ramil) used a hand_grenade 1-23-2021, 2:16:11 PM
magistral(ramil) used a hand_grenade 1-23-2021, 2:16:11 PM
magistral(ramil) used a hand_grenade 1-23-2021, 2:16:11 PM
magistral(ramil) used a hand_grenade 1-23-2021, 2:16:11 PM
magistral(ramil) used a hand_grenade 1-23-2021, 2:16:11 PM
magistral(ramil) used a hand_grenade 1-23-2021, 2:16:12 PM
magistral(ramil) used a hand_grenade 1-23-2021, 2:16:12 PM
magistral(ramil) used a hand_grenade 1-23-2021, 2:16:12 PM
magistral(ramil) used a hand_grenade 1-23-2021, 2:16:12 PM
magistral(ramil) used a hand_grenade 1-23-2021, 2:16:12 PM
magistral(ramil) used a hand_grenade 1-23-2021, 2:16:12 PM
magistral(ramil) used a hand_grenade 1-23-2021, 2:16:12 PM
magistral(ramil) used a hand_grenade 1-23-2021, 2:16:13 PM
magistral(ramil) used a hand_grenade 1-23-2021, 2:16:13 PM
magistral(ramil) used a hand_grenade 1-23-2021, 2:16:13 PM
magistral(ramil) used a hand_grenade 1-23-2021, 2:16:13 PM
magistral(ramil) used a hand_grenade 1-23-2021, 2:16:13 PM
magistral(ramil) used a hand_grenade 1-23-2021, 2:16:14 PM
magistral(ramil) used a hand_grenade 1-23-2021, 2:16:14 PM
magistral(ramil) used a hand_grenade 1-23-2021, 2:16:15 PM
magistral(ramil) used a hand_grenade 1-23-2021, 2:16:15 PM
magistral(ramil) used a throwing_star 1-23-2021, 2:16:15 PM
magistral(ramil) used a hand_grenade 1-23-2021, 2:16:15 PM
magistral(ramil) used a throwing_star 1-23-2021, 2:16:15 PM
magistral(ramil) used a hand_grenade 1-23-2021, 2:16:16 PM
magistral(ramil) used a throwing_star 1-23-2021, 2:16:16 PM
magistral(ramil) used a throwing_star 1-23-2021, 2:16:16 PM
magistral(ramil) used a hand_grenade 1-23-2021, 2:16:16 PM
magistral(ramil) used a throwing_star 1-23-2021, 2:16:16 PM
magistral(ramil) used a hand_grenade 1-23-2021, 2:16:16 PM
magistral(ramil) used a hand_grenade 1-23-2021, 2:16:16 PM
magistral(ramil) used a throwing_star 1-23-2021, 2:16:16 PM
magistral(ramil) used a throwing_star 1-23-2021, 2:16:16 PM
magistral(ramil) used a hand_grenade 1-23-2021, 2:16:16 PM
magistral(ramil) used a hand_grenade 1-23-2021, 2:16:16 PM
magistral(ramil) used a throwing_star 1-23-2021, 2:16:16 PM
magistral(ramil) used a stp429_mini_missile 1-23-2021, 2:16:17 PM
magistral(ramil) used a stp429_mini_missile 1-23-2021, 2:16:17 PM
magistral(ramil) used a stp429_mini_missile 1-23-2021, 2:16:18 PM
magistral(ramil) used a sky_436_mine 1-23-2021, 2:16:19 PM
magistral(ramil) used a hand_grenade 1-23-2021, 2:16:29 PM
magistral(ramil) used a hand_grenade 1-23-2021, 2:16:29 PM
magistral(ramil) used a hand_grenade 1-23-2021, 2:16:29 PM
magistral(ramil) used a hand_grenade 1-23-2021, 2:16:30 PM
magistral(ramil) used a hand_grenade 1-23-2021, 2:16:30 PM
magistral(ramil) used a hand_grenade 1-23-2021, 2:16:30 PM
magistral(ramil) used a hand_grenade 1-23-2021, 2:16:30 PM
magistral(ramil) used a hand_grenade 1-23-2021, 2:16:30 PM
magistral(ramil) used a hand_grenade 1-23-2021, 2:16:30 PM
magistral(ramil) used a hand_grenade 1-23-2021, 2:16:31 PM
magistral(ramil) used a hand_grenade 1-23-2021, 2:16:31 PM
magistral(ramil) used a hand_grenade 1-23-2021, 2:16:32 PM
magistral(ramil) used a hand_grenade 1-23-2021, 2:16:32 PM
magistral(ramil) used a hand_grenade 1-23-2021, 2:16:33 PM
magistral(ramil) used a hand_grenade 1-23-2021, 2:16:33 PM
magistral(ramil) used a hand_grenade 1-23-2021, 2:16:33 PM
magistral(ramil) used a hand_grenade 1-23-2021, 2:16:33 PM
magistral(ramil) used a hand_grenade 1-23-2021, 2:16:34 PM
magistral(ramil) used a health_drink 1-23-2021, 2:17:02 PM
magistral(ramil) used a health_drink 1-23-2021, 2:17:02 PM
magistral(ramil) used a bomb_defuser 1-23-2021, 2:17:02 PM
magistral(ramil) used a shield 1-23-2021, 2:17:05 PM
magistral(ramil) used a shield 1-23-2021, 2:17:06 PM
magistral(ramil) used a health_drink 1-23-2021, 2:17:22 PM
magistral(ramil) used a health_drink 1-23-2021, 2:17:22 PM
magistral(ramil) used a shield 1-23-2021, 2:17:22 PM
magistral(ramil) used a concussive_grenade 1-23-2021, 2:17:23 PM
magistral(ramil) used a health_drink 1-23-2021, 2:17:24 PM
magistral(ramil) used a shield 1-23-2021, 2:17:26 PM
magistral(ramil) used a shield 1-23-2021, 2:17:26 PM
magistral(ramil) used a shield 1-23-2021, 2:17:29 PM
magistral(ramil) used a shield 1-23-2021, 2:17:29 PM
magistral(ramil) used a shield 1-23-2021, 2:17:29 PM
magistral(ramil) used a concussive_grenade 1-23-2021, 2:17:30 PM
magistral(ramil) used a concussive_grenade 1-23-2021, 2:17:30 PM
magistral(ramil) used a shield 1-23-2021, 2:17:31 PM
magistral(ramil) used a shield 1-23-2021, 2:17:32 PM
magistral(ramil) used a shield 1-23-2021, 2:17:32 PM
magistral(ramil) used a concussive_grenade 1-23-2021, 2:17:33 PM
magistral(ramil) used a bomb_defuser 1-23-2021, 2:17:36 PM
magistral(ramil) used a concussive_grenade 1-23-2021, 2:17:36 PM
magistral(ramil) used a concussive_grenade 1-23-2021, 2:17:37 PM
magistral(ramil) used a concussive_grenade 1-23-2021, 2:17:37 PM
magistral(ramil) used a shield 1-23-2021, 2:17:40 PM
magistral(ramil) used a shield 1-23-2021, 2:17:40 PM
magistral(ramil) used a shield 1-23-2021, 2:17:41 PM
magistral(ramil) used a shield 1-23-2021, 2:17:41 PM
magistral(ramil) used a shield 1-23-2021, 2:17:41 PM
magistral(ramil) used a shield 1-23-2021, 2:17:41 PM
magistral(ramil) used a shield 1-23-2021, 2:17:41 PM
magistral(ramil) used a shield 1-23-2021, 2:17:41 PM
magistral(ramil) used a shield 1-23-2021, 2:17:41 PM
magistral(ramil) used a shield 1-23-2021, 2:17:42 PM
magistral(ramil) used a shield 1-23-2021, 2:17:42 PM
magistral(ramil) used a shield 1-23-2021, 2:17:42 PM
magistral(ramil) used a shield 1-23-2021, 2:17:43 PM
magistral(ramil) used a shield 1-23-2021, 2:17:43 PM
magistral(ramil) used a shield 1-23-2021, 2:17:43 PM
magistral(ramil) used a shield 1-23-2021, 2:17:43 PM
magistral(ramil) used a shield 1-23-2021, 2:17:43 PM
magistral(ramil) used a shield 1-23-2021, 2:17:44 PM
magistral(ramil) used a shield 1-23-2021, 2:17:44 PM
magistral(ramil) used a shield 1-23-2021, 2:17:44 PM
magistral(ramil) used a shield 1-23-2021, 2:17:44 PM
magistral(ramil) used a shield 1-23-2021, 2:17:44 PM
magistral(ramil) used a shield 1-23-2021, 2:17:44 PM
magistral(ramil) used a shield 1-23-2021, 2:17:45 PM
magistral(ramil) used a shield 1-23-2021, 2:17:45 PM
magistral(ramil) used a shield 1-23-2021, 2:17:45 PM
magistral(ramil) used a shield 1-23-2021, 2:17:45 PM
magistral(ramil) used a shield 1-23-2021, 2:17:45 PM
magistral(ramil) used a shield 1-23-2021, 2:17:46 PM
magistral(ramil) used a bomb_defuser 1-23-2021, 2:18:05 PM
magistral(ramil) used a bomb_defuser 1-23-2021, 2:18:05 PM
magistral(ramil) used a concussive_grenade 1-23-2021, 2:18:06 PM
magistral(ramil) used a concussive_grenade 1-23-2021, 2:18:06 PM
magistral(ramil) used a concussive_grenade 1-23-2021, 2:18:06 PM
magistral(ramil) used a hand_grenade 1-23-2021, 2:18:07 PM
magistral(ramil) used a hand_grenade 1-23-2021, 2:18:07 PM
magistral(ramil) used a hand_grenade 1-23-2021, 2:18:07 PM
magistral(ramil) used a hand_grenade 1-23-2021, 2:18:08 PM
magistral(ramil) used a hand_grenade 1-23-2021, 2:18:08 PM
magistral(ramil) used a hand_grenade 1-23-2021, 2:18:08 PM
magistral(ramil) used a hand_grenade 1-23-2021, 2:18:08 PM
magistral(ramil) used a hand_grenade 1-23-2021, 2:18:09 PM
magistral(ramil) used a hand_grenade 1-23-2021, 2:18:09 PM
magistral(ramil) used a hand_grenade 1-23-2021, 2:18:09 PM
magistral(ramil) used a hand_grenade 1-23-2021, 2:18:09 PM
magistral(ramil) used a hand_grenade 1-23-2021, 2:18:09 PM
magistral(ramil) used a hand_grenade 1-23-2021, 2:18:10 PM
magistral(ramil) used a hand_grenade 1-23-2021, 2:18:10 PM
magistral(ramil) used a hand_grenade 1-23-2021, 2:18:10 PM
magistral(ramil) used a hand_grenade 1-23-2021, 2:18:10 PM
magistral(ramil) used a hand_grenade 1-23-2021, 2:18:10 PM
magistral(ramil) used a hand_grenade 1-23-2021, 2:18:10 PM
magistral(ramil) used a hand_grenade 1-23-2021, 2:18:11 PM
magistral(ramil) used a hand_grenade 1-23-2021, 2:18:11 PM
magistral(ramil) used a hand_grenade 1-23-2021, 2:18:11 PM
magistral(ramil) used a hand_grenade 1-23-2021, 2:18:11 PM
magistral(ramil) used a hand_grenade 1-23-2021, 2:18:11 PM
magistral(ramil) used a hand_grenade 1-23-2021, 2:18:11 PM
magistral(ramil) used a hand_grenade 1-23-2021, 2:18:12 PM
magistral(ramil) used a hand_grenade 1-23-2021, 2:18:12 PM
magistral(ramil) used a hand_grenade 1-23-2021, 2:18:12 PM
magistral(ramil) used a hand_grenade 1-23-2021, 2:18:12 PM
magistral(ramil) used a hand_grenade 1-23-2021, 2:18:12 PM
magistral(ramil) used a hand_grenade 1-23-2021, 2:18:12 PM
magistral(ramil) used a hand_grenade 1-23-2021, 2:18:12 PM
magistral(ramil) used a hand_grenade 1-23-2021, 2:18:13 PM
magistral(ramil) used a hand_grenade 1-23-2021, 2:18:13 PM
magistral(ramil) used a hand_grenade 1-23-2021, 2:18:13 PM
magistral(ramil) used a health_drink 1-23-2021, 2:18:20 PM
magistral(ramil) used a health_drink 1-23-2021, 2:18:20 PM
magistral(ramil) used a health_drink 1-23-2021, 2:18:20 PM
magistral(ramil) used a shield 1-23-2021, 2:18:21 PM
magistral(ramil) used a shield 1-23-2021, 2:18:21 PM
magistral(ramil) used a sky_436_mine 1-23-2021, 2:18:46 PM
magistral(ramil) used a carrier_missile 1-23-2021, 2:18:48 PM
magistral(ramil) used a guided_missile 1-23-2021, 2:18:49 PM
magistral(ramil) used a concussive_grenade 1-23-2021, 2:19:08 PM
magistral(ramil) used a concussive_grenade 1-23-2021, 2:19:08 PM
magistral(ramil) used a concussive_grenade 1-23-2021, 2:19:08 PM
magistral(ramil) used a concussive_grenade 1-23-2021, 2:19:10 PM
magistral(ramil) used a concussive_grenade 1-23-2021, 2:19:10 PM
magistral(ramil) used a hand_grenade 1-23-2021, 2:19:44 PM
magistral(ramil) used a hand_grenade 1-23-2021, 2:19:44 PM
magistral(ramil) used a hand_grenade 1-23-2021, 2:19:44 PM
magistral(ramil) used a hand_grenade 1-23-2021, 2:19:45 PM
magistral(ramil) used a hand_grenade 1-23-2021, 2:19:45 PM
magistral(ramil) used a throwing_star 1-23-2021, 2:19:45 PM
magistral(ramil) used a throwing_star 1-23-2021, 2:19:45 PM
magistral(ramil) used a throwing_star 1-23-2021, 2:19:45 PM
magistral(ramil) used a throwing_star 1-23-2021, 2:19:45 PM
magistral(ramil) used a throwing_star 1-23-2021, 2:19:46 PM
magistral(ramil) used a throwing_star 1-23-2021, 2:19:46 PM
magistral(ramil) used a throwing_star 1-23-2021, 2:19:46 PM
magistral(ramil) used a throwing_star 1-23-2021, 2:19:46 PM
magistral(ramil) used a throwing_star 1-23-2021, 2:19:46 PM
magistral(ramil) used a throwing_star 1-23-2021, 2:19:46 PM
magistral(ramil) used a throwing_star 1-23-2021, 2:19:46 PM
magistral(ramil) used a bomb_defuser 1-23-2021, 2:20:08 PM
magistral(ramil) used a bomb_defuser 1-23-2021, 2:20:08 PM
magistral(ramil) used a health_drink 1-23-2021, 2:20:08 PM
magistral(ramil) used a health_drink 1-23-2021, 2:20:09 PM
magistral(ramil) used a health_drink 1-23-2021, 2:20:16 PM
magistral(ramil) used a health_drink 1-23-2021, 2:20:16 PM
magistral(ramil) used a concussive_grenade 1-23-2021, 2:20:36 PM
magistral(ramil) used a concussive_grenade 1-23-2021, 2:20:37 PM
magistral(ramil) used a health_drink 1-23-2021, 2:20:40 PM
magistral(ramil) used a health_drink 1-23-2021, 2:20:41 PM
magistral(ramil) used a health_drink 1-23-2021, 2:20:41 PM
magistral(ramil) used a health_drink 1-23-2021, 2:20:41 PM
magistral(ramil) used a shield 1-23-2021, 2:20:42 PM
magistral(ramil) used a concussive_grenade 1-23-2021, 2:20:43 PM
magistral(ramil) used a health_drink 1-23-2021, 2:20:53 PM
magistral(ramil) used a health_drink 1-23-2021, 2:21:17 PM
magistral(ramil) used a health_drink 1-23-2021, 2:21:18 PM
magistral(ramil) used a health_drink 1-23-2021, 2:21:18 PM
magistral(ramil) used a hand_grenade 1-23-2021, 2:21:19 PM
magistral(ramil) used a hand_grenade 1-23-2021, 2:21:19 PM
magistral(ramil) used a hand_grenade 1-23-2021, 2:21:19 PM
magistral(ramil) used a hand_grenade 1-23-2021, 2:21:19 PM
magistral(ramil) used a hand_grenade 1-23-2021, 2:21:20 PM
magistral(ramil) used a hand_grenade 1-23-2021, 2:21:20 PM
magistral(ramil) used a hand_grenade 1-23-2021, 2:21:20 PM
magistral(ramil) used a hand_grenade 1-23-2021, 2:21:20 PM
magistral(ramil) used a hand_grenade 1-23-2021, 2:21:21 PM
magistral(ramil) used a shield 1-23-2021, 2:21:26 PM
magistral(ramil) used a guided_missile 1-23-2021, 2:21:27 PM
magistral(ramil) used a health_drink 1-23-2021, 2:21:37 PM
magistral(ramil) used a health_drink 1-23-2021, 2:21:37 PM
magistral(ramil) used a shield 1-23-2021, 2:21:38 PM
magistral(ramil) used a bomb_defuser 1-23-2021, 2:21:51 PM
magistral(ramil) used a health_drink 1-23-2021, 2:21:52 PM
magistral(ramil) used a health_drink 1-23-2021, 2:21:52 PM
magistral(ramil) used a health_drink 1-23-2021, 2:21:52 PM
magistral(ramil) used a health_drink 1-23-2021, 3:02:11 PM
magistral(ramil) used a health_drink 1-23-2021, 3:02:12 PM
magistral(ramil) used a health_drink 1-23-2021, 3:04:10 PM
magistral(ramil) used a health_drink 1-23-2021, 3:04:10 PM
magistral(ramil) used a health_drink 1-23-2021, 3:04:19 PM
magistral(ramil) used a storm_sniper 1-23-2021, 3:06:49 PM
magistral(ramil) used a the_legendary_sword 1-23-2021, 3:06:53 PM
magistral(ramil) used a the_legendary_sword 1-23-2021, 3:06:54 PM
magistral(ramil) used a health_drink 1-23-2021, 3:06:57 PM
magistral(ramil) used a health_drink 1-23-2021, 3:06:58 PM
magistral(ramil) used a health_drink 1-23-2021, 3:06:58 PM
magistral(ramil) used a health_drink 1-23-2021, 3:07:01 PM
magistral(ramil) used a health_drink 1-23-2021, 3:07:12 PM
magistral(ramil) used a health_drink 1-23-2021, 3:07:14 PM
magistral(ramil) used a health_drink 1-23-2021, 3:07:18 PM
magistral(ramil) used a health_drink 1-23-2021, 3:07:19 PM
magistral(ramil) used a health_drink 1-23-2021, 3:07:19 PM
magistral(ramil) used a bomb_defuser 1-23-2021, 3:07:40 PM
magistral(ramil) used a bomb_defuser 1-23-2021, 3:07:40 PM
magistral(ramil) used a health_drink 1-23-2021, 3:07:40 PM
magistral(ramil) used a health_drink 1-23-2021, 3:07:41 PM
magistral(ramil) used a health_drink 1-23-2021, 3:07:41 PM
magistral(ramil) used a health_drink 1-23-2021, 3:08:44 PM
magistral(ramil) used a health_drink 1-23-2021, 3:08:44 PM
magistral(ramil) used a dead_leopard 1-23-2021, 3:14:54 PM
magistral(ramil) used a dead_leopard 1-23-2021, 3:14:54 PM
magistral(ramil) used a dead_leopard 1-23-2021, 3:14:55 PM
magistral(ramil) used a dead_leopard 1-23-2021, 3:14:55 PM
magistral(ramil) used a dead_leopard 1-23-2021, 3:14:55 PM
magistral(ramil) used a dead_leopard 1-23-2021, 3:14:55 PM
magistral(ramil) used a dead_leopard 1-23-2021, 3:14:55 PM
magistral(ramil) used a dead_leopard 1-23-2021, 3:14:56 PM
magistral(ramil) used a dead_leopard 1-23-2021, 3:14:57 PM