
dmitriy(dmitriy) used a armored_tank 12-26-2020, 5:01:37 PM
dmitriy(dmitriy) used a guided_missile 12-26-2020, 5:03:08 PM
dmitriy(dmitriy) used a antibiotic_pack 12-26-2020, 5:05:50 PM
dmitriy(dmitriy) used a antibiotic_pack 12-26-2020, 5:05:50 PM
dmitriy(dmitriy) used a antibiotic_canister 12-26-2020, 5:06:53 PM
dmitriy(dmitriy) used a antibiotic_canister 12-26-2020, 5:06:57 PM
dmitriy(dmitriy) used a antibiotic_canister 12-26-2020, 5:06:57 PM
dmitriy(dmitriy) used a antibiotic_canister 12-26-2020, 5:06:58 PM
dmitriy(dmitriy) used a antibiotic_canister 12-26-2020, 5:06:58 PM
dmitriy(dmitriy) used a antibiotic_canister 12-26-2020, 5:06:58 PM
dmitriy(dmitriy) used a antibiotic_canister 12-26-2020, 5:06:58 PM
dmitriy(dmitriy) used a antibiotic_canister 12-26-2020, 5:06:58 PM
dmitriy(dmitriy) used a antibiotic_canister 12-26-2020, 5:06:59 PM
dmitriy(dmitriy) used a antibiotic 12-26-2020, 5:07:08 PM
dmitriy(dmitriy) used a antibiotic 12-26-2020, 5:07:08 PM
dmitriy(dmitriy) used a health_drink 12-26-2020, 5:07:20 PM
dmitriy(dmitriy) used a health_drink 12-26-2020, 5:07:21 PM
dmitriy(dmitriy) used a health_drink 12-26-2020, 5:07:24 PM
dmitriy(dmitriy) used a health_drink 12-26-2020, 5:07:25 PM
dmitriy(dmitriy) used a health_drink 12-26-2020, 5:07:25 PM
dmitriy(dmitriy) used a health_drink 12-26-2020, 5:07:25 PM
dmitriy(dmitriy) used a health_drink 12-26-2020, 5:07:26 PM
dmitriy(dmitriy) used a health_drink 12-26-2020, 5:07:27 PM
dmitriy(dmitriy) used a health_drink 12-26-2020, 5:07:28 PM
dmitriy(dmitriy) used a health_drink 12-26-2020, 5:07:28 PM
dmitriy(dmitriy) used a health_drink 12-26-2020, 5:07:29 PM
dmitriy(dmitriy) used a health_drink 12-26-2020, 5:07:29 PM
dmitriy(dmitriy) used a health_drink 12-26-2020, 5:07:29 PM
dmitriy(dmitriy) used a health_drink 12-26-2020, 5:07:30 PM
dmitriy(dmitriy) used a health_drink 12-26-2020, 5:07:30 PM
dmitriy(dmitriy) used a health_drink 12-26-2020, 5:07:31 PM
dmitriy(dmitriy) used a health_drink 12-26-2020, 5:07:31 PM
dmitriy(dmitriy) used a health_drink 12-26-2020, 5:07:32 PM
dmitriy(dmitriy) used a health_drink 12-26-2020, 5:07:32 PM
dmitriy(dmitriy) used a health_drink 12-26-2020, 5:07:33 PM
dmitriy(dmitriy) used a health_drink 12-26-2020, 5:07:33 PM
dmitriy(dmitriy) used a health_drink 12-26-2020, 5:07:33 PM
dmitriy(dmitriy) used a health_drink 12-26-2020, 5:07:34 PM
dmitriy(dmitriy) used a health_drink 12-26-2020, 5:07:34 PM
dmitriy(dmitriy) used a health_drink 12-26-2020, 5:07:35 PM
dmitriy(dmitriy) used a health_drink 12-26-2020, 5:07:35 PM
dmitriy(dmitriy) used a health_drink 12-26-2020, 5:07:36 PM
dmitriy(dmitriy) used a health_drink 12-26-2020, 5:07:36 PM
dmitriy(dmitriy) used a health_drink 12-26-2020, 5:07:37 PM
dmitriy(dmitriy) used a health_drink 12-26-2020, 5:07:37 PM
dmitriy(dmitriy) used a health_drink 12-26-2020, 5:07:37 PM
dmitriy(dmitriy) used a health_drink 12-26-2020, 5:07:38 PM
dmitriy(dmitriy) used a health_drink 12-26-2020, 5:07:38 PM
dmitriy(dmitriy) used a health_drink 12-26-2020, 5:07:39 PM
dmitriy(dmitriy) used a health_drink 12-26-2020, 5:07:39 PM
dmitriy(dmitriy) used a health_drink 12-26-2020, 5:07:41 PM
dmitriy(dmitriy) used a health_drink 12-26-2020, 5:07:41 PM
dmitriy(dmitriy) used a aircraft 12-26-2020, 5:08:25 PM
dmitriy(dmitriy) used a aircraft 12-26-2020, 5:08:26 PM
dmitriy(dmitriy) used a aircraft 12-26-2020, 5:08:28 PM
dmitriy(dmitriy) used a aircraft 12-26-2020, 5:08:28 PM
dmitriy(dmitriy) used a aircraft 12-26-2020, 5:08:31 PM
dmitriy(dmitriy) used a armored_tank 12-26-2020, 5:08:50 PM
dmitriy(dmitriy) used a health_drink 12-26-2020, 5:09:13 PM
dmitriy(dmitriy) used a health_drink 12-26-2020, 5:09:13 PM
dmitriy(dmitriy) used a health_drink 12-26-2020, 5:11:34 PM
dmitriy(dmitriy) used a hand_cannon 12-26-2020, 5:12:26 PM
dmitriy(dmitriy) used a cannon 12-26-2020, 5:12:34 PM
dmitriy(dmitriy) used a cannon 12-26-2020, 5:13:18 PM
dmitriy(dmitriy) used a health_drink 12-26-2020, 5:13:22 PM
dmitriy(dmitriy) used a health_drink 12-26-2020, 5:13:22 PM
dmitriy(dmitriy) used a health_drink 12-26-2020, 5:13:28 PM
dmitriy(dmitriy) used a health_drink 12-26-2020, 5:13:28 PM
dmitriy(dmitriy) used a health_drink 12-26-2020, 5:16:36 PM
dmitriy(dmitriy) used a health_drink 12-26-2020, 5:16:36 PM
dmitriy(dmitriy) used a health_drink 12-26-2020, 5:16:40 PM
dmitriy(dmitriy) used a health_drink 12-26-2020, 5:16:45 PM
dmitriy(dmitriy) used a health_drink 12-26-2020, 5:16:45 PM
dmitriy(dmitriy) used a health_drink 12-26-2020, 5:16:45 PM
dmitriy(dmitriy) used a health_drink 12-26-2020, 5:16:50 PM
dmitriy(dmitriy) used a health_drink 12-26-2020, 5:16:50 PM
dmitriy(dmitriy) used a health_drink 12-26-2020, 5:16:52 PM
dmitriy(dmitriy) used a health_drink 12-26-2020, 5:16:52 PM
dmitriy(dmitriy) used a health_drink 12-26-2020, 5:16:53 PM
dmitriy(dmitriy) used a health_drink 12-26-2020, 5:16:53 PM
dmitriy(dmitriy) used a health_drink 12-26-2020, 5:17:00 PM
dmitriy(dmitriy) used a health_drink 12-26-2020, 5:17:07 PM
dmitriy(dmitriy) used a health_drink 12-26-2020, 5:17:07 PM
dmitriy(dmitriy) used a health_drink 12-26-2020, 5:17:09 PM
dmitriy(dmitriy) used a health_drink 12-26-2020, 5:17:09 PM
dmitriy(dmitriy) used a health_drink 12-26-2020, 5:17:10 PM
dmitriy(dmitriy) used a health_drink 12-26-2020, 5:17:10 PM
dmitriy(dmitriy) used a health_drink 12-26-2020, 5:17:10 PM
dmitriy(dmitriy) used a health_drink 12-26-2020, 5:17:13 PM
dmitriy(dmitriy) used a health_drink 12-26-2020, 5:17:13 PM
dmitriy(dmitriy) used a health_drink 12-26-2020, 5:17:13 PM
dmitriy(dmitriy) used a health_drink 12-26-2020, 5:17:14 PM
dmitriy(dmitriy) used a shield 12-26-2020, 5:17:23 PM
dmitriy(dmitriy) used a shield 12-26-2020, 5:17:23 PM
dmitriy(dmitriy) used a shield 12-26-2020, 5:17:23 PM
dmitriy(dmitriy) used a hand_grenade 12-26-2020, 5:17:33 PM
dmitriy(dmitriy) used a hand_grenade 12-26-2020, 5:17:33 PM
dmitriy(dmitriy) used a hand_grenade 12-26-2020, 5:17:33 PM
dmitriy(dmitriy) used a hand_grenade 12-26-2020, 5:17:38 PM
dmitriy(dmitriy) used a hand_grenade 12-26-2020, 5:17:41 PM
dmitriy(dmitriy) used a hand_grenade 12-26-2020, 5:17:41 PM
dmitriy(dmitriy) used a hand_grenade 12-26-2020, 5:17:41 PM
dmitriy(dmitriy) used a hand_grenade 12-26-2020, 5:17:41 PM
dmitriy(dmitriy) used a hand_grenade 12-26-2020, 5:17:41 PM
dmitriy(dmitriy) used a hand_grenade 12-26-2020, 5:17:44 PM
dmitriy(dmitriy) used a hand_grenade 12-26-2020, 5:17:45 PM
dmitriy(dmitriy) used a hand_grenade 12-26-2020, 5:17:45 PM
dmitriy(dmitriy) used a hand_grenade 12-26-2020, 5:17:50 PM
dmitriy(dmitriy) used a hand_grenade 12-26-2020, 5:17:50 PM
dmitriy(dmitriy) used a hand_grenade 12-26-2020, 5:17:50 PM
dmitriy(dmitriy) used a hand_grenade 12-26-2020, 5:17:51 PM
dmitriy(dmitriy) used a hand_grenade 12-26-2020, 5:17:52 PM
dmitriy(dmitriy) used a hand_grenade 12-26-2020, 5:17:59 PM
dmitriy(dmitriy) used a hand_grenade 12-26-2020, 5:18:04 PM
dmitriy(dmitriy) used a hand_grenade 12-26-2020, 5:18:11 PM
dmitriy(dmitriy) used a hand_grenade 12-26-2020, 5:18:14 PM
dmitriy(dmitriy) used a hand_grenade 12-26-2020, 5:18:16 PM
dmitriy(dmitriy) used a hand_grenade 12-26-2020, 5:18:18 PM
dmitriy(dmitriy) used a hand_grenade 12-26-2020, 5:18:19 PM
dmitriy(dmitriy) used a hand_grenade 12-26-2020, 5:18:19 PM
dmitriy(dmitriy) used a hand_grenade 12-26-2020, 5:18:19 PM
dmitriy(dmitriy) used a hand_grenade 12-26-2020, 5:18:19 PM
dmitriy(dmitriy) used a hand_grenade 12-26-2020, 5:18:20 PM
dmitriy(dmitriy) used a hand_grenade 12-26-2020, 5:18:20 PM
dmitriy(dmitriy) used a hand_grenade 12-26-2020, 5:18:20 PM
dmitriy(dmitriy) used a hand_grenade 12-26-2020, 5:18:20 PM
dmitriy(dmitriy) used a hand_grenade 12-26-2020, 5:18:20 PM
dmitriy(dmitriy) used a hand_grenade 12-26-2020, 5:18:21 PM
dmitriy(dmitriy) used a hand_grenade 12-26-2020, 5:18:21 PM
dmitriy(dmitriy) used a hand_grenade 12-26-2020, 5:18:21 PM
dmitriy(dmitriy) used a hand_grenade 12-26-2020, 5:18:31 PM
dmitriy(dmitriy) used a hand_grenade 12-26-2020, 5:18:36 PM
dmitriy(dmitriy) used a hand_grenade 12-26-2020, 5:18:37 PM
dmitriy(dmitriy) used a hand_grenade 12-26-2020, 5:18:37 PM
dmitriy(dmitriy) used a hand_grenade 12-26-2020, 5:18:37 PM
dmitriy(dmitriy) used a hand_grenade 12-26-2020, 5:18:38 PM
dmitriy(dmitriy) used a hand_grenade 12-26-2020, 5:18:38 PM
dmitriy(dmitriy) used a hand_grenade 12-26-2020, 5:18:38 PM
dmitriy(dmitriy) used a hand_grenade 12-26-2020, 5:18:38 PM
dmitriy(dmitriy) used a hand_grenade 12-26-2020, 5:18:38 PM
dmitriy(dmitriy) used a frequency_scrambler 12-26-2020, 5:20:05 PM
dmitriy(dmitriy) used a hand_grenade 12-26-2020, 5:20:39 PM
dmitriy(dmitriy) used a hand_grenade 12-26-2020, 5:20:39 PM
dmitriy(dmitriy) used a hand_grenade 12-26-2020, 5:20:39 PM
dmitriy(dmitriy) used a hand_grenade 12-26-2020, 5:20:39 PM
dmitriy(dmitriy) used a hand_grenade 12-26-2020, 5:20:39 PM
dmitriy(dmitriy) used a hand_grenade 12-26-2020, 5:20:39 PM
dmitriy(dmitriy) used a hand_grenade 12-26-2020, 5:20:39 PM
dmitriy(dmitriy) used a hand_grenade 12-26-2020, 5:20:40 PM
dmitriy(dmitriy) used a hand_grenade 12-26-2020, 5:20:40 PM
dmitriy(dmitriy) used a hand_grenade 12-26-2020, 5:20:40 PM
dmitriy(dmitriy) used a hand_grenade 12-26-2020, 5:20:40 PM
dmitriy(dmitriy) used a hand_grenade 12-26-2020, 5:20:40 PM
dmitriy(dmitriy) used a hand_grenade 12-26-2020, 5:20:40 PM
dmitriy(dmitriy) used a hand_grenade 12-26-2020, 5:20:40 PM
dmitriy(dmitriy) used a hand_grenade 12-26-2020, 5:20:41 PM
dmitriy(dmitriy) used a hand_grenade 12-26-2020, 5:20:41 PM
dmitriy(dmitriy) used a hand_grenade 12-26-2020, 5:20:41 PM
dmitriy(dmitriy) used a hand_grenade 12-26-2020, 5:20:41 PM
dmitriy(dmitriy) used a hand_grenade 12-26-2020, 5:20:41 PM
dmitriy(dmitriy) used a hand_grenade 12-26-2020, 5:20:41 PM
dmitriy(dmitriy) used a hand_grenade 12-26-2020, 5:20:41 PM
dmitriy(dmitriy) used a hand_grenade 12-26-2020, 5:20:42 PM
dmitriy(dmitriy) used a hand_grenade 12-26-2020, 5:20:42 PM
dmitriy(dmitriy) used a hand_grenade 12-26-2020, 5:20:42 PM
dmitriy(dmitriy) used a hand_grenade 12-26-2020, 5:20:42 PM
dmitriy(dmitriy) used a hand_grenade 12-26-2020, 5:20:42 PM
dmitriy(dmitriy) used a hand_grenade 12-26-2020, 5:20:42 PM
dmitriy(dmitriy) used a hand_grenade 12-26-2020, 5:20:44 PM
dmitriy(dmitriy) used a hand_grenade 12-26-2020, 5:20:44 PM
dmitriy(dmitriy) used a hand_grenade 12-26-2020, 5:20:44 PM
dmitriy(dmitriy) used a hand_grenade 12-26-2020, 5:20:45 PM
dmitriy(dmitriy) used a hand_grenade 12-26-2020, 5:20:45 PM
dmitriy(dmitriy) used a hand_grenade 12-26-2020, 5:20:45 PM
dmitriy(dmitriy) used a hand_grenade 12-26-2020, 5:20:45 PM
dmitriy(dmitriy) used a hand_grenade 12-26-2020, 5:20:45 PM
dmitriy(dmitriy) used a hand_grenade 12-26-2020, 5:20:46 PM
dmitriy(dmitriy) used a hand_grenade 12-26-2020, 5:20:46 PM
dmitriy(dmitriy) used a hand_grenade 12-26-2020, 5:20:46 PM
dmitriy(dmitriy) used a hand_grenade 12-26-2020, 5:20:46 PM
dmitriy(dmitriy) used a hand_grenade 12-26-2020, 5:20:46 PM
dmitriy(dmitriy) used a hand_grenade 12-26-2020, 5:20:47 PM
dmitriy(dmitriy) used a hand_grenade 12-26-2020, 5:20:47 PM
dmitriy(dmitriy) used a hand_grenade 12-26-2020, 5:20:47 PM
dmitriy(dmitriy) used a hand_grenade 12-26-2020, 5:20:47 PM
dmitriy(dmitriy) used a hand_grenade 12-26-2020, 5:20:47 PM
dmitriy(dmitriy) used a hand_grenade 12-26-2020, 5:20:47 PM
dmitriy(dmitriy) used a hand_grenade 12-26-2020, 5:20:48 PM
dmitriy(dmitriy) used a hand_grenade 12-26-2020, 5:20:48 PM
dmitriy(dmitriy) used a hand_grenade 12-26-2020, 5:20:48 PM
dmitriy(dmitriy) used a hand_grenade 12-26-2020, 5:20:48 PM
dmitriy(dmitriy) used a hand_grenade 12-26-2020, 5:20:48 PM
dmitriy(dmitriy) used a hand_grenade 12-26-2020, 5:20:48 PM
dmitriy(dmitriy) used a hand_grenade 12-26-2020, 5:20:49 PM
dmitriy(dmitriy) used a hand_grenade 12-26-2020, 5:20:49 PM
dmitriy(dmitriy) used a hand_grenade 12-26-2020, 5:20:49 PM
dmitriy(dmitriy) used a hand_grenade 12-26-2020, 5:20:49 PM
dmitriy(dmitriy) used a hand_grenade 12-26-2020, 5:20:49 PM
dmitriy(dmitriy) used a hand_grenade 12-26-2020, 5:20:50 PM
dmitriy(dmitriy) used a hand_grenade 12-26-2020, 5:20:50 PM
dmitriy(dmitriy) used a hand_grenade 12-26-2020, 5:20:50 PM
dmitriy(dmitriy) used a hand_grenade 12-26-2020, 5:20:50 PM
dmitriy(dmitriy) used a hand_grenade 12-26-2020, 5:20:50 PM
dmitriy(dmitriy) used a hand_grenade 12-26-2020, 5:20:50 PM
dmitriy(dmitriy) used a hand_grenade 12-26-2020, 5:20:51 PM
dmitriy(dmitriy) used a hand_grenade 12-26-2020, 5:20:51 PM
dmitriy(dmitriy) used a hand_grenade 12-26-2020, 5:20:51 PM
dmitriy(dmitriy) used a hand_grenade 12-26-2020, 5:20:51 PM
dmitriy(dmitriy) used a hand_grenade 12-26-2020, 5:20:51 PM
dmitriy(dmitriy) used a hand_grenade 12-26-2020, 5:20:52 PM
dmitriy(dmitriy) used a hand_grenade 12-26-2020, 5:20:52 PM
dmitriy(dmitriy) used a hand_grenade 12-26-2020, 5:20:52 PM
dmitriy(dmitriy) used a hand_grenade 12-26-2020, 5:20:52 PM
dmitriy(dmitriy) used a hand_grenade 12-26-2020, 5:20:53 PM
dmitriy(dmitriy) used a hand_grenade 12-26-2020, 5:20:53 PM
dmitriy(dmitriy) used a hand_grenade 12-26-2020, 5:20:53 PM
dmitriy(dmitriy) used a hand_grenade 12-26-2020, 5:20:53 PM
dmitriy(dmitriy) used a hand_grenade 12-26-2020, 5:20:53 PM
dmitriy(dmitriy) used a hand_grenade 12-26-2020, 5:20:54 PM
dmitriy(dmitriy) used a hand_grenade 12-26-2020, 5:20:54 PM
dmitriy(dmitriy) used a hand_grenade 12-26-2020, 5:20:54 PM
dmitriy(dmitriy) used a hand_grenade 12-26-2020, 5:20:54 PM
dmitriy(dmitriy) used a hand_grenade 12-26-2020, 5:20:54 PM
dmitriy(dmitriy) used a hand_grenade 12-26-2020, 5:20:55 PM
dmitriy(dmitriy) used a hand_grenade 12-26-2020, 5:20:55 PM
dmitriy(dmitriy) used a hand_grenade 12-26-2020, 5:20:55 PM
dmitriy(dmitriy) used a hand_grenade 12-26-2020, 5:20:55 PM
dmitriy(dmitriy) used a hand_grenade 12-26-2020, 5:20:55 PM
dmitriy(dmitriy) used a hand_grenade 12-26-2020, 5:20:56 PM
dmitriy(dmitriy) used a hand_grenade 12-26-2020, 5:20:56 PM
dmitriy(dmitriy) used a hand_grenade 12-26-2020, 5:20:56 PM
dmitriy(dmitriy) used a hand_grenade 12-26-2020, 5:20:56 PM
dmitriy(dmitriy) used a hand_grenade 12-26-2020, 5:20:56 PM
dmitriy(dmitriy) used a hand_grenade 12-26-2020, 5:20:56 PM
dmitriy(dmitriy) used a hand_grenade 12-26-2020, 5:20:57 PM
dmitriy(dmitriy) used a hand_grenade 12-26-2020, 5:20:57 PM
dmitriy(dmitriy) used a hand_grenade 12-26-2020, 5:20:57 PM
dmitriy(dmitriy) used a cannon 12-26-2020, 5:20:59 PM
dmitriy(dmitriy) used a hand_grenade 12-26-2020, 5:21:02 PM
dmitriy(dmitriy) used a hand_grenade 12-26-2020, 5:21:02 PM
dmitriy(dmitriy) used a hand_grenade 12-26-2020, 5:21:02 PM
dmitriy(dmitriy) used a hand_grenade 12-26-2020, 5:21:02 PM
dmitriy(dmitriy) used a hand_grenade 12-26-2020, 5:21:03 PM
dmitriy(dmitriy) used a hand_grenade 12-26-2020, 5:21:03 PM
dmitriy(dmitriy) used a hand_grenade 12-26-2020, 5:21:03 PM
dmitriy(dmitriy) used a hand_grenade 12-26-2020, 5:21:03 PM
dmitriy(dmitriy) used a hand_grenade 12-26-2020, 5:21:03 PM
dmitriy(dmitriy) used a hand_grenade 12-26-2020, 5:21:03 PM
dmitriy(dmitriy) used a hand_grenade 12-26-2020, 5:21:04 PM
dmitriy(dmitriy) used a hand_grenade 12-26-2020, 5:21:04 PM
dmitriy(dmitriy) used a hand_grenade 12-26-2020, 5:21:04 PM
dmitriy(dmitriy) used a hand_grenade 12-26-2020, 5:21:04 PM
dmitriy(dmitriy) used a hand_grenade 12-26-2020, 5:21:04 PM
dmitriy(dmitriy) used a hand_grenade 12-26-2020, 5:21:04 PM
dmitriy(dmitriy) used a hand_grenade 12-26-2020, 5:21:05 PM
dmitriy(dmitriy) used a hand_grenade 12-26-2020, 5:21:05 PM
dmitriy(dmitriy) used a hand_grenade 12-26-2020, 5:21:05 PM
dmitriy(dmitriy) used a hand_grenade 12-26-2020, 5:21:05 PM
dmitriy(dmitriy) used a hand_grenade 12-26-2020, 5:21:05 PM
dmitriy(dmitriy) used a hand_grenade 12-26-2020, 5:21:05 PM
dmitriy(dmitriy) used a hand_grenade 12-26-2020, 5:21:06 PM
dmitriy(dmitriy) used a hand_grenade 12-26-2020, 5:21:06 PM
dmitriy(dmitriy) used a hand_grenade 12-26-2020, 5:21:06 PM
dmitriy(dmitriy) used a hand_grenade 12-26-2020, 5:21:06 PM
dmitriy(dmitriy) used a hand_grenade 12-26-2020, 5:21:06 PM
dmitriy(dmitriy) used a hand_grenade 12-26-2020, 5:21:07 PM
dmitriy(dmitriy) used a hand_grenade 12-26-2020, 5:21:07 PM
dmitriy(dmitriy) used a hand_grenade 12-26-2020, 5:21:07 PM
dmitriy(dmitriy) used a hand_grenade 12-26-2020, 5:21:07 PM
dmitriy(dmitriy) used a hand_grenade 12-26-2020, 5:21:07 PM
dmitriy(dmitriy) used a hand_grenade 12-26-2020, 5:21:07 PM
dmitriy(dmitriy) used a hand_grenade 12-26-2020, 5:21:08 PM
dmitriy(dmitriy) used a frequency_scrambler 12-26-2020, 5:21:16 PM
dmitriy(dmitriy) used a frequency_scrambler 12-26-2020, 5:21:17 PM
dmitriy(dmitriy) used a frequency_scrambler 12-26-2020, 5:21:17 PM
dmitriy(dmitriy) used a frequency_scrambler 12-26-2020, 5:21:47 PM
dmitriy(dmitriy) used a hand_grenade 12-26-2020, 5:21:50 PM
dmitriy(dmitriy) used a hand_grenade 12-26-2020, 5:21:51 PM
dmitriy(dmitriy) used a hand_grenade 12-26-2020, 5:21:51 PM
dmitriy(dmitriy) used a hand_grenade 12-26-2020, 5:21:52 PM
dmitriy(dmitriy) used a hand_grenade 12-26-2020, 5:21:53 PM
dmitriy(dmitriy) used a hand_grenade 12-26-2020, 5:21:53 PM
dmitriy(dmitriy) used a hand_grenade 12-26-2020, 5:21:54 PM
dmitriy(dmitriy) used a hand_grenade 12-26-2020, 5:21:54 PM
dmitriy(dmitriy) used a hand_cannon 12-26-2020, 8:10:40 PM
dmitriy(dmitriy) used a cannon 12-26-2020, 8:10:45 PM
dmitriy(dmitriy) used a cannon 12-26-2020, 8:10:47 PM
dmitriy(dmitriy) used a pack_of_100_ammo_modern_sub_machine_gun_carbine 12-26-2020, 8:10:57 PM
dmitriy(dmitriy) used a pack_of_100_ammo_modern_sub_machine_gun_carbine 12-26-2020, 8:10:57 PM
dmitriy(dmitriy) used a pack_of_100_ammo_modern_sub_machine_gun_carbine 12-26-2020, 8:10:57 PM
dmitriy(dmitriy) used a pack_of_100_ammo_modern_sub_machine_gun_carbine 12-26-2020, 8:10:57 PM
dmitriy(dmitriy) used a pack_of_100_ammo_modern_sub_machine_gun_carbine 12-26-2020, 8:10:57 PM
dmitriy(dmitriy) used a pack_of_100_ammo_modern_sub_machine_gun_carbine 12-26-2020, 8:10:58 PM
dmitriy(dmitriy) used a pack_of_100_ammo_modern_sub_machine_gun_carbine 12-26-2020, 8:10:58 PM
dmitriy(dmitriy) used a pack_of_100_ammo_modern_sub_machine_gun_carbine 12-26-2020, 8:10:58 PM
dmitriy(dmitriy) used a pack_of_100_ammo_modern_sub_machine_gun_carbine 12-26-2020, 8:10:58 PM
dmitriy(dmitriy) used a pack_of_100_ammo_modern_sub_machine_gun_carbine 12-26-2020, 8:10:58 PM
dmitriy(dmitriy) used a pack_of_100_ammo_modern_sub_machine_gun_carbine 12-26-2020, 8:10:58 PM
dmitriy(dmitriy) used a pack_of_100_ammo_modern_sub_machine_gun_carbine 12-26-2020, 8:10:58 PM
dmitriy(dmitriy) used a invisibility_shield 12-26-2020, 8:11:15 PM
dmitriy(dmitriy) used a guided_missile 12-26-2020, 8:14:26 PM
dmitriy(dmitriy) used a guided_missile 12-26-2020, 8:14:31 PM
dmitriy(dmitriy) used a guided_missile 12-26-2020, 8:14:32 PM
dmitriy(dmitriy) used a pack_of_5_mass_bomb 12-26-2020, 8:43:19 PM
dmitriy(dmitriy) used a aircraft 12-26-2020, 8:44:24 PM
dmitriy(dmitriy) used a aircraft 12-26-2020, 8:44:25 PM
dmitriy(dmitriy) used a health_drink 12-26-2020, 8:46:05 PM
dmitriy(dmitriy) used a health_drink 12-26-2020, 8:46:28 PM
dmitriy(dmitriy) used a health_drink 12-26-2020, 8:46:29 PM
dmitriy(dmitriy) used a hand_grenade 12-26-2020, 8:46:54 PM
dmitriy(dmitriy) used a hand_grenade 12-26-2020, 8:47:35 PM
dmitriy(dmitriy) used a hand_grenade 12-26-2020, 8:47:35 PM
dmitriy(dmitriy) used a hand_grenade 12-26-2020, 8:47:35 PM
dmitriy(dmitriy) used a health_drink 12-26-2020, 8:47:38 PM
dmitriy(dmitriy) used a health_drink 12-26-2020, 8:47:38 PM
dmitriy(dmitriy) used a health_drink 12-26-2020, 8:47:39 PM
dmitriy(dmitriy) used a health_drink 12-26-2020, 8:47:47 PM
dmitriy(dmitriy) used a health_drink 12-26-2020, 8:47:47 PM
dmitriy(dmitriy) used a health_drink 12-26-2020, 8:47:55 PM
dmitriy(dmitriy) used a health_drink 12-26-2020, 8:47:55 PM
dmitriy(dmitriy) used a health_drink 12-26-2020, 8:47:55 PM
dmitriy(dmitriy) used a health_drink 12-26-2020, 8:48:01 PM
dmitriy(dmitriy) used a health_drink 12-26-2020, 8:48:02 PM
dmitriy(dmitriy) used a health_drink 12-26-2020, 8:48:11 PM
dmitriy(dmitriy) used a health_drink 12-26-2020, 8:48:11 PM
dmitriy(dmitriy) used a health_drink 12-26-2020, 8:48:12 PM
dmitriy(dmitriy) used a health_drink 12-26-2020, 8:48:12 PM
dmitriy(dmitriy) used a health_drink 12-26-2020, 8:48:12 PM
dmitriy(dmitriy) used a health_drink 12-26-2020, 8:48:13 PM
dmitriy(dmitriy) used a health_drink 12-26-2020, 8:48:13 PM
dmitriy(dmitriy) used a health_drink 12-26-2020, 8:48:27 PM
dmitriy(dmitriy) used a health_drink 12-26-2020, 8:48:27 PM
dmitriy(dmitriy) used a health_drink 12-26-2020, 8:48:49 PM
dmitriy(dmitriy) used a health_drink 12-26-2020, 8:48:49 PM
dmitriy(dmitriy) used a health_drink 12-26-2020, 8:48:57 PM
dmitriy(dmitriy) used a health_drink 12-26-2020, 8:48:57 PM
dmitriy(dmitriy) used a shield 12-26-2020, 8:50:36 PM
dmitriy(dmitriy) used a shield 12-26-2020, 8:50:36 PM
dmitriy(dmitriy) used a shield 12-26-2020, 8:50:36 PM
dmitriy(dmitriy) used a shield 12-26-2020, 8:50:36 PM
dmitriy(dmitriy) used a shield 12-26-2020, 8:50:36 PM
dmitriy(dmitriy) used a shield 12-26-2020, 8:50:37 PM
dmitriy(dmitriy) used a shield 12-26-2020, 8:50:37 PM
dmitriy(dmitriy) used a shield 12-26-2020, 8:50:37 PM
dmitriy(dmitriy) used a shield 12-26-2020, 8:50:37 PM
dmitriy(dmitriy) used a shield 12-26-2020, 8:50:37 PM
dmitriy(dmitriy) used a shield 12-26-2020, 8:50:38 PM
dmitriy(dmitriy) used a shield 12-26-2020, 8:50:38 PM
dmitriy(dmitriy) used a shield 12-26-2020, 8:50:38 PM
dmitriy(dmitriy) used a shield 12-26-2020, 8:50:38 PM
dmitriy(dmitriy) used a shield 12-26-2020, 8:50:38 PM
dmitriy(dmitriy) used a shield 12-26-2020, 8:50:39 PM
dmitriy(dmitriy) used a shield 12-26-2020, 8:50:39 PM
dmitriy(dmitriy) used a shield 12-26-2020, 8:50:39 PM
dmitriy(dmitriy) used a shield 12-26-2020, 8:50:39 PM
dmitriy(dmitriy) used a shield 12-26-2020, 8:50:39 PM
dmitriy(dmitriy) used a shield 12-26-2020, 8:50:40 PM
dmitriy(dmitriy) used a shield 12-26-2020, 8:50:40 PM
dmitriy(dmitriy) used a shield 12-26-2020, 8:50:40 PM
dmitriy(dmitriy) used a shield 12-26-2020, 8:50:40 PM
dmitriy(dmitriy) used a shield 12-26-2020, 8:50:40 PM
dmitriy(dmitriy) used a shield 12-26-2020, 8:50:40 PM
dmitriy(dmitriy) used a shield 12-26-2020, 8:50:41 PM
dmitriy(dmitriy) used a shield 12-26-2020, 8:50:41 PM
dmitriy(dmitriy) used a shield 12-26-2020, 8:50:41 PM
dmitriy(dmitriy) used a health_drink 12-26-2020, 8:51:25 PM
dmitriy(dmitriy) used a health_drink 12-26-2020, 8:51:25 PM
dmitriy(dmitriy) used a missile_interceptor 12-26-2020, 8:51:26 PM
dmitriy(dmitriy) used a hand_cannon 12-26-2020, 8:52:18 PM
dmitriy(dmitriy) used a hand_grenade 12-26-2020, 8:52:24 PM
dmitriy(dmitriy) used a hand_grenade 12-26-2020, 8:52:25 PM
dmitriy(dmitriy) used a mine 12-26-2020, 8:53:04 PM
dmitriy(dmitriy) used a mine 12-26-2020, 8:53:04 PM
dmitriy(dmitriy) used a mine 12-26-2020, 8:53:05 PM
dmitriy(dmitriy) used a mine 12-26-2020, 8:53:05 PM
dmitriy(dmitriy) used a mine 12-26-2020, 8:53:05 PM
dmitriy(dmitriy) used a mine 12-26-2020, 8:53:05 PM
dmitriy(dmitriy) used a mine 12-26-2020, 8:53:05 PM
dmitriy(dmitriy) used a mine 12-26-2020, 8:53:06 PM
dmitriy(dmitriy) used a mine 12-26-2020, 8:53:07 PM
dmitriy(dmitriy) used a mine 12-26-2020, 8:53:07 PM
dmitriy(dmitriy) used a mine 12-26-2020, 8:53:07 PM
dmitriy(dmitriy) used a mine 12-26-2020, 8:53:07 PM
dmitriy(dmitriy) used a mine 12-26-2020, 8:53:07 PM
dmitriy(dmitriy) used a mine 12-26-2020, 8:53:08 PM
dmitriy(dmitriy) used a mine 12-26-2020, 8:53:08 PM
dmitriy(dmitriy) used a mine 12-26-2020, 8:53:08 PM
dmitriy(dmitriy) used a mine 12-26-2020, 8:53:08 PM
dmitriy(dmitriy) used a mine 12-26-2020, 8:53:09 PM
dmitriy(dmitriy) used a mine 12-26-2020, 8:53:09 PM
dmitriy(dmitriy) used a mine 12-26-2020, 8:53:09 PM
dmitriy(dmitriy) used a mine 12-26-2020, 8:53:09 PM
dmitriy(dmitriy) used a mine 12-26-2020, 8:53:09 PM
dmitriy(dmitriy) used a mine 12-26-2020, 8:53:10 PM
dmitriy(dmitriy) used a mine 12-26-2020, 8:53:10 PM
dmitriy(dmitriy) used a mine 12-26-2020, 8:53:10 PM
dmitriy(dmitriy) used a mine 12-26-2020, 8:53:10 PM
dmitriy(dmitriy) used a mine 12-26-2020, 8:53:11 PM
dmitriy(dmitriy) used a mine 12-26-2020, 8:53:11 PM
dmitriy(dmitriy) used a mine 12-26-2020, 8:53:11 PM
dmitriy(dmitriy) used a mine 12-26-2020, 8:53:11 PM
dmitriy(dmitriy) used a mine 12-26-2020, 8:53:11 PM
dmitriy(dmitriy) used a mine 12-26-2020, 8:53:12 PM
dmitriy(dmitriy) used a mine 12-26-2020, 8:53:12 PM
dmitriy(dmitriy) used a mine 12-26-2020, 8:53:12 PM
dmitriy(dmitriy) used a mine 12-26-2020, 8:53:12 PM
dmitriy(dmitriy) used a mine 12-26-2020, 8:53:12 PM
dmitriy(dmitriy) used a motion_bomb 12-26-2020, 8:53:22 PM
dmitriy(dmitriy) used a motion_bomb 12-26-2020, 8:53:22 PM
dmitriy(dmitriy) used a motion_bomb 12-26-2020, 8:53:22 PM
dmitriy(dmitriy) used a motion_bomb 12-26-2020, 8:53:22 PM
dmitriy(dmitriy) used a motion_bomb 12-26-2020, 8:53:23 PM
dmitriy(dmitriy) used a motion_bomb 12-26-2020, 8:53:23 PM
dmitriy(dmitriy) used a motion_bomb 12-26-2020, 8:53:23 PM
dmitriy(dmitriy) used a motion_bomb 12-26-2020, 8:53:24 PM
dmitriy(dmitriy) used a motion_bomb 12-26-2020, 8:53:24 PM
dmitriy(dmitriy) used a motion_bomb 12-26-2020, 8:53:24 PM
dmitriy(dmitriy) used a motion_bomb 12-26-2020, 8:53:24 PM
dmitriy(dmitriy) used a motion_bomb 12-26-2020, 8:53:27 PM
dmitriy(dmitriy) used a motion_bomb 12-26-2020, 8:53:27 PM
dmitriy(dmitriy) used a motion_bomb 12-26-2020, 8:53:28 PM
dmitriy(dmitriy) used a motion_bomb 12-26-2020, 8:53:28 PM
dmitriy(dmitriy) used a motion_bomb 12-26-2020, 8:53:28 PM
dmitriy(dmitriy) used a motion_bomb 12-26-2020, 8:53:29 PM
dmitriy(dmitriy) used a motion_bomb 12-26-2020, 8:53:29 PM
dmitriy(dmitriy) used a motion_bomb 12-26-2020, 8:53:29 PM
dmitriy(dmitriy) used a frequency_scrambler 12-26-2020, 8:54:35 PM
dmitriy(dmitriy) used a frequency_scrambler 12-26-2020, 8:54:36 PM
dmitriy(dmitriy) used a frequency_scrambler 12-26-2020, 8:56:08 PM
dmitriy(dmitriy) used a mine 12-26-2020, 8:58:48 PM
dmitriy(dmitriy) used a mine 12-26-2020, 8:58:48 PM
dmitriy(dmitriy) used a mine 12-26-2020, 8:58:48 PM
dmitriy(dmitriy) used a mine 12-26-2020, 8:58:48 PM
dmitriy(dmitriy) used a mine 12-26-2020, 8:58:48 PM
dmitriy(dmitriy) used a mine 12-26-2020, 8:58:48 PM
dmitriy(dmitriy) used a mine 12-26-2020, 8:58:49 PM
dmitriy(dmitriy) used a mine 12-26-2020, 8:58:49 PM
dmitriy(dmitriy) used a mine 12-26-2020, 8:58:49 PM
dmitriy(dmitriy) used a mine 12-26-2020, 8:58:49 PM
dmitriy(dmitriy) used a mine 12-26-2020, 8:58:50 PM
dmitriy(dmitriy) used a mine 12-26-2020, 8:58:50 PM
dmitriy(dmitriy) used a mine 12-26-2020, 8:58:51 PM
dmitriy(dmitriy) used a mine 12-26-2020, 8:58:51 PM
dmitriy(dmitriy) used a mine 12-26-2020, 8:58:51 PM
dmitriy(dmitriy) used a mine 12-26-2020, 8:58:51 PM
dmitriy(dmitriy) used a mine 12-26-2020, 8:58:51 PM
dmitriy(dmitriy) used a mine 12-26-2020, 8:58:52 PM
dmitriy(dmitriy) used a mine 12-26-2020, 8:58:52 PM
dmitriy(dmitriy) used a mine 12-26-2020, 8:58:52 PM
dmitriy(dmitriy) used a mine 12-26-2020, 8:58:52 PM
dmitriy(dmitriy) used a mine 12-26-2020, 8:58:53 PM
dmitriy(dmitriy) used a mine 12-26-2020, 8:58:53 PM
dmitriy(dmitriy) used a mine 12-26-2020, 8:58:54 PM
dmitriy(dmitriy) used a mine 12-26-2020, 8:58:54 PM
dmitriy(dmitriy) used a mine 12-26-2020, 8:58:54 PM
dmitriy(dmitriy) used a mine 12-26-2020, 8:58:54 PM
dmitriy(dmitriy) used a mine 12-26-2020, 8:58:54 PM
dmitriy(dmitriy) used a mine 12-26-2020, 8:58:54 PM
dmitriy(dmitriy) used a mine 12-26-2020, 8:58:55 PM
dmitriy(dmitriy) used a mine 12-26-2020, 8:58:55 PM
dmitriy(dmitriy) used a mine 12-26-2020, 8:58:55 PM
dmitriy(dmitriy) used a mine 12-26-2020, 8:58:56 PM
dmitriy(dmitriy) used a mine 12-26-2020, 8:58:56 PM
dmitriy(dmitriy) used a mine 12-26-2020, 8:58:56 PM
dmitriy(dmitriy) used a mine 12-26-2020, 8:58:56 PM
dmitriy(dmitriy) used a mine 12-26-2020, 8:58:57 PM
dmitriy(dmitriy) used a mine 12-26-2020, 8:58:57 PM
dmitriy(dmitriy) used a mine 12-26-2020, 8:58:57 PM
dmitriy(dmitriy) used a mine 12-26-2020, 8:58:57 PM
dmitriy(dmitriy) used a mine 12-26-2020, 8:59:06 PM
dmitriy(dmitriy) used a mine 12-26-2020, 8:59:06 PM
dmitriy(dmitriy) used a mine 12-26-2020, 8:59:06 PM
dmitriy(dmitriy) used a mine 12-26-2020, 8:59:07 PM
dmitriy(dmitriy) used a mine 12-26-2020, 8:59:07 PM
dmitriy(dmitriy) used a mine 12-26-2020, 8:59:07 PM
dmitriy(dmitriy) used a mine 12-26-2020, 8:59:07 PM
dmitriy(dmitriy) used a mine 12-26-2020, 8:59:08 PM
dmitriy(dmitriy) used a mine 12-26-2020, 8:59:10 PM
dmitriy(dmitriy) used a mine 12-26-2020, 8:59:10 PM
dmitriy(dmitriy) used a mine 12-26-2020, 8:59:11 PM
dmitriy(dmitriy) used a mine 12-26-2020, 8:59:11 PM
dmitriy(dmitriy) used a mine 12-26-2020, 8:59:11 PM
dmitriy(dmitriy) used a mine 12-26-2020, 8:59:11 PM
dmitriy(dmitriy) used a mine 12-26-2020, 8:59:11 PM
dmitriy(dmitriy) used a mine 12-26-2020, 8:59:11 PM
dmitriy(dmitriy) used a mine 12-26-2020, 8:59:12 PM
dmitriy(dmitriy) used a mine 12-26-2020, 8:59:12 PM
dmitriy(dmitriy) used a mine 12-26-2020, 8:59:12 PM
dmitriy(dmitriy) used a mine 12-26-2020, 8:59:12 PM
dmitriy(dmitriy) used a mine 12-26-2020, 8:59:12 PM
dmitriy(dmitriy) used a mine 12-26-2020, 8:59:12 PM
dmitriy(dmitriy) used a mine 12-26-2020, 8:59:13 PM
dmitriy(dmitriy) used a mine 12-26-2020, 8:59:13 PM
dmitriy(dmitriy) used a mine 12-26-2020, 8:59:13 PM
dmitriy(dmitriy) used a mine 12-26-2020, 8:59:13 PM
dmitriy(dmitriy) used a mine 12-26-2020, 8:59:13 PM
dmitriy(dmitriy) used a mine 12-26-2020, 8:59:13 PM
dmitriy(dmitriy) used a mine 12-26-2020, 8:59:13 PM
dmitriy(dmitriy) used a mine 12-26-2020, 8:59:14 PM
dmitriy(dmitriy) used a mine 12-26-2020, 8:59:14 PM
dmitriy(dmitriy) used a mine 12-26-2020, 8:59:14 PM
dmitriy(dmitriy) used a mine 12-26-2020, 8:59:14 PM
dmitriy(dmitriy) used a mine 12-26-2020, 8:59:15 PM
dmitriy(dmitriy) used a mine 12-26-2020, 8:59:15 PM
dmitriy(dmitriy) used a mine 12-26-2020, 8:59:15 PM
dmitriy(dmitriy) used a mine 12-26-2020, 8:59:16 PM
dmitriy(dmitriy) used a mine 12-26-2020, 8:59:16 PM
dmitriy(dmitriy) used a mine 12-26-2020, 8:59:16 PM
dmitriy(dmitriy) used a mine 12-26-2020, 8:59:16 PM
dmitriy(dmitriy) used a mine 12-26-2020, 8:59:17 PM
dmitriy(dmitriy) used a mine 12-26-2020, 8:59:17 PM
dmitriy(dmitriy) used a mine 12-26-2020, 8:59:18 PM
dmitriy(dmitriy) used a mine 12-26-2020, 8:59:18 PM
dmitriy(dmitriy) used a mine 12-26-2020, 8:59:18 PM
dmitriy(dmitriy) used a mine 12-26-2020, 8:59:18 PM
dmitriy(dmitriy) used a mine 12-26-2020, 8:59:19 PM
dmitriy(dmitriy) used a mine 12-26-2020, 8:59:19 PM
dmitriy(dmitriy) used a mine 12-26-2020, 8:59:19 PM
dmitriy(dmitriy) used a mine 12-26-2020, 8:59:19 PM
dmitriy(dmitriy) used a mine 12-26-2020, 8:59:20 PM
dmitriy(dmitriy) used a mine 12-26-2020, 8:59:20 PM
dmitriy(dmitriy) used a mine 12-26-2020, 8:59:20 PM
dmitriy(dmitriy) used a mine 12-26-2020, 8:59:21 PM
dmitriy(dmitriy) used a mine 12-26-2020, 8:59:21 PM
dmitriy(dmitriy) used a mine 12-26-2020, 8:59:23 PM
dmitriy(dmitriy) used a mine 12-26-2020, 8:59:23 PM
dmitriy(dmitriy) used a mine 12-26-2020, 8:59:23 PM
dmitriy(dmitriy) used a mine 12-26-2020, 8:59:23 PM
dmitriy(dmitriy) used a mine 12-26-2020, 8:59:23 PM
dmitriy(dmitriy) used a mine 12-26-2020, 8:59:24 PM
dmitriy(dmitriy) used a mine 12-26-2020, 8:59:24 PM
dmitriy(dmitriy) used a mine 12-26-2020, 8:59:28 PM
dmitriy(dmitriy) used a mine 12-26-2020, 8:59:28 PM
dmitriy(dmitriy) used a mine 12-26-2020, 8:59:29 PM
dmitriy(dmitriy) used a mine 12-26-2020, 8:59:29 PM
dmitriy(dmitriy) used a mine 12-26-2020, 8:59:29 PM
dmitriy(dmitriy) used a mine 12-26-2020, 8:59:29 PM
dmitriy(dmitriy) used a mine 12-26-2020, 8:59:29 PM
dmitriy(dmitriy) used a mine 12-26-2020, 8:59:29 PM
dmitriy(dmitriy) used a mine 12-26-2020, 8:59:30 PM
dmitriy(dmitriy) used a mine 12-26-2020, 8:59:30 PM
dmitriy(dmitriy) used a mine 12-26-2020, 8:59:30 PM
dmitriy(dmitriy) used a mine 12-26-2020, 8:59:30 PM
dmitriy(dmitriy) used a mine 12-26-2020, 8:59:31 PM
dmitriy(dmitriy) used a mine 12-26-2020, 8:59:31 PM
dmitriy(dmitriy) used a mine 12-26-2020, 8:59:31 PM
dmitriy(dmitriy) used a mine 12-26-2020, 8:59:31 PM
dmitriy(dmitriy) used a mine 12-26-2020, 8:59:32 PM
dmitriy(dmitriy) used a mine 12-26-2020, 8:59:32 PM
dmitriy(dmitriy) used a mine 12-26-2020, 8:59:32 PM
dmitriy(dmitriy) used a mine 12-26-2020, 8:59:32 PM
dmitriy(dmitriy) used a mine 12-26-2020, 8:59:32 PM
dmitriy(dmitriy) used a mine 12-26-2020, 8:59:33 PM
dmitriy(dmitriy) used a mine 12-26-2020, 8:59:33 PM
dmitriy(dmitriy) used a mine 12-26-2020, 8:59:33 PM
dmitriy(dmitriy) used a mine 12-26-2020, 8:59:33 PM
dmitriy(dmitriy) used a mine 12-26-2020, 8:59:34 PM
dmitriy(dmitriy) used a mine 12-26-2020, 8:59:34 PM
dmitriy(dmitriy) used a mine 12-26-2020, 8:59:34 PM
dmitriy(dmitriy) used a mine 12-26-2020, 8:59:35 PM
dmitriy(dmitriy) used a mine 12-26-2020, 8:59:35 PM
dmitriy(dmitriy) used a mine 12-26-2020, 8:59:35 PM
dmitriy(dmitriy) used a mine 12-26-2020, 8:59:35 PM
dmitriy(dmitriy) used a mine 12-26-2020, 8:59:35 PM
dmitriy(dmitriy) used a mine 12-26-2020, 8:59:36 PM
dmitriy(dmitriy) used a mine 12-26-2020, 8:59:36 PM
dmitriy(dmitriy) used a mine 12-26-2020, 8:59:36 PM
dmitriy(dmitriy) used a mine 12-26-2020, 8:59:37 PM
dmitriy(dmitriy) used a mine 12-26-2020, 8:59:37 PM
dmitriy(dmitriy) used a mine 12-26-2020, 8:59:38 PM
dmitriy(dmitriy) used a mine 12-26-2020, 8:59:38 PM
dmitriy(dmitriy) used a mine 12-26-2020, 8:59:38 PM
dmitriy(dmitriy) used a mine 12-26-2020, 8:59:39 PM
dmitriy(dmitriy) used a mine 12-26-2020, 8:59:39 PM
dmitriy(dmitriy) used a mine 12-26-2020, 8:59:39 PM
dmitriy(dmitriy) used a mine 12-26-2020, 8:59:40 PM
dmitriy(dmitriy) used a mine 12-26-2020, 8:59:40 PM
dmitriy(dmitriy) used a mine 12-26-2020, 8:59:40 PM
dmitriy(dmitriy) used a mine 12-26-2020, 8:59:42 PM
dmitriy(dmitriy) used a mine 12-26-2020, 8:59:42 PM
dmitriy(dmitriy) used a mine 12-26-2020, 8:59:42 PM
dmitriy(dmitriy) used a mine 12-26-2020, 8:59:42 PM
dmitriy(dmitriy) used a mine 12-26-2020, 8:59:43 PM
dmitriy(dmitriy) used a mine 12-26-2020, 8:59:43 PM
dmitriy(dmitriy) used a mine 12-26-2020, 8:59:43 PM
dmitriy(dmitriy) used a mine 12-26-2020, 8:59:44 PM
dmitriy(dmitriy) used a mine 12-26-2020, 8:59:45 PM
dmitriy(dmitriy) used a mine 12-26-2020, 8:59:45 PM
dmitriy(dmitriy) used a mine 12-26-2020, 8:59:45 PM
dmitriy(dmitriy) used a mine 12-26-2020, 8:59:46 PM
dmitriy(dmitriy) used a mine 12-26-2020, 8:59:46 PM
dmitriy(dmitriy) used a mine 12-26-2020, 8:59:46 PM
dmitriy(dmitriy) used a mine 12-26-2020, 8:59:46 PM
dmitriy(dmitriy) used a mine 12-26-2020, 8:59:46 PM
dmitriy(dmitriy) used a mine 12-26-2020, 8:59:46 PM
dmitriy(dmitriy) used a mine 12-26-2020, 8:59:47 PM
dmitriy(dmitriy) used a mine 12-26-2020, 8:59:47 PM
dmitriy(dmitriy) used a mine 12-26-2020, 8:59:47 PM
dmitriy(dmitriy) used a mine 12-26-2020, 8:59:47 PM
dmitriy(dmitriy) used a mine 12-26-2020, 8:59:47 PM
dmitriy(dmitriy) used a mine 12-26-2020, 8:59:48 PM
dmitriy(dmitriy) used a mine 12-26-2020, 8:59:48 PM
dmitriy(dmitriy) used a mine 12-26-2020, 8:59:48 PM
dmitriy(dmitriy) used a mine 12-26-2020, 8:59:48 PM
dmitriy(dmitriy) used a mine 12-26-2020, 8:59:49 PM
dmitriy(dmitriy) used a mine 12-26-2020, 8:59:49 PM
dmitriy(dmitriy) used a mine 12-26-2020, 8:59:49 PM
dmitriy(dmitriy) used a mine 12-26-2020, 8:59:49 PM
dmitriy(dmitriy) used a mine 12-26-2020, 8:59:49 PM
dmitriy(dmitriy) used a mine 12-26-2020, 8:59:50 PM
dmitriy(dmitriy) used a mine 12-26-2020, 8:59:50 PM
dmitriy(dmitriy) used a mine 12-26-2020, 8:59:50 PM
dmitriy(dmitriy) used a mine 12-26-2020, 8:59:50 PM
dmitriy(dmitriy) used a mine 12-26-2020, 8:59:51 PM
dmitriy(dmitriy) used a mine 12-26-2020, 8:59:51 PM
dmitriy(dmitriy) used a mine 12-26-2020, 8:59:53 PM
dmitriy(dmitriy) used a mine 12-26-2020, 8:59:53 PM
dmitriy(dmitriy) used a mine 12-26-2020, 8:59:53 PM
dmitriy(dmitriy) used a mine 12-26-2020, 8:59:54 PM
dmitriy(dmitriy) used a mine 12-26-2020, 8:59:54 PM
dmitriy(dmitriy) used a mine 12-26-2020, 8:59:54 PM
dmitriy(dmitriy) used a mine 12-26-2020, 8:59:57 PM
dmitriy(dmitriy) used a mine 12-26-2020, 8:59:57 PM
dmitriy(dmitriy) used a mine 12-26-2020, 8:59:58 PM
dmitriy(dmitriy) used a mine 12-26-2020, 8:59:58 PM
dmitriy(dmitriy) used a mine 12-26-2020, 8:59:58 PM
dmitriy(dmitriy) used a mine 12-26-2020, 8:59:58 PM
dmitriy(dmitriy) used a mine 12-26-2020, 8:59:59 PM
dmitriy(dmitriy) used a mine 12-26-2020, 8:59:59 PM
dmitriy(dmitriy) used a mine 12-26-2020, 8:59:59 PM
dmitriy(dmitriy) used a mine 12-26-2020, 8:59:59 PM
dmitriy(dmitriy) used a mine 12-26-2020, 8:59:59 PM
dmitriy(dmitriy) used a mine 12-26-2020, 9:00:00 PM
dmitriy(dmitriy) used a mine 12-26-2020, 9:00:00 PM
dmitriy(dmitriy) used a mine 12-26-2020, 9:00:00 PM
dmitriy(dmitriy) used a mine 12-26-2020, 9:00:00 PM
dmitriy(dmitriy) used a mine 12-26-2020, 9:00:00 PM
dmitriy(dmitriy) used a mine 12-26-2020, 9:00:01 PM
dmitriy(dmitriy) used a mine 12-26-2020, 9:00:01 PM
dmitriy(dmitriy) used a mine 12-26-2020, 9:00:01 PM
dmitriy(dmitriy) used a mine 12-26-2020, 9:00:01 PM
dmitriy(dmitriy) used a mine 12-26-2020, 9:00:01 PM
dmitriy(dmitriy) used a mine 12-26-2020, 9:00:01 PM
dmitriy(dmitriy) used a mine 12-26-2020, 9:00:02 PM
dmitriy(dmitriy) used a mine 12-26-2020, 9:00:02 PM
dmitriy(dmitriy) used a mine 12-26-2020, 9:00:02 PM
dmitriy(dmitriy) used a mine 12-26-2020, 9:00:03 PM
dmitriy(dmitriy) used a mine 12-26-2020, 9:00:19 PM
dmitriy(dmitriy) used a mine 12-26-2020, 9:00:19 PM
dmitriy(dmitriy) used a mine 12-26-2020, 9:00:19 PM
dmitriy(dmitriy) used a mine 12-26-2020, 9:00:19 PM
dmitriy(dmitriy) used a mine 12-26-2020, 9:00:19 PM
dmitriy(dmitriy) used a mine 12-26-2020, 9:00:20 PM
dmitriy(dmitriy) used a bullet_bomb 12-26-2020, 9:00:35 PM
dmitriy(dmitriy) used a bullet_bomb 12-26-2020, 9:00:37 PM
dmitriy(dmitriy) used a bottle_bomb 12-26-2020, 9:00:40 PM
dmitriy(dmitriy) used a bottle_bomb 12-26-2020, 9:00:42 PM
dmitriy(dmitriy) used a barricade_bomb 12-26-2020, 9:00:58 PM
dmitriy(dmitriy) used a barricade_bomb 12-26-2020, 9:01:16 PM
dmitriy(dmitriy) used a barricade_bomb 12-26-2020, 9:01:36 PM
dmitriy(dmitriy) used a barricade_bomb 12-26-2020, 9:02:09 PM
dmitriy(dmitriy) used a barricade_bomb 12-26-2020, 9:02:25 PM
dmitriy(dmitriy) used a barricade_bomb 12-26-2020, 9:02:45 PM
dmitriy(dmitriy) used a barricade_bomb 12-26-2020, 9:03:07 PM
dmitriy(dmitriy) used a barricade_bomb 12-26-2020, 9:03:24 PM
dmitriy(dmitriy) used a armored_tank 12-26-2020, 9:03:51 PM
dmitriy(dmitriy) used a frequency_scrambler 12-26-2020, 9:04:03 PM
dmitriy(dmitriy) used a impact_bomb 12-26-2020, 9:04:11 PM
dmitriy(dmitriy) used a impact_bomb 12-26-2020, 9:04:11 PM
dmitriy(dmitriy) used a impact_bomb 12-26-2020, 9:04:12 PM
dmitriy(dmitriy) used a impact_bomb 12-26-2020, 9:04:12 PM
dmitriy(dmitriy) used a impact_bomb 12-26-2020, 9:04:13 PM
dmitriy(dmitriy) used a impact_bomb 12-26-2020, 9:04:13 PM
dmitriy(dmitriy) used a impact_bomb 12-26-2020, 9:04:13 PM
dmitriy(dmitriy) used a impact_bomb 12-26-2020, 9:04:13 PM
dmitriy(dmitriy) used a impact_bomb 12-26-2020, 9:04:14 PM
dmitriy(dmitriy) used a impact_bomb 12-26-2020, 9:04:14 PM
dmitriy(dmitriy) used a impact_bomb 12-26-2020, 9:04:14 PM
dmitriy(dmitriy) used a impact_bomb 12-26-2020, 9:04:18 PM
dmitriy(dmitriy) used a impact_bomb 12-26-2020, 9:04:18 PM
dmitriy(dmitriy) used a impact_bomb 12-26-2020, 9:04:25 PM
dmitriy(dmitriy) used a impact_bomb 12-26-2020, 9:04:28 PM
dmitriy(dmitriy) used a impact_bomb 12-26-2020, 9:04:29 PM
dmitriy(dmitriy) used a impact_bomb 12-26-2020, 9:04:36 PM
dmitriy(dmitriy) used a impact_bomb 12-26-2020, 9:04:42 PM
dmitriy(dmitriy) used a impact_bomb 12-26-2020, 9:04:46 PM
dmitriy(dmitriy) used a health_drink 12-26-2020, 9:05:40 PM
dmitriy(dmitriy) used a health_drink 12-26-2020, 9:05:40 PM
dmitriy(dmitriy) used a armored_tank 12-26-2020, 9:06:41 PM
dmitriy(dmitriy) used a armored_tank 12-26-2020, 9:06:41 PM
dmitriy(dmitriy) used a frequency_scrambler 12-26-2020, 9:06:56 PM
dmitriy(dmitriy) used a hand_grenade 12-26-2020, 9:07:13 PM
dmitriy(dmitriy) used a hand_grenade 12-26-2020, 9:07:19 PM
dmitriy(dmitriy) used a hand_grenade 12-26-2020, 9:07:19 PM
dmitriy(dmitriy) used a hand_grenade 12-26-2020, 9:07:20 PM
dmitriy(dmitriy) used a hand_grenade 12-26-2020, 9:07:29 PM
dmitriy(dmitriy) used a hand_grenade 12-26-2020, 9:07:29 PM
dmitriy(dmitriy) used a hand_grenade 12-26-2020, 9:07:30 PM
dmitriy(dmitriy) used a hand_grenade 12-26-2020, 9:07:30 PM
dmitriy(dmitriy) used a hand_grenade 12-26-2020, 9:07:30 PM
dmitriy(dmitriy) used a hand_grenade 12-26-2020, 9:07:41 PM
dmitriy(dmitriy) used a hand_grenade 12-26-2020, 9:07:44 PM
dmitriy(dmitriy) used a hand_grenade 12-26-2020, 9:07:51 PM
dmitriy(dmitriy) used a hand_grenade 12-26-2020, 9:07:52 PM
dmitriy(dmitriy) used a hand_grenade 12-26-2020, 9:07:58 PM
dmitriy(dmitriy) used a hand_grenade 12-26-2020, 9:08:05 PM
dmitriy(dmitriy) used a hand_grenade 12-26-2020, 9:08:15 PM
dmitriy(dmitriy) used a armored_tank 12-26-2020, 9:09:06 PM
dmitriy(dmitriy) used a armored_tank 12-26-2020, 9:09:41 PM
dmitriy(dmitriy) used a armored_tank 12-26-2020, 9:09:42 PM
dmitriy(dmitriy) used a hand_grenade 12-26-2020, 9:09:50 PM
dmitriy(dmitriy) used a aircraft 12-26-2020, 9:12:04 PM
dmitriy(dmitriy) used a armored_tank 12-26-2020, 9:12:15 PM
dmitriy(dmitriy) used a armored_tank 12-26-2020, 9:12:15 PM
dmitriy(dmitriy) used a frequency_scrambler 12-26-2020, 9:13:57 PM
dmitriy(dmitriy) used a frequency_scrambler 12-26-2020, 9:13:58 PM
dmitriy(dmitriy) used a frequency_scrambler 12-26-2020, 9:13:59 PM
dmitriy(dmitriy) used a frequency_scrambler 12-26-2020, 9:13:59 PM
dmitriy(dmitriy) used a frequency_scrambler 12-26-2020, 9:14:02 PM
dmitriy(dmitriy) used a frequency_scrambler 12-26-2020, 9:14:03 PM
dmitriy(dmitriy) used a frequency_scrambler 12-26-2020, 9:14:03 PM
dmitriy(dmitriy) used a frequency_scrambler 12-26-2020, 9:14:04 PM
dmitriy(dmitriy) used a frequency_scrambler 12-26-2020, 9:14:04 PM
dmitriy(dmitriy) used a frequency_scrambler 12-26-2020, 9:14:10 PM
dmitriy(dmitriy) used a frequency_scrambler 12-26-2020, 9:14:11 PM
dmitriy(dmitriy) used a frequency_scrambler 12-26-2020, 9:14:11 PM
dmitriy(dmitriy) used a frequency_scrambler 12-26-2020, 9:14:17 PM
dmitriy(dmitriy) used a frequency_scrambler 12-26-2020, 9:14:18 PM
dmitriy(dmitriy) used a frequency_scrambler 12-26-2020, 9:14:18 PM
dmitriy(dmitriy) used a frequency_scrambler 12-26-2020, 9:14:36 PM
dmitriy(dmitriy) used a frequency_scrambler 12-26-2020, 9:14:37 PM
dmitriy(dmitriy) used a frequency_scrambler 12-26-2020, 9:14:37 PM
dmitriy(dmitriy) used a frequency_scrambler 12-26-2020, 9:14:38 PM
dmitriy(dmitriy) used a frequency_scrambler 12-26-2020, 9:14:38 PM
dmitriy(dmitriy) used a frequency_scrambler 12-26-2020, 9:14:50 PM
dmitriy(dmitriy) used a frequency_scrambler 12-26-2020, 9:14:50 PM
dmitriy(dmitriy) used a frequency_scrambler 12-26-2020, 9:14:50 PM
dmitriy(dmitriy) used a frequency_scrambler 12-26-2020, 9:14:50 PM
dmitriy(dmitriy) used a frequency_scrambler 12-26-2020, 9:15:00 PM
dmitriy(dmitriy) used a frequency_scrambler 12-26-2020, 9:29:44 PM
dmitriy(dmitriy) used a frequency_scrambler 12-26-2020, 9:30:08 PM
dmitriy(dmitriy) used a frequency_scrambler 12-26-2020, 9:30:19 PM
dmitriy(dmitriy) used a frequency_scrambler 12-26-2020, 9:30:19 PM
dmitriy(dmitriy) used a frequency_scrambler 12-26-2020, 9:30:19 PM
dmitriy(dmitriy) used a frequency_scrambler 12-26-2020, 9:30:19 PM
dmitriy(dmitriy) used a frequency_scrambler 12-26-2020, 9:30:19 PM
dmitriy(dmitriy) used a frequency_scrambler 12-26-2020, 9:30:19 PM
dmitriy(dmitriy) used a frequency_scrambler 12-26-2020, 9:30:19 PM
dmitriy(dmitriy) used a frequency_scrambler 12-26-2020, 9:30:20 PM
dmitriy(dmitriy) used a frequency_scrambler 12-26-2020, 9:30:20 PM
dmitriy(dmitriy) used a frequency_scrambler 12-26-2020, 9:30:20 PM
dmitriy(dmitriy) used a frequency_scrambler 12-26-2020, 9:30:20 PM
dmitriy(dmitriy) used a frequency_scrambler 12-26-2020, 9:30:20 PM
dmitriy(dmitriy) used a frequency_scrambler 12-26-2020, 9:30:20 PM
dmitriy(dmitriy) used a frequency_scrambler 12-26-2020, 9:30:21 PM
dmitriy(dmitriy) used a frequency_scrambler 12-26-2020, 9:30:21 PM
dmitriy(dmitriy) used a frequency_scrambler 12-26-2020, 9:30:22 PM
dmitriy(dmitriy) used a frequency_scrambler 12-26-2020, 9:30:22 PM
dmitriy(dmitriy) used a frequency_scrambler 12-26-2020, 9:30:22 PM
dmitriy(dmitriy) used a frequency_scrambler 12-26-2020, 9:30:22 PM
dmitriy(dmitriy) used a frequency_scrambler 12-26-2020, 9:30:22 PM
dmitriy(dmitriy) used a frequency_scrambler 12-26-2020, 9:30:23 PM
dmitriy(dmitriy) used a frequency_scrambler 12-26-2020, 9:30:23 PM
dmitriy(dmitriy) used a frequency_scrambler 12-26-2020, 9:30:23 PM
dmitriy(dmitriy) used a frequency_scrambler 12-26-2020, 9:30:23 PM
dmitriy(dmitriy) used a frequency_scrambler 12-26-2020, 9:30:23 PM
dmitriy(dmitriy) used a frequency_scrambler 12-26-2020, 9:30:23 PM
dmitriy(dmitriy) used a frequency_scrambler 12-26-2020, 9:30:23 PM
dmitriy(dmitriy) used a frequency_scrambler 12-26-2020, 9:30:24 PM
dmitriy(dmitriy) used a frequency_scrambler 12-26-2020, 9:30:24 PM
dmitriy(dmitriy) used a frequency_scrambler 12-26-2020, 9:30:24 PM
dmitriy(dmitriy) used a frequency_scrambler 12-26-2020, 9:30:24 PM
dmitriy(dmitriy) used a frequency_scrambler 12-26-2020, 9:30:24 PM
dmitriy(dmitriy) used a frequency_scrambler 12-26-2020, 9:30:24 PM
dmitriy(dmitriy) used a frequency_scrambler 12-26-2020, 9:30:25 PM
dmitriy(dmitriy) used a frequency_scrambler 12-26-2020, 9:30:25 PM
dmitriy(dmitriy) used a frequency_scrambler 12-26-2020, 9:30:25 PM
dmitriy(dmitriy) used a frequency_scrambler 12-26-2020, 9:30:25 PM
dmitriy(dmitriy) used a frequency_scrambler 12-26-2020, 9:30:25 PM
dmitriy(dmitriy) used a frequency_scrambler 12-26-2020, 9:30:25 PM
dmitriy(dmitriy) used a frequency_scrambler 12-26-2020, 9:30:26 PM
dmitriy(dmitriy) used a frequency_scrambler 12-26-2020, 9:30:26 PM
dmitriy(dmitriy) used a frequency_scrambler 12-26-2020, 9:30:26 PM
dmitriy(dmitriy) used a frequency_scrambler 12-26-2020, 9:30:26 PM
dmitriy(dmitriy) used a frequency_scrambler 12-26-2020, 9:30:26 PM
dmitriy(dmitriy) used a frequency_scrambler 12-26-2020, 9:30:27 PM
dmitriy(dmitriy) used a frequency_scrambler 12-26-2020, 9:30:27 PM
dmitriy(dmitriy) used a frequency_scrambler 12-26-2020, 9:30:27 PM
dmitriy(dmitriy) used a frequency_scrambler 12-26-2020, 9:30:27 PM
dmitriy(dmitriy) used a frequency_scrambler 12-26-2020, 9:30:27 PM
dmitriy(dmitriy) used a frequency_scrambler 12-26-2020, 9:30:27 PM
dmitriy(dmitriy) used a frequency_scrambler 12-26-2020, 9:30:28 PM
dmitriy(dmitriy) used a frequency_scrambler 12-26-2020, 9:30:28 PM
dmitriy(dmitriy) used a frequency_scrambler 12-26-2020, 9:30:28 PM
dmitriy(dmitriy) used a frequency_scrambler 12-26-2020, 9:30:28 PM
dmitriy(dmitriy) used a frequency_scrambler 12-26-2020, 9:30:28 PM
dmitriy(dmitriy) used a frequency_scrambler 12-26-2020, 9:30:28 PM
dmitriy(dmitriy) used a frequency_scrambler 12-26-2020, 9:30:29 PM
dmitriy(dmitriy) used a frequency_scrambler 12-26-2020, 9:30:29 PM
dmitriy(dmitriy) used a frequency_scrambler 12-26-2020, 9:30:29 PM
dmitriy(dmitriy) used a frequency_scrambler 12-26-2020, 9:30:29 PM
dmitriy(dmitriy) used a frequency_scrambler 12-26-2020, 9:30:29 PM
dmitriy(dmitriy) used a frequency_scrambler 12-26-2020, 9:30:36 PM
dmitriy(dmitriy) used a frequency_scrambler 12-26-2020, 9:30:36 PM
dmitriy(dmitriy) used a frequency_scrambler 12-26-2020, 9:30:36 PM
dmitriy(dmitriy) used a frequency_scrambler 12-26-2020, 9:30:36 PM
dmitriy(dmitriy) used a frequency_scrambler 12-26-2020, 9:30:36 PM
dmitriy(dmitriy) used a frequency_scrambler 12-26-2020, 9:30:36 PM
dmitriy(dmitriy) used a frequency_scrambler 12-26-2020, 9:30:37 PM
dmitriy(dmitriy) used a frequency_scrambler 12-26-2020, 9:30:37 PM
dmitriy(dmitriy) used a frequency_scrambler 12-26-2020, 9:30:37 PM
dmitriy(dmitriy) used a frequency_scrambler 12-26-2020, 9:30:37 PM
dmitriy(dmitriy) used a frequency_scrambler 12-26-2020, 9:30:37 PM
dmitriy(dmitriy) used a frequency_scrambler 12-26-2020, 9:30:37 PM
dmitriy(dmitriy) used a frequency_scrambler 12-26-2020, 9:30:37 PM
dmitriy(dmitriy) used a frequency_scrambler 12-26-2020, 9:30:37 PM
dmitriy(dmitriy) used a frequency_scrambler 12-26-2020, 9:30:38 PM
dmitriy(dmitriy) used a frequency_scrambler 12-26-2020, 9:30:38 PM
dmitriy(dmitriy) used a frequency_scrambler 12-26-2020, 9:30:38 PM
dmitriy(dmitriy) used a frequency_scrambler 12-26-2020, 9:30:38 PM
dmitriy(dmitriy) used a frequency_scrambler 12-26-2020, 9:30:38 PM
dmitriy(dmitriy) used a frequency_scrambler 12-26-2020, 9:30:38 PM
dmitriy(dmitriy) used a frequency_scrambler 12-26-2020, 9:30:38 PM
dmitriy(dmitriy) used a frequency_scrambler 12-26-2020, 9:30:39 PM
dmitriy(dmitriy) used a frequency_scrambler 12-26-2020, 9:30:39 PM
dmitriy(dmitriy) used a frequency_scrambler 12-26-2020, 9:30:39 PM
dmitriy(dmitriy) used a frequency_scrambler 12-26-2020, 9:30:39 PM
dmitriy(dmitriy) used a frequency_scrambler 12-26-2020, 9:30:40 PM
dmitriy(dmitriy) used a frequency_scrambler 12-26-2020, 9:30:40 PM
dmitriy(dmitriy) used a frequency_scrambler 12-26-2020, 9:30:40 PM
dmitriy(dmitriy) used a frequency_scrambler 12-26-2020, 9:30:40 PM
dmitriy(dmitriy) used a frequency_scrambler 12-26-2020, 9:30:40 PM
dmitriy(dmitriy) used a frequency_scrambler 12-26-2020, 9:30:41 PM
dmitriy(dmitriy) used a frequency_scrambler 12-26-2020, 9:30:41 PM
dmitriy(dmitriy) used a frequency_scrambler 12-26-2020, 9:30:41 PM
dmitriy(dmitriy) used a frequency_scrambler 12-26-2020, 9:30:41 PM
dmitriy(dmitriy) used a frequency_scrambler 12-26-2020, 9:30:41 PM
dmitriy(dmitriy) used a frequency_scrambler 12-26-2020, 9:30:41 PM
dmitriy(dmitriy) used a frequency_scrambler 12-26-2020, 9:30:42 PM
dmitriy(dmitriy) used a frequency_scrambler 12-26-2020, 9:30:42 PM
dmitriy(dmitriy) used a frequency_scrambler 12-26-2020, 9:30:42 PM
dmitriy(dmitriy) used a frequency_scrambler 12-26-2020, 9:30:42 PM
dmitriy(dmitriy) used a frequency_scrambler 12-26-2020, 9:30:42 PM
dmitriy(dmitriy) used a frequency_scrambler 12-26-2020, 9:30:43 PM
dmitriy(dmitriy) used a frequency_scrambler 12-26-2020, 9:30:43 PM
dmitriy(dmitriy) used a frequency_scrambler 12-26-2020, 9:30:43 PM
dmitriy(dmitriy) used a frequency_scrambler 12-26-2020, 9:30:43 PM
dmitriy(dmitriy) used a frequency_scrambler 12-26-2020, 9:30:43 PM
dmitriy(dmitriy) used a frequency_scrambler 12-26-2020, 9:30:44 PM
dmitriy(dmitriy) used a frequency_scrambler 12-26-2020, 9:30:44 PM
dmitriy(dmitriy) used a frequency_scrambler 12-26-2020, 9:30:44 PM
dmitriy(dmitriy) used a frequency_scrambler 12-26-2020, 9:30:44 PM
dmitriy(dmitriy) used a frequency_scrambler 12-26-2020, 9:30:44 PM
dmitriy(dmitriy) used a wood 12-26-2020, 9:30:46 PM
dmitriy(dmitriy) used a cannon 12-26-2020, 9:31:33 PM
dmitriy(dmitriy) used a frequency_scrambler 12-26-2020, 9:31:54 PM
dmitriy(dmitriy) used a frequency_scrambler 12-26-2020, 9:33:07 PM
dmitriy(dmitriy) used a hand_grenade 12-26-2020, 9:33:18 PM
dmitriy(dmitriy) used a hand_grenade 12-26-2020, 9:33:18 PM
dmitriy(dmitriy) used a hand_grenade 12-26-2020, 9:33:18 PM
dmitriy(dmitriy) used a hand_grenade 12-26-2020, 9:33:18 PM
dmitriy(dmitriy) used a hand_grenade 12-26-2020, 9:33:21 PM
dmitriy(dmitriy) used a hand_grenade 12-26-2020, 9:33:21 PM
dmitriy(dmitriy) used a hand_grenade 12-26-2020, 9:33:22 PM
dmitriy(dmitriy) used a hand_grenade 12-26-2020, 9:33:22 PM
dmitriy(dmitriy) used a hand_grenade 12-26-2020, 9:33:22 PM
dmitriy(dmitriy) used a hand_grenade 12-26-2020, 9:33:22 PM
dmitriy(dmitriy) used a hand_grenade 12-26-2020, 9:33:22 PM
dmitriy(dmitriy) used a hand_grenade 12-26-2020, 9:33:22 PM
dmitriy(dmitriy) used a hand_grenade 12-26-2020, 9:33:22 PM
dmitriy(dmitriy) used a hand_grenade 12-26-2020, 9:33:22 PM
dmitriy(dmitriy) used a hand_grenade 12-26-2020, 9:33:23 PM
dmitriy(dmitriy) used a hand_grenade 12-26-2020, 9:33:23 PM
dmitriy(dmitriy) used a hand_grenade 12-26-2020, 9:33:23 PM
dmitriy(dmitriy) used a hand_grenade 12-26-2020, 9:33:23 PM
dmitriy(dmitriy) used a hand_grenade 12-26-2020, 9:33:23 PM
dmitriy(dmitriy) used a hand_grenade 12-26-2020, 9:33:23 PM
dmitriy(dmitriy) used a hand_grenade 12-26-2020, 9:33:23 PM
dmitriy(dmitriy) used a hand_grenade 12-26-2020, 9:33:24 PM
dmitriy(dmitriy) used a hand_grenade 12-26-2020, 9:33:24 PM
dmitriy(dmitriy) used a hand_grenade 12-26-2020, 9:33:24 PM
dmitriy(dmitriy) used a hand_grenade 12-26-2020, 9:33:24 PM
dmitriy(dmitriy) used a hand_grenade 12-26-2020, 9:33:24 PM
dmitriy(dmitriy) used a hand_grenade 12-26-2020, 9:33:24 PM
dmitriy(dmitriy) used a hand_grenade 12-26-2020, 9:33:24 PM
dmitriy(dmitriy) used a hand_grenade 12-26-2020, 9:33:25 PM
dmitriy(dmitriy) used a hand_grenade 12-26-2020, 9:33:25 PM
dmitriy(dmitriy) used a hand_grenade 12-26-2020, 9:33:25 PM
dmitriy(dmitriy) used a hand_grenade 12-26-2020, 9:33:25 PM
dmitriy(dmitriy) used a hand_grenade 12-26-2020, 9:33:25 PM
dmitriy(dmitriy) used a hand_grenade 12-26-2020, 9:33:44 PM
dmitriy(dmitriy) used a hand_grenade 12-26-2020, 9:33:44 PM
dmitriy(dmitriy) used a hand_grenade 12-26-2020, 9:33:44 PM
dmitriy(dmitriy) used a hand_grenade 12-26-2020, 9:33:45 PM
dmitriy(dmitriy) used a hand_grenade 12-26-2020, 9:33:45 PM
dmitriy(dmitriy) used a hand_grenade 12-26-2020, 9:33:45 PM
dmitriy(dmitriy) used a hand_grenade 12-26-2020, 9:33:45 PM
dmitriy(dmitriy) used a hand_grenade 12-26-2020, 9:33:45 PM
dmitriy(dmitriy) used a hand_grenade 12-26-2020, 9:33:45 PM
dmitriy(dmitriy) used a hand_grenade 12-26-2020, 9:33:46 PM
dmitriy(dmitriy) used a hand_grenade 12-26-2020, 9:33:46 PM
dmitriy(dmitriy) used a hand_grenade 12-26-2020, 9:33:46 PM
dmitriy(dmitriy) used a hand_grenade 12-26-2020, 9:33:46 PM
dmitriy(dmitriy) used a hand_grenade 12-26-2020, 9:33:46 PM
dmitriy(dmitriy) used a hand_grenade 12-26-2020, 9:33:46 PM
dmitriy(dmitriy) used a hand_grenade 12-26-2020, 9:33:47 PM
dmitriy(dmitriy) used a hand_grenade 12-26-2020, 9:33:47 PM
dmitriy(dmitriy) used a hand_grenade 12-26-2020, 9:33:47 PM
dmitriy(dmitriy) used a hand_grenade 12-26-2020, 9:33:47 PM
dmitriy(dmitriy) used a hand_grenade 12-26-2020, 9:33:47 PM
dmitriy(dmitriy) used a hand_grenade 12-26-2020, 9:33:48 PM
dmitriy(dmitriy) used a hand_grenade 12-26-2020, 9:33:48 PM
dmitriy(dmitriy) used a hand_grenade 12-26-2020, 9:33:48 PM
dmitriy(dmitriy) used a hand_grenade 12-26-2020, 9:33:48 PM
dmitriy(dmitriy) used a hand_grenade 12-26-2020, 9:33:49 PM
dmitriy(dmitriy) used a hand_grenade 12-26-2020, 9:33:49 PM
dmitriy(dmitriy) used a hand_grenade 12-26-2020, 9:33:49 PM
dmitriy(dmitriy) used a hand_grenade 12-26-2020, 9:33:49 PM
dmitriy(dmitriy) used a hand_grenade 12-26-2020, 9:33:49 PM
dmitriy(dmitriy) used a hand_grenade 12-26-2020, 9:33:50 PM
dmitriy(dmitriy) used a hand_grenade 12-26-2020, 9:33:50 PM
dmitriy(dmitriy) used a hand_grenade 12-26-2020, 9:33:50 PM
dmitriy(dmitriy) used a hand_grenade 12-26-2020, 9:33:51 PM
dmitriy(dmitriy) used a hand_grenade 12-26-2020, 9:33:51 PM
dmitriy(dmitriy) used a hand_grenade 12-26-2020, 9:33:54 PM
dmitriy(dmitriy) used a hand_grenade 12-26-2020, 9:33:54 PM
dmitriy(dmitriy) used a hand_grenade 12-26-2020, 9:33:54 PM
dmitriy(dmitriy) used a hand_grenade 12-26-2020, 9:33:55 PM
dmitriy(dmitriy) used a hand_grenade 12-26-2020, 9:33:55 PM
dmitriy(dmitriy) used a hand_grenade 12-26-2020, 9:33:55 PM
dmitriy(dmitriy) used a hand_grenade 12-26-2020, 9:33:55 PM
dmitriy(dmitriy) used a hand_grenade 12-26-2020, 9:33:55 PM
dmitriy(dmitriy) used a hand_grenade 12-26-2020, 9:34:07 PM
dmitriy(dmitriy) used a aircraft 12-26-2020, 9:34:13 PM
dmitriy(dmitriy) used a hand_grenade 12-26-2020, 9:34:14 PM
dmitriy(dmitriy) used a stp429_mini_missile 12-26-2020, 9:34:15 PM
dmitriy(dmitriy) used a turret 12-26-2020, 9:34:15 PM
dmitriy(dmitriy) used a guided_missile 12-26-2020, 9:34:31 PM
dmitriy(dmitriy) used a health_drink 12-26-2020, 9:34:33 PM
dmitriy(dmitriy) used a missile_interceptor 12-26-2020, 9:34:35 PM
dmitriy(dmitriy) used a missile_interceptor 12-26-2020, 9:34:36 PM
dmitriy(dmitriy) used a aircraft 12-26-2020, 9:34:52 PM
dmitriy(dmitriy) used a hand_grenade 12-26-2020, 9:34:54 PM
dmitriy(dmitriy) used a hand_grenade 12-26-2020, 9:34:54 PM
dmitriy(dmitriy) used a hand_grenade 12-26-2020, 9:34:55 PM
dmitriy(dmitriy) used a hand_grenade 12-26-2020, 9:34:55 PM
dmitriy(dmitriy) used a hand_grenade 12-26-2020, 9:34:55 PM
dmitriy(dmitriy) used a hand_grenade 12-26-2020, 9:34:55 PM
dmitriy(dmitriy) used a hand_grenade 12-26-2020, 9:34:55 PM
dmitriy(dmitriy) used a hand_grenade 12-26-2020, 9:34:55 PM
dmitriy(dmitriy) used a hand_grenade 12-26-2020, 9:34:55 PM
dmitriy(dmitriy) used a hand_grenade 12-26-2020, 9:34:56 PM
dmitriy(dmitriy) used a hand_grenade 12-26-2020, 9:34:56 PM
dmitriy(dmitriy) used a hand_grenade 12-26-2020, 9:35:03 PM
dmitriy(dmitriy) used a hand_grenade 12-26-2020, 9:35:04 PM
dmitriy(dmitriy) used a hand_grenade 12-26-2020, 9:35:04 PM
dmitriy(dmitriy) used a hand_grenade 12-26-2020, 9:35:04 PM
dmitriy(dmitriy) used a hand_grenade 12-26-2020, 9:35:04 PM
dmitriy(dmitriy) used a hand_grenade 12-26-2020, 9:35:04 PM
dmitriy(dmitriy) used a hand_grenade 12-26-2020, 9:35:04 PM
dmitriy(dmitriy) used a hand_grenade 12-26-2020, 9:35:04 PM
dmitriy(dmitriy) used a hand_grenade 12-26-2020, 9:35:05 PM
dmitriy(dmitriy) used a hand_grenade 12-26-2020, 9:35:05 PM
dmitriy(dmitriy) used a hand_grenade 12-26-2020, 9:35:05 PM
dmitriy(dmitriy) used a hand_grenade 12-26-2020, 9:35:05 PM
dmitriy(dmitriy) used a hand_grenade 12-26-2020, 9:35:05 PM
dmitriy(dmitriy) used a hand_cannon 12-26-2020, 9:35:11 PM
dmitriy(dmitriy) used a hand_cannon 12-26-2020, 9:35:19 PM
dmitriy(dmitriy) used a hand_grenade 12-26-2020, 9:35:25 PM
dmitriy(dmitriy) used a hand_grenade 12-26-2020, 9:35:25 PM
dmitriy(dmitriy) used a hand_grenade 12-26-2020, 9:35:25 PM
dmitriy(dmitriy) used a hand_grenade 12-26-2020, 9:35:25 PM
dmitriy(dmitriy) used a hand_grenade 12-26-2020, 9:35:26 PM
dmitriy(dmitriy) used a hand_grenade 12-26-2020, 9:35:26 PM
dmitriy(dmitriy) used a hand_grenade 12-26-2020, 9:35:26 PM
dmitriy(dmitriy) used a hand_grenade 12-26-2020, 9:35:26 PM
dmitriy(dmitriy) used a hand_grenade 12-26-2020, 9:35:26 PM
dmitriy(dmitriy) used a hand_grenade 12-26-2020, 9:35:26 PM
dmitriy(dmitriy) used a hand_grenade 12-26-2020, 9:35:26 PM
dmitriy(dmitriy) used a hand_grenade 12-26-2020, 9:35:29 PM
dmitriy(dmitriy) used a hand_grenade 12-26-2020, 9:35:29 PM
dmitriy(dmitriy) used a hand_grenade 12-26-2020, 9:35:29 PM
dmitriy(dmitriy) used a hand_grenade 12-26-2020, 9:35:30 PM
dmitriy(dmitriy) used a hand_grenade 12-26-2020, 9:35:30 PM
dmitriy(dmitriy) used a hand_grenade 12-26-2020, 9:35:30 PM
dmitriy(dmitriy) used a hand_grenade 12-26-2020, 9:35:30 PM
dmitriy(dmitriy) used a hand_grenade 12-26-2020, 9:35:31 PM
dmitriy(dmitriy) used a hand_grenade 12-26-2020, 9:35:31 PM
dmitriy(dmitriy) used a hand_grenade 12-26-2020, 9:35:31 PM
dmitriy(dmitriy) used a hand_grenade 12-26-2020, 9:35:31 PM
dmitriy(dmitriy) used a hand_grenade 12-26-2020, 9:35:31 PM
dmitriy(dmitriy) used a hand_grenade 12-26-2020, 9:35:32 PM
dmitriy(dmitriy) used a hand_grenade 12-26-2020, 9:35:34 PM
dmitriy(dmitriy) used a hand_grenade 12-26-2020, 9:35:35 PM
dmitriy(dmitriy) used a hand_grenade 12-26-2020, 9:35:35 PM
dmitriy(dmitriy) used a hand_grenade 12-26-2020, 9:35:35 PM
dmitriy(dmitriy) used a hand_grenade 12-26-2020, 9:35:36 PM
dmitriy(dmitriy) used a hand_grenade 12-26-2020, 9:35:36 PM
dmitriy(dmitriy) used a hand_grenade 12-26-2020, 9:35:36 PM
dmitriy(dmitriy) used a hand_grenade 12-26-2020, 9:35:36 PM
dmitriy(dmitriy) used a hand_grenade 12-26-2020, 9:35:36 PM
dmitriy(dmitriy) used a hand_grenade 12-26-2020, 9:35:40 PM
dmitriy(dmitriy) used a hand_grenade 12-26-2020, 9:35:40 PM
dmitriy(dmitriy) used a hand_grenade 12-26-2020, 9:35:40 PM
dmitriy(dmitriy) used a hand_grenade 12-26-2020, 9:35:40 PM
dmitriy(dmitriy) used a hand_grenade 12-26-2020, 9:35:41 PM
dmitriy(dmitriy) used a hand_grenade 12-26-2020, 9:35:41 PM
dmitriy(dmitriy) used a hand_grenade 12-26-2020, 9:35:41 PM
dmitriy(dmitriy) used a hand_grenade 12-26-2020, 9:35:41 PM
dmitriy(dmitriy) used a hand_grenade 12-26-2020, 9:35:41 PM
dmitriy(dmitriy) used a hand_grenade 12-26-2020, 9:35:41 PM
dmitriy(dmitriy) used a hand_grenade 12-26-2020, 9:35:42 PM
dmitriy(dmitriy) used a hand_grenade 12-26-2020, 9:35:42 PM
dmitriy(dmitriy) used a hand_grenade 12-26-2020, 9:35:42 PM
dmitriy(dmitriy) used a hand_grenade 12-26-2020, 9:35:43 PM
dmitriy(dmitriy) used a hand_grenade 12-26-2020, 9:35:43 PM
dmitriy(dmitriy) used a hand_grenade 12-26-2020, 9:35:44 PM
dmitriy(dmitriy) used a hand_grenade 12-26-2020, 9:35:44 PM
dmitriy(dmitriy) used a hand_grenade 12-26-2020, 9:35:44 PM
dmitriy(dmitriy) used a hand_grenade 12-26-2020, 9:35:44 PM
dmitriy(dmitriy) used a hand_grenade 12-26-2020, 9:35:44 PM
dmitriy(dmitriy) used a hand_grenade 12-26-2020, 9:35:47 PM
dmitriy(dmitriy) used a hand_grenade 12-26-2020, 9:35:47 PM
dmitriy(dmitriy) used a hand_grenade 12-26-2020, 9:35:47 PM
dmitriy(dmitriy) used a hand_grenade 12-26-2020, 9:35:48 PM
dmitriy(dmitriy) used a hand_grenade 12-26-2020, 9:35:49 PM
dmitriy(dmitriy) used a hand_grenade 12-26-2020, 9:35:49 PM
dmitriy(dmitriy) used a hand_grenade 12-26-2020, 9:35:50 PM
dmitriy(dmitriy) used a hand_grenade 12-26-2020, 9:35:50 PM
dmitriy(dmitriy) used a tank 12-26-2020, 9:36:08 PM
dmitriy(dmitriy) used a missile_interceptor 12-26-2020, 9:36:12 PM
dmitriy(dmitriy) used a hand_grenade 12-26-2020, 9:36:34 PM
dmitriy(dmitriy) used a frequency_scrambler 12-26-2020, 9:36:55 PM
dmitriy(dmitriy) used a frequency_scrambler 12-26-2020, 9:36:59 PM
dmitriy(dmitriy) used a turret 12-26-2020, 9:37:00 PM
dmitriy(dmitriy) used a stp429_mini_missile 12-26-2020, 9:37:12 PM
dmitriy(dmitriy) used a wood 12-26-2020, 9:37:22 PM
dmitriy(dmitriy) used a health_orb 12-26-2020, 9:40:19 PM
dmitriy(dmitriy) used a missile_interceptor 12-26-2020, 9:40:39 PM
dmitriy(dmitriy) used a hand_grenade 12-26-2020, 9:41:02 PM
dmitriy(dmitriy) used a shield 12-26-2020, 9:41:03 PM
dmitriy(dmitriy) used a aircraft 12-26-2020, 9:41:05 PM
dmitriy(dmitriy) used a shield 12-26-2020, 9:41:07 PM
dmitriy(dmitriy) used a guided_missile 12-26-2020, 9:41:08 PM
dmitriy(dmitriy) used a frequency_scrambler 12-26-2020, 9:42:07 PM
dmitriy(dmitriy) used a hand_grenade 12-26-2020, 9:42:22 PM
dmitriy(dmitriy) used a hand_grenade 12-26-2020, 9:42:23 PM
dmitriy(dmitriy) used a hand_grenade 12-26-2020, 9:42:23 PM
dmitriy(dmitriy) used a hand_grenade 12-26-2020, 9:42:23 PM
dmitriy(dmitriy) used a hand_grenade 12-26-2020, 9:42:23 PM
dmitriy(dmitriy) used a hand_grenade 12-26-2020, 9:42:23 PM
dmitriy(dmitriy) used a hand_grenade 12-26-2020, 9:42:24 PM
dmitriy(dmitriy) used a hand_grenade 12-26-2020, 9:42:24 PM
dmitriy(dmitriy) used a hand_grenade 12-26-2020, 9:42:24 PM
dmitriy(dmitriy) used a hand_grenade 12-26-2020, 9:42:24 PM
dmitriy(dmitriy) used a hand_grenade 12-26-2020, 9:42:24 PM
dmitriy(dmitriy) used a hand_grenade 12-26-2020, 9:42:24 PM
dmitriy(dmitriy) used a hand_grenade 12-26-2020, 9:42:25 PM
dmitriy(dmitriy) used a hand_grenade 12-26-2020, 9:42:25 PM
dmitriy(dmitriy) used a hand_grenade 12-26-2020, 9:42:25 PM
dmitriy(dmitriy) used a hand_grenade 12-26-2020, 9:42:25 PM
dmitriy(dmitriy) used a hand_grenade 12-26-2020, 9:42:25 PM
dmitriy(dmitriy) used a hand_grenade 12-26-2020, 9:42:26 PM
dmitriy(dmitriy) used a hand_grenade 12-26-2020, 9:42:26 PM
dmitriy(dmitriy) used a hand_grenade 12-26-2020, 9:42:26 PM
dmitriy(dmitriy) used a hand_grenade 12-26-2020, 9:42:26 PM
dmitriy(dmitriy) used a hand_grenade 12-26-2020, 9:42:26 PM
dmitriy(dmitriy) used a hand_grenade 12-26-2020, 9:42:27 PM
dmitriy(dmitriy) used a hand_grenade 12-26-2020, 9:42:27 PM
dmitriy(dmitriy) used a hand_grenade 12-26-2020, 9:42:27 PM
dmitriy(dmitriy) used a hand_grenade 12-26-2020, 9:42:27 PM
dmitriy(dmitriy) used a hand_grenade 12-26-2020, 9:42:27 PM
dmitriy(dmitriy) used a hand_grenade 12-26-2020, 9:42:27 PM
dmitriy(dmitriy) used a hand_grenade 12-26-2020, 9:42:37 PM
dmitriy(dmitriy) used a hand_grenade 12-26-2020, 9:42:38 PM
dmitriy(dmitriy) used a hand_grenade 12-26-2020, 9:42:38 PM
dmitriy(dmitriy) used a hand_grenade 12-26-2020, 9:42:38 PM
dmitriy(dmitriy) used a hand_grenade 12-26-2020, 9:42:38 PM
dmitriy(dmitriy) used a hand_grenade 12-26-2020, 9:42:38 PM
dmitriy(dmitriy) used a hand_grenade 12-26-2020, 9:42:38 PM
dmitriy(dmitriy) used a hand_grenade 12-26-2020, 9:42:38 PM
dmitriy(dmitriy) used a hand_grenade 12-26-2020, 9:42:39 PM
dmitriy(dmitriy) used a hand_grenade 12-26-2020, 9:42:39 PM
dmitriy(dmitriy) used a hand_grenade 12-26-2020, 9:42:39 PM
dmitriy(dmitriy) used a hand_grenade 12-26-2020, 9:42:39 PM
dmitriy(dmitriy) used a hand_grenade 12-26-2020, 9:42:39 PM
dmitriy(dmitriy) used a hand_grenade 12-26-2020, 9:42:39 PM
dmitriy(dmitriy) used a hand_grenade 12-26-2020, 9:42:40 PM
dmitriy(dmitriy) used a hand_grenade 12-26-2020, 9:42:40 PM
dmitriy(dmitriy) used a hand_grenade 12-26-2020, 9:42:54 PM
dmitriy(dmitriy) used a hand_grenade 12-26-2020, 9:42:54 PM
dmitriy(dmitriy) used a hand_grenade 12-26-2020, 9:42:55 PM
dmitriy(dmitriy) used a hand_grenade 12-26-2020, 9:42:56 PM
dmitriy(dmitriy) used a hand_grenade 12-26-2020, 9:42:56 PM
dmitriy(dmitriy) used a hand_grenade 12-26-2020, 9:42:56 PM
dmitriy(dmitriy) used a hand_grenade 12-26-2020, 9:42:56 PM
dmitriy(dmitriy) used a hand_grenade 12-26-2020, 9:42:56 PM
dmitriy(dmitriy) used a hand_grenade 12-26-2020, 9:42:56 PM
dmitriy(dmitriy) used a hand_grenade 12-26-2020, 9:42:56 PM
dmitriy(dmitriy) used a hand_grenade 12-26-2020, 9:42:56 PM
dmitriy(dmitriy) used a hand_grenade 12-26-2020, 9:42:57 PM
dmitriy(dmitriy) used a hand_grenade 12-26-2020, 9:42:57 PM
dmitriy(dmitriy) used a hand_grenade 12-26-2020, 9:42:57 PM
dmitriy(dmitriy) used a hand_grenade 12-26-2020, 9:42:57 PM
dmitriy(dmitriy) used a hand_grenade 12-26-2020, 9:42:57 PM
dmitriy(dmitriy) used a hand_grenade 12-26-2020, 9:42:58 PM
dmitriy(dmitriy) used a hand_grenade 12-26-2020, 9:42:58 PM
dmitriy(dmitriy) used a hand_grenade 12-26-2020, 9:42:58 PM
dmitriy(dmitriy) used a hand_grenade 12-26-2020, 9:42:58 PM
dmitriy(dmitriy) used a hand_grenade 12-26-2020, 9:42:59 PM
dmitriy(dmitriy) used a frequency_scrambler 12-26-2020, 9:43:08 PM
dmitriy(dmitriy) used a hand_grenade 12-26-2020, 9:43:17 PM
dmitriy(dmitriy) used a hand_grenade 12-26-2020, 9:43:17 PM
dmitriy(dmitriy) used a hand_grenade 12-26-2020, 9:43:18 PM
dmitriy(dmitriy) used a hand_grenade 12-26-2020, 9:43:19 PM
dmitriy(dmitriy) used a hand_grenade 12-26-2020, 9:43:19 PM
dmitriy(dmitriy) used a hand_grenade 12-26-2020, 9:43:19 PM
dmitriy(dmitriy) used a hand_grenade 12-26-2020, 9:43:19 PM
dmitriy(dmitriy) used a hand_grenade 12-26-2020, 9:43:20 PM
dmitriy(dmitriy) used a hand_grenade 12-26-2020, 9:43:20 PM
dmitriy(dmitriy) used a hand_grenade 12-26-2020, 9:43:20 PM
dmitriy(dmitriy) used a hand_grenade 12-26-2020, 9:43:20 PM
dmitriy(dmitriy) used a hand_grenade 12-26-2020, 9:43:20 PM
dmitriy(dmitriy) used a hand_grenade 12-26-2020, 9:43:21 PM
dmitriy(dmitriy) used a hand_grenade 12-26-2020, 9:43:21 PM
dmitriy(dmitriy) used a hand_grenade 12-26-2020, 9:43:21 PM
dmitriy(dmitriy) used a hand_grenade 12-26-2020, 9:43:21 PM
dmitriy(dmitriy) used a hand_grenade 12-26-2020, 9:43:22 PM
dmitriy(dmitriy) used a hand_grenade 12-26-2020, 9:43:22 PM
dmitriy(dmitriy) used a hand_grenade 12-26-2020, 9:43:22 PM
dmitriy(dmitriy) used a hand_grenade 12-26-2020, 9:43:22 PM
dmitriy(dmitriy) used a hand_grenade 12-26-2020, 9:43:22 PM
dmitriy(dmitriy) used a hand_grenade 12-26-2020, 9:43:22 PM
dmitriy(dmitriy) used a hand_grenade 12-26-2020, 9:43:23 PM
dmitriy(dmitriy) used a hand_grenade 12-26-2020, 9:43:23 PM
dmitriy(dmitriy) used a hand_grenade 12-26-2020, 9:43:23 PM
dmitriy(dmitriy) used a hand_grenade 12-26-2020, 9:43:23 PM
dmitriy(dmitriy) used a hand_grenade 12-26-2020, 9:43:23 PM
dmitriy(dmitriy) used a hand_grenade 12-26-2020, 9:43:24 PM
dmitriy(dmitriy) used a hand_grenade 12-26-2020, 9:43:24 PM
dmitriy(dmitriy) used a hand_grenade 12-26-2020, 9:43:24 PM
dmitriy(dmitriy) used a hand_grenade 12-26-2020, 9:43:24 PM
dmitriy(dmitriy) used a hand_grenade 12-26-2020, 9:43:24 PM
dmitriy(dmitriy) used a hand_grenade 12-26-2020, 9:43:25 PM
dmitriy(dmitriy) used a hand_grenade 12-26-2020, 9:43:25 PM
dmitriy(dmitriy) used a hand_grenade 12-26-2020, 9:43:25 PM
dmitriy(dmitriy) used a hand_grenade 12-26-2020, 9:43:25 PM
dmitriy(dmitriy) used a hand_grenade 12-26-2020, 9:43:25 PM
dmitriy(dmitriy) used a hand_grenade 12-26-2020, 9:43:25 PM
dmitriy(dmitriy) used a hand_grenade 12-26-2020, 9:43:26 PM
dmitriy(dmitriy) used a hand_grenade 12-26-2020, 9:43:26 PM
dmitriy(dmitriy) used a hand_grenade 12-26-2020, 9:43:26 PM
dmitriy(dmitriy) used a hand_grenade 12-26-2020, 9:43:26 PM
dmitriy(dmitriy) used a hand_grenade 12-26-2020, 9:43:26 PM
dmitriy(dmitriy) used a hand_grenade 12-26-2020, 9:43:27 PM
dmitriy(dmitriy) used a hand_grenade 12-26-2020, 9:43:27 PM
dmitriy(dmitriy) used a hand_grenade 12-26-2020, 9:43:27 PM
dmitriy(dmitriy) used a hand_grenade 12-26-2020, 9:43:27 PM
dmitriy(dmitriy) used a hand_grenade 12-26-2020, 9:43:27 PM
dmitriy(dmitriy) used a hand_grenade 12-26-2020, 9:43:28 PM
dmitriy(dmitriy) used a hand_grenade 12-26-2020, 9:43:28 PM
dmitriy(dmitriy) used a hand_grenade 12-26-2020, 9:43:28 PM
dmitriy(dmitriy) used a hand_grenade 12-26-2020, 9:43:28 PM
dmitriy(dmitriy) used a hand_grenade 12-26-2020, 9:43:28 PM
dmitriy(dmitriy) used a hand_grenade 12-26-2020, 9:43:28 PM
dmitriy(dmitriy) used a hand_grenade 12-26-2020, 9:43:29 PM
dmitriy(dmitriy) used a hand_grenade 12-26-2020, 9:43:29 PM
dmitriy(dmitriy) used a hand_grenade 12-26-2020, 9:43:29 PM
dmitriy(dmitriy) used a hand_grenade 12-26-2020, 9:43:29 PM
dmitriy(dmitriy) used a hand_grenade 12-26-2020, 9:43:29 PM
dmitriy(dmitriy) used a hand_grenade 12-26-2020, 9:43:30 PM
dmitriy(dmitriy) used a hand_grenade 12-26-2020, 9:43:30 PM
dmitriy(dmitriy) used a hand_grenade 12-26-2020, 9:43:30 PM
dmitriy(dmitriy) used a hand_grenade 12-26-2020, 9:43:30 PM
dmitriy(dmitriy) used a hand_grenade 12-26-2020, 9:43:30 PM
dmitriy(dmitriy) used a hand_grenade 12-26-2020, 9:43:31 PM
dmitriy(dmitriy) used a hand_grenade 12-26-2020, 9:43:31 PM
dmitriy(dmitriy) used a hand_grenade 12-26-2020, 9:43:32 PM
dmitriy(dmitriy) used a hand_grenade 12-26-2020, 9:43:32 PM
dmitriy(dmitriy) used a hand_grenade 12-26-2020, 9:43:32 PM
dmitriy(dmitriy) used a hand_grenade 12-26-2020, 9:43:33 PM
dmitriy(dmitriy) used a hand_grenade 12-26-2020, 9:43:33 PM
dmitriy(dmitriy) used a hand_grenade 12-26-2020, 9:43:33 PM
dmitriy(dmitriy) used a hand_grenade 12-26-2020, 9:43:34 PM
dmitriy(dmitriy) used a hand_grenade 12-26-2020, 9:43:34 PM
dmitriy(dmitriy) used a hand_grenade 12-26-2020, 9:43:34 PM
dmitriy(dmitriy) used a hand_grenade 12-26-2020, 9:43:54 PM
dmitriy(dmitriy) used a hand_grenade 12-26-2020, 9:43:54 PM
dmitriy(dmitriy) used a hand_grenade 12-26-2020, 9:43:55 PM
dmitriy(dmitriy) used a hand_grenade 12-26-2020, 9:43:55 PM
dmitriy(dmitriy) used a hand_grenade 12-26-2020, 9:43:55 PM
dmitriy(dmitriy) used a hand_grenade 12-26-2020, 9:43:56 PM
dmitriy(dmitriy) used a hand_grenade 12-26-2020, 9:43:56 PM
dmitriy(dmitriy) used a hand_grenade 12-26-2020, 9:43:56 PM
dmitriy(dmitriy) used a hand_grenade 12-26-2020, 9:43:57 PM
dmitriy(dmitriy) used a hand_grenade 12-26-2020, 9:43:57 PM
dmitriy(dmitriy) used a hand_grenade 12-26-2020, 9:43:57 PM
dmitriy(dmitriy) used a hand_grenade 12-26-2020, 9:43:58 PM
dmitriy(dmitriy) used a hand_grenade 12-26-2020, 9:43:59 PM
dmitriy(dmitriy) used a hand_grenade 12-26-2020, 9:44:00 PM
dmitriy(dmitriy) used a frequency_scrambler 12-26-2020, 9:44:10 PM
dmitriy(dmitriy) used a frequency_scrambler 12-26-2020, 9:44:10 PM
dmitriy(dmitriy) used a frequency_scrambler 12-26-2020, 9:44:10 PM
dmitriy(dmitriy) used a wood 12-26-2020, 9:44:55 PM
dmitriy(dmitriy) used a warp_box 12-26-2020, 9:46:38 PM
dmitriy(dmitriy) used a pack_of_4_ammo_hand_cannon 12-26-2020, 9:55:43 PM
dmitriy(dmitriy) used a pack_of_4_ammo_hand_cannon 12-26-2020, 9:55:43 PM
dmitriy(dmitriy) used a pack_of_4_ammo_hand_cannon 12-26-2020, 9:55:43 PM
dmitriy(dmitriy) used a pack_of_4_ammo_hand_cannon 12-26-2020, 9:55:44 PM
dmitriy(dmitriy) used a pack_of_4_ammo_hand_cannon 12-26-2020, 9:55:44 PM
dmitriy(dmitriy) used a pack_of_4_ammo_hand_cannon 12-26-2020, 9:55:44 PM
dmitriy(dmitriy) used a pack_of_4_ammo_hand_cannon 12-26-2020, 9:55:44 PM
dmitriy(dmitriy) used a pack_of_4_ammo_hand_cannon 12-26-2020, 9:55:44 PM
dmitriy(dmitriy) used a pack_of_4_ammo_hand_cannon 12-26-2020, 9:55:44 PM
dmitriy(dmitriy) used a pack_of_4_ammo_hand_cannon 12-26-2020, 9:55:45 PM
dmitriy(dmitriy) used a pack_of_4_ammo_hand_cannon 12-26-2020, 9:55:45 PM
dmitriy(dmitriy) used a pack_of_4_ammo_hand_cannon 12-26-2020, 9:55:45 PM
dmitriy(dmitriy) used a pack_of_4_ammo_hand_cannon 12-26-2020, 9:55:45 PM
dmitriy(dmitriy) used a pack_of_4_ammo_hand_cannon 12-26-2020, 9:55:45 PM
dmitriy(dmitriy) used a pack_of_4_ammo_hand_cannon 12-26-2020, 9:55:45 PM
dmitriy(dmitriy) used a pack_of_4_ammo_hand_cannon 12-26-2020, 9:55:45 PM
dmitriy(dmitriy) used a pack_of_4_ammo_hand_cannon 12-26-2020, 9:55:46 PM
dmitriy(dmitriy) used a pack_of_4_ammo_hand_cannon 12-26-2020, 9:55:46 PM
dmitriy(dmitriy) used a pack_of_4_ammo_hand_cannon 12-26-2020, 9:55:46 PM
dmitriy(dmitriy) used a pack_of_4_ammo_hand_cannon 12-26-2020, 9:55:46 PM
dmitriy(dmitriy) used a pack_of_4_ammo_hand_cannon 12-26-2020, 9:55:46 PM
dmitriy(dmitriy) used a pack_of_4_ammo_hand_cannon 12-26-2020, 9:55:46 PM
dmitriy(dmitriy) used a pack_of_4_ammo_hand_cannon 12-26-2020, 9:55:46 PM
dmitriy(dmitriy) used a pack_of_4_ammo_hand_cannon 12-26-2020, 9:55:46 PM
dmitriy(dmitriy) used a pack_of_4_ammo_hand_cannon 12-26-2020, 9:55:47 PM
dmitriy(dmitriy) used a pack_of_4_ammo_hand_cannon 12-26-2020, 9:55:47 PM
dmitriy(dmitriy) used a pack_of_4_ammo_hand_cannon 12-26-2020, 9:55:47 PM
dmitriy(dmitriy) used a pack_of_4_ammo_hand_cannon 12-26-2020, 9:55:47 PM
dmitriy(dmitriy) used a pack_of_4_ammo_hand_cannon 12-26-2020, 9:55:47 PM
dmitriy(dmitriy) used a pack_of_4_ammo_hand_cannon 12-26-2020, 9:55:47 PM
dmitriy(dmitriy) used a pack_of_4_ammo_hand_cannon 12-26-2020, 9:55:47 PM
dmitriy(dmitriy) used a pack_of_4_ammo_hand_cannon 12-26-2020, 9:55:48 PM
dmitriy(dmitriy) used a pack_of_4_ammo_hand_cannon 12-26-2020, 9:55:48 PM
dmitriy(dmitriy) used a pack_of_30_ammo_cyanide_pistol 12-26-2020, 9:55:53 PM
dmitriy(dmitriy) used a pack_of_30_ammo_cyanide_pistol 12-26-2020, 9:55:53 PM
dmitriy(dmitriy) used a pack_of_30_ammo_cyanide_pistol 12-26-2020, 9:55:53 PM
dmitriy(dmitriy) used a pack_of_30_ammo_cyanide_pistol 12-26-2020, 9:55:54 PM
dmitriy(dmitriy) used a pack_of_30_ammo_cyanide_pistol 12-26-2020, 9:55:54 PM
dmitriy(dmitriy) used a pack_of_30_ammo_cyanide_pistol 12-26-2020, 9:55:54 PM
dmitriy(dmitriy) used a pack_of_30_ammo_cyanide_pistol 12-26-2020, 9:55:54 PM
dmitriy(dmitriy) used a pack_of_30_ammo_cyanide_pistol 12-26-2020, 9:55:54 PM
dmitriy(dmitriy) used a pack_of_30_ammo_cyanide_pistol 12-26-2020, 9:55:54 PM
dmitriy(dmitriy) used a pack_of_30_ammo_cyanide_pistol 12-26-2020, 9:55:54 PM
dmitriy(dmitriy) used a pack_of_30_ammo_cyanide_pistol 12-26-2020, 9:55:55 PM
dmitriy(dmitriy) used a pack_of_30_ammo_cyanide_pistol 12-26-2020, 9:55:55 PM
dmitriy(dmitriy) used a pack_of_30_ammo_cyanide_pistol 12-26-2020, 9:55:55 PM
dmitriy(dmitriy) used a wood 12-26-2020, 9:58:59 PM
dmitriy(dmitriy) used a wood 12-26-2020, 9:59:06 PM
dmitriy(dmitriy) used a antibiotic_pack 12-26-2020, 10:01:24 PM
dmitriy(dmitriy) used a pack_of_20_fire_extinguisher 12-26-2020, 10:02:29 PM
dmitriy(dmitriy) used a pack_of_10_motion_bomb 12-26-2020, 10:02:49 PM
dmitriy(dmitriy) used a carrier_missile 12-26-2020, 10:06:30 PM
dmitriy(dmitriy) used a carrier_missile 12-26-2020, 10:07:19 PM
dmitriy(dmitriy) used a carrier_missile 12-26-2020, 10:07:46 PM
dmitriy(dmitriy) used a carrier_missile 12-26-2020, 10:08:04 PM
dmitriy(dmitriy) used a carrier_missile 12-26-2020, 10:08:13 PM
dmitriy(dmitriy) used a aircraft 12-26-2020, 10:10:08 PM
dmitriy(dmitriy) used a aircraft 12-26-2020, 10:11:32 PM
dmitriy(dmitriy) used a carrier_missile 12-26-2020, 10:12:30 PM
dmitriy(dmitriy) used a carrier_missile 12-26-2020, 10:12:49 PM
dmitriy(dmitriy) used a carrier_missile 12-26-2020, 10:13:52 PM
dmitriy(dmitriy) used a carrier_missile 12-26-2020, 10:14:07 PM
dmitriy(dmitriy) used a aircraft 12-26-2020, 10:15:16 PM
dmitriy(dmitriy) used a aircraft 12-26-2020, 10:15:16 PM
dmitriy(dmitriy) used a health_drink 12-26-2020, 10:17:16 PM
dmitriy(dmitriy) used a health_drink 12-26-2020, 10:17:16 PM
dmitriy(dmitriy) used a health_drink 12-26-2020, 10:17:17 PM
dmitriy(dmitriy) used a health_drink 12-26-2020, 10:17:22 PM
dmitriy(dmitriy) used a health_drink 12-26-2020, 10:17:22 PM
dmitriy(dmitriy) used a health_drink 12-26-2020, 10:17:28 PM
dmitriy(dmitriy) used a health_drink 12-26-2020, 10:17:28 PM
dmitriy(dmitriy) used a health_drink 12-26-2020, 10:17:32 PM
dmitriy(dmitriy) used a health_drink 12-26-2020, 10:17:32 PM
dmitriy(dmitriy) used a health_drink 12-26-2020, 10:17:35 PM
dmitriy(dmitriy) used a health_drink 12-26-2020, 10:17:35 PM
dmitriy(dmitriy) used a health_drink 12-26-2020, 10:17:36 PM
dmitriy(dmitriy) used a health_drink 12-26-2020, 10:17:39 PM
dmitriy(dmitriy) used a health_drink 12-26-2020, 10:17:39 PM
dmitriy(dmitriy) used a health_drink 12-26-2020, 10:17:53 PM
dmitriy(dmitriy) used a health_drink 12-26-2020, 10:17:53 PM
dmitriy(dmitriy) used a concussive_grenade 12-26-2020, 10:23:39 PM
dmitriy(dmitriy) used a metal 12-26-2020, 10:28:01 PM
dmitriy(dmitriy) used a metal 12-26-2020, 10:28:02 PM
dmitriy(dmitriy) used a frequency_scrambler 12-26-2020, 10:28:05 PM
dmitriy(dmitriy) used a frequency_scrambler 12-26-2020, 10:31:37 PM
dmitriy(dmitriy) used a frequency_scrambler 12-26-2020, 10:31:45 PM
dmitriy(dmitriy) used a frequency_scrambler 12-26-2020, 10:31:45 PM
dmitriy(dmitriy) used a item_grabber 12-26-2020, 10:39:33 PM
dmitriy(dmitriy) used a air_canister 12-26-2020, 10:40:29 PM
dmitriy(dmitriy) used a air_canister 12-26-2020, 10:40:29 PM
dmitriy(dmitriy) used a zulfikar 12-26-2020, 10:40:31 PM
dmitriy(dmitriy) used a hand_grenade 12-26-2020, 10:42:28 PM
dmitriy(dmitriy) used a hand_grenade 12-26-2020, 10:42:28 PM
dmitriy(dmitriy) used a hand_grenade 12-26-2020, 10:42:28 PM
dmitriy(dmitriy) used a hand_grenade 12-26-2020, 10:42:41 PM
dmitriy(dmitriy) used a hand_grenade 12-26-2020, 10:42:44 PM
dmitriy(dmitriy) used a hand_grenade 12-26-2020, 10:42:44 PM
dmitriy(dmitriy) used a hand_grenade 12-26-2020, 10:42:44 PM
dmitriy(dmitriy) used a hand_grenade 12-26-2020, 10:42:44 PM
dmitriy(dmitriy) used a hand_cannon 12-26-2020, 10:42:49 PM
dmitriy(dmitriy) used a stp429_mini_missile 12-26-2020, 10:43:36 PM
dmitriy(dmitriy) used a stp429_mini_missile 12-26-2020, 10:43:42 PM