
bolgelo (bolgelo) said balls to all 8-17-2020, 9:09:19 PM
bolgelo (bolgelo) said wo 8-17-2020, 9:12:08 PM
bolgelo (bolgelo) said 421 health, 0 shielded shots. 8-17-2020, 9:13:11 PM
bolgelo (bolgelo) said bolgelo, you have a murderer on line 1, go ahead nikita-k's suicide bomb  8-17-2020, 9:14:26 PM
bolgelo (bolgelo) said omg 8-17-2020, 9:27:52 PM
bolgelo (bolgelo) said bloodstorm, 8-17-2020, 9:44:36 PM
bolgelo (bolgelo) said come zalp 8-17-2020, 9:45:00 PM
bolgelo (bolgelo) said hmm to zalp 8-17-2020, 9:45:12 PM
bolgelo (bolgelo) said wooooooooooooooooooo 8-17-2020, 9:46:09 PM
bolgelo (bolgelo) said 75 suicide bombs 8-17-2020, 9:46:10 PM
bolgelo (bolgelo) said aaaaaaaaaa 8-17-2020, 9:51:21 PM
bolgelo (bolgelo) said щьп 8-17-2020, 9:52:30 PM
bolgelo (bolgelo) said omg 8-17-2020, 9:52:32 PM
bolgelo (bolgelo) said balls to you Text message from bloodstorm. нет. 8-17-2020, 9:53:01 PM
bolgelo (bolgelo) said you have received 131250 coins in return for your contribution 8-17-2020, 9:53:31 PM
bolgelo (bolgelo) said bombs 8-17-2020, 9:53:48 PM
bolgelo (bolgelo) said come to main 8-17-2020, 9:54:12 PM
bolgelo (bolgelo) said eeeee 8-17-2020, 9:54:25 PM
bolgelo (bolgelo) said хочу команду не суицид а просто с 8-17-2020, 9:55:01 PM
bolgelo (bolgelo) said add pls 8-17-2020, 9:55:06 PM
bolgelo (bolgelo) said иди в жопу доктор 8-17-2020, 9:55:23 PM
bolgelo (bolgelo) said oops 8-17-2020, 9:55:27 PM
bolgelo (bolgelo) said die 8-17-2020, 9:56:53 PM
bolgelo (bolgelo) said fooooooof 8-17-2020, 9:59:18 PM
bolgelo (bolgelo) said coin, 523900 8-17-2020, 9:59:26 PM
bolgelo (bolgelo) said nothing 8-17-2020, 9:59:45 PM
bolgelo (bolgelo) said -16579 8-17-2020, 10:02:43 PM
bolgelo (bolgelo) said omg 8-17-2020, 10:05:19 PM
bolgelo (bolgelo) said нубы! отэц тута! приготовтесь умиреть 8-17-2020, 10:05:56 PM
bolgelo (bolgelo) said dont cry 8-17-2020, 10:08:46 PM
bolgelo (bolgelo) said wo 8-17-2020, 10:09:14 PM
bolgelo (bolgelo) said hehehehe 8-17-2020, 10:09:57 PM
bolgelo (bolgelo) said good farm 8-17-2020, 10:10:02 PM
bolgelo (bolgelo) said you stupid 8-17-2020, 10:10:59 PM
bolgelo (bolgelo) said oy 8-17-2020, 10:11:01 PM
bolgelo (bolgelo) said cheater 8-17-2020, 10:11:39 PM
bolgelo (bolgelo) said ya 8-17-2020, 10:11:46 PM
bolgelo (bolgelo) said yeah 8-17-2020, 10:12:00 PM
bolgelo (bolgelo) said gogoog 8-17-2020, 10:12:17 PM
bolgelo (bolgelo) said aaaaaa 8-17-2020, 10:12:19 PM
bolgelo (bolgelo) said стооп 8-17-2020, 10:13:01 PM
bolgelo (bolgelo) said а где нюклирки брать 8-17-2020, 10:13:06 PM
bolgelo (bolgelo) said eee 8-17-2020, 10:13:18 PM
bolgelo (bolgelo) said coin, 913208 8-17-2020, 10:13:20 PM
bolgelo (bolgelo) said aaaaaaaaaaaaaaa 8-17-2020, 10:13:58 PM
bolgelo (bolgelo) said you have received 7500000 coins in return for your contribution 8-17-2020, 10:14:06 PM
bolgelo (bolgelo) said  /sell 8-17-2020, 10:14:23 PM
bolgelo (bolgelo) said o! m! g! 8-17-2020, 10:15:38 PM
bolgelo (bolgelo) said wwwwwwwwwwooooooooooooooooooooooooo 8-17-2020, 10:21:19 PM
bolgelo (bolgelo) said there are 1 teams. 1 with 4 members and 3581 kills and 3033271 points, leader ramil.  8-17-2020, 10:21:22 PM
bolgelo (bolgelo) said nikita 8-17-2020, 10:22:02 PM
bolgelo (bolgelo) said бля баг 8-17-2020, 10:22:17 PM
bolgelo (bolgelo) said нук зайди в клетку 8-17-2020, 10:22:23 PM
bolgelo (bolgelo) said заходи 8-17-2020, 10:22:39 PM
bolgelo (bolgelo) said ну 8-17-2020, 10:22:48 PM
bolgelo (bolgelo) said бля 8-17-2020, 10:23:05 PM
bolgelo (bolgelo) said кароч турели не работают 8-17-2020, 10:23:11 PM
bolgelo (bolgelo) said come 8-17-2020, 10:23:33 PM
bolgelo (bolgelo) said move to me 8-17-2020, 10:23:36 PM
bolgelo (bolgelo) said omg 8-17-2020, 10:24:31 PM
bolgelo (bolgelo) said go to just test 8-17-2020, 10:24:35 PM
bolgelo (bolgelo) said wo 8-17-2020, 10:24:55 PM
bolgelo (bolgelo) said а чё нуба не трогала 8-17-2020, 10:25:03 PM
bolgelo (bolgelo) said хмхм 8-17-2020, 10:25:05 PM
bolgelo (bolgelo) said ой 8-17-2020, 10:25:23 PM
bolgelo (bolgelo) said звук турели остался 8-17-2020, 10:25:27 PM
bolgelo (bolgelo) said угу есть звук турели 8-17-2020, 10:25:49 PM
bolgelo (bolgelo) said кщаддьфг 8-17-2020, 10:26:01 PM
bolgelo (bolgelo) said roflmau 8-17-2020, 10:26:08 PM
bolgelo (bolgelo) said dura toopaya 8-17-2020, 10:28:07 PM
bolgelo (bolgelo) said omg 8-17-2020, 10:29:43 PM
bolgelo (bolgelo) said :D 8-17-2020, 10:32:22 PM
bolgelo (bolgelo) said comecomeocmeocmo 8-17-2020, 10:33:53 PM
bolgelo (bolgelo) said aaa where afk 8-17-2020, 10:34:06 PM
bolgelo (bolgelo) said loooooool 8-17-2020, 10:36:01 PM
bolgelo (bolgelo) said loooooooooooooooool 8-17-2020, 10:36:37 PM
bolgelo (bolgelo) said nikita-k is a developer of balls! 8-17-2020, 10:37:33 PM
bolgelo (bolgelo) said :D 8-17-2020, 10:37:45 PM
bolgelo (bolgelo) said heheehe 8-17-2020, 11:34:44 PM
bolgelo (bolgelo) said da 8-17-2020, 11:35:25 PM
bolgelo (bolgelo) said hmm okay 8-17-2020, 11:35:28 PM
bolgelo (bolgelo) said come 8-17-2020, 11:35:30 PM
bolgelo (bolgelo) said всё 8-17-2020, 11:35:40 PM
bolgelo (bolgelo) said спс за коиныыыыыыыыыы 8-17-2020, 11:36:17 PM
bolgelo (bolgelo) said хмм 8-17-2020, 11:36:32 PM
bolgelo (bolgelo) said ну и поч я читер 8-17-2020, 11:36:42 PM
bolgelo (bolgelo) said придурок 8-17-2020, 11:36:50 PM
bolgelo (bolgelo) said вот именно как 8-17-2020, 11:36:57 PM
bolgelo (bolgelo) said я строитель 8-17-2020, 11:37:03 PM
bolgelo (bolgelo) said я не могу  8-17-2020, 11:37:07 PM
bolgelo (bolgelo) said как 8-17-2020, 11:37:14 PM
bolgelo (bolgelo) said и как чит работает 8-17-2020, 11:37:31 PM
bolgelo (bolgelo) said что он мне даёт 8-17-2020, 11:37:35 PM
bolgelo (bolgelo) said угу 8-17-2020, 11:37:39 PM
bolgelo (bolgelo) said  soldier bolgelo: что он мне даёт 8-17-2020, 11:38:05 PM
bolgelo (bolgelo) said скажы скажы 8-17-2020, 11:38:11 PM
bolgelo (bolgelo) said ну вот 8-17-2020, 11:38:29 PM
bolgelo (bolgelo) said или личись идиот 8-17-2020, 11:38:32 PM
bolgelo (bolgelo) said иди 8-17-2020, 11:38:36 PM
bolgelo (bolgelo) said или иди с райдером за ярину воюй 8-17-2020, 11:38:49 PM
bolgelo (bolgelo) said ну ты же её как бы любиш 8-17-2020, 11:39:39 PM
bolgelo (bolgelo) said и не надо это отрецать 8-17-2020, 11:40:01 PM
bolgelo (bolgelo) said бля 8-17-2020, 11:40:06 PM
bolgelo (bolgelo) said все это знают 8-17-2020, 11:40:14 PM
bolgelo (bolgelo) said я знаю что дети не хотят чтоб ктото знал 8-17-2020, 11:40:39 PM
bolgelo (bolgelo) said что ктото там когото там любит 8-17-2020, 11:40:49 PM
bolgelo (bolgelo) said а ну ты дрочиш да 8-17-2020, 11:40:58 PM
bolgelo (bolgelo) said все так делали 8-17-2020, 11:41:08 PM
bolgelo (bolgelo) said чё? 8-17-2020, 11:41:42 PM
bolgelo (bolgelo) said  soldier darkfrent: к марише поближе 8-17-2020, 11:41:45 PM
bolgelo (bolgelo) said понятно влюблённые друг в друга идиоты 8-17-2020, 11:42:07 PM
bolgelo (bolgelo) said нет 8-17-2020, 11:42:25 PM
bolgelo (bolgelo) said  soldier bolgelo: нет 8-17-2020, 11:42:33 PM
bolgelo (bolgelo) said  soldier bolgelo: нет 8-17-2020, 11:42:34 PM
bolgelo (bolgelo) said бля ты ебанат 8-17-2020, 11:42:44 PM
bolgelo (bolgelo) said я говорил нет 8-17-2020, 11:42:52 PM
bolgelo (bolgelo) said а если ты ебанутый на голову и глухой идиот это не мои проблеммы 8-17-2020, 11:43:08 PM
bolgelo (bolgelo) said головка от утюгааааа? 8-17-2020, 11:43:37 PM
bolgelo (bolgelo) said не знаю 8-17-2020, 11:43:49 PM
bolgelo (bolgelo) said ебанутые странные люди  8-17-2020, 11:43:56 PM
bolgelo (bolgelo) said я 8-17-2020, 11:44:01 PM
bolgelo (bolgelo) said шо я 8-17-2020, 11:44:04 PM
bolgelo (bolgelo) said ты! я знаю 8-17-2020, 11:44:13 PM
bolgelo (bolgelo) said только не говори не кому 8-17-2020, 11:44:21 PM
bolgelo (bolgelo) said хм 8-17-2020, 11:44:53 PM
bolgelo (bolgelo) said хм 8-17-2020, 11:45:11 PM
bolgelo (bolgelo) said я и не говорю 8-17-2020, 11:45:18 PM
bolgelo (bolgelo) said кажиться 8-17-2020, 11:45:33 PM
bolgelo (bolgelo) said хм 8-17-2020, 11:45:36 PM
bolgelo (bolgelo) said omg stupid child 8-17-2020, 11:45:46 PM
bolgelo (bolgelo) said на питцууууууууууууу 8-17-2020, 11:46:03 PM
bolgelo (bolgelo) said не надо а то мама заругает 8-17-2020, 11:46:21 PM
bolgelo (bolgelo) said твои 8-17-2020, 11:46:26 PM
bolgelo (bolgelo) said нэт 8-17-2020, 11:46:31 PM
bolgelo (bolgelo) said не переводи стрелки 8-17-2020, 11:46:36 PM
bolgelo (bolgelo) said всё идите нахуй и макс ты еби её по жоще по жощщщщщщщщщще 8-17-2020, 11:47:04 PM