
grand father (bolgelo) sent /chat hi there 1-11-2021, 2:36:58 PM
grand father (bolgelo) sent /chat hi  1-11-2021, 3:28:31 PM
grand father (bolgelo) sent /chars 1-11-2021, 3:28:35 PM
grand father (bolgelo) sent /megagift 1-11-2021, 4:10:08 PM
grand father (bolgelo) sent /notify the day is stopping! 1-11-2021, 4:10:39 PM
grand father (bolgelo) sent /chat rofl 1-11-2021, 4:10:42 PM
grand father (bolgelo) sent /chat haha 1-11-2021, 4:10:54 PM
grand father (bolgelo) sent /where stepman 1-11-2021, 4:11:01 PM
grand father (bolgelo) sent /chat i am not bolgelo 1-11-2021, 4:11:12 PM
grand father (bolgelo) sent /admins 1-11-2021, 4:11:26 PM
grand father (bolgelo) sent /chat oy lol 1 admins. bolgelo 1-11-2021, 4:11:40 PM
grand father (bolgelo) sent /builders 1-11-2021, 4:11:44 PM
grand father (bolgelo) sent /giveall coin 21212 1-11-2021, 4:12:10 PM
grand father (bolgelo) sent /teams 1-11-2021, 4:12:44 PM
grand father (bolgelo) sent /chat aaa there are 12 teams. 0 with 1 members and 19 kills and 21732 points, leader nik. 1 with 1 members and 4795 kills and 3988054 points, leader ramil. 2 with 1 members and 203 kills and 26052 points, leader trevor. bestkiller with 2 members and 91 kills and 71412 points, leader stepman. gungsters with 1 members and 38 kills and 27381 points, leader tramp. killer with 3 members and 43 kills and 102973 points, leader dmitriy. leaders with 4 members and 366 kills and 298244 points, leader grand father. vlad with 2 members and 12 kills and 9379 points, leader vlados2008. zalp with 1 members and 40 kills and 31877 points, leader djtrevor. zalpers with 1 members and 0 kills and 9723 points, leader gamer. tankists with 2 members and 18 kills and 15017 points, leader tank. wanapro with 1 members and 0 kills and 10000 points, leader krokodailtop.  1-11-2021, 4:12:50 PM
grand father (bolgelo) sent /chato wau, hi 1-11-2021, 5:57:44 PM
grand father (bolgelo) sent /chat o hi 1-11-2021, 5:57:53 PM
grand father (bolgelo) sent /unhideme 1-11-2021, 5:57:57 PM
grand father (bolgelo) sent /compinfo sgamer 1-11-2021, 5:58:14 PM
grand father (bolgelo) sent /go 0 0 0 store 1-11-2021, 5:59:20 PM
grand father (bolgelo) sent /go 15 15 0  1-11-2021, 6:00:03 PM
grand father (bolgelo) sent /where sgamer 1-11-2021, 9:21:22 PM
grand father (bolgelo) sent /admintell die nikita, die 1-11-2021, 9:21:36 PM
grand father (bolgelo) sent /gnstart 1-11-2021, 9:21:54 PM
grand father (bolgelo) sent /gnsubmit 15 1-11-2021, 9:21:55 PM
grand father (bolgelo) sent /lchat хммммммм 1-11-2021, 9:22:47 PM
grand father (bolgelo) sent /lchat просто подойти к ним и всё 1-11-2021, 9:22:52 PM
grand father (bolgelo) sent /lchat lol 1-11-2021, 9:22:58 PM
grand father (bolgelo) sent /lchat просто подойди к ним 1-11-2021, 9:23:22 PM
grand father (bolgelo) sent /lchat нему* 1-11-2021, 9:23:25 PM
grand father (bolgelo) sent /lchat и подбери 1-11-2021, 9:23:28 PM
grand father (bolgelo) sent /lchat а её уже не как не подобрать 1-11-2021, 9:24:24 PM
grand father (bolgelo) sent /lchat она пропала 1-11-2021, 9:24:28 PM
grand father (bolgelo) sent /amdinflag 1-11-2021, 9:25:22 PM
grand father (bolgelo) sent /lchat i builded this bullshit, and i cant finish this 1-11-2021, 9:27:24 PM
grand father (bolgelo) sent /lchat roooofl 1-11-2021, 9:27:25 PM
grand father (bolgelo) sent /lchat use your camera ballls! 1-11-2021, 9:28:03 PM
grand father (bolgelo) sent /lchat rof 1-11-2021, 9:28:15 PM
grand father (bolgelo) sent /lchat and do not forgot to up camera rofl 1-11-2021, 9:28:31 PM
grand father (bolgelo) sent /lchat teleport at 0, 10, 4 1-11-2021, 9:28:44 PM
grand father (bolgelo) sent /lchat rofl good luck 1-11-2021, 9:28:50 PM
grand father (bolgelo) sent /suicide 1-11-2021, 9:28:52 PM
grand father (bolgelo) sent /request just fucking test 1-11-2021, 9:30:31 PM
grand father (bolgelo) sent /request nikita, fucking dura, delete this sun messages, and delete this fucking all time messages, and change this fucking fuck at the fuck fall sounds 1-11-2021, 9:31:21 PM
grand father (bolgelo) sent /requests 1-11-2021, 9:31:51 PM
grand father (bolgelo) sent /go 5 5 5  1-11-2021, 9:32:54 PM
grand father (bolgelo) sent /inv 1-11-2021, 10:13:22 PM