
Igrik logged in. 1-11-2021, 12:17:00 AM
bolgelo logged in. 1-11-2021, 1:11:09 AM
bolgelo logged in. 1-11-2021, 1:57:42 AM
alex logged in. 1-11-2021, 5:32:39 AM
lapat logged in. 1-11-2021, 5:34:38 AM
lapat logged in. 1-11-2021, 5:40:56 AM
dark-night logged in. 1-11-2021, 5:49:18 AM
dark-night logged in. 1-11-2021, 5:49:30 AM
Mongkol logged in. 1-11-2021, 5:54:41 AM
lapat logged in. 1-11-2021, 6:24:44 AM
dark-night logged in. 1-11-2021, 6:50:07 AM
Mongkol logged in. 1-11-2021, 6:55:31 AM
Mongkol logged in. 1-11-2021, 7:22:58 AM
tank logged in. 1-11-2021, 7:49:23 AM
officer logged in. 1-11-2021, 7:49:36 AM
best-killer logged in. 1-11-2021, 7:50:12 AM
artem logged in. 1-11-2021, 7:57:36 AM
officer logged in. 1-11-2021, 8:29:07 AM
best-killer logged in. 1-11-2021, 8:33:07 AM
artem logged in. 1-11-2021, 8:38:12 AM
tank logged in. 1-11-2021, 8:39:21 AM
best-killer logged in. 1-11-2021, 8:45:25 AM
officer logged in. 1-11-2021, 8:45:55 AM
tank logged in. 1-11-2021, 8:50:31 AM
tank logged in. 1-11-2021, 8:53:44 AM
Mongkol logged in. 1-11-2021, 8:57:48 AM
officer logged in. 1-11-2021, 9:10:54 AM
dark-night logged in. 1-11-2021, 9:24:36 AM
magistral logged in. 1-11-2021, 9:37:06 AM
officer logged in. 1-11-2021, 9:50:38 AM
magistral logged in. 1-11-2021, 9:53:26 AM
artem logged in. 1-11-2021, 9:55:39 AM
officer logged in. 1-11-2021, 9:57:30 AM
magistral logged in. 1-11-2021, 10:02:01 AM
laid logged in. 1-11-2021, 10:41:34 AM
nikita-k logged in. 1-11-2021, 10:43:24 AM
nikita-k logged in. 1-11-2021, 10:47:23 AM
magistral logged in. 1-11-2021, 10:48:36 AM
franklin logged in. 1-11-2021, 10:53:55 AM
artem logged in. 1-11-2021, 11:05:44 AM
officer logged in. 1-11-2021, 11:15:12 AM
nikita-k logged in. 1-11-2021, 11:27:15 AM
magistral logged in. 1-11-2021, 11:32:00 AM
magistral logged in. 1-11-2021, 11:55:02 AM
artem logged in. 1-11-2021, 11:58:26 AM
Mongkol logged in. 1-11-2021, 12:02:27 PM
dark-night logged in. 1-11-2021, 12:13:32 PM
supergamer logged in. 1-11-2021, 12:33:46 PM
artem logged in. 1-11-2021, 12:47:41 PM
officer logged in. 1-11-2021, 12:53:24 PM
Mongkol logged in. 1-11-2021, 12:57:04 PM
dark-night logged in. 1-11-2021, 1:00:52 PM
magistral logged in. 1-11-2021, 1:06:57 PM
officer logged in. 1-11-2021, 1:14:08 PM
officer logged in. 1-11-2021, 1:15:18 PM
officer logged in. 1-11-2021, 1:17:52 PM
sgamer logged in. 1-11-2021, 1:21:10 PM
franklin logged in. 1-11-2021, 1:28:26 PM
magistral logged in. 1-11-2021, 1:29:28 PM
magistral logged in. 1-11-2021, 1:39:17 PM
artem logged in. 1-11-2021, 1:58:02 PM
magistral logged in. 1-11-2021, 2:05:21 PM
franklin logged in. 1-11-2021, 2:08:06 PM
artem logged in. 1-11-2021, 2:08:24 PM
franklin logged in. 1-11-2021, 2:14:19 PM
magistral logged in. 1-11-2021, 2:16:18 PM
bolgelo logged in. 1-11-2021, 2:36:44 PM
artem logged in. 1-11-2021, 2:41:45 PM
tank logged in. 1-11-2021, 3:02:21 PM
trapper logged in. 1-11-2021, 3:10:28 PM
Mongkol logged in. 1-11-2021, 3:23:38 PM
bolgelo logged in. 1-11-2021, 3:28:19 PM
officer logged in. 1-11-2021, 3:30:16 PM
lifd logged in. 1-11-2021, 3:36:30 PM
krokodailtop logged in. 1-11-2021, 3:43:45 PM
stepman logged in. 1-11-2021, 3:57:42 PM
artem logged in. 1-11-2021, 4:05:44 PM
mihail logged in. 1-11-2021, 4:07:38 PM
bolgelo logged in. 1-11-2021, 4:09:46 PM
kirill logged in. 1-11-2021, 4:32:21 PM
bolgelo logged in. 1-11-2021, 4:47:35 PM
tank logged in. 1-11-2021, 4:52:38 PM
dark-night logged in. 1-11-2021, 4:55:29 PM
Mongkol logged in. 1-11-2021, 4:55:59 PM
tank logged in. 1-11-2021, 4:57:24 PM
officer logged in. 1-11-2021, 4:58:22 PM
officer logged in. 1-11-2021, 4:59:59 PM
tank logged in. 1-11-2021, 5:00:23 PM
franklin logged in. 1-11-2021, 5:00:25 PM
dark-night logged in. 1-11-2021, 5:00:36 PM
artem logged in. 1-11-2021, 5:00:42 PM
Mongkol logged in. 1-11-2021, 5:00:53 PM
officer logged in. 1-11-2021, 5:00:55 PM
officer logged in. 1-11-2021, 5:07:32 PM
nikita-k logged in. 1-11-2021, 5:10:16 PM
officer logged in. 1-11-2021, 5:10:27 PM
stepman logged in. 1-11-2021, 5:14:40 PM
artem logged in. 1-11-2021, 5:22:31 PM
laid logged in. 1-11-2021, 5:24:07 PM
franklin logged in. 1-11-2021, 5:26:26 PM
artem logged in. 1-11-2021, 5:32:16 PM
artem logged in. 1-11-2021, 5:36:22 PM
krokodailtop logged in. 1-11-2021, 5:43:12 PM
artem logged in. 1-11-2021, 5:44:07 PM
laid logged in. 1-11-2021, 5:53:09 PM
bolgelo logged in. 1-11-2021, 5:56:31 PM
sgamer logged in. 1-11-2021, 5:57:29 PM
bolgelo logged in. 1-11-2021, 5:57:59 PM
sgamer logged in. 1-11-2021, 6:00:16 PM
artem logged in. 1-11-2021, 6:06:10 PM
sgamer logged in. 1-11-2021, 6:09:11 PM
sgamer logged in. 1-11-2021, 6:18:57 PM
krokodailtop logged in. 1-11-2021, 6:20:42 PM
artem logged in. 1-11-2021, 6:28:08 PM
artem logged in. 1-11-2021, 7:01:05 PM
franklin logged in. 1-11-2021, 7:01:14 PM
artem logged in. 1-11-2021, 7:04:44 PM
nikita-k logged in. 1-11-2021, 7:23:22 PM
sgamer logged in. 1-11-2021, 7:26:48 PM
artem logged in. 1-11-2021, 7:52:00 PM
sgamer logged in. 1-11-2021, 7:52:07 PM
franklin logged in. 1-11-2021, 7:52:21 PM
franklin logged in. 1-11-2021, 7:59:42 PM
nikita-k logged in. 1-11-2021, 8:18:30 PM
sbnnagarajan logged in. 1-11-2021, 8:27:18 PM
sbnnagarajan logged in. 1-11-2021, 8:40:01 PM
laid logged in. 1-11-2021, 8:48:02 PM
nikita-k logged in. 1-11-2021, 9:07:16 PM
bolgelo logged in. 1-11-2021, 9:21:05 PM
nikita-k logged in. 1-11-2021, 9:21:22 PM
artem logged in. 1-11-2021, 9:22:58 PM
laid logged in. 1-11-2021, 9:58:50 PM
stepman logged in. 1-11-2021, 10:04:23 PM
laid logged in. 1-11-2021, 10:12:40 PM
bolgelo logged in. 1-11-2021, 10:13:09 PM
stepman logged in. 1-11-2021, 10:23:11 PM
Yarina logged in. 1-11-2021, 10:30:15 PM
rider logged in. 1-11-2021, 10:30:30 PM
rider logged in. 1-11-2021, 10:31:18 PM
dark-night logged in. 1-11-2021, 10:36:27 PM
laid logged in. 1-11-2021, 10:39:27 PM
dark-night logged in. 1-11-2021, 10:45:38 PM
laid logged in. 1-11-2021, 10:52:59 PM
dark-night logged in. 1-11-2021, 10:56:13 PM
Mongkol logged in. 1-11-2021, 10:56:58 PM
dark-night logged in. 1-11-2021, 10:58:05 PM
laid logged in. 1-11-2021, 11:02:33 PM
rider logged in. 1-11-2021, 11:04:53 PM
artem logged in. 1-11-2021, 11:11:16 PM
Mongkol logged in. 1-11-2021, 11:12:46 PM
franklin logged in. 1-11-2021, 11:17:51 PM
laid logged in. 1-11-2021, 11:18:04 PM
franklin logged in. 1-11-2021, 11:25:36 PM
laid logged in. 1-11-2021, 11:28:01 PM
artem logged in. 1-11-2021, 11:30:06 PM
dark-night logged in. 1-11-2021, 11:30:10 PM
Mongkol logged in. 1-11-2021, 11:30:11 PM
laid logged in. 1-11-2021, 11:30:21 PM
franklin logged in. 1-11-2021, 11:31:07 PM
rider logged in. 1-11-2021, 11:43:21 PM
supergamer logged in. 1-11-2021, 11:48:48 PM
artem logged in. 1-11-2021, 11:48:59 PM