
Mongkol (Mongkol) said aaa 1-11-2021, 5:57:26 AM
Mongkol (Mongkol) said aaaa 1-11-2021, 6:14:21 AM
Mongkol (Mongkol) said you hug your rumbling belly and moan, bitch! how it hurts! 1-11-2021, 6:59:14 AM
Mongkol (Mongkol) said fuck 1-11-2021, 7:04:37 AM
Mongkol (Mongkol) said a 1-11-2021, 7:54:45 AM
Mongkol (Mongkol) said На П 1-11-2021, 8:59:53 AM
Mongkol (Mongkol) said hi all 1-11-2021, 12:02:37 PM
Mongkol (Mongkol) said am ok 1-11-2021, 12:02:49 PM
Mongkol (Mongkol) said hahaha 1-11-2021, 12:04:43 PM
Mongkol (Mongkol) said ahah 1-11-2021, 12:06:46 PM
Mongkol (Mongkol) said oh thank you so much 1-11-2021, 12:07:44 PM
Mongkol (Mongkol) said hahaha 1-11-2021, 12:09:52 PM
Mongkol (Mongkol) said oh thank you so much 1-11-2021, 12:13:14 PM
Mongkol (Mongkol) said oops 1-11-2021, 12:14:33 PM
Mongkol (Mongkol) said ok thank you 1-11-2021, 12:14:47 PM
Mongkol (Mongkol) said 1 1-11-2021, 12:15:25 PM
Mongkol (Mongkol) said ok 1-11-2021, 12:16:37 PM
Mongkol (Mongkol) said thank you so much 1-11-2021, 12:16:59 PM
Mongkol (Mongkol) said I want a guide how to go challenge maps. 1-11-2021, 12:21:09 PM
Mongkol (Mongkol) said yes 1-11-2021, 12:21:23 PM
Mongkol (Mongkol) said my god 1-11-2021, 12:24:52 PM
Mongkol (Mongkol) said oh 1-11-2021, 12:36:47 PM
Mongkol (Mongkol) said congratulations, you've got 125935coins! 1-11-2021, 12:40:24 PM
Mongkol (Mongkol) said oh thank you so much 1-11-2021, 12:40:51 PM
Mongkol (Mongkol) said good 1-11-2021, 12:43:21 PM
Mongkol (Mongkol) said hahahaha 1-11-2021, 5:07:28 PM
Mongkol (Mongkol) said oops 1-11-2021, 11:20:04 PM
Mongkol (Mongkol) said whae location? 1-11-2021, 11:39:22 PM