
blindgamer123(blindgamer123) used a shield 9-1-2020, 4:42:23 PM
blindgamer123(blindgamer123) used a shield 9-1-2020, 4:42:23 PM
blindgamer123(blindgamer123) used a shield 9-1-2020, 4:42:23 PM
blindgamer123(blindgamer123) used a shield 9-1-2020, 4:42:23 PM
blindgamer123(blindgamer123) used a shield 9-1-2020, 4:42:24 PM
blindgamer123(blindgamer123) used a shield 9-1-2020, 4:42:24 PM
blindgamer123(blindgamer123) used a shield 9-1-2020, 4:42:25 PM
blindgamer123(blindgamer123) used a shield 9-1-2020, 4:42:25 PM
blindgamer123(blindgamer123) used a shield 9-1-2020, 4:42:25 PM
blindgamer123(blindgamer123) used a shield 9-1-2020, 4:42:25 PM
blindgamer123(blindgamer123) used a shield 9-1-2020, 4:42:26 PM
blindgamer123(blindgamer123) used a shield 9-1-2020, 4:42:31 PM
blindgamer123(blindgamer123) used a shield 9-1-2020, 4:42:31 PM
blindgamer123(blindgamer123) used a shield 9-1-2020, 4:42:31 PM
blindgamer123(blindgamer123) used a shield 9-1-2020, 4:42:31 PM
blindgamer123(blindgamer123) used a shield 9-1-2020, 4:42:32 PM
blindgamer123(blindgamer123) used a shield 9-1-2020, 4:42:32 PM
blindgamer123(blindgamer123) used a shield 9-1-2020, 4:42:32 PM
blindgamer123(blindgamer123) used a shield 9-1-2020, 4:42:32 PM
blindgamer123(blindgamer123) used a shield 9-1-2020, 4:42:32 PM
blindgamer123(blindgamer123) used a shield 9-1-2020, 4:42:33 PM
blindgamer123(blindgamer123) used a shield 9-1-2020, 4:42:33 PM
blindgamer123(blindgamer123) used a shield 9-1-2020, 4:42:33 PM
blindgamer123(blindgamer123) used a shield 9-1-2020, 4:42:33 PM
blindgamer123(blindgamer123) used a shield 9-1-2020, 4:42:33 PM
blindgamer123(blindgamer123) used a shield 9-1-2020, 4:42:34 PM
blindgamer123(blindgamer123) used a shield 9-1-2020, 4:42:34 PM
blindgamer123(blindgamer123) used a shield 9-1-2020, 4:42:34 PM
blindgamer123(blindgamer123) used a tk_ultra_health_potion 9-1-2020, 4:42:37 PM
blindgamer123(blindgamer123) used a tk_ultra_health_potion 9-1-2020, 4:42:38 PM
blindgamer123(blindgamer123) used a awp_ammo_pack 9-1-2020, 4:42:47 PM
blindgamer123(blindgamer123) used a awp_ammo_pack 9-1-2020, 4:42:47 PM
blindgamer123(blindgamer123) used a awp_ammo_pack 9-1-2020, 4:42:47 PM
blindgamer123(blindgamer123) used a awp_ammo_pack 9-1-2020, 4:42:48 PM
blindgamer123(blindgamer123) used a awp 9-1-2020, 4:42:56 PM
blindgamer123(blindgamer123) used a str_301_long_barreled_machine_pistol 9-1-2020, 4:44:56 PM
blindgamer123(blindgamer123) used a pack_of_20_ammo_ags30 9-1-2020, 4:49:04 PM
blindgamer123(blindgamer123) used a pack_of_20_ammo_ags30 9-1-2020, 4:49:04 PM
blindgamer123(blindgamer123) used a pack_of_20_ammo_ags30 9-1-2020, 4:49:04 PM
blindgamer123(blindgamer123) used a pack_of_20_ammo_ags30 9-1-2020, 4:49:04 PM
blindgamer123(blindgamer123) used a pack_of_20_ammo_ags30 9-1-2020, 4:49:04 PM
blindgamer123(blindgamer123) used a pack_of_20_ammo_ags30 9-1-2020, 4:49:04 PM
blindgamer123(blindgamer123) used a pack_of_20_ammo_ags30 9-1-2020, 4:49:05 PM
blindgamer123(blindgamer123) used a ags30 9-1-2020, 4:49:13 PM
blindgamer123(blindgamer123) used a tk_ultra_health_potion 9-1-2020, 9:16:46 PM
blindgamer123(blindgamer123) used a tk_ultra_health_potion 9-1-2020, 9:16:47 PM
blindgamer123(blindgamer123) used a shield 9-1-2020, 9:16:52 PM
blindgamer123(blindgamer123) used a shield 9-1-2020, 9:16:52 PM
blindgamer123(blindgamer123) used a shield 9-1-2020, 9:17:00 PM
blindgamer123(blindgamer123) used a shield 9-1-2020, 9:17:00 PM
blindgamer123(blindgamer123) used a shield 9-1-2020, 9:17:07 PM
blindgamer123(blindgamer123) used a shield 9-1-2020, 9:17:07 PM
blindgamer123(blindgamer123) used a shield 9-1-2020, 9:17:08 PM
blindgamer123(blindgamer123) used a shield 9-1-2020, 9:17:08 PM
blindgamer123(blindgamer123) used a shield 9-1-2020, 9:17:08 PM
blindgamer123(blindgamer123) used a shield 9-1-2020, 9:17:08 PM
blindgamer123(blindgamer123) used a shield 9-1-2020, 9:17:08 PM
blindgamer123(blindgamer123) used a shield 9-1-2020, 9:17:09 PM
blindgamer123(blindgamer123) used a shield 9-1-2020, 9:17:09 PM
blindgamer123(blindgamer123) used a shield 9-1-2020, 9:17:09 PM
blindgamer123(blindgamer123) used a shield 9-1-2020, 9:17:09 PM
blindgamer123(blindgamer123) used a shield 9-1-2020, 9:17:10 PM
blindgamer123(blindgamer123) used a shield 9-1-2020, 9:17:10 PM
blindgamer123(blindgamer123) used a shield 9-1-2020, 9:17:10 PM
blindgamer123(blindgamer123) used a shield 9-1-2020, 9:17:11 PM
blindgamer123(blindgamer123) used a shield 9-1-2020, 9:17:11 PM
blindgamer123(blindgamer123) used a shield 9-1-2020, 9:17:11 PM
blindgamer123(blindgamer123) used a shield 9-1-2020, 9:17:11 PM
blindgamer123(blindgamer123) used a shield 9-1-2020, 9:17:11 PM
blindgamer123(blindgamer123) used a shield 9-1-2020, 9:17:12 PM
blindgamer123(blindgamer123) used a shield 9-1-2020, 9:17:12 PM
blindgamer123(blindgamer123) used a shield 9-1-2020, 9:17:12 PM
blindgamer123(blindgamer123) used a shield 9-1-2020, 9:17:12 PM
blindgamer123(blindgamer123) used a shield 9-1-2020, 9:17:12 PM
blindgamer123(blindgamer123) used a shield 9-1-2020, 9:17:13 PM
blindgamer123(blindgamer123) used a shield 9-1-2020, 9:17:13 PM
blindgamer123(blindgamer123) used a shield 9-1-2020, 9:17:13 PM
blindgamer123(blindgamer123) used a tk_ultra_health_potion 9-1-2020, 9:17:26 PM
blindgamer123(blindgamer123) used a tk_ultra_health_potion 9-1-2020, 9:17:26 PM
blindgamer123(blindgamer123) used a awp 9-1-2020, 9:17:31 PM
blindgamer123(blindgamer123) used a tk_ultra_health_potion 9-1-2020, 9:20:29 PM
blindgamer123(blindgamer123) used a tk_ultra_health_potion 9-1-2020, 9:20:29 PM
blindgamer123(blindgamer123) used a tk_ultra_health_potion 9-1-2020, 9:21:10 PM
blindgamer123(blindgamer123) used a tk_ultra_health_potion 9-1-2020, 9:21:11 PM
blindgamer123(blindgamer123) used a rocket_launcher 9-1-2020, 9:24:06 PM
blindgamer123(blindgamer123) used a pack_of_10_ammo_rocket_launcher 9-1-2020, 9:24:17 PM
blindgamer123(blindgamer123) used a pack_of_10_ammo_rocket_launcher 9-1-2020, 9:24:17 PM
blindgamer123(blindgamer123) used a pack_of_10_ammo_rocket_launcher 9-1-2020, 9:24:17 PM
blindgamer123(blindgamer123) used a pack_of_10_ammo_rocket_launcher 9-1-2020, 9:24:17 PM
blindgamer123(blindgamer123) used a pack_of_10_ammo_rocket_launcher 9-1-2020, 9:24:18 PM
blindgamer123(blindgamer123) used a pack_of_10_ammo_rocket_launcher 9-1-2020, 9:24:18 PM
blindgamer123(blindgamer123) used a pack_of_10_ammo_rocket_launcher 9-1-2020, 9:24:18 PM