
pandey(pandey) used a coin 1-16-2021, 9:15:07 PM
pandey(pandey) used a health_orb 1-16-2021, 9:17:37 PM
pandey(pandey) used a beretta_nano_pocket_pistol 1-16-2021, 9:18:01 PM
pandey(pandey) used a pack_of_80_ammo_stp21_handgun 1-16-2021, 9:19:22 PM
pandey(pandey) used a pack_of_80_ammo_stp21_handgun 1-16-2021, 9:19:23 PM
pandey(pandey) used a pack_of_80_ammo_stp21_handgun 1-16-2021, 9:19:24 PM
pandey(pandey) used a pack_of_80_ammo_stp21_handgun 1-16-2021, 9:19:24 PM
pandey(pandey) used a pack_of_80_ammo_stp21_handgun 1-16-2021, 9:19:24 PM
pandey(pandey) used a pack_of_80_ammo_stp21_handgun 1-16-2021, 9:19:24 PM
pandey(pandey) used a pack_of_80_ammo_stp21_handgun 1-16-2021, 9:19:25 PM
pandey(pandey) used a pack_of_80_ammo_stp21_handgun 1-16-2021, 9:19:25 PM
pandey(pandey) used a pack_of_80_ammo_stp21_handgun 1-16-2021, 9:19:25 PM
pandey(pandey) used a pack_of_80_ammo_stp21_handgun 1-16-2021, 9:19:25 PM
pandey(pandey) used a pack_of_30_ammo_crt43_automatic_shotgun 1-16-2021, 9:19:37 PM
pandey(pandey) used a pack_of_30_ammo_crt43_automatic_shotgun 1-16-2021, 9:19:37 PM
pandey(pandey) used a pack_of_30_ammo_crt43_automatic_shotgun 1-16-2021, 9:19:38 PM
pandey(pandey) used a pack_of_30_ammo_crt43_automatic_shotgun 1-16-2021, 9:19:38 PM
pandey(pandey) used a pack_of_30_ammo_crt43_automatic_shotgun 1-16-2021, 9:19:38 PM
pandey(pandey) used a pack_of_30_ammo_crt43_automatic_shotgun 1-16-2021, 9:19:38 PM
pandey(pandey) used a pack_of_30_ammo_crt43_automatic_shotgun 1-16-2021, 9:19:39 PM
pandey(pandey) used a pack_of_30_ammo_crt43_automatic_shotgun 1-16-2021, 9:19:39 PM
pandey(pandey) used a pack_of_30_ammo_crt43_automatic_shotgun 1-16-2021, 9:19:39 PM
pandey(pandey) used a pack_of_30_ammo_crt43_automatic_shotgun 1-16-2021, 9:19:39 PM
pandey(pandey) used a pack_of_30_ammo_crt43_automatic_shotgun 1-16-2021, 9:19:39 PM
pandey(pandey) used a pack_of_30_ammo_crt43_automatic_shotgun 1-16-2021, 9:19:40 PM
pandey(pandey) used a pack_of_30_ammo_crt43_automatic_shotgun 1-16-2021, 9:19:40 PM
pandey(pandey) used a pack_of_30_ammo_crt43_automatic_shotgun 1-16-2021, 9:19:40 PM
pandey(pandey) used a pack_of_30_ammo_crt43_automatic_shotgun 1-16-2021, 9:19:40 PM
pandey(pandey) used a pack_of_30_ammo_crt43_automatic_shotgun 1-16-2021, 9:19:41 PM
pandey(pandey) used a pack_of_30_ammo_crt43_automatic_shotgun 1-16-2021, 9:19:41 PM
pandey(pandey) used a pack_of_30_ammo_crt43_automatic_shotgun 1-16-2021, 9:19:41 PM
pandey(pandey) used a pack_of_30_ammo_crt43_automatic_shotgun 1-16-2021, 9:19:41 PM
pandey(pandey) used a pack_of_30_ammo_crt43_automatic_shotgun 1-16-2021, 9:19:42 PM
pandey(pandey) used a ammo_stp21_handgun 1-16-2021, 9:19:54 PM
pandey(pandey) used a ammo_stp21_handgun 1-16-2021, 9:19:55 PM
pandey(pandey) used a stp21_handgun 1-16-2021, 9:20:01 PM
pandey(pandey) used a empty_pack 1-16-2021, 9:25:01 PM
pandey(pandey) used a poison_drink 1-16-2021, 9:25:47 PM
pandey(pandey) used a beretta_nano_pocket_pistol 1-16-2021, 9:26:10 PM
pandey(pandey) used a motion_bomb 1-16-2021, 9:30:55 PM
pandey(pandey) used a missile_interceptor 1-16-2021, 9:32:48 PM