
SuperFighter (SuperFighter) sent /suicide 1-16-2021, 12:08:02 AM
SuperFighter (SuperFighter) sent /s30 1-16-2021, 12:39:46 AM
SuperFighter (SuperFighter) sent /suicide 1-16-2021, 1:27:23 AM
SuperFighter (SuperFighter) sent /store 1-16-2021, 1:41:26 AM
SuperFighter (SuperFighter) sent /suicide 1-16-2021, 1:41:29 AM
SuperFighter (SuperFighter) sent /sell 1-16-2021, 1:45:05 AM
SuperFighter (SuperFighter) sent /pm killer3000 please, forgive me 1-16-2021, 9:27:19 AM
SuperFighter (SuperFighter) sent /lchat oho 1-16-2021, 9:29:58 AM
SuperFighter (SuperFighter) sent /pm killer3000 can i join team please 1-16-2021, 9:34:56 AM
SuperFighter (SuperFighter) sent /pm athee please me also 1-16-2021, 9:37:38 AM
SuperFighter (SuperFighter) sent /pm athee password and team name 1-16-2021, 9:45:04 AM
SuperFighter (SuperFighter) sent /jointeam gangsters masters 1-16-2021, 9:47:04 AM
SuperFighter (SuperFighter) sent /t thanks 1-16-2021, 9:47:21 AM
SuperFighter (SuperFighter) sent /pm athee hey bro, i think killer3000 is not happy because i join the team 1-16-2021, 9:48:46 AM
SuperFighter (SuperFighter) sent /t pm from athee (athee): /jointeam gangsters masters 1-16-2021, 9:49:24 AM
SuperFighter (SuperFighter) sent /t killer3000 left the team! 1-16-2021, 9:49:32 AM
SuperFighter (SuperFighter) sent /t oho, i think he is not happy that i join the team guys 1-16-2021, 9:49:57 AM
SuperFighter (SuperFighter) sent /t if that is the issue, i will leave from team, tell him to join back 1-16-2021, 9:50:25 AM
SuperFighter (SuperFighter) sent /suicide 1-16-2021, 9:51:01 AM
SuperFighter (SuperFighter) sent /t sorry sorry guys 1-16-2021, 9:51:11 AM
SuperFighter (SuperFighter) sent /send krish coin 1000000 1-16-2021, 9:51:43 AM
SuperFighter (SuperFighter) sent /t how to kill that creature in that map 1-16-2021, 10:01:58 AM
SuperFighter (SuperFighter) sent /t they are very strong 1-16-2021, 10:02:07 AM
SuperFighter (SuperFighter) sent /t not sure about the name of creatures 1-16-2021, 10:02:31 AM
SuperFighter (SuperFighter) sent /t it is taking very long time to kill 1-16-2021, 10:02:44 AM
SuperFighter (SuperFighter) sent /t do you have storm snapper gun? 1-16-2021, 10:03:37 AM
SuperFighter (SuperFighter) sent /t i am trying to get, but unable to complete this challenge map 1-16-2021, 10:04:11 AM
SuperFighter (SuperFighter) sent /lchat how you are killing this creature 1-16-2021, 10:08:19 AM
SuperFighter (SuperFighter) sent /lchat that one 1-16-2021, 10:08:47 AM
SuperFighter (SuperFighter) sent /lchat how to track creatures 1-16-2021, 10:11:12 AM
SuperFighter (SuperFighter) sent /t oho, unable to track the creature at right direction 1-16-2021, 10:22:01 AM
SuperFighter (SuperFighter) sent /t ok bye 1-16-2021, 10:28:20 AM
SuperFighter (SuperFighter) sent /sl 1-16-2021, 11:04:36 AM
SuperFighter (SuperFighter) sent /s33 1-16-2021, 11:07:25 AM
SuperFighter (SuperFighter) sent // 1-16-2021, 11:07:42 AM
SuperFighter (SuperFighter) sent /cancelbid a 1-16-2021, 11:07:53 AM
SuperFighter (SuperFighter) sent /bid 1 1-16-2021, 11:10:02 AM
SuperFighter (SuperFighter) sent /pm nikita-k can you help me plees 1-16-2021, 11:29:32 AM
SuperFighter (SuperFighter) sent /r can you suggest me anice wapan to kill animals plees 1-16-2021, 11:30:56 AM
SuperFighter (SuperFighter) sent /r thankyou mam 1-16-2021, 11:33:57 AM
SuperFighter (SuperFighter) sent /gnsubmit 12 1-16-2021, 11:48:00 AM
SuperFighter (SuperFighter) sent /gnsubmit 40 1-16-2021, 11:48:05 AM
SuperFighter (SuperFighter) sent /lchat hi 1-16-2021, 2:54:35 PM
SuperFighter (SuperFighter) sent /save zone 1-16-2021, 6:22:48 PM
SuperFighter (SuperFighter) sent /lchat hi 1-16-2021, 6:37:26 PM
SuperFighter (SuperFighter) sent /admintell move kaunghtet please? 1-16-2021, 6:59:37 PM
SuperFighter (SuperFighter) sent /admintell kaunghtet is auto jumping 1-16-2021, 7:00:46 PM
SuperFighter (SuperFighter) sent /admintell help my friend admins 1-16-2021, 7:12:18 PM
SuperFighter (SuperFighter) sent /admintell help 1-16-2021, 7:16:10 PM
SuperFighter (SuperFighter) sent /admintell help 1-16-2021, 7:16:20 PM
SuperFighter (SuperFighter) sent /admintell move kaunghtet 1-16-2021, 7:17:12 PM
SuperFighter (SuperFighter) sent /t hi 1-16-2021, 7:22:16 PM
SuperFighter (SuperFighter) sent /t admin did not help my friend how can i do? 1-16-2021, 7:23:21 PM
SuperFighter (SuperFighter) sent /t kill kaunghtet 1-16-2021, 7:24:24 PM
SuperFighter (SuperFighter) sent /t he is jumping 1-16-2021, 7:24:49 PM
SuperFighter (SuperFighter) sent /t help nhim? 1-16-2021, 7:27:01 PM