
djtrevor logged in. 10-5-2020, 9:43:25 AM
djtrevor disconnected 10-5-2020, 9:43:29 AM
ramil logged in. 10-5-2020, 9:53:36 AM
ramil disconnected 10-5-2020, 9:53:54 AM
djtrevor logged in. 10-5-2020, 12:18:13 PM
death: djtrevor was given what was coming to them, thank you djtrevor's rpg7! 10-5-2020, 12:18:25 PM
djtrevor disconnected 10-5-2020, 12:23:01 PM
Lyutsifer logged in. 10-5-2020, 1:25:02 PM
death: There's a light at the end of the tunnel kirill4, actually, fuck that. Lyutsifer ran you down. Sor'r'r'r'r'r'r'r'r'r'ry 10-5-2020, 1:32:19 PM
death: kirill3 just condemned Lyutsifer to hell! 10-5-2020, 1:32:58 PM
death: Well, kirill1 doesn't exist anymore. Looks to be that Lyutsifer has ultimate victory. Clean up on kirill's_world  10-5-2020, 1:37:14 PM
death: kirill3, You have a murderer on line 1, go ahead Lyutsifer  10-5-2020, 1:38:20 PM
death: Lyutsifer just got bashed by kirill4 on the kirill's_world map 10-5-2020, 1:38:27 PM
death: and the deathly scream of kirill4 pierces the air as Lyutsifer finishes them off! 10-5-2020, 1:38:31 PM
death: Lyutsifer's bottle bomb just put the smack down on Lyutsifer 10-5-2020, 1:45:02 PM
death: bottle bomb just royally kicked kirill1's ass 10-5-2020, 1:45:07 PM
death: Man? what's this! kirill2 died? No! He's my friend! Or what... I mean, he's bottle bomb's friend! But I still can't believe looking at how he killed them on kirill's_world. 10-5-2020, 1:45:07 PM
death: kirill2 was turned to pulp by Lyutsifer 10-5-2020, 1:51:22 PM
death: Oops? Man down! That man is kirill3. Lyutsifer isn't so kind on kirill's_world. 10-5-2020, 1:51:25 PM
death: Another one bites the dust, Lyutsifer, you will be greatly missed on kirill's_world. 10-5-2020, 1:51:35 PM
death: Another one bites the dust, kirill4, you will be greatly missed on kirill's_world. 10-5-2020, 1:54:58 PM
death: kirill1 just got bashed by Lyutsifer on the kirill's_world map 10-5-2020, 1:55:46 PM
death: kirill2 has been terminated by Lyutsifer 10-5-2020, 1:55:46 PM
death: oy, where'd kirill2 go. Do you happen to know, Lyutsifer? 10-5-2020, 1:55:46 PM
death: Lyutsifer is so happy because he killed kirill1 on kirill's_world! 10-5-2020, 1:56:03 PM
death: the kirill's_world map now contains loads of guts from Lyutsifer, thanks to kirill4.  10-5-2020, 1:56:14 PM
gleb logged in. 10-5-2020, 1:56:28 PM
gleb (gleb) said hi 10-5-2020, 1:57:43 PM
gleb disconnected 10-5-2020, 1:58:37 PM
gleb logged in. 10-5-2020, 1:58:40 PM
gleb (gleb) said hi 10-5-2020, 1:58:45 PM
death: kirill4 was owned by Lyutsifer on kirill's_world 10-5-2020, 1:59:02 PM
death: Lyutsifer was just obliterated by the force of kirillboss on kirill'smain_room 10-5-2020, 2:00:56 PM
death: Stop crying, kirill2! Go kill gleb! 10-5-2020, 2:01:46 PM
death: kirill4, I believe gleb had something to say. 10-5-2020, 2:02:51 PM
death: Oh flapjacks, kirill's_world looks like a big bloody mess. gleb definitely pushed hard to use kirill3's remains as a deceration 10-5-2020, 2:02:57 PM
death: gleb just neutralized kirill2 10-5-2020, 2:03:01 PM
death: a bloody corpse of kirill4 now lies on map kirill's_world, thanks to gleb 10-5-2020, 2:03:06 PM
death: kirill3 was nuked out of existance by gleb 10-5-2020, 2:03:11 PM
death: Lyutsifer just got creamed by gleb's hand_cannon 10-5-2020, 2:03:38 PM
death: A new corpse of kirill2 is flying on kirill's_world, because Lyutsifer made this to happen! 10-5-2020, 2:03:39 PM
death: gleb is so happy because he killed kirill3 on kirill's_world! 10-5-2020, 2:04:04 PM
death: kirill3 just got annihilated by gleb 10-5-2020, 2:04:14 PM
death: gleb just put kirill3 6 feet under on kirill's_world 10-5-2020, 2:04:25 PM
death: kirill2 got fucked up by gleb on kirill's_world. 10-5-2020, 2:04:30 PM
death: gleb just gave kirill1 what for! 10-5-2020, 2:04:40 PM
death: gleb just put kirill4 6 feet under on kirill's_world 10-5-2020, 2:04:41 PM
death: A new freshly killed blood of kirill3 lies now on kirill's_world, thanks gleb! 10-5-2020, 2:04:48 PM
death: gleb just completely and totally pulvarized kirill3 over here! 10-5-2020, 2:05:04 PM
death: because of the villany of kirill3, gleb will no longer have a beating heart again, because it is broken on the kirill's_world map.  10-5-2020, 2:05:05 PM
death: He shoots, he scores! Lyutsifer's testicles went flying through the hoops on map kirill's world. gleb's hand_cannon stands tall with quite the sinical smile. 10-5-2020, 2:05:57 PM
death: a bloody corpse of kirill2 now lies on map kirill's_world, thanks to gleb 10-5-2020, 2:07:09 PM
death: kirill1 just got creamed by gleb 10-5-2020, 2:07:18 PM
death: gleb killed kirill2 on kirill's_world. 10-5-2020, 2:07:24 PM
death: ownage! Lyutsifer managed to escape by killing gleb's hand_cannon on the map kirill's world 10-5-2020, 2:07:26 PM
death: Breaking news! Today, gleb killed kirill2 so easy on kirill's_world! isn't it a good news? 10-5-2020, 2:07:32 PM
death: kirill3 really made a mess of gleb on the kirill's_world map.  10-5-2020, 2:07:39 PM
death: gleb just beat the shit out of kirill3 10-5-2020, 2:08:10 PM
death: kirill3 was given what was coming to them, thank you gleb! 10-5-2020, 2:08:27 PM
death: gleb just blasted kirill1 away! 10-5-2020, 2:08:45 PM
death: Oh flapjacks, kirill's_world looks like a big bloody mess. gleb definitely pushed hard to use kirill2's remains as a deceration 10-5-2020, 2:08:48 PM
death: You know that particular element in physics where velocity increases as you fall? yeah, kirill3 learned that really fuckin quick, and we can thank gleb. 10-5-2020, 2:08:53 PM
death: gleb just mauled kirill1 10-5-2020, 2:09:04 PM
death: kirill4's head was blown apart and now gleb plays basketball today on map kirill's_world, up for a game? 10-5-2020, 2:09:08 PM
death: kirill's_world smells pretty dank. kirill1 needs a proper barrial by gleb 10-5-2020, 2:09:11 PM
death: kirillboss just used the grounds of the kirill'smain_room map to teach gleb a very important lesson!  10-5-2020, 2:09:44 PM
death: gleb just put the smack down on kirillboss 10-5-2020, 2:09:50 PM
death: Lyutsifer just used the grounds of the kirill's_world map to teach kirill1 a very important lesson!  10-5-2020, 2:10:41 PM
death: Lyutsifer, I believe gleb's cannon had something to say. 10-5-2020, 2:10:56 PM
death: Oh flapjacks, kirill's_world looks like a big bloody mess. gleb definitely pushed hard to use kirill1's remains as a deceration 10-5-2020, 2:10:57 PM
death: kirill3, I believe gleb had something to say. 10-5-2020, 2:10:57 PM
death: gleb, You have a murderer on line 1, go ahead kirill4  10-5-2020, 2:11:55 PM
death: Oh flapjacks, kirill's_world looks like a big bloody mess. gleb definitely pushed hard to use kirill4's remains as a deceration 10-5-2020, 2:12:00 PM
gleb (gleb) said хочешь войну 10-5-2020, 2:12:25 PM
gleb (gleb) said  Монет , 197775675 10-5-2020, 2:13:51 PM
gleb (gleb) said а извини ты новенький я просто не посмотрел сорри 10-5-2020, 2:14:56 PM
gleb (gleb) said пошли to enter in the kirill's world, press enter at 25, 25, 0 10-5-2020, 2:15:58 PM
gleb (gleb) said !!!!! Мы приветствуем вас на голосовом портале Чат Рулетка...по поводу создании личного канала обращайтесь к администратором нашего портала... ники администраторов- Люцифер, Велиал, Эртугрул Бей... (0)  2 из 10  уровень 1 10-5-2020, 2:16:55 PM
death: The kirill's_world map is full now with kirill4's guts as gleb owned them! 10-5-2020, 2:18:02 PM
death: gleb just royally kicked kirill4's ass 10-5-2020, 2:18:13 PM
death: because of the villany of gleb, kirill2 will no longer have a beating heart again, because it is broken on the kirill's_world map.  10-5-2020, 2:18:21 PM
death: gleb laughs mockingly at the dying form of kirill4 on kirill's_world 10-5-2020, 2:18:31 PM
death: A new freshly killed blood of kirill4 lies now on kirill's_world, thanks gleb! 10-5-2020, 2:18:52 PM
death: kirill4's head was blown apart and now gleb plays basketball today on map kirill's_world, up for a game? 10-5-2020, 2:18:57 PM
death: gleb just beat the shit out of kirill4 10-5-2020, 2:19:42 PM
death: Oh flapjacks, kirill's_world looks like a big bloody mess. gleb definitely pushed hard to use kirill2's remains as a deceration 10-5-2020, 2:19:47 PM
death: kirill1 really made a mess of gleb on the kirill's_world map.  10-5-2020, 2:19:51 PM
death: Another one bites the dust! kirill1, have fun, I'm sure grenade is 10-5-2020, 2:20:59 PM
death: kirill3 was nuked off the map kirill's_world by gleb 10-5-2020, 2:21:16 PM
death: kirill2, I believe gleb had something to say. 10-5-2020, 2:21:38 PM
death: kirill2 was given what was coming to them, thank you gleb! 10-5-2020, 2:21:56 PM
death: Rest  in piece, kirill1. We'll sure miss you, guess we can thank gleb for what they did. 10-5-2020, 2:22:08 PM
death: He shoots, he scores! kirill4's testicles went flying through the hoops on map kirill's_world. gleb stands tall with quite the sinical smile. 10-5-2020, 2:22:12 PM
karatel logged in. 10-5-2020, 2:22:29 PM
death: a bloody corpse of kirill4 now lies on map kirill's_world, thanks to gleb 10-5-2020, 2:22:39 PM
death: Is there a doctor on the mapkirill's_world? kirill4 has no paulse. Oh, there isn't? Okay. gleb laughs. 10-5-2020, 2:22:45 PM
death: Damn, Amphibian, that was quite a vicious display of violence towards karatel 10-5-2020, 2:22:49 PM
death: kirill4 just got bashed by gleb on the kirill's_world map 10-5-2020, 2:23:02 PM
death: gravaty just finished pulling the corpse of gleb to the ground of the kirill's_world map, and we can thank kirill3 for the help!  10-5-2020, 2:23:02 PM
death: Another one bites the dust, kirill3, you will be greatly missed on kirill's_world. 10-5-2020, 2:23:06 PM
gleb (gleb) said hi 10-5-2020, 2:23:44 PM
gleb (gleb) said  Монет , 199341550 10-5-2020, 2:24:18 PM
gleb (gleb) said будем воевать 10-5-2020, 2:25:12 PM
gleb (gleb) said ooooooo 10-5-2020, 2:26:13 PM
death: There's a light at the end of the tunnel boxer, actually, fuck that. karatel ran you down. Sor'r'r'r'r'r'r'r'r'r'ry 10-5-2020, 2:26:25 PM
death: Man? what's this! kirill3 died? No! He's my friend! Or what... I mean, he's gleb's friend! But I still can't believe looking at how he killed them on kirill's_world. 10-5-2020, 2:27:37 PM
death: Man? what's this! kirill1 died? No! He's my friend! Or what... I mean, he's gleb's friend! But I still can't believe looking at how he killed them on kirill's_world. 10-5-2020, 2:27:42 PM
death: gleb just completely and totally pulvarized kirill4 over here! 10-5-2020, 2:27:52 PM
death: gleb killed kirill2 on kirill's_world. 10-5-2020, 2:28:10 PM
death: karatel just completely and totally pulvarized Amphibian over here! 10-5-2020, 2:28:20 PM
death: gleb just mauled kirill4 10-5-2020, 2:28:25 PM
death: He shoots, he scores! kirill2's testicles went flying through the hoops on map kirill's_world. gleb stands tall with quite the sinical smile. 10-5-2020, 2:28:29 PM
death: gleb just neutralized kirill1 10-5-2020, 2:28:30 PM
death: gleb just completely and totally pulvarized kirill2 over here! 10-5-2020, 2:28:30 PM
death: gleb just condemned kirill3 to hell! 10-5-2020, 2:28:44 PM
death: kirill2 just got creamed by gleb 10-5-2020, 2:28:51 PM
death: A new corpse of Lyutsifer's robot 8 is flying on kirill's_world, because Lyutsifer's modern_sub_machine_gun_carbine made this to happen! 10-5-2020, 2:29:05 PM
death: OK, let's see what else Lyutsifer can do for kirill4 on kirill's_world. I saw he killed them! 10-5-2020, 2:29:07 PM
death: oy, where'd kirill2 go. Do you happen to know, gleb? 10-5-2020, 2:29:15 PM
death: kirill4 really made a mess of Lyutsifer on the kirill's_world map.  10-5-2020, 2:29:27 PM
death: Anybody knows why karatel died? I know! karatel got owned by Amphibian! Where? On secret_house! 10-5-2020, 2:29:28 PM
death: kirillboss just totaled gleb's ass on kirill'smain_room 10-5-2020, 2:29:45 PM
death: gravaty just finished pulling the corpse of kirillboss to the ground of the kirill'smain_room map, and we can thank gleb for the help!  10-5-2020, 2:29:47 PM
death: oy, where'd Lyutsifer go. Do you happen to know, kirill4? 10-5-2020, 2:29:53 PM
death: a bloody corpse of kirill3 now lies on map kirill's_world, thanks to Lyutsifer 10-5-2020, 2:29:57 PM
death: kirill4 was totaled by Lyutsifer on map kirill's_world 10-5-2020, 2:29:57 PM
death: Lyutsifer just gave  kirill2 a royal beating 10-5-2020, 2:29:57 PM
death: boxer was given what was coming to them, thank you karatel! 10-5-2020, 2:30:42 PM
death: boxer, You have a murderer on line 1, go ahead karatel  10-5-2020, 2:30:42 PM
death: gleb just condemned trainer to hell! 10-5-2020, 2:31:12 PM
death: gleb is so happy because he killed boxer on boxing! 10-5-2020, 2:31:19 PM
death: Oops? Man down! That man is boxer. gleb isn't so kind on boxing. 10-5-2020, 2:31:25 PM
death: Another one bites the dust, boxer, you will be greatly missed on boxing. 10-5-2020, 2:31:32 PM
death: boxer really made a mess of gleb on the boxing map.  10-5-2020, 2:31:48 PM
death: Anybody knows why boxer died? I know! boxer got owned by gleb! Where? On boxing! 10-5-2020, 2:31:53 PM
death: Rest  in piece, trainer. We'll sure miss you, guess we can thank gleb for what they did. 10-5-2020, 2:32:04 PM
death: trainer takes their last breath as gleb blasts them in the face one last time. Brutallity! 10-5-2020, 2:32:04 PM
death: boxer has been terminated by gleb 10-5-2020, 2:32:07 PM
death: He shoots, he scores! karatel's testicles went flying through the hoops on map secret_house. Amphibian stands tall with quite the sinical smile. 10-5-2020, 2:32:12 PM
death: I think I just saw Amphibian's corpse flying as karatel owned them on secret_house. 10-5-2020, 2:32:13 PM
death: A new corpse of boxer is flying on boxing, because gleb made this to happen! 10-5-2020, 2:32:27 PM
death: gleb laughs mockingly at the dying form of boxer on boxing 10-5-2020, 2:32:27 PM
death: gleb just neutralized trainer 10-5-2020, 2:32:30 PM
death: oy, where'd boxer go. Do you happen to know, gleb? 10-5-2020, 2:32:36 PM
death: boxer was nuked out of existance by gleb 10-5-2020, 2:32:43 PM
death: Lyutsifer just got creamed by kirill3 10-5-2020, 2:32:44 PM
death: Damn, gleb, that was quite a vicious display of violence towards boxer 10-5-2020, 2:32:49 PM
death: Another one bites the dust, trainer, you will be greatly missed on boxing. 10-5-2020, 2:33:32 PM
death: gleb just completely and totally pulvarized boxer over here! 10-5-2020, 2:33:32 PM
death: ownage! boxer managed to escape by killing gleb on the map boxing 10-5-2020, 2:33:32 PM
death: gleb just put the smack down on boxer 10-5-2020, 2:33:43 PM
death: Is there a doctor on the mapboxing? boxer has no paulse. Oh, there isn't? Okay. gleb laughs. 10-5-2020, 2:33:47 PM
death: gleb just used the grounds of the boxing map to teach trainer a very important lesson!  10-5-2020, 2:33:51 PM
death: gleb just totaled boxer's ass on boxing 10-5-2020, 2:34:04 PM
death: Another one bites the dust! boxer, have fun, I'm sure gleb is 10-5-2020, 2:34:08 PM
death: a bloody corpse of boxer now lies on map boxing, thanks to gleb 10-5-2020, 2:34:18 PM
death: gleb is so happy because he killed boxer on boxing! 10-5-2020, 2:34:23 PM
death: Oh flapjacks, boxing looks like a big bloody mess. gleb definitely pushed hard to use boxer's remains as a deceration 10-5-2020, 2:34:27 PM
death: Is there a doctor on the mapboxing? boxer has no paulse. Oh, there isn't? Okay. gleb laughs. 10-5-2020, 2:34:38 PM
death: Somebody call 9 1 1, oh wait, rain check. gleb gives no shits. Peace out, boxer 10-5-2020, 2:34:47 PM
death: boxer just got annihilated by gleb 10-5-2020, 2:34:51 PM
death: gleb just gave  boxer a royal beating 10-5-2020, 2:34:56 PM
death: gleb laughs mockingly at the dying form of boxer on boxing 10-5-2020, 2:35:04 PM
death: trainer takes their last breath as gleb blasts them in the face one last time. Brutallity! 10-5-2020, 2:35:10 PM
death: Stop crying, trainer! Go kill gleb! 10-5-2020, 2:35:23 PM
death: You know that particular element in physics where velocity increases as you fall? yeah, boxer learned that really fuckin quick, and we can thank gleb. 10-5-2020, 2:35:23 PM
death: boxer has been terminated by gleb 10-5-2020, 2:35:32 PM
death: A new corpse of kirill1 is flying on kirill's_world, because Lyutsifer made this to happen! 10-5-2020, 2:36:03 PM
death: Lyutsifer just gave  kirill2 a royal beating 10-5-2020, 2:36:21 PM
death: kirill1 just got their ass handed to them on a platter, happily served by Lyutsifer 10-5-2020, 2:36:50 PM
death: gravaty just finished pulling the corpse of kirill2 to the ground of the kirill's_world map, and we can thank Lyutsifer for the help!  10-5-2020, 2:36:50 PM
death: kirill's_world smells pretty dank. kirill3 needs a proper barrial by Lyutsifer 10-5-2020, 2:37:12 PM
death: kirill1 was nuked off the map kirill's_world by Lyutsifer 10-5-2020, 2:37:37 PM
death: Lyutsifer just gave  kirill2 a royal beating 10-5-2020, 2:37:51 PM
death: I think I just saw karatel's helicopter 36's corpse flying as karatel's modern_sub_machine_gun_carbine owned them on main. 10-5-2020, 2:37:55 PM
death: kirill2, You have a murderer on line 1, go ahead Lyutsifer  10-5-2020, 2:38:20 PM
death: kirill2, I believe Lyutsifer had something to say. 10-5-2020, 2:38:34 PM
death: karatel's remote gun 39 has expired! 10-5-2020, 2:38:39 PM
death: Lyutsifer was totaled by kirill3 on map kirill's_world 10-5-2020, 2:38:44 PM
death: karatel's remote gun 1 has expired! 10-5-2020, 2:39:02 PM
death: karatel's remote gun 84 has expired! 10-5-2020, 2:39:15 PM
death: karatel's remote gun 29 has expired! 10-5-2020, 2:39:27 PM
death: karatel just royally kicked moth's ass 10-5-2020, 2:39:34 PM
death: karatel's remote gun 50 has expired! 10-5-2020, 2:39:38 PM
death: gleb was owned by the laws of gravity on Uncharted Nothingness 10-5-2020, 2:39:52 PM
death: karatel's suicide bomb just neutralized karatel 10-5-2020, 2:40:17 PM
death: karatel just gave  boxer a royal beating 10-5-2020, 2:41:04 PM
death: boxer just got annihilated by karatel 10-5-2020, 2:41:10 PM
death: karatel is so happy because he killed boxer on boxing! 10-5-2020, 2:41:13 PM
death: karatel just royally kicked trainer's ass 10-5-2020, 2:41:13 PM
death: the boxing map now contains loads of guts from boxer, thanks to karatel.  10-5-2020, 2:41:25 PM
death: Rest  in piece, boxer. We'll sure miss you, guess we can thank karatel for what they did. 10-5-2020, 2:41:29 PM
death: excavator takes their last breath as gleb blasts them in the face one last time. Brutallity! 10-5-2020, 2:41:30 PM
death: boxing smells pretty dank. boxer needs a proper barrial by karatel 10-5-2020, 2:41:41 PM
death: doctor, You have a murderer on line 1, go ahead gleb  10-5-2020, 2:41:46 PM
death: boxer's head was blown apart and now karatel plays basketball today on map boxing, up for a game? 10-5-2020, 2:41:48 PM
death: Lyutsifer was owned by kirill3 on kirill's_world 10-5-2020, 2:41:53 PM
death: and splat goes trainer, with karatel standing over them with quite the smile 10-5-2020, 2:41:55 PM
death: karatel just gave  boxer a royal beating 10-5-2020, 2:42:03 PM
death: gleb just used the grounds of the zalp map to teach monster a very important lesson!  10-5-2020, 2:42:05 PM
death: karatel just put boxer 6 feet under on boxing 10-5-2020, 2:42:09 PM
death: boxer was given what was coming to them, thank you karatel! 10-5-2020, 2:42:09 PM
death: polarbear has been terminated by gleb 10-5-2020, 2:42:13 PM
death: Stop crying, boxer! Go kill karatel! 10-5-2020, 2:42:18 PM
death: boxer just got creamed by karatel 10-5-2020, 2:42:31 PM
death: Breaking news! Today, karatel killed trainer so easy on boxing! isn't it a good news? 10-5-2020, 2:42:33 PM
death: and the deathly scream of bluedragon pierces the air as gleb finishes them off! 10-5-2020, 2:42:46 PM
death: karatel just gave trainer what for! 10-5-2020, 2:42:47 PM
death: Anybody knows why boxer died? I know! boxer got owned by karatel! Where? On boxing! 10-5-2020, 2:42:53 PM
death: oy, where'd boxer go. Do you happen to know, karatel? 10-5-2020, 2:42:55 PM
death: Stop crying, boxer! Go kill gleb! 10-5-2020, 2:42:56 PM
death: You know that particular element in physics where velocity increases as you fall? yeah, boxer learned that really fuckin quick, and we can thank karatel. 10-5-2020, 2:43:00 PM
death: harvester was nuked off the map zalp by gleb 10-5-2020, 2:43:03 PM
death: gleb just gave  patient a royal beating 10-5-2020, 2:43:08 PM
death: gleb just put metallurgist 6 feet under on zalp 10-5-2020, 2:43:12 PM
death: Rest  in piece, trainer. We'll sure miss you, guess we can thank karatel for what they did. 10-5-2020, 2:43:14 PM
death: Somebody call 9 1 1, oh wait, rain check. gleb gives no shits. Peace out, fitter 10-5-2020, 2:43:17 PM
death: boxer's head was blown apart and now karatel plays basketball today on map boxing, up for a game? 10-5-2020, 2:43:17 PM
death: karatel just beat the shit out of boxer 10-5-2020, 2:43:25 PM
death: Damn, gleb, that was quite a vicious display of violence towards gorilla 10-5-2020, 2:43:27 PM
death: karatel just condemned trainer to hell! 10-5-2020, 2:43:32 PM
death: You know that particular element in physics where velocity increases as you fall? yeah, excavator learned that really fuckin quick, and we can thank gleb. 10-5-2020, 2:43:41 PM
death: trainer just put karatel 6 feet under on boxing 10-5-2020, 2:43:42 PM
death: and splat goes polarbear, with gleb standing over them with quite the smile 10-5-2020, 2:43:48 PM
death: mosquito was nuked off the map zalp by gleb 10-5-2020, 2:43:53 PM
death: gleb just put the smack down on glider 10-5-2020, 2:43:58 PM
death: train, I believe gleb had something to say. 10-5-2020, 2:44:04 PM
death: gleb killed moth on zalp. 10-5-2020, 2:44:11 PM
death: The zalp map is full now with gleb's guts as Amphibian owned them! 10-5-2020, 2:44:18 PM
gleb (gleb) said suka 10-5-2020, 2:44:28 PM
death: Stay clear of kirill's_world, kirill3 has begun decaying. Thanks Lyutsifer 10-5-2020, 2:44:30 PM
death: kirill4 killed Lyutsifer on kirill's_world. 10-5-2020, 2:44:32 PM
death: kirill2 just got their ass handed to them on a platter, happily served by karatel 10-5-2020, 2:45:12 PM
death: kirill4 just gave karatel what for! 10-5-2020, 2:45:28 PM
death: OK, let's see what else karatel can do for kirill4 on kirill's_world. I saw he killed them! 10-5-2020, 2:45:31 PM
death: Lyutsifer got fucked up by gleb's hand_grenade on safe zone. 10-5-2020, 2:47:05 PM
death: karatel got fucked up by gleb's hand_grenade on safe zone. 10-5-2020, 2:47:12 PM
death: safe zone smells pretty dank. karatel needs a proper barrial by gleb's modern_sub_machine_gun_carbine 10-5-2020, 2:48:37 PM
death: gravaty just finished pulling the corpse of karatel to the ground of the safe zone map, and we can thank gleb's modern_sub_machine_gun_carbine for the help!  10-5-2020, 2:48:59 PM
gleb (gleb) said hahaha 10-5-2020, 2:49:08 PM
death: karatel's hand_cannon just put the smack down on gleb 10-5-2020, 2:49:21 PM
death: karatel just got creamed by gleb's hand_cannon 10-5-2020, 2:49:47 PM
gleb (gleb) said ha 10-5-2020, 2:49:57 PM
death: Lyutsifer just got creamed by gleb's hand_cannon 10-5-2020, 2:49:57 PM
gleb (gleb) said hahaha 10-5-2020, 2:50:09 PM
gleb (gleb) said hihihi 10-5-2020, 2:51:21 PM
karatel disconnected 10-5-2020, 2:51:24 PM
karatel logged in. 10-5-2020, 2:51:29 PM
death: the safe zone map now contains loads of guts from Lyutsifer, thanks to gleb's hand_cannon.  10-5-2020, 2:51:34 PM
death: Breaking news! Today, gleb's hand_grenade killed karatel so easy on safe zone! isn't it a good news? 10-5-2020, 2:52:35 PM
death: karatel's modern_sub_machine_gun_carbine just royally kicked gleb's ass 10-5-2020, 2:53:06 PM
death: oy, where'd Lyutsifer go. Do you happen to know, karatel's hand_cannon? 10-5-2020, 2:53:38 PM
death: karatel's hand_cannon just gave  gleb a royal beating 10-5-2020, 2:53:46 PM
death: and splat goes gleb, with karatel's modern_sub_machine_gun_carbine standing over them with quite the smile 10-5-2020, 2:54:13 PM
death: and splat goes karatel, with gleb's hand_cannon standing over them with quite the smile 10-5-2020, 2:54:27 PM
death: and splat goes gleb, with karatel's modern_sub_machine_gun_carbine standing over them with quite the smile 10-5-2020, 2:54:54 PM
gleb (gleb) said suka 10-5-2020, 2:56:19 PM
death: karatel's armored_tank was totaled by gleb's hand_grenade on map safe zone 10-5-2020, 2:56:36 PM
death: karatel was obliterated by the explosion of their armored_tank 10-5-2020, 2:56:36 PM
death: Lyutsifer's armored_tank has been terminated by gleb's hand_grenade 10-5-2020, 2:56:51 PM
death: Lyutsifer was given what was coming to them, thank you gleb's hand_grenade! 10-5-2020, 2:57:00 PM
death: Damn, karatel's modern_sub_machine_gun_carbine, that was quite a vicious display of violence towards gleb 10-5-2020, 2:57:19 PM
gleb (gleb) said o nauchilsy 10-5-2020, 2:58:00 PM
death: Breaking news! Today, karatel's hand_cannon killed gleb so easy on safe zone! isn't it a good news? 10-5-2020, 2:58:30 PM
death: karatel's modern_sub_machine_gun_carbine is so happy because he killed gleb on safe zone! 10-5-2020, 2:58:50 PM
death: and splat goes karatel, with gleb's hand_cannon standing over them with quite the smile 10-5-2020, 2:59:14 PM
gleb (gleb) said na suka 10-5-2020, 2:59:24 PM
death: gleb's head was blown apart and now karatel's modern_sub_machine_gun_carbine plays basketball today on map safe zone, up for a game? 10-5-2020, 3:00:21 PM
death: Man? what's this! gleb died? No! He's my friend! Or what... I mean, he's karatel's hand_grenade's friend! But I still can't believe looking at how he killed them on safe zone. 10-5-2020, 3:00:39 PM
death: gleb, You have a murderer on line 1, go ahead karatel's hand_cannon  10-5-2020, 3:01:50 PM
death: The safe zone map is full now with karatel's guts as gleb's hand_cannon owned them! 10-5-2020, 3:02:23 PM
death: A new freshly killed blood of karatel lies now on safe zone, thanks gleb's hand_grenade! 10-5-2020, 3:03:12 PM
Lyutsifer lost connection 10-5-2020, 3:03:44 PM
death: Oh flapjacks, oldmain looks like a big bloody mess. dead battery definitely pushed hard to use Lyutsifer's turret 981's remains as a deceration 10-5-2020, 3:03:44 PM
death: and the deathly scream of karatel pierces the air as gleb's hand_grenade finishes them off! 10-5-2020, 3:03:55 PM
gleb (gleb) said hahi 10-5-2020, 3:04:03 PM
death: Somebody call 9 1 1, oh wait, rain check. gleb's hand_grenade gives no shits. Peace out, karatel 10-5-2020, 3:04:10 PM
gleb (gleb) said hahaha 10-5-2020, 3:04:21 PM
karatel disconnected 10-5-2020, 3:04:40 PM
karatel logged in. 10-5-2020, 3:04:44 PM
gleb (gleb) said kto sledu 10-5-2020, 3:05:08 PM
gleb (gleb) said go klatka 10-5-2020, 3:05:19 PM
death: karatel got fucked up by karatel's rpg7 on main. 10-5-2020, 3:05:44 PM
gleb (gleb) said ha 10-5-2020, 3:05:50 PM
gleb (gleb) said loh 10-5-2020, 3:05:55 PM
death: karatel's modern_sub_machine_gun_carbine just condemned gleb's tank to hell! 10-5-2020, 3:06:34 PM
death: gleb was obliterated by the explosion of their tank 10-5-2020, 3:06:34 PM
death: gleb just got creamed by karatel's modern_sub_machine_gun_carbine 10-5-2020, 3:07:21 PM
death: karatel's modern_sub_machine_gun_carbine just royally kicked gleb's tank's ass 10-5-2020, 3:07:57 PM
death: gleb was obliterated by the explosion of their tank 10-5-2020, 3:07:57 PM
death: karatel's modern_sub_machine_gun_carbine just mauled gleb's tank 10-5-2020, 3:08:18 PM
death: gleb was obliterated by the explosion of their tank 10-5-2020, 3:08:18 PM
death: and splat goes karatel, with gleb's hand_cannon standing over them with quite the smile 10-5-2020, 3:08:57 PM
gleb (gleb) said ha 10-5-2020, 3:09:09 PM
death: karatel was nuked off the map safe zone by gleb's hand_cannon 10-5-2020, 3:09:17 PM
death: gleb's hand_cannon just blew karatel's brains out. Somebody get a mo 10-5-2020, 3:09:31 PM
death: There's a light at the end of the tunnel gleb, actually, fuck that. karatel's modern_sub_machine_gun_carbine ran you down. Sor'r'r'r'r'r'r'r'r'r'ry 10-5-2020, 3:09:45 PM
death: because of the villany of gleb's hand_grenade, karatel will no longer have a beating heart again, because it is broken on the safe zone map.  10-5-2020, 3:10:04 PM
death: karatel's modern_sub_machine_gun_carbine just gave gleb what for! 10-5-2020, 3:10:17 PM
death: Rest  in piece, karatel. We'll sure miss you, guess we can thank gleb's awp for what they did. 10-5-2020, 3:10:26 PM
death: gleb's awp just mauled karatel 10-5-2020, 3:10:45 PM
death: ownage! gleb managed to escape by killing karatel's modern_sub_machine_gun_carbine on the map safe zone 10-5-2020, 3:11:05 PM
death: OK, let's see what else gleb's hand_grenade can do for karatel on safe zone. I saw he killed them! 10-5-2020, 3:11:05 PM
death: gleb really made a mess of karatel's modern_sub_machine_gun_carbine on the safe zone map.  10-5-2020, 3:11:32 PM
death: gleb's head was blown apart and now karatel's rpg7 plays basketball today on map safe zone, up for a game? 10-5-2020, 3:11:51 PM
death: gleb just got creamed by karatel's rpg7 10-5-2020, 3:12:30 PM
death: gleb just got their ass handed to them on a platter, happily served by karatel's rpg7 10-5-2020, 3:12:47 PM
death: gravaty just finished pulling the corpse of karatel to the ground of the safe zone map, and we can thank gleb's rocket for the help!  10-5-2020, 3:12:49 PM
karatel disconnected 10-5-2020, 3:12:54 PM
gleb disconnected 10-5-2020, 3:17:10 PM
Lyutsifer logged in. 10-5-2020, 3:30:07 PM
death: Lyutsifer, You have a murderer on line 1, go ahead heavy hammer  10-5-2020, 3:35:23 PM
death: Oh flapjacks, kirill's_world looks like a big bloody mess. Lyutsifer definitely pushed hard to use kirill3's remains as a deceration 10-5-2020, 3:42:11 PM
death: oy, where'd Lyutsifer go. Do you happen to know, kirill4? 10-5-2020, 3:42:43 PM
death: kirill2, I believe grenade had something to say. 10-5-2020, 3:42:48 PM
death: gravaty just finished pulling the corpse of kirill4 to the ground of the kirill's_world map, and we can thank grenade for the help!  10-5-2020, 3:42:48 PM
karatel logged in. 10-5-2020, 3:43:52 PM
karatel lost connection 10-5-2020, 3:46:05 PM
karatel logged in. 10-5-2020, 3:47:00 PM
death: Lyutsifer was totaled by karatel's fists on map safe zone 10-5-2020, 3:58:49 PM
Lyutsifer disconnected 10-5-2020, 3:59:09 PM
death: ownage! boxer managed to escape by killing karatel on the map boxing 10-5-2020, 3:59:32 PM
death: Another one bites the dust, boxer, you will be greatly missed on boxing. 10-5-2020, 3:59:49 PM
death: trainer's head was blown apart and now karatel plays basketball today on map boxing, up for a game? 10-5-2020, 3:59:51 PM
death: boxing smells pretty dank. trainer needs a proper barrial by karatel 10-5-2020, 3:59:54 PM
death: boxer really made a mess of karatel on the boxing map.  10-5-2020, 4:00:04 PM
death: Anybody knows why trainer died? I know! trainer got owned by karatel! Where? On boxing! 10-5-2020, 4:00:07 PM
death: A new corpse of boxer is flying on boxing, because karatel made this to happen! 10-5-2020, 4:00:14 PM
death: karatel just blew boxer's brains out. Somebody get a mo 10-5-2020, 4:00:21 PM
death: trainer really made a mess of karatel on the boxing map.  10-5-2020, 4:00:31 PM
death: karatel just gave trainer what for! 10-5-2020, 4:00:35 PM
death: and splat goes boxer, with karatel standing over them with quite the smile 10-5-2020, 4:00:49 PM
death: Man? what's this! karatel died? No! He's my friend! Or what... I mean, he's trainer's friend! But I still can't believe looking at how he killed them on boxing. 10-5-2020, 4:00:50 PM
death: trainer was given what was coming to them, thank you karatel! 10-5-2020, 4:00:54 PM
karatel disconnected 10-5-2020, 4:01:28 PM
Lyutsifer logged in. 10-5-2020, 4:01:42 PM
Lyutsifer disconnected 10-5-2020, 4:02:10 PM
gleb logged in. 10-5-2020, 6:04:21 PM
death: There's a light at the end of the tunnel gleb, actually, fuck that. suffocation ran you down. Sor'r'r'r'r'r'r'r'r'r'ry 10-5-2020, 6:15:54 PM
death: store smells pretty dank. gleb needs a proper barrial by suffocation 10-5-2020, 6:16:04 PM
death: The store map is full now with gleb's guts as suffocation owned them! 10-5-2020, 6:16:18 PM
gleb disconnected 10-5-2020, 6:16:24 PM
death: suffocation just gave  gleb a royal beating 10-5-2020, 6:16:24 PM
death: suffocation just used the grounds of the store map to teach gleb a very important lesson!  10-5-2020, 6:16:29 PM
death: gleb just got annihilated by suffocation 10-5-2020, 6:16:40 PM
death: He shoots, he scores! gleb's testicles went flying through the hoops on map store. suffocation stands tall with quite the sinical smile. 10-5-2020, 6:16:47 PM
death: suffocation just totaled gleb's ass on store 10-5-2020, 6:16:54 PM
death: There's a light at the end of the tunnel gleb, actually, fuck that. suffocation ran you down. Sor'r'r'r'r'r'r'r'r'r'ry 10-5-2020, 6:17:01 PM
death: gleb just got bashed by suffocation on the store map 10-5-2020, 6:17:11 PM
death: gleb, You have a murderer on line 1, go ahead suffocation  10-5-2020, 6:17:18 PM
gleb logged in. 10-5-2020, 6:17:28 PM
gleb disconnected 10-5-2020, 6:17:51 PM
death: gleb just got bashed by no one on the  map 10-5-2020, 6:17:51 PM
gleb logged in. 10-5-2020, 6:18:20 PM
death: gleb is so happy because he killed zombie on cave! 10-5-2020, 6:34:32 PM
death: gleb has drowned! 10-5-2020, 6:34:38 PM
death: kirill2 just got annihilated by gleb 10-5-2020, 6:36:39 PM
death: gleb just blasted kirill4 away! 10-5-2020, 6:36:51 PM
death: A pool of red reminder liquid now forms under kirill4's corpse. gleb has the credibility for their demise.  10-5-2020, 6:37:15 PM
death: gleb just put the smack down on kirill3 10-5-2020, 6:37:20 PM
death: Damn, gleb, that was quite a vicious display of violence towards kirill3 10-5-2020, 6:37:51 PM
death: and the deathly scream of gleb pierces the air as kirill3 finishes them off! 10-5-2020, 6:38:31 PM
death: gleb just totaled kirill3's ass on kirill's_world 10-5-2020, 6:38:35 PM
death: Anybody knows why trainer died? I know! trainer got owned by gleb! Where? On boxing! 10-5-2020, 6:40:06 PM
death: Is there a doctor on the mapboxing? boxer has no paulse. Oh, there isn't? Okay. gleb laughs. 10-5-2020, 6:40:11 PM
death: boxing smells pretty dank. boxer needs a proper barrial by gleb 10-5-2020, 6:40:15 PM
death: gleb just used the grounds of the boxing map to teach boxer a very important lesson!  10-5-2020, 6:40:22 PM
death: gleb just beat the shit out of boxer 10-5-2020, 6:40:32 PM
death: boxer just got annihilated by gleb 10-5-2020, 6:40:38 PM
death: Another one bites the dust! trainer, have fun, I'm sure gleb is 10-5-2020, 6:40:45 PM
death: gleb just neutralized trainer 10-5-2020, 6:40:46 PM
death: OK, let's see what else gleb can do for boxer on boxing. I saw he killed them! 10-5-2020, 6:40:52 PM
death: Oops? Man down! That man is trainer. gleb isn't so kind on boxing. 10-5-2020, 6:40:57 PM
death: OK, let's see what else gleb can do for boxer on boxing. I saw he killed them! 10-5-2020, 6:41:05 PM
death: gleb just used the grounds of the boxing map to teach boxer a very important lesson!  10-5-2020, 6:41:12 PM
death: A new freshly killed blood of boxer lies now on boxing, thanks gleb! 10-5-2020, 6:41:21 PM
death: Breaking news! Today, gleb killed trainer so easy on boxing! isn't it a good news? 10-5-2020, 6:41:27 PM
death: OK, let's see what else gleb can do for boxer on boxing. I saw he killed them! 10-5-2020, 6:41:32 PM
death: trainer got fucked up by gleb on boxing. 10-5-2020, 6:41:40 PM
death: A pool of red reminder liquid now forms under trainer's corpse. gleb has the credibility for their demise.  10-5-2020, 6:41:47 PM
death: boxing smells pretty dank. trainer needs a proper barrial by gleb 10-5-2020, 6:41:56 PM
death: Anybody knows why trainer died? I know! trainer got owned by gleb! Where? On boxing! 10-5-2020, 6:42:03 PM
death: Breaking news! Today, gleb killed trainer so easy on boxing! isn't it a good news? 10-5-2020, 6:42:07 PM
death: gleb is so happy because he killed trainer on boxing! 10-5-2020, 6:42:14 PM
death: boxer was owned by gleb on boxing 10-5-2020, 6:42:30 PM
death: trainer was nuked off the map boxing by gleb 10-5-2020, 6:42:30 PM
death: There's a light at the end of the tunnel boxer, actually, fuck that. gleb ran you down. Sor'r'r'r'r'r'r'r'r'r'ry 10-5-2020, 6:42:36 PM
death: There's a light at the end of the tunnel boxer, actually, fuck that. gleb ran you down. Sor'r'r'r'r'r'r'r'r'r'ry 10-5-2020, 6:42:43 PM
death: gleb just beat the shit out of boxer 10-5-2020, 6:42:51 PM
death: boxer really made a mess of gleb on the boxing map.  10-5-2020, 6:43:00 PM
death: A new freshly killed blood of boxer lies now on boxing, thanks gleb! 10-5-2020, 6:43:04 PM
death: You know that particular element in physics where velocity increases as you fall? yeah, boxer learned that really fuckin quick, and we can thank gleb. 10-5-2020, 6:43:25 PM
death: Rest  in piece, boxer. We'll sure miss you, guess we can thank gleb for what they did. 10-5-2020, 6:43:25 PM
death: boxer got fucked up by gleb on boxing. 10-5-2020, 6:43:31 PM
death: boxer just got creamed by gleb 10-5-2020, 6:43:34 PM
death: Stop crying, boxer! Go kill gleb! 10-5-2020, 6:43:38 PM
death: and the deathly scream of boxer pierces the air as gleb finishes them off! 10-5-2020, 6:43:48 PM
death: A new corpse of trainer is flying on boxing, because gleb made this to happen! 10-5-2020, 6:43:55 PM
death: Rest  in piece, trainer. We'll sure miss you, guess we can thank gleb for what they did. 10-5-2020, 6:43:59 PM
death: boxer just used the grounds of the boxing map to teach gleb a very important lesson!  10-5-2020, 6:44:06 PM
gleb disconnected 10-5-2020, 6:44:13 PM
gleb logged in. 10-5-2020, 6:44:23 PM
death: Oh flapjacks, cage looks like a big bloody mess. gorilla definitely pushed hard to use gleb's remains as a deceration 10-5-2020, 6:51:49 PM
gleb disconnected 10-5-2020, 6:56:13 PM
Lyutsifer logged in. 10-5-2020, 7:29:49 PM
Lyutsifer disconnected 10-5-2020, 7:34:11 PM
Lyutsifer logged in. 10-5-2020, 7:34:17 PM
death: ownage! kirill4 managed to escape by killing Lyutsifer on the map kirill's_world 10-5-2020, 7:38:06 PM
death: kirill4 was nuked out of existance by Lyutsifer 10-5-2020, 7:39:04 PM
death: Lyutsifer died. Why? Because kirill3 owned them on kirill's_world. 10-5-2020, 7:39:15 PM
death: Lyutsifer just blasted kirill4 away! 10-5-2020, 7:43:50 PM
death: A new corpse of kirill1 is flying on kirill's_world, because Lyutsifer made this to happen! 10-5-2020, 7:44:04 PM
death: kirill4 just blasted Lyutsifer away! 10-5-2020, 7:44:16 PM
death: kirill2 was just obliterated by the force of Lyutsifer on kirill's_world 10-5-2020, 7:44:17 PM
death: kirill4 died. Why? Because Lyutsifer owned them on kirill's_world. 10-5-2020, 7:44:21 PM
Lyutsifer disconnected 10-5-2020, 7:45:06 PM
homutayzer logged in. 10-5-2020, 8:44:13 PM
death: a bloody corpse of kirill2 now lies on map kirill's_world, thanks to homutayzer 10-5-2020, 8:46:14 PM
death: kirill2 just got annihilated by homutayzer 10-5-2020, 8:46:30 PM
death: Anybody knows why kirill2 died? I know! kirill2 got owned by homutayzer! Where? On kirill's_world! 10-5-2020, 8:46:45 PM
death: homutayzer just beat the shit out of kirill4 10-5-2020, 8:47:00 PM
death: Stop crying, kirill2! Go kill homutayzer! 10-5-2020, 8:47:05 PM
death: kirill3 just got their ass handed to them on a platter, happily served by homutayzer 10-5-2020, 8:47:30 PM
death: homutayzer just condemned kirill2 to hell! 10-5-2020, 8:47:49 PM
death: kirill1 was given what was coming to them, thank you homutayzer! 10-5-2020, 8:48:04 PM
death: kirill1 just got creamed by homutayzer 10-5-2020, 8:48:10 PM
death: He shoots, he scores! kirill1's testicles went flying through the hoops on map kirill's_world. homutayzer stands tall with quite the sinical smile. 10-5-2020, 8:48:11 PM
death: kirill3 just got bashed by homutayzer on the kirill's_world map 10-5-2020, 8:48:30 PM
death: kirill4 just put the smack down on homutayzer 10-5-2020, 8:48:48 PM
death: homutayzer just gave kirill4 what for! 10-5-2020, 8:48:52 PM
death: He shoots, he scores! homutayzer's testicles went flying through the hoops on map kirill's_world. kirill3 stands tall with quite the sinical smile. 10-5-2020, 8:49:19 PM
death: homutayzer just completely and totally pulvarized kirill4 over here! 10-5-2020, 8:50:15 PM
death: kirill3 was just obliterated by the force of homutayzer on kirill's_world 10-5-2020, 8:50:39 PM
death: kirill's_world smells pretty dank. kirill2 needs a proper barrial by homutayzer 10-5-2020, 8:50:51 PM
death: homutayzer laughs mockingly at the dying form of kirill1 on kirill's_world 10-5-2020, 8:51:07 PM
death: Man? what's this! kirill4 died? No! He's my friend! Or what... I mean, he's homutayzer's friend! But I still can't believe looking at how he killed them on kirill's_world. 10-5-2020, 8:51:45 PM
death: oy, where'd kirill1 go. Do you happen to know, homutayzer? 10-5-2020, 8:51:55 PM
death: The kirill's_world map is full now with homutayzer's guts as kirill1 owned them! 10-5-2020, 8:51:57 PM
death: kirill2 was turned to pulp by homutayzer 10-5-2020, 8:52:34 PM
death: Damn, homutayzer, that was quite a vicious display of violence towards kirill3 10-5-2020, 8:52:50 PM
death: a bloody corpse of kirill4 now lies on map kirill's_world, thanks to homutayzer 10-5-2020, 8:53:02 PM
death: kirill4 just put the smack down on homutayzer 10-5-2020, 8:53:07 PM
death: kirill1 just got annihilated by homutayzer 10-5-2020, 8:53:59 PM
death: homutayzer just blew kirill1's brains out. Somebody get a mo 10-5-2020, 8:54:08 PM
death: He shoots, he scores! homutayzer's testicles went flying through the hoops on map kirill's_world. kirill3 stands tall with quite the sinical smile. 10-5-2020, 8:54:10 PM
death: kirill2 was nuked out of existance by homutayzer 10-5-2020, 8:54:45 PM
death: Rest  in piece, kirill1. We'll sure miss you, guess we can thank homutayzer for what they did. 10-5-2020, 8:54:52 PM
death: Damn, homutayzer, that was quite a vicious display of violence towards kirill3 10-5-2020, 8:55:03 PM
death: Breaking news! Today, homutayzer killed kirill2 so easy on kirill's_world! isn't it a good news? 10-5-2020, 8:55:13 PM
death: Oops? Man down! That man is kirill4. homutayzer isn't so kind on kirill's_world. 10-5-2020, 8:55:24 PM
death: kirill3 just condemned homutayzer to hell! 10-5-2020, 8:55:26 PM
death: kirill4, You have a murderer on line 1, go ahead homutayzer  10-5-2020, 8:56:12 PM
death: oy, where'd kirill4 go. Do you happen to know, homutayzer? 10-5-2020, 8:56:23 PM
death: kirill1 just neutralized homutayzer 10-5-2020, 8:56:28 PM
death: kirill1, I believe homutayzer had something to say. 10-5-2020, 8:56:33 PM
death: Oops? Man down! That man is kirill2. homutayzer isn't so kind on kirill's_world. 10-5-2020, 8:56:57 PM
death: Oh flapjacks, kirill's_world looks like a big bloody mess. homutayzer definitely pushed hard to use kirill3's remains as a deceration 10-5-2020, 8:57:14 PM
death: homutayzer just put the smack down on kirill1 10-5-2020, 8:57:31 PM
death: homutayzer just neutralized kirill1 10-5-2020, 8:57:39 PM
death: Man? what's this! kirill1 died? No! He's my friend! Or what... I mean, he's homutayzer's friend! But I still can't believe looking at how he killed them on kirill's_world. 10-5-2020, 8:57:39 PM
death: homutayzer just royally kicked kirill2's ass 10-5-2020, 8:57:52 PM
death: homutayzer just blew kirill3's brains out. Somebody get a mo 10-5-2020, 8:58:01 PM
death: There's a light at the end of the tunnel kirill3, actually, fuck that. homutayzer ran you down. Sor'r'r'r'r'r'r'r'r'r'ry 10-5-2020, 8:58:10 PM
death: kirill3 was nuked out of existance by homutayzer 10-5-2020, 8:58:25 PM
death: Damn, homutayzer, that was quite a vicious display of violence towards kirill4 10-5-2020, 8:58:41 PM
death: kirill3 just totaled homutayzer's ass on kirill's_world 10-5-2020, 8:58:48 PM
death: kirill's_world smells pretty dank. kirill3 needs a proper barrial by homutayzer 10-5-2020, 8:58:53 PM
homutayzer disconnected 10-5-2020, 9:08:45 PM
rider logged in. 10-5-2020, 10:16:56 PM
rider disconnected 10-5-2020, 10:17:08 PM
spay logged in. 10-5-2020, 10:22:02 PM
death: Another one bites the dust, kirill3, you will be greatly missed on kirill's_world. 10-5-2020, 10:26:15 PM
death: a bloody corpse of kirill4 now lies on map kirill's_world, thanks to spay 10-5-2020, 10:26:23 PM
death: Well, kirill2 doesn't exist anymore. Looks to be that spay has ultimate victory. Clean up on kirill's_world  10-5-2020, 10:26:38 PM
death: spay just blasted kirill2 away! 10-5-2020, 10:26:52 PM
death: spay killed kirill2 on kirill's_world. 10-5-2020, 10:26:58 PM
death: kirill1, I believe spay had something to say. 10-5-2020, 10:27:08 PM
spay disconnected 10-5-2020, 10:27:27 PM
death: Damn, kirill1, that was quite a vicious display of violence towards spay 10-5-2020, 10:27:27 PM