
Yarina (Yarina) said 100, 82, 0.  1-2-2021, 12:20:34 AM
Yarina (Yarina) said как через гранаты прыгать? 1-2-2021, 12:21:00 AM
Yarina (Yarina) said а если серьёзно? 1-2-2021, 12:21:26 AM
Yarina (Yarina) said гыыыыыыыгыгыгыгыгы 1-2-2021, 12:21:49 AM
Yarina (Yarina) said кто? 1-2-2021, 12:22:06 AM
Yarina (Yarina) said ааааааааа 1-2-2021, 12:22:15 AM
Yarina (Yarina) said блядддддддддддддддь 1-2-2021, 12:27:25 AM
Yarina (Yarina) said не получаеться 1-2-2021, 12:28:06 AM
Yarina (Yarina) said она не хочет 1-2-2021, 12:28:16 AM
Yarina (Yarina) said а она не хочет 1-2-2021, 12:28:40 AM
Yarina (Yarina) said когото 1-2-2021, 12:28:47 AM
Yarina (Yarina) said ай блядь сука нахуй фак блядь ебётся блядь охуеть блядь пизда на хую сука блядь сука 1-2-2021, 12:32:11 AM
Yarina (Yarina) said со мной блядь 1-2-2021, 12:33:09 AM
Yarina (Yarina) said оййййййййй 1-2-2021, 12:33:11 AM
Yarina (Yarina) said хз 1-2-2021, 12:33:27 AM
Yarina (Yarina) said он не сказал 1-2-2021, 12:33:31 AM
Yarina (Yarina) said не могу 1-2-2021, 12:33:41 AM
Yarina (Yarina) said убежал 1-2-2021, 12:33:45 AM
Yarina (Yarina) said сорян, хз 1-2-2021, 12:34:13 AM
Yarina (Yarina) said мммммм 1-2-2021, 12:34:43 AM
Yarina (Yarina) said это вчера было, когда мы перед новым годом спали. Поэтому не сказал 1-2-2021, 12:35:14 AM
Yarina (Yarina) said бляяяяяядь сука рука моя блядь задрочилась 1-2-2021, 12:36:59 AM
Yarina (Yarina) said ой 1-2-2021, 12:37:05 AM
Yarina (Yarina) said хмммммммммммммммммм 1-2-2021, 12:38:27 AM
Yarina (Yarina) said так ладно. Лутше не буду по этому поводу ничего говорить 1-2-2021, 12:39:06 AM
Yarina (Yarina) said а не буду 1-2-2021, 12:39:26 AM
Yarina (Yarina) said та просто 1-2-2021, 12:40:11 AM
Yarina (Yarina) said гыг, одна я отдыхаю этой картой? 1-2-2021, 12:41:40 AM
Yarina (Yarina) said я чёт вобще тебя на этой карте не видела. Хмммммммм 1-2-2021, 12:42:44 AM
Yarina (Yarina) said ну так. Я когда мне отдохнуть от денджерисплейс надо эту прохожу 1-2-2021, 12:43:44 AM
Yarina (Yarina) said чё 1-2-2021, 12:46:36 AM
Yarina (Yarina) said зач 1-2-2021, 12:46:47 AM
Yarina (Yarina) said congratulations, you've got 450959coins! 1-2-2021, 12:48:03 AM
Yarina (Yarina) said так блядь, чё вепенчалиндж надо? 1-2-2021, 12:48:56 AM
Yarina (Yarina) said ты вепен чалендж видил? 1-2-2021, 12:49:19 AM
Yarina (Yarina) said ну так 1-2-2021, 12:49:29 AM
Yarina (Yarina) said это лекче 1-2-2021, 12:49:36 AM
Yarina (Yarina) said hi 1-2-2021, 12:49:47 AM
Yarina (Yarina) said там прыгать по штукам надо 1-2-2021, 12:50:16 AM
Yarina (Yarina) said ктоооо? охохохохохо 1-2-2021, 12:50:58 AM
Yarina (Yarina) said та не, я за сообщения максима 1-2-2021, 12:51:29 AM
Yarina (Yarina) said ай блядь 1-2-2021, 12:53:08 AM
Yarina (Yarina) said да просто эта хуйня уже блядь заебала блядь 1-2-2021, 12:53:42 AM
Yarina (Yarina) said я не блядь? 1-2-2021, 12:53:57 AM
Yarina (Yarina) said гы 1-2-2021, 12:53:59 AM
Yarina (Yarina) said ахахахаха 1-2-2021, 12:54:30 AM
Yarina (Yarina) said покаааааааааа 1-2-2021, 12:57:59 AM
Yarina (Yarina) said рить. 1-2-2021, 12:58:18 AM
Yarina (Yarina) said кого 1-2-2021, 12:58:22 AM
Yarina (Yarina) said шооооооооооооо 1-2-2021, 12:58:59 AM
Yarina (Yarina) said фак сука блядь воритвлшуррвиттсокрцоиссс 1-2-2021, 12:59:46 AM
Yarina (Yarina) said гы 1-2-2021, 12:59:55 AM
Yarina (Yarina) said с кем 1-2-2021, 12:59:58 AM
Yarina (Yarina) said камерой 1-2-2021, 1:01:02 AM
Yarina (Yarina) said уууууууууууу 1-2-2021, 1:01:20 AM
Yarina (Yarina) said ээээээээээ 1-2-2021, 1:01:25 AM
Yarina (Yarina) said мммммммм 1-2-2021, 1:01:32 AM
Yarina (Yarina) said охринеть! the ping took 2587 ms, 2 seconds 1-2-2021, 1:01:51 AM
Yarina (Yarina) said а не уже норм 1-2-2021, 1:01:58 AM
Yarina (Yarina) said Запуск приложения курсор 1-2-2021, 1:02:24 AM
Yarina (Yarina) said о песня! 1-2-2021, 1:02:50 AM
Yarina (Yarina) said хай 1-2-2021, 1:03:11 AM
Yarina (Yarina) said нормально! 1-2-2021, 1:04:05 AM
Yarina (Yarina) said во во 1-2-2021, 1:04:20 AM
Yarina (Yarina) said + 1-2-2021, 1:04:28 AM
Yarina (Yarina) said блядь mike сука 1-2-2021, 1:06:47 AM
Yarina (Yarina) said написал мне когда я прыгала блин 1-2-2021, 1:07:12 AM
Yarina (Yarina) said бляяяяяяяядь сука долбаный испик 1-2-2021, 1:11:10 AM
Yarina (Yarina) said да так 1-2-2021, 1:11:39 AM
Yarina (Yarina) said долго обяснять 1-2-2021, 1:11:48 AM
Yarina (Yarina) said обьяснять 1-2-2021, 1:11:56 AM
Yarina (Yarina) said гыыыыыыыыыыгыгыгыгыгы 1-2-2021, 1:12:36 AM
Yarina (Yarina) said та всё короче. Мне блядь пофиг 1-2-2021, 1:13:05 AM
Yarina (Yarina) said где 1-2-2021, 1:13:23 AM
Yarina (Yarina) said последняя моя попытка это пройти. Если нет иду в cp или книжку слушать 1-2-2021, 1:14:03 AM
Yarina (Yarina) said ок 1-2-2021, 1:14:29 AM
Yarina (Yarina) said фу блядь сука 1-2-2021, 1:14:56 AM
Yarina (Yarina) said ок 1-2-2021, 1:15:47 AM
Yarina (Yarina) said hiiiiii 1-2-2021, 11:55:44 AM
Yarina (Yarina) said hiiiiiiii 1-2-2021, 11:57:25 AM
Yarina (Yarina) said гыг 1-2-2021, 11:57:59 AM
Yarina (Yarina) said бляяяяяяяяяядь суччччччччка 1-2-2021, 3:23:02 PM
Yarina (Yarina) said ага 1-2-2021, 3:23:18 PM
Yarina (Yarina) said ho 1-2-2021, 6:57:44 PM
Yarina (Yarina) said hi 1-2-2021, 6:58:16 PM
Yarina (Yarina) said uuuuuuuuuuuuu 1-2-2021, 7:00:57 PM