
jemsel (tsunami) sent /jointeam masters 2021 1-29-2021, 11:26:45 AM
jemsel (tsunami) sent /lchat oho, i am removed from the team 1-29-2021, 11:27:09 AM
jemsel (tsunami) sent /lchat who removed me 1-29-2021, 11:27:25 AM
jemsel (tsunami) sent /lchat so sad 1-29-2021, 11:27:35 AM
jemsel (tsunami) sent /lchat password is also changed 1-29-2021, 11:27:42 AM
jemsel (tsunami) sent /lchat ok 1-29-2021, 11:28:03 AM
jemsel (tsunami) sent /lchat pm me 1-29-2021, 11:28:07 AM
jemsel (tsunami) sent /pm Rflgamer hi 1-29-2021, 11:28:26 AM
jemsel (tsunami) sent /lchat oho, not being able to find your name 1-29-2021, 11:28:36 AM
jemsel (tsunami) sent /pm blindgamer14 hi 1-29-2021, 11:28:55 AM
jemsel (tsunami) sent /lchat greater 1-29-2021, 11:29:05 AM
jemsel (tsunami) sent /lchat still showing error 1-29-2021, 11:29:14 AM
jemsel (tsunami) sent /pm BlindGamer14 hi 1-29-2021, 11:29:36 AM
jemsel (tsunami) sent /pm Blindgamer14 hi 1-29-2021, 11:29:47 AM
jemsel (tsunami) sent /r now tell 1-29-2021, 11:29:56 AM
jemsel (tsunami) sent /jointeam masters killer3000 1-29-2021, 11:30:41 AM
jemsel (tsunami) sent /r he is the admin of tthis team right? 1-29-2021, 11:31:02 AM
jemsel (tsunami) sent /r then am sure that he might have removed me from the team 1-29-2021, 11:31:30 AM
jemsel (tsunami) sent /r he will again remove me from the team when i come online next time 1-29-2021, 11:32:00 AM
jemsel (tsunami) sent /r he don't like me 1-29-2021, 11:32:31 AM
jemsel (tsunami) sent /r because we had some disputes last time in one of the game 1-29-2021, 11:32:49 AM
jemsel (tsunami) sent /lchat hey anil 1-29-2021, 11:33:02 AM
jemsel (tsunami) sent /r i think it was in bs game 1-29-2021, 11:33:26 AM
jemsel (tsunami) sent /lchat fine anil 1-29-2021, 11:33:35 AM
jemsel (tsunami) sent /lchat you? 1-29-2021, 11:33:40 AM
jemsel (tsunami) sent /r yap, but we had disputes when it was running 1-29-2021, 11:34:02 AM
jemsel (tsunami) sent /lchat but why anil? what happened? 1-29-2021, 11:34:16 AM
jemsel (tsunami) sent /r so, that is why he is upset with me 1-29-2021, 11:34:36 AM
jemsel (tsunami) sent /r i begged him sorry, but still he is upset with me 1-29-2021, 11:35:09 AM
jemsel (tsunami) sent /lchat and lucky me, i don't have any younger brother 1-29-2021, 11:35:37 AM
jemsel (tsunami) sent /lchat what is that 1-29-2021, 11:36:22 AM
jemsel (tsunami) sent /lchat i didn't get it 1-29-2021, 11:36:41 AM
jemsel (tsunami) sent /lchat oho, is it game? 1-29-2021, 11:37:15 AM
jemsel (tsunami) sent /lchat oh, i see 1-29-2021, 11:37:28 AM
jemsel (tsunami) sent /lchat what is its use? 1-29-2021, 11:37:39 AM
jemsel (tsunami) sent /lchat oh, i see 1-29-2021, 11:38:18 AM
jemsel (tsunami) sent /lchat what screen software are you using in your pc 1-29-2021, 11:38:39 AM
jemsel (tsunami) sent /lchat yap 1-29-2021, 11:39:00 AM
jemsel (tsunami) sent /lchat oh, 1-29-2021, 11:39:11 AM
jemsel (tsunami) sent /lchat what about jaws 1-29-2021, 11:39:18 AM
jemsel (tsunami) sent /lchat truely said 1-29-2021, 11:39:44 AM
jemsel (tsunami) sent /lchat i am also trying to switch on to NVDA, but think, will take some times 1-29-2021, 11:40:07 AM
jemsel (tsunami) sent /t for how long you have been using NVDA 1-29-2021, 11:40:47 AM
jemsel (tsunami) sent /t wow 1-29-2021, 11:41:08 AM
jemsel (tsunami) sent /t i started using very recently 1-29-2021, 11:41:18 AM
jemsel (tsunami) sent /t and i know very little function of this NVDA 1-29-2021, 11:41:37 AM
jemsel (tsunami) sent /t i am using crack version 1-29-2021, 11:41:55 AM
jemsel (tsunami) sent /lchat oho, sorry 1-29-2021, 11:46:09 AM
jemsel (tsunami) sent /lchat i was attacking on rj 1-29-2021, 11:46:17 AM
jemsel (tsunami) sent /lchat sorry athee bro 1-29-2021, 11:47:32 AM
jemsel (tsunami) sent /t ok 1-29-2021, 11:47:54 AM
jemsel (tsunami) sent /t me going back to store 1-29-2021, 11:48:03 AM
jemsel (tsunami) sent /t haha 1-29-2021, 11:53:24 AM
jemsel (tsunami) sent /t oho 1-29-2021, 11:54:10 AM
jemsel (tsunami) sent /t he killed himself 1-29-2021, 11:54:18 AM
jemsel (tsunami) sent /t what is the shooting range of rocket launcher 1-29-2021, 11:55:18 AM
jemsel (tsunami) sent /lchat very much lag here 1-29-2021, 11:57:10 AM
jemsel (tsunami) sent /lchat don't know 1-29-2021, 11:57:51 AM
jemsel (tsunami) sent /lchat mine giving so much of lag 1-29-2021, 11:58:01 AM
jemsel (tsunami) sent /t how to get canon 1-29-2021, 11:59:29 AM
jemsel (tsunami) sent /t you have 3 of 3 ammo in your storm_sniper, and you have 1993 bullets remaining 1-29-2021, 11:59:59 AM