
laid(laid) used a tk_ultra_health_potion 1-28-2021, 7:22:51 PM
laid(laid) used a the_legendary_sword 1-28-2021, 7:22:59 PM
laid(laid) used a shield 1-28-2021, 7:23:10 PM
laid(laid) used a shield 1-28-2021, 7:23:11 PM
laid(laid) used a shield 1-28-2021, 7:23:11 PM
laid(laid) used a shield 1-28-2021, 7:23:11 PM
laid(laid) used a shield 1-28-2021, 7:23:11 PM
laid(laid) used a shield 1-28-2021, 7:23:11 PM
laid(laid) used a shield 1-28-2021, 7:23:12 PM
laid(laid) used a shield 1-28-2021, 7:23:12 PM
laid(laid) used a shield 1-28-2021, 7:23:12 PM
laid(laid) used a shield 1-28-2021, 7:23:12 PM
laid(laid) used a shield 1-28-2021, 7:23:12 PM
laid(laid) used a shield 1-28-2021, 7:23:13 PM
laid(laid) used a shield 1-28-2021, 7:23:13 PM
laid(laid) used a shield 1-28-2021, 7:23:13 PM
laid(laid) used a shield 1-28-2021, 7:23:13 PM
laid(laid) used a tk_ultra_health_potion 1-28-2021, 7:24:24 PM
laid(laid) used a health_drink 1-28-2021, 7:24:43 PM
laid(laid) used a health_drink 1-28-2021, 7:24:46 PM
laid(laid) used a health_drink 1-28-2021, 7:24:47 PM
laid(laid) used a health_drink 1-28-2021, 7:24:50 PM
laid(laid) used a antibiotic 1-28-2021, 7:24:56 PM
laid(laid) used a antibiotic 1-28-2021, 7:24:57 PM
laid(laid) used a antibiotic 1-28-2021, 7:24:57 PM
laid(laid) used a antibiotic 1-28-2021, 7:25:01 PM
laid(laid) used a antibiotic 1-28-2021, 7:25:02 PM
laid(laid) used a antibiotic 1-28-2021, 7:25:02 PM
laid(laid) used a antibiotic 1-28-2021, 7:25:12 PM
laid(laid) used a antibiotic 1-28-2021, 7:25:15 PM
laid(laid) used a shield 1-28-2021, 7:25:25 PM
laid(laid) used a shield 1-28-2021, 7:25:26 PM
laid(laid) used a shield 1-28-2021, 7:25:26 PM
laid(laid) used a shield 1-28-2021, 7:25:26 PM
laid(laid) used a shield 1-28-2021, 7:25:26 PM
laid(laid) used a shield 1-28-2021, 7:25:27 PM
laid(laid) used a guided_missile 1-28-2021, 8:01:02 PM
laid(laid) used a police_car 1-28-2021, 8:02:41 PM
laid(laid) used a tk_ultra_health_potion 1-28-2021, 8:04:46 PM
laid(laid) used a antibiotic 1-28-2021, 8:04:51 PM
laid(laid) used a antibiotic 1-28-2021, 8:05:10 PM
laid(laid) used a antibiotic 1-28-2021, 8:05:15 PM
laid(laid) used a antibiotic 1-28-2021, 8:05:29 PM
laid(laid) used a tk_ultra_health_potion 1-28-2021, 8:05:34 PM
laid(laid) used a antibiotic 1-28-2021, 8:05:57 PM
laid(laid) used a tk_ultra_health_potion 1-28-2021, 8:06:54 PM