
rathee(rathee) used a tk_ultra_health_potion 1-28-2021, 1:55:33 PM
rathee(rathee) used a tk_ultra_health_potion 1-28-2021, 1:55:33 PM
rathee(rathee) used a tk_ultra_health_potion 1-28-2021, 1:55:34 PM
rathee(rathee) used a tk_ultra_health_potion 1-28-2021, 1:55:34 PM
rathee(rathee) used a health_drink 1-28-2021, 1:55:47 PM
rathee(rathee) used a health_drink 1-28-2021, 1:55:48 PM
rathee(rathee) used a health_drink 1-28-2021, 1:55:54 PM
rathee(rathee) used a health_drink 1-28-2021, 1:55:55 PM
rathee(rathee) used a health_drink 1-28-2021, 1:55:57 PM
rathee(rathee) used a health_drink 1-28-2021, 1:55:58 PM
rathee(rathee) used a health_drink 1-28-2021, 1:55:58 PM
rathee(rathee) used a health_drink 1-28-2021, 1:55:59 PM
rathee(rathee) used a health_drink 1-28-2021, 1:56:05 PM
rathee(rathee) used a health_drink 1-28-2021, 1:56:05 PM
rathee(rathee) used a health_drink 1-28-2021, 1:56:05 PM
rathee(rathee) used a health_drink 1-28-2021, 1:56:06 PM
rathee(rathee) used a shield 1-28-2021, 1:57:07 PM
rathee(rathee) used a shield 1-28-2021, 1:57:07 PM
rathee(rathee) used a shield 1-28-2021, 1:57:07 PM
rathee(rathee) used a shield 1-28-2021, 1:57:07 PM
rathee(rathee) used a shield 1-28-2021, 1:57:08 PM
rathee(rathee) used a shield 1-28-2021, 1:57:08 PM
rathee(rathee) used a shield 1-28-2021, 1:57:08 PM
rathee(rathee) used a shield 1-28-2021, 1:57:08 PM
rathee(rathee) used a shield 1-28-2021, 1:57:08 PM
rathee(rathee) used a shield 1-28-2021, 1:57:09 PM
rathee(rathee) used a shield 1-28-2021, 1:57:09 PM
rathee(rathee) used a shield 1-28-2021, 1:57:09 PM
rathee(rathee) used a shield 1-28-2021, 1:57:09 PM
rathee(rathee) used a shield 1-28-2021, 1:57:10 PM
rathee(rathee) used a shield 1-28-2021, 1:57:10 PM
rathee(rathee) used a shield 1-28-2021, 1:57:10 PM
rathee(rathee) used a shield 1-28-2021, 1:57:10 PM
rathee(rathee) used a shield 1-28-2021, 1:57:11 PM
rathee(rathee) used a shield 1-28-2021, 1:57:11 PM
rathee(rathee) used a shield 1-28-2021, 1:57:12 PM
rathee(rathee) used a shield 1-28-2021, 1:57:12 PM
rathee(rathee) used a shield 1-28-2021, 1:57:12 PM
rathee(rathee) used a shield 1-28-2021, 1:57:13 PM
rathee(rathee) used a tk_ultra_health_potion 1-28-2021, 1:57:19 PM
rathee(rathee) used a tk_ultra_health_potion 1-28-2021, 1:57:19 PM
rathee(rathee) used a tk_ultra_health_potion 1-28-2021, 1:57:20 PM
rathee(rathee) used a tk_ultra_health_potion 1-28-2021, 1:57:20 PM
rathee(rathee) used a health_drink 1-28-2021, 1:57:27 PM
rathee(rathee) used a health_drink 1-28-2021, 1:57:28 PM
rathee(rathee) used a health_drink 1-28-2021, 1:57:35 PM
rathee(rathee) used a health_drink 1-28-2021, 1:57:35 PM
rathee(rathee) used a health_drink 1-28-2021, 1:57:35 PM
rathee(rathee) used a health_drink 1-28-2021, 1:57:36 PM
rathee(rathee) used a health_drink 1-28-2021, 1:57:37 PM
rathee(rathee) used a the_legendary_sword 1-28-2021, 1:58:00 PM
rathee(rathee) used a the_legendary_sword 1-28-2021, 1:58:01 PM
rathee(rathee) used a storm_sniper 1-28-2021, 4:04:27 PM
rathee(rathee) used a storm_sniper 1-28-2021, 4:04:27 PM
rathee(rathee) used a tk_ultra_health_potion 1-28-2021, 4:54:48 PM
rathee(rathee) used a tk_ultra_health_potion 1-28-2021, 4:54:49 PM
rathee(rathee) used a tk_ultra_health_potion 1-28-2021, 4:54:53 PM
rathee(rathee) used a tk_ultra_health_potion 1-28-2021, 4:54:54 PM
rathee(rathee) used a tk_ultra_health_potion 1-28-2021, 4:55:06 PM
rathee(rathee) used a tk_ultra_health_potion 1-28-2021, 5:03:52 PM
rathee(rathee) used a sky_436_mine 1-28-2021, 5:13:48 PM