
nikita-k (nikita-k) sent /chars 8-22-2020, 10:27:25 AM
nikita-k (nikita-k) sent /maps 8-22-2020, 10:28:13 AM
nikita-k (nikita-k) sent /robotinfo 8-22-2020, 10:28:38 AM
nikita-k (nikita-k) sent /chars 8-22-2020, 10:29:22 AM
nikita-k (nikita-k) sent /chars 8-22-2020, 10:44:26 AM
nikita-k (nikita-k) sent /builders 8-22-2020, 10:46:00 AM
nikita-k (nikita-k) sent /beacon 8-22-2020, 10:55:00 AM
nikita-k (nikita-k) sent /beacon 8-22-2020, 10:55:03 AM
nikita-k (nikita-k) sent /reboot 8-22-2020, 10:57:42 AM
nikita-k (nikita-k) sent /enablerobots 8-22-2020, 10:59:03 AM
nikita-k (nikita-k) sent /peak 8-22-2020, 11:00:17 AM
nikita-k (nikita-k) sent /bid 669 8-22-2020, 11:02:00 AM
nikita-k (nikita-k) sent /bid 69000 8-22-2020, 11:02:25 AM
nikita-k (nikita-k) sent /bid 1100000 8-22-2020, 11:02:54 AM
nikita-k (nikita-k) sent /sell 8-22-2020, 11:03:17 AM
nikita-k (nikita-k) sent /chars 8-22-2020, 11:03:30 AM
nikita-k (nikita-k) sent /sell 8-22-2020, 11:08:33 AM
nikita-k (nikita-k) sent /r можешь купить вроде 8-22-2020, 11:12:03 AM
nikita-k (nikita-k) sent /r а нет 8-22-2020, 11:12:14 AM
nikita-k (nikita-k) sent /give nikita-k robocop 10 8-22-2020, 11:13:10 AM
nikita-k (nikita-k) sent /r копов, ок, а скрамблеры нет 8-22-2020, 11:13:51 AM
nikita-k (nikita-k) sent /r на главной карте ищите 8-22-2020, 11:14:08 AM
nikita-k (nikita-k) sent /teampass 8-22-2020, 11:38:21 AM
nikita-k (nikita-k) sent /members 8-22-2020, 11:38:26 AM
nikita-k (nikita-k) sent /where maxgamer 8-22-2020, 11:42:25 AM
nikita-k (nikita-k) sent /chars 8-22-2020, 11:44:16 AM
nikita-k (nikita-k) sent /reboot 8-22-2020, 11:59:50 AM
nikita-k (nikita-k) sent /go 0 0 0 8-22-2020, 12:00:04 PM
nikita-k (nikita-k) sent /go 0 0 0 store 8-22-2020, 12:00:14 PM
nikita-k (nikita-k) sent /go 1 1 0 8-22-2020, 12:00:21 PM
nikita-k (nikita-k) sent /go 10 10 0 store 8-22-2020, 12:00:32 PM
nikita-k (nikita-k) sent /reboot 8-22-2020, 12:01:58 PM
nikita-k (nikita-k) sent /go 0 0 0 8-22-2020, 12:02:27 PM
nikita-k (nikita-k) sent /go 0 0 0 store 8-22-2020, 12:02:33 PM
nikita-k (nikita-k) sent /reboot 8-22-2020, 12:06:29 PM
nikita-k (nikita-k) sent /builderhelp 8-22-2020, 12:06:57 PM
nikita-k (nikita-k) sent /go x y z, moves the player to the given coordinates. if you need to move to the map, write the name of the map after z. 8-22-2020, 12:07:00 PM
nikita-k (nikita-k) sent /move nikita-k 10 0 0 8-22-2020, 12:07:28 PM
nikita-k (nikita-k) sent /go 0 0 0 8-22-2020, 12:07:31 PM
nikita-k (nikita-k) sent /peak 8-22-2020, 12:07:47 PM
nikita-k (nikita-k) sent /r на вещи в инвентаре альт пробел 8-22-2020, 12:08:14 PM
nikita-k (nikita-k) sent /newmotd Для строителей сделал команду /go! Эта команда похожа на /move. Одно отличие: эта команда перемещает только игрока, который её пишет. Приятной игры! 8-22-2020, 12:10:46 PM
nikita-k (nikita-k) sent /addtomotd /move была убрана для строителей! Если что не понятно, перечитайте builderhelp! 8-22-2020, 12:12:32 PM
nikita-k (nikita-k) sent /go nikita-k 0 0 0 8-22-2020, 12:14:30 PM
nikita-k (nikita-k) sent /go ramil 0 0 0 8-22-2020, 12:14:45 PM
nikita-k (nikita-k) sent /go bbb 0 0 0 8-22-2020, 12:15:55 PM
nikita-k (nikita-k) sent /reboot 8-22-2020, 12:16:44 PM
nikita-k (nikita-k) sent /enablerobots 8-22-2020, 12:17:02 PM
nikita-k (nikita-k) sent /go 0 0 0 8-22-2020, 12:17:06 PM
nikita-k (nikita-k) sent /go vc 0 0 0 8-22-2020, 12:17:09 PM
nikita-k (nikita-k) sent /go c 0 0 0 main 8-22-2020, 12:17:15 PM
nikita-k (nikita-k) sent /go s 0 0 0 store a 8-22-2020, 12:17:25 PM
nikita-k (nikita-k) sent /move nikita-k sss 0 0 0  8-22-2020, 12:17:45 PM
nikita-k (nikita-k) sent /go s d 0 0 0 a 8-22-2020, 12:17:58 PM
nikita-k (nikita-k) sent /go s s s s s 0 0 0 store 8-22-2020, 12:18:07 PM
nikita-k (nikita-k) sent /reboot 8-22-2020, 12:19:38 PM
nikita-k (nikita-k) sent /enablerobots 8-22-2020, 12:19:57 PM
nikita-k (nikita-k) sent /go 0 0 0 8-22-2020, 12:20:00 PM
nikita-k (nikita-k) sent /go s 0 0 0 8-22-2020, 12:20:06 PM
nikita-k (nikita-k) sent /go 0 0 0 main 8-22-2020, 12:20:13 PM
nikita-k (nikita-k) sent /go 0 0 0 s store 8-22-2020, 12:20:20 PM
nikita-k (nikita-k) sent /go 0 0 0 store 8-22-2020, 12:20:25 PM
nikita-k (nikita-k) sent /go nikita-k 0 0 0 8-22-2020, 12:20:35 PM
nikita-k (nikita-k) sent /go nikita-k 0 0 0 store 8-22-2020, 12:20:48 PM
nikita-k (nikita-k) sent /maps 8-22-2020, 12:45:58 PM
nikita-k (nikita-k) sent /maps 8-22-2020, 12:46:15 PM
nikita-k (nikita-k) sent /chars 8-22-2020, 12:46:42 PM
nikita-k (nikita-k) sent /reboot 8-22-2020, 12:48:54 PM
nikita-k (nikita-k) sent /go 0 0 0 8-22-2020, 12:49:17 PM
nikita-k (nikita-k) sent /enablerobots 8-22-2020, 12:49:43 PM
nikita-k (nikita-k) sent /go sss 0 0 0 8-22-2020, 12:49:59 PM
nikita-k (nikita-k) sent /go 0 0 10 8-22-2020, 12:50:10 PM
nikita-k (nikita-k) sent /notify test 8-22-2020, 12:50:49 PM
nikita-k (nikita-k) sent /suicide 8-22-2020, 12:51:14 PM
nikita-k (nikita-k) sent /maps 8-22-2020, 12:51:20 PM
nikita-k (nikita-k) sent /go 15 150 8-22-2020, 12:51:49 PM
nikita-k (nikita-k) sent /enablerobots 8-22-2020, 12:52:16 PM
nikita-k (nikita-k) sent /go 15 15 0 8-22-2020, 12:52:42 PM
nikita-k (nikita-k) sent /enablerobots 8-22-2020, 12:53:19 PM
nikita-k (nikita-k) sent /go 20 30 0 8-22-2020, 12:54:29 PM
nikita-k (nikita-k) sent /go 0 10 0 event 8-22-2020, 12:54:40 PM
nikita-k (nikita-k) sent /go 15 15 0 store 8-22-2020, 12:54:50 PM
nikita-k (nikita-k) sent /inv 8-22-2020, 12:55:33 PM
nikita-k (nikita-k) sent /go 0 0 0 8-22-2020, 12:55:36 PM
nikita-k (nikita-k) sent /inv 8-22-2020, 12:55:38 PM
nikita-k (nikita-k) sent /builders 8-22-2020, 12:56:19 PM
nikita-k (nikita-k) sent /builderhelp 8-22-2020, 12:56:27 PM
nikita-k (nikita-k) sent /go 10 20 0 8-22-2020, 12:56:39 PM
nikita-k (nikita-k) sent /go 0 0 0 8-22-2020, 12:56:43 PM
nikita-k (nikita-k) sent /go nikita-k 0 0 0 store 8-22-2020, 12:56:51 PM
nikita-k (nikita-k) sent /go 1 2 0 8-22-2020, 12:56:56 PM
nikita-k (nikita-k) sent /go 15 15 0 8-22-2020, 12:57:01 PM
nikita-k (nikita-k) sent /go 0 0 0 8-22-2020, 12:57:08 PM
nikita-k (nikita-k) sent /go 15 15 20 8-22-2020, 12:57:15 PM
nikita-k (nikita-k) sent /go 0 0 0 8-22-2020, 12:57:38 PM
nikita-k (nikita-k) sent /go 0 0 0 8-22-2020, 12:57:45 PM
nikita-k (nikita-k) sent /go 0 0 0 8-22-2020, 12:57:50 PM
nikita-k (nikita-k) sent /go 0 0 0 8-22-2020, 12:57:50 PM
nikita-k (nikita-k) sent /go 0 0 0 8-22-2020, 12:57:50 PM
nikita-k (nikita-k) sent /go 0 0 0 8-22-2020, 12:57:51 PM
nikita-k (nikita-k) sent /go 12 0 0 8-22-2020, 12:57:57 PM
nikita-k (nikita-k) sent /admingun 8-22-2020, 12:59:27 PM
nikita-k (nikita-k) sent /go 20 20 0 8-22-2020, 12:59:47 PM
nikita-k (nikita-k) sent /robotinfo 8-22-2020, 1:00:42 PM
nikita-k (nikita-k) sent /suicide 8-22-2020, 1:00:47 PM
nikita-k (nikita-k) sent /go 12 0 0 8-22-2020, 1:00:55 PM
nikita-k (nikita-k) sent /adminkill ramil 8-22-2020, 1:02:32 PM
nikita-k (nikita-k) sent /newbuilder ramil 8-22-2020, 1:02:47 PM
nikita-k (nikita-k) sent /builderkill ramil 8-22-2020, 1:02:58 PM
nikita-k (nikita-k) sent /newadmin ramil 8-22-2020, 1:03:03 PM
nikita-k (nikita-k) sent /compinfo stronger 8-22-2020, 1:04:36 PM
nikita-k (nikita-k) sent /peak 8-22-2020, 1:05:24 PM
nikita-k (nikita-k) sent /shelters 8-22-2020, 1:10:49 PM
nikita-k (nikita-k) sent /go 15 15 0 8-22-2020, 1:16:33 PM
nikita-k (nikita-k) sent /go 12 0 0 8-22-2020, 1:16:42 PM
nikita-k (nikita-k) sent /t message of the day:  Для строителей сделал команду /go! Эта команда похожа на /move. Одно отличие: эта команда перемещает только игрока, который её пишет. Приятной игры! /move была убрана для строителей! Если что не понятно, перечитайте builderhelp! 8-22-2020, 1:18:26 PM
nikita-k (nikita-k) sent /admins 8-22-2020, 1:22:01 PM
nikita-k (nikita-k) sent /builders 8-22-2020, 1:22:08 PM
nikita-k (nikita-k) sent /go 15 15 0 8-22-2020, 1:24:42 PM
nikita-k (nikita-k) sent /go 12 0 0 8-22-2020, 1:24:54 PM
nikita-k (nikita-k) sent /achivments 8-22-2020, 1:26:49 PM
nikita-k (nikita-k) sent /chars 8-22-2020, 1:29:13 PM
nikita-k (nikita-k) sent /enablerobots 8-22-2020, 1:31:11 PM
nikita-k (nikita-k) sent /go 15 15 0 8-22-2020, 1:31:19 PM
nikita-k (nikita-k) sent /go 12 0 0 8-22-2020, 1:31:26 PM
nikita-k (nikita-k) sent /reboot 8-22-2020, 1:43:06 PM
nikita-k (nikita-k) sent /changemymap test2 8-22-2020, 1:43:31 PM
nikita-k (nikita-k) sent /admingun 8-22-2020, 1:43:52 PM
nikita-k (nikita-k) sent /enablerobots 8-22-2020, 1:44:19 PM
nikita-k (nikita-k) sent /inv 8-22-2020, 1:45:08 PM
nikita-k (nikita-k) sent /killall 8-22-2020, 1:45:29 PM
nikita-k (nikita-k) sent /inv 8-22-2020, 1:45:51 PM
nikita-k (nikita-k) sent /reboot 8-22-2020, 1:46:42 PM
nikita-k (nikita-k) sent /compinfo denis 8-22-2020, 2:19:50 PM
nikita-k (nikita-k) sent /give trevor coin -950000000 8-22-2020, 2:22:49 PM
nikita-k (nikita-k) sent /bid 900000000 8-22-2020, 2:24:57 PM
nikita-k (nikita-k) sent /cancelbic 8-22-2020, 2:25:00 PM
nikita-k (nikita-k) sent /cancelbid 8-22-2020, 2:25:03 PM
nikita-k (nikita-k) sent /reboot 8-22-2020, 2:47:39 PM
nikita-k (nikita-k) sent /enablerobots 8-22-2020, 2:48:09 PM
nikita-k (nikita-k) sent /newmotd Мобы были отредактированы! Был распределён опыт, теперь за всех мобов дают определённое количество опыта! 8-22-2020, 2:49:22 PM
nikita-k (nikita-k) sent /tempbans 8-22-2020, 2:49:35 PM
nikita-k (nikita-k) sent /go 0 0 0 zalp 8-22-2020, 2:49:48 PM
nikita-k (nikita-k) sent /admingun 8-22-2020, 2:49:54 PM
nikita-k (nikita-k) sent /go 25 25 0 8-22-2020, 2:51:45 PM
nikita-k (nikita-k) sent /go 25 25 0 8-22-2020, 2:52:42 PM
nikita-k (nikita-k) sent /go 15 15 0 8-22-2020, 2:54:26 PM
nikita-k (nikita-k) sent /go 12 0 0 8-22-2020, 2:54:32 PM
nikita-k (nikita-k) sent /lchat hi 8-22-2020, 2:55:36 PM
nikita-k (nikita-k) sent /lchat above, slightly in front far off to the left (14 tiles away)  in store at 9, 1, 10 8-22-2020, 2:56:01 PM
nikita-k (nikita-k) sent /lchat roflflflfl 8-22-2020, 2:56:29 PM
nikita-k (nikita-k) sent /go 15 15 0 8-22-2020, 2:59:32 PM
nikita-k (nikita-k) sent /go 12 0 0 8-22-2020, 2:59:49 PM
nikita-k (nikita-k) sent /lchat fuck 8-22-2020, 3:01:35 PM
nikita-k (nikita-k) sent /cancelauction 8-22-2020, 3:05:21 PM
nikita-k (nikita-k) sent /tempban ramil 1 8-22-2020, 3:12:54 PM
nikita-k (nikita-k) sent /peak 8-22-2020, 3:14:44 PM
nikita-k (nikita-k) sent /maps 8-22-2020, 3:15:03 PM
nikita-k (nikita-k) sent /bammed 8-22-2020, 3:17:13 PM
nikita-k (nikita-k) sent /banned 8-22-2020, 3:17:16 PM
nikita-k (nikita-k) sent /kickt 8-22-2020, 3:17:23 PM
nikita-k (nikita-k) sent /gifting//gifting 8-22-2020, 3:17:31 PM
nikita-k (nikita-k) sent /gifting 8-22-2020, 3:17:37 PM
nikita-k (nikita-k) sent /gifting 8-22-2020, 3:17:40 PM
nikita-k (nikita-k) sent /robotinfo 8-22-2020, 3:22:01 PM
nikita-k (nikita-k) sent /gnstart 8-22-2020, 3:22:30 PM
nikita-k (nikita-k) sent /gnsubmit 20 8-22-2020, 3:22:35 PM
nikita-k (nikita-k) sent /chars 8-22-2020, 3:27:05 PM
nikita-k (nikita-k) sent /go 25 25 0 8-22-2020, 3:29:07 PM
nikita-k (nikita-k) sent /robotinfo 8-22-2020, 3:29:24 PM
nikita-k (nikita-k) sent /rawmap 8-22-2020, 3:29:29 PM
nikita-k (nikita-k) sent /rawdata mapname:kirill's_world
maxx:200
maxy:200
maxz:100
zone:0:200:0:200:0:10:Kirill's_wirld
zone:0:200:50:55:0:10:west-east road:trackme
robots:0:200:0:200:0:0:4:1000:kirill1,kirill2,kirill3:kirill4
travelpoint:200:200:200:200:0:0:store:0:0:0:moved
zone:200:200:200:200:0:10:exit:trackme
src:0:200:0:200:-20:-15:kirill's_world.ogg
tile:0:200:0:200:0:0:stone1
src:0:200:0:200:0:10:birds16.ogg
tile:0:200:50:55:0:0:concrete3
noitems:0:200:0:200:0:100:suicide_bomb:frequency_scrambler
 8-22-2020, 3:29:59 PM
nikita-k (nikita-k) sent /robotinfo 8-22-2020, 3:30:18 PM
nikita-k (nikita-k) sent /robotinfo 8-22-2020, 3:30:29 PM
nikita-k (nikita-k) sent /robotinfo 8-22-2020, 3:30:40 PM
nikita-k (nikita-k) sent /rawmap 8-22-2020, 3:30:45 PM
nikita-k (nikita-k) sent /rawdata mapname:kirill's_world
maxx:200
maxy:200
maxz:100
zone:0:200:0:200:0:10:Kirill's_wirld
zone:0:200:50:55:0:10:west-east road:trackme
robots:0:200:0:200:0:0:4:1000:kirill1,kirill2,kirill3,kirill4
travelpoint:200:200:200:200:0:0:store:0:0:0:moved
zone:200:200:200:200:0:10:exit:trackme
src:0:200:0:200:-20:-15:kirill's_world.ogg
tile:0:200:0:200:0:0:stone1
src:0:200:0:200:0:10:birds16.ogg
tile:0:200:50:55:0:0:concrete3
noitems:0:200:0:200:0:100:suicide_bomb:frequency_scrambler
 8-22-2020, 3:31:13 PM
nikita-k (nikita-k) sent /robotinfo 8-22-2020, 3:31:30 PM
nikita-k (nikita-k) sent /lchat kirill's_main_room at 0, 0, 0 8-22-2020, 3:33:33 PM
nikita-k (nikita-k) sent /rawmap 8-22-2020, 3:33:44 PM
nikita-k (nikita-k) sent /rawdata mapname:kirill'smain_room
maxx:20
maxy:20
maxz:20
tile:0:20:0:20:0:0:hardwood
src:0:20:0:20:0:0:amb7.ogg
zone:0:20:0:20:0:20:kirill's_main_room
zone:0:0:0:0:0:20:go back to the kirill's_world:trackme
travelpoint:0:0:0:0:0:20:kirill's_world:200:200:0:moved
travelpoint:20:20:20:20:0:20:store:25:25:0:moved
zone:20:20:20:20:0:20:go back to the store:trackme
 8-22-2020, 3:34:08 PM
nikita-k (nikita-k) sent /moveplayer nikita-k kirill 8-22-2020, 3:36:23 PM
nikita-k (nikita-k) sent /inv 8-22-2020, 3:36:37 PM
nikita-k (nikita-k) sent /inv 8-22-2020, 3:36:43 PM
nikita-k (nikita-k) sent /moveplayer nikita-k kirill 8-22-2020, 3:38:42 PM
nikita-k (nikita-k) sent /moveplayer nikita-k kirill 8-22-2020, 3:40:55 PM
nikita-k (nikita-k) sent /give nikita-k robocop 100000 8-22-2020, 3:42:55 PM
nikita-k (nikita-k) sent /moveplayer nikita-k kirill 8-22-2020, 3:45:17 PM
nikita-k (nikita-k) sent /moveplayer nikita-k kirill 8-22-2020, 3:46:17 PM
nikita-k (nikita-k) sent /invforce kirill 8-22-2020, 3:46:50 PM
nikita-k (nikita-k) sent /suicide_invasion 8-22-2020, 3:46:51 PM
nikita-k (nikita-k) sent /moveplayer nikita-k kirill 8-22-2020, 3:47:42 PM
nikita-k (nikita-k) sent /moveplayer nikita-k kirill 8-22-2020, 3:48:10 PM
nikita-k (nikita-k) sent /rtparty 8-22-2020, 3:48:17 PM
nikita-k (nikita-k) sent /inv 8-22-2020, 3:48:26 PM
nikita-k (nikita-k) sent /shockwave 8-22-2020, 3:48:29 PM
nikita-k (nikita-k) sent /inv 8-22-2020, 3:48:57 PM
nikita-k (nikita-k) sent /inv 8-22-2020, 3:49:13 PM
nikita-k (nikita-k) sent /inv 8-22-2020, 3:49:27 PM
nikita-k (nikita-k) sent /moveplayer nikita-k kirill 8-22-2020, 3:49:51 PM
nikita-k (nikita-k) sent /give nikita-k zulfikar 1 8-22-2020, 3:50:08 PM
nikita-k (nikita-k) sent /invforce kirill 8-22-2020, 3:50:40 PM
nikita-k (nikita-k) sent /inv 8-22-2020, 3:51:06 PM
nikita-k (nikita-k) sent /inv 8-22-2020, 3:51:17 PM
nikita-k (nikita-k) sent /shelterlist 8-22-2020, 3:53:16 PM
nikita-k (nikita-k) sent /invforce kirill 8-22-2020, 3:59:18 PM
nikita-k (nikita-k) sent /sethealth kirill 100000 8-22-2020, 3:59:28 PM
nikita-k (nikita-k) sent /lchat kirill's health updated to 100000 8-22-2020, 3:59:31 PM
nikita-k (nikita-k) sent /invforce kirill 8-22-2020, 3:59:38 PM
nikita-k (nikita-k) sent /sethealth kirill 100000 8-22-2020, 4:02:41 PM
nikita-k (nikita-k) sent /sethealth kirill 100000 8-22-2020, 4:03:43 PM
nikita-k (nikita-k) sent /moveplayer nikita-k kirill 8-22-2020, 4:04:36 PM
nikita-k (nikita-k) sent /moveplayer nikita-k kirill 8-22-2020, 4:05:19 PM
nikita-k (nikita-k) sent /moveplayer nikita-k kirill 8-22-2020, 4:05:35 PM
nikita-k (nikita-k) sent /sethealth kirill 100000 8-22-2020, 4:06:11 PM
nikita-k (nikita-k) sent /moveplayer nikita-k kirill 8-22-2020, 4:06:43 PM
nikita-k (nikita-k) sent /chars 8-22-2020, 4:40:07 PM
nikita-k (nikita-k) sent /adminkill ramil 8-22-2020, 4:40:35 PM
nikita-k (nikita-k) sent /newadmin ramil 8-22-2020, 4:40:50 PM
nikita-k (nikita-k) sent /reboot 8-22-2020, 4:46:47 PM
nikita-k (nikita-k) sent /enablerobots 8-22-2020, 4:48:04 PM
nikita-k (nikita-k) sent /where nikita-k 8-22-2020, 4:48:18 PM
nikita-k (nikita-k) sent /addtomotd Команда /where была убрана для обычных пользователей! 8-22-2020, 4:49:39 PM
nikita-k (nikita-k) sent /suicide 8-22-2020, 4:51:18 PM
nikita-k (nikita-k) sent /go 15 15 0 8-22-2020, 4:51:36 PM
nikita-k (nikita-k) sent /go 12 0 0 8-22-2020, 4:51:42 PM
nikita-k (nikita-k) sent /peak 8-22-2020, 4:52:00 PM
nikita-k (nikita-k) sent /inv 8-22-2020, 4:55:41 PM
nikita-k (nikita-k) sent /follow maxgamer 8-22-2020, 4:55:47 PM
nikita-k (nikita-k) sent /inv 8-22-2020, 5:02:48 PM
nikita-k (nikita-k) sent /follow maxgamer 8-22-2020, 5:02:51 PM
nikita-k (nikita-k) sent /stopfollow 8-22-2020, 5:13:56 PM
nikita-k (nikita-k) sent /inv 8-22-2020, 5:13:58 PM
nikita-k (nikita-k) sent /give maxgamer pack_of_3000_ammo_zulfikar 1 8-22-2020, 5:14:41 PM
nikita-k (nikita-k) sent /suicide 8-22-2020, 5:16:09 PM
nikita-k (nikita-k) sent /go 12 0 0 8-22-2020, 5:16:18 PM
nikita-k (nikita-k) sent /newadmin maxgamer 8-22-2020, 5:17:33 PM
nikita-k (nikita-k) sent /adminkill maxgamer 8-22-2020, 5:17:37 PM
nikita-k (nikita-k) sent /r ну нажать ты можешь шифт t 8-22-2020, 5:52:14 PM
nikita-k (nikita-k) sent /r там гостивая есть 8-22-2020, 6:33:46 PM
nikita-k (nikita-k) sent /r пустые 8-22-2020, 6:34:24 PM
nikita-k (nikita-k) sent /go 15 15 0 8-22-2020, 6:35:02 PM
nikita-k (nikita-k) sent /go 12 0 0 8-22-2020, 6:35:09 PM
nikita-k (nikita-k) sent /r ну зайди в тт объясню, писать долго 8-22-2020, 6:36:45 PM
nikita-k (nikita-k) sent /reboot 8-22-2020, 6:37:20 PM
nikita-k (nikita-k) sent /reboot 8-22-2020, 6:40:55 PM
nikita-k (nikita-k) sent /newmotd Представляем вам босса кириллов! Вход в комнату с ним будет чуть позже. Также, разнообразил звуки поднятия уровней! 8-22-2020, 6:42:19 PM
nikita-k (nikita-k) sent /addtomotd Приятной игры! 8-22-2020, 6:42:39 PM
nikita-k (nikita-k) sent /moveplayer nikita-k kirill 8-22-2020, 6:43:29 PM
nikita-k (nikita-k) sent /admingun 8-22-2020, 6:43:47 PM
nikita-k (nikita-k) sent /moveplayer nikita-k kirill 8-22-2020, 6:47:27 PM
nikita-k (nikita-k) sent /inv 8-22-2020, 6:49:03 PM
nikita-k (nikita-k) sent /reboot 8-22-2020, 6:49:49 PM
nikita-k (nikita-k) sent /addtomotd Проход в комнату босса кириллов находится на координатах 200, 200, на карте мир кириллов! 8-22-2020, 6:53:50 PM
nikita-k (nikita-k) sent /go 25 25 0 8-22-2020, 6:54:09 PM
nikita-k (nikita-k) sent /go 200 200 0 8-22-2020, 6:54:28 PM
nikita-k (nikita-k) sent /chars 8-22-2020, 7:58:09 PM
nikita-k (nikita-k) sent /go 200 200 0 8-22-2020, 8:13:50 PM
nikita-k (nikita-k) sent /compinfo Boss 8-22-2020, 8:14:22 PM
nikita-k (nikita-k) sent /go 12 0 0 8-22-2020, 8:15:58 PM
nikita-k (nikita-k) sent /chars' 8-22-2020, 9:26:50 PM
nikita-k (nikita-k) sent /chats 8-22-2020, 9:26:52 PM
nikita-k (nikita-k) sent /chars 8-22-2020, 9:26:55 PM
nikita-k (nikita-k) sent /go 0 0 8-22-2020, 9:27:44 PM
nikita-k (nikita-k) sent /enablerobots 8-22-2020, 9:28:08 PM
nikita-k (nikita-k) sent /move nikita-k 0 0 8-22-2020, 9:28:18 PM
nikita-k (nikita-k) sent /reboot 8-22-2020, 9:33:03 PM
nikita-k (nikita-k) sent /go 8-22-2020, 9:33:24 PM
nikita-k (nikita-k) sent /go 0 0 0 0 store 8-22-2020, 9:33:31 PM
nikita-k (nikita-k) sent /go 15 15 0 8-22-2020, 9:33:36 PM
nikita-k (nikita-k) sent /go 12 0 0 8-22-2020, 9:33:48 PM
nikita-k (nikita-k) sent /enablerobots 8-22-2020, 9:36:34 PM
nikita-k (nikita-k) sent /garbage 8-22-2020, 9:38:36 PM
nikita-k (nikita-k) sent /peak 8-22-2020, 9:43:19 PM
nikita-k (nikita-k) sent /giveall coin 20000000 8-22-2020, 9:44:01 PM
nikita-k (nikita-k) sent /notify you have given 20000000 coins to everyone! 8-22-2020, 9:44:06 PM
nikita-k (nikita-k) sent /sethealth franklin 0 8-22-2020, 9:45:32 PM
nikita-k (nikita-k) sent /garbage 8-22-2020, 9:45:57 PM
nikita-k (nikita-k) sent /killall 8-22-2020, 9:50:02 PM
nikita-k (nikita-k) sent /countbombs 8-22-2020, 9:52:15 PM
nikita-k (nikita-k) sent /shockwave 8-22-2020, 9:52:20 PM
nikita-k (nikita-k) sent /where rider 8-22-2020, 9:53:57 PM
nikita-k (nikita-k) sent /sethealth rider 0 8-22-2020, 9:54:07 PM
nikita-k (nikita-k) sent /suicide 8-22-2020, 9:58:09 PM
nikita-k (nikita-k) sent /go 15 15 0 8-22-2020, 9:58:23 PM
nikita-k (nikita-k) sent /go 12 0 0 8-22-2020, 9:58:29 PM
nikita-k (nikita-k) sent /compinfo edverd1989 8-22-2020, 10:10:55 PM
nikita-k (nikita-k) sent /go 15 15 0 8-22-2020, 10:12:06 PM
nikita-k (nikita-k) sent /go 12 0 0 8-22-2020, 10:12:12 PM
nikita-k (nikita-k) sent /reboot 8-22-2020, 10:16:31 PM
nikita-k (nikita-k) sent /robotinfo 8-22-2020, 10:16:43 PM
nikita-k (nikita-k) sent /builders 8-22-2020, 10:17:29 PM
nikita-k (nikita-k) sent /muilderkill andriy 8-22-2020, 10:17:46 PM
nikita-k (nikita-k) sent /builders 8-22-2020, 10:17:48 PM
nikita-k (nikita-k) sent /builderkill andriy 8-22-2020, 10:17:59 PM
nikita-k (nikita-k) sent /builders 8-22-2020, 10:18:01 PM
nikita-k (nikita-k) sent /chars 8-22-2020, 10:23:09 PM
nikita-k (nikita-k) sent /newbuilder bloodstorm 8-22-2020, 10:39:11 PM
nikita-k (nikita-k) sent /chars 8-22-2020, 10:39:47 PM
nikita-k (nikita-k) sent /newmotd Welcome to The killer! 8-22-2020, 10:40:16 PM
nikita-k (nikita-k) sent /t xd 8-22-2020, 10:53:50 PM