
vector (vector) sent /suicide 8-22-2020, 10:35:48 AM
vector (vector) sent /sell 8-22-2020, 10:36:36 AM
vector (vector) sent /sell 8-22-2020, 10:37:52 AM
vector (vector) sent /sell 8-22-2020, 10:41:48 AM
vector (vector) sent /sell 8-22-2020, 10:42:00 AM
vector (vector) sent /pm  shoma тебе чемнибудь помочь? убийств наростить монет дать? 8-22-2020, 10:45:41 AM
vector (vector) sent /sell 8-22-2020, 10:47:08 AM
vector (vector) sent /suicide 8-22-2020, 10:53:36 AM
vector (vector) sent /sell 8-22-2020, 10:54:31 AM
vector (vector) sent /sell 8-22-2020, 10:54:48 AM
vector (vector) sent /sell 8-22-2020, 10:55:02 AM
vector (vector) sent /sell 8-22-2020, 10:55:08 AM
vector (vector) sent /sell 8-22-2020, 10:55:13 AM
vector (vector) sent /sell 8-22-2020, 10:55:26 AM
vector (vector) sent /sell 8-22-2020, 10:55:49 AM
vector (vector) sent /sell 8-22-2020, 10:56:02 AM
vector (vector) sent /sell 8-22-2020, 10:56:09 AM
vector (vector) sent /bid 50000 8-22-2020, 10:59:46 AM
vector (vector) sent /cancelbid 8-22-2020, 11:00:17 AM
vector (vector) sent /bid 1000000 8-22-2020, 11:00:31 AM
vector (vector) sent /bid 3000000 8-22-2020, 11:07:23 AM
vector (vector) sent //pm trevor почему я не могу ходить с этим оружием 8-22-2020, 11:11:48 AM
vector (vector) sent /bid 1000000 8-22-2020, 11:23:55 AM
vector (vector) sent /sell 8-22-2020, 12:19:36 PM
vector (vector) sent /sell 8-22-2020, 12:20:08 PM
vector (vector) sent /sell 8-22-2020, 12:20:21 PM
vector (vector) sent /sell 8-22-2020, 1:49:49 PM