
dark-night (dark-night) sent /sl 1-11-2021, 5:54:01 AM
dark-night (dark-night) sent /sell 1-11-2021, 5:54:03 AM
dark-night (dark-night) sent /lchat aaa 1-11-2021, 5:55:24 AM
dark-night (dark-night) sent /s6 1-11-2021, 5:56:31 AM
dark-night (dark-night) sent /s2 1-11-2021, 5:56:34 AM
dark-night (dark-night) sent /s7 1-11-2021, 5:56:42 AM
dark-night (dark-night) sent /s8 1-11-2021, 5:56:44 AM
dark-night (dark-night) sent /s6 1-11-2021, 5:56:46 AM
dark-night (dark-night) sent /s6 1-11-2021, 5:56:48 AM
dark-night (dark-night) sent /s7 1-11-2021, 5:56:49 AM
dark-night (dark-night) sent /s1\ 1-11-2021, 5:56:52 AM
dark-night (dark-night) sent /s2 1-11-2021, 5:56:54 AM
dark-night (dark-night) sent /s1 1-11-2021, 5:56:55 AM
dark-night (dark-night) sent /s3 1-11-2021, 5:56:58 AM
dark-night (dark-night) sent /s1 1-11-2021, 6:05:51 AM
dark-night (dark-night) sent /s2 1-11-2021, 6:05:52 AM
dark-night (dark-night) sent /s0 1-11-2021, 6:05:54 AM
dark-night (dark-night) sent /m5 1-11-2021, 6:05:57 AM
dark-night (dark-night) sent /m2 1-11-2021, 6:05:59 AM
dark-night (dark-night) sent /s6 1-11-2021, 6:06:03 AM
dark-night (dark-night) sent /s3 1-11-2021, 6:06:05 AM
dark-night (dark-night) sent /s4 1-11-2021, 6:06:08 AM
dark-night (dark-night) sent /s5 1-11-2021, 6:06:15 AM
dark-night (dark-night) sent /s0 1-11-2021, 6:06:19 AM
dark-night (dark-night) sent /s9 1-11-2021, 6:06:24 AM
dark-night (dark-night) sent /suicide 1-11-2021, 6:08:05 AM
dark-night (dark-night) sent /lchat hahaha 1-11-2021, 6:11:30 AM
dark-night (dark-night) sent /suicie 1-11-2021, 6:18:05 AM
dark-night (dark-night) sent /suicide 1-11-2021, 6:18:22 AM
dark-night (dark-night) sent /suicide 1-11-2021, 6:34:53 AM
dark-night (dark-night) sent /s6 1-11-2021, 6:37:24 AM
dark-night (dark-night) sent /sell 1-11-2021, 6:38:45 AM
dark-night (dark-night) sent /s7 1-11-2021, 6:43:31 AM
dark-night (dark-night) sent /s3 1-11-2021, 6:43:34 AM
dark-night (dark-night) sent /s8 1-11-2021, 6:43:36 AM
dark-night (dark-night) sent /s8 1-11-2021, 6:43:38 AM
dark-night (dark-night) sent /s5 1-11-2021, 6:43:49 AM
dark-night (dark-night) sent /s5 1-11-2021, 6:43:52 AM
dark-night (dark-night) sent /s6 1-11-2021, 6:43:55 AM
dark-night (dark-night) sent /s7 1-11-2021, 6:57:05 AM
dark-night (dark-night) sent /s9 1-11-2021, 6:57:08 AM
dark-night (dark-night) sent /s0 1-11-2021, 6:57:10 AM
dark-night (dark-night) sent /s4 1-11-2021, 6:57:11 AM
dark-night (dark-night) sent /sf 1-11-2021, 6:58:24 AM
dark-night (dark-night) sent /s56 1-11-2021, 6:58:37 AM
dark-night (dark-night) sent /s6 1-11-2021, 6:58:39 AM
dark-night (dark-night) sent /s44 1-11-2021, 6:58:46 AM
dark-night (dark-night) sent /s31 1-11-2021, 6:59:03 AM
dark-night (dark-night) sent /s45 1-11-2021, 6:59:20 AM
dark-night (dark-night) sent /s50 1-11-2021, 7:15:09 AM
dark-night (dark-night) sent /s55 1-11-2021, 7:17:55 AM
dark-night (dark-night) sent /s45 1-11-2021, 7:37:43 AM
dark-night (dark-night) sent /s45 1-11-2021, 7:37:57 AM
dark-night (dark-night) sent /sel 1-11-2021, 7:43:16 AM
dark-night (dark-night) sent /sell 1-11-2021, 7:43:18 AM
dark-night (dark-night) sent /sell 1-11-2021, 7:43:58 AM
dark-night (dark-night) sent /sell 1-11-2021, 7:46:16 AM
dark-night (dark-night) sent /swll 1-11-2021, 7:48:17 AM
dark-night (dark-night) sent /sell 1-11-2021, 7:48:19 AM
dark-night (dark-night) sent /s45 1-11-2021, 7:51:18 AM
dark-night (dark-night) sent /s7 1-11-2021, 7:51:23 AM
dark-night (dark-night) sent /s56 1-11-2021, 7:51:31 AM
dark-night (dark-night) sent /s45 1-11-2021, 7:51:41 AM
dark-night (dark-night) sent /lchat hay 1-11-2021, 7:52:32 AM
dark-night (dark-night) sent /lchat hay 1-11-2021, 7:55:16 AM
dark-night (dark-night) sent /sl 1-11-2021, 7:57:07 AM
dark-night (dark-night) sent /sell 1-11-2021, 7:57:11 AM
dark-night (dark-night) sent /s45 1-11-2021, 7:57:38 AM
dark-night (dark-night) sent /join team stw lqib 1-11-2021, 8:00:39 AM
dark-night (dark-night) sent /join tteam stw lqib 1-11-2021, 8:01:24 AM
dark-night (dark-night) sent /jointeam stw lwib 1-11-2021, 8:01:56 AM
dark-night (dark-night) sent /jointeam stw lqib 1-11-2021, 8:02:27 AM
dark-night (dark-night) sent /s45 1-11-2021, 8:41:54 AM
dark-night (dark-night) sent /s57 1-11-2021, 8:46:19 AM
dark-night (dark-night) sent /s57 1-11-2021, 8:46:26 AM
dark-night (dark-night) sent /s45 1-11-2021, 8:46:32 AM
dark-night (dark-night) sent /s54 1-11-2021, 8:47:39 AM
dark-night (dark-night) sent /sell 1-11-2021, 8:48:07 AM
dark-night (dark-night) sent /suicide 1-11-2021, 8:54:36 AM
dark-night (dark-night) sent /suicide 1-11-2021, 8:55:54 AM
dark-night (dark-night) sent /t aa 1-11-2021, 8:59:56 AM
dark-night (dark-night) sent /s45 1-11-2021, 9:03:30 AM
dark-night (dark-night) sent /s57 1-11-2021, 9:03:41 AM
dark-night (dark-night) sent /s57 1-11-2021, 9:03:43 AM
dark-night (dark-night) sent /s57 1-11-2021, 9:03:44 AM
dark-night (dark-night) sent /s57 1-11-2021, 9:03:46 AM
dark-night (dark-night) sent /s57 1-11-2021, 9:03:48 AM
dark-night (dark-night) sent /s44 1-11-2021, 9:03:54 AM
dark-night (dark-night) sent /sell 1-11-2021, 9:11:51 AM
dark-night (dark-night) sent /sl 1-11-2021, 9:12:14 AM
dark-night (dark-night) sent /sll 1-11-2021, 9:12:16 AM
dark-night (dark-night) sent /sell 1-11-2021, 9:12:22 AM
dark-night (dark-night) sent /wll 1-11-2021, 9:13:04 AM
dark-night (dark-night) sent /sell 1-11-2021, 9:13:06 AM
dark-night (dark-night) sent /sell 1-11-2021, 9:13:15 AM
dark-night (dark-night) sent /lchat aaaaaa 1-11-2021, 12:15:49 PM
dark-night (dark-night) sent /lchat lol 1-11-2021, 12:15:52 PM
dark-night (dark-night) sent /s8 1-11-2021, 12:15:57 PM
dark-night (dark-night) sent /s45 1-11-2021, 12:16:02 PM
dark-night (dark-night) sent /s39 1-11-2021, 12:16:10 PM
dark-night (dark-night) sent /s33 1-11-2021, 12:16:19 PM
dark-night (dark-night) sent /s31 1-11-2021, 12:16:27 PM
dark-night (dark-night) sent /sell 1-11-2021, 12:20:03 PM
dark-night (dark-night) sent /s45 1-11-2021, 12:22:56 PM
dark-night (dark-night) sent /s45 1-11-2021, 12:23:46 PM
dark-night (dark-night) sent /lchat yeah 1-11-2021, 12:24:13 PM
dark-night (dark-night) sent /s49 1-11-2021, 12:24:44 PM
dark-night (dark-night) sent /lchat 33, 34, 21.  1-11-2021, 12:26:09 PM
dark-night (dark-night) sent /lchat yeah 1-11-2021, 12:27:26 PM
dark-night (dark-night) sent /lchat hahaha 1-11-2021, 12:33:09 PM
dark-night (dark-night) sent /sell 1-11-2021, 12:37:38 PM
dark-night (dark-night) sent /t icide 1-11-2021, 12:40:54 PM
dark-night (dark-night) sent /suicide 1-11-2021, 12:41:05 PM
dark-night (dark-night) sent /sell 1-11-2021, 12:50:53 PM
dark-night (dark-night) sent /sell 1-11-2021, 12:51:06 PM
dark-night (dark-night) sent /sl 1-11-2021, 12:52:38 PM
dark-night (dark-night) sent /sl 1-11-2021, 12:57:17 PM
dark-night (dark-night) sent /s45 1-11-2021, 12:57:25 PM
dark-night (dark-night) sent /sell 1-11-2021, 12:57:28 PM
dark-night (dark-night) sent /sell 1-11-2021, 12:57:40 PM
dark-night (dark-night) sent /sell 1-11-2021, 12:58:03 PM
dark-night (dark-night) sent /sell 1-11-2021, 12:58:35 PM
dark-night (dark-night) sent /sell 1-11-2021, 1:02:36 PM
dark-night (dark-night) sent /sell 1-11-2021, 1:02:44 PM
dark-night (dark-night) sent /sell 1-11-2021, 1:02:54 PM
dark-night (dark-night) sent /sell 1-11-2021, 1:03:46 PM
dark-night (dark-night) sent /sell 1-11-2021, 1:03:56 PM
dark-night (dark-night) sent /sell 1-11-2021, 1:04:14 PM
dark-night (dark-night) sent /sell 1-11-2021, 1:04:20 PM
dark-night (dark-night) sent /s45 1-11-2021, 1:06:47 PM
dark-night (dark-night) sent /s33 1-11-2021, 1:10:27 PM
dark-night (dark-night) sent /sell 1-11-2021, 1:12:18 PM
dark-night (dark-night) sent /s31 1-11-2021, 1:12:36 PM
dark-night (dark-night) sent /s44 1-11-2021, 1:15:07 PM
dark-night (dark-night) sent /lchat aaaaaaaa 1-11-2021, 4:56:06 PM
dark-night (dark-night) sent /sell 1-11-2021, 4:57:24 PM
dark-night (dark-night) sent /bid 50 1-11-2021, 4:58:13 PM
dark-night (dark-night) sent /bid 500 1-11-2021, 4:58:15 PM
dark-night (dark-night) sent /lchat oh thankl 1-11-2021, 4:58:51 PM
dark-night (dark-night) sent /bid 50 1-11-2021, 4:58:58 PM
dark-night (dark-night) sent /s45 1-11-2021, 5:04:40 PM
dark-night (dark-night) sent /lchat oh thank 1-11-2021, 5:05:17 PM
dark-night (dark-night) sent /suicide 1-11-2021, 5:05:25 PM
dark-night (dark-night) sent /suicide 1-11-2021, 5:13:32 PM
dark-night (dark-night) sent /sell 1-11-2021, 5:17:46 PM
dark-night (dark-night) sent /sell 1-11-2021, 5:28:11 PM
dark-night (dark-night) sent /suicide 1-11-2021, 5:33:53 PM
dark-night (dark-night) sent /suicide 1-11-2021, 5:43:04 PM
dark-night (dark-night) sent /s44 1-11-2021, 5:43:38 PM
dark-night (dark-night) sent /s45 1-11-2021, 5:43:43 PM
dark-night (dark-night) sent /s57 1-11-2021, 5:47:32 PM
dark-night (dark-night) sent /s45 1-11-2021, 5:47:36 PM
dark-night (dark-night) sent /lchat hay 1-11-2021, 5:47:39 PM
dark-night (dark-night) sent /s7 1-11-2021, 5:47:47 PM
dark-night (dark-night) sent /s57 1-11-2021, 5:47:51 PM
dark-night (dark-night) sent /s15 1-11-2021, 5:47:55 PM
dark-night (dark-night) sent /s55 1-11-2021, 5:47:58 PM
dark-night (dark-night) sent /s44 1-11-2021, 5:48:02 PM
dark-night (dark-night) sent /s56 1-11-2021, 5:48:04 PM
dark-night (dark-night) sent /s33 1-11-2021, 5:48:14 PM
dark-night (dark-night) sent /suicide 1-11-2021, 5:48:45 PM
dark-night (dark-night) sent /lchat hay 1-11-2021, 10:46:33 PM
dark-night (dark-night) sent /suicide 1-11-2021, 11:02:53 PM
dark-night (dark-night) sent /sell 1-11-2021, 11:17:08 PM
dark-night (dark-night) sent /sell 1-11-2021, 11:17:17 PM
dark-night (dark-night) sent /sell 1-11-2021, 11:17:24 PM
dark-night (dark-night) sent /sell 1-11-2021, 11:17:33 PM
dark-night (dark-night) sent /sell 1-11-2021, 11:19:33 PM
dark-night (dark-night) sent /sell 1-11-2021, 11:19:52 PM
dark-night (dark-night) sent /lchat fuck 1-11-2021, 11:36:08 PM
dark-night (dark-night) sent /lchat 2000 hand_grenades purchased] 1-11-2021, 11:36:54 PM