
roflgamer (blindgamers14) said hahhahh 2-11-2021, 4:21:04 AM
roflgamer (blindgamers14) said ha, copters bug not working here 2-11-2021, 4:22:07 AM
roflgamer (blindgamers14) said ha ha 2-11-2021, 4:24:32 AM
roflgamer (blindgamers14) said you have to wait, you can use this item every 20 seconds.! 2-11-2021, 4:24:44 AM
roflgamer (blindgamers14) said nope 2-11-2021, 4:26:13 AM
roflgamer (blindgamers14) said i just try it not working 2-11-2021, 4:26:24 AM
roflgamer (blindgamers14) said you will stuck ahahahh 2-11-2021, 4:27:00 AM
roflgamer (blindgamers14) said lets try with other 2-11-2021, 4:27:17 AM
roflgamer (blindgamers14) said misils bug also not work hahahh 2-11-2021, 4:28:05 AM
roflgamer (blindgamers14) said hit my missile 2-11-2021, 4:28:16 AM
roflgamer (blindgamers14) said suicide_bombs are not allowed there! 2-11-2021, 4:29:50 AM
roflgamer (blindgamers14) said cool turret 2-11-2021, 4:30:09 AM
roflgamer (blindgamers14) said s 2-11-2021, 4:30:30 AM
roflgamer (blindgamers14) said yeah 2-11-2021, 4:30:43 AM
roflgamer (blindgamers14) said unable to edit this map 2-11-2021, 4:31:20 AM
roflgamer (blindgamers14) said where 2-11-2021, 4:31:28 AM
roflgamer (blindgamers14) said what name 2-11-2021, 4:31:32 AM
roflgamer (blindgamers14) said roflshelter 2-11-2021, 4:32:17 AM
roflgamer (blindgamers14) said oh 2-11-2021, 4:32:26 AM
roflgamer (blindgamers14) said tell coordinats hh 2-11-2021, 4:32:40 AM
roflgamer (blindgamers14) said you have a total of 5 shelters in your possession 2-11-2021, 4:32:44 AM
roflgamer (blindgamers14) said want see hehehh 2-11-2021, 4:32:54 AM
roflgamer (blindgamers14) said s 2-11-2021, 4:33:09 AM
roflgamer (blindgamers14) said warp 2-11-2021, 4:33:40 AM
roflgamer (blindgamers14) said 500, 214, 0. 2-11-2021, 4:34:12 AM
roflgamer (blindgamers14) said 500 0 0? 2-11-2021, 4:34:36 AM
roflgamer (blindgamers14) said llyou are not allowed to enter this shelter. 2-11-2021, 4:35:23 AM
roflgamer (blindgamers14) said see 2-11-2021, 4:35:30 AM
roflgamer (blindgamers14) said allow access hehehh 2-11-2021, 4:35:59 AM
roflgamer (blindgamers14) said incorrect code.
what would you like to do 2-11-2021, 4:36:36 AM
roflgamer (blindgamers14) said now chek 2-11-2021, 4:37:34 AM
roflgamer (blindgamers14) said faforit item 6 set to shield 2-11-2021, 4:42:58 AM
roflgamer (blindgamers14) said hahahh 2-11-2021, 4:43:20 AM
roflgamer (blindgamers14) said the computer is off 2-11-2021, 4:43:37 AM
roflgamer (blindgamers14) said 20000 aircrafts have been added to the shopping cart
what would you like to do now? 2-11-2021, 4:44:25 AM
roflgamer (blindgamers14) said the server has been up for 5 hours, 39 minutes and 23 seconds 2-11-2021, 4:47:02 AM
roflgamer (blindgamers14) said not 2-11-2021, 4:47:20 AM
roflgamer (blindgamers14) said connecting the server, please wait! 2-11-2021, 4:47:40 AM
roflgamer (blindgamers14) said hoa 2-11-2021, 4:47:54 AM
roflgamer (blindgamers14) said error  dialog  the server is down: please again try later... 2-11-2021, 4:48:00 AM
roflgamer (blindgamers14) said s 2-11-2021, 4:48:55 AM
roflgamer (blindgamers14) said now server moved to u s? 2-11-2021, 4:49:11 AM
roflgamer (blindgamers14) said A new update for Revenge of the Undead was just detected. Your version: 0.4.23. Required version: <html>
<head><title>404 Not Found</title></head>
<body>
<center><h1>404 Not Found</h1></center>
<hr><center>openresty</center>
</body>
</html>
. Description: <html>
<head><title>404 Not Found</title></head>
<body>
<center><h1>404 Not Found</h1></center>
<hr><center>openresty</center>
</body>
</html> 2-11-2021, 4:49:36 AM
roflgamer (blindgamers14) said nope 2-11-2021, 4:49:51 AM
roflgamer (blindgamers14) said Login as blindgamers14 2-11-2021, 4:50:05 AM
roflgamer (blindgamers14) said thanks 2-11-2021, 4:50:31 AM
roflgamer (blindgamers14) said ll 2-11-2021, 4:50:48 AM
roflgamer (blindgamers14) said no 2-11-2021, 4:51:28 AM
roflgamer (blindgamers14) said max 8 2-11-2021, 4:51:32 AM
roflgamer (blindgamers14) said yeh 2-11-2021, 4:51:43 AM
roflgamer (blindgamers14) said you are not leader of this team. please tell your team leader (killer3000) to update the password. 2-11-2021, 4:52:01 AM
roflgamer (blindgamers14) said 12? 2-11-2021, 4:52:16 AM
roflgamer (blindgamers14) said or more 2-11-2021, 4:52:22 AM
roflgamer (blindgamers14) said oh thats good 2-11-2021, 4:52:51 AM
roflgamer (blindgamers14) said hoa 2-11-2021, 4:53:13 AM
roflgamer (blindgamers14) said launch robot hh 2-11-2021, 4:53:31 AM
roflgamer (blindgamers14) said how many members 2-11-2021, 4:53:48 AM
roflgamer (blindgamers14) said oo!h 2-11-2021, 4:54:02 AM
roflgamer (blindgamers14) said the feet does not take ammo 2-11-2021, 4:54:31 AM
roflgamer (blindgamers14) said musicmisc2.ogg 2-11-2021, 4:54:50 AM
roflgamer (blindgamers14) said no game 2-11-2021, 4:55:22 AM
roflgamer (blindgamers14) said hahahh 2-11-2021, 4:55:24 AM
roflgamer (blindgamers14) said turret, 147 2-11-2021, 4:56:19 AM
roflgamer (blindgamers14) said only developers and admins can upload files to the server 2-11-2021, 4:57:01 AM
roflgamer (blindgamers14) said i want upload sound hh 2-11-2021, 4:57:15 AM
roflgamer (blindgamers14) said ha ha 2-11-2021, 4:57:45 AM
roflgamer (blindgamers14) said how/ 2-11-2021, 4:58:17 AM
roflgamer (blindgamers14) said hh 2-11-2021, 4:58:19 AM
roflgamer (blindgamers14) said oh oh  2-11-2021, 4:58:52 AM
roflgamer (blindgamers14) said 3 admins. bolgelo, magistral,  and vinni 2-11-2021, 4:59:06 AM
roflgamer (blindgamers14) said vinni, last logged in 9 hours ago 2-11-2021, 4:59:17 AM
roflgamer (blindgamers14) said minzaw, last logged in 10 hours ago 2-11-2021, 4:59:42 AM
roflgamer (blindgamers14) said what game 2-11-2021, 4:59:53 AM
roflgamer (blindgamers14) said rooflkasdf 2-11-2021, 4:59:59 AM
roflgamer (blindgamers14) said i want source of this tk hh 2-11-2021, 5:00:09 AM
roflgamer (blindgamers14) said  /chars 2-11-2021, 5:00:35 AM
roflgamer (blindgamers14) said there are 179 characters on the server 2-11-2021, 5:00:42 AM
roflgamer (blindgamers14) said silak, last logged in 3 weeks ago 2-11-2021, 5:01:08 AM
roflgamer (blindgamers14) said bye 2-11-2021, 5:01:16 AM
roflgamer (blindgamers14) said oirofl 2-11-2021, 5:59:46 AM
roflgamer (blindgamers14) said uh ha 2-11-2021, 6:01:14 AM
roflgamer (blindgamers14) said it say something whenn rong 2-11-2021, 6:02:48 AM
roflgamer (blindgamers14) said Skype cannot be used for emergency calling. 2-11-2021, 6:04:36 AM
roflgamer (blindgamers14) said My info, Active  button 2-11-2021, 6:04:47 AM
roflgamer (blindgamers14) said come my shleter 2-11-2021, 6:07:17 AM
roflgamer (blindgamers14) said shelter 2-11-2021, 6:07:24 AM
roflgamer (blindgamers14) said Something went wrong - Google Chrome - mridho (mrido(profile1)) 2-11-2021, 6:08:24 AM
roflgamer (blindgamers14) said Your profile has been updated.  Your profile has been updated. 2-11-2021, 6:23:19 AM
roflgamer (blindgamers14) said Calliope Version 3.3.1. By Nathan Tech (playing https://r1---sn-poqvn5u-jb3r.googlevideo.com/videoplayback?expire=1613033993&ei=qZ0kYJmFMfKy8QPW9L7YAQ&ip=120.188.4.242&id=o-AHkN0YljA0dRnVvppdq9N3v7EHO4ckbfPGynpSsHMsDe&itag=249&source=youtube&requiressl=yes&mh=rv&mm=31%2C26&mn=sn-poqvn5u-jb3r%2Csn-i3belnez&ms=au%2Conr&mv=m&mvi=1&pl=22&initcwndbps=213750&vprv=1&mime=audio%2Fwebm&ns=xF13y3FDvZZ4kTuDo3gIjnEF&gir=yes&clen=2196793&dur=342.181&lmt=1582168621513689&mt=1613011732&fvip=1&keepalive=yes&c=WEB&txp=5531432&n=9fm9MVRNxqFYx3Uc&sparams=expire%2Cei%2Cip%2Cid%2Citag%2Csource%2Crequiressl%2Cvprv%2Cmime%2Cns%2Cgir%2Cclen%2Cdur%2Clmt&lsparams=mh%2Cmm%2Cmn%2Cms%2Cmv%2Cmvi%2Cpl%2Cinitcwndbps&lsig=AG3C_xAwRQIhAKfDrZHAZ7JqRn-W1Qigguj3ZlkDhrr4dUllNwQy7AuIAiAD3EX9ce23IXDAmlh76pHh3XtgQRWye8DppLJa61-muQ%3D%3D&sig=AOq0QJ8wRAIgdZYUrl-Q6Ej1ruU0yAUvWn3QK459QRm57xCllY1uvFMCIBLkBzAK9XyUfZPuxKxqXDJOB28OHW_IQTfMy5sJtvff&ratebypass=yes) 2-11-2021, 7:00:52 AM
roflgamer (blindgamers14) said System Information, App, Press right to switch preview  1 of 5 2-11-2021, 7:12:02 AM
roflgamer (blindgamers14) said hahahh 2-11-2021, 7:15:38 AM
roflgamer (blindgamers14) said Calliope Version 3.3.1. By Nathan Tech (streaming Avicii - The Nights) 2-11-2021, 7:18:49 AM
roflgamer (blindgamers14) said c:\user\ 2-11-2021, 7:20:45 AM
roflgamer (blindgamers14) said Source language:  combo box  Automatically detect language  collapsed 2-11-2021, 7:24:59 AM
roflgamer (blindgamers14) said Keep your phone connected
WhatsApp connects to your phone to sync messages. To reduce data usage, connect your phone to Wi-Fi.
WhatsApp is available for Windows. Get it here. 2-11-2021, 7:30:21 AM
roflgamer (blindgamers14) said roofl 2-11-2021, 7:32:33 AM
roflgamer (blindgamers14) said wat 2-11-2021, 7:33:03 AM
roflgamer (blindgamers14) said asffdas 2-11-2021, 7:33:08 AM
roflgamer (blindgamers14) said tihs things must die 2-11-2021, 7:54:55 AM
roflgamer (blindgamers14) said great 2-11-2021, 7:55:44 AM
roflgamer (blindgamers14) said ha 2-11-2021, 2:20:16 PM
roflgamer (blindgamers14) said this tk is better 2-11-2021, 2:20:27 PM
roflgamer (blindgamers14) said yeah 2-11-2021, 2:20:32 PM
roflgamer (blindgamers14) said find this shelter! The hello shelter has been created! 2-11-2021, 2:21:56 PM
roflgamer (blindgamers14) said roofl 2-11-2021, 2:22:03 PM
roflgamer (blindgamers14) said your tasing small projectile smacked sgamer! 2-11-2021, 2:23:47 PM
roflgamer (blindgamers14) said your tasing small projectile smacked sgamer! 2-11-2021, 2:25:41 PM
roflgamer (blindgamers14) said   2-11-2021, 2:25:54 PM
roflgamer (blindgamers14) said the mymansion shelter belonging to tsunami with 2692000 health is above, in front and a little ways off to the left, 15 feet away. 2-11-2021, 2:25:58 PM
roflgamer (blindgamers14) said you have 20 of 20 ammo in your sky_28_laser, and you have 377 bullets remaining 2-11-2021, 2:26:22 PM
roflgamer (blindgamers14) said sorry, can't start this game 2-11-2021, 2:31:35 PM
roflgamer (blindgamers14) said only developers and admins can upload files to the server 2-11-2021, 2:31:52 PM
roflgamer (blindgamers14) said why not make it public aa 2-11-2021, 2:32:09 PM
roflgamer (blindgamers14) said nope 2-11-2021, 2:32:47 PM
roflgamer (blindgamers14) said welcome back to the masters team! 2-11-2021, 2:33:29 PM
roflgamer (blindgamers14) said lasy ah 2-11-2021, 2:33:59 PM
roflgamer (blindgamers14) said maybe later 2-11-2021, 2:34:04 PM
roflgamer (blindgamers14) said ok 2-11-2021, 2:34:45 PM
roflgamer (blindgamers14) said sucks i can't acess my local server 2-11-2021, 2:35:25 PM
roflgamer (blindgamers14) said acess 2-11-2021, 2:35:30 PM
roflgamer (blindgamers14) said access 2-11-2021, 2:35:37 PM
roflgamer (blindgamers14) said ssh not connect 2-11-2021, 2:35:55 PM
roflgamer (blindgamers14) said dont nko why 2-11-2021, 2:36:01 PM
roflgamer (blindgamers14) said help what 2-11-2021, 2:36:44 PM
roflgamer (blindgamers14) said where is that shelter hh 2-11-2021, 2:37:11 PM
roflgamer (blindgamers14) said lets distroy 2-11-2021, 2:37:17 PM
roflgamer (blindgamers14) said roofl 2-11-2021, 2:39:01 PM