
rockstar99 (elijah) sent /r kk 2-11-2021, 11:49:22 AM
rockstar99 (elijah) sent /r how to climb 2-11-2021, 11:50:05 AM
rockstar99 (elijah) sent /suicide 2-11-2021, 11:51:23 AM
rockstar99 (elijah) sent /r ok ok 2-11-2021, 11:51:39 AM
rockstar99 (elijah) sent /lchat k 2-11-2021, 11:52:26 AM
rockstar99 (elijah) sent /lchat wait 2-11-2021, 11:54:14 AM
rockstar99 (elijah) sent /lchat i will show you one way 2-11-2021, 11:54:20 AM
rockstar99 (elijah) sent /r i know cheet coat 2-11-2021, 11:55:06 AM
rockstar99 (elijah) sent /r dollar 2-11-2021, 11:55:20 AM
rockstar99 (elijah) sent /lchat lol 2-11-2021, 11:56:22 AM
rockstar99 (elijah) sent /lchat so 2-11-2021, 11:56:29 AM
rockstar99 (elijah) sent /lchat you also know right? 2-11-2021, 11:56:35 AM
rockstar99 (elijah) sent /lchat aaaaaaaaaa 2-11-2021, 11:56:46 AM
rockstar99 (elijah) sent /lchat but don't tell any one 2-11-2021, 11:57:04 AM
rockstar99 (elijah) sent /r newbie rockstar99:   but don't tell any one 2-11-2021, 11:57:28 AM
rockstar99 (elijah) sent /r coin, 450973794 2-11-2021, 11:57:38 AM
rockstar99 (elijah) sent /r do you know fast funning speed cheet coat 2-11-2021, 11:58:14 AM
rockstar99 (elijah) sent /r running 2-11-2021, 11:58:20 AM
rockstar99 (elijah) sent /r i think killer3000 know this 2-11-2021, 11:58:59 AM
rockstar99 (elijah) sent /lchat zulfikar, 1 2-11-2021, 11:59:32 AM
rockstar99 (elijah) sent /lchat is it good? 2-11-2021, 11:59:37 AM
rockstar99 (elijah) sent /lchat so sad 2-11-2021, 12:00:07 PM
rockstar99 (elijah) sent /lchat now are you at home? 2-11-2021, 12:00:32 PM
rockstar99 (elijah) sent /lchat ok 2-11-2021, 12:00:58 PM
rockstar99 (elijah) sent /lchat i have a new tk 2-11-2021, 12:01:26 PM
rockstar99 (elijah) sent /lchat wait 2-11-2021, 12:01:54 PM
rockstar99 (elijah) sent /lchat mihail's productions presents! 2-11-2021, 12:02:56 PM
rockstar99 (elijah) sent /lchat noe 2-11-2021, 12:03:38 PM
rockstar99 (elijah) sent /lchat dtd 2-11-2021, 12:03:42 PM
rockstar99 (elijah) sent /lchat running 2-11-2021, 12:04:08 PM
rockstar99 (elijah) sent /lchat http://www.darkserver.ru/tkmiha/tk.zip 2-11-2021, 12:04:43 PM
rockstar99 (elijah) sent /lchat do you have tk 7.1? 2-11-2021, 12:04:57 PM
rockstar99 (elijah) sent /lchat oh 2-11-2021, 12:05:30 PM
rockstar99 (elijah) sent /lchat oh 2-11-2021, 12:05:41 PM
rockstar99 (elijah) sent /lchat who is developer 2-11-2021, 12:05:46 PM
rockstar99 (elijah) sent /lchat oh ok 2-11-2021, 12:06:27 PM
rockstar99 (elijah) sent /lchat http://www.darkserver.ru/tk/sounds.dat 2-11-2021, 12:06:47 PM
rockstar99 (elijah) sent /lchat oh 2-11-2021, 12:07:44 PM
rockstar99 (elijah) sent /lchat http://www.darkserver.ru/tkmiha/sounds.dat 2-11-2021, 12:08:18 PM
rockstar99 (elijah) sent /t hi 2-11-2021, 12:08:43 PM
rockstar99 (elijah) sent /t fine bro 2-11-2021, 12:08:53 PM
rockstar99 (elijah) sent /t you? 2-11-2021, 12:09:06 PM
rockstar99 (elijah) sent /t k 2-11-2021, 12:09:16 PM
rockstar99 (elijah) sent /lchat haha 2-11-2021, 12:09:27 PM
rockstar99 (elijah) sent /lchat wao 2-11-2021, 12:09:36 PM
rockstar99 (elijah) sent /lchat fast speed 2-11-2021, 12:09:41 PM
rockstar99 (elijah) sent /gnsubmit 44 2-11-2021, 12:14:17 PM
rockstar99 (elijah) sent /lchat what the 2-11-2021, 12:17:18 PM
rockstar99 (elijah) sent /suicide 2-11-2021, 12:19:45 PM
rockstar99 (elijah) sent /notify fihgt 2-11-2021, 12:20:45 PM