
rockstar99 (elijah) said oh hi bro 2-11-2021, 11:41:05 AM
rockstar99 (elijah) said server will open one week 2-11-2021, 11:41:25 AM
rockstar99 (elijah) said ek 2-11-2021, 11:41:41 AM
rockstar99 (elijah) said e k 2-11-2021, 11:41:43 AM
rockstar99 (elijah) said ranbo. stainer. snow flate. me and minduy 2-11-2021, 11:42:39 AM
rockstar99 (elijah) said your right bro 2-11-2021, 11:43:02 AM
rockstar99 (elijah) said i don't like him 2-11-2021, 11:43:16 AM
rockstar99 (elijah) said we told istek give admin rangh to you 2-11-2021, 11:43:37 AM
rockstar99 (elijah) said sure bro 2-11-2021, 11:44:31 AM
rockstar99 (elijah) said but we like you 2-11-2021, 11:44:37 AM
rockstar99 (elijah) said you are fair 2-11-2021, 11:44:53 AM
rockstar99 (elijah) said ok 2-11-2021, 11:45:12 AM
rockstar99 (elijah) said ok wait 2-11-2021, 11:45:50 AM
rockstar99 (elijah) said they are sleeping 2-11-2021, 11:46:43 AM
rockstar99 (elijah) said haha 2-11-2021, 11:46:45 AM
rockstar99 (elijah) said boring 2-11-2021, 11:46:48 AM
rockstar99 (elijah) said -50000000 2-11-2021, 11:47:19 AM
rockstar99 (elijah) said ok ok 2-11-2021, 11:48:56 AM
rockstar99 (elijah) said how to climb 2-11-2021, 11:49:40 AM
rockstar99 (elijah) said aaaaaaaaaaaasasaososoas 2-11-2021, 11:51:55 AM
rockstar99 (elijah) said aaaaaa 2-11-2021, 12:09:59 PM
rockstar99 (elijah) said a song 2-11-2021, 12:11:09 PM
rockstar99 (elijah) said http://blindzone.eu/tk_2.00.0.zip 2-11-2021, 12:13:21 PM
rockstar99 (elijah) said sorry, you can't play this game. game not active 2-11-2021, 12:14:20 PM
rockstar99 (elijah) said type /garbage 2-11-2021, 12:15:46 PM
rockstar99 (elijah) said hahaha 2-11-2021, 12:15:51 PM
rockstar99 (elijah) said lol 2-11-2021, 12:18:16 PM
rockstar99 (elijah) said hi  2-11-2021, 12:21:58 PM