
darkfrent (darkfrent) said hi 8-31-2020, 1:07:15 AM
darkfrent (darkfrent) said hi 8-31-2020, 10:44:42 PM
darkfrent (darkfrent) said как тебя зовут 8-31-2020, 10:46:16 PM
darkfrent (darkfrent) said ааа  8-31-2020, 10:47:03 PM
darkfrent (darkfrent) said а чего в тк 8-31-2020, 10:47:14 PM
darkfrent (darkfrent) said играешь 8-31-2020, 10:47:19 PM
darkfrent (darkfrent) said тэстишь? 8-31-2020, 10:47:25 PM
darkfrent (darkfrent) said он может щас зайти 8-31-2020, 10:48:54 PM
darkfrent (darkfrent) said а ты в тимталке есть 8-31-2020, 10:49:20 PM
darkfrent (darkfrent) said приложение для общчения незрячих в принцепе 8-31-2020, 10:49:54 PM
darkfrent (darkfrent) said ну и для всяких конференций 8-31-2020, 10:50:05 PM
darkfrent (darkfrent) said там есть сервера вообщем крутая штука 8-31-2020, 10:50:20 PM
darkfrent (darkfrent) said аааа знаю 8-31-2020, 10:50:42 PM
darkfrent (darkfrent) said и как тебе играеться 8-31-2020, 10:51:06 PM
darkfrent (darkfrent) said ну давай попробуем 8-31-2020, 10:51:39 PM
darkfrent (darkfrent) said го в клетку 8-31-2020, 10:52:43 PM
darkfrent (darkfrent) said за мной иди 8-31-2020, 10:52:49 PM
darkfrent (darkfrent) said уууу 8-31-2020, 10:53:07 PM
darkfrent (darkfrent) said хилиться надо 8-31-2020, 10:53:12 PM
darkfrent (darkfrent) said у тебя она русифицыраванная 8-31-2020, 10:53:39 PM
darkfrent (darkfrent) said ааа да у него чтото комп лагает 8-31-2020, 10:54:04 PM
darkfrent (darkfrent) said какой 8-31-2020, 10:54:12 PM
darkfrent (darkfrent) said да 8-31-2020, 10:54:17 PM
darkfrent (darkfrent) said я могу дать 8-31-2020, 10:54:32 PM
darkfrent (darkfrent) said только как где 8-31-2020, 10:54:37 PM
darkfrent (darkfrent) said хах он кривой 8-31-2020, 10:55:18 PM
darkfrent (darkfrent) said ага 8-31-2020, 10:55:42 PM
darkfrent (darkfrent) said так на каком ты её каналле нашёл 8-31-2020, 10:56:30 PM
darkfrent (darkfrent) said ютуб? 8-31-2020, 10:57:05 PM
darkfrent (darkfrent) said типа в коменте или видосом 8-31-2020, 10:57:27 PM
darkfrent (darkfrent) said нармально 8-31-2020, 10:58:24 PM
darkfrent (darkfrent) said боты все 8-31-2020, 10:59:08 PM
darkfrent (darkfrent) said много всяких 8-31-2020, 10:59:18 PM
darkfrent (darkfrent) said а сколько тебе  лет кстати 8-31-2020, 10:59:27 PM
darkfrent (darkfrent) said аа 8-31-2020, 10:59:47 PM
darkfrent (darkfrent) said тоесть 8-31-2020, 11:00:29 PM
darkfrent (darkfrent) said каким 8-31-2020, 11:00:32 PM
darkfrent (darkfrent) said понятно 8-31-2020, 11:00:58 PM
darkfrent (darkfrent) said аааа 8-31-2020, 11:01:11 PM
darkfrent (darkfrent) said ты в рассии 8-31-2020, 11:01:45 PM
darkfrent (darkfrent) said живёшь 8-31-2020, 11:01:53 PM
darkfrent (darkfrent) said а город 8-31-2020, 11:01:59 PM
darkfrent (darkfrent) said я в славянске 8-31-2020, 11:02:29 PM
darkfrent (darkfrent) said а я в каменское на зборы по плаванью езжу 8-31-2020, 11:03:17 PM
darkfrent (darkfrent) said за днепром 8-31-2020, 11:03:23 PM
darkfrent (darkfrent) said ну я думаю знаешь 8-31-2020, 11:03:29 PM
darkfrent (darkfrent) said инвоспорт 8-31-2020, 11:03:36 PM
darkfrent (darkfrent) said как так 8-31-2020, 11:04:11 PM
darkfrent (darkfrent) said получилось 8-31-2020, 11:04:17 PM
darkfrent (darkfrent) said в зале 8-31-2020, 11:04:35 PM
darkfrent (darkfrent) said ? 8-31-2020, 11:04:39 PM
darkfrent (darkfrent) said ого 8-31-2020, 11:04:46 PM
darkfrent (darkfrent) said и как без последствей 8-31-2020, 11:04:55 PM
darkfrent (darkfrent) said я по зрению 8-31-2020, 11:05:23 PM
darkfrent (darkfrent) said хаха 8-31-2020, 11:05:29 PM
darkfrent (darkfrent) said я пытался играть d Counter-Strike 1.6 8-31-2020, 11:05:52 PM
darkfrent (darkfrent) said в 8-31-2020, 11:05:59 PM
darkfrent (darkfrent) said да 8-31-2020, 11:06:16 PM
darkfrent (darkfrent) said не слышно шагов 8-31-2020, 11:06:22 PM
darkfrent (darkfrent) said хах 8-31-2020, 11:06:41 PM
darkfrent (darkfrent) said не понятно когда и куда идёш 8-31-2020, 11:06:54 PM
darkfrent (darkfrent) said эти игры на разных движках зделаны если я правильно сказал 8-31-2020, 11:07:22 PM
darkfrent (darkfrent) said я просто тоже этим чуть чуть увликаюсь 8-31-2020, 11:07:46 PM
darkfrent (darkfrent) said разработкой 8-31-2020, 11:07:51 PM
darkfrent (darkfrent) said я больше по телефонам 8-31-2020, 11:08:10 PM
darkfrent (darkfrent) said у меня у брата собака есть лобродор а я на гитаре играю и пою 8-31-2020, 11:09:12 PM
darkfrent (darkfrent) said хах 8-31-2020, 11:09:20 PM
darkfrent (darkfrent) said я б наверно кошку хотел 8-31-2020, 11:10:29 PM
darkfrent (darkfrent) said да не 8-31-2020, 11:10:56 PM
darkfrent (darkfrent) said канкасив гранэйт 8-31-2020, 11:12:39 PM
darkfrent (darkfrent) said ага 8-31-2020, 11:12:45 PM
darkfrent (darkfrent) said подкидует 8-31-2020, 11:12:49 PM
darkfrent (darkfrent) said ага 8-31-2020, 11:13:07 PM
darkfrent (darkfrent) said да 8-31-2020, 11:13:13 PM
darkfrent (darkfrent) said на 2 8-31-2020, 11:13:16 PM
darkfrent (darkfrent) said ага 8-31-2020, 11:13:25 PM
darkfrent (darkfrent) said да 8-31-2020, 11:13:55 PM
darkfrent (darkfrent) said все карты взрывает 8-31-2020, 11:14:02 PM
darkfrent (darkfrent) said хах 8-31-2020, 11:14:26 PM
darkfrent (darkfrent) said у тебя пк илиноут 8-31-2020, 11:14:37 PM
darkfrent (darkfrent) said а процесор какой незнаешь 8-31-2020, 11:15:02 PM
darkfrent (darkfrent) said эх хороший 8-31-2020, 11:15:38 PM
darkfrent (darkfrent) said гта тянет на изи я думаю 8-31-2020, 11:15:47 PM
darkfrent (darkfrent) said интелселирон 8-31-2020, 11:15:57 PM
darkfrent (darkfrent) said хах ага 8-31-2020, 11:16:20 PM
darkfrent (darkfrent) said к с ели тянет 8-31-2020, 11:16:32 PM
darkfrent (darkfrent) said есть омлайн игры есть офлайн 8-31-2020, 11:17:04 PM
darkfrent (darkfrent) said гонки 8-31-2020, 11:17:14 PM
darkfrent (darkfrent) said логические 8-31-2020, 11:17:33 PM
darkfrent (darkfrent) said стрилялки 8-31-2020, 11:17:41 PM
darkfrent (darkfrent) said рпг 8-31-2020, 11:17:53 PM
darkfrent (darkfrent) said вообщем есть но много англисских 8-31-2020, 11:18:04 PM
darkfrent (darkfrent) said хм 8-31-2020, 11:18:22 PM
darkfrent (darkfrent) said подума 8-31-2020, 11:18:28 PM
darkfrent (darkfrent) said ю 8-31-2020, 11:18:30 PM
darkfrent (darkfrent) said tbr 8-31-2020, 11:19:00 PM
darkfrent (darkfrent) said бегаешь убиваешь всех качаешь уровень  8-31-2020, 11:19:31 PM
darkfrent (darkfrent) said не 8-31-2020, 11:19:36 PM
darkfrent (darkfrent) said оф 8-31-2020, 11:19:38 PM
darkfrent (darkfrent) said только я хз где её достать 8-31-2020, 11:20:13 PM
darkfrent (darkfrent) said мне её архивом адва 8-31-2020, 11:20:20 PM