
nikita-k (nikita-k) said looooool 8-31-2020, 9:52:38 AM
nikita-k (nikita-k) said ahahhahahahahahaaaaaaaaaaaaaa 8-31-2020, 9:52:53 AM
nikita-k (nikita-k) said hiiiiiiiiii 8-31-2020, 10:20:08 AM
nikita-k (nikita-k) said xd 8-31-2020, 10:25:37 AM
nikita-k (nikita-k) said  /pm 8-31-2020, 1:43:51 PM
nikita-k (nikita-k) said ok 8-31-2020, 2:04:36 PM
nikita-k (nikita-k) said это ивент 8-31-2020, 2:06:01 PM
nikita-k (nikita-k) said вводи /joinevent 3554 8-31-2020, 2:06:48 PM
nikita-k (nikita-k) said ahaha 8-31-2020, 2:15:05 PM
nikita-k (nikita-k) said aa 8-31-2020, 2:24:16 PM
nikita-k (nikita-k) said wowowowowooww 8-31-2020, 2:28:02 PM
nikita-k (nikita-k) said da 8-31-2020, 2:28:14 PM
nikita-k (nikita-k) said ф 8-31-2020, 2:28:22 PM
nikita-k (nikita-k) said я завершил 8-31-2020, 2:28:26 PM
nikita-k (nikita-k) said я ухожу 8-31-2020, 2:28:31 PM
nikita-k (nikita-k) said пока что 8-31-2020, 2:28:34 PM
shockwave (nikita-k) said hi 8-31-2020, 4:21:29 PM
shockwave (nikita-k) said hi 8-31-2020, 4:21:38 PM
shockwave (nikita-k) said lol 8-31-2020, 4:21:41 PM
shockwave (nikita-k) said да тут же можно ники менять 8-31-2020, 4:22:27 PM
shockwave (nikita-k) said да /nickname новый ник 8-31-2020, 4:23:15 PM
shockwave (nikita-k) said q 8-31-2020, 4:25:04 PM
shockwave (nikita-k) said yes 8-31-2020, 4:26:23 PM
shockwave (nikita-k) said да ну зачем 8-31-2020, 4:27:18 PM
nikita-k (nikita-k) said test 8-31-2020, 4:27:26 PM
nikita-k (nikita-k) said no 8-31-2020, 4:30:51 PM
nikita-k (nikita-k) said whatt 8-31-2020, 4:34:43 PM
nikita-k (nikita-k) said whaaaat 8-31-2020, 4:34:54 PM
nikita-k (nikita-k) said no 8-31-2020, 5:02:06 PM
nikita-k (nikita-k) said да просто исправил баг 8-31-2020, 5:22:58 PM