
spay (spay) sent /go 5 39 1 8-31-2020, 1:27:52 PM
spay (spay) sent /go 5 30 1 8-31-2020, 1:28:03 PM
spay (spay) sent /join 5769 8-31-2020, 1:30:33 PM
spay (spay) sent /joinevent 5769 8-31-2020, 1:30:46 PM
spay (spay) sent /joinevent 3554 8-31-2020, 1:32:11 PM
spay (spay) sent /go 137 14 1 8-31-2020, 1:38:15 PM
spay (spay) sent /go 137 11 1 8-31-2020, 1:38:41 PM
spay (spay) sent /go 111 11 1 8-31-2020, 1:39:05 PM
spay (spay) sent /go 166 46 1 8-31-2020, 1:44:27 PM
spay (spay) sent /go 168 32 1//go 1 1 1  8-31-2020, 1:47:44 PM
spay (spay) sent /go 16//go 1 1 1  8-31-2020, 1:48:41 PM
spay (spay) sent /go 0 10 1 8-31-2020, 1:50:10 PM
spay (spay) sent /go 1 1 1  8-31-2020, 1:50:22 PM
spay (spay) sent /go 0 19 1 8-31-2020, 1:51:05 PM
spay (spay) sent /go 0 10 1 8-31-2020, 1:51:13 PM
spay (spay) sent /go 165 0 1 8-31-2020, 1:52:06 PM
spay (spay) sent /go 55 0 1 8-31-2020, 1:53:42 PM
spay (spay) sent /go 1 1 1 8-31-2020, 1:55:02 PM
spay (spay) sent /go 111 1 1 8-31-2020, 1:55:22 PM
spay (spay) sent /go 155 1 1 8-31-2020, 2:07:27 PM
spay (spay) sent /go 155 1 1  8-31-2020, 2:07:51 PM
spay (spay) sent /a 8-31-2020, 2:10:13 PM
spay (spay) sent /go 0 10 1 8-31-2020, 2:15:44 PM
spay (spay) sent /go 0 10 1 8-31-2020, 2:17:17 PM
spay (spay) sent /go 200 1 0 8-31-2020, 2:17:38 PM
spay (spay) sent /go 1 1 1111111111 8-31-2020, 2:25:34 PM
spay (spay) sent /go 1 1 1 8-31-2020, 2:26:01 PM
spay (spay) sent /go 1 1 1 store 8-31-2020, 4:26:31 PM
spay (spay) sent /go 1 1 1 8-31-2020, 4:29:45 PM
spay (spay) sent /go 1 1 1  8-31-2020, 4:31:09 PM
spay (spay) sent /go 1 `1 1 8-31-2020, 4:44:35 PM
spay (spay) sent /go 1 1 15 8-31-2020, 4:44:41 PM
spay (spay) sent /go 1 1 111111 8-31-2020, 5:00:09 PM
spay (spay) sent /go 1 1 -1 8-31-2020, 5:00:24 PM
spay (spay) sent /go 10 10 15 8-31-2020, 5:04:03 PM
spay (spay) sent /go 10 10 15 lern 8-31-2020, 5:04:14 PM
spay (spay) sent /go 1 15 1 store 8-31-2020, 5:05:05 PM
spay (spay) sent /go 0 30 1 8-31-2020, 5:06:06 PM
spay (spay) sent /go 1 1 1 store 8-31-2020, 5:06:36 PM
spay (spay) sent /go 0 30 1 8-31-2020, 5:06:42 PM
spay (spay) sent /go 0 30 0 8-31-2020, 5:07:09 PM
spay (spay) sent /go 0 30 1 8-31-2020, 5:08:10 PM
spay (spay) sent /go 1 1 1 store 8-31-2020, 5:09:55 PM
spay (spay) sent /go 25 25 1 8-31-2020, 5:12:07 PM
spay (spay) sent /go 55 55 1 8-31-2020, 5:12:17 PM
spay (spay) sent /go 25 25 1 8-31-2020, 5:12:38 PM
spay (spay) sent /go 25 25 1 8-31-2020, 5:13:30 PM
spay (spay) sent /go 25 25 1 8-31-2020, 5:14:08 PM
spay (spay) sent /go 5 30 1 8-31-2020, 7:57:34 PM
spay (spay) sent /go 0 30 1 8-31-2020, 7:59:24 PM
spay (spay) sent /go 0 30 1 store 8-31-2020, 7:59:35 PM
spay (spay) sent /GO 0 30 1 8-31-2020, 8:00:13 PM
spay (spay) sent /GO 0 30 1 8-31-2020, 8:00:20 PM
spay (spay) sent /go 0 30 0 8-31-2020, 8:00:54 PM
spay (spay) sent /go 0 30 1 8-31-2020, 8:01:15 PM
spay (spay) sent /go 0 30 1 8-31-2020, 8:02:03 PM
spay (spay) sent /go 0 30 0 8-31-2020, 8:04:49 PM
spay (spay) sent /go 0 30 1 8-31-2020, 8:06:29 PM
spay (spay) sent /go 0 30 1 8-31-2020, 8:08:03 PM
spay (spay) sent /go 0 30 1 8-31-2020, 8:09:02 PM
spay (spay) sent /go 9 30 1 8-31-2020, 8:09:29 PM
spay (spay) sent /go 0 30 1 8-31-2020, 8:09:56 PM
spay (spay) sent /go 0 30 1\ 8-31-2020, 8:10:19 PM